Traceback (most recent call last):
  File "/mnt/home/sswee/yolk/Yolk-Sac-Flow-Data-and-Sim/gnn_clean/scripts/python/run_ac_distensibility_profile_task.py", line 194, in <module>
    main()
  File "/mnt/home/sswee/yolk/Yolk-Sac-Flow-Data-and-Sim/gnn_clean/scripts/python/run_ac_distensibility_profile_task.py", line 131, in main
    representative = select_representative(step2_root, args.representative_label)
                     ^^^^^^^^^^^^^^^^^^^^^^^^^^^^^^^^^^^^^^^^^^^^^^^^^^^^^^^^^^^^
  File "/mnt/home/sswee/yolk/Yolk-Sac-Flow-Data-and-Sim/gnn_clean/scripts/python/run_ac_distensibility_profile_task.py", line 78, in select_representative
    rows = read_rows(reps_path)
           ^^^^^^^^^^^^^^^^^^^^
  File "/mnt/home/sswee/yolk/Yolk-Sac-Flow-Data-and-Sim/gnn_clean/scripts/python/run_ac_distensibility_profile_task.py", line 49, in read_rows
    with path.open("r", newline="", encoding="utf-8") as handle:
         ^^^^^^^^^^^^^^^^^^^^^^^^^^^^^^^^^^^^^^^^^^^^
  File "/mnt/home/sswee/miniforge3/envs/yolk-sac/lib/python3.11/pathlib.py", line 1044, in open
    return io.open(self, mode, buffering, encoding, errors, newline)
           ^^^^^^^^^^^^^^^^^^^^^^^^^^^^^^^^^^^^^^^^^^^^^^^^^^^^^^^^^
FileNotFoundError: [Errno 2] No such file or directory: '/mnt/home/sswee/yolk/Yolk-Sac-Flow-Data-and-Sim/gnn_clean/outputs_canonical_norm/ac/02_physics_weight_sweep/H1/ac_physics_weight_representatives.csv'
Traceback (most recent call last):
  File "/mnt/home/sswee/yolk/Yolk-Sac-Flow-Data-and-Sim/gnn_clean/scripts/python/run_ac_distensibility_alpha_profiles.py", line 215, in <module>
    main()
  File "/mnt/home/sswee/yolk/Yolk-Sac-Flow-Data-and-Sim/gnn_clean/scripts/python/run_ac_distensibility_alpha_profiles.py", line 200, in main
    subprocess.run(cmd, check=True)
  File "/mnt/home/sswee/miniforge3/envs/yolk-sac/lib/python3.11/subprocess.py", line 571, in run
    raise CalledProcessError(retcode, process.args,
subprocess.CalledProcessError: Command '['/mnt/home/sswee/miniforge3/envs/yolk-sac/bin/python', '/mnt/home/sswee/yolk/Yolk-Sac-Flow-Data-and-Sim/gnn_clean/scripts/python/run_ac_distensibility_profile_task.py', '--step2-root', '/mnt/home/sswee/yolk/Yolk-Sac-Flow-Data-and-Sim/gnn_clean/outputs_canonical_norm/ac/02_physics_weight_sweep/H1', '--output-root', '/mnt/home/sswee/yolk/Yolk-Sac-Flow-Data-and-Sim/gnn_clean/outputs_canonical_norm/ac/03_distensibility_alpha_profiles/H1', '--harmonic-number', '1', '--representative-label', 'F1', '--graph-path', '/mnt/home/sswee/yolk/Yolk-Sac-Flow-Data-and-Sim/gnn_clean/datasets/mosaic_graph_norm_canonical.gpickle', '--arterial-boundary-mode', 'per_tip_highest_snr', '--venous-boundary-mode', 'rebalance_to_sources', '--task-id', '28', '--alpha-values', '0', '1', '2', '--d0-values', '1e-06', '1.25892541179e-06', '1.58489319246e-06', '1.99526231497e-06', '2.51188643151e-06', '3.16227766017e-06', '3.98107170553e-06', '5.01187233627e-06', '6.3095734448e-06', '7.94328234724e-06', '1e-05', '1.25892541179e-05', '1.58489319246e-05', '1.99526231497e-05', '2.51188643151e-05', '3.16227766017e-05', '3.98107170553e-05', '5.01187233627e-05', '6.3095734448e-05', '7.94328234724e-05', '0.0001', '0.000125892541179', '0.000158489319246', '0.000199526231497', '0.000251188643151', '0.000316227766017', '0.000398107170553', '0.000501187233627', '0.00063095734448', '0.000794328234724', '0.001', '0.00125892541179', '0.00158489319246', '0.00199526231497', '0.00251188643151', '0.00316227766017', '0.00398107170553', '0.00501187233627', '0.0063095734448', '0.00794328234724', '0.01', '0.0125892541179', '0.0158489319246', '0.0199526231497', '0.0251188643151', '0.0316227766017', '0.0398107170553', '0.0501187233627', '0.063095734448', '0.0794328234724', '0.1', '--python-bin', '/mnt/home/sswee/miniforge3/envs/yolk-sac/bin/python', '--overwrite']' returned non-zero exit status 1.
ERROR conda.cli.main_run:execute(148): `conda run python scripts/python/run_ac_distensibility_alpha_profiles.py --graph-path datasets/mosaic_graph_norm_canonical.gpickle --step2-root outputs_canonical_norm/ac/02_physics_weight_sweep --output-root outputs_canonical_norm/ac/03_distensibility_alpha_profiles --harmonic-numbers 1 --representative-labels F1 B1 K1 --arterial-boundary-mode per_tip_highest_snr --venous-boundary-mode rebalance_to_sources --num-shards 459 --shard-index 28` failed. (See above for error)
Shard 29/459: 1 of 459 AC distensibility-profile runs
[run] /mnt/home/sswee/miniforge3/envs/yolk-sac/bin/python /mnt/home/sswee/yolk/Yolk-Sac-Flow-Data-and-Sim/gnn_clean/scripts/python/run_ac_distensibility_profile_task.py --step2-root /mnt/home/sswee/yolk/Yolk-Sac-Flow-Data-and-Sim/gnn_clean/outputs_canonical_norm/ac/02_physics_weight_sweep/H1 --output-root /mnt/home/sswee/yolk/Yolk-Sac-Flow-Data-and-Sim/gnn_clean/outputs_canonical_norm/ac/03_distensibility_alpha_profiles/H1 --harmonic-number 1 --representative-label F1 --graph-path /mnt/home/sswee/yolk/Yolk-Sac-Flow-Data-and-Sim/gnn_clean/datasets/mosaic_graph_norm_canonical.gpickle --arterial-boundary-mode per_tip_highest_snr --venous-boundary-mode rebalance_to_sources --task-id 28 --alpha-values 0 1 2 --d0-values 1e-06 1.25892541179e-06 1.58489319246e-06 1.99526231497e-06 2.51188643151e-06 3.16227766017e-06 3.98107170553e-06 5.01187233627e-06 6.3095734448e-06 7.94328234724e-06 1e-05 1.25892541179e-05 1.58489319246e-05 1.99526231497e-05 2.51188643151e-05 3.16227766017e-05 3.98107170553e-05 5.01187233627e-05 6.3095734448e-05 7.94328234724e-05 0.0001 0.000125892541179 0.000158489319246 0.000199526231497 0.000251188643151 0.000316227766017 0.000398107170553 0.000501187233627 0.00063095734448 0.000794328234724 0.001 0.00125892541179 0.00158489319246 0.00199526231497 0.00251188643151 0.00316227766017 0.00398107170553 0.00501187233627 0.0063095734448 0.00794328234724 0.01 0.0125892541179 0.0158489319246 0.0199526231497 0.0251188643151 0.0316227766017 0.0398107170553 0.0501187233627 0.063095734448 0.0794328234724 0.1 --python-bin /mnt/home/sswee/miniforge3/envs/yolk-sac/bin/python --overwrite
