[info] DC Step 2 canonical sweep uses fixed lambda_B=100.0 for both the outer boundary loss and the reduced pressure-solver boundary constraint.

GNN flow training:   0%|          | 0/100 [00:00<?, ?epoch/s]
GNN flow training:   0%|          | 0/100 [00:06<?, ?epoch/s, best=1.761e-01, sign=0.161, train=1.762e-01, val=1.761e-01]
GNN flow training:   1%|          | 1/100 [00:06<10:22,  6.29s/epoch, best=1.761e-01, sign=0.161, train=1.762e-01, val=1.761e-01]
GNN flow training:   1%|          | 1/100 [00:12<10:22,  6.29s/epoch, best=1.761e-01, sign=0.160, train=1.759e-01, val=1.759e-01]
GNN flow training:   2%|▏         | 2/100 [00:12<10:04,  6.16s/epoch, best=1.761e-01, sign=0.160, train=1.759e-01, val=1.759e-01]
GNN flow training:   2%|▏         | 2/100 [00:18<10:04,  6.16s/epoch, best=1.759e-01, sign=0.160, train=1.757e-01, val=1.755e-01]
GNN flow training:   3%|▎         | 3/100 [00:18<09:52,  6.11s/epoch, best=1.759e-01, sign=0.160, train=1.757e-01, val=1.755e-01]
GNN flow training:   3%|▎         | 3/100 [00:24<09:52,  6.11s/epoch, best=1.755e-01, sign=0.160, train=1.753e-01, val=1.753e-01]
GNN flow training:   4%|▍         | 4/100 [00:24<09:43,  6.08s/epoch, best=1.755e-01, sign=0.160, train=1.753e-01, val=1.753e-01]
GNN flow training:   4%|▍         | 4/100 [00:30<09:43,  6.08s/epoch, best=1.753e-01, sign=0.159, train=1.751e-01, val=1.754e-01]
GNN flow training:   5%|▌         | 5/100 [00:30<09:37,  6.08s/epoch, best=1.753e-01, sign=0.159, train=1.751e-01, val=1.754e-01]
GNN flow training:   5%|▌         | 5/100 [00:36<09:37,  6.08s/epoch, best=1.753e-01, sign=0.159, train=1.752e-01, val=1.753e-01]
GNN flow training:   6%|▌         | 6/100 [00:36<09:31,  6.08s/epoch, best=1.753e-01, sign=0.159, train=1.752e-01, val=1.753e-01]
GNN flow training:   6%|▌         | 6/100 [00:42<09:31,  6.08s/epoch, best=1.753e-01, sign=0.160, train=1.751e-01, val=1.747e-01]
GNN flow training:   7%|▋         | 7/100 [00:42<09:27,  6.10s/epoch, best=1.753e-01, sign=0.160, train=1.751e-01, val=1.747e-01]
GNN flow training:   7%|▋         | 7/100 [00:48<09:27,  6.10s/epoch, best=1.747e-01, sign=0.159, train=1.744e-01, val=1.744e-01]
GNN flow training:   8%|▊         | 8/100 [00:48<09:18,  6.07s/epoch, best=1.747e-01, sign=0.159, train=1.744e-01, val=1.744e-01]
GNN flow training:   8%|▊         | 8/100 [00:54<09:18,  6.07s/epoch, best=1.744e-01, sign=0.158, train=1.741e-01, val=1.735e-01]
GNN flow training:   9%|▉         | 9/100 [00:54<09:12,  6.07s/epoch, best=1.744e-01, sign=0.158, train=1.741e-01, val=1.735e-01]
GNN flow training:   9%|▉         | 9/100 [01:00<09:12,  6.07s/epoch, best=1.735e-01, sign=0.158, train=1.733e-01, val=1.736e-01]
GNN flow training:  10%|█         | 10/100 [01:00<09:03,  6.04s/epoch, best=1.735e-01, sign=0.158, train=1.733e-01, val=1.736e-01]
GNN flow training:  10%|█         | 10/100 [01:06<09:03,  6.04s/epoch, best=1.735e-01, sign=0.157, train=1.734e-01, val=1.736e-01]
GNN flow training:  11%|█         | 11/100 [01:06<08:56,  6.03s/epoch, best=1.735e-01, sign=0.157, train=1.734e-01, val=1.736e-01]
GNN flow training:  11%|█         | 11/100 [01:12<08:56,  6.03s/epoch, best=1.735e-01, sign=0.156, train=1.733e-01, val=1.732e-01]
GNN flow training:  12%|█▏        | 12/100 [01:12<08:49,  6.01s/epoch, best=1.735e-01, sign=0.156, train=1.733e-01, val=1.732e-01]
GNN flow training:  12%|█▏        | 12/100 [01:18<08:49,  6.01s/epoch, best=1.732e-01, sign=0.155, train=1.729e-01, val=1.733e-01]
GNN flow training:  13%|█▎        | 13/100 [01:18<08:42,  6.01s/epoch, best=1.732e-01, sign=0.155, train=1.729e-01, val=1.733e-01]
GNN flow training:  13%|█▎        | 13/100 [01:24<08:42,  6.01s/epoch, best=1.732e-01, sign=0.155, train=1.731e-01, val=1.732e-01]
GNN flow training:  14%|█▍        | 14/100 [01:24<08:35,  6.00s/epoch, best=1.732e-01, sign=0.155, train=1.731e-01, val=1.732e-01]
GNN flow training:  14%|█▍        | 14/100 [01:30<08:35,  6.00s/epoch, best=1.732e-01, sign=0.155, train=1.730e-01, val=1.734e-01]
GNN flow training:  15%|█▌        | 15/100 [01:30<08:30,  6.00s/epoch, best=1.732e-01, sign=0.155, train=1.730e-01, val=1.734e-01]
GNN flow training:  15%|█▌        | 15/100 [01:36<08:30,  6.00s/epoch, best=1.732e-01, sign=0.155, train=1.731e-01, val=1.735e-01]
GNN flow training:  16%|█▌        | 16/100 [01:36<08:23,  6.00s/epoch, best=1.732e-01, sign=0.155, train=1.731e-01, val=1.735e-01]
GNN flow training:  16%|█▌        | 16/100 [01:42<08:23,  6.00s/epoch, best=1.732e-01, sign=0.155, train=1.733e-01, val=1.731e-01]
GNN flow training:  17%|█▋        | 17/100 [01:42<08:18,  6.01s/epoch, best=1.732e-01, sign=0.155, train=1.733e-01, val=1.731e-01]
GNN flow training:  17%|█▋        | 17/100 [01:48<08:18,  6.01s/epoch, best=1.731e-01, sign=0.155, train=1.729e-01, val=1.730e-01]
GNN flow training:  18%|█▊        | 18/100 [01:48<08:11,  5.99s/epoch, best=1.731e-01, sign=0.155, train=1.729e-01, val=1.730e-01]
GNN flow training:  18%|█▊        | 18/100 [01:54<08:11,  5.99s/epoch, best=1.730e-01, sign=0.156, train=1.728e-01, val=1.728e-01]
GNN flow training:  19%|█▉        | 19/100 [01:54<08:04,  5.98s/epoch, best=1.730e-01, sign=0.156, train=1.728e-01, val=1.728e-01]
GNN flow training:  19%|█▉        | 19/100 [02:00<08:04,  5.98s/epoch, best=1.728e-01, sign=0.157, train=1.725e-01, val=1.724e-01]
GNN flow training:  20%|██        | 20/100 [02:00<07:59,  6.00s/epoch, best=1.728e-01, sign=0.157, train=1.725e-01, val=1.724e-01]
GNN flow training:  20%|██        | 20/100 [02:06<07:59,  6.00s/epoch, best=1.724e-01, sign=0.157, train=1.722e-01, val=1.728e-01]
GNN flow training:  21%|██        | 21/100 [02:06<07:53,  6.00s/epoch, best=1.724e-01, sign=0.157, train=1.722e-01, val=1.728e-01]
GNN flow training:  21%|██        | 21/100 [02:12<07:53,  6.00s/epoch, best=1.724e-01, sign=0.158, train=1.726e-01, val=1.731e-01]
GNN flow training:  22%|██▏       | 22/100 [02:12<07:48,  6.01s/epoch, best=1.724e-01, sign=0.158, train=1.726e-01, val=1.731e-01]
GNN flow training:  22%|██▏       | 22/100 [02:18<07:48,  6.01s/epoch, best=1.724e-01, sign=0.158, train=1.728e-01, val=1.730e-01]
GNN flow training:  23%|██▎       | 23/100 [02:18<07:45,  6.05s/epoch, best=1.724e-01, sign=0.158, train=1.728e-01, val=1.730e-01]
GNN flow training:  23%|██▎       | 23/100 [02:24<07:45,  6.05s/epoch, best=1.724e-01, sign=0.158, train=1.728e-01, val=1.733e-01]
GNN flow training:  24%|██▍       | 24/100 [02:24<07:38,  6.03s/epoch, best=1.724e-01, sign=0.158, train=1.728e-01, val=1.733e-01]
GNN flow training:  24%|██▍       | 24/100 [02:30<07:38,  6.03s/epoch, best=1.724e-01, sign=0.158, train=1.731e-01, val=1.729e-01]
GNN flow training:  25%|██▌       | 25/100 [02:30<07:32,  6.03s/epoch, best=1.724e-01, sign=0.158, train=1.731e-01, val=1.729e-01]
GNN flow training:  25%|██▌       | 25/100 [02:36<07:32,  6.03s/epoch, best=1.724e-01, sign=0.158, train=1.727e-01, val=1.728e-01]
GNN flow training:  26%|██▌       | 26/100 [02:36<07:25,  6.02s/epoch, best=1.724e-01, sign=0.158, train=1.727e-01, val=1.728e-01]
GNN flow training:  26%|██▌       | 26/100 [02:42<07:25,  6.02s/epoch, best=1.724e-01, sign=0.158, train=1.726e-01, val=1.729e-01]
GNN flow training:  27%|██▋       | 27/100 [02:42<07:18,  6.00s/epoch, best=1.724e-01, sign=0.158, train=1.726e-01, val=1.729e-01]
GNN flow training:  27%|██▋       | 27/100 [02:48<07:18,  6.00s/epoch, best=1.724e-01, sign=0.157, train=1.727e-01, val=1.726e-01]
GNN flow training:  28%|██▊       | 28/100 [02:48<07:11,  6.00s/epoch, best=1.724e-01, sign=0.157, train=1.727e-01, val=1.726e-01]
GNN flow training:  28%|██▊       | 28/100 [02:54<07:11,  6.00s/epoch, best=1.724e-01, sign=0.157, train=1.723e-01, val=1.720e-01]
GNN flow training:  29%|██▉       | 29/100 [02:54<07:04,  5.98s/epoch, best=1.724e-01, sign=0.157, train=1.723e-01, val=1.720e-01]
GNN flow training:  29%|██▉       | 29/100 [03:00<07:04,  5.98s/epoch, best=1.720e-01, sign=0.156, train=1.717e-01, val=1.722e-01]
GNN flow training:  30%|███       | 30/100 [03:00<06:58,  5.98s/epoch, best=1.720e-01, sign=0.156, train=1.717e-01, val=1.722e-01]
GNN flow training:  30%|███       | 30/100 [03:06<06:58,  5.98s/epoch, best=1.720e-01, sign=0.156, train=1.719e-01, val=1.719e-01]
GNN flow training:  31%|███       | 31/100 [03:06<06:53,  5.99s/epoch, best=1.720e-01, sign=0.156, train=1.719e-01, val=1.719e-01]
GNN flow training:  31%|███       | 31/100 [03:12<06:53,  5.99s/epoch, best=1.719e-01, sign=0.156, train=1.716e-01, val=1.720e-01]
GNN flow training:  32%|███▏      | 32/100 [03:12<06:46,  5.98s/epoch, best=1.719e-01, sign=0.156, train=1.716e-01, val=1.720e-01]
GNN flow training:  32%|███▏      | 32/100 [03:18<06:46,  5.98s/epoch, best=1.719e-01, sign=0.156, train=1.718e-01, val=1.720e-01]
GNN flow training:  33%|███▎      | 33/100 [03:18<06:40,  5.98s/epoch, best=1.719e-01, sign=0.156, train=1.718e-01, val=1.720e-01]
GNN flow training:  33%|███▎      | 33/100 [03:24<06:40,  5.98s/epoch, best=1.719e-01, sign=0.156, train=1.718e-01, val=1.720e-01]
GNN flow training:  34%|███▍      | 34/100 [03:24<06:34,  5.97s/epoch, best=1.719e-01, sign=0.156, train=1.718e-01, val=1.720e-01]
GNN flow training:  34%|███▍      | 34/100 [03:30<06:34,  5.97s/epoch, best=1.719e-01, sign=0.156, train=1.717e-01, val=1.713e-01]
GNN flow training:  35%|███▌      | 35/100 [03:30<06:27,  5.97s/epoch, best=1.719e-01, sign=0.156, train=1.717e-01, val=1.713e-01]
GNN flow training:  35%|███▌      | 35/100 [03:36<06:27,  5.97s/epoch, best=1.713e-01, sign=0.155, train=1.711e-01, val=1.712e-01]
GNN flow training:  36%|███▌      | 36/100 [03:36<06:23,  5.99s/epoch, best=1.713e-01, sign=0.155, train=1.711e-01, val=1.712e-01]
GNN flow training:  36%|███▌      | 36/100 [03:42<06:23,  5.99s/epoch, best=1.712e-01, sign=0.156, train=1.709e-01, val=1.704e-01]
GNN flow training:  37%|███▋      | 37/100 [03:42<06:16,  5.98s/epoch, best=1.712e-01, sign=0.156, train=1.709e-01, val=1.704e-01]
GNN flow training:  37%|███▋      | 37/100 [03:48<06:16,  5.98s/epoch, best=1.704e-01, sign=0.156, train=1.701e-01, val=1.694e-01]
GNN flow training:  38%|███▊      | 38/100 [03:48<06:12,  6.01s/epoch, best=1.704e-01, sign=0.156, train=1.701e-01, val=1.694e-01]
GNN flow training:  38%|███▊      | 38/100 [03:54<06:12,  6.01s/epoch, best=1.694e-01, sign=0.154, train=1.691e-01, val=1.684e-01]
GNN flow training:  39%|███▉      | 39/100 [03:54<06:07,  6.02s/epoch, best=1.694e-01, sign=0.154, train=1.691e-01, val=1.684e-01]
GNN flow training:  39%|███▉      | 39/100 [04:00<06:07,  6.02s/epoch, best=1.684e-01, sign=0.155, train=1.681e-01, val=1.675e-01]
GNN flow training:  40%|████      | 40/100 [04:00<06:01,  6.02s/epoch, best=1.684e-01, sign=0.155, train=1.681e-01, val=1.675e-01]
GNN flow training:  40%|████      | 40/100 [04:06<06:01,  6.02s/epoch, best=1.675e-01, sign=0.154, train=1.672e-01, val=1.666e-01]
GNN flow training:  41%|████      | 41/100 [04:06<05:56,  6.05s/epoch, best=1.675e-01, sign=0.154, train=1.672e-01, val=1.666e-01]
GNN flow training:  41%|████      | 41/100 [04:12<05:56,  6.05s/epoch, best=1.666e-01, sign=0.154, train=1.663e-01, val=1.649e-01]
GNN flow training:  42%|████▏     | 42/100 [04:12<05:50,  6.05s/epoch, best=1.666e-01, sign=0.154, train=1.663e-01, val=1.649e-01]
GNN flow training:  42%|████▏     | 42/100 [04:18<05:50,  6.05s/epoch, best=1.649e-01, sign=0.154, train=1.645e-01, val=1.636e-01]
GNN flow training:  43%|████▎     | 43/100 [04:18<05:43,  6.03s/epoch, best=1.649e-01, sign=0.154, train=1.645e-01, val=1.636e-01]
GNN flow training:  43%|████▎     | 43/100 [04:24<05:43,  6.03s/epoch, best=1.636e-01, sign=0.152, train=1.632e-01, val=1.609e-01]
GNN flow training:  44%|████▍     | 44/100 [04:24<05:38,  6.05s/epoch, best=1.636e-01, sign=0.152, train=1.632e-01, val=1.609e-01]
GNN flow training:  44%|████▍     | 44/100 [04:31<05:38,  6.05s/epoch, best=1.609e-01, sign=0.153, train=1.605e-01, val=1.581e-01]
GNN flow training:  45%|████▌     | 45/100 [04:31<05:33,  6.07s/epoch, best=1.609e-01, sign=0.153, train=1.605e-01, val=1.581e-01]
GNN flow training:  45%|████▌     | 45/100 [04:37<05:33,  6.07s/epoch, best=1.581e-01, sign=0.153, train=1.576e-01, val=1.560e-01]
GNN flow training:  46%|████▌     | 46/100 [04:37<05:27,  6.06s/epoch, best=1.581e-01, sign=0.153, train=1.576e-01, val=1.560e-01]
GNN flow training:  46%|████▌     | 46/100 [04:43<05:27,  6.06s/epoch, best=1.560e-01, sign=0.153, train=1.554e-01, val=1.533e-01]
GNN flow training:  47%|████▋     | 47/100 [04:43<05:23,  6.09s/epoch, best=1.560e-01, sign=0.153, train=1.554e-01, val=1.533e-01]
GNN flow training:  47%|████▋     | 47/100 [04:49<05:23,  6.09s/epoch, best=1.533e-01, sign=0.153, train=1.527e-01, val=1.498e-01]
GNN flow training:  48%|████▊     | 48/100 [04:49<05:16,  6.09s/epoch, best=1.533e-01, sign=0.153, train=1.527e-01, val=1.498e-01]
GNN flow training:  48%|████▊     | 48/100 [04:55<05:16,  6.09s/epoch, best=1.498e-01, sign=0.152, train=1.490e-01, val=1.458e-01]
GNN flow training:  49%|████▉     | 49/100 [04:55<05:09,  6.06s/epoch, best=1.498e-01, sign=0.152, train=1.490e-01, val=1.458e-01]
GNN flow training:  49%|████▉     | 49/100 [05:01<05:09,  6.06s/epoch, best=1.458e-01, sign=0.151, train=1.449e-01, val=1.425e-01]
GNN flow training:  50%|█████     | 50/100 [05:01<05:02,  6.06s/epoch, best=1.458e-01, sign=0.151, train=1.449e-01, val=1.425e-01]
GNN flow training:  50%|█████     | 50/100 [05:07<05:02,  6.06s/epoch, best=1.425e-01, sign=0.151, train=1.416e-01, val=1.413e-01]
GNN flow training:  51%|█████     | 51/100 [05:07<04:55,  6.04s/epoch, best=1.425e-01, sign=0.151, train=1.416e-01, val=1.413e-01]
GNN flow training:  51%|█████     | 51/100 [05:13<04:55,  6.04s/epoch, best=1.413e-01, sign=0.152, train=1.402e-01, val=1.391e-01]
GNN flow training:  52%|█████▏    | 52/100 [05:13<04:48,  6.02s/epoch, best=1.413e-01, sign=0.152, train=1.402e-01, val=1.391e-01]
GNN flow training:  52%|█████▏    | 52/100 [05:19<04:48,  6.02s/epoch, best=1.391e-01, sign=0.155, train=1.379e-01, val=1.339e-01]
GNN flow training:  53%|█████▎    | 53/100 [05:19<04:42,  6.01s/epoch, best=1.391e-01, sign=0.155, train=1.379e-01, val=1.339e-01]
GNN flow training:  53%|█████▎    | 53/100 [05:25<04:42,  6.01s/epoch, best=1.339e-01, sign=0.156, train=1.325e-01, val=1.353e-01]
GNN flow training:  54%|█████▍    | 54/100 [05:25<04:36,  6.01s/epoch, best=1.339e-01, sign=0.156, train=1.325e-01, val=1.353e-01]
GNN flow training:  54%|█████▍    | 54/100 [05:31<04:36,  6.01s/epoch, best=1.339e-01, sign=0.157, train=1.338e-01, val=1.322e-01]
GNN flow training:  55%|█████▌    | 55/100 [05:31<04:30,  6.00s/epoch, best=1.339e-01, sign=0.157, train=1.338e-01, val=1.322e-01]
GNN flow training:  55%|█████▌    | 55/100 [05:37<04:30,  6.00s/epoch, best=1.322e-01, sign=0.159, train=1.306e-01, val=1.282e-01]
GNN flow training:  56%|█████▌    | 56/100 [05:37<04:23,  6.00s/epoch, best=1.322e-01, sign=0.159, train=1.306e-01, val=1.282e-01]
GNN flow training:  56%|█████▌    | 56/100 [05:43<04:23,  6.00s/epoch, best=1.282e-01, sign=0.162, train=1.265e-01, val=1.246e-01]
GNN flow training:  57%|█████▋    | 57/100 [05:43<04:18,  6.01s/epoch, best=1.282e-01, sign=0.162, train=1.265e-01, val=1.246e-01]
GNN flow training:  57%|█████▋    | 57/100 [05:49<04:18,  6.01s/epoch, best=1.246e-01, sign=0.165, train=1.228e-01, val=1.236e-01]
GNN flow training:  58%|█████▊    | 58/100 [05:49<04:12,  6.01s/epoch, best=1.246e-01, sign=0.165, train=1.228e-01, val=1.236e-01]
GNN flow training:  58%|█████▊    | 58/100 [05:55<04:12,  6.01s/epoch, best=1.236e-01, sign=0.167, train=1.217e-01, val=1.229e-01]
GNN flow training:  59%|█████▉    | 59/100 [05:55<04:06,  6.01s/epoch, best=1.236e-01, sign=0.167, train=1.217e-01, val=1.229e-01]
GNN flow training:  59%|█████▉    | 59/100 [06:01<04:06,  6.01s/epoch, best=1.229e-01, sign=0.167, train=1.210e-01, val=1.234e-01]
GNN flow training:  60%|██████    | 60/100 [06:01<04:00,  6.00s/epoch, best=1.229e-01, sign=0.167, train=1.210e-01, val=1.234e-01]
GNN flow training:  60%|██████    | 60/100 [06:07<04:00,  6.00s/epoch, best=1.229e-01, sign=0.166, train=1.214e-01, val=1.245e-01]
GNN flow training:  61%|██████    | 61/100 [06:07<03:53,  5.99s/epoch, best=1.229e-01, sign=0.166, train=1.214e-01, val=1.245e-01]
GNN flow training:  61%|██████    | 61/100 [06:13<03:53,  5.99s/epoch, best=1.229e-01, sign=0.166, train=1.225e-01, val=1.270e-01]
GNN flow training:  62%|██████▏   | 62/100 [06:13<03:47,  5.99s/epoch, best=1.229e-01, sign=0.166, train=1.225e-01, val=1.270e-01]
GNN flow training:  62%|██████▏   | 62/100 [06:19<03:47,  5.99s/epoch, best=1.229e-01, sign=0.163, train=1.250e-01, val=1.306e-01]
GNN flow training:  63%|██████▎   | 63/100 [06:19<03:42,  6.00s/epoch, best=1.229e-01, sign=0.163, train=1.250e-01, val=1.306e-01]
GNN flow training:  63%|██████▎   | 63/100 [06:25<03:42,  6.00s/epoch, best=1.229e-01, sign=0.164, train=1.287e-01, val=1.330e-01]
GNN flow training:  64%|██████▍   | 64/100 [06:25<03:36,  6.01s/epoch, best=1.229e-01, sign=0.164, train=1.287e-01, val=1.330e-01]
GNN flow training:  64%|██████▍   | 64/100 [06:31<03:36,  6.01s/epoch, best=1.229e-01, sign=0.163, train=1.310e-01, val=1.332e-01]
GNN flow training:  65%|██████▌   | 65/100 [06:31<03:29,  5.99s/epoch, best=1.229e-01, sign=0.163, train=1.310e-01, val=1.332e-01]
GNN flow training:  65%|██████▌   | 65/100 [06:37<03:29,  5.99s/epoch, best=1.229e-01, sign=0.164, train=1.312e-01, val=1.299e-01]
GNN flow training:  66%|██████▌   | 66/100 [06:37<03:23,  5.98s/epoch, best=1.229e-01, sign=0.164, train=1.312e-01, val=1.299e-01]
GNN flow training:  66%|██████▌   | 66/100 [06:43<03:23,  5.98s/epoch, best=1.229e-01, sign=0.167, train=1.279e-01, val=1.263e-01]
GNN flow training:  67%|██████▋   | 67/100 [06:43<03:18,  6.00s/epoch, best=1.229e-01, sign=0.167, train=1.279e-01, val=1.263e-01]
GNN flow training:  67%|██████▋   | 67/100 [06:49<03:18,  6.00s/epoch, best=1.229e-01, sign=0.169, train=1.242e-01, val=1.236e-01]
GNN flow training:  68%|██████▊   | 68/100 [06:49<03:11,  5.99s/epoch, best=1.229e-01, sign=0.169, train=1.242e-01, val=1.236e-01]
GNN flow training:  68%|██████▊   | 68/100 [06:55<03:11,  5.99s/epoch, best=1.229e-01, sign=0.167, train=1.214e-01, val=1.269e-01]
GNN flow training:  69%|██████▉   | 69/100 [06:55<03:06,  6.00s/epoch, best=1.229e-01, sign=0.167, train=1.214e-01, val=1.269e-01]
GNN flow training:  69%|██████▉   | 69/100 [07:01<03:06,  6.00s/epoch, best=1.229e-01, sign=0.169, train=1.248e-01, val=1.250e-01]
GNN flow training:  70%|███████   | 70/100 [07:01<03:00,  6.01s/epoch, best=1.229e-01, sign=0.169, train=1.248e-01, val=1.250e-01]
GNN flow training:  70%|███████   | 70/100 [07:07<03:00,  6.01s/epoch, best=1.229e-01, sign=0.169, train=1.228e-01, val=1.236e-01]
GNN flow training:  71%|███████   | 71/100 [07:07<02:54,  6.00s/epoch, best=1.229e-01, sign=0.169, train=1.228e-01, val=1.236e-01]
GNN flow training:  71%|███████   | 71/100 [07:13<02:54,  6.00s/epoch, best=1.229e-01, sign=0.169, train=1.213e-01, val=1.226e-01]
GNN flow training:  72%|███████▏  | 72/100 [07:13<02:48,  6.01s/epoch, best=1.229e-01, sign=0.169, train=1.213e-01, val=1.226e-01]
GNN flow training:  72%|███████▏  | 72/100 [07:19<02:48,  6.01s/epoch, best=1.226e-01, sign=0.171, train=1.203e-01, val=1.208e-01]
GNN flow training:  73%|███████▎  | 73/100 [07:19<02:42,  6.02s/epoch, best=1.226e-01, sign=0.171, train=1.203e-01, val=1.208e-01]
GNN flow training:  73%|███████▎  | 73/100 [07:25<02:42,  6.02s/epoch, best=1.208e-01, sign=0.171, train=1.185e-01, val=1.196e-01]
GNN flow training:  74%|███████▍  | 74/100 [07:25<02:36,  6.03s/epoch, best=1.208e-01, sign=0.171, train=1.185e-01, val=1.196e-01]
GNN flow training:  74%|███████▍  | 74/100 [07:31<02:36,  6.03s/epoch, best=1.196e-01, sign=0.170, train=1.173e-01, val=1.204e-01]
GNN flow training:  75%|███████▌  | 75/100 [07:31<02:30,  6.03s/epoch, best=1.196e-01, sign=0.170, train=1.173e-01, val=1.204e-01]
GNN flow training:  75%|███████▌  | 75/100 [07:37<02:30,  6.03s/epoch, best=1.196e-01, sign=0.170, train=1.182e-01, val=1.212e-01]
GNN flow training:  76%|███████▌  | 76/100 [07:37<02:24,  6.01s/epoch, best=1.196e-01, sign=0.170, train=1.182e-01, val=1.212e-01]
GNN flow training:  76%|███████▌  | 76/100 [07:43<02:24,  6.01s/epoch, best=1.196e-01, sign=0.170, train=1.189e-01, val=1.218e-01]
GNN flow training:  77%|███████▋  | 77/100 [07:43<02:18,  6.02s/epoch, best=1.196e-01, sign=0.170, train=1.189e-01, val=1.218e-01]
GNN flow training:  77%|███████▋  | 77/100 [07:49<02:18,  6.02s/epoch, best=1.196e-01, sign=0.170, train=1.196e-01, val=1.221e-01]
GNN flow training:  78%|███████▊  | 78/100 [07:49<02:11,  6.00s/epoch, best=1.196e-01, sign=0.170, train=1.196e-01, val=1.221e-01]
GNN flow training:  78%|███████▊  | 78/100 [07:55<02:11,  6.00s/epoch, best=1.196e-01, sign=0.170, train=1.198e-01, val=1.217e-01]
GNN flow training:  79%|███████▉  | 79/100 [07:55<02:05,  5.99s/epoch, best=1.196e-01, sign=0.170, train=1.198e-01, val=1.217e-01]
GNN flow training:  79%|███████▉  | 79/100 [08:01<02:05,  5.99s/epoch, best=1.196e-01, sign=0.170, train=1.194e-01, val=1.210e-01]
GNN flow training:  80%|████████  | 80/100 [08:01<01:59,  5.99s/epoch, best=1.196e-01, sign=0.170, train=1.194e-01, val=1.210e-01]
GNN flow training:  80%|████████  | 80/100 [08:07<01:59,  5.99s/epoch, best=1.196e-01, sign=0.171, train=1.187e-01, val=1.191e-01]
GNN flow training:  81%|████████  | 81/100 [08:07<01:53,  5.98s/epoch, best=1.196e-01, sign=0.171, train=1.187e-01, val=1.191e-01]
GNN flow training:  81%|████████  | 81/100 [08:13<01:53,  5.98s/epoch, best=1.191e-01, sign=0.171, train=1.167e-01, val=1.195e-01]
GNN flow training:  82%|████████▏ | 82/100 [08:13<01:48,  6.01s/epoch, best=1.191e-01, sign=0.171, train=1.167e-01, val=1.195e-01]
GNN flow training:  82%|████████▏ | 82/100 [08:19<01:48,  6.01s/epoch, best=1.191e-01, sign=0.171, train=1.172e-01, val=1.194e-01]
GNN flow training:  83%|████████▎ | 83/100 [08:19<01:41,  5.99s/epoch, best=1.191e-01, sign=0.171, train=1.172e-01, val=1.194e-01]
GNN flow training:  83%|████████▎ | 83/100 [08:25<01:41,  5.99s/epoch, best=1.191e-01, sign=0.171, train=1.170e-01, val=1.180e-01]
GNN flow training:  84%|████████▍ | 84/100 [08:25<01:35,  5.99s/epoch, best=1.191e-01, sign=0.171, train=1.170e-01, val=1.180e-01]
GNN flow training:  84%|████████▍ | 84/100 [08:31<01:35,  5.99s/epoch, best=1.180e-01, sign=0.171, train=1.155e-01, val=1.186e-01]
GNN flow training:  85%|████████▌ | 85/100 [08:31<01:30,  6.01s/epoch, best=1.180e-01, sign=0.171, train=1.155e-01, val=1.186e-01]
GNN flow training:  85%|████████▌ | 85/100 [08:37<01:30,  6.01s/epoch, best=1.180e-01, sign=0.171, train=1.161e-01, val=1.205e-01]
GNN flow training:  86%|████████▌ | 86/100 [08:37<01:24,  6.01s/epoch, best=1.180e-01, sign=0.171, train=1.161e-01, val=1.205e-01]
GNN flow training:  86%|████████▌ | 86/100 [08:43<01:24,  6.01s/epoch, best=1.180e-01, sign=0.171, train=1.182e-01, val=1.218e-01]
GNN flow training:  87%|████████▋ | 87/100 [08:43<01:18,  6.02s/epoch, best=1.180e-01, sign=0.171, train=1.182e-01, val=1.218e-01]
GNN flow training:  87%|████████▋ | 87/100 [08:49<01:18,  6.02s/epoch, best=1.180e-01, sign=0.171, train=1.195e-01, val=1.203e-01]
GNN flow training:  88%|████████▊ | 88/100 [08:49<01:12,  6.01s/epoch, best=1.180e-01, sign=0.171, train=1.195e-01, val=1.203e-01]
GNN flow training:  88%|████████▊ | 88/100 [08:55<01:12,  6.01s/epoch, best=1.180e-01, sign=0.171, train=1.179e-01, val=1.193e-01]
GNN flow training:  89%|████████▉ | 89/100 [08:55<01:06,  6.02s/epoch, best=1.180e-01, sign=0.171, train=1.179e-01, val=1.193e-01]
GNN flow training:  89%|████████▉ | 89/100 [09:01<01:06,  6.02s/epoch, best=1.180e-01, sign=0.172, train=1.169e-01, val=1.172e-01]
GNN flow training:  90%|█████████ | 90/100 [09:01<01:00,  6.03s/epoch, best=1.180e-01, sign=0.172, train=1.169e-01, val=1.172e-01]
GNN flow training:  90%|█████████ | 90/100 [09:07<01:00,  6.03s/epoch, best=1.172e-01, sign=0.172, train=1.147e-01, val=1.194e-01]
GNN flow training:  91%|█████████ | 91/100 [09:07<00:54,  6.01s/epoch, best=1.172e-01, sign=0.172, train=1.147e-01, val=1.194e-01]
GNN flow training:  91%|█████████ | 91/100 [09:13<00:54,  6.01s/epoch, best=1.172e-01, sign=0.168, train=1.170e-01, val=1.230e-01]
GNN flow training:  92%|█████████▏| 92/100 [09:13<00:48,  6.02s/epoch, best=1.172e-01, sign=0.168, train=1.170e-01, val=1.230e-01]
GNN flow training:  92%|█████████▏| 92/100 [09:19<00:48,  6.02s/epoch, best=1.172e-01, sign=0.167, train=1.207e-01, val=1.264e-01]
GNN flow training:  93%|█████████▎| 93/100 [09:19<00:42,  6.02s/epoch, best=1.172e-01, sign=0.167, train=1.207e-01, val=1.264e-01]
GNN flow training:  93%|█████████▎| 93/100 [09:25<00:42,  6.02s/epoch, best=1.172e-01, sign=0.167, train=1.242e-01, val=1.288e-01]
GNN flow training:  94%|█████████▍| 94/100 [09:25<00:36,  6.01s/epoch, best=1.172e-01, sign=0.167, train=1.242e-01, val=1.288e-01]
GNN flow training:  94%|█████████▍| 94/100 [09:31<00:36,  6.01s/epoch, best=1.172e-01, sign=0.165, train=1.266e-01, val=1.305e-01]
GNN flow training:  95%|█████████▌| 95/100 [09:31<00:30,  6.02s/epoch, best=1.172e-01, sign=0.165, train=1.266e-01, val=1.305e-01]
GNN flow training:  95%|█████████▌| 95/100 [09:37<00:30,  6.02s/epoch, best=1.172e-01, sign=0.165, train=1.283e-01, val=1.300e-01]
GNN flow training:  96%|█████████▌| 96/100 [09:37<00:24,  6.01s/epoch, best=1.172e-01, sign=0.165, train=1.283e-01, val=1.300e-01]
GNN flow training:  96%|█████████▌| 96/100 [09:43<00:24,  6.01s/epoch, best=1.172e-01, sign=0.167, train=1.278e-01, val=1.260e-01]
GNN flow training:  97%|█████████▋| 97/100 [09:43<00:18,  6.01s/epoch, best=1.172e-01, sign=0.167, train=1.278e-01, val=1.260e-01]
GNN flow training:  97%|█████████▋| 97/100 [09:49<00:18,  6.01s/epoch, best=1.172e-01, sign=0.170, train=1.237e-01, val=1.206e-01]
GNN flow training:  98%|█████████▊| 98/100 [09:49<00:12,  6.02s/epoch, best=1.172e-01, sign=0.170, train=1.237e-01, val=1.206e-01]
GNN flow training:  98%|█████████▊| 98/100 [09:55<00:12,  6.02s/epoch, best=1.172e-01, sign=0.172, train=1.182e-01, val=1.176e-01]
GNN flow training:  99%|█████████▉| 99/100 [09:55<00:06,  6.03s/epoch, best=1.172e-01, sign=0.172, train=1.182e-01, val=1.176e-01]
GNN flow training:  99%|█████████▉| 99/100 [10:01<00:06,  6.03s/epoch, best=1.172e-01, sign=0.171, train=1.151e-01, val=1.196e-01]
GNN flow training: 100%|██████████| 100/100 [10:01<00:00,  6.03s/epoch, best=1.172e-01, sign=0.171, train=1.151e-01, val=1.196e-01]
GNN flow training: 100%|██████████| 100/100 [10:01<00:00,  6.02s/epoch, best=1.172e-01, sign=0.171, train=1.151e-01, val=1.196e-01]
Resolved config snapshot:
{'preset': 'solver_QKB_outer_QKBdelta', 'gnn_outer_losses': {'flow': 0.1, 'kirchhoff': 0.1, 'boundary': 100.0, 'delta_l2': 0.1, 'delta_smooth': 0.0, 'pressure_shape': 0.0}, 'physics': {'arterial_flow_mode': 'dataset', 'pressure_constraints': ['equal-a-equal-v'], 'alpha_pa': None, 'use_snr_weights': True, 'use_observed_flow_snr_weighting': True, 'flow_scale_mode': 'median_abs', 'solver_device': 'same', 'pressure_solver_mode': 'reduced-soft-constrained-lstsq', 'pressure_solver_lambda_kirchhoff': 1.0, 'pressure_solver_lambda_pressure_constraints': 100.0, 'pressure_solver_lambda_flow_residual': 1.0, 'pressure_shape_reference': 'delta_zero_reference', 'pressure_detach': False}, 'correction_bounds': {'correction_min': -0.5, 'correction_max': 0.5, 'correction_bound': 0.5, 'correction_parameterization': 'tanh'}, 'optimization': {'learning_rate': 0.001, 'weight_decay': 0.0001, 'gradient_clip_norm': 5.0, 'optimizer': 'adamw', 'epochs': 100, 'patience': 40}}
Shard 1/80: 1 of 80 runs
Command: /mnt/home/sswee/miniforge3/envs/yolk-sac/bin/python /mnt/home/sswee/yolk/Yolk-Sac-Flow-Data-and-Sim/gnn_clean/scripts/python/gnn_flow.py /mnt/home/sswee/yolk/Yolk-Sac-Flow-Data-and-Sim/gnn_clean/datasets/mosaic_graph_norm_canonical.gpickle --output-dir /mnt/home/sswee/yolk/Yolk-Sac-Flow-Data-and-Sim/gnn_clean/outputs_canonical_norm/dc/02_physics_weight_sweep/gnn --run-name q_0p1__k_0p1__delta_0p1 --preset solver_QKB_outer_QKBdelta --device cuda --epochs 100 --seed 0 --viscosity-pa-s 0.0035 --config /mnt/home/sswee/yolk/Yolk-Sac-Flow-Data-and-Sim/gnn_clean/outputs_canonical_norm/dc/02_physics_weight_sweep/_generated_configs/q_0p1__k_0p1__delta_0p1.yaml --no-pressure-detach
