[info] DC Step 2 canonical sweep uses fixed lambda_B=100.0 for both the outer boundary loss and the reduced pressure-solver boundary constraint.

GNN flow training:   0%|          | 0/100 [00:00<?, ?epoch/s]
GNN flow training:   0%|          | 0/100 [00:04<?, ?epoch/s, best=1.635e+02, sign=0.161, train=1.638e+02, val=1.635e+02]
GNN flow training:   1%|          | 1/100 [00:04<07:36,  4.61s/epoch, best=1.635e+02, sign=0.161, train=1.638e+02, val=1.635e+02]
GNN flow training:   1%|          | 1/100 [00:09<07:36,  4.61s/epoch, best=1.635e+02, sign=0.161, train=1.635e+02, val=1.633e+02]
GNN flow training:   2%|▏         | 2/100 [00:09<07:27,  4.57s/epoch, best=1.635e+02, sign=0.161, train=1.635e+02, val=1.633e+02]
GNN flow training:   2%|▏         | 2/100 [00:13<07:27,  4.57s/epoch, best=1.633e+02, sign=0.161, train=1.633e+02, val=1.636e+02]
GNN flow training:   3%|▎         | 3/100 [00:13<07:22,  4.56s/epoch, best=1.633e+02, sign=0.161, train=1.633e+02, val=1.636e+02]
GNN flow training:   3%|▎         | 3/100 [00:18<07:22,  4.56s/epoch, best=1.633e+02, sign=0.162, train=1.636e+02, val=1.633e+02]
GNN flow training:   4%|▍         | 4/100 [00:18<07:15,  4.54s/epoch, best=1.633e+02, sign=0.162, train=1.636e+02, val=1.633e+02]
GNN flow training:   4%|▍         | 4/100 [00:22<07:15,  4.54s/epoch, best=1.633e+02, sign=0.161, train=1.633e+02, val=1.634e+02]
GNN flow training:   5%|▌         | 5/100 [00:22<07:09,  4.52s/epoch, best=1.633e+02, sign=0.161, train=1.633e+02, val=1.634e+02]
GNN flow training:   5%|▌         | 5/100 [00:27<07:09,  4.52s/epoch, best=1.633e+02, sign=0.161, train=1.634e+02, val=1.635e+02]
GNN flow training:   6%|▌         | 6/100 [00:27<07:06,  4.53s/epoch, best=1.633e+02, sign=0.161, train=1.634e+02, val=1.635e+02]
GNN flow training:   6%|▌         | 6/100 [00:31<07:06,  4.53s/epoch, best=1.633e+02, sign=0.160, train=1.635e+02, val=1.629e+02]
GNN flow training:   7%|▋         | 7/100 [00:31<07:00,  4.52s/epoch, best=1.633e+02, sign=0.160, train=1.635e+02, val=1.629e+02]
GNN flow training:   7%|▋         | 7/100 [00:36<07:00,  4.52s/epoch, best=1.629e+02, sign=0.160, train=1.629e+02, val=1.622e+02]
GNN flow training:   8%|▊         | 8/100 [00:36<06:55,  4.52s/epoch, best=1.629e+02, sign=0.160, train=1.629e+02, val=1.622e+02]
GNN flow training:   8%|▊         | 8/100 [00:40<06:55,  4.52s/epoch, best=1.622e+02, sign=0.160, train=1.622e+02, val=1.618e+02]
GNN flow training:   9%|▉         | 9/100 [00:40<06:49,  4.50s/epoch, best=1.622e+02, sign=0.160, train=1.622e+02, val=1.618e+02]
GNN flow training:   9%|▉         | 9/100 [00:45<06:49,  4.50s/epoch, best=1.618e+02, sign=0.160, train=1.618e+02, val=1.616e+02]
GNN flow training:  10%|█         | 10/100 [00:45<06:45,  4.51s/epoch, best=1.618e+02, sign=0.160, train=1.618e+02, val=1.616e+02]
GNN flow training:  10%|█         | 10/100 [00:49<06:45,  4.51s/epoch, best=1.616e+02, sign=0.159, train=1.616e+02, val=1.610e+02]
GNN flow training:  11%|█         | 11/100 [00:49<06:41,  4.51s/epoch, best=1.616e+02, sign=0.159, train=1.616e+02, val=1.610e+02]
GNN flow training:  11%|█         | 11/100 [00:54<06:41,  4.51s/epoch, best=1.610e+02, sign=0.159, train=1.610e+02, val=1.606e+02]
GNN flow training:  12%|█▏        | 12/100 [00:54<06:35,  4.50s/epoch, best=1.610e+02, sign=0.159, train=1.610e+02, val=1.606e+02]
GNN flow training:  12%|█▏        | 12/100 [00:58<06:35,  4.50s/epoch, best=1.606e+02, sign=0.158, train=1.606e+02, val=1.598e+02]
GNN flow training:  13%|█▎        | 13/100 [00:58<06:31,  4.50s/epoch, best=1.606e+02, sign=0.158, train=1.606e+02, val=1.598e+02]
GNN flow training:  13%|█▎        | 13/100 [01:03<06:31,  4.50s/epoch, best=1.598e+02, sign=0.158, train=1.598e+02, val=1.595e+02]
GNN flow training:  14%|█▍        | 14/100 [01:03<06:27,  4.51s/epoch, best=1.598e+02, sign=0.158, train=1.598e+02, val=1.595e+02]
GNN flow training:  14%|█▍        | 14/100 [01:07<06:27,  4.51s/epoch, best=1.595e+02, sign=0.158, train=1.595e+02, val=1.588e+02]
GNN flow training:  15%|█▌        | 15/100 [01:07<06:24,  4.52s/epoch, best=1.595e+02, sign=0.158, train=1.595e+02, val=1.588e+02]
GNN flow training:  15%|█▌        | 15/100 [01:12<06:24,  4.52s/epoch, best=1.588e+02, sign=0.158, train=1.588e+02, val=1.578e+02]
GNN flow training:  16%|█▌        | 16/100 [01:12<06:21,  4.54s/epoch, best=1.588e+02, sign=0.158, train=1.588e+02, val=1.578e+02]
GNN flow training:  16%|█▌        | 16/100 [01:16<06:21,  4.54s/epoch, best=1.578e+02, sign=0.158, train=1.578e+02, val=1.569e+02]
GNN flow training:  17%|█▋        | 17/100 [01:16<06:16,  4.53s/epoch, best=1.578e+02, sign=0.158, train=1.578e+02, val=1.569e+02]
GNN flow training:  17%|█▋        | 17/100 [01:21<06:16,  4.53s/epoch, best=1.569e+02, sign=0.158, train=1.569e+02, val=1.560e+02]
GNN flow training:  18%|█▊        | 18/100 [01:21<06:11,  4.53s/epoch, best=1.569e+02, sign=0.158, train=1.569e+02, val=1.560e+02]
GNN flow training:  18%|█▊        | 18/100 [01:25<06:11,  4.53s/epoch, best=1.560e+02, sign=0.159, train=1.560e+02, val=1.546e+02]
GNN flow training:  19%|█▉        | 19/100 [01:25<06:06,  4.52s/epoch, best=1.560e+02, sign=0.159, train=1.560e+02, val=1.546e+02]
GNN flow training:  19%|█▉        | 19/100 [01:30<06:06,  4.52s/epoch, best=1.546e+02, sign=0.159, train=1.546e+02, val=1.529e+02]
GNN flow training:  20%|██        | 20/100 [01:30<06:01,  4.52s/epoch, best=1.546e+02, sign=0.159, train=1.546e+02, val=1.529e+02]
GNN flow training:  20%|██        | 20/100 [01:34<06:01,  4.52s/epoch, best=1.529e+02, sign=0.158, train=1.529e+02, val=1.508e+02]
GNN flow training:  21%|██        | 21/100 [01:34<05:56,  4.51s/epoch, best=1.529e+02, sign=0.158, train=1.529e+02, val=1.508e+02]
GNN flow training:  21%|██        | 21/100 [01:39<05:56,  4.51s/epoch, best=1.508e+02, sign=0.157, train=1.508e+02, val=1.499e+02]
GNN flow training:  22%|██▏       | 22/100 [01:39<05:52,  4.52s/epoch, best=1.508e+02, sign=0.157, train=1.508e+02, val=1.499e+02]
GNN flow training:  22%|██▏       | 22/100 [01:44<05:52,  4.52s/epoch, best=1.499e+02, sign=0.157, train=1.499e+02, val=1.486e+02]
GNN flow training:  23%|██▎       | 23/100 [01:44<05:49,  4.54s/epoch, best=1.499e+02, sign=0.157, train=1.499e+02, val=1.486e+02]
GNN flow training:  23%|██▎       | 23/100 [01:48<05:49,  4.54s/epoch, best=1.486e+02, sign=0.157, train=1.486e+02, val=1.457e+02]
GNN flow training:  24%|██▍       | 24/100 [01:48<05:43,  4.53s/epoch, best=1.486e+02, sign=0.157, train=1.486e+02, val=1.457e+02]
GNN flow training:  24%|██▍       | 24/100 [01:53<05:43,  4.53s/epoch, best=1.457e+02, sign=0.157, train=1.457e+02, val=1.439e+02]
GNN flow training:  25%|██▌       | 25/100 [01:53<05:38,  4.52s/epoch, best=1.457e+02, sign=0.157, train=1.457e+02, val=1.439e+02]
GNN flow training:  25%|██▌       | 25/100 [01:57<05:38,  4.52s/epoch, best=1.439e+02, sign=0.155, train=1.439e+02, val=1.413e+02]
GNN flow training:  26%|██▌       | 26/100 [01:57<05:33,  4.51s/epoch, best=1.439e+02, sign=0.155, train=1.439e+02, val=1.413e+02]
GNN flow training:  26%|██▌       | 26/100 [02:02<05:33,  4.51s/epoch, best=1.413e+02, sign=0.154, train=1.413e+02, val=1.396e+02]
GNN flow training:  27%|██▋       | 27/100 [02:02<05:28,  4.50s/epoch, best=1.413e+02, sign=0.154, train=1.413e+02, val=1.396e+02]
GNN flow training:  27%|██▋       | 27/100 [02:06<05:28,  4.50s/epoch, best=1.396e+02, sign=0.155, train=1.396e+02, val=1.364e+02]
GNN flow training:  28%|██▊       | 28/100 [02:06<05:24,  4.51s/epoch, best=1.396e+02, sign=0.155, train=1.396e+02, val=1.364e+02]
GNN flow training:  28%|██▊       | 28/100 [02:11<05:24,  4.51s/epoch, best=1.364e+02, sign=0.154, train=1.364e+02, val=1.331e+02]
GNN flow training:  29%|██▉       | 29/100 [02:11<05:21,  4.53s/epoch, best=1.364e+02, sign=0.154, train=1.364e+02, val=1.331e+02]
GNN flow training:  29%|██▉       | 29/100 [02:15<05:21,  4.53s/epoch, best=1.331e+02, sign=0.154, train=1.331e+02, val=1.297e+02]
GNN flow training:  30%|███       | 30/100 [02:15<05:16,  4.52s/epoch, best=1.331e+02, sign=0.154, train=1.331e+02, val=1.297e+02]
GNN flow training:  30%|███       | 30/100 [02:20<05:16,  4.52s/epoch, best=1.297e+02, sign=0.156, train=1.296e+02, val=1.258e+02]
GNN flow training:  31%|███       | 31/100 [02:20<05:12,  4.52s/epoch, best=1.297e+02, sign=0.156, train=1.296e+02, val=1.258e+02]
GNN flow training:  31%|███       | 31/100 [02:24<05:12,  4.52s/epoch, best=1.258e+02, sign=0.157, train=1.257e+02, val=1.222e+02]
GNN flow training:  32%|███▏      | 32/100 [02:24<05:07,  4.52s/epoch, best=1.258e+02, sign=0.157, train=1.257e+02, val=1.222e+02]
GNN flow training:  32%|███▏      | 32/100 [02:29<05:07,  4.52s/epoch, best=1.222e+02, sign=0.158, train=1.222e+02, val=1.178e+02]
GNN flow training:  33%|███▎      | 33/100 [02:29<05:03,  4.53s/epoch, best=1.222e+02, sign=0.158, train=1.222e+02, val=1.178e+02]
GNN flow training:  33%|███▎      | 33/100 [02:33<05:03,  4.53s/epoch, best=1.178e+02, sign=0.159, train=1.178e+02, val=1.145e+02]
GNN flow training:  34%|███▍      | 34/100 [02:33<04:58,  4.52s/epoch, best=1.178e+02, sign=0.159, train=1.178e+02, val=1.145e+02]
GNN flow training:  34%|███▍      | 34/100 [02:38<04:58,  4.52s/epoch, best=1.145e+02, sign=0.158, train=1.145e+02, val=1.129e+02]
GNN flow training:  35%|███▌      | 35/100 [02:38<04:54,  4.52s/epoch, best=1.145e+02, sign=0.158, train=1.145e+02, val=1.129e+02]
GNN flow training:  35%|███▌      | 35/100 [02:42<04:54,  4.52s/epoch, best=1.129e+02, sign=0.158, train=1.129e+02, val=1.115e+02]
GNN flow training:  36%|███▌      | 36/100 [02:42<04:49,  4.52s/epoch, best=1.129e+02, sign=0.158, train=1.129e+02, val=1.115e+02]
GNN flow training:  36%|███▌      | 36/100 [02:47<04:49,  4.52s/epoch, best=1.115e+02, sign=0.160, train=1.115e+02, val=1.110e+02]
GNN flow training:  37%|███▋      | 37/100 [02:47<04:44,  4.51s/epoch, best=1.115e+02, sign=0.160, train=1.115e+02, val=1.110e+02]
GNN flow training:  37%|███▋      | 37/100 [02:51<04:44,  4.51s/epoch, best=1.110e+02, sign=0.160, train=1.110e+02, val=1.137e+02]
GNN flow training:  38%|███▊      | 38/100 [02:51<04:40,  4.52s/epoch, best=1.110e+02, sign=0.160, train=1.110e+02, val=1.137e+02]
GNN flow training:  38%|███▊      | 38/100 [02:56<04:40,  4.52s/epoch, best=1.110e+02, sign=0.160, train=1.137e+02, val=1.122e+02]
GNN flow training:  39%|███▉      | 39/100 [02:56<04:35,  4.52s/epoch, best=1.110e+02, sign=0.160, train=1.137e+02, val=1.122e+02]
GNN flow training:  39%|███▉      | 39/100 [03:00<04:35,  4.52s/epoch, best=1.110e+02, sign=0.161, train=1.122e+02, val=1.107e+02]
GNN flow training:  40%|████      | 40/100 [03:00<04:31,  4.52s/epoch, best=1.110e+02, sign=0.161, train=1.122e+02, val=1.107e+02]
GNN flow training:  40%|████      | 40/100 [03:05<04:31,  4.52s/epoch, best=1.107e+02, sign=0.162, train=1.107e+02, val=1.088e+02]
GNN flow training:  41%|████      | 41/100 [03:05<04:27,  4.53s/epoch, best=1.107e+02, sign=0.162, train=1.107e+02, val=1.088e+02]
GNN flow training:  41%|████      | 41/100 [03:09<04:27,  4.53s/epoch, best=1.088e+02, sign=0.164, train=1.088e+02, val=1.055e+02]
GNN flow training:  42%|████▏     | 42/100 [03:09<04:22,  4.52s/epoch, best=1.088e+02, sign=0.164, train=1.088e+02, val=1.055e+02]
GNN flow training:  42%|████▏     | 42/100 [03:14<04:22,  4.52s/epoch, best=1.055e+02, sign=0.165, train=1.054e+02, val=1.028e+02]
GNN flow training:  43%|████▎     | 43/100 [03:14<04:17,  4.52s/epoch, best=1.055e+02, sign=0.165, train=1.054e+02, val=1.028e+02]
GNN flow training:  43%|████▎     | 43/100 [03:18<04:17,  4.52s/epoch, best=1.028e+02, sign=0.168, train=1.028e+02, val=1.012e+02]
GNN flow training:  44%|████▍     | 44/100 [03:18<04:14,  4.54s/epoch, best=1.028e+02, sign=0.168, train=1.028e+02, val=1.012e+02]
GNN flow training:  44%|████▍     | 44/100 [03:23<04:14,  4.54s/epoch, best=1.012e+02, sign=0.169, train=1.012e+02, val=1.009e+02]
GNN flow training:  45%|████▌     | 45/100 [03:23<04:10,  4.55s/epoch, best=1.012e+02, sign=0.169, train=1.012e+02, val=1.009e+02]
GNN flow training:  45%|████▌     | 45/100 [03:28<04:10,  4.55s/epoch, best=1.009e+02, sign=0.170, train=1.009e+02, val=1.009e+02]
GNN flow training:  46%|████▌     | 46/100 [03:28<04:05,  4.55s/epoch, best=1.009e+02, sign=0.170, train=1.009e+02, val=1.009e+02]
GNN flow training:  46%|████▌     | 46/100 [03:32<04:05,  4.55s/epoch, best=1.009e+02, sign=0.169, train=1.009e+02, val=1.018e+02]
GNN flow training:  47%|████▋     | 47/100 [03:32<04:00,  4.54s/epoch, best=1.009e+02, sign=0.169, train=1.009e+02, val=1.018e+02]
GNN flow training:  47%|████▋     | 47/100 [03:37<04:00,  4.54s/epoch, best=1.009e+02, sign=0.169, train=1.017e+02, val=1.025e+02]
GNN flow training:  48%|████▊     | 48/100 [03:37<03:54,  4.52s/epoch, best=1.009e+02, sign=0.169, train=1.017e+02, val=1.025e+02]
GNN flow training:  48%|████▊     | 48/100 [03:41<03:54,  4.52s/epoch, best=1.009e+02, sign=0.167, train=1.025e+02, val=1.055e+02]
GNN flow training:  49%|████▉     | 49/100 [03:41<03:50,  4.52s/epoch, best=1.009e+02, sign=0.167, train=1.025e+02, val=1.055e+02]
GNN flow training:  49%|████▉     | 49/100 [03:46<03:50,  4.52s/epoch, best=1.009e+02, sign=0.168, train=1.055e+02, val=1.054e+02]
GNN flow training:  50%|█████     | 50/100 [03:46<03:46,  4.52s/epoch, best=1.009e+02, sign=0.168, train=1.055e+02, val=1.054e+02]
GNN flow training:  50%|█████     | 50/100 [03:50<03:46,  4.52s/epoch, best=1.009e+02, sign=0.168, train=1.054e+02, val=1.064e+02]
GNN flow training:  51%|█████     | 51/100 [03:50<03:41,  4.52s/epoch, best=1.009e+02, sign=0.168, train=1.054e+02, val=1.064e+02]
GNN flow training:  51%|█████     | 51/100 [03:55<03:41,  4.52s/epoch, best=1.009e+02, sign=0.167, train=1.063e+02, val=1.068e+02]
GNN flow training:  52%|█████▏    | 52/100 [03:55<03:36,  4.52s/epoch, best=1.009e+02, sign=0.167, train=1.063e+02, val=1.068e+02]
GNN flow training:  52%|█████▏    | 52/100 [03:59<03:36,  4.52s/epoch, best=1.009e+02, sign=0.167, train=1.067e+02, val=1.050e+02]
GNN flow training:  53%|█████▎    | 53/100 [03:59<03:31,  4.50s/epoch, best=1.009e+02, sign=0.167, train=1.067e+02, val=1.050e+02]
GNN flow training:  53%|█████▎    | 53/100 [04:04<03:31,  4.50s/epoch, best=1.009e+02, sign=0.168, train=1.049e+02, val=1.039e+02]
GNN flow training:  54%|█████▍    | 54/100 [04:04<03:27,  4.52s/epoch, best=1.009e+02, sign=0.168, train=1.049e+02, val=1.039e+02]
GNN flow training:  54%|█████▍    | 54/100 [04:08<03:27,  4.52s/epoch, best=1.009e+02, sign=0.169, train=1.039e+02, val=1.011e+02]
GNN flow training:  55%|█████▌    | 55/100 [04:08<03:22,  4.51s/epoch, best=1.009e+02, sign=0.169, train=1.039e+02, val=1.011e+02]
GNN flow training:  55%|█████▌    | 55/100 [04:13<03:22,  4.51s/epoch, best=1.009e+02, sign=0.173, train=1.010e+02, val=9.635e+01]
GNN flow training:  56%|█████▌    | 56/100 [04:13<03:18,  4.50s/epoch, best=1.009e+02, sign=0.173, train=1.010e+02, val=9.635e+01]
GNN flow training:  56%|█████▌    | 56/100 [04:17<03:18,  4.50s/epoch, best=9.635e+01, sign=0.172, train=9.633e+01, val=9.502e+01]
GNN flow training:  57%|█████▋    | 57/100 [04:17<03:14,  4.52s/epoch, best=9.635e+01, sign=0.172, train=9.633e+01, val=9.502e+01]
GNN flow training:  57%|█████▋    | 57/100 [04:22<03:14,  4.52s/epoch, best=9.502e+01, sign=0.171, train=9.500e+01, val=9.848e+01]
GNN flow training:  58%|█████▊    | 58/100 [04:22<03:09,  4.51s/epoch, best=9.502e+01, sign=0.171, train=9.500e+01, val=9.848e+01]
GNN flow training:  58%|█████▊    | 58/100 [04:26<03:09,  4.51s/epoch, best=9.502e+01, sign=0.171, train=9.846e+01, val=9.939e+01]
GNN flow training:  59%|█████▉    | 59/100 [04:26<03:05,  4.52s/epoch, best=9.502e+01, sign=0.171, train=9.846e+01, val=9.939e+01]
GNN flow training:  59%|█████▉    | 59/100 [04:31<03:05,  4.52s/epoch, best=9.502e+01, sign=0.172, train=9.938e+01, val=9.656e+01]
GNN flow training:  60%|██████    | 60/100 [04:31<03:00,  4.52s/epoch, best=9.502e+01, sign=0.172, train=9.938e+01, val=9.656e+01]
GNN flow training:  60%|██████    | 60/100 [04:35<03:00,  4.52s/epoch, best=9.502e+01, sign=0.172, train=9.654e+01, val=9.459e+01]
GNN flow training:  61%|██████    | 61/100 [04:35<02:56,  4.52s/epoch, best=9.502e+01, sign=0.172, train=9.654e+01, val=9.459e+01]
GNN flow training:  61%|██████    | 61/100 [04:40<02:56,  4.52s/epoch, best=9.459e+01, sign=0.171, train=9.457e+01, val=9.639e+01]
GNN flow training:  62%|██████▏   | 62/100 [04:40<02:51,  4.52s/epoch, best=9.459e+01, sign=0.171, train=9.457e+01, val=9.639e+01]
GNN flow training:  62%|██████▏   | 62/100 [04:44<02:51,  4.52s/epoch, best=9.459e+01, sign=0.171, train=9.637e+01, val=1.002e+02]
GNN flow training:  63%|██████▎   | 63/100 [04:44<02:47,  4.52s/epoch, best=9.459e+01, sign=0.171, train=9.637e+01, val=1.002e+02]
GNN flow training:  63%|██████▎   | 63/100 [04:49<02:47,  4.52s/epoch, best=9.459e+01, sign=0.170, train=1.001e+02, val=1.007e+02]
GNN flow training:  64%|██████▍   | 64/100 [04:49<02:42,  4.51s/epoch, best=9.459e+01, sign=0.170, train=1.001e+02, val=1.007e+02]
GNN flow training:  64%|██████▍   | 64/100 [04:53<02:42,  4.51s/epoch, best=9.459e+01, sign=0.171, train=1.007e+02, val=9.805e+01]
GNN flow training:  65%|██████▌   | 65/100 [04:53<02:37,  4.50s/epoch, best=9.459e+01, sign=0.171, train=1.007e+02, val=9.805e+01]
GNN flow training:  65%|██████▌   | 65/100 [04:58<02:37,  4.50s/epoch, best=9.459e+01, sign=0.173, train=9.803e+01, val=9.528e+01]
GNN flow training:  66%|██████▌   | 66/100 [04:58<02:33,  4.50s/epoch, best=9.459e+01, sign=0.173, train=9.803e+01, val=9.528e+01]
GNN flow training:  66%|██████▌   | 66/100 [05:02<02:33,  4.50s/epoch, best=9.459e+01, sign=0.173, train=9.527e+01, val=9.801e+01]
GNN flow training:  67%|██████▋   | 67/100 [05:02<02:28,  4.51s/epoch, best=9.459e+01, sign=0.173, train=9.527e+01, val=9.801e+01]
GNN flow training:  67%|██████▋   | 67/100 [05:07<02:28,  4.51s/epoch, best=9.459e+01, sign=0.172, train=9.799e+01, val=9.987e+01]
GNN flow training:  68%|██████▊   | 68/100 [05:07<02:24,  4.52s/epoch, best=9.459e+01, sign=0.172, train=9.799e+01, val=9.987e+01]
GNN flow training:  68%|██████▊   | 68/100 [05:11<02:24,  4.52s/epoch, best=9.459e+01, sign=0.173, train=9.985e+01, val=9.828e+01]
GNN flow training:  69%|██████▉   | 69/100 [05:11<02:20,  4.53s/epoch, best=9.459e+01, sign=0.173, train=9.985e+01, val=9.828e+01]
GNN flow training:  69%|██████▉   | 69/100 [05:16<02:20,  4.53s/epoch, best=9.459e+01, sign=0.173, train=9.826e+01, val=9.510e+01]
GNN flow training:  70%|███████   | 70/100 [05:16<02:15,  4.53s/epoch, best=9.459e+01, sign=0.173, train=9.826e+01, val=9.510e+01]
GNN flow training:  70%|███████   | 70/100 [05:20<02:15,  4.53s/epoch, best=9.459e+01, sign=0.173, train=9.508e+01, val=9.381e+01]
GNN flow training:  71%|███████   | 71/100 [05:20<02:11,  4.53s/epoch, best=9.459e+01, sign=0.173, train=9.508e+01, val=9.381e+01]
GNN flow training:  71%|███████   | 71/100 [05:25<02:11,  4.53s/epoch, best=9.381e+01, sign=0.173, train=9.379e+01, val=9.380e+01]
GNN flow training:  72%|███████▏  | 72/100 [05:25<02:07,  4.54s/epoch, best=9.381e+01, sign=0.173, train=9.379e+01, val=9.380e+01]
GNN flow training:  72%|███████▏  | 72/100 [05:30<02:07,  4.54s/epoch, best=9.380e+01, sign=0.173, train=9.379e+01, val=9.301e+01]
GNN flow training:  73%|███████▎  | 73/100 [05:30<02:02,  4.54s/epoch, best=9.380e+01, sign=0.173, train=9.379e+01, val=9.301e+01]
GNN flow training:  73%|███████▎  | 73/100 [05:34<02:02,  4.54s/epoch, best=9.301e+01, sign=0.174, train=9.299e+01, val=9.284e+01]
GNN flow training:  74%|███████▍  | 74/100 [05:34<01:58,  4.54s/epoch, best=9.301e+01, sign=0.174, train=9.299e+01, val=9.284e+01]
GNN flow training:  74%|███████▍  | 74/100 [05:39<01:58,  4.54s/epoch, best=9.284e+01, sign=0.174, train=9.283e+01, val=9.304e+01]
GNN flow training:  75%|███████▌  | 75/100 [05:39<01:53,  4.53s/epoch, best=9.284e+01, sign=0.174, train=9.283e+01, val=9.304e+01]
GNN flow training:  75%|███████▌  | 75/100 [05:43<01:53,  4.53s/epoch, best=9.284e+01, sign=0.174, train=9.302e+01, val=9.144e+01]
GNN flow training:  76%|███████▌  | 76/100 [05:43<01:48,  4.53s/epoch, best=9.284e+01, sign=0.174, train=9.302e+01, val=9.144e+01]
GNN flow training:  76%|███████▌  | 76/100 [05:48<01:48,  4.53s/epoch, best=9.144e+01, sign=0.174, train=9.142e+01, val=9.203e+01]
GNN flow training:  77%|███████▋  | 77/100 [05:48<01:44,  4.52s/epoch, best=9.144e+01, sign=0.174, train=9.142e+01, val=9.203e+01]
GNN flow training:  77%|███████▋  | 77/100 [05:52<01:44,  4.52s/epoch, best=9.144e+01, sign=0.174, train=9.201e+01, val=9.178e+01]
GNN flow training:  78%|███████▊  | 78/100 [05:52<01:39,  4.53s/epoch, best=9.144e+01, sign=0.174, train=9.201e+01, val=9.178e+01]
GNN flow training:  78%|███████▊  | 78/100 [05:57<01:39,  4.53s/epoch, best=9.144e+01, sign=0.173, train=9.176e+01, val=9.175e+01]
GNN flow training:  79%|███████▉  | 79/100 [05:57<01:34,  4.52s/epoch, best=9.144e+01, sign=0.173, train=9.176e+01, val=9.175e+01]
GNN flow training:  79%|███████▉  | 79/100 [06:01<01:34,  4.52s/epoch, best=9.144e+01, sign=0.174, train=9.173e+01, val=9.556e+01]
GNN flow training:  80%|████████  | 80/100 [06:01<01:30,  4.53s/epoch, best=9.144e+01, sign=0.174, train=9.173e+01, val=9.556e+01]
GNN flow training:  80%|████████  | 80/100 [06:06<01:30,  4.53s/epoch, best=9.144e+01, sign=0.174, train=9.554e+01, val=9.574e+01]
GNN flow training:  81%|████████  | 81/100 [06:06<01:25,  4.52s/epoch, best=9.144e+01, sign=0.174, train=9.554e+01, val=9.574e+01]
GNN flow training:  81%|████████  | 81/100 [06:10<01:25,  4.52s/epoch, best=9.144e+01, sign=0.174, train=9.572e+01, val=9.574e+01]
GNN flow training:  82%|████████▏ | 82/100 [06:10<01:21,  4.52s/epoch, best=9.144e+01, sign=0.174, train=9.572e+01, val=9.574e+01]
GNN flow training:  82%|████████▏ | 82/100 [06:15<01:21,  4.52s/epoch, best=9.144e+01, sign=0.174, train=9.572e+01, val=9.516e+01]
GNN flow training:  83%|████████▎ | 83/100 [06:15<01:16,  4.51s/epoch, best=9.144e+01, sign=0.174, train=9.572e+01, val=9.516e+01]
GNN flow training:  83%|████████▎ | 83/100 [06:19<01:16,  4.51s/epoch, best=9.144e+01, sign=0.173, train=9.514e+01, val=9.468e+01]
GNN flow training:  84%|████████▍ | 84/100 [06:19<01:12,  4.52s/epoch, best=9.144e+01, sign=0.173, train=9.514e+01, val=9.468e+01]
GNN flow training:  84%|████████▍ | 84/100 [06:24<01:12,  4.52s/epoch, best=9.144e+01, sign=0.173, train=9.467e+01, val=9.543e+01]
GNN flow training:  85%|████████▌ | 85/100 [06:24<01:07,  4.52s/epoch, best=9.144e+01, sign=0.173, train=9.467e+01, val=9.543e+01]
GNN flow training:  85%|████████▌ | 85/100 [06:28<01:07,  4.52s/epoch, best=9.144e+01, sign=0.174, train=9.541e+01, val=9.587e+01]
GNN flow training:  86%|████████▌ | 86/100 [06:28<01:03,  4.52s/epoch, best=9.144e+01, sign=0.174, train=9.541e+01, val=9.587e+01]
GNN flow training:  86%|████████▌ | 86/100 [06:33<01:03,  4.52s/epoch, best=9.144e+01, sign=0.174, train=9.585e+01, val=9.582e+01]
GNN flow training:  87%|████████▋ | 87/100 [06:33<00:58,  4.52s/epoch, best=9.144e+01, sign=0.174, train=9.585e+01, val=9.582e+01]
GNN flow training:  87%|████████▋ | 87/100 [06:37<00:58,  4.52s/epoch, best=9.144e+01, sign=0.174, train=9.580e+01, val=9.385e+01]
GNN flow training:  88%|████████▊ | 88/100 [06:37<00:54,  4.53s/epoch, best=9.144e+01, sign=0.174, train=9.580e+01, val=9.385e+01]
GNN flow training:  88%|████████▊ | 88/100 [06:42<00:54,  4.53s/epoch, best=9.144e+01, sign=0.174, train=9.383e+01, val=9.193e+01]
GNN flow training:  89%|████████▉ | 89/100 [06:42<00:49,  4.53s/epoch, best=9.144e+01, sign=0.174, train=9.383e+01, val=9.193e+01]
GNN flow training:  89%|████████▉ | 89/100 [06:47<00:49,  4.53s/epoch, best=9.144e+01, sign=0.174, train=9.192e+01, val=9.167e+01]
GNN flow training:  90%|█████████ | 90/100 [06:47<00:45,  4.53s/epoch, best=9.144e+01, sign=0.174, train=9.192e+01, val=9.167e+01]
GNN flow training:  90%|█████████ | 90/100 [06:51<00:45,  4.53s/epoch, best=9.144e+01, sign=0.175, train=9.165e+01, val=9.157e+01]
GNN flow training:  91%|█████████ | 91/100 [06:51<00:40,  4.52s/epoch, best=9.144e+01, sign=0.175, train=9.165e+01, val=9.157e+01]
GNN flow training:  91%|█████████ | 91/100 [06:56<00:40,  4.52s/epoch, best=9.144e+01, sign=0.175, train=9.156e+01, val=9.161e+01]
GNN flow training:  92%|█████████▏| 92/100 [06:56<00:36,  4.53s/epoch, best=9.144e+01, sign=0.175, train=9.156e+01, val=9.161e+01]
GNN flow training:  92%|█████████▏| 92/100 [07:00<00:36,  4.53s/epoch, best=9.144e+01, sign=0.175, train=9.159e+01, val=9.177e+01]
GNN flow training:  93%|█████████▎| 93/100 [07:00<00:31,  4.54s/epoch, best=9.144e+01, sign=0.175, train=9.159e+01, val=9.177e+01]
GNN flow training:  93%|█████████▎| 93/100 [07:05<00:31,  4.54s/epoch, best=9.144e+01, sign=0.176, train=9.175e+01, val=9.052e+01]
GNN flow training:  94%|█████████▍| 94/100 [07:05<00:27,  4.54s/epoch, best=9.144e+01, sign=0.176, train=9.175e+01, val=9.052e+01]
GNN flow training:  94%|█████████▍| 94/100 [07:09<00:27,  4.54s/epoch, best=9.052e+01, sign=0.177, train=9.050e+01, val=8.978e+01]
GNN flow training:  95%|█████████▌| 95/100 [07:09<00:22,  4.53s/epoch, best=9.052e+01, sign=0.177, train=9.050e+01, val=8.978e+01]
GNN flow training:  95%|█████████▌| 95/100 [07:14<00:22,  4.53s/epoch, best=8.978e+01, sign=0.175, train=8.976e+01, val=9.197e+01]
GNN flow training:  96%|█████████▌| 96/100 [07:14<00:18,  4.52s/epoch, best=8.978e+01, sign=0.175, train=8.976e+01, val=9.197e+01]
GNN flow training:  96%|█████████▌| 96/100 [07:18<00:18,  4.52s/epoch, best=8.978e+01, sign=0.173, train=9.195e+01, val=9.461e+01]
GNN flow training:  97%|█████████▋| 97/100 [07:18<00:13,  4.53s/epoch, best=8.978e+01, sign=0.173, train=9.195e+01, val=9.461e+01]
GNN flow training:  97%|█████████▋| 97/100 [07:23<00:13,  4.53s/epoch, best=8.978e+01, sign=0.173, train=9.459e+01, val=9.398e+01]
GNN flow training:  98%|█████████▊| 98/100 [07:23<00:09,  4.53s/epoch, best=8.978e+01, sign=0.173, train=9.459e+01, val=9.398e+01]
GNN flow training:  98%|█████████▊| 98/100 [07:27<00:09,  4.53s/epoch, best=8.978e+01, sign=0.174, train=9.396e+01, val=9.309e+01]
GNN flow training:  99%|█████████▉| 99/100 [07:27<00:04,  4.53s/epoch, best=8.978e+01, sign=0.174, train=9.396e+01, val=9.309e+01]
GNN flow training:  99%|█████████▉| 99/100 [07:32<00:04,  4.53s/epoch, best=8.978e+01, sign=0.175, train=9.307e+01, val=9.210e+01]
GNN flow training: 100%|██████████| 100/100 [07:32<00:00,  4.52s/epoch, best=8.978e+01, sign=0.175, train=9.307e+01, val=9.210e+01]
GNN flow training: 100%|██████████| 100/100 [07:32<00:00,  4.52s/epoch, best=8.978e+01, sign=0.175, train=9.307e+01, val=9.210e+01]
Resolved config snapshot:
{'preset': 'solver_QKB_outer_QKBdelta', 'gnn_outer_losses': {'flow': 1.0, 'kirchhoff': 100.0, 'boundary': 100.0, 'delta_l2': 100.0, 'delta_smooth': 0.0, 'pressure_shape': 0.0}, 'physics': {'arterial_flow_mode': 'dataset', 'pressure_constraints': ['equal-a-equal-v'], 'alpha_pa': None, 'use_snr_weights': True, 'use_observed_flow_snr_weighting': True, 'flow_scale_mode': 'median_abs', 'solver_device': 'same', 'pressure_solver_mode': 'reduced-soft-constrained-lstsq', 'pressure_solver_lambda_kirchhoff': 1.0, 'pressure_solver_lambda_pressure_constraints': 100.0, 'pressure_solver_lambda_flow_residual': 1.0, 'pressure_shape_reference': 'delta_zero_reference', 'pressure_detach': False}, 'correction_bounds': {'correction_min': -0.5, 'correction_max': 0.5, 'correction_bound': 0.5, 'correction_parameterization': 'tanh'}, 'optimization': {'learning_rate': 0.001, 'weight_decay': 0.0001, 'gradient_clip_norm': 5.0, 'optimizer': 'adamw', 'epochs': 100, 'patience': 40}}
Shard 32/80: 1 of 80 runs
Command: /mnt/home/sswee/miniforge3/envs/yolk-sac/bin/python /mnt/home/sswee/yolk/Yolk-Sac-Flow-Data-and-Sim/gnn_clean/scripts/python/gnn_flow.py /mnt/home/sswee/yolk/Yolk-Sac-Flow-Data-and-Sim/gnn_clean/datasets/mosaic_graph_norm_canonical.gpickle --output-dir /mnt/home/sswee/yolk/Yolk-Sac-Flow-Data-and-Sim/gnn_clean/outputs_canonical_norm/dc/02_physics_weight_sweep/gnn --run-name q_1__k_100__delta_100 --preset solver_QKB_outer_QKBdelta --device cuda --epochs 100 --seed 0 --viscosity-pa-s 0.0035 --config /mnt/home/sswee/yolk/Yolk-Sac-Flow-Data-and-Sim/gnn_clean/outputs_canonical_norm/dc/02_physics_weight_sweep/_generated_configs/q_1__k_100__delta_100.yaml --no-pressure-detach
