[info] DC Step 2 canonical sweep uses fixed lambda_B=100.0 for both the outer boundary loss and the reduced pressure-solver boundary constraint.

GNN flow training:   0%|          | 0/100 [00:00<?, ?epoch/s]
GNN flow training:   0%|          | 0/100 [00:04<?, ?epoch/s, best=1.740e+00, sign=0.161, train=1.741e+00, val=1.740e+00]
GNN flow training:   1%|          | 1/100 [00:04<07:48,  4.73s/epoch, best=1.740e+00, sign=0.161, train=1.741e+00, val=1.740e+00]
GNN flow training:   1%|          | 1/100 [00:09<07:48,  4.73s/epoch, best=1.740e+00, sign=0.160, train=1.738e+00, val=1.740e+00]
GNN flow training:   2%|▏         | 2/100 [00:09<07:36,  4.66s/epoch, best=1.740e+00, sign=0.160, train=1.738e+00, val=1.740e+00]
GNN flow training:   2%|▏         | 2/100 [00:13<07:36,  4.66s/epoch, best=1.740e+00, sign=0.160, train=1.738e+00, val=1.735e+00]
GNN flow training:   3%|▎         | 3/100 [00:13<07:24,  4.58s/epoch, best=1.740e+00, sign=0.160, train=1.738e+00, val=1.735e+00]
GNN flow training:   3%|▎         | 3/100 [00:18<07:24,  4.58s/epoch, best=1.735e+00, sign=0.161, train=1.733e+00, val=1.733e+00]
GNN flow training:   4%|▍         | 4/100 [00:18<07:16,  4.55s/epoch, best=1.735e+00, sign=0.161, train=1.733e+00, val=1.733e+00]
GNN flow training:   4%|▍         | 4/100 [00:22<07:16,  4.55s/epoch, best=1.733e+00, sign=0.159, train=1.732e+00, val=1.732e+00]
GNN flow training:   5%|▌         | 5/100 [00:22<07:10,  4.53s/epoch, best=1.733e+00, sign=0.159, train=1.732e+00, val=1.732e+00]
GNN flow training:   5%|▌         | 5/100 [00:27<07:10,  4.53s/epoch, best=1.732e+00, sign=0.159, train=1.730e+00, val=1.730e+00]
GNN flow training:   6%|▌         | 6/100 [00:27<07:05,  4.53s/epoch, best=1.732e+00, sign=0.159, train=1.730e+00, val=1.730e+00]
GNN flow training:   6%|▌         | 6/100 [00:31<07:05,  4.53s/epoch, best=1.730e+00, sign=0.159, train=1.728e+00, val=1.724e+00]
GNN flow training:   7%|▋         | 7/100 [00:31<07:01,  4.53s/epoch, best=1.730e+00, sign=0.159, train=1.728e+00, val=1.724e+00]
GNN flow training:   7%|▋         | 7/100 [00:36<07:01,  4.53s/epoch, best=1.724e+00, sign=0.157, train=1.722e+00, val=1.726e+00]
GNN flow training:   8%|▊         | 8/100 [00:36<06:55,  4.52s/epoch, best=1.724e+00, sign=0.157, train=1.722e+00, val=1.726e+00]
GNN flow training:   8%|▊         | 8/100 [00:40<06:55,  4.52s/epoch, best=1.724e+00, sign=0.157, train=1.723e+00, val=1.728e+00]
GNN flow training:   9%|▉         | 9/100 [00:40<06:50,  4.51s/epoch, best=1.724e+00, sign=0.157, train=1.723e+00, val=1.728e+00]
GNN flow training:   9%|▉         | 9/100 [00:45<06:50,  4.51s/epoch, best=1.724e+00, sign=0.156, train=1.726e+00, val=1.728e+00]
GNN flow training:  10%|█         | 10/100 [00:45<06:46,  4.52s/epoch, best=1.724e+00, sign=0.156, train=1.726e+00, val=1.728e+00]
GNN flow training:  10%|█         | 10/100 [00:49<06:46,  4.52s/epoch, best=1.724e+00, sign=0.157, train=1.726e+00, val=1.727e+00]
GNN flow training:  11%|█         | 11/100 [00:49<06:43,  4.53s/epoch, best=1.724e+00, sign=0.157, train=1.726e+00, val=1.727e+00]
GNN flow training:  11%|█         | 11/100 [00:54<06:43,  4.53s/epoch, best=1.724e+00, sign=0.156, train=1.725e+00, val=1.730e+00]
GNN flow training:  12%|█▏        | 12/100 [00:54<06:39,  4.54s/epoch, best=1.724e+00, sign=0.156, train=1.725e+00, val=1.730e+00]
GNN flow training:  12%|█▏        | 12/100 [00:59<06:39,  4.54s/epoch, best=1.724e+00, sign=0.155, train=1.728e+00, val=1.730e+00]
GNN flow training:  13%|█▎        | 13/100 [00:59<06:34,  4.54s/epoch, best=1.724e+00, sign=0.155, train=1.728e+00, val=1.730e+00]
GNN flow training:  13%|█▎        | 13/100 [01:03<06:34,  4.54s/epoch, best=1.724e+00, sign=0.155, train=1.727e+00, val=1.731e+00]
GNN flow training:  14%|█▍        | 14/100 [01:03<06:30,  4.54s/epoch, best=1.724e+00, sign=0.155, train=1.727e+00, val=1.731e+00]
GNN flow training:  14%|█▍        | 14/100 [01:08<06:30,  4.54s/epoch, best=1.724e+00, sign=0.157, train=1.729e+00, val=1.724e+00]
GNN flow training:  15%|█▌        | 15/100 [01:08<06:26,  4.54s/epoch, best=1.724e+00, sign=0.157, train=1.729e+00, val=1.724e+00]
GNN flow training:  15%|█▌        | 15/100 [01:12<06:26,  4.54s/epoch, best=1.724e+00, sign=0.158, train=1.722e+00, val=1.717e+00]
GNN flow training:  16%|█▌        | 16/100 [01:12<06:21,  4.54s/epoch, best=1.724e+00, sign=0.158, train=1.722e+00, val=1.717e+00]
GNN flow training:  16%|█▌        | 16/100 [01:17<06:21,  4.54s/epoch, best=1.717e+00, sign=0.159, train=1.714e+00, val=1.713e+00]
GNN flow training:  17%|█▋        | 17/100 [01:17<06:15,  4.53s/epoch, best=1.717e+00, sign=0.159, train=1.714e+00, val=1.713e+00]
GNN flow training:  17%|█▋        | 17/100 [01:21<06:15,  4.53s/epoch, best=1.713e+00, sign=0.159, train=1.711e+00, val=1.711e+00]
GNN flow training:  18%|█▊        | 18/100 [01:21<06:11,  4.53s/epoch, best=1.713e+00, sign=0.159, train=1.711e+00, val=1.711e+00]
GNN flow training:  18%|█▊        | 18/100 [01:26<06:11,  4.53s/epoch, best=1.711e+00, sign=0.159, train=1.708e+00, val=1.710e+00]
GNN flow training:  19%|█▉        | 19/100 [01:26<06:06,  4.53s/epoch, best=1.711e+00, sign=0.159, train=1.708e+00, val=1.710e+00]
GNN flow training:  19%|█▉        | 19/100 [01:30<06:06,  4.53s/epoch, best=1.710e+00, sign=0.159, train=1.708e+00, val=1.707e+00]
GNN flow training:  20%|██        | 20/100 [01:30<06:02,  4.53s/epoch, best=1.710e+00, sign=0.159, train=1.708e+00, val=1.707e+00]
GNN flow training:  20%|██        | 20/100 [01:35<06:02,  4.53s/epoch, best=1.707e+00, sign=0.159, train=1.705e+00, val=1.704e+00]
GNN flow training:  21%|██        | 21/100 [01:35<05:57,  4.53s/epoch, best=1.707e+00, sign=0.159, train=1.705e+00, val=1.704e+00]
GNN flow training:  21%|██        | 21/100 [01:39<05:57,  4.53s/epoch, best=1.704e+00, sign=0.159, train=1.701e+00, val=1.701e+00]
GNN flow training:  22%|██▏       | 22/100 [01:39<05:54,  4.55s/epoch, best=1.704e+00, sign=0.159, train=1.701e+00, val=1.701e+00]
GNN flow training:  22%|██▏       | 22/100 [01:44<05:54,  4.55s/epoch, best=1.701e+00, sign=0.159, train=1.698e+00, val=1.701e+00]
GNN flow training:  23%|██▎       | 23/100 [01:44<05:49,  4.54s/epoch, best=1.701e+00, sign=0.159, train=1.698e+00, val=1.701e+00]
GNN flow training:  23%|██▎       | 23/100 [01:48<05:49,  4.54s/epoch, best=1.701e+00, sign=0.159, train=1.698e+00, val=1.701e+00]
GNN flow training:  24%|██▍       | 24/100 [01:48<05:44,  4.54s/epoch, best=1.701e+00, sign=0.159, train=1.698e+00, val=1.701e+00]
GNN flow training:  24%|██▍       | 24/100 [01:53<05:44,  4.54s/epoch, best=1.701e+00, sign=0.158, train=1.698e+00, val=1.699e+00]
GNN flow training:  25%|██▌       | 25/100 [01:53<05:39,  4.53s/epoch, best=1.701e+00, sign=0.158, train=1.698e+00, val=1.699e+00]
GNN flow training:  25%|██▌       | 25/100 [01:58<05:39,  4.53s/epoch, best=1.699e+00, sign=0.158, train=1.696e+00, val=1.693e+00]
GNN flow training:  26%|██▌       | 26/100 [01:58<05:35,  4.54s/epoch, best=1.699e+00, sign=0.158, train=1.696e+00, val=1.693e+00]
GNN flow training:  26%|██▌       | 26/100 [02:02<05:35,  4.54s/epoch, best=1.693e+00, sign=0.159, train=1.690e+00, val=1.692e+00]
GNN flow training:  27%|██▋       | 27/100 [02:02<05:30,  4.53s/epoch, best=1.693e+00, sign=0.159, train=1.690e+00, val=1.692e+00]
GNN flow training:  27%|██▋       | 27/100 [02:07<05:30,  4.53s/epoch, best=1.692e+00, sign=0.160, train=1.689e+00, val=1.689e+00]
GNN flow training:  28%|██▊       | 28/100 [02:07<05:25,  4.52s/epoch, best=1.692e+00, sign=0.160, train=1.689e+00, val=1.689e+00]
GNN flow training:  28%|██▊       | 28/100 [02:11<05:25,  4.52s/epoch, best=1.689e+00, sign=0.160, train=1.686e+00, val=1.684e+00]
GNN flow training:  29%|██▉       | 29/100 [02:11<05:20,  4.52s/epoch, best=1.689e+00, sign=0.160, train=1.686e+00, val=1.684e+00]
GNN flow training:  29%|██▉       | 29/100 [02:16<05:20,  4.52s/epoch, best=1.684e+00, sign=0.160, train=1.682e+00, val=1.685e+00]
GNN flow training:  30%|███       | 30/100 [02:16<05:16,  4.52s/epoch, best=1.684e+00, sign=0.160, train=1.682e+00, val=1.685e+00]
GNN flow training:  30%|███       | 30/100 [02:20<05:16,  4.52s/epoch, best=1.684e+00, sign=0.160, train=1.682e+00, val=1.684e+00]
GNN flow training:  31%|███       | 31/100 [02:20<05:11,  4.52s/epoch, best=1.684e+00, sign=0.160, train=1.682e+00, val=1.684e+00]
GNN flow training:  31%|███       | 31/100 [02:25<05:11,  4.52s/epoch, best=1.684e+00, sign=0.160, train=1.681e+00, val=1.681e+00]
GNN flow training:  32%|███▏      | 32/100 [02:25<05:08,  4.53s/epoch, best=1.684e+00, sign=0.160, train=1.681e+00, val=1.681e+00]
GNN flow training:  32%|███▏      | 32/100 [02:29<05:08,  4.53s/epoch, best=1.681e+00, sign=0.160, train=1.678e+00, val=1.674e+00]
GNN flow training:  33%|███▎      | 33/100 [02:29<05:03,  4.52s/epoch, best=1.681e+00, sign=0.160, train=1.678e+00, val=1.674e+00]
GNN flow training:  33%|███▎      | 33/100 [02:34<05:03,  4.52s/epoch, best=1.674e+00, sign=0.159, train=1.671e+00, val=1.673e+00]
GNN flow training:  34%|███▍      | 34/100 [02:34<04:58,  4.53s/epoch, best=1.674e+00, sign=0.159, train=1.671e+00, val=1.673e+00]
GNN flow training:  34%|███▍      | 34/100 [02:38<04:58,  4.53s/epoch, best=1.673e+00, sign=0.160, train=1.670e+00, val=1.675e+00]
GNN flow training:  35%|███▌      | 35/100 [02:38<04:54,  4.53s/epoch, best=1.673e+00, sign=0.160, train=1.670e+00, val=1.675e+00]
GNN flow training:  35%|███▌      | 35/100 [02:43<04:54,  4.53s/epoch, best=1.673e+00, sign=0.160, train=1.672e+00, val=1.670e+00]
GNN flow training:  36%|███▌      | 36/100 [02:43<04:49,  4.52s/epoch, best=1.673e+00, sign=0.160, train=1.672e+00, val=1.670e+00]
GNN flow training:  36%|███▌      | 36/100 [02:47<04:49,  4.52s/epoch, best=1.670e+00, sign=0.160, train=1.667e+00, val=1.668e+00]
GNN flow training:  37%|███▋      | 37/100 [02:47<04:44,  4.52s/epoch, best=1.670e+00, sign=0.160, train=1.667e+00, val=1.668e+00]
GNN flow training:  37%|███▋      | 37/100 [02:52<04:44,  4.52s/epoch, best=1.668e+00, sign=0.160, train=1.665e+00, val=1.663e+00]
GNN flow training:  38%|███▊      | 38/100 [02:52<04:39,  4.51s/epoch, best=1.668e+00, sign=0.160, train=1.665e+00, val=1.663e+00]
GNN flow training:  38%|███▊      | 38/100 [02:56<04:39,  4.51s/epoch, best=1.663e+00, sign=0.160, train=1.660e+00, val=1.656e+00]
GNN flow training:  39%|███▉      | 39/100 [02:56<04:34,  4.51s/epoch, best=1.663e+00, sign=0.160, train=1.660e+00, val=1.656e+00]
GNN flow training:  39%|███▉      | 39/100 [03:01<04:34,  4.51s/epoch, best=1.656e+00, sign=0.161, train=1.653e+00, val=1.654e+00]
GNN flow training:  40%|████      | 40/100 [03:01<04:30,  4.51s/epoch, best=1.656e+00, sign=0.161, train=1.653e+00, val=1.654e+00]
GNN flow training:  40%|████      | 40/100 [03:05<04:30,  4.51s/epoch, best=1.654e+00, sign=0.162, train=1.651e+00, val=1.656e+00]
GNN flow training:  41%|████      | 41/100 [03:05<04:27,  4.53s/epoch, best=1.654e+00, sign=0.162, train=1.651e+00, val=1.656e+00]
GNN flow training:  41%|████      | 41/100 [03:10<04:27,  4.53s/epoch, best=1.654e+00, sign=0.161, train=1.653e+00, val=1.653e+00]
GNN flow training:  42%|████▏     | 42/100 [03:10<04:22,  4.52s/epoch, best=1.654e+00, sign=0.161, train=1.653e+00, val=1.653e+00]
GNN flow training:  42%|████▏     | 42/100 [03:14<04:22,  4.52s/epoch, best=1.653e+00, sign=0.160, train=1.650e+00, val=1.657e+00]
GNN flow training:  43%|████▎     | 43/100 [03:14<04:16,  4.51s/epoch, best=1.653e+00, sign=0.160, train=1.650e+00, val=1.657e+00]
GNN flow training:  43%|████▎     | 43/100 [03:19<04:16,  4.51s/epoch, best=1.653e+00, sign=0.161, train=1.654e+00, val=1.650e+00]
GNN flow training:  44%|████▍     | 44/100 [03:19<04:12,  4.51s/epoch, best=1.653e+00, sign=0.161, train=1.654e+00, val=1.650e+00]
GNN flow training:  44%|████▍     | 44/100 [03:23<04:12,  4.51s/epoch, best=1.650e+00, sign=0.160, train=1.647e+00, val=1.658e+00]
GNN flow training:  45%|████▌     | 45/100 [03:23<04:07,  4.50s/epoch, best=1.650e+00, sign=0.160, train=1.647e+00, val=1.658e+00]
GNN flow training:  45%|████▌     | 45/100 [03:28<04:07,  4.50s/epoch, best=1.650e+00, sign=0.159, train=1.655e+00, val=1.657e+00]
GNN flow training:  46%|████▌     | 46/100 [03:28<04:04,  4.52s/epoch, best=1.650e+00, sign=0.159, train=1.655e+00, val=1.657e+00]
GNN flow training:  46%|████▌     | 46/100 [03:32<04:04,  4.52s/epoch, best=1.650e+00, sign=0.160, train=1.654e+00, val=1.651e+00]
GNN flow training:  47%|████▋     | 47/100 [03:32<03:58,  4.50s/epoch, best=1.650e+00, sign=0.160, train=1.654e+00, val=1.651e+00]
GNN flow training:  47%|████▋     | 47/100 [03:37<03:58,  4.50s/epoch, best=1.650e+00, sign=0.160, train=1.648e+00, val=1.641e+00]
GNN flow training:  48%|████▊     | 48/100 [03:37<03:53,  4.50s/epoch, best=1.650e+00, sign=0.160, train=1.648e+00, val=1.641e+00]
GNN flow training:  48%|████▊     | 48/100 [03:41<03:53,  4.50s/epoch, best=1.641e+00, sign=0.159, train=1.637e+00, val=1.636e+00]
GNN flow training:  49%|████▉     | 49/100 [03:41<03:49,  4.50s/epoch, best=1.641e+00, sign=0.159, train=1.637e+00, val=1.636e+00]
GNN flow training:  49%|████▉     | 49/100 [03:46<03:49,  4.50s/epoch, best=1.636e+00, sign=0.159, train=1.633e+00, val=1.633e+00]
GNN flow training:  50%|█████     | 50/100 [03:46<03:45,  4.51s/epoch, best=1.636e+00, sign=0.159, train=1.633e+00, val=1.633e+00]
GNN flow training:  50%|█████     | 50/100 [03:50<03:45,  4.51s/epoch, best=1.633e+00, sign=0.159, train=1.629e+00, val=1.633e+00]
GNN flow training:  51%|█████     | 51/100 [03:50<03:41,  4.51s/epoch, best=1.633e+00, sign=0.159, train=1.629e+00, val=1.633e+00]
GNN flow training:  51%|█████     | 51/100 [03:55<03:41,  4.51s/epoch, best=1.633e+00, sign=0.159, train=1.630e+00, val=1.630e+00]
GNN flow training:  52%|█████▏    | 52/100 [03:55<03:36,  4.50s/epoch, best=1.633e+00, sign=0.159, train=1.630e+00, val=1.630e+00]
GNN flow training:  52%|█████▏    | 52/100 [03:59<03:36,  4.50s/epoch, best=1.630e+00, sign=0.158, train=1.626e+00, val=1.634e+00]
GNN flow training:  53%|█████▎    | 53/100 [03:59<03:31,  4.50s/epoch, best=1.630e+00, sign=0.158, train=1.626e+00, val=1.634e+00]
GNN flow training:  53%|█████▎    | 53/100 [04:04<03:31,  4.50s/epoch, best=1.630e+00, sign=0.159, train=1.630e+00, val=1.629e+00]
GNN flow training:  54%|█████▍    | 54/100 [04:04<03:27,  4.50s/epoch, best=1.630e+00, sign=0.159, train=1.630e+00, val=1.629e+00]
GNN flow training:  54%|█████▍    | 54/100 [04:08<03:27,  4.50s/epoch, best=1.629e+00, sign=0.158, train=1.625e+00, val=1.636e+00]
GNN flow training:  55%|█████▌    | 55/100 [04:08<03:22,  4.50s/epoch, best=1.629e+00, sign=0.158, train=1.625e+00, val=1.636e+00]
GNN flow training:  55%|█████▌    | 55/100 [04:13<03:22,  4.50s/epoch, best=1.629e+00, sign=0.157, train=1.632e+00, val=1.634e+00]
GNN flow training:  56%|█████▌    | 56/100 [04:13<03:17,  4.49s/epoch, best=1.629e+00, sign=0.157, train=1.632e+00, val=1.634e+00]
GNN flow training:  56%|█████▌    | 56/100 [04:17<03:17,  4.49s/epoch, best=1.629e+00, sign=0.156, train=1.630e+00, val=1.640e+00]
GNN flow training:  57%|█████▋    | 57/100 [04:17<03:14,  4.52s/epoch, best=1.629e+00, sign=0.156, train=1.630e+00, val=1.640e+00]
GNN flow training:  57%|█████▋    | 57/100 [04:22<03:14,  4.52s/epoch, best=1.629e+00, sign=0.156, train=1.635e+00, val=1.644e+00]
GNN flow training:  58%|█████▊    | 58/100 [04:22<03:10,  4.53s/epoch, best=1.629e+00, sign=0.156, train=1.635e+00, val=1.644e+00]
GNN flow training:  58%|█████▊    | 58/100 [04:27<03:10,  4.53s/epoch, best=1.629e+00, sign=0.155, train=1.639e+00, val=1.649e+00]
GNN flow training:  59%|█████▉    | 59/100 [04:27<03:06,  4.54s/epoch, best=1.629e+00, sign=0.155, train=1.639e+00, val=1.649e+00]
GNN flow training:  59%|█████▉    | 59/100 [04:31<03:06,  4.54s/epoch, best=1.629e+00, sign=0.154, train=1.644e+00, val=1.645e+00]
GNN flow training:  60%|██████    | 60/100 [04:31<03:02,  4.55s/epoch, best=1.629e+00, sign=0.154, train=1.644e+00, val=1.645e+00]
GNN flow training:  60%|██████    | 60/100 [04:36<03:02,  4.55s/epoch, best=1.629e+00, sign=0.154, train=1.640e+00, val=1.645e+00]
GNN flow training:  61%|██████    | 61/100 [04:36<02:57,  4.56s/epoch, best=1.629e+00, sign=0.154, train=1.640e+00, val=1.645e+00]
GNN flow training:  61%|██████    | 61/100 [04:40<02:57,  4.56s/epoch, best=1.629e+00, sign=0.156, train=1.640e+00, val=1.638e+00]
GNN flow training:  62%|██████▏   | 62/100 [04:40<02:52,  4.55s/epoch, best=1.629e+00, sign=0.156, train=1.640e+00, val=1.638e+00]
GNN flow training:  62%|██████▏   | 62/100 [04:45<02:52,  4.55s/epoch, best=1.629e+00, sign=0.156, train=1.633e+00, val=1.638e+00]
GNN flow training:  63%|██████▎   | 63/100 [04:45<02:47,  4.54s/epoch, best=1.629e+00, sign=0.156, train=1.633e+00, val=1.638e+00]
GNN flow training:  63%|██████▎   | 63/100 [04:49<02:47,  4.54s/epoch, best=1.629e+00, sign=0.158, train=1.633e+00, val=1.628e+00]
GNN flow training:  64%|██████▍   | 64/100 [04:49<02:42,  4.53s/epoch, best=1.629e+00, sign=0.158, train=1.633e+00, val=1.628e+00]
GNN flow training:  64%|██████▍   | 64/100 [04:54<02:42,  4.53s/epoch, best=1.628e+00, sign=0.159, train=1.623e+00, val=1.611e+00]
GNN flow training:  65%|██████▌   | 65/100 [04:54<02:37,  4.51s/epoch, best=1.628e+00, sign=0.159, train=1.623e+00, val=1.611e+00]
GNN flow training:  65%|██████▌   | 65/100 [04:58<02:37,  4.51s/epoch, best=1.611e+00, sign=0.159, train=1.607e+00, val=1.607e+00]
GNN flow training:  66%|██████▌   | 66/100 [04:58<02:33,  4.51s/epoch, best=1.611e+00, sign=0.159, train=1.607e+00, val=1.607e+00]
GNN flow training:  66%|██████▌   | 66/100 [05:03<02:33,  4.51s/epoch, best=1.607e+00, sign=0.159, train=1.603e+00, val=1.609e+00]
GNN flow training:  67%|██████▋   | 67/100 [05:03<02:29,  4.52s/epoch, best=1.607e+00, sign=0.159, train=1.603e+00, val=1.609e+00]
GNN flow training:  67%|██████▋   | 67/100 [05:07<02:29,  4.52s/epoch, best=1.607e+00, sign=0.160, train=1.605e+00, val=1.608e+00]
GNN flow training:  68%|██████▊   | 68/100 [05:07<02:24,  4.52s/epoch, best=1.607e+00, sign=0.160, train=1.605e+00, val=1.608e+00]
GNN flow training:  68%|██████▊   | 68/100 [05:12<02:24,  4.52s/epoch, best=1.607e+00, sign=0.160, train=1.604e+00, val=1.612e+00]
GNN flow training:  69%|██████▉   | 69/100 [05:12<02:19,  4.51s/epoch, best=1.607e+00, sign=0.160, train=1.604e+00, val=1.612e+00]
GNN flow training:  69%|██████▉   | 69/100 [05:16<02:19,  4.51s/epoch, best=1.607e+00, sign=0.161, train=1.609e+00, val=1.611e+00]
GNN flow training:  70%|███████   | 70/100 [05:16<02:15,  4.50s/epoch, best=1.607e+00, sign=0.161, train=1.609e+00, val=1.611e+00]
GNN flow training:  70%|███████   | 70/100 [05:21<02:15,  4.50s/epoch, best=1.607e+00, sign=0.161, train=1.608e+00, val=1.600e+00]
GNN flow training:  71%|███████   | 71/100 [05:21<02:10,  4.50s/epoch, best=1.607e+00, sign=0.161, train=1.608e+00, val=1.600e+00]
GNN flow training:  71%|███████   | 71/100 [05:25<02:10,  4.50s/epoch, best=1.600e+00, sign=0.162, train=1.597e+00, val=1.594e+00]
GNN flow training:  72%|███████▏  | 72/100 [05:25<02:05,  4.49s/epoch, best=1.600e+00, sign=0.162, train=1.597e+00, val=1.594e+00]
GNN flow training:  72%|███████▏  | 72/100 [05:30<02:05,  4.49s/epoch, best=1.594e+00, sign=0.163, train=1.590e+00, val=1.586e+00]
GNN flow training:  73%|███████▎  | 73/100 [05:30<02:01,  4.50s/epoch, best=1.594e+00, sign=0.163, train=1.590e+00, val=1.586e+00]
GNN flow training:  73%|███████▎  | 73/100 [05:34<02:01,  4.50s/epoch, best=1.586e+00, sign=0.163, train=1.582e+00, val=1.578e+00]
GNN flow training:  74%|███████▍  | 74/100 [05:34<01:57,  4.51s/epoch, best=1.586e+00, sign=0.163, train=1.582e+00, val=1.578e+00]
GNN flow training:  74%|███████▍  | 74/100 [05:39<01:57,  4.51s/epoch, best=1.578e+00, sign=0.162, train=1.574e+00, val=1.583e+00]
GNN flow training:  75%|███████▌  | 75/100 [05:39<01:53,  4.53s/epoch, best=1.578e+00, sign=0.162, train=1.574e+00, val=1.583e+00]
GNN flow training:  75%|███████▌  | 75/100 [05:43<01:53,  4.53s/epoch, best=1.578e+00, sign=0.162, train=1.579e+00, val=1.588e+00]
GNN flow training:  76%|███████▌  | 76/100 [05:43<01:48,  4.52s/epoch, best=1.578e+00, sign=0.162, train=1.579e+00, val=1.588e+00]
GNN flow training:  76%|███████▌  | 76/100 [05:48<01:48,  4.52s/epoch, best=1.578e+00, sign=0.161, train=1.584e+00, val=1.585e+00]
GNN flow training:  77%|███████▋  | 77/100 [05:48<01:44,  4.54s/epoch, best=1.578e+00, sign=0.161, train=1.584e+00, val=1.585e+00]
GNN flow training:  77%|███████▋  | 77/100 [05:52<01:44,  4.54s/epoch, best=1.578e+00, sign=0.162, train=1.581e+00, val=1.583e+00]
GNN flow training:  78%|███████▊  | 78/100 [05:52<01:39,  4.54s/epoch, best=1.578e+00, sign=0.162, train=1.581e+00, val=1.583e+00]
GNN flow training:  78%|███████▊  | 78/100 [05:57<01:39,  4.54s/epoch, best=1.578e+00, sign=0.162, train=1.579e+00, val=1.584e+00]
GNN flow training:  79%|███████▉  | 79/100 [05:57<01:35,  4.53s/epoch, best=1.578e+00, sign=0.162, train=1.579e+00, val=1.584e+00]
GNN flow training:  79%|███████▉  | 79/100 [06:02<01:35,  4.53s/epoch, best=1.578e+00, sign=0.164, train=1.581e+00, val=1.583e+00]
GNN flow training:  80%|████████  | 80/100 [06:02<01:30,  4.54s/epoch, best=1.578e+00, sign=0.164, train=1.581e+00, val=1.583e+00]
GNN flow training:  80%|████████  | 80/100 [06:06<01:30,  4.54s/epoch, best=1.578e+00, sign=0.164, train=1.579e+00, val=1.580e+00]
GNN flow training:  81%|████████  | 81/100 [06:06<01:26,  4.53s/epoch, best=1.578e+00, sign=0.164, train=1.579e+00, val=1.580e+00]
GNN flow training:  81%|████████  | 81/100 [06:11<01:26,  4.53s/epoch, best=1.578e+00, sign=0.165, train=1.577e+00, val=1.575e+00]
GNN flow training:  82%|████████▏ | 82/100 [06:11<01:21,  4.53s/epoch, best=1.578e+00, sign=0.165, train=1.577e+00, val=1.575e+00]
GNN flow training:  82%|████████▏ | 82/100 [06:15<01:21,  4.53s/epoch, best=1.575e+00, sign=0.165, train=1.571e+00, val=1.573e+00]
GNN flow training:  83%|████████▎ | 83/100 [06:15<01:17,  4.53s/epoch, best=1.575e+00, sign=0.165, train=1.571e+00, val=1.573e+00]
GNN flow training:  83%|████████▎ | 83/100 [06:20<01:17,  4.53s/epoch, best=1.573e+00, sign=0.165, train=1.570e+00, val=1.570e+00]
GNN flow training:  84%|████████▍ | 84/100 [06:20<01:12,  4.53s/epoch, best=1.573e+00, sign=0.165, train=1.570e+00, val=1.570e+00]
GNN flow training:  84%|████████▍ | 84/100 [06:24<01:12,  4.53s/epoch, best=1.570e+00, sign=0.165, train=1.567e+00, val=1.564e+00]
GNN flow training:  85%|████████▌ | 85/100 [06:24<01:07,  4.52s/epoch, best=1.570e+00, sign=0.165, train=1.567e+00, val=1.564e+00]
GNN flow training:  85%|████████▌ | 85/100 [06:29<01:07,  4.52s/epoch, best=1.564e+00, sign=0.165, train=1.561e+00, val=1.560e+00]
GNN flow training:  86%|████████▌ | 86/100 [06:29<01:03,  4.51s/epoch, best=1.564e+00, sign=0.165, train=1.561e+00, val=1.560e+00]
GNN flow training:  86%|████████▌ | 86/100 [06:33<01:03,  4.51s/epoch, best=1.560e+00, sign=0.165, train=1.556e+00, val=1.556e+00]
GNN flow training:  87%|████████▋ | 87/100 [06:33<00:58,  4.52s/epoch, best=1.560e+00, sign=0.165, train=1.556e+00, val=1.556e+00]
GNN flow training:  87%|████████▋ | 87/100 [06:38<00:58,  4.52s/epoch, best=1.556e+00, sign=0.166, train=1.553e+00, val=1.559e+00]
GNN flow training:  88%|████████▊ | 88/100 [06:38<00:54,  4.51s/epoch, best=1.556e+00, sign=0.166, train=1.553e+00, val=1.559e+00]
GNN flow training:  88%|████████▊ | 88/100 [06:42<00:54,  4.51s/epoch, best=1.556e+00, sign=0.165, train=1.555e+00, val=1.544e+00]
GNN flow training:  89%|████████▉ | 89/100 [06:42<00:49,  4.50s/epoch, best=1.556e+00, sign=0.165, train=1.555e+00, val=1.544e+00]
GNN flow training:  89%|████████▉ | 89/100 [06:47<00:49,  4.50s/epoch, best=1.544e+00, sign=0.165, train=1.540e+00, val=1.541e+00]
GNN flow training:  90%|█████████ | 90/100 [06:47<00:44,  4.50s/epoch, best=1.544e+00, sign=0.165, train=1.540e+00, val=1.541e+00]
GNN flow training:  90%|█████████ | 90/100 [06:51<00:44,  4.50s/epoch, best=1.541e+00, sign=0.166, train=1.537e+00, val=1.538e+00]
GNN flow training:  91%|█████████ | 91/100 [06:51<00:40,  4.50s/epoch, best=1.541e+00, sign=0.166, train=1.537e+00, val=1.538e+00]
GNN flow training:  91%|█████████ | 91/100 [06:56<00:40,  4.50s/epoch, best=1.538e+00, sign=0.165, train=1.534e+00, val=1.537e+00]
GNN flow training:  92%|█████████▏| 92/100 [06:56<00:36,  4.50s/epoch, best=1.538e+00, sign=0.165, train=1.534e+00, val=1.537e+00]
GNN flow training:  92%|█████████▏| 92/100 [07:00<00:36,  4.50s/epoch, best=1.537e+00, sign=0.165, train=1.534e+00, val=1.527e+00]
GNN flow training:  93%|█████████▎| 93/100 [07:00<00:31,  4.50s/epoch, best=1.537e+00, sign=0.165, train=1.534e+00, val=1.527e+00]
GNN flow training:  93%|█████████▎| 93/100 [07:05<00:31,  4.50s/epoch, best=1.527e+00, sign=0.166, train=1.524e+00, val=1.530e+00]
GNN flow training:  94%|█████████▍| 94/100 [07:05<00:27,  4.51s/epoch, best=1.527e+00, sign=0.166, train=1.524e+00, val=1.530e+00]
GNN flow training:  94%|█████████▍| 94/100 [07:09<00:27,  4.51s/epoch, best=1.527e+00, sign=0.166, train=1.527e+00, val=1.550e+00]
GNN flow training:  95%|█████████▌| 95/100 [07:09<00:22,  4.51s/epoch, best=1.527e+00, sign=0.166, train=1.527e+00, val=1.550e+00]
GNN flow training:  95%|█████████▌| 95/100 [07:14<00:22,  4.51s/epoch, best=1.527e+00, sign=0.165, train=1.548e+00, val=1.577e+00]
GNN flow training:  96%|█████████▌| 96/100 [07:14<00:18,  4.52s/epoch, best=1.527e+00, sign=0.165, train=1.548e+00, val=1.577e+00]
GNN flow training:  96%|█████████▌| 96/100 [07:18<00:18,  4.52s/epoch, best=1.527e+00, sign=0.166, train=1.575e+00, val=1.573e+00]
GNN flow training:  97%|█████████▋| 97/100 [07:18<00:13,  4.51s/epoch, best=1.527e+00, sign=0.166, train=1.575e+00, val=1.573e+00]
GNN flow training:  97%|█████████▋| 97/100 [07:23<00:13,  4.51s/epoch, best=1.527e+00, sign=0.167, train=1.571e+00, val=1.544e+00]
GNN flow training:  98%|█████████▊| 98/100 [07:23<00:09,  4.51s/epoch, best=1.527e+00, sign=0.167, train=1.571e+00, val=1.544e+00]
GNN flow training:  98%|█████████▊| 98/100 [07:27<00:09,  4.51s/epoch, best=1.527e+00, sign=0.166, train=1.542e+00, val=1.521e+00]
GNN flow training:  99%|█████████▉| 99/100 [07:27<00:04,  4.50s/epoch, best=1.527e+00, sign=0.166, train=1.542e+00, val=1.521e+00]
GNN flow training:  99%|█████████▉| 99/100 [07:32<00:04,  4.50s/epoch, best=1.521e+00, sign=0.165, train=1.518e+00, val=1.522e+00]
GNN flow training: 100%|██████████| 100/100 [07:32<00:00,  4.50s/epoch, best=1.521e+00, sign=0.165, train=1.518e+00, val=1.522e+00]
GNN flow training: 100%|██████████| 100/100 [07:32<00:00,  4.52s/epoch, best=1.521e+00, sign=0.165, train=1.518e+00, val=1.522e+00]
Resolved config snapshot:
{'preset': 'solver_QKB_outer_QKBdelta', 'gnn_outer_losses': {'flow': 1.0, 'kirchhoff': 1.0, 'boundary': 100.0, 'delta_l2': 10.0, 'delta_smooth': 0.0, 'pressure_shape': 0.0}, 'physics': {'arterial_flow_mode': 'dataset', 'pressure_constraints': ['equal-a-equal-v'], 'alpha_pa': None, 'use_snr_weights': True, 'use_observed_flow_snr_weighting': True, 'flow_scale_mode': 'median_abs', 'solver_device': 'same', 'pressure_solver_mode': 'reduced-soft-constrained-lstsq', 'pressure_solver_lambda_kirchhoff': 1.0, 'pressure_solver_lambda_pressure_constraints': 100.0, 'pressure_solver_lambda_flow_residual': 1.0, 'pressure_shape_reference': 'delta_zero_reference', 'pressure_detach': False}, 'correction_bounds': {'correction_min': -0.5, 'correction_max': 0.5, 'correction_bound': 0.5, 'correction_parameterization': 'tanh'}, 'optimization': {'learning_rate': 0.001, 'weight_decay': 0.0001, 'gradient_clip_norm': 5.0, 'optimizer': 'adamw', 'epochs': 100, 'patience': 40}}
Shard 23/80: 1 of 80 runs
Command: /mnt/home/sswee/miniforge3/envs/yolk-sac/bin/python /mnt/home/sswee/yolk/Yolk-Sac-Flow-Data-and-Sim/gnn_clean/scripts/python/gnn_flow.py /mnt/home/sswee/yolk/Yolk-Sac-Flow-Data-and-Sim/gnn_clean/datasets/mosaic_graph_norm_canonical.gpickle --output-dir /mnt/home/sswee/yolk/Yolk-Sac-Flow-Data-and-Sim/gnn_clean/outputs_canonical_norm/dc/02_physics_weight_sweep/gnn --run-name q_1__k_1__delta_10 --preset solver_QKB_outer_QKBdelta --device cuda --epochs 100 --seed 0 --viscosity-pa-s 0.0035 --config /mnt/home/sswee/yolk/Yolk-Sac-Flow-Data-and-Sim/gnn_clean/outputs_canonical_norm/dc/02_physics_weight_sweep/_generated_configs/q_1__k_1__delta_10.yaml --no-pressure-detach
