[info] DC Step 2 canonical sweep uses fixed lambda_B=100.0 for both the outer boundary loss and the reduced pressure-solver boundary constraint.

GNN flow training:   0%|          | 0/100 [00:00<?, ?epoch/s]
GNN flow training:   0%|          | 0/100 [00:06<?, ?epoch/s, best=2.665e+01, sign=0.160, train=2.649e+01, val=2.665e+01]
GNN flow training:   1%|          | 1/100 [00:06<10:41,  6.48s/epoch, best=2.665e+01, sign=0.160, train=2.649e+01, val=2.665e+01]
GNN flow training:   1%|          | 1/100 [00:12<10:41,  6.48s/epoch, best=2.665e+01, sign=0.161, train=2.647e+01, val=2.663e+01]
GNN flow training:   2%|▏         | 2/100 [00:12<10:31,  6.45s/epoch, best=2.665e+01, sign=0.161, train=2.647e+01, val=2.663e+01]
GNN flow training:   2%|▏         | 2/100 [00:19<10:31,  6.45s/epoch, best=2.663e+01, sign=0.160, train=2.644e+01, val=2.662e+01]
GNN flow training:   3%|▎         | 3/100 [00:19<10:22,  6.42s/epoch, best=2.663e+01, sign=0.160, train=2.644e+01, val=2.662e+01]
GNN flow training:   3%|▎         | 3/100 [00:25<10:22,  6.42s/epoch, best=2.662e+01, sign=0.160, train=2.643e+01, val=2.658e+01]
GNN flow training:   4%|▍         | 4/100 [00:25<10:18,  6.44s/epoch, best=2.662e+01, sign=0.160, train=2.643e+01, val=2.658e+01]
GNN flow training:   4%|▍         | 4/100 [00:32<10:18,  6.44s/epoch, best=2.658e+01, sign=0.159, train=2.637e+01, val=2.654e+01]
GNN flow training:   5%|▌         | 5/100 [00:32<10:05,  6.37s/epoch, best=2.658e+01, sign=0.159, train=2.637e+01, val=2.654e+01]
GNN flow training:   5%|▌         | 5/100 [00:38<10:05,  6.37s/epoch, best=2.654e+01, sign=0.156, train=2.631e+01, val=2.653e+01]
GNN flow training:   6%|▌         | 6/100 [00:38<09:57,  6.36s/epoch, best=2.654e+01, sign=0.156, train=2.631e+01, val=2.653e+01]
GNN flow training:   6%|▌         | 6/100 [00:44<09:57,  6.36s/epoch, best=2.653e+01, sign=0.154, train=2.629e+01, val=2.651e+01]
GNN flow training:   7%|▋         | 7/100 [00:44<09:50,  6.35s/epoch, best=2.653e+01, sign=0.154, train=2.629e+01, val=2.651e+01]
GNN flow training:   7%|▋         | 7/100 [00:50<09:50,  6.35s/epoch, best=2.651e+01, sign=0.152, train=2.626e+01, val=2.653e+01]
GNN flow training:   8%|▊         | 8/100 [00:50<09:42,  6.33s/epoch, best=2.651e+01, sign=0.152, train=2.626e+01, val=2.653e+01]
GNN flow training:   8%|▊         | 8/100 [00:57<09:42,  6.33s/epoch, best=2.651e+01, sign=0.151, train=2.626e+01, val=2.651e+01]
GNN flow training:   9%|▉         | 9/100 [00:57<09:35,  6.32s/epoch, best=2.651e+01, sign=0.151, train=2.626e+01, val=2.651e+01]
GNN flow training:   9%|▉         | 9/100 [01:03<09:35,  6.32s/epoch, best=2.651e+01, sign=0.150, train=2.622e+01, val=2.650e+01]
GNN flow training:  10%|█         | 10/100 [01:03<09:28,  6.31s/epoch, best=2.651e+01, sign=0.150, train=2.622e+01, val=2.650e+01]
GNN flow training:  10%|█         | 10/100 [01:09<09:28,  6.31s/epoch, best=2.650e+01, sign=0.148, train=2.620e+01, val=2.647e+01]
GNN flow training:  11%|█         | 11/100 [01:09<09:21,  6.31s/epoch, best=2.650e+01, sign=0.148, train=2.620e+01, val=2.647e+01]
GNN flow training:  11%|█         | 11/100 [01:16<09:21,  6.31s/epoch, best=2.647e+01, sign=0.149, train=2.615e+01, val=2.648e+01]
GNN flow training:  12%|█▏        | 12/100 [01:16<09:14,  6.30s/epoch, best=2.647e+01, sign=0.149, train=2.615e+01, val=2.648e+01]
GNN flow training:  12%|█▏        | 12/100 [01:22<09:14,  6.30s/epoch, best=2.647e+01, sign=0.147, train=2.612e+01, val=2.649e+01]
GNN flow training:  13%|█▎        | 13/100 [01:22<09:07,  6.29s/epoch, best=2.647e+01, sign=0.147, train=2.612e+01, val=2.649e+01]
GNN flow training:  13%|█▎        | 13/100 [01:28<09:07,  6.29s/epoch, best=2.647e+01, sign=0.146, train=2.610e+01, val=2.650e+01]
GNN flow training:  14%|█▍        | 14/100 [01:28<09:03,  6.32s/epoch, best=2.647e+01, sign=0.146, train=2.610e+01, val=2.650e+01]
GNN flow training:  14%|█▍        | 14/100 [01:35<09:03,  6.32s/epoch, best=2.647e+01, sign=0.146, train=2.608e+01, val=2.649e+01]
GNN flow training:  15%|█▌        | 15/100 [01:35<09:00,  6.36s/epoch, best=2.647e+01, sign=0.146, train=2.608e+01, val=2.649e+01]
GNN flow training:  15%|█▌        | 15/100 [01:41<09:00,  6.36s/epoch, best=2.647e+01, sign=0.146, train=2.606e+01, val=2.644e+01]
GNN flow training:  16%|█▌        | 16/100 [01:41<08:53,  6.35s/epoch, best=2.647e+01, sign=0.146, train=2.606e+01, val=2.644e+01]
GNN flow training:  16%|█▌        | 16/100 [01:47<08:53,  6.35s/epoch, best=2.644e+01, sign=0.146, train=2.599e+01, val=2.641e+01]
GNN flow training:  17%|█▋        | 17/100 [01:47<08:45,  6.33s/epoch, best=2.644e+01, sign=0.146, train=2.599e+01, val=2.641e+01]
GNN flow training:  17%|█▋        | 17/100 [01:54<08:45,  6.33s/epoch, best=2.641e+01, sign=0.146, train=2.597e+01, val=2.638e+01]
GNN flow training:  18%|█▊        | 18/100 [01:54<08:39,  6.33s/epoch, best=2.641e+01, sign=0.146, train=2.597e+01, val=2.638e+01]
GNN flow training:  18%|█▊        | 18/100 [02:00<08:39,  6.33s/epoch, best=2.638e+01, sign=0.147, train=2.592e+01, val=2.635e+01]
GNN flow training:  19%|█▉        | 19/100 [02:00<08:30,  6.31s/epoch, best=2.638e+01, sign=0.147, train=2.592e+01, val=2.635e+01]
GNN flow training:  19%|█▉        | 19/100 [02:06<08:30,  6.31s/epoch, best=2.635e+01, sign=0.147, train=2.587e+01, val=2.630e+01]
GNN flow training:  20%|██        | 20/100 [02:06<08:25,  6.32s/epoch, best=2.635e+01, sign=0.147, train=2.587e+01, val=2.630e+01]
GNN flow training:  20%|██        | 20/100 [02:13<08:25,  6.32s/epoch, best=2.630e+01, sign=0.148, train=2.581e+01, val=2.630e+01]
GNN flow training:  21%|██        | 21/100 [02:13<08:19,  6.33s/epoch, best=2.630e+01, sign=0.148, train=2.581e+01, val=2.630e+01]
GNN flow training:  21%|██        | 21/100 [02:19<08:19,  6.33s/epoch, best=2.630e+01, sign=0.148, train=2.584e+01, val=2.630e+01]
GNN flow training:  22%|██▏       | 22/100 [02:19<08:13,  6.33s/epoch, best=2.630e+01, sign=0.148, train=2.584e+01, val=2.630e+01]
GNN flow training:  22%|██▏       | 22/100 [02:25<08:13,  6.33s/epoch, best=2.630e+01, sign=0.148, train=2.584e+01, val=2.629e+01]
GNN flow training:  23%|██▎       | 23/100 [02:25<08:08,  6.35s/epoch, best=2.630e+01, sign=0.148, train=2.584e+01, val=2.629e+01]
GNN flow training:  23%|██▎       | 23/100 [02:32<08:08,  6.35s/epoch, best=2.629e+01, sign=0.149, train=2.583e+01, val=2.627e+01]
GNN flow training:  24%|██▍       | 24/100 [02:32<08:01,  6.33s/epoch, best=2.629e+01, sign=0.149, train=2.583e+01, val=2.627e+01]
GNN flow training:  24%|██▍       | 24/100 [02:38<08:01,  6.33s/epoch, best=2.627e+01, sign=0.148, train=2.580e+01, val=2.630e+01]
GNN flow training:  25%|██▌       | 25/100 [02:38<07:54,  6.33s/epoch, best=2.627e+01, sign=0.148, train=2.580e+01, val=2.630e+01]
GNN flow training:  25%|██▌       | 25/100 [02:44<07:54,  6.33s/epoch, best=2.627e+01, sign=0.150, train=2.582e+01, val=2.632e+01]
GNN flow training:  26%|██▌       | 26/100 [02:44<07:49,  6.35s/epoch, best=2.627e+01, sign=0.150, train=2.582e+01, val=2.632e+01]
GNN flow training:  26%|██▌       | 26/100 [02:51<07:49,  6.35s/epoch, best=2.627e+01, sign=0.151, train=2.584e+01, val=2.635e+01]
GNN flow training:  27%|██▋       | 27/100 [02:51<07:44,  6.36s/epoch, best=2.627e+01, sign=0.151, train=2.584e+01, val=2.635e+01]
GNN flow training:  27%|██▋       | 27/100 [02:57<07:44,  6.36s/epoch, best=2.627e+01, sign=0.151, train=2.587e+01, val=2.639e+01]
GNN flow training:  28%|██▊       | 28/100 [02:57<07:37,  6.35s/epoch, best=2.627e+01, sign=0.151, train=2.587e+01, val=2.639e+01]
GNN flow training:  28%|██▊       | 28/100 [03:03<07:37,  6.35s/epoch, best=2.627e+01, sign=0.150, train=2.591e+01, val=2.641e+01]
GNN flow training:  29%|██▉       | 29/100 [03:03<07:30,  6.34s/epoch, best=2.627e+01, sign=0.150, train=2.591e+01, val=2.641e+01]
GNN flow training:  29%|██▉       | 29/100 [03:10<07:30,  6.34s/epoch, best=2.627e+01, sign=0.149, train=2.592e+01, val=2.639e+01]
GNN flow training:  30%|███       | 30/100 [03:10<07:24,  6.34s/epoch, best=2.627e+01, sign=0.149, train=2.592e+01, val=2.639e+01]
GNN flow training:  30%|███       | 30/100 [03:16<07:24,  6.34s/epoch, best=2.627e+01, sign=0.148, train=2.586e+01, val=2.635e+01]
GNN flow training:  31%|███       | 31/100 [03:16<07:16,  6.33s/epoch, best=2.627e+01, sign=0.148, train=2.586e+01, val=2.635e+01]
GNN flow training:  31%|███       | 31/100 [03:22<07:16,  6.33s/epoch, best=2.627e+01, sign=0.146, train=2.578e+01, val=2.630e+01]
GNN flow training:  32%|███▏      | 32/100 [03:22<07:10,  6.33s/epoch, best=2.627e+01, sign=0.146, train=2.578e+01, val=2.630e+01]
GNN flow training:  32%|███▏      | 32/100 [03:29<07:10,  6.33s/epoch, best=2.627e+01, sign=0.144, train=2.567e+01, val=2.627e+01]
GNN flow training:  33%|███▎      | 33/100 [03:29<07:05,  6.35s/epoch, best=2.627e+01, sign=0.144, train=2.567e+01, val=2.627e+01]
GNN flow training:  33%|███▎      | 33/100 [03:35<07:05,  6.35s/epoch, best=2.627e+01, sign=0.143, train=2.556e+01, val=2.626e+01]
GNN flow training:  34%|███▍      | 34/100 [03:35<06:57,  6.33s/epoch, best=2.627e+01, sign=0.143, train=2.556e+01, val=2.626e+01]
GNN flow training:  34%|███▍      | 34/100 [03:41<06:57,  6.33s/epoch, best=2.626e+01, sign=0.142, train=2.553e+01, val=2.625e+01]
GNN flow training:  35%|███▌      | 35/100 [03:41<06:53,  6.35s/epoch, best=2.626e+01, sign=0.142, train=2.553e+01, val=2.625e+01]
GNN flow training:  35%|███▌      | 35/100 [03:48<06:53,  6.35s/epoch, best=2.625e+01, sign=0.141, train=2.549e+01, val=2.623e+01]
GNN flow training:  36%|███▌      | 36/100 [03:48<06:47,  6.36s/epoch, best=2.625e+01, sign=0.141, train=2.549e+01, val=2.623e+01]
GNN flow training:  36%|███▌      | 36/100 [03:54<06:47,  6.36s/epoch, best=2.623e+01, sign=0.140, train=2.545e+01, val=2.622e+01]
GNN flow training:  37%|███▋      | 37/100 [03:54<06:40,  6.36s/epoch, best=2.623e+01, sign=0.140, train=2.545e+01, val=2.622e+01]
GNN flow training:  37%|███▋      | 37/100 [04:01<06:40,  6.36s/epoch, best=2.622e+01, sign=0.139, train=2.541e+01, val=2.625e+01]
GNN flow training:  38%|███▊      | 38/100 [04:01<06:35,  6.37s/epoch, best=2.622e+01, sign=0.139, train=2.541e+01, val=2.625e+01]
GNN flow training:  38%|███▊      | 38/100 [04:07<06:35,  6.37s/epoch, best=2.622e+01, sign=0.139, train=2.541e+01, val=2.628e+01]
GNN flow training:  39%|███▉      | 39/100 [04:07<06:27,  6.35s/epoch, best=2.622e+01, sign=0.139, train=2.541e+01, val=2.628e+01]
GNN flow training:  39%|███▉      | 39/100 [04:13<06:27,  6.35s/epoch, best=2.622e+01, sign=0.138, train=2.541e+01, val=2.630e+01]
GNN flow training:  40%|████      | 40/100 [04:13<06:20,  6.35s/epoch, best=2.622e+01, sign=0.138, train=2.541e+01, val=2.630e+01]
GNN flow training:  40%|████      | 40/100 [04:20<06:20,  6.35s/epoch, best=2.622e+01, sign=0.138, train=2.540e+01, val=2.632e+01]
GNN flow training:  41%|████      | 41/100 [04:20<06:14,  6.34s/epoch, best=2.622e+01, sign=0.138, train=2.540e+01, val=2.632e+01]
GNN flow training:  41%|████      | 41/100 [04:26<06:14,  6.34s/epoch, best=2.622e+01, sign=0.138, train=2.540e+01, val=2.634e+01]
GNN flow training:  42%|████▏     | 42/100 [04:26<06:08,  6.36s/epoch, best=2.622e+01, sign=0.138, train=2.540e+01, val=2.634e+01]
GNN flow training:  42%|████▏     | 42/100 [04:32<06:08,  6.36s/epoch, best=2.622e+01, sign=0.137, train=2.540e+01, val=2.637e+01]
GNN flow training:  43%|████▎     | 43/100 [04:32<06:01,  6.34s/epoch, best=2.622e+01, sign=0.137, train=2.540e+01, val=2.637e+01]
GNN flow training:  43%|████▎     | 43/100 [04:39<06:01,  6.34s/epoch, best=2.622e+01, sign=0.137, train=2.539e+01, val=2.645e+01]
GNN flow training:  44%|████▍     | 44/100 [04:39<05:54,  6.33s/epoch, best=2.622e+01, sign=0.137, train=2.539e+01, val=2.645e+01]
GNN flow training:  44%|████▍     | 44/100 [04:45<05:54,  6.33s/epoch, best=2.622e+01, sign=0.136, train=2.541e+01, val=2.647e+01]
GNN flow training:  45%|████▌     | 45/100 [04:45<05:47,  6.31s/epoch, best=2.622e+01, sign=0.136, train=2.541e+01, val=2.647e+01]
GNN flow training:  45%|████▌     | 45/100 [04:51<05:47,  6.31s/epoch, best=2.622e+01, sign=0.136, train=2.542e+01, val=2.652e+01]
GNN flow training:  46%|████▌     | 46/100 [04:51<05:41,  6.32s/epoch, best=2.622e+01, sign=0.136, train=2.542e+01, val=2.652e+01]
GNN flow training:  46%|████▌     | 46/100 [04:58<05:41,  6.32s/epoch, best=2.622e+01, sign=0.136, train=2.540e+01, val=2.652e+01]
GNN flow training:  47%|████▋     | 47/100 [04:58<05:35,  6.34s/epoch, best=2.622e+01, sign=0.136, train=2.540e+01, val=2.652e+01]
GNN flow training:  47%|████▋     | 47/100 [05:04<05:35,  6.34s/epoch, best=2.622e+01, sign=0.137, train=2.539e+01, val=2.647e+01]
GNN flow training:  48%|████▊     | 48/100 [05:04<05:30,  6.35s/epoch, best=2.622e+01, sign=0.137, train=2.539e+01, val=2.647e+01]
GNN flow training:  48%|████▊     | 48/100 [05:10<05:30,  6.35s/epoch, best=2.622e+01, sign=0.137, train=2.534e+01, val=2.644e+01]
GNN flow training:  49%|████▉     | 49/100 [05:10<05:24,  6.36s/epoch, best=2.622e+01, sign=0.137, train=2.534e+01, val=2.644e+01]
GNN flow training:  49%|████▉     | 49/100 [05:17<05:24,  6.36s/epoch, best=2.622e+01, sign=0.137, train=2.530e+01, val=2.639e+01]
GNN flow training:  50%|█████     | 50/100 [05:17<05:18,  6.36s/epoch, best=2.622e+01, sign=0.137, train=2.530e+01, val=2.639e+01]
GNN flow training:  50%|█████     | 50/100 [05:23<05:18,  6.36s/epoch, best=2.622e+01, sign=0.138, train=2.526e+01, val=2.637e+01]
GNN flow training:  51%|█████     | 51/100 [05:23<05:10,  6.34s/epoch, best=2.622e+01, sign=0.138, train=2.526e+01, val=2.637e+01]
GNN flow training:  51%|█████     | 51/100 [05:29<05:10,  6.34s/epoch, best=2.622e+01, sign=0.138, train=2.522e+01, val=2.635e+01]
GNN flow training:  52%|█████▏    | 52/100 [05:29<05:04,  6.34s/epoch, best=2.622e+01, sign=0.138, train=2.522e+01, val=2.635e+01]
GNN flow training:  52%|█████▏    | 52/100 [05:36<05:04,  6.34s/epoch, best=2.622e+01, sign=0.139, train=2.521e+01, val=2.634e+01]
GNN flow training:  53%|█████▎    | 53/100 [05:36<04:58,  6.35s/epoch, best=2.622e+01, sign=0.139, train=2.521e+01, val=2.634e+01]
GNN flow training:  53%|█████▎    | 53/100 [05:42<04:58,  6.35s/epoch, best=2.622e+01, sign=0.142, train=2.521e+01, val=2.628e+01]
GNN flow training:  54%|█████▍    | 54/100 [05:42<04:52,  6.36s/epoch, best=2.622e+01, sign=0.142, train=2.521e+01, val=2.628e+01]
GNN flow training:  54%|█████▍    | 54/100 [05:48<04:52,  6.36s/epoch, best=2.622e+01, sign=0.141, train=2.521e+01, val=2.621e+01]
GNN flow training:  55%|█████▌    | 55/100 [05:48<04:46,  6.36s/epoch, best=2.622e+01, sign=0.141, train=2.521e+01, val=2.621e+01]
GNN flow training:  55%|█████▌    | 55/100 [05:55<04:46,  6.36s/epoch, best=2.621e+01, sign=0.141, train=2.522e+01, val=2.616e+01]
GNN flow training:  56%|█████▌    | 56/100 [05:55<04:39,  6.35s/epoch, best=2.621e+01, sign=0.141, train=2.522e+01, val=2.616e+01]
GNN flow training:  56%|█████▌    | 56/100 [06:01<04:39,  6.35s/epoch, best=2.616e+01, sign=0.141, train=2.521e+01, val=2.615e+01]
GNN flow training:  57%|█████▋    | 57/100 [06:01<04:33,  6.36s/epoch, best=2.616e+01, sign=0.141, train=2.521e+01, val=2.615e+01]
GNN flow training:  57%|█████▋    | 57/100 [06:07<04:33,  6.36s/epoch, best=2.615e+01, sign=0.140, train=2.520e+01, val=2.619e+01]
GNN flow training:  58%|█████▊    | 58/100 [06:07<04:26,  6.35s/epoch, best=2.615e+01, sign=0.140, train=2.520e+01, val=2.619e+01]
GNN flow training:  58%|█████▊    | 58/100 [06:14<04:26,  6.35s/epoch, best=2.615e+01, sign=0.140, train=2.521e+01, val=2.624e+01]
GNN flow training:  59%|█████▉    | 59/100 [06:14<04:20,  6.36s/epoch, best=2.615e+01, sign=0.140, train=2.521e+01, val=2.624e+01]
GNN flow training:  59%|█████▉    | 59/100 [06:20<04:20,  6.36s/epoch, best=2.615e+01, sign=0.139, train=2.520e+01, val=2.636e+01]
GNN flow training:  60%|██████    | 60/100 [06:20<04:14,  6.37s/epoch, best=2.615e+01, sign=0.139, train=2.520e+01, val=2.636e+01]
GNN flow training:  60%|██████    | 60/100 [06:27<04:14,  6.37s/epoch, best=2.615e+01, sign=0.139, train=2.518e+01, val=2.644e+01]
GNN flow training:  61%|██████    | 61/100 [06:27<04:08,  6.38s/epoch, best=2.615e+01, sign=0.139, train=2.518e+01, val=2.644e+01]
GNN flow training:  61%|██████    | 61/100 [06:33<04:08,  6.38s/epoch, best=2.615e+01, sign=0.139, train=2.518e+01, val=2.643e+01]
GNN flow training:  62%|██████▏   | 62/100 [06:33<04:02,  6.37s/epoch, best=2.615e+01, sign=0.139, train=2.518e+01, val=2.643e+01]
GNN flow training:  62%|██████▏   | 62/100 [06:39<04:02,  6.37s/epoch, best=2.615e+01, sign=0.140, train=2.514e+01, val=2.640e+01]
GNN flow training:  63%|██████▎   | 63/100 [06:39<03:55,  6.37s/epoch, best=2.615e+01, sign=0.140, train=2.514e+01, val=2.640e+01]
GNN flow training:  63%|██████▎   | 63/100 [06:46<03:55,  6.37s/epoch, best=2.615e+01, sign=0.140, train=2.511e+01, val=2.632e+01]
GNN flow training:  64%|██████▍   | 64/100 [06:46<03:49,  6.37s/epoch, best=2.615e+01, sign=0.140, train=2.511e+01, val=2.632e+01]
GNN flow training:  64%|██████▍   | 64/100 [06:52<03:49,  6.37s/epoch, best=2.615e+01, sign=0.140, train=2.506e+01, val=2.624e+01]
GNN flow training:  65%|██████▌   | 65/100 [06:52<03:42,  6.36s/epoch, best=2.615e+01, sign=0.140, train=2.506e+01, val=2.624e+01]
GNN flow training:  65%|██████▌   | 65/100 [06:58<03:42,  6.36s/epoch, best=2.615e+01, sign=0.140, train=2.501e+01, val=2.617e+01]
GNN flow training:  66%|██████▌   | 66/100 [06:58<03:36,  6.36s/epoch, best=2.615e+01, sign=0.140, train=2.501e+01, val=2.617e+01]
GNN flow training:  66%|██████▌   | 66/100 [07:05<03:36,  6.36s/epoch, best=2.615e+01, sign=0.139, train=2.494e+01, val=2.608e+01]
GNN flow training:  67%|██████▋   | 67/100 [07:05<03:29,  6.36s/epoch, best=2.615e+01, sign=0.139, train=2.494e+01, val=2.608e+01]
GNN flow training:  67%|██████▋   | 67/100 [07:11<03:29,  6.36s/epoch, best=2.608e+01, sign=0.140, train=2.485e+01, val=2.601e+01]
GNN flow training:  68%|██████▊   | 68/100 [07:11<03:23,  6.36s/epoch, best=2.608e+01, sign=0.140, train=2.485e+01, val=2.601e+01]
GNN flow training:  68%|██████▊   | 68/100 [07:17<03:23,  6.36s/epoch, best=2.601e+01, sign=0.139, train=2.479e+01, val=2.591e+01]
GNN flow training:  69%|██████▉   | 69/100 [07:17<03:16,  6.35s/epoch, best=2.601e+01, sign=0.139, train=2.479e+01, val=2.591e+01]
GNN flow training:  69%|██████▉   | 69/100 [07:24<03:16,  6.35s/epoch, best=2.591e+01, sign=0.140, train=2.477e+01, val=2.578e+01]
GNN flow training:  70%|███████   | 70/100 [07:24<03:10,  6.35s/epoch, best=2.591e+01, sign=0.140, train=2.477e+01, val=2.578e+01]
GNN flow training:  70%|███████   | 70/100 [07:30<03:10,  6.35s/epoch, best=2.578e+01, sign=0.139, train=2.475e+01, val=2.570e+01]
GNN flow training:  71%|███████   | 71/100 [07:30<03:04,  6.35s/epoch, best=2.578e+01, sign=0.139, train=2.475e+01, val=2.570e+01]
GNN flow training:  71%|███████   | 71/100 [07:37<03:04,  6.35s/epoch, best=2.570e+01, sign=0.140, train=2.473e+01, val=2.567e+01]
GNN flow training:  72%|███████▏  | 72/100 [07:37<02:58,  6.36s/epoch, best=2.570e+01, sign=0.140, train=2.473e+01, val=2.567e+01]
GNN flow training:  72%|███████▏  | 72/100 [07:43<02:58,  6.36s/epoch, best=2.567e+01, sign=0.139, train=2.473e+01, val=2.566e+01]
GNN flow training:  73%|███████▎  | 73/100 [07:43<02:51,  6.34s/epoch, best=2.567e+01, sign=0.139, train=2.473e+01, val=2.566e+01]
GNN flow training:  73%|███████▎  | 73/100 [07:49<02:51,  6.34s/epoch, best=2.566e+01, sign=0.140, train=2.471e+01, val=2.563e+01]
GNN flow training:  74%|███████▍  | 74/100 [07:49<02:45,  6.36s/epoch, best=2.566e+01, sign=0.140, train=2.471e+01, val=2.563e+01]
GNN flow training:  74%|███████▍  | 74/100 [07:56<02:45,  6.36s/epoch, best=2.563e+01, sign=0.140, train=2.472e+01, val=2.562e+01]
GNN flow training:  75%|███████▌  | 75/100 [07:56<02:38,  6.35s/epoch, best=2.563e+01, sign=0.140, train=2.472e+01, val=2.562e+01]
GNN flow training:  75%|███████▌  | 75/100 [08:02<02:38,  6.35s/epoch, best=2.562e+01, sign=0.140, train=2.473e+01, val=2.563e+01]
GNN flow training:  76%|███████▌  | 76/100 [08:02<02:32,  6.34s/epoch, best=2.562e+01, sign=0.140, train=2.473e+01, val=2.563e+01]
GNN flow training:  76%|███████▌  | 76/100 [08:08<02:32,  6.34s/epoch, best=2.562e+01, sign=0.140, train=2.473e+01, val=2.565e+01]
GNN flow training:  77%|███████▋  | 77/100 [08:08<02:26,  6.35s/epoch, best=2.562e+01, sign=0.140, train=2.473e+01, val=2.565e+01]
GNN flow training:  77%|███████▋  | 77/100 [08:15<02:26,  6.35s/epoch, best=2.562e+01, sign=0.141, train=2.472e+01, val=2.567e+01]
GNN flow training:  78%|███████▊  | 78/100 [08:15<02:19,  6.34s/epoch, best=2.562e+01, sign=0.141, train=2.472e+01, val=2.567e+01]
GNN flow training:  78%|███████▊  | 78/100 [08:21<02:19,  6.34s/epoch, best=2.562e+01, sign=0.141, train=2.466e+01, val=2.569e+01]
GNN flow training:  79%|███████▉  | 79/100 [08:21<02:13,  6.34s/epoch, best=2.562e+01, sign=0.141, train=2.466e+01, val=2.569e+01]
GNN flow training:  79%|███████▉  | 79/100 [08:27<02:13,  6.34s/epoch, best=2.562e+01, sign=0.141, train=2.458e+01, val=2.573e+01]
GNN flow training:  80%|████████  | 80/100 [08:27<02:07,  6.35s/epoch, best=2.562e+01, sign=0.141, train=2.458e+01, val=2.573e+01]
GNN flow training:  80%|████████  | 80/100 [08:34<02:07,  6.35s/epoch, best=2.562e+01, sign=0.140, train=2.455e+01, val=2.576e+01]
GNN flow training:  81%|████████  | 81/100 [08:34<02:00,  6.34s/epoch, best=2.562e+01, sign=0.140, train=2.455e+01, val=2.576e+01]
GNN flow training:  81%|████████  | 81/100 [08:40<02:00,  6.34s/epoch, best=2.562e+01, sign=0.142, train=2.456e+01, val=2.577e+01]
GNN flow training:  82%|████████▏ | 82/100 [08:40<01:53,  6.33s/epoch, best=2.562e+01, sign=0.142, train=2.456e+01, val=2.577e+01]
GNN flow training:  82%|████████▏ | 82/100 [08:46<01:53,  6.33s/epoch, best=2.562e+01, sign=0.141, train=2.454e+01, val=2.574e+01]
GNN flow training:  83%|████████▎ | 83/100 [08:46<01:47,  6.33s/epoch, best=2.562e+01, sign=0.141, train=2.454e+01, val=2.574e+01]
GNN flow training:  83%|████████▎ | 83/100 [08:53<01:47,  6.33s/epoch, best=2.562e+01, sign=0.142, train=2.450e+01, val=2.569e+01]
GNN flow training:  84%|████████▍ | 84/100 [08:53<01:41,  6.32s/epoch, best=2.562e+01, sign=0.142, train=2.450e+01, val=2.569e+01]
GNN flow training:  84%|████████▍ | 84/100 [08:59<01:41,  6.32s/epoch, best=2.562e+01, sign=0.142, train=2.444e+01, val=2.566e+01]
GNN flow training:  85%|████████▌ | 85/100 [08:59<01:34,  6.30s/epoch, best=2.562e+01, sign=0.142, train=2.444e+01, val=2.566e+01]
GNN flow training:  85%|████████▌ | 85/100 [09:05<01:34,  6.30s/epoch, best=2.562e+01, sign=0.141, train=2.441e+01, val=2.570e+01]
GNN flow training:  86%|████████▌ | 86/100 [09:05<01:28,  6.32s/epoch, best=2.562e+01, sign=0.141, train=2.441e+01, val=2.570e+01]
GNN flow training:  86%|████████▌ | 86/100 [09:11<01:28,  6.32s/epoch, best=2.562e+01, sign=0.142, train=2.442e+01, val=2.567e+01]
GNN flow training:  87%|████████▋ | 87/100 [09:11<01:21,  6.30s/epoch, best=2.562e+01, sign=0.142, train=2.442e+01, val=2.567e+01]
GNN flow training:  87%|████████▋ | 87/100 [09:18<01:21,  6.30s/epoch, best=2.562e+01, sign=0.141, train=2.439e+01, val=2.559e+01]
GNN flow training:  88%|████████▊ | 88/100 [09:18<01:15,  6.31s/epoch, best=2.562e+01, sign=0.141, train=2.439e+01, val=2.559e+01]
GNN flow training:  88%|████████▊ | 88/100 [09:24<01:15,  6.31s/epoch, best=2.559e+01, sign=0.141, train=2.434e+01, val=2.547e+01]
GNN flow training:  89%|████████▉ | 89/100 [09:24<01:09,  6.29s/epoch, best=2.559e+01, sign=0.141, train=2.434e+01, val=2.547e+01]
GNN flow training:  89%|████████▉ | 89/100 [09:30<01:09,  6.29s/epoch, best=2.547e+01, sign=0.141, train=2.429e+01, val=2.543e+01]
GNN flow training:  90%|█████████ | 90/100 [09:30<01:03,  6.31s/epoch, best=2.547e+01, sign=0.141, train=2.429e+01, val=2.543e+01]
GNN flow training:  90%|█████████ | 90/100 [09:37<01:03,  6.31s/epoch, best=2.543e+01, sign=0.141, train=2.425e+01, val=2.552e+01]
GNN flow training:  91%|█████████ | 91/100 [09:37<00:56,  6.32s/epoch, best=2.543e+01, sign=0.141, train=2.425e+01, val=2.552e+01]
GNN flow training:  91%|█████████ | 91/100 [09:43<00:56,  6.32s/epoch, best=2.543e+01, sign=0.141, train=2.437e+01, val=2.558e+01]
GNN flow training:  92%|█████████▏| 92/100 [09:43<00:50,  6.32s/epoch, best=2.543e+01, sign=0.141, train=2.437e+01, val=2.558e+01]
GNN flow training:  92%|█████████▏| 92/100 [09:49<00:50,  6.32s/epoch, best=2.543e+01, sign=0.141, train=2.443e+01, val=2.559e+01]
GNN flow training:  93%|█████████▎| 93/100 [09:49<00:44,  6.32s/epoch, best=2.543e+01, sign=0.141, train=2.443e+01, val=2.559e+01]
GNN flow training:  93%|█████████▎| 93/100 [09:56<00:44,  6.32s/epoch, best=2.543e+01, sign=0.141, train=2.441e+01, val=2.547e+01]
GNN flow training:  94%|█████████▍| 94/100 [09:56<00:37,  6.33s/epoch, best=2.543e+01, sign=0.141, train=2.441e+01, val=2.547e+01]
GNN flow training:  94%|█████████▍| 94/100 [10:02<00:37,  6.33s/epoch, best=2.543e+01, sign=0.142, train=2.432e+01, val=2.547e+01]
GNN flow training:  95%|█████████▌| 95/100 [10:02<00:31,  6.33s/epoch, best=2.543e+01, sign=0.142, train=2.432e+01, val=2.547e+01]
GNN flow training:  95%|█████████▌| 95/100 [10:08<00:31,  6.33s/epoch, best=2.543e+01, sign=0.142, train=2.419e+01, val=2.550e+01]
GNN flow training:  96%|█████████▌| 96/100 [10:08<00:25,  6.30s/epoch, best=2.543e+01, sign=0.142, train=2.419e+01, val=2.550e+01]
GNN flow training:  96%|█████████▌| 96/100 [10:15<00:25,  6.30s/epoch, best=2.543e+01, sign=0.143, train=2.412e+01, val=2.552e+01]
GNN flow training:  97%|█████████▋| 97/100 [10:15<00:18,  6.31s/epoch, best=2.543e+01, sign=0.143, train=2.412e+01, val=2.552e+01]
GNN flow training:  97%|█████████▋| 97/100 [10:21<00:18,  6.31s/epoch, best=2.543e+01, sign=0.145, train=2.412e+01, val=2.553e+01]
GNN flow training:  98%|█████████▊| 98/100 [10:21<00:12,  6.32s/epoch, best=2.543e+01, sign=0.145, train=2.412e+01, val=2.553e+01]
GNN flow training:  98%|█████████▊| 98/100 [10:27<00:12,  6.32s/epoch, best=2.543e+01, sign=0.145, train=2.413e+01, val=2.550e+01]
GNN flow training:  99%|█████████▉| 99/100 [10:27<00:06,  6.33s/epoch, best=2.543e+01, sign=0.145, train=2.413e+01, val=2.550e+01]
GNN flow training:  99%|█████████▉| 99/100 [10:34<00:06,  6.33s/epoch, best=2.543e+01, sign=0.143, train=2.411e+01, val=2.543e+01]
GNN flow training: 100%|██████████| 100/100 [10:34<00:00,  6.33s/epoch, best=2.543e+01, sign=0.143, train=2.411e+01, val=2.543e+01]
GNN flow training: 100%|██████████| 100/100 [10:34<00:00,  6.34s/epoch, best=2.543e+01, sign=0.143, train=2.411e+01, val=2.543e+01]
Resolved config snapshot:
{'preset': 'solver_QKB_outer_QKBdelta', 'gnn_outer_losses': {'flow': 100.0, 'kirchhoff': 10.0, 'boundary': 100.0, 'delta_l2': 10.0, 'delta_smooth': 0.0, 'pressure_shape': 0.0}, 'physics': {'arterial_flow_mode': 'dataset', 'pressure_constraints': ['equal-a-equal-v'], 'alpha_pa': None, 'use_snr_weights': True, 'use_observed_flow_snr_weighting': True, 'flow_scale_mode': 'median_abs', 'solver_device': 'same', 'pressure_solver_mode': 'reduced-soft-constrained-lstsq', 'pressure_solver_lambda_kirchhoff': 1.0, 'pressure_solver_lambda_pressure_constraints': 100.0, 'pressure_solver_lambda_flow_residual': 1.0, 'pressure_shape_reference': 'delta_zero_reference', 'pressure_detach': False}, 'correction_bounds': {'correction_min': -0.5, 'correction_max': 0.5, 'correction_bound': 0.5, 'correction_parameterization': 'tanh'}, 'optimization': {'learning_rate': 0.001, 'weight_decay': 0.0001, 'gradient_clip_norm': 5.0, 'optimizer': 'adamw', 'epochs': 100, 'patience': 40}}
Shard 59/80: 1 of 80 runs
Command: /mnt/home/sswee/miniforge3/envs/yolk-sac/bin/python /mnt/home/sswee/yolk/Yolk-Sac-Flow-Data-and-Sim/gnn_clean/scripts/python/gnn_flow.py /mnt/home/sswee/yolk/Yolk-Sac-Flow-Data-and-Sim/gnn_clean/datasets/mosaic_graph_norm_canonical.gpickle --output-dir /mnt/home/sswee/yolk/Yolk-Sac-Flow-Data-and-Sim/gnn_clean/outputs_canonical_norm/dc/02_physics_weight_sweep/gnn --run-name q_100__k_10__delta_10 --preset solver_QKB_outer_QKBdelta --device cuda --epochs 100 --seed 0 --viscosity-pa-s 0.0035 --config /mnt/home/sswee/yolk/Yolk-Sac-Flow-Data-and-Sim/gnn_clean/outputs_canonical_norm/dc/02_physics_weight_sweep/_generated_configs/q_100__k_10__delta_10.yaml --no-pressure-detach
