[info] DC Step 2 canonical sweep uses fixed lambda_B=100.0 for both the outer boundary loss and the reduced pressure-solver boundary constraint.

GNN flow training:   0%|          | 0/100 [00:00<?, ?epoch/s]
GNN flow training:   0%|          | 0/100 [00:06<?, ?epoch/s, best=1.647e+00, sign=0.161, train=1.650e+00, val=1.647e+00]
GNN flow training:   1%|          | 1/100 [00:06<10:28,  6.35s/epoch, best=1.647e+00, sign=0.161, train=1.650e+00, val=1.647e+00]
GNN flow training:   1%|          | 1/100 [00:12<10:28,  6.35s/epoch, best=1.647e+00, sign=0.160, train=1.647e+00, val=1.646e+00]
GNN flow training:   2%|▏         | 2/100 [00:12<10:06,  6.19s/epoch, best=1.647e+00, sign=0.160, train=1.647e+00, val=1.646e+00]
GNN flow training:   2%|▏         | 2/100 [00:18<10:06,  6.19s/epoch, best=1.646e+00, sign=0.160, train=1.646e+00, val=1.641e+00]
GNN flow training:   3%|▎         | 3/100 [00:18<09:54,  6.13s/epoch, best=1.646e+00, sign=0.160, train=1.646e+00, val=1.641e+00]
GNN flow training:   3%|▎         | 3/100 [00:24<09:54,  6.13s/epoch, best=1.641e+00, sign=0.160, train=1.641e+00, val=1.640e+00]
GNN flow training:   4%|▍         | 4/100 [00:24<09:45,  6.10s/epoch, best=1.641e+00, sign=0.160, train=1.641e+00, val=1.640e+00]
GNN flow training:   4%|▍         | 4/100 [00:30<09:45,  6.10s/epoch, best=1.640e+00, sign=0.160, train=1.640e+00, val=1.636e+00]
GNN flow training:   5%|▌         | 5/100 [00:30<09:41,  6.12s/epoch, best=1.640e+00, sign=0.160, train=1.640e+00, val=1.636e+00]
GNN flow training:   5%|▌         | 5/100 [00:36<09:41,  6.12s/epoch, best=1.636e+00, sign=0.161, train=1.635e+00, val=1.639e+00]
GNN flow training:   6%|▌         | 6/100 [00:36<09:32,  6.09s/epoch, best=1.636e+00, sign=0.161, train=1.635e+00, val=1.639e+00]
GNN flow training:   6%|▌         | 6/100 [00:42<09:32,  6.09s/epoch, best=1.636e+00, sign=0.160, train=1.639e+00, val=1.634e+00]
GNN flow training:   7%|▋         | 7/100 [00:42<09:25,  6.08s/epoch, best=1.636e+00, sign=0.160, train=1.639e+00, val=1.634e+00]
GNN flow training:   7%|▋         | 7/100 [00:48<09:25,  6.08s/epoch, best=1.634e+00, sign=0.159, train=1.634e+00, val=1.633e+00]
GNN flow training:   8%|▊         | 8/100 [00:48<09:17,  6.06s/epoch, best=1.634e+00, sign=0.159, train=1.634e+00, val=1.633e+00]
GNN flow training:   8%|▊         | 8/100 [00:54<09:17,  6.06s/epoch, best=1.633e+00, sign=0.159, train=1.633e+00, val=1.628e+00]
GNN flow training:   9%|▉         | 9/100 [00:54<09:12,  6.08s/epoch, best=1.633e+00, sign=0.159, train=1.633e+00, val=1.628e+00]
GNN flow training:   9%|▉         | 9/100 [01:00<09:12,  6.08s/epoch, best=1.628e+00, sign=0.160, train=1.628e+00, val=1.627e+00]
GNN flow training:  10%|█         | 10/100 [01:00<09:06,  6.07s/epoch, best=1.628e+00, sign=0.160, train=1.628e+00, val=1.627e+00]
GNN flow training:  10%|█         | 10/100 [01:07<09:06,  6.07s/epoch, best=1.627e+00, sign=0.160, train=1.627e+00, val=1.618e+00]
GNN flow training:  11%|█         | 11/100 [01:07<09:00,  6.07s/epoch, best=1.627e+00, sign=0.160, train=1.627e+00, val=1.618e+00]
GNN flow training:  11%|█         | 11/100 [01:13<09:00,  6.07s/epoch, best=1.618e+00, sign=0.159, train=1.618e+00, val=1.615e+00]
GNN flow training:  12%|█▏        | 12/100 [01:13<08:52,  6.05s/epoch, best=1.618e+00, sign=0.159, train=1.618e+00, val=1.615e+00]
GNN flow training:  12%|█▏        | 12/100 [01:19<08:52,  6.05s/epoch, best=1.615e+00, sign=0.155, train=1.615e+00, val=1.623e+00]
GNN flow training:  13%|█▎        | 13/100 [01:19<08:45,  6.05s/epoch, best=1.615e+00, sign=0.155, train=1.615e+00, val=1.623e+00]
GNN flow training:  13%|█▎        | 13/100 [01:25<08:45,  6.05s/epoch, best=1.615e+00, sign=0.153, train=1.623e+00, val=1.612e+00]
GNN flow training:  14%|█▍        | 14/100 [01:25<08:41,  6.06s/epoch, best=1.615e+00, sign=0.153, train=1.623e+00, val=1.612e+00]
GNN flow training:  14%|█▍        | 14/100 [01:31<08:41,  6.06s/epoch, best=1.612e+00, sign=0.151, train=1.612e+00, val=1.601e+00]
GNN flow training:  15%|█▌        | 15/100 [01:31<08:36,  6.08s/epoch, best=1.612e+00, sign=0.151, train=1.612e+00, val=1.601e+00]
GNN flow training:  15%|█▌        | 15/100 [01:37<08:36,  6.08s/epoch, best=1.601e+00, sign=0.150, train=1.601e+00, val=1.595e+00]
GNN flow training:  16%|█▌        | 16/100 [01:37<08:30,  6.08s/epoch, best=1.601e+00, sign=0.150, train=1.601e+00, val=1.595e+00]
GNN flow training:  16%|█▌        | 16/100 [01:43<08:30,  6.08s/epoch, best=1.595e+00, sign=0.148, train=1.595e+00, val=1.601e+00]
GNN flow training:  17%|█▋        | 17/100 [01:43<08:25,  6.09s/epoch, best=1.595e+00, sign=0.148, train=1.595e+00, val=1.601e+00]
GNN flow training:  17%|█▋        | 17/100 [01:49<08:25,  6.09s/epoch, best=1.595e+00, sign=0.148, train=1.600e+00, val=1.614e+00]
GNN flow training:  18%|█▊        | 18/100 [01:49<08:17,  6.07s/epoch, best=1.595e+00, sign=0.148, train=1.600e+00, val=1.614e+00]
GNN flow training:  18%|█▊        | 18/100 [01:55<08:17,  6.07s/epoch, best=1.595e+00, sign=0.147, train=1.614e+00, val=1.611e+00]
GNN flow training:  19%|█▉        | 19/100 [01:55<08:13,  6.09s/epoch, best=1.595e+00, sign=0.147, train=1.614e+00, val=1.611e+00]
GNN flow training:  19%|█▉        | 19/100 [02:01<08:13,  6.09s/epoch, best=1.595e+00, sign=0.146, train=1.610e+00, val=1.613e+00]
GNN flow training:  20%|██        | 20/100 [02:01<08:05,  6.07s/epoch, best=1.595e+00, sign=0.146, train=1.610e+00, val=1.613e+00]
GNN flow training:  20%|██        | 20/100 [02:07<08:05,  6.07s/epoch, best=1.595e+00, sign=0.145, train=1.613e+00, val=1.619e+00]
GNN flow training:  21%|██        | 21/100 [02:07<07:59,  6.07s/epoch, best=1.595e+00, sign=0.145, train=1.613e+00, val=1.619e+00]
GNN flow training:  21%|██        | 21/100 [02:13<07:59,  6.07s/epoch, best=1.595e+00, sign=0.144, train=1.619e+00, val=1.618e+00]
GNN flow training:  22%|██▏       | 22/100 [02:13<07:52,  6.06s/epoch, best=1.595e+00, sign=0.144, train=1.619e+00, val=1.618e+00]
GNN flow training:  22%|██▏       | 22/100 [02:19<07:52,  6.06s/epoch, best=1.595e+00, sign=0.144, train=1.618e+00, val=1.613e+00]
GNN flow training:  23%|██▎       | 23/100 [02:19<07:46,  6.06s/epoch, best=1.595e+00, sign=0.144, train=1.618e+00, val=1.613e+00]
GNN flow training:  23%|██▎       | 23/100 [02:25<07:46,  6.06s/epoch, best=1.595e+00, sign=0.144, train=1.612e+00, val=1.602e+00]
GNN flow training:  24%|██▍       | 24/100 [02:25<07:39,  6.05s/epoch, best=1.595e+00, sign=0.144, train=1.612e+00, val=1.602e+00]
GNN flow training:  24%|██▍       | 24/100 [02:31<07:39,  6.05s/epoch, best=1.595e+00, sign=0.143, train=1.601e+00, val=1.585e+00]
GNN flow training:  25%|██▌       | 25/100 [02:31<07:33,  6.05s/epoch, best=1.595e+00, sign=0.143, train=1.601e+00, val=1.585e+00]
GNN flow training:  25%|██▌       | 25/100 [02:38<07:33,  6.05s/epoch, best=1.585e+00, sign=0.144, train=1.584e+00, val=1.581e+00]
GNN flow training:  26%|██▌       | 26/100 [02:38<07:27,  6.05s/epoch, best=1.585e+00, sign=0.144, train=1.584e+00, val=1.581e+00]
GNN flow training:  26%|██▌       | 26/100 [02:44<07:27,  6.05s/epoch, best=1.581e+00, sign=0.144, train=1.581e+00, val=1.569e+00]
GNN flow training:  27%|██▋       | 27/100 [02:44<07:23,  6.07s/epoch, best=1.581e+00, sign=0.144, train=1.581e+00, val=1.569e+00]
GNN flow training:  27%|██▋       | 27/100 [02:50<07:23,  6.07s/epoch, best=1.569e+00, sign=0.144, train=1.568e+00, val=1.550e+00]
GNN flow training:  28%|██▊       | 28/100 [02:50<07:17,  6.07s/epoch, best=1.569e+00, sign=0.144, train=1.568e+00, val=1.550e+00]
GNN flow training:  28%|██▊       | 28/100 [02:56<07:17,  6.07s/epoch, best=1.550e+00, sign=0.143, train=1.550e+00, val=1.547e+00]
GNN flow training:  29%|██▉       | 29/100 [02:56<07:11,  6.07s/epoch, best=1.550e+00, sign=0.143, train=1.550e+00, val=1.547e+00]
GNN flow training:  29%|██▉       | 29/100 [03:02<07:11,  6.07s/epoch, best=1.547e+00, sign=0.144, train=1.547e+00, val=1.539e+00]
GNN flow training:  30%|███       | 30/100 [03:02<07:05,  6.07s/epoch, best=1.547e+00, sign=0.144, train=1.547e+00, val=1.539e+00]
GNN flow training:  30%|███       | 30/100 [03:08<07:05,  6.07s/epoch, best=1.539e+00, sign=0.144, train=1.538e+00, val=1.548e+00]
GNN flow training:  31%|███       | 31/100 [03:08<06:59,  6.07s/epoch, best=1.539e+00, sign=0.144, train=1.538e+00, val=1.548e+00]
GNN flow training:  31%|███       | 31/100 [03:14<06:59,  6.07s/epoch, best=1.539e+00, sign=0.146, train=1.548e+00, val=1.535e+00]
GNN flow training:  32%|███▏      | 32/100 [03:14<06:52,  6.06s/epoch, best=1.539e+00, sign=0.146, train=1.548e+00, val=1.535e+00]
GNN flow training:  32%|███▏      | 32/100 [03:20<06:52,  6.06s/epoch, best=1.535e+00, sign=0.147, train=1.534e+00, val=1.528e+00]
GNN flow training:  33%|███▎      | 33/100 [03:20<06:45,  6.06s/epoch, best=1.535e+00, sign=0.147, train=1.534e+00, val=1.528e+00]
GNN flow training:  33%|███▎      | 33/100 [03:26<06:45,  6.06s/epoch, best=1.528e+00, sign=0.150, train=1.527e+00, val=1.524e+00]
GNN flow training:  34%|███▍      | 34/100 [03:26<06:43,  6.12s/epoch, best=1.528e+00, sign=0.150, train=1.527e+00, val=1.524e+00]
GNN flow training:  34%|███▍      | 34/100 [03:32<06:43,  6.12s/epoch, best=1.524e+00, sign=0.152, train=1.524e+00, val=1.541e+00]
GNN flow training:  35%|███▌      | 35/100 [03:32<06:37,  6.11s/epoch, best=1.524e+00, sign=0.152, train=1.524e+00, val=1.541e+00]
GNN flow training:  35%|███▌      | 35/100 [03:39<06:37,  6.11s/epoch, best=1.524e+00, sign=0.153, train=1.541e+00, val=1.566e+00]
GNN flow training:  36%|███▌      | 36/100 [03:39<06:31,  6.12s/epoch, best=1.524e+00, sign=0.153, train=1.541e+00, val=1.566e+00]
GNN flow training:  36%|███▌      | 36/100 [03:45<06:31,  6.12s/epoch, best=1.524e+00, sign=0.155, train=1.565e+00, val=1.557e+00]
GNN flow training:  37%|███▋      | 37/100 [03:45<06:24,  6.11s/epoch, best=1.524e+00, sign=0.155, train=1.565e+00, val=1.557e+00]
GNN flow training:  37%|███▋      | 37/100 [03:51<06:24,  6.11s/epoch, best=1.524e+00, sign=0.157, train=1.557e+00, val=1.561e+00]
GNN flow training:  38%|███▊      | 38/100 [03:51<06:18,  6.11s/epoch, best=1.524e+00, sign=0.157, train=1.557e+00, val=1.561e+00]
GNN flow training:  38%|███▊      | 38/100 [03:57<06:18,  6.11s/epoch, best=1.524e+00, sign=0.159, train=1.560e+00, val=1.568e+00]
GNN flow training:  39%|███▉      | 39/100 [03:57<06:11,  6.09s/epoch, best=1.524e+00, sign=0.159, train=1.560e+00, val=1.568e+00]
GNN flow training:  39%|███▉      | 39/100 [04:03<06:11,  6.09s/epoch, best=1.524e+00, sign=0.160, train=1.568e+00, val=1.566e+00]
GNN flow training:  40%|████      | 40/100 [04:03<06:04,  6.08s/epoch, best=1.524e+00, sign=0.160, train=1.568e+00, val=1.566e+00]
GNN flow training:  40%|████      | 40/100 [04:09<06:04,  6.08s/epoch, best=1.524e+00, sign=0.161, train=1.565e+00, val=1.559e+00]
GNN flow training:  41%|████      | 41/100 [04:09<05:58,  6.08s/epoch, best=1.524e+00, sign=0.161, train=1.565e+00, val=1.559e+00]
GNN flow training:  41%|████      | 41/100 [04:15<05:58,  6.08s/epoch, best=1.524e+00, sign=0.160, train=1.559e+00, val=1.541e+00]
GNN flow training:  42%|████▏     | 42/100 [04:15<05:53,  6.09s/epoch, best=1.524e+00, sign=0.160, train=1.559e+00, val=1.541e+00]
GNN flow training:  42%|████▏     | 42/100 [04:21<05:53,  6.09s/epoch, best=1.524e+00, sign=0.159, train=1.541e+00, val=1.512e+00]
GNN flow training:  43%|████▎     | 43/100 [04:21<05:47,  6.10s/epoch, best=1.524e+00, sign=0.159, train=1.541e+00, val=1.512e+00]
GNN flow training:  43%|████▎     | 43/100 [04:27<05:47,  6.10s/epoch, best=1.512e+00, sign=0.159, train=1.512e+00, val=1.480e+00]
GNN flow training:  44%|████▍     | 44/100 [04:27<05:41,  6.10s/epoch, best=1.512e+00, sign=0.159, train=1.512e+00, val=1.480e+00]
GNN flow training:  44%|████▍     | 44/100 [04:33<05:41,  6.10s/epoch, best=1.480e+00, sign=0.157, train=1.479e+00, val=1.452e+00]
GNN flow training:  45%|████▌     | 45/100 [04:33<05:36,  6.11s/epoch, best=1.480e+00, sign=0.157, train=1.479e+00, val=1.452e+00]
GNN flow training:  45%|████▌     | 45/100 [04:39<05:36,  6.11s/epoch, best=1.452e+00, sign=0.157, train=1.452e+00, val=1.428e+00]
GNN flow training:  46%|████▌     | 46/100 [04:39<05:30,  6.12s/epoch, best=1.452e+00, sign=0.157, train=1.452e+00, val=1.428e+00]
GNN flow training:  46%|████▌     | 46/100 [04:46<05:30,  6.12s/epoch, best=1.428e+00, sign=0.156, train=1.428e+00, val=1.415e+00]
GNN flow training:  47%|████▋     | 47/100 [04:46<05:23,  6.10s/epoch, best=1.428e+00, sign=0.156, train=1.428e+00, val=1.415e+00]
GNN flow training:  47%|████▋     | 47/100 [04:52<05:23,  6.10s/epoch, best=1.415e+00, sign=0.156, train=1.414e+00, val=1.381e+00]
GNN flow training:  48%|████▊     | 48/100 [04:52<05:16,  6.09s/epoch, best=1.415e+00, sign=0.156, train=1.414e+00, val=1.381e+00]
GNN flow training:  48%|████▊     | 48/100 [04:58<05:16,  6.09s/epoch, best=1.381e+00, sign=0.157, train=1.380e+00, val=1.348e+00]
GNN flow training:  49%|████▉     | 49/100 [04:58<05:10,  6.09s/epoch, best=1.381e+00, sign=0.157, train=1.380e+00, val=1.348e+00]
GNN flow training:  49%|████▉     | 49/100 [05:04<05:10,  6.09s/epoch, best=1.348e+00, sign=0.154, train=1.348e+00, val=1.314e+00]
GNN flow training:  50%|█████     | 50/100 [05:04<05:04,  6.09s/epoch, best=1.348e+00, sign=0.154, train=1.348e+00, val=1.314e+00]
GNN flow training:  50%|█████     | 50/100 [05:10<05:04,  6.09s/epoch, best=1.314e+00, sign=0.154, train=1.314e+00, val=1.312e+00]
GNN flow training:  51%|█████     | 51/100 [05:10<04:57,  6.08s/epoch, best=1.314e+00, sign=0.154, train=1.314e+00, val=1.312e+00]
GNN flow training:  51%|█████     | 51/100 [05:16<04:57,  6.08s/epoch, best=1.312e+00, sign=0.153, train=1.311e+00, val=1.339e+00]
GNN flow training:  52%|█████▏    | 52/100 [05:16<04:52,  6.09s/epoch, best=1.312e+00, sign=0.153, train=1.311e+00, val=1.339e+00]
GNN flow training:  52%|█████▏    | 52/100 [05:22<04:52,  6.09s/epoch, best=1.312e+00, sign=0.153, train=1.338e+00, val=1.371e+00]
GNN flow training:  53%|█████▎    | 53/100 [05:22<04:45,  6.08s/epoch, best=1.312e+00, sign=0.153, train=1.338e+00, val=1.371e+00]
GNN flow training:  53%|█████▎    | 53/100 [05:28<04:45,  6.08s/epoch, best=1.312e+00, sign=0.154, train=1.370e+00, val=1.412e+00]
GNN flow training:  54%|█████▍    | 54/100 [05:28<04:39,  6.08s/epoch, best=1.312e+00, sign=0.154, train=1.370e+00, val=1.412e+00]
GNN flow training:  54%|█████▍    | 54/100 [05:34<04:39,  6.08s/epoch, best=1.312e+00, sign=0.155, train=1.411e+00, val=1.441e+00]
GNN flow training:  55%|█████▌    | 55/100 [05:34<04:34,  6.10s/epoch, best=1.312e+00, sign=0.155, train=1.411e+00, val=1.441e+00]
GNN flow training:  55%|█████▌    | 55/100 [05:40<04:34,  6.10s/epoch, best=1.312e+00, sign=0.155, train=1.441e+00, val=1.443e+00]
GNN flow training:  56%|█████▌    | 56/100 [05:40<04:28,  6.11s/epoch, best=1.312e+00, sign=0.155, train=1.441e+00, val=1.443e+00]
GNN flow training:  56%|█████▌    | 56/100 [05:46<04:28,  6.11s/epoch, best=1.312e+00, sign=0.154, train=1.442e+00, val=1.434e+00]
GNN flow training:  57%|█████▋    | 57/100 [05:46<04:22,  6.10s/epoch, best=1.312e+00, sign=0.154, train=1.442e+00, val=1.434e+00]
GNN flow training:  57%|█████▋    | 57/100 [05:52<04:22,  6.10s/epoch, best=1.312e+00, sign=0.155, train=1.434e+00, val=1.396e+00]
GNN flow training:  58%|█████▊    | 58/100 [05:52<04:15,  6.09s/epoch, best=1.312e+00, sign=0.155, train=1.434e+00, val=1.396e+00]
GNN flow training:  58%|█████▊    | 58/100 [05:59<04:15,  6.09s/epoch, best=1.312e+00, sign=0.153, train=1.395e+00, val=1.378e+00]
GNN flow training:  59%|█████▉    | 59/100 [05:59<04:10,  6.11s/epoch, best=1.312e+00, sign=0.153, train=1.395e+00, val=1.378e+00]
GNN flow training:  59%|█████▉    | 59/100 [06:05<04:10,  6.11s/epoch, best=1.312e+00, sign=0.151, train=1.376e+00, val=1.397e+00]
GNN flow training:  60%|██████    | 60/100 [06:05<04:03,  6.10s/epoch, best=1.312e+00, sign=0.151, train=1.376e+00, val=1.397e+00]
GNN flow training:  60%|██████    | 60/100 [06:11<04:03,  6.10s/epoch, best=1.312e+00, sign=0.149, train=1.396e+00, val=1.423e+00]
GNN flow training:  61%|██████    | 61/100 [06:11<03:57,  6.09s/epoch, best=1.312e+00, sign=0.149, train=1.396e+00, val=1.423e+00]
GNN flow training:  61%|██████    | 61/100 [06:17<03:57,  6.09s/epoch, best=1.312e+00, sign=0.147, train=1.422e+00, val=1.433e+00]
GNN flow training:  62%|██████▏   | 62/100 [06:17<03:51,  6.08s/epoch, best=1.312e+00, sign=0.147, train=1.422e+00, val=1.433e+00]
GNN flow training:  62%|██████▏   | 62/100 [06:23<03:51,  6.08s/epoch, best=1.312e+00, sign=0.147, train=1.431e+00, val=1.406e+00]
GNN flow training:  63%|██████▎   | 63/100 [06:23<03:45,  6.09s/epoch, best=1.312e+00, sign=0.147, train=1.431e+00, val=1.406e+00]
GNN flow training:  63%|██████▎   | 63/100 [06:29<03:45,  6.09s/epoch, best=1.312e+00, sign=0.147, train=1.404e+00, val=1.376e+00]
GNN flow training:  64%|██████▍   | 64/100 [06:29<03:38,  6.07s/epoch, best=1.312e+00, sign=0.147, train=1.404e+00, val=1.376e+00]
GNN flow training:  64%|██████▍   | 64/100 [06:35<03:38,  6.07s/epoch, best=1.312e+00, sign=0.148, train=1.374e+00, val=1.364e+00]
GNN flow training:  65%|██████▌   | 65/100 [06:35<03:32,  6.07s/epoch, best=1.312e+00, sign=0.148, train=1.374e+00, val=1.364e+00]
GNN flow training:  65%|██████▌   | 65/100 [06:41<03:32,  6.07s/epoch, best=1.312e+00, sign=0.150, train=1.363e+00, val=1.334e+00]
GNN flow training:  66%|██████▌   | 66/100 [06:41<03:26,  6.07s/epoch, best=1.312e+00, sign=0.150, train=1.363e+00, val=1.334e+00]
GNN flow training:  66%|██████▌   | 66/100 [06:47<03:26,  6.07s/epoch, best=1.312e+00, sign=0.151, train=1.333e+00, val=1.307e+00]
GNN flow training:  67%|██████▋   | 67/100 [06:47<03:20,  6.07s/epoch, best=1.312e+00, sign=0.151, train=1.333e+00, val=1.307e+00]
GNN flow training:  67%|██████▋   | 67/100 [06:53<03:20,  6.07s/epoch, best=1.307e+00, sign=0.152, train=1.305e+00, val=1.281e+00]
GNN flow training:  68%|██████▊   | 68/100 [06:53<03:13,  6.05s/epoch, best=1.307e+00, sign=0.152, train=1.305e+00, val=1.281e+00]
GNN flow training:  68%|██████▊   | 68/100 [06:59<03:13,  6.05s/epoch, best=1.281e+00, sign=0.152, train=1.280e+00, val=1.222e+00]
GNN flow training:  69%|██████▉   | 69/100 [06:59<03:08,  6.07s/epoch, best=1.281e+00, sign=0.152, train=1.280e+00, val=1.222e+00]
GNN flow training:  69%|██████▉   | 69/100 [07:05<03:08,  6.07s/epoch, best=1.222e+00, sign=0.153, train=1.220e+00, val=1.182e+00]
GNN flow training:  70%|███████   | 70/100 [07:05<03:01,  6.06s/epoch, best=1.222e+00, sign=0.153, train=1.220e+00, val=1.182e+00]
GNN flow training:  70%|███████   | 70/100 [07:11<03:01,  6.06s/epoch, best=1.182e+00, sign=0.154, train=1.180e+00, val=1.144e+00]
GNN flow training:  71%|███████   | 71/100 [07:11<02:56,  6.08s/epoch, best=1.182e+00, sign=0.154, train=1.180e+00, val=1.144e+00]
GNN flow training:  71%|███████   | 71/100 [07:18<02:56,  6.08s/epoch, best=1.144e+00, sign=0.156, train=1.143e+00, val=1.113e+00]
GNN flow training:  72%|███████▏  | 72/100 [07:18<02:50,  6.10s/epoch, best=1.144e+00, sign=0.156, train=1.143e+00, val=1.113e+00]
GNN flow training:  72%|███████▏  | 72/100 [07:24<02:50,  6.10s/epoch, best=1.113e+00, sign=0.159, train=1.111e+00, val=1.074e+00]
GNN flow training:  73%|███████▎  | 73/100 [07:24<02:44,  6.09s/epoch, best=1.113e+00, sign=0.159, train=1.111e+00, val=1.074e+00]
GNN flow training:  73%|███████▎  | 73/100 [07:30<02:44,  6.09s/epoch, best=1.074e+00, sign=0.160, train=1.072e+00, val=1.048e+00]
GNN flow training:  74%|███████▍  | 74/100 [07:30<02:38,  6.09s/epoch, best=1.074e+00, sign=0.160, train=1.072e+00, val=1.048e+00]
GNN flow training:  74%|███████▍  | 74/100 [07:36<02:38,  6.09s/epoch, best=1.048e+00, sign=0.162, train=1.046e+00, val=1.004e+00]
GNN flow training:  75%|███████▌  | 75/100 [07:36<02:32,  6.08s/epoch, best=1.048e+00, sign=0.162, train=1.046e+00, val=1.004e+00]
GNN flow training:  75%|███████▌  | 75/100 [07:42<02:32,  6.08s/epoch, best=1.004e+00, sign=0.167, train=1.002e+00, val=9.308e-01]
GNN flow training:  76%|███████▌  | 76/100 [07:42<02:26,  6.09s/epoch, best=1.004e+00, sign=0.167, train=1.002e+00, val=9.308e-01]
GNN flow training:  76%|███████▌  | 76/100 [07:48<02:26,  6.09s/epoch, best=9.308e-01, sign=0.169, train=9.289e-01, val=9.006e-01]
GNN flow training:  77%|███████▋  | 77/100 [07:48<02:19,  6.09s/epoch, best=9.308e-01, sign=0.169, train=9.289e-01, val=9.006e-01]
GNN flow training:  77%|███████▋  | 77/100 [07:54<02:19,  6.09s/epoch, best=9.006e-01, sign=0.169, train=8.986e-01, val=8.873e-01]
GNN flow training:  78%|███████▊  | 78/100 [07:54<02:14,  6.10s/epoch, best=9.006e-01, sign=0.169, train=8.986e-01, val=8.873e-01]
GNN flow training:  78%|███████▊  | 78/100 [08:00<02:14,  6.10s/epoch, best=8.873e-01, sign=0.171, train=8.853e-01, val=8.726e-01]
GNN flow training:  79%|███████▉  | 79/100 [08:00<02:07,  6.08s/epoch, best=8.873e-01, sign=0.171, train=8.853e-01, val=8.726e-01]
GNN flow training:  79%|███████▉  | 79/100 [08:06<02:07,  6.08s/epoch, best=8.726e-01, sign=0.170, train=8.705e-01, val=8.578e-01]
GNN flow training:  80%|████████  | 80/100 [08:06<02:01,  6.08s/epoch, best=8.726e-01, sign=0.170, train=8.705e-01, val=8.578e-01]
GNN flow training:  80%|████████  | 80/100 [08:12<02:01,  6.08s/epoch, best=8.578e-01, sign=0.171, train=8.558e-01, val=8.470e-01]
GNN flow training:  81%|████████  | 81/100 [08:12<01:55,  6.07s/epoch, best=8.578e-01, sign=0.171, train=8.558e-01, val=8.470e-01]
GNN flow training:  81%|████████  | 81/100 [08:18<01:55,  6.07s/epoch, best=8.470e-01, sign=0.170, train=8.449e-01, val=8.335e-01]
GNN flow training:  82%|████████▏ | 82/100 [08:18<01:49,  6.08s/epoch, best=8.470e-01, sign=0.170, train=8.449e-01, val=8.335e-01]
GNN flow training:  82%|████████▏ | 82/100 [08:24<01:49,  6.08s/epoch, best=8.335e-01, sign=0.171, train=8.314e-01, val=8.147e-01]
GNN flow training:  83%|████████▎ | 83/100 [08:24<01:43,  6.07s/epoch, best=8.335e-01, sign=0.171, train=8.314e-01, val=8.147e-01]
GNN flow training:  83%|████████▎ | 83/100 [08:31<01:43,  6.07s/epoch, best=8.147e-01, sign=0.172, train=8.126e-01, val=8.104e-01]
GNN flow training:  84%|████████▍ | 84/100 [08:31<01:37,  6.07s/epoch, best=8.147e-01, sign=0.172, train=8.126e-01, val=8.104e-01]
GNN flow training:  84%|████████▍ | 84/100 [08:37<01:37,  6.07s/epoch, best=8.104e-01, sign=0.172, train=8.082e-01, val=8.199e-01]
GNN flow training:  85%|████████▌ | 85/100 [08:37<01:31,  6.07s/epoch, best=8.104e-01, sign=0.172, train=8.082e-01, val=8.199e-01]
GNN flow training:  85%|████████▌ | 85/100 [08:43<01:31,  6.07s/epoch, best=8.104e-01, sign=0.172, train=8.178e-01, val=8.328e-01]
GNN flow training:  86%|████████▌ | 86/100 [08:43<01:25,  6.07s/epoch, best=8.104e-01, sign=0.172, train=8.178e-01, val=8.328e-01]
GNN flow training:  86%|████████▌ | 86/100 [08:49<01:25,  6.07s/epoch, best=8.104e-01, sign=0.171, train=8.308e-01, val=8.377e-01]
GNN flow training:  87%|████████▋ | 87/100 [08:49<01:18,  6.08s/epoch, best=8.104e-01, sign=0.171, train=8.308e-01, val=8.377e-01]
GNN flow training:  87%|████████▋ | 87/100 [08:55<01:18,  6.08s/epoch, best=8.104e-01, sign=0.171, train=8.357e-01, val=8.335e-01]
GNN flow training:  88%|████████▊ | 88/100 [08:55<01:12,  6.08s/epoch, best=8.104e-01, sign=0.171, train=8.357e-01, val=8.335e-01]
GNN flow training:  88%|████████▊ | 88/100 [09:01<01:12,  6.08s/epoch, best=8.104e-01, sign=0.171, train=8.315e-01, val=8.239e-01]
GNN flow training:  89%|████████▉ | 89/100 [09:01<01:06,  6.08s/epoch, best=8.104e-01, sign=0.171, train=8.315e-01, val=8.239e-01]
GNN flow training:  89%|████████▉ | 89/100 [09:07<01:06,  6.08s/epoch, best=8.104e-01, sign=0.172, train=8.219e-01, val=8.071e-01]
GNN flow training:  90%|█████████ | 90/100 [09:07<01:00,  6.09s/epoch, best=8.104e-01, sign=0.172, train=8.219e-01, val=8.071e-01]
GNN flow training:  90%|█████████ | 90/100 [09:13<01:00,  6.09s/epoch, best=8.071e-01, sign=0.172, train=8.050e-01, val=8.119e-01]
GNN flow training:  91%|█████████ | 91/100 [09:13<00:54,  6.10s/epoch, best=8.071e-01, sign=0.172, train=8.050e-01, val=8.119e-01]
GNN flow training:  91%|█████████ | 91/100 [09:19<00:54,  6.10s/epoch, best=8.071e-01, sign=0.173, train=8.098e-01, val=7.905e-01]
GNN flow training:  92%|█████████▏| 92/100 [09:19<00:48,  6.10s/epoch, best=8.071e-01, sign=0.173, train=8.098e-01, val=7.905e-01]
GNN flow training:  92%|█████████▏| 92/100 [09:25<00:48,  6.10s/epoch, best=7.905e-01, sign=0.170, train=7.884e-01, val=8.193e-01]
GNN flow training:  93%|█████████▎| 93/100 [09:25<00:42,  6.10s/epoch, best=7.905e-01, sign=0.170, train=7.884e-01, val=8.193e-01]
GNN flow training:  93%|█████████▎| 93/100 [09:31<00:42,  6.10s/epoch, best=7.905e-01, sign=0.169, train=8.173e-01, val=8.858e-01]
GNN flow training:  94%|█████████▍| 94/100 [09:31<00:36,  6.09s/epoch, best=7.905e-01, sign=0.169, train=8.173e-01, val=8.858e-01]
GNN flow training:  94%|█████████▍| 94/100 [09:38<00:36,  6.09s/epoch, best=7.905e-01, sign=0.169, train=8.839e-01, val=8.884e-01]
GNN flow training:  95%|█████████▌| 95/100 [09:38<00:30,  6.09s/epoch, best=7.905e-01, sign=0.169, train=8.839e-01, val=8.884e-01]
GNN flow training:  95%|█████████▌| 95/100 [09:44<00:30,  6.09s/epoch, best=7.905e-01, sign=0.169, train=8.864e-01, val=8.869e-01]
GNN flow training:  96%|█████████▌| 96/100 [09:44<00:24,  6.09s/epoch, best=7.905e-01, sign=0.169, train=8.864e-01, val=8.869e-01]
GNN flow training:  96%|█████████▌| 96/100 [09:50<00:24,  6.09s/epoch, best=7.905e-01, sign=0.169, train=8.850e-01, val=8.452e-01]
GNN flow training:  97%|█████████▋| 97/100 [09:50<00:18,  6.09s/epoch, best=7.905e-01, sign=0.169, train=8.850e-01, val=8.452e-01]
GNN flow training:  97%|█████████▋| 97/100 [09:56<00:18,  6.09s/epoch, best=7.905e-01, sign=0.171, train=8.432e-01, val=8.092e-01]
GNN flow training:  98%|█████████▊| 98/100 [09:56<00:12,  6.09s/epoch, best=7.905e-01, sign=0.171, train=8.432e-01, val=8.092e-01]
GNN flow training:  98%|█████████▊| 98/100 [10:02<00:12,  6.09s/epoch, best=7.905e-01, sign=0.170, train=8.072e-01, val=8.757e-01]
GNN flow training:  99%|█████████▉| 99/100 [10:02<00:06,  6.08s/epoch, best=7.905e-01, sign=0.170, train=8.072e-01, val=8.757e-01]
GNN flow training:  99%|█████████▉| 99/100 [10:08<00:06,  6.08s/epoch, best=7.905e-01, sign=0.167, train=8.738e-01, val=9.254e-01]
GNN flow training: 100%|██████████| 100/100 [10:08<00:00,  6.10s/epoch, best=7.905e-01, sign=0.167, train=8.738e-01, val=9.254e-01]
GNN flow training: 100%|██████████| 100/100 [10:08<00:00,  6.08s/epoch, best=7.905e-01, sign=0.167, train=8.738e-01, val=9.254e-01]
Resolved config snapshot:
{'preset': 'solver_QKB_outer_QKBdelta', 'gnn_outer_losses': {'flow': 0.1, 'kirchhoff': 1.0, 'boundary': 100.0, 'delta_l2': 0.1, 'delta_smooth': 0.0, 'pressure_shape': 0.0}, 'physics': {'arterial_flow_mode': 'dataset', 'pressure_constraints': ['equal-a-equal-v'], 'alpha_pa': None, 'use_snr_weights': True, 'use_observed_flow_snr_weighting': True, 'flow_scale_mode': 'median_abs', 'solver_device': 'same', 'pressure_solver_mode': 'reduced-soft-constrained-lstsq', 'pressure_solver_lambda_kirchhoff': 1.0, 'pressure_solver_lambda_pressure_constraints': 100.0, 'pressure_solver_lambda_flow_residual': 1.0, 'pressure_shape_reference': 'delta_zero_reference', 'pressure_detach': False}, 'correction_bounds': {'correction_min': -0.5, 'correction_max': 0.5, 'correction_bound': 0.5, 'correction_parameterization': 'tanh'}, 'optimization': {'learning_rate': 0.001, 'weight_decay': 0.0001, 'gradient_clip_norm': 5.0, 'optimizer': 'adamw', 'epochs': 100, 'patience': 40}}
Shard 5/80: 1 of 80 runs
Command: /mnt/home/sswee/miniforge3/envs/yolk-sac/bin/python /mnt/home/sswee/yolk/Yolk-Sac-Flow-Data-and-Sim/gnn_clean/scripts/python/gnn_flow.py /mnt/home/sswee/yolk/Yolk-Sac-Flow-Data-and-Sim/gnn_clean/datasets/mosaic_graph_norm_canonical.gpickle --output-dir /mnt/home/sswee/yolk/Yolk-Sac-Flow-Data-and-Sim/gnn_clean/outputs_canonical_norm/dc/02_physics_weight_sweep/gnn --run-name q_0p1__k_1__delta_0p1 --preset solver_QKB_outer_QKBdelta --device cuda --epochs 100 --seed 0 --viscosity-pa-s 0.0035 --config /mnt/home/sswee/yolk/Yolk-Sac-Flow-Data-and-Sim/gnn_clean/outputs_canonical_norm/dc/02_physics_weight_sweep/_generated_configs/q_0p1__k_1__delta_0p1.yaml --no-pressure-detach
