[info] DC Step 2 canonical sweep uses fixed lambda_B=100.0 for both the outer boundary loss and the reduced pressure-solver boundary constraint.

GNN flow training:   0%|          | 0/100 [00:00<?, ?epoch/s]
GNN flow training:   0%|          | 0/100 [00:06<?, ?epoch/s, best=1.761e-01, sign=0.161, train=1.762e-01, val=1.761e-01]
GNN flow training:   1%|          | 1/100 [00:06<10:21,  6.27s/epoch, best=1.761e-01, sign=0.161, train=1.762e-01, val=1.761e-01]
GNN flow training:   1%|          | 1/100 [00:12<10:21,  6.27s/epoch, best=1.761e-01, sign=0.160, train=1.759e-01, val=1.759e-01]
GNN flow training:   2%|▏         | 2/100 [00:12<10:13,  6.26s/epoch, best=1.761e-01, sign=0.160, train=1.759e-01, val=1.759e-01]
GNN flow training:   2%|▏         | 2/100 [00:18<10:13,  6.26s/epoch, best=1.759e-01, sign=0.160, train=1.757e-01, val=1.756e-01]
GNN flow training:   3%|▎         | 3/100 [00:18<10:01,  6.20s/epoch, best=1.759e-01, sign=0.160, train=1.757e-01, val=1.756e-01]
GNN flow training:   3%|▎         | 3/100 [00:24<10:01,  6.20s/epoch, best=1.756e-01, sign=0.160, train=1.754e-01, val=1.755e-01]
GNN flow training:   4%|▍         | 4/100 [00:24<09:53,  6.18s/epoch, best=1.756e-01, sign=0.160, train=1.754e-01, val=1.755e-01]
GNN flow training:   4%|▍         | 4/100 [00:30<09:53,  6.18s/epoch, best=1.755e-01, sign=0.160, train=1.753e-01, val=1.757e-01]
GNN flow training:   5%|▌         | 5/100 [00:30<09:45,  6.17s/epoch, best=1.755e-01, sign=0.160, train=1.753e-01, val=1.757e-01]
GNN flow training:   5%|▌         | 5/100 [00:37<09:45,  6.17s/epoch, best=1.755e-01, sign=0.160, train=1.755e-01, val=1.754e-01]
GNN flow training:   6%|▌         | 6/100 [00:37<09:37,  6.14s/epoch, best=1.755e-01, sign=0.160, train=1.755e-01, val=1.754e-01]
GNN flow training:   6%|▌         | 6/100 [00:43<09:37,  6.14s/epoch, best=1.754e-01, sign=0.161, train=1.752e-01, val=1.761e-01]
GNN flow training:   7%|▋         | 7/100 [00:43<09:29,  6.12s/epoch, best=1.754e-01, sign=0.161, train=1.752e-01, val=1.761e-01]
GNN flow training:   7%|▋         | 7/100 [00:49<09:29,  6.12s/epoch, best=1.754e-01, sign=0.161, train=1.759e-01, val=1.760e-01]
GNN flow training:   8%|▊         | 8/100 [00:49<09:23,  6.12s/epoch, best=1.754e-01, sign=0.161, train=1.759e-01, val=1.760e-01]
GNN flow training:   8%|▊         | 8/100 [00:55<09:23,  6.12s/epoch, best=1.754e-01, sign=0.160, train=1.758e-01, val=1.759e-01]
GNN flow training:   9%|▉         | 9/100 [00:55<09:16,  6.11s/epoch, best=1.754e-01, sign=0.160, train=1.758e-01, val=1.759e-01]
GNN flow training:   9%|▉         | 9/100 [01:01<09:16,  6.11s/epoch, best=1.754e-01, sign=0.160, train=1.757e-01, val=1.753e-01]
GNN flow training:  10%|█         | 10/100 [01:01<09:11,  6.13s/epoch, best=1.754e-01, sign=0.160, train=1.757e-01, val=1.753e-01]
GNN flow training:  10%|█         | 10/100 [01:07<09:11,  6.13s/epoch, best=1.753e-01, sign=0.160, train=1.751e-01, val=1.751e-01]
GNN flow training:  11%|█         | 11/100 [01:07<09:05,  6.13s/epoch, best=1.753e-01, sign=0.160, train=1.751e-01, val=1.751e-01]
GNN flow training:  11%|█         | 11/100 [01:13<09:05,  6.13s/epoch, best=1.751e-01, sign=0.160, train=1.749e-01, val=1.749e-01]
GNN flow training:  12%|█▏        | 12/100 [01:13<09:00,  6.14s/epoch, best=1.751e-01, sign=0.160, train=1.749e-01, val=1.749e-01]
GNN flow training:  12%|█▏        | 12/100 [01:19<09:00,  6.14s/epoch, best=1.749e-01, sign=0.159, train=1.747e-01, val=1.751e-01]
GNN flow training:  13%|█▎        | 13/100 [01:19<08:53,  6.13s/epoch, best=1.749e-01, sign=0.159, train=1.747e-01, val=1.751e-01]
GNN flow training:  13%|█▎        | 13/100 [01:26<08:53,  6.13s/epoch, best=1.749e-01, sign=0.159, train=1.749e-01, val=1.751e-01]
GNN flow training:  14%|█▍        | 14/100 [01:26<08:48,  6.14s/epoch, best=1.749e-01, sign=0.159, train=1.749e-01, val=1.751e-01]
GNN flow training:  14%|█▍        | 14/100 [01:32<08:48,  6.14s/epoch, best=1.749e-01, sign=0.159, train=1.749e-01, val=1.748e-01]
GNN flow training:  15%|█▌        | 15/100 [01:32<08:41,  6.13s/epoch, best=1.749e-01, sign=0.159, train=1.749e-01, val=1.748e-01]
GNN flow training:  15%|█▌        | 15/100 [01:38<08:41,  6.13s/epoch, best=1.748e-01, sign=0.160, train=1.746e-01, val=1.742e-01]
GNN flow training:  16%|█▌        | 16/100 [01:38<08:33,  6.11s/epoch, best=1.748e-01, sign=0.160, train=1.746e-01, val=1.742e-01]
GNN flow training:  16%|█▌        | 16/100 [01:44<08:33,  6.11s/epoch, best=1.742e-01, sign=0.159, train=1.740e-01, val=1.741e-01]
GNN flow training:  17%|█▋        | 17/100 [01:44<08:27,  6.12s/epoch, best=1.742e-01, sign=0.159, train=1.740e-01, val=1.741e-01]
GNN flow training:  17%|█▋        | 17/100 [01:50<08:27,  6.12s/epoch, best=1.741e-01, sign=0.158, train=1.738e-01, val=1.735e-01]
GNN flow training:  18%|█▊        | 18/100 [01:50<08:20,  6.11s/epoch, best=1.741e-01, sign=0.158, train=1.738e-01, val=1.735e-01]
GNN flow training:  18%|█▊        | 18/100 [01:56<08:20,  6.11s/epoch, best=1.735e-01, sign=0.159, train=1.733e-01, val=1.737e-01]
GNN flow training:  19%|█▉        | 19/100 [01:56<08:13,  6.09s/epoch, best=1.735e-01, sign=0.159, train=1.733e-01, val=1.737e-01]
GNN flow training:  19%|█▉        | 19/100 [02:02<08:13,  6.09s/epoch, best=1.735e-01, sign=0.158, train=1.735e-01, val=1.734e-01]
GNN flow training:  20%|██        | 20/100 [02:02<08:07,  6.09s/epoch, best=1.735e-01, sign=0.158, train=1.735e-01, val=1.734e-01]
GNN flow training:  20%|██        | 20/100 [02:08<08:07,  6.09s/epoch, best=1.734e-01, sign=0.158, train=1.732e-01, val=1.729e-01]
GNN flow training:  21%|██        | 21/100 [02:08<08:02,  6.10s/epoch, best=1.734e-01, sign=0.158, train=1.732e-01, val=1.729e-01]
GNN flow training:  21%|██        | 21/100 [02:14<08:02,  6.10s/epoch, best=1.729e-01, sign=0.158, train=1.727e-01, val=1.728e-01]
GNN flow training:  22%|██▏       | 22/100 [02:14<07:55,  6.10s/epoch, best=1.729e-01, sign=0.158, train=1.727e-01, val=1.728e-01]
GNN flow training:  22%|██▏       | 22/100 [02:20<07:55,  6.10s/epoch, best=1.728e-01, sign=0.158, train=1.726e-01, val=1.728e-01]
GNN flow training:  23%|██▎       | 23/100 [02:20<07:49,  6.10s/epoch, best=1.728e-01, sign=0.158, train=1.726e-01, val=1.728e-01]
GNN flow training:  23%|██▎       | 23/100 [02:27<07:49,  6.10s/epoch, best=1.728e-01, sign=0.158, train=1.726e-01, val=1.729e-01]
GNN flow training:  24%|██▍       | 24/100 [02:27<07:44,  6.11s/epoch, best=1.728e-01, sign=0.158, train=1.726e-01, val=1.729e-01]
GNN flow training:  24%|██▍       | 24/100 [02:33<07:44,  6.11s/epoch, best=1.728e-01, sign=0.158, train=1.727e-01, val=1.729e-01]
GNN flow training:  25%|██▌       | 25/100 [02:33<07:38,  6.12s/epoch, best=1.728e-01, sign=0.158, train=1.727e-01, val=1.729e-01]
GNN flow training:  25%|██▌       | 25/100 [02:39<07:38,  6.12s/epoch, best=1.728e-01, sign=0.158, train=1.726e-01, val=1.727e-01]
GNN flow training:  26%|██▌       | 26/100 [02:39<07:32,  6.12s/epoch, best=1.728e-01, sign=0.158, train=1.726e-01, val=1.727e-01]
GNN flow training:  26%|██▌       | 26/100 [02:45<07:32,  6.12s/epoch, best=1.727e-01, sign=0.158, train=1.725e-01, val=1.725e-01]
GNN flow training:  27%|██▋       | 27/100 [02:45<07:26,  6.12s/epoch, best=1.727e-01, sign=0.158, train=1.725e-01, val=1.725e-01]
GNN flow training:  27%|██▋       | 27/100 [02:51<07:26,  6.12s/epoch, best=1.725e-01, sign=0.159, train=1.722e-01, val=1.722e-01]
GNN flow training:  28%|██▊       | 28/100 [02:51<07:21,  6.14s/epoch, best=1.725e-01, sign=0.159, train=1.722e-01, val=1.722e-01]
GNN flow training:  28%|██▊       | 28/100 [02:57<07:21,  6.14s/epoch, best=1.722e-01, sign=0.158, train=1.719e-01, val=1.722e-01]
GNN flow training:  29%|██▉       | 29/100 [02:57<07:15,  6.13s/epoch, best=1.722e-01, sign=0.158, train=1.719e-01, val=1.722e-01]
GNN flow training:  29%|██▉       | 29/100 [03:03<07:15,  6.13s/epoch, best=1.722e-01, sign=0.157, train=1.719e-01, val=1.728e-01]
GNN flow training:  30%|███       | 30/100 [03:03<07:08,  6.12s/epoch, best=1.722e-01, sign=0.157, train=1.719e-01, val=1.728e-01]
GNN flow training:  30%|███       | 30/100 [03:09<07:08,  6.12s/epoch, best=1.722e-01, sign=0.157, train=1.725e-01, val=1.725e-01]
GNN flow training:  31%|███       | 31/100 [03:09<07:02,  6.12s/epoch, best=1.722e-01, sign=0.157, train=1.725e-01, val=1.725e-01]
GNN flow training:  31%|███       | 31/100 [03:16<07:02,  6.12s/epoch, best=1.722e-01, sign=0.157, train=1.722e-01, val=1.723e-01]
GNN flow training:  32%|███▏      | 32/100 [03:16<06:55,  6.12s/epoch, best=1.722e-01, sign=0.157, train=1.722e-01, val=1.723e-01]
GNN flow training:  32%|███▏      | 32/100 [03:22<06:55,  6.12s/epoch, best=1.722e-01, sign=0.158, train=1.720e-01, val=1.724e-01]
GNN flow training:  33%|███▎      | 33/100 [03:22<06:50,  6.13s/epoch, best=1.722e-01, sign=0.158, train=1.720e-01, val=1.724e-01]
GNN flow training:  33%|███▎      | 33/100 [03:28<06:50,  6.13s/epoch, best=1.722e-01, sign=0.158, train=1.721e-01, val=1.721e-01]
GNN flow training:  34%|███▍      | 34/100 [03:28<06:44,  6.13s/epoch, best=1.722e-01, sign=0.158, train=1.721e-01, val=1.721e-01]
GNN flow training:  34%|███▍      | 34/100 [03:34<06:44,  6.13s/epoch, best=1.721e-01, sign=0.159, train=1.719e-01, val=1.715e-01]
GNN flow training:  35%|███▌      | 35/100 [03:34<06:37,  6.12s/epoch, best=1.721e-01, sign=0.159, train=1.719e-01, val=1.715e-01]
GNN flow training:  35%|███▌      | 35/100 [03:40<06:37,  6.12s/epoch, best=1.715e-01, sign=0.159, train=1.712e-01, val=1.717e-01]
GNN flow training:  36%|███▌      | 36/100 [03:40<06:31,  6.12s/epoch, best=1.715e-01, sign=0.159, train=1.712e-01, val=1.717e-01]
GNN flow training:  36%|███▌      | 36/100 [03:46<06:31,  6.12s/epoch, best=1.715e-01, sign=0.159, train=1.715e-01, val=1.724e-01]
GNN flow training:  37%|███▋      | 37/100 [03:46<06:25,  6.11s/epoch, best=1.715e-01, sign=0.159, train=1.715e-01, val=1.724e-01]
GNN flow training:  37%|███▋      | 37/100 [03:52<06:25,  6.11s/epoch, best=1.715e-01, sign=0.159, train=1.721e-01, val=1.727e-01]
GNN flow training:  38%|███▊      | 38/100 [03:52<06:19,  6.12s/epoch, best=1.715e-01, sign=0.159, train=1.721e-01, val=1.727e-01]
GNN flow training:  38%|███▊      | 38/100 [03:58<06:19,  6.12s/epoch, best=1.715e-01, sign=0.159, train=1.725e-01, val=1.729e-01]
GNN flow training:  39%|███▉      | 39/100 [03:58<06:13,  6.12s/epoch, best=1.715e-01, sign=0.159, train=1.725e-01, val=1.729e-01]
GNN flow training:  39%|███▉      | 39/100 [04:05<06:13,  6.12s/epoch, best=1.715e-01, sign=0.159, train=1.726e-01, val=1.731e-01]
GNN flow training:  40%|████      | 40/100 [04:05<06:07,  6.13s/epoch, best=1.715e-01, sign=0.159, train=1.726e-01, val=1.731e-01]
GNN flow training:  40%|████      | 40/100 [04:11<06:07,  6.13s/epoch, best=1.715e-01, sign=0.159, train=1.728e-01, val=1.728e-01]
GNN flow training:  41%|████      | 41/100 [04:11<06:01,  6.13s/epoch, best=1.715e-01, sign=0.159, train=1.728e-01, val=1.728e-01]
GNN flow training:  41%|████      | 41/100 [04:17<06:01,  6.13s/epoch, best=1.715e-01, sign=0.159, train=1.725e-01, val=1.723e-01]
GNN flow training:  42%|████▏     | 42/100 [04:17<05:56,  6.15s/epoch, best=1.715e-01, sign=0.159, train=1.725e-01, val=1.723e-01]
GNN flow training:  42%|████▏     | 42/100 [04:23<05:56,  6.15s/epoch, best=1.715e-01, sign=0.159, train=1.721e-01, val=1.721e-01]
GNN flow training:  43%|████▎     | 43/100 [04:23<05:50,  6.14s/epoch, best=1.715e-01, sign=0.159, train=1.721e-01, val=1.721e-01]
GNN flow training:  43%|████▎     | 43/100 [04:29<05:50,  6.14s/epoch, best=1.715e-01, sign=0.158, train=1.719e-01, val=1.717e-01]
GNN flow training:  44%|████▍     | 44/100 [04:29<05:43,  6.14s/epoch, best=1.715e-01, sign=0.158, train=1.719e-01, val=1.717e-01]
GNN flow training:  44%|████▍     | 44/100 [04:35<05:43,  6.14s/epoch, best=1.715e-01, sign=0.158, train=1.715e-01, val=1.716e-01]
GNN flow training:  45%|████▌     | 45/100 [04:35<05:37,  6.15s/epoch, best=1.715e-01, sign=0.158, train=1.715e-01, val=1.716e-01]
GNN flow training:  45%|████▌     | 45/100 [04:41<05:37,  6.15s/epoch, best=1.715e-01, sign=0.157, train=1.713e-01, val=1.714e-01]
GNN flow training:  46%|████▌     | 46/100 [04:41<05:31,  6.13s/epoch, best=1.715e-01, sign=0.157, train=1.713e-01, val=1.714e-01]
GNN flow training:  46%|████▌     | 46/100 [04:47<05:31,  6.13s/epoch, best=1.714e-01, sign=0.157, train=1.711e-01, val=1.712e-01]
GNN flow training:  47%|████▋     | 47/100 [04:47<05:23,  6.11s/epoch, best=1.714e-01, sign=0.157, train=1.711e-01, val=1.712e-01]
GNN flow training:  47%|████▋     | 47/100 [04:54<05:23,  6.11s/epoch, best=1.712e-01, sign=0.157, train=1.709e-01, val=1.712e-01]
GNN flow training:  48%|████▊     | 48/100 [04:54<05:16,  6.09s/epoch, best=1.712e-01, sign=0.157, train=1.709e-01, val=1.712e-01]
GNN flow training:  48%|████▊     | 48/100 [05:00<05:16,  6.09s/epoch, best=1.712e-01, sign=0.156, train=1.709e-01, val=1.713e-01]
GNN flow training:  49%|████▉     | 49/100 [05:00<05:10,  6.09s/epoch, best=1.712e-01, sign=0.156, train=1.709e-01, val=1.713e-01]
GNN flow training:  49%|████▉     | 49/100 [05:06<05:10,  6.09s/epoch, best=1.712e-01, sign=0.156, train=1.710e-01, val=1.706e-01]
GNN flow training:  50%|█████     | 50/100 [05:06<05:04,  6.10s/epoch, best=1.712e-01, sign=0.156, train=1.710e-01, val=1.706e-01]
GNN flow training:  50%|█████     | 50/100 [05:12<05:04,  6.10s/epoch, best=1.706e-01, sign=0.156, train=1.703e-01, val=1.703e-01]
GNN flow training:  51%|█████     | 51/100 [05:12<04:59,  6.10s/epoch, best=1.706e-01, sign=0.156, train=1.703e-01, val=1.703e-01]
GNN flow training:  51%|█████     | 51/100 [05:18<04:59,  6.10s/epoch, best=1.703e-01, sign=0.157, train=1.699e-01, val=1.697e-01]
GNN flow training:  52%|█████▏    | 52/100 [05:18<04:53,  6.12s/epoch, best=1.703e-01, sign=0.157, train=1.699e-01, val=1.697e-01]
GNN flow training:  52%|█████▏    | 52/100 [05:24<04:53,  6.12s/epoch, best=1.697e-01, sign=0.158, train=1.693e-01, val=1.689e-01]
GNN flow training:  53%|█████▎    | 53/100 [05:24<04:47,  6.12s/epoch, best=1.697e-01, sign=0.158, train=1.693e-01, val=1.689e-01]
GNN flow training:  53%|█████▎    | 53/100 [05:30<04:47,  6.12s/epoch, best=1.689e-01, sign=0.157, train=1.685e-01, val=1.678e-01]
GNN flow training:  54%|█████▍    | 54/100 [05:30<04:41,  6.12s/epoch, best=1.689e-01, sign=0.157, train=1.685e-01, val=1.678e-01]
GNN flow training:  54%|█████▍    | 54/100 [05:36<04:41,  6.12s/epoch, best=1.678e-01, sign=0.156, train=1.674e-01, val=1.670e-01]
GNN flow training:  55%|█████▌    | 55/100 [05:36<04:35,  6.13s/epoch, best=1.678e-01, sign=0.156, train=1.674e-01, val=1.670e-01]
GNN flow training:  55%|█████▌    | 55/100 [05:43<04:35,  6.13s/epoch, best=1.670e-01, sign=0.157, train=1.667e-01, val=1.664e-01]
GNN flow training:  56%|█████▌    | 56/100 [05:43<04:29,  6.13s/epoch, best=1.670e-01, sign=0.157, train=1.667e-01, val=1.664e-01]
GNN flow training:  56%|█████▌    | 56/100 [05:49<04:29,  6.13s/epoch, best=1.664e-01, sign=0.156, train=1.660e-01, val=1.666e-01]
GNN flow training:  57%|█████▋    | 57/100 [05:49<04:23,  6.12s/epoch, best=1.664e-01, sign=0.156, train=1.660e-01, val=1.666e-01]
GNN flow training:  57%|█████▋    | 57/100 [05:55<04:23,  6.12s/epoch, best=1.664e-01, sign=0.157, train=1.662e-01, val=1.664e-01]
GNN flow training:  58%|█████▊    | 58/100 [05:55<04:16,  6.11s/epoch, best=1.664e-01, sign=0.157, train=1.662e-01, val=1.664e-01]
GNN flow training:  58%|█████▊    | 58/100 [06:01<04:16,  6.11s/epoch, best=1.664e-01, sign=0.157, train=1.660e-01, val=1.662e-01]
GNN flow training:  59%|█████▉    | 59/100 [06:01<04:11,  6.13s/epoch, best=1.664e-01, sign=0.157, train=1.660e-01, val=1.662e-01]
GNN flow training:  59%|█████▉    | 59/100 [06:07<04:11,  6.13s/epoch, best=1.662e-01, sign=0.157, train=1.658e-01, val=1.666e-01]
GNN flow training:  60%|██████    | 60/100 [06:07<04:05,  6.13s/epoch, best=1.662e-01, sign=0.157, train=1.658e-01, val=1.666e-01]
GNN flow training:  60%|██████    | 60/100 [06:13<04:05,  6.13s/epoch, best=1.662e-01, sign=0.157, train=1.662e-01, val=1.666e-01]
GNN flow training:  61%|██████    | 61/100 [06:13<03:59,  6.13s/epoch, best=1.662e-01, sign=0.157, train=1.662e-01, val=1.666e-01]
GNN flow training:  61%|██████    | 61/100 [06:19<03:59,  6.13s/epoch, best=1.662e-01, sign=0.157, train=1.662e-01, val=1.675e-01]
GNN flow training:  62%|██████▏   | 62/100 [06:19<03:53,  6.14s/epoch, best=1.662e-01, sign=0.157, train=1.662e-01, val=1.675e-01]
GNN flow training:  62%|██████▏   | 62/100 [06:25<03:53,  6.14s/epoch, best=1.662e-01, sign=0.155, train=1.670e-01, val=1.682e-01]
GNN flow training:  63%|██████▎   | 63/100 [06:25<03:47,  6.15s/epoch, best=1.662e-01, sign=0.155, train=1.670e-01, val=1.682e-01]
GNN flow training:  63%|██████▎   | 63/100 [06:32<03:47,  6.15s/epoch, best=1.662e-01, sign=0.154, train=1.678e-01, val=1.690e-01]
GNN flow training:  64%|██████▍   | 64/100 [06:32<03:41,  6.14s/epoch, best=1.662e-01, sign=0.154, train=1.678e-01, val=1.690e-01]
GNN flow training:  64%|██████▍   | 64/100 [06:38<03:41,  6.14s/epoch, best=1.662e-01, sign=0.153, train=1.685e-01, val=1.702e-01]
GNN flow training:  65%|██████▌   | 65/100 [06:38<03:34,  6.14s/epoch, best=1.662e-01, sign=0.153, train=1.685e-01, val=1.702e-01]
GNN flow training:  65%|██████▌   | 65/100 [06:44<03:34,  6.14s/epoch, best=1.662e-01, sign=0.152, train=1.697e-01, val=1.727e-01]
GNN flow training:  66%|██████▌   | 66/100 [06:44<03:28,  6.14s/epoch, best=1.662e-01, sign=0.152, train=1.697e-01, val=1.727e-01]
GNN flow training:  66%|██████▌   | 66/100 [06:50<03:28,  6.14s/epoch, best=1.662e-01, sign=0.152, train=1.722e-01, val=1.732e-01]
GNN flow training:  67%|██████▋   | 67/100 [06:50<03:22,  6.13s/epoch, best=1.662e-01, sign=0.152, train=1.722e-01, val=1.732e-01]
GNN flow training:  67%|██████▋   | 67/100 [06:56<03:22,  6.13s/epoch, best=1.662e-01, sign=0.153, train=1.726e-01, val=1.712e-01]
GNN flow training:  68%|██████▊   | 68/100 [06:56<03:15,  6.12s/epoch, best=1.662e-01, sign=0.153, train=1.726e-01, val=1.712e-01]
GNN flow training:  68%|██████▊   | 68/100 [07:02<03:15,  6.12s/epoch, best=1.662e-01, sign=0.153, train=1.707e-01, val=1.698e-01]
GNN flow training:  69%|██████▉   | 69/100 [07:02<03:09,  6.12s/epoch, best=1.662e-01, sign=0.153, train=1.707e-01, val=1.698e-01]
GNN flow training:  69%|██████▉   | 69/100 [07:08<03:09,  6.12s/epoch, best=1.662e-01, sign=0.153, train=1.693e-01, val=1.683e-01]
GNN flow training:  70%|███████   | 70/100 [07:08<03:03,  6.11s/epoch, best=1.662e-01, sign=0.153, train=1.693e-01, val=1.683e-01]
GNN flow training:  70%|███████   | 70/100 [07:14<03:03,  6.11s/epoch, best=1.662e-01, sign=0.154, train=1.679e-01, val=1.694e-01]
GNN flow training:  71%|███████   | 71/100 [07:14<02:57,  6.11s/epoch, best=1.662e-01, sign=0.154, train=1.679e-01, val=1.694e-01]
GNN flow training:  71%|███████   | 71/100 [07:21<02:57,  6.11s/epoch, best=1.662e-01, sign=0.155, train=1.690e-01, val=1.710e-01]
GNN flow training:  72%|███████▏  | 72/100 [07:21<02:51,  6.11s/epoch, best=1.662e-01, sign=0.155, train=1.690e-01, val=1.710e-01]
GNN flow training:  72%|███████▏  | 72/100 [07:27<02:51,  6.11s/epoch, best=1.662e-01, sign=0.156, train=1.706e-01, val=1.699e-01]
GNN flow training:  73%|███████▎  | 73/100 [07:27<02:45,  6.14s/epoch, best=1.662e-01, sign=0.156, train=1.706e-01, val=1.699e-01]
GNN flow training:  73%|███████▎  | 73/100 [07:33<02:45,  6.14s/epoch, best=1.662e-01, sign=0.156, train=1.695e-01, val=1.677e-01]
GNN flow training:  74%|███████▍  | 74/100 [07:33<02:39,  6.15s/epoch, best=1.662e-01, sign=0.156, train=1.695e-01, val=1.677e-01]
GNN flow training:  74%|███████▍  | 74/100 [07:39<02:39,  6.15s/epoch, best=1.662e-01, sign=0.156, train=1.674e-01, val=1.655e-01]
GNN flow training:  75%|███████▌  | 75/100 [07:39<02:33,  6.16s/epoch, best=1.662e-01, sign=0.156, train=1.674e-01, val=1.655e-01]
GNN flow training:  75%|███████▌  | 75/100 [07:45<02:33,  6.16s/epoch, best=1.655e-01, sign=0.157, train=1.652e-01, val=1.635e-01]
GNN flow training:  76%|███████▌  | 76/100 [07:45<02:27,  6.14s/epoch, best=1.655e-01, sign=0.157, train=1.652e-01, val=1.635e-01]
GNN flow training:  76%|███████▌  | 76/100 [07:51<02:27,  6.14s/epoch, best=1.635e-01, sign=0.158, train=1.632e-01, val=1.631e-01]
GNN flow training:  77%|███████▋  | 77/100 [07:51<02:21,  6.16s/epoch, best=1.635e-01, sign=0.158, train=1.632e-01, val=1.631e-01]
GNN flow training:  77%|███████▋  | 77/100 [07:58<02:21,  6.16s/epoch, best=1.631e-01, sign=0.158, train=1.627e-01, val=1.633e-01]
GNN flow training:  78%|███████▊  | 78/100 [07:58<02:15,  6.16s/epoch, best=1.631e-01, sign=0.158, train=1.627e-01, val=1.633e-01]
GNN flow training:  78%|███████▊  | 78/100 [08:04<02:15,  6.16s/epoch, best=1.631e-01, sign=0.158, train=1.630e-01, val=1.636e-01]
GNN flow training:  79%|███████▉  | 79/100 [08:04<02:08,  6.12s/epoch, best=1.631e-01, sign=0.158, train=1.630e-01, val=1.636e-01]
GNN flow training:  79%|███████▉  | 79/100 [08:10<02:08,  6.12s/epoch, best=1.631e-01, sign=0.158, train=1.632e-01, val=1.638e-01]
GNN flow training:  80%|████████  | 80/100 [08:10<02:02,  6.11s/epoch, best=1.631e-01, sign=0.158, train=1.632e-01, val=1.638e-01]
GNN flow training:  80%|████████  | 80/100 [08:16<02:02,  6.11s/epoch, best=1.631e-01, sign=0.157, train=1.635e-01, val=1.640e-01]
GNN flow training:  81%|████████  | 81/100 [08:16<01:56,  6.13s/epoch, best=1.631e-01, sign=0.157, train=1.635e-01, val=1.640e-01]
GNN flow training:  81%|████████  | 81/100 [08:22<01:56,  6.13s/epoch, best=1.631e-01, sign=0.157, train=1.637e-01, val=1.644e-01]
GNN flow training:  82%|████████▏ | 82/100 [08:22<01:51,  6.17s/epoch, best=1.631e-01, sign=0.157, train=1.637e-01, val=1.644e-01]
GNN flow training:  82%|████████▏ | 82/100 [08:28<01:51,  6.17s/epoch, best=1.631e-01, sign=0.158, train=1.640e-01, val=1.650e-01]
GNN flow training:  83%|████████▎ | 83/100 [08:28<01:44,  6.16s/epoch, best=1.631e-01, sign=0.158, train=1.640e-01, val=1.650e-01]
GNN flow training:  83%|████████▎ | 83/100 [08:34<01:44,  6.16s/epoch, best=1.631e-01, sign=0.158, train=1.646e-01, val=1.651e-01]
GNN flow training:  84%|████████▍ | 84/100 [08:34<01:38,  6.18s/epoch, best=1.631e-01, sign=0.158, train=1.646e-01, val=1.651e-01]
GNN flow training:  84%|████████▍ | 84/100 [08:41<01:38,  6.18s/epoch, best=1.631e-01, sign=0.159, train=1.648e-01, val=1.647e-01]
GNN flow training:  85%|████████▌ | 85/100 [08:41<01:32,  6.17s/epoch, best=1.631e-01, sign=0.159, train=1.648e-01, val=1.647e-01]
GNN flow training:  85%|████████▌ | 85/100 [08:47<01:32,  6.17s/epoch, best=1.631e-01, sign=0.159, train=1.644e-01, val=1.642e-01]
GNN flow training:  86%|████████▌ | 86/100 [08:47<01:26,  6.16s/epoch, best=1.631e-01, sign=0.159, train=1.644e-01, val=1.642e-01]
GNN flow training:  86%|████████▌ | 86/100 [08:53<01:26,  6.16s/epoch, best=1.631e-01, sign=0.159, train=1.639e-01, val=1.631e-01]
GNN flow training:  87%|████████▋ | 87/100 [08:53<01:19,  6.15s/epoch, best=1.631e-01, sign=0.159, train=1.639e-01, val=1.631e-01]
GNN flow training:  87%|████████▋ | 87/100 [08:59<01:19,  6.15s/epoch, best=1.631e-01, sign=0.160, train=1.627e-01, val=1.631e-01]
GNN flow training:  88%|████████▊ | 88/100 [08:59<01:13,  6.15s/epoch, best=1.631e-01, sign=0.160, train=1.627e-01, val=1.631e-01]
GNN flow training:  88%|████████▊ | 88/100 [09:05<01:13,  6.15s/epoch, best=1.631e-01, sign=0.161, train=1.627e-01, val=1.629e-01]
GNN flow training:  89%|████████▉ | 89/100 [09:05<01:07,  6.15s/epoch, best=1.631e-01, sign=0.161, train=1.627e-01, val=1.629e-01]
GNN flow training:  89%|████████▉ | 89/100 [09:11<01:07,  6.15s/epoch, best=1.629e-01, sign=0.162, train=1.626e-01, val=1.626e-01]
GNN flow training:  90%|█████████ | 90/100 [09:11<01:01,  6.16s/epoch, best=1.629e-01, sign=0.162, train=1.626e-01, val=1.626e-01]
GNN flow training:  90%|█████████ | 90/100 [09:17<01:01,  6.16s/epoch, best=1.626e-01, sign=0.162, train=1.622e-01, val=1.635e-01]
GNN flow training:  91%|█████████ | 91/100 [09:17<00:55,  6.15s/epoch, best=1.626e-01, sign=0.162, train=1.622e-01, val=1.635e-01]
GNN flow training:  91%|█████████ | 91/100 [09:24<00:55,  6.15s/epoch, best=1.626e-01, sign=0.162, train=1.631e-01, val=1.651e-01]
GNN flow training:  92%|█████████▏| 92/100 [09:24<00:49,  6.13s/epoch, best=1.626e-01, sign=0.162, train=1.631e-01, val=1.651e-01]
GNN flow training:  92%|█████████▏| 92/100 [09:30<00:49,  6.13s/epoch, best=1.626e-01, sign=0.162, train=1.647e-01, val=1.650e-01]
GNN flow training:  93%|█████████▎| 93/100 [09:30<00:42,  6.11s/epoch, best=1.626e-01, sign=0.162, train=1.647e-01, val=1.650e-01]
GNN flow training:  93%|█████████▎| 93/100 [09:36<00:42,  6.11s/epoch, best=1.626e-01, sign=0.162, train=1.646e-01, val=1.675e-01]
GNN flow training:  94%|█████████▍| 94/100 [09:36<00:36,  6.10s/epoch, best=1.626e-01, sign=0.162, train=1.646e-01, val=1.675e-01]
GNN flow training:  94%|█████████▍| 94/100 [09:42<00:36,  6.10s/epoch, best=1.626e-01, sign=0.162, train=1.671e-01, val=1.699e-01]
GNN flow training:  95%|█████████▌| 95/100 [09:42<00:30,  6.09s/epoch, best=1.626e-01, sign=0.162, train=1.671e-01, val=1.699e-01]
GNN flow training:  95%|█████████▌| 95/100 [09:48<00:30,  6.09s/epoch, best=1.626e-01, sign=0.161, train=1.696e-01, val=1.714e-01]
GNN flow training:  96%|█████████▌| 96/100 [09:48<00:24,  6.09s/epoch, best=1.626e-01, sign=0.161, train=1.696e-01, val=1.714e-01]
GNN flow training:  96%|█████████▌| 96/100 [09:54<00:24,  6.09s/epoch, best=1.626e-01, sign=0.162, train=1.711e-01, val=1.725e-01]
GNN flow training:  97%|█████████▋| 97/100 [09:54<00:18,  6.11s/epoch, best=1.626e-01, sign=0.162, train=1.711e-01, val=1.725e-01]
GNN flow training:  97%|█████████▋| 97/100 [10:00<00:18,  6.11s/epoch, best=1.626e-01, sign=0.162, train=1.722e-01, val=1.725e-01]
GNN flow training:  98%|█████████▊| 98/100 [10:00<00:12,  6.11s/epoch, best=1.626e-01, sign=0.162, train=1.722e-01, val=1.725e-01]
GNN flow training:  98%|█████████▊| 98/100 [10:06<00:12,  6.11s/epoch, best=1.626e-01, sign=0.161, train=1.723e-01, val=1.707e-01]
GNN flow training:  99%|█████████▉| 99/100 [10:06<00:06,  6.13s/epoch, best=1.626e-01, sign=0.161, train=1.723e-01, val=1.707e-01]
GNN flow training:  99%|█████████▉| 99/100 [10:12<00:06,  6.13s/epoch, best=1.626e-01, sign=0.162, train=1.704e-01, val=1.682e-01]
GNN flow training: 100%|██████████| 100/100 [10:12<00:00,  6.14s/epoch, best=1.626e-01, sign=0.162, train=1.704e-01, val=1.682e-01]
GNN flow training: 100%|██████████| 100/100 [10:12<00:00,  6.13s/epoch, best=1.626e-01, sign=0.162, train=1.704e-01, val=1.682e-01]
Resolved config snapshot:
{'preset': 'solver_QKB_outer_QKBdelta', 'gnn_outer_losses': {'flow': 0.1, 'kirchhoff': 0.1, 'boundary': 100.0, 'delta_l2': 1.0, 'delta_smooth': 0.0, 'pressure_shape': 0.0}, 'physics': {'arterial_flow_mode': 'dataset', 'pressure_constraints': ['equal-a-equal-v'], 'alpha_pa': None, 'use_snr_weights': True, 'use_observed_flow_snr_weighting': True, 'flow_scale_mode': 'median_abs', 'solver_device': 'same', 'pressure_solver_mode': 'reduced-soft-constrained-lstsq', 'pressure_solver_lambda_kirchhoff': 1.0, 'pressure_solver_lambda_pressure_constraints': 100.0, 'pressure_solver_lambda_flow_residual': 1.0, 'pressure_shape_reference': 'delta_zero_reference', 'pressure_detach': False}, 'correction_bounds': {'correction_min': -0.5, 'correction_max': 0.5, 'correction_bound': 0.5, 'correction_parameterization': 'tanh'}, 'optimization': {'learning_rate': 0.001, 'weight_decay': 0.0001, 'gradient_clip_norm': 5.0, 'optimizer': 'adamw', 'epochs': 100, 'patience': 40}}
Shard 2/80: 1 of 80 runs
Command: /mnt/home/sswee/miniforge3/envs/yolk-sac/bin/python /mnt/home/sswee/yolk/Yolk-Sac-Flow-Data-and-Sim/gnn_clean/scripts/python/gnn_flow.py /mnt/home/sswee/yolk/Yolk-Sac-Flow-Data-and-Sim/gnn_clean/datasets/mosaic_graph_norm_canonical.gpickle --output-dir /mnt/home/sswee/yolk/Yolk-Sac-Flow-Data-and-Sim/gnn_clean/outputs_canonical_norm/dc/02_physics_weight_sweep/gnn --run-name q_0p1__k_0p1__delta_1 --preset solver_QKB_outer_QKBdelta --device cuda --epochs 100 --seed 0 --viscosity-pa-s 0.0035 --config /mnt/home/sswee/yolk/Yolk-Sac-Flow-Data-and-Sim/gnn_clean/outputs_canonical_norm/dc/02_physics_weight_sweep/_generated_configs/q_0p1__k_0p1__delta_1.yaml --no-pressure-detach
