[info] DC Step 2 canonical sweep uses fixed lambda_B=100.0 for both the outer boundary loss and the reduced pressure-solver boundary constraint.

GNN flow training:   0%|          | 0/100 [00:00<?, ?epoch/s]
GNN flow training:   0%|          | 0/100 [00:04<?, ?epoch/s, best=2.688e-01, sign=0.161, train=2.672e-01, val=2.688e-01]
GNN flow training:   1%|          | 1/100 [00:04<07:46,  4.71s/epoch, best=2.688e-01, sign=0.161, train=2.672e-01, val=2.688e-01]
GNN flow training:   1%|          | 1/100 [00:09<07:46,  4.71s/epoch, best=2.688e-01, sign=0.160, train=2.670e-01, val=2.688e-01]
GNN flow training:   2%|▏         | 2/100 [00:09<07:28,  4.57s/epoch, best=2.688e-01, sign=0.160, train=2.670e-01, val=2.688e-01]
GNN flow training:   2%|▏         | 2/100 [00:13<07:28,  4.57s/epoch, best=2.688e-01, sign=0.160, train=2.670e-01, val=2.687e-01]
GNN flow training:   3%|▎         | 3/100 [00:13<07:17,  4.51s/epoch, best=2.688e-01, sign=0.160, train=2.670e-01, val=2.687e-01]
GNN flow training:   3%|▎         | 3/100 [00:18<07:17,  4.51s/epoch, best=2.687e-01, sign=0.160, train=2.669e-01, val=2.687e-01]
GNN flow training:   4%|▍         | 4/100 [00:18<07:13,  4.52s/epoch, best=2.687e-01, sign=0.160, train=2.669e-01, val=2.687e-01]
GNN flow training:   4%|▍         | 4/100 [00:22<07:13,  4.52s/epoch, best=2.687e-01, sign=0.159, train=2.668e-01, val=2.688e-01]
GNN flow training:   5%|▌         | 5/100 [00:22<07:07,  4.50s/epoch, best=2.687e-01, sign=0.159, train=2.668e-01, val=2.688e-01]
GNN flow training:   5%|▌         | 5/100 [00:27<07:07,  4.50s/epoch, best=2.687e-01, sign=0.159, train=2.669e-01, val=2.691e-01]
GNN flow training:   6%|▌         | 6/100 [00:27<07:02,  4.50s/epoch, best=2.687e-01, sign=0.159, train=2.669e-01, val=2.691e-01]
GNN flow training:   6%|▌         | 6/100 [00:31<07:02,  4.50s/epoch, best=2.687e-01, sign=0.159, train=2.671e-01, val=2.691e-01]
GNN flow training:   7%|▋         | 7/100 [00:31<06:57,  4.49s/epoch, best=2.687e-01, sign=0.159, train=2.671e-01, val=2.691e-01]
GNN flow training:   7%|▋         | 7/100 [00:36<06:57,  4.49s/epoch, best=2.687e-01, sign=0.159, train=2.671e-01, val=2.687e-01]
GNN flow training:   8%|▊         | 8/100 [00:36<06:53,  4.49s/epoch, best=2.687e-01, sign=0.159, train=2.671e-01, val=2.687e-01]
GNN flow training:   8%|▊         | 8/100 [00:40<06:53,  4.49s/epoch, best=2.687e-01, sign=0.159, train=2.667e-01, val=2.685e-01]
GNN flow training:   9%|▉         | 9/100 [00:40<06:47,  4.48s/epoch, best=2.687e-01, sign=0.159, train=2.667e-01, val=2.685e-01]
GNN flow training:   9%|▉         | 9/100 [00:45<06:47,  4.48s/epoch, best=2.685e-01, sign=0.159, train=2.666e-01, val=2.684e-01]
GNN flow training:  10%|█         | 10/100 [00:45<06:43,  4.49s/epoch, best=2.685e-01, sign=0.159, train=2.666e-01, val=2.684e-01]
GNN flow training:  10%|█         | 10/100 [00:49<06:43,  4.49s/epoch, best=2.684e-01, sign=0.159, train=2.665e-01, val=2.684e-01]
GNN flow training:  11%|█         | 11/100 [00:49<06:38,  4.48s/epoch, best=2.684e-01, sign=0.159, train=2.665e-01, val=2.684e-01]
GNN flow training:  11%|█         | 11/100 [00:53<06:38,  4.48s/epoch, best=2.684e-01, sign=0.159, train=2.665e-01, val=2.683e-01]
GNN flow training:  12%|█▏        | 12/100 [00:53<06:34,  4.48s/epoch, best=2.684e-01, sign=0.159, train=2.665e-01, val=2.683e-01]
GNN flow training:  12%|█▏        | 12/100 [00:58<06:34,  4.48s/epoch, best=2.683e-01, sign=0.159, train=2.665e-01, val=2.682e-01]
GNN flow training:  13%|█▎        | 13/100 [00:58<06:31,  4.50s/epoch, best=2.683e-01, sign=0.159, train=2.665e-01, val=2.682e-01]
GNN flow training:  13%|█▎        | 13/100 [01:03<06:31,  4.50s/epoch, best=2.682e-01, sign=0.158, train=2.664e-01, val=2.682e-01]
GNN flow training:  14%|█▍        | 14/100 [01:03<06:26,  4.49s/epoch, best=2.682e-01, sign=0.158, train=2.664e-01, val=2.682e-01]
GNN flow training:  14%|█▍        | 14/100 [01:07<06:26,  4.49s/epoch, best=2.682e-01, sign=0.158, train=2.663e-01, val=2.681e-01]
GNN flow training:  15%|█▌        | 15/100 [01:07<06:21,  4.49s/epoch, best=2.682e-01, sign=0.158, train=2.663e-01, val=2.681e-01]
GNN flow training:  15%|█▌        | 15/100 [01:12<06:21,  4.49s/epoch, best=2.681e-01, sign=0.158, train=2.662e-01, val=2.681e-01]
GNN flow training:  16%|█▌        | 16/100 [01:12<06:18,  4.50s/epoch, best=2.681e-01, sign=0.158, train=2.662e-01, val=2.681e-01]
GNN flow training:  16%|█▌        | 16/100 [01:16<06:18,  4.50s/epoch, best=2.681e-01, sign=0.158, train=2.662e-01, val=2.683e-01]
GNN flow training:  17%|█▋        | 17/100 [01:16<06:13,  4.50s/epoch, best=2.681e-01, sign=0.158, train=2.662e-01, val=2.683e-01]
GNN flow training:  17%|█▋        | 17/100 [01:21<06:13,  4.50s/epoch, best=2.681e-01, sign=0.158, train=2.664e-01, val=2.682e-01]
GNN flow training:  18%|█▊        | 18/100 [01:21<06:08,  4.50s/epoch, best=2.681e-01, sign=0.158, train=2.664e-01, val=2.682e-01]
GNN flow training:  18%|█▊        | 18/100 [01:25<06:08,  4.50s/epoch, best=2.681e-01, sign=0.158, train=2.663e-01, val=2.679e-01]
GNN flow training:  19%|█▉        | 19/100 [01:25<06:04,  4.50s/epoch, best=2.681e-01, sign=0.158, train=2.663e-01, val=2.679e-01]
GNN flow training:  19%|█▉        | 19/100 [01:30<06:04,  4.50s/epoch, best=2.679e-01, sign=0.158, train=2.660e-01, val=2.679e-01]
GNN flow training:  20%|██        | 20/100 [01:30<06:00,  4.50s/epoch, best=2.679e-01, sign=0.158, train=2.660e-01, val=2.679e-01]
GNN flow training:  20%|██        | 20/100 [01:34<06:00,  4.50s/epoch, best=2.679e-01, sign=0.158, train=2.660e-01, val=2.679e-01]
GNN flow training:  21%|██        | 21/100 [01:34<05:54,  4.49s/epoch, best=2.679e-01, sign=0.158, train=2.660e-01, val=2.679e-01]
GNN flow training:  21%|██        | 21/100 [01:38<05:54,  4.49s/epoch, best=2.679e-01, sign=0.158, train=2.660e-01, val=2.679e-01]
GNN flow training:  22%|██▏       | 22/100 [01:38<05:50,  4.50s/epoch, best=2.679e-01, sign=0.158, train=2.660e-01, val=2.679e-01]
GNN flow training:  22%|██▏       | 22/100 [01:43<05:50,  4.50s/epoch, best=2.679e-01, sign=0.158, train=2.660e-01, val=2.678e-01]
GNN flow training:  23%|██▎       | 23/100 [01:43<05:45,  4.48s/epoch, best=2.679e-01, sign=0.158, train=2.660e-01, val=2.678e-01]
GNN flow training:  23%|██▎       | 23/100 [01:47<05:45,  4.48s/epoch, best=2.678e-01, sign=0.158, train=2.659e-01, val=2.676e-01]
GNN flow training:  24%|██▍       | 24/100 [01:47<05:40,  4.48s/epoch, best=2.678e-01, sign=0.158, train=2.659e-01, val=2.676e-01]
GNN flow training:  24%|██▍       | 24/100 [01:52<05:40,  4.48s/epoch, best=2.676e-01, sign=0.157, train=2.657e-01, val=2.676e-01]
GNN flow training:  25%|██▌       | 25/100 [01:52<05:35,  4.47s/epoch, best=2.676e-01, sign=0.157, train=2.657e-01, val=2.676e-01]
GNN flow training:  25%|██▌       | 25/100 [01:56<05:35,  4.47s/epoch, best=2.676e-01, sign=0.157, train=2.657e-01, val=2.675e-01]
GNN flow training:  26%|██▌       | 26/100 [01:56<05:31,  4.47s/epoch, best=2.676e-01, sign=0.157, train=2.657e-01, val=2.675e-01]
GNN flow training:  26%|██▌       | 26/100 [02:01<05:31,  4.47s/epoch, best=2.675e-01, sign=0.156, train=2.656e-01, val=2.675e-01]
GNN flow training:  27%|██▋       | 27/100 [02:01<05:26,  4.48s/epoch, best=2.675e-01, sign=0.156, train=2.656e-01, val=2.675e-01]
GNN flow training:  27%|██▋       | 27/100 [02:05<05:26,  4.48s/epoch, best=2.675e-01, sign=0.156, train=2.656e-01, val=2.674e-01]
GNN flow training:  28%|██▊       | 28/100 [02:05<05:22,  4.48s/epoch, best=2.675e-01, sign=0.156, train=2.656e-01, val=2.674e-01]
GNN flow training:  28%|██▊       | 28/100 [02:10<05:22,  4.48s/epoch, best=2.674e-01, sign=0.156, train=2.655e-01, val=2.673e-01]
GNN flow training:  29%|██▉       | 29/100 [02:10<05:18,  4.49s/epoch, best=2.674e-01, sign=0.156, train=2.655e-01, val=2.673e-01]
GNN flow training:  29%|██▉       | 29/100 [02:14<05:18,  4.49s/epoch, best=2.673e-01, sign=0.155, train=2.654e-01, val=2.673e-01]
GNN flow training:  30%|███       | 30/100 [02:14<05:15,  4.51s/epoch, best=2.673e-01, sign=0.155, train=2.654e-01, val=2.673e-01]
GNN flow training:  30%|███       | 30/100 [02:19<05:15,  4.51s/epoch, best=2.673e-01, sign=0.155, train=2.654e-01, val=2.673e-01]
GNN flow training:  31%|███       | 31/100 [02:19<05:11,  4.51s/epoch, best=2.673e-01, sign=0.155, train=2.654e-01, val=2.673e-01]
GNN flow training:  31%|███       | 31/100 [02:23<05:11,  4.51s/epoch, best=2.673e-01, sign=0.155, train=2.653e-01, val=2.672e-01]
GNN flow training:  32%|███▏      | 32/100 [02:23<05:06,  4.51s/epoch, best=2.673e-01, sign=0.155, train=2.653e-01, val=2.672e-01]
GNN flow training:  32%|███▏      | 32/100 [02:28<05:06,  4.51s/epoch, best=2.672e-01, sign=0.155, train=2.653e-01, val=2.672e-01]
GNN flow training:  33%|███▎      | 33/100 [02:28<05:01,  4.50s/epoch, best=2.672e-01, sign=0.155, train=2.653e-01, val=2.672e-01]
GNN flow training:  33%|███▎      | 33/100 [02:32<05:01,  4.50s/epoch, best=2.672e-01, sign=0.154, train=2.652e-01, val=2.671e-01]
GNN flow training:  34%|███▍      | 34/100 [02:32<04:56,  4.49s/epoch, best=2.672e-01, sign=0.154, train=2.652e-01, val=2.671e-01]
GNN flow training:  34%|███▍      | 34/100 [02:37<04:56,  4.49s/epoch, best=2.671e-01, sign=0.154, train=2.652e-01, val=2.671e-01]
GNN flow training:  35%|███▌      | 35/100 [02:37<04:51,  4.49s/epoch, best=2.671e-01, sign=0.154, train=2.652e-01, val=2.671e-01]
GNN flow training:  35%|███▌      | 35/100 [02:41<04:51,  4.49s/epoch, best=2.671e-01, sign=0.154, train=2.651e-01, val=2.670e-01]
GNN flow training:  36%|███▌      | 36/100 [02:41<04:47,  4.49s/epoch, best=2.671e-01, sign=0.154, train=2.651e-01, val=2.670e-01]
GNN flow training:  36%|███▌      | 36/100 [02:46<04:47,  4.49s/epoch, best=2.670e-01, sign=0.154, train=2.650e-01, val=2.669e-01]
GNN flow training:  37%|███▋      | 37/100 [02:46<04:43,  4.50s/epoch, best=2.670e-01, sign=0.154, train=2.650e-01, val=2.669e-01]
GNN flow training:  37%|███▋      | 37/100 [02:50<04:43,  4.50s/epoch, best=2.669e-01, sign=0.153, train=2.649e-01, val=2.668e-01]
GNN flow training:  38%|███▊      | 38/100 [02:50<04:39,  4.50s/epoch, best=2.669e-01, sign=0.153, train=2.649e-01, val=2.668e-01]
GNN flow training:  38%|███▊      | 38/100 [02:55<04:39,  4.50s/epoch, best=2.668e-01, sign=0.153, train=2.647e-01, val=2.667e-01]
GNN flow training:  39%|███▉      | 39/100 [02:55<04:34,  4.50s/epoch, best=2.668e-01, sign=0.153, train=2.647e-01, val=2.667e-01]
GNN flow training:  39%|███▉      | 39/100 [02:59<04:34,  4.50s/epoch, best=2.667e-01, sign=0.153, train=2.647e-01, val=2.666e-01]
GNN flow training:  40%|████      | 40/100 [02:59<04:30,  4.51s/epoch, best=2.667e-01, sign=0.153, train=2.647e-01, val=2.666e-01]
GNN flow training:  40%|████      | 40/100 [03:04<04:30,  4.51s/epoch, best=2.666e-01, sign=0.153, train=2.645e-01, val=2.666e-01]
GNN flow training:  41%|████      | 41/100 [03:04<04:25,  4.51s/epoch, best=2.666e-01, sign=0.153, train=2.645e-01, val=2.666e-01]
GNN flow training:  41%|████      | 41/100 [03:08<04:25,  4.51s/epoch, best=2.666e-01, sign=0.153, train=2.644e-01, val=2.665e-01]
GNN flow training:  42%|████▏     | 42/100 [03:08<04:21,  4.51s/epoch, best=2.666e-01, sign=0.153, train=2.644e-01, val=2.665e-01]
GNN flow training:  42%|████▏     | 42/100 [03:13<04:21,  4.51s/epoch, best=2.665e-01, sign=0.152, train=2.644e-01, val=2.665e-01]
GNN flow training:  43%|████▎     | 43/100 [03:13<04:17,  4.51s/epoch, best=2.665e-01, sign=0.152, train=2.644e-01, val=2.665e-01]
GNN flow training:  43%|████▎     | 43/100 [03:17<04:17,  4.51s/epoch, best=2.665e-01, sign=0.152, train=2.644e-01, val=2.664e-01]
GNN flow training:  44%|████▍     | 44/100 [03:17<04:11,  4.50s/epoch, best=2.665e-01, sign=0.152, train=2.644e-01, val=2.664e-01]
GNN flow training:  44%|████▍     | 44/100 [03:22<04:11,  4.50s/epoch, best=2.664e-01, sign=0.152, train=2.643e-01, val=2.663e-01]
GNN flow training:  45%|████▌     | 45/100 [03:22<04:07,  4.50s/epoch, best=2.664e-01, sign=0.152, train=2.643e-01, val=2.663e-01]
GNN flow training:  45%|████▌     | 45/100 [03:26<04:07,  4.50s/epoch, best=2.663e-01, sign=0.153, train=2.641e-01, val=2.662e-01]
GNN flow training:  46%|████▌     | 46/100 [03:26<04:03,  4.51s/epoch, best=2.663e-01, sign=0.153, train=2.641e-01, val=2.662e-01]
GNN flow training:  46%|████▌     | 46/100 [03:31<04:03,  4.51s/epoch, best=2.662e-01, sign=0.153, train=2.640e-01, val=2.662e-01]
GNN flow training:  47%|████▋     | 47/100 [03:31<03:58,  4.51s/epoch, best=2.662e-01, sign=0.153, train=2.640e-01, val=2.662e-01]
GNN flow training:  47%|████▋     | 47/100 [03:35<03:58,  4.51s/epoch, best=2.662e-01, sign=0.152, train=2.640e-01, val=2.662e-01]
GNN flow training:  48%|████▊     | 48/100 [03:35<03:53,  4.50s/epoch, best=2.662e-01, sign=0.152, train=2.640e-01, val=2.662e-01]
GNN flow training:  48%|████▊     | 48/100 [03:40<03:53,  4.50s/epoch, best=2.662e-01, sign=0.152, train=2.639e-01, val=2.661e-01]
GNN flow training:  49%|████▉     | 49/100 [03:40<03:49,  4.50s/epoch, best=2.662e-01, sign=0.152, train=2.639e-01, val=2.661e-01]
GNN flow training:  49%|████▉     | 49/100 [03:44<03:49,  4.50s/epoch, best=2.661e-01, sign=0.151, train=2.638e-01, val=2.661e-01]
GNN flow training:  50%|█████     | 50/100 [03:44<03:44,  4.50s/epoch, best=2.661e-01, sign=0.151, train=2.638e-01, val=2.661e-01]
GNN flow training:  50%|█████     | 50/100 [03:49<03:44,  4.50s/epoch, best=2.661e-01, sign=0.152, train=2.637e-01, val=2.660e-01]
GNN flow training:  51%|█████     | 51/100 [03:49<03:40,  4.50s/epoch, best=2.661e-01, sign=0.152, train=2.637e-01, val=2.660e-01]
GNN flow training:  51%|█████     | 51/100 [03:53<03:40,  4.50s/epoch, best=2.660e-01, sign=0.152, train=2.637e-01, val=2.660e-01]
GNN flow training:  52%|█████▏    | 52/100 [03:53<03:36,  4.50s/epoch, best=2.660e-01, sign=0.152, train=2.637e-01, val=2.660e-01]
GNN flow training:  52%|█████▏    | 52/100 [03:58<03:36,  4.50s/epoch, best=2.660e-01, sign=0.151, train=2.636e-01, val=2.660e-01]
GNN flow training:  53%|█████▎    | 53/100 [03:58<03:31,  4.50s/epoch, best=2.660e-01, sign=0.151, train=2.636e-01, val=2.660e-01]
GNN flow training:  53%|█████▎    | 53/100 [04:02<03:31,  4.50s/epoch, best=2.660e-01, sign=0.150, train=2.635e-01, val=2.659e-01]
GNN flow training:  54%|█████▍    | 54/100 [04:02<03:27,  4.51s/epoch, best=2.660e-01, sign=0.150, train=2.635e-01, val=2.659e-01]
GNN flow training:  54%|█████▍    | 54/100 [04:07<03:27,  4.51s/epoch, best=2.659e-01, sign=0.150, train=2.635e-01, val=2.658e-01]
GNN flow training:  55%|█████▌    | 55/100 [04:07<03:22,  4.50s/epoch, best=2.659e-01, sign=0.150, train=2.635e-01, val=2.658e-01]
GNN flow training:  55%|█████▌    | 55/100 [04:11<03:22,  4.50s/epoch, best=2.658e-01, sign=0.151, train=2.634e-01, val=2.657e-01]
GNN flow training:  56%|█████▌    | 56/100 [04:11<03:18,  4.51s/epoch, best=2.658e-01, sign=0.151, train=2.634e-01, val=2.657e-01]
GNN flow training:  56%|█████▌    | 56/100 [04:16<03:18,  4.51s/epoch, best=2.657e-01, sign=0.151, train=2.634e-01, val=2.656e-01]
GNN flow training:  57%|█████▋    | 57/100 [04:16<03:13,  4.51s/epoch, best=2.657e-01, sign=0.151, train=2.634e-01, val=2.656e-01]
GNN flow training:  57%|█████▋    | 57/100 [04:20<03:13,  4.51s/epoch, best=2.656e-01, sign=0.150, train=2.633e-01, val=2.656e-01]
GNN flow training:  58%|█████▊    | 58/100 [04:20<03:09,  4.51s/epoch, best=2.656e-01, sign=0.150, train=2.633e-01, val=2.656e-01]
GNN flow training:  58%|█████▊    | 58/100 [04:25<03:09,  4.51s/epoch, best=2.656e-01, sign=0.150, train=2.633e-01, val=2.656e-01]
GNN flow training:  59%|█████▉    | 59/100 [04:25<03:04,  4.50s/epoch, best=2.656e-01, sign=0.150, train=2.633e-01, val=2.656e-01]
GNN flow training:  59%|█████▉    | 59/100 [04:29<03:04,  4.50s/epoch, best=2.656e-01, sign=0.150, train=2.633e-01, val=2.656e-01]
GNN flow training:  60%|██████    | 60/100 [04:29<02:59,  4.49s/epoch, best=2.656e-01, sign=0.150, train=2.633e-01, val=2.656e-01]
GNN flow training:  60%|██████    | 60/100 [04:34<02:59,  4.49s/epoch, best=2.656e-01, sign=0.150, train=2.633e-01, val=2.656e-01]
GNN flow training:  61%|██████    | 61/100 [04:34<02:55,  4.49s/epoch, best=2.656e-01, sign=0.150, train=2.633e-01, val=2.656e-01]
GNN flow training:  61%|██████    | 61/100 [04:38<02:55,  4.49s/epoch, best=2.656e-01, sign=0.149, train=2.632e-01, val=2.656e-01]
GNN flow training:  62%|██████▏   | 62/100 [04:38<02:50,  4.48s/epoch, best=2.656e-01, sign=0.149, train=2.632e-01, val=2.656e-01]
GNN flow training:  62%|██████▏   | 62/100 [04:43<02:50,  4.48s/epoch, best=2.656e-01, sign=0.150, train=2.632e-01, val=2.655e-01]
GNN flow training:  63%|██████▎   | 63/100 [04:43<02:46,  4.49s/epoch, best=2.656e-01, sign=0.150, train=2.632e-01, val=2.655e-01]
GNN flow training:  63%|██████▎   | 63/100 [04:47<02:46,  4.49s/epoch, best=2.655e-01, sign=0.150, train=2.632e-01, val=2.656e-01]
GNN flow training:  64%|██████▍   | 64/100 [04:47<02:41,  4.48s/epoch, best=2.655e-01, sign=0.150, train=2.632e-01, val=2.656e-01]
GNN flow training:  64%|██████▍   | 64/100 [04:52<02:41,  4.48s/epoch, best=2.655e-01, sign=0.150, train=2.632e-01, val=2.656e-01]
GNN flow training:  65%|██████▌   | 65/100 [04:52<02:36,  4.48s/epoch, best=2.655e-01, sign=0.150, train=2.632e-01, val=2.656e-01]
GNN flow training:  65%|██████▌   | 65/100 [04:56<02:36,  4.48s/epoch, best=2.655e-01, sign=0.150, train=2.633e-01, val=2.657e-01]
GNN flow training:  66%|██████▌   | 66/100 [04:56<02:32,  4.50s/epoch, best=2.655e-01, sign=0.150, train=2.633e-01, val=2.657e-01]
GNN flow training:  66%|██████▌   | 66/100 [05:01<02:32,  4.50s/epoch, best=2.655e-01, sign=0.150, train=2.633e-01, val=2.657e-01]
GNN flow training:  67%|██████▋   | 67/100 [05:01<02:27,  4.48s/epoch, best=2.655e-01, sign=0.150, train=2.633e-01, val=2.657e-01]
GNN flow training:  67%|██████▋   | 67/100 [05:05<02:27,  4.48s/epoch, best=2.655e-01, sign=0.150, train=2.633e-01, val=2.656e-01]
GNN flow training:  68%|██████▊   | 68/100 [05:05<02:23,  4.49s/epoch, best=2.655e-01, sign=0.150, train=2.633e-01, val=2.656e-01]
GNN flow training:  68%|██████▊   | 68/100 [05:10<02:23,  4.49s/epoch, best=2.655e-01, sign=0.150, train=2.632e-01, val=2.656e-01]
GNN flow training:  69%|██████▉   | 69/100 [05:10<02:18,  4.48s/epoch, best=2.655e-01, sign=0.150, train=2.632e-01, val=2.656e-01]
GNN flow training:  69%|██████▉   | 69/100 [05:14<02:18,  4.48s/epoch, best=2.655e-01, sign=0.150, train=2.632e-01, val=2.656e-01]
GNN flow training:  70%|███████   | 70/100 [05:14<02:14,  4.49s/epoch, best=2.655e-01, sign=0.150, train=2.632e-01, val=2.656e-01]
GNN flow training:  70%|███████   | 70/100 [05:19<02:14,  4.49s/epoch, best=2.655e-01, sign=0.149, train=2.631e-01, val=2.657e-01]
GNN flow training:  71%|███████   | 71/100 [05:19<02:10,  4.49s/epoch, best=2.655e-01, sign=0.149, train=2.631e-01, val=2.657e-01]
GNN flow training:  71%|███████   | 71/100 [05:23<02:10,  4.49s/epoch, best=2.655e-01, sign=0.149, train=2.631e-01, val=2.657e-01]
GNN flow training:  72%|███████▏  | 72/100 [05:23<02:05,  4.49s/epoch, best=2.655e-01, sign=0.149, train=2.631e-01, val=2.657e-01]
GNN flow training:  72%|███████▏  | 72/100 [05:28<02:05,  4.49s/epoch, best=2.655e-01, sign=0.150, train=2.631e-01, val=2.656e-01]
GNN flow training:  73%|███████▎  | 73/100 [05:28<02:01,  4.49s/epoch, best=2.655e-01, sign=0.150, train=2.631e-01, val=2.656e-01]
GNN flow training:  73%|███████▎  | 73/100 [05:32<02:01,  4.49s/epoch, best=2.655e-01, sign=0.150, train=2.631e-01, val=2.655e-01]
GNN flow training:  74%|███████▍  | 74/100 [05:32<01:56,  4.49s/epoch, best=2.655e-01, sign=0.150, train=2.631e-01, val=2.655e-01]
GNN flow training:  74%|███████▍  | 74/100 [05:37<01:56,  4.49s/epoch, best=2.655e-01, sign=0.150, train=2.630e-01, val=2.655e-01]
GNN flow training:  75%|███████▌  | 75/100 [05:37<01:52,  4.48s/epoch, best=2.655e-01, sign=0.150, train=2.630e-01, val=2.655e-01]
GNN flow training:  75%|███████▌  | 75/100 [05:41<01:52,  4.48s/epoch, best=2.655e-01, sign=0.150, train=2.630e-01, val=2.655e-01]
GNN flow training:  76%|███████▌  | 76/100 [05:41<01:47,  4.49s/epoch, best=2.655e-01, sign=0.150, train=2.630e-01, val=2.655e-01]
GNN flow training:  76%|███████▌  | 76/100 [05:46<01:47,  4.49s/epoch, best=2.655e-01, sign=0.150, train=2.629e-01, val=2.655e-01]
GNN flow training:  77%|███████▋  | 77/100 [05:46<01:43,  4.49s/epoch, best=2.655e-01, sign=0.150, train=2.629e-01, val=2.655e-01]
GNN flow training:  77%|███████▋  | 77/100 [05:50<01:43,  4.49s/epoch, best=2.655e-01, sign=0.150, train=2.629e-01, val=2.655e-01]
GNN flow training:  78%|███████▊  | 78/100 [05:50<01:38,  4.50s/epoch, best=2.655e-01, sign=0.150, train=2.629e-01, val=2.655e-01]
GNN flow training:  78%|███████▊  | 78/100 [05:55<01:38,  4.50s/epoch, best=2.655e-01, sign=0.150, train=2.630e-01, val=2.655e-01]
GNN flow training:  79%|███████▉  | 79/100 [05:55<01:34,  4.51s/epoch, best=2.655e-01, sign=0.150, train=2.630e-01, val=2.655e-01]
GNN flow training:  79%|███████▉  | 79/100 [05:59<01:34,  4.51s/epoch, best=2.655e-01, sign=0.150, train=2.629e-01, val=2.656e-01]
GNN flow training:  80%|████████  | 80/100 [05:59<01:30,  4.51s/epoch, best=2.655e-01, sign=0.150, train=2.629e-01, val=2.656e-01]
GNN flow training:  80%|████████  | 80/100 [06:04<01:30,  4.51s/epoch, best=2.655e-01, sign=0.150, train=2.629e-01, val=2.655e-01]
GNN flow training:  81%|████████  | 81/100 [06:04<01:25,  4.51s/epoch, best=2.655e-01, sign=0.150, train=2.629e-01, val=2.655e-01]
GNN flow training:  81%|████████  | 81/100 [06:08<01:25,  4.51s/epoch, best=2.655e-01, sign=0.150, train=2.629e-01, val=2.655e-01]
GNN flow training:  82%|████████▏ | 82/100 [06:08<01:21,  4.51s/epoch, best=2.655e-01, sign=0.150, train=2.629e-01, val=2.655e-01]
GNN flow training:  82%|████████▏ | 82/100 [06:13<01:21,  4.51s/epoch, best=2.655e-01, sign=0.150, train=2.629e-01, val=2.655e-01]
GNN flow training:  83%|████████▎ | 83/100 [06:13<01:16,  4.51s/epoch, best=2.655e-01, sign=0.150, train=2.629e-01, val=2.655e-01]
GNN flow training:  83%|████████▎ | 83/100 [06:17<01:16,  4.51s/epoch, best=2.655e-01, sign=0.150, train=2.628e-01, val=2.655e-01]
GNN flow training:  84%|████████▍ | 84/100 [06:17<01:12,  4.51s/epoch, best=2.655e-01, sign=0.150, train=2.628e-01, val=2.655e-01]
GNN flow training:  84%|████████▍ | 84/100 [06:22<01:12,  4.51s/epoch, best=2.655e-01, sign=0.150, train=2.628e-01, val=2.655e-01]
GNN flow training:  85%|████████▌ | 85/100 [06:22<01:07,  4.52s/epoch, best=2.655e-01, sign=0.150, train=2.628e-01, val=2.655e-01]
GNN flow training:  85%|████████▌ | 85/100 [06:26<01:07,  4.52s/epoch, best=2.655e-01, sign=0.150, train=2.628e-01, val=2.654e-01]
GNN flow training:  86%|████████▌ | 86/100 [06:26<01:03,  4.52s/epoch, best=2.655e-01, sign=0.150, train=2.628e-01, val=2.654e-01]
GNN flow training:  86%|████████▌ | 86/100 [06:31<01:03,  4.52s/epoch, best=2.654e-01, sign=0.150, train=2.628e-01, val=2.654e-01]
GNN flow training:  87%|████████▋ | 87/100 [06:31<00:58,  4.52s/epoch, best=2.654e-01, sign=0.150, train=2.628e-01, val=2.654e-01]
GNN flow training:  87%|████████▋ | 87/100 [06:35<00:58,  4.52s/epoch, best=2.654e-01, sign=0.150, train=2.628e-01, val=2.654e-01]
GNN flow training:  88%|████████▊ | 88/100 [06:35<00:54,  4.51s/epoch, best=2.654e-01, sign=0.150, train=2.628e-01, val=2.654e-01]
GNN flow training:  88%|████████▊ | 88/100 [06:40<00:54,  4.51s/epoch, best=2.654e-01, sign=0.150, train=2.628e-01, val=2.653e-01]
GNN flow training:  89%|████████▉ | 89/100 [06:40<00:49,  4.51s/epoch, best=2.654e-01, sign=0.150, train=2.628e-01, val=2.653e-01]
GNN flow training:  89%|████████▉ | 89/100 [06:44<00:49,  4.51s/epoch, best=2.653e-01, sign=0.150, train=2.628e-01, val=2.653e-01]
GNN flow training:  90%|█████████ | 90/100 [06:44<00:45,  4.50s/epoch, best=2.653e-01, sign=0.150, train=2.628e-01, val=2.653e-01]
GNN flow training:  90%|█████████ | 90/100 [06:49<00:45,  4.50s/epoch, best=2.653e-01, sign=0.150, train=2.627e-01, val=2.653e-01]
GNN flow training:  91%|█████████ | 91/100 [06:49<00:40,  4.49s/epoch, best=2.653e-01, sign=0.150, train=2.627e-01, val=2.653e-01]
GNN flow training:  91%|█████████ | 91/100 [06:53<00:40,  4.49s/epoch, best=2.653e-01, sign=0.150, train=2.627e-01, val=2.652e-01]
GNN flow training:  92%|█████████▏| 92/100 [06:53<00:35,  4.49s/epoch, best=2.653e-01, sign=0.150, train=2.627e-01, val=2.652e-01]
GNN flow training:  92%|█████████▏| 92/100 [06:58<00:35,  4.49s/epoch, best=2.652e-01, sign=0.150, train=2.627e-01, val=2.653e-01]
GNN flow training:  93%|█████████▎| 93/100 [06:58<00:31,  4.49s/epoch, best=2.652e-01, sign=0.150, train=2.627e-01, val=2.653e-01]
GNN flow training:  93%|█████████▎| 93/100 [07:02<00:31,  4.49s/epoch, best=2.652e-01, sign=0.149, train=2.627e-01, val=2.653e-01]
GNN flow training:  94%|█████████▍| 94/100 [07:02<00:26,  4.50s/epoch, best=2.652e-01, sign=0.149, train=2.627e-01, val=2.653e-01]
GNN flow training:  94%|█████████▍| 94/100 [07:07<00:26,  4.50s/epoch, best=2.652e-01, sign=0.149, train=2.627e-01, val=2.653e-01]
GNN flow training:  95%|█████████▌| 95/100 [07:07<00:22,  4.50s/epoch, best=2.652e-01, sign=0.149, train=2.627e-01, val=2.653e-01]
GNN flow training:  95%|█████████▌| 95/100 [07:11<00:22,  4.50s/epoch, best=2.652e-01, sign=0.150, train=2.627e-01, val=2.653e-01]
GNN flow training:  96%|█████████▌| 96/100 [07:11<00:17,  4.49s/epoch, best=2.652e-01, sign=0.150, train=2.627e-01, val=2.653e-01]
GNN flow training:  96%|█████████▌| 96/100 [07:16<00:17,  4.49s/epoch, best=2.652e-01, sign=0.150, train=2.626e-01, val=2.653e-01]
GNN flow training:  97%|█████████▋| 97/100 [07:16<00:13,  4.51s/epoch, best=2.652e-01, sign=0.150, train=2.626e-01, val=2.653e-01]
GNN flow training:  97%|█████████▋| 97/100 [07:20<00:13,  4.51s/epoch, best=2.652e-01, sign=0.150, train=2.626e-01, val=2.653e-01]
GNN flow training:  98%|█████████▊| 98/100 [07:20<00:08,  4.50s/epoch, best=2.652e-01, sign=0.150, train=2.626e-01, val=2.653e-01]
GNN flow training:  98%|█████████▊| 98/100 [07:25<00:08,  4.50s/epoch, best=2.652e-01, sign=0.149, train=2.626e-01, val=2.653e-01]
GNN flow training:  99%|█████████▉| 99/100 [07:25<00:04,  4.50s/epoch, best=2.652e-01, sign=0.149, train=2.626e-01, val=2.653e-01]
GNN flow training:  99%|█████████▉| 99/100 [07:29<00:04,  4.50s/epoch, best=2.652e-01, sign=0.149, train=2.626e-01, val=2.654e-01]
GNN flow training: 100%|██████████| 100/100 [07:29<00:00,  4.52s/epoch, best=2.652e-01, sign=0.149, train=2.626e-01, val=2.654e-01]
GNN flow training: 100%|██████████| 100/100 [07:29<00:00,  4.50s/epoch, best=2.652e-01, sign=0.149, train=2.626e-01, val=2.654e-01]
Resolved config snapshot:
{'preset': 'solver_QKB_outer_QKBdelta', 'gnn_outer_losses': {'flow': 1.0, 'kirchhoff': 0.1, 'boundary': 100.0, 'delta_l2': 10.0, 'delta_smooth': 0.0, 'pressure_shape': 0.0}, 'physics': {'arterial_flow_mode': 'dataset', 'pressure_constraints': ['equal-a-equal-v'], 'alpha_pa': None, 'use_snr_weights': True, 'use_observed_flow_snr_weighting': True, 'flow_scale_mode': 'median_abs', 'solver_device': 'same', 'pressure_solver_mode': 'reduced-soft-constrained-lstsq', 'pressure_solver_lambda_kirchhoff': 1.0, 'pressure_solver_lambda_pressure_constraints': 100.0, 'pressure_solver_lambda_flow_residual': 1.0, 'pressure_shape_reference': 'delta_zero_reference', 'pressure_detach': False}, 'correction_bounds': {'correction_min': -0.5, 'correction_max': 0.5, 'correction_bound': 0.5, 'correction_parameterization': 'tanh'}, 'optimization': {'learning_rate': 0.001, 'weight_decay': 0.0001, 'gradient_clip_norm': 5.0, 'optimizer': 'adamw', 'epochs': 100, 'patience': 40}}
Shard 19/80: 1 of 80 runs
Command: /mnt/home/sswee/miniforge3/envs/yolk-sac/bin/python /mnt/home/sswee/yolk/Yolk-Sac-Flow-Data-and-Sim/gnn_clean/scripts/python/gnn_flow.py /mnt/home/sswee/yolk/Yolk-Sac-Flow-Data-and-Sim/gnn_clean/datasets/mosaic_graph_norm_canonical.gpickle --output-dir /mnt/home/sswee/yolk/Yolk-Sac-Flow-Data-and-Sim/gnn_clean/outputs_canonical_norm/dc/02_physics_weight_sweep/gnn --run-name q_1__k_0p1__delta_10 --preset solver_QKB_outer_QKBdelta --device cuda --epochs 100 --seed 0 --viscosity-pa-s 0.0035 --config /mnt/home/sswee/yolk/Yolk-Sac-Flow-Data-and-Sim/gnn_clean/outputs_canonical_norm/dc/02_physics_weight_sweep/_generated_configs/q_1__k_0p1__delta_10.yaml --no-pressure-detach
