[info] DC Step 2 canonical sweep uses fixed lambda_B=100.0 for both the outer boundary loss and the reduced pressure-solver boundary constraint.

GNN flow training:   0%|          | 0/100 [00:00<?, ?epoch/s]
GNN flow training:   0%|          | 0/100 [00:06<?, ?epoch/s, best=1.045e+01, sign=0.161, train=1.028e+01, val=1.045e+01]
GNN flow training:   1%|          | 1/100 [00:06<10:19,  6.26s/epoch, best=1.045e+01, sign=0.161, train=1.028e+01, val=1.045e+01]
GNN flow training:   1%|          | 1/100 [00:12<10:19,  6.26s/epoch, best=1.045e+01, sign=0.162, train=1.028e+01, val=1.040e+01]
GNN flow training:   2%|▏         | 2/100 [00:12<10:01,  6.14s/epoch, best=1.045e+01, sign=0.162, train=1.028e+01, val=1.040e+01]
GNN flow training:   2%|▏         | 2/100 [00:18<10:01,  6.14s/epoch, best=1.040e+01, sign=0.162, train=1.023e+01, val=1.037e+01]
GNN flow training:   3%|▎         | 3/100 [00:18<09:54,  6.13s/epoch, best=1.040e+01, sign=0.162, train=1.023e+01, val=1.037e+01]
GNN flow training:   3%|▎         | 3/100 [00:24<09:54,  6.13s/epoch, best=1.037e+01, sign=0.163, train=1.021e+01, val=1.035e+01]
GNN flow training:   4%|▍         | 4/100 [00:24<09:46,  6.11s/epoch, best=1.037e+01, sign=0.163, train=1.021e+01, val=1.035e+01]
GNN flow training:   4%|▍         | 4/100 [00:30<09:46,  6.11s/epoch, best=1.035e+01, sign=0.163, train=1.020e+01, val=1.033e+01]
GNN flow training:   5%|▌         | 5/100 [00:30<09:38,  6.09s/epoch, best=1.035e+01, sign=0.163, train=1.020e+01, val=1.033e+01]
GNN flow training:   5%|▌         | 5/100 [00:36<09:38,  6.09s/epoch, best=1.033e+01, sign=0.163, train=1.018e+01, val=1.030e+01]
GNN flow training:   6%|▌         | 6/100 [00:36<09:30,  6.07s/epoch, best=1.033e+01, sign=0.163, train=1.018e+01, val=1.030e+01]
GNN flow training:   6%|▌         | 6/100 [00:42<09:30,  6.07s/epoch, best=1.030e+01, sign=0.163, train=1.014e+01, val=1.030e+01]
GNN flow training:   7%|▋         | 7/100 [00:42<09:22,  6.05s/epoch, best=1.030e+01, sign=0.163, train=1.014e+01, val=1.030e+01]
GNN flow training:   7%|▋         | 7/100 [00:48<09:22,  6.05s/epoch, best=1.030e+01, sign=0.163, train=1.014e+01, val=1.029e+01]
GNN flow training:   8%|▊         | 8/100 [00:48<09:16,  6.04s/epoch, best=1.030e+01, sign=0.163, train=1.014e+01, val=1.029e+01]
GNN flow training:   8%|▊         | 8/100 [00:54<09:16,  6.04s/epoch, best=1.029e+01, sign=0.162, train=1.014e+01, val=1.028e+01]
GNN flow training:   9%|▉         | 9/100 [00:54<09:09,  6.04s/epoch, best=1.029e+01, sign=0.162, train=1.014e+01, val=1.028e+01]
GNN flow training:   9%|▉         | 9/100 [01:00<09:09,  6.04s/epoch, best=1.028e+01, sign=0.162, train=1.013e+01, val=1.024e+01]
GNN flow training:  10%|█         | 10/100 [01:00<09:02,  6.03s/epoch, best=1.028e+01, sign=0.162, train=1.013e+01, val=1.024e+01]
GNN flow training:  10%|█         | 10/100 [01:06<09:02,  6.03s/epoch, best=1.024e+01, sign=0.162, train=1.010e+01, val=1.017e+01]
GNN flow training:  11%|█         | 11/100 [01:06<08:55,  6.02s/epoch, best=1.024e+01, sign=0.162, train=1.010e+01, val=1.017e+01]
GNN flow training:  11%|█         | 11/100 [01:12<08:55,  6.02s/epoch, best=1.017e+01, sign=0.162, train=1.004e+01, val=1.012e+01]
GNN flow training:  12%|█▏        | 12/100 [01:12<08:49,  6.02s/epoch, best=1.017e+01, sign=0.162, train=1.004e+01, val=1.012e+01]
GNN flow training:  12%|█▏        | 12/100 [01:18<08:49,  6.02s/epoch, best=1.012e+01, sign=0.163, train=9.992e+00, val=1.005e+01]
GNN flow training:  13%|█▎        | 13/100 [01:18<08:43,  6.01s/epoch, best=1.012e+01, sign=0.163, train=9.992e+00, val=1.005e+01]
GNN flow training:  13%|█▎        | 13/100 [01:24<08:43,  6.01s/epoch, best=1.005e+01, sign=0.163, train=9.938e+00, val=9.975e+00]
GNN flow training:  14%|█▍        | 14/100 [01:24<08:37,  6.01s/epoch, best=1.005e+01, sign=0.163, train=9.938e+00, val=9.975e+00]
GNN flow training:  14%|█▍        | 14/100 [01:30<08:37,  6.01s/epoch, best=9.975e+00, sign=0.163, train=9.872e+00, val=9.918e+00]
GNN flow training:  15%|█▌        | 15/100 [01:30<08:31,  6.02s/epoch, best=9.975e+00, sign=0.163, train=9.872e+00, val=9.918e+00]
GNN flow training:  15%|█▌        | 15/100 [01:36<08:31,  6.02s/epoch, best=9.918e+00, sign=0.163, train=9.825e+00, val=9.832e+00]
GNN flow training:  16%|█▌        | 16/100 [01:36<08:26,  6.03s/epoch, best=9.918e+00, sign=0.163, train=9.825e+00, val=9.832e+00]
GNN flow training:  16%|█▌        | 16/100 [01:42<08:26,  6.03s/epoch, best=9.832e+00, sign=0.163, train=9.748e+00, val=9.724e+00]
GNN flow training:  17%|█▋        | 17/100 [01:42<08:19,  6.02s/epoch, best=9.832e+00, sign=0.163, train=9.748e+00, val=9.724e+00]
GNN flow training:  17%|█▋        | 17/100 [01:48<08:19,  6.02s/epoch, best=9.724e+00, sign=0.165, train=9.650e+00, val=9.569e+00]
GNN flow training:  18%|█▊        | 18/100 [01:48<08:13,  6.02s/epoch, best=9.724e+00, sign=0.165, train=9.650e+00, val=9.569e+00]
GNN flow training:  18%|█▊        | 18/100 [01:54<08:13,  6.02s/epoch, best=9.569e+00, sign=0.163, train=9.509e+00, val=9.410e+00]
GNN flow training:  19%|█▉        | 19/100 [01:54<08:08,  6.03s/epoch, best=9.569e+00, sign=0.163, train=9.509e+00, val=9.410e+00]
GNN flow training:  19%|█▉        | 19/100 [02:00<08:08,  6.03s/epoch, best=9.410e+00, sign=0.163, train=9.366e+00, val=9.284e+00]
GNN flow training:  20%|██        | 20/100 [02:00<08:04,  6.05s/epoch, best=9.410e+00, sign=0.163, train=9.366e+00, val=9.284e+00]
GNN flow training:  20%|██        | 20/100 [02:06<08:04,  6.05s/epoch, best=9.284e+00, sign=0.165, train=9.256e+00, val=9.206e+00]
GNN flow training:  21%|██        | 21/100 [02:06<07:57,  6.04s/epoch, best=9.284e+00, sign=0.165, train=9.256e+00, val=9.206e+00]
GNN flow training:  21%|██        | 21/100 [02:12<07:57,  6.04s/epoch, best=9.206e+00, sign=0.165, train=9.185e+00, val=9.034e+00]
GNN flow training:  22%|██▏       | 22/100 [02:12<07:50,  6.03s/epoch, best=9.206e+00, sign=0.165, train=9.185e+00, val=9.034e+00]
GNN flow training:  22%|██▏       | 22/100 [02:18<07:50,  6.03s/epoch, best=9.034e+00, sign=0.166, train=9.026e+00, val=8.872e+00]
GNN flow training:  23%|██▎       | 23/100 [02:18<07:43,  6.02s/epoch, best=9.034e+00, sign=0.166, train=9.026e+00, val=8.872e+00]
GNN flow training:  23%|██▎       | 23/100 [02:24<07:43,  6.02s/epoch, best=8.872e+00, sign=0.165, train=8.871e+00, val=8.779e+00]
GNN flow training:  24%|██▍       | 24/100 [02:24<07:37,  6.02s/epoch, best=8.872e+00, sign=0.165, train=8.871e+00, val=8.779e+00]
GNN flow training:  24%|██▍       | 24/100 [02:31<07:37,  6.02s/epoch, best=8.779e+00, sign=0.165, train=8.770e+00, val=8.581e+00]
GNN flow training:  25%|██▌       | 25/100 [02:31<07:31,  6.02s/epoch, best=8.779e+00, sign=0.165, train=8.770e+00, val=8.581e+00]
GNN flow training:  25%|██▌       | 25/100 [02:37<07:31,  6.02s/epoch, best=8.581e+00, sign=0.165, train=8.579e+00, val=8.417e+00]
GNN flow training:  26%|██▌       | 26/100 [02:37<07:26,  6.03s/epoch, best=8.581e+00, sign=0.165, train=8.579e+00, val=8.417e+00]
GNN flow training:  26%|██▌       | 26/100 [02:43<07:26,  6.03s/epoch, best=8.417e+00, sign=0.165, train=8.416e+00, val=8.237e+00]
GNN flow training:  27%|██▋       | 27/100 [02:43<07:19,  6.02s/epoch, best=8.417e+00, sign=0.165, train=8.416e+00, val=8.237e+00]
GNN flow training:  27%|██▋       | 27/100 [02:49<07:19,  6.02s/epoch, best=8.237e+00, sign=0.166, train=8.242e+00, val=8.019e+00]
GNN flow training:  28%|██▊       | 28/100 [02:49<07:13,  6.02s/epoch, best=8.237e+00, sign=0.166, train=8.242e+00, val=8.019e+00]
GNN flow training:  28%|██▊       | 28/100 [02:55<07:13,  6.02s/epoch, best=8.019e+00, sign=0.166, train=8.040e+00, val=7.783e+00]
GNN flow training:  29%|██▉       | 29/100 [02:55<07:07,  6.01s/epoch, best=8.019e+00, sign=0.166, train=8.040e+00, val=7.783e+00]
GNN flow training:  29%|██▉       | 29/100 [03:01<07:07,  6.01s/epoch, best=7.783e+00, sign=0.165, train=7.828e+00, val=7.585e+00]
GNN flow training:  30%|███       | 30/100 [03:01<07:01,  6.02s/epoch, best=7.783e+00, sign=0.165, train=7.828e+00, val=7.585e+00]
GNN flow training:  30%|███       | 30/100 [03:07<07:01,  6.02s/epoch, best=7.585e+00, sign=0.163, train=7.652e+00, val=7.400e+00]
GNN flow training:  31%|███       | 31/100 [03:07<06:54,  6.00s/epoch, best=7.585e+00, sign=0.163, train=7.652e+00, val=7.400e+00]
GNN flow training:  31%|███       | 31/100 [03:13<06:54,  6.00s/epoch, best=7.400e+00, sign=0.162, train=7.477e+00, val=7.294e+00]
GNN flow training:  32%|███▏      | 32/100 [03:13<06:48,  6.01s/epoch, best=7.400e+00, sign=0.162, train=7.477e+00, val=7.294e+00]
GNN flow training:  32%|███▏      | 32/100 [03:19<06:48,  6.01s/epoch, best=7.294e+00, sign=0.161, train=7.371e+00, val=7.125e+00]
GNN flow training:  33%|███▎      | 33/100 [03:19<06:44,  6.04s/epoch, best=7.294e+00, sign=0.161, train=7.371e+00, val=7.125e+00]
GNN flow training:  33%|███▎      | 33/100 [03:25<06:44,  6.04s/epoch, best=7.125e+00, sign=0.162, train=7.207e+00, val=6.977e+00]
GNN flow training:  34%|███▍      | 34/100 [03:25<06:37,  6.02s/epoch, best=7.125e+00, sign=0.162, train=7.207e+00, val=6.977e+00]
GNN flow training:  34%|███▍      | 34/100 [03:31<06:37,  6.02s/epoch, best=6.977e+00, sign=0.160, train=7.070e+00, val=6.801e+00]
GNN flow training:  35%|███▌      | 35/100 [03:31<06:31,  6.02s/epoch, best=6.977e+00, sign=0.160, train=7.070e+00, val=6.801e+00]
GNN flow training:  35%|███▌      | 35/100 [03:37<06:31,  6.02s/epoch, best=6.801e+00, sign=0.156, train=6.900e+00, val=6.556e+00]
GNN flow training:  36%|███▌      | 36/100 [03:37<06:23,  6.00s/epoch, best=6.801e+00, sign=0.156, train=6.900e+00, val=6.556e+00]
GNN flow training:  36%|███▌      | 36/100 [03:43<06:23,  6.00s/epoch, best=6.556e+00, sign=0.155, train=6.701e+00, val=6.387e+00]
GNN flow training:  37%|███▋      | 37/100 [03:43<06:17,  5.99s/epoch, best=6.556e+00, sign=0.155, train=6.701e+00, val=6.387e+00]
GNN flow training:  37%|███▋      | 37/100 [03:49<06:17,  5.99s/epoch, best=6.387e+00, sign=0.153, train=6.573e+00, val=6.268e+00]
GNN flow training:  38%|███▊      | 38/100 [03:49<06:10,  5.97s/epoch, best=6.387e+00, sign=0.153, train=6.573e+00, val=6.268e+00]
GNN flow training:  38%|███▊      | 38/100 [03:55<06:10,  5.97s/epoch, best=6.268e+00, sign=0.152, train=6.465e+00, val=6.188e+00]
GNN flow training:  39%|███▉      | 39/100 [03:55<06:05,  5.99s/epoch, best=6.268e+00, sign=0.152, train=6.465e+00, val=6.188e+00]
GNN flow training:  39%|███▉      | 39/100 [04:01<06:05,  5.99s/epoch, best=6.188e+00, sign=0.151, train=6.378e+00, val=6.112e+00]
GNN flow training:  40%|████      | 40/100 [04:01<05:58,  5.98s/epoch, best=6.188e+00, sign=0.151, train=6.378e+00, val=6.112e+00]
GNN flow training:  40%|████      | 40/100 [04:07<05:58,  5.98s/epoch, best=6.112e+00, sign=0.151, train=6.270e+00, val=6.026e+00]
GNN flow training:  41%|████      | 41/100 [04:07<05:52,  5.97s/epoch, best=6.112e+00, sign=0.151, train=6.270e+00, val=6.026e+00]
GNN flow training:  41%|████      | 41/100 [04:13<05:52,  5.97s/epoch, best=6.026e+00, sign=0.152, train=6.157e+00, val=5.954e+00]
GNN flow training:  42%|████▏     | 42/100 [04:13<05:48,  6.00s/epoch, best=6.026e+00, sign=0.152, train=6.157e+00, val=5.954e+00]
GNN flow training:  42%|████▏     | 42/100 [04:19<05:48,  6.00s/epoch, best=5.954e+00, sign=0.152, train=6.046e+00, val=5.915e+00]
GNN flow training:  43%|████▎     | 43/100 [04:19<05:42,  6.01s/epoch, best=5.954e+00, sign=0.152, train=6.046e+00, val=5.915e+00]
GNN flow training:  43%|████▎     | 43/100 [04:25<05:42,  6.01s/epoch, best=5.915e+00, sign=0.149, train=5.948e+00, val=5.871e+00]
GNN flow training:  44%|████▍     | 44/100 [04:25<05:37,  6.02s/epoch, best=5.915e+00, sign=0.149, train=5.948e+00, val=5.871e+00]
GNN flow training:  44%|████▍     | 44/100 [04:31<05:37,  6.02s/epoch, best=5.871e+00, sign=0.148, train=5.839e+00, val=5.844e+00]
GNN flow training:  45%|████▌     | 45/100 [04:31<05:31,  6.04s/epoch, best=5.871e+00, sign=0.148, train=5.839e+00, val=5.844e+00]
GNN flow training:  45%|████▌     | 45/100 [04:37<05:31,  6.04s/epoch, best=5.844e+00, sign=0.148, train=5.857e+00, val=5.819e+00]
GNN flow training:  46%|████▌     | 46/100 [04:37<05:24,  6.01s/epoch, best=5.844e+00, sign=0.148, train=5.857e+00, val=5.819e+00]
GNN flow training:  46%|████▌     | 46/100 [04:43<05:24,  6.01s/epoch, best=5.819e+00, sign=0.147, train=5.805e+00, val=5.788e+00]
GNN flow training:  47%|████▋     | 47/100 [04:43<05:17,  6.00s/epoch, best=5.819e+00, sign=0.147, train=5.805e+00, val=5.788e+00]
GNN flow training:  47%|████▋     | 47/100 [04:49<05:17,  6.00s/epoch, best=5.788e+00, sign=0.146, train=5.765e+00, val=5.835e+00]
GNN flow training:  48%|████▊     | 48/100 [04:49<05:12,  6.00s/epoch, best=5.788e+00, sign=0.146, train=5.765e+00, val=5.835e+00]
GNN flow training:  48%|████▊     | 48/100 [04:55<05:12,  6.00s/epoch, best=5.788e+00, sign=0.145, train=5.776e+00, val=5.767e+00]
GNN flow training:  49%|████▉     | 49/100 [04:55<05:05,  5.99s/epoch, best=5.788e+00, sign=0.145, train=5.776e+00, val=5.767e+00]
GNN flow training:  49%|████▉     | 49/100 [05:01<05:05,  5.99s/epoch, best=5.767e+00, sign=0.145, train=5.678e+00, val=5.707e+00]
GNN flow training:  50%|█████     | 50/100 [05:01<04:59,  5.99s/epoch, best=5.767e+00, sign=0.145, train=5.678e+00, val=5.707e+00]
GNN flow training:  50%|█████     | 50/100 [05:07<04:59,  5.99s/epoch, best=5.707e+00, sign=0.143, train=5.586e+00, val=5.674e+00]
GNN flow training:  51%|█████     | 51/100 [05:07<04:53,  5.98s/epoch, best=5.707e+00, sign=0.143, train=5.586e+00, val=5.674e+00]
GNN flow training:  51%|█████     | 51/100 [05:13<04:53,  5.98s/epoch, best=5.674e+00, sign=0.142, train=5.538e+00, val=5.801e+00]
GNN flow training:  52%|█████▏    | 52/100 [05:13<04:48,  6.00s/epoch, best=5.674e+00, sign=0.142, train=5.538e+00, val=5.801e+00]
GNN flow training:  52%|█████▏    | 52/100 [05:19<04:48,  6.00s/epoch, best=5.674e+00, sign=0.142, train=5.676e+00, val=5.763e+00]
GNN flow training:  53%|█████▎    | 53/100 [05:19<04:42,  6.02s/epoch, best=5.674e+00, sign=0.142, train=5.676e+00, val=5.763e+00]
GNN flow training:  53%|█████▎    | 53/100 [05:25<04:42,  6.02s/epoch, best=5.674e+00, sign=0.141, train=5.655e+00, val=5.652e+00]
GNN flow training:  54%|█████▍    | 54/100 [05:25<04:36,  6.01s/epoch, best=5.674e+00, sign=0.141, train=5.655e+00, val=5.652e+00]
GNN flow training:  54%|█████▍    | 54/100 [05:31<04:36,  6.01s/epoch, best=5.652e+00, sign=0.142, train=5.502e+00, val=5.671e+00]
GNN flow training:  55%|█████▌    | 55/100 [05:31<04:29,  5.99s/epoch, best=5.652e+00, sign=0.142, train=5.502e+00, val=5.671e+00]
GNN flow training:  55%|█████▌    | 55/100 [05:37<04:29,  5.99s/epoch, best=5.652e+00, sign=0.142, train=5.528e+00, val=5.739e+00]
GNN flow training:  56%|█████▌    | 56/100 [05:37<04:22,  5.97s/epoch, best=5.652e+00, sign=0.142, train=5.528e+00, val=5.739e+00]
GNN flow training:  56%|█████▌    | 56/100 [05:43<04:22,  5.97s/epoch, best=5.652e+00, sign=0.143, train=5.621e+00, val=5.691e+00]
GNN flow training:  57%|█████▋    | 57/100 [05:43<04:16,  5.97s/epoch, best=5.652e+00, sign=0.143, train=5.621e+00, val=5.691e+00]
GNN flow training:  57%|█████▋    | 57/100 [05:48<04:16,  5.97s/epoch, best=5.652e+00, sign=0.142, train=5.565e+00, val=5.616e+00]
GNN flow training:  58%|█████▊    | 58/100 [05:48<04:10,  5.96s/epoch, best=5.652e+00, sign=0.142, train=5.565e+00, val=5.616e+00]
GNN flow training:  58%|█████▊    | 58/100 [05:54<04:10,  5.96s/epoch, best=5.616e+00, sign=0.139, train=5.431e+00, val=5.491e+00]
GNN flow training:  59%|█████▉    | 59/100 [05:54<04:03,  5.95s/epoch, best=5.616e+00, sign=0.139, train=5.431e+00, val=5.491e+00]
GNN flow training:  59%|█████▉    | 59/100 [06:00<04:03,  5.95s/epoch, best=5.491e+00, sign=0.139, train=5.332e+00, val=5.501e+00]
GNN flow training:  60%|██████    | 60/100 [06:00<03:57,  5.94s/epoch, best=5.491e+00, sign=0.139, train=5.332e+00, val=5.501e+00]
GNN flow training:  60%|██████    | 60/100 [06:06<03:57,  5.94s/epoch, best=5.491e+00, sign=0.136, train=5.312e+00, val=5.542e+00]
GNN flow training:  61%|██████    | 61/100 [06:06<03:53,  5.98s/epoch, best=5.491e+00, sign=0.136, train=5.312e+00, val=5.542e+00]
GNN flow training:  61%|██████    | 61/100 [06:12<03:53,  5.98s/epoch, best=5.491e+00, sign=0.136, train=5.325e+00, val=5.513e+00]
GNN flow training:  62%|██████▏   | 62/100 [06:12<03:47,  5.99s/epoch, best=5.491e+00, sign=0.136, train=5.325e+00, val=5.513e+00]
GNN flow training:  62%|██████▏   | 62/100 [06:18<03:47,  5.99s/epoch, best=5.491e+00, sign=0.136, train=5.303e+00, val=5.343e+00]
GNN flow training:  63%|██████▎   | 63/100 [06:18<03:42,  6.01s/epoch, best=5.491e+00, sign=0.136, train=5.303e+00, val=5.343e+00]
GNN flow training:  63%|██████▎   | 63/100 [06:24<03:42,  6.01s/epoch, best=5.343e+00, sign=0.136, train=5.212e+00, val=5.265e+00]
GNN flow training:  64%|██████▍   | 64/100 [06:24<03:36,  6.02s/epoch, best=5.343e+00, sign=0.136, train=5.212e+00, val=5.265e+00]
GNN flow training:  64%|██████▍   | 64/100 [06:30<03:36,  6.02s/epoch, best=5.265e+00, sign=0.135, train=5.174e+00, val=5.228e+00]
GNN flow training:  65%|██████▌   | 65/100 [06:30<03:30,  6.01s/epoch, best=5.265e+00, sign=0.135, train=5.174e+00, val=5.228e+00]
GNN flow training:  65%|██████▌   | 65/100 [06:36<03:30,  6.01s/epoch, best=5.228e+00, sign=0.136, train=5.120e+00, val=5.201e+00]
GNN flow training:  66%|██████▌   | 66/100 [06:36<03:24,  6.01s/epoch, best=5.228e+00, sign=0.136, train=5.120e+00, val=5.201e+00]
GNN flow training:  66%|██████▌   | 66/100 [06:42<03:24,  6.01s/epoch, best=5.201e+00, sign=0.138, train=5.010e+00, val=5.192e+00]
GNN flow training:  67%|██████▋   | 67/100 [06:42<03:18,  6.01s/epoch, best=5.201e+00, sign=0.138, train=5.010e+00, val=5.192e+00]
GNN flow training:  67%|██████▋   | 67/100 [06:48<03:18,  6.01s/epoch, best=5.192e+00, sign=0.136, train=5.008e+00, val=5.208e+00]
GNN flow training:  68%|██████▊   | 68/100 [06:48<03:11,  5.98s/epoch, best=5.192e+00, sign=0.136, train=5.008e+00, val=5.208e+00]
GNN flow training:  68%|██████▊   | 68/100 [06:54<03:11,  5.98s/epoch, best=5.192e+00, sign=0.136, train=5.068e+00, val=5.191e+00]
GNN flow training:  69%|██████▉   | 69/100 [06:54<03:04,  5.96s/epoch, best=5.192e+00, sign=0.136, train=5.068e+00, val=5.191e+00]
GNN flow training:  69%|██████▉   | 69/100 [07:00<03:04,  5.96s/epoch, best=5.191e+00, sign=0.135, train=5.060e+00, val=5.176e+00]
GNN flow training:  70%|███████   | 70/100 [07:00<02:57,  5.93s/epoch, best=5.191e+00, sign=0.135, train=5.060e+00, val=5.176e+00]
GNN flow training:  70%|███████   | 70/100 [07:06<02:57,  5.93s/epoch, best=5.176e+00, sign=0.135, train=4.969e+00, val=5.105e+00]
GNN flow training:  71%|███████   | 71/100 [07:06<02:52,  5.93s/epoch, best=5.176e+00, sign=0.135, train=4.969e+00, val=5.105e+00]
GNN flow training:  71%|███████   | 71/100 [07:12<02:52,  5.93s/epoch, best=5.105e+00, sign=0.135, train=4.911e+00, val=5.025e+00]
GNN flow training:  72%|███████▏  | 72/100 [07:12<02:45,  5.92s/epoch, best=5.105e+00, sign=0.135, train=4.911e+00, val=5.025e+00]
GNN flow training:  72%|███████▏  | 72/100 [07:18<02:45,  5.92s/epoch, best=5.025e+00, sign=0.133, train=4.878e+00, val=4.990e+00]
GNN flow training:  73%|███████▎  | 73/100 [07:18<02:39,  5.92s/epoch, best=5.025e+00, sign=0.133, train=4.878e+00, val=4.990e+00]
GNN flow training:  73%|███████▎  | 73/100 [07:24<02:39,  5.92s/epoch, best=4.990e+00, sign=0.131, train=4.840e+00, val=4.979e+00]
GNN flow training:  74%|███████▍  | 74/100 [07:24<02:34,  5.93s/epoch, best=4.990e+00, sign=0.131, train=4.840e+00, val=4.979e+00]
GNN flow training:  74%|███████▍  | 74/100 [07:30<02:34,  5.93s/epoch, best=4.979e+00, sign=0.134, train=4.828e+00, val=5.055e+00]
GNN flow training:  75%|███████▌  | 75/100 [07:30<02:28,  5.95s/epoch, best=4.979e+00, sign=0.134, train=4.828e+00, val=5.055e+00]
GNN flow training:  75%|███████▌  | 75/100 [07:36<02:28,  5.95s/epoch, best=4.979e+00, sign=0.135, train=4.844e+00, val=5.118e+00]
GNN flow training:  76%|███████▌  | 76/100 [07:36<02:22,  5.96s/epoch, best=4.979e+00, sign=0.135, train=4.844e+00, val=5.118e+00]
GNN flow training:  76%|███████▌  | 76/100 [07:42<02:22,  5.96s/epoch, best=4.979e+00, sign=0.133, train=4.867e+00, val=5.117e+00]
GNN flow training:  77%|███████▋  | 77/100 [07:42<02:16,  5.95s/epoch, best=4.979e+00, sign=0.133, train=4.867e+00, val=5.117e+00]
GNN flow training:  77%|███████▋  | 77/100 [07:48<02:16,  5.95s/epoch, best=4.979e+00, sign=0.132, train=4.815e+00, val=5.144e+00]
GNN flow training:  78%|███████▊  | 78/100 [07:48<02:11,  5.96s/epoch, best=4.979e+00, sign=0.132, train=4.815e+00, val=5.144e+00]
GNN flow training:  78%|███████▊  | 78/100 [07:54<02:11,  5.96s/epoch, best=4.979e+00, sign=0.131, train=4.767e+00, val=5.143e+00]
GNN flow training:  79%|███████▉  | 79/100 [07:54<02:05,  5.97s/epoch, best=4.979e+00, sign=0.131, train=4.767e+00, val=5.143e+00]
GNN flow training:  79%|███████▉  | 79/100 [08:00<02:05,  5.97s/epoch, best=4.979e+00, sign=0.130, train=4.774e+00, val=5.166e+00]
GNN flow training:  80%|████████  | 80/100 [08:00<01:59,  5.98s/epoch, best=4.979e+00, sign=0.130, train=4.774e+00, val=5.166e+00]
GNN flow training:  80%|████████  | 80/100 [08:06<01:59,  5.98s/epoch, best=4.979e+00, sign=0.130, train=4.784e+00, val=5.152e+00]
GNN flow training:  81%|████████  | 81/100 [08:06<01:53,  6.00s/epoch, best=4.979e+00, sign=0.130, train=4.784e+00, val=5.152e+00]
GNN flow training:  81%|████████  | 81/100 [08:12<01:53,  6.00s/epoch, best=4.979e+00, sign=0.131, train=4.739e+00, val=5.114e+00]
GNN flow training:  82%|████████▏ | 82/100 [08:12<01:48,  6.01s/epoch, best=4.979e+00, sign=0.131, train=4.739e+00, val=5.114e+00]
GNN flow training:  82%|████████▏ | 82/100 [08:18<01:48,  6.01s/epoch, best=4.979e+00, sign=0.131, train=4.736e+00, val=5.090e+00]
GNN flow training:  83%|████████▎ | 83/100 [08:18<01:42,  6.03s/epoch, best=4.979e+00, sign=0.131, train=4.736e+00, val=5.090e+00]
GNN flow training:  83%|████████▎ | 83/100 [08:24<01:42,  6.03s/epoch, best=4.979e+00, sign=0.131, train=4.731e+00, val=5.129e+00]
GNN flow training:  84%|████████▍ | 84/100 [08:24<01:36,  6.01s/epoch, best=4.979e+00, sign=0.131, train=4.731e+00, val=5.129e+00]
GNN flow training:  84%|████████▍ | 84/100 [08:30<01:36,  6.01s/epoch, best=4.979e+00, sign=0.130, train=4.753e+00, val=5.112e+00]
GNN flow training:  85%|████████▌ | 85/100 [08:30<01:30,  6.03s/epoch, best=4.979e+00, sign=0.130, train=4.753e+00, val=5.112e+00]
GNN flow training:  85%|████████▌ | 85/100 [08:36<01:30,  6.03s/epoch, best=4.979e+00, sign=0.130, train=4.720e+00, val=5.094e+00]
GNN flow training:  86%|████████▌ | 86/100 [08:36<01:24,  6.03s/epoch, best=4.979e+00, sign=0.130, train=4.720e+00, val=5.094e+00]
GNN flow training:  86%|████████▌ | 86/100 [08:42<01:24,  6.03s/epoch, best=4.979e+00, sign=0.130, train=4.691e+00, val=5.046e+00]
GNN flow training:  87%|████████▋ | 87/100 [08:42<01:18,  6.03s/epoch, best=4.979e+00, sign=0.130, train=4.691e+00, val=5.046e+00]
GNN flow training:  87%|████████▋ | 87/100 [08:48<01:18,  6.03s/epoch, best=4.979e+00, sign=0.130, train=4.691e+00, val=5.072e+00]
GNN flow training:  88%|████████▊ | 88/100 [08:48<01:12,  6.01s/epoch, best=4.979e+00, sign=0.130, train=4.691e+00, val=5.072e+00]
GNN flow training:  88%|████████▊ | 88/100 [08:54<01:12,  6.01s/epoch, best=4.979e+00, sign=0.129, train=4.706e+00, val=5.045e+00]
GNN flow training:  89%|████████▉ | 89/100 [08:54<01:06,  6.02s/epoch, best=4.979e+00, sign=0.129, train=4.706e+00, val=5.045e+00]
GNN flow training:  89%|████████▉ | 89/100 [09:00<01:06,  6.02s/epoch, best=4.979e+00, sign=0.128, train=4.655e+00, val=5.026e+00]
GNN flow training:  90%|█████████ | 90/100 [09:00<01:00,  6.01s/epoch, best=4.979e+00, sign=0.128, train=4.655e+00, val=5.026e+00]
GNN flow training:  90%|█████████ | 90/100 [09:06<01:00,  6.01s/epoch, best=4.979e+00, sign=0.129, train=4.663e+00, val=5.085e+00]
GNN flow training:  91%|█████████ | 91/100 [09:06<00:54,  6.02s/epoch, best=4.979e+00, sign=0.129, train=4.663e+00, val=5.085e+00]
GNN flow training:  91%|█████████ | 91/100 [09:12<00:54,  6.02s/epoch, best=4.979e+00, sign=0.129, train=4.637e+00, val=5.101e+00]
GNN flow training:  92%|█████████▏| 92/100 [09:12<00:48,  6.01s/epoch, best=4.979e+00, sign=0.129, train=4.637e+00, val=5.101e+00]
GNN flow training:  92%|█████████▏| 92/100 [09:18<00:48,  6.01s/epoch, best=4.979e+00, sign=0.129, train=4.647e+00, val=5.125e+00]
GNN flow training:  93%|█████████▎| 93/100 [09:18<00:41,  6.00s/epoch, best=4.979e+00, sign=0.129, train=4.647e+00, val=5.125e+00]
GNN flow training:  93%|█████████▎| 93/100 [09:24<00:41,  6.00s/epoch, best=4.979e+00, sign=0.129, train=4.623e+00, val=5.165e+00]
GNN flow training:  94%|█████████▍| 94/100 [09:24<00:35,  5.99s/epoch, best=4.979e+00, sign=0.129, train=4.623e+00, val=5.165e+00]
GNN flow training:  94%|█████████▍| 94/100 [09:30<00:35,  5.99s/epoch, best=4.979e+00, sign=0.130, train=4.628e+00, val=5.233e+00]
GNN flow training:  95%|█████████▌| 95/100 [09:30<00:30,  6.00s/epoch, best=4.979e+00, sign=0.130, train=4.628e+00, val=5.233e+00]
GNN flow training:  95%|█████████▌| 95/100 [09:36<00:30,  6.00s/epoch, best=4.979e+00, sign=0.130, train=4.661e+00, val=5.244e+00]
GNN flow training:  96%|█████████▌| 96/100 [09:36<00:23,  5.99s/epoch, best=4.979e+00, sign=0.130, train=4.661e+00, val=5.244e+00]
GNN flow training:  96%|█████████▌| 96/100 [09:42<00:23,  5.99s/epoch, best=4.979e+00, sign=0.129, train=4.663e+00, val=5.249e+00]
GNN flow training:  97%|█████████▋| 97/100 [09:42<00:18,  6.01s/epoch, best=4.979e+00, sign=0.129, train=4.663e+00, val=5.249e+00]
GNN flow training:  97%|█████████▋| 97/100 [09:48<00:18,  6.01s/epoch, best=4.979e+00, sign=0.129, train=4.653e+00, val=5.246e+00]
GNN flow training:  98%|█████████▊| 98/100 [09:48<00:11,  6.00s/epoch, best=4.979e+00, sign=0.129, train=4.653e+00, val=5.246e+00]
GNN flow training:  98%|█████████▊| 98/100 [09:54<00:11,  6.00s/epoch, best=4.979e+00, sign=0.129, train=4.656e+00, val=5.265e+00]
GNN flow training:  99%|█████████▉| 99/100 [09:54<00:06,  6.01s/epoch, best=4.979e+00, sign=0.129, train=4.656e+00, val=5.265e+00]
GNN flow training:  99%|█████████▉| 99/100 [10:00<00:06,  6.01s/epoch, best=4.979e+00, sign=0.130, train=4.653e+00, val=5.251e+00]
GNN flow training: 100%|██████████| 100/100 [10:00<00:00,  6.02s/epoch, best=4.979e+00, sign=0.130, train=4.653e+00, val=5.251e+00]
GNN flow training: 100%|██████████| 100/100 [10:00<00:00,  6.01s/epoch, best=4.979e+00, sign=0.130, train=4.653e+00, val=5.251e+00]
Resolved config snapshot:
{'preset': 'solver_QKB_outer_QKBdelta', 'gnn_outer_losses': {'flow': 100.0, 'kirchhoff': 0.1, 'boundary': 100.0, 'delta_l2': 1.0, 'delta_smooth': 0.0, 'pressure_shape': 0.0}, 'physics': {'arterial_flow_mode': 'dataset', 'pressure_constraints': ['equal-a-equal-v'], 'alpha_pa': None, 'use_snr_weights': True, 'use_observed_flow_snr_weighting': True, 'flow_scale_mode': 'median_abs', 'solver_device': 'same', 'pressure_solver_mode': 'reduced-soft-constrained-lstsq', 'pressure_solver_lambda_kirchhoff': 1.0, 'pressure_solver_lambda_pressure_constraints': 100.0, 'pressure_solver_lambda_flow_residual': 1.0, 'pressure_shape_reference': 'delta_zero_reference', 'pressure_detach': False}, 'correction_bounds': {'correction_min': -0.5, 'correction_max': 0.5, 'correction_bound': 0.5, 'correction_parameterization': 'tanh'}, 'optimization': {'learning_rate': 0.001, 'weight_decay': 0.0001, 'gradient_clip_norm': 5.0, 'optimizer': 'adamw', 'epochs': 100, 'patience': 40}}
Shard 50/80: 1 of 80 runs
Command: /mnt/home/sswee/miniforge3/envs/yolk-sac/bin/python /mnt/home/sswee/yolk/Yolk-Sac-Flow-Data-and-Sim/gnn_clean/scripts/python/gnn_flow.py /mnt/home/sswee/yolk/Yolk-Sac-Flow-Data-and-Sim/gnn_clean/datasets/mosaic_graph_norm_canonical.gpickle --output-dir /mnt/home/sswee/yolk/Yolk-Sac-Flow-Data-and-Sim/gnn_clean/outputs_canonical_norm/dc/02_physics_weight_sweep/gnn --run-name q_100__k_0p1__delta_1 --preset solver_QKB_outer_QKBdelta --device cuda --epochs 100 --seed 0 --viscosity-pa-s 0.0035 --config /mnt/home/sswee/yolk/Yolk-Sac-Flow-Data-and-Sim/gnn_clean/outputs_canonical_norm/dc/02_physics_weight_sweep/_generated_configs/q_100__k_0p1__delta_1.yaml --no-pressure-detach
