[info] DC Step 2 canonical sweep uses fixed lambda_B=100.0 for both the outer boundary loss and the reduced pressure-solver boundary constraint.

GNN flow training:   0%|          | 0/100 [00:00<?, ?epoch/s]
GNN flow training:   0%|          | 0/100 [00:06<?, ?epoch/s, best=1.636e+01, sign=0.161, train=1.638e+01, val=1.636e+01]
GNN flow training:   1%|          | 1/100 [00:06<10:21,  6.27s/epoch, best=1.636e+01, sign=0.161, train=1.638e+01, val=1.636e+01]
GNN flow training:   1%|          | 1/100 [00:12<10:21,  6.27s/epoch, best=1.636e+01, sign=0.161, train=1.636e+01, val=1.634e+01]
GNN flow training:   2%|▏         | 2/100 [00:12<10:01,  6.14s/epoch, best=1.636e+01, sign=0.161, train=1.636e+01, val=1.634e+01]
GNN flow training:   2%|▏         | 2/100 [00:18<10:01,  6.14s/epoch, best=1.634e+01, sign=0.161, train=1.634e+01, val=1.636e+01]
GNN flow training:   3%|▎         | 3/100 [00:18<09:49,  6.07s/epoch, best=1.634e+01, sign=0.161, train=1.634e+01, val=1.636e+01]
GNN flow training:   3%|▎         | 3/100 [00:24<09:49,  6.07s/epoch, best=1.634e+01, sign=0.162, train=1.636e+01, val=1.634e+01]
GNN flow training:   4%|▍         | 4/100 [00:24<09:38,  6.03s/epoch, best=1.634e+01, sign=0.162, train=1.636e+01, val=1.634e+01]
GNN flow training:   4%|▍         | 4/100 [00:30<09:38,  6.03s/epoch, best=1.634e+01, sign=0.163, train=1.634e+01, val=1.640e+01]
GNN flow training:   5%|▌         | 5/100 [00:30<09:34,  6.04s/epoch, best=1.634e+01, sign=0.163, train=1.634e+01, val=1.640e+01]
GNN flow training:   5%|▌         | 5/100 [00:36<09:34,  6.04s/epoch, best=1.634e+01, sign=0.162, train=1.640e+01, val=1.642e+01]
GNN flow training:   6%|▌         | 6/100 [00:36<09:27,  6.03s/epoch, best=1.634e+01, sign=0.162, train=1.640e+01, val=1.642e+01]
GNN flow training:   6%|▌         | 6/100 [00:42<09:27,  6.03s/epoch, best=1.634e+01, sign=0.161, train=1.642e+01, val=1.639e+01]
GNN flow training:   7%|▋         | 7/100 [00:42<09:22,  6.05s/epoch, best=1.634e+01, sign=0.161, train=1.642e+01, val=1.639e+01]
GNN flow training:   7%|▋         | 7/100 [00:48<09:22,  6.05s/epoch, best=1.634e+01, sign=0.161, train=1.639e+01, val=1.635e+01]
GNN flow training:   8%|▊         | 8/100 [00:48<09:15,  6.04s/epoch, best=1.634e+01, sign=0.161, train=1.639e+01, val=1.635e+01]
GNN flow training:   8%|▊         | 8/100 [00:54<09:15,  6.04s/epoch, best=1.634e+01, sign=0.161, train=1.635e+01, val=1.634e+01]
GNN flow training:   9%|▉         | 9/100 [00:54<09:08,  6.03s/epoch, best=1.634e+01, sign=0.161, train=1.635e+01, val=1.634e+01]
GNN flow training:   9%|▉         | 9/100 [01:00<09:08,  6.03s/epoch, best=1.634e+01, sign=0.161, train=1.634e+01, val=1.635e+01]
GNN flow training:  10%|█         | 10/100 [01:00<09:02,  6.02s/epoch, best=1.634e+01, sign=0.161, train=1.634e+01, val=1.635e+01]
GNN flow training:  10%|█         | 10/100 [01:06<09:02,  6.02s/epoch, best=1.634e+01, sign=0.161, train=1.635e+01, val=1.632e+01]
GNN flow training:  11%|█         | 11/100 [01:06<08:56,  6.03s/epoch, best=1.634e+01, sign=0.161, train=1.635e+01, val=1.632e+01]
GNN flow training:  11%|█         | 11/100 [01:12<08:56,  6.03s/epoch, best=1.632e+01, sign=0.162, train=1.632e+01, val=1.638e+01]
GNN flow training:  12%|█▏        | 12/100 [01:12<08:49,  6.02s/epoch, best=1.632e+01, sign=0.162, train=1.632e+01, val=1.638e+01]
GNN flow training:  12%|█▏        | 12/100 [01:18<08:49,  6.02s/epoch, best=1.632e+01, sign=0.161, train=1.638e+01, val=1.634e+01]
GNN flow training:  13%|█▎        | 13/100 [01:18<08:43,  6.01s/epoch, best=1.632e+01, sign=0.161, train=1.638e+01, val=1.634e+01]
GNN flow training:  13%|█▎        | 13/100 [01:24<08:43,  6.01s/epoch, best=1.632e+01, sign=0.161, train=1.634e+01, val=1.635e+01]
GNN flow training:  14%|█▍        | 14/100 [01:24<08:36,  6.01s/epoch, best=1.632e+01, sign=0.161, train=1.634e+01, val=1.635e+01]
GNN flow training:  14%|█▍        | 14/100 [01:30<08:36,  6.01s/epoch, best=1.632e+01, sign=0.161, train=1.635e+01, val=1.620e+01]
GNN flow training:  15%|█▌        | 15/100 [01:30<08:31,  6.02s/epoch, best=1.632e+01, sign=0.161, train=1.635e+01, val=1.620e+01]
GNN flow training:  15%|█▌        | 15/100 [01:36<08:31,  6.02s/epoch, best=1.620e+01, sign=0.160, train=1.620e+01, val=1.613e+01]
GNN flow training:  16%|█▌        | 16/100 [01:36<08:24,  6.01s/epoch, best=1.620e+01, sign=0.160, train=1.620e+01, val=1.613e+01]
GNN flow training:  16%|█▌        | 16/100 [01:42<08:24,  6.01s/epoch, best=1.613e+01, sign=0.159, train=1.613e+01, val=1.608e+01]
GNN flow training:  17%|█▋        | 17/100 [01:42<08:19,  6.02s/epoch, best=1.613e+01, sign=0.159, train=1.613e+01, val=1.608e+01]
GNN flow training:  17%|█▋        | 17/100 [01:48<08:19,  6.02s/epoch, best=1.608e+01, sign=0.159, train=1.608e+01, val=1.599e+01]
GNN flow training:  18%|█▊        | 18/100 [01:48<08:15,  6.04s/epoch, best=1.608e+01, sign=0.159, train=1.608e+01, val=1.599e+01]
GNN flow training:  18%|█▊        | 18/100 [01:54<08:15,  6.04s/epoch, best=1.599e+01, sign=0.159, train=1.599e+01, val=1.593e+01]
GNN flow training:  19%|█▉        | 19/100 [01:54<08:08,  6.03s/epoch, best=1.599e+01, sign=0.159, train=1.599e+01, val=1.593e+01]
GNN flow training:  19%|█▉        | 19/100 [02:00<08:08,  6.03s/epoch, best=1.593e+01, sign=0.159, train=1.593e+01, val=1.588e+01]
GNN flow training:  20%|██        | 20/100 [02:00<08:02,  6.03s/epoch, best=1.593e+01, sign=0.159, train=1.593e+01, val=1.588e+01]
GNN flow training:  20%|██        | 20/100 [02:06<08:02,  6.03s/epoch, best=1.588e+01, sign=0.159, train=1.588e+01, val=1.581e+01]
GNN flow training:  21%|██        | 21/100 [02:06<07:56,  6.03s/epoch, best=1.588e+01, sign=0.159, train=1.588e+01, val=1.581e+01]
GNN flow training:  21%|██        | 21/100 [02:12<07:56,  6.03s/epoch, best=1.581e+01, sign=0.159, train=1.581e+01, val=1.577e+01]
GNN flow training:  22%|██▏       | 22/100 [02:12<07:49,  6.02s/epoch, best=1.581e+01, sign=0.159, train=1.581e+01, val=1.577e+01]
GNN flow training:  22%|██▏       | 22/100 [02:18<07:49,  6.02s/epoch, best=1.577e+01, sign=0.159, train=1.577e+01, val=1.576e+01]
GNN flow training:  23%|██▎       | 23/100 [02:18<07:43,  6.02s/epoch, best=1.577e+01, sign=0.159, train=1.577e+01, val=1.576e+01]
GNN flow training:  23%|██▎       | 23/100 [02:24<07:43,  6.02s/epoch, best=1.576e+01, sign=0.160, train=1.576e+01, val=1.575e+01]
GNN flow training:  24%|██▍       | 24/100 [02:24<07:37,  6.02s/epoch, best=1.576e+01, sign=0.160, train=1.576e+01, val=1.575e+01]
GNN flow training:  24%|██▍       | 24/100 [02:30<07:37,  6.02s/epoch, best=1.575e+01, sign=0.159, train=1.575e+01, val=1.570e+01]
GNN flow training:  25%|██▌       | 25/100 [02:30<07:32,  6.03s/epoch, best=1.575e+01, sign=0.159, train=1.575e+01, val=1.570e+01]
GNN flow training:  25%|██▌       | 25/100 [02:36<07:32,  6.03s/epoch, best=1.570e+01, sign=0.159, train=1.570e+01, val=1.570e+01]
GNN flow training:  26%|██▌       | 26/100 [02:36<07:28,  6.05s/epoch, best=1.570e+01, sign=0.159, train=1.570e+01, val=1.570e+01]
GNN flow training:  26%|██▌       | 26/100 [02:42<07:28,  6.05s/epoch, best=1.570e+01, sign=0.159, train=1.570e+01, val=1.568e+01]
GNN flow training:  27%|██▋       | 27/100 [02:42<07:21,  6.05s/epoch, best=1.570e+01, sign=0.159, train=1.570e+01, val=1.568e+01]
GNN flow training:  27%|██▋       | 27/100 [02:49<07:21,  6.05s/epoch, best=1.568e+01, sign=0.158, train=1.568e+01, val=1.566e+01]
GNN flow training:  28%|██▊       | 28/100 [02:49<07:16,  6.06s/epoch, best=1.568e+01, sign=0.158, train=1.568e+01, val=1.566e+01]
GNN flow training:  28%|██▊       | 28/100 [02:55<07:16,  6.06s/epoch, best=1.566e+01, sign=0.158, train=1.566e+01, val=1.564e+01]
GNN flow training:  29%|██▉       | 29/100 [02:55<07:09,  6.05s/epoch, best=1.566e+01, sign=0.158, train=1.566e+01, val=1.564e+01]
GNN flow training:  29%|██▉       | 29/100 [03:01<07:09,  6.05s/epoch, best=1.564e+01, sign=0.157, train=1.564e+01, val=1.569e+01]
GNN flow training:  30%|███       | 30/100 [03:01<07:03,  6.05s/epoch, best=1.564e+01, sign=0.157, train=1.564e+01, val=1.569e+01]
GNN flow training:  30%|███       | 30/100 [03:07<07:03,  6.05s/epoch, best=1.564e+01, sign=0.157, train=1.569e+01, val=1.564e+01]
GNN flow training:  31%|███       | 31/100 [03:07<06:57,  6.05s/epoch, best=1.564e+01, sign=0.157, train=1.569e+01, val=1.564e+01]
GNN flow training:  31%|███       | 31/100 [03:13<06:57,  6.05s/epoch, best=1.564e+01, sign=0.158, train=1.564e+01, val=1.556e+01]
GNN flow training:  32%|███▏      | 32/100 [03:13<06:50,  6.04s/epoch, best=1.564e+01, sign=0.158, train=1.564e+01, val=1.556e+01]
GNN flow training:  32%|███▏      | 32/100 [03:19<06:50,  6.04s/epoch, best=1.556e+01, sign=0.158, train=1.556e+01, val=1.552e+01]
GNN flow training:  33%|███▎      | 33/100 [03:19<06:44,  6.04s/epoch, best=1.556e+01, sign=0.158, train=1.556e+01, val=1.552e+01]
GNN flow training:  33%|███▎      | 33/100 [03:25<06:44,  6.04s/epoch, best=1.552e+01, sign=0.157, train=1.552e+01, val=1.545e+01]
GNN flow training:  34%|███▍      | 34/100 [03:25<06:39,  6.05s/epoch, best=1.552e+01, sign=0.157, train=1.552e+01, val=1.545e+01]
GNN flow training:  34%|███▍      | 34/100 [03:31<06:39,  6.05s/epoch, best=1.545e+01, sign=0.157, train=1.545e+01, val=1.542e+01]
GNN flow training:  35%|███▌      | 35/100 [03:31<06:32,  6.03s/epoch, best=1.545e+01, sign=0.157, train=1.545e+01, val=1.542e+01]
GNN flow training:  35%|███▌      | 35/100 [03:37<06:32,  6.03s/epoch, best=1.542e+01, sign=0.157, train=1.542e+01, val=1.545e+01]
GNN flow training:  36%|███▌      | 36/100 [03:37<06:27,  6.06s/epoch, best=1.542e+01, sign=0.157, train=1.542e+01, val=1.545e+01]
GNN flow training:  36%|███▌      | 36/100 [03:43<06:27,  6.06s/epoch, best=1.542e+01, sign=0.157, train=1.545e+01, val=1.537e+01]
GNN flow training:  37%|███▋      | 37/100 [03:43<06:21,  6.06s/epoch, best=1.542e+01, sign=0.157, train=1.545e+01, val=1.537e+01]
GNN flow training:  37%|███▋      | 37/100 [03:49<06:21,  6.06s/epoch, best=1.537e+01, sign=0.158, train=1.537e+01, val=1.537e+01]
GNN flow training:  38%|███▊      | 38/100 [03:49<06:15,  6.05s/epoch, best=1.537e+01, sign=0.158, train=1.537e+01, val=1.537e+01]
GNN flow training:  38%|███▊      | 38/100 [03:55<06:15,  6.05s/epoch, best=1.537e+01, sign=0.159, train=1.537e+01, val=1.537e+01]
GNN flow training:  39%|███▉      | 39/100 [03:55<06:09,  6.05s/epoch, best=1.537e+01, sign=0.159, train=1.537e+01, val=1.537e+01]
GNN flow training:  39%|███▉      | 39/100 [04:01<06:09,  6.05s/epoch, best=1.537e+01, sign=0.159, train=1.537e+01, val=1.532e+01]
GNN flow training:  40%|████      | 40/100 [04:01<06:03,  6.06s/epoch, best=1.537e+01, sign=0.159, train=1.537e+01, val=1.532e+01]
GNN flow training:  40%|████      | 40/100 [04:07<06:03,  6.06s/epoch, best=1.532e+01, sign=0.160, train=1.532e+01, val=1.521e+01]
GNN flow training:  41%|████      | 41/100 [04:07<05:57,  6.05s/epoch, best=1.532e+01, sign=0.160, train=1.532e+01, val=1.521e+01]
GNN flow training:  41%|████      | 41/100 [04:13<05:57,  6.05s/epoch, best=1.521e+01, sign=0.161, train=1.521e+01, val=1.515e+01]
GNN flow training:  42%|████▏     | 42/100 [04:13<05:52,  6.08s/epoch, best=1.521e+01, sign=0.161, train=1.521e+01, val=1.515e+01]
GNN flow training:  42%|████▏     | 42/100 [04:19<05:52,  6.08s/epoch, best=1.515e+01, sign=0.161, train=1.515e+01, val=1.519e+01]
GNN flow training:  43%|████▎     | 43/100 [04:19<05:45,  6.07s/epoch, best=1.515e+01, sign=0.161, train=1.515e+01, val=1.519e+01]
GNN flow training:  43%|████▎     | 43/100 [04:25<05:45,  6.07s/epoch, best=1.515e+01, sign=0.161, train=1.519e+01, val=1.517e+01]
GNN flow training:  44%|████▍     | 44/100 [04:25<05:39,  6.07s/epoch, best=1.515e+01, sign=0.161, train=1.519e+01, val=1.517e+01]
GNN flow training:  44%|████▍     | 44/100 [04:32<05:39,  6.07s/epoch, best=1.515e+01, sign=0.161, train=1.517e+01, val=1.517e+01]
GNN flow training:  45%|████▌     | 45/100 [04:32<05:33,  6.06s/epoch, best=1.515e+01, sign=0.161, train=1.517e+01, val=1.517e+01]
GNN flow training:  45%|████▌     | 45/100 [04:38<05:33,  6.06s/epoch, best=1.515e+01, sign=0.161, train=1.517e+01, val=1.521e+01]
GNN flow training:  46%|████▌     | 46/100 [04:38<05:27,  6.06s/epoch, best=1.515e+01, sign=0.161, train=1.517e+01, val=1.521e+01]
GNN flow training:  46%|████▌     | 46/100 [04:44<05:27,  6.06s/epoch, best=1.515e+01, sign=0.161, train=1.521e+01, val=1.525e+01]
GNN flow training:  47%|████▋     | 47/100 [04:44<05:20,  6.04s/epoch, best=1.515e+01, sign=0.161, train=1.521e+01, val=1.525e+01]
GNN flow training:  47%|████▋     | 47/100 [04:50<05:20,  6.04s/epoch, best=1.515e+01, sign=0.161, train=1.525e+01, val=1.533e+01]
GNN flow training:  48%|████▊     | 48/100 [04:50<05:13,  6.03s/epoch, best=1.515e+01, sign=0.161, train=1.525e+01, val=1.533e+01]
GNN flow training:  48%|████▊     | 48/100 [04:56<05:13,  6.03s/epoch, best=1.515e+01, sign=0.161, train=1.533e+01, val=1.538e+01]
GNN flow training:  49%|████▉     | 49/100 [04:56<05:08,  6.04s/epoch, best=1.515e+01, sign=0.161, train=1.533e+01, val=1.538e+01]
GNN flow training:  49%|████▉     | 49/100 [05:02<05:08,  6.04s/epoch, best=1.515e+01, sign=0.161, train=1.538e+01, val=1.536e+01]
GNN flow training:  50%|█████     | 50/100 [05:02<05:01,  6.04s/epoch, best=1.515e+01, sign=0.161, train=1.538e+01, val=1.536e+01]
GNN flow training:  50%|█████     | 50/100 [05:08<05:01,  6.04s/epoch, best=1.515e+01, sign=0.161, train=1.536e+01, val=1.539e+01]
GNN flow training:  51%|█████     | 51/100 [05:08<04:55,  6.04s/epoch, best=1.515e+01, sign=0.161, train=1.536e+01, val=1.539e+01]
GNN flow training:  51%|█████     | 51/100 [05:14<04:55,  6.04s/epoch, best=1.515e+01, sign=0.161, train=1.539e+01, val=1.547e+01]
GNN flow training:  52%|█████▏    | 52/100 [05:14<04:50,  6.06s/epoch, best=1.515e+01, sign=0.161, train=1.539e+01, val=1.547e+01]
GNN flow training:  52%|█████▏    | 52/100 [05:20<04:50,  6.06s/epoch, best=1.515e+01, sign=0.161, train=1.547e+01, val=1.562e+01]
GNN flow training:  53%|█████▎    | 53/100 [05:20<04:45,  6.06s/epoch, best=1.515e+01, sign=0.161, train=1.547e+01, val=1.562e+01]
GNN flow training:  53%|█████▎    | 53/100 [05:26<04:45,  6.06s/epoch, best=1.515e+01, sign=0.161, train=1.562e+01, val=1.568e+01]
GNN flow training:  54%|█████▍    | 54/100 [05:26<04:38,  6.05s/epoch, best=1.515e+01, sign=0.161, train=1.562e+01, val=1.568e+01]
GNN flow training:  54%|█████▍    | 54/100 [05:32<04:38,  6.05s/epoch, best=1.515e+01, sign=0.161, train=1.568e+01, val=1.563e+01]
GNN flow training:  55%|█████▌    | 55/100 [05:32<04:31,  6.03s/epoch, best=1.515e+01, sign=0.161, train=1.568e+01, val=1.563e+01]
GNN flow training:  55%|█████▌    | 55/100 [05:38<04:31,  6.03s/epoch, best=1.515e+01, sign=0.161, train=1.563e+01, val=1.560e+01]
GNN flow training:  56%|█████▌    | 56/100 [05:38<04:26,  6.05s/epoch, best=1.515e+01, sign=0.161, train=1.563e+01, val=1.560e+01]
GNN flow training:  56%|█████▌    | 56/100 [05:44<04:26,  6.05s/epoch, best=1.515e+01, sign=0.159, train=1.560e+01, val=1.553e+01]
GNN flow training:  57%|█████▋    | 57/100 [05:44<04:19,  6.04s/epoch, best=1.515e+01, sign=0.159, train=1.560e+01, val=1.553e+01]
GNN flow training:  57%|█████▋    | 57/100 [05:50<04:19,  6.04s/epoch, best=1.515e+01, sign=0.160, train=1.553e+01, val=1.541e+01]
GNN flow training:  58%|█████▊    | 58/100 [05:50<04:13,  6.03s/epoch, best=1.515e+01, sign=0.160, train=1.553e+01, val=1.541e+01]
GNN flow training:  58%|█████▊    | 58/100 [05:56<04:13,  6.03s/epoch, best=1.515e+01, sign=0.160, train=1.541e+01, val=1.546e+01]
GNN flow training:  59%|█████▉    | 59/100 [05:56<04:07,  6.03s/epoch, best=1.515e+01, sign=0.160, train=1.541e+01, val=1.546e+01]
GNN flow training:  59%|█████▉    | 59/100 [06:02<04:07,  6.03s/epoch, best=1.515e+01, sign=0.160, train=1.546e+01, val=1.534e+01]
GNN flow training:  60%|██████    | 60/100 [06:02<04:00,  6.02s/epoch, best=1.515e+01, sign=0.160, train=1.546e+01, val=1.534e+01]
GNN flow training:  60%|██████    | 60/100 [06:08<04:00,  6.02s/epoch, best=1.515e+01, sign=0.160, train=1.534e+01, val=1.528e+01]
GNN flow training:  61%|██████    | 61/100 [06:08<03:55,  6.03s/epoch, best=1.515e+01, sign=0.160, train=1.534e+01, val=1.528e+01]
GNN flow training:  61%|██████    | 61/100 [06:14<03:55,  6.03s/epoch, best=1.515e+01, sign=0.160, train=1.528e+01, val=1.522e+01]
GNN flow training:  62%|██████▏   | 62/100 [06:14<03:50,  6.05s/epoch, best=1.515e+01, sign=0.160, train=1.528e+01, val=1.522e+01]
GNN flow training:  62%|██████▏   | 62/100 [06:20<03:50,  6.05s/epoch, best=1.515e+01, sign=0.160, train=1.522e+01, val=1.518e+01]
GNN flow training:  63%|██████▎   | 63/100 [06:20<03:43,  6.05s/epoch, best=1.515e+01, sign=0.160, train=1.522e+01, val=1.518e+01]
GNN flow training:  63%|██████▎   | 63/100 [06:26<03:43,  6.05s/epoch, best=1.515e+01, sign=0.161, train=1.518e+01, val=1.515e+01]
GNN flow training:  64%|██████▍   | 64/100 [06:26<03:37,  6.03s/epoch, best=1.515e+01, sign=0.161, train=1.518e+01, val=1.515e+01]
GNN flow training:  64%|██████▍   | 64/100 [06:32<03:37,  6.03s/epoch, best=1.515e+01, sign=0.161, train=1.515e+01, val=1.509e+01]
GNN flow training:  65%|██████▌   | 65/100 [06:32<03:31,  6.03s/epoch, best=1.515e+01, sign=0.161, train=1.515e+01, val=1.509e+01]
GNN flow training:  65%|██████▌   | 65/100 [06:38<03:31,  6.03s/epoch, best=1.509e+01, sign=0.162, train=1.509e+01, val=1.500e+01]
GNN flow training:  66%|██████▌   | 66/100 [06:38<03:25,  6.04s/epoch, best=1.509e+01, sign=0.162, train=1.509e+01, val=1.500e+01]
GNN flow training:  66%|██████▌   | 66/100 [06:44<03:25,  6.04s/epoch, best=1.500e+01, sign=0.164, train=1.500e+01, val=1.490e+01]
GNN flow training:  67%|██████▋   | 67/100 [06:44<03:19,  6.04s/epoch, best=1.500e+01, sign=0.164, train=1.500e+01, val=1.490e+01]
GNN flow training:  67%|██████▋   | 67/100 [06:50<03:19,  6.04s/epoch, best=1.490e+01, sign=0.165, train=1.490e+01, val=1.485e+01]
GNN flow training:  68%|██████▊   | 68/100 [06:50<03:13,  6.04s/epoch, best=1.490e+01, sign=0.165, train=1.490e+01, val=1.485e+01]
GNN flow training:  68%|██████▊   | 68/100 [06:56<03:13,  6.04s/epoch, best=1.485e+01, sign=0.165, train=1.484e+01, val=1.485e+01]
GNN flow training:  69%|██████▉   | 69/100 [06:56<03:07,  6.04s/epoch, best=1.485e+01, sign=0.165, train=1.484e+01, val=1.485e+01]
GNN flow training:  69%|██████▉   | 69/100 [07:02<03:07,  6.04s/epoch, best=1.485e+01, sign=0.165, train=1.485e+01, val=1.487e+01]
GNN flow training:  70%|███████   | 70/100 [07:02<03:00,  6.02s/epoch, best=1.485e+01, sign=0.165, train=1.485e+01, val=1.487e+01]
GNN flow training:  70%|███████   | 70/100 [07:08<03:00,  6.02s/epoch, best=1.485e+01, sign=0.165, train=1.487e+01, val=1.491e+01]
GNN flow training:  71%|███████   | 71/100 [07:08<02:54,  6.01s/epoch, best=1.485e+01, sign=0.165, train=1.487e+01, val=1.491e+01]
GNN flow training:  71%|███████   | 71/100 [07:14<02:54,  6.01s/epoch, best=1.485e+01, sign=0.165, train=1.491e+01, val=1.484e+01]
GNN flow training:  72%|███████▏  | 72/100 [07:14<02:48,  6.03s/epoch, best=1.485e+01, sign=0.165, train=1.491e+01, val=1.484e+01]
GNN flow training:  72%|███████▏  | 72/100 [07:20<02:48,  6.03s/epoch, best=1.484e+01, sign=0.166, train=1.484e+01, val=1.474e+01]
GNN flow training:  73%|███████▎  | 73/100 [07:20<02:42,  6.02s/epoch, best=1.484e+01, sign=0.166, train=1.484e+01, val=1.474e+01]
GNN flow training:  73%|███████▎  | 73/100 [07:27<02:42,  6.02s/epoch, best=1.474e+01, sign=0.166, train=1.474e+01, val=1.467e+01]
GNN flow training:  74%|███████▍  | 74/100 [07:27<02:37,  6.04s/epoch, best=1.474e+01, sign=0.166, train=1.474e+01, val=1.467e+01]
GNN flow training:  74%|███████▍  | 74/100 [07:33<02:37,  6.04s/epoch, best=1.467e+01, sign=0.166, train=1.467e+01, val=1.462e+01]
GNN flow training:  75%|███████▌  | 75/100 [07:33<02:31,  6.05s/epoch, best=1.467e+01, sign=0.166, train=1.467e+01, val=1.462e+01]
GNN flow training:  75%|███████▌  | 75/100 [07:39<02:31,  6.05s/epoch, best=1.462e+01, sign=0.165, train=1.462e+01, val=1.445e+01]
GNN flow training:  76%|███████▌  | 76/100 [07:39<02:24,  6.04s/epoch, best=1.462e+01, sign=0.165, train=1.462e+01, val=1.445e+01]
GNN flow training:  76%|███████▌  | 76/100 [07:45<02:24,  6.04s/epoch, best=1.445e+01, sign=0.165, train=1.445e+01, val=1.433e+01]
GNN flow training:  77%|███████▋  | 77/100 [07:45<02:18,  6.03s/epoch, best=1.445e+01, sign=0.165, train=1.445e+01, val=1.433e+01]
GNN flow training:  77%|███████▋  | 77/100 [07:51<02:18,  6.03s/epoch, best=1.433e+01, sign=0.165, train=1.433e+01, val=1.435e+01]
GNN flow training:  78%|███████▊  | 78/100 [07:51<02:12,  6.03s/epoch, best=1.433e+01, sign=0.165, train=1.433e+01, val=1.435e+01]
GNN flow training:  78%|███████▊  | 78/100 [07:57<02:12,  6.03s/epoch, best=1.433e+01, sign=0.165, train=1.435e+01, val=1.440e+01]
GNN flow training:  79%|███████▉  | 79/100 [07:57<02:06,  6.01s/epoch, best=1.433e+01, sign=0.165, train=1.435e+01, val=1.440e+01]
GNN flow training:  79%|███████▉  | 79/100 [08:03<02:06,  6.01s/epoch, best=1.433e+01, sign=0.165, train=1.440e+01, val=1.438e+01]
GNN flow training:  80%|████████  | 80/100 [08:03<02:00,  6.02s/epoch, best=1.433e+01, sign=0.165, train=1.440e+01, val=1.438e+01]
GNN flow training:  80%|████████  | 80/100 [08:09<02:00,  6.02s/epoch, best=1.433e+01, sign=0.165, train=1.438e+01, val=1.443e+01]
GNN flow training:  81%|████████  | 81/100 [08:09<01:54,  6.04s/epoch, best=1.433e+01, sign=0.165, train=1.438e+01, val=1.443e+01]
GNN flow training:  81%|████████  | 81/100 [08:15<01:54,  6.04s/epoch, best=1.433e+01, sign=0.165, train=1.443e+01, val=1.447e+01]
GNN flow training:  82%|████████▏ | 82/100 [08:15<01:48,  6.04s/epoch, best=1.433e+01, sign=0.165, train=1.443e+01, val=1.447e+01]
GNN flow training:  82%|████████▏ | 82/100 [08:21<01:48,  6.04s/epoch, best=1.433e+01, sign=0.165, train=1.447e+01, val=1.441e+01]
GNN flow training:  83%|████████▎ | 83/100 [08:21<01:42,  6.04s/epoch, best=1.433e+01, sign=0.165, train=1.447e+01, val=1.441e+01]
GNN flow training:  83%|████████▎ | 83/100 [08:27<01:42,  6.04s/epoch, best=1.433e+01, sign=0.165, train=1.441e+01, val=1.442e+01]
GNN flow training:  84%|████████▍ | 84/100 [08:27<01:36,  6.04s/epoch, best=1.433e+01, sign=0.165, train=1.441e+01, val=1.442e+01]
GNN flow training:  84%|████████▍ | 84/100 [08:33<01:36,  6.04s/epoch, best=1.433e+01, sign=0.166, train=1.442e+01, val=1.433e+01]
GNN flow training:  85%|████████▌ | 85/100 [08:33<01:30,  6.02s/epoch, best=1.433e+01, sign=0.166, train=1.442e+01, val=1.433e+01]
GNN flow training:  85%|████████▌ | 85/100 [08:39<01:30,  6.02s/epoch, best=1.433e+01, sign=0.166, train=1.433e+01, val=1.425e+01]
GNN flow training:  86%|████████▌ | 86/100 [08:39<01:24,  6.04s/epoch, best=1.433e+01, sign=0.166, train=1.433e+01, val=1.425e+01]
GNN flow training:  86%|████████▌ | 86/100 [08:45<01:24,  6.04s/epoch, best=1.425e+01, sign=0.165, train=1.425e+01, val=1.419e+01]
GNN flow training:  87%|████████▋ | 87/100 [08:45<01:18,  6.04s/epoch, best=1.425e+01, sign=0.165, train=1.425e+01, val=1.419e+01]
GNN flow training:  87%|████████▋ | 87/100 [08:51<01:18,  6.04s/epoch, best=1.419e+01, sign=0.166, train=1.419e+01, val=1.416e+01]
GNN flow training:  88%|████████▊ | 88/100 [08:51<01:12,  6.04s/epoch, best=1.419e+01, sign=0.166, train=1.419e+01, val=1.416e+01]
GNN flow training:  88%|████████▊ | 88/100 [08:57<01:12,  6.04s/epoch, best=1.416e+01, sign=0.166, train=1.416e+01, val=1.405e+01]
GNN flow training:  89%|████████▉ | 89/100 [08:57<01:06,  6.07s/epoch, best=1.416e+01, sign=0.166, train=1.416e+01, val=1.405e+01]
GNN flow training:  89%|████████▉ | 89/100 [09:03<01:06,  6.07s/epoch, best=1.405e+01, sign=0.166, train=1.405e+01, val=1.403e+01]
GNN flow training:  90%|█████████ | 90/100 [09:03<01:00,  6.06s/epoch, best=1.405e+01, sign=0.166, train=1.405e+01, val=1.403e+01]
GNN flow training:  90%|█████████ | 90/100 [09:09<01:00,  6.06s/epoch, best=1.403e+01, sign=0.167, train=1.403e+01, val=1.400e+01]
GNN flow training:  91%|█████████ | 91/100 [09:09<00:54,  6.04s/epoch, best=1.403e+01, sign=0.167, train=1.403e+01, val=1.400e+01]
GNN flow training:  91%|█████████ | 91/100 [09:15<00:54,  6.04s/epoch, best=1.400e+01, sign=0.167, train=1.400e+01, val=1.400e+01]
GNN flow training:  92%|█████████▏| 92/100 [09:15<00:48,  6.05s/epoch, best=1.400e+01, sign=0.167, train=1.400e+01, val=1.400e+01]
GNN flow training:  92%|█████████▏| 92/100 [09:21<00:48,  6.05s/epoch, best=1.400e+01, sign=0.167, train=1.400e+01, val=1.406e+01]
GNN flow training:  93%|█████████▎| 93/100 [09:21<00:42,  6.03s/epoch, best=1.400e+01, sign=0.167, train=1.400e+01, val=1.406e+01]
GNN flow training:  93%|█████████▎| 93/100 [09:27<00:42,  6.03s/epoch, best=1.400e+01, sign=0.168, train=1.406e+01, val=1.419e+01]
GNN flow training:  94%|█████████▍| 94/100 [09:27<00:36,  6.01s/epoch, best=1.400e+01, sign=0.168, train=1.406e+01, val=1.419e+01]
GNN flow training:  94%|█████████▍| 94/100 [09:33<00:36,  6.01s/epoch, best=1.400e+01, sign=0.169, train=1.419e+01, val=1.426e+01]
GNN flow training:  95%|█████████▌| 95/100 [09:33<00:30,  6.01s/epoch, best=1.400e+01, sign=0.169, train=1.419e+01, val=1.426e+01]
GNN flow training:  95%|█████████▌| 95/100 [09:39<00:30,  6.01s/epoch, best=1.400e+01, sign=0.169, train=1.426e+01, val=1.411e+01]
GNN flow training:  96%|█████████▌| 96/100 [09:39<00:24,  6.01s/epoch, best=1.400e+01, sign=0.169, train=1.426e+01, val=1.411e+01]
GNN flow training:  96%|█████████▌| 96/100 [09:45<00:24,  6.01s/epoch, best=1.400e+01, sign=0.167, train=1.411e+01, val=1.393e+01]
GNN flow training:  97%|█████████▋| 97/100 [09:45<00:18,  6.02s/epoch, best=1.400e+01, sign=0.167, train=1.411e+01, val=1.393e+01]
GNN flow training:  97%|█████████▋| 97/100 [09:51<00:18,  6.02s/epoch, best=1.393e+01, sign=0.167, train=1.393e+01, val=1.376e+01]
GNN flow training:  98%|█████████▊| 98/100 [09:51<00:12,  6.02s/epoch, best=1.393e+01, sign=0.167, train=1.393e+01, val=1.376e+01]
GNN flow training:  98%|█████████▊| 98/100 [09:57<00:12,  6.02s/epoch, best=1.376e+01, sign=0.166, train=1.376e+01, val=1.380e+01]
GNN flow training:  99%|█████████▉| 99/100 [09:57<00:06,  6.02s/epoch, best=1.376e+01, sign=0.166, train=1.376e+01, val=1.380e+01]
GNN flow training:  99%|█████████▉| 99/100 [10:03<00:06,  6.02s/epoch, best=1.376e+01, sign=0.166, train=1.380e+01, val=1.374e+01]
GNN flow training: 100%|██████████| 100/100 [10:03<00:00,  6.01s/epoch, best=1.376e+01, sign=0.166, train=1.380e+01, val=1.374e+01]
GNN flow training: 100%|██████████| 100/100 [10:03<00:00,  6.04s/epoch, best=1.376e+01, sign=0.166, train=1.380e+01, val=1.374e+01]
Resolved config snapshot:
{'preset': 'solver_QKB_outer_QKBdelta', 'gnn_outer_losses': {'flow': 0.1, 'kirchhoff': 10.0, 'boundary': 100.0, 'delta_l2': 100.0, 'delta_smooth': 0.0, 'pressure_shape': 0.0}, 'physics': {'arterial_flow_mode': 'dataset', 'pressure_constraints': ['equal-a-equal-v'], 'alpha_pa': None, 'use_snr_weights': True, 'use_observed_flow_snr_weighting': True, 'flow_scale_mode': 'median_abs', 'solver_device': 'same', 'pressure_solver_mode': 'reduced-soft-constrained-lstsq', 'pressure_solver_lambda_kirchhoff': 1.0, 'pressure_solver_lambda_pressure_constraints': 100.0, 'pressure_solver_lambda_flow_residual': 1.0, 'pressure_shape_reference': 'delta_zero_reference', 'pressure_detach': False}, 'correction_bounds': {'correction_min': -0.5, 'correction_max': 0.5, 'correction_bound': 0.5, 'correction_parameterization': 'tanh'}, 'optimization': {'learning_rate': 0.001, 'weight_decay': 0.0001, 'gradient_clip_norm': 5.0, 'optimizer': 'adamw', 'epochs': 100, 'patience': 40}}
Shard 12/80: 1 of 80 runs
Command: /mnt/home/sswee/miniforge3/envs/yolk-sac/bin/python /mnt/home/sswee/yolk/Yolk-Sac-Flow-Data-and-Sim/gnn_clean/scripts/python/gnn_flow.py /mnt/home/sswee/yolk/Yolk-Sac-Flow-Data-and-Sim/gnn_clean/datasets/mosaic_graph_norm_canonical.gpickle --output-dir /mnt/home/sswee/yolk/Yolk-Sac-Flow-Data-and-Sim/gnn_clean/outputs_canonical_norm/dc/02_physics_weight_sweep/gnn --run-name q_0p1__k_10__delta_100 --preset solver_QKB_outer_QKBdelta --device cuda --epochs 100 --seed 0 --viscosity-pa-s 0.0035 --config /mnt/home/sswee/yolk/Yolk-Sac-Flow-Data-and-Sim/gnn_clean/outputs_canonical_norm/dc/02_physics_weight_sweep/_generated_configs/q_0p1__k_10__delta_100.yaml --no-pressure-detach
