[info] DC Step 2 canonical sweep uses fixed lambda_B=100.0 for both the outer boundary loss and the reduced pressure-solver boundary constraint.

GNN flow training:   0%|          | 0/100 [00:00<?, ?epoch/s]
GNN flow training:   0%|          | 0/100 [00:04<?, ?epoch/s, best=1.635e+02, sign=0.161, train=1.637e+02, val=1.635e+02]
GNN flow training:   1%|          | 1/100 [00:04<07:52,  4.77s/epoch, best=1.635e+02, sign=0.161, train=1.637e+02, val=1.635e+02]
GNN flow training:   1%|          | 1/100 [00:09<07:52,  4.77s/epoch, best=1.635e+02, sign=0.161, train=1.635e+02, val=1.632e+02]
GNN flow training:   2%|▏         | 2/100 [00:09<07:33,  4.63s/epoch, best=1.635e+02, sign=0.161, train=1.635e+02, val=1.632e+02]
GNN flow training:   2%|▏         | 2/100 [00:13<07:33,  4.63s/epoch, best=1.632e+02, sign=0.161, train=1.632e+02, val=1.635e+02]
GNN flow training:   3%|▎         | 3/100 [00:13<07:23,  4.57s/epoch, best=1.632e+02, sign=0.161, train=1.632e+02, val=1.635e+02]
GNN flow training:   3%|▎         | 3/100 [00:18<07:23,  4.57s/epoch, best=1.632e+02, sign=0.162, train=1.635e+02, val=1.632e+02]
GNN flow training:   4%|▍         | 4/100 [00:18<07:16,  4.54s/epoch, best=1.632e+02, sign=0.162, train=1.635e+02, val=1.632e+02]
GNN flow training:   4%|▍         | 4/100 [00:22<07:16,  4.54s/epoch, best=1.632e+02, sign=0.162, train=1.632e+02, val=1.632e+02]
GNN flow training:   5%|▌         | 5/100 [00:22<07:10,  4.53s/epoch, best=1.632e+02, sign=0.162, train=1.632e+02, val=1.632e+02]
GNN flow training:   5%|▌         | 5/100 [00:27<07:10,  4.53s/epoch, best=1.632e+02, sign=0.161, train=1.632e+02, val=1.629e+02]
GNN flow training:   6%|▌         | 6/100 [00:27<07:06,  4.54s/epoch, best=1.632e+02, sign=0.161, train=1.632e+02, val=1.629e+02]
GNN flow training:   6%|▌         | 6/100 [00:31<07:06,  4.54s/epoch, best=1.629e+02, sign=0.160, train=1.629e+02, val=1.624e+02]
GNN flow training:   7%|▋         | 7/100 [00:31<07:04,  4.57s/epoch, best=1.629e+02, sign=0.160, train=1.629e+02, val=1.624e+02]
GNN flow training:   7%|▋         | 7/100 [00:36<07:04,  4.57s/epoch, best=1.624e+02, sign=0.160, train=1.624e+02, val=1.623e+02]
GNN flow training:   8%|▊         | 8/100 [00:36<07:01,  4.58s/epoch, best=1.624e+02, sign=0.160, train=1.624e+02, val=1.623e+02]
GNN flow training:   8%|▊         | 8/100 [00:41<07:01,  4.58s/epoch, best=1.623e+02, sign=0.160, train=1.623e+02, val=1.617e+02]
GNN flow training:   9%|▉         | 9/100 [00:41<06:53,  4.55s/epoch, best=1.623e+02, sign=0.160, train=1.623e+02, val=1.617e+02]
GNN flow training:   9%|▉         | 9/100 [00:45<06:53,  4.55s/epoch, best=1.617e+02, sign=0.159, train=1.617e+02, val=1.612e+02]
GNN flow training:  10%|█         | 10/100 [00:45<06:48,  4.54s/epoch, best=1.617e+02, sign=0.159, train=1.617e+02, val=1.612e+02]
GNN flow training:  10%|█         | 10/100 [00:50<06:48,  4.54s/epoch, best=1.612e+02, sign=0.158, train=1.612e+02, val=1.611e+02]
GNN flow training:  11%|█         | 11/100 [00:50<06:43,  4.53s/epoch, best=1.612e+02, sign=0.158, train=1.612e+02, val=1.611e+02]
GNN flow training:  11%|█         | 11/100 [00:54<06:43,  4.53s/epoch, best=1.611e+02, sign=0.157, train=1.611e+02, val=1.611e+02]
GNN flow training:  12%|█▏        | 12/100 [00:54<06:38,  4.53s/epoch, best=1.611e+02, sign=0.157, train=1.611e+02, val=1.611e+02]
GNN flow training:  12%|█▏        | 12/100 [00:59<06:38,  4.53s/epoch, best=1.611e+02, sign=0.157, train=1.611e+02, val=1.611e+02]
GNN flow training:  13%|█▎        | 13/100 [00:59<06:33,  4.52s/epoch, best=1.611e+02, sign=0.157, train=1.611e+02, val=1.611e+02]
GNN flow training:  13%|█▎        | 13/100 [01:03<06:33,  4.52s/epoch, best=1.611e+02, sign=0.158, train=1.611e+02, val=1.608e+02]
GNN flow training:  14%|█▍        | 14/100 [01:03<06:28,  4.52s/epoch, best=1.611e+02, sign=0.158, train=1.611e+02, val=1.608e+02]
GNN flow training:  14%|█▍        | 14/100 [01:08<06:28,  4.52s/epoch, best=1.608e+02, sign=0.158, train=1.608e+02, val=1.605e+02]
GNN flow training:  15%|█▌        | 15/100 [01:08<06:23,  4.52s/epoch, best=1.608e+02, sign=0.158, train=1.608e+02, val=1.605e+02]
GNN flow training:  15%|█▌        | 15/100 [01:12<06:23,  4.52s/epoch, best=1.605e+02, sign=0.159, train=1.605e+02, val=1.604e+02]
GNN flow training:  16%|█▌        | 16/100 [01:12<06:19,  4.52s/epoch, best=1.605e+02, sign=0.159, train=1.605e+02, val=1.604e+02]
GNN flow training:  16%|█▌        | 16/100 [01:17<06:19,  4.52s/epoch, best=1.604e+02, sign=0.159, train=1.604e+02, val=1.605e+02]
GNN flow training:  17%|█▋        | 17/100 [01:17<06:15,  4.52s/epoch, best=1.604e+02, sign=0.159, train=1.604e+02, val=1.605e+02]
GNN flow training:  17%|█▋        | 17/100 [01:21<06:15,  4.52s/epoch, best=1.604e+02, sign=0.159, train=1.605e+02, val=1.604e+02]
GNN flow training:  18%|█▊        | 18/100 [01:21<06:10,  4.51s/epoch, best=1.604e+02, sign=0.159, train=1.605e+02, val=1.604e+02]
GNN flow training:  18%|█▊        | 18/100 [01:26<06:10,  4.51s/epoch, best=1.604e+02, sign=0.159, train=1.604e+02, val=1.605e+02]
GNN flow training:  19%|█▉        | 19/100 [01:26<06:05,  4.51s/epoch, best=1.604e+02, sign=0.159, train=1.604e+02, val=1.605e+02]
GNN flow training:  19%|█▉        | 19/100 [01:30<06:05,  4.51s/epoch, best=1.604e+02, sign=0.159, train=1.605e+02, val=1.607e+02]
GNN flow training:  20%|██        | 20/100 [01:30<06:01,  4.51s/epoch, best=1.604e+02, sign=0.159, train=1.605e+02, val=1.607e+02]
GNN flow training:  20%|██        | 20/100 [01:35<06:01,  4.51s/epoch, best=1.604e+02, sign=0.158, train=1.607e+02, val=1.607e+02]
GNN flow training:  21%|██        | 21/100 [01:35<05:56,  4.51s/epoch, best=1.604e+02, sign=0.158, train=1.607e+02, val=1.607e+02]
GNN flow training:  21%|██        | 21/100 [01:39<05:56,  4.51s/epoch, best=1.604e+02, sign=0.158, train=1.607e+02, val=1.608e+02]
GNN flow training:  22%|██▏       | 22/100 [01:39<05:52,  4.52s/epoch, best=1.604e+02, sign=0.158, train=1.607e+02, val=1.608e+02]
GNN flow training:  22%|██▏       | 22/100 [01:44<05:52,  4.52s/epoch, best=1.604e+02, sign=0.158, train=1.608e+02, val=1.607e+02]
GNN flow training:  23%|██▎       | 23/100 [01:44<05:47,  4.51s/epoch, best=1.604e+02, sign=0.158, train=1.608e+02, val=1.607e+02]
GNN flow training:  23%|██▎       | 23/100 [01:48<05:47,  4.51s/epoch, best=1.604e+02, sign=0.158, train=1.607e+02, val=1.603e+02]
GNN flow training:  24%|██▍       | 24/100 [01:48<05:42,  4.51s/epoch, best=1.604e+02, sign=0.158, train=1.607e+02, val=1.603e+02]
GNN flow training:  24%|██▍       | 24/100 [01:53<05:42,  4.51s/epoch, best=1.603e+02, sign=0.159, train=1.603e+02, val=1.591e+02]
GNN flow training:  25%|██▌       | 25/100 [01:53<05:40,  4.54s/epoch, best=1.603e+02, sign=0.159, train=1.603e+02, val=1.591e+02]
GNN flow training:  25%|██▌       | 25/100 [01:57<05:40,  4.54s/epoch, best=1.591e+02, sign=0.158, train=1.591e+02, val=1.586e+02]
GNN flow training:  26%|██▌       | 26/100 [01:57<05:34,  4.53s/epoch, best=1.591e+02, sign=0.158, train=1.591e+02, val=1.586e+02]
GNN flow training:  26%|██▌       | 26/100 [02:02<05:34,  4.53s/epoch, best=1.586e+02, sign=0.158, train=1.586e+02, val=1.576e+02]
GNN flow training:  27%|██▋       | 27/100 [02:02<05:30,  4.53s/epoch, best=1.586e+02, sign=0.158, train=1.586e+02, val=1.576e+02]
GNN flow training:  27%|██▋       | 27/100 [02:06<05:30,  4.53s/epoch, best=1.576e+02, sign=0.158, train=1.576e+02, val=1.568e+02]
GNN flow training:  28%|██▊       | 28/100 [02:06<05:25,  4.53s/epoch, best=1.576e+02, sign=0.158, train=1.576e+02, val=1.568e+02]
GNN flow training:  28%|██▊       | 28/100 [02:11<05:25,  4.53s/epoch, best=1.568e+02, sign=0.158, train=1.568e+02, val=1.555e+02]
GNN flow training:  29%|██▉       | 29/100 [02:11<05:21,  4.52s/epoch, best=1.568e+02, sign=0.158, train=1.568e+02, val=1.555e+02]
GNN flow training:  29%|██▉       | 29/100 [02:15<05:21,  4.52s/epoch, best=1.555e+02, sign=0.159, train=1.555e+02, val=1.543e+02]
GNN flow training:  30%|███       | 30/100 [02:15<05:16,  4.52s/epoch, best=1.555e+02, sign=0.159, train=1.555e+02, val=1.543e+02]
GNN flow training:  30%|███       | 30/100 [02:20<05:16,  4.52s/epoch, best=1.543e+02, sign=0.159, train=1.543e+02, val=1.526e+02]
GNN flow training:  31%|███       | 31/100 [02:20<05:12,  4.53s/epoch, best=1.543e+02, sign=0.159, train=1.543e+02, val=1.526e+02]
GNN flow training:  31%|███       | 31/100 [02:25<05:12,  4.53s/epoch, best=1.526e+02, sign=0.161, train=1.526e+02, val=1.511e+02]
GNN flow training:  32%|███▏      | 32/100 [02:25<05:09,  4.55s/epoch, best=1.526e+02, sign=0.161, train=1.526e+02, val=1.511e+02]
GNN flow training:  32%|███▏      | 32/100 [02:29<05:09,  4.55s/epoch, best=1.511e+02, sign=0.161, train=1.511e+02, val=1.493e+02]
GNN flow training:  33%|███▎      | 33/100 [02:29<05:04,  4.55s/epoch, best=1.511e+02, sign=0.161, train=1.511e+02, val=1.493e+02]
GNN flow training:  33%|███▎      | 33/100 [02:34<05:04,  4.55s/epoch, best=1.493e+02, sign=0.160, train=1.493e+02, val=1.471e+02]
GNN flow training:  34%|███▍      | 34/100 [02:34<04:59,  4.54s/epoch, best=1.493e+02, sign=0.160, train=1.493e+02, val=1.471e+02]
GNN flow training:  34%|███▍      | 34/100 [02:38<04:59,  4.54s/epoch, best=1.471e+02, sign=0.160, train=1.471e+02, val=1.445e+02]
GNN flow training:  35%|███▌      | 35/100 [02:38<04:55,  4.55s/epoch, best=1.471e+02, sign=0.160, train=1.471e+02, val=1.445e+02]
GNN flow training:  35%|███▌      | 35/100 [02:43<04:55,  4.55s/epoch, best=1.445e+02, sign=0.160, train=1.445e+02, val=1.415e+02]
GNN flow training:  36%|███▌      | 36/100 [02:43<04:50,  4.54s/epoch, best=1.445e+02, sign=0.160, train=1.445e+02, val=1.415e+02]
GNN flow training:  36%|███▌      | 36/100 [02:47<04:50,  4.54s/epoch, best=1.415e+02, sign=0.159, train=1.414e+02, val=1.379e+02]
GNN flow training:  37%|███▋      | 37/100 [02:47<04:45,  4.53s/epoch, best=1.415e+02, sign=0.159, train=1.414e+02, val=1.379e+02]
GNN flow training:  37%|███▋      | 37/100 [02:52<04:45,  4.53s/epoch, best=1.379e+02, sign=0.159, train=1.379e+02, val=1.341e+02]
GNN flow training:  38%|███▊      | 38/100 [02:52<04:40,  4.53s/epoch, best=1.379e+02, sign=0.159, train=1.379e+02, val=1.341e+02]
GNN flow training:  38%|███▊      | 38/100 [02:56<04:40,  4.53s/epoch, best=1.341e+02, sign=0.157, train=1.341e+02, val=1.299e+02]
GNN flow training:  39%|███▉      | 39/100 [02:56<04:36,  4.53s/epoch, best=1.341e+02, sign=0.157, train=1.341e+02, val=1.299e+02]
GNN flow training:  39%|███▉      | 39/100 [03:01<04:36,  4.53s/epoch, best=1.299e+02, sign=0.157, train=1.299e+02, val=1.258e+02]
GNN flow training:  40%|████      | 40/100 [03:01<04:31,  4.53s/epoch, best=1.299e+02, sign=0.157, train=1.299e+02, val=1.258e+02]
GNN flow training:  40%|████      | 40/100 [03:05<04:31,  4.53s/epoch, best=1.258e+02, sign=0.157, train=1.258e+02, val=1.221e+02]
GNN flow training:  41%|████      | 41/100 [03:05<04:27,  4.53s/epoch, best=1.258e+02, sign=0.157, train=1.258e+02, val=1.221e+02]
GNN flow training:  41%|████      | 41/100 [03:10<04:27,  4.53s/epoch, best=1.221e+02, sign=0.158, train=1.221e+02, val=1.183e+02]
GNN flow training:  42%|████▏     | 42/100 [03:10<04:22,  4.52s/epoch, best=1.221e+02, sign=0.158, train=1.221e+02, val=1.183e+02]
GNN flow training:  42%|████▏     | 42/100 [03:14<04:22,  4.52s/epoch, best=1.183e+02, sign=0.158, train=1.183e+02, val=1.136e+02]
GNN flow training:  43%|████▎     | 43/100 [03:14<04:17,  4.51s/epoch, best=1.183e+02, sign=0.158, train=1.183e+02, val=1.136e+02]
GNN flow training:  43%|████▎     | 43/100 [03:19<04:17,  4.51s/epoch, best=1.136e+02, sign=0.158, train=1.136e+02, val=1.094e+02]
GNN flow training:  44%|████▍     | 44/100 [03:19<04:12,  4.51s/epoch, best=1.136e+02, sign=0.158, train=1.136e+02, val=1.094e+02]
GNN flow training:  44%|████▍     | 44/100 [03:23<04:12,  4.51s/epoch, best=1.094e+02, sign=0.158, train=1.094e+02, val=1.069e+02]
GNN flow training:  45%|████▌     | 45/100 [03:23<04:09,  4.53s/epoch, best=1.094e+02, sign=0.158, train=1.094e+02, val=1.069e+02]
GNN flow training:  45%|████▌     | 45/100 [03:28<04:09,  4.53s/epoch, best=1.069e+02, sign=0.159, train=1.069e+02, val=1.041e+02]
GNN flow training:  46%|████▌     | 46/100 [03:28<04:04,  4.53s/epoch, best=1.069e+02, sign=0.159, train=1.069e+02, val=1.041e+02]
GNN flow training:  46%|████▌     | 46/100 [03:33<04:04,  4.53s/epoch, best=1.041e+02, sign=0.158, train=1.041e+02, val=1.039e+02]
GNN flow training:  47%|████▋     | 47/100 [03:33<04:00,  4.53s/epoch, best=1.041e+02, sign=0.158, train=1.041e+02, val=1.039e+02]
GNN flow training:  47%|████▋     | 47/100 [03:37<04:00,  4.53s/epoch, best=1.039e+02, sign=0.157, train=1.039e+02, val=1.050e+02]
GNN flow training:  48%|████▊     | 48/100 [03:37<03:55,  4.53s/epoch, best=1.039e+02, sign=0.157, train=1.039e+02, val=1.050e+02]
GNN flow training:  48%|████▊     | 48/100 [03:42<03:55,  4.53s/epoch, best=1.039e+02, sign=0.161, train=1.050e+02, val=9.894e+01]
GNN flow training:  49%|████▉     | 49/100 [03:42<03:51,  4.53s/epoch, best=1.039e+02, sign=0.161, train=1.050e+02, val=9.894e+01]
GNN flow training:  49%|████▉     | 49/100 [03:46<03:51,  4.53s/epoch, best=9.894e+01, sign=0.165, train=9.893e+01, val=9.348e+01]
GNN flow training:  50%|█████     | 50/100 [03:46<03:46,  4.54s/epoch, best=9.894e+01, sign=0.165, train=9.893e+01, val=9.348e+01]
GNN flow training:  50%|█████     | 50/100 [03:51<03:46,  4.54s/epoch, best=9.348e+01, sign=0.164, train=9.348e+01, val=9.508e+01]
GNN flow training:  51%|█████     | 51/100 [03:51<03:42,  4.54s/epoch, best=9.348e+01, sign=0.164, train=9.348e+01, val=9.508e+01]
GNN flow training:  51%|█████     | 51/100 [03:55<03:42,  4.54s/epoch, best=9.348e+01, sign=0.165, train=9.508e+01, val=9.354e+01]
GNN flow training:  52%|█████▏    | 52/100 [03:55<03:37,  4.54s/epoch, best=9.348e+01, sign=0.165, train=9.508e+01, val=9.354e+01]
GNN flow training:  52%|█████▏    | 52/100 [04:00<03:37,  4.54s/epoch, best=9.348e+01, sign=0.167, train=9.354e+01, val=8.994e+01]
GNN flow training:  53%|█████▎    | 53/100 [04:00<03:33,  4.54s/epoch, best=9.348e+01, sign=0.167, train=9.354e+01, val=8.994e+01]
GNN flow training:  53%|█████▎    | 53/100 [04:04<03:33,  4.54s/epoch, best=8.994e+01, sign=0.168, train=8.993e+01, val=8.684e+01]
GNN flow training:  54%|█████▍    | 54/100 [04:04<03:28,  4.54s/epoch, best=8.994e+01, sign=0.168, train=8.993e+01, val=8.684e+01]
GNN flow training:  54%|█████▍    | 54/100 [04:09<03:28,  4.54s/epoch, best=8.684e+01, sign=0.168, train=8.684e+01, val=8.700e+01]
GNN flow training:  55%|█████▌    | 55/100 [04:09<03:24,  4.54s/epoch, best=8.684e+01, sign=0.168, train=8.684e+01, val=8.700e+01]
GNN flow training:  55%|█████▌    | 55/100 [04:13<03:24,  4.54s/epoch, best=8.684e+01, sign=0.167, train=8.700e+01, val=8.980e+01]
GNN flow training:  56%|█████▌    | 56/100 [04:13<03:19,  4.54s/epoch, best=8.684e+01, sign=0.167, train=8.700e+01, val=8.980e+01]
GNN flow training:  56%|█████▌    | 56/100 [04:18<03:19,  4.54s/epoch, best=8.684e+01, sign=0.164, train=8.980e+01, val=9.690e+01]
GNN flow training:  57%|█████▋    | 57/100 [04:18<03:15,  4.54s/epoch, best=8.684e+01, sign=0.164, train=8.980e+01, val=9.690e+01]
GNN flow training:  57%|█████▋    | 57/100 [04:23<03:15,  4.54s/epoch, best=8.684e+01, sign=0.164, train=9.690e+01, val=9.738e+01]
GNN flow training:  58%|█████▊    | 58/100 [04:23<03:11,  4.56s/epoch, best=8.684e+01, sign=0.164, train=9.690e+01, val=9.738e+01]
GNN flow training:  58%|█████▊    | 58/100 [04:27<03:11,  4.56s/epoch, best=8.684e+01, sign=0.165, train=9.738e+01, val=9.285e+01]
GNN flow training:  59%|█████▉    | 59/100 [04:27<03:06,  4.56s/epoch, best=8.684e+01, sign=0.165, train=9.738e+01, val=9.285e+01]
GNN flow training:  59%|█████▉    | 59/100 [04:32<03:06,  4.56s/epoch, best=8.684e+01, sign=0.169, train=9.285e+01, val=8.547e+01]
GNN flow training:  60%|██████    | 60/100 [04:32<03:02,  4.56s/epoch, best=8.684e+01, sign=0.169, train=9.285e+01, val=8.547e+01]
GNN flow training:  60%|██████    | 60/100 [04:36<03:02,  4.56s/epoch, best=8.547e+01, sign=0.171, train=8.547e+01, val=8.168e+01]
GNN flow training:  61%|██████    | 61/100 [04:36<02:57,  4.56s/epoch, best=8.547e+01, sign=0.171, train=8.547e+01, val=8.168e+01]
GNN flow training:  61%|██████    | 61/100 [04:41<02:57,  4.56s/epoch, best=8.168e+01, sign=0.166, train=8.168e+01, val=8.974e+01]
GNN flow training:  62%|██████▏   | 62/100 [04:41<02:53,  4.56s/epoch, best=8.168e+01, sign=0.166, train=8.168e+01, val=8.974e+01]
GNN flow training:  62%|██████▏   | 62/100 [04:45<02:53,  4.56s/epoch, best=8.168e+01, sign=0.163, train=8.974e+01, val=9.696e+01]
GNN flow training:  63%|██████▎   | 63/100 [04:45<02:47,  4.54s/epoch, best=8.168e+01, sign=0.163, train=8.974e+01, val=9.696e+01]
GNN flow training:  63%|██████▎   | 63/100 [04:50<02:47,  4.54s/epoch, best=8.168e+01, sign=0.162, train=9.696e+01, val=9.756e+01]
GNN flow training:  64%|██████▍   | 64/100 [04:50<02:43,  4.54s/epoch, best=8.168e+01, sign=0.162, train=9.696e+01, val=9.756e+01]
GNN flow training:  64%|██████▍   | 64/100 [04:54<02:43,  4.54s/epoch, best=8.168e+01, sign=0.165, train=9.756e+01, val=9.309e+01]
GNN flow training:  65%|██████▌   | 65/100 [04:54<02:38,  4.54s/epoch, best=8.168e+01, sign=0.165, train=9.756e+01, val=9.309e+01]
GNN flow training:  65%|██████▌   | 65/100 [04:59<02:38,  4.54s/epoch, best=8.168e+01, sign=0.170, train=9.309e+01, val=8.505e+01]
GNN flow training:  66%|██████▌   | 66/100 [04:59<02:34,  4.53s/epoch, best=8.168e+01, sign=0.170, train=9.309e+01, val=8.505e+01]
GNN flow training:  66%|██████▌   | 66/100 [05:03<02:34,  4.53s/epoch, best=8.168e+01, sign=0.172, train=8.505e+01, val=7.879e+01]
GNN flow training:  67%|██████▋   | 67/100 [05:03<02:29,  4.53s/epoch, best=8.168e+01, sign=0.172, train=8.505e+01, val=7.879e+01]
GNN flow training:  67%|██████▋   | 67/100 [05:08<02:29,  4.53s/epoch, best=7.879e+01, sign=0.172, train=7.879e+01, val=7.747e+01]
GNN flow training:  68%|██████▊   | 68/100 [05:08<02:25,  4.54s/epoch, best=7.879e+01, sign=0.172, train=7.879e+01, val=7.747e+01]
GNN flow training:  68%|██████▊   | 68/100 [05:13<02:25,  4.54s/epoch, best=7.747e+01, sign=0.168, train=7.747e+01, val=8.683e+01]
GNN flow training:  69%|██████▉   | 69/100 [05:13<02:21,  4.55s/epoch, best=7.747e+01, sign=0.168, train=7.747e+01, val=8.683e+01]
GNN flow training:  69%|██████▉   | 69/100 [05:17<02:21,  4.55s/epoch, best=7.747e+01, sign=0.166, train=8.683e+01, val=9.290e+01]
GNN flow training:  70%|███████   | 70/100 [05:17<02:16,  4.56s/epoch, best=7.747e+01, sign=0.166, train=8.683e+01, val=9.290e+01]
GNN flow training:  70%|███████   | 70/100 [05:22<02:16,  4.56s/epoch, best=7.747e+01, sign=0.166, train=9.290e+01, val=9.244e+01]
GNN flow training:  71%|███████   | 71/100 [05:22<02:11,  4.55s/epoch, best=7.747e+01, sign=0.166, train=9.290e+01, val=9.244e+01]
GNN flow training:  71%|███████   | 71/100 [05:26<02:11,  4.55s/epoch, best=7.747e+01, sign=0.168, train=9.244e+01, val=8.919e+01]
GNN flow training:  72%|███████▏  | 72/100 [05:26<02:07,  4.56s/epoch, best=7.747e+01, sign=0.168, train=9.244e+01, val=8.919e+01]
GNN flow training:  72%|███████▏  | 72/100 [05:31<02:07,  4.56s/epoch, best=7.747e+01, sign=0.169, train=8.919e+01, val=8.429e+01]
GNN flow training:  73%|███████▎  | 73/100 [05:31<02:03,  4.57s/epoch, best=7.747e+01, sign=0.169, train=8.919e+01, val=8.429e+01]
GNN flow training:  73%|███████▎  | 73/100 [05:35<02:03,  4.57s/epoch, best=7.747e+01, sign=0.171, train=8.429e+01, val=7.976e+01]
GNN flow training:  74%|███████▍  | 74/100 [05:35<01:58,  4.57s/epoch, best=7.747e+01, sign=0.171, train=8.429e+01, val=7.976e+01]
GNN flow training:  74%|███████▍  | 74/100 [05:40<01:58,  4.57s/epoch, best=7.747e+01, sign=0.172, train=7.975e+01, val=7.678e+01]
GNN flow training:  75%|███████▌  | 75/100 [05:40<01:54,  4.58s/epoch, best=7.747e+01, sign=0.172, train=7.975e+01, val=7.678e+01]
GNN flow training:  75%|███████▌  | 75/100 [05:45<01:54,  4.58s/epoch, best=7.678e+01, sign=0.171, train=7.678e+01, val=8.000e+01]
GNN flow training:  76%|███████▌  | 76/100 [05:45<01:49,  4.57s/epoch, best=7.678e+01, sign=0.171, train=7.678e+01, val=8.000e+01]
GNN flow training:  76%|███████▌  | 76/100 [05:49<01:49,  4.57s/epoch, best=7.678e+01, sign=0.169, train=8.000e+01, val=8.221e+01]
GNN flow training:  77%|███████▋  | 77/100 [05:49<01:44,  4.56s/epoch, best=7.678e+01, sign=0.169, train=8.000e+01, val=8.221e+01]
GNN flow training:  77%|███████▋  | 77/100 [05:54<01:44,  4.56s/epoch, best=7.678e+01, sign=0.170, train=8.221e+01, val=8.247e+01]
GNN flow training:  78%|███████▊  | 78/100 [05:54<01:40,  4.56s/epoch, best=7.678e+01, sign=0.170, train=8.221e+01, val=8.247e+01]
GNN flow training:  78%|███████▊  | 78/100 [05:58<01:40,  4.56s/epoch, best=7.678e+01, sign=0.169, train=8.246e+01, val=8.259e+01]
GNN flow training:  79%|███████▉  | 79/100 [05:58<01:35,  4.55s/epoch, best=7.678e+01, sign=0.169, train=8.246e+01, val=8.259e+01]
GNN flow training:  79%|███████▉  | 79/100 [06:03<01:35,  4.55s/epoch, best=7.678e+01, sign=0.169, train=8.259e+01, val=8.259e+01]
GNN flow training:  80%|████████  | 80/100 [06:03<01:30,  4.55s/epoch, best=7.678e+01, sign=0.169, train=8.259e+01, val=8.259e+01]
GNN flow training:  80%|████████  | 80/100 [06:07<01:30,  4.55s/epoch, best=7.678e+01, sign=0.167, train=8.259e+01, val=8.477e+01]
GNN flow training:  81%|████████  | 81/100 [06:07<01:26,  4.54s/epoch, best=7.678e+01, sign=0.167, train=8.259e+01, val=8.477e+01]
GNN flow training:  81%|████████  | 81/100 [06:12<01:26,  4.54s/epoch, best=7.678e+01, sign=0.166, train=8.477e+01, val=8.620e+01]
GNN flow training:  82%|████████▏ | 82/100 [06:12<01:21,  4.53s/epoch, best=7.678e+01, sign=0.166, train=8.477e+01, val=8.620e+01]
GNN flow training:  82%|████████▏ | 82/100 [06:16<01:21,  4.53s/epoch, best=7.678e+01, sign=0.165, train=8.620e+01, val=8.625e+01]
GNN flow training:  83%|████████▎ | 83/100 [06:16<01:17,  4.53s/epoch, best=7.678e+01, sign=0.165, train=8.620e+01, val=8.625e+01]
GNN flow training:  83%|████████▎ | 83/100 [06:21<01:17,  4.53s/epoch, best=7.678e+01, sign=0.164, train=8.625e+01, val=8.715e+01]
GNN flow training:  84%|████████▍ | 84/100 [06:21<01:12,  4.53s/epoch, best=7.678e+01, sign=0.164, train=8.625e+01, val=8.715e+01]
GNN flow training:  84%|████████▍ | 84/100 [06:25<01:12,  4.53s/epoch, best=7.678e+01, sign=0.165, train=8.715e+01, val=8.709e+01]
GNN flow training:  85%|████████▌ | 85/100 [06:25<01:08,  4.54s/epoch, best=7.678e+01, sign=0.165, train=8.715e+01, val=8.709e+01]
GNN flow training:  85%|████████▌ | 85/100 [06:30<01:08,  4.54s/epoch, best=7.678e+01, sign=0.165, train=8.709e+01, val=8.841e+01]
GNN flow training:  86%|████████▌ | 86/100 [06:30<01:03,  4.53s/epoch, best=7.678e+01, sign=0.165, train=8.709e+01, val=8.841e+01]
GNN flow training:  86%|████████▌ | 86/100 [06:34<01:03,  4.53s/epoch, best=7.678e+01, sign=0.165, train=8.841e+01, val=9.137e+01]
GNN flow training:  87%|████████▋ | 87/100 [06:34<00:58,  4.53s/epoch, best=7.678e+01, sign=0.165, train=8.841e+01, val=9.137e+01]
GNN flow training:  87%|████████▋ | 87/100 [06:39<00:58,  4.53s/epoch, best=7.678e+01, sign=0.162, train=9.137e+01, val=9.677e+01]
GNN flow training:  88%|████████▊ | 88/100 [06:39<00:54,  4.53s/epoch, best=7.678e+01, sign=0.162, train=9.137e+01, val=9.677e+01]
GNN flow training:  88%|████████▊ | 88/100 [06:43<00:54,  4.53s/epoch, best=7.678e+01, sign=0.161, train=9.677e+01, val=9.911e+01]
GNN flow training:  89%|████████▉ | 89/100 [06:43<00:49,  4.54s/epoch, best=7.678e+01, sign=0.161, train=9.677e+01, val=9.911e+01]
GNN flow training:  89%|████████▉ | 89/100 [06:48<00:49,  4.54s/epoch, best=7.678e+01, sign=0.160, train=9.911e+01, val=1.030e+02]
GNN flow training:  90%|█████████ | 90/100 [06:48<00:45,  4.56s/epoch, best=7.678e+01, sign=0.160, train=9.911e+01, val=1.030e+02]
GNN flow training:  90%|█████████ | 90/100 [06:53<00:45,  4.56s/epoch, best=7.678e+01, sign=0.160, train=1.030e+02, val=1.040e+02]
GNN flow training:  91%|█████████ | 91/100 [06:53<00:40,  4.55s/epoch, best=7.678e+01, sign=0.160, train=1.030e+02, val=1.040e+02]
GNN flow training:  91%|█████████ | 91/100 [06:57<00:40,  4.55s/epoch, best=7.678e+01, sign=0.161, train=1.040e+02, val=1.008e+02]
GNN flow training:  92%|█████████▏| 92/100 [06:57<00:36,  4.53s/epoch, best=7.678e+01, sign=0.161, train=1.040e+02, val=1.008e+02]
GNN flow training:  92%|█████████▏| 92/100 [07:02<00:36,  4.53s/epoch, best=7.678e+01, sign=0.164, train=1.008e+02, val=9.447e+01]
GNN flow training:  93%|█████████▎| 93/100 [07:02<00:31,  4.54s/epoch, best=7.678e+01, sign=0.164, train=1.008e+02, val=9.447e+01]
GNN flow training:  93%|█████████▎| 93/100 [07:06<00:31,  4.54s/epoch, best=7.678e+01, sign=0.169, train=9.447e+01, val=8.765e+01]
GNN flow training:  94%|█████████▍| 94/100 [07:06<00:27,  4.52s/epoch, best=7.678e+01, sign=0.169, train=9.447e+01, val=8.765e+01]
GNN flow training:  94%|█████████▍| 94/100 [07:11<00:27,  4.52s/epoch, best=7.678e+01, sign=0.172, train=8.765e+01, val=7.960e+01]
GNN flow training:  95%|█████████▌| 95/100 [07:11<00:22,  4.53s/epoch, best=7.678e+01, sign=0.172, train=8.765e+01, val=7.960e+01]
GNN flow training:  95%|█████████▌| 95/100 [07:15<00:22,  4.53s/epoch, best=7.678e+01, sign=0.173, train=7.960e+01, val=7.641e+01]
GNN flow training:  96%|█████████▌| 96/100 [07:15<00:18,  4.54s/epoch, best=7.678e+01, sign=0.173, train=7.960e+01, val=7.641e+01]
GNN flow training:  96%|█████████▌| 96/100 [07:20<00:18,  4.54s/epoch, best=7.641e+01, sign=0.169, train=7.641e+01, val=8.506e+01]
GNN flow training:  97%|█████████▋| 97/100 [07:20<00:13,  4.54s/epoch, best=7.641e+01, sign=0.169, train=7.641e+01, val=8.506e+01]
GNN flow training:  97%|█████████▋| 97/100 [07:24<00:13,  4.54s/epoch, best=7.641e+01, sign=0.165, train=8.506e+01, val=9.473e+01]
GNN flow training:  98%|█████████▊| 98/100 [07:24<00:09,  4.55s/epoch, best=7.641e+01, sign=0.165, train=8.506e+01, val=9.473e+01]
GNN flow training:  98%|█████████▊| 98/100 [07:29<00:09,  4.55s/epoch, best=7.641e+01, sign=0.161, train=9.473e+01, val=9.999e+01]
GNN flow training:  99%|█████████▉| 99/100 [07:29<00:04,  4.54s/epoch, best=7.641e+01, sign=0.161, train=9.473e+01, val=9.999e+01]
GNN flow training:  99%|█████████▉| 99/100 [07:33<00:04,  4.54s/epoch, best=7.641e+01, sign=0.161, train=9.999e+01, val=9.992e+01]
GNN flow training: 100%|██████████| 100/100 [07:33<00:00,  4.54s/epoch, best=7.641e+01, sign=0.161, train=9.999e+01, val=9.992e+01]
GNN flow training: 100%|██████████| 100/100 [07:33<00:00,  4.54s/epoch, best=7.641e+01, sign=0.161, train=9.999e+01, val=9.992e+01]
Resolved config snapshot:
{'preset': 'solver_QKB_outer_QKBdelta', 'gnn_outer_losses': {'flow': 0.1, 'kirchhoff': 100.0, 'boundary': 100.0, 'delta_l2': 1.0, 'delta_smooth': 0.0, 'pressure_shape': 0.0}, 'physics': {'arterial_flow_mode': 'dataset', 'pressure_constraints': ['equal-a-equal-v'], 'alpha_pa': None, 'use_snr_weights': True, 'use_observed_flow_snr_weighting': True, 'flow_scale_mode': 'median_abs', 'solver_device': 'same', 'pressure_solver_mode': 'reduced-soft-constrained-lstsq', 'pressure_solver_lambda_kirchhoff': 1.0, 'pressure_solver_lambda_pressure_constraints': 100.0, 'pressure_solver_lambda_flow_residual': 1.0, 'pressure_shape_reference': 'delta_zero_reference', 'pressure_detach': False}, 'correction_bounds': {'correction_min': -0.5, 'correction_max': 0.5, 'correction_bound': 0.5, 'correction_parameterization': 'tanh'}, 'optimization': {'learning_rate': 0.001, 'weight_decay': 0.0001, 'gradient_clip_norm': 5.0, 'optimizer': 'adamw', 'epochs': 100, 'patience': 40}}
Shard 14/80: 1 of 80 runs
Command: /mnt/home/sswee/miniforge3/envs/yolk-sac/bin/python /mnt/home/sswee/yolk/Yolk-Sac-Flow-Data-and-Sim/gnn_clean/scripts/python/gnn_flow.py /mnt/home/sswee/yolk/Yolk-Sac-Flow-Data-and-Sim/gnn_clean/datasets/mosaic_graph_norm_canonical.gpickle --output-dir /mnt/home/sswee/yolk/Yolk-Sac-Flow-Data-and-Sim/gnn_clean/outputs_canonical_norm/dc/02_physics_weight_sweep/gnn --run-name q_0p1__k_100__delta_1 --preset solver_QKB_outer_QKBdelta --device cuda --epochs 100 --seed 0 --viscosity-pa-s 0.0035 --config /mnt/home/sswee/yolk/Yolk-Sac-Flow-Data-and-Sim/gnn_clean/outputs_canonical_norm/dc/02_physics_weight_sweep/_generated_configs/q_0p1__k_100__delta_1.yaml --no-pressure-detach
