[info] DC Step 2 canonical sweep uses fixed lambda_B=100.0 for both the outer boundary loss and the reduced pressure-solver boundary constraint.

GNN flow training:   0%|          | 0/100 [00:00<?, ?epoch/s]
GNN flow training:   0%|          | 0/100 [00:04<?, ?epoch/s, best=1.635e+02, sign=0.161, train=1.638e+02, val=1.635e+02]
GNN flow training:   1%|          | 1/100 [00:04<07:32,  4.57s/epoch, best=1.635e+02, sign=0.161, train=1.638e+02, val=1.635e+02]
GNN flow training:   1%|          | 1/100 [00:09<07:32,  4.57s/epoch, best=1.635e+02, sign=0.161, train=1.635e+02, val=1.633e+02]
GNN flow training:   2%|▏         | 2/100 [00:09<07:26,  4.56s/epoch, best=1.635e+02, sign=0.161, train=1.635e+02, val=1.633e+02]
GNN flow training:   2%|▏         | 2/100 [00:13<07:26,  4.56s/epoch, best=1.633e+02, sign=0.161, train=1.633e+02, val=1.636e+02]
GNN flow training:   3%|▎         | 3/100 [00:13<07:20,  4.55s/epoch, best=1.633e+02, sign=0.161, train=1.633e+02, val=1.636e+02]
GNN flow training:   3%|▎         | 3/100 [00:18<07:20,  4.55s/epoch, best=1.633e+02, sign=0.162, train=1.636e+02, val=1.633e+02]
GNN flow training:   4%|▍         | 4/100 [00:18<07:15,  4.53s/epoch, best=1.633e+02, sign=0.162, train=1.636e+02, val=1.633e+02]
GNN flow training:   4%|▍         | 4/100 [00:22<07:15,  4.53s/epoch, best=1.633e+02, sign=0.162, train=1.633e+02, val=1.633e+02]
GNN flow training:   5%|▌         | 5/100 [00:22<07:09,  4.52s/epoch, best=1.633e+02, sign=0.162, train=1.633e+02, val=1.633e+02]
GNN flow training:   5%|▌         | 5/100 [00:27<07:09,  4.52s/epoch, best=1.633e+02, sign=0.161, train=1.633e+02, val=1.630e+02]
GNN flow training:   6%|▌         | 6/100 [00:27<07:04,  4.51s/epoch, best=1.633e+02, sign=0.161, train=1.633e+02, val=1.630e+02]
GNN flow training:   6%|▌         | 6/100 [00:31<07:04,  4.51s/epoch, best=1.630e+02, sign=0.160, train=1.630e+02, val=1.625e+02]
GNN flow training:   7%|▋         | 7/100 [00:31<07:00,  4.52s/epoch, best=1.630e+02, sign=0.160, train=1.630e+02, val=1.625e+02]
GNN flow training:   7%|▋         | 7/100 [00:36<07:00,  4.52s/epoch, best=1.625e+02, sign=0.160, train=1.625e+02, val=1.624e+02]
GNN flow training:   8%|▊         | 8/100 [00:36<06:55,  4.52s/epoch, best=1.625e+02, sign=0.160, train=1.625e+02, val=1.624e+02]
GNN flow training:   8%|▊         | 8/100 [00:40<06:55,  4.52s/epoch, best=1.624e+02, sign=0.160, train=1.624e+02, val=1.618e+02]
GNN flow training:   9%|▉         | 9/100 [00:40<06:50,  4.51s/epoch, best=1.624e+02, sign=0.160, train=1.624e+02, val=1.618e+02]
GNN flow training:   9%|▉         | 9/100 [00:45<06:50,  4.51s/epoch, best=1.618e+02, sign=0.159, train=1.618e+02, val=1.613e+02]
GNN flow training:  10%|█         | 10/100 [00:45<06:45,  4.50s/epoch, best=1.618e+02, sign=0.159, train=1.618e+02, val=1.613e+02]
GNN flow training:  10%|█         | 10/100 [00:49<06:45,  4.50s/epoch, best=1.613e+02, sign=0.158, train=1.613e+02, val=1.612e+02]
GNN flow training:  11%|█         | 11/100 [00:49<06:41,  4.51s/epoch, best=1.613e+02, sign=0.158, train=1.613e+02, val=1.612e+02]
GNN flow training:  11%|█         | 11/100 [00:54<06:41,  4.51s/epoch, best=1.612e+02, sign=0.157, train=1.612e+02, val=1.612e+02]
GNN flow training:  12%|█▏        | 12/100 [00:54<06:38,  4.52s/epoch, best=1.612e+02, sign=0.157, train=1.612e+02, val=1.612e+02]
GNN flow training:  12%|█▏        | 12/100 [00:58<06:38,  4.52s/epoch, best=1.612e+02, sign=0.157, train=1.612e+02, val=1.612e+02]
GNN flow training:  13%|█▎        | 13/100 [00:58<06:32,  4.51s/epoch, best=1.612e+02, sign=0.157, train=1.612e+02, val=1.612e+02]
GNN flow training:  13%|█▎        | 13/100 [01:03<06:32,  4.51s/epoch, best=1.612e+02, sign=0.158, train=1.612e+02, val=1.609e+02]
GNN flow training:  14%|█▍        | 14/100 [01:03<06:27,  4.51s/epoch, best=1.612e+02, sign=0.158, train=1.612e+02, val=1.609e+02]
GNN flow training:  14%|█▍        | 14/100 [01:07<06:27,  4.51s/epoch, best=1.609e+02, sign=0.158, train=1.609e+02, val=1.606e+02]
GNN flow training:  15%|█▌        | 15/100 [01:07<06:23,  4.51s/epoch, best=1.609e+02, sign=0.158, train=1.609e+02, val=1.606e+02]
GNN flow training:  15%|█▌        | 15/100 [01:12<06:23,  4.51s/epoch, best=1.606e+02, sign=0.159, train=1.606e+02, val=1.605e+02]
GNN flow training:  16%|█▌        | 16/100 [01:12<06:18,  4.51s/epoch, best=1.606e+02, sign=0.159, train=1.606e+02, val=1.605e+02]
GNN flow training:  16%|█▌        | 16/100 [01:16<06:18,  4.51s/epoch, best=1.605e+02, sign=0.159, train=1.605e+02, val=1.606e+02]
GNN flow training:  17%|█▋        | 17/100 [01:16<06:13,  4.50s/epoch, best=1.605e+02, sign=0.159, train=1.605e+02, val=1.606e+02]
GNN flow training:  17%|█▋        | 17/100 [01:21<06:13,  4.50s/epoch, best=1.605e+02, sign=0.159, train=1.606e+02, val=1.608e+02]
GNN flow training:  18%|█▊        | 18/100 [01:21<06:10,  4.52s/epoch, best=1.605e+02, sign=0.159, train=1.606e+02, val=1.608e+02]
GNN flow training:  18%|█▊        | 18/100 [01:25<06:10,  4.52s/epoch, best=1.605e+02, sign=0.159, train=1.608e+02, val=1.607e+02]
GNN flow training:  19%|█▉        | 19/100 [01:25<06:05,  4.52s/epoch, best=1.605e+02, sign=0.159, train=1.608e+02, val=1.607e+02]
GNN flow training:  19%|█▉        | 19/100 [01:30<06:05,  4.52s/epoch, best=1.605e+02, sign=0.160, train=1.607e+02, val=1.611e+02]
GNN flow training:  20%|██        | 20/100 [01:30<06:00,  4.50s/epoch, best=1.605e+02, sign=0.160, train=1.607e+02, val=1.611e+02]
GNN flow training:  20%|██        | 20/100 [01:34<06:00,  4.50s/epoch, best=1.605e+02, sign=0.160, train=1.611e+02, val=1.610e+02]
GNN flow training:  21%|██        | 21/100 [01:34<05:55,  4.50s/epoch, best=1.605e+02, sign=0.160, train=1.611e+02, val=1.610e+02]
GNN flow training:  21%|██        | 21/100 [01:39<05:55,  4.50s/epoch, best=1.605e+02, sign=0.161, train=1.610e+02, val=1.613e+02]
GNN flow training:  22%|██▏       | 22/100 [01:39<05:51,  4.50s/epoch, best=1.605e+02, sign=0.161, train=1.610e+02, val=1.613e+02]
GNN flow training:  22%|██▏       | 22/100 [01:43<05:51,  4.50s/epoch, best=1.605e+02, sign=0.162, train=1.613e+02, val=1.615e+02]
GNN flow training:  23%|██▎       | 23/100 [01:43<05:46,  4.50s/epoch, best=1.605e+02, sign=0.162, train=1.613e+02, val=1.615e+02]
GNN flow training:  23%|██▎       | 23/100 [01:48<05:46,  4.50s/epoch, best=1.605e+02, sign=0.163, train=1.615e+02, val=1.605e+02]
GNN flow training:  24%|██▍       | 24/100 [01:48<05:42,  4.50s/epoch, best=1.605e+02, sign=0.163, train=1.615e+02, val=1.605e+02]
GNN flow training:  24%|██▍       | 24/100 [01:52<05:42,  4.50s/epoch, best=1.605e+02, sign=0.165, train=1.605e+02, val=1.604e+02]
GNN flow training:  25%|██▌       | 25/100 [01:52<05:37,  4.50s/epoch, best=1.605e+02, sign=0.165, train=1.605e+02, val=1.604e+02]
GNN flow training:  25%|██▌       | 25/100 [01:57<05:37,  4.50s/epoch, best=1.604e+02, sign=0.165, train=1.604e+02, val=1.605e+02]
GNN flow training:  26%|██▌       | 26/100 [01:57<05:33,  4.51s/epoch, best=1.604e+02, sign=0.165, train=1.604e+02, val=1.605e+02]
GNN flow training:  26%|██▌       | 26/100 [02:01<05:33,  4.51s/epoch, best=1.604e+02, sign=0.168, train=1.605e+02, val=1.600e+02]
GNN flow training:  27%|██▋       | 27/100 [02:01<05:28,  4.50s/epoch, best=1.604e+02, sign=0.168, train=1.605e+02, val=1.600e+02]
GNN flow training:  27%|██▋       | 27/100 [02:06<05:28,  4.50s/epoch, best=1.600e+02, sign=0.168, train=1.600e+02, val=1.596e+02]
GNN flow training:  28%|██▊       | 28/100 [02:06<05:24,  4.50s/epoch, best=1.600e+02, sign=0.168, train=1.600e+02, val=1.596e+02]
GNN flow training:  28%|██▊       | 28/100 [02:10<05:24,  4.50s/epoch, best=1.596e+02, sign=0.169, train=1.596e+02, val=1.594e+02]
GNN flow training:  29%|██▉       | 29/100 [02:10<05:19,  4.51s/epoch, best=1.596e+02, sign=0.169, train=1.596e+02, val=1.594e+02]
GNN flow training:  29%|██▉       | 29/100 [02:15<05:19,  4.51s/epoch, best=1.594e+02, sign=0.168, train=1.594e+02, val=1.589e+02]
GNN flow training:  30%|███       | 30/100 [02:15<05:15,  4.50s/epoch, best=1.594e+02, sign=0.168, train=1.594e+02, val=1.589e+02]
GNN flow training:  30%|███       | 30/100 [02:19<05:15,  4.50s/epoch, best=1.589e+02, sign=0.169, train=1.589e+02, val=1.582e+02]
GNN flow training:  31%|███       | 31/100 [02:19<05:12,  4.53s/epoch, best=1.589e+02, sign=0.169, train=1.589e+02, val=1.582e+02]
GNN flow training:  31%|███       | 31/100 [02:24<05:12,  4.53s/epoch, best=1.582e+02, sign=0.167, train=1.582e+02, val=1.580e+02]
GNN flow training:  32%|███▏      | 32/100 [02:24<05:06,  4.51s/epoch, best=1.582e+02, sign=0.167, train=1.582e+02, val=1.580e+02]
GNN flow training:  32%|███▏      | 32/100 [02:28<05:06,  4.51s/epoch, best=1.580e+02, sign=0.164, train=1.580e+02, val=1.566e+02]
GNN flow training:  33%|███▎      | 33/100 [02:28<05:02,  4.51s/epoch, best=1.580e+02, sign=0.164, train=1.580e+02, val=1.566e+02]
GNN flow training:  33%|███▎      | 33/100 [02:33<05:02,  4.51s/epoch, best=1.566e+02, sign=0.163, train=1.566e+02, val=1.555e+02]
GNN flow training:  34%|███▍      | 34/100 [02:33<04:57,  4.51s/epoch, best=1.566e+02, sign=0.163, train=1.566e+02, val=1.555e+02]
GNN flow training:  34%|███▍      | 34/100 [02:37<04:57,  4.51s/epoch, best=1.555e+02, sign=0.162, train=1.555e+02, val=1.548e+02]
GNN flow training:  35%|███▌      | 35/100 [02:37<04:54,  4.53s/epoch, best=1.555e+02, sign=0.162, train=1.555e+02, val=1.548e+02]
GNN flow training:  35%|███▌      | 35/100 [02:42<04:54,  4.53s/epoch, best=1.548e+02, sign=0.161, train=1.548e+02, val=1.538e+02]
GNN flow training:  36%|███▌      | 36/100 [02:42<04:49,  4.52s/epoch, best=1.548e+02, sign=0.161, train=1.548e+02, val=1.538e+02]
GNN flow training:  36%|███▌      | 36/100 [02:46<04:49,  4.52s/epoch, best=1.538e+02, sign=0.159, train=1.538e+02, val=1.563e+02]
GNN flow training:  37%|███▋      | 37/100 [02:46<04:44,  4.51s/epoch, best=1.538e+02, sign=0.159, train=1.538e+02, val=1.563e+02]
GNN flow training:  37%|███▋      | 37/100 [02:51<04:44,  4.51s/epoch, best=1.538e+02, sign=0.157, train=1.563e+02, val=1.570e+02]
GNN flow training:  38%|███▊      | 38/100 [02:51<04:39,  4.51s/epoch, best=1.538e+02, sign=0.157, train=1.563e+02, val=1.570e+02]
GNN flow training:  38%|███▊      | 38/100 [02:56<04:39,  4.51s/epoch, best=1.538e+02, sign=0.158, train=1.570e+02, val=1.572e+02]
GNN flow training:  39%|███▉      | 39/100 [02:56<04:35,  4.52s/epoch, best=1.538e+02, sign=0.158, train=1.570e+02, val=1.572e+02]
GNN flow training:  39%|███▉      | 39/100 [03:00<04:35,  4.52s/epoch, best=1.538e+02, sign=0.158, train=1.572e+02, val=1.576e+02]
GNN flow training:  40%|████      | 40/100 [03:00<04:31,  4.52s/epoch, best=1.538e+02, sign=0.158, train=1.572e+02, val=1.576e+02]
GNN flow training:  40%|████      | 40/100 [03:05<04:31,  4.52s/epoch, best=1.538e+02, sign=0.157, train=1.576e+02, val=1.571e+02]
GNN flow training:  41%|████      | 41/100 [03:05<04:25,  4.51s/epoch, best=1.538e+02, sign=0.157, train=1.576e+02, val=1.571e+02]
GNN flow training:  41%|████      | 41/100 [03:09<04:25,  4.51s/epoch, best=1.538e+02, sign=0.156, train=1.571e+02, val=1.564e+02]
GNN flow training:  42%|████▏     | 42/100 [03:09<04:22,  4.52s/epoch, best=1.538e+02, sign=0.156, train=1.571e+02, val=1.564e+02]
GNN flow training:  42%|████▏     | 42/100 [03:14<04:22,  4.52s/epoch, best=1.538e+02, sign=0.156, train=1.564e+02, val=1.550e+02]
GNN flow training:  43%|████▎     | 43/100 [03:14<04:17,  4.51s/epoch, best=1.538e+02, sign=0.156, train=1.564e+02, val=1.550e+02]
GNN flow training:  43%|████▎     | 43/100 [03:18<04:17,  4.51s/epoch, best=1.538e+02, sign=0.157, train=1.550e+02, val=1.537e+02]
GNN flow training:  44%|████▍     | 44/100 [03:18<04:13,  4.53s/epoch, best=1.538e+02, sign=0.157, train=1.550e+02, val=1.537e+02]
GNN flow training:  44%|████▍     | 44/100 [03:23<04:13,  4.53s/epoch, best=1.537e+02, sign=0.157, train=1.537e+02, val=1.531e+02]
GNN flow training:  45%|████▌     | 45/100 [03:23<04:07,  4.51s/epoch, best=1.537e+02, sign=0.157, train=1.537e+02, val=1.531e+02]
GNN flow training:  45%|████▌     | 45/100 [03:27<04:07,  4.51s/epoch, best=1.531e+02, sign=0.157, train=1.531e+02, val=1.515e+02]
GNN flow training:  46%|████▌     | 46/100 [03:27<04:03,  4.51s/epoch, best=1.531e+02, sign=0.157, train=1.531e+02, val=1.515e+02]
GNN flow training:  46%|████▌     | 46/100 [03:32<04:03,  4.51s/epoch, best=1.515e+02, sign=0.157, train=1.515e+02, val=1.496e+02]
GNN flow training:  47%|████▋     | 47/100 [03:32<03:59,  4.52s/epoch, best=1.515e+02, sign=0.157, train=1.515e+02, val=1.496e+02]
GNN flow training:  47%|████▋     | 47/100 [03:36<03:59,  4.52s/epoch, best=1.496e+02, sign=0.156, train=1.496e+02, val=1.455e+02]
GNN flow training:  48%|████▊     | 48/100 [03:36<03:55,  4.52s/epoch, best=1.496e+02, sign=0.156, train=1.496e+02, val=1.455e+02]
GNN flow training:  48%|████▊     | 48/100 [03:41<03:55,  4.52s/epoch, best=1.455e+02, sign=0.156, train=1.455e+02, val=1.418e+02]
GNN flow training:  49%|████▉     | 49/100 [03:41<03:50,  4.53s/epoch, best=1.455e+02, sign=0.156, train=1.455e+02, val=1.418e+02]
GNN flow training:  49%|████▉     | 49/100 [03:45<03:50,  4.53s/epoch, best=1.418e+02, sign=0.154, train=1.418e+02, val=1.398e+02]
GNN flow training:  50%|█████     | 50/100 [03:45<03:46,  4.52s/epoch, best=1.418e+02, sign=0.154, train=1.418e+02, val=1.398e+02]
GNN flow training:  50%|█████     | 50/100 [03:50<03:46,  4.52s/epoch, best=1.398e+02, sign=0.153, train=1.398e+02, val=1.386e+02]
GNN flow training:  51%|█████     | 51/100 [03:50<03:42,  4.55s/epoch, best=1.398e+02, sign=0.153, train=1.398e+02, val=1.386e+02]
GNN flow training:  51%|█████     | 51/100 [03:54<03:42,  4.55s/epoch, best=1.386e+02, sign=0.150, train=1.386e+02, val=1.363e+02]
GNN flow training:  52%|█████▏    | 52/100 [03:54<03:37,  4.53s/epoch, best=1.386e+02, sign=0.150, train=1.386e+02, val=1.363e+02]
GNN flow training:  52%|█████▏    | 52/100 [03:59<03:37,  4.53s/epoch, best=1.363e+02, sign=0.149, train=1.363e+02, val=1.335e+02]
GNN flow training:  53%|█████▎    | 53/100 [03:59<03:32,  4.53s/epoch, best=1.363e+02, sign=0.149, train=1.363e+02, val=1.335e+02]
GNN flow training:  53%|█████▎    | 53/100 [04:03<03:32,  4.53s/epoch, best=1.335e+02, sign=0.148, train=1.335e+02, val=1.319e+02]
GNN flow training:  54%|█████▍    | 54/100 [04:03<03:27,  4.52s/epoch, best=1.335e+02, sign=0.148, train=1.335e+02, val=1.319e+02]
GNN flow training:  54%|█████▍    | 54/100 [04:08<03:27,  4.52s/epoch, best=1.319e+02, sign=0.147, train=1.319e+02, val=1.307e+02]
GNN flow training:  55%|█████▌    | 55/100 [04:08<03:24,  4.54s/epoch, best=1.319e+02, sign=0.147, train=1.319e+02, val=1.307e+02]
GNN flow training:  55%|█████▌    | 55/100 [04:12<03:24,  4.54s/epoch, best=1.307e+02, sign=0.147, train=1.307e+02, val=1.285e+02]
GNN flow training:  56%|█████▌    | 56/100 [04:12<03:19,  4.53s/epoch, best=1.307e+02, sign=0.147, train=1.307e+02, val=1.285e+02]
GNN flow training:  56%|█████▌    | 56/100 [04:17<03:19,  4.53s/epoch, best=1.285e+02, sign=0.148, train=1.285e+02, val=1.254e+02]
GNN flow training:  57%|█████▋    | 57/100 [04:17<03:14,  4.52s/epoch, best=1.285e+02, sign=0.148, train=1.285e+02, val=1.254e+02]
GNN flow training:  57%|█████▋    | 57/100 [04:21<03:14,  4.52s/epoch, best=1.254e+02, sign=0.149, train=1.254e+02, val=1.227e+02]
GNN flow training:  58%|█████▊    | 58/100 [04:21<03:09,  4.52s/epoch, best=1.254e+02, sign=0.149, train=1.254e+02, val=1.227e+02]
GNN flow training:  58%|█████▊    | 58/100 [04:26<03:09,  4.52s/epoch, best=1.227e+02, sign=0.149, train=1.227e+02, val=1.201e+02]
GNN flow training:  59%|█████▉    | 59/100 [04:26<03:05,  4.52s/epoch, best=1.227e+02, sign=0.149, train=1.227e+02, val=1.201e+02]
GNN flow training:  59%|█████▉    | 59/100 [04:30<03:05,  4.52s/epoch, best=1.201e+02, sign=0.150, train=1.201e+02, val=1.187e+02]
GNN flow training:  60%|██████    | 60/100 [04:30<03:00,  4.51s/epoch, best=1.201e+02, sign=0.150, train=1.201e+02, val=1.187e+02]
GNN flow training:  60%|██████    | 60/100 [04:35<03:00,  4.51s/epoch, best=1.187e+02, sign=0.153, train=1.187e+02, val=1.164e+02]
GNN flow training:  61%|██████    | 61/100 [04:35<02:55,  4.51s/epoch, best=1.187e+02, sign=0.153, train=1.187e+02, val=1.164e+02]
GNN flow training:  61%|██████    | 61/100 [04:39<02:55,  4.51s/epoch, best=1.164e+02, sign=0.152, train=1.164e+02, val=1.141e+02]
GNN flow training:  62%|██████▏   | 62/100 [04:39<02:51,  4.50s/epoch, best=1.164e+02, sign=0.152, train=1.164e+02, val=1.141e+02]
GNN flow training:  62%|██████▏   | 62/100 [04:44<02:51,  4.50s/epoch, best=1.141e+02, sign=0.152, train=1.141e+02, val=1.122e+02]
GNN flow training:  63%|██████▎   | 63/100 [04:44<02:47,  4.52s/epoch, best=1.141e+02, sign=0.152, train=1.141e+02, val=1.122e+02]
GNN flow training:  63%|██████▎   | 63/100 [04:49<02:47,  4.52s/epoch, best=1.122e+02, sign=0.153, train=1.122e+02, val=1.114e+02]
GNN flow training:  64%|██████▍   | 64/100 [04:49<02:42,  4.53s/epoch, best=1.122e+02, sign=0.153, train=1.122e+02, val=1.114e+02]
GNN flow training:  64%|██████▍   | 64/100 [04:53<02:42,  4.53s/epoch, best=1.114e+02, sign=0.155, train=1.114e+02, val=1.105e+02]
GNN flow training:  65%|██████▌   | 65/100 [04:53<02:38,  4.53s/epoch, best=1.114e+02, sign=0.155, train=1.114e+02, val=1.105e+02]
GNN flow training:  65%|██████▌   | 65/100 [04:58<02:38,  4.53s/epoch, best=1.105e+02, sign=0.155, train=1.104e+02, val=1.091e+02]
GNN flow training:  66%|██████▌   | 66/100 [04:58<02:33,  4.53s/epoch, best=1.105e+02, sign=0.155, train=1.104e+02, val=1.091e+02]
GNN flow training:  66%|██████▌   | 66/100 [05:02<02:33,  4.53s/epoch, best=1.091e+02, sign=0.155, train=1.091e+02, val=1.070e+02]
GNN flow training:  67%|██████▋   | 67/100 [05:02<02:29,  4.53s/epoch, best=1.091e+02, sign=0.155, train=1.091e+02, val=1.070e+02]
GNN flow training:  67%|██████▋   | 67/100 [05:07<02:29,  4.53s/epoch, best=1.070e+02, sign=0.157, train=1.070e+02, val=1.043e+02]
GNN flow training:  68%|██████▊   | 68/100 [05:07<02:24,  4.53s/epoch, best=1.070e+02, sign=0.157, train=1.070e+02, val=1.043e+02]
GNN flow training:  68%|██████▊   | 68/100 [05:11<02:24,  4.53s/epoch, best=1.043e+02, sign=0.158, train=1.043e+02, val=1.019e+02]
GNN flow training:  69%|██████▉   | 69/100 [05:11<02:20,  4.52s/epoch, best=1.043e+02, sign=0.158, train=1.043e+02, val=1.019e+02]
GNN flow training:  69%|██████▉   | 69/100 [05:16<02:20,  4.52s/epoch, best=1.019e+02, sign=0.157, train=1.019e+02, val=1.011e+02]
GNN flow training:  70%|███████   | 70/100 [05:16<02:16,  4.53s/epoch, best=1.019e+02, sign=0.157, train=1.019e+02, val=1.011e+02]
GNN flow training:  70%|███████   | 70/100 [05:20<02:16,  4.53s/epoch, best=1.011e+02, sign=0.157, train=1.011e+02, val=1.008e+02]
GNN flow training:  71%|███████   | 71/100 [05:20<02:11,  4.53s/epoch, best=1.011e+02, sign=0.157, train=1.011e+02, val=1.008e+02]
GNN flow training:  71%|███████   | 71/100 [05:25<02:11,  4.53s/epoch, best=1.008e+02, sign=0.156, train=1.008e+02, val=9.867e+01]
GNN flow training:  72%|███████▏  | 72/100 [05:25<02:06,  4.52s/epoch, best=1.008e+02, sign=0.156, train=1.008e+02, val=9.867e+01]
GNN flow training:  72%|███████▏  | 72/100 [05:29<02:06,  4.52s/epoch, best=9.867e+01, sign=0.157, train=9.865e+01, val=9.699e+01]
GNN flow training:  73%|███████▎  | 73/100 [05:29<02:01,  4.50s/epoch, best=9.867e+01, sign=0.157, train=9.865e+01, val=9.699e+01]
GNN flow training:  73%|███████▎  | 73/100 [05:34<02:01,  4.50s/epoch, best=9.699e+01, sign=0.156, train=9.697e+01, val=9.753e+01]
GNN flow training:  74%|███████▍  | 74/100 [05:34<01:57,  4.51s/epoch, best=9.699e+01, sign=0.156, train=9.697e+01, val=9.753e+01]
GNN flow training:  74%|███████▍  | 74/100 [05:38<01:57,  4.51s/epoch, best=9.699e+01, sign=0.158, train=9.751e+01, val=9.501e+01]
GNN flow training:  75%|███████▌  | 75/100 [05:38<01:53,  4.52s/epoch, best=9.699e+01, sign=0.158, train=9.751e+01, val=9.501e+01]
GNN flow training:  75%|███████▌  | 75/100 [05:43<01:53,  4.52s/epoch, best=9.501e+01, sign=0.159, train=9.499e+01, val=9.386e+01]
GNN flow training:  76%|███████▌  | 76/100 [05:43<01:48,  4.52s/epoch, best=9.501e+01, sign=0.159, train=9.499e+01, val=9.386e+01]
GNN flow training:  76%|███████▌  | 76/100 [05:47<01:48,  4.52s/epoch, best=9.386e+01, sign=0.161, train=9.384e+01, val=9.271e+01]
GNN flow training:  77%|███████▋  | 77/100 [05:47<01:44,  4.52s/epoch, best=9.386e+01, sign=0.161, train=9.384e+01, val=9.271e+01]
GNN flow training:  77%|███████▋  | 77/100 [05:52<01:44,  4.52s/epoch, best=9.271e+01, sign=0.162, train=9.269e+01, val=9.343e+01]
GNN flow training:  78%|███████▊  | 78/100 [05:52<01:39,  4.51s/epoch, best=9.271e+01, sign=0.162, train=9.269e+01, val=9.343e+01]
GNN flow training:  78%|███████▊  | 78/100 [05:56<01:39,  4.51s/epoch, best=9.271e+01, sign=0.162, train=9.342e+01, val=9.511e+01]
GNN flow training:  79%|███████▉  | 79/100 [05:56<01:34,  4.51s/epoch, best=9.271e+01, sign=0.162, train=9.342e+01, val=9.511e+01]
GNN flow training:  79%|███████▉  | 79/100 [06:01<01:34,  4.51s/epoch, best=9.271e+01, sign=0.164, train=9.510e+01, val=9.302e+01]
GNN flow training:  80%|████████  | 80/100 [06:01<01:30,  4.51s/epoch, best=9.271e+01, sign=0.164, train=9.510e+01, val=9.302e+01]
GNN flow training:  80%|████████  | 80/100 [06:05<01:30,  4.51s/epoch, best=9.271e+01, sign=0.165, train=9.301e+01, val=8.971e+01]
GNN flow training:  81%|████████  | 81/100 [06:05<01:25,  4.52s/epoch, best=9.271e+01, sign=0.165, train=9.301e+01, val=8.971e+01]
GNN flow training:  81%|████████  | 81/100 [06:10<01:25,  4.52s/epoch, best=8.971e+01, sign=0.163, train=8.969e+01, val=9.049e+01]
GNN flow training:  82%|████████▏ | 82/100 [06:10<01:21,  4.52s/epoch, best=8.971e+01, sign=0.163, train=8.969e+01, val=9.049e+01]
GNN flow training:  82%|████████▏ | 82/100 [06:14<01:21,  4.52s/epoch, best=8.971e+01, sign=0.162, train=9.047e+01, val=9.256e+01]
GNN flow training:  83%|████████▎ | 83/100 [06:14<01:16,  4.52s/epoch, best=8.971e+01, sign=0.162, train=9.047e+01, val=9.256e+01]
GNN flow training:  83%|████████▎ | 83/100 [06:19<01:16,  4.52s/epoch, best=8.971e+01, sign=0.160, train=9.255e+01, val=9.331e+01]
GNN flow training:  84%|████████▍ | 84/100 [06:19<01:12,  4.51s/epoch, best=8.971e+01, sign=0.160, train=9.255e+01, val=9.331e+01]
GNN flow training:  84%|████████▍ | 84/100 [06:23<01:12,  4.51s/epoch, best=8.971e+01, sign=0.162, train=9.330e+01, val=9.174e+01]
GNN flow training:  85%|████████▌ | 85/100 [06:23<01:07,  4.52s/epoch, best=8.971e+01, sign=0.162, train=9.330e+01, val=9.174e+01]
GNN flow training:  85%|████████▌ | 85/100 [06:28<01:07,  4.52s/epoch, best=8.971e+01, sign=0.162, train=9.172e+01, val=8.966e+01]
GNN flow training:  86%|████████▌ | 86/100 [06:28<01:03,  4.51s/epoch, best=8.971e+01, sign=0.162, train=9.172e+01, val=8.966e+01]
GNN flow training:  86%|████████▌ | 86/100 [06:32<01:03,  4.51s/epoch, best=8.966e+01, sign=0.162, train=8.965e+01, val=8.919e+01]
GNN flow training:  87%|████████▋ | 87/100 [06:32<00:58,  4.52s/epoch, best=8.966e+01, sign=0.162, train=8.965e+01, val=8.919e+01]
GNN flow training:  87%|████████▋ | 87/100 [06:37<00:58,  4.52s/epoch, best=8.919e+01, sign=0.164, train=8.918e+01, val=9.008e+01]
GNN flow training:  88%|████████▊ | 88/100 [06:37<00:54,  4.51s/epoch, best=8.919e+01, sign=0.164, train=8.918e+01, val=9.008e+01]
GNN flow training:  88%|████████▊ | 88/100 [06:42<00:54,  4.51s/epoch, best=8.919e+01, sign=0.164, train=9.006e+01, val=8.916e+01]
GNN flow training:  89%|████████▉ | 89/100 [06:42<00:49,  4.53s/epoch, best=8.919e+01, sign=0.164, train=9.006e+01, val=8.916e+01]
GNN flow training:  89%|████████▉ | 89/100 [06:46<00:49,  4.53s/epoch, best=8.916e+01, sign=0.166, train=8.915e+01, val=8.905e+01]
GNN flow training:  90%|█████████ | 90/100 [06:46<00:45,  4.52s/epoch, best=8.916e+01, sign=0.166, train=8.915e+01, val=8.905e+01]
GNN flow training:  90%|█████████ | 90/100 [06:51<00:45,  4.52s/epoch, best=8.905e+01, sign=0.164, train=8.903e+01, val=8.871e+01]
GNN flow training:  91%|█████████ | 91/100 [06:51<00:40,  4.54s/epoch, best=8.905e+01, sign=0.164, train=8.903e+01, val=8.871e+01]
GNN flow training:  91%|█████████ | 91/100 [06:55<00:40,  4.54s/epoch, best=8.871e+01, sign=0.163, train=8.869e+01, val=9.259e+01]
GNN flow training:  92%|█████████▏| 92/100 [06:55<00:36,  4.55s/epoch, best=8.871e+01, sign=0.163, train=8.869e+01, val=9.259e+01]
GNN flow training:  92%|█████████▏| 92/100 [07:00<00:36,  4.55s/epoch, best=8.871e+01, sign=0.162, train=9.257e+01, val=9.450e+01]
GNN flow training:  93%|█████████▎| 93/100 [07:00<00:31,  4.55s/epoch, best=8.871e+01, sign=0.162, train=9.257e+01, val=9.450e+01]
GNN flow training:  93%|█████████▎| 93/100 [07:04<00:31,  4.55s/epoch, best=8.871e+01, sign=0.159, train=9.448e+01, val=9.447e+01]
GNN flow training:  94%|█████████▍| 94/100 [07:04<00:27,  4.55s/epoch, best=8.871e+01, sign=0.159, train=9.448e+01, val=9.447e+01]
GNN flow training:  94%|█████████▍| 94/100 [07:09<00:27,  4.55s/epoch, best=8.871e+01, sign=0.160, train=9.446e+01, val=9.399e+01]
GNN flow training:  95%|█████████▌| 95/100 [07:09<00:22,  4.55s/epoch, best=8.871e+01, sign=0.160, train=9.446e+01, val=9.399e+01]
GNN flow training:  95%|█████████▌| 95/100 [07:13<00:22,  4.55s/epoch, best=8.871e+01, sign=0.159, train=9.397e+01, val=9.380e+01]
GNN flow training:  96%|█████████▌| 96/100 [07:13<00:18,  4.55s/epoch, best=8.871e+01, sign=0.159, train=9.397e+01, val=9.380e+01]
GNN flow training:  96%|█████████▌| 96/100 [07:18<00:18,  4.55s/epoch, best=8.871e+01, sign=0.160, train=9.378e+01, val=9.206e+01]
GNN flow training:  97%|█████████▋| 97/100 [07:18<00:13,  4.53s/epoch, best=8.871e+01, sign=0.160, train=9.378e+01, val=9.206e+01]
GNN flow training:  97%|█████████▋| 97/100 [07:22<00:13,  4.53s/epoch, best=8.871e+01, sign=0.156, train=9.204e+01, val=9.261e+01]
GNN flow training:  98%|█████████▊| 98/100 [07:22<00:09,  4.53s/epoch, best=8.871e+01, sign=0.156, train=9.204e+01, val=9.261e+01]
GNN flow training:  98%|█████████▊| 98/100 [07:27<00:09,  4.53s/epoch, best=8.871e+01, sign=0.154, train=9.259e+01, val=9.314e+01]
GNN flow training:  99%|█████████▉| 99/100 [07:27<00:04,  4.54s/epoch, best=8.871e+01, sign=0.154, train=9.259e+01, val=9.314e+01]
GNN flow training:  99%|█████████▉| 99/100 [07:31<00:04,  4.54s/epoch, best=8.871e+01, sign=0.154, train=9.312e+01, val=9.393e+01]
GNN flow training: 100%|██████████| 100/100 [07:31<00:00,  4.53s/epoch, best=8.871e+01, sign=0.154, train=9.312e+01, val=9.393e+01]
GNN flow training: 100%|██████████| 100/100 [07:31<00:00,  4.52s/epoch, best=8.871e+01, sign=0.154, train=9.312e+01, val=9.393e+01]
Resolved config snapshot:
{'preset': 'solver_QKB_outer_QKBdelta', 'gnn_outer_losses': {'flow': 1.0, 'kirchhoff': 100.0, 'boundary': 100.0, 'delta_l2': 0.1, 'delta_smooth': 0.0, 'pressure_shape': 0.0}, 'physics': {'arterial_flow_mode': 'dataset', 'pressure_constraints': ['equal-a-equal-v'], 'alpha_pa': None, 'use_snr_weights': True, 'use_observed_flow_snr_weighting': True, 'flow_scale_mode': 'median_abs', 'solver_device': 'same', 'pressure_solver_mode': 'reduced-soft-constrained-lstsq', 'pressure_solver_lambda_kirchhoff': 1.0, 'pressure_solver_lambda_pressure_constraints': 100.0, 'pressure_solver_lambda_flow_residual': 1.0, 'pressure_shape_reference': 'delta_zero_reference', 'pressure_detach': False}, 'correction_bounds': {'correction_min': -0.5, 'correction_max': 0.5, 'correction_bound': 0.5, 'correction_parameterization': 'tanh'}, 'optimization': {'learning_rate': 0.001, 'weight_decay': 0.0001, 'gradient_clip_norm': 5.0, 'optimizer': 'adamw', 'epochs': 100, 'patience': 40}}
Shard 29/80: 1 of 80 runs
Command: /mnt/home/sswee/miniforge3/envs/yolk-sac/bin/python /mnt/home/sswee/yolk/Yolk-Sac-Flow-Data-and-Sim/gnn_clean/scripts/python/gnn_flow.py /mnt/home/sswee/yolk/Yolk-Sac-Flow-Data-and-Sim/gnn_clean/datasets/mosaic_graph_norm_canonical.gpickle --output-dir /mnt/home/sswee/yolk/Yolk-Sac-Flow-Data-and-Sim/gnn_clean/outputs_canonical_norm/dc/02_physics_weight_sweep/gnn --run-name q_1__k_100__delta_0p1 --preset solver_QKB_outer_QKBdelta --device cuda --epochs 100 --seed 0 --viscosity-pa-s 0.0035 --config /mnt/home/sswee/yolk/Yolk-Sac-Flow-Data-and-Sim/gnn_clean/outputs_canonical_norm/dc/02_physics_weight_sweep/_generated_configs/q_1__k_100__delta_0p1.yaml --no-pressure-detach
