[info] DC Step 2 canonical sweep uses fixed lambda_B=100.0 for both the outer boundary loss and the reduced pressure-solver boundary constraint.

GNN flow training:   0%|          | 0/100 [00:00<?, ?epoch/s]
GNN flow training:   0%|          | 0/100 [00:06<?, ?epoch/s, best=1.645e+02, sign=0.161, train=1.647e+02, val=1.645e+02]
GNN flow training:   1%|          | 1/100 [00:06<10:27,  6.33s/epoch, best=1.645e+02, sign=0.161, train=1.647e+02, val=1.645e+02]
GNN flow training:   1%|          | 1/100 [00:12<10:27,  6.33s/epoch, best=1.645e+02, sign=0.161, train=1.645e+02, val=1.642e+02]
GNN flow training:   2%|▏         | 2/100 [00:12<10:12,  6.25s/epoch, best=1.645e+02, sign=0.161, train=1.645e+02, val=1.642e+02]
GNN flow training:   2%|▏         | 2/100 [00:18<10:12,  6.25s/epoch, best=1.642e+02, sign=0.161, train=1.642e+02, val=1.645e+02]
GNN flow training:   3%|▎         | 3/100 [00:18<10:03,  6.23s/epoch, best=1.642e+02, sign=0.161, train=1.642e+02, val=1.645e+02]
GNN flow training:   3%|▎         | 3/100 [00:24<10:03,  6.23s/epoch, best=1.642e+02, sign=0.161, train=1.645e+02, val=1.642e+02]
GNN flow training:   4%|▍         | 4/100 [00:24<09:58,  6.23s/epoch, best=1.642e+02, sign=0.161, train=1.645e+02, val=1.642e+02]
GNN flow training:   4%|▍         | 4/100 [00:31<09:58,  6.23s/epoch, best=1.642e+02, sign=0.161, train=1.642e+02, val=1.643e+02]
GNN flow training:   5%|▌         | 5/100 [00:31<09:47,  6.19s/epoch, best=1.642e+02, sign=0.161, train=1.642e+02, val=1.643e+02]
GNN flow training:   5%|▌         | 5/100 [00:37<09:47,  6.19s/epoch, best=1.642e+02, sign=0.161, train=1.643e+02, val=1.639e+02]
GNN flow training:   6%|▌         | 6/100 [00:37<09:40,  6.18s/epoch, best=1.642e+02, sign=0.161, train=1.643e+02, val=1.639e+02]
GNN flow training:   6%|▌         | 6/100 [00:43<09:40,  6.18s/epoch, best=1.639e+02, sign=0.160, train=1.638e+02, val=1.638e+02]
GNN flow training:   7%|▋         | 7/100 [00:43<09:35,  6.19s/epoch, best=1.639e+02, sign=0.160, train=1.638e+02, val=1.638e+02]
GNN flow training:   7%|▋         | 7/100 [00:49<09:35,  6.19s/epoch, best=1.638e+02, sign=0.159, train=1.637e+02, val=1.634e+02]
GNN flow training:   8%|▊         | 8/100 [00:49<09:31,  6.21s/epoch, best=1.638e+02, sign=0.159, train=1.637e+02, val=1.634e+02]
GNN flow training:   8%|▊         | 8/100 [00:55<09:31,  6.21s/epoch, best=1.634e+02, sign=0.160, train=1.634e+02, val=1.632e+02]
GNN flow training:   9%|▉         | 9/100 [00:55<09:23,  6.19s/epoch, best=1.634e+02, sign=0.160, train=1.634e+02, val=1.632e+02]
GNN flow training:   9%|▉         | 9/100 [01:02<09:23,  6.19s/epoch, best=1.632e+02, sign=0.160, train=1.632e+02, val=1.629e+02]
GNN flow training:  10%|█         | 10/100 [01:02<09:16,  6.18s/epoch, best=1.632e+02, sign=0.160, train=1.632e+02, val=1.629e+02]
GNN flow training:  10%|█         | 10/100 [01:08<09:16,  6.18s/epoch, best=1.629e+02, sign=0.160, train=1.628e+02, val=1.628e+02]
GNN flow training:  11%|█         | 11/100 [01:08<09:10,  6.18s/epoch, best=1.629e+02, sign=0.160, train=1.628e+02, val=1.628e+02]
GNN flow training:  11%|█         | 11/100 [01:14<09:10,  6.18s/epoch, best=1.628e+02, sign=0.160, train=1.628e+02, val=1.623e+02]
GNN flow training:  12%|█▏        | 12/100 [01:14<09:05,  6.20s/epoch, best=1.628e+02, sign=0.160, train=1.628e+02, val=1.623e+02]
GNN flow training:  12%|█▏        | 12/100 [01:20<09:05,  6.20s/epoch, best=1.623e+02, sign=0.160, train=1.623e+02, val=1.620e+02]
GNN flow training:  13%|█▎        | 13/100 [01:20<08:58,  6.19s/epoch, best=1.623e+02, sign=0.160, train=1.623e+02, val=1.620e+02]
GNN flow training:  13%|█▎        | 13/100 [01:26<08:58,  6.19s/epoch, best=1.620e+02, sign=0.159, train=1.620e+02, val=1.614e+02]
GNN flow training:  14%|█▍        | 14/100 [01:26<08:52,  6.19s/epoch, best=1.620e+02, sign=0.159, train=1.620e+02, val=1.614e+02]
GNN flow training:  14%|█▍        | 14/100 [01:33<08:52,  6.19s/epoch, best=1.614e+02, sign=0.159, train=1.614e+02, val=1.618e+02]
GNN flow training:  15%|█▌        | 15/100 [01:33<08:46,  6.20s/epoch, best=1.614e+02, sign=0.159, train=1.614e+02, val=1.618e+02]
GNN flow training:  15%|█▌        | 15/100 [01:39<08:46,  6.20s/epoch, best=1.614e+02, sign=0.157, train=1.617e+02, val=1.614e+02]
GNN flow training:  16%|█▌        | 16/100 [01:39<08:40,  6.19s/epoch, best=1.614e+02, sign=0.157, train=1.617e+02, val=1.614e+02]
GNN flow training:  16%|█▌        | 16/100 [01:45<08:40,  6.19s/epoch, best=1.614e+02, sign=0.156, train=1.614e+02, val=1.620e+02]
GNN flow training:  17%|█▋        | 17/100 [01:45<08:33,  6.18s/epoch, best=1.614e+02, sign=0.156, train=1.614e+02, val=1.620e+02]
GNN flow training:  17%|█▋        | 17/100 [01:51<08:33,  6.18s/epoch, best=1.614e+02, sign=0.156, train=1.620e+02, val=1.612e+02]
GNN flow training:  18%|█▊        | 18/100 [01:51<08:27,  6.19s/epoch, best=1.614e+02, sign=0.156, train=1.620e+02, val=1.612e+02]
GNN flow training:  18%|█▊        | 18/100 [01:57<08:27,  6.19s/epoch, best=1.612e+02, sign=0.155, train=1.611e+02, val=1.610e+02]
GNN flow training:  19%|█▉        | 19/100 [01:57<08:22,  6.20s/epoch, best=1.612e+02, sign=0.155, train=1.611e+02, val=1.610e+02]
GNN flow training:  19%|█▉        | 19/100 [02:03<08:22,  6.20s/epoch, best=1.610e+02, sign=0.154, train=1.610e+02, val=1.614e+02]
GNN flow training:  20%|██        | 20/100 [02:03<08:15,  6.19s/epoch, best=1.610e+02, sign=0.154, train=1.610e+02, val=1.614e+02]
GNN flow training:  20%|██        | 20/100 [02:10<08:15,  6.19s/epoch, best=1.610e+02, sign=0.152, train=1.613e+02, val=1.608e+02]
GNN flow training:  21%|██        | 21/100 [02:10<08:08,  6.19s/epoch, best=1.610e+02, sign=0.152, train=1.613e+02, val=1.608e+02]
GNN flow training:  21%|██        | 21/100 [02:16<08:08,  6.19s/epoch, best=1.608e+02, sign=0.152, train=1.608e+02, val=1.603e+02]
GNN flow training:  22%|██▏       | 22/100 [02:16<08:04,  6.22s/epoch, best=1.608e+02, sign=0.152, train=1.608e+02, val=1.603e+02]
GNN flow training:  22%|██▏       | 22/100 [02:22<08:04,  6.22s/epoch, best=1.603e+02, sign=0.153, train=1.602e+02, val=1.604e+02]
GNN flow training:  23%|██▎       | 23/100 [02:22<07:59,  6.22s/epoch, best=1.603e+02, sign=0.153, train=1.602e+02, val=1.604e+02]
GNN flow training:  23%|██▎       | 23/100 [02:28<07:59,  6.22s/epoch, best=1.603e+02, sign=0.153, train=1.603e+02, val=1.586e+02]
GNN flow training:  24%|██▍       | 24/100 [02:28<07:52,  6.22s/epoch, best=1.603e+02, sign=0.153, train=1.603e+02, val=1.586e+02]
GNN flow training:  24%|██▍       | 24/100 [02:35<07:52,  6.22s/epoch, best=1.586e+02, sign=0.154, train=1.586e+02, val=1.586e+02]
GNN flow training:  25%|██▌       | 25/100 [02:35<07:47,  6.23s/epoch, best=1.586e+02, sign=0.154, train=1.586e+02, val=1.586e+02]
GNN flow training:  25%|██▌       | 25/100 [02:41<07:47,  6.23s/epoch, best=1.586e+02, sign=0.156, train=1.586e+02, val=1.586e+02]
GNN flow training:  26%|██▌       | 26/100 [02:41<07:41,  6.24s/epoch, best=1.586e+02, sign=0.156, train=1.586e+02, val=1.586e+02]
GNN flow training:  26%|██▌       | 26/100 [02:47<07:41,  6.24s/epoch, best=1.586e+02, sign=0.156, train=1.586e+02, val=1.588e+02]
GNN flow training:  27%|██▋       | 27/100 [02:47<07:35,  6.24s/epoch, best=1.586e+02, sign=0.156, train=1.586e+02, val=1.588e+02]
GNN flow training:  27%|██▋       | 27/100 [02:53<07:35,  6.24s/epoch, best=1.586e+02, sign=0.157, train=1.588e+02, val=1.581e+02]
GNN flow training:  28%|██▊       | 28/100 [02:53<07:29,  6.24s/epoch, best=1.586e+02, sign=0.157, train=1.588e+02, val=1.581e+02]
GNN flow training:  28%|██▊       | 28/100 [03:00<07:29,  6.24s/epoch, best=1.581e+02, sign=0.157, train=1.581e+02, val=1.580e+02]
GNN flow training:  29%|██▉       | 29/100 [03:00<07:22,  6.23s/epoch, best=1.581e+02, sign=0.157, train=1.581e+02, val=1.580e+02]
GNN flow training:  29%|██▉       | 29/100 [03:06<07:22,  6.23s/epoch, best=1.580e+02, sign=0.158, train=1.580e+02, val=1.574e+02]
GNN flow training:  30%|███       | 30/100 [03:06<07:17,  6.25s/epoch, best=1.580e+02, sign=0.158, train=1.580e+02, val=1.574e+02]
GNN flow training:  30%|███       | 30/100 [03:12<07:17,  6.25s/epoch, best=1.574e+02, sign=0.159, train=1.573e+02, val=1.579e+02]
GNN flow training:  31%|███       | 31/100 [03:12<07:09,  6.23s/epoch, best=1.574e+02, sign=0.159, train=1.573e+02, val=1.579e+02]
GNN flow training:  31%|███       | 31/100 [03:18<07:09,  6.23s/epoch, best=1.574e+02, sign=0.160, train=1.579e+02, val=1.576e+02]
GNN flow training:  32%|███▏      | 32/100 [03:18<07:02,  6.22s/epoch, best=1.574e+02, sign=0.160, train=1.579e+02, val=1.576e+02]
GNN flow training:  32%|███▏      | 32/100 [03:24<07:02,  6.22s/epoch, best=1.574e+02, sign=0.161, train=1.575e+02, val=1.573e+02]
GNN flow training:  33%|███▎      | 33/100 [03:24<06:56,  6.21s/epoch, best=1.574e+02, sign=0.161, train=1.575e+02, val=1.573e+02]
GNN flow training:  33%|███▎      | 33/100 [03:31<06:56,  6.21s/epoch, best=1.573e+02, sign=0.161, train=1.573e+02, val=1.562e+02]
GNN flow training:  34%|███▍      | 34/100 [03:31<06:49,  6.21s/epoch, best=1.573e+02, sign=0.161, train=1.573e+02, val=1.562e+02]
GNN flow training:  34%|███▍      | 34/100 [03:37<06:49,  6.21s/epoch, best=1.562e+02, sign=0.162, train=1.561e+02, val=1.553e+02]
GNN flow training:  35%|███▌      | 35/100 [03:37<06:43,  6.21s/epoch, best=1.562e+02, sign=0.162, train=1.561e+02, val=1.553e+02]
GNN flow training:  35%|███▌      | 35/100 [03:43<06:43,  6.21s/epoch, best=1.553e+02, sign=0.162, train=1.553e+02, val=1.548e+02]
GNN flow training:  36%|███▌      | 36/100 [03:43<06:36,  6.19s/epoch, best=1.553e+02, sign=0.162, train=1.553e+02, val=1.548e+02]
GNN flow training:  36%|███▌      | 36/100 [03:49<06:36,  6.19s/epoch, best=1.548e+02, sign=0.163, train=1.548e+02, val=1.541e+02]
GNN flow training:  37%|███▋      | 37/100 [03:49<06:30,  6.20s/epoch, best=1.548e+02, sign=0.163, train=1.548e+02, val=1.541e+02]
GNN flow training:  37%|███▋      | 37/100 [03:55<06:30,  6.20s/epoch, best=1.541e+02, sign=0.164, train=1.541e+02, val=1.529e+02]
GNN flow training:  38%|███▊      | 38/100 [03:55<06:24,  6.21s/epoch, best=1.541e+02, sign=0.164, train=1.541e+02, val=1.529e+02]
GNN flow training:  38%|███▊      | 38/100 [04:02<06:24,  6.21s/epoch, best=1.529e+02, sign=0.164, train=1.529e+02, val=1.514e+02]
GNN flow training:  39%|███▉      | 39/100 [04:02<06:18,  6.20s/epoch, best=1.529e+02, sign=0.164, train=1.529e+02, val=1.514e+02]
GNN flow training:  39%|███▉      | 39/100 [04:08<06:18,  6.20s/epoch, best=1.514e+02, sign=0.165, train=1.514e+02, val=1.504e+02]
GNN flow training:  40%|████      | 40/100 [04:08<06:12,  6.21s/epoch, best=1.514e+02, sign=0.165, train=1.514e+02, val=1.504e+02]
GNN flow training:  40%|████      | 40/100 [04:14<06:12,  6.21s/epoch, best=1.504e+02, sign=0.165, train=1.503e+02, val=1.490e+02]
GNN flow training:  41%|████      | 41/100 [04:14<06:05,  6.20s/epoch, best=1.504e+02, sign=0.165, train=1.503e+02, val=1.490e+02]
GNN flow training:  41%|████      | 41/100 [04:20<06:05,  6.20s/epoch, best=1.490e+02, sign=0.164, train=1.489e+02, val=1.479e+02]
GNN flow training:  42%|████▏     | 42/100 [04:20<05:59,  6.20s/epoch, best=1.490e+02, sign=0.164, train=1.489e+02, val=1.479e+02]
GNN flow training:  42%|████▏     | 42/100 [04:26<05:59,  6.20s/epoch, best=1.479e+02, sign=0.163, train=1.479e+02, val=1.474e+02]
GNN flow training:  43%|████▎     | 43/100 [04:26<05:52,  6.19s/epoch, best=1.479e+02, sign=0.163, train=1.479e+02, val=1.474e+02]
GNN flow training:  43%|████▎     | 43/100 [04:33<05:52,  6.19s/epoch, best=1.474e+02, sign=0.161, train=1.474e+02, val=1.464e+02]
GNN flow training:  44%|████▍     | 44/100 [04:33<05:47,  6.20s/epoch, best=1.474e+02, sign=0.161, train=1.474e+02, val=1.464e+02]
GNN flow training:  44%|████▍     | 44/100 [04:39<05:47,  6.20s/epoch, best=1.464e+02, sign=0.160, train=1.464e+02, val=1.459e+02]
GNN flow training:  45%|████▌     | 45/100 [04:39<05:40,  6.18s/epoch, best=1.464e+02, sign=0.160, train=1.464e+02, val=1.459e+02]
GNN flow training:  45%|████▌     | 45/100 [04:45<05:40,  6.18s/epoch, best=1.459e+02, sign=0.159, train=1.459e+02, val=1.467e+02]
GNN flow training:  46%|████▌     | 46/100 [04:45<05:34,  6.19s/epoch, best=1.459e+02, sign=0.159, train=1.459e+02, val=1.467e+02]
GNN flow training:  46%|████▌     | 46/100 [04:51<05:34,  6.19s/epoch, best=1.459e+02, sign=0.158, train=1.466e+02, val=1.467e+02]
GNN flow training:  47%|████▋     | 47/100 [04:51<05:27,  6.18s/epoch, best=1.459e+02, sign=0.158, train=1.466e+02, val=1.467e+02]
GNN flow training:  47%|████▋     | 47/100 [04:57<05:27,  6.18s/epoch, best=1.459e+02, sign=0.158, train=1.467e+02, val=1.458e+02]
GNN flow training:  48%|████▊     | 48/100 [04:57<05:21,  6.18s/epoch, best=1.459e+02, sign=0.158, train=1.467e+02, val=1.458e+02]
GNN flow training:  48%|████▊     | 48/100 [05:04<05:21,  6.18s/epoch, best=1.458e+02, sign=0.158, train=1.458e+02, val=1.438e+02]
GNN flow training:  49%|████▉     | 49/100 [05:04<05:16,  6.20s/epoch, best=1.458e+02, sign=0.158, train=1.458e+02, val=1.438e+02]
GNN flow training:  49%|████▉     | 49/100 [05:10<05:16,  6.20s/epoch, best=1.438e+02, sign=0.160, train=1.438e+02, val=1.415e+02]
GNN flow training:  50%|█████     | 50/100 [05:10<05:10,  6.20s/epoch, best=1.438e+02, sign=0.160, train=1.438e+02, val=1.415e+02]
GNN flow training:  50%|█████     | 50/100 [05:16<05:10,  6.20s/epoch, best=1.415e+02, sign=0.160, train=1.414e+02, val=1.387e+02]
GNN flow training:  51%|█████     | 51/100 [05:16<05:04,  6.21s/epoch, best=1.415e+02, sign=0.160, train=1.414e+02, val=1.387e+02]
GNN flow training:  51%|█████     | 51/100 [05:22<05:04,  6.21s/epoch, best=1.387e+02, sign=0.159, train=1.386e+02, val=1.340e+02]
GNN flow training:  52%|█████▏    | 52/100 [05:22<04:58,  6.21s/epoch, best=1.387e+02, sign=0.159, train=1.386e+02, val=1.340e+02]
GNN flow training:  52%|█████▏    | 52/100 [05:28<04:58,  6.21s/epoch, best=1.340e+02, sign=0.158, train=1.339e+02, val=1.315e+02]
GNN flow training:  53%|█████▎    | 53/100 [05:28<04:52,  6.22s/epoch, best=1.340e+02, sign=0.158, train=1.339e+02, val=1.315e+02]
GNN flow training:  53%|█████▎    | 53/100 [05:35<04:52,  6.22s/epoch, best=1.315e+02, sign=0.156, train=1.315e+02, val=1.281e+02]
GNN flow training:  54%|█████▍    | 54/100 [05:35<04:46,  6.22s/epoch, best=1.315e+02, sign=0.156, train=1.315e+02, val=1.281e+02]
GNN flow training:  54%|█████▍    | 54/100 [05:41<04:46,  6.22s/epoch, best=1.281e+02, sign=0.158, train=1.280e+02, val=1.257e+02]
GNN flow training:  55%|█████▌    | 55/100 [05:41<04:39,  6.20s/epoch, best=1.281e+02, sign=0.158, train=1.280e+02, val=1.257e+02]
GNN flow training:  55%|█████▌    | 55/100 [05:47<04:39,  6.20s/epoch, best=1.257e+02, sign=0.157, train=1.256e+02, val=1.227e+02]
GNN flow training:  56%|█████▌    | 56/100 [05:47<04:33,  6.22s/epoch, best=1.257e+02, sign=0.157, train=1.256e+02, val=1.227e+02]
GNN flow training:  56%|█████▌    | 56/100 [05:53<04:33,  6.22s/epoch, best=1.227e+02, sign=0.157, train=1.226e+02, val=1.191e+02]
GNN flow training:  57%|█████▋    | 57/100 [05:53<04:27,  6.22s/epoch, best=1.227e+02, sign=0.157, train=1.226e+02, val=1.191e+02]
GNN flow training:  57%|█████▋    | 57/100 [06:00<04:27,  6.22s/epoch, best=1.191e+02, sign=0.157, train=1.190e+02, val=1.145e+02]
GNN flow training:  58%|█████▊    | 58/100 [06:00<04:21,  6.22s/epoch, best=1.191e+02, sign=0.157, train=1.190e+02, val=1.145e+02]
GNN flow training:  58%|█████▊    | 58/100 [06:06<04:21,  6.22s/epoch, best=1.145e+02, sign=0.159, train=1.143e+02, val=1.095e+02]
GNN flow training:  59%|█████▉    | 59/100 [06:06<04:15,  6.22s/epoch, best=1.145e+02, sign=0.159, train=1.143e+02, val=1.095e+02]
GNN flow training:  59%|█████▉    | 59/100 [06:12<04:15,  6.22s/epoch, best=1.095e+02, sign=0.163, train=1.093e+02, val=1.011e+02]
GNN flow training:  60%|██████    | 60/100 [06:12<04:09,  6.24s/epoch, best=1.095e+02, sign=0.163, train=1.093e+02, val=1.011e+02]
GNN flow training:  60%|██████    | 60/100 [06:18<04:09,  6.24s/epoch, best=1.011e+02, sign=0.168, train=1.009e+02, val=9.614e+01]
GNN flow training:  61%|██████    | 61/100 [06:18<04:03,  6.24s/epoch, best=1.011e+02, sign=0.168, train=1.009e+02, val=9.614e+01]
GNN flow training:  61%|██████    | 61/100 [06:25<04:03,  6.24s/epoch, best=9.614e+01, sign=0.170, train=9.596e+01, val=9.259e+01]
GNN flow training:  62%|██████▏   | 62/100 [06:25<03:57,  6.25s/epoch, best=9.614e+01, sign=0.170, train=9.596e+01, val=9.259e+01]
GNN flow training:  62%|██████▏   | 62/100 [06:31<03:57,  6.25s/epoch, best=9.259e+01, sign=0.170, train=9.240e+01, val=9.210e+01]
GNN flow training:  63%|██████▎   | 63/100 [06:31<03:50,  6.24s/epoch, best=9.259e+01, sign=0.170, train=9.240e+01, val=9.210e+01]
GNN flow training:  63%|██████▎   | 63/100 [06:37<03:50,  6.24s/epoch, best=9.210e+01, sign=0.170, train=9.191e+01, val=9.342e+01]
GNN flow training:  64%|██████▍   | 64/100 [06:37<03:44,  6.24s/epoch, best=9.210e+01, sign=0.170, train=9.191e+01, val=9.342e+01]
GNN flow training:  64%|██████▍   | 64/100 [06:43<03:44,  6.24s/epoch, best=9.210e+01, sign=0.170, train=9.323e+01, val=9.447e+01]
GNN flow training:  65%|██████▌   | 65/100 [06:43<03:38,  6.24s/epoch, best=9.210e+01, sign=0.170, train=9.323e+01, val=9.447e+01]
GNN flow training:  65%|██████▌   | 65/100 [06:49<03:38,  6.24s/epoch, best=9.210e+01, sign=0.170, train=9.428e+01, val=9.372e+01]
GNN flow training:  66%|██████▌   | 66/100 [06:49<03:32,  6.24s/epoch, best=9.210e+01, sign=0.170, train=9.428e+01, val=9.372e+01]
GNN flow training:  66%|██████▌   | 66/100 [06:56<03:32,  6.24s/epoch, best=9.210e+01, sign=0.171, train=9.353e+01, val=9.241e+01]
GNN flow training:  67%|██████▋   | 67/100 [06:56<03:26,  6.26s/epoch, best=9.210e+01, sign=0.171, train=9.353e+01, val=9.241e+01]
GNN flow training:  67%|██████▋   | 67/100 [07:02<03:26,  6.26s/epoch, best=9.210e+01, sign=0.171, train=9.221e+01, val=9.004e+01]
GNN flow training:  68%|██████▊   | 68/100 [07:02<03:19,  6.23s/epoch, best=9.210e+01, sign=0.171, train=9.221e+01, val=9.004e+01]
GNN flow training:  68%|██████▊   | 68/100 [07:08<03:19,  6.23s/epoch, best=9.004e+01, sign=0.171, train=8.985e+01, val=8.951e+01]
GNN flow training:  69%|██████▉   | 69/100 [07:08<03:12,  6.22s/epoch, best=9.004e+01, sign=0.171, train=8.985e+01, val=8.951e+01]
GNN flow training:  69%|██████▉   | 69/100 [07:14<03:12,  6.22s/epoch, best=8.951e+01, sign=0.171, train=8.931e+01, val=8.966e+01]
GNN flow training:  70%|███████   | 70/100 [07:14<03:06,  6.21s/epoch, best=8.951e+01, sign=0.171, train=8.931e+01, val=8.966e+01]
GNN flow training:  70%|███████   | 70/100 [07:20<03:06,  6.21s/epoch, best=8.951e+01, sign=0.170, train=8.946e+01, val=9.103e+01]
GNN flow training:  71%|███████   | 71/100 [07:20<02:59,  6.19s/epoch, best=8.951e+01, sign=0.170, train=8.946e+01, val=9.103e+01]
GNN flow training:  71%|███████   | 71/100 [07:27<02:59,  6.19s/epoch, best=8.951e+01, sign=0.167, train=9.082e+01, val=9.292e+01]
GNN flow training:  72%|███████▏  | 72/100 [07:27<02:53,  6.20s/epoch, best=8.951e+01, sign=0.167, train=9.082e+01, val=9.292e+01]
GNN flow training:  72%|███████▏  | 72/100 [07:33<02:53,  6.20s/epoch, best=8.951e+01, sign=0.166, train=9.272e+01, val=9.563e+01]
GNN flow training:  73%|███████▎  | 73/100 [07:33<02:47,  6.22s/epoch, best=8.951e+01, sign=0.166, train=9.272e+01, val=9.563e+01]
GNN flow training:  73%|███████▎  | 73/100 [07:39<02:47,  6.22s/epoch, best=8.951e+01, sign=0.165, train=9.542e+01, val=9.882e+01]
GNN flow training:  74%|███████▍  | 74/100 [07:39<02:41,  6.23s/epoch, best=8.951e+01, sign=0.165, train=9.542e+01, val=9.882e+01]
GNN flow training:  74%|███████▍  | 74/100 [07:45<02:41,  6.23s/epoch, best=8.951e+01, sign=0.163, train=9.862e+01, val=9.978e+01]
GNN flow training:  75%|███████▌  | 75/100 [07:45<02:35,  6.24s/epoch, best=8.951e+01, sign=0.163, train=9.862e+01, val=9.978e+01]
GNN flow training:  75%|███████▌  | 75/100 [07:52<02:35,  6.24s/epoch, best=8.951e+01, sign=0.164, train=9.958e+01, val=9.773e+01]
GNN flow training:  76%|███████▌  | 76/100 [07:52<02:29,  6.21s/epoch, best=8.951e+01, sign=0.164, train=9.958e+01, val=9.773e+01]
GNN flow training:  76%|███████▌  | 76/100 [07:58<02:29,  6.21s/epoch, best=8.951e+01, sign=0.165, train=9.752e+01, val=9.502e+01]
GNN flow training:  77%|███████▋  | 77/100 [07:58<02:22,  6.20s/epoch, best=8.951e+01, sign=0.165, train=9.752e+01, val=9.502e+01]
GNN flow training:  77%|███████▋  | 77/100 [08:04<02:22,  6.20s/epoch, best=8.951e+01, sign=0.166, train=9.481e+01, val=9.288e+01]
GNN flow training:  78%|███████▊  | 78/100 [08:04<02:16,  6.21s/epoch, best=8.951e+01, sign=0.166, train=9.481e+01, val=9.288e+01]
GNN flow training:  78%|███████▊  | 78/100 [08:10<02:16,  6.21s/epoch, best=8.951e+01, sign=0.166, train=9.267e+01, val=8.957e+01]
GNN flow training:  79%|███████▉  | 79/100 [08:10<02:10,  6.21s/epoch, best=8.951e+01, sign=0.166, train=9.267e+01, val=8.957e+01]
GNN flow training:  79%|███████▉  | 79/100 [08:16<02:10,  6.21s/epoch, best=8.951e+01, sign=0.167, train=8.936e+01, val=9.068e+01]
GNN flow training:  80%|████████  | 80/100 [08:16<02:04,  6.21s/epoch, best=8.951e+01, sign=0.167, train=8.936e+01, val=9.068e+01]
GNN flow training:  80%|████████  | 80/100 [08:23<02:04,  6.21s/epoch, best=8.951e+01, sign=0.162, train=9.048e+01, val=1.002e+02]
GNN flow training:  81%|████████  | 81/100 [08:23<01:57,  6.20s/epoch, best=8.951e+01, sign=0.162, train=9.048e+01, val=1.002e+02]
GNN flow training:  81%|████████  | 81/100 [08:29<01:57,  6.20s/epoch, best=8.951e+01, sign=0.159, train=9.999e+01, val=1.084e+02]
GNN flow training:  82%|████████▏ | 82/100 [08:29<01:51,  6.21s/epoch, best=8.951e+01, sign=0.159, train=9.999e+01, val=1.084e+02]
GNN flow training:  82%|████████▏ | 82/100 [08:35<01:51,  6.21s/epoch, best=8.951e+01, sign=0.158, train=1.083e+02, val=1.119e+02]
GNN flow training:  83%|████████▎ | 83/100 [08:35<01:45,  6.20s/epoch, best=8.951e+01, sign=0.158, train=1.083e+02, val=1.119e+02]
GNN flow training:  83%|████████▎ | 83/100 [08:41<01:45,  6.20s/epoch, best=8.951e+01, sign=0.156, train=1.117e+02, val=1.151e+02]
GNN flow training:  84%|████████▍ | 84/100 [08:41<01:39,  6.21s/epoch, best=8.951e+01, sign=0.156, train=1.117e+02, val=1.151e+02]
GNN flow training:  84%|████████▍ | 84/100 [08:47<01:39,  6.21s/epoch, best=8.951e+01, sign=0.156, train=1.149e+02, val=1.150e+02]
GNN flow training:  85%|████████▌ | 85/100 [08:47<01:33,  6.21s/epoch, best=8.951e+01, sign=0.156, train=1.149e+02, val=1.150e+02]
GNN flow training:  85%|████████▌ | 85/100 [08:54<01:33,  6.21s/epoch, best=8.951e+01, sign=0.157, train=1.149e+02, val=1.121e+02]
GNN flow training:  86%|████████▌ | 86/100 [08:54<01:26,  6.21s/epoch, best=8.951e+01, sign=0.157, train=1.149e+02, val=1.121e+02]
GNN flow training:  86%|████████▌ | 86/100 [09:00<01:26,  6.21s/epoch, best=8.951e+01, sign=0.159, train=1.120e+02, val=1.078e+02]
GNN flow training:  87%|████████▋ | 87/100 [09:00<01:20,  6.20s/epoch, best=8.951e+01, sign=0.159, train=1.120e+02, val=1.078e+02]
GNN flow training:  87%|████████▋ | 87/100 [09:06<01:20,  6.20s/epoch, best=8.951e+01, sign=0.160, train=1.076e+02, val=1.036e+02]
GNN flow training:  88%|████████▊ | 88/100 [09:06<01:14,  6.19s/epoch, best=8.951e+01, sign=0.160, train=1.076e+02, val=1.036e+02]
GNN flow training:  88%|████████▊ | 88/100 [09:12<01:14,  6.19s/epoch, best=8.951e+01, sign=0.163, train=1.034e+02, val=9.920e+01]
GNN flow training:  89%|████████▉ | 89/100 [09:12<01:08,  6.19s/epoch, best=8.951e+01, sign=0.163, train=1.034e+02, val=9.920e+01]
GNN flow training:  89%|████████▉ | 89/100 [09:18<01:08,  6.19s/epoch, best=8.951e+01, sign=0.161, train=9.902e+01, val=9.763e+01]
GNN flow training:  90%|█████████ | 90/100 [09:18<01:02,  6.20s/epoch, best=8.951e+01, sign=0.161, train=9.902e+01, val=9.763e+01]
GNN flow training:  90%|█████████ | 90/100 [09:25<01:02,  6.20s/epoch, best=8.951e+01, sign=0.161, train=9.744e+01, val=9.716e+01]
GNN flow training:  91%|█████████ | 91/100 [09:25<00:55,  6.22s/epoch, best=8.951e+01, sign=0.161, train=9.744e+01, val=9.716e+01]
GNN flow training:  91%|█████████ | 91/100 [09:31<00:55,  6.22s/epoch, best=8.951e+01, sign=0.162, train=9.697e+01, val=9.743e+01]
GNN flow training:  92%|█████████▏| 92/100 [09:31<00:49,  6.21s/epoch, best=8.951e+01, sign=0.162, train=9.697e+01, val=9.743e+01]
GNN flow training:  92%|█████████▏| 92/100 [09:37<00:49,  6.21s/epoch, best=8.951e+01, sign=0.164, train=9.724e+01, val=9.616e+01]
GNN flow training:  93%|█████████▎| 93/100 [09:37<00:43,  6.21s/epoch, best=8.951e+01, sign=0.164, train=9.724e+01, val=9.616e+01]
GNN flow training:  93%|█████████▎| 93/100 [09:43<00:43,  6.21s/epoch, best=8.951e+01, sign=0.163, train=9.595e+01, val=9.630e+01]
GNN flow training:  94%|█████████▍| 94/100 [09:43<00:37,  6.20s/epoch, best=8.951e+01, sign=0.163, train=9.595e+01, val=9.630e+01]
GNN flow training:  94%|█████████▍| 94/100 [09:50<00:37,  6.20s/epoch, best=8.951e+01, sign=0.163, train=9.608e+01, val=9.532e+01]
GNN flow training:  95%|█████████▌| 95/100 [09:50<00:31,  6.22s/epoch, best=8.951e+01, sign=0.163, train=9.608e+01, val=9.532e+01]
GNN flow training:  95%|█████████▌| 95/100 [09:56<00:31,  6.22s/epoch, best=8.951e+01, sign=0.165, train=9.510e+01, val=9.433e+01]
GNN flow training:  96%|█████████▌| 96/100 [09:56<00:24,  6.22s/epoch, best=8.951e+01, sign=0.165, train=9.510e+01, val=9.433e+01]
GNN flow training:  96%|█████████▌| 96/100 [10:02<00:24,  6.22s/epoch, best=8.951e+01, sign=0.166, train=9.410e+01, val=9.295e+01]
GNN flow training:  97%|█████████▋| 97/100 [10:02<00:18,  6.24s/epoch, best=8.951e+01, sign=0.166, train=9.410e+01, val=9.295e+01]
GNN flow training:  97%|█████████▋| 97/100 [10:08<00:18,  6.24s/epoch, best=8.951e+01, sign=0.167, train=9.272e+01, val=9.066e+01]
GNN flow training:  98%|█████████▊| 98/100 [10:08<00:12,  6.22s/epoch, best=8.951e+01, sign=0.167, train=9.272e+01, val=9.066e+01]
GNN flow training:  98%|█████████▊| 98/100 [10:14<00:12,  6.22s/epoch, best=8.951e+01, sign=0.167, train=9.043e+01, val=8.933e+01]
GNN flow training:  99%|█████████▉| 99/100 [10:14<00:06,  6.22s/epoch, best=8.951e+01, sign=0.167, train=9.043e+01, val=8.933e+01]
GNN flow training:  99%|█████████▉| 99/100 [10:21<00:06,  6.22s/epoch, best=8.933e+01, sign=0.167, train=8.911e+01, val=8.982e+01]
GNN flow training: 100%|██████████| 100/100 [10:21<00:00,  6.22s/epoch, best=8.933e+01, sign=0.167, train=8.911e+01, val=8.982e+01]
GNN flow training: 100%|██████████| 100/100 [10:21<00:00,  6.21s/epoch, best=8.933e+01, sign=0.167, train=8.911e+01, val=8.982e+01]
Resolved config snapshot:
{'preset': 'solver_QKB_outer_QKBdelta', 'gnn_outer_losses': {'flow': 10.0, 'kirchhoff': 100.0, 'boundary': 100.0, 'delta_l2': 0.1, 'delta_smooth': 0.0, 'pressure_shape': 0.0}, 'physics': {'arterial_flow_mode': 'dataset', 'pressure_constraints': ['equal-a-equal-v'], 'alpha_pa': None, 'use_snr_weights': True, 'use_observed_flow_snr_weighting': True, 'flow_scale_mode': 'median_abs', 'solver_device': 'same', 'pressure_solver_mode': 'reduced-soft-constrained-lstsq', 'pressure_solver_lambda_kirchhoff': 1.0, 'pressure_solver_lambda_pressure_constraints': 100.0, 'pressure_solver_lambda_flow_residual': 1.0, 'pressure_shape_reference': 'delta_zero_reference', 'pressure_detach': False}, 'correction_bounds': {'correction_min': -0.5, 'correction_max': 0.5, 'correction_bound': 0.5, 'correction_parameterization': 'tanh'}, 'optimization': {'learning_rate': 0.001, 'weight_decay': 0.0001, 'gradient_clip_norm': 5.0, 'optimizer': 'adamw', 'epochs': 100, 'patience': 40}}
Shard 45/80: 1 of 80 runs
Command: /mnt/home/sswee/miniforge3/envs/yolk-sac/bin/python /mnt/home/sswee/yolk/Yolk-Sac-Flow-Data-and-Sim/gnn_clean/scripts/python/gnn_flow.py /mnt/home/sswee/yolk/Yolk-Sac-Flow-Data-and-Sim/gnn_clean/datasets/mosaic_graph_norm_canonical.gpickle --output-dir /mnt/home/sswee/yolk/Yolk-Sac-Flow-Data-and-Sim/gnn_clean/outputs_canonical_norm/dc/02_physics_weight_sweep/gnn --run-name q_10__k_100__delta_0p1 --preset solver_QKB_outer_QKBdelta --device cuda --epochs 100 --seed 0 --viscosity-pa-s 0.0035 --config /mnt/home/sswee/yolk/Yolk-Sac-Flow-Data-and-Sim/gnn_clean/outputs_canonical_norm/dc/02_physics_weight_sweep/_generated_configs/q_10__k_100__delta_0p1.yaml --no-pressure-detach
