[info] DC Step 2 canonical sweep uses fixed lambda_B=100.0 for both the outer boundary loss and the reduced pressure-solver boundary constraint.

GNN flow training:   0%|          | 0/100 [00:00<?, ?epoch/s]
GNN flow training:   0%|          | 0/100 [00:06<?, ?epoch/s, best=2.667e+00, sign=0.160, train=2.651e+00, val=2.667e+00]
GNN flow training:   1%|          | 1/100 [00:06<10:11,  6.18s/epoch, best=2.667e+00, sign=0.160, train=2.651e+00, val=2.667e+00]
GNN flow training:   1%|          | 1/100 [00:12<10:11,  6.18s/epoch, best=2.667e+00, sign=0.160, train=2.649e+00, val=2.667e+00]
GNN flow training:   2%|▏         | 2/100 [00:12<10:00,  6.13s/epoch, best=2.667e+00, sign=0.160, train=2.649e+00, val=2.667e+00]
GNN flow training:   2%|▏         | 2/100 [00:18<10:00,  6.13s/epoch, best=2.667e+00, sign=0.159, train=2.648e+00, val=2.668e+00]
GNN flow training:   3%|▎         | 3/100 [00:18<09:53,  6.12s/epoch, best=2.667e+00, sign=0.159, train=2.648e+00, val=2.668e+00]
GNN flow training:   3%|▎         | 3/100 [00:24<09:53,  6.12s/epoch, best=2.667e+00, sign=0.159, train=2.649e+00, val=2.670e+00]
GNN flow training:   4%|▍         | 4/100 [00:24<09:49,  6.14s/epoch, best=2.667e+00, sign=0.159, train=2.649e+00, val=2.670e+00]
GNN flow training:   4%|▍         | 4/100 [00:30<09:49,  6.14s/epoch, best=2.667e+00, sign=0.159, train=2.651e+00, val=2.669e+00]
GNN flow training:   5%|▌         | 5/100 [00:30<09:42,  6.13s/epoch, best=2.667e+00, sign=0.159, train=2.651e+00, val=2.669e+00]
GNN flow training:   5%|▌         | 5/100 [00:36<09:42,  6.13s/epoch, best=2.667e+00, sign=0.160, train=2.649e+00, val=2.667e+00]
GNN flow training:   6%|▌         | 6/100 [00:36<09:36,  6.14s/epoch, best=2.667e+00, sign=0.160, train=2.649e+00, val=2.667e+00]
GNN flow training:   6%|▌         | 6/100 [00:42<09:36,  6.14s/epoch, best=2.667e+00, sign=0.160, train=2.648e+00, val=2.668e+00]
GNN flow training:   7%|▋         | 7/100 [00:42<09:29,  6.12s/epoch, best=2.667e+00, sign=0.160, train=2.648e+00, val=2.668e+00]
GNN flow training:   7%|▋         | 7/100 [00:49<09:29,  6.12s/epoch, best=2.667e+00, sign=0.160, train=2.649e+00, val=2.667e+00]
GNN flow training:   8%|▊         | 8/100 [00:49<09:22,  6.12s/epoch, best=2.667e+00, sign=0.160, train=2.649e+00, val=2.667e+00]
GNN flow training:   8%|▊         | 8/100 [00:55<09:22,  6.12s/epoch, best=2.667e+00, sign=0.160, train=2.648e+00, val=2.665e+00]
GNN flow training:   9%|▉         | 9/100 [00:55<09:16,  6.11s/epoch, best=2.667e+00, sign=0.160, train=2.648e+00, val=2.665e+00]
GNN flow training:   9%|▉         | 9/100 [01:01<09:16,  6.11s/epoch, best=2.665e+00, sign=0.159, train=2.646e+00, val=2.665e+00]
GNN flow training:  10%|█         | 10/100 [01:01<09:11,  6.13s/epoch, best=2.665e+00, sign=0.159, train=2.646e+00, val=2.665e+00]
GNN flow training:  10%|█         | 10/100 [01:07<09:11,  6.13s/epoch, best=2.665e+00, sign=0.159, train=2.646e+00, val=2.664e+00]
GNN flow training:  11%|█         | 11/100 [01:07<09:04,  6.11s/epoch, best=2.665e+00, sign=0.159, train=2.646e+00, val=2.664e+00]
GNN flow training:  11%|█         | 11/100 [01:13<09:04,  6.11s/epoch, best=2.664e+00, sign=0.159, train=2.645e+00, val=2.664e+00]
GNN flow training:  12%|█▏        | 12/100 [01:13<08:58,  6.11s/epoch, best=2.664e+00, sign=0.159, train=2.645e+00, val=2.664e+00]
GNN flow training:  12%|█▏        | 12/100 [01:19<08:58,  6.11s/epoch, best=2.664e+00, sign=0.159, train=2.646e+00, val=2.664e+00]
GNN flow training:  13%|█▎        | 13/100 [01:19<08:51,  6.11s/epoch, best=2.664e+00, sign=0.159, train=2.646e+00, val=2.664e+00]
GNN flow training:  13%|█▎        | 13/100 [01:25<08:51,  6.11s/epoch, best=2.664e+00, sign=0.159, train=2.646e+00, val=2.664e+00]
GNN flow training:  14%|█▍        | 14/100 [01:25<08:43,  6.09s/epoch, best=2.664e+00, sign=0.159, train=2.646e+00, val=2.664e+00]
GNN flow training:  14%|█▍        | 14/100 [01:31<08:43,  6.09s/epoch, best=2.664e+00, sign=0.159, train=2.644e+00, val=2.666e+00]
GNN flow training:  15%|█▌        | 15/100 [01:31<08:36,  6.08s/epoch, best=2.664e+00, sign=0.159, train=2.644e+00, val=2.666e+00]
GNN flow training:  15%|█▌        | 15/100 [01:37<08:36,  6.08s/epoch, best=2.664e+00, sign=0.157, train=2.646e+00, val=2.671e+00]
GNN flow training:  16%|█▌        | 16/100 [01:37<08:31,  6.09s/epoch, best=2.664e+00, sign=0.157, train=2.646e+00, val=2.671e+00]
GNN flow training:  16%|█▌        | 16/100 [01:43<08:31,  6.09s/epoch, best=2.664e+00, sign=0.157, train=2.652e+00, val=2.666e+00]
GNN flow training:  17%|█▋        | 17/100 [01:43<08:27,  6.11s/epoch, best=2.664e+00, sign=0.157, train=2.652e+00, val=2.666e+00]
GNN flow training:  17%|█▋        | 17/100 [01:50<08:27,  6.11s/epoch, best=2.664e+00, sign=0.158, train=2.646e+00, val=2.662e+00]
GNN flow training:  18%|█▊        | 18/100 [01:50<08:19,  6.10s/epoch, best=2.664e+00, sign=0.158, train=2.646e+00, val=2.662e+00]
GNN flow training:  18%|█▊        | 18/100 [01:56<08:19,  6.10s/epoch, best=2.662e+00, sign=0.159, train=2.643e+00, val=2.660e+00]
GNN flow training:  19%|█▉        | 19/100 [01:56<08:13,  6.09s/epoch, best=2.662e+00, sign=0.159, train=2.643e+00, val=2.660e+00]
GNN flow training:  19%|█▉        | 19/100 [02:02<08:13,  6.09s/epoch, best=2.660e+00, sign=0.159, train=2.641e+00, val=2.660e+00]
GNN flow training:  20%|██        | 20/100 [02:02<08:07,  6.10s/epoch, best=2.660e+00, sign=0.159, train=2.641e+00, val=2.660e+00]
GNN flow training:  20%|██        | 20/100 [02:08<08:07,  6.10s/epoch, best=2.660e+00, sign=0.159, train=2.642e+00, val=2.660e+00]
GNN flow training:  21%|██        | 21/100 [02:08<08:01,  6.09s/epoch, best=2.660e+00, sign=0.159, train=2.642e+00, val=2.660e+00]
GNN flow training:  21%|██        | 21/100 [02:14<08:01,  6.09s/epoch, best=2.660e+00, sign=0.159, train=2.642e+00, val=2.661e+00]
GNN flow training:  22%|██▏       | 22/100 [02:14<07:55,  6.09s/epoch, best=2.660e+00, sign=0.159, train=2.642e+00, val=2.661e+00]
GNN flow training:  22%|██▏       | 22/100 [02:20<07:55,  6.09s/epoch, best=2.660e+00, sign=0.159, train=2.642e+00, val=2.661e+00]
GNN flow training:  23%|██▎       | 23/100 [02:20<07:47,  6.08s/epoch, best=2.660e+00, sign=0.159, train=2.642e+00, val=2.661e+00]
GNN flow training:  23%|██▎       | 23/100 [02:26<07:47,  6.08s/epoch, best=2.660e+00, sign=0.159, train=2.642e+00, val=2.661e+00]
GNN flow training:  24%|██▍       | 24/100 [02:26<07:42,  6.08s/epoch, best=2.660e+00, sign=0.159, train=2.642e+00, val=2.661e+00]
GNN flow training:  24%|██▍       | 24/100 [02:32<07:42,  6.08s/epoch, best=2.660e+00, sign=0.159, train=2.642e+00, val=2.660e+00]
GNN flow training:  25%|██▌       | 25/100 [02:32<07:36,  6.09s/epoch, best=2.660e+00, sign=0.159, train=2.642e+00, val=2.660e+00]
GNN flow training:  25%|██▌       | 25/100 [02:38<07:36,  6.09s/epoch, best=2.660e+00, sign=0.158, train=2.641e+00, val=2.659e+00]
GNN flow training:  26%|██▌       | 26/100 [02:38<07:30,  6.08s/epoch, best=2.660e+00, sign=0.158, train=2.641e+00, val=2.659e+00]
GNN flow training:  26%|██▌       | 26/100 [02:44<07:30,  6.08s/epoch, best=2.659e+00, sign=0.157, train=2.640e+00, val=2.658e+00]
GNN flow training:  27%|██▋       | 27/100 [02:44<07:23,  6.07s/epoch, best=2.659e+00, sign=0.157, train=2.640e+00, val=2.658e+00]
GNN flow training:  27%|██▋       | 27/100 [02:50<07:23,  6.07s/epoch, best=2.658e+00, sign=0.157, train=2.639e+00, val=2.658e+00]
GNN flow training:  28%|██▊       | 28/100 [02:50<07:15,  6.05s/epoch, best=2.658e+00, sign=0.157, train=2.639e+00, val=2.658e+00]
GNN flow training:  28%|██▊       | 28/100 [02:56<07:15,  6.05s/epoch, best=2.658e+00, sign=0.156, train=2.639e+00, val=2.657e+00]
GNN flow training:  29%|██▉       | 29/100 [02:56<07:12,  6.09s/epoch, best=2.658e+00, sign=0.156, train=2.639e+00, val=2.657e+00]
GNN flow training:  29%|██▉       | 29/100 [03:02<07:12,  6.09s/epoch, best=2.657e+00, sign=0.156, train=2.638e+00, val=2.657e+00]
GNN flow training:  30%|███       | 30/100 [03:02<07:05,  6.08s/epoch, best=2.657e+00, sign=0.156, train=2.638e+00, val=2.657e+00]
GNN flow training:  30%|███       | 30/100 [03:09<07:05,  6.08s/epoch, best=2.657e+00, sign=0.156, train=2.638e+00, val=2.657e+00]
GNN flow training:  31%|███       | 31/100 [03:09<07:00,  6.09s/epoch, best=2.657e+00, sign=0.156, train=2.638e+00, val=2.657e+00]
GNN flow training:  31%|███       | 31/100 [03:15<07:00,  6.09s/epoch, best=2.657e+00, sign=0.156, train=2.638e+00, val=2.657e+00]
GNN flow training:  32%|███▏      | 32/100 [03:15<06:54,  6.10s/epoch, best=2.657e+00, sign=0.156, train=2.638e+00, val=2.657e+00]
GNN flow training:  32%|███▏      | 32/100 [03:21<06:54,  6.10s/epoch, best=2.657e+00, sign=0.156, train=2.637e+00, val=2.656e+00]
GNN flow training:  33%|███▎      | 33/100 [03:21<06:49,  6.10s/epoch, best=2.657e+00, sign=0.156, train=2.637e+00, val=2.656e+00]
GNN flow training:  33%|███▎      | 33/100 [03:27<06:49,  6.10s/epoch, best=2.656e+00, sign=0.156, train=2.636e+00, val=2.655e+00]
GNN flow training:  34%|███▍      | 34/100 [03:27<06:42,  6.11s/epoch, best=2.656e+00, sign=0.156, train=2.636e+00, val=2.655e+00]
GNN flow training:  34%|███▍      | 34/100 [03:33<06:42,  6.11s/epoch, best=2.655e+00, sign=0.155, train=2.636e+00, val=2.654e+00]
GNN flow training:  35%|███▌      | 35/100 [03:33<06:36,  6.10s/epoch, best=2.655e+00, sign=0.155, train=2.636e+00, val=2.654e+00]
GNN flow training:  35%|███▌      | 35/100 [03:39<06:36,  6.10s/epoch, best=2.654e+00, sign=0.156, train=2.635e+00, val=2.654e+00]
GNN flow training:  36%|███▌      | 36/100 [03:39<06:29,  6.09s/epoch, best=2.654e+00, sign=0.156, train=2.635e+00, val=2.654e+00]
GNN flow training:  36%|███▌      | 36/100 [03:45<06:29,  6.09s/epoch, best=2.654e+00, sign=0.156, train=2.634e+00, val=2.654e+00]
GNN flow training:  37%|███▋      | 37/100 [03:45<06:24,  6.11s/epoch, best=2.654e+00, sign=0.156, train=2.634e+00, val=2.654e+00]
GNN flow training:  37%|███▋      | 37/100 [03:51<06:24,  6.11s/epoch, best=2.654e+00, sign=0.156, train=2.634e+00, val=2.654e+00]
GNN flow training:  38%|███▊      | 38/100 [03:51<06:19,  6.12s/epoch, best=2.654e+00, sign=0.156, train=2.634e+00, val=2.654e+00]
GNN flow training:  38%|███▊      | 38/100 [03:57<06:19,  6.12s/epoch, best=2.654e+00, sign=0.156, train=2.634e+00, val=2.653e+00]
GNN flow training:  39%|███▉      | 39/100 [03:57<06:13,  6.12s/epoch, best=2.654e+00, sign=0.156, train=2.634e+00, val=2.653e+00]
GNN flow training:  39%|███▉      | 39/100 [04:04<06:13,  6.12s/epoch, best=2.653e+00, sign=0.155, train=2.634e+00, val=2.652e+00]
GNN flow training:  40%|████      | 40/100 [04:04<06:06,  6.10s/epoch, best=2.653e+00, sign=0.155, train=2.634e+00, val=2.652e+00]
GNN flow training:  40%|████      | 40/100 [04:10<06:06,  6.10s/epoch, best=2.652e+00, sign=0.154, train=2.633e+00, val=2.653e+00]
GNN flow training:  41%|████      | 41/100 [04:10<05:58,  6.08s/epoch, best=2.652e+00, sign=0.154, train=2.633e+00, val=2.653e+00]
GNN flow training:  41%|████      | 41/100 [04:16<05:58,  6.08s/epoch, best=2.652e+00, sign=0.154, train=2.633e+00, val=2.653e+00]
GNN flow training:  42%|████▏     | 42/100 [04:16<05:54,  6.11s/epoch, best=2.652e+00, sign=0.154, train=2.633e+00, val=2.653e+00]
GNN flow training:  42%|████▏     | 42/100 [04:22<05:54,  6.11s/epoch, best=2.652e+00, sign=0.153, train=2.632e+00, val=2.653e+00]
GNN flow training:  43%|████▎     | 43/100 [04:22<05:47,  6.10s/epoch, best=2.652e+00, sign=0.153, train=2.632e+00, val=2.653e+00]
GNN flow training:  43%|████▎     | 43/100 [04:28<05:47,  6.10s/epoch, best=2.652e+00, sign=0.153, train=2.633e+00, val=2.651e+00]
GNN flow training:  44%|████▍     | 44/100 [04:28<05:41,  6.09s/epoch, best=2.652e+00, sign=0.153, train=2.633e+00, val=2.651e+00]
GNN flow training:  44%|████▍     | 44/100 [04:34<05:41,  6.09s/epoch, best=2.651e+00, sign=0.154, train=2.631e+00, val=2.651e+00]
GNN flow training:  45%|████▌     | 45/100 [04:34<05:35,  6.10s/epoch, best=2.651e+00, sign=0.154, train=2.631e+00, val=2.651e+00]
GNN flow training:  45%|████▌     | 45/100 [04:40<05:35,  6.10s/epoch, best=2.651e+00, sign=0.155, train=2.630e+00, val=2.650e+00]
GNN flow training:  46%|████▌     | 46/100 [04:40<05:29,  6.10s/epoch, best=2.651e+00, sign=0.155, train=2.630e+00, val=2.650e+00]
GNN flow training:  46%|████▌     | 46/100 [04:46<05:29,  6.10s/epoch, best=2.650e+00, sign=0.155, train=2.630e+00, val=2.650e+00]
GNN flow training:  47%|████▋     | 47/100 [04:46<05:23,  6.10s/epoch, best=2.650e+00, sign=0.155, train=2.630e+00, val=2.650e+00]
GNN flow training:  47%|████▋     | 47/100 [04:52<05:23,  6.10s/epoch, best=2.650e+00, sign=0.154, train=2.630e+00, val=2.650e+00]
GNN flow training:  48%|████▊     | 48/100 [04:52<05:17,  6.10s/epoch, best=2.650e+00, sign=0.154, train=2.630e+00, val=2.650e+00]
GNN flow training:  48%|████▊     | 48/100 [04:58<05:17,  6.10s/epoch, best=2.650e+00, sign=0.154, train=2.630e+00, val=2.649e+00]
GNN flow training:  49%|████▉     | 49/100 [04:58<05:11,  6.10s/epoch, best=2.650e+00, sign=0.154, train=2.630e+00, val=2.649e+00]
GNN flow training:  49%|████▉     | 49/100 [05:05<05:11,  6.10s/epoch, best=2.649e+00, sign=0.153, train=2.629e+00, val=2.648e+00]
GNN flow training:  50%|█████     | 50/100 [05:05<05:06,  6.12s/epoch, best=2.649e+00, sign=0.153, train=2.629e+00, val=2.648e+00]
GNN flow training:  50%|█████     | 50/100 [05:11<05:06,  6.12s/epoch, best=2.648e+00, sign=0.153, train=2.627e+00, val=2.648e+00]
GNN flow training:  51%|█████     | 51/100 [05:11<04:59,  6.11s/epoch, best=2.648e+00, sign=0.153, train=2.627e+00, val=2.648e+00]
GNN flow training:  51%|█████     | 51/100 [05:17<04:59,  6.11s/epoch, best=2.648e+00, sign=0.151, train=2.627e+00, val=2.648e+00]
GNN flow training:  52%|█████▏    | 52/100 [05:17<04:54,  6.13s/epoch, best=2.648e+00, sign=0.151, train=2.627e+00, val=2.648e+00]
GNN flow training:  52%|█████▏    | 52/100 [05:23<04:54,  6.13s/epoch, best=2.648e+00, sign=0.151, train=2.627e+00, val=2.647e+00]
GNN flow training:  53%|█████▎    | 53/100 [05:23<04:48,  6.13s/epoch, best=2.648e+00, sign=0.151, train=2.627e+00, val=2.647e+00]
GNN flow training:  53%|█████▎    | 53/100 [05:29<04:48,  6.13s/epoch, best=2.647e+00, sign=0.153, train=2.626e+00, val=2.647e+00]
GNN flow training:  54%|█████▍    | 54/100 [05:29<04:41,  6.11s/epoch, best=2.647e+00, sign=0.153, train=2.626e+00, val=2.647e+00]
GNN flow training:  54%|█████▍    | 54/100 [05:35<04:41,  6.11s/epoch, best=2.647e+00, sign=0.153, train=2.625e+00, val=2.646e+00]
GNN flow training:  55%|█████▌    | 55/100 [05:35<04:35,  6.12s/epoch, best=2.647e+00, sign=0.153, train=2.625e+00, val=2.646e+00]
GNN flow training:  55%|█████▌    | 55/100 [05:41<04:35,  6.12s/epoch, best=2.646e+00, sign=0.153, train=2.625e+00, val=2.646e+00]
GNN flow training:  56%|█████▌    | 56/100 [05:41<04:29,  6.12s/epoch, best=2.646e+00, sign=0.153, train=2.625e+00, val=2.646e+00]
GNN flow training:  56%|█████▌    | 56/100 [05:47<04:29,  6.12s/epoch, best=2.646e+00, sign=0.153, train=2.625e+00, val=2.645e+00]
GNN flow training:  57%|█████▋    | 57/100 [05:47<04:23,  6.13s/epoch, best=2.646e+00, sign=0.153, train=2.625e+00, val=2.645e+00]
GNN flow training:  57%|█████▋    | 57/100 [05:54<04:23,  6.13s/epoch, best=2.645e+00, sign=0.153, train=2.624e+00, val=2.644e+00]
GNN flow training:  58%|█████▊    | 58/100 [05:54<04:17,  6.12s/epoch, best=2.645e+00, sign=0.153, train=2.624e+00, val=2.644e+00]
GNN flow training:  58%|█████▊    | 58/100 [06:00<04:17,  6.12s/epoch, best=2.644e+00, sign=0.152, train=2.622e+00, val=2.644e+00]
GNN flow training:  59%|█████▉    | 59/100 [06:00<04:10,  6.12s/epoch, best=2.644e+00, sign=0.152, train=2.622e+00, val=2.644e+00]
GNN flow training:  59%|█████▉    | 59/100 [06:06<04:10,  6.12s/epoch, best=2.644e+00, sign=0.152, train=2.622e+00, val=2.644e+00]
GNN flow training:  60%|██████    | 60/100 [06:06<04:04,  6.11s/epoch, best=2.644e+00, sign=0.152, train=2.622e+00, val=2.644e+00]
GNN flow training:  60%|██████    | 60/100 [06:12<04:04,  6.11s/epoch, best=2.644e+00, sign=0.152, train=2.621e+00, val=2.645e+00]
GNN flow training:  61%|██████    | 61/100 [06:12<03:58,  6.10s/epoch, best=2.644e+00, sign=0.152, train=2.621e+00, val=2.645e+00]
GNN flow training:  61%|██████    | 61/100 [06:18<03:58,  6.10s/epoch, best=2.644e+00, sign=0.152, train=2.622e+00, val=2.644e+00]
GNN flow training:  62%|██████▏   | 62/100 [06:18<03:52,  6.11s/epoch, best=2.644e+00, sign=0.152, train=2.622e+00, val=2.644e+00]
GNN flow training:  62%|██████▏   | 62/100 [06:24<03:52,  6.11s/epoch, best=2.644e+00, sign=0.152, train=2.621e+00, val=2.644e+00]
GNN flow training:  63%|██████▎   | 63/100 [06:24<03:45,  6.11s/epoch, best=2.644e+00, sign=0.152, train=2.621e+00, val=2.644e+00]
GNN flow training:  63%|██████▎   | 63/100 [06:30<03:45,  6.11s/epoch, best=2.644e+00, sign=0.152, train=2.621e+00, val=2.644e+00]
GNN flow training:  64%|██████▍   | 64/100 [06:30<03:39,  6.09s/epoch, best=2.644e+00, sign=0.152, train=2.621e+00, val=2.644e+00]
GNN flow training:  64%|██████▍   | 64/100 [06:36<03:39,  6.09s/epoch, best=2.644e+00, sign=0.151, train=2.622e+00, val=2.644e+00]
GNN flow training:  65%|██████▌   | 65/100 [06:36<03:33,  6.09s/epoch, best=2.644e+00, sign=0.151, train=2.622e+00, val=2.644e+00]
GNN flow training:  65%|██████▌   | 65/100 [06:42<03:33,  6.09s/epoch, best=2.644e+00, sign=0.151, train=2.621e+00, val=2.644e+00]
GNN flow training:  66%|██████▌   | 66/100 [06:42<03:27,  6.09s/epoch, best=2.644e+00, sign=0.151, train=2.621e+00, val=2.644e+00]
GNN flow training:  66%|██████▌   | 66/100 [06:48<03:27,  6.09s/epoch, best=2.644e+00, sign=0.151, train=2.621e+00, val=2.644e+00]
GNN flow training:  67%|██████▋   | 67/100 [06:48<03:21,  6.09s/epoch, best=2.644e+00, sign=0.151, train=2.621e+00, val=2.644e+00]
GNN flow training:  67%|██████▋   | 67/100 [06:55<03:21,  6.09s/epoch, best=2.644e+00, sign=0.151, train=2.621e+00, val=2.643e+00]
GNN flow training:  68%|██████▊   | 68/100 [06:55<03:14,  6.09s/epoch, best=2.644e+00, sign=0.151, train=2.621e+00, val=2.643e+00]
GNN flow training:  68%|██████▊   | 68/100 [07:01<03:14,  6.09s/epoch, best=2.643e+00, sign=0.151, train=2.620e+00, val=2.642e+00]
GNN flow training:  69%|██████▉   | 69/100 [07:01<03:08,  6.08s/epoch, best=2.643e+00, sign=0.151, train=2.620e+00, val=2.642e+00]
GNN flow training:  69%|██████▉   | 69/100 [07:07<03:08,  6.08s/epoch, best=2.642e+00, sign=0.151, train=2.620e+00, val=2.642e+00]
GNN flow training:  70%|███████   | 70/100 [07:07<03:02,  6.09s/epoch, best=2.642e+00, sign=0.151, train=2.620e+00, val=2.642e+00]
GNN flow training:  70%|███████   | 70/100 [07:13<03:02,  6.09s/epoch, best=2.642e+00, sign=0.151, train=2.620e+00, val=2.642e+00]
GNN flow training:  71%|███████   | 71/100 [07:13<02:56,  6.09s/epoch, best=2.642e+00, sign=0.151, train=2.620e+00, val=2.642e+00]
GNN flow training:  71%|███████   | 71/100 [07:19<02:56,  6.09s/epoch, best=2.642e+00, sign=0.151, train=2.620e+00, val=2.642e+00]
GNN flow training:  72%|███████▏  | 72/100 [07:19<02:50,  6.09s/epoch, best=2.642e+00, sign=0.151, train=2.620e+00, val=2.642e+00]
GNN flow training:  72%|███████▏  | 72/100 [07:25<02:50,  6.09s/epoch, best=2.642e+00, sign=0.150, train=2.620e+00, val=2.642e+00]
GNN flow training:  73%|███████▎  | 73/100 [07:25<02:44,  6.09s/epoch, best=2.642e+00, sign=0.150, train=2.620e+00, val=2.642e+00]
GNN flow training:  73%|███████▎  | 73/100 [07:31<02:44,  6.09s/epoch, best=2.642e+00, sign=0.150, train=2.619e+00, val=2.642e+00]
GNN flow training:  74%|███████▍  | 74/100 [07:31<02:38,  6.09s/epoch, best=2.642e+00, sign=0.150, train=2.619e+00, val=2.642e+00]
GNN flow training:  74%|███████▍  | 74/100 [07:37<02:38,  6.09s/epoch, best=2.642e+00, sign=0.151, train=2.619e+00, val=2.641e+00]
GNN flow training:  75%|███████▌  | 75/100 [07:37<02:32,  6.09s/epoch, best=2.642e+00, sign=0.151, train=2.619e+00, val=2.641e+00]
GNN flow training:  75%|███████▌  | 75/100 [07:43<02:32,  6.09s/epoch, best=2.641e+00, sign=0.150, train=2.618e+00, val=2.642e+00]
GNN flow training:  76%|███████▌  | 76/100 [07:43<02:25,  6.08s/epoch, best=2.641e+00, sign=0.150, train=2.618e+00, val=2.642e+00]
GNN flow training:  76%|███████▌  | 76/100 [07:49<02:25,  6.08s/epoch, best=2.641e+00, sign=0.150, train=2.619e+00, val=2.641e+00]
GNN flow training:  77%|███████▋  | 77/100 [07:49<02:20,  6.09s/epoch, best=2.641e+00, sign=0.150, train=2.619e+00, val=2.641e+00]
GNN flow training:  77%|███████▋  | 77/100 [07:55<02:20,  6.09s/epoch, best=2.641e+00, sign=0.149, train=2.618e+00, val=2.642e+00]
GNN flow training:  78%|███████▊  | 78/100 [07:55<02:13,  6.08s/epoch, best=2.641e+00, sign=0.149, train=2.618e+00, val=2.642e+00]
GNN flow training:  78%|███████▊  | 78/100 [08:01<02:13,  6.08s/epoch, best=2.641e+00, sign=0.150, train=2.618e+00, val=2.642e+00]
GNN flow training:  79%|███████▉  | 79/100 [08:01<02:07,  6.08s/epoch, best=2.641e+00, sign=0.150, train=2.618e+00, val=2.642e+00]
GNN flow training:  79%|███████▉  | 79/100 [08:08<02:07,  6.08s/epoch, best=2.641e+00, sign=0.150, train=2.618e+00, val=2.642e+00]
GNN flow training:  80%|████████  | 80/100 [08:08<02:01,  6.10s/epoch, best=2.641e+00, sign=0.150, train=2.618e+00, val=2.642e+00]
GNN flow training:  80%|████████  | 80/100 [08:14<02:01,  6.10s/epoch, best=2.641e+00, sign=0.150, train=2.618e+00, val=2.642e+00]
GNN flow training:  81%|████████  | 81/100 [08:14<01:55,  6.10s/epoch, best=2.641e+00, sign=0.150, train=2.618e+00, val=2.642e+00]
GNN flow training:  81%|████████  | 81/100 [08:20<01:55,  6.10s/epoch, best=2.641e+00, sign=0.150, train=2.617e+00, val=2.642e+00]
GNN flow training:  82%|████████▏ | 82/100 [08:20<01:49,  6.10s/epoch, best=2.641e+00, sign=0.150, train=2.617e+00, val=2.642e+00]
GNN flow training:  82%|████████▏ | 82/100 [08:26<01:49,  6.10s/epoch, best=2.641e+00, sign=0.150, train=2.617e+00, val=2.643e+00]
GNN flow training:  83%|████████▎ | 83/100 [08:26<01:43,  6.11s/epoch, best=2.641e+00, sign=0.150, train=2.617e+00, val=2.643e+00]
GNN flow training:  83%|████████▎ | 83/100 [08:32<01:43,  6.11s/epoch, best=2.641e+00, sign=0.150, train=2.617e+00, val=2.642e+00]
GNN flow training:  84%|████████▍ | 84/100 [08:32<01:37,  6.10s/epoch, best=2.641e+00, sign=0.150, train=2.617e+00, val=2.642e+00]
GNN flow training:  84%|████████▍ | 84/100 [08:38<01:37,  6.10s/epoch, best=2.641e+00, sign=0.149, train=2.616e+00, val=2.642e+00]
GNN flow training:  85%|████████▌ | 85/100 [08:38<01:31,  6.10s/epoch, best=2.641e+00, sign=0.149, train=2.616e+00, val=2.642e+00]
GNN flow training:  85%|████████▌ | 85/100 [08:44<01:31,  6.10s/epoch, best=2.641e+00, sign=0.150, train=2.616e+00, val=2.642e+00]
GNN flow training:  86%|████████▌ | 86/100 [08:44<01:25,  6.10s/epoch, best=2.641e+00, sign=0.150, train=2.616e+00, val=2.642e+00]
GNN flow training:  86%|████████▌ | 86/100 [08:50<01:25,  6.10s/epoch, best=2.641e+00, sign=0.150, train=2.616e+00, val=2.642e+00]
GNN flow training:  87%|████████▋ | 87/100 [08:50<01:19,  6.10s/epoch, best=2.641e+00, sign=0.150, train=2.616e+00, val=2.642e+00]
GNN flow training:  87%|████████▋ | 87/100 [08:56<01:19,  6.10s/epoch, best=2.641e+00, sign=0.150, train=2.616e+00, val=2.643e+00]
GNN flow training:  88%|████████▊ | 88/100 [08:56<01:13,  6.10s/epoch, best=2.641e+00, sign=0.150, train=2.616e+00, val=2.643e+00]
GNN flow training:  88%|████████▊ | 88/100 [09:03<01:13,  6.10s/epoch, best=2.641e+00, sign=0.150, train=2.616e+00, val=2.641e+00]
GNN flow training:  89%|████████▉ | 89/100 [09:03<01:07,  6.10s/epoch, best=2.641e+00, sign=0.150, train=2.616e+00, val=2.641e+00]
GNN flow training:  89%|████████▉ | 89/100 [09:09<01:07,  6.10s/epoch, best=2.641e+00, sign=0.150, train=2.615e+00, val=2.642e+00]
GNN flow training:  90%|█████████ | 90/100 [09:09<01:00,  6.08s/epoch, best=2.641e+00, sign=0.150, train=2.615e+00, val=2.642e+00]
GNN flow training:  90%|█████████ | 90/100 [09:15<01:00,  6.08s/epoch, best=2.641e+00, sign=0.150, train=2.615e+00, val=2.641e+00]
GNN flow training:  91%|█████████ | 91/100 [09:15<00:54,  6.07s/epoch, best=2.641e+00, sign=0.150, train=2.615e+00, val=2.641e+00]
GNN flow training:  91%|█████████ | 91/100 [09:21<00:54,  6.07s/epoch, best=2.641e+00, sign=0.150, train=2.615e+00, val=2.641e+00]
GNN flow training:  92%|█████████▏| 92/100 [09:21<00:48,  6.08s/epoch, best=2.641e+00, sign=0.150, train=2.615e+00, val=2.641e+00]
GNN flow training:  92%|█████████▏| 92/100 [09:27<00:48,  6.08s/epoch, best=2.641e+00, sign=0.150, train=2.614e+00, val=2.641e+00]
GNN flow training:  93%|█████████▎| 93/100 [09:27<00:42,  6.09s/epoch, best=2.641e+00, sign=0.150, train=2.614e+00, val=2.641e+00]
GNN flow training:  93%|█████████▎| 93/100 [09:33<00:42,  6.09s/epoch, best=2.641e+00, sign=0.150, train=2.614e+00, val=2.640e+00]
GNN flow training:  94%|█████████▍| 94/100 [09:33<00:36,  6.10s/epoch, best=2.641e+00, sign=0.150, train=2.614e+00, val=2.640e+00]
GNN flow training:  94%|█████████▍| 94/100 [09:39<00:36,  6.10s/epoch, best=2.640e+00, sign=0.150, train=2.613e+00, val=2.640e+00]
GNN flow training:  95%|█████████▌| 95/100 [09:39<00:30,  6.09s/epoch, best=2.640e+00, sign=0.150, train=2.613e+00, val=2.640e+00]
GNN flow training:  95%|█████████▌| 95/100 [09:45<00:30,  6.09s/epoch, best=2.640e+00, sign=0.150, train=2.614e+00, val=2.639e+00]
GNN flow training:  96%|█████████▌| 96/100 [09:45<00:24,  6.09s/epoch, best=2.640e+00, sign=0.150, train=2.614e+00, val=2.639e+00]
GNN flow training:  96%|█████████▌| 96/100 [09:51<00:24,  6.09s/epoch, best=2.639e+00, sign=0.150, train=2.612e+00, val=2.640e+00]
GNN flow training:  97%|█████████▋| 97/100 [09:51<00:18,  6.08s/epoch, best=2.639e+00, sign=0.150, train=2.612e+00, val=2.640e+00]
GNN flow training:  97%|█████████▋| 97/100 [09:57<00:18,  6.08s/epoch, best=2.639e+00, sign=0.150, train=2.613e+00, val=2.640e+00]
GNN flow training:  98%|█████████▊| 98/100 [09:57<00:12,  6.09s/epoch, best=2.639e+00, sign=0.150, train=2.613e+00, val=2.640e+00]
GNN flow training:  98%|█████████▊| 98/100 [10:03<00:12,  6.09s/epoch, best=2.639e+00, sign=0.150, train=2.613e+00, val=2.639e+00]
GNN flow training:  99%|█████████▉| 99/100 [10:03<00:06,  6.09s/epoch, best=2.639e+00, sign=0.150, train=2.613e+00, val=2.639e+00]
GNN flow training:  99%|█████████▉| 99/100 [10:09<00:06,  6.09s/epoch, best=2.639e+00, sign=0.151, train=2.613e+00, val=2.639e+00]
GNN flow training: 100%|██████████| 100/100 [10:09<00:00,  6.11s/epoch, best=2.639e+00, sign=0.151, train=2.613e+00, val=2.639e+00]
GNN flow training: 100%|██████████| 100/100 [10:09<00:00,  6.10s/epoch, best=2.639e+00, sign=0.151, train=2.613e+00, val=2.639e+00]
Resolved config snapshot:
{'preset': 'solver_QKB_outer_QKBdelta', 'gnn_outer_losses': {'flow': 10.0, 'kirchhoff': 1.0, 'boundary': 100.0, 'delta_l2': 100.0, 'delta_smooth': 0.0, 'pressure_shape': 0.0}, 'physics': {'arterial_flow_mode': 'dataset', 'pressure_constraints': ['equal-a-equal-v'], 'alpha_pa': None, 'use_snr_weights': True, 'use_observed_flow_snr_weighting': True, 'flow_scale_mode': 'median_abs', 'solver_device': 'same', 'pressure_solver_mode': 'reduced-soft-constrained-lstsq', 'pressure_solver_lambda_kirchhoff': 1.0, 'pressure_solver_lambda_pressure_constraints': 100.0, 'pressure_solver_lambda_flow_residual': 1.0, 'pressure_shape_reference': 'delta_zero_reference', 'pressure_detach': False}, 'correction_bounds': {'correction_min': -0.5, 'correction_max': 0.5, 'correction_bound': 0.5, 'correction_parameterization': 'tanh'}, 'optimization': {'learning_rate': 0.001, 'weight_decay': 0.0001, 'gradient_clip_norm': 5.0, 'optimizer': 'adamw', 'epochs': 100, 'patience': 40}}
Shard 40/80: 1 of 80 runs
Command: /mnt/home/sswee/miniforge3/envs/yolk-sac/bin/python /mnt/home/sswee/yolk/Yolk-Sac-Flow-Data-and-Sim/gnn_clean/scripts/python/gnn_flow.py /mnt/home/sswee/yolk/Yolk-Sac-Flow-Data-and-Sim/gnn_clean/datasets/mosaic_graph_norm_canonical.gpickle --output-dir /mnt/home/sswee/yolk/Yolk-Sac-Flow-Data-and-Sim/gnn_clean/outputs_canonical_norm/dc/02_physics_weight_sweep/gnn --run-name q_10__k_1__delta_100 --preset solver_QKB_outer_QKBdelta --device cuda --epochs 100 --seed 0 --viscosity-pa-s 0.0035 --config /mnt/home/sswee/yolk/Yolk-Sac-Flow-Data-and-Sim/gnn_clean/outputs_canonical_norm/dc/02_physics_weight_sweep/_generated_configs/q_10__k_1__delta_100.yaml --no-pressure-detach
