[info] DC Step 2 canonical sweep uses fixed lambda_B=100.0 for both the outer boundary loss and the reduced pressure-solver boundary constraint.

GNN flow training:   0%|          | 0/100 [00:00<?, ?epoch/s]
GNN flow training:   0%|          | 0/100 [00:06<?, ?epoch/s, best=1.737e+01, sign=0.161, train=1.738e+01, val=1.737e+01]
GNN flow training:   1%|          | 1/100 [00:06<10:18,  6.25s/epoch, best=1.737e+01, sign=0.161, train=1.738e+01, val=1.737e+01]
GNN flow training:   1%|          | 1/100 [00:12<10:18,  6.25s/epoch, best=1.737e+01, sign=0.160, train=1.736e+01, val=1.737e+01]
GNN flow training:   2%|▏         | 2/100 [00:12<10:16,  6.29s/epoch, best=1.737e+01, sign=0.160, train=1.736e+01, val=1.737e+01]
GNN flow training:   2%|▏         | 2/100 [00:18<10:16,  6.29s/epoch, best=1.737e+01, sign=0.161, train=1.736e+01, val=1.734e+01]
GNN flow training:   3%|▎         | 3/100 [00:18<10:07,  6.26s/epoch, best=1.737e+01, sign=0.161, train=1.736e+01, val=1.734e+01]
GNN flow training:   3%|▎         | 3/100 [00:25<10:07,  6.26s/epoch, best=1.734e+01, sign=0.159, train=1.732e+01, val=1.733e+01]
GNN flow training:   4%|▍         | 4/100 [00:25<10:02,  6.27s/epoch, best=1.734e+01, sign=0.159, train=1.732e+01, val=1.733e+01]
GNN flow training:   4%|▍         | 4/100 [00:31<10:02,  6.27s/epoch, best=1.733e+01, sign=0.159, train=1.731e+01, val=1.729e+01]
GNN flow training:   5%|▌         | 5/100 [00:31<09:54,  6.26s/epoch, best=1.733e+01, sign=0.159, train=1.731e+01, val=1.729e+01]
GNN flow training:   5%|▌         | 5/100 [00:37<09:54,  6.26s/epoch, best=1.729e+01, sign=0.160, train=1.727e+01, val=1.730e+01]
GNN flow training:   6%|▌         | 6/100 [00:37<09:47,  6.25s/epoch, best=1.729e+01, sign=0.160, train=1.727e+01, val=1.730e+01]
GNN flow training:   6%|▌         | 6/100 [00:43<09:47,  6.25s/epoch, best=1.729e+01, sign=0.161, train=1.728e+01, val=1.726e+01]
GNN flow training:   7%|▋         | 7/100 [00:43<09:40,  6.24s/epoch, best=1.729e+01, sign=0.161, train=1.728e+01, val=1.726e+01]
GNN flow training:   7%|▋         | 7/100 [00:49<09:40,  6.24s/epoch, best=1.726e+01, sign=0.161, train=1.724e+01, val=1.728e+01]
GNN flow training:   8%|▊         | 8/100 [00:49<09:33,  6.23s/epoch, best=1.726e+01, sign=0.161, train=1.724e+01, val=1.728e+01]
GNN flow training:   8%|▊         | 8/100 [00:56<09:33,  6.23s/epoch, best=1.726e+01, sign=0.161, train=1.726e+01, val=1.733e+01]
GNN flow training:   9%|▉         | 9/100 [00:56<09:26,  6.23s/epoch, best=1.726e+01, sign=0.161, train=1.726e+01, val=1.733e+01]
GNN flow training:   9%|▉         | 9/100 [01:02<09:26,  6.23s/epoch, best=1.726e+01, sign=0.161, train=1.731e+01, val=1.733e+01]
GNN flow training:  10%|█         | 10/100 [01:02<09:20,  6.23s/epoch, best=1.726e+01, sign=0.161, train=1.731e+01, val=1.733e+01]
GNN flow training:  10%|█         | 10/100 [01:08<09:20,  6.23s/epoch, best=1.726e+01, sign=0.161, train=1.731e+01, val=1.730e+01]
GNN flow training:  11%|█         | 11/100 [01:08<09:11,  6.20s/epoch, best=1.726e+01, sign=0.161, train=1.731e+01, val=1.730e+01]
GNN flow training:  11%|█         | 11/100 [01:14<09:11,  6.20s/epoch, best=1.726e+01, sign=0.161, train=1.728e+01, val=1.722e+01]
GNN flow training:  12%|█▏        | 12/100 [01:14<09:04,  6.19s/epoch, best=1.726e+01, sign=0.161, train=1.728e+01, val=1.722e+01]
GNN flow training:  12%|█▏        | 12/100 [01:20<09:04,  6.19s/epoch, best=1.722e+01, sign=0.161, train=1.720e+01, val=1.716e+01]
GNN flow training:  13%|█▎        | 13/100 [01:20<08:58,  6.19s/epoch, best=1.722e+01, sign=0.161, train=1.720e+01, val=1.716e+01]
GNN flow training:  13%|█▎        | 13/100 [01:27<08:58,  6.19s/epoch, best=1.716e+01, sign=0.160, train=1.714e+01, val=1.711e+01]
GNN flow training:  14%|█▍        | 14/100 [01:27<08:52,  6.19s/epoch, best=1.716e+01, sign=0.160, train=1.714e+01, val=1.711e+01]
GNN flow training:  14%|█▍        | 14/100 [01:33<08:52,  6.19s/epoch, best=1.711e+01, sign=0.159, train=1.709e+01, val=1.709e+01]
GNN flow training:  15%|█▌        | 15/100 [01:33<08:45,  6.19s/epoch, best=1.711e+01, sign=0.159, train=1.709e+01, val=1.709e+01]
GNN flow training:  15%|█▌        | 15/100 [01:39<08:45,  6.19s/epoch, best=1.709e+01, sign=0.159, train=1.707e+01, val=1.702e+01]
GNN flow training:  16%|█▌        | 16/100 [01:39<08:40,  6.19s/epoch, best=1.709e+01, sign=0.159, train=1.707e+01, val=1.702e+01]
GNN flow training:  16%|█▌        | 16/100 [01:45<08:40,  6.19s/epoch, best=1.702e+01, sign=0.157, train=1.699e+01, val=1.706e+01]
GNN flow training:  17%|█▋        | 17/100 [01:45<08:33,  6.19s/epoch, best=1.702e+01, sign=0.157, train=1.699e+01, val=1.706e+01]
GNN flow training:  17%|█▋        | 17/100 [01:51<08:33,  6.19s/epoch, best=1.702e+01, sign=0.156, train=1.703e+01, val=1.704e+01]
GNN flow training:  18%|█▊        | 18/100 [01:51<08:27,  6.19s/epoch, best=1.702e+01, sign=0.156, train=1.703e+01, val=1.704e+01]
GNN flow training:  18%|█▊        | 18/100 [01:58<08:27,  6.19s/epoch, best=1.702e+01, sign=0.155, train=1.701e+01, val=1.696e+01]
GNN flow training:  19%|█▉        | 19/100 [01:58<08:21,  6.19s/epoch, best=1.702e+01, sign=0.155, train=1.701e+01, val=1.696e+01]
GNN flow training:  19%|█▉        | 19/100 [02:04<08:21,  6.19s/epoch, best=1.696e+01, sign=0.155, train=1.693e+01, val=1.684e+01]
GNN flow training:  20%|██        | 20/100 [02:04<08:14,  6.19s/epoch, best=1.696e+01, sign=0.155, train=1.693e+01, val=1.684e+01]
GNN flow training:  20%|██        | 20/100 [02:10<08:14,  6.19s/epoch, best=1.684e+01, sign=0.155, train=1.681e+01, val=1.678e+01]
GNN flow training:  21%|██        | 21/100 [02:10<08:08,  6.18s/epoch, best=1.684e+01, sign=0.155, train=1.681e+01, val=1.678e+01]
GNN flow training:  21%|██        | 21/100 [02:16<08:08,  6.18s/epoch, best=1.678e+01, sign=0.155, train=1.675e+01, val=1.674e+01]
GNN flow training:  22%|██▏       | 22/100 [02:16<08:00,  6.16s/epoch, best=1.678e+01, sign=0.155, train=1.675e+01, val=1.674e+01]
GNN flow training:  22%|██▏       | 22/100 [02:22<08:00,  6.16s/epoch, best=1.674e+01, sign=0.155, train=1.672e+01, val=1.664e+01]
GNN flow training:  23%|██▎       | 23/100 [02:22<07:55,  6.17s/epoch, best=1.674e+01, sign=0.155, train=1.672e+01, val=1.664e+01]
GNN flow training:  23%|██▎       | 23/100 [02:28<07:55,  6.17s/epoch, best=1.664e+01, sign=0.155, train=1.661e+01, val=1.654e+01]
GNN flow training:  24%|██▍       | 24/100 [02:28<07:50,  6.19s/epoch, best=1.664e+01, sign=0.155, train=1.661e+01, val=1.654e+01]
GNN flow training:  24%|██▍       | 24/100 [02:35<07:50,  6.19s/epoch, best=1.654e+01, sign=0.156, train=1.651e+01, val=1.646e+01]
GNN flow training:  25%|██▌       | 25/100 [02:35<07:46,  6.22s/epoch, best=1.654e+01, sign=0.156, train=1.651e+01, val=1.646e+01]
GNN flow training:  25%|██▌       | 25/100 [02:41<07:46,  6.22s/epoch, best=1.646e+01, sign=0.155, train=1.643e+01, val=1.631e+01]
GNN flow training:  26%|██▌       | 26/100 [02:41<07:38,  6.20s/epoch, best=1.646e+01, sign=0.155, train=1.643e+01, val=1.631e+01]
GNN flow training:  26%|██▌       | 26/100 [02:47<07:38,  6.20s/epoch, best=1.631e+01, sign=0.154, train=1.628e+01, val=1.629e+01]
GNN flow training:  27%|██▋       | 27/100 [02:47<07:32,  6.20s/epoch, best=1.631e+01, sign=0.154, train=1.628e+01, val=1.629e+01]
GNN flow training:  27%|██▋       | 27/100 [02:53<07:32,  6.20s/epoch, best=1.629e+01, sign=0.154, train=1.625e+01, val=1.612e+01]
GNN flow training:  28%|██▊       | 28/100 [02:53<07:27,  6.21s/epoch, best=1.629e+01, sign=0.154, train=1.625e+01, val=1.612e+01]
GNN flow training:  28%|██▊       | 28/100 [03:00<07:27,  6.21s/epoch, best=1.612e+01, sign=0.154, train=1.608e+01, val=1.602e+01]
GNN flow training:  29%|██▉       | 29/100 [03:00<07:21,  6.22s/epoch, best=1.612e+01, sign=0.154, train=1.608e+01, val=1.602e+01]
GNN flow training:  29%|██▉       | 29/100 [03:06<07:21,  6.22s/epoch, best=1.602e+01, sign=0.153, train=1.599e+01, val=1.586e+01]
GNN flow training:  30%|███       | 30/100 [03:06<07:15,  6.22s/epoch, best=1.602e+01, sign=0.153, train=1.599e+01, val=1.586e+01]
GNN flow training:  30%|███       | 30/100 [03:12<07:15,  6.22s/epoch, best=1.586e+01, sign=0.155, train=1.583e+01, val=1.570e+01]
GNN flow training:  31%|███       | 31/100 [03:12<07:08,  6.20s/epoch, best=1.586e+01, sign=0.155, train=1.583e+01, val=1.570e+01]
GNN flow training:  31%|███       | 31/100 [03:18<07:08,  6.20s/epoch, best=1.570e+01, sign=0.155, train=1.566e+01, val=1.547e+01]
GNN flow training:  32%|███▏      | 32/100 [03:18<07:01,  6.20s/epoch, best=1.570e+01, sign=0.155, train=1.566e+01, val=1.547e+01]
GNN flow training:  32%|███▏      | 32/100 [03:24<07:01,  6.20s/epoch, best=1.547e+01, sign=0.154, train=1.543e+01, val=1.523e+01]
GNN flow training:  33%|███▎      | 33/100 [03:24<06:55,  6.20s/epoch, best=1.547e+01, sign=0.154, train=1.543e+01, val=1.523e+01]
GNN flow training:  33%|███▎      | 33/100 [03:31<06:55,  6.20s/epoch, best=1.523e+01, sign=0.154, train=1.519e+01, val=1.503e+01]
GNN flow training:  34%|███▍      | 34/100 [03:31<06:49,  6.20s/epoch, best=1.523e+01, sign=0.154, train=1.519e+01, val=1.503e+01]
GNN flow training:  34%|███▍      | 34/100 [03:37<06:49,  6.20s/epoch, best=1.503e+01, sign=0.153, train=1.498e+01, val=1.476e+01]
GNN flow training:  35%|███▌      | 35/100 [03:37<06:43,  6.22s/epoch, best=1.503e+01, sign=0.153, train=1.498e+01, val=1.476e+01]
GNN flow training:  35%|███▌      | 35/100 [03:43<06:43,  6.22s/epoch, best=1.476e+01, sign=0.154, train=1.471e+01, val=1.456e+01]
GNN flow training:  36%|███▌      | 36/100 [03:43<06:38,  6.23s/epoch, best=1.476e+01, sign=0.154, train=1.471e+01, val=1.456e+01]
GNN flow training:  36%|███▌      | 36/100 [03:49<06:38,  6.23s/epoch, best=1.456e+01, sign=0.153, train=1.450e+01, val=1.437e+01]
GNN flow training:  37%|███▋      | 37/100 [03:49<06:32,  6.23s/epoch, best=1.456e+01, sign=0.153, train=1.450e+01, val=1.437e+01]
GNN flow training:  37%|███▋      | 37/100 [03:55<06:32,  6.23s/epoch, best=1.437e+01, sign=0.152, train=1.431e+01, val=1.425e+01]
GNN flow training:  38%|███▊      | 38/100 [03:55<06:25,  6.22s/epoch, best=1.437e+01, sign=0.152, train=1.431e+01, val=1.425e+01]
GNN flow training:  38%|███▊      | 38/100 [04:02<06:25,  6.22s/epoch, best=1.425e+01, sign=0.150, train=1.418e+01, val=1.413e+01]
GNN flow training:  39%|███▉      | 39/100 [04:02<06:20,  6.23s/epoch, best=1.425e+01, sign=0.150, train=1.418e+01, val=1.413e+01]
GNN flow training:  39%|███▉      | 39/100 [04:08<06:20,  6.23s/epoch, best=1.413e+01, sign=0.149, train=1.405e+01, val=1.376e+01]
GNN flow training:  40%|████      | 40/100 [04:08<06:16,  6.27s/epoch, best=1.413e+01, sign=0.149, train=1.405e+01, val=1.376e+01]
GNN flow training:  40%|████      | 40/100 [04:14<06:16,  6.27s/epoch, best=1.376e+01, sign=0.151, train=1.368e+01, val=1.334e+01]
GNN flow training:  41%|████      | 41/100 [04:14<06:09,  6.26s/epoch, best=1.376e+01, sign=0.151, train=1.368e+01, val=1.334e+01]
GNN flow training:  41%|████      | 41/100 [04:21<06:09,  6.26s/epoch, best=1.334e+01, sign=0.153, train=1.325e+01, val=1.296e+01]
GNN flow training:  42%|████▏     | 42/100 [04:21<06:02,  6.24s/epoch, best=1.334e+01, sign=0.153, train=1.325e+01, val=1.296e+01]
GNN flow training:  42%|████▏     | 42/100 [04:27<06:02,  6.24s/epoch, best=1.296e+01, sign=0.154, train=1.285e+01, val=1.297e+01]
GNN flow training:  43%|████▎     | 43/100 [04:27<05:56,  6.25s/epoch, best=1.296e+01, sign=0.154, train=1.285e+01, val=1.297e+01]
GNN flow training:  43%|████▎     | 43/100 [04:33<05:56,  6.25s/epoch, best=1.296e+01, sign=0.156, train=1.286e+01, val=1.287e+01]
GNN flow training:  44%|████▍     | 44/100 [04:33<05:49,  6.25s/epoch, best=1.296e+01, sign=0.156, train=1.286e+01, val=1.287e+01]
GNN flow training:  44%|████▍     | 44/100 [04:39<05:49,  6.25s/epoch, best=1.287e+01, sign=0.158, train=1.275e+01, val=1.252e+01]
GNN flow training:  45%|████▌     | 45/100 [04:39<05:42,  6.23s/epoch, best=1.287e+01, sign=0.158, train=1.275e+01, val=1.252e+01]
GNN flow training:  45%|████▌     | 45/100 [04:46<05:42,  6.23s/epoch, best=1.252e+01, sign=0.159, train=1.239e+01, val=1.225e+01]
GNN flow training:  46%|████▌     | 46/100 [04:46<05:37,  6.26s/epoch, best=1.252e+01, sign=0.159, train=1.239e+01, val=1.225e+01]
GNN flow training:  46%|████▌     | 46/100 [04:52<05:37,  6.26s/epoch, best=1.225e+01, sign=0.161, train=1.211e+01, val=1.186e+01]
GNN flow training:  47%|████▋     | 47/100 [04:52<05:30,  6.24s/epoch, best=1.225e+01, sign=0.161, train=1.211e+01, val=1.186e+01]
GNN flow training:  47%|████▋     | 47/100 [04:58<05:30,  6.24s/epoch, best=1.186e+01, sign=0.161, train=1.170e+01, val=1.159e+01]
GNN flow training:  48%|████▊     | 48/100 [04:58<05:25,  6.27s/epoch, best=1.186e+01, sign=0.161, train=1.170e+01, val=1.159e+01]
GNN flow training:  48%|████▊     | 48/100 [05:04<05:25,  6.27s/epoch, best=1.159e+01, sign=0.161, train=1.143e+01, val=1.175e+01]
GNN flow training:  49%|████▉     | 49/100 [05:04<05:19,  6.26s/epoch, best=1.159e+01, sign=0.161, train=1.143e+01, val=1.175e+01]
GNN flow training:  49%|████▉     | 49/100 [05:11<05:19,  6.26s/epoch, best=1.159e+01, sign=0.156, train=1.159e+01, val=1.248e+01]
GNN flow training:  50%|█████     | 50/100 [05:11<05:12,  6.26s/epoch, best=1.159e+01, sign=0.156, train=1.159e+01, val=1.248e+01]
GNN flow training:  50%|█████     | 50/100 [05:17<05:12,  6.26s/epoch, best=1.159e+01, sign=0.156, train=1.232e+01, val=1.261e+01]
GNN flow training:  51%|█████     | 51/100 [05:17<05:05,  6.24s/epoch, best=1.159e+01, sign=0.156, train=1.232e+01, val=1.261e+01]
GNN flow training:  51%|█████     | 51/100 [05:23<05:05,  6.24s/epoch, best=1.159e+01, sign=0.158, train=1.245e+01, val=1.219e+01]
GNN flow training:  52%|█████▏    | 52/100 [05:23<05:00,  6.25s/epoch, best=1.159e+01, sign=0.158, train=1.245e+01, val=1.219e+01]
GNN flow training:  52%|█████▏    | 52/100 [05:29<05:00,  6.25s/epoch, best=1.159e+01, sign=0.161, train=1.203e+01, val=1.166e+01]
GNN flow training:  53%|█████▎    | 53/100 [05:29<04:53,  6.24s/epoch, best=1.159e+01, sign=0.161, train=1.203e+01, val=1.166e+01]
GNN flow training:  53%|█████▎    | 53/100 [05:36<04:53,  6.24s/epoch, best=1.159e+01, sign=0.166, train=1.149e+01, val=1.112e+01]
GNN flow training:  54%|█████▍    | 54/100 [05:36<04:47,  6.25s/epoch, best=1.159e+01, sign=0.166, train=1.149e+01, val=1.112e+01]
GNN flow training:  54%|█████▍    | 54/100 [05:42<04:47,  6.25s/epoch, best=1.112e+01, sign=0.167, train=1.094e+01, val=1.101e+01]
GNN flow training:  55%|█████▌    | 55/100 [05:42<04:41,  6.25s/epoch, best=1.112e+01, sign=0.167, train=1.094e+01, val=1.101e+01]
GNN flow training:  55%|█████▌    | 55/100 [05:48<04:41,  6.25s/epoch, best=1.101e+01, sign=0.164, train=1.083e+01, val=1.133e+01]
GNN flow training:  56%|█████▌    | 56/100 [05:48<04:34,  6.25s/epoch, best=1.101e+01, sign=0.164, train=1.083e+01, val=1.133e+01]
GNN flow training:  56%|█████▌    | 56/100 [05:54<04:34,  6.25s/epoch, best=1.101e+01, sign=0.162, train=1.116e+01, val=1.153e+01]
GNN flow training:  57%|█████▋    | 57/100 [05:54<04:27,  6.22s/epoch, best=1.101e+01, sign=0.162, train=1.116e+01, val=1.153e+01]
GNN flow training:  57%|█████▋    | 57/100 [06:01<04:27,  6.22s/epoch, best=1.101e+01, sign=0.163, train=1.136e+01, val=1.152e+01]
GNN flow training:  58%|█████▊    | 58/100 [06:01<04:22,  6.25s/epoch, best=1.101e+01, sign=0.163, train=1.136e+01, val=1.152e+01]
GNN flow training:  58%|█████▊    | 58/100 [06:07<04:22,  6.25s/epoch, best=1.101e+01, sign=0.164, train=1.135e+01, val=1.140e+01]
GNN flow training:  59%|█████▉    | 59/100 [06:07<04:16,  6.26s/epoch, best=1.101e+01, sign=0.164, train=1.135e+01, val=1.140e+01]
GNN flow training:  59%|█████▉    | 59/100 [06:13<04:16,  6.26s/epoch, best=1.101e+01, sign=0.166, train=1.122e+01, val=1.105e+01]
GNN flow training:  60%|██████    | 60/100 [06:13<04:09,  6.23s/epoch, best=1.101e+01, sign=0.166, train=1.122e+01, val=1.105e+01]
GNN flow training:  60%|██████    | 60/100 [06:19<04:09,  6.23s/epoch, best=1.101e+01, sign=0.168, train=1.087e+01, val=1.086e+01]
GNN flow training:  61%|██████    | 61/100 [06:19<04:03,  6.24s/epoch, best=1.101e+01, sign=0.168, train=1.087e+01, val=1.086e+01]
GNN flow training:  61%|██████    | 61/100 [06:25<04:03,  6.24s/epoch, best=1.086e+01, sign=0.171, train=1.067e+01, val=1.053e+01]
GNN flow training:  62%|██████▏   | 62/100 [06:25<03:56,  6.23s/epoch, best=1.086e+01, sign=0.171, train=1.067e+01, val=1.053e+01]
GNN flow training:  62%|██████▏   | 62/100 [06:32<03:56,  6.23s/epoch, best=1.053e+01, sign=0.171, train=1.033e+01, val=1.038e+01]
GNN flow training:  63%|██████▎   | 63/100 [06:32<03:50,  6.22s/epoch, best=1.053e+01, sign=0.171, train=1.033e+01, val=1.038e+01]
GNN flow training:  63%|██████▎   | 63/100 [06:38<03:50,  6.22s/epoch, best=1.038e+01, sign=0.169, train=1.017e+01, val=1.056e+01]
GNN flow training:  64%|██████▍   | 64/100 [06:38<03:44,  6.22s/epoch, best=1.038e+01, sign=0.169, train=1.017e+01, val=1.056e+01]
GNN flow training:  64%|██████▍   | 64/100 [06:44<03:44,  6.22s/epoch, best=1.038e+01, sign=0.169, train=1.036e+01, val=1.060e+01]
GNN flow training:  65%|██████▌   | 65/100 [06:44<03:38,  6.23s/epoch, best=1.038e+01, sign=0.169, train=1.036e+01, val=1.060e+01]
GNN flow training:  65%|██████▌   | 65/100 [06:50<03:38,  6.23s/epoch, best=1.038e+01, sign=0.168, train=1.040e+01, val=1.048e+01]
GNN flow training:  66%|██████▌   | 66/100 [06:50<03:32,  6.25s/epoch, best=1.038e+01, sign=0.168, train=1.040e+01, val=1.048e+01]
GNN flow training:  66%|██████▌   | 66/100 [06:57<03:32,  6.25s/epoch, best=1.038e+01, sign=0.172, train=1.027e+01, val=1.015e+01]
GNN flow training:  67%|██████▋   | 67/100 [06:57<03:26,  6.26s/epoch, best=1.038e+01, sign=0.172, train=1.027e+01, val=1.015e+01]
GNN flow training:  67%|██████▋   | 67/100 [07:03<03:26,  6.26s/epoch, best=1.015e+01, sign=0.173, train=9.931e+00, val=1.009e+01]
GNN flow training:  68%|██████▊   | 68/100 [07:03<03:20,  6.25s/epoch, best=1.015e+01, sign=0.173, train=9.931e+00, val=1.009e+01]
GNN flow training:  68%|██████▊   | 68/100 [07:09<03:20,  6.25s/epoch, best=1.009e+01, sign=0.172, train=9.881e+00, val=1.028e+01]
GNN flow training:  69%|██████▉   | 69/100 [07:09<03:13,  6.24s/epoch, best=1.009e+01, sign=0.172, train=9.881e+00, val=1.028e+01]
GNN flow training:  69%|██████▉   | 69/100 [07:15<03:13,  6.24s/epoch, best=1.009e+01, sign=0.170, train=1.007e+01, val=1.052e+01]
GNN flow training:  70%|███████   | 70/100 [07:15<03:07,  6.25s/epoch, best=1.009e+01, sign=0.170, train=1.007e+01, val=1.052e+01]
GNN flow training:  70%|███████   | 70/100 [07:22<03:07,  6.25s/epoch, best=1.009e+01, sign=0.169, train=1.032e+01, val=1.070e+01]
GNN flow training:  71%|███████   | 71/100 [07:22<03:01,  6.25s/epoch, best=1.009e+01, sign=0.169, train=1.032e+01, val=1.070e+01]
GNN flow training:  71%|███████   | 71/100 [07:28<03:01,  6.25s/epoch, best=1.009e+01, sign=0.168, train=1.051e+01, val=1.093e+01]
GNN flow training:  72%|███████▏  | 72/100 [07:28<02:54,  6.25s/epoch, best=1.009e+01, sign=0.168, train=1.051e+01, val=1.093e+01]
GNN flow training:  72%|███████▏  | 72/100 [07:34<02:54,  6.25s/epoch, best=1.009e+01, sign=0.168, train=1.075e+01, val=1.099e+01]
GNN flow training:  73%|███████▎  | 73/100 [07:34<02:48,  6.23s/epoch, best=1.009e+01, sign=0.168, train=1.075e+01, val=1.099e+01]
GNN flow training:  73%|███████▎  | 73/100 [07:40<02:48,  6.23s/epoch, best=1.009e+01, sign=0.168, train=1.080e+01, val=1.095e+01]
GNN flow training:  74%|███████▍  | 74/100 [07:40<02:41,  6.23s/epoch, best=1.009e+01, sign=0.168, train=1.080e+01, val=1.095e+01]
GNN flow training:  74%|███████▍  | 74/100 [07:46<02:41,  6.23s/epoch, best=1.009e+01, sign=0.168, train=1.076e+01, val=1.089e+01]
GNN flow training:  75%|███████▌  | 75/100 [07:46<02:35,  6.22s/epoch, best=1.009e+01, sign=0.168, train=1.076e+01, val=1.089e+01]
GNN flow training:  75%|███████▌  | 75/100 [07:53<02:35,  6.22s/epoch, best=1.009e+01, sign=0.170, train=1.070e+01, val=1.072e+01]
GNN flow training:  76%|███████▌  | 76/100 [07:53<02:29,  6.22s/epoch, best=1.009e+01, sign=0.170, train=1.070e+01, val=1.072e+01]
GNN flow training:  76%|███████▌  | 76/100 [07:59<02:29,  6.22s/epoch, best=1.009e+01, sign=0.170, train=1.053e+01, val=1.065e+01]
GNN flow training:  77%|███████▋  | 77/100 [07:59<02:22,  6.20s/epoch, best=1.009e+01, sign=0.170, train=1.053e+01, val=1.065e+01]
GNN flow training:  77%|███████▋  | 77/100 [08:05<02:22,  6.20s/epoch, best=1.009e+01, sign=0.170, train=1.045e+01, val=1.075e+01]
GNN flow training:  78%|███████▊  | 78/100 [08:05<02:16,  6.20s/epoch, best=1.009e+01, sign=0.170, train=1.045e+01, val=1.075e+01]
GNN flow training:  78%|███████▊  | 78/100 [08:11<02:16,  6.20s/epoch, best=1.009e+01, sign=0.167, train=1.055e+01, val=1.093e+01]
GNN flow training:  79%|███████▉  | 79/100 [08:11<02:10,  6.21s/epoch, best=1.009e+01, sign=0.167, train=1.055e+01, val=1.093e+01]
GNN flow training:  79%|███████▉  | 79/100 [08:17<02:10,  6.21s/epoch, best=1.009e+01, sign=0.169, train=1.074e+01, val=1.086e+01]
GNN flow training:  80%|████████  | 80/100 [08:17<02:03,  6.19s/epoch, best=1.009e+01, sign=0.169, train=1.074e+01, val=1.086e+01]
GNN flow training:  80%|████████  | 80/100 [08:24<02:03,  6.19s/epoch, best=1.009e+01, sign=0.169, train=1.067e+01, val=1.068e+01]
GNN flow training:  81%|████████  | 81/100 [08:24<01:57,  6.18s/epoch, best=1.009e+01, sign=0.169, train=1.067e+01, val=1.068e+01]
GNN flow training:  81%|████████  | 81/100 [08:30<01:57,  6.18s/epoch, best=1.009e+01, sign=0.170, train=1.049e+01, val=1.054e+01]
GNN flow training:  82%|████████▏ | 82/100 [08:30<01:51,  6.19s/epoch, best=1.009e+01, sign=0.170, train=1.049e+01, val=1.054e+01]
GNN flow training:  82%|████████▏ | 82/100 [08:36<01:51,  6.19s/epoch, best=1.009e+01, sign=0.170, train=1.034e+01, val=1.049e+01]
GNN flow training:  83%|████████▎ | 83/100 [08:36<01:45,  6.20s/epoch, best=1.009e+01, sign=0.170, train=1.034e+01, val=1.049e+01]
GNN flow training:  83%|████████▎ | 83/100 [08:42<01:45,  6.20s/epoch, best=1.009e+01, sign=0.170, train=1.028e+01, val=1.054e+01]
GNN flow training:  84%|████████▍ | 84/100 [08:42<01:39,  6.20s/epoch, best=1.009e+01, sign=0.170, train=1.028e+01, val=1.054e+01]
GNN flow training:  84%|████████▍ | 84/100 [08:48<01:39,  6.20s/epoch, best=1.009e+01, sign=0.168, train=1.032e+01, val=1.089e+01]
GNN flow training:  85%|████████▌ | 85/100 [08:48<01:33,  6.21s/epoch, best=1.009e+01, sign=0.168, train=1.032e+01, val=1.089e+01]
GNN flow training:  85%|████████▌ | 85/100 [08:55<01:33,  6.21s/epoch, best=1.009e+01, sign=0.165, train=1.068e+01, val=1.111e+01]
GNN flow training:  86%|████████▌ | 86/100 [08:55<01:27,  6.22s/epoch, best=1.009e+01, sign=0.165, train=1.068e+01, val=1.111e+01]
GNN flow training:  86%|████████▌ | 86/100 [09:01<01:27,  6.22s/epoch, best=1.009e+01, sign=0.165, train=1.089e+01, val=1.109e+01]
GNN flow training:  87%|████████▋ | 87/100 [09:01<01:20,  6.23s/epoch, best=1.009e+01, sign=0.165, train=1.089e+01, val=1.109e+01]
GNN flow training:  87%|████████▋ | 87/100 [09:07<01:20,  6.23s/epoch, best=1.009e+01, sign=0.166, train=1.087e+01, val=1.092e+01]
GNN flow training:  88%|████████▊ | 88/100 [09:07<01:14,  6.22s/epoch, best=1.009e+01, sign=0.166, train=1.087e+01, val=1.092e+01]
GNN flow training:  88%|████████▊ | 88/100 [09:13<01:14,  6.22s/epoch, best=1.009e+01, sign=0.170, train=1.070e+01, val=1.057e+01]
GNN flow training:  89%|████████▉ | 89/100 [09:13<01:08,  6.23s/epoch, best=1.009e+01, sign=0.170, train=1.070e+01, val=1.057e+01]
GNN flow training:  89%|████████▉ | 89/100 [09:20<01:08,  6.23s/epoch, best=1.009e+01, sign=0.170, train=1.035e+01, val=1.046e+01]
GNN flow training:  90%|█████████ | 90/100 [09:20<01:02,  6.22s/epoch, best=1.009e+01, sign=0.170, train=1.035e+01, val=1.046e+01]
GNN flow training:  90%|█████████ | 90/100 [09:26<01:02,  6.22s/epoch, best=1.009e+01, sign=0.170, train=1.025e+01, val=1.057e+01]
GNN flow training:  91%|█████████ | 91/100 [09:26<00:55,  6.21s/epoch, best=1.009e+01, sign=0.170, train=1.025e+01, val=1.057e+01]
GNN flow training:  91%|█████████ | 91/100 [09:32<00:55,  6.21s/epoch, best=1.009e+01, sign=0.167, train=1.037e+01, val=1.104e+01]
GNN flow training:  92%|█████████▏| 92/100 [09:32<00:49,  6.20s/epoch, best=1.009e+01, sign=0.167, train=1.037e+01, val=1.104e+01]
GNN flow training:  92%|█████████▏| 92/100 [09:38<00:49,  6.20s/epoch, best=1.009e+01, sign=0.164, train=1.087e+01, val=1.150e+01]
GNN flow training:  93%|█████████▎| 93/100 [09:38<00:43,  6.20s/epoch, best=1.009e+01, sign=0.164, train=1.087e+01, val=1.150e+01]
GNN flow training:  93%|█████████▎| 93/100 [09:44<00:43,  6.20s/epoch, best=1.009e+01, sign=0.163, train=1.134e+01, val=1.186e+01]
GNN flow training:  94%|█████████▍| 94/100 [09:44<00:37,  6.20s/epoch, best=1.009e+01, sign=0.163, train=1.134e+01, val=1.186e+01]
GNN flow training:  94%|█████████▍| 94/100 [09:51<00:37,  6.20s/epoch, best=1.009e+01, sign=0.162, train=1.171e+01, val=1.191e+01]
GNN flow training:  95%|█████████▌| 95/100 [09:51<00:30,  6.19s/epoch, best=1.009e+01, sign=0.162, train=1.171e+01, val=1.191e+01]
GNN flow training:  95%|█████████▌| 95/100 [09:57<00:30,  6.19s/epoch, best=1.009e+01, sign=0.163, train=1.176e+01, val=1.169e+01]
GNN flow training:  96%|█████████▌| 96/100 [09:57<00:24,  6.19s/epoch, best=1.009e+01, sign=0.163, train=1.176e+01, val=1.169e+01]
GNN flow training:  96%|█████████▌| 96/100 [10:03<00:24,  6.19s/epoch, best=1.009e+01, sign=0.165, train=1.154e+01, val=1.135e+01]
GNN flow training:  97%|█████████▋| 97/100 [10:03<00:18,  6.20s/epoch, best=1.009e+01, sign=0.165, train=1.154e+01, val=1.135e+01]
GNN flow training:  97%|█████████▋| 97/100 [10:09<00:18,  6.20s/epoch, best=1.009e+01, sign=0.168, train=1.118e+01, val=1.093e+01]
GNN flow training:  98%|█████████▊| 98/100 [10:09<00:12,  6.20s/epoch, best=1.009e+01, sign=0.168, train=1.118e+01, val=1.093e+01]
GNN flow training:  98%|█████████▊| 98/100 [10:15<00:12,  6.20s/epoch, best=1.009e+01, sign=0.170, train=1.075e+01, val=1.052e+01]
GNN flow training:  99%|█████████▉| 99/100 [10:15<00:06,  6.20s/epoch, best=1.009e+01, sign=0.170, train=1.075e+01, val=1.052e+01]
GNN flow training:  99%|█████████▉| 99/100 [10:22<00:06,  6.20s/epoch, best=1.009e+01, sign=0.172, train=1.032e+01, val=1.013e+01]
GNN flow training: 100%|██████████| 100/100 [10:22<00:00,  6.21s/epoch, best=1.009e+01, sign=0.172, train=1.032e+01, val=1.013e+01]
GNN flow training: 100%|██████████| 100/100 [10:22<00:00,  6.22s/epoch, best=1.009e+01, sign=0.172, train=1.032e+01, val=1.013e+01]
Resolved config snapshot:
{'preset': 'solver_QKB_outer_QKBdelta', 'gnn_outer_losses': {'flow': 10.0, 'kirchhoff': 10.0, 'boundary': 100.0, 'delta_l2': 1.0, 'delta_smooth': 0.0, 'pressure_shape': 0.0}, 'physics': {'arterial_flow_mode': 'dataset', 'pressure_constraints': ['equal-a-equal-v'], 'alpha_pa': None, 'use_snr_weights': True, 'use_observed_flow_snr_weighting': True, 'flow_scale_mode': 'median_abs', 'solver_device': 'same', 'pressure_solver_mode': 'reduced-soft-constrained-lstsq', 'pressure_solver_lambda_kirchhoff': 1.0, 'pressure_solver_lambda_pressure_constraints': 100.0, 'pressure_solver_lambda_flow_residual': 1.0, 'pressure_shape_reference': 'delta_zero_reference', 'pressure_detach': False}, 'correction_bounds': {'correction_min': -0.5, 'correction_max': 0.5, 'correction_bound': 0.5, 'correction_parameterization': 'tanh'}, 'optimization': {'learning_rate': 0.001, 'weight_decay': 0.0001, 'gradient_clip_norm': 5.0, 'optimizer': 'adamw', 'epochs': 100, 'patience': 40}}
Shard 42/80: 1 of 80 runs
Command: /mnt/home/sswee/miniforge3/envs/yolk-sac/bin/python /mnt/home/sswee/yolk/Yolk-Sac-Flow-Data-and-Sim/gnn_clean/scripts/python/gnn_flow.py /mnt/home/sswee/yolk/Yolk-Sac-Flow-Data-and-Sim/gnn_clean/datasets/mosaic_graph_norm_canonical.gpickle --output-dir /mnt/home/sswee/yolk/Yolk-Sac-Flow-Data-and-Sim/gnn_clean/outputs_canonical_norm/dc/02_physics_weight_sweep/gnn --run-name q_10__k_10__delta_1 --preset solver_QKB_outer_QKBdelta --device cuda --epochs 100 --seed 0 --viscosity-pa-s 0.0035 --config /mnt/home/sswee/yolk/Yolk-Sac-Flow-Data-and-Sim/gnn_clean/outputs_canonical_norm/dc/02_physics_weight_sweep/_generated_configs/q_10__k_10__delta_1.yaml --no-pressure-detach
