[info] DC Step 2 canonical sweep uses fixed lambda_B=100.0 for both the outer boundary loss and the reduced pressure-solver boundary constraint.

GNN flow training:   0%|          | 0/100 [00:00<?, ?epoch/s]
GNN flow training:   0%|          | 0/100 [00:04<?, ?epoch/s, best=1.635e+02, sign=0.161, train=1.638e+02, val=1.635e+02]
GNN flow training:   1%|          | 1/100 [00:04<07:35,  4.61s/epoch, best=1.635e+02, sign=0.161, train=1.638e+02, val=1.635e+02]
GNN flow training:   1%|          | 1/100 [00:09<07:35,  4.61s/epoch, best=1.635e+02, sign=0.161, train=1.635e+02, val=1.633e+02]
GNN flow training:   2%|▏         | 2/100 [00:09<07:24,  4.54s/epoch, best=1.635e+02, sign=0.161, train=1.635e+02, val=1.633e+02]
GNN flow training:   2%|▏         | 2/100 [00:13<07:24,  4.54s/epoch, best=1.633e+02, sign=0.161, train=1.633e+02, val=1.636e+02]
GNN flow training:   3%|▎         | 3/100 [00:13<07:21,  4.55s/epoch, best=1.633e+02, sign=0.161, train=1.633e+02, val=1.636e+02]
GNN flow training:   3%|▎         | 3/100 [00:18<07:21,  4.55s/epoch, best=1.633e+02, sign=0.162, train=1.636e+02, val=1.633e+02]
GNN flow training:   4%|▍         | 4/100 [00:18<07:16,  4.54s/epoch, best=1.633e+02, sign=0.162, train=1.636e+02, val=1.633e+02]
GNN flow training:   4%|▍         | 4/100 [00:22<07:16,  4.54s/epoch, best=1.633e+02, sign=0.162, train=1.633e+02, val=1.633e+02]
GNN flow training:   5%|▌         | 5/100 [00:22<07:11,  4.54s/epoch, best=1.633e+02, sign=0.162, train=1.633e+02, val=1.633e+02]
GNN flow training:   5%|▌         | 5/100 [00:27<07:11,  4.54s/epoch, best=1.633e+02, sign=0.161, train=1.633e+02, val=1.630e+02]
GNN flow training:   6%|▌         | 6/100 [00:27<07:04,  4.52s/epoch, best=1.633e+02, sign=0.161, train=1.633e+02, val=1.630e+02]
GNN flow training:   6%|▌         | 6/100 [00:31<07:04,  4.52s/epoch, best=1.630e+02, sign=0.160, train=1.630e+02, val=1.625e+02]
GNN flow training:   7%|▋         | 7/100 [00:31<06:59,  4.51s/epoch, best=1.630e+02, sign=0.160, train=1.630e+02, val=1.625e+02]
GNN flow training:   7%|▋         | 7/100 [00:36<06:59,  4.51s/epoch, best=1.625e+02, sign=0.160, train=1.625e+02, val=1.624e+02]
GNN flow training:   8%|▊         | 8/100 [00:36<06:55,  4.52s/epoch, best=1.625e+02, sign=0.160, train=1.625e+02, val=1.624e+02]
GNN flow training:   8%|▊         | 8/100 [00:40<06:55,  4.52s/epoch, best=1.624e+02, sign=0.160, train=1.624e+02, val=1.618e+02]
GNN flow training:   9%|▉         | 9/100 [00:40<06:51,  4.52s/epoch, best=1.624e+02, sign=0.160, train=1.624e+02, val=1.618e+02]
GNN flow training:   9%|▉         | 9/100 [00:45<06:51,  4.52s/epoch, best=1.618e+02, sign=0.159, train=1.618e+02, val=1.613e+02]
GNN flow training:  10%|█         | 10/100 [00:45<06:47,  4.53s/epoch, best=1.618e+02, sign=0.159, train=1.618e+02, val=1.613e+02]
GNN flow training:  10%|█         | 10/100 [00:49<06:47,  4.53s/epoch, best=1.613e+02, sign=0.158, train=1.613e+02, val=1.612e+02]
GNN flow training:  11%|█         | 11/100 [00:49<06:43,  4.53s/epoch, best=1.613e+02, sign=0.158, train=1.613e+02, val=1.612e+02]
GNN flow training:  11%|█         | 11/100 [00:54<06:43,  4.53s/epoch, best=1.612e+02, sign=0.157, train=1.612e+02, val=1.612e+02]
GNN flow training:  12%|█▏        | 12/100 [00:54<06:39,  4.53s/epoch, best=1.612e+02, sign=0.157, train=1.612e+02, val=1.612e+02]
GNN flow training:  12%|█▏        | 12/100 [00:58<06:39,  4.53s/epoch, best=1.612e+02, sign=0.157, train=1.612e+02, val=1.612e+02]
GNN flow training:  13%|█▎        | 13/100 [00:58<06:34,  4.53s/epoch, best=1.612e+02, sign=0.157, train=1.612e+02, val=1.612e+02]
GNN flow training:  13%|█▎        | 13/100 [01:03<06:34,  4.53s/epoch, best=1.612e+02, sign=0.158, train=1.612e+02, val=1.609e+02]
GNN flow training:  14%|█▍        | 14/100 [01:03<06:28,  4.52s/epoch, best=1.612e+02, sign=0.158, train=1.612e+02, val=1.609e+02]
GNN flow training:  14%|█▍        | 14/100 [01:07<06:28,  4.52s/epoch, best=1.609e+02, sign=0.158, train=1.609e+02, val=1.606e+02]
GNN flow training:  15%|█▌        | 15/100 [01:07<06:22,  4.50s/epoch, best=1.609e+02, sign=0.158, train=1.609e+02, val=1.606e+02]
GNN flow training:  15%|█▌        | 15/100 [01:12<06:22,  4.50s/epoch, best=1.606e+02, sign=0.159, train=1.606e+02, val=1.605e+02]
GNN flow training:  16%|█▌        | 16/100 [01:12<06:17,  4.49s/epoch, best=1.606e+02, sign=0.159, train=1.606e+02, val=1.605e+02]
GNN flow training:  16%|█▌        | 16/100 [01:16<06:17,  4.49s/epoch, best=1.605e+02, sign=0.159, train=1.605e+02, val=1.606e+02]
GNN flow training:  17%|█▋        | 17/100 [01:16<06:12,  4.49s/epoch, best=1.605e+02, sign=0.159, train=1.605e+02, val=1.606e+02]
GNN flow training:  17%|█▋        | 17/100 [01:21<06:12,  4.49s/epoch, best=1.605e+02, sign=0.159, train=1.606e+02, val=1.605e+02]
GNN flow training:  18%|█▊        | 18/100 [01:21<06:08,  4.49s/epoch, best=1.605e+02, sign=0.159, train=1.606e+02, val=1.605e+02]
GNN flow training:  18%|█▊        | 18/100 [01:25<06:08,  4.49s/epoch, best=1.605e+02, sign=0.159, train=1.605e+02, val=1.606e+02]
GNN flow training:  19%|█▉        | 19/100 [01:25<06:04,  4.50s/epoch, best=1.605e+02, sign=0.159, train=1.605e+02, val=1.606e+02]
GNN flow training:  19%|█▉        | 19/100 [01:30<06:04,  4.50s/epoch, best=1.605e+02, sign=0.159, train=1.606e+02, val=1.608e+02]
GNN flow training:  20%|██        | 20/100 [01:30<06:00,  4.50s/epoch, best=1.605e+02, sign=0.159, train=1.606e+02, val=1.608e+02]
GNN flow training:  20%|██        | 20/100 [01:34<06:00,  4.50s/epoch, best=1.605e+02, sign=0.158, train=1.608e+02, val=1.608e+02]
GNN flow training:  21%|██        | 21/100 [01:34<05:56,  4.51s/epoch, best=1.605e+02, sign=0.158, train=1.608e+02, val=1.608e+02]
GNN flow training:  21%|██        | 21/100 [01:39<05:56,  4.51s/epoch, best=1.605e+02, sign=0.158, train=1.608e+02, val=1.611e+02]
GNN flow training:  22%|██▏       | 22/100 [01:39<05:51,  4.51s/epoch, best=1.605e+02, sign=0.158, train=1.608e+02, val=1.611e+02]
GNN flow training:  22%|██▏       | 22/100 [01:43<05:51,  4.51s/epoch, best=1.605e+02, sign=0.158, train=1.611e+02, val=1.605e+02]
GNN flow training:  23%|██▎       | 23/100 [01:43<05:47,  4.51s/epoch, best=1.605e+02, sign=0.158, train=1.611e+02, val=1.605e+02]
GNN flow training:  23%|██▎       | 23/100 [01:48<05:47,  4.51s/epoch, best=1.605e+02, sign=0.159, train=1.605e+02, val=1.608e+02]
GNN flow training:  24%|██▍       | 24/100 [01:48<05:42,  4.51s/epoch, best=1.605e+02, sign=0.159, train=1.605e+02, val=1.608e+02]
GNN flow training:  24%|██▍       | 24/100 [01:52<05:42,  4.51s/epoch, best=1.605e+02, sign=0.159, train=1.608e+02, val=1.604e+02]
GNN flow training:  25%|██▌       | 25/100 [01:52<05:37,  4.50s/epoch, best=1.605e+02, sign=0.159, train=1.608e+02, val=1.604e+02]
GNN flow training:  25%|██▌       | 25/100 [01:57<05:37,  4.50s/epoch, best=1.604e+02, sign=0.160, train=1.604e+02, val=1.600e+02]
GNN flow training:  26%|██▌       | 26/100 [01:57<05:32,  4.50s/epoch, best=1.604e+02, sign=0.160, train=1.604e+02, val=1.600e+02]
GNN flow training:  26%|██▌       | 26/100 [02:01<05:32,  4.50s/epoch, best=1.600e+02, sign=0.161, train=1.600e+02, val=1.589e+02]
GNN flow training:  27%|██▋       | 27/100 [02:01<05:27,  4.49s/epoch, best=1.600e+02, sign=0.161, train=1.600e+02, val=1.589e+02]
GNN flow training:  27%|██▋       | 27/100 [02:06<05:27,  4.49s/epoch, best=1.589e+02, sign=0.161, train=1.588e+02, val=1.582e+02]
GNN flow training:  28%|██▊       | 28/100 [02:06<05:24,  4.51s/epoch, best=1.589e+02, sign=0.161, train=1.588e+02, val=1.582e+02]
GNN flow training:  28%|██▊       | 28/100 [02:10<05:24,  4.51s/epoch, best=1.582e+02, sign=0.160, train=1.582e+02, val=1.577e+02]
GNN flow training:  29%|██▉       | 29/100 [02:10<05:20,  4.51s/epoch, best=1.582e+02, sign=0.160, train=1.582e+02, val=1.577e+02]
GNN flow training:  29%|██▉       | 29/100 [02:15<05:20,  4.51s/epoch, best=1.577e+02, sign=0.160, train=1.577e+02, val=1.569e+02]
GNN flow training:  30%|███       | 30/100 [02:15<05:15,  4.51s/epoch, best=1.577e+02, sign=0.160, train=1.577e+02, val=1.569e+02]
GNN flow training:  30%|███       | 30/100 [02:19<05:15,  4.51s/epoch, best=1.569e+02, sign=0.160, train=1.569e+02, val=1.557e+02]
GNN flow training:  31%|███       | 31/100 [02:19<05:12,  4.53s/epoch, best=1.569e+02, sign=0.160, train=1.569e+02, val=1.557e+02]
GNN flow training:  31%|███       | 31/100 [02:24<05:12,  4.53s/epoch, best=1.557e+02, sign=0.160, train=1.557e+02, val=1.543e+02]
GNN flow training:  32%|███▏      | 32/100 [02:24<05:08,  4.53s/epoch, best=1.557e+02, sign=0.160, train=1.557e+02, val=1.543e+02]
GNN flow training:  32%|███▏      | 32/100 [02:29<05:08,  4.53s/epoch, best=1.543e+02, sign=0.160, train=1.543e+02, val=1.529e+02]
GNN flow training:  33%|███▎      | 33/100 [02:29<05:02,  4.52s/epoch, best=1.543e+02, sign=0.160, train=1.543e+02, val=1.529e+02]
GNN flow training:  33%|███▎      | 33/100 [02:33<05:02,  4.52s/epoch, best=1.529e+02, sign=0.160, train=1.529e+02, val=1.511e+02]
GNN flow training:  34%|███▍      | 34/100 [02:33<04:58,  4.52s/epoch, best=1.529e+02, sign=0.160, train=1.529e+02, val=1.511e+02]
GNN flow training:  34%|███▍      | 34/100 [02:38<04:58,  4.52s/epoch, best=1.511e+02, sign=0.161, train=1.511e+02, val=1.492e+02]
GNN flow training:  35%|███▌      | 35/100 [02:38<04:53,  4.51s/epoch, best=1.511e+02, sign=0.161, train=1.511e+02, val=1.492e+02]
GNN flow training:  35%|███▌      | 35/100 [02:42<04:53,  4.51s/epoch, best=1.492e+02, sign=0.160, train=1.492e+02, val=1.476e+02]
GNN flow training:  36%|███▌      | 36/100 [02:42<04:48,  4.51s/epoch, best=1.492e+02, sign=0.160, train=1.492e+02, val=1.476e+02]
GNN flow training:  36%|███▌      | 36/100 [02:47<04:48,  4.51s/epoch, best=1.476e+02, sign=0.160, train=1.476e+02, val=1.452e+02]
GNN flow training:  37%|███▋      | 37/100 [02:47<04:44,  4.51s/epoch, best=1.476e+02, sign=0.160, train=1.476e+02, val=1.452e+02]
GNN flow training:  37%|███▋      | 37/100 [02:51<04:44,  4.51s/epoch, best=1.452e+02, sign=0.160, train=1.452e+02, val=1.421e+02]
GNN flow training:  38%|███▊      | 38/100 [02:51<04:39,  4.51s/epoch, best=1.452e+02, sign=0.160, train=1.452e+02, val=1.421e+02]
GNN flow training:  38%|███▊      | 38/100 [02:56<04:39,  4.51s/epoch, best=1.421e+02, sign=0.161, train=1.421e+02, val=1.374e+02]
GNN flow training:  39%|███▉      | 39/100 [02:56<04:35,  4.51s/epoch, best=1.421e+02, sign=0.161, train=1.421e+02, val=1.374e+02]
GNN flow training:  39%|███▉      | 39/100 [03:00<04:35,  4.51s/epoch, best=1.374e+02, sign=0.159, train=1.374e+02, val=1.350e+02]
GNN flow training:  40%|████      | 40/100 [03:00<04:30,  4.51s/epoch, best=1.374e+02, sign=0.159, train=1.374e+02, val=1.350e+02]
GNN flow training:  40%|████      | 40/100 [03:05<04:30,  4.51s/epoch, best=1.350e+02, sign=0.158, train=1.349e+02, val=1.316e+02]
GNN flow training:  41%|████      | 41/100 [03:05<04:26,  4.52s/epoch, best=1.350e+02, sign=0.158, train=1.349e+02, val=1.316e+02]
GNN flow training:  41%|████      | 41/100 [03:09<04:26,  4.52s/epoch, best=1.316e+02, sign=0.158, train=1.316e+02, val=1.276e+02]
GNN flow training:  42%|████▏     | 42/100 [03:09<04:21,  4.51s/epoch, best=1.316e+02, sign=0.158, train=1.316e+02, val=1.276e+02]
GNN flow training:  42%|████▏     | 42/100 [03:14<04:21,  4.51s/epoch, best=1.276e+02, sign=0.158, train=1.276e+02, val=1.250e+02]
GNN flow training:  43%|████▎     | 43/100 [03:14<04:16,  4.50s/epoch, best=1.276e+02, sign=0.158, train=1.276e+02, val=1.250e+02]
GNN flow training:  43%|████▎     | 43/100 [03:18<04:16,  4.50s/epoch, best=1.250e+02, sign=0.159, train=1.249e+02, val=1.220e+02]
GNN flow training:  44%|████▍     | 44/100 [03:18<04:12,  4.50s/epoch, best=1.250e+02, sign=0.159, train=1.249e+02, val=1.220e+02]
GNN flow training:  44%|████▍     | 44/100 [03:23<04:12,  4.50s/epoch, best=1.220e+02, sign=0.159, train=1.220e+02, val=1.161e+02]
GNN flow training:  45%|████▌     | 45/100 [03:23<04:07,  4.50s/epoch, best=1.220e+02, sign=0.159, train=1.220e+02, val=1.161e+02]
GNN flow training:  45%|████▌     | 45/100 [03:27<04:07,  4.50s/epoch, best=1.161e+02, sign=0.159, train=1.161e+02, val=1.114e+02]
GNN flow training:  46%|████▌     | 46/100 [03:27<04:03,  4.51s/epoch, best=1.161e+02, sign=0.159, train=1.161e+02, val=1.114e+02]
GNN flow training:  46%|████▌     | 46/100 [03:32<04:03,  4.51s/epoch, best=1.114e+02, sign=0.159, train=1.114e+02, val=1.080e+02]
GNN flow training:  47%|████▋     | 47/100 [03:32<03:58,  4.50s/epoch, best=1.114e+02, sign=0.159, train=1.114e+02, val=1.080e+02]
GNN flow training:  47%|████▋     | 47/100 [03:36<03:58,  4.50s/epoch, best=1.080e+02, sign=0.159, train=1.079e+02, val=1.049e+02]
GNN flow training:  48%|████▊     | 48/100 [03:36<03:54,  4.52s/epoch, best=1.080e+02, sign=0.159, train=1.079e+02, val=1.049e+02]
GNN flow training:  48%|████▊     | 48/100 [03:41<03:54,  4.52s/epoch, best=1.049e+02, sign=0.158, train=1.049e+02, val=1.074e+02]
GNN flow training:  49%|████▉     | 49/100 [03:41<03:51,  4.53s/epoch, best=1.049e+02, sign=0.158, train=1.049e+02, val=1.074e+02]
GNN flow training:  49%|████▉     | 49/100 [03:45<03:51,  4.53s/epoch, best=1.049e+02, sign=0.159, train=1.074e+02, val=1.050e+02]
GNN flow training:  50%|█████     | 50/100 [03:45<03:46,  4.53s/epoch, best=1.049e+02, sign=0.159, train=1.074e+02, val=1.050e+02]
GNN flow training:  50%|█████     | 50/100 [03:50<03:46,  4.53s/epoch, best=1.049e+02, sign=0.162, train=1.049e+02, val=1.017e+02]
GNN flow training:  51%|█████     | 51/100 [03:50<03:41,  4.52s/epoch, best=1.049e+02, sign=0.162, train=1.049e+02, val=1.017e+02]
GNN flow training:  51%|█████     | 51/100 [03:54<03:41,  4.52s/epoch, best=1.017e+02, sign=0.164, train=1.017e+02, val=9.714e+01]
GNN flow training:  52%|█████▏    | 52/100 [03:54<03:36,  4.52s/epoch, best=1.017e+02, sign=0.164, train=1.017e+02, val=9.714e+01]
GNN flow training:  52%|█████▏    | 52/100 [03:59<03:36,  4.52s/epoch, best=9.714e+01, sign=0.166, train=9.712e+01, val=9.343e+01]
GNN flow training:  53%|█████▎    | 53/100 [03:59<03:31,  4.50s/epoch, best=9.714e+01, sign=0.166, train=9.712e+01, val=9.343e+01]
GNN flow training:  53%|█████▎    | 53/100 [04:03<03:31,  4.50s/epoch, best=9.343e+01, sign=0.168, train=9.341e+01, val=9.092e+01]
GNN flow training:  54%|█████▍    | 54/100 [04:03<03:27,  4.51s/epoch, best=9.343e+01, sign=0.168, train=9.341e+01, val=9.092e+01]
GNN flow training:  54%|█████▍    | 54/100 [04:08<03:27,  4.51s/epoch, best=9.092e+01, sign=0.169, train=9.090e+01, val=9.041e+01]
GNN flow training:  55%|█████▌    | 55/100 [04:08<03:22,  4.51s/epoch, best=9.092e+01, sign=0.169, train=9.090e+01, val=9.041e+01]
GNN flow training:  55%|█████▌    | 55/100 [04:12<03:22,  4.51s/epoch, best=9.041e+01, sign=0.169, train=9.039e+01, val=8.983e+01]
GNN flow training:  56%|█████▌    | 56/100 [04:12<03:18,  4.52s/epoch, best=9.041e+01, sign=0.169, train=9.039e+01, val=8.983e+01]
GNN flow training:  56%|█████▌    | 56/100 [04:17<03:18,  4.52s/epoch, best=8.983e+01, sign=0.169, train=8.981e+01, val=8.752e+01]
GNN flow training:  57%|█████▋    | 57/100 [04:17<03:14,  4.52s/epoch, best=8.983e+01, sign=0.169, train=8.981e+01, val=8.752e+01]
GNN flow training:  57%|█████▋    | 57/100 [04:21<03:14,  4.52s/epoch, best=8.752e+01, sign=0.169, train=8.750e+01, val=8.545e+01]
GNN flow training:  58%|█████▊    | 58/100 [04:21<03:10,  4.53s/epoch, best=8.752e+01, sign=0.169, train=8.750e+01, val=8.545e+01]
GNN flow training:  58%|█████▊    | 58/100 [04:26<03:10,  4.53s/epoch, best=8.545e+01, sign=0.171, train=8.543e+01, val=8.228e+01]
GNN flow training:  59%|█████▉    | 59/100 [04:26<03:05,  4.53s/epoch, best=8.545e+01, sign=0.171, train=8.543e+01, val=8.228e+01]
GNN flow training:  59%|█████▉    | 59/100 [04:30<03:05,  4.53s/epoch, best=8.228e+01, sign=0.171, train=8.226e+01, val=8.215e+01]
GNN flow training:  60%|██████    | 60/100 [04:30<03:01,  4.54s/epoch, best=8.228e+01, sign=0.171, train=8.226e+01, val=8.215e+01]
GNN flow training:  60%|██████    | 60/100 [04:35<03:01,  4.54s/epoch, best=8.215e+01, sign=0.171, train=8.213e+01, val=8.555e+01]
GNN flow training:  61%|██████    | 61/100 [04:35<02:57,  4.54s/epoch, best=8.215e+01, sign=0.171, train=8.213e+01, val=8.555e+01]
GNN flow training:  61%|██████    | 61/100 [04:40<02:57,  4.54s/epoch, best=8.215e+01, sign=0.169, train=8.553e+01, val=8.885e+01]
GNN flow training:  62%|██████▏   | 62/100 [04:40<02:52,  4.53s/epoch, best=8.215e+01, sign=0.169, train=8.553e+01, val=8.885e+01]
GNN flow training:  62%|██████▏   | 62/100 [04:44<02:52,  4.53s/epoch, best=8.215e+01, sign=0.170, train=8.883e+01, val=8.621e+01]
GNN flow training:  63%|██████▎   | 63/100 [04:44<02:47,  4.52s/epoch, best=8.215e+01, sign=0.170, train=8.883e+01, val=8.621e+01]
GNN flow training:  63%|██████▎   | 63/100 [04:49<02:47,  4.52s/epoch, best=8.215e+01, sign=0.171, train=8.619e+01, val=7.916e+01]
GNN flow training:  64%|██████▍   | 64/100 [04:49<02:42,  4.52s/epoch, best=8.215e+01, sign=0.171, train=8.619e+01, val=7.916e+01]
GNN flow training:  64%|██████▍   | 64/100 [04:53<02:42,  4.52s/epoch, best=7.916e+01, sign=0.173, train=7.914e+01, val=7.848e+01]
GNN flow training:  65%|██████▌   | 65/100 [04:53<02:38,  4.53s/epoch, best=7.916e+01, sign=0.173, train=7.914e+01, val=7.848e+01]
GNN flow training:  65%|██████▌   | 65/100 [04:58<02:38,  4.53s/epoch, best=7.848e+01, sign=0.170, train=7.846e+01, val=8.572e+01]
GNN flow training:  66%|██████▌   | 66/100 [04:58<02:33,  4.52s/epoch, best=7.848e+01, sign=0.170, train=7.846e+01, val=8.572e+01]
GNN flow training:  66%|██████▌   | 66/100 [05:02<02:33,  4.52s/epoch, best=7.848e+01, sign=0.169, train=8.570e+01, val=8.918e+01]
GNN flow training:  67%|██████▋   | 67/100 [05:02<02:29,  4.52s/epoch, best=7.848e+01, sign=0.169, train=8.570e+01, val=8.918e+01]
GNN flow training:  67%|██████▋   | 67/100 [05:07<02:29,  4.52s/epoch, best=7.848e+01, sign=0.169, train=8.916e+01, val=8.648e+01]
GNN flow training:  68%|██████▊   | 68/100 [05:07<02:25,  4.53s/epoch, best=7.848e+01, sign=0.169, train=8.916e+01, val=8.648e+01]
GNN flow training:  68%|██████▊   | 68/100 [05:11<02:25,  4.53s/epoch, best=7.848e+01, sign=0.173, train=8.646e+01, val=7.995e+01]
GNN flow training:  69%|██████▉   | 69/100 [05:11<02:20,  4.55s/epoch, best=7.848e+01, sign=0.173, train=8.646e+01, val=7.995e+01]
GNN flow training:  69%|██████▉   | 69/100 [05:16<02:20,  4.55s/epoch, best=7.848e+01, sign=0.173, train=7.993e+01, val=7.634e+01]
GNN flow training:  70%|███████   | 70/100 [05:16<02:16,  4.54s/epoch, best=7.848e+01, sign=0.173, train=7.993e+01, val=7.634e+01]
GNN flow training:  70%|███████   | 70/100 [05:20<02:16,  4.54s/epoch, best=7.634e+01, sign=0.173, train=7.632e+01, val=7.607e+01]
GNN flow training:  71%|███████   | 71/100 [05:20<02:11,  4.54s/epoch, best=7.634e+01, sign=0.173, train=7.632e+01, val=7.607e+01]
GNN flow training:  71%|███████   | 71/100 [05:25<02:11,  4.54s/epoch, best=7.607e+01, sign=0.172, train=7.605e+01, val=7.767e+01]
GNN flow training:  72%|███████▏  | 72/100 [05:25<02:07,  4.54s/epoch, best=7.607e+01, sign=0.172, train=7.605e+01, val=7.767e+01]
GNN flow training:  72%|███████▏  | 72/100 [05:29<02:07,  4.54s/epoch, best=7.607e+01, sign=0.172, train=7.765e+01, val=7.627e+01]
GNN flow training:  73%|███████▎  | 73/100 [05:29<02:02,  4.54s/epoch, best=7.607e+01, sign=0.172, train=7.765e+01, val=7.627e+01]
GNN flow training:  73%|███████▎  | 73/100 [05:34<02:02,  4.54s/epoch, best=7.607e+01, sign=0.173, train=7.625e+01, val=7.480e+01]
GNN flow training:  74%|███████▍  | 74/100 [05:34<01:57,  4.52s/epoch, best=7.607e+01, sign=0.173, train=7.625e+01, val=7.480e+01]
GNN flow training:  74%|███████▍  | 74/100 [05:38<01:57,  4.52s/epoch, best=7.480e+01, sign=0.172, train=7.478e+01, val=7.884e+01]
GNN flow training:  75%|███████▌  | 75/100 [05:38<01:53,  4.53s/epoch, best=7.480e+01, sign=0.172, train=7.478e+01, val=7.884e+01]
GNN flow training:  75%|███████▌  | 75/100 [05:43<01:53,  4.53s/epoch, best=7.480e+01, sign=0.172, train=7.882e+01, val=7.949e+01]
GNN flow training:  76%|███████▌  | 76/100 [05:43<01:48,  4.53s/epoch, best=7.480e+01, sign=0.172, train=7.882e+01, val=7.949e+01]
GNN flow training:  76%|███████▌  | 76/100 [05:47<01:48,  4.53s/epoch, best=7.480e+01, sign=0.171, train=7.947e+01, val=7.787e+01]
GNN flow training:  77%|███████▋  | 77/100 [05:47<01:43,  4.52s/epoch, best=7.480e+01, sign=0.171, train=7.947e+01, val=7.787e+01]
GNN flow training:  77%|███████▋  | 77/100 [05:52<01:43,  4.52s/epoch, best=7.480e+01, sign=0.171, train=7.785e+01, val=7.887e+01]
GNN flow training:  78%|███████▊  | 78/100 [05:52<01:39,  4.53s/epoch, best=7.480e+01, sign=0.171, train=7.785e+01, val=7.887e+01]
GNN flow training:  78%|███████▊  | 78/100 [05:56<01:39,  4.53s/epoch, best=7.480e+01, sign=0.171, train=7.885e+01, val=7.827e+01]
GNN flow training:  79%|███████▉  | 79/100 [05:56<01:34,  4.52s/epoch, best=7.480e+01, sign=0.171, train=7.885e+01, val=7.827e+01]
GNN flow training:  79%|███████▉  | 79/100 [06:01<01:34,  4.52s/epoch, best=7.480e+01, sign=0.172, train=7.825e+01, val=7.749e+01]
GNN flow training:  80%|████████  | 80/100 [06:01<01:30,  4.52s/epoch, best=7.480e+01, sign=0.172, train=7.825e+01, val=7.749e+01]
GNN flow training:  80%|████████  | 80/100 [06:06<01:30,  4.52s/epoch, best=7.480e+01, sign=0.172, train=7.747e+01, val=7.617e+01]
GNN flow training:  81%|████████  | 81/100 [06:06<01:26,  4.53s/epoch, best=7.480e+01, sign=0.172, train=7.747e+01, val=7.617e+01]
GNN flow training:  81%|████████  | 81/100 [06:10<01:26,  4.53s/epoch, best=7.480e+01, sign=0.173, train=7.615e+01, val=7.575e+01]
GNN flow training:  82%|████████▏ | 82/100 [06:10<01:21,  4.53s/epoch, best=7.480e+01, sign=0.173, train=7.615e+01, val=7.575e+01]
GNN flow training:  82%|████████▏ | 82/100 [06:15<01:21,  4.53s/epoch, best=7.480e+01, sign=0.172, train=7.573e+01, val=7.785e+01]
GNN flow training:  83%|████████▎ | 83/100 [06:15<01:16,  4.52s/epoch, best=7.480e+01, sign=0.172, train=7.573e+01, val=7.785e+01]
GNN flow training:  83%|████████▎ | 83/100 [06:19<01:16,  4.52s/epoch, best=7.480e+01, sign=0.170, train=7.784e+01, val=7.914e+01]
GNN flow training:  84%|████████▍ | 84/100 [06:19<01:12,  4.52s/epoch, best=7.480e+01, sign=0.170, train=7.784e+01, val=7.914e+01]
GNN flow training:  84%|████████▍ | 84/100 [06:24<01:12,  4.52s/epoch, best=7.480e+01, sign=0.172, train=7.912e+01, val=7.745e+01]
GNN flow training:  85%|████████▌ | 85/100 [06:24<01:07,  4.52s/epoch, best=7.480e+01, sign=0.172, train=7.912e+01, val=7.745e+01]
GNN flow training:  85%|████████▌ | 85/100 [06:28<01:07,  4.52s/epoch, best=7.480e+01, sign=0.173, train=7.743e+01, val=7.528e+01]
GNN flow training:  86%|████████▌ | 86/100 [06:28<01:03,  4.52s/epoch, best=7.480e+01, sign=0.173, train=7.743e+01, val=7.528e+01]
GNN flow training:  86%|████████▌ | 86/100 [06:33<01:03,  4.52s/epoch, best=7.480e+01, sign=0.173, train=7.526e+01, val=7.750e+01]
GNN flow training:  87%|████████▋ | 87/100 [06:33<00:58,  4.51s/epoch, best=7.480e+01, sign=0.173, train=7.526e+01, val=7.750e+01]
GNN flow training:  87%|████████▋ | 87/100 [06:37<00:58,  4.51s/epoch, best=7.480e+01, sign=0.172, train=7.748e+01, val=7.790e+01]
GNN flow training:  88%|████████▊ | 88/100 [06:37<00:54,  4.51s/epoch, best=7.480e+01, sign=0.172, train=7.748e+01, val=7.790e+01]
GNN flow training:  88%|████████▊ | 88/100 [06:42<00:54,  4.51s/epoch, best=7.480e+01, sign=0.173, train=7.788e+01, val=7.546e+01]
GNN flow training:  89%|████████▉ | 89/100 [06:42<00:49,  4.52s/epoch, best=7.480e+01, sign=0.173, train=7.788e+01, val=7.546e+01]
GNN flow training:  89%|████████▉ | 89/100 [06:46<00:49,  4.52s/epoch, best=7.480e+01, sign=0.173, train=7.544e+01, val=7.553e+01]
GNN flow training:  90%|█████████ | 90/100 [06:46<00:45,  4.51s/epoch, best=7.480e+01, sign=0.173, train=7.544e+01, val=7.553e+01]
GNN flow training:  90%|█████████ | 90/100 [06:51<00:45,  4.51s/epoch, best=7.480e+01, sign=0.172, train=7.551e+01, val=7.640e+01]
GNN flow training:  91%|█████████ | 91/100 [06:51<00:40,  4.52s/epoch, best=7.480e+01, sign=0.172, train=7.551e+01, val=7.640e+01]
GNN flow training:  91%|█████████ | 91/100 [06:55<00:40,  4.52s/epoch, best=7.480e+01, sign=0.172, train=7.638e+01, val=7.733e+01]
GNN flow training:  92%|█████████▏| 92/100 [06:55<00:36,  4.52s/epoch, best=7.480e+01, sign=0.172, train=7.638e+01, val=7.733e+01]
GNN flow training:  92%|█████████▏| 92/100 [07:00<00:36,  4.52s/epoch, best=7.480e+01, sign=0.173, train=7.731e+01, val=7.698e+01]
GNN flow training:  93%|█████████▎| 93/100 [07:00<00:31,  4.55s/epoch, best=7.480e+01, sign=0.173, train=7.731e+01, val=7.698e+01]
GNN flow training:  93%|█████████▎| 93/100 [07:04<00:31,  4.55s/epoch, best=7.480e+01, sign=0.172, train=7.696e+01, val=7.647e+01]
GNN flow training:  94%|█████████▍| 94/100 [07:04<00:27,  4.56s/epoch, best=7.480e+01, sign=0.172, train=7.696e+01, val=7.647e+01]
GNN flow training:  94%|█████████▍| 94/100 [07:09<00:27,  4.56s/epoch, best=7.480e+01, sign=0.174, train=7.645e+01, val=7.544e+01]
GNN flow training:  95%|█████████▌| 95/100 [07:09<00:22,  4.56s/epoch, best=7.480e+01, sign=0.174, train=7.645e+01, val=7.544e+01]
GNN flow training:  95%|█████████▌| 95/100 [07:14<00:22,  4.56s/epoch, best=7.480e+01, sign=0.175, train=7.542e+01, val=7.442e+01]
GNN flow training:  96%|█████████▌| 96/100 [07:14<00:18,  4.54s/epoch, best=7.480e+01, sign=0.175, train=7.542e+01, val=7.442e+01]
GNN flow training:  96%|█████████▌| 96/100 [07:18<00:18,  4.54s/epoch, best=7.442e+01, sign=0.174, train=7.440e+01, val=7.523e+01]
GNN flow training:  97%|█████████▋| 97/100 [07:18<00:13,  4.53s/epoch, best=7.442e+01, sign=0.174, train=7.440e+01, val=7.523e+01]
GNN flow training:  97%|█████████▋| 97/100 [07:23<00:13,  4.53s/epoch, best=7.442e+01, sign=0.174, train=7.521e+01, val=7.497e+01]
GNN flow training:  98%|█████████▊| 98/100 [07:23<00:09,  4.54s/epoch, best=7.442e+01, sign=0.174, train=7.521e+01, val=7.497e+01]
GNN flow training:  98%|█████████▊| 98/100 [07:27<00:09,  4.54s/epoch, best=7.442e+01, sign=0.175, train=7.495e+01, val=7.418e+01]
GNN flow training:  99%|█████████▉| 99/100 [07:27<00:04,  4.53s/epoch, best=7.442e+01, sign=0.175, train=7.495e+01, val=7.418e+01]
GNN flow training:  99%|█████████▉| 99/100 [07:32<00:04,  4.53s/epoch, best=7.418e+01, sign=0.172, train=7.416e+01, val=8.081e+01]
GNN flow training: 100%|██████████| 100/100 [07:32<00:00,  4.53s/epoch, best=7.418e+01, sign=0.172, train=7.416e+01, val=8.081e+01]
GNN flow training: 100%|██████████| 100/100 [07:32<00:00,  4.52s/epoch, best=7.418e+01, sign=0.172, train=7.416e+01, val=8.081e+01]
Resolved config snapshot:
{'preset': 'solver_QKB_outer_QKBdelta', 'gnn_outer_losses': {'flow': 1.0, 'kirchhoff': 100.0, 'boundary': 100.0, 'delta_l2': 10.0, 'delta_smooth': 0.0, 'pressure_shape': 0.0}, 'physics': {'arterial_flow_mode': 'dataset', 'pressure_constraints': ['equal-a-equal-v'], 'alpha_pa': None, 'use_snr_weights': True, 'use_observed_flow_snr_weighting': True, 'flow_scale_mode': 'median_abs', 'solver_device': 'same', 'pressure_solver_mode': 'reduced-soft-constrained-lstsq', 'pressure_solver_lambda_kirchhoff': 1.0, 'pressure_solver_lambda_pressure_constraints': 100.0, 'pressure_solver_lambda_flow_residual': 1.0, 'pressure_shape_reference': 'delta_zero_reference', 'pressure_detach': False}, 'correction_bounds': {'correction_min': -0.5, 'correction_max': 0.5, 'correction_bound': 0.5, 'correction_parameterization': 'tanh'}, 'optimization': {'learning_rate': 0.001, 'weight_decay': 0.0001, 'gradient_clip_norm': 5.0, 'optimizer': 'adamw', 'epochs': 100, 'patience': 40}}
Shard 31/80: 1 of 80 runs
Command: /mnt/home/sswee/miniforge3/envs/yolk-sac/bin/python /mnt/home/sswee/yolk/Yolk-Sac-Flow-Data-and-Sim/gnn_clean/scripts/python/gnn_flow.py /mnt/home/sswee/yolk/Yolk-Sac-Flow-Data-and-Sim/gnn_clean/datasets/mosaic_graph_norm_canonical.gpickle --output-dir /mnt/home/sswee/yolk/Yolk-Sac-Flow-Data-and-Sim/gnn_clean/outputs_canonical_norm/dc/02_physics_weight_sweep/gnn --run-name q_1__k_100__delta_10 --preset solver_QKB_outer_QKBdelta --device cuda --epochs 100 --seed 0 --viscosity-pa-s 0.0035 --config /mnt/home/sswee/yolk/Yolk-Sac-Flow-Data-and-Sim/gnn_clean/outputs_canonical_norm/dc/02_physics_weight_sweep/_generated_configs/q_1__k_100__delta_10.yaml --no-pressure-detach
