[info] DC Step 2 canonical sweep uses fixed lambda_B=100.0 for both the outer boundary loss and the reduced pressure-solver boundary constraint.

GNN flow training:   0%|          | 0/100 [00:00<?, ?epoch/s]
GNN flow training:   0%|          | 0/100 [00:06<?, ?epoch/s, best=1.645e+02, sign=0.161, train=1.647e+02, val=1.645e+02]
GNN flow training:   1%|          | 1/100 [00:06<10:34,  6.41s/epoch, best=1.645e+02, sign=0.161, train=1.647e+02, val=1.645e+02]
GNN flow training:   1%|          | 1/100 [00:12<10:34,  6.41s/epoch, best=1.645e+02, sign=0.161, train=1.645e+02, val=1.642e+02]
GNN flow training:   2%|▏         | 2/100 [00:12<10:23,  6.36s/epoch, best=1.645e+02, sign=0.161, train=1.645e+02, val=1.642e+02]
GNN flow training:   2%|▏         | 2/100 [00:19<10:23,  6.36s/epoch, best=1.642e+02, sign=0.161, train=1.642e+02, val=1.645e+02]
GNN flow training:   3%|▎         | 3/100 [00:19<10:13,  6.32s/epoch, best=1.642e+02, sign=0.161, train=1.642e+02, val=1.645e+02]
GNN flow training:   3%|▎         | 3/100 [00:25<10:13,  6.32s/epoch, best=1.642e+02, sign=0.161, train=1.645e+02, val=1.642e+02]
GNN flow training:   4%|▍         | 4/100 [00:25<10:04,  6.30s/epoch, best=1.642e+02, sign=0.161, train=1.645e+02, val=1.642e+02]
GNN flow training:   4%|▍         | 4/100 [00:31<10:04,  6.30s/epoch, best=1.642e+02, sign=0.161, train=1.642e+02, val=1.643e+02]
GNN flow training:   5%|▌         | 5/100 [00:31<09:58,  6.30s/epoch, best=1.642e+02, sign=0.161, train=1.642e+02, val=1.643e+02]
GNN flow training:   5%|▌         | 5/100 [00:37<09:58,  6.30s/epoch, best=1.642e+02, sign=0.161, train=1.643e+02, val=1.639e+02]
GNN flow training:   6%|▌         | 6/100 [00:37<09:50,  6.28s/epoch, best=1.642e+02, sign=0.161, train=1.643e+02, val=1.639e+02]
GNN flow training:   6%|▌         | 6/100 [00:44<09:50,  6.28s/epoch, best=1.639e+02, sign=0.160, train=1.638e+02, val=1.638e+02]
GNN flow training:   7%|▋         | 7/100 [00:44<09:44,  6.28s/epoch, best=1.639e+02, sign=0.160, train=1.638e+02, val=1.638e+02]
GNN flow training:   7%|▋         | 7/100 [00:50<09:44,  6.28s/epoch, best=1.638e+02, sign=0.159, train=1.637e+02, val=1.634e+02]
GNN flow training:   8%|▊         | 8/100 [00:50<09:37,  6.28s/epoch, best=1.638e+02, sign=0.159, train=1.637e+02, val=1.634e+02]
GNN flow training:   8%|▊         | 8/100 [00:56<09:37,  6.28s/epoch, best=1.634e+02, sign=0.160, train=1.634e+02, val=1.632e+02]
GNN flow training:   9%|▉         | 9/100 [00:56<09:32,  6.29s/epoch, best=1.634e+02, sign=0.160, train=1.634e+02, val=1.632e+02]
GNN flow training:   9%|▉         | 9/100 [01:02<09:32,  6.29s/epoch, best=1.632e+02, sign=0.160, train=1.632e+02, val=1.629e+02]
GNN flow training:  10%|█         | 10/100 [01:02<09:25,  6.29s/epoch, best=1.632e+02, sign=0.160, train=1.632e+02, val=1.629e+02]
GNN flow training:  10%|█         | 10/100 [01:09<09:25,  6.29s/epoch, best=1.629e+02, sign=0.160, train=1.628e+02, val=1.628e+02]
GNN flow training:  11%|█         | 11/100 [01:09<09:19,  6.29s/epoch, best=1.629e+02, sign=0.160, train=1.628e+02, val=1.628e+02]
GNN flow training:  11%|█         | 11/100 [01:15<09:19,  6.29s/epoch, best=1.628e+02, sign=0.160, train=1.628e+02, val=1.623e+02]
GNN flow training:  12%|█▏        | 12/100 [01:15<09:13,  6.29s/epoch, best=1.628e+02, sign=0.160, train=1.628e+02, val=1.623e+02]
GNN flow training:  12%|█▏        | 12/100 [01:21<09:13,  6.29s/epoch, best=1.623e+02, sign=0.160, train=1.623e+02, val=1.620e+02]
GNN flow training:  13%|█▎        | 13/100 [01:21<09:06,  6.28s/epoch, best=1.623e+02, sign=0.160, train=1.623e+02, val=1.620e+02]
GNN flow training:  13%|█▎        | 13/100 [01:28<09:06,  6.28s/epoch, best=1.620e+02, sign=0.159, train=1.620e+02, val=1.614e+02]
GNN flow training:  14%|█▍        | 14/100 [01:28<09:00,  6.28s/epoch, best=1.620e+02, sign=0.159, train=1.620e+02, val=1.614e+02]
GNN flow training:  14%|█▍        | 14/100 [01:34<09:00,  6.28s/epoch, best=1.614e+02, sign=0.159, train=1.614e+02, val=1.618e+02]
GNN flow training:  15%|█▌        | 15/100 [01:34<08:54,  6.29s/epoch, best=1.614e+02, sign=0.159, train=1.614e+02, val=1.618e+02]
GNN flow training:  15%|█▌        | 15/100 [01:40<08:54,  6.29s/epoch, best=1.614e+02, sign=0.157, train=1.617e+02, val=1.614e+02]
GNN flow training:  16%|█▌        | 16/100 [01:40<08:48,  6.29s/epoch, best=1.614e+02, sign=0.157, train=1.617e+02, val=1.614e+02]
GNN flow training:  16%|█▌        | 16/100 [01:47<08:48,  6.29s/epoch, best=1.614e+02, sign=0.156, train=1.614e+02, val=1.620e+02]
GNN flow training:  17%|█▋        | 17/100 [01:47<08:42,  6.29s/epoch, best=1.614e+02, sign=0.156, train=1.614e+02, val=1.620e+02]
GNN flow training:  17%|█▋        | 17/100 [01:53<08:42,  6.29s/epoch, best=1.614e+02, sign=0.156, train=1.620e+02, val=1.612e+02]
GNN flow training:  18%|█▊        | 18/100 [01:53<08:35,  6.28s/epoch, best=1.614e+02, sign=0.156, train=1.620e+02, val=1.612e+02]
GNN flow training:  18%|█▊        | 18/100 [01:59<08:35,  6.28s/epoch, best=1.612e+02, sign=0.155, train=1.611e+02, val=1.611e+02]
GNN flow training:  19%|█▉        | 19/100 [01:59<08:29,  6.29s/epoch, best=1.612e+02, sign=0.155, train=1.611e+02, val=1.611e+02]
GNN flow training:  19%|█▉        | 19/100 [02:05<08:29,  6.29s/epoch, best=1.611e+02, sign=0.154, train=1.610e+02, val=1.614e+02]
GNN flow training:  20%|██        | 20/100 [02:05<08:23,  6.30s/epoch, best=1.611e+02, sign=0.154, train=1.610e+02, val=1.614e+02]
GNN flow training:  20%|██        | 20/100 [02:12<08:23,  6.30s/epoch, best=1.611e+02, sign=0.152, train=1.613e+02, val=1.608e+02]
GNN flow training:  21%|██        | 21/100 [02:12<08:19,  6.33s/epoch, best=1.611e+02, sign=0.152, train=1.613e+02, val=1.608e+02]
GNN flow training:  21%|██        | 21/100 [02:18<08:19,  6.33s/epoch, best=1.608e+02, sign=0.152, train=1.608e+02, val=1.603e+02]
GNN flow training:  22%|██▏       | 22/100 [02:18<08:12,  6.31s/epoch, best=1.608e+02, sign=0.152, train=1.608e+02, val=1.603e+02]
GNN flow training:  22%|██▏       | 22/100 [02:24<08:12,  6.31s/epoch, best=1.603e+02, sign=0.153, train=1.602e+02, val=1.604e+02]
GNN flow training:  23%|██▎       | 23/100 [02:24<08:06,  6.32s/epoch, best=1.603e+02, sign=0.153, train=1.602e+02, val=1.604e+02]
GNN flow training:  23%|██▎       | 23/100 [02:31<08:06,  6.32s/epoch, best=1.603e+02, sign=0.153, train=1.603e+02, val=1.586e+02]
GNN flow training:  24%|██▍       | 24/100 [02:31<08:01,  6.33s/epoch, best=1.603e+02, sign=0.153, train=1.603e+02, val=1.586e+02]
GNN flow training:  24%|██▍       | 24/100 [02:37<08:01,  6.33s/epoch, best=1.586e+02, sign=0.154, train=1.586e+02, val=1.586e+02]
GNN flow training:  25%|██▌       | 25/100 [02:37<07:55,  6.34s/epoch, best=1.586e+02, sign=0.154, train=1.586e+02, val=1.586e+02]
GNN flow training:  25%|██▌       | 25/100 [02:43<07:55,  6.34s/epoch, best=1.586e+02, sign=0.156, train=1.586e+02, val=1.585e+02]
GNN flow training:  26%|██▌       | 26/100 [02:43<07:48,  6.33s/epoch, best=1.586e+02, sign=0.156, train=1.586e+02, val=1.585e+02]
GNN flow training:  26%|██▌       | 26/100 [02:50<07:48,  6.33s/epoch, best=1.585e+02, sign=0.156, train=1.585e+02, val=1.584e+02]
GNN flow training:  27%|██▋       | 27/100 [02:50<07:41,  6.32s/epoch, best=1.585e+02, sign=0.156, train=1.585e+02, val=1.584e+02]
GNN flow training:  27%|██▋       | 27/100 [02:56<07:41,  6.32s/epoch, best=1.584e+02, sign=0.156, train=1.584e+02, val=1.575e+02]
GNN flow training:  28%|██▊       | 28/100 [02:56<07:35,  6.33s/epoch, best=1.584e+02, sign=0.156, train=1.584e+02, val=1.575e+02]
GNN flow training:  28%|██▊       | 28/100 [03:02<07:35,  6.33s/epoch, best=1.575e+02, sign=0.156, train=1.575e+02, val=1.567e+02]
GNN flow training:  29%|██▉       | 29/100 [03:02<07:29,  6.33s/epoch, best=1.575e+02, sign=0.156, train=1.575e+02, val=1.567e+02]
GNN flow training:  29%|██▉       | 29/100 [03:09<07:29,  6.33s/epoch, best=1.567e+02, sign=0.157, train=1.567e+02, val=1.563e+02]
GNN flow training:  30%|███       | 30/100 [03:09<07:23,  6.33s/epoch, best=1.567e+02, sign=0.157, train=1.567e+02, val=1.563e+02]
GNN flow training:  30%|███       | 30/100 [03:15<07:23,  6.33s/epoch, best=1.563e+02, sign=0.158, train=1.562e+02, val=1.558e+02]
GNN flow training:  31%|███       | 31/100 [03:15<07:14,  6.30s/epoch, best=1.563e+02, sign=0.158, train=1.562e+02, val=1.558e+02]
GNN flow training:  31%|███       | 31/100 [03:21<07:14,  6.30s/epoch, best=1.558e+02, sign=0.158, train=1.557e+02, val=1.559e+02]
GNN flow training:  32%|███▏      | 32/100 [03:21<07:07,  6.28s/epoch, best=1.558e+02, sign=0.158, train=1.557e+02, val=1.559e+02]
GNN flow training:  32%|███▏      | 32/100 [03:27<07:07,  6.28s/epoch, best=1.558e+02, sign=0.159, train=1.559e+02, val=1.551e+02]
GNN flow training:  33%|███▎      | 33/100 [03:27<07:00,  6.28s/epoch, best=1.558e+02, sign=0.159, train=1.559e+02, val=1.551e+02]
GNN flow training:  33%|███▎      | 33/100 [03:34<07:00,  6.28s/epoch, best=1.551e+02, sign=0.159, train=1.551e+02, val=1.545e+02]
GNN flow training:  34%|███▍      | 34/100 [03:34<06:53,  6.27s/epoch, best=1.551e+02, sign=0.159, train=1.551e+02, val=1.545e+02]
GNN flow training:  34%|███▍      | 34/100 [03:40<06:53,  6.27s/epoch, best=1.545e+02, sign=0.161, train=1.545e+02, val=1.538e+02]
GNN flow training:  35%|███▌      | 35/100 [03:40<06:48,  6.28s/epoch, best=1.545e+02, sign=0.161, train=1.545e+02, val=1.538e+02]
GNN flow training:  35%|███▌      | 35/100 [03:46<06:48,  6.28s/epoch, best=1.538e+02, sign=0.161, train=1.538e+02, val=1.526e+02]
GNN flow training:  36%|███▌      | 36/100 [03:46<06:41,  6.27s/epoch, best=1.538e+02, sign=0.161, train=1.538e+02, val=1.526e+02]
GNN flow training:  36%|███▌      | 36/100 [03:53<06:41,  6.27s/epoch, best=1.526e+02, sign=0.161, train=1.525e+02, val=1.520e+02]
GNN flow training:  37%|███▋      | 37/100 [03:53<06:35,  6.28s/epoch, best=1.526e+02, sign=0.161, train=1.525e+02, val=1.520e+02]
GNN flow training:  37%|███▋      | 37/100 [03:59<06:35,  6.28s/epoch, best=1.520e+02, sign=0.162, train=1.520e+02, val=1.515e+02]
GNN flow training:  38%|███▊      | 38/100 [03:59<06:30,  6.30s/epoch, best=1.520e+02, sign=0.162, train=1.520e+02, val=1.515e+02]
GNN flow training:  38%|███▊      | 38/100 [04:05<06:30,  6.30s/epoch, best=1.515e+02, sign=0.162, train=1.515e+02, val=1.501e+02]
GNN flow training:  39%|███▉      | 39/100 [04:05<06:24,  6.31s/epoch, best=1.515e+02, sign=0.162, train=1.515e+02, val=1.501e+02]
GNN flow training:  39%|███▉      | 39/100 [04:12<06:24,  6.31s/epoch, best=1.501e+02, sign=0.162, train=1.500e+02, val=1.479e+02]
GNN flow training:  40%|████      | 40/100 [04:12<06:19,  6.33s/epoch, best=1.501e+02, sign=0.162, train=1.500e+02, val=1.479e+02]
GNN flow training:  40%|████      | 40/100 [04:18<06:19,  6.33s/epoch, best=1.479e+02, sign=0.163, train=1.479e+02, val=1.453e+02]
GNN flow training:  41%|████      | 41/100 [04:18<06:13,  6.32s/epoch, best=1.479e+02, sign=0.163, train=1.479e+02, val=1.453e+02]
GNN flow training:  41%|████      | 41/100 [04:24<06:13,  6.32s/epoch, best=1.453e+02, sign=0.162, train=1.453e+02, val=1.408e+02]
GNN flow training:  42%|████▏     | 42/100 [04:24<06:06,  6.33s/epoch, best=1.453e+02, sign=0.162, train=1.453e+02, val=1.408e+02]
GNN flow training:  42%|████▏     | 42/100 [04:31<06:06,  6.33s/epoch, best=1.408e+02, sign=0.162, train=1.408e+02, val=1.364e+02]
GNN flow training:  43%|████▎     | 43/100 [04:31<05:59,  6.31s/epoch, best=1.408e+02, sign=0.162, train=1.408e+02, val=1.364e+02]
GNN flow training:  43%|████▎     | 43/100 [04:37<05:59,  6.31s/epoch, best=1.364e+02, sign=0.160, train=1.363e+02, val=1.320e+02]
GNN flow training:  44%|████▍     | 44/100 [04:37<05:53,  6.32s/epoch, best=1.364e+02, sign=0.160, train=1.363e+02, val=1.320e+02]
GNN flow training:  44%|████▍     | 44/100 [04:43<05:53,  6.32s/epoch, best=1.320e+02, sign=0.159, train=1.320e+02, val=1.267e+02]
GNN flow training:  45%|████▌     | 45/100 [04:43<05:46,  6.31s/epoch, best=1.320e+02, sign=0.159, train=1.320e+02, val=1.267e+02]
GNN flow training:  45%|████▌     | 45/100 [04:49<05:46,  6.31s/epoch, best=1.267e+02, sign=0.159, train=1.266e+02, val=1.247e+02]
GNN flow training:  46%|████▌     | 46/100 [04:49<05:40,  6.30s/epoch, best=1.267e+02, sign=0.159, train=1.266e+02, val=1.247e+02]
GNN flow training:  46%|████▌     | 46/100 [04:56<05:40,  6.30s/epoch, best=1.247e+02, sign=0.158, train=1.246e+02, val=1.217e+02]
GNN flow training:  47%|████▋     | 47/100 [04:56<05:33,  6.28s/epoch, best=1.247e+02, sign=0.158, train=1.246e+02, val=1.217e+02]
GNN flow training:  47%|████▋     | 47/100 [05:02<05:33,  6.28s/epoch, best=1.217e+02, sign=0.158, train=1.216e+02, val=1.212e+02]
GNN flow training:  48%|████▊     | 48/100 [05:02<05:27,  6.29s/epoch, best=1.217e+02, sign=0.158, train=1.216e+02, val=1.212e+02]
GNN flow training:  48%|████▊     | 48/100 [05:08<05:27,  6.29s/epoch, best=1.212e+02, sign=0.157, train=1.211e+02, val=1.194e+02]
GNN flow training:  49%|████▉     | 49/100 [05:08<05:20,  6.29s/epoch, best=1.212e+02, sign=0.157, train=1.211e+02, val=1.194e+02]
GNN flow training:  49%|████▉     | 49/100 [05:15<05:20,  6.29s/epoch, best=1.194e+02, sign=0.158, train=1.193e+02, val=1.170e+02]
GNN flow training:  50%|█████     | 50/100 [05:15<05:14,  6.29s/epoch, best=1.194e+02, sign=0.158, train=1.193e+02, val=1.170e+02]
GNN flow training:  50%|█████     | 50/100 [05:21<05:14,  6.29s/epoch, best=1.170e+02, sign=0.157, train=1.169e+02, val=1.136e+02]
GNN flow training:  51%|█████     | 51/100 [05:21<05:07,  6.27s/epoch, best=1.170e+02, sign=0.157, train=1.169e+02, val=1.136e+02]
GNN flow training:  51%|█████     | 51/100 [05:27<05:07,  6.27s/epoch, best=1.136e+02, sign=0.158, train=1.135e+02, val=1.102e+02]
GNN flow training:  52%|█████▏    | 52/100 [05:27<05:01,  6.27s/epoch, best=1.136e+02, sign=0.158, train=1.135e+02, val=1.102e+02]
GNN flow training:  52%|█████▏    | 52/100 [05:33<05:01,  6.27s/epoch, best=1.102e+02, sign=0.158, train=1.101e+02, val=1.079e+02]
GNN flow training:  53%|█████▎    | 53/100 [05:33<04:55,  6.28s/epoch, best=1.102e+02, sign=0.158, train=1.101e+02, val=1.079e+02]
GNN flow training:  53%|█████▎    | 53/100 [05:40<04:55,  6.28s/epoch, best=1.079e+02, sign=0.159, train=1.078e+02, val=1.060e+02]
GNN flow training:  54%|█████▍    | 54/100 [05:40<04:49,  6.30s/epoch, best=1.079e+02, sign=0.159, train=1.078e+02, val=1.060e+02]
GNN flow training:  54%|█████▍    | 54/100 [05:46<04:49,  6.30s/epoch, best=1.060e+02, sign=0.161, train=1.059e+02, val=1.038e+02]
GNN flow training:  55%|█████▌    | 55/100 [05:46<04:42,  6.29s/epoch, best=1.060e+02, sign=0.161, train=1.059e+02, val=1.038e+02]
GNN flow training:  55%|█████▌    | 55/100 [05:52<04:42,  6.29s/epoch, best=1.038e+02, sign=0.163, train=1.036e+02, val=1.004e+02]
GNN flow training:  56%|█████▌    | 56/100 [05:52<04:36,  6.28s/epoch, best=1.038e+02, sign=0.163, train=1.036e+02, val=1.004e+02]
GNN flow training:  56%|█████▌    | 56/100 [05:59<04:36,  6.28s/epoch, best=1.004e+02, sign=0.163, train=1.002e+02, val=9.775e+01]
GNN flow training:  57%|█████▋    | 57/100 [05:59<04:29,  6.28s/epoch, best=1.004e+02, sign=0.163, train=1.002e+02, val=9.775e+01]
GNN flow training:  57%|█████▋    | 57/100 [06:05<04:29,  6.28s/epoch, best=9.775e+01, sign=0.166, train=9.759e+01, val=9.587e+01]
GNN flow training:  58%|█████▊    | 58/100 [06:05<04:23,  6.28s/epoch, best=9.775e+01, sign=0.166, train=9.759e+01, val=9.587e+01]
GNN flow training:  58%|█████▊    | 58/100 [06:11<04:23,  6.28s/epoch, best=9.587e+01, sign=0.166, train=9.570e+01, val=9.276e+01]
GNN flow training:  59%|█████▉    | 59/100 [06:11<04:17,  6.29s/epoch, best=9.587e+01, sign=0.166, train=9.570e+01, val=9.276e+01]
GNN flow training:  59%|█████▉    | 59/100 [06:17<04:17,  6.29s/epoch, best=9.276e+01, sign=0.165, train=9.259e+01, val=9.643e+01]
GNN flow training:  60%|██████    | 60/100 [06:17<04:12,  6.31s/epoch, best=9.276e+01, sign=0.165, train=9.259e+01, val=9.643e+01]
GNN flow training:  60%|██████    | 60/100 [06:24<04:12,  6.31s/epoch, best=9.276e+01, sign=0.163, train=9.626e+01, val=1.024e+02]
GNN flow training:  61%|██████    | 61/100 [06:24<04:06,  6.31s/epoch, best=9.276e+01, sign=0.163, train=9.626e+01, val=1.024e+02]
GNN flow training:  61%|██████    | 61/100 [06:30<04:06,  6.31s/epoch, best=9.276e+01, sign=0.159, train=1.022e+02, val=1.068e+02]
GNN flow training:  62%|██████▏   | 62/100 [06:30<03:59,  6.30s/epoch, best=9.276e+01, sign=0.159, train=1.022e+02, val=1.068e+02]
GNN flow training:  62%|██████▏   | 62/100 [06:36<03:59,  6.30s/epoch, best=9.276e+01, sign=0.159, train=1.067e+02, val=1.075e+02]
GNN flow training:  63%|██████▎   | 63/100 [06:36<03:54,  6.33s/epoch, best=9.276e+01, sign=0.159, train=1.067e+02, val=1.075e+02]
GNN flow training:  63%|██████▎   | 63/100 [06:43<03:54,  6.33s/epoch, best=9.276e+01, sign=0.164, train=1.073e+02, val=1.010e+02]
GNN flow training:  64%|██████▍   | 64/100 [06:43<03:47,  6.33s/epoch, best=9.276e+01, sign=0.164, train=1.073e+02, val=1.010e+02]
GNN flow training:  64%|██████▍   | 64/100 [06:49<03:47,  6.33s/epoch, best=9.276e+01, sign=0.168, train=1.008e+02, val=9.337e+01]
GNN flow training:  65%|██████▌   | 65/100 [06:49<03:41,  6.33s/epoch, best=9.276e+01, sign=0.168, train=1.008e+02, val=9.337e+01]
GNN flow training:  65%|██████▌   | 65/100 [06:55<03:41,  6.33s/epoch, best=9.276e+01, sign=0.171, train=9.320e+01, val=8.553e+01]
GNN flow training:  66%|██████▌   | 66/100 [06:55<03:34,  6.32s/epoch, best=9.276e+01, sign=0.171, train=9.320e+01, val=8.553e+01]
GNN flow training:  66%|██████▌   | 66/100 [07:02<03:34,  6.32s/epoch, best=8.553e+01, sign=0.171, train=8.534e+01, val=8.534e+01]
GNN flow training:  67%|██████▋   | 67/100 [07:02<03:28,  6.32s/epoch, best=8.553e+01, sign=0.171, train=8.534e+01, val=8.534e+01]
GNN flow training:  67%|██████▋   | 67/100 [07:08<03:28,  6.32s/epoch, best=8.534e+01, sign=0.170, train=8.515e+01, val=8.869e+01]
GNN flow training:  68%|██████▊   | 68/100 [07:08<03:22,  6.32s/epoch, best=8.534e+01, sign=0.170, train=8.515e+01, val=8.869e+01]
GNN flow training:  68%|██████▊   | 68/100 [07:14<03:22,  6.32s/epoch, best=8.534e+01, sign=0.167, train=8.850e+01, val=9.113e+01]
GNN flow training:  69%|██████▉   | 69/100 [07:14<03:15,  6.31s/epoch, best=8.534e+01, sign=0.167, train=8.850e+01, val=9.113e+01]
GNN flow training:  69%|██████▉   | 69/100 [07:21<03:15,  6.31s/epoch, best=8.534e+01, sign=0.169, train=9.095e+01, val=8.964e+01]
GNN flow training:  70%|███████   | 70/100 [07:21<03:09,  6.31s/epoch, best=8.534e+01, sign=0.169, train=9.095e+01, val=8.964e+01]
GNN flow training:  70%|███████   | 70/100 [07:27<03:09,  6.31s/epoch, best=8.534e+01, sign=0.171, train=8.946e+01, val=8.532e+01]
GNN flow training:  71%|███████   | 71/100 [07:27<03:02,  6.30s/epoch, best=8.534e+01, sign=0.171, train=8.946e+01, val=8.532e+01]
GNN flow training:  71%|███████   | 71/100 [07:33<03:02,  6.30s/epoch, best=8.532e+01, sign=0.172, train=8.513e+01, val=8.167e+01]
GNN flow training:  72%|███████▏  | 72/100 [07:33<02:56,  6.30s/epoch, best=8.532e+01, sign=0.172, train=8.513e+01, val=8.167e+01]
GNN flow training:  72%|███████▏  | 72/100 [07:40<02:56,  6.30s/epoch, best=8.167e+01, sign=0.172, train=8.147e+01, val=8.048e+01]
GNN flow training:  73%|███████▎  | 73/100 [07:40<02:50,  6.32s/epoch, best=8.167e+01, sign=0.172, train=8.147e+01, val=8.048e+01]
GNN flow training:  73%|███████▎  | 73/100 [07:46<02:50,  6.32s/epoch, best=8.048e+01, sign=0.171, train=8.028e+01, val=8.333e+01]
GNN flow training:  74%|███████▍  | 74/100 [07:46<02:43,  6.30s/epoch, best=8.048e+01, sign=0.171, train=8.028e+01, val=8.333e+01]
GNN flow training:  74%|███████▍  | 74/100 [07:52<02:43,  6.30s/epoch, best=8.048e+01, sign=0.169, train=8.314e+01, val=8.461e+01]
GNN flow training:  75%|███████▌  | 75/100 [07:52<02:37,  6.31s/epoch, best=8.048e+01, sign=0.169, train=8.314e+01, val=8.461e+01]
GNN flow training:  75%|███████▌  | 75/100 [07:58<02:37,  6.31s/epoch, best=8.048e+01, sign=0.170, train=8.442e+01, val=8.431e+01]
GNN flow training:  76%|███████▌  | 76/100 [07:58<02:31,  6.30s/epoch, best=8.048e+01, sign=0.170, train=8.442e+01, val=8.431e+01]
GNN flow training:  76%|███████▌  | 76/100 [08:05<02:31,  6.30s/epoch, best=8.048e+01, sign=0.171, train=8.413e+01, val=8.386e+01]
GNN flow training:  77%|███████▋  | 77/100 [08:05<02:25,  6.31s/epoch, best=8.048e+01, sign=0.171, train=8.413e+01, val=8.386e+01]
GNN flow training:  77%|███████▋  | 77/100 [08:11<02:25,  6.31s/epoch, best=8.048e+01, sign=0.171, train=8.368e+01, val=8.415e+01]
GNN flow training:  78%|███████▊  | 78/100 [08:11<02:18,  6.31s/epoch, best=8.048e+01, sign=0.171, train=8.368e+01, val=8.415e+01]
GNN flow training:  78%|███████▊  | 78/100 [08:17<02:18,  6.31s/epoch, best=8.048e+01, sign=0.170, train=8.398e+01, val=8.376e+01]
GNN flow training:  79%|███████▉  | 79/100 [08:17<02:12,  6.32s/epoch, best=8.048e+01, sign=0.170, train=8.398e+01, val=8.376e+01]
GNN flow training:  79%|███████▉  | 79/100 [08:24<02:12,  6.32s/epoch, best=8.048e+01, sign=0.170, train=8.358e+01, val=8.454e+01]
GNN flow training:  80%|████████  | 80/100 [08:24<02:06,  6.31s/epoch, best=8.048e+01, sign=0.170, train=8.358e+01, val=8.454e+01]
GNN flow training:  80%|████████  | 80/100 [08:30<02:06,  6.31s/epoch, best=8.048e+01, sign=0.169, train=8.436e+01, val=8.502e+01]
GNN flow training:  81%|████████  | 81/100 [08:30<02:00,  6.35s/epoch, best=8.048e+01, sign=0.169, train=8.436e+01, val=8.502e+01]
GNN flow training:  81%|████████  | 81/100 [08:36<02:00,  6.35s/epoch, best=8.048e+01, sign=0.170, train=8.485e+01, val=8.460e+01]
GNN flow training:  82%|████████▏ | 82/100 [08:36<01:54,  6.33s/epoch, best=8.048e+01, sign=0.170, train=8.485e+01, val=8.460e+01]
GNN flow training:  82%|████████▏ | 82/100 [08:43<01:54,  6.33s/epoch, best=8.048e+01, sign=0.169, train=8.443e+01, val=8.577e+01]
GNN flow training:  83%|████████▎ | 83/100 [08:43<01:47,  6.33s/epoch, best=8.048e+01, sign=0.169, train=8.443e+01, val=8.577e+01]
GNN flow training:  83%|████████▎ | 83/100 [08:49<01:47,  6.33s/epoch, best=8.048e+01, sign=0.168, train=8.560e+01, val=8.647e+01]
GNN flow training:  84%|████████▍ | 84/100 [08:49<01:40,  6.30s/epoch, best=8.048e+01, sign=0.168, train=8.560e+01, val=8.647e+01]
GNN flow training:  84%|████████▍ | 84/100 [08:55<01:40,  6.30s/epoch, best=8.048e+01, sign=0.170, train=8.630e+01, val=8.437e+01]
GNN flow training:  85%|████████▌ | 85/100 [08:55<01:34,  6.30s/epoch, best=8.048e+01, sign=0.170, train=8.630e+01, val=8.437e+01]
GNN flow training:  85%|████████▌ | 85/100 [09:02<01:34,  6.30s/epoch, best=8.048e+01, sign=0.172, train=8.420e+01, val=8.119e+01]
GNN flow training:  86%|████████▌ | 86/100 [09:02<01:28,  6.31s/epoch, best=8.048e+01, sign=0.172, train=8.420e+01, val=8.119e+01]
GNN flow training:  86%|████████▌ | 86/100 [09:08<01:28,  6.31s/epoch, best=8.048e+01, sign=0.174, train=8.101e+01, val=7.733e+01]
GNN flow training:  87%|████████▋ | 87/100 [09:08<01:21,  6.31s/epoch, best=8.048e+01, sign=0.174, train=8.101e+01, val=7.733e+01]
GNN flow training:  87%|████████▋ | 87/100 [09:14<01:21,  6.31s/epoch, best=7.733e+01, sign=0.173, train=7.714e+01, val=7.678e+01]
GNN flow training:  88%|████████▊ | 88/100 [09:14<01:15,  6.30s/epoch, best=7.733e+01, sign=0.173, train=7.714e+01, val=7.678e+01]
GNN flow training:  88%|████████▊ | 88/100 [09:20<01:15,  6.30s/epoch, best=7.678e+01, sign=0.173, train=7.659e+01, val=7.731e+01]
GNN flow training:  89%|████████▉ | 89/100 [09:20<01:09,  6.30s/epoch, best=7.678e+01, sign=0.173, train=7.659e+01, val=7.731e+01]
GNN flow training:  89%|████████▉ | 89/100 [09:27<01:09,  6.30s/epoch, best=7.678e+01, sign=0.172, train=7.712e+01, val=7.714e+01]
GNN flow training:  90%|█████████ | 90/100 [09:27<01:02,  6.30s/epoch, best=7.678e+01, sign=0.172, train=7.712e+01, val=7.714e+01]
GNN flow training:  90%|█████████ | 90/100 [09:33<01:02,  6.30s/epoch, best=7.678e+01, sign=0.171, train=7.695e+01, val=8.122e+01]
GNN flow training:  91%|█████████ | 91/100 [09:33<00:56,  6.31s/epoch, best=7.678e+01, sign=0.171, train=7.695e+01, val=8.122e+01]
GNN flow training:  91%|█████████ | 91/100 [09:39<00:56,  6.31s/epoch, best=7.678e+01, sign=0.169, train=8.104e+01, val=8.287e+01]
GNN flow training:  92%|█████████▏| 92/100 [09:39<00:50,  6.31s/epoch, best=7.678e+01, sign=0.169, train=8.104e+01, val=8.287e+01]
GNN flow training:  92%|█████████▏| 92/100 [09:46<00:50,  6.31s/epoch, best=7.678e+01, sign=0.170, train=8.269e+01, val=8.180e+01]
GNN flow training:  93%|█████████▎| 93/100 [09:46<00:44,  6.31s/epoch, best=7.678e+01, sign=0.170, train=8.269e+01, val=8.180e+01]
GNN flow training:  93%|█████████▎| 93/100 [09:52<00:44,  6.31s/epoch, best=7.678e+01, sign=0.172, train=8.162e+01, val=8.008e+01]
GNN flow training:  94%|█████████▍| 94/100 [09:52<00:37,  6.32s/epoch, best=7.678e+01, sign=0.172, train=8.162e+01, val=8.008e+01]
GNN flow training:  94%|█████████▍| 94/100 [09:58<00:37,  6.32s/epoch, best=7.678e+01, sign=0.172, train=7.990e+01, val=7.748e+01]
GNN flow training:  95%|█████████▌| 95/100 [09:58<00:31,  6.31s/epoch, best=7.678e+01, sign=0.172, train=7.990e+01, val=7.748e+01]
GNN flow training:  95%|█████████▌| 95/100 [10:05<00:31,  6.31s/epoch, best=7.678e+01, sign=0.172, train=7.728e+01, val=7.868e+01]
GNN flow training:  96%|█████████▌| 96/100 [10:05<00:25,  6.30s/epoch, best=7.678e+01, sign=0.172, train=7.728e+01, val=7.868e+01]
GNN flow training:  96%|█████████▌| 96/100 [10:11<00:25,  6.30s/epoch, best=7.678e+01, sign=0.170, train=7.850e+01, val=8.428e+01]
GNN flow training:  97%|█████████▋| 97/100 [10:11<00:18,  6.32s/epoch, best=7.678e+01, sign=0.170, train=7.850e+01, val=8.428e+01]
GNN flow training:  97%|█████████▋| 97/100 [10:17<00:18,  6.32s/epoch, best=7.678e+01, sign=0.167, train=8.411e+01, val=8.862e+01]
GNN flow training:  98%|█████████▊| 98/100 [10:17<00:12,  6.33s/epoch, best=7.678e+01, sign=0.167, train=8.411e+01, val=8.862e+01]
GNN flow training:  98%|█████████▊| 98/100 [10:24<00:12,  6.33s/epoch, best=7.678e+01, sign=0.166, train=8.845e+01, val=9.016e+01]
GNN flow training:  99%|█████████▉| 99/100 [10:24<00:06,  6.32s/epoch, best=7.678e+01, sign=0.166, train=8.845e+01, val=9.016e+01]
GNN flow training:  99%|█████████▉| 99/100 [10:30<00:06,  6.32s/epoch, best=7.678e+01, sign=0.167, train=8.999e+01, val=8.868e+01]
GNN flow training: 100%|██████████| 100/100 [10:30<00:00,  6.35s/epoch, best=7.678e+01, sign=0.167, train=8.999e+01, val=8.868e+01]
GNN flow training: 100%|██████████| 100/100 [10:30<00:00,  6.31s/epoch, best=7.678e+01, sign=0.167, train=8.999e+01, val=8.868e+01]
Resolved config snapshot:
{'preset': 'solver_QKB_outer_QKBdelta', 'gnn_outer_losses': {'flow': 10.0, 'kirchhoff': 100.0, 'boundary': 100.0, 'delta_l2': 1.0, 'delta_smooth': 0.0, 'pressure_shape': 0.0}, 'physics': {'arterial_flow_mode': 'dataset', 'pressure_constraints': ['equal-a-equal-v'], 'alpha_pa': None, 'use_snr_weights': True, 'use_observed_flow_snr_weighting': True, 'flow_scale_mode': 'median_abs', 'solver_device': 'same', 'pressure_solver_mode': 'reduced-soft-constrained-lstsq', 'pressure_solver_lambda_kirchhoff': 1.0, 'pressure_solver_lambda_pressure_constraints': 100.0, 'pressure_solver_lambda_flow_residual': 1.0, 'pressure_shape_reference': 'delta_zero_reference', 'pressure_detach': False}, 'correction_bounds': {'correction_min': -0.5, 'correction_max': 0.5, 'correction_bound': 0.5, 'correction_parameterization': 'tanh'}, 'optimization': {'learning_rate': 0.001, 'weight_decay': 0.0001, 'gradient_clip_norm': 5.0, 'optimizer': 'adamw', 'epochs': 100, 'patience': 40}}
Shard 46/80: 1 of 80 runs
Command: /mnt/home/sswee/miniforge3/envs/yolk-sac/bin/python /mnt/home/sswee/yolk/Yolk-Sac-Flow-Data-and-Sim/gnn_clean/scripts/python/gnn_flow.py /mnt/home/sswee/yolk/Yolk-Sac-Flow-Data-and-Sim/gnn_clean/datasets/mosaic_graph_norm_canonical.gpickle --output-dir /mnt/home/sswee/yolk/Yolk-Sac-Flow-Data-and-Sim/gnn_clean/outputs_canonical_norm/dc/02_physics_weight_sweep/gnn --run-name q_10__k_100__delta_1 --preset solver_QKB_outer_QKBdelta --device cuda --epochs 100 --seed 0 --viscosity-pa-s 0.0035 --config /mnt/home/sswee/yolk/Yolk-Sac-Flow-Data-and-Sim/gnn_clean/outputs_canonical_norm/dc/02_physics_weight_sweep/_generated_configs/q_10__k_100__delta_1.yaml --no-pressure-detach
