[info] DC Step 2 canonical sweep uses fixed lambda_B=100.0 for both the outer boundary loss and the reduced pressure-solver boundary constraint.

GNN flow training:   0%|          | 0/100 [00:00<?, ?epoch/s]
GNN flow training:   0%|          | 0/100 [00:04<?, ?epoch/s, best=2.694e-01, sign=0.161, train=2.672e-01, val=2.694e-01]
GNN flow training:   1%|          | 1/100 [00:04<07:46,  4.72s/epoch, best=2.694e-01, sign=0.161, train=2.672e-01, val=2.694e-01]
GNN flow training:   1%|          | 1/100 [00:09<07:46,  4.72s/epoch, best=2.694e-01, sign=0.161, train=2.676e-01, val=2.698e-01]
GNN flow training:   2%|▏         | 2/100 [00:09<07:29,  4.59s/epoch, best=2.694e-01, sign=0.161, train=2.676e-01, val=2.698e-01]
GNN flow training:   2%|▏         | 2/100 [00:13<07:29,  4.59s/epoch, best=2.694e-01, sign=0.161, train=2.680e-01, val=2.691e-01]
GNN flow training:   3%|▎         | 3/100 [00:13<07:22,  4.56s/epoch, best=2.694e-01, sign=0.161, train=2.680e-01, val=2.691e-01]
GNN flow training:   3%|▎         | 3/100 [00:18<07:22,  4.56s/epoch, best=2.691e-01, sign=0.161, train=2.674e-01, val=2.692e-01]
GNN flow training:   4%|▍         | 4/100 [00:18<07:16,  4.54s/epoch, best=2.691e-01, sign=0.161, train=2.674e-01, val=2.692e-01]
GNN flow training:   4%|▍         | 4/100 [00:22<07:16,  4.54s/epoch, best=2.691e-01, sign=0.161, train=2.675e-01, val=2.691e-01]
GNN flow training:   5%|▌         | 5/100 [00:22<07:09,  4.52s/epoch, best=2.691e-01, sign=0.161, train=2.675e-01, val=2.691e-01]
GNN flow training:   5%|▌         | 5/100 [00:27<07:09,  4.52s/epoch, best=2.691e-01, sign=0.161, train=2.673e-01, val=2.690e-01]
GNN flow training:   6%|▌         | 6/100 [00:27<07:04,  4.51s/epoch, best=2.691e-01, sign=0.161, train=2.673e-01, val=2.690e-01]
GNN flow training:   6%|▌         | 6/100 [00:31<07:04,  4.51s/epoch, best=2.690e-01, sign=0.161, train=2.673e-01, val=2.690e-01]
GNN flow training:   7%|▋         | 7/100 [00:31<07:00,  4.52s/epoch, best=2.690e-01, sign=0.161, train=2.673e-01, val=2.690e-01]
GNN flow training:   7%|▋         | 7/100 [00:36<07:00,  4.52s/epoch, best=2.690e-01, sign=0.161, train=2.673e-01, val=2.690e-01]
GNN flow training:   8%|▊         | 8/100 [00:36<06:54,  4.51s/epoch, best=2.690e-01, sign=0.161, train=2.673e-01, val=2.690e-01]
GNN flow training:   8%|▊         | 8/100 [00:40<06:54,  4.51s/epoch, best=2.690e-01, sign=0.161, train=2.672e-01, val=2.690e-01]
GNN flow training:   9%|▉         | 9/100 [00:40<06:50,  4.51s/epoch, best=2.690e-01, sign=0.161, train=2.672e-01, val=2.690e-01]
GNN flow training:   9%|▉         | 9/100 [00:45<06:50,  4.51s/epoch, best=2.690e-01, sign=0.161, train=2.672e-01, val=2.689e-01]
GNN flow training:  10%|█         | 10/100 [00:45<06:44,  4.50s/epoch, best=2.690e-01, sign=0.161, train=2.672e-01, val=2.689e-01]
GNN flow training:  10%|█         | 10/100 [00:49<06:44,  4.50s/epoch, best=2.689e-01, sign=0.161, train=2.672e-01, val=2.689e-01]
GNN flow training:  11%|█         | 11/100 [00:49<06:41,  4.52s/epoch, best=2.689e-01, sign=0.161, train=2.672e-01, val=2.689e-01]
GNN flow training:  11%|█         | 11/100 [00:54<06:41,  4.52s/epoch, best=2.689e-01, sign=0.161, train=2.671e-01, val=2.689e-01]
GNN flow training:  12%|█▏        | 12/100 [00:54<06:36,  4.51s/epoch, best=2.689e-01, sign=0.161, train=2.671e-01, val=2.689e-01]
GNN flow training:  12%|█▏        | 12/100 [00:58<06:36,  4.51s/epoch, best=2.689e-01, sign=0.161, train=2.671e-01, val=2.689e-01]
GNN flow training:  13%|█▎        | 13/100 [00:58<06:35,  4.54s/epoch, best=2.689e-01, sign=0.161, train=2.671e-01, val=2.689e-01]
GNN flow training:  13%|█▎        | 13/100 [01:03<06:35,  4.54s/epoch, best=2.689e-01, sign=0.161, train=2.671e-01, val=2.689e-01]
GNN flow training:  14%|█▍        | 14/100 [01:03<06:31,  4.55s/epoch, best=2.689e-01, sign=0.161, train=2.671e-01, val=2.689e-01]
GNN flow training:  14%|█▍        | 14/100 [01:07<06:31,  4.55s/epoch, best=2.689e-01, sign=0.161, train=2.671e-01, val=2.689e-01]
GNN flow training:  15%|█▌        | 15/100 [01:07<06:25,  4.54s/epoch, best=2.689e-01, sign=0.161, train=2.671e-01, val=2.689e-01]
GNN flow training:  15%|█▌        | 15/100 [01:12<06:25,  4.54s/epoch, best=2.689e-01, sign=0.161, train=2.671e-01, val=2.689e-01]
GNN flow training:  16%|█▌        | 16/100 [01:12<06:20,  4.53s/epoch, best=2.689e-01, sign=0.161, train=2.671e-01, val=2.689e-01]
GNN flow training:  16%|█▌        | 16/100 [01:16<06:20,  4.53s/epoch, best=2.689e-01, sign=0.161, train=2.671e-01, val=2.689e-01]
GNN flow training:  17%|█▋        | 17/100 [01:16<06:15,  4.52s/epoch, best=2.689e-01, sign=0.161, train=2.671e-01, val=2.689e-01]
GNN flow training:  17%|█▋        | 17/100 [01:21<06:15,  4.52s/epoch, best=2.689e-01, sign=0.161, train=2.671e-01, val=2.689e-01]
GNN flow training:  18%|█▊        | 18/100 [01:21<06:09,  4.50s/epoch, best=2.689e-01, sign=0.161, train=2.671e-01, val=2.689e-01]
GNN flow training:  18%|█▊        | 18/100 [01:26<06:09,  4.50s/epoch, best=2.689e-01, sign=0.161, train=2.671e-01, val=2.688e-01]
GNN flow training:  19%|█▉        | 19/100 [01:26<06:06,  4.53s/epoch, best=2.689e-01, sign=0.161, train=2.671e-01, val=2.688e-01]
GNN flow training:  19%|█▉        | 19/100 [01:30<06:06,  4.53s/epoch, best=2.688e-01, sign=0.161, train=2.670e-01, val=2.688e-01]
GNN flow training:  20%|██        | 20/100 [01:30<06:00,  4.51s/epoch, best=2.688e-01, sign=0.161, train=2.670e-01, val=2.688e-01]
GNN flow training:  20%|██        | 20/100 [01:35<06:00,  4.51s/epoch, best=2.688e-01, sign=0.161, train=2.670e-01, val=2.688e-01]
GNN flow training:  21%|██        | 21/100 [01:35<05:56,  4.52s/epoch, best=2.688e-01, sign=0.161, train=2.670e-01, val=2.688e-01]
GNN flow training:  21%|██        | 21/100 [01:39<05:56,  4.52s/epoch, best=2.688e-01, sign=0.161, train=2.670e-01, val=2.688e-01]
GNN flow training:  22%|██▏       | 22/100 [01:39<05:50,  4.50s/epoch, best=2.688e-01, sign=0.161, train=2.670e-01, val=2.688e-01]
GNN flow training:  22%|██▏       | 22/100 [01:43<05:50,  4.50s/epoch, best=2.688e-01, sign=0.161, train=2.670e-01, val=2.688e-01]
GNN flow training:  23%|██▎       | 23/100 [01:43<05:46,  4.50s/epoch, best=2.688e-01, sign=0.161, train=2.670e-01, val=2.688e-01]
GNN flow training:  23%|██▎       | 23/100 [01:48<05:46,  4.50s/epoch, best=2.688e-01, sign=0.161, train=2.670e-01, val=2.687e-01]
GNN flow training:  24%|██▍       | 24/100 [01:48<05:42,  4.51s/epoch, best=2.688e-01, sign=0.161, train=2.670e-01, val=2.687e-01]
GNN flow training:  24%|██▍       | 24/100 [01:53<05:42,  4.51s/epoch, best=2.687e-01, sign=0.161, train=2.669e-01, val=2.687e-01]
GNN flow training:  25%|██▌       | 25/100 [01:53<05:38,  4.51s/epoch, best=2.687e-01, sign=0.161, train=2.669e-01, val=2.687e-01]
GNN flow training:  25%|██▌       | 25/100 [01:57<05:38,  4.51s/epoch, best=2.687e-01, sign=0.161, train=2.669e-01, val=2.687e-01]
GNN flow training:  26%|██▌       | 26/100 [01:57<05:33,  4.51s/epoch, best=2.687e-01, sign=0.161, train=2.669e-01, val=2.687e-01]
GNN flow training:  26%|██▌       | 26/100 [02:02<05:33,  4.51s/epoch, best=2.687e-01, sign=0.160, train=2.669e-01, val=2.687e-01]
GNN flow training:  27%|██▋       | 27/100 [02:02<05:28,  4.51s/epoch, best=2.687e-01, sign=0.160, train=2.669e-01, val=2.687e-01]
GNN flow training:  27%|██▋       | 27/100 [02:06<05:28,  4.51s/epoch, best=2.687e-01, sign=0.160, train=2.669e-01, val=2.687e-01]
GNN flow training:  28%|██▊       | 28/100 [02:06<05:24,  4.51s/epoch, best=2.687e-01, sign=0.160, train=2.669e-01, val=2.687e-01]
GNN flow training:  28%|██▊       | 28/100 [02:11<05:24,  4.51s/epoch, best=2.687e-01, sign=0.160, train=2.669e-01, val=2.687e-01]
GNN flow training:  29%|██▉       | 29/100 [02:11<05:19,  4.50s/epoch, best=2.687e-01, sign=0.160, train=2.669e-01, val=2.687e-01]
GNN flow training:  29%|██▉       | 29/100 [02:15<05:19,  4.50s/epoch, best=2.687e-01, sign=0.160, train=2.669e-01, val=2.687e-01]
GNN flow training:  30%|███       | 30/100 [02:15<05:14,  4.50s/epoch, best=2.687e-01, sign=0.160, train=2.669e-01, val=2.687e-01]
GNN flow training:  30%|███       | 30/100 [02:20<05:14,  4.50s/epoch, best=2.687e-01, sign=0.160, train=2.669e-01, val=2.687e-01]
GNN flow training:  31%|███       | 31/100 [02:20<05:10,  4.51s/epoch, best=2.687e-01, sign=0.160, train=2.669e-01, val=2.687e-01]
GNN flow training:  31%|███       | 31/100 [02:24<05:10,  4.51s/epoch, best=2.687e-01, sign=0.160, train=2.669e-01, val=2.687e-01]
GNN flow training:  32%|███▏      | 32/100 [02:24<05:07,  4.52s/epoch, best=2.687e-01, sign=0.160, train=2.669e-01, val=2.687e-01]
GNN flow training:  32%|███▏      | 32/100 [02:29<05:07,  4.52s/epoch, best=2.687e-01, sign=0.160, train=2.669e-01, val=2.687e-01]
GNN flow training:  33%|███▎      | 33/100 [02:29<05:02,  4.51s/epoch, best=2.687e-01, sign=0.160, train=2.669e-01, val=2.687e-01]
GNN flow training:  33%|███▎      | 33/100 [02:33<05:02,  4.51s/epoch, best=2.687e-01, sign=0.160, train=2.669e-01, val=2.687e-01]
GNN flow training:  34%|███▍      | 34/100 [02:33<04:57,  4.52s/epoch, best=2.687e-01, sign=0.160, train=2.669e-01, val=2.687e-01]
GNN flow training:  34%|███▍      | 34/100 [02:38<04:57,  4.52s/epoch, best=2.687e-01, sign=0.160, train=2.669e-01, val=2.686e-01]
GNN flow training:  35%|███▌      | 35/100 [02:38<04:53,  4.51s/epoch, best=2.687e-01, sign=0.160, train=2.669e-01, val=2.686e-01]
GNN flow training:  35%|███▌      | 35/100 [02:42<04:53,  4.51s/epoch, best=2.686e-01, sign=0.160, train=2.668e-01, val=2.687e-01]
GNN flow training:  36%|███▌      | 36/100 [02:42<04:48,  4.51s/epoch, best=2.686e-01, sign=0.160, train=2.668e-01, val=2.687e-01]
GNN flow training:  36%|███▌      | 36/100 [02:47<04:48,  4.51s/epoch, best=2.686e-01, sign=0.160, train=2.668e-01, val=2.687e-01]
GNN flow training:  37%|███▋      | 37/100 [02:47<04:43,  4.50s/epoch, best=2.686e-01, sign=0.160, train=2.668e-01, val=2.687e-01]
GNN flow training:  37%|███▋      | 37/100 [02:51<04:43,  4.50s/epoch, best=2.686e-01, sign=0.160, train=2.668e-01, val=2.686e-01]
GNN flow training:  38%|███▊      | 38/100 [02:51<04:39,  4.50s/epoch, best=2.686e-01, sign=0.160, train=2.668e-01, val=2.686e-01]
GNN flow training:  38%|███▊      | 38/100 [02:56<04:39,  4.50s/epoch, best=2.686e-01, sign=0.160, train=2.668e-01, val=2.686e-01]
GNN flow training:  39%|███▉      | 39/100 [02:56<04:34,  4.50s/epoch, best=2.686e-01, sign=0.160, train=2.668e-01, val=2.686e-01]
GNN flow training:  39%|███▉      | 39/100 [03:00<04:34,  4.50s/epoch, best=2.686e-01, sign=0.160, train=2.668e-01, val=2.686e-01]
GNN flow training:  40%|████      | 40/100 [03:00<04:30,  4.50s/epoch, best=2.686e-01, sign=0.160, train=2.668e-01, val=2.686e-01]
GNN flow training:  40%|████      | 40/100 [03:05<04:30,  4.50s/epoch, best=2.686e-01, sign=0.160, train=2.668e-01, val=2.686e-01]
GNN flow training:  41%|████      | 41/100 [03:05<04:25,  4.50s/epoch, best=2.686e-01, sign=0.160, train=2.668e-01, val=2.686e-01]
GNN flow training:  41%|████      | 41/100 [03:09<04:25,  4.50s/epoch, best=2.686e-01, sign=0.160, train=2.668e-01, val=2.686e-01]
GNN flow training:  42%|████▏     | 42/100 [03:09<04:21,  4.50s/epoch, best=2.686e-01, sign=0.160, train=2.668e-01, val=2.686e-01]
GNN flow training:  42%|████▏     | 42/100 [03:14<04:21,  4.50s/epoch, best=2.686e-01, sign=0.160, train=2.668e-01, val=2.686e-01]
GNN flow training:  43%|████▎     | 43/100 [03:14<04:16,  4.51s/epoch, best=2.686e-01, sign=0.160, train=2.668e-01, val=2.686e-01]
GNN flow training:  43%|████▎     | 43/100 [03:18<04:16,  4.51s/epoch, best=2.686e-01, sign=0.160, train=2.668e-01, val=2.686e-01]
GNN flow training:  44%|████▍     | 44/100 [03:18<04:12,  4.51s/epoch, best=2.686e-01, sign=0.160, train=2.668e-01, val=2.686e-01]
GNN flow training:  44%|████▍     | 44/100 [03:23<04:12,  4.51s/epoch, best=2.686e-01, sign=0.160, train=2.668e-01, val=2.686e-01]
GNN flow training:  45%|████▌     | 45/100 [03:23<04:07,  4.50s/epoch, best=2.686e-01, sign=0.160, train=2.668e-01, val=2.686e-01]
GNN flow training:  45%|████▌     | 45/100 [03:27<04:07,  4.50s/epoch, best=2.686e-01, sign=0.160, train=2.668e-01, val=2.686e-01]
GNN flow training:  46%|████▌     | 46/100 [03:27<04:03,  4.52s/epoch, best=2.686e-01, sign=0.160, train=2.668e-01, val=2.686e-01]
GNN flow training:  46%|████▌     | 46/100 [03:32<04:03,  4.52s/epoch, best=2.686e-01, sign=0.160, train=2.668e-01, val=2.686e-01]
GNN flow training:  47%|████▋     | 47/100 [03:32<03:59,  4.51s/epoch, best=2.686e-01, sign=0.160, train=2.668e-01, val=2.686e-01]
GNN flow training:  47%|████▋     | 47/100 [03:36<03:59,  4.51s/epoch, best=2.686e-01, sign=0.160, train=2.667e-01, val=2.686e-01]
GNN flow training:  48%|████▊     | 48/100 [03:36<03:54,  4.51s/epoch, best=2.686e-01, sign=0.160, train=2.667e-01, val=2.686e-01]
GNN flow training:  48%|████▊     | 48/100 [03:41<03:54,  4.51s/epoch, best=2.686e-01, sign=0.160, train=2.667e-01, val=2.686e-01]
GNN flow training:  49%|████▉     | 49/100 [03:41<03:49,  4.50s/epoch, best=2.686e-01, sign=0.160, train=2.667e-01, val=2.686e-01]
GNN flow training:  49%|████▉     | 49/100 [03:45<03:49,  4.50s/epoch, best=2.686e-01, sign=0.160, train=2.667e-01, val=2.686e-01]
GNN flow training:  50%|█████     | 50/100 [03:45<03:44,  4.50s/epoch, best=2.686e-01, sign=0.160, train=2.667e-01, val=2.686e-01]
GNN flow training:  50%|█████     | 50/100 [03:50<03:44,  4.50s/epoch, best=2.686e-01, sign=0.160, train=2.667e-01, val=2.686e-01]
GNN flow training:  51%|█████     | 51/100 [03:50<03:41,  4.51s/epoch, best=2.686e-01, sign=0.160, train=2.667e-01, val=2.686e-01]
GNN flow training:  51%|█████     | 51/100 [03:54<03:41,  4.51s/epoch, best=2.686e-01, sign=0.160, train=2.667e-01, val=2.685e-01]
GNN flow training:  52%|█████▏    | 52/100 [03:54<03:36,  4.52s/epoch, best=2.686e-01, sign=0.160, train=2.667e-01, val=2.685e-01]
GNN flow training:  52%|█████▏    | 52/100 [03:59<03:36,  4.52s/epoch, best=2.685e-01, sign=0.160, train=2.667e-01, val=2.686e-01]
GNN flow training:  53%|█████▎    | 53/100 [03:59<03:31,  4.51s/epoch, best=2.685e-01, sign=0.160, train=2.667e-01, val=2.686e-01]
GNN flow training:  53%|█████▎    | 53/100 [04:03<03:31,  4.51s/epoch, best=2.685e-01, sign=0.160, train=2.667e-01, val=2.686e-01]
GNN flow training:  54%|█████▍    | 54/100 [04:03<03:27,  4.50s/epoch, best=2.685e-01, sign=0.160, train=2.667e-01, val=2.686e-01]
GNN flow training:  54%|█████▍    | 54/100 [04:08<03:27,  4.50s/epoch, best=2.685e-01, sign=0.160, train=2.667e-01, val=2.686e-01]
GNN flow training:  55%|█████▌    | 55/100 [04:08<03:22,  4.49s/epoch, best=2.685e-01, sign=0.160, train=2.667e-01, val=2.686e-01]
GNN flow training:  55%|█████▌    | 55/100 [04:12<03:22,  4.49s/epoch, best=2.685e-01, sign=0.160, train=2.667e-01, val=2.685e-01]
GNN flow training:  56%|█████▌    | 56/100 [04:12<03:18,  4.50s/epoch, best=2.685e-01, sign=0.160, train=2.667e-01, val=2.685e-01]
GNN flow training:  56%|█████▌    | 56/100 [04:17<03:18,  4.50s/epoch, best=2.685e-01, sign=0.160, train=2.667e-01, val=2.685e-01]
GNN flow training:  57%|█████▋    | 57/100 [04:17<03:13,  4.51s/epoch, best=2.685e-01, sign=0.160, train=2.667e-01, val=2.685e-01]
GNN flow training:  57%|█████▋    | 57/100 [04:21<03:13,  4.51s/epoch, best=2.685e-01, sign=0.160, train=2.666e-01, val=2.686e-01]
GNN flow training:  58%|█████▊    | 58/100 [04:21<03:09,  4.50s/epoch, best=2.685e-01, sign=0.160, train=2.666e-01, val=2.686e-01]
GNN flow training:  58%|█████▊    | 58/100 [04:26<03:09,  4.50s/epoch, best=2.685e-01, sign=0.160, train=2.667e-01, val=2.685e-01]
GNN flow training:  59%|█████▉    | 59/100 [04:26<03:04,  4.50s/epoch, best=2.685e-01, sign=0.160, train=2.667e-01, val=2.685e-01]
GNN flow training:  59%|█████▉    | 59/100 [04:30<03:04,  4.50s/epoch, best=2.685e-01, sign=0.160, train=2.667e-01, val=2.685e-01]
GNN flow training:  60%|██████    | 60/100 [04:30<02:59,  4.49s/epoch, best=2.685e-01, sign=0.160, train=2.667e-01, val=2.685e-01]
GNN flow training:  60%|██████    | 60/100 [04:35<02:59,  4.49s/epoch, best=2.685e-01, sign=0.160, train=2.666e-01, val=2.685e-01]
GNN flow training:  61%|██████    | 61/100 [04:35<02:55,  4.50s/epoch, best=2.685e-01, sign=0.160, train=2.666e-01, val=2.685e-01]
GNN flow training:  61%|██████    | 61/100 [04:39<02:55,  4.50s/epoch, best=2.685e-01, sign=0.160, train=2.666e-01, val=2.685e-01]
GNN flow training:  62%|██████▏   | 62/100 [04:39<02:50,  4.50s/epoch, best=2.685e-01, sign=0.160, train=2.666e-01, val=2.685e-01]
GNN flow training:  62%|██████▏   | 62/100 [04:44<02:50,  4.50s/epoch, best=2.685e-01, sign=0.160, train=2.666e-01, val=2.685e-01]
GNN flow training:  63%|██████▎   | 63/100 [04:44<02:46,  4.50s/epoch, best=2.685e-01, sign=0.160, train=2.666e-01, val=2.685e-01]
GNN flow training:  63%|██████▎   | 63/100 [04:48<02:46,  4.50s/epoch, best=2.685e-01, sign=0.160, train=2.666e-01, val=2.685e-01]
GNN flow training:  64%|██████▍   | 64/100 [04:48<02:41,  4.49s/epoch, best=2.685e-01, sign=0.160, train=2.666e-01, val=2.685e-01]
GNN flow training:  64%|██████▍   | 64/100 [04:53<02:41,  4.49s/epoch, best=2.685e-01, sign=0.160, train=2.666e-01, val=2.685e-01]
GNN flow training:  65%|██████▌   | 65/100 [04:53<02:37,  4.49s/epoch, best=2.685e-01, sign=0.160, train=2.666e-01, val=2.685e-01]
GNN flow training:  65%|██████▌   | 65/100 [04:57<02:37,  4.49s/epoch, best=2.685e-01, sign=0.160, train=2.666e-01, val=2.685e-01]
GNN flow training:  66%|██████▌   | 66/100 [04:57<02:33,  4.51s/epoch, best=2.685e-01, sign=0.160, train=2.666e-01, val=2.685e-01]
GNN flow training:  66%|██████▌   | 66/100 [05:02<02:33,  4.51s/epoch, best=2.685e-01, sign=0.160, train=2.666e-01, val=2.684e-01]
GNN flow training:  67%|██████▋   | 67/100 [05:02<02:29,  4.52s/epoch, best=2.685e-01, sign=0.160, train=2.666e-01, val=2.684e-01]
GNN flow training:  67%|██████▋   | 67/100 [05:06<02:29,  4.52s/epoch, best=2.684e-01, sign=0.160, train=2.666e-01, val=2.685e-01]
GNN flow training:  68%|██████▊   | 68/100 [05:06<02:24,  4.52s/epoch, best=2.684e-01, sign=0.160, train=2.666e-01, val=2.685e-01]
GNN flow training:  68%|██████▊   | 68/100 [05:11<02:24,  4.52s/epoch, best=2.684e-01, sign=0.160, train=2.666e-01, val=2.685e-01]
GNN flow training:  69%|██████▉   | 69/100 [05:11<02:19,  4.51s/epoch, best=2.684e-01, sign=0.160, train=2.666e-01, val=2.685e-01]
GNN flow training:  69%|██████▉   | 69/100 [05:15<02:19,  4.51s/epoch, best=2.684e-01, sign=0.160, train=2.666e-01, val=2.684e-01]
GNN flow training:  70%|███████   | 70/100 [05:15<02:15,  4.52s/epoch, best=2.684e-01, sign=0.160, train=2.666e-01, val=2.684e-01]
GNN flow training:  70%|███████   | 70/100 [05:20<02:15,  4.52s/epoch, best=2.684e-01, sign=0.159, train=2.666e-01, val=2.685e-01]
GNN flow training:  71%|███████   | 71/100 [05:20<02:11,  4.52s/epoch, best=2.684e-01, sign=0.159, train=2.666e-01, val=2.685e-01]
GNN flow training:  71%|███████   | 71/100 [05:24<02:11,  4.52s/epoch, best=2.684e-01, sign=0.159, train=2.666e-01, val=2.685e-01]
GNN flow training:  72%|███████▏  | 72/100 [05:24<02:06,  4.51s/epoch, best=2.684e-01, sign=0.159, train=2.666e-01, val=2.685e-01]
GNN flow training:  72%|███████▏  | 72/100 [05:29<02:06,  4.51s/epoch, best=2.684e-01, sign=0.160, train=2.666e-01, val=2.684e-01]
GNN flow training:  73%|███████▎  | 73/100 [05:29<02:02,  4.52s/epoch, best=2.684e-01, sign=0.160, train=2.666e-01, val=2.684e-01]
GNN flow training:  73%|███████▎  | 73/100 [05:33<02:02,  4.52s/epoch, best=2.684e-01, sign=0.160, train=2.665e-01, val=2.684e-01]
GNN flow training:  74%|███████▍  | 74/100 [05:33<01:57,  4.52s/epoch, best=2.684e-01, sign=0.160, train=2.665e-01, val=2.684e-01]
GNN flow training:  74%|███████▍  | 74/100 [05:38<01:57,  4.52s/epoch, best=2.684e-01, sign=0.160, train=2.665e-01, val=2.684e-01]
GNN flow training:  75%|███████▌  | 75/100 [05:38<01:52,  4.51s/epoch, best=2.684e-01, sign=0.160, train=2.665e-01, val=2.684e-01]
GNN flow training:  75%|███████▌  | 75/100 [05:42<01:52,  4.51s/epoch, best=2.684e-01, sign=0.160, train=2.666e-01, val=2.684e-01]
GNN flow training:  76%|███████▌  | 76/100 [05:42<01:48,  4.52s/epoch, best=2.684e-01, sign=0.160, train=2.666e-01, val=2.684e-01]
GNN flow training:  76%|███████▌  | 76/100 [05:47<01:48,  4.52s/epoch, best=2.684e-01, sign=0.159, train=2.665e-01, val=2.684e-01]
GNN flow training:  77%|███████▋  | 77/100 [05:47<01:43,  4.51s/epoch, best=2.684e-01, sign=0.159, train=2.665e-01, val=2.684e-01]
GNN flow training:  77%|███████▋  | 77/100 [05:51<01:43,  4.51s/epoch, best=2.684e-01, sign=0.159, train=2.665e-01, val=2.684e-01]
GNN flow training:  78%|███████▊  | 78/100 [05:51<01:39,  4.50s/epoch, best=2.684e-01, sign=0.159, train=2.665e-01, val=2.684e-01]
GNN flow training:  78%|███████▊  | 78/100 [05:56<01:39,  4.50s/epoch, best=2.684e-01, sign=0.159, train=2.665e-01, val=2.684e-01]
GNN flow training:  79%|███████▉  | 79/100 [05:56<01:34,  4.50s/epoch, best=2.684e-01, sign=0.159, train=2.665e-01, val=2.684e-01]
GNN flow training:  79%|███████▉  | 79/100 [06:00<01:34,  4.50s/epoch, best=2.684e-01, sign=0.159, train=2.665e-01, val=2.684e-01]
GNN flow training:  80%|████████  | 80/100 [06:00<01:30,  4.51s/epoch, best=2.684e-01, sign=0.159, train=2.665e-01, val=2.684e-01]
GNN flow training:  80%|████████  | 80/100 [06:05<01:30,  4.51s/epoch, best=2.684e-01, sign=0.159, train=2.665e-01, val=2.684e-01]
GNN flow training:  81%|████████  | 81/100 [06:05<01:25,  4.51s/epoch, best=2.684e-01, sign=0.159, train=2.665e-01, val=2.684e-01]
GNN flow training:  81%|████████  | 81/100 [06:09<01:25,  4.51s/epoch, best=2.684e-01, sign=0.159, train=2.665e-01, val=2.684e-01]
GNN flow training:  82%|████████▏ | 82/100 [06:09<01:21,  4.51s/epoch, best=2.684e-01, sign=0.159, train=2.665e-01, val=2.684e-01]
GNN flow training:  82%|████████▏ | 82/100 [06:14<01:21,  4.51s/epoch, best=2.684e-01, sign=0.159, train=2.665e-01, val=2.684e-01]
GNN flow training:  83%|████████▎ | 83/100 [06:14<01:16,  4.50s/epoch, best=2.684e-01, sign=0.159, train=2.665e-01, val=2.684e-01]
GNN flow training:  83%|████████▎ | 83/100 [06:18<01:16,  4.50s/epoch, best=2.684e-01, sign=0.159, train=2.665e-01, val=2.685e-01]
GNN flow training:  84%|████████▍ | 84/100 [06:18<01:11,  4.50s/epoch, best=2.684e-01, sign=0.159, train=2.665e-01, val=2.685e-01]
GNN flow training:  84%|████████▍ | 84/100 [06:23<01:11,  4.50s/epoch, best=2.684e-01, sign=0.159, train=2.665e-01, val=2.685e-01]
GNN flow training:  85%|████████▌ | 85/100 [06:23<01:07,  4.51s/epoch, best=2.684e-01, sign=0.159, train=2.665e-01, val=2.685e-01]
GNN flow training:  85%|████████▌ | 85/100 [06:28<01:07,  4.51s/epoch, best=2.684e-01, sign=0.159, train=2.665e-01, val=2.684e-01]
GNN flow training:  86%|████████▌ | 86/100 [06:28<01:03,  4.53s/epoch, best=2.684e-01, sign=0.159, train=2.665e-01, val=2.684e-01]
GNN flow training:  86%|████████▌ | 86/100 [06:32<01:03,  4.53s/epoch, best=2.684e-01, sign=0.159, train=2.665e-01, val=2.684e-01]
GNN flow training:  87%|████████▋ | 87/100 [06:32<00:58,  4.53s/epoch, best=2.684e-01, sign=0.159, train=2.665e-01, val=2.684e-01]
GNN flow training:  87%|████████▋ | 87/100 [06:37<00:58,  4.53s/epoch, best=2.684e-01, sign=0.159, train=2.665e-01, val=2.684e-01]
GNN flow training:  88%|████████▊ | 88/100 [06:37<00:54,  4.53s/epoch, best=2.684e-01, sign=0.159, train=2.665e-01, val=2.684e-01]
GNN flow training:  88%|████████▊ | 88/100 [06:41<00:54,  4.53s/epoch, best=2.684e-01, sign=0.159, train=2.665e-01, val=2.684e-01]
GNN flow training:  89%|████████▉ | 89/100 [06:41<00:49,  4.52s/epoch, best=2.684e-01, sign=0.159, train=2.665e-01, val=2.684e-01]
GNN flow training:  89%|████████▉ | 89/100 [06:46<00:49,  4.52s/epoch, best=2.684e-01, sign=0.159, train=2.665e-01, val=2.684e-01]
GNN flow training:  90%|█████████ | 90/100 [06:46<00:45,  4.52s/epoch, best=2.684e-01, sign=0.159, train=2.665e-01, val=2.684e-01]
GNN flow training:  90%|█████████ | 90/100 [06:50<00:45,  4.52s/epoch, best=2.684e-01, sign=0.159, train=2.665e-01, val=2.684e-01]
GNN flow training:  91%|█████████ | 91/100 [06:50<00:40,  4.52s/epoch, best=2.684e-01, sign=0.159, train=2.665e-01, val=2.684e-01]
GNN flow training:  91%|█████████ | 91/100 [06:55<00:40,  4.52s/epoch, best=2.684e-01, sign=0.159, train=2.665e-01, val=2.684e-01]
GNN flow training:  92%|█████████▏| 92/100 [06:55<00:36,  4.52s/epoch, best=2.684e-01, sign=0.159, train=2.665e-01, val=2.684e-01]
GNN flow training:  92%|█████████▏| 92/100 [06:59<00:36,  4.52s/epoch, best=2.684e-01, sign=0.159, train=2.664e-01, val=2.684e-01]
GNN flow training:  93%|█████████▎| 93/100 [06:59<00:31,  4.51s/epoch, best=2.684e-01, sign=0.159, train=2.664e-01, val=2.684e-01]
GNN flow training:  93%|█████████▎| 93/100 [07:04<00:31,  4.51s/epoch, best=2.684e-01, sign=0.159, train=2.664e-01, val=2.684e-01]
GNN flow training:  94%|█████████▍| 94/100 [07:04<00:27,  4.52s/epoch, best=2.684e-01, sign=0.159, train=2.664e-01, val=2.684e-01]
GNN flow training:  94%|█████████▍| 94/100 [07:08<00:27,  4.52s/epoch, best=2.684e-01, sign=0.159, train=2.665e-01, val=2.684e-01]
GNN flow training:  95%|█████████▌| 95/100 [07:08<00:22,  4.52s/epoch, best=2.684e-01, sign=0.159, train=2.665e-01, val=2.684e-01]
GNN flow training:  95%|█████████▌| 95/100 [07:13<00:22,  4.52s/epoch, best=2.684e-01, sign=0.159, train=2.664e-01, val=2.684e-01]
GNN flow training:  96%|█████████▌| 96/100 [07:13<00:18,  4.51s/epoch, best=2.684e-01, sign=0.159, train=2.664e-01, val=2.684e-01]
GNN flow training:  96%|█████████▌| 96/100 [07:17<00:18,  4.51s/epoch, best=2.684e-01, sign=0.159, train=2.664e-01, val=2.684e-01]
GNN flow training:  97%|█████████▋| 97/100 [07:17<00:13,  4.51s/epoch, best=2.684e-01, sign=0.159, train=2.664e-01, val=2.684e-01]
GNN flow training:  97%|█████████▋| 97/100 [07:22<00:13,  4.51s/epoch, best=2.684e-01, sign=0.159, train=2.665e-01, val=2.684e-01]
GNN flow training:  98%|█████████▊| 98/100 [07:22<00:09,  4.51s/epoch, best=2.684e-01, sign=0.159, train=2.665e-01, val=2.684e-01]
GNN flow training:  98%|█████████▊| 98/100 [07:26<00:09,  4.51s/epoch, best=2.684e-01, sign=0.159, train=2.665e-01, val=2.684e-01]
GNN flow training:  99%|█████████▉| 99/100 [07:26<00:04,  4.51s/epoch, best=2.684e-01, sign=0.159, train=2.665e-01, val=2.684e-01]
GNN flow training:  99%|█████████▉| 99/100 [07:31<00:04,  4.51s/epoch, best=2.684e-01, sign=0.159, train=2.665e-01, val=2.684e-01]
GNN flow training: 100%|██████████| 100/100 [07:31<00:00,  4.50s/epoch, best=2.684e-01, sign=0.159, train=2.665e-01, val=2.684e-01]
GNN flow training: 100%|██████████| 100/100 [07:31<00:00,  4.51s/epoch, best=2.684e-01, sign=0.159, train=2.665e-01, val=2.684e-01]
Resolved config snapshot:
{'preset': 'solver_QKB_outer_QKBdelta', 'gnn_outer_losses': {'flow': 1.0, 'kirchhoff': 0.1, 'boundary': 100.0, 'delta_l2': 100.0, 'delta_smooth': 0.0, 'pressure_shape': 0.0}, 'physics': {'arterial_flow_mode': 'dataset', 'pressure_constraints': ['equal-a-equal-v'], 'alpha_pa': None, 'use_snr_weights': True, 'use_observed_flow_snr_weighting': True, 'flow_scale_mode': 'median_abs', 'solver_device': 'same', 'pressure_solver_mode': 'reduced-soft-constrained-lstsq', 'pressure_solver_lambda_kirchhoff': 1.0, 'pressure_solver_lambda_pressure_constraints': 100.0, 'pressure_solver_lambda_flow_residual': 1.0, 'pressure_shape_reference': 'delta_zero_reference', 'pressure_detach': False}, 'correction_bounds': {'correction_min': -0.5, 'correction_max': 0.5, 'correction_bound': 0.5, 'correction_parameterization': 'tanh'}, 'optimization': {'learning_rate': 0.001, 'weight_decay': 0.0001, 'gradient_clip_norm': 5.0, 'optimizer': 'adamw', 'epochs': 100, 'patience': 40}}
Shard 20/80: 1 of 80 runs
Command: /mnt/home/sswee/miniforge3/envs/yolk-sac/bin/python /mnt/home/sswee/yolk/Yolk-Sac-Flow-Data-and-Sim/gnn_clean/scripts/python/gnn_flow.py /mnt/home/sswee/yolk/Yolk-Sac-Flow-Data-and-Sim/gnn_clean/datasets/mosaic_graph_norm_canonical.gpickle --output-dir /mnt/home/sswee/yolk/Yolk-Sac-Flow-Data-and-Sim/gnn_clean/outputs_canonical_norm/dc/02_physics_weight_sweep/gnn --run-name q_1__k_0p1__delta_100 --preset solver_QKB_outer_QKBdelta --device cuda --epochs 100 --seed 0 --viscosity-pa-s 0.0035 --config /mnt/home/sswee/yolk/Yolk-Sac-Flow-Data-and-Sim/gnn_clean/outputs_canonical_norm/dc/02_physics_weight_sweep/_generated_configs/q_1__k_0p1__delta_100.yaml --no-pressure-detach
