[info] DC Step 2 canonical sweep uses fixed lambda_B=100.0 for both the outer boundary loss and the reduced pressure-solver boundary constraint.

GNN flow training:   0%|          | 0/100 [00:00<?, ?epoch/s]
GNN flow training:   0%|          | 0/100 [00:04<?, ?epoch/s, best=1.195e+00, sign=0.161, train=1.177e+00, val=1.195e+00]
GNN flow training:   1%|          | 1/100 [00:04<07:37,  4.62s/epoch, best=1.195e+00, sign=0.161, train=1.177e+00, val=1.195e+00]
GNN flow training:   1%|          | 1/100 [00:09<07:37,  4.62s/epoch, best=1.195e+00, sign=0.160, train=1.177e+00, val=1.191e+00]
GNN flow training:   2%|▏         | 2/100 [00:09<07:26,  4.56s/epoch, best=1.195e+00, sign=0.160, train=1.177e+00, val=1.191e+00]
GNN flow training:   2%|▏         | 2/100 [00:13<07:26,  4.56s/epoch, best=1.191e+00, sign=0.159, train=1.173e+00, val=1.191e+00]
GNN flow training:   3%|▎         | 3/100 [00:13<07:20,  4.54s/epoch, best=1.191e+00, sign=0.159, train=1.173e+00, val=1.191e+00]
GNN flow training:   3%|▎         | 3/100 [00:18<07:20,  4.54s/epoch, best=1.191e+00, sign=0.160, train=1.173e+00, val=1.191e+00]
GNN flow training:   4%|▍         | 4/100 [00:18<07:14,  4.53s/epoch, best=1.191e+00, sign=0.160, train=1.173e+00, val=1.191e+00]
GNN flow training:   4%|▍         | 4/100 [00:22<07:14,  4.53s/epoch, best=1.191e+00, sign=0.160, train=1.172e+00, val=1.186e+00]
GNN flow training:   5%|▌         | 5/100 [00:22<07:08,  4.51s/epoch, best=1.191e+00, sign=0.160, train=1.172e+00, val=1.186e+00]
GNN flow training:   5%|▌         | 5/100 [00:27<07:08,  4.51s/epoch, best=1.186e+00, sign=0.159, train=1.168e+00, val=1.183e+00]
GNN flow training:   6%|▌         | 6/100 [00:27<07:04,  4.52s/epoch, best=1.186e+00, sign=0.159, train=1.168e+00, val=1.183e+00]
GNN flow training:   6%|▌         | 6/100 [00:31<07:04,  4.52s/epoch, best=1.183e+00, sign=0.159, train=1.164e+00, val=1.183e+00]
GNN flow training:   7%|▋         | 7/100 [00:31<07:01,  4.53s/epoch, best=1.183e+00, sign=0.159, train=1.164e+00, val=1.183e+00]
GNN flow training:   7%|▋         | 7/100 [00:36<07:01,  4.53s/epoch, best=1.183e+00, sign=0.159, train=1.163e+00, val=1.177e+00]
GNN flow training:   8%|▊         | 8/100 [00:36<06:58,  4.55s/epoch, best=1.183e+00, sign=0.159, train=1.163e+00, val=1.177e+00]
GNN flow training:   8%|▊         | 8/100 [00:40<06:58,  4.55s/epoch, best=1.177e+00, sign=0.160, train=1.158e+00, val=1.174e+00]
GNN flow training:   9%|▉         | 9/100 [00:40<06:53,  4.55s/epoch, best=1.177e+00, sign=0.160, train=1.158e+00, val=1.174e+00]
GNN flow training:   9%|▉         | 9/100 [00:45<06:53,  4.55s/epoch, best=1.174e+00, sign=0.160, train=1.155e+00, val=1.173e+00]
GNN flow training:  10%|█         | 10/100 [00:45<06:48,  4.54s/epoch, best=1.174e+00, sign=0.160, train=1.155e+00, val=1.173e+00]
GNN flow training:  10%|█         | 10/100 [00:49<06:48,  4.54s/epoch, best=1.173e+00, sign=0.161, train=1.154e+00, val=1.171e+00]
GNN flow training:  11%|█         | 11/100 [00:49<06:42,  4.53s/epoch, best=1.173e+00, sign=0.161, train=1.154e+00, val=1.171e+00]
GNN flow training:  11%|█         | 11/100 [00:54<06:42,  4.53s/epoch, best=1.171e+00, sign=0.161, train=1.153e+00, val=1.167e+00]
GNN flow training:  12%|█▏        | 12/100 [00:54<06:37,  4.52s/epoch, best=1.171e+00, sign=0.161, train=1.153e+00, val=1.167e+00]
GNN flow training:  12%|█▏        | 12/100 [00:58<06:37,  4.52s/epoch, best=1.167e+00, sign=0.160, train=1.149e+00, val=1.160e+00]
GNN flow training:  13%|█▎        | 13/100 [00:58<06:34,  4.53s/epoch, best=1.167e+00, sign=0.160, train=1.149e+00, val=1.160e+00]
GNN flow training:  13%|█▎        | 13/100 [01:03<06:34,  4.53s/epoch, best=1.160e+00, sign=0.159, train=1.142e+00, val=1.151e+00]
GNN flow training:  14%|█▍        | 14/100 [01:03<06:29,  4.53s/epoch, best=1.160e+00, sign=0.159, train=1.142e+00, val=1.151e+00]
GNN flow training:  14%|█▍        | 14/100 [01:08<06:29,  4.53s/epoch, best=1.151e+00, sign=0.157, train=1.133e+00, val=1.145e+00]
GNN flow training:  15%|█▌        | 15/100 [01:08<06:25,  4.54s/epoch, best=1.151e+00, sign=0.157, train=1.133e+00, val=1.145e+00]
GNN flow training:  15%|█▌        | 15/100 [01:12<06:25,  4.54s/epoch, best=1.145e+00, sign=0.156, train=1.127e+00, val=1.139e+00]
GNN flow training:  16%|█▌        | 16/100 [01:12<06:20,  4.53s/epoch, best=1.145e+00, sign=0.156, train=1.127e+00, val=1.139e+00]
GNN flow training:  16%|█▌        | 16/100 [01:17<06:20,  4.53s/epoch, best=1.139e+00, sign=0.156, train=1.120e+00, val=1.135e+00]
GNN flow training:  17%|█▋        | 17/100 [01:17<06:17,  4.55s/epoch, best=1.139e+00, sign=0.156, train=1.120e+00, val=1.135e+00]
GNN flow training:  17%|█▋        | 17/100 [01:21<06:17,  4.55s/epoch, best=1.135e+00, sign=0.155, train=1.115e+00, val=1.128e+00]
GNN flow training:  18%|█▊        | 18/100 [01:21<06:11,  4.53s/epoch, best=1.135e+00, sign=0.155, train=1.115e+00, val=1.128e+00]
GNN flow training:  18%|█▊        | 18/100 [01:26<06:11,  4.53s/epoch, best=1.128e+00, sign=0.153, train=1.108e+00, val=1.120e+00]
GNN flow training:  19%|█▉        | 19/100 [01:26<06:06,  4.52s/epoch, best=1.128e+00, sign=0.153, train=1.108e+00, val=1.120e+00]
GNN flow training:  19%|█▉        | 19/100 [01:30<06:06,  4.52s/epoch, best=1.120e+00, sign=0.153, train=1.099e+00, val=1.113e+00]
GNN flow training:  20%|██        | 20/100 [01:30<06:01,  4.52s/epoch, best=1.120e+00, sign=0.153, train=1.099e+00, val=1.113e+00]
GNN flow training:  20%|██        | 20/100 [01:35<06:01,  4.52s/epoch, best=1.113e+00, sign=0.152, train=1.092e+00, val=1.101e+00]
GNN flow training:  21%|██        | 21/100 [01:35<05:56,  4.51s/epoch, best=1.113e+00, sign=0.152, train=1.092e+00, val=1.101e+00]
GNN flow training:  21%|██        | 21/100 [01:39<05:56,  4.51s/epoch, best=1.101e+00, sign=0.150, train=1.081e+00, val=1.091e+00]
GNN flow training:  22%|██▏       | 22/100 [01:39<05:51,  4.51s/epoch, best=1.101e+00, sign=0.150, train=1.081e+00, val=1.091e+00]
GNN flow training:  22%|██▏       | 22/100 [01:44<05:51,  4.51s/epoch, best=1.091e+00, sign=0.150, train=1.071e+00, val=1.077e+00]
GNN flow training:  23%|██▎       | 23/100 [01:44<05:47,  4.52s/epoch, best=1.091e+00, sign=0.150, train=1.071e+00, val=1.077e+00]
GNN flow training:  23%|██▎       | 23/100 [01:48<05:47,  4.52s/epoch, best=1.077e+00, sign=0.149, train=1.058e+00, val=1.062e+00]
GNN flow training:  24%|██▍       | 24/100 [01:48<05:43,  4.52s/epoch, best=1.077e+00, sign=0.149, train=1.058e+00, val=1.062e+00]
GNN flow training:  24%|██▍       | 24/100 [01:53<05:43,  4.52s/epoch, best=1.062e+00, sign=0.147, train=1.045e+00, val=1.048e+00]
GNN flow training:  25%|██▌       | 25/100 [01:53<05:37,  4.51s/epoch, best=1.062e+00, sign=0.147, train=1.045e+00, val=1.048e+00]
GNN flow training:  25%|██▌       | 25/100 [01:57<05:37,  4.51s/epoch, best=1.048e+00, sign=0.147, train=1.032e+00, val=1.040e+00]
GNN flow training:  26%|██▌       | 26/100 [01:57<05:32,  4.50s/epoch, best=1.048e+00, sign=0.147, train=1.032e+00, val=1.040e+00]
GNN flow training:  26%|██▌       | 26/100 [02:02<05:32,  4.50s/epoch, best=1.040e+00, sign=0.144, train=1.025e+00, val=1.027e+00]
GNN flow training:  27%|██▋       | 27/100 [02:02<05:28,  4.50s/epoch, best=1.040e+00, sign=0.144, train=1.025e+00, val=1.027e+00]
GNN flow training:  27%|██▋       | 27/100 [02:06<05:28,  4.50s/epoch, best=1.027e+00, sign=0.143, train=1.014e+00, val=1.016e+00]
GNN flow training:  28%|██▊       | 28/100 [02:06<05:23,  4.49s/epoch, best=1.027e+00, sign=0.143, train=1.014e+00, val=1.016e+00]
GNN flow training:  28%|██▊       | 28/100 [02:11<05:23,  4.49s/epoch, best=1.016e+00, sign=0.142, train=1.003e+00, val=1.008e+00]
GNN flow training:  29%|██▉       | 29/100 [02:11<05:18,  4.48s/epoch, best=1.016e+00, sign=0.142, train=1.003e+00, val=1.008e+00]
GNN flow training:  29%|██▉       | 29/100 [02:15<05:18,  4.48s/epoch, best=1.008e+00, sign=0.142, train=9.957e-01, val=1.003e+00]
GNN flow training:  30%|███       | 30/100 [02:15<05:13,  4.48s/epoch, best=1.008e+00, sign=0.142, train=9.957e-01, val=1.003e+00]
GNN flow training:  30%|███       | 30/100 [02:20<05:13,  4.48s/epoch, best=1.003e+00, sign=0.141, train=9.897e-01, val=9.905e-01]
GNN flow training:  31%|███       | 31/100 [02:20<05:10,  4.50s/epoch, best=1.003e+00, sign=0.141, train=9.897e-01, val=9.905e-01]
GNN flow training:  31%|███       | 31/100 [02:24<05:10,  4.50s/epoch, best=9.905e-01, sign=0.140, train=9.788e-01, val=9.788e-01]
GNN flow training:  32%|███▏      | 32/100 [02:24<05:05,  4.49s/epoch, best=9.905e-01, sign=0.140, train=9.788e-01, val=9.788e-01]
GNN flow training:  32%|███▏      | 32/100 [02:29<05:05,  4.49s/epoch, best=9.788e-01, sign=0.140, train=9.684e-01, val=9.669e-01]
GNN flow training:  33%|███▎      | 33/100 [02:29<05:00,  4.49s/epoch, best=9.788e-01, sign=0.140, train=9.684e-01, val=9.669e-01]
GNN flow training:  33%|███▎      | 33/100 [02:33<05:00,  4.49s/epoch, best=9.669e-01, sign=0.141, train=9.575e-01, val=9.588e-01]
GNN flow training:  34%|███▍      | 34/100 [02:33<04:56,  4.50s/epoch, best=9.669e-01, sign=0.141, train=9.575e-01, val=9.588e-01]
GNN flow training:  34%|███▍      | 34/100 [02:38<04:56,  4.50s/epoch, best=9.588e-01, sign=0.139, train=9.493e-01, val=9.488e-01]
GNN flow training:  35%|███▌      | 35/100 [02:38<04:51,  4.49s/epoch, best=9.588e-01, sign=0.139, train=9.493e-01, val=9.488e-01]
GNN flow training:  35%|███▌      | 35/100 [02:42<04:51,  4.49s/epoch, best=9.488e-01, sign=0.139, train=9.404e-01, val=9.358e-01]
GNN flow training:  36%|███▌      | 36/100 [02:42<04:46,  4.48s/epoch, best=9.488e-01, sign=0.139, train=9.404e-01, val=9.358e-01]
GNN flow training:  36%|███▌      | 36/100 [02:46<04:46,  4.48s/epoch, best=9.358e-01, sign=0.140, train=9.297e-01, val=9.269e-01]
GNN flow training:  37%|███▋      | 37/100 [02:46<04:42,  4.49s/epoch, best=9.358e-01, sign=0.140, train=9.297e-01, val=9.269e-01]
GNN flow training:  37%|███▋      | 37/100 [02:51<04:42,  4.49s/epoch, best=9.269e-01, sign=0.140, train=9.232e-01, val=9.198e-01]
GNN flow training:  38%|███▊      | 38/100 [02:51<04:37,  4.47s/epoch, best=9.269e-01, sign=0.140, train=9.232e-01, val=9.198e-01]
GNN flow training:  38%|███▊      | 38/100 [02:56<04:37,  4.47s/epoch, best=9.198e-01, sign=0.141, train=9.181e-01, val=9.139e-01]
GNN flow training:  39%|███▉      | 39/100 [02:56<04:35,  4.51s/epoch, best=9.198e-01, sign=0.141, train=9.181e-01, val=9.139e-01]
GNN flow training:  39%|███▉      | 39/100 [03:00<04:35,  4.51s/epoch, best=9.139e-01, sign=0.142, train=9.154e-01, val=9.056e-01]
GNN flow training:  40%|████      | 40/100 [03:00<04:29,  4.50s/epoch, best=9.139e-01, sign=0.142, train=9.154e-01, val=9.056e-01]
GNN flow training:  40%|████      | 40/100 [03:04<04:29,  4.50s/epoch, best=9.056e-01, sign=0.142, train=9.109e-01, val=9.003e-01]
GNN flow training:  41%|████      | 41/100 [03:04<04:24,  4.49s/epoch, best=9.056e-01, sign=0.142, train=9.109e-01, val=9.003e-01]
GNN flow training:  41%|████      | 41/100 [03:09<04:24,  4.49s/epoch, best=9.003e-01, sign=0.142, train=9.069e-01, val=8.947e-01]
GNN flow training:  42%|████▏     | 42/100 [03:09<04:20,  4.48s/epoch, best=9.003e-01, sign=0.142, train=9.069e-01, val=8.947e-01]
GNN flow training:  42%|████▏     | 42/100 [03:13<04:20,  4.48s/epoch, best=8.947e-01, sign=0.142, train=9.010e-01, val=8.874e-01]
GNN flow training:  43%|████▎     | 43/100 [03:13<04:15,  4.48s/epoch, best=8.947e-01, sign=0.142, train=9.010e-01, val=8.874e-01]
GNN flow training:  43%|████▎     | 43/100 [03:18<04:15,  4.48s/epoch, best=8.874e-01, sign=0.142, train=8.946e-01, val=8.728e-01]
GNN flow training:  44%|████▍     | 44/100 [03:18<04:09,  4.46s/epoch, best=8.874e-01, sign=0.142, train=8.946e-01, val=8.728e-01]
GNN flow training:  44%|████▍     | 44/100 [03:22<04:09,  4.46s/epoch, best=8.728e-01, sign=0.142, train=8.861e-01, val=8.641e-01]
GNN flow training:  45%|████▌     | 45/100 [03:22<04:06,  4.48s/epoch, best=8.728e-01, sign=0.142, train=8.861e-01, val=8.641e-01]
GNN flow training:  45%|████▌     | 45/100 [03:27<04:06,  4.48s/epoch, best=8.641e-01, sign=0.145, train=8.808e-01, val=8.518e-01]
GNN flow training:  46%|████▌     | 46/100 [03:27<04:01,  4.47s/epoch, best=8.641e-01, sign=0.145, train=8.808e-01, val=8.518e-01]
GNN flow training:  46%|████▌     | 46/100 [03:31<04:01,  4.47s/epoch, best=8.518e-01, sign=0.146, train=8.763e-01, val=8.441e-01]
GNN flow training:  47%|████▋     | 47/100 [03:31<03:56,  4.45s/epoch, best=8.518e-01, sign=0.146, train=8.763e-01, val=8.441e-01]
GNN flow training:  47%|████▋     | 47/100 [03:36<03:56,  4.45s/epoch, best=8.441e-01, sign=0.145, train=8.750e-01, val=8.401e-01]
GNN flow training:  48%|████▊     | 48/100 [03:36<03:51,  4.45s/epoch, best=8.441e-01, sign=0.145, train=8.750e-01, val=8.401e-01]
GNN flow training:  48%|████▊     | 48/100 [03:40<03:51,  4.45s/epoch, best=8.401e-01, sign=0.145, train=8.749e-01, val=8.365e-01]
GNN flow training:  49%|████▉     | 49/100 [03:40<03:46,  4.45s/epoch, best=8.401e-01, sign=0.145, train=8.749e-01, val=8.365e-01]
GNN flow training:  49%|████▉     | 49/100 [03:45<03:46,  4.45s/epoch, best=8.365e-01, sign=0.147, train=8.743e-01, val=8.363e-01]
GNN flow training:  50%|█████     | 50/100 [03:45<03:43,  4.46s/epoch, best=8.365e-01, sign=0.147, train=8.743e-01, val=8.363e-01]
GNN flow training:  50%|█████     | 50/100 [03:49<03:43,  4.46s/epoch, best=8.363e-01, sign=0.144, train=8.735e-01, val=8.352e-01]
GNN flow training:  51%|█████     | 51/100 [03:49<03:38,  4.45s/epoch, best=8.363e-01, sign=0.144, train=8.735e-01, val=8.352e-01]
GNN flow training:  51%|█████     | 51/100 [03:53<03:38,  4.45s/epoch, best=8.352e-01, sign=0.144, train=8.699e-01, val=8.319e-01]
GNN flow training:  52%|█████▏    | 52/100 [03:53<03:33,  4.44s/epoch, best=8.352e-01, sign=0.144, train=8.699e-01, val=8.319e-01]
GNN flow training:  52%|█████▏    | 52/100 [03:58<03:33,  4.44s/epoch, best=8.319e-01, sign=0.143, train=8.631e-01, val=8.271e-01]
GNN flow training:  53%|█████▎    | 53/100 [03:58<03:28,  4.44s/epoch, best=8.319e-01, sign=0.143, train=8.631e-01, val=8.271e-01]
GNN flow training:  53%|█████▎    | 53/100 [04:02<03:28,  4.44s/epoch, best=8.271e-01, sign=0.141, train=8.549e-01, val=8.283e-01]
GNN flow training:  54%|█████▍    | 54/100 [04:02<03:23,  4.43s/epoch, best=8.271e-01, sign=0.141, train=8.549e-01, val=8.283e-01]
GNN flow training:  54%|█████▍    | 54/100 [04:07<03:23,  4.43s/epoch, best=8.271e-01, sign=0.138, train=8.496e-01, val=8.310e-01]
GNN flow training:  55%|█████▌    | 55/100 [04:07<03:19,  4.44s/epoch, best=8.271e-01, sign=0.138, train=8.496e-01, val=8.310e-01]
GNN flow training:  55%|█████▌    | 55/100 [04:11<03:19,  4.44s/epoch, best=8.271e-01, sign=0.138, train=8.469e-01, val=8.314e-01]
GNN flow training:  56%|█████▌    | 56/100 [04:11<03:15,  4.44s/epoch, best=8.271e-01, sign=0.138, train=8.469e-01, val=8.314e-01]
GNN flow training:  56%|█████▌    | 56/100 [04:16<03:15,  4.44s/epoch, best=8.271e-01, sign=0.138, train=8.429e-01, val=8.332e-01]
GNN flow training:  57%|█████▋    | 57/100 [04:16<03:11,  4.45s/epoch, best=8.271e-01, sign=0.138, train=8.429e-01, val=8.332e-01]
GNN flow training:  57%|█████▋    | 57/100 [04:20<03:11,  4.45s/epoch, best=8.271e-01, sign=0.138, train=8.400e-01, val=8.342e-01]
GNN flow training:  58%|█████▊    | 58/100 [04:20<03:06,  4.44s/epoch, best=8.271e-01, sign=0.138, train=8.400e-01, val=8.342e-01]
GNN flow training:  58%|█████▊    | 58/100 [04:25<03:06,  4.44s/epoch, best=8.271e-01, sign=0.139, train=8.362e-01, val=8.359e-01]
GNN flow training:  59%|█████▉    | 59/100 [04:25<03:02,  4.45s/epoch, best=8.271e-01, sign=0.139, train=8.362e-01, val=8.359e-01]
GNN flow training:  59%|█████▉    | 59/100 [04:29<03:02,  4.45s/epoch, best=8.271e-01, sign=0.139, train=8.337e-01, val=8.354e-01]
GNN flow training:  60%|██████    | 60/100 [04:29<02:58,  4.46s/epoch, best=8.271e-01, sign=0.139, train=8.337e-01, val=8.354e-01]
GNN flow training:  60%|██████    | 60/100 [04:34<02:58,  4.46s/epoch, best=8.271e-01, sign=0.139, train=8.310e-01, val=8.354e-01]
GNN flow training:  61%|██████    | 61/100 [04:34<02:55,  4.50s/epoch, best=8.271e-01, sign=0.139, train=8.310e-01, val=8.354e-01]
GNN flow training:  61%|██████    | 61/100 [04:38<02:55,  4.50s/epoch, best=8.271e-01, sign=0.139, train=8.291e-01, val=8.387e-01]
GNN flow training:  62%|██████▏   | 62/100 [04:38<02:51,  4.51s/epoch, best=8.271e-01, sign=0.139, train=8.291e-01, val=8.387e-01]
GNN flow training:  62%|██████▏   | 62/100 [04:43<02:51,  4.51s/epoch, best=8.271e-01, sign=0.139, train=8.265e-01, val=8.468e-01]
GNN flow training:  63%|██████▎   | 63/100 [04:43<02:46,  4.50s/epoch, best=8.271e-01, sign=0.139, train=8.265e-01, val=8.468e-01]
GNN flow training:  63%|██████▎   | 63/100 [04:47<02:46,  4.50s/epoch, best=8.271e-01, sign=0.137, train=8.252e-01, val=8.629e-01]
GNN flow training:  64%|██████▍   | 64/100 [04:47<02:41,  4.49s/epoch, best=8.271e-01, sign=0.137, train=8.252e-01, val=8.629e-01]
GNN flow training:  64%|██████▍   | 64/100 [04:52<02:41,  4.49s/epoch, best=8.271e-01, sign=0.140, train=8.304e-01, val=8.982e-01]
GNN flow training:  65%|██████▌   | 65/100 [04:52<02:37,  4.49s/epoch, best=8.271e-01, sign=0.140, train=8.304e-01, val=8.982e-01]
GNN flow training:  65%|██████▌   | 65/100 [04:56<02:37,  4.49s/epoch, best=8.271e-01, sign=0.138, train=8.536e-01, val=8.388e-01]
GNN flow training:  66%|██████▌   | 66/100 [04:56<02:32,  4.49s/epoch, best=8.271e-01, sign=0.138, train=8.536e-01, val=8.388e-01]
GNN flow training:  66%|██████▌   | 66/100 [05:01<02:32,  4.49s/epoch, best=8.271e-01, sign=0.138, train=8.159e-01, val=8.254e-01]
GNN flow training:  67%|██████▋   | 67/100 [05:01<02:28,  4.50s/epoch, best=8.271e-01, sign=0.138, train=8.159e-01, val=8.254e-01]
GNN flow training:  67%|██████▋   | 67/100 [05:05<02:28,  4.50s/epoch, best=8.254e-01, sign=0.139, train=8.227e-01, val=8.243e-01]
GNN flow training:  68%|██████▊   | 68/100 [05:05<02:23,  4.50s/epoch, best=8.254e-01, sign=0.139, train=8.227e-01, val=8.243e-01]
GNN flow training:  68%|██████▊   | 68/100 [05:10<02:23,  4.50s/epoch, best=8.243e-01, sign=0.140, train=8.322e-01, val=8.238e-01]
GNN flow training:  69%|██████▉   | 69/100 [05:10<02:19,  4.50s/epoch, best=8.243e-01, sign=0.140, train=8.322e-01, val=8.238e-01]
GNN flow training:  69%|██████▉   | 69/100 [05:14<02:19,  4.50s/epoch, best=8.238e-01, sign=0.140, train=8.384e-01, val=8.227e-01]
GNN flow training:  70%|███████   | 70/100 [05:14<02:14,  4.49s/epoch, best=8.238e-01, sign=0.140, train=8.384e-01, val=8.227e-01]
GNN flow training:  70%|███████   | 70/100 [05:18<02:14,  4.49s/epoch, best=8.227e-01, sign=0.140, train=8.395e-01, val=8.211e-01]
GNN flow training:  71%|███████   | 71/100 [05:18<02:09,  4.46s/epoch, best=8.227e-01, sign=0.140, train=8.395e-01, val=8.211e-01]
GNN flow training:  71%|███████   | 71/100 [05:23<02:09,  4.46s/epoch, best=8.211e-01, sign=0.140, train=8.346e-01, val=8.208e-01]
GNN flow training:  72%|███████▏  | 72/100 [05:23<02:04,  4.45s/epoch, best=8.211e-01, sign=0.140, train=8.346e-01, val=8.208e-01]
GNN flow training:  72%|███████▏  | 72/100 [05:27<02:04,  4.45s/epoch, best=8.208e-01, sign=0.139, train=8.259e-01, val=8.212e-01]
GNN flow training:  73%|███████▎  | 73/100 [05:27<01:59,  4.44s/epoch, best=8.208e-01, sign=0.139, train=8.259e-01, val=8.212e-01]
GNN flow training:  73%|███████▎  | 73/100 [05:32<01:59,  4.44s/epoch, best=8.208e-01, sign=0.138, train=8.185e-01, val=8.259e-01]
GNN flow training:  74%|███████▍  | 74/100 [05:32<01:55,  4.44s/epoch, best=8.208e-01, sign=0.138, train=8.185e-01, val=8.259e-01]
GNN flow training:  74%|███████▍  | 74/100 [05:36<01:55,  4.44s/epoch, best=8.208e-01, sign=0.136, train=8.145e-01, val=8.313e-01]
GNN flow training:  75%|███████▌  | 75/100 [05:36<01:51,  4.46s/epoch, best=8.208e-01, sign=0.136, train=8.145e-01, val=8.313e-01]
GNN flow training:  75%|███████▌  | 75/100 [05:41<01:51,  4.46s/epoch, best=8.208e-01, sign=0.137, train=8.122e-01, val=8.340e-01]
GNN flow training:  76%|███████▌  | 76/100 [05:41<01:47,  4.47s/epoch, best=8.208e-01, sign=0.137, train=8.122e-01, val=8.340e-01]
GNN flow training:  76%|███████▌  | 76/100 [05:45<01:47,  4.47s/epoch, best=8.208e-01, sign=0.138, train=8.093e-01, val=8.349e-01]
GNN flow training:  77%|███████▋  | 77/100 [05:45<01:43,  4.49s/epoch, best=8.208e-01, sign=0.138, train=8.093e-01, val=8.349e-01]
GNN flow training:  77%|███████▋  | 77/100 [05:50<01:43,  4.49s/epoch, best=8.208e-01, sign=0.136, train=8.062e-01, val=8.342e-01]
GNN flow training:  78%|███████▊  | 78/100 [05:50<01:38,  4.48s/epoch, best=8.208e-01, sign=0.136, train=8.062e-01, val=8.342e-01]
GNN flow training:  78%|███████▊  | 78/100 [05:54<01:38,  4.48s/epoch, best=8.208e-01, sign=0.135, train=8.037e-01, val=8.325e-01]
GNN flow training:  79%|███████▉  | 79/100 [05:54<01:34,  4.49s/epoch, best=8.208e-01, sign=0.135, train=8.037e-01, val=8.325e-01]
GNN flow training:  79%|███████▉  | 79/100 [05:59<01:34,  4.49s/epoch, best=8.208e-01, sign=0.135, train=8.007e-01, val=8.303e-01]
GNN flow training:  80%|████████  | 80/100 [05:59<01:29,  4.50s/epoch, best=8.208e-01, sign=0.135, train=8.007e-01, val=8.303e-01]
GNN flow training:  80%|████████  | 80/100 [06:03<01:29,  4.50s/epoch, best=8.208e-01, sign=0.134, train=7.979e-01, val=8.297e-01]
GNN flow training:  81%|████████  | 81/100 [06:03<01:25,  4.49s/epoch, best=8.208e-01, sign=0.134, train=7.979e-01, val=8.297e-01]
GNN flow training:  81%|████████  | 81/100 [06:08<01:25,  4.49s/epoch, best=8.208e-01, sign=0.135, train=7.959e-01, val=8.284e-01]
GNN flow training:  82%|████████▏ | 82/100 [06:08<01:21,  4.50s/epoch, best=8.208e-01, sign=0.135, train=7.959e-01, val=8.284e-01]
GNN flow training:  82%|████████▏ | 82/100 [06:12<01:21,  4.50s/epoch, best=8.208e-01, sign=0.136, train=7.942e-01, val=8.281e-01]
GNN flow training:  83%|████████▎ | 83/100 [06:12<01:16,  4.51s/epoch, best=8.208e-01, sign=0.136, train=7.942e-01, val=8.281e-01]
GNN flow training:  83%|████████▎ | 83/100 [06:17<01:16,  4.51s/epoch, best=8.208e-01, sign=0.136, train=7.926e-01, val=8.272e-01]
GNN flow training:  84%|████████▍ | 84/100 [06:17<01:12,  4.51s/epoch, best=8.208e-01, sign=0.136, train=7.926e-01, val=8.272e-01]
GNN flow training:  84%|████████▍ | 84/100 [06:21<01:12,  4.51s/epoch, best=8.208e-01, sign=0.136, train=7.902e-01, val=8.256e-01]
GNN flow training:  85%|████████▌ | 85/100 [06:21<01:07,  4.52s/epoch, best=8.208e-01, sign=0.136, train=7.902e-01, val=8.256e-01]
GNN flow training:  85%|████████▌ | 85/100 [06:26<01:07,  4.52s/epoch, best=8.208e-01, sign=0.137, train=7.872e-01, val=8.234e-01]
GNN flow training:  86%|████████▌ | 86/100 [06:26<01:03,  4.52s/epoch, best=8.208e-01, sign=0.137, train=7.872e-01, val=8.234e-01]
GNN flow training:  86%|████████▌ | 86/100 [06:30<01:03,  4.52s/epoch, best=8.208e-01, sign=0.137, train=7.843e-01, val=8.196e-01]
GNN flow training:  87%|████████▋ | 87/100 [06:30<00:58,  4.52s/epoch, best=8.208e-01, sign=0.137, train=7.843e-01, val=8.196e-01]
GNN flow training:  87%|████████▋ | 87/100 [06:35<00:58,  4.52s/epoch, best=8.196e-01, sign=0.136, train=7.816e-01, val=8.159e-01]
GNN flow training:  88%|████████▊ | 88/100 [06:35<00:54,  4.50s/epoch, best=8.196e-01, sign=0.136, train=7.816e-01, val=8.159e-01]
GNN flow training:  88%|████████▊ | 88/100 [06:39<00:54,  4.50s/epoch, best=8.159e-01, sign=0.137, train=7.796e-01, val=8.127e-01]
GNN flow training:  89%|████████▉ | 89/100 [06:39<00:49,  4.50s/epoch, best=8.159e-01, sign=0.137, train=7.796e-01, val=8.127e-01]
GNN flow training:  89%|████████▉ | 89/100 [06:44<00:49,  4.50s/epoch, best=8.127e-01, sign=0.137, train=7.785e-01, val=8.094e-01]
GNN flow training:  90%|█████████ | 90/100 [06:44<00:45,  4.52s/epoch, best=8.127e-01, sign=0.137, train=7.785e-01, val=8.094e-01]
GNN flow training:  90%|█████████ | 90/100 [06:48<00:45,  4.52s/epoch, best=8.094e-01, sign=0.138, train=7.775e-01, val=8.069e-01]
GNN flow training:  91%|█████████ | 91/100 [06:48<00:40,  4.52s/epoch, best=8.094e-01, sign=0.138, train=7.775e-01, val=8.069e-01]
GNN flow training:  91%|█████████ | 91/100 [06:53<00:40,  4.52s/epoch, best=8.069e-01, sign=0.138, train=7.769e-01, val=8.054e-01]
GNN flow training:  92%|█████████▏| 92/100 [06:53<00:36,  4.50s/epoch, best=8.069e-01, sign=0.138, train=7.769e-01, val=8.054e-01]
GNN flow training:  92%|█████████▏| 92/100 [06:57<00:36,  4.50s/epoch, best=8.054e-01, sign=0.137, train=7.764e-01, val=8.042e-01]
GNN flow training:  93%|█████████▎| 93/100 [06:57<00:31,  4.51s/epoch, best=8.054e-01, sign=0.137, train=7.764e-01, val=8.042e-01]
GNN flow training:  93%|█████████▎| 93/100 [07:02<00:31,  4.51s/epoch, best=8.042e-01, sign=0.137, train=7.756e-01, val=8.031e-01]
GNN flow training:  94%|█████████▍| 94/100 [07:02<00:26,  4.50s/epoch, best=8.042e-01, sign=0.137, train=7.756e-01, val=8.031e-01]
GNN flow training:  94%|█████████▍| 94/100 [07:06<00:26,  4.50s/epoch, best=8.031e-01, sign=0.137, train=7.740e-01, val=8.013e-01]
GNN flow training:  95%|█████████▌| 95/100 [07:06<00:22,  4.51s/epoch, best=8.031e-01, sign=0.137, train=7.740e-01, val=8.013e-01]
GNN flow training:  95%|█████████▌| 95/100 [07:11<00:22,  4.51s/epoch, best=8.013e-01, sign=0.138, train=7.720e-01, val=8.005e-01]
GNN flow training:  96%|█████████▌| 96/100 [07:11<00:18,  4.51s/epoch, best=8.013e-01, sign=0.138, train=7.720e-01, val=8.005e-01]
GNN flow training:  96%|█████████▌| 96/100 [07:15<00:18,  4.51s/epoch, best=8.005e-01, sign=0.137, train=7.703e-01, val=8.008e-01]
GNN flow training:  97%|█████████▋| 97/100 [07:15<00:13,  4.50s/epoch, best=8.005e-01, sign=0.137, train=7.703e-01, val=8.008e-01]
GNN flow training:  97%|█████████▋| 97/100 [07:20<00:13,  4.50s/epoch, best=8.005e-01, sign=0.137, train=7.689e-01, val=8.066e-01]
GNN flow training:  98%|█████████▊| 98/100 [07:20<00:09,  4.52s/epoch, best=8.005e-01, sign=0.137, train=7.689e-01, val=8.066e-01]
GNN flow training:  98%|█████████▊| 98/100 [07:24<00:09,  4.52s/epoch, best=8.005e-01, sign=0.134, train=7.725e-01, val=8.159e-01]
GNN flow training:  99%|█████████▉| 99/100 [07:24<00:04,  4.51s/epoch, best=8.005e-01, sign=0.134, train=7.725e-01, val=8.159e-01]
GNN flow training:  99%|█████████▉| 99/100 [07:29<00:04,  4.51s/epoch, best=8.005e-01, sign=0.135, train=7.791e-01, val=8.154e-01]
GNN flow training: 100%|██████████| 100/100 [07:29<00:00,  4.50s/epoch, best=8.005e-01, sign=0.135, train=7.791e-01, val=8.154e-01]
GNN flow training: 100%|██████████| 100/100 [07:29<00:00,  4.49s/epoch, best=8.005e-01, sign=0.135, train=7.791e-01, val=8.154e-01]
Resolved config snapshot:
{'preset': 'solver_QKB_outer_QKBdelta', 'gnn_outer_losses': {'flow': 10.0, 'kirchhoff': 0.1, 'boundary': 100.0, 'delta_l2': 0.1, 'delta_smooth': 0.0, 'pressure_shape': 0.0}, 'physics': {'arterial_flow_mode': 'dataset', 'pressure_constraints': ['equal-a-equal-v'], 'alpha_pa': None, 'use_snr_weights': True, 'use_observed_flow_snr_weighting': True, 'flow_scale_mode': 'median_abs', 'solver_device': 'same', 'pressure_solver_mode': 'reduced-soft-constrained-lstsq', 'pressure_solver_lambda_kirchhoff': 1.0, 'pressure_solver_lambda_pressure_constraints': 100.0, 'pressure_solver_lambda_flow_residual': 1.0, 'pressure_shape_reference': 'delta_zero_reference', 'pressure_detach': False}, 'correction_bounds': {'correction_min': -0.5, 'correction_max': 0.5, 'correction_bound': 0.5, 'correction_parameterization': 'tanh'}, 'optimization': {'learning_rate': 0.001, 'weight_decay': 0.0001, 'gradient_clip_norm': 5.0, 'optimizer': 'adamw', 'epochs': 100, 'patience': 40}}
Shard 33/80: 1 of 80 runs
Command: /mnt/home/sswee/miniforge3/envs/yolk-sac/bin/python /mnt/home/sswee/yolk/Yolk-Sac-Flow-Data-and-Sim/gnn_clean/scripts/python/gnn_flow.py /mnt/home/sswee/yolk/Yolk-Sac-Flow-Data-and-Sim/gnn_clean/datasets/mosaic_graph_norm_canonical.gpickle --output-dir /mnt/home/sswee/yolk/Yolk-Sac-Flow-Data-and-Sim/gnn_clean/outputs_canonical_norm/dc/02_physics_weight_sweep/gnn --run-name q_10__k_0p1__delta_0p1 --preset solver_QKB_outer_QKBdelta --device cuda --epochs 100 --seed 0 --viscosity-pa-s 0.0035 --config /mnt/home/sswee/yolk/Yolk-Sac-Flow-Data-and-Sim/gnn_clean/outputs_canonical_norm/dc/02_physics_weight_sweep/_generated_configs/q_10__k_0p1__delta_0p1.yaml --no-pressure-detach
