[info] DC Step 2 canonical sweep uses fixed lambda_B=100.0 for both the outer boundary loss and the reduced pressure-solver boundary constraint.

GNN flow training:   0%|          | 0/100 [00:00<?, ?epoch/s]
GNN flow training:   0%|          | 0/100 [00:06<?, ?epoch/s, best=1.193e+01, sign=0.161, train=1.175e+01, val=1.193e+01]
GNN flow training:   1%|          | 1/100 [00:06<10:16,  6.23s/epoch, best=1.193e+01, sign=0.161, train=1.175e+01, val=1.193e+01]
GNN flow training:   1%|          | 1/100 [00:12<10:16,  6.23s/epoch, best=1.193e+01, sign=0.160, train=1.175e+01, val=1.189e+01]
GNN flow training:   2%|▏         | 2/100 [00:12<10:12,  6.25s/epoch, best=1.193e+01, sign=0.160, train=1.175e+01, val=1.189e+01]
GNN flow training:   2%|▏         | 2/100 [00:18<10:12,  6.25s/epoch, best=1.189e+01, sign=0.160, train=1.171e+01, val=1.190e+01]
GNN flow training:   3%|▎         | 3/100 [00:18<10:07,  6.27s/epoch, best=1.189e+01, sign=0.160, train=1.171e+01, val=1.190e+01]
GNN flow training:   3%|▎         | 3/100 [00:25<10:07,  6.27s/epoch, best=1.189e+01, sign=0.161, train=1.172e+01, val=1.189e+01]
GNN flow training:   4%|▍         | 4/100 [00:25<10:00,  6.26s/epoch, best=1.189e+01, sign=0.161, train=1.172e+01, val=1.189e+01]
GNN flow training:   4%|▍         | 4/100 [00:31<10:00,  6.26s/epoch, best=1.189e+01, sign=0.161, train=1.171e+01, val=1.187e+01]
GNN flow training:   5%|▌         | 5/100 [00:31<09:53,  6.25s/epoch, best=1.189e+01, sign=0.161, train=1.171e+01, val=1.187e+01]
GNN flow training:   5%|▌         | 5/100 [00:37<09:53,  6.25s/epoch, best=1.187e+01, sign=0.160, train=1.169e+01, val=1.187e+01]
GNN flow training:   6%|▌         | 6/100 [00:37<09:42,  6.20s/epoch, best=1.187e+01, sign=0.160, train=1.169e+01, val=1.187e+01]
GNN flow training:   6%|▌         | 6/100 [00:43<09:42,  6.20s/epoch, best=1.187e+01, sign=0.159, train=1.169e+01, val=1.187e+01]
GNN flow training:   7%|▋         | 7/100 [00:43<09:34,  6.18s/epoch, best=1.187e+01, sign=0.159, train=1.169e+01, val=1.187e+01]
GNN flow training:   7%|▋         | 7/100 [00:49<09:34,  6.18s/epoch, best=1.187e+01, sign=0.159, train=1.168e+01, val=1.186e+01]
GNN flow training:   8%|▊         | 8/100 [00:49<09:27,  6.17s/epoch, best=1.187e+01, sign=0.159, train=1.168e+01, val=1.186e+01]
GNN flow training:   8%|▊         | 8/100 [00:55<09:27,  6.17s/epoch, best=1.186e+01, sign=0.159, train=1.167e+01, val=1.190e+01]
GNN flow training:   9%|▉         | 9/100 [00:55<09:20,  6.16s/epoch, best=1.186e+01, sign=0.159, train=1.167e+01, val=1.190e+01]
GNN flow training:   9%|▉         | 9/100 [01:01<09:20,  6.16s/epoch, best=1.186e+01, sign=0.158, train=1.170e+01, val=1.190e+01]
GNN flow training:  10%|█         | 10/100 [01:01<09:13,  6.15s/epoch, best=1.186e+01, sign=0.158, train=1.170e+01, val=1.190e+01]
GNN flow training:  10%|█         | 10/100 [01:08<09:13,  6.15s/epoch, best=1.186e+01, sign=0.156, train=1.170e+01, val=1.194e+01]
GNN flow training:  11%|█         | 11/100 [01:08<09:06,  6.14s/epoch, best=1.186e+01, sign=0.156, train=1.170e+01, val=1.194e+01]
GNN flow training:  11%|█         | 11/100 [01:14<09:06,  6.14s/epoch, best=1.186e+01, sign=0.155, train=1.173e+01, val=1.193e+01]
GNN flow training:  12%|█▏        | 12/100 [01:14<09:00,  6.15s/epoch, best=1.186e+01, sign=0.155, train=1.173e+01, val=1.193e+01]
GNN flow training:  12%|█▏        | 12/100 [01:20<09:00,  6.15s/epoch, best=1.186e+01, sign=0.155, train=1.173e+01, val=1.195e+01]
GNN flow training:  13%|█▎        | 13/100 [01:20<08:54,  6.14s/epoch, best=1.186e+01, sign=0.155, train=1.173e+01, val=1.195e+01]
GNN flow training:  13%|█▎        | 13/100 [01:26<08:54,  6.14s/epoch, best=1.186e+01, sign=0.155, train=1.175e+01, val=1.196e+01]
GNN flow training:  14%|█▍        | 14/100 [01:26<08:47,  6.13s/epoch, best=1.186e+01, sign=0.155, train=1.175e+01, val=1.196e+01]
GNN flow training:  14%|█▍        | 14/100 [01:32<08:47,  6.13s/epoch, best=1.186e+01, sign=0.155, train=1.176e+01, val=1.195e+01]
GNN flow training:  15%|█▌        | 15/100 [01:32<08:40,  6.12s/epoch, best=1.186e+01, sign=0.155, train=1.176e+01, val=1.195e+01]
GNN flow training:  15%|█▌        | 15/100 [01:38<08:40,  6.12s/epoch, best=1.186e+01, sign=0.155, train=1.175e+01, val=1.190e+01]
GNN flow training:  16%|█▌        | 16/100 [01:38<08:34,  6.13s/epoch, best=1.186e+01, sign=0.155, train=1.175e+01, val=1.190e+01]
GNN flow training:  16%|█▌        | 16/100 [01:44<08:34,  6.13s/epoch, best=1.186e+01, sign=0.155, train=1.171e+01, val=1.179e+01]
GNN flow training:  17%|█▋        | 17/100 [01:44<08:29,  6.13s/epoch, best=1.186e+01, sign=0.155, train=1.171e+01, val=1.179e+01]
GNN flow training:  17%|█▋        | 17/100 [01:50<08:29,  6.13s/epoch, best=1.179e+01, sign=0.156, train=1.161e+01, val=1.180e+01]
GNN flow training:  18%|█▊        | 18/100 [01:50<08:23,  6.14s/epoch, best=1.179e+01, sign=0.156, train=1.161e+01, val=1.180e+01]
GNN flow training:  18%|█▊        | 18/100 [01:57<08:23,  6.14s/epoch, best=1.179e+01, sign=0.156, train=1.162e+01, val=1.181e+01]
GNN flow training:  19%|█▉        | 19/100 [01:57<08:15,  6.12s/epoch, best=1.179e+01, sign=0.156, train=1.162e+01, val=1.181e+01]
GNN flow training:  19%|█▉        | 19/100 [02:03<08:15,  6.12s/epoch, best=1.179e+01, sign=0.158, train=1.164e+01, val=1.177e+01]
GNN flow training:  20%|██        | 20/100 [02:03<08:09,  6.12s/epoch, best=1.179e+01, sign=0.158, train=1.164e+01, val=1.177e+01]
GNN flow training:  20%|██        | 20/100 [02:09<08:09,  6.12s/epoch, best=1.177e+01, sign=0.159, train=1.161e+01, val=1.170e+01]
GNN flow training:  21%|██        | 21/100 [02:09<08:02,  6.11s/epoch, best=1.177e+01, sign=0.159, train=1.161e+01, val=1.170e+01]
GNN flow training:  21%|██        | 21/100 [02:15<08:02,  6.11s/epoch, best=1.170e+01, sign=0.160, train=1.155e+01, val=1.167e+01]
GNN flow training:  22%|██▏       | 22/100 [02:15<07:57,  6.12s/epoch, best=1.170e+01, sign=0.160, train=1.155e+01, val=1.167e+01]
GNN flow training:  22%|██▏       | 22/100 [02:21<07:57,  6.12s/epoch, best=1.167e+01, sign=0.161, train=1.153e+01, val=1.168e+01]
GNN flow training:  23%|██▎       | 23/100 [02:21<07:51,  6.12s/epoch, best=1.167e+01, sign=0.161, train=1.153e+01, val=1.168e+01]
GNN flow training:  23%|██▎       | 23/100 [02:27<07:51,  6.12s/epoch, best=1.167e+01, sign=0.160, train=1.155e+01, val=1.168e+01]
GNN flow training:  24%|██▍       | 24/100 [02:27<07:44,  6.11s/epoch, best=1.167e+01, sign=0.160, train=1.155e+01, val=1.168e+01]
GNN flow training:  24%|██▍       | 24/100 [02:33<07:44,  6.11s/epoch, best=1.167e+01, sign=0.161, train=1.155e+01, val=1.171e+01]
GNN flow training:  25%|██▌       | 25/100 [02:33<07:38,  6.11s/epoch, best=1.167e+01, sign=0.161, train=1.155e+01, val=1.171e+01]
GNN flow training:  25%|██▌       | 25/100 [02:39<07:38,  6.11s/epoch, best=1.167e+01, sign=0.162, train=1.158e+01, val=1.172e+01]
GNN flow training:  26%|██▌       | 26/100 [02:39<07:33,  6.13s/epoch, best=1.167e+01, sign=0.162, train=1.158e+01, val=1.172e+01]
GNN flow training:  26%|██▌       | 26/100 [02:46<07:33,  6.13s/epoch, best=1.167e+01, sign=0.162, train=1.159e+01, val=1.172e+01]
GNN flow training:  27%|██▋       | 27/100 [02:46<07:27,  6.13s/epoch, best=1.167e+01, sign=0.162, train=1.159e+01, val=1.172e+01]
GNN flow training:  27%|██▋       | 27/100 [02:52<07:27,  6.13s/epoch, best=1.167e+01, sign=0.161, train=1.158e+01, val=1.172e+01]
GNN flow training:  28%|██▊       | 28/100 [02:52<07:21,  6.13s/epoch, best=1.167e+01, sign=0.161, train=1.158e+01, val=1.172e+01]
GNN flow training:  28%|██▊       | 28/100 [02:58<07:21,  6.13s/epoch, best=1.167e+01, sign=0.160, train=1.158e+01, val=1.170e+01]
GNN flow training:  29%|██▉       | 29/100 [02:58<07:13,  6.11s/epoch, best=1.167e+01, sign=0.160, train=1.158e+01, val=1.170e+01]
GNN flow training:  29%|██▉       | 29/100 [03:04<07:13,  6.11s/epoch, best=1.167e+01, sign=0.159, train=1.155e+01, val=1.168e+01]
GNN flow training:  30%|███       | 30/100 [03:04<07:07,  6.11s/epoch, best=1.167e+01, sign=0.159, train=1.155e+01, val=1.168e+01]
GNN flow training:  30%|███       | 30/100 [03:10<07:07,  6.11s/epoch, best=1.167e+01, sign=0.159, train=1.153e+01, val=1.167e+01]
GNN flow training:  31%|███       | 31/100 [03:10<07:03,  6.14s/epoch, best=1.167e+01, sign=0.159, train=1.153e+01, val=1.167e+01]
GNN flow training:  31%|███       | 31/100 [03:16<07:03,  6.14s/epoch, best=1.167e+01, sign=0.157, train=1.152e+01, val=1.165e+01]
GNN flow training:  32%|███▏      | 32/100 [03:16<06:58,  6.15s/epoch, best=1.167e+01, sign=0.157, train=1.152e+01, val=1.165e+01]
GNN flow training:  32%|███▏      | 32/100 [03:22<06:58,  6.15s/epoch, best=1.165e+01, sign=0.157, train=1.149e+01, val=1.164e+01]
GNN flow training:  33%|███▎      | 33/100 [03:22<06:53,  6.17s/epoch, best=1.165e+01, sign=0.157, train=1.149e+01, val=1.164e+01]
GNN flow training:  33%|███▎      | 33/100 [03:29<06:53,  6.17s/epoch, best=1.164e+01, sign=0.156, train=1.148e+01, val=1.162e+01]
GNN flow training:  34%|███▍      | 34/100 [03:29<06:45,  6.15s/epoch, best=1.164e+01, sign=0.156, train=1.148e+01, val=1.162e+01]
GNN flow training:  34%|███▍      | 34/100 [03:35<06:45,  6.15s/epoch, best=1.162e+01, sign=0.155, train=1.145e+01, val=1.164e+01]
GNN flow training:  35%|███▌      | 35/100 [03:35<06:39,  6.14s/epoch, best=1.162e+01, sign=0.155, train=1.145e+01, val=1.164e+01]
GNN flow training:  35%|███▌      | 35/100 [03:41<06:39,  6.14s/epoch, best=1.162e+01, sign=0.154, train=1.146e+01, val=1.161e+01]
GNN flow training:  36%|███▌      | 36/100 [03:41<06:33,  6.14s/epoch, best=1.162e+01, sign=0.154, train=1.146e+01, val=1.161e+01]
GNN flow training:  36%|███▌      | 36/100 [03:47<06:33,  6.14s/epoch, best=1.161e+01, sign=0.153, train=1.143e+01, val=1.163e+01]
GNN flow training:  37%|███▋      | 37/100 [03:47<06:26,  6.14s/epoch, best=1.161e+01, sign=0.153, train=1.143e+01, val=1.163e+01]
GNN flow training:  37%|███▋      | 37/100 [03:53<06:26,  6.14s/epoch, best=1.161e+01, sign=0.152, train=1.143e+01, val=1.165e+01]
GNN flow training:  38%|███▊      | 38/100 [03:53<06:21,  6.16s/epoch, best=1.161e+01, sign=0.152, train=1.143e+01, val=1.165e+01]
GNN flow training:  38%|███▊      | 38/100 [03:59<06:21,  6.16s/epoch, best=1.161e+01, sign=0.152, train=1.143e+01, val=1.165e+01]
GNN flow training:  39%|███▉      | 39/100 [03:59<06:14,  6.14s/epoch, best=1.161e+01, sign=0.152, train=1.143e+01, val=1.165e+01]
GNN flow training:  39%|███▉      | 39/100 [04:05<06:14,  6.14s/epoch, best=1.161e+01, sign=0.152, train=1.143e+01, val=1.164e+01]
GNN flow training:  40%|████      | 40/100 [04:05<06:08,  6.15s/epoch, best=1.161e+01, sign=0.152, train=1.143e+01, val=1.164e+01]
GNN flow training:  40%|████      | 40/100 [04:12<06:08,  6.15s/epoch, best=1.161e+01, sign=0.151, train=1.142e+01, val=1.155e+01]
GNN flow training:  41%|████      | 41/100 [04:12<06:03,  6.16s/epoch, best=1.161e+01, sign=0.151, train=1.142e+01, val=1.155e+01]
GNN flow training:  41%|████      | 41/100 [04:18<06:03,  6.16s/epoch, best=1.155e+01, sign=0.150, train=1.135e+01, val=1.144e+01]
GNN flow training:  42%|████▏     | 42/100 [04:18<05:58,  6.17s/epoch, best=1.155e+01, sign=0.150, train=1.135e+01, val=1.144e+01]
GNN flow training:  42%|████▏     | 42/100 [04:24<05:58,  6.17s/epoch, best=1.144e+01, sign=0.151, train=1.127e+01, val=1.136e+01]
GNN flow training:  43%|████▎     | 43/100 [04:24<05:50,  6.15s/epoch, best=1.144e+01, sign=0.151, train=1.127e+01, val=1.136e+01]
GNN flow training:  43%|████▎     | 43/100 [04:30<05:50,  6.15s/epoch, best=1.136e+01, sign=0.151, train=1.122e+01, val=1.131e+01]
GNN flow training:  44%|████▍     | 44/100 [04:30<05:44,  6.15s/epoch, best=1.136e+01, sign=0.151, train=1.122e+01, val=1.131e+01]
GNN flow training:  44%|████▍     | 44/100 [04:36<05:44,  6.15s/epoch, best=1.131e+01, sign=0.151, train=1.119e+01, val=1.128e+01]
GNN flow training:  45%|████▌     | 45/100 [04:36<05:37,  6.14s/epoch, best=1.131e+01, sign=0.151, train=1.119e+01, val=1.128e+01]
GNN flow training:  45%|████▌     | 45/100 [04:42<05:37,  6.14s/epoch, best=1.128e+01, sign=0.151, train=1.117e+01, val=1.128e+01]
GNN flow training:  46%|████▌     | 46/100 [04:42<05:30,  6.13s/epoch, best=1.128e+01, sign=0.151, train=1.117e+01, val=1.128e+01]
GNN flow training:  46%|████▌     | 46/100 [04:48<05:30,  6.13s/epoch, best=1.128e+01, sign=0.151, train=1.117e+01, val=1.124e+01]
GNN flow training:  47%|████▋     | 47/100 [04:48<05:24,  6.13s/epoch, best=1.128e+01, sign=0.151, train=1.117e+01, val=1.124e+01]
GNN flow training:  47%|████▋     | 47/100 [04:55<05:24,  6.13s/epoch, best=1.124e+01, sign=0.150, train=1.115e+01, val=1.125e+01]
GNN flow training:  48%|████▊     | 48/100 [04:55<05:19,  6.14s/epoch, best=1.124e+01, sign=0.150, train=1.115e+01, val=1.125e+01]
GNN flow training:  48%|████▊     | 48/100 [05:01<05:19,  6.14s/epoch, best=1.124e+01, sign=0.149, train=1.115e+01, val=1.124e+01]
GNN flow training:  49%|████▉     | 49/100 [05:01<05:12,  6.12s/epoch, best=1.124e+01, sign=0.149, train=1.115e+01, val=1.124e+01]
GNN flow training:  49%|████▉     | 49/100 [05:07<05:12,  6.12s/epoch, best=1.124e+01, sign=0.149, train=1.114e+01, val=1.120e+01]
GNN flow training:  50%|█████     | 50/100 [05:07<05:06,  6.13s/epoch, best=1.124e+01, sign=0.149, train=1.114e+01, val=1.120e+01]
GNN flow training:  50%|█████     | 50/100 [05:13<05:06,  6.13s/epoch, best=1.120e+01, sign=0.149, train=1.110e+01, val=1.116e+01]
GNN flow training:  51%|█████     | 51/100 [05:13<04:59,  6.12s/epoch, best=1.120e+01, sign=0.149, train=1.110e+01, val=1.116e+01]
GNN flow training:  51%|█████     | 51/100 [05:19<04:59,  6.12s/epoch, best=1.116e+01, sign=0.147, train=1.106e+01, val=1.117e+01]
GNN flow training:  52%|█████▏    | 52/100 [05:19<04:53,  6.11s/epoch, best=1.116e+01, sign=0.147, train=1.106e+01, val=1.117e+01]
GNN flow training:  52%|█████▏    | 52/100 [05:25<04:53,  6.11s/epoch, best=1.116e+01, sign=0.146, train=1.105e+01, val=1.121e+01]
GNN flow training:  53%|█████▎    | 53/100 [05:25<04:47,  6.13s/epoch, best=1.116e+01, sign=0.146, train=1.105e+01, val=1.121e+01]
GNN flow training:  53%|█████▎    | 53/100 [05:31<04:47,  6.13s/epoch, best=1.116e+01, sign=0.146, train=1.107e+01, val=1.128e+01]
GNN flow training:  54%|█████▍    | 54/100 [05:31<04:42,  6.13s/epoch, best=1.116e+01, sign=0.146, train=1.107e+01, val=1.128e+01]
GNN flow training:  54%|█████▍    | 54/100 [05:37<04:42,  6.13s/epoch, best=1.116e+01, sign=0.145, train=1.111e+01, val=1.133e+01]
GNN flow training:  55%|█████▌    | 55/100 [05:37<04:36,  6.14s/epoch, best=1.116e+01, sign=0.145, train=1.111e+01, val=1.133e+01]
GNN flow training:  55%|█████▌    | 55/100 [05:44<04:36,  6.14s/epoch, best=1.116e+01, sign=0.144, train=1.114e+01, val=1.125e+01]
GNN flow training:  56%|█████▌    | 56/100 [05:44<04:30,  6.14s/epoch, best=1.116e+01, sign=0.144, train=1.114e+01, val=1.125e+01]
GNN flow training:  56%|█████▌    | 56/100 [05:50<04:30,  6.14s/epoch, best=1.116e+01, sign=0.144, train=1.106e+01, val=1.118e+01]
GNN flow training:  57%|█████▋    | 57/100 [05:50<04:24,  6.14s/epoch, best=1.116e+01, sign=0.144, train=1.106e+01, val=1.118e+01]
GNN flow training:  57%|█████▋    | 57/100 [05:56<04:24,  6.14s/epoch, best=1.116e+01, sign=0.145, train=1.099e+01, val=1.110e+01]
GNN flow training:  58%|█████▊    | 58/100 [05:56<04:18,  6.16s/epoch, best=1.116e+01, sign=0.145, train=1.099e+01, val=1.110e+01]
GNN flow training:  58%|█████▊    | 58/100 [06:02<04:18,  6.16s/epoch, best=1.110e+01, sign=0.144, train=1.092e+01, val=1.111e+01]
GNN flow training:  59%|█████▉    | 59/100 [06:02<04:12,  6.16s/epoch, best=1.110e+01, sign=0.144, train=1.092e+01, val=1.111e+01]
GNN flow training:  59%|█████▉    | 59/100 [06:08<04:12,  6.16s/epoch, best=1.110e+01, sign=0.144, train=1.092e+01, val=1.112e+01]
GNN flow training:  60%|██████    | 60/100 [06:08<04:06,  6.16s/epoch, best=1.110e+01, sign=0.144, train=1.092e+01, val=1.112e+01]
GNN flow training:  60%|██████    | 60/100 [06:14<04:06,  6.16s/epoch, best=1.110e+01, sign=0.145, train=1.092e+01, val=1.112e+01]
GNN flow training:  61%|██████    | 61/100 [06:14<03:59,  6.15s/epoch, best=1.110e+01, sign=0.145, train=1.092e+01, val=1.112e+01]
GNN flow training:  61%|██████    | 61/100 [06:20<03:59,  6.15s/epoch, best=1.110e+01, sign=0.145, train=1.091e+01, val=1.108e+01]
GNN flow training:  62%|██████▏   | 62/100 [06:20<03:53,  6.14s/epoch, best=1.110e+01, sign=0.145, train=1.091e+01, val=1.108e+01]
GNN flow training:  62%|██████▏   | 62/100 [06:27<03:53,  6.14s/epoch, best=1.108e+01, sign=0.146, train=1.089e+01, val=1.106e+01]
GNN flow training:  63%|██████▎   | 63/100 [06:27<03:47,  6.14s/epoch, best=1.108e+01, sign=0.146, train=1.089e+01, val=1.106e+01]
GNN flow training:  63%|██████▎   | 63/100 [06:33<03:47,  6.14s/epoch, best=1.106e+01, sign=0.145, train=1.088e+01, val=1.103e+01]
GNN flow training:  64%|██████▍   | 64/100 [06:33<03:41,  6.15s/epoch, best=1.106e+01, sign=0.145, train=1.088e+01, val=1.103e+01]
GNN flow training:  64%|██████▍   | 64/100 [06:39<03:41,  6.15s/epoch, best=1.103e+01, sign=0.145, train=1.086e+01, val=1.102e+01]
GNN flow training:  65%|██████▌   | 65/100 [06:39<03:34,  6.13s/epoch, best=1.103e+01, sign=0.145, train=1.086e+01, val=1.102e+01]
GNN flow training:  65%|██████▌   | 65/100 [06:45<03:34,  6.13s/epoch, best=1.102e+01, sign=0.144, train=1.084e+01, val=1.102e+01]
GNN flow training:  66%|██████▌   | 66/100 [06:45<03:28,  6.13s/epoch, best=1.102e+01, sign=0.144, train=1.084e+01, val=1.102e+01]
GNN flow training:  66%|██████▌   | 66/100 [06:51<03:28,  6.13s/epoch, best=1.102e+01, sign=0.144, train=1.084e+01, val=1.103e+01]
GNN flow training:  67%|██████▋   | 67/100 [06:51<03:23,  6.16s/epoch, best=1.102e+01, sign=0.144, train=1.084e+01, val=1.103e+01]
GNN flow training:  67%|██████▋   | 67/100 [06:57<03:23,  6.16s/epoch, best=1.102e+01, sign=0.143, train=1.084e+01, val=1.103e+01]
GNN flow training:  68%|██████▊   | 68/100 [06:57<03:17,  6.17s/epoch, best=1.102e+01, sign=0.143, train=1.084e+01, val=1.103e+01]
GNN flow training:  68%|██████▊   | 68/100 [07:04<03:17,  6.17s/epoch, best=1.102e+01, sign=0.142, train=1.083e+01, val=1.101e+01]
GNN flow training:  69%|██████▉   | 69/100 [07:04<03:11,  6.17s/epoch, best=1.102e+01, sign=0.142, train=1.083e+01, val=1.101e+01]
GNN flow training:  69%|██████▉   | 69/100 [07:10<03:11,  6.17s/epoch, best=1.101e+01, sign=0.143, train=1.080e+01, val=1.095e+01]
GNN flow training:  70%|███████   | 70/100 [07:10<03:04,  6.15s/epoch, best=1.101e+01, sign=0.143, train=1.080e+01, val=1.095e+01]
GNN flow training:  70%|███████   | 70/100 [07:16<03:04,  6.15s/epoch, best=1.095e+01, sign=0.144, train=1.075e+01, val=1.090e+01]
GNN flow training:  71%|███████   | 71/100 [07:16<02:57,  6.14s/epoch, best=1.095e+01, sign=0.144, train=1.075e+01, val=1.090e+01]
GNN flow training:  71%|███████   | 71/100 [07:22<02:57,  6.14s/epoch, best=1.090e+01, sign=0.144, train=1.073e+01, val=1.089e+01]
GNN flow training:  72%|███████▏  | 72/100 [07:22<02:51,  6.11s/epoch, best=1.090e+01, sign=0.144, train=1.073e+01, val=1.089e+01]
GNN flow training:  72%|███████▏  | 72/100 [07:28<02:51,  6.11s/epoch, best=1.089e+01, sign=0.144, train=1.072e+01, val=1.088e+01]
GNN flow training:  73%|███████▎  | 73/100 [07:28<02:45,  6.12s/epoch, best=1.089e+01, sign=0.144, train=1.072e+01, val=1.088e+01]
GNN flow training:  73%|███████▎  | 73/100 [07:34<02:45,  6.12s/epoch, best=1.088e+01, sign=0.143, train=1.072e+01, val=1.089e+01]
GNN flow training:  74%|███████▍  | 74/100 [07:34<02:38,  6.11s/epoch, best=1.088e+01, sign=0.143, train=1.072e+01, val=1.089e+01]
GNN flow training:  74%|███████▍  | 74/100 [07:40<02:38,  6.11s/epoch, best=1.088e+01, sign=0.143, train=1.074e+01, val=1.090e+01]
GNN flow training:  75%|███████▌  | 75/100 [07:40<02:32,  6.08s/epoch, best=1.088e+01, sign=0.143, train=1.074e+01, val=1.090e+01]
GNN flow training:  75%|███████▌  | 75/100 [07:46<02:32,  6.08s/epoch, best=1.088e+01, sign=0.142, train=1.074e+01, val=1.093e+01]
GNN flow training:  76%|███████▌  | 76/100 [07:46<02:26,  6.09s/epoch, best=1.088e+01, sign=0.142, train=1.074e+01, val=1.093e+01]
GNN flow training:  76%|███████▌  | 76/100 [07:52<02:26,  6.09s/epoch, best=1.088e+01, sign=0.141, train=1.074e+01, val=1.092e+01]
GNN flow training:  77%|███████▋  | 77/100 [07:52<02:19,  6.08s/epoch, best=1.088e+01, sign=0.141, train=1.074e+01, val=1.092e+01]
GNN flow training:  77%|███████▋  | 77/100 [07:58<02:19,  6.08s/epoch, best=1.088e+01, sign=0.141, train=1.071e+01, val=1.092e+01]
GNN flow training:  78%|███████▊  | 78/100 [07:58<02:13,  6.09s/epoch, best=1.088e+01, sign=0.141, train=1.071e+01, val=1.092e+01]
GNN flow training:  78%|███████▊  | 78/100 [08:04<02:13,  6.09s/epoch, best=1.088e+01, sign=0.141, train=1.068e+01, val=1.095e+01]
GNN flow training:  79%|███████▉  | 79/100 [08:04<02:07,  6.09s/epoch, best=1.088e+01, sign=0.141, train=1.068e+01, val=1.095e+01]
GNN flow training:  79%|███████▉  | 79/100 [08:11<02:07,  6.09s/epoch, best=1.088e+01, sign=0.141, train=1.067e+01, val=1.093e+01]
GNN flow training:  80%|████████  | 80/100 [08:11<02:01,  6.09s/epoch, best=1.088e+01, sign=0.141, train=1.067e+01, val=1.093e+01]
GNN flow training:  80%|████████  | 80/100 [08:17<02:01,  6.09s/epoch, best=1.088e+01, sign=0.141, train=1.063e+01, val=1.092e+01]
GNN flow training:  81%|████████  | 81/100 [08:17<01:55,  6.09s/epoch, best=1.088e+01, sign=0.141, train=1.063e+01, val=1.092e+01]
GNN flow training:  81%|████████  | 81/100 [08:23<01:55,  6.09s/epoch, best=1.088e+01, sign=0.141, train=1.062e+01, val=1.088e+01]
GNN flow training:  82%|████████▏ | 82/100 [08:23<01:49,  6.08s/epoch, best=1.088e+01, sign=0.141, train=1.062e+01, val=1.088e+01]
GNN flow training:  82%|████████▏ | 82/100 [08:29<01:49,  6.08s/epoch, best=1.088e+01, sign=0.141, train=1.058e+01, val=1.087e+01]
GNN flow training:  83%|████████▎ | 83/100 [08:29<01:43,  6.09s/epoch, best=1.088e+01, sign=0.141, train=1.058e+01, val=1.087e+01]
GNN flow training:  83%|████████▎ | 83/100 [08:35<01:43,  6.09s/epoch, best=1.087e+01, sign=0.141, train=1.056e+01, val=1.086e+01]
GNN flow training:  84%|████████▍ | 84/100 [08:35<01:37,  6.09s/epoch, best=1.087e+01, sign=0.141, train=1.056e+01, val=1.086e+01]
GNN flow training:  84%|████████▍ | 84/100 [08:41<01:37,  6.09s/epoch, best=1.086e+01, sign=0.142, train=1.055e+01, val=1.087e+01]
GNN flow training:  85%|████████▌ | 85/100 [08:41<01:31,  6.09s/epoch, best=1.086e+01, sign=0.142, train=1.055e+01, val=1.087e+01]
GNN flow training:  85%|████████▌ | 85/100 [08:47<01:31,  6.09s/epoch, best=1.086e+01, sign=0.142, train=1.054e+01, val=1.086e+01]
GNN flow training:  86%|████████▌ | 86/100 [08:47<01:25,  6.11s/epoch, best=1.086e+01, sign=0.142, train=1.054e+01, val=1.086e+01]
GNN flow training:  86%|████████▌ | 86/100 [08:53<01:25,  6.11s/epoch, best=1.086e+01, sign=0.143, train=1.052e+01, val=1.085e+01]
GNN flow training:  87%|████████▋ | 87/100 [08:53<01:19,  6.13s/epoch, best=1.086e+01, sign=0.143, train=1.052e+01, val=1.085e+01]
GNN flow training:  87%|████████▋ | 87/100 [08:59<01:19,  6.13s/epoch, best=1.085e+01, sign=0.142, train=1.051e+01, val=1.084e+01]
GNN flow training:  88%|████████▊ | 88/100 [08:59<01:13,  6.13s/epoch, best=1.085e+01, sign=0.142, train=1.051e+01, val=1.084e+01]
GNN flow training:  88%|████████▊ | 88/100 [09:06<01:13,  6.13s/epoch, best=1.084e+01, sign=0.142, train=1.050e+01, val=1.083e+01]
GNN flow training:  89%|████████▉ | 89/100 [09:06<01:07,  6.14s/epoch, best=1.084e+01, sign=0.142, train=1.050e+01, val=1.083e+01]
GNN flow training:  89%|████████▉ | 89/100 [09:12<01:07,  6.14s/epoch, best=1.083e+01, sign=0.142, train=1.050e+01, val=1.083e+01]
GNN flow training:  90%|█████████ | 90/100 [09:12<01:01,  6.13s/epoch, best=1.083e+01, sign=0.142, train=1.050e+01, val=1.083e+01]
GNN flow training:  90%|█████████ | 90/100 [09:18<01:01,  6.13s/epoch, best=1.083e+01, sign=0.141, train=1.049e+01, val=1.077e+01]
GNN flow training:  91%|█████████ | 91/100 [09:18<00:55,  6.13s/epoch, best=1.083e+01, sign=0.141, train=1.049e+01, val=1.077e+01]
GNN flow training:  91%|█████████ | 91/100 [09:24<00:55,  6.13s/epoch, best=1.077e+01, sign=0.140, train=1.046e+01, val=1.069e+01]
GNN flow training:  92%|█████████▏| 92/100 [09:24<00:48,  6.12s/epoch, best=1.077e+01, sign=0.140, train=1.046e+01, val=1.069e+01]
GNN flow training:  92%|█████████▏| 92/100 [09:30<00:48,  6.12s/epoch, best=1.069e+01, sign=0.141, train=1.040e+01, val=1.064e+01]
GNN flow training:  93%|█████████▎| 93/100 [09:30<00:42,  6.12s/epoch, best=1.069e+01, sign=0.141, train=1.040e+01, val=1.064e+01]
GNN flow training:  93%|█████████▎| 93/100 [09:36<00:42,  6.12s/epoch, best=1.064e+01, sign=0.140, train=1.036e+01, val=1.058e+01]
GNN flow training:  94%|█████████▍| 94/100 [09:36<00:36,  6.12s/epoch, best=1.064e+01, sign=0.140, train=1.036e+01, val=1.058e+01]
GNN flow training:  94%|█████████▍| 94/100 [09:42<00:36,  6.12s/epoch, best=1.058e+01, sign=0.139, train=1.032e+01, val=1.055e+01]
GNN flow training:  95%|█████████▌| 95/100 [09:42<00:30,  6.13s/epoch, best=1.058e+01, sign=0.139, train=1.032e+01, val=1.055e+01]
GNN flow training:  95%|█████████▌| 95/100 [09:48<00:30,  6.13s/epoch, best=1.055e+01, sign=0.139, train=1.029e+01, val=1.051e+01]
GNN flow training:  96%|█████████▌| 96/100 [09:48<00:24,  6.13s/epoch, best=1.055e+01, sign=0.139, train=1.029e+01, val=1.051e+01]
GNN flow training:  96%|█████████▌| 96/100 [09:55<00:24,  6.13s/epoch, best=1.051e+01, sign=0.139, train=1.026e+01, val=1.049e+01]
GNN flow training:  97%|█████████▋| 97/100 [09:55<00:18,  6.13s/epoch, best=1.051e+01, sign=0.139, train=1.026e+01, val=1.049e+01]
GNN flow training:  97%|█████████▋| 97/100 [10:01<00:18,  6.13s/epoch, best=1.049e+01, sign=0.139, train=1.024e+01, val=1.050e+01]
GNN flow training:  98%|█████████▊| 98/100 [10:01<00:12,  6.14s/epoch, best=1.049e+01, sign=0.139, train=1.024e+01, val=1.050e+01]
GNN flow training:  98%|█████████▊| 98/100 [10:07<00:12,  6.14s/epoch, best=1.049e+01, sign=0.139, train=1.024e+01, val=1.051e+01]
GNN flow training:  99%|█████████▉| 99/100 [10:07<00:06,  6.16s/epoch, best=1.049e+01, sign=0.139, train=1.024e+01, val=1.051e+01]
GNN flow training:  99%|█████████▉| 99/100 [10:13<00:06,  6.16s/epoch, best=1.049e+01, sign=0.139, train=1.025e+01, val=1.052e+01]
GNN flow training: 100%|██████████| 100/100 [10:13<00:00,  6.16s/epoch, best=1.049e+01, sign=0.139, train=1.025e+01, val=1.052e+01]
GNN flow training: 100%|██████████| 100/100 [10:13<00:00,  6.14s/epoch, best=1.049e+01, sign=0.139, train=1.025e+01, val=1.052e+01]
Resolved config snapshot:
{'preset': 'solver_QKB_outer_QKBdelta', 'gnn_outer_losses': {'flow': 100.0, 'kirchhoff': 1.0, 'boundary': 100.0, 'delta_l2': 100.0, 'delta_smooth': 0.0, 'pressure_shape': 0.0}, 'physics': {'arterial_flow_mode': 'dataset', 'pressure_constraints': ['equal-a-equal-v'], 'alpha_pa': None, 'use_snr_weights': True, 'use_observed_flow_snr_weighting': True, 'flow_scale_mode': 'median_abs', 'solver_device': 'same', 'pressure_solver_mode': 'reduced-soft-constrained-lstsq', 'pressure_solver_lambda_kirchhoff': 1.0, 'pressure_solver_lambda_pressure_constraints': 100.0, 'pressure_solver_lambda_flow_residual': 1.0, 'pressure_shape_reference': 'delta_zero_reference', 'pressure_detach': False}, 'correction_bounds': {'correction_min': -0.5, 'correction_max': 0.5, 'correction_bound': 0.5, 'correction_parameterization': 'tanh'}, 'optimization': {'learning_rate': 0.001, 'weight_decay': 0.0001, 'gradient_clip_norm': 5.0, 'optimizer': 'adamw', 'epochs': 100, 'patience': 40}}
Shard 56/80: 1 of 80 runs
Command: /mnt/home/sswee/miniforge3/envs/yolk-sac/bin/python /mnt/home/sswee/yolk/Yolk-Sac-Flow-Data-and-Sim/gnn_clean/scripts/python/gnn_flow.py /mnt/home/sswee/yolk/Yolk-Sac-Flow-Data-and-Sim/gnn_clean/datasets/mosaic_graph_norm_canonical.gpickle --output-dir /mnt/home/sswee/yolk/Yolk-Sac-Flow-Data-and-Sim/gnn_clean/outputs_canonical_norm/dc/02_physics_weight_sweep/gnn --run-name q_100__k_1__delta_100 --preset solver_QKB_outer_QKBdelta --device cuda --epochs 100 --seed 0 --viscosity-pa-s 0.0035 --config /mnt/home/sswee/yolk/Yolk-Sac-Flow-Data-and-Sim/gnn_clean/outputs_canonical_norm/dc/02_physics_weight_sweep/_generated_configs/q_100__k_1__delta_100.yaml --no-pressure-detach
