[info] DC Step 2 canonical sweep uses fixed lambda_B=100.0 for both the outer boundary loss and the reduced pressure-solver boundary constraint.

GNN flow training:   0%|          | 0/100 [00:00<?, ?epoch/s]
GNN flow training:   0%|          | 0/100 [00:06<?, ?epoch/s, best=1.767e-01, sign=0.161, train=1.762e-01, val=1.767e-01]
GNN flow training:   1%|          | 1/100 [00:06<10:23,  6.30s/epoch, best=1.767e-01, sign=0.161, train=1.762e-01, val=1.767e-01]
GNN flow training:   1%|          | 1/100 [00:12<10:23,  6.30s/epoch, best=1.767e-01, sign=0.161, train=1.765e-01, val=1.767e-01]
GNN flow training:   2%|▏         | 2/100 [00:12<10:08,  6.20s/epoch, best=1.767e-01, sign=0.161, train=1.765e-01, val=1.767e-01]
GNN flow training:   2%|▏         | 2/100 [00:18<10:08,  6.20s/epoch, best=1.767e-01, sign=0.161, train=1.766e-01, val=1.765e-01]
GNN flow training:   3%|▎         | 3/100 [00:18<09:55,  6.14s/epoch, best=1.767e-01, sign=0.161, train=1.766e-01, val=1.765e-01]
GNN flow training:   3%|▎         | 3/100 [00:24<09:55,  6.14s/epoch, best=1.765e-01, sign=0.161, train=1.763e-01, val=1.769e-01]
GNN flow training:   4%|▍         | 4/100 [00:24<09:47,  6.12s/epoch, best=1.765e-01, sign=0.161, train=1.763e-01, val=1.769e-01]
GNN flow training:   4%|▍         | 4/100 [00:30<09:47,  6.12s/epoch, best=1.765e-01, sign=0.161, train=1.767e-01, val=1.764e-01]
GNN flow training:   5%|▌         | 5/100 [00:30<09:44,  6.16s/epoch, best=1.765e-01, sign=0.161, train=1.767e-01, val=1.764e-01]
GNN flow training:   5%|▌         | 5/100 [00:36<09:44,  6.16s/epoch, best=1.764e-01, sign=0.161, train=1.762e-01, val=1.765e-01]
GNN flow training:   6%|▌         | 6/100 [00:36<09:36,  6.13s/epoch, best=1.764e-01, sign=0.161, train=1.762e-01, val=1.765e-01]
GNN flow training:   6%|▌         | 6/100 [00:42<09:36,  6.13s/epoch, best=1.764e-01, sign=0.161, train=1.763e-01, val=1.765e-01]
GNN flow training:   7%|▋         | 7/100 [00:42<09:28,  6.11s/epoch, best=1.764e-01, sign=0.161, train=1.763e-01, val=1.765e-01]
GNN flow training:   7%|▋         | 7/100 [00:49<09:28,  6.11s/epoch, best=1.764e-01, sign=0.161, train=1.763e-01, val=1.767e-01]
GNN flow training:   8%|▊         | 8/100 [00:49<09:21,  6.10s/epoch, best=1.764e-01, sign=0.161, train=1.763e-01, val=1.767e-01]
GNN flow training:   8%|▊         | 8/100 [00:55<09:21,  6.10s/epoch, best=1.764e-01, sign=0.161, train=1.765e-01, val=1.767e-01]
GNN flow training:   9%|▉         | 9/100 [00:55<09:15,  6.11s/epoch, best=1.764e-01, sign=0.161, train=1.765e-01, val=1.767e-01]
GNN flow training:   9%|▉         | 9/100 [01:01<09:15,  6.11s/epoch, best=1.764e-01, sign=0.161, train=1.765e-01, val=1.765e-01]
GNN flow training:  10%|█         | 10/100 [01:01<09:11,  6.12s/epoch, best=1.764e-01, sign=0.161, train=1.765e-01, val=1.765e-01]
GNN flow training:  10%|█         | 10/100 [01:07<09:11,  6.12s/epoch, best=1.764e-01, sign=0.161, train=1.764e-01, val=1.766e-01]
GNN flow training:  11%|█         | 11/100 [01:07<09:06,  6.14s/epoch, best=1.764e-01, sign=0.161, train=1.764e-01, val=1.766e-01]
GNN flow training:  11%|█         | 11/100 [01:13<09:06,  6.14s/epoch, best=1.764e-01, sign=0.161, train=1.764e-01, val=1.766e-01]
GNN flow training:  12%|█▏        | 12/100 [01:13<08:59,  6.13s/epoch, best=1.764e-01, sign=0.161, train=1.764e-01, val=1.766e-01]
GNN flow training:  12%|█▏        | 12/100 [01:19<08:59,  6.13s/epoch, best=1.764e-01, sign=0.161, train=1.764e-01, val=1.765e-01]
GNN flow training:  13%|█▎        | 13/100 [01:19<08:55,  6.15s/epoch, best=1.764e-01, sign=0.161, train=1.764e-01, val=1.765e-01]
GNN flow training:  13%|█▎        | 13/100 [01:25<08:55,  6.15s/epoch, best=1.764e-01, sign=0.161, train=1.763e-01, val=1.764e-01]
GNN flow training:  14%|█▍        | 14/100 [01:25<08:47,  6.14s/epoch, best=1.764e-01, sign=0.161, train=1.763e-01, val=1.764e-01]
GNN flow training:  14%|█▍        | 14/100 [01:32<08:47,  6.14s/epoch, best=1.764e-01, sign=0.161, train=1.763e-01, val=1.762e-01]
GNN flow training:  15%|█▌        | 15/100 [01:32<08:41,  6.14s/epoch, best=1.764e-01, sign=0.161, train=1.763e-01, val=1.762e-01]
GNN flow training:  15%|█▌        | 15/100 [01:38<08:41,  6.14s/epoch, best=1.762e-01, sign=0.161, train=1.761e-01, val=1.763e-01]
GNN flow training:  16%|█▌        | 16/100 [01:38<08:35,  6.13s/epoch, best=1.762e-01, sign=0.161, train=1.761e-01, val=1.763e-01]
GNN flow training:  16%|█▌        | 16/100 [01:44<08:35,  6.13s/epoch, best=1.762e-01, sign=0.161, train=1.761e-01, val=1.763e-01]
GNN flow training:  17%|█▋        | 17/100 [01:44<08:27,  6.11s/epoch, best=1.762e-01, sign=0.161, train=1.761e-01, val=1.763e-01]
GNN flow training:  17%|█▋        | 17/100 [01:50<08:27,  6.11s/epoch, best=1.762e-01, sign=0.161, train=1.761e-01, val=1.762e-01]
GNN flow training:  18%|█▊        | 18/100 [01:50<08:21,  6.12s/epoch, best=1.762e-01, sign=0.161, train=1.761e-01, val=1.762e-01]
GNN flow training:  18%|█▊        | 18/100 [01:56<08:21,  6.12s/epoch, best=1.762e-01, sign=0.161, train=1.761e-01, val=1.762e-01]
GNN flow training:  19%|█▉        | 19/100 [01:56<08:16,  6.13s/epoch, best=1.762e-01, sign=0.161, train=1.761e-01, val=1.762e-01]
GNN flow training:  19%|█▉        | 19/100 [02:02<08:16,  6.13s/epoch, best=1.762e-01, sign=0.161, train=1.760e-01, val=1.762e-01]
GNN flow training:  20%|██        | 20/100 [02:02<08:10,  6.13s/epoch, best=1.762e-01, sign=0.161, train=1.760e-01, val=1.762e-01]
GNN flow training:  20%|██        | 20/100 [02:08<08:10,  6.13s/epoch, best=1.762e-01, sign=0.161, train=1.760e-01, val=1.762e-01]
GNN flow training:  21%|██        | 21/100 [02:08<08:06,  6.16s/epoch, best=1.762e-01, sign=0.161, train=1.760e-01, val=1.762e-01]
GNN flow training:  21%|██        | 21/100 [02:14<08:06,  6.16s/epoch, best=1.762e-01, sign=0.161, train=1.760e-01, val=1.761e-01]
GNN flow training:  22%|██▏       | 22/100 [02:14<07:59,  6.14s/epoch, best=1.762e-01, sign=0.161, train=1.760e-01, val=1.761e-01]
GNN flow training:  22%|██▏       | 22/100 [02:21<07:59,  6.14s/epoch, best=1.761e-01, sign=0.161, train=1.759e-01, val=1.761e-01]
GNN flow training:  23%|██▎       | 23/100 [02:21<07:52,  6.14s/epoch, best=1.761e-01, sign=0.161, train=1.759e-01, val=1.761e-01]
GNN flow training:  23%|██▎       | 23/100 [02:27<07:52,  6.14s/epoch, best=1.761e-01, sign=0.161, train=1.759e-01, val=1.761e-01]
GNN flow training:  24%|██▍       | 24/100 [02:27<07:46,  6.14s/epoch, best=1.761e-01, sign=0.161, train=1.759e-01, val=1.761e-01]
GNN flow training:  24%|██▍       | 24/100 [02:33<07:46,  6.14s/epoch, best=1.761e-01, sign=0.161, train=1.759e-01, val=1.761e-01]
GNN flow training:  25%|██▌       | 25/100 [02:33<07:40,  6.14s/epoch, best=1.761e-01, sign=0.161, train=1.759e-01, val=1.761e-01]
GNN flow training:  25%|██▌       | 25/100 [02:39<07:40,  6.14s/epoch, best=1.761e-01, sign=0.161, train=1.759e-01, val=1.761e-01]
GNN flow training:  26%|██▌       | 26/100 [02:39<07:33,  6.13s/epoch, best=1.761e-01, sign=0.161, train=1.759e-01, val=1.761e-01]
GNN flow training:  26%|██▌       | 26/100 [02:45<07:33,  6.13s/epoch, best=1.761e-01, sign=0.161, train=1.759e-01, val=1.761e-01]
GNN flow training:  27%|██▋       | 27/100 [02:45<07:29,  6.15s/epoch, best=1.761e-01, sign=0.161, train=1.759e-01, val=1.761e-01]
GNN flow training:  27%|██▋       | 27/100 [02:51<07:29,  6.15s/epoch, best=1.761e-01, sign=0.161, train=1.759e-01, val=1.761e-01]
GNN flow training:  28%|██▊       | 28/100 [02:51<07:22,  6.14s/epoch, best=1.761e-01, sign=0.161, train=1.759e-01, val=1.761e-01]
GNN flow training:  28%|██▊       | 28/100 [02:58<07:22,  6.14s/epoch, best=1.761e-01, sign=0.161, train=1.759e-01, val=1.761e-01]
GNN flow training:  29%|██▉       | 29/100 [02:58<07:17,  6.16s/epoch, best=1.761e-01, sign=0.161, train=1.759e-01, val=1.761e-01]
GNN flow training:  29%|██▉       | 29/100 [03:04<07:17,  6.16s/epoch, best=1.761e-01, sign=0.161, train=1.759e-01, val=1.761e-01]
GNN flow training:  30%|███       | 30/100 [03:04<07:10,  6.15s/epoch, best=1.761e-01, sign=0.161, train=1.759e-01, val=1.761e-01]
GNN flow training:  30%|███       | 30/100 [03:10<07:10,  6.15s/epoch, best=1.761e-01, sign=0.161, train=1.759e-01, val=1.761e-01]
GNN flow training:  31%|███       | 31/100 [03:10<07:04,  6.15s/epoch, best=1.761e-01, sign=0.161, train=1.759e-01, val=1.761e-01]
GNN flow training:  31%|███       | 31/100 [03:16<07:04,  6.15s/epoch, best=1.761e-01, sign=0.161, train=1.759e-01, val=1.761e-01]
GNN flow training:  32%|███▏      | 32/100 [03:16<06:59,  6.17s/epoch, best=1.761e-01, sign=0.161, train=1.759e-01, val=1.761e-01]
GNN flow training:  32%|███▏      | 32/100 [03:22<06:59,  6.17s/epoch, best=1.761e-01, sign=0.161, train=1.759e-01, val=1.761e-01]
GNN flow training:  33%|███▎      | 33/100 [03:22<06:55,  6.19s/epoch, best=1.761e-01, sign=0.161, train=1.759e-01, val=1.761e-01]
GNN flow training:  33%|███▎      | 33/100 [03:28<06:55,  6.19s/epoch, best=1.761e-01, sign=0.161, train=1.759e-01, val=1.761e-01]
GNN flow training:  34%|███▍      | 34/100 [03:28<06:47,  6.17s/epoch, best=1.761e-01, sign=0.161, train=1.759e-01, val=1.761e-01]
GNN flow training:  34%|███▍      | 34/100 [03:35<06:47,  6.17s/epoch, best=1.761e-01, sign=0.161, train=1.759e-01, val=1.760e-01]
GNN flow training:  35%|███▌      | 35/100 [03:35<06:39,  6.15s/epoch, best=1.761e-01, sign=0.161, train=1.759e-01, val=1.760e-01]
GNN flow training:  35%|███▌      | 35/100 [03:41<06:39,  6.15s/epoch, best=1.760e-01, sign=0.161, train=1.758e-01, val=1.760e-01]
GNN flow training:  36%|███▌      | 36/100 [03:41<06:32,  6.13s/epoch, best=1.760e-01, sign=0.161, train=1.758e-01, val=1.760e-01]
GNN flow training:  36%|███▌      | 36/100 [03:47<06:32,  6.13s/epoch, best=1.760e-01, sign=0.161, train=1.759e-01, val=1.760e-01]
GNN flow training:  37%|███▋      | 37/100 [03:47<06:27,  6.15s/epoch, best=1.760e-01, sign=0.161, train=1.759e-01, val=1.760e-01]
GNN flow training:  37%|███▋      | 37/100 [03:53<06:27,  6.15s/epoch, best=1.760e-01, sign=0.161, train=1.758e-01, val=1.760e-01]
GNN flow training:  38%|███▊      | 38/100 [03:53<06:20,  6.13s/epoch, best=1.760e-01, sign=0.161, train=1.758e-01, val=1.760e-01]
GNN flow training:  38%|███▊      | 38/100 [03:59<06:20,  6.13s/epoch, best=1.760e-01, sign=0.161, train=1.758e-01, val=1.760e-01]
GNN flow training:  39%|███▉      | 39/100 [03:59<06:15,  6.15s/epoch, best=1.760e-01, sign=0.161, train=1.758e-01, val=1.760e-01]
GNN flow training:  39%|███▉      | 39/100 [04:05<06:15,  6.15s/epoch, best=1.760e-01, sign=0.161, train=1.758e-01, val=1.760e-01]
GNN flow training:  40%|████      | 40/100 [04:05<06:08,  6.15s/epoch, best=1.760e-01, sign=0.161, train=1.758e-01, val=1.760e-01]
GNN flow training:  40%|████      | 40/100 [04:11<06:08,  6.15s/epoch, best=1.760e-01, sign=0.161, train=1.758e-01, val=1.760e-01]
GNN flow training:  41%|████      | 41/100 [04:11<06:01,  6.13s/epoch, best=1.760e-01, sign=0.161, train=1.758e-01, val=1.760e-01]
GNN flow training:  41%|████      | 41/100 [04:17<06:01,  6.13s/epoch, best=1.760e-01, sign=0.161, train=1.758e-01, val=1.760e-01]
GNN flow training:  42%|████▏     | 42/100 [04:17<05:56,  6.15s/epoch, best=1.760e-01, sign=0.161, train=1.758e-01, val=1.760e-01]
GNN flow training:  42%|████▏     | 42/100 [04:24<05:56,  6.15s/epoch, best=1.760e-01, sign=0.161, train=1.758e-01, val=1.760e-01]
GNN flow training:  43%|████▎     | 43/100 [04:24<05:50,  6.15s/epoch, best=1.760e-01, sign=0.161, train=1.758e-01, val=1.760e-01]
GNN flow training:  43%|████▎     | 43/100 [04:30<05:50,  6.15s/epoch, best=1.760e-01, sign=0.161, train=1.758e-01, val=1.760e-01]
GNN flow training:  44%|████▍     | 44/100 [04:30<05:44,  6.15s/epoch, best=1.760e-01, sign=0.161, train=1.758e-01, val=1.760e-01]
GNN flow training:  44%|████▍     | 44/100 [04:36<05:44,  6.15s/epoch, best=1.760e-01, sign=0.161, train=1.758e-01, val=1.760e-01]
GNN flow training:  45%|████▌     | 45/100 [04:36<05:37,  6.14s/epoch, best=1.760e-01, sign=0.161, train=1.758e-01, val=1.760e-01]
GNN flow training:  45%|████▌     | 45/100 [04:42<05:37,  6.14s/epoch, best=1.760e-01, sign=0.161, train=1.758e-01, val=1.760e-01]
GNN flow training:  46%|████▌     | 46/100 [04:42<05:30,  6.13s/epoch, best=1.760e-01, sign=0.161, train=1.758e-01, val=1.760e-01]
GNN flow training:  46%|████▌     | 46/100 [04:48<05:30,  6.13s/epoch, best=1.760e-01, sign=0.161, train=1.758e-01, val=1.760e-01]
GNN flow training:  47%|████▋     | 47/100 [04:48<05:26,  6.15s/epoch, best=1.760e-01, sign=0.161, train=1.758e-01, val=1.760e-01]
GNN flow training:  47%|████▋     | 47/100 [04:54<05:26,  6.15s/epoch, best=1.760e-01, sign=0.161, train=1.758e-01, val=1.760e-01]
GNN flow training:  48%|████▊     | 48/100 [04:54<05:19,  6.14s/epoch, best=1.760e-01, sign=0.161, train=1.758e-01, val=1.760e-01]
GNN flow training:  48%|████▊     | 48/100 [05:00<05:19,  6.14s/epoch, best=1.760e-01, sign=0.161, train=1.758e-01, val=1.759e-01]
GNN flow training:  49%|████▉     | 49/100 [05:00<05:13,  6.14s/epoch, best=1.760e-01, sign=0.161, train=1.758e-01, val=1.759e-01]
GNN flow training:  49%|████▉     | 49/100 [05:07<05:13,  6.14s/epoch, best=1.759e-01, sign=0.161, train=1.757e-01, val=1.760e-01]
GNN flow training:  50%|█████     | 50/100 [05:07<05:07,  6.15s/epoch, best=1.759e-01, sign=0.161, train=1.757e-01, val=1.760e-01]
GNN flow training:  50%|█████     | 50/100 [05:13<05:07,  6.15s/epoch, best=1.759e-01, sign=0.161, train=1.758e-01, val=1.759e-01]
GNN flow training:  51%|█████     | 51/100 [05:13<05:00,  6.13s/epoch, best=1.759e-01, sign=0.161, train=1.758e-01, val=1.759e-01]
GNN flow training:  51%|█████     | 51/100 [05:19<05:00,  6.13s/epoch, best=1.759e-01, sign=0.161, train=1.757e-01, val=1.759e-01]
GNN flow training:  52%|█████▏    | 52/100 [05:19<04:53,  6.12s/epoch, best=1.759e-01, sign=0.161, train=1.757e-01, val=1.759e-01]
GNN flow training:  52%|█████▏    | 52/100 [05:25<04:53,  6.12s/epoch, best=1.759e-01, sign=0.161, train=1.758e-01, val=1.759e-01]
GNN flow training:  53%|█████▎    | 53/100 [05:25<04:48,  6.13s/epoch, best=1.759e-01, sign=0.161, train=1.758e-01, val=1.759e-01]
GNN flow training:  53%|█████▎    | 53/100 [05:31<04:48,  6.13s/epoch, best=1.759e-01, sign=0.161, train=1.758e-01, val=1.759e-01]
GNN flow training:  54%|█████▍    | 54/100 [05:31<04:41,  6.13s/epoch, best=1.759e-01, sign=0.161, train=1.758e-01, val=1.759e-01]
GNN flow training:  54%|█████▍    | 54/100 [05:37<04:41,  6.13s/epoch, best=1.759e-01, sign=0.161, train=1.757e-01, val=1.759e-01]
GNN flow training:  55%|█████▌    | 55/100 [05:37<04:35,  6.12s/epoch, best=1.759e-01, sign=0.161, train=1.757e-01, val=1.759e-01]
GNN flow training:  55%|█████▌    | 55/100 [05:43<04:35,  6.12s/epoch, best=1.759e-01, sign=0.161, train=1.757e-01, val=1.759e-01]
GNN flow training:  56%|█████▌    | 56/100 [05:43<04:29,  6.12s/epoch, best=1.759e-01, sign=0.161, train=1.757e-01, val=1.759e-01]
GNN flow training:  56%|█████▌    | 56/100 [05:49<04:29,  6.12s/epoch, best=1.759e-01, sign=0.161, train=1.757e-01, val=1.759e-01]
GNN flow training:  57%|█████▋    | 57/100 [05:49<04:23,  6.13s/epoch, best=1.759e-01, sign=0.161, train=1.757e-01, val=1.759e-01]
GNN flow training:  57%|█████▋    | 57/100 [05:56<04:23,  6.13s/epoch, best=1.759e-01, sign=0.161, train=1.757e-01, val=1.759e-01]
GNN flow training:  58%|█████▊    | 58/100 [05:56<04:17,  6.12s/epoch, best=1.759e-01, sign=0.161, train=1.757e-01, val=1.759e-01]
GNN flow training:  58%|█████▊    | 58/100 [06:02<04:17,  6.12s/epoch, best=1.759e-01, sign=0.161, train=1.757e-01, val=1.759e-01]
GNN flow training:  59%|█████▉    | 59/100 [06:02<04:11,  6.14s/epoch, best=1.759e-01, sign=0.161, train=1.757e-01, val=1.759e-01]
GNN flow training:  59%|█████▉    | 59/100 [06:08<04:11,  6.14s/epoch, best=1.759e-01, sign=0.161, train=1.758e-01, val=1.759e-01]
GNN flow training:  60%|██████    | 60/100 [06:08<04:05,  6.14s/epoch, best=1.759e-01, sign=0.161, train=1.758e-01, val=1.759e-01]
GNN flow training:  60%|██████    | 60/100 [06:14<04:05,  6.14s/epoch, best=1.759e-01, sign=0.161, train=1.757e-01, val=1.758e-01]
GNN flow training:  61%|██████    | 61/100 [06:14<03:58,  6.12s/epoch, best=1.759e-01, sign=0.161, train=1.757e-01, val=1.758e-01]
GNN flow training:  61%|██████    | 61/100 [06:20<03:58,  6.12s/epoch, best=1.758e-01, sign=0.161, train=1.756e-01, val=1.759e-01]
GNN flow training:  62%|██████▏   | 62/100 [06:20<03:52,  6.11s/epoch, best=1.758e-01, sign=0.161, train=1.756e-01, val=1.759e-01]
GNN flow training:  62%|██████▏   | 62/100 [06:26<03:52,  6.11s/epoch, best=1.758e-01, sign=0.161, train=1.758e-01, val=1.759e-01]
GNN flow training:  63%|██████▎   | 63/100 [06:26<03:46,  6.12s/epoch, best=1.758e-01, sign=0.161, train=1.758e-01, val=1.759e-01]
GNN flow training:  63%|██████▎   | 63/100 [06:32<03:46,  6.12s/epoch, best=1.758e-01, sign=0.161, train=1.758e-01, val=1.759e-01]
GNN flow training:  64%|██████▍   | 64/100 [06:32<03:40,  6.11s/epoch, best=1.758e-01, sign=0.161, train=1.758e-01, val=1.759e-01]
GNN flow training:  64%|██████▍   | 64/100 [06:38<03:40,  6.11s/epoch, best=1.758e-01, sign=0.161, train=1.757e-01, val=1.759e-01]
GNN flow training:  65%|██████▌   | 65/100 [06:38<03:34,  6.12s/epoch, best=1.758e-01, sign=0.161, train=1.757e-01, val=1.759e-01]
GNN flow training:  65%|██████▌   | 65/100 [06:45<03:34,  6.12s/epoch, best=1.758e-01, sign=0.161, train=1.757e-01, val=1.759e-01]
GNN flow training:  66%|██████▌   | 66/100 [06:45<03:28,  6.13s/epoch, best=1.758e-01, sign=0.161, train=1.757e-01, val=1.759e-01]
GNN flow training:  66%|██████▌   | 66/100 [06:51<03:28,  6.13s/epoch, best=1.758e-01, sign=0.161, train=1.757e-01, val=1.759e-01]
GNN flow training:  67%|██████▋   | 67/100 [06:51<03:22,  6.13s/epoch, best=1.758e-01, sign=0.161, train=1.757e-01, val=1.759e-01]
GNN flow training:  67%|██████▋   | 67/100 [06:57<03:22,  6.13s/epoch, best=1.758e-01, sign=0.161, train=1.757e-01, val=1.759e-01]
GNN flow training:  68%|██████▊   | 68/100 [06:57<03:16,  6.14s/epoch, best=1.758e-01, sign=0.161, train=1.757e-01, val=1.759e-01]
GNN flow training:  68%|██████▊   | 68/100 [07:03<03:16,  6.14s/epoch, best=1.758e-01, sign=0.161, train=1.757e-01, val=1.759e-01]
GNN flow training:  69%|██████▉   | 69/100 [07:03<03:10,  6.14s/epoch, best=1.758e-01, sign=0.161, train=1.757e-01, val=1.759e-01]
GNN flow training:  69%|██████▉   | 69/100 [07:09<03:10,  6.14s/epoch, best=1.758e-01, sign=0.161, train=1.757e-01, val=1.759e-01]
GNN flow training:  70%|███████   | 70/100 [07:09<03:03,  6.13s/epoch, best=1.758e-01, sign=0.161, train=1.757e-01, val=1.759e-01]
GNN flow training:  70%|███████   | 70/100 [07:15<03:03,  6.13s/epoch, best=1.758e-01, sign=0.161, train=1.757e-01, val=1.758e-01]
GNN flow training:  71%|███████   | 71/100 [07:15<02:57,  6.12s/epoch, best=1.758e-01, sign=0.161, train=1.757e-01, val=1.758e-01]
GNN flow training:  71%|███████   | 71/100 [07:21<02:57,  6.12s/epoch, best=1.758e-01, sign=0.161, train=1.756e-01, val=1.758e-01]
GNN flow training:  72%|███████▏  | 72/100 [07:21<02:51,  6.12s/epoch, best=1.758e-01, sign=0.161, train=1.756e-01, val=1.758e-01]
GNN flow training:  72%|███████▏  | 72/100 [07:27<02:51,  6.12s/epoch, best=1.758e-01, sign=0.161, train=1.756e-01, val=1.758e-01]
GNN flow training:  73%|███████▎  | 73/100 [07:27<02:45,  6.13s/epoch, best=1.758e-01, sign=0.161, train=1.756e-01, val=1.758e-01]
GNN flow training:  73%|███████▎  | 73/100 [07:34<02:45,  6.13s/epoch, best=1.758e-01, sign=0.161, train=1.756e-01, val=1.758e-01]
GNN flow training:  74%|███████▍  | 74/100 [07:34<02:39,  6.13s/epoch, best=1.758e-01, sign=0.161, train=1.756e-01, val=1.758e-01]
GNN flow training:  74%|███████▍  | 74/100 [07:40<02:39,  6.13s/epoch, best=1.758e-01, sign=0.161, train=1.756e-01, val=1.758e-01]
GNN flow training:  75%|███████▌  | 75/100 [07:40<02:32,  6.12s/epoch, best=1.758e-01, sign=0.161, train=1.756e-01, val=1.758e-01]
GNN flow training:  75%|███████▌  | 75/100 [07:46<02:32,  6.12s/epoch, best=1.758e-01, sign=0.161, train=1.756e-01, val=1.757e-01]
GNN flow training:  76%|███████▌  | 76/100 [07:46<02:26,  6.12s/epoch, best=1.758e-01, sign=0.161, train=1.756e-01, val=1.757e-01]
GNN flow training:  76%|███████▌  | 76/100 [07:52<02:26,  6.12s/epoch, best=1.757e-01, sign=0.161, train=1.755e-01, val=1.758e-01]
GNN flow training:  77%|███████▋  | 77/100 [07:52<02:20,  6.11s/epoch, best=1.757e-01, sign=0.161, train=1.755e-01, val=1.758e-01]
GNN flow training:  77%|███████▋  | 77/100 [07:58<02:20,  6.11s/epoch, best=1.757e-01, sign=0.161, train=1.756e-01, val=1.758e-01]
GNN flow training:  78%|███████▊  | 78/100 [07:58<02:14,  6.12s/epoch, best=1.757e-01, sign=0.161, train=1.756e-01, val=1.758e-01]
GNN flow training:  78%|███████▊  | 78/100 [08:04<02:14,  6.12s/epoch, best=1.757e-01, sign=0.161, train=1.756e-01, val=1.757e-01]
GNN flow training:  79%|███████▉  | 79/100 [08:04<02:08,  6.13s/epoch, best=1.757e-01, sign=0.161, train=1.756e-01, val=1.757e-01]
GNN flow training:  79%|███████▉  | 79/100 [08:10<02:08,  6.13s/epoch, best=1.757e-01, sign=0.161, train=1.755e-01, val=1.758e-01]
GNN flow training:  80%|████████  | 80/100 [08:10<02:02,  6.12s/epoch, best=1.757e-01, sign=0.161, train=1.755e-01, val=1.758e-01]
GNN flow training:  80%|████████  | 80/100 [08:16<02:02,  6.12s/epoch, best=1.757e-01, sign=0.161, train=1.756e-01, val=1.758e-01]
GNN flow training:  81%|████████  | 81/100 [08:16<01:56,  6.11s/epoch, best=1.757e-01, sign=0.161, train=1.756e-01, val=1.758e-01]
GNN flow training:  81%|████████  | 81/100 [08:22<01:56,  6.11s/epoch, best=1.757e-01, sign=0.161, train=1.756e-01, val=1.758e-01]
GNN flow training:  82%|████████▏ | 82/100 [08:22<01:49,  6.10s/epoch, best=1.757e-01, sign=0.161, train=1.756e-01, val=1.758e-01]
GNN flow training:  82%|████████▏ | 82/100 [08:29<01:49,  6.10s/epoch, best=1.757e-01, sign=0.161, train=1.756e-01, val=1.758e-01]
GNN flow training:  83%|████████▎ | 83/100 [08:29<01:43,  6.10s/epoch, best=1.757e-01, sign=0.161, train=1.756e-01, val=1.758e-01]
GNN flow training:  83%|████████▎ | 83/100 [08:35<01:43,  6.10s/epoch, best=1.757e-01, sign=0.161, train=1.756e-01, val=1.758e-01]
GNN flow training:  84%|████████▍ | 84/100 [08:35<01:37,  6.10s/epoch, best=1.757e-01, sign=0.161, train=1.756e-01, val=1.758e-01]
GNN flow training:  84%|████████▍ | 84/100 [08:41<01:37,  6.10s/epoch, best=1.757e-01, sign=0.161, train=1.756e-01, val=1.758e-01]
GNN flow training:  85%|████████▌ | 85/100 [08:41<01:31,  6.11s/epoch, best=1.757e-01, sign=0.161, train=1.756e-01, val=1.758e-01]
GNN flow training:  85%|████████▌ | 85/100 [08:47<01:31,  6.11s/epoch, best=1.757e-01, sign=0.161, train=1.756e-01, val=1.757e-01]
GNN flow training:  86%|████████▌ | 86/100 [08:47<01:25,  6.11s/epoch, best=1.757e-01, sign=0.161, train=1.756e-01, val=1.757e-01]
GNN flow training:  86%|████████▌ | 86/100 [08:53<01:25,  6.11s/epoch, best=1.757e-01, sign=0.161, train=1.755e-01, val=1.757e-01]
GNN flow training:  87%|████████▋ | 87/100 [08:53<01:19,  6.10s/epoch, best=1.757e-01, sign=0.161, train=1.755e-01, val=1.757e-01]
GNN flow training:  87%|████████▋ | 87/100 [08:59<01:19,  6.10s/epoch, best=1.757e-01, sign=0.161, train=1.755e-01, val=1.757e-01]
GNN flow training:  88%|████████▊ | 88/100 [08:59<01:13,  6.10s/epoch, best=1.757e-01, sign=0.161, train=1.755e-01, val=1.757e-01]
GNN flow training:  88%|████████▊ | 88/100 [09:05<01:13,  6.10s/epoch, best=1.757e-01, sign=0.161, train=1.755e-01, val=1.757e-01]
GNN flow training:  89%|████████▉ | 89/100 [09:05<01:07,  6.11s/epoch, best=1.757e-01, sign=0.161, train=1.755e-01, val=1.757e-01]
GNN flow training:  89%|████████▉ | 89/100 [09:11<01:07,  6.11s/epoch, best=1.757e-01, sign=0.161, train=1.756e-01, val=1.757e-01]
GNN flow training:  90%|█████████ | 90/100 [09:11<01:01,  6.12s/epoch, best=1.757e-01, sign=0.161, train=1.756e-01, val=1.757e-01]
GNN flow training:  90%|█████████ | 90/100 [09:18<01:01,  6.12s/epoch, best=1.757e-01, sign=0.161, train=1.755e-01, val=1.758e-01]
GNN flow training:  91%|█████████ | 91/100 [09:18<00:55,  6.13s/epoch, best=1.757e-01, sign=0.161, train=1.755e-01, val=1.758e-01]
GNN flow training:  91%|█████████ | 91/100 [09:24<00:55,  6.13s/epoch, best=1.757e-01, sign=0.161, train=1.756e-01, val=1.756e-01]
GNN flow training:  92%|█████████▏| 92/100 [09:24<00:49,  6.13s/epoch, best=1.757e-01, sign=0.161, train=1.756e-01, val=1.756e-01]
GNN flow training:  92%|█████████▏| 92/100 [09:30<00:49,  6.13s/epoch, best=1.756e-01, sign=0.161, train=1.754e-01, val=1.756e-01]
GNN flow training:  93%|█████████▎| 93/100 [09:30<00:42,  6.13s/epoch, best=1.756e-01, sign=0.161, train=1.754e-01, val=1.756e-01]
GNN flow training:  93%|█████████▎| 93/100 [09:36<00:42,  6.13s/epoch, best=1.756e-01, sign=0.161, train=1.754e-01, val=1.756e-01]
GNN flow training:  94%|█████████▍| 94/100 [09:36<00:36,  6.14s/epoch, best=1.756e-01, sign=0.161, train=1.754e-01, val=1.756e-01]
GNN flow training:  94%|█████████▍| 94/100 [09:42<00:36,  6.14s/epoch, best=1.756e-01, sign=0.161, train=1.754e-01, val=1.756e-01]
GNN flow training:  95%|█████████▌| 95/100 [09:42<00:30,  6.13s/epoch, best=1.756e-01, sign=0.161, train=1.754e-01, val=1.756e-01]
GNN flow training:  95%|█████████▌| 95/100 [09:48<00:30,  6.13s/epoch, best=1.756e-01, sign=0.161, train=1.754e-01, val=1.756e-01]
GNN flow training:  96%|█████████▌| 96/100 [09:48<00:24,  6.13s/epoch, best=1.756e-01, sign=0.161, train=1.754e-01, val=1.756e-01]
GNN flow training:  96%|█████████▌| 96/100 [09:54<00:24,  6.13s/epoch, best=1.756e-01, sign=0.161, train=1.754e-01, val=1.755e-01]
GNN flow training:  97%|█████████▋| 97/100 [09:54<00:18,  6.13s/epoch, best=1.756e-01, sign=0.161, train=1.754e-01, val=1.755e-01]
GNN flow training:  97%|█████████▋| 97/100 [10:00<00:18,  6.13s/epoch, best=1.755e-01, sign=0.161, train=1.753e-01, val=1.757e-01]
GNN flow training:  98%|█████████▊| 98/100 [10:00<00:12,  6.12s/epoch, best=1.755e-01, sign=0.161, train=1.753e-01, val=1.757e-01]
GNN flow training:  98%|█████████▊| 98/100 [10:07<00:12,  6.12s/epoch, best=1.755e-01, sign=0.161, train=1.755e-01, val=1.756e-01]
GNN flow training:  99%|█████████▉| 99/100 [10:07<00:06,  6.12s/epoch, best=1.755e-01, sign=0.161, train=1.755e-01, val=1.756e-01]
GNN flow training:  99%|█████████▉| 99/100 [10:13<00:06,  6.12s/epoch, best=1.755e-01, sign=0.161, train=1.754e-01, val=1.756e-01]
GNN flow training: 100%|██████████| 100/100 [10:13<00:00,  6.13s/epoch, best=1.755e-01, sign=0.161, train=1.754e-01, val=1.756e-01]
GNN flow training: 100%|██████████| 100/100 [10:13<00:00,  6.13s/epoch, best=1.755e-01, sign=0.161, train=1.754e-01, val=1.756e-01]
Resolved config snapshot:
{'preset': 'solver_QKB_outer_QKBdelta', 'gnn_outer_losses': {'flow': 0.1, 'kirchhoff': 0.1, 'boundary': 100.0, 'delta_l2': 100.0, 'delta_smooth': 0.0, 'pressure_shape': 0.0}, 'physics': {'arterial_flow_mode': 'dataset', 'pressure_constraints': ['equal-a-equal-v'], 'alpha_pa': None, 'use_snr_weights': True, 'use_observed_flow_snr_weighting': True, 'flow_scale_mode': 'median_abs', 'solver_device': 'same', 'pressure_solver_mode': 'reduced-soft-constrained-lstsq', 'pressure_solver_lambda_kirchhoff': 1.0, 'pressure_solver_lambda_pressure_constraints': 100.0, 'pressure_solver_lambda_flow_residual': 1.0, 'pressure_shape_reference': 'delta_zero_reference', 'pressure_detach': False}, 'correction_bounds': {'correction_min': -0.5, 'correction_max': 0.5, 'correction_bound': 0.5, 'correction_parameterization': 'tanh'}, 'optimization': {'learning_rate': 0.001, 'weight_decay': 0.0001, 'gradient_clip_norm': 5.0, 'optimizer': 'adamw', 'epochs': 100, 'patience': 40}}
Shard 4/80: 1 of 80 runs
Command: /mnt/home/sswee/miniforge3/envs/yolk-sac/bin/python /mnt/home/sswee/yolk/Yolk-Sac-Flow-Data-and-Sim/gnn_clean/scripts/python/gnn_flow.py /mnt/home/sswee/yolk/Yolk-Sac-Flow-Data-and-Sim/gnn_clean/datasets/mosaic_graph_norm_canonical.gpickle --output-dir /mnt/home/sswee/yolk/Yolk-Sac-Flow-Data-and-Sim/gnn_clean/outputs_canonical_norm/dc/02_physics_weight_sweep/gnn --run-name q_0p1__k_0p1__delta_100 --preset solver_QKB_outer_QKBdelta --device cuda --epochs 100 --seed 0 --viscosity-pa-s 0.0035 --config /mnt/home/sswee/yolk/Yolk-Sac-Flow-Data-and-Sim/gnn_clean/outputs_canonical_norm/dc/02_physics_weight_sweep/_generated_configs/q_0p1__k_0p1__delta_100.yaml --no-pressure-detach
