[info] DC Step 2 canonical sweep uses fixed lambda_B=100.0 for both the outer boundary loss and the reduced pressure-solver boundary constraint.

GNN flow training:   0%|          | 0/100 [00:00<?, ?epoch/s]
GNN flow training:   0%|          | 0/100 [00:06<?, ?epoch/s, best=1.193e+01, sign=0.161, train=1.175e+01, val=1.193e+01]
GNN flow training:   1%|          | 1/100 [00:06<10:04,  6.10s/epoch, best=1.193e+01, sign=0.161, train=1.175e+01, val=1.193e+01]
GNN flow training:   1%|          | 1/100 [00:12<10:04,  6.10s/epoch, best=1.193e+01, sign=0.160, train=1.175e+01, val=1.188e+01]
GNN flow training:   2%|▏         | 2/100 [00:12<09:57,  6.10s/epoch, best=1.193e+01, sign=0.160, train=1.175e+01, val=1.188e+01]
GNN flow training:   2%|▏         | 2/100 [00:18<09:57,  6.10s/epoch, best=1.188e+01, sign=0.159, train=1.171e+01, val=1.188e+01]
GNN flow training:   3%|▎         | 3/100 [00:18<09:51,  6.10s/epoch, best=1.188e+01, sign=0.159, train=1.171e+01, val=1.188e+01]
GNN flow training:   3%|▎         | 3/100 [00:24<09:51,  6.10s/epoch, best=1.188e+01, sign=0.160, train=1.170e+01, val=1.188e+01]
GNN flow training:   4%|▍         | 4/100 [00:24<09:45,  6.10s/epoch, best=1.188e+01, sign=0.160, train=1.170e+01, val=1.188e+01]
GNN flow training:   4%|▍         | 4/100 [00:30<09:45,  6.10s/epoch, best=1.188e+01, sign=0.159, train=1.170e+01, val=1.186e+01]
GNN flow training:   5%|▌         | 5/100 [00:30<09:37,  6.08s/epoch, best=1.188e+01, sign=0.159, train=1.170e+01, val=1.186e+01]
GNN flow training:   5%|▌         | 5/100 [00:36<09:37,  6.08s/epoch, best=1.186e+01, sign=0.160, train=1.168e+01, val=1.183e+01]
GNN flow training:   6%|▌         | 6/100 [00:36<09:29,  6.06s/epoch, best=1.186e+01, sign=0.160, train=1.168e+01, val=1.183e+01]
GNN flow training:   6%|▌         | 6/100 [00:42<09:29,  6.06s/epoch, best=1.183e+01, sign=0.161, train=1.166e+01, val=1.182e+01]
GNN flow training:   7%|▋         | 7/100 [00:42<09:21,  6.04s/epoch, best=1.183e+01, sign=0.161, train=1.166e+01, val=1.182e+01]
GNN flow training:   7%|▋         | 7/100 [00:48<09:21,  6.04s/epoch, best=1.182e+01, sign=0.160, train=1.164e+01, val=1.182e+01]
GNN flow training:   8%|▊         | 8/100 [00:48<09:16,  6.05s/epoch, best=1.182e+01, sign=0.160, train=1.164e+01, val=1.182e+01]
GNN flow training:   8%|▊         | 8/100 [00:54<09:16,  6.05s/epoch, best=1.182e+01, sign=0.161, train=1.164e+01, val=1.181e+01]
GNN flow training:   9%|▉         | 9/100 [00:54<09:11,  6.06s/epoch, best=1.182e+01, sign=0.161, train=1.164e+01, val=1.181e+01]
GNN flow training:   9%|▉         | 9/100 [01:00<09:11,  6.06s/epoch, best=1.181e+01, sign=0.160, train=1.163e+01, val=1.180e+01]
GNN flow training:  10%|█         | 10/100 [01:00<09:03,  6.04s/epoch, best=1.181e+01, sign=0.160, train=1.163e+01, val=1.180e+01]
GNN flow training:  10%|█         | 10/100 [01:06<09:03,  6.04s/epoch, best=1.180e+01, sign=0.159, train=1.162e+01, val=1.175e+01]
GNN flow training:  11%|█         | 11/100 [01:06<08:56,  6.03s/epoch, best=1.180e+01, sign=0.159, train=1.162e+01, val=1.175e+01]
GNN flow training:  11%|█         | 11/100 [01:12<08:56,  6.03s/epoch, best=1.175e+01, sign=0.157, train=1.156e+01, val=1.167e+01]
GNN flow training:  12%|█▏        | 12/100 [01:12<08:50,  6.03s/epoch, best=1.175e+01, sign=0.157, train=1.156e+01, val=1.167e+01]
GNN flow training:  12%|█▏        | 12/100 [01:18<08:50,  6.03s/epoch, best=1.167e+01, sign=0.156, train=1.148e+01, val=1.162e+01]
GNN flow training:  13%|█▎        | 13/100 [01:18<08:43,  6.02s/epoch, best=1.167e+01, sign=0.156, train=1.148e+01, val=1.162e+01]
GNN flow training:  13%|█▎        | 13/100 [01:24<08:43,  6.02s/epoch, best=1.162e+01, sign=0.155, train=1.143e+01, val=1.159e+01]
GNN flow training:  14%|█▍        | 14/100 [01:24<08:39,  6.04s/epoch, best=1.162e+01, sign=0.155, train=1.143e+01, val=1.159e+01]
GNN flow training:  14%|█▍        | 14/100 [01:30<08:39,  6.04s/epoch, best=1.159e+01, sign=0.155, train=1.139e+01, val=1.153e+01]
GNN flow training:  15%|█▌        | 15/100 [01:30<08:31,  6.02s/epoch, best=1.159e+01, sign=0.155, train=1.139e+01, val=1.153e+01]
GNN flow training:  15%|█▌        | 15/100 [01:36<08:31,  6.02s/epoch, best=1.153e+01, sign=0.154, train=1.134e+01, val=1.146e+01]
GNN flow training:  16%|█▌        | 16/100 [01:36<08:27,  6.04s/epoch, best=1.153e+01, sign=0.154, train=1.134e+01, val=1.146e+01]
GNN flow training:  16%|█▌        | 16/100 [01:42<08:27,  6.04s/epoch, best=1.146e+01, sign=0.154, train=1.128e+01, val=1.142e+01]
GNN flow training:  17%|█▋        | 17/100 [01:42<08:20,  6.04s/epoch, best=1.146e+01, sign=0.154, train=1.128e+01, val=1.142e+01]
GNN flow training:  17%|█▋        | 17/100 [01:48<08:20,  6.04s/epoch, best=1.142e+01, sign=0.155, train=1.124e+01, val=1.137e+01]
GNN flow training:  18%|█▊        | 18/100 [01:48<08:13,  6.02s/epoch, best=1.142e+01, sign=0.155, train=1.124e+01, val=1.137e+01]
GNN flow training:  18%|█▊        | 18/100 [01:54<08:13,  6.02s/epoch, best=1.137e+01, sign=0.153, train=1.121e+01, val=1.127e+01]
GNN flow training:  19%|█▉        | 19/100 [01:54<08:07,  6.01s/epoch, best=1.137e+01, sign=0.153, train=1.121e+01, val=1.127e+01]
GNN flow training:  19%|█▉        | 19/100 [02:00<08:07,  6.01s/epoch, best=1.127e+01, sign=0.153, train=1.112e+01, val=1.123e+01]
GNN flow training:  20%|██        | 20/100 [02:00<07:59,  5.99s/epoch, best=1.127e+01, sign=0.153, train=1.112e+01, val=1.123e+01]
GNN flow training:  20%|██        | 20/100 [02:06<07:59,  5.99s/epoch, best=1.123e+01, sign=0.154, train=1.108e+01, val=1.119e+01]
GNN flow training:  21%|██        | 21/100 [02:06<07:53,  6.00s/epoch, best=1.123e+01, sign=0.154, train=1.108e+01, val=1.119e+01]
GNN flow training:  21%|██        | 21/100 [02:12<07:53,  6.00s/epoch, best=1.119e+01, sign=0.154, train=1.104e+01, val=1.115e+01]
GNN flow training:  22%|██▏       | 22/100 [02:12<07:48,  6.00s/epoch, best=1.119e+01, sign=0.154, train=1.104e+01, val=1.115e+01]
GNN flow training:  22%|██▏       | 22/100 [02:18<07:48,  6.00s/epoch, best=1.115e+01, sign=0.153, train=1.100e+01, val=1.112e+01]
GNN flow training:  23%|██▎       | 23/100 [02:18<07:44,  6.03s/epoch, best=1.115e+01, sign=0.153, train=1.100e+01, val=1.112e+01]
GNN flow training:  23%|██▎       | 23/100 [02:24<07:44,  6.03s/epoch, best=1.112e+01, sign=0.153, train=1.098e+01, val=1.105e+01]
GNN flow training:  24%|██▍       | 24/100 [02:24<07:38,  6.03s/epoch, best=1.112e+01, sign=0.153, train=1.098e+01, val=1.105e+01]
GNN flow training:  24%|██▍       | 24/100 [02:30<07:38,  6.03s/epoch, best=1.105e+01, sign=0.153, train=1.092e+01, val=1.099e+01]
GNN flow training:  25%|██▌       | 25/100 [02:30<07:31,  6.02s/epoch, best=1.105e+01, sign=0.153, train=1.092e+01, val=1.099e+01]
GNN flow training:  25%|██▌       | 25/100 [02:36<07:31,  6.02s/epoch, best=1.099e+01, sign=0.154, train=1.088e+01, val=1.091e+01]
GNN flow training:  26%|██▌       | 26/100 [02:36<07:24,  6.00s/epoch, best=1.099e+01, sign=0.154, train=1.088e+01, val=1.091e+01]
GNN flow training:  26%|██▌       | 26/100 [02:42<07:24,  6.00s/epoch, best=1.091e+01, sign=0.155, train=1.082e+01, val=1.082e+01]
GNN flow training:  27%|██▋       | 27/100 [02:42<07:17,  5.99s/epoch, best=1.091e+01, sign=0.155, train=1.082e+01, val=1.082e+01]
GNN flow training:  27%|██▋       | 27/100 [02:48<07:17,  5.99s/epoch, best=1.082e+01, sign=0.156, train=1.075e+01, val=1.076e+01]
GNN flow training:  28%|██▊       | 28/100 [02:48<07:11,  5.99s/epoch, best=1.082e+01, sign=0.156, train=1.075e+01, val=1.076e+01]
GNN flow training:  28%|██▊       | 28/100 [02:54<07:11,  5.99s/epoch, best=1.076e+01, sign=0.157, train=1.071e+01, val=1.073e+01]
GNN flow training:  29%|██▉       | 29/100 [02:54<07:04,  5.98s/epoch, best=1.076e+01, sign=0.157, train=1.071e+01, val=1.073e+01]
GNN flow training:  29%|██▉       | 29/100 [03:00<07:04,  5.98s/epoch, best=1.073e+01, sign=0.157, train=1.069e+01, val=1.072e+01]
GNN flow training:  30%|███       | 30/100 [03:00<06:57,  5.97s/epoch, best=1.073e+01, sign=0.157, train=1.069e+01, val=1.072e+01]
GNN flow training:  30%|███       | 30/100 [03:06<06:57,  5.97s/epoch, best=1.072e+01, sign=0.157, train=1.068e+01, val=1.061e+01]
GNN flow training:  31%|███       | 31/100 [03:06<06:51,  5.96s/epoch, best=1.072e+01, sign=0.157, train=1.068e+01, val=1.061e+01]
GNN flow training:  31%|███       | 31/100 [03:12<06:51,  5.96s/epoch, best=1.061e+01, sign=0.158, train=1.059e+01, val=1.056e+01]
GNN flow training:  32%|███▏      | 32/100 [03:12<06:48,  6.00s/epoch, best=1.061e+01, sign=0.158, train=1.059e+01, val=1.056e+01]
GNN flow training:  32%|███▏      | 32/100 [03:18<06:48,  6.00s/epoch, best=1.056e+01, sign=0.158, train=1.054e+01, val=1.051e+01]
GNN flow training:  33%|███▎      | 33/100 [03:18<06:42,  6.01s/epoch, best=1.056e+01, sign=0.158, train=1.054e+01, val=1.051e+01]
GNN flow training:  33%|███▎      | 33/100 [03:24<06:42,  6.01s/epoch, best=1.051e+01, sign=0.156, train=1.047e+01, val=1.044e+01]
GNN flow training:  34%|███▍      | 34/100 [03:24<06:35,  5.99s/epoch, best=1.051e+01, sign=0.156, train=1.047e+01, val=1.044e+01]
GNN flow training:  34%|███▍      | 34/100 [03:30<06:35,  5.99s/epoch, best=1.044e+01, sign=0.154, train=1.038e+01, val=1.037e+01]
GNN flow training:  35%|███▌      | 35/100 [03:30<06:28,  5.97s/epoch, best=1.044e+01, sign=0.154, train=1.038e+01, val=1.037e+01]
GNN flow training:  35%|███▌      | 35/100 [03:36<06:28,  5.97s/epoch, best=1.037e+01, sign=0.153, train=1.031e+01, val=1.036e+01]
GNN flow training:  36%|███▌      | 36/100 [03:36<06:23,  5.99s/epoch, best=1.037e+01, sign=0.153, train=1.031e+01, val=1.036e+01]
GNN flow training:  36%|███▌      | 36/100 [03:42<06:23,  5.99s/epoch, best=1.036e+01, sign=0.154, train=1.028e+01, val=1.033e+01]
GNN flow training:  37%|███▋      | 37/100 [03:42<06:16,  5.97s/epoch, best=1.036e+01, sign=0.154, train=1.028e+01, val=1.033e+01]
GNN flow training:  37%|███▋      | 37/100 [03:48<06:16,  5.97s/epoch, best=1.033e+01, sign=0.152, train=1.024e+01, val=1.028e+01]
GNN flow training:  38%|███▊      | 38/100 [03:48<06:09,  5.97s/epoch, best=1.033e+01, sign=0.152, train=1.024e+01, val=1.028e+01]
GNN flow training:  38%|███▊      | 38/100 [03:54<06:09,  5.97s/epoch, best=1.028e+01, sign=0.151, train=1.020e+01, val=1.013e+01]
GNN flow training:  39%|███▉      | 39/100 [03:54<06:03,  5.96s/epoch, best=1.028e+01, sign=0.151, train=1.020e+01, val=1.013e+01]
GNN flow training:  39%|███▉      | 39/100 [04:00<06:03,  5.96s/epoch, best=1.013e+01, sign=0.148, train=1.008e+01, val=1.002e+01]
GNN flow training:  40%|████      | 40/100 [04:00<05:57,  5.96s/epoch, best=1.013e+01, sign=0.148, train=1.008e+01, val=1.002e+01]
GNN flow training:  40%|████      | 40/100 [04:06<05:57,  5.96s/epoch, best=1.002e+01, sign=0.147, train=9.995e+00, val=9.964e+00]
GNN flow training:  41%|████      | 41/100 [04:06<05:51,  5.96s/epoch, best=1.002e+01, sign=0.147, train=9.995e+00, val=9.964e+00]
GNN flow training:  41%|████      | 41/100 [04:12<05:51,  5.96s/epoch, best=9.964e+00, sign=0.146, train=9.955e+00, val=9.938e+00]
GNN flow training:  42%|████▏     | 42/100 [04:12<05:45,  5.96s/epoch, best=9.964e+00, sign=0.146, train=9.955e+00, val=9.938e+00]
GNN flow training:  42%|████▏     | 42/100 [04:18<05:45,  5.96s/epoch, best=9.938e+00, sign=0.145, train=9.945e+00, val=9.915e+00]
GNN flow training:  43%|████▎     | 43/100 [04:18<05:39,  5.96s/epoch, best=9.938e+00, sign=0.145, train=9.945e+00, val=9.915e+00]
GNN flow training:  43%|████▎     | 43/100 [04:24<05:39,  5.96s/epoch, best=9.915e+00, sign=0.145, train=9.927e+00, val=9.854e+00]
GNN flow training:  44%|████▍     | 44/100 [04:24<05:35,  6.00s/epoch, best=9.915e+00, sign=0.145, train=9.927e+00, val=9.854e+00]
GNN flow training:  44%|████▍     | 44/100 [04:30<05:35,  6.00s/epoch, best=9.854e+00, sign=0.143, train=9.873e+00, val=9.743e+00]
GNN flow training:  45%|████▌     | 45/100 [04:30<05:28,  5.98s/epoch, best=9.854e+00, sign=0.143, train=9.873e+00, val=9.743e+00]
GNN flow training:  45%|████▌     | 45/100 [04:36<05:28,  5.98s/epoch, best=9.743e+00, sign=0.143, train=9.782e+00, val=9.646e+00]
GNN flow training:  46%|████▌     | 46/100 [04:36<05:23,  5.99s/epoch, best=9.743e+00, sign=0.143, train=9.782e+00, val=9.646e+00]
GNN flow training:  46%|████▌     | 46/100 [04:42<05:23,  5.99s/epoch, best=9.646e+00, sign=0.144, train=9.692e+00, val=9.633e+00]
GNN flow training:  47%|████▋     | 47/100 [04:42<05:17,  5.99s/epoch, best=9.646e+00, sign=0.144, train=9.692e+00, val=9.633e+00]
GNN flow training:  47%|████▋     | 47/100 [04:48<05:17,  5.99s/epoch, best=9.633e+00, sign=0.143, train=9.648e+00, val=9.612e+00]
GNN flow training:  48%|████▊     | 48/100 [04:48<05:11,  5.99s/epoch, best=9.633e+00, sign=0.143, train=9.648e+00, val=9.612e+00]
GNN flow training:  48%|████▊     | 48/100 [04:54<05:11,  5.99s/epoch, best=9.612e+00, sign=0.142, train=9.579e+00, val=9.576e+00]
GNN flow training:  49%|████▉     | 49/100 [04:54<05:06,  6.00s/epoch, best=9.612e+00, sign=0.142, train=9.579e+00, val=9.576e+00]
GNN flow training:  49%|████▉     | 49/100 [05:00<05:06,  6.00s/epoch, best=9.576e+00, sign=0.143, train=9.475e+00, val=9.570e+00]
GNN flow training:  50%|█████     | 50/100 [05:00<05:00,  6.00s/epoch, best=9.576e+00, sign=0.143, train=9.475e+00, val=9.570e+00]
GNN flow training:  50%|█████     | 50/100 [05:06<05:00,  6.00s/epoch, best=9.570e+00, sign=0.143, train=9.401e+00, val=9.597e+00]
GNN flow training:  51%|█████     | 51/100 [05:06<04:55,  6.02s/epoch, best=9.570e+00, sign=0.143, train=9.401e+00, val=9.597e+00]
GNN flow training:  51%|█████     | 51/100 [05:12<04:55,  6.02s/epoch, best=9.570e+00, sign=0.143, train=9.383e+00, val=9.613e+00]
GNN flow training:  52%|█████▏    | 52/100 [05:12<04:48,  6.01s/epoch, best=9.570e+00, sign=0.143, train=9.383e+00, val=9.613e+00]
GNN flow training:  52%|█████▏    | 52/100 [05:18<04:48,  6.01s/epoch, best=9.570e+00, sign=0.141, train=9.371e+00, val=9.589e+00]
GNN flow training:  53%|█████▎    | 53/100 [05:18<04:42,  6.02s/epoch, best=9.570e+00, sign=0.141, train=9.371e+00, val=9.589e+00]
GNN flow training:  53%|█████▎    | 53/100 [05:24<04:42,  6.02s/epoch, best=9.570e+00, sign=0.141, train=9.314e+00, val=9.573e+00]
GNN flow training:  54%|█████▍    | 54/100 [05:24<04:36,  6.01s/epoch, best=9.570e+00, sign=0.141, train=9.314e+00, val=9.573e+00]
GNN flow training:  54%|█████▍    | 54/100 [05:30<04:36,  6.01s/epoch, best=9.570e+00, sign=0.139, train=9.258e+00, val=9.513e+00]
GNN flow training:  55%|█████▌    | 55/100 [05:30<04:31,  6.03s/epoch, best=9.570e+00, sign=0.139, train=9.258e+00, val=9.513e+00]
GNN flow training:  55%|█████▌    | 55/100 [05:36<04:31,  6.03s/epoch, best=9.513e+00, sign=0.137, train=9.209e+00, val=9.445e+00]
GNN flow training:  56%|█████▌    | 56/100 [05:36<04:24,  6.01s/epoch, best=9.513e+00, sign=0.137, train=9.209e+00, val=9.445e+00]
GNN flow training:  56%|█████▌    | 56/100 [05:42<04:24,  6.01s/epoch, best=9.445e+00, sign=0.137, train=9.167e+00, val=9.444e+00]
GNN flow training:  57%|█████▋    | 57/100 [05:42<04:19,  6.03s/epoch, best=9.445e+00, sign=0.137, train=9.167e+00, val=9.444e+00]
GNN flow training:  57%|█████▋    | 57/100 [05:48<04:19,  6.03s/epoch, best=9.444e+00, sign=0.135, train=9.163e+00, val=9.428e+00]
GNN flow training:  58%|█████▊    | 58/100 [05:48<04:12,  6.01s/epoch, best=9.444e+00, sign=0.135, train=9.163e+00, val=9.428e+00]
GNN flow training:  58%|█████▊    | 58/100 [05:54<04:12,  6.01s/epoch, best=9.428e+00, sign=0.135, train=9.147e+00, val=9.410e+00]
GNN flow training:  59%|█████▉    | 59/100 [05:54<04:07,  6.04s/epoch, best=9.428e+00, sign=0.135, train=9.147e+00, val=9.410e+00]
GNN flow training:  59%|█████▉    | 59/100 [06:00<04:07,  6.04s/epoch, best=9.410e+00, sign=0.136, train=9.156e+00, val=9.390e+00]
GNN flow training:  60%|██████    | 60/100 [06:00<04:00,  6.02s/epoch, best=9.410e+00, sign=0.136, train=9.156e+00, val=9.390e+00]
GNN flow training:  60%|██████    | 60/100 [06:06<04:00,  6.02s/epoch, best=9.390e+00, sign=0.134, train=9.113e+00, val=9.398e+00]
GNN flow training:  61%|██████    | 61/100 [06:06<03:55,  6.04s/epoch, best=9.390e+00, sign=0.134, train=9.113e+00, val=9.398e+00]
GNN flow training:  61%|██████    | 61/100 [06:12<03:55,  6.04s/epoch, best=9.390e+00, sign=0.134, train=9.066e+00, val=9.390e+00]
GNN flow training:  62%|██████▏   | 62/100 [06:12<03:49,  6.04s/epoch, best=9.390e+00, sign=0.134, train=9.066e+00, val=9.390e+00]
GNN flow training:  62%|██████▏   | 62/100 [06:18<03:49,  6.04s/epoch, best=9.390e+00, sign=0.135, train=8.992e+00, val=9.386e+00]
GNN flow training:  63%|██████▎   | 63/100 [06:18<03:42,  6.02s/epoch, best=9.390e+00, sign=0.135, train=8.992e+00, val=9.386e+00]
GNN flow training:  63%|██████▎   | 63/100 [06:24<03:42,  6.02s/epoch, best=9.386e+00, sign=0.135, train=8.946e+00, val=9.424e+00]
GNN flow training:  64%|██████▍   | 64/100 [06:24<03:36,  6.01s/epoch, best=9.386e+00, sign=0.135, train=8.946e+00, val=9.424e+00]
GNN flow training:  64%|██████▍   | 64/100 [06:30<03:36,  6.01s/epoch, best=9.386e+00, sign=0.134, train=8.953e+00, val=9.450e+00]
GNN flow training:  65%|██████▌   | 65/100 [06:30<03:30,  6.01s/epoch, best=9.386e+00, sign=0.134, train=8.953e+00, val=9.450e+00]
GNN flow training:  65%|██████▌   | 65/100 [06:36<03:30,  6.01s/epoch, best=9.386e+00, sign=0.134, train=8.964e+00, val=9.407e+00]
GNN flow training:  66%|██████▌   | 66/100 [06:36<03:23,  5.99s/epoch, best=9.386e+00, sign=0.134, train=8.964e+00, val=9.407e+00]
GNN flow training:  66%|██████▌   | 66/100 [06:42<03:23,  5.99s/epoch, best=9.386e+00, sign=0.134, train=8.933e+00, val=9.358e+00]
GNN flow training:  67%|██████▋   | 67/100 [06:42<03:18,  6.00s/epoch, best=9.386e+00, sign=0.134, train=8.933e+00, val=9.358e+00]
GNN flow training:  67%|██████▋   | 67/100 [06:48<03:18,  6.00s/epoch, best=9.358e+00, sign=0.134, train=8.903e+00, val=9.325e+00]
GNN flow training:  68%|██████▊   | 68/100 [06:48<03:12,  6.00s/epoch, best=9.358e+00, sign=0.134, train=8.903e+00, val=9.325e+00]
GNN flow training:  68%|██████▊   | 68/100 [06:54<03:12,  6.00s/epoch, best=9.325e+00, sign=0.134, train=8.902e+00, val=9.297e+00]
GNN flow training:  69%|██████▉   | 69/100 [06:54<03:06,  6.01s/epoch, best=9.325e+00, sign=0.134, train=8.902e+00, val=9.297e+00]
GNN flow training:  69%|██████▉   | 69/100 [07:00<03:06,  6.01s/epoch, best=9.297e+00, sign=0.134, train=8.891e+00, val=9.282e+00]
GNN flow training:  70%|███████   | 70/100 [07:00<03:00,  6.00s/epoch, best=9.297e+00, sign=0.134, train=8.891e+00, val=9.282e+00]
GNN flow training:  70%|███████   | 70/100 [07:06<03:00,  6.00s/epoch, best=9.282e+00, sign=0.134, train=8.872e+00, val=9.308e+00]
GNN flow training:  71%|███████   | 71/100 [07:06<02:54,  6.01s/epoch, best=9.282e+00, sign=0.134, train=8.872e+00, val=9.308e+00]
GNN flow training:  71%|███████   | 71/100 [07:12<02:54,  6.01s/epoch, best=9.282e+00, sign=0.134, train=8.864e+00, val=9.334e+00]
GNN flow training:  72%|███████▏  | 72/100 [07:12<02:47,  6.00s/epoch, best=9.282e+00, sign=0.134, train=8.864e+00, val=9.334e+00]
GNN flow training:  72%|███████▏  | 72/100 [07:18<02:47,  6.00s/epoch, best=9.282e+00, sign=0.134, train=8.848e+00, val=9.489e+00]
GNN flow training:  73%|███████▎  | 73/100 [07:18<02:42,  6.03s/epoch, best=9.282e+00, sign=0.134, train=8.848e+00, val=9.489e+00]
GNN flow training:  73%|███████▎  | 73/100 [07:24<02:42,  6.03s/epoch, best=9.282e+00, sign=0.133, train=8.897e+00, val=9.546e+00]
GNN flow training:  74%|███████▍  | 74/100 [07:24<02:36,  6.02s/epoch, best=9.282e+00, sign=0.133, train=8.897e+00, val=9.546e+00]
GNN flow training:  74%|███████▍  | 74/100 [07:30<02:36,  6.02s/epoch, best=9.282e+00, sign=0.133, train=8.925e+00, val=9.472e+00]
GNN flow training:  75%|███████▌  | 75/100 [07:30<02:29,  6.00s/epoch, best=9.282e+00, sign=0.133, train=8.925e+00, val=9.472e+00]
GNN flow training:  75%|███████▌  | 75/100 [07:36<02:29,  6.00s/epoch, best=9.282e+00, sign=0.134, train=8.867e+00, val=9.331e+00]
GNN flow training:  76%|███████▌  | 76/100 [07:36<02:23,  5.97s/epoch, best=9.282e+00, sign=0.134, train=8.867e+00, val=9.331e+00]
GNN flow training:  76%|███████▌  | 76/100 [07:42<02:23,  5.97s/epoch, best=9.282e+00, sign=0.136, train=8.800e+00, val=9.190e+00]
GNN flow training:  77%|███████▋  | 77/100 [07:42<02:17,  5.97s/epoch, best=9.282e+00, sign=0.136, train=8.800e+00, val=9.190e+00]
GNN flow training:  77%|███████▋  | 77/100 [07:48<02:17,  5.97s/epoch, best=9.190e+00, sign=0.136, train=8.802e+00, val=9.158e+00]
GNN flow training:  78%|███████▊  | 78/100 [07:48<02:11,  5.97s/epoch, best=9.190e+00, sign=0.136, train=8.802e+00, val=9.158e+00]
GNN flow training:  78%|███████▊  | 78/100 [07:54<02:11,  5.97s/epoch, best=9.158e+00, sign=0.138, train=8.855e+00, val=9.142e+00]
GNN flow training:  79%|███████▉  | 79/100 [07:54<02:05,  5.98s/epoch, best=9.158e+00, sign=0.138, train=8.855e+00, val=9.142e+00]
GNN flow training:  79%|███████▉  | 79/100 [08:00<02:05,  5.98s/epoch, best=9.142e+00, sign=0.138, train=8.892e+00, val=9.128e+00]
GNN flow training:  80%|████████  | 80/100 [08:00<01:59,  5.99s/epoch, best=9.142e+00, sign=0.138, train=8.892e+00, val=9.128e+00]
GNN flow training:  80%|████████  | 80/100 [08:06<01:59,  5.99s/epoch, best=9.128e+00, sign=0.137, train=8.890e+00, val=9.101e+00]
GNN flow training:  81%|████████  | 81/100 [08:06<01:53,  5.98s/epoch, best=9.128e+00, sign=0.137, train=8.890e+00, val=9.101e+00]
GNN flow training:  81%|████████  | 81/100 [08:12<01:53,  5.98s/epoch, best=9.101e+00, sign=0.137, train=8.849e+00, val=9.097e+00]
GNN flow training:  82%|████████▏ | 82/100 [08:12<01:47,  5.98s/epoch, best=9.101e+00, sign=0.137, train=8.849e+00, val=9.097e+00]
GNN flow training:  82%|████████▏ | 82/100 [08:18<01:47,  5.98s/epoch, best=9.097e+00, sign=0.136, train=8.799e+00, val=9.095e+00]
GNN flow training:  83%|████████▎ | 83/100 [08:18<01:41,  5.98s/epoch, best=9.097e+00, sign=0.136, train=8.799e+00, val=9.095e+00]
GNN flow training:  83%|████████▎ | 83/100 [08:24<01:41,  5.98s/epoch, best=9.095e+00, sign=0.135, train=8.735e+00, val=9.108e+00]
GNN flow training:  84%|████████▍ | 84/100 [08:24<01:35,  5.99s/epoch, best=9.095e+00, sign=0.135, train=8.735e+00, val=9.108e+00]
GNN flow training:  84%|████████▍ | 84/100 [08:30<01:35,  5.99s/epoch, best=9.095e+00, sign=0.134, train=8.679e+00, val=9.137e+00]
GNN flow training:  85%|████████▌ | 85/100 [08:30<01:29,  5.99s/epoch, best=9.095e+00, sign=0.134, train=8.679e+00, val=9.137e+00]
GNN flow training:  85%|████████▌ | 85/100 [08:36<01:29,  5.99s/epoch, best=9.095e+00, sign=0.133, train=8.648e+00, val=9.186e+00]
GNN flow training:  86%|████████▌ | 86/100 [08:36<01:23,  5.99s/epoch, best=9.095e+00, sign=0.133, train=8.648e+00, val=9.186e+00]
GNN flow training:  86%|████████▌ | 86/100 [08:42<01:23,  5.99s/epoch, best=9.095e+00, sign=0.133, train=8.646e+00, val=9.234e+00]
GNN flow training:  87%|████████▋ | 87/100 [08:42<01:18,  6.02s/epoch, best=9.095e+00, sign=0.133, train=8.646e+00, val=9.234e+00]
GNN flow training:  87%|████████▋ | 87/100 [08:48<01:18,  6.02s/epoch, best=9.095e+00, sign=0.132, train=8.638e+00, val=9.227e+00]
GNN flow training:  88%|████████▊ | 88/100 [08:48<01:12,  6.04s/epoch, best=9.095e+00, sign=0.132, train=8.638e+00, val=9.227e+00]
GNN flow training:  88%|████████▊ | 88/100 [08:54<01:12,  6.04s/epoch, best=9.095e+00, sign=0.132, train=8.608e+00, val=9.302e+00]
GNN flow training:  89%|████████▉ | 89/100 [08:54<01:06,  6.02s/epoch, best=9.095e+00, sign=0.132, train=8.608e+00, val=9.302e+00]
GNN flow training:  89%|████████▉ | 89/100 [09:00<01:06,  6.02s/epoch, best=9.095e+00, sign=0.132, train=8.625e+00, val=9.316e+00]
GNN flow training:  90%|█████████ | 90/100 [09:00<01:00,  6.02s/epoch, best=9.095e+00, sign=0.132, train=8.625e+00, val=9.316e+00]
GNN flow training:  90%|█████████ | 90/100 [09:06<01:00,  6.02s/epoch, best=9.095e+00, sign=0.133, train=8.622e+00, val=9.309e+00]
GNN flow training:  91%|█████████ | 91/100 [09:06<00:54,  6.04s/epoch, best=9.095e+00, sign=0.133, train=8.622e+00, val=9.309e+00]
GNN flow training:  91%|█████████ | 91/100 [09:12<00:54,  6.04s/epoch, best=9.095e+00, sign=0.132, train=8.619e+00, val=9.289e+00]
GNN flow training:  92%|█████████▏| 92/100 [09:12<00:48,  6.06s/epoch, best=9.095e+00, sign=0.132, train=8.619e+00, val=9.289e+00]
GNN flow training:  92%|█████████▏| 92/100 [09:19<00:48,  6.06s/epoch, best=9.095e+00, sign=0.134, train=8.611e+00, val=9.280e+00]
GNN flow training:  93%|█████████▎| 93/100 [09:19<00:42,  6.07s/epoch, best=9.095e+00, sign=0.134, train=8.611e+00, val=9.280e+00]
GNN flow training:  93%|█████████▎| 93/100 [09:25<00:42,  6.07s/epoch, best=9.095e+00, sign=0.134, train=8.618e+00, val=9.239e+00]
GNN flow training:  94%|█████████▍| 94/100 [09:25<00:36,  6.05s/epoch, best=9.095e+00, sign=0.134, train=8.618e+00, val=9.239e+00]
GNN flow training:  94%|█████████▍| 94/100 [09:30<00:36,  6.05s/epoch, best=9.095e+00, sign=0.134, train=8.604e+00, val=9.206e+00]
GNN flow training:  95%|█████████▌| 95/100 [09:30<00:30,  6.02s/epoch, best=9.095e+00, sign=0.134, train=8.604e+00, val=9.206e+00]
GNN flow training:  95%|█████████▌| 95/100 [09:37<00:30,  6.02s/epoch, best=9.095e+00, sign=0.134, train=8.585e+00, val=9.172e+00]
GNN flow training:  96%|█████████▌| 96/100 [09:37<00:24,  6.03s/epoch, best=9.095e+00, sign=0.134, train=8.585e+00, val=9.172e+00]
GNN flow training:  96%|█████████▌| 96/100 [09:43<00:24,  6.03s/epoch, best=9.095e+00, sign=0.134, train=8.556e+00, val=9.135e+00]
GNN flow training:  97%|█████████▋| 97/100 [09:43<00:18,  6.03s/epoch, best=9.095e+00, sign=0.134, train=8.556e+00, val=9.135e+00]
GNN flow training:  97%|█████████▋| 97/100 [09:49<00:18,  6.03s/epoch, best=9.095e+00, sign=0.134, train=8.531e+00, val=9.107e+00]
GNN flow training:  98%|█████████▊| 98/100 [09:49<00:12,  6.05s/epoch, best=9.095e+00, sign=0.134, train=8.531e+00, val=9.107e+00]
GNN flow training:  98%|█████████▊| 98/100 [09:55<00:12,  6.05s/epoch, best=9.095e+00, sign=0.133, train=8.503e+00, val=9.080e+00]
GNN flow training:  99%|█████████▉| 99/100 [09:55<00:06,  6.06s/epoch, best=9.095e+00, sign=0.133, train=8.503e+00, val=9.080e+00]
GNN flow training:  99%|█████████▉| 99/100 [10:01<00:06,  6.06s/epoch, best=9.080e+00, sign=0.134, train=8.472e+00, val=9.085e+00]
GNN flow training: 100%|██████████| 100/100 [10:01<00:00,  6.05s/epoch, best=9.080e+00, sign=0.134, train=8.472e+00, val=9.085e+00]
GNN flow training: 100%|██████████| 100/100 [10:01<00:00,  6.01s/epoch, best=9.080e+00, sign=0.134, train=8.472e+00, val=9.085e+00]
Resolved config snapshot:
{'preset': 'solver_QKB_outer_QKBdelta', 'gnn_outer_losses': {'flow': 100.0, 'kirchhoff': 1.0, 'boundary': 100.0, 'delta_l2': 10.0, 'delta_smooth': 0.0, 'pressure_shape': 0.0}, 'physics': {'arterial_flow_mode': 'dataset', 'pressure_constraints': ['equal-a-equal-v'], 'alpha_pa': None, 'use_snr_weights': True, 'use_observed_flow_snr_weighting': True, 'flow_scale_mode': 'median_abs', 'solver_device': 'same', 'pressure_solver_mode': 'reduced-soft-constrained-lstsq', 'pressure_solver_lambda_kirchhoff': 1.0, 'pressure_solver_lambda_pressure_constraints': 100.0, 'pressure_solver_lambda_flow_residual': 1.0, 'pressure_shape_reference': 'delta_zero_reference', 'pressure_detach': False}, 'correction_bounds': {'correction_min': -0.5, 'correction_max': 0.5, 'correction_bound': 0.5, 'correction_parameterization': 'tanh'}, 'optimization': {'learning_rate': 0.001, 'weight_decay': 0.0001, 'gradient_clip_norm': 5.0, 'optimizer': 'adamw', 'epochs': 100, 'patience': 40}}
Shard 55/80: 1 of 80 runs
Command: /mnt/home/sswee/miniforge3/envs/yolk-sac/bin/python /mnt/home/sswee/yolk/Yolk-Sac-Flow-Data-and-Sim/gnn_clean/scripts/python/gnn_flow.py /mnt/home/sswee/yolk/Yolk-Sac-Flow-Data-and-Sim/gnn_clean/datasets/mosaic_graph_norm_canonical.gpickle --output-dir /mnt/home/sswee/yolk/Yolk-Sac-Flow-Data-and-Sim/gnn_clean/outputs_canonical_norm/dc/02_physics_weight_sweep/gnn --run-name q_100__k_1__delta_10 --preset solver_QKB_outer_QKBdelta --device cuda --epochs 100 --seed 0 --viscosity-pa-s 0.0035 --config /mnt/home/sswee/yolk/Yolk-Sac-Flow-Data-and-Sim/gnn_clean/outputs_canonical_norm/dc/02_physics_weight_sweep/_generated_configs/q_100__k_1__delta_10.yaml --no-pressure-detach
