[info] DC Step 2 canonical sweep uses fixed lambda_B=100.0 for both the outer boundary loss and the reduced pressure-solver boundary constraint.

GNN flow training:   0%|          | 0/100 [00:00<?, ?epoch/s]
GNN flow training:   0%|          | 0/100 [00:04<?, ?epoch/s, best=1.195e+00, sign=0.161, train=1.177e+00, val=1.195e+00]
GNN flow training:   1%|          | 1/100 [00:04<07:37,  4.62s/epoch, best=1.195e+00, sign=0.161, train=1.177e+00, val=1.195e+00]
GNN flow training:   1%|          | 1/100 [00:09<07:37,  4.62s/epoch, best=1.195e+00, sign=0.160, train=1.177e+00, val=1.191e+00]
GNN flow training:   2%|▏         | 2/100 [00:09<07:29,  4.59s/epoch, best=1.195e+00, sign=0.160, train=1.177e+00, val=1.191e+00]
GNN flow training:   2%|▏         | 2/100 [00:13<07:29,  4.59s/epoch, best=1.191e+00, sign=0.160, train=1.174e+00, val=1.193e+00]
GNN flow training:   3%|▎         | 3/100 [00:13<07:21,  4.55s/epoch, best=1.191e+00, sign=0.160, train=1.174e+00, val=1.193e+00]
GNN flow training:   3%|▎         | 3/100 [00:18<07:21,  4.55s/epoch, best=1.191e+00, sign=0.159, train=1.175e+00, val=1.196e+00]
GNN flow training:   4%|▍         | 4/100 [00:18<07:14,  4.53s/epoch, best=1.191e+00, sign=0.159, train=1.175e+00, val=1.196e+00]
GNN flow training:   4%|▍         | 4/100 [00:22<07:14,  4.53s/epoch, best=1.191e+00, sign=0.159, train=1.177e+00, val=1.193e+00]
GNN flow training:   5%|▌         | 5/100 [00:22<07:11,  4.54s/epoch, best=1.191e+00, sign=0.159, train=1.177e+00, val=1.193e+00]
GNN flow training:   5%|▌         | 5/100 [00:27<07:11,  4.54s/epoch, best=1.191e+00, sign=0.159, train=1.174e+00, val=1.193e+00]
GNN flow training:   6%|▌         | 6/100 [00:27<07:07,  4.54s/epoch, best=1.191e+00, sign=0.159, train=1.174e+00, val=1.193e+00]
GNN flow training:   6%|▌         | 6/100 [00:31<07:07,  4.54s/epoch, best=1.191e+00, sign=0.160, train=1.174e+00, val=1.191e+00]
GNN flow training:   7%|▋         | 7/100 [00:31<07:04,  4.57s/epoch, best=1.191e+00, sign=0.160, train=1.174e+00, val=1.191e+00]
GNN flow training:   7%|▋         | 7/100 [00:36<07:04,  4.57s/epoch, best=1.191e+00, sign=0.161, train=1.173e+00, val=1.194e+00]
GNN flow training:   8%|▊         | 8/100 [00:36<06:59,  4.55s/epoch, best=1.191e+00, sign=0.161, train=1.173e+00, val=1.194e+00]
GNN flow training:   8%|▊         | 8/100 [00:41<06:59,  4.55s/epoch, best=1.191e+00, sign=0.161, train=1.176e+00, val=1.193e+00]
GNN flow training:   9%|▉         | 9/100 [00:41<06:55,  4.57s/epoch, best=1.191e+00, sign=0.161, train=1.176e+00, val=1.193e+00]
GNN flow training:   9%|▉         | 9/100 [00:45<06:55,  4.57s/epoch, best=1.191e+00, sign=0.161, train=1.175e+00, val=1.188e+00]
GNN flow training:  10%|█         | 10/100 [00:45<06:49,  4.55s/epoch, best=1.191e+00, sign=0.161, train=1.175e+00, val=1.188e+00]
GNN flow training:  10%|█         | 10/100 [00:50<06:49,  4.55s/epoch, best=1.188e+00, sign=0.161, train=1.171e+00, val=1.190e+00]
GNN flow training:  11%|█         | 11/100 [00:50<06:44,  4.54s/epoch, best=1.188e+00, sign=0.161, train=1.171e+00, val=1.190e+00]
GNN flow training:  11%|█         | 11/100 [00:54<06:44,  4.54s/epoch, best=1.188e+00, sign=0.161, train=1.173e+00, val=1.190e+00]
GNN flow training:  12%|█▏        | 12/100 [00:54<06:39,  4.54s/epoch, best=1.188e+00, sign=0.161, train=1.173e+00, val=1.190e+00]
GNN flow training:  12%|█▏        | 12/100 [00:59<06:39,  4.54s/epoch, best=1.188e+00, sign=0.161, train=1.173e+00, val=1.189e+00]
GNN flow training:  13%|█▎        | 13/100 [00:59<06:34,  4.53s/epoch, best=1.188e+00, sign=0.161, train=1.173e+00, val=1.189e+00]
GNN flow training:  13%|█▎        | 13/100 [01:03<06:34,  4.53s/epoch, best=1.188e+00, sign=0.161, train=1.172e+00, val=1.189e+00]
GNN flow training:  14%|█▍        | 14/100 [01:03<06:31,  4.55s/epoch, best=1.188e+00, sign=0.161, train=1.172e+00, val=1.189e+00]
GNN flow training:  14%|█▍        | 14/100 [01:08<06:31,  4.55s/epoch, best=1.188e+00, sign=0.160, train=1.172e+00, val=1.190e+00]
GNN flow training:  15%|█▌        | 15/100 [01:08<06:26,  4.55s/epoch, best=1.188e+00, sign=0.160, train=1.172e+00, val=1.190e+00]
GNN flow training:  15%|█▌        | 15/100 [01:12<06:26,  4.55s/epoch, best=1.188e+00, sign=0.160, train=1.172e+00, val=1.189e+00]
GNN flow training:  16%|█▌        | 16/100 [01:12<06:21,  4.54s/epoch, best=1.188e+00, sign=0.160, train=1.172e+00, val=1.189e+00]
GNN flow training:  16%|█▌        | 16/100 [01:17<06:21,  4.54s/epoch, best=1.188e+00, sign=0.160, train=1.171e+00, val=1.186e+00]
GNN flow training:  17%|█▋        | 17/100 [01:17<06:17,  4.55s/epoch, best=1.188e+00, sign=0.160, train=1.171e+00, val=1.186e+00]
GNN flow training:  17%|█▋        | 17/100 [01:21<06:17,  4.55s/epoch, best=1.186e+00, sign=0.161, train=1.168e+00, val=1.185e+00]
GNN flow training:  18%|█▊        | 18/100 [01:21<06:11,  4.53s/epoch, best=1.186e+00, sign=0.161, train=1.168e+00, val=1.185e+00]
GNN flow training:  18%|█▊        | 18/100 [01:26<06:11,  4.53s/epoch, best=1.185e+00, sign=0.161, train=1.167e+00, val=1.181e+00]
GNN flow training:  19%|█▉        | 19/100 [01:26<06:06,  4.52s/epoch, best=1.185e+00, sign=0.161, train=1.167e+00, val=1.181e+00]
GNN flow training:  19%|█▉        | 19/100 [01:30<06:06,  4.52s/epoch, best=1.181e+00, sign=0.161, train=1.164e+00, val=1.179e+00]
GNN flow training:  20%|██        | 20/100 [01:30<06:00,  4.51s/epoch, best=1.181e+00, sign=0.161, train=1.164e+00, val=1.179e+00]
GNN flow training:  20%|██        | 20/100 [01:35<06:00,  4.51s/epoch, best=1.179e+00, sign=0.161, train=1.162e+00, val=1.181e+00]
GNN flow training:  21%|██        | 21/100 [01:35<05:57,  4.53s/epoch, best=1.179e+00, sign=0.161, train=1.162e+00, val=1.181e+00]
GNN flow training:  21%|██        | 21/100 [01:39<05:57,  4.53s/epoch, best=1.179e+00, sign=0.161, train=1.164e+00, val=1.182e+00]
GNN flow training:  22%|██▏       | 22/100 [01:39<05:54,  4.54s/epoch, best=1.179e+00, sign=0.161, train=1.164e+00, val=1.182e+00]
GNN flow training:  22%|██▏       | 22/100 [01:44<05:54,  4.54s/epoch, best=1.179e+00, sign=0.161, train=1.165e+00, val=1.179e+00]
GNN flow training:  23%|██▎       | 23/100 [01:44<05:48,  4.53s/epoch, best=1.179e+00, sign=0.161, train=1.165e+00, val=1.179e+00]
GNN flow training:  23%|██▎       | 23/100 [01:48<05:48,  4.53s/epoch, best=1.179e+00, sign=0.160, train=1.162e+00, val=1.178e+00]
GNN flow training:  24%|██▍       | 24/100 [01:48<05:44,  4.53s/epoch, best=1.179e+00, sign=0.160, train=1.162e+00, val=1.178e+00]
GNN flow training:  24%|██▍       | 24/100 [01:53<05:44,  4.53s/epoch, best=1.178e+00, sign=0.159, train=1.161e+00, val=1.179e+00]
GNN flow training:  25%|██▌       | 25/100 [01:53<05:39,  4.52s/epoch, best=1.178e+00, sign=0.159, train=1.161e+00, val=1.179e+00]
GNN flow training:  25%|██▌       | 25/100 [01:58<05:39,  4.52s/epoch, best=1.178e+00, sign=0.159, train=1.163e+00, val=1.182e+00]
GNN flow training:  26%|██▌       | 26/100 [01:58<05:35,  4.53s/epoch, best=1.178e+00, sign=0.159, train=1.163e+00, val=1.182e+00]
GNN flow training:  26%|██▌       | 26/100 [02:02<05:35,  4.53s/epoch, best=1.178e+00, sign=0.158, train=1.166e+00, val=1.178e+00]
GNN flow training:  27%|██▋       | 27/100 [02:02<05:29,  4.52s/epoch, best=1.178e+00, sign=0.158, train=1.166e+00, val=1.178e+00]
GNN flow training:  27%|██▋       | 27/100 [02:07<05:29,  4.52s/epoch, best=1.178e+00, sign=0.157, train=1.161e+00, val=1.177e+00]
GNN flow training:  28%|██▊       | 28/100 [02:07<05:25,  4.53s/epoch, best=1.178e+00, sign=0.157, train=1.161e+00, val=1.177e+00]
GNN flow training:  28%|██▊       | 28/100 [02:11<05:25,  4.53s/epoch, best=1.177e+00, sign=0.157, train=1.160e+00, val=1.177e+00]
GNN flow training:  29%|██▉       | 29/100 [02:11<05:21,  4.52s/epoch, best=1.177e+00, sign=0.157, train=1.160e+00, val=1.177e+00]
GNN flow training:  29%|██▉       | 29/100 [02:16<05:21,  4.52s/epoch, best=1.177e+00, sign=0.157, train=1.158e+00, val=1.176e+00]
GNN flow training:  30%|███       | 30/100 [02:16<05:15,  4.51s/epoch, best=1.177e+00, sign=0.157, train=1.158e+00, val=1.176e+00]
GNN flow training:  30%|███       | 30/100 [02:20<05:15,  4.51s/epoch, best=1.176e+00, sign=0.157, train=1.157e+00, val=1.173e+00]
GNN flow training:  31%|███       | 31/100 [02:20<05:11,  4.51s/epoch, best=1.176e+00, sign=0.157, train=1.157e+00, val=1.173e+00]
GNN flow training:  31%|███       | 31/100 [02:25<05:11,  4.51s/epoch, best=1.173e+00, sign=0.157, train=1.153e+00, val=1.171e+00]
GNN flow training:  32%|███▏      | 32/100 [02:25<05:07,  4.52s/epoch, best=1.173e+00, sign=0.157, train=1.153e+00, val=1.171e+00]
GNN flow training:  32%|███▏      | 32/100 [02:29<05:07,  4.52s/epoch, best=1.171e+00, sign=0.156, train=1.151e+00, val=1.171e+00]
GNN flow training:  33%|███▎      | 33/100 [02:29<05:02,  4.51s/epoch, best=1.171e+00, sign=0.156, train=1.151e+00, val=1.171e+00]
GNN flow training:  33%|███▎      | 33/100 [02:34<05:02,  4.51s/epoch, best=1.171e+00, sign=0.155, train=1.151e+00, val=1.171e+00]
GNN flow training:  34%|███▍      | 34/100 [02:34<04:57,  4.51s/epoch, best=1.171e+00, sign=0.155, train=1.151e+00, val=1.171e+00]
GNN flow training:  34%|███▍      | 34/100 [02:38<04:57,  4.51s/epoch, best=1.171e+00, sign=0.155, train=1.150e+00, val=1.168e+00]
GNN flow training:  35%|███▌      | 35/100 [02:38<04:54,  4.53s/epoch, best=1.171e+00, sign=0.155, train=1.150e+00, val=1.168e+00]
GNN flow training:  35%|███▌      | 35/100 [02:43<04:54,  4.53s/epoch, best=1.168e+00, sign=0.155, train=1.147e+00, val=1.168e+00]
GNN flow training:  36%|███▌      | 36/100 [02:43<04:50,  4.54s/epoch, best=1.168e+00, sign=0.155, train=1.147e+00, val=1.168e+00]
GNN flow training:  36%|███▌      | 36/100 [02:47<04:50,  4.54s/epoch, best=1.168e+00, sign=0.154, train=1.146e+00, val=1.166e+00]
GNN flow training:  37%|███▋      | 37/100 [02:47<04:48,  4.58s/epoch, best=1.168e+00, sign=0.154, train=1.146e+00, val=1.166e+00]
GNN flow training:  37%|███▋      | 37/100 [02:52<04:48,  4.58s/epoch, best=1.166e+00, sign=0.154, train=1.145e+00, val=1.167e+00]
GNN flow training:  38%|███▊      | 38/100 [02:52<04:44,  4.58s/epoch, best=1.166e+00, sign=0.154, train=1.145e+00, val=1.167e+00]
GNN flow training:  38%|███▊      | 38/100 [02:57<04:44,  4.58s/epoch, best=1.166e+00, sign=0.153, train=1.145e+00, val=1.173e+00]
GNN flow training:  39%|███▉      | 39/100 [02:57<04:37,  4.55s/epoch, best=1.166e+00, sign=0.153, train=1.145e+00, val=1.173e+00]
GNN flow training:  39%|███▉      | 39/100 [03:01<04:37,  4.55s/epoch, best=1.166e+00, sign=0.152, train=1.149e+00, val=1.181e+00]
GNN flow training:  40%|████      | 40/100 [03:01<04:32,  4.54s/epoch, best=1.166e+00, sign=0.152, train=1.149e+00, val=1.181e+00]
GNN flow training:  40%|████      | 40/100 [03:06<04:32,  4.54s/epoch, best=1.166e+00, sign=0.151, train=1.156e+00, val=1.185e+00]
GNN flow training:  41%|████      | 41/100 [03:06<04:28,  4.54s/epoch, best=1.166e+00, sign=0.151, train=1.156e+00, val=1.185e+00]
GNN flow training:  41%|████      | 41/100 [03:10<04:28,  4.54s/epoch, best=1.166e+00, sign=0.150, train=1.159e+00, val=1.192e+00]
GNN flow training:  42%|████▏     | 42/100 [03:10<04:22,  4.53s/epoch, best=1.166e+00, sign=0.150, train=1.159e+00, val=1.192e+00]
GNN flow training:  42%|████▏     | 42/100 [03:15<04:22,  4.53s/epoch, best=1.166e+00, sign=0.150, train=1.165e+00, val=1.191e+00]
GNN flow training:  43%|████▎     | 43/100 [03:15<04:17,  4.52s/epoch, best=1.166e+00, sign=0.150, train=1.165e+00, val=1.191e+00]
GNN flow training:  43%|████▎     | 43/100 [03:19<04:17,  4.52s/epoch, best=1.166e+00, sign=0.149, train=1.165e+00, val=1.199e+00]
GNN flow training:  44%|████▍     | 44/100 [03:19<04:13,  4.52s/epoch, best=1.166e+00, sign=0.149, train=1.165e+00, val=1.199e+00]
GNN flow training:  44%|████▍     | 44/100 [03:24<04:13,  4.52s/epoch, best=1.166e+00, sign=0.149, train=1.171e+00, val=1.198e+00]
GNN flow training:  45%|████▌     | 45/100 [03:24<04:08,  4.51s/epoch, best=1.166e+00, sign=0.149, train=1.171e+00, val=1.198e+00]
GNN flow training:  45%|████▌     | 45/100 [03:28<04:08,  4.51s/epoch, best=1.166e+00, sign=0.150, train=1.168e+00, val=1.194e+00]
GNN flow training:  46%|████▌     | 46/100 [03:28<04:03,  4.51s/epoch, best=1.166e+00, sign=0.150, train=1.168e+00, val=1.194e+00]
GNN flow training:  46%|████▌     | 46/100 [03:33<04:03,  4.51s/epoch, best=1.166e+00, sign=0.150, train=1.163e+00, val=1.191e+00]
GNN flow training:  47%|████▋     | 47/100 [03:33<03:59,  4.52s/epoch, best=1.166e+00, sign=0.150, train=1.163e+00, val=1.191e+00]
GNN flow training:  47%|████▋     | 47/100 [03:37<03:59,  4.52s/epoch, best=1.166e+00, sign=0.150, train=1.160e+00, val=1.184e+00]
GNN flow training:  48%|████▊     | 48/100 [03:37<03:56,  4.55s/epoch, best=1.166e+00, sign=0.150, train=1.160e+00, val=1.184e+00]
GNN flow training:  48%|████▊     | 48/100 [03:42<03:56,  4.55s/epoch, best=1.166e+00, sign=0.150, train=1.152e+00, val=1.181e+00]
GNN flow training:  49%|████▉     | 49/100 [03:42<03:51,  4.55s/epoch, best=1.166e+00, sign=0.150, train=1.152e+00, val=1.181e+00]
GNN flow training:  49%|████▉     | 49/100 [03:46<03:51,  4.55s/epoch, best=1.166e+00, sign=0.151, train=1.148e+00, val=1.170e+00]
GNN flow training:  50%|█████     | 50/100 [03:46<03:46,  4.53s/epoch, best=1.166e+00, sign=0.151, train=1.148e+00, val=1.170e+00]
GNN flow training:  50%|█████     | 50/100 [03:51<03:46,  4.53s/epoch, best=1.166e+00, sign=0.151, train=1.137e+00, val=1.160e+00]
GNN flow training:  51%|█████     | 51/100 [03:51<03:42,  4.54s/epoch, best=1.166e+00, sign=0.151, train=1.137e+00, val=1.160e+00]
GNN flow training:  51%|█████     | 51/100 [03:55<03:42,  4.54s/epoch, best=1.160e+00, sign=0.151, train=1.128e+00, val=1.156e+00]
GNN flow training:  52%|█████▏    | 52/100 [03:55<03:37,  4.53s/epoch, best=1.160e+00, sign=0.151, train=1.128e+00, val=1.156e+00]
GNN flow training:  52%|█████▏    | 52/100 [04:00<03:37,  4.53s/epoch, best=1.156e+00, sign=0.151, train=1.124e+00, val=1.156e+00]
GNN flow training:  53%|█████▎    | 53/100 [04:00<03:32,  4.53s/epoch, best=1.156e+00, sign=0.151, train=1.124e+00, val=1.156e+00]
GNN flow training:  53%|█████▎    | 53/100 [04:04<03:32,  4.53s/epoch, best=1.156e+00, sign=0.151, train=1.124e+00, val=1.153e+00]
GNN flow training:  54%|█████▍    | 54/100 [04:04<03:27,  4.51s/epoch, best=1.156e+00, sign=0.151, train=1.124e+00, val=1.153e+00]
GNN flow training:  54%|█████▍    | 54/100 [04:09<03:27,  4.51s/epoch, best=1.153e+00, sign=0.151, train=1.120e+00, val=1.153e+00]
GNN flow training:  55%|█████▌    | 55/100 [04:09<03:23,  4.52s/epoch, best=1.153e+00, sign=0.151, train=1.120e+00, val=1.153e+00]
GNN flow training:  55%|█████▌    | 55/100 [04:13<03:23,  4.52s/epoch, best=1.153e+00, sign=0.152, train=1.120e+00, val=1.152e+00]
GNN flow training:  56%|█████▌    | 56/100 [04:13<03:18,  4.52s/epoch, best=1.153e+00, sign=0.152, train=1.120e+00, val=1.152e+00]
GNN flow training:  56%|█████▌    | 56/100 [04:18<03:18,  4.52s/epoch, best=1.152e+00, sign=0.153, train=1.119e+00, val=1.150e+00]
GNN flow training:  57%|█████▋    | 57/100 [04:18<03:13,  4.51s/epoch, best=1.152e+00, sign=0.153, train=1.119e+00, val=1.150e+00]
GNN flow training:  57%|█████▋    | 57/100 [04:22<03:13,  4.51s/epoch, best=1.150e+00, sign=0.153, train=1.117e+00, val=1.147e+00]
GNN flow training:  58%|█████▊    | 58/100 [04:22<03:09,  4.51s/epoch, best=1.150e+00, sign=0.153, train=1.117e+00, val=1.147e+00]
GNN flow training:  58%|█████▊    | 58/100 [04:27<03:09,  4.51s/epoch, best=1.147e+00, sign=0.153, train=1.114e+00, val=1.149e+00]
GNN flow training:  59%|█████▉    | 59/100 [04:27<03:05,  4.52s/epoch, best=1.147e+00, sign=0.153, train=1.114e+00, val=1.149e+00]
GNN flow training:  59%|█████▉    | 59/100 [04:31<03:05,  4.52s/epoch, best=1.147e+00, sign=0.153, train=1.115e+00, val=1.150e+00]
GNN flow training:  60%|██████    | 60/100 [04:31<03:00,  4.51s/epoch, best=1.147e+00, sign=0.153, train=1.115e+00, val=1.150e+00]
GNN flow training:  60%|██████    | 60/100 [04:36<03:00,  4.51s/epoch, best=1.147e+00, sign=0.153, train=1.116e+00, val=1.148e+00]
GNN flow training:  61%|██████    | 61/100 [04:36<02:56,  4.52s/epoch, best=1.147e+00, sign=0.153, train=1.116e+00, val=1.148e+00]
GNN flow training:  61%|██████    | 61/100 [04:40<02:56,  4.52s/epoch, best=1.147e+00, sign=0.153, train=1.114e+00, val=1.147e+00]
GNN flow training:  62%|██████▏   | 62/100 [04:40<02:51,  4.52s/epoch, best=1.147e+00, sign=0.153, train=1.114e+00, val=1.147e+00]
GNN flow training:  62%|██████▏   | 62/100 [04:45<02:51,  4.52s/epoch, best=1.147e+00, sign=0.153, train=1.113e+00, val=1.145e+00]
GNN flow training:  63%|██████▎   | 63/100 [04:45<02:47,  4.53s/epoch, best=1.147e+00, sign=0.153, train=1.113e+00, val=1.145e+00]
GNN flow training:  63%|██████▎   | 63/100 [04:50<02:47,  4.53s/epoch, best=1.145e+00, sign=0.152, train=1.110e+00, val=1.139e+00]
GNN flow training:  64%|██████▍   | 64/100 [04:50<02:43,  4.53s/epoch, best=1.145e+00, sign=0.152, train=1.110e+00, val=1.139e+00]
GNN flow training:  64%|██████▍   | 64/100 [04:54<02:43,  4.53s/epoch, best=1.139e+00, sign=0.152, train=1.106e+00, val=1.134e+00]
GNN flow training:  65%|██████▌   | 65/100 [04:54<02:38,  4.54s/epoch, best=1.139e+00, sign=0.152, train=1.106e+00, val=1.134e+00]
GNN flow training:  65%|██████▌   | 65/100 [04:59<02:38,  4.54s/epoch, best=1.134e+00, sign=0.152, train=1.102e+00, val=1.135e+00]
GNN flow training:  66%|██████▌   | 66/100 [04:59<02:33,  4.52s/epoch, best=1.134e+00, sign=0.152, train=1.102e+00, val=1.135e+00]
GNN flow training:  66%|██████▌   | 66/100 [05:03<02:33,  4.52s/epoch, best=1.134e+00, sign=0.152, train=1.102e+00, val=1.134e+00]
GNN flow training:  67%|██████▋   | 67/100 [05:03<02:29,  4.52s/epoch, best=1.134e+00, sign=0.152, train=1.102e+00, val=1.134e+00]
GNN flow training:  67%|██████▋   | 67/100 [05:08<02:29,  4.52s/epoch, best=1.134e+00, sign=0.151, train=1.101e+00, val=1.133e+00]
GNN flow training:  68%|██████▊   | 68/100 [05:08<02:24,  4.52s/epoch, best=1.134e+00, sign=0.151, train=1.101e+00, val=1.133e+00]
GNN flow training:  68%|██████▊   | 68/100 [05:12<02:24,  4.52s/epoch, best=1.133e+00, sign=0.151, train=1.099e+00, val=1.133e+00]
GNN flow training:  69%|██████▉   | 69/100 [05:12<02:20,  4.52s/epoch, best=1.133e+00, sign=0.151, train=1.099e+00, val=1.133e+00]
GNN flow training:  69%|██████▉   | 69/100 [05:17<02:20,  4.52s/epoch, best=1.133e+00, sign=0.150, train=1.098e+00, val=1.132e+00]
GNN flow training:  70%|███████   | 70/100 [05:17<02:15,  4.52s/epoch, best=1.133e+00, sign=0.150, train=1.098e+00, val=1.132e+00]
GNN flow training:  70%|███████   | 70/100 [05:21<02:15,  4.52s/epoch, best=1.132e+00, sign=0.150, train=1.095e+00, val=1.131e+00]
GNN flow training:  71%|███████   | 71/100 [05:21<02:11,  4.52s/epoch, best=1.132e+00, sign=0.150, train=1.095e+00, val=1.131e+00]
GNN flow training:  71%|███████   | 71/100 [05:26<02:11,  4.52s/epoch, best=1.131e+00, sign=0.148, train=1.092e+00, val=1.135e+00]
GNN flow training:  72%|███████▏  | 72/100 [05:26<02:06,  4.52s/epoch, best=1.131e+00, sign=0.148, train=1.092e+00, val=1.135e+00]
GNN flow training:  72%|███████▏  | 72/100 [05:30<02:06,  4.52s/epoch, best=1.131e+00, sign=0.148, train=1.094e+00, val=1.136e+00]
GNN flow training:  73%|███████▎  | 73/100 [05:30<02:02,  4.53s/epoch, best=1.131e+00, sign=0.148, train=1.094e+00, val=1.136e+00]
GNN flow training:  73%|███████▎  | 73/100 [05:35<02:02,  4.53s/epoch, best=1.131e+00, sign=0.149, train=1.094e+00, val=1.135e+00]
GNN flow training:  74%|███████▍  | 74/100 [05:35<01:57,  4.53s/epoch, best=1.131e+00, sign=0.149, train=1.094e+00, val=1.135e+00]
GNN flow training:  74%|███████▍  | 74/100 [05:39<01:57,  4.53s/epoch, best=1.131e+00, sign=0.147, train=1.093e+00, val=1.139e+00]
GNN flow training:  75%|███████▌  | 75/100 [05:39<01:53,  4.53s/epoch, best=1.131e+00, sign=0.147, train=1.093e+00, val=1.139e+00]
GNN flow training:  75%|███████▌  | 75/100 [05:44<01:53,  4.53s/epoch, best=1.131e+00, sign=0.146, train=1.096e+00, val=1.142e+00]
GNN flow training:  76%|███████▌  | 76/100 [05:44<01:48,  4.51s/epoch, best=1.131e+00, sign=0.146, train=1.096e+00, val=1.142e+00]
GNN flow training:  76%|███████▌  | 76/100 [05:48<01:48,  4.51s/epoch, best=1.131e+00, sign=0.145, train=1.097e+00, val=1.152e+00]
GNN flow training:  77%|███████▋  | 77/100 [05:48<01:43,  4.51s/epoch, best=1.131e+00, sign=0.145, train=1.097e+00, val=1.152e+00]
GNN flow training:  77%|███████▋  | 77/100 [05:53<01:43,  4.51s/epoch, best=1.131e+00, sign=0.144, train=1.104e+00, val=1.155e+00]
GNN flow training:  78%|███████▊  | 78/100 [05:53<01:39,  4.51s/epoch, best=1.131e+00, sign=0.144, train=1.104e+00, val=1.155e+00]
GNN flow training:  78%|███████▊  | 78/100 [05:57<01:39,  4.51s/epoch, best=1.131e+00, sign=0.144, train=1.106e+00, val=1.156e+00]
GNN flow training:  79%|███████▉  | 79/100 [05:57<01:34,  4.51s/epoch, best=1.131e+00, sign=0.144, train=1.106e+00, val=1.156e+00]
GNN flow training:  79%|███████▉  | 79/100 [06:02<01:34,  4.51s/epoch, best=1.131e+00, sign=0.144, train=1.107e+00, val=1.144e+00]
GNN flow training:  80%|████████  | 80/100 [06:02<01:30,  4.52s/epoch, best=1.131e+00, sign=0.144, train=1.107e+00, val=1.144e+00]
GNN flow training:  80%|████████  | 80/100 [06:06<01:30,  4.52s/epoch, best=1.131e+00, sign=0.144, train=1.098e+00, val=1.130e+00]
GNN flow training:  81%|████████  | 81/100 [06:06<01:26,  4.53s/epoch, best=1.131e+00, sign=0.144, train=1.098e+00, val=1.130e+00]
GNN flow training:  81%|████████  | 81/100 [06:11<01:26,  4.53s/epoch, best=1.130e+00, sign=0.145, train=1.089e+00, val=1.120e+00]
GNN flow training:  82%|████████▏ | 82/100 [06:11<01:21,  4.53s/epoch, best=1.130e+00, sign=0.145, train=1.089e+00, val=1.120e+00]
GNN flow training:  82%|████████▏ | 82/100 [06:16<01:21,  4.53s/epoch, best=1.120e+00, sign=0.147, train=1.082e+00, val=1.118e+00]
GNN flow training:  83%|████████▎ | 83/100 [06:16<01:17,  4.53s/epoch, best=1.120e+00, sign=0.147, train=1.082e+00, val=1.118e+00]
GNN flow training:  83%|████████▎ | 83/100 [06:20<01:17,  4.53s/epoch, best=1.118e+00, sign=0.148, train=1.081e+00, val=1.115e+00]
GNN flow training:  84%|████████▍ | 84/100 [06:20<01:12,  4.53s/epoch, best=1.118e+00, sign=0.148, train=1.081e+00, val=1.115e+00]
GNN flow training:  84%|████████▍ | 84/100 [06:25<01:12,  4.53s/epoch, best=1.115e+00, sign=0.149, train=1.080e+00, val=1.117e+00]
GNN flow training:  85%|████████▌ | 85/100 [06:25<01:08,  4.53s/epoch, best=1.115e+00, sign=0.149, train=1.080e+00, val=1.117e+00]
GNN flow training:  85%|████████▌ | 85/100 [06:29<01:08,  4.53s/epoch, best=1.115e+00, sign=0.149, train=1.082e+00, val=1.121e+00]
GNN flow training:  86%|████████▌ | 86/100 [06:29<01:03,  4.54s/epoch, best=1.115e+00, sign=0.149, train=1.082e+00, val=1.121e+00]
GNN flow training:  86%|████████▌ | 86/100 [06:34<01:03,  4.54s/epoch, best=1.115e+00, sign=0.149, train=1.085e+00, val=1.121e+00]
GNN flow training:  87%|████████▋ | 87/100 [06:34<00:58,  4.53s/epoch, best=1.115e+00, sign=0.149, train=1.085e+00, val=1.121e+00]
GNN flow training:  87%|████████▋ | 87/100 [06:38<00:58,  4.53s/epoch, best=1.115e+00, sign=0.150, train=1.084e+00, val=1.126e+00]
GNN flow training:  88%|████████▊ | 88/100 [06:38<00:54,  4.52s/epoch, best=1.115e+00, sign=0.150, train=1.084e+00, val=1.126e+00]
GNN flow training:  88%|████████▊ | 88/100 [06:43<00:54,  4.52s/epoch, best=1.115e+00, sign=0.149, train=1.086e+00, val=1.120e+00]
GNN flow training:  89%|████████▉ | 89/100 [06:43<00:49,  4.53s/epoch, best=1.115e+00, sign=0.149, train=1.086e+00, val=1.120e+00]
GNN flow training:  89%|████████▉ | 89/100 [06:47<00:49,  4.53s/epoch, best=1.115e+00, sign=0.149, train=1.078e+00, val=1.126e+00]
GNN flow training:  90%|█████████ | 90/100 [06:47<00:45,  4.52s/epoch, best=1.115e+00, sign=0.149, train=1.078e+00, val=1.126e+00]
GNN flow training:  90%|█████████ | 90/100 [06:52<00:45,  4.52s/epoch, best=1.115e+00, sign=0.149, train=1.080e+00, val=1.136e+00]
GNN flow training:  91%|█████████ | 91/100 [06:52<00:40,  4.54s/epoch, best=1.115e+00, sign=0.149, train=1.080e+00, val=1.136e+00]
GNN flow training:  91%|█████████ | 91/100 [06:56<00:40,  4.54s/epoch, best=1.115e+00, sign=0.146, train=1.086e+00, val=1.145e+00]
GNN flow training:  92%|█████████▏| 92/100 [06:56<00:36,  4.53s/epoch, best=1.115e+00, sign=0.146, train=1.086e+00, val=1.145e+00]
GNN flow training:  92%|█████████▏| 92/100 [07:01<00:36,  4.53s/epoch, best=1.115e+00, sign=0.147, train=1.093e+00, val=1.147e+00]
GNN flow training:  93%|█████████▎| 93/100 [07:01<00:31,  4.52s/epoch, best=1.115e+00, sign=0.147, train=1.093e+00, val=1.147e+00]
GNN flow training:  93%|█████████▎| 93/100 [07:05<00:31,  4.52s/epoch, best=1.115e+00, sign=0.146, train=1.096e+00, val=1.139e+00]
GNN flow training:  94%|█████████▍| 94/100 [07:05<00:27,  4.52s/epoch, best=1.115e+00, sign=0.146, train=1.096e+00, val=1.139e+00]
GNN flow training:  94%|█████████▍| 94/100 [07:10<00:27,  4.52s/epoch, best=1.115e+00, sign=0.146, train=1.090e+00, val=1.123e+00]
GNN flow training:  95%|█████████▌| 95/100 [07:10<00:22,  4.51s/epoch, best=1.115e+00, sign=0.146, train=1.090e+00, val=1.123e+00]
GNN flow training:  95%|█████████▌| 95/100 [07:14<00:22,  4.51s/epoch, best=1.115e+00, sign=0.145, train=1.075e+00, val=1.118e+00]
GNN flow training:  96%|█████████▌| 96/100 [07:14<00:18,  4.51s/epoch, best=1.115e+00, sign=0.145, train=1.075e+00, val=1.118e+00]
GNN flow training:  96%|█████████▌| 96/100 [07:19<00:18,  4.51s/epoch, best=1.115e+00, sign=0.145, train=1.071e+00, val=1.118e+00]
GNN flow training:  97%|█████████▋| 97/100 [07:19<00:13,  4.52s/epoch, best=1.115e+00, sign=0.145, train=1.071e+00, val=1.118e+00]
GNN flow training:  97%|█████████▋| 97/100 [07:23<00:13,  4.52s/epoch, best=1.115e+00, sign=0.145, train=1.072e+00, val=1.114e+00]
GNN flow training:  98%|█████████▊| 98/100 [07:23<00:09,  4.52s/epoch, best=1.115e+00, sign=0.145, train=1.072e+00, val=1.114e+00]
GNN flow training:  98%|█████████▊| 98/100 [07:28<00:09,  4.52s/epoch, best=1.114e+00, sign=0.145, train=1.071e+00, val=1.109e+00]
GNN flow training:  99%|█████████▉| 99/100 [07:28<00:04,  4.52s/epoch, best=1.114e+00, sign=0.145, train=1.071e+00, val=1.109e+00]
GNN flow training:  99%|█████████▉| 99/100 [07:32<00:04,  4.52s/epoch, best=1.109e+00, sign=0.143, train=1.070e+00, val=1.104e+00]
GNN flow training: 100%|██████████| 100/100 [07:32<00:00,  4.53s/epoch, best=1.109e+00, sign=0.143, train=1.070e+00, val=1.104e+00]
GNN flow training: 100%|██████████| 100/100 [07:32<00:00,  4.53s/epoch, best=1.109e+00, sign=0.143, train=1.070e+00, val=1.104e+00]
Resolved config snapshot:
{'preset': 'solver_QKB_outer_QKBdelta', 'gnn_outer_losses': {'flow': 10.0, 'kirchhoff': 0.1, 'boundary': 100.0, 'delta_l2': 10.0, 'delta_smooth': 0.0, 'pressure_shape': 0.0}, 'physics': {'arterial_flow_mode': 'dataset', 'pressure_constraints': ['equal-a-equal-v'], 'alpha_pa': None, 'use_snr_weights': True, 'use_observed_flow_snr_weighting': True, 'flow_scale_mode': 'median_abs', 'solver_device': 'same', 'pressure_solver_mode': 'reduced-soft-constrained-lstsq', 'pressure_solver_lambda_kirchhoff': 1.0, 'pressure_solver_lambda_pressure_constraints': 100.0, 'pressure_solver_lambda_flow_residual': 1.0, 'pressure_shape_reference': 'delta_zero_reference', 'pressure_detach': False}, 'correction_bounds': {'correction_min': -0.5, 'correction_max': 0.5, 'correction_bound': 0.5, 'correction_parameterization': 'tanh'}, 'optimization': {'learning_rate': 0.001, 'weight_decay': 0.0001, 'gradient_clip_norm': 5.0, 'optimizer': 'adamw', 'epochs': 100, 'patience': 40}}
Shard 35/80: 1 of 80 runs
Command: /mnt/home/sswee/miniforge3/envs/yolk-sac/bin/python /mnt/home/sswee/yolk/Yolk-Sac-Flow-Data-and-Sim/gnn_clean/scripts/python/gnn_flow.py /mnt/home/sswee/yolk/Yolk-Sac-Flow-Data-and-Sim/gnn_clean/datasets/mosaic_graph_norm_canonical.gpickle --output-dir /mnt/home/sswee/yolk/Yolk-Sac-Flow-Data-and-Sim/gnn_clean/outputs_canonical_norm/dc/02_physics_weight_sweep/gnn --run-name q_10__k_0p1__delta_10 --preset solver_QKB_outer_QKBdelta --device cuda --epochs 100 --seed 0 --viscosity-pa-s 0.0035 --config /mnt/home/sswee/yolk/Yolk-Sac-Flow-Data-and-Sim/gnn_clean/outputs_canonical_norm/dc/02_physics_weight_sweep/_generated_configs/q_10__k_0p1__delta_10.yaml --no-pressure-detach
