[info] DC Step 2 canonical sweep uses fixed lambda_B=100.0 for both the outer boundary loss and the reduced pressure-solver boundary constraint.

GNN flow training:   0%|          | 0/100 [00:00<?, ?epoch/s]
GNN flow training:   0%|          | 0/100 [00:06<?, ?epoch/s, best=1.737e+02, sign=0.161, train=1.738e+02, val=1.737e+02]
GNN flow training:   1%|          | 1/100 [00:06<10:09,  6.15s/epoch, best=1.737e+02, sign=0.161, train=1.738e+02, val=1.737e+02]
GNN flow training:   1%|          | 1/100 [00:12<10:09,  6.15s/epoch, best=1.737e+02, sign=0.160, train=1.735e+02, val=1.737e+02]
GNN flow training:   2%|▏         | 2/100 [00:12<09:58,  6.10s/epoch, best=1.737e+02, sign=0.160, train=1.735e+02, val=1.737e+02]
GNN flow training:   2%|▏         | 2/100 [00:18<09:58,  6.10s/epoch, best=1.737e+02, sign=0.161, train=1.735e+02, val=1.734e+02]
GNN flow training:   3%|▎         | 3/100 [00:18<09:50,  6.09s/epoch, best=1.737e+02, sign=0.161, train=1.735e+02, val=1.734e+02]
GNN flow training:   3%|▎         | 3/100 [00:24<09:50,  6.09s/epoch, best=1.734e+02, sign=0.159, train=1.732e+02, val=1.733e+02]
GNN flow training:   4%|▍         | 4/100 [00:24<09:49,  6.14s/epoch, best=1.734e+02, sign=0.159, train=1.732e+02, val=1.733e+02]
GNN flow training:   4%|▍         | 4/100 [00:30<09:49,  6.14s/epoch, best=1.733e+02, sign=0.159, train=1.731e+02, val=1.729e+02]
GNN flow training:   5%|▌         | 5/100 [00:30<09:41,  6.13s/epoch, best=1.733e+02, sign=0.159, train=1.731e+02, val=1.729e+02]
GNN flow training:   5%|▌         | 5/100 [00:36<09:41,  6.13s/epoch, best=1.729e+02, sign=0.160, train=1.727e+02, val=1.729e+02]
GNN flow training:   6%|▌         | 6/100 [00:36<09:33,  6.10s/epoch, best=1.729e+02, sign=0.160, train=1.727e+02, val=1.729e+02]
GNN flow training:   6%|▌         | 6/100 [00:42<09:33,  6.10s/epoch, best=1.729e+02, sign=0.161, train=1.728e+02, val=1.728e+02]
GNN flow training:   7%|▋         | 7/100 [00:42<09:26,  6.09s/epoch, best=1.729e+02, sign=0.161, train=1.728e+02, val=1.728e+02]
GNN flow training:   7%|▋         | 7/100 [00:48<09:26,  6.09s/epoch, best=1.728e+02, sign=0.161, train=1.726e+02, val=1.728e+02]
GNN flow training:   8%|▊         | 8/100 [00:48<09:18,  6.08s/epoch, best=1.728e+02, sign=0.161, train=1.726e+02, val=1.728e+02]
GNN flow training:   8%|▊         | 8/100 [00:54<09:18,  6.08s/epoch, best=1.728e+02, sign=0.161, train=1.726e+02, val=1.727e+02]
GNN flow training:   9%|▉         | 9/100 [00:54<09:11,  6.06s/epoch, best=1.728e+02, sign=0.161, train=1.726e+02, val=1.727e+02]
GNN flow training:   9%|▉         | 9/100 [01:00<09:11,  6.06s/epoch, best=1.727e+02, sign=0.161, train=1.725e+02, val=1.723e+02]
GNN flow training:  10%|█         | 10/100 [01:00<09:06,  6.07s/epoch, best=1.727e+02, sign=0.161, train=1.725e+02, val=1.723e+02]
GNN flow training:  10%|█         | 10/100 [01:06<09:06,  6.07s/epoch, best=1.723e+02, sign=0.161, train=1.721e+02, val=1.721e+02]
GNN flow training:  11%|█         | 11/100 [01:06<09:00,  6.08s/epoch, best=1.723e+02, sign=0.161, train=1.721e+02, val=1.721e+02]
GNN flow training:  11%|█         | 11/100 [01:13<09:00,  6.08s/epoch, best=1.721e+02, sign=0.160, train=1.719e+02, val=1.720e+02]
GNN flow training:  12%|█▏        | 12/100 [01:13<08:54,  6.07s/epoch, best=1.721e+02, sign=0.160, train=1.719e+02, val=1.720e+02]
GNN flow training:  12%|█▏        | 12/100 [01:19<08:54,  6.07s/epoch, best=1.720e+02, sign=0.160, train=1.718e+02, val=1.718e+02]
GNN flow training:  13%|█▎        | 13/100 [01:19<08:48,  6.07s/epoch, best=1.720e+02, sign=0.160, train=1.718e+02, val=1.718e+02]
GNN flow training:  13%|█▎        | 13/100 [01:25<08:48,  6.07s/epoch, best=1.718e+02, sign=0.160, train=1.716e+02, val=1.711e+02]
GNN flow training:  14%|█▍        | 14/100 [01:25<08:44,  6.10s/epoch, best=1.718e+02, sign=0.160, train=1.716e+02, val=1.711e+02]
GNN flow training:  14%|█▍        | 14/100 [01:31<08:44,  6.10s/epoch, best=1.711e+02, sign=0.160, train=1.709e+02, val=1.707e+02]
GNN flow training:  15%|█▌        | 15/100 [01:31<08:37,  6.09s/epoch, best=1.711e+02, sign=0.160, train=1.709e+02, val=1.707e+02]
GNN flow training:  15%|█▌        | 15/100 [01:37<08:37,  6.09s/epoch, best=1.707e+02, sign=0.159, train=1.705e+02, val=1.702e+02]
GNN flow training:  16%|█▌        | 16/100 [01:37<08:31,  6.09s/epoch, best=1.707e+02, sign=0.159, train=1.705e+02, val=1.702e+02]
GNN flow training:  16%|█▌        | 16/100 [01:43<08:31,  6.09s/epoch, best=1.702e+02, sign=0.159, train=1.699e+02, val=1.691e+02]
GNN flow training:  17%|█▋        | 17/100 [01:43<08:24,  6.08s/epoch, best=1.702e+02, sign=0.159, train=1.699e+02, val=1.691e+02]
GNN flow training:  17%|█▋        | 17/100 [01:49<08:24,  6.08s/epoch, best=1.691e+02, sign=0.159, train=1.689e+02, val=1.686e+02]
GNN flow training:  18%|█▊        | 18/100 [01:49<08:18,  6.07s/epoch, best=1.691e+02, sign=0.159, train=1.689e+02, val=1.686e+02]
GNN flow training:  18%|█▊        | 18/100 [01:55<08:18,  6.07s/epoch, best=1.686e+02, sign=0.158, train=1.683e+02, val=1.679e+02]
GNN flow training:  19%|█▉        | 19/100 [01:55<08:11,  6.06s/epoch, best=1.686e+02, sign=0.158, train=1.683e+02, val=1.679e+02]
GNN flow training:  19%|█▉        | 19/100 [02:01<08:11,  6.06s/epoch, best=1.679e+02, sign=0.157, train=1.676e+02, val=1.676e+02]
GNN flow training:  20%|██        | 20/100 [02:01<08:04,  6.05s/epoch, best=1.679e+02, sign=0.157, train=1.676e+02, val=1.676e+02]
GNN flow training:  20%|██        | 20/100 [02:07<08:04,  6.05s/epoch, best=1.676e+02, sign=0.157, train=1.673e+02, val=1.666e+02]
GNN flow training:  21%|██        | 21/100 [02:07<07:58,  6.06s/epoch, best=1.676e+02, sign=0.157, train=1.673e+02, val=1.666e+02]
GNN flow training:  21%|██        | 21/100 [02:13<07:58,  6.06s/epoch, best=1.666e+02, sign=0.157, train=1.663e+02, val=1.661e+02]
GNN flow training:  22%|██▏       | 22/100 [02:13<07:52,  6.06s/epoch, best=1.666e+02, sign=0.157, train=1.663e+02, val=1.661e+02]
GNN flow training:  22%|██▏       | 22/100 [02:19<07:52,  6.06s/epoch, best=1.661e+02, sign=0.158, train=1.658e+02, val=1.647e+02]
GNN flow training:  23%|██▎       | 23/100 [02:19<07:47,  6.07s/epoch, best=1.661e+02, sign=0.158, train=1.658e+02, val=1.647e+02]
GNN flow training:  23%|██▎       | 23/100 [02:26<07:47,  6.07s/epoch, best=1.647e+02, sign=0.159, train=1.644e+02, val=1.632e+02]
GNN flow training:  24%|██▍       | 24/100 [02:26<07:44,  6.11s/epoch, best=1.647e+02, sign=0.159, train=1.644e+02, val=1.632e+02]
GNN flow training:  24%|██▍       | 24/100 [02:32<07:44,  6.11s/epoch, best=1.632e+02, sign=0.158, train=1.628e+02, val=1.621e+02]
GNN flow training:  25%|██▌       | 25/100 [02:32<07:38,  6.11s/epoch, best=1.632e+02, sign=0.158, train=1.628e+02, val=1.621e+02]
GNN flow training:  25%|██▌       | 25/100 [02:38<07:38,  6.11s/epoch, best=1.621e+02, sign=0.159, train=1.617e+02, val=1.608e+02]
GNN flow training:  26%|██▌       | 26/100 [02:38<07:30,  6.09s/epoch, best=1.621e+02, sign=0.159, train=1.617e+02, val=1.608e+02]
GNN flow training:  26%|██▌       | 26/100 [02:44<07:30,  6.09s/epoch, best=1.608e+02, sign=0.159, train=1.604e+02, val=1.588e+02]
GNN flow training:  27%|██▋       | 27/100 [02:44<07:26,  6.11s/epoch, best=1.608e+02, sign=0.159, train=1.604e+02, val=1.588e+02]
GNN flow training:  27%|██▋       | 27/100 [02:50<07:26,  6.11s/epoch, best=1.588e+02, sign=0.159, train=1.584e+02, val=1.571e+02]
GNN flow training:  28%|██▊       | 28/100 [02:50<07:21,  6.13s/epoch, best=1.588e+02, sign=0.159, train=1.584e+02, val=1.571e+02]
GNN flow training:  28%|██▊       | 28/100 [02:56<07:21,  6.13s/epoch, best=1.571e+02, sign=0.158, train=1.566e+02, val=1.555e+02]
GNN flow training:  29%|██▉       | 29/100 [02:56<07:13,  6.10s/epoch, best=1.571e+02, sign=0.158, train=1.566e+02, val=1.555e+02]
GNN flow training:  29%|██▉       | 29/100 [03:02<07:13,  6.10s/epoch, best=1.555e+02, sign=0.158, train=1.550e+02, val=1.533e+02]
GNN flow training:  30%|███       | 30/100 [03:02<07:06,  6.09s/epoch, best=1.555e+02, sign=0.158, train=1.550e+02, val=1.533e+02]
GNN flow training:  30%|███       | 30/100 [03:08<07:06,  6.09s/epoch, best=1.533e+02, sign=0.158, train=1.527e+02, val=1.487e+02]
GNN flow training:  31%|███       | 31/100 [03:08<06:59,  6.08s/epoch, best=1.533e+02, sign=0.158, train=1.527e+02, val=1.487e+02]
GNN flow training:  31%|███       | 31/100 [03:14<06:59,  6.08s/epoch, best=1.487e+02, sign=0.158, train=1.481e+02, val=1.460e+02]
GNN flow training:  32%|███▏      | 32/100 [03:14<06:53,  6.09s/epoch, best=1.487e+02, sign=0.158, train=1.481e+02, val=1.460e+02]
GNN flow training:  32%|███▏      | 32/100 [03:20<06:53,  6.09s/epoch, best=1.460e+02, sign=0.157, train=1.453e+02, val=1.425e+02]
GNN flow training:  33%|███▎      | 33/100 [03:20<06:47,  6.09s/epoch, best=1.460e+02, sign=0.157, train=1.453e+02, val=1.425e+02]
GNN flow training:  33%|███▎      | 33/100 [03:26<06:47,  6.09s/epoch, best=1.425e+02, sign=0.156, train=1.418e+02, val=1.389e+02]
GNN flow training:  34%|███▍      | 34/100 [03:26<06:41,  6.08s/epoch, best=1.425e+02, sign=0.156, train=1.418e+02, val=1.389e+02]
GNN flow training:  34%|███▍      | 34/100 [03:33<06:41,  6.08s/epoch, best=1.389e+02, sign=0.155, train=1.381e+02, val=1.347e+02]
GNN flow training:  35%|███▌      | 35/100 [03:33<06:34,  6.07s/epoch, best=1.389e+02, sign=0.155, train=1.381e+02, val=1.347e+02]
GNN flow training:  35%|███▌      | 35/100 [03:39<06:34,  6.07s/epoch, best=1.347e+02, sign=0.155, train=1.337e+02, val=1.329e+02]
GNN flow training:  36%|███▌      | 36/100 [03:39<06:29,  6.08s/epoch, best=1.347e+02, sign=0.155, train=1.337e+02, val=1.329e+02]
GNN flow training:  36%|███▌      | 36/100 [03:45<06:29,  6.08s/epoch, best=1.329e+02, sign=0.156, train=1.319e+02, val=1.303e+02]
GNN flow training:  37%|███▋      | 37/100 [03:45<06:23,  6.09s/epoch, best=1.329e+02, sign=0.156, train=1.319e+02, val=1.303e+02]
GNN flow training:  37%|███▋      | 37/100 [03:51<06:23,  6.09s/epoch, best=1.303e+02, sign=0.157, train=1.292e+02, val=1.273e+02]
GNN flow training:  38%|███▊      | 38/100 [03:51<06:16,  6.08s/epoch, best=1.303e+02, sign=0.157, train=1.292e+02, val=1.273e+02]
GNN flow training:  38%|███▊      | 38/100 [03:57<06:16,  6.08s/epoch, best=1.273e+02, sign=0.157, train=1.261e+02, val=1.244e+02]
GNN flow training:  39%|███▉      | 39/100 [03:57<06:10,  6.07s/epoch, best=1.273e+02, sign=0.157, train=1.261e+02, val=1.244e+02]
GNN flow training:  39%|███▉      | 39/100 [04:03<06:10,  6.07s/epoch, best=1.244e+02, sign=0.159, train=1.232e+02, val=1.208e+02]
GNN flow training:  40%|████      | 40/100 [04:03<06:03,  6.07s/epoch, best=1.244e+02, sign=0.159, train=1.232e+02, val=1.208e+02]
GNN flow training:  40%|████      | 40/100 [04:09<06:03,  6.07s/epoch, best=1.208e+02, sign=0.158, train=1.194e+02, val=1.172e+02]
GNN flow training:  41%|████      | 41/100 [04:09<05:58,  6.07s/epoch, best=1.208e+02, sign=0.158, train=1.194e+02, val=1.172e+02]
GNN flow training:  41%|████      | 41/100 [04:15<05:58,  6.07s/epoch, best=1.172e+02, sign=0.157, train=1.157e+02, val=1.180e+02]
GNN flow training:  42%|████▏     | 42/100 [04:15<05:52,  6.07s/epoch, best=1.172e+02, sign=0.157, train=1.157e+02, val=1.180e+02]
GNN flow training:  42%|████▏     | 42/100 [04:21<05:52,  6.07s/epoch, best=1.172e+02, sign=0.154, train=1.164e+02, val=1.213e+02]
GNN flow training:  43%|████▎     | 43/100 [04:21<05:46,  6.08s/epoch, best=1.172e+02, sign=0.154, train=1.164e+02, val=1.213e+02]
GNN flow training:  43%|████▎     | 43/100 [04:27<05:46,  6.08s/epoch, best=1.172e+02, sign=0.155, train=1.197e+02, val=1.207e+02]
GNN flow training:  44%|████▍     | 44/100 [04:27<05:40,  6.08s/epoch, best=1.172e+02, sign=0.155, train=1.197e+02, val=1.207e+02]
GNN flow training:  44%|████▍     | 44/100 [04:33<05:40,  6.08s/epoch, best=1.172e+02, sign=0.159, train=1.191e+02, val=1.160e+02]
GNN flow training:  45%|████▌     | 45/100 [04:33<05:34,  6.08s/epoch, best=1.172e+02, sign=0.159, train=1.191e+02, val=1.160e+02]
GNN flow training:  45%|████▌     | 45/100 [04:39<05:34,  6.08s/epoch, best=1.160e+02, sign=0.162, train=1.143e+02, val=1.132e+02]
GNN flow training:  46%|████▌     | 46/100 [04:39<05:28,  6.08s/epoch, best=1.160e+02, sign=0.162, train=1.143e+02, val=1.132e+02]
GNN flow training:  46%|████▌     | 46/100 [04:45<05:28,  6.08s/epoch, best=1.132e+02, sign=0.162, train=1.114e+02, val=1.121e+02]
GNN flow training:  47%|████▋     | 47/100 [04:45<05:22,  6.08s/epoch, best=1.132e+02, sign=0.162, train=1.114e+02, val=1.121e+02]
GNN flow training:  47%|████▋     | 47/100 [04:52<05:22,  6.08s/epoch, best=1.121e+02, sign=0.160, train=1.103e+02, val=1.168e+02]
GNN flow training:  48%|████▊     | 48/100 [04:52<05:16,  6.08s/epoch, best=1.121e+02, sign=0.160, train=1.103e+02, val=1.168e+02]
GNN flow training:  48%|████▊     | 48/100 [04:58<05:16,  6.08s/epoch, best=1.121e+02, sign=0.159, train=1.151e+02, val=1.201e+02]
GNN flow training:  49%|████▉     | 49/100 [04:58<05:10,  6.08s/epoch, best=1.121e+02, sign=0.159, train=1.151e+02, val=1.201e+02]
GNN flow training:  49%|████▉     | 49/100 [05:04<05:10,  6.08s/epoch, best=1.121e+02, sign=0.160, train=1.185e+02, val=1.189e+02]
GNN flow training:  50%|█████     | 50/100 [05:04<05:03,  6.08s/epoch, best=1.121e+02, sign=0.160, train=1.185e+02, val=1.189e+02]
GNN flow training:  50%|█████     | 50/100 [05:10<05:03,  6.08s/epoch, best=1.121e+02, sign=0.160, train=1.172e+02, val=1.164e+02]
GNN flow training:  51%|█████     | 51/100 [05:10<04:58,  6.09s/epoch, best=1.121e+02, sign=0.160, train=1.172e+02, val=1.164e+02]
GNN flow training:  51%|█████     | 51/100 [05:16<04:58,  6.09s/epoch, best=1.121e+02, sign=0.165, train=1.147e+02, val=1.114e+02]
GNN flow training:  52%|█████▏    | 52/100 [05:16<04:52,  6.10s/epoch, best=1.121e+02, sign=0.165, train=1.147e+02, val=1.114e+02]
GNN flow training:  52%|█████▏    | 52/100 [05:22<04:52,  6.10s/epoch, best=1.114e+02, sign=0.168, train=1.096e+02, val=1.072e+02]
GNN flow training:  53%|█████▎    | 53/100 [05:22<04:46,  6.09s/epoch, best=1.114e+02, sign=0.168, train=1.096e+02, val=1.072e+02]
GNN flow training:  53%|█████▎    | 53/100 [05:28<04:46,  6.09s/epoch, best=1.072e+02, sign=0.168, train=1.053e+02, val=1.070e+02]
GNN flow training:  54%|█████▍    | 54/100 [05:28<04:39,  6.08s/epoch, best=1.072e+02, sign=0.168, train=1.053e+02, val=1.070e+02]
GNN flow training:  54%|█████▍    | 54/100 [05:34<04:39,  6.08s/epoch, best=1.070e+02, sign=0.166, train=1.050e+02, val=1.110e+02]
GNN flow training:  55%|█████▌    | 55/100 [05:34<04:33,  6.08s/epoch, best=1.070e+02, sign=0.166, train=1.050e+02, val=1.110e+02]
GNN flow training:  55%|█████▌    | 55/100 [05:40<04:33,  6.08s/epoch, best=1.070e+02, sign=0.162, train=1.090e+02, val=1.144e+02]
GNN flow training:  56%|█████▌    | 56/100 [05:40<04:27,  6.08s/epoch, best=1.070e+02, sign=0.162, train=1.090e+02, val=1.144e+02]
GNN flow training:  56%|█████▌    | 56/100 [05:46<04:27,  6.08s/epoch, best=1.070e+02, sign=0.164, train=1.124e+02, val=1.128e+02]
GNN flow training:  57%|█████▋    | 57/100 [05:46<04:21,  6.08s/epoch, best=1.070e+02, sign=0.164, train=1.124e+02, val=1.128e+02]
GNN flow training:  57%|█████▋    | 57/100 [05:52<04:21,  6.08s/epoch, best=1.070e+02, sign=0.168, train=1.108e+02, val=1.090e+02]
GNN flow training:  58%|█████▊    | 58/100 [05:52<04:15,  6.08s/epoch, best=1.070e+02, sign=0.168, train=1.108e+02, val=1.090e+02]
GNN flow training:  58%|█████▊    | 58/100 [05:58<04:15,  6.08s/epoch, best=1.070e+02, sign=0.169, train=1.070e+02, val=1.054e+02]
GNN flow training:  59%|█████▉    | 59/100 [05:58<04:09,  6.08s/epoch, best=1.070e+02, sign=0.169, train=1.070e+02, val=1.054e+02]
GNN flow training:  59%|█████▉    | 59/100 [06:05<04:09,  6.08s/epoch, best=1.054e+02, sign=0.170, train=1.032e+02, val=1.015e+02]
GNN flow training:  60%|██████    | 60/100 [06:05<04:04,  6.10s/epoch, best=1.054e+02, sign=0.170, train=1.032e+02, val=1.015e+02]
GNN flow training:  60%|██████    | 60/100 [06:11<04:04,  6.10s/epoch, best=1.015e+02, sign=0.169, train=9.930e+01, val=1.034e+02]
GNN flow training:  61%|██████    | 61/100 [06:11<03:58,  6.11s/epoch, best=1.015e+02, sign=0.169, train=9.930e+01, val=1.034e+02]
GNN flow training:  61%|██████    | 61/100 [06:17<03:58,  6.11s/epoch, best=1.015e+02, sign=0.168, train=1.013e+02, val=1.065e+02]
GNN flow training:  62%|██████▏   | 62/100 [06:17<03:51,  6.10s/epoch, best=1.015e+02, sign=0.168, train=1.013e+02, val=1.065e+02]
GNN flow training:  62%|██████▏   | 62/100 [06:23<03:51,  6.10s/epoch, best=1.015e+02, sign=0.167, train=1.045e+02, val=1.071e+02]
GNN flow training:  63%|██████▎   | 63/100 [06:23<03:45,  6.10s/epoch, best=1.015e+02, sign=0.167, train=1.045e+02, val=1.071e+02]
GNN flow training:  63%|██████▎   | 63/100 [06:29<03:45,  6.10s/epoch, best=1.015e+02, sign=0.167, train=1.052e+02, val=1.076e+02]
GNN flow training:  64%|██████▍   | 64/100 [06:29<03:39,  6.08s/epoch, best=1.015e+02, sign=0.167, train=1.052e+02, val=1.076e+02]
GNN flow training:  64%|██████▍   | 64/100 [06:35<03:39,  6.08s/epoch, best=1.015e+02, sign=0.166, train=1.057e+02, val=1.068e+02]
GNN flow training:  65%|██████▌   | 65/100 [06:35<03:32,  6.07s/epoch, best=1.015e+02, sign=0.166, train=1.057e+02, val=1.068e+02]
GNN flow training:  65%|██████▌   | 65/100 [06:41<03:32,  6.07s/epoch, best=1.015e+02, sign=0.168, train=1.048e+02, val=1.041e+02]
GNN flow training:  66%|██████▌   | 66/100 [06:41<03:26,  6.07s/epoch, best=1.015e+02, sign=0.168, train=1.048e+02, val=1.041e+02]
GNN flow training:  66%|██████▌   | 66/100 [06:47<03:26,  6.07s/epoch, best=1.015e+02, sign=0.168, train=1.021e+02, val=1.035e+02]
GNN flow training:  67%|██████▋   | 67/100 [06:47<03:21,  6.11s/epoch, best=1.015e+02, sign=0.168, train=1.021e+02, val=1.035e+02]
GNN flow training:  67%|██████▋   | 67/100 [06:53<03:21,  6.11s/epoch, best=1.015e+02, sign=0.166, train=1.014e+02, val=1.055e+02]
GNN flow training:  68%|██████▊   | 68/100 [06:53<03:15,  6.10s/epoch, best=1.015e+02, sign=0.166, train=1.014e+02, val=1.055e+02]
GNN flow training:  68%|██████▊   | 68/100 [06:59<03:15,  6.10s/epoch, best=1.015e+02, sign=0.167, train=1.034e+02, val=1.066e+02]
GNN flow training:  69%|██████▉   | 69/100 [06:59<03:08,  6.08s/epoch, best=1.015e+02, sign=0.167, train=1.034e+02, val=1.066e+02]
GNN flow training:  69%|██████▉   | 69/100 [07:06<03:08,  6.08s/epoch, best=1.015e+02, sign=0.167, train=1.046e+02, val=1.057e+02]
GNN flow training:  70%|███████   | 70/100 [07:06<03:02,  6.09s/epoch, best=1.015e+02, sign=0.167, train=1.046e+02, val=1.057e+02]
GNN flow training:  70%|███████   | 70/100 [07:12<03:02,  6.09s/epoch, best=1.015e+02, sign=0.168, train=1.037e+02, val=1.058e+02]
GNN flow training:  71%|███████   | 71/100 [07:12<02:56,  6.10s/epoch, best=1.015e+02, sign=0.168, train=1.037e+02, val=1.058e+02]
GNN flow training:  71%|███████   | 71/100 [07:18<02:56,  6.10s/epoch, best=1.015e+02, sign=0.169, train=1.038e+02, val=1.054e+02]
GNN flow training:  72%|███████▏  | 72/100 [07:18<02:50,  6.10s/epoch, best=1.015e+02, sign=0.169, train=1.038e+02, val=1.054e+02]
GNN flow training:  72%|███████▏  | 72/100 [07:24<02:50,  6.10s/epoch, best=1.015e+02, sign=0.169, train=1.033e+02, val=1.060e+02]
GNN flow training:  73%|███████▎  | 73/100 [07:24<02:44,  6.09s/epoch, best=1.015e+02, sign=0.169, train=1.033e+02, val=1.060e+02]
GNN flow training:  73%|███████▎  | 73/100 [07:30<02:44,  6.09s/epoch, best=1.015e+02, sign=0.170, train=1.039e+02, val=1.049e+02]
GNN flow training:  74%|███████▍  | 74/100 [07:30<02:38,  6.11s/epoch, best=1.015e+02, sign=0.170, train=1.039e+02, val=1.049e+02]
GNN flow training:  74%|███████▍  | 74/100 [07:36<02:38,  6.11s/epoch, best=1.015e+02, sign=0.169, train=1.028e+02, val=1.049e+02]
GNN flow training:  75%|███████▌  | 75/100 [07:36<02:32,  6.10s/epoch, best=1.015e+02, sign=0.169, train=1.028e+02, val=1.049e+02]
GNN flow training:  75%|███████▌  | 75/100 [07:42<02:32,  6.10s/epoch, best=1.015e+02, sign=0.169, train=1.028e+02, val=1.052e+02]
GNN flow training:  76%|███████▌  | 76/100 [07:42<02:26,  6.09s/epoch, best=1.015e+02, sign=0.169, train=1.028e+02, val=1.052e+02]
GNN flow training:  76%|███████▌  | 76/100 [07:48<02:26,  6.09s/epoch, best=1.015e+02, sign=0.169, train=1.032e+02, val=1.059e+02]
GNN flow training:  77%|███████▋  | 77/100 [07:48<02:20,  6.09s/epoch, best=1.015e+02, sign=0.169, train=1.032e+02, val=1.059e+02]
GNN flow training:  77%|███████▋  | 77/100 [07:54<02:20,  6.09s/epoch, best=1.015e+02, sign=0.169, train=1.039e+02, val=1.048e+02]
GNN flow training:  78%|███████▊  | 78/100 [07:54<02:14,  6.09s/epoch, best=1.015e+02, sign=0.169, train=1.039e+02, val=1.048e+02]
GNN flow training:  78%|███████▊  | 78/100 [08:00<02:14,  6.09s/epoch, best=1.015e+02, sign=0.172, train=1.028e+02, val=1.025e+02]
GNN flow training:  79%|███████▉  | 79/100 [08:00<02:08,  6.10s/epoch, best=1.015e+02, sign=0.172, train=1.028e+02, val=1.025e+02]
GNN flow training:  79%|███████▉  | 79/100 [08:06<02:08,  6.10s/epoch, best=1.015e+02, sign=0.173, train=1.005e+02, val=1.017e+02]
GNN flow training:  80%|████████  | 80/100 [08:06<02:01,  6.10s/epoch, best=1.015e+02, sign=0.173, train=1.005e+02, val=1.017e+02]
GNN flow training:  80%|████████  | 80/100 [08:13<02:01,  6.10s/epoch, best=1.015e+02, sign=0.170, train=9.963e+01, val=1.041e+02]
GNN flow training:  81%|████████  | 81/100 [08:13<01:55,  6.09s/epoch, best=1.015e+02, sign=0.170, train=9.963e+01, val=1.041e+02]
GNN flow training:  81%|████████  | 81/100 [08:19<01:55,  6.09s/epoch, best=1.015e+02, sign=0.169, train=1.021e+02, val=1.057e+02]
GNN flow training:  82%|████████▏ | 82/100 [08:19<01:49,  6.10s/epoch, best=1.015e+02, sign=0.169, train=1.021e+02, val=1.057e+02]
GNN flow training:  82%|████████▏ | 82/100 [08:25<01:49,  6.10s/epoch, best=1.015e+02, sign=0.168, train=1.036e+02, val=1.070e+02]
GNN flow training:  83%|████████▎ | 83/100 [08:25<01:43,  6.10s/epoch, best=1.015e+02, sign=0.168, train=1.036e+02, val=1.070e+02]
GNN flow training:  83%|████████▎ | 83/100 [08:31<01:43,  6.10s/epoch, best=1.015e+02, sign=0.166, train=1.049e+02, val=1.102e+02]
GNN flow training:  84%|████████▍ | 84/100 [08:31<01:37,  6.10s/epoch, best=1.015e+02, sign=0.166, train=1.049e+02, val=1.102e+02]
GNN flow training:  84%|████████▍ | 84/100 [08:37<01:37,  6.10s/epoch, best=1.015e+02, sign=0.166, train=1.081e+02, val=1.102e+02]
GNN flow training:  85%|████████▌ | 85/100 [08:37<01:31,  6.09s/epoch, best=1.015e+02, sign=0.166, train=1.081e+02, val=1.102e+02]
GNN flow training:  85%|████████▌ | 85/100 [08:43<01:31,  6.09s/epoch, best=1.015e+02, sign=0.168, train=1.081e+02, val=1.083e+02]
GNN flow training:  86%|████████▌ | 86/100 [08:43<01:25,  6.08s/epoch, best=1.015e+02, sign=0.168, train=1.081e+02, val=1.083e+02]
GNN flow training:  86%|████████▌ | 86/100 [08:49<01:25,  6.08s/epoch, best=1.015e+02, sign=0.169, train=1.061e+02, val=1.069e+02]
GNN flow training:  87%|████████▋ | 87/100 [08:49<01:19,  6.09s/epoch, best=1.015e+02, sign=0.169, train=1.061e+02, val=1.069e+02]
GNN flow training:  87%|████████▋ | 87/100 [08:55<01:19,  6.09s/epoch, best=1.015e+02, sign=0.169, train=1.048e+02, val=1.059e+02]
GNN flow training:  88%|████████▊ | 88/100 [08:55<01:13,  6.10s/epoch, best=1.015e+02, sign=0.169, train=1.048e+02, val=1.059e+02]
GNN flow training:  88%|████████▊ | 88/100 [09:01<01:13,  6.10s/epoch, best=1.015e+02, sign=0.170, train=1.037e+02, val=1.049e+02]
GNN flow training:  89%|████████▉ | 89/100 [09:01<01:07,  6.11s/epoch, best=1.015e+02, sign=0.170, train=1.037e+02, val=1.049e+02]
GNN flow training:  89%|████████▉ | 89/100 [09:08<01:07,  6.11s/epoch, best=1.015e+02, sign=0.170, train=1.027e+02, val=1.035e+02]
GNN flow training:  90%|█████████ | 90/100 [09:08<01:01,  6.12s/epoch, best=1.015e+02, sign=0.170, train=1.027e+02, val=1.035e+02]
GNN flow training:  90%|█████████ | 90/100 [09:14<01:01,  6.12s/epoch, best=1.015e+02, sign=0.171, train=1.013e+02, val=1.021e+02]
GNN flow training:  91%|█████████ | 91/100 [09:14<00:54,  6.11s/epoch, best=1.015e+02, sign=0.171, train=1.013e+02, val=1.021e+02]
GNN flow training:  91%|█████████ | 91/100 [09:20<00:54,  6.11s/epoch, best=1.015e+02, sign=0.171, train=9.978e+01, val=1.006e+02]
GNN flow training:  92%|█████████▏| 92/100 [09:20<00:48,  6.10s/epoch, best=1.015e+02, sign=0.171, train=9.978e+01, val=1.006e+02]
GNN flow training:  92%|█████████▏| 92/100 [09:26<00:48,  6.10s/epoch, best=1.006e+02, sign=0.171, train=9.824e+01, val=1.016e+02]
GNN flow training:  93%|█████████▎| 93/100 [09:26<00:42,  6.10s/epoch, best=1.006e+02, sign=0.171, train=9.824e+01, val=1.016e+02]
GNN flow training:  93%|█████████▎| 93/100 [09:32<00:42,  6.10s/epoch, best=1.006e+02, sign=0.171, train=9.919e+01, val=1.035e+02]
GNN flow training:  94%|█████████▍| 94/100 [09:32<00:36,  6.10s/epoch, best=1.006e+02, sign=0.171, train=9.919e+01, val=1.035e+02]
GNN flow training:  94%|█████████▍| 94/100 [09:38<00:36,  6.10s/epoch, best=1.006e+02, sign=0.172, train=1.011e+02, val=1.030e+02]
GNN flow training:  95%|█████████▌| 95/100 [09:38<00:30,  6.10s/epoch, best=1.006e+02, sign=0.172, train=1.011e+02, val=1.030e+02]
GNN flow training:  95%|█████████▌| 95/100 [09:44<00:30,  6.10s/epoch, best=1.006e+02, sign=0.171, train=1.006e+02, val=1.018e+02]
GNN flow training:  96%|█████████▌| 96/100 [09:44<00:24,  6.12s/epoch, best=1.006e+02, sign=0.171, train=1.006e+02, val=1.018e+02]
GNN flow training:  96%|█████████▌| 96/100 [09:50<00:24,  6.12s/epoch, best=1.006e+02, sign=0.171, train=9.948e+01, val=1.018e+02]
GNN flow training:  97%|█████████▋| 97/100 [09:50<00:18,  6.13s/epoch, best=1.006e+02, sign=0.171, train=9.948e+01, val=1.018e+02]
GNN flow training:  97%|█████████▋| 97/100 [09:56<00:18,  6.13s/epoch, best=1.006e+02, sign=0.171, train=9.945e+01, val=1.009e+02]
GNN flow training:  98%|█████████▊| 98/100 [09:56<00:12,  6.14s/epoch, best=1.006e+02, sign=0.171, train=9.945e+01, val=1.009e+02]
GNN flow training:  98%|█████████▊| 98/100 [10:03<00:12,  6.14s/epoch, best=1.006e+02, sign=0.173, train=9.850e+01, val=9.969e+01]
GNN flow training:  99%|█████████▉| 99/100 [10:03<00:06,  6.13s/epoch, best=1.006e+02, sign=0.173, train=9.850e+01, val=9.969e+01]
GNN flow training:  99%|█████████▉| 99/100 [10:09<00:06,  6.13s/epoch, best=9.969e+01, sign=0.172, train=9.730e+01, val=1.005e+02]
GNN flow training: 100%|██████████| 100/100 [10:09<00:00,  6.13s/epoch, best=9.969e+01, sign=0.172, train=9.730e+01, val=1.005e+02]
GNN flow training: 100%|██████████| 100/100 [10:09<00:00,  6.09s/epoch, best=9.969e+01, sign=0.172, train=9.730e+01, val=1.005e+02]
Resolved config snapshot:
{'preset': 'solver_QKB_outer_QKBdelta', 'gnn_outer_losses': {'flow': 100.0, 'kirchhoff': 100.0, 'boundary': 100.0, 'delta_l2': 0.1, 'delta_smooth': 0.0, 'pressure_shape': 0.0}, 'physics': {'arterial_flow_mode': 'dataset', 'pressure_constraints': ['equal-a-equal-v'], 'alpha_pa': None, 'use_snr_weights': True, 'use_observed_flow_snr_weighting': True, 'flow_scale_mode': 'median_abs', 'solver_device': 'same', 'pressure_solver_mode': 'reduced-soft-constrained-lstsq', 'pressure_solver_lambda_kirchhoff': 1.0, 'pressure_solver_lambda_pressure_constraints': 100.0, 'pressure_solver_lambda_flow_residual': 1.0, 'pressure_shape_reference': 'delta_zero_reference', 'pressure_detach': False}, 'correction_bounds': {'correction_min': -0.5, 'correction_max': 0.5, 'correction_bound': 0.5, 'correction_parameterization': 'tanh'}, 'optimization': {'learning_rate': 0.001, 'weight_decay': 0.0001, 'gradient_clip_norm': 5.0, 'optimizer': 'adamw', 'epochs': 100, 'patience': 40}}
Shard 61/80: 1 of 80 runs
Command: /mnt/home/sswee/miniforge3/envs/yolk-sac/bin/python /mnt/home/sswee/yolk/Yolk-Sac-Flow-Data-and-Sim/gnn_clean/scripts/python/gnn_flow.py /mnt/home/sswee/yolk/Yolk-Sac-Flow-Data-and-Sim/gnn_clean/datasets/mosaic_graph_norm_canonical.gpickle --output-dir /mnt/home/sswee/yolk/Yolk-Sac-Flow-Data-and-Sim/gnn_clean/outputs_canonical_norm/dc/02_physics_weight_sweep/gnn --run-name q_100__k_100__delta_0p1 --preset solver_QKB_outer_QKBdelta --device cuda --epochs 100 --seed 0 --viscosity-pa-s 0.0035 --config /mnt/home/sswee/yolk/Yolk-Sac-Flow-Data-and-Sim/gnn_clean/outputs_canonical_norm/dc/02_physics_weight_sweep/_generated_configs/q_100__k_100__delta_0p1.yaml --no-pressure-detach
