[info] DC Step 2 canonical sweep uses fixed lambda_B=100.0 for both the outer boundary loss and the reduced pressure-solver boundary constraint.

GNN flow training:   0%|          | 0/100 [00:00<?, ?epoch/s]
GNN flow training:   0%|          | 0/100 [00:06<?, ?epoch/s, best=1.737e+02, sign=0.161, train=1.738e+02, val=1.737e+02]
GNN flow training:   1%|          | 1/100 [00:06<10:00,  6.06s/epoch, best=1.737e+02, sign=0.161, train=1.738e+02, val=1.737e+02]
GNN flow training:   1%|          | 1/100 [00:12<10:00,  6.06s/epoch, best=1.737e+02, sign=0.160, train=1.735e+02, val=1.737e+02]
GNN flow training:   2%|▏         | 2/100 [00:12<09:52,  6.05s/epoch, best=1.737e+02, sign=0.160, train=1.735e+02, val=1.737e+02]
GNN flow training:   2%|▏         | 2/100 [00:18<09:52,  6.05s/epoch, best=1.737e+02, sign=0.161, train=1.735e+02, val=1.734e+02]
GNN flow training:   3%|▎         | 3/100 [00:18<09:44,  6.02s/epoch, best=1.737e+02, sign=0.161, train=1.735e+02, val=1.734e+02]
GNN flow training:   3%|▎         | 3/100 [00:24<09:44,  6.02s/epoch, best=1.734e+02, sign=0.159, train=1.732e+02, val=1.733e+02]
GNN flow training:   4%|▍         | 4/100 [00:24<09:37,  6.01s/epoch, best=1.734e+02, sign=0.159, train=1.732e+02, val=1.733e+02]
GNN flow training:   4%|▍         | 4/100 [00:30<09:37,  6.01s/epoch, best=1.733e+02, sign=0.159, train=1.731e+02, val=1.729e+02]
GNN flow training:   5%|▌         | 5/100 [00:30<09:30,  6.00s/epoch, best=1.733e+02, sign=0.159, train=1.731e+02, val=1.729e+02]
GNN flow training:   5%|▌         | 5/100 [00:36<09:30,  6.00s/epoch, best=1.729e+02, sign=0.160, train=1.727e+02, val=1.729e+02]
GNN flow training:   6%|▌         | 6/100 [00:36<09:26,  6.02s/epoch, best=1.729e+02, sign=0.160, train=1.727e+02, val=1.729e+02]
GNN flow training:   6%|▌         | 6/100 [00:42<09:26,  6.02s/epoch, best=1.729e+02, sign=0.161, train=1.728e+02, val=1.726e+02]
GNN flow training:   7%|▋         | 7/100 [00:42<09:19,  6.01s/epoch, best=1.729e+02, sign=0.161, train=1.728e+02, val=1.726e+02]
GNN flow training:   7%|▋         | 7/100 [00:48<09:19,  6.01s/epoch, best=1.726e+02, sign=0.161, train=1.724e+02, val=1.728e+02]
GNN flow training:   8%|▊         | 8/100 [00:48<09:13,  6.02s/epoch, best=1.726e+02, sign=0.161, train=1.724e+02, val=1.728e+02]
GNN flow training:   8%|▊         | 8/100 [00:54<09:13,  6.02s/epoch, best=1.726e+02, sign=0.161, train=1.726e+02, val=1.732e+02]
GNN flow training:   9%|▉         | 9/100 [00:54<09:07,  6.01s/epoch, best=1.726e+02, sign=0.161, train=1.726e+02, val=1.732e+02]
GNN flow training:   9%|▉         | 9/100 [01:00<09:07,  6.01s/epoch, best=1.726e+02, sign=0.161, train=1.730e+02, val=1.733e+02]
GNN flow training:  10%|█         | 10/100 [01:00<08:59,  6.00s/epoch, best=1.726e+02, sign=0.161, train=1.730e+02, val=1.733e+02]
GNN flow training:  10%|█         | 10/100 [01:06<08:59,  6.00s/epoch, best=1.726e+02, sign=0.161, train=1.731e+02, val=1.730e+02]
GNN flow training:  11%|█         | 11/100 [01:06<08:53,  6.00s/epoch, best=1.726e+02, sign=0.161, train=1.731e+02, val=1.730e+02]
GNN flow training:  11%|█         | 11/100 [01:12<08:53,  6.00s/epoch, best=1.726e+02, sign=0.161, train=1.728e+02, val=1.722e+02]
GNN flow training:  12%|█▏        | 12/100 [01:12<08:46,  5.99s/epoch, best=1.726e+02, sign=0.161, train=1.728e+02, val=1.722e+02]
GNN flow training:  12%|█▏        | 12/100 [01:18<08:46,  5.99s/epoch, best=1.722e+02, sign=0.161, train=1.720e+02, val=1.716e+02]
GNN flow training:  13%|█▎        | 13/100 [01:18<08:40,  5.98s/epoch, best=1.722e+02, sign=0.161, train=1.720e+02, val=1.716e+02]
GNN flow training:  13%|█▎        | 13/100 [01:23<08:40,  5.98s/epoch, best=1.716e+02, sign=0.160, train=1.713e+02, val=1.711e+02]
GNN flow training:  14%|█▍        | 14/100 [01:23<08:33,  5.97s/epoch, best=1.716e+02, sign=0.160, train=1.713e+02, val=1.711e+02]
GNN flow training:  14%|█▍        | 14/100 [01:29<08:33,  5.97s/epoch, best=1.711e+02, sign=0.159, train=1.708e+02, val=1.709e+02]
GNN flow training:  15%|█▌        | 15/100 [01:29<08:27,  5.97s/epoch, best=1.711e+02, sign=0.159, train=1.708e+02, val=1.709e+02]
GNN flow training:  15%|█▌        | 15/100 [01:35<08:27,  5.97s/epoch, best=1.709e+02, sign=0.159, train=1.706e+02, val=1.702e+02]
GNN flow training:  16%|█▌        | 16/100 [01:35<08:22,  5.98s/epoch, best=1.709e+02, sign=0.159, train=1.706e+02, val=1.702e+02]
GNN flow training:  16%|█▌        | 16/100 [01:41<08:22,  5.98s/epoch, best=1.702e+02, sign=0.157, train=1.699e+02, val=1.706e+02]
GNN flow training:  17%|█▋        | 17/100 [01:41<08:16,  5.99s/epoch, best=1.702e+02, sign=0.157, train=1.699e+02, val=1.706e+02]
GNN flow training:  17%|█▋        | 17/100 [01:47<08:16,  5.99s/epoch, best=1.702e+02, sign=0.156, train=1.703e+02, val=1.703e+02]
GNN flow training:  18%|█▊        | 18/100 [01:47<08:09,  5.97s/epoch, best=1.702e+02, sign=0.156, train=1.703e+02, val=1.703e+02]
GNN flow training:  18%|█▊        | 18/100 [01:53<08:09,  5.97s/epoch, best=1.702e+02, sign=0.155, train=1.701e+02, val=1.696e+02]
GNN flow training:  19%|█▉        | 19/100 [01:53<08:04,  5.98s/epoch, best=1.702e+02, sign=0.155, train=1.701e+02, val=1.696e+02]
GNN flow training:  19%|█▉        | 19/100 [01:59<08:04,  5.98s/epoch, best=1.696e+02, sign=0.155, train=1.693e+02, val=1.686e+02]
GNN flow training:  20%|██        | 20/100 [01:59<07:59,  5.99s/epoch, best=1.696e+02, sign=0.155, train=1.693e+02, val=1.686e+02]
GNN flow training:  20%|██        | 20/100 [02:05<07:59,  5.99s/epoch, best=1.686e+02, sign=0.155, train=1.683e+02, val=1.676e+02]
GNN flow training:  21%|██        | 21/100 [02:05<07:53,  6.00s/epoch, best=1.686e+02, sign=0.155, train=1.683e+02, val=1.676e+02]
GNN flow training:  21%|██        | 21/100 [02:11<07:53,  6.00s/epoch, best=1.676e+02, sign=0.154, train=1.673e+02, val=1.671e+02]
GNN flow training:  22%|██▏       | 22/100 [02:11<07:46,  5.99s/epoch, best=1.676e+02, sign=0.154, train=1.673e+02, val=1.671e+02]
GNN flow training:  22%|██▏       | 22/100 [02:17<07:46,  5.99s/epoch, best=1.671e+02, sign=0.154, train=1.668e+02, val=1.664e+02]
GNN flow training:  23%|██▎       | 23/100 [02:17<07:40,  5.99s/epoch, best=1.671e+02, sign=0.154, train=1.668e+02, val=1.664e+02]
GNN flow training:  23%|██▎       | 23/100 [02:23<07:40,  5.99s/epoch, best=1.664e+02, sign=0.154, train=1.661e+02, val=1.654e+02]
GNN flow training:  24%|██▍       | 24/100 [02:23<07:36,  6.00s/epoch, best=1.664e+02, sign=0.154, train=1.661e+02, val=1.654e+02]
GNN flow training:  24%|██▍       | 24/100 [02:29<07:36,  6.00s/epoch, best=1.654e+02, sign=0.154, train=1.651e+02, val=1.649e+02]
GNN flow training:  25%|██▌       | 25/100 [02:29<07:30,  6.01s/epoch, best=1.654e+02, sign=0.154, train=1.651e+02, val=1.649e+02]
GNN flow training:  25%|██▌       | 25/100 [02:36<07:30,  6.01s/epoch, best=1.649e+02, sign=0.154, train=1.645e+02, val=1.643e+02]
GNN flow training:  26%|██▌       | 26/100 [02:36<07:25,  6.02s/epoch, best=1.649e+02, sign=0.154, train=1.645e+02, val=1.643e+02]
GNN flow training:  26%|██▌       | 26/100 [02:41<07:25,  6.02s/epoch, best=1.643e+02, sign=0.154, train=1.640e+02, val=1.640e+02]
GNN flow training:  27%|██▋       | 27/100 [02:41<07:18,  6.01s/epoch, best=1.643e+02, sign=0.154, train=1.640e+02, val=1.640e+02]
GNN flow training:  27%|██▋       | 27/100 [02:48<07:18,  6.01s/epoch, best=1.640e+02, sign=0.155, train=1.636e+02, val=1.639e+02]
GNN flow training:  28%|██▊       | 28/100 [02:48<07:14,  6.04s/epoch, best=1.640e+02, sign=0.155, train=1.636e+02, val=1.639e+02]
GNN flow training:  28%|██▊       | 28/100 [02:54<07:14,  6.04s/epoch, best=1.639e+02, sign=0.156, train=1.635e+02, val=1.635e+02]
GNN flow training:  29%|██▉       | 29/100 [02:54<07:09,  6.06s/epoch, best=1.639e+02, sign=0.156, train=1.635e+02, val=1.635e+02]
GNN flow training:  29%|██▉       | 29/100 [03:00<07:09,  6.06s/epoch, best=1.635e+02, sign=0.157, train=1.631e+02, val=1.639e+02]
GNN flow training:  30%|███       | 30/100 [03:00<07:03,  6.05s/epoch, best=1.635e+02, sign=0.157, train=1.631e+02, val=1.639e+02]
GNN flow training:  30%|███       | 30/100 [03:06<07:03,  6.05s/epoch, best=1.635e+02, sign=0.157, train=1.635e+02, val=1.643e+02]
GNN flow training:  31%|███       | 31/100 [03:06<06:56,  6.04s/epoch, best=1.635e+02, sign=0.157, train=1.635e+02, val=1.643e+02]
GNN flow training:  31%|███       | 31/100 [03:12<06:56,  6.04s/epoch, best=1.635e+02, sign=0.157, train=1.639e+02, val=1.645e+02]
GNN flow training:  32%|███▏      | 32/100 [03:12<06:48,  6.01s/epoch, best=1.635e+02, sign=0.157, train=1.639e+02, val=1.645e+02]
GNN flow training:  32%|███▏      | 32/100 [03:18<06:48,  6.01s/epoch, best=1.635e+02, sign=0.158, train=1.642e+02, val=1.644e+02]
GNN flow training:  33%|███▎      | 33/100 [03:18<06:42,  6.01s/epoch, best=1.635e+02, sign=0.158, train=1.642e+02, val=1.644e+02]
GNN flow training:  33%|███▎      | 33/100 [03:24<06:42,  6.01s/epoch, best=1.635e+02, sign=0.159, train=1.641e+02, val=1.645e+02]
GNN flow training:  34%|███▍      | 34/100 [03:24<06:35,  6.00s/epoch, best=1.635e+02, sign=0.159, train=1.641e+02, val=1.645e+02]
GNN flow training:  34%|███▍      | 34/100 [03:30<06:35,  6.00s/epoch, best=1.635e+02, sign=0.160, train=1.641e+02, val=1.640e+02]
GNN flow training:  35%|███▌      | 35/100 [03:30<06:30,  6.01s/epoch, best=1.635e+02, sign=0.160, train=1.641e+02, val=1.640e+02]
GNN flow training:  35%|███▌      | 35/100 [03:36<06:30,  6.01s/epoch, best=1.635e+02, sign=0.161, train=1.636e+02, val=1.633e+02]
GNN flow training:  36%|███▌      | 36/100 [03:36<06:25,  6.02s/epoch, best=1.635e+02, sign=0.161, train=1.636e+02, val=1.633e+02]
GNN flow training:  36%|███▌      | 36/100 [03:42<06:25,  6.02s/epoch, best=1.633e+02, sign=0.159, train=1.629e+02, val=1.620e+02]
GNN flow training:  37%|███▋      | 37/100 [03:42<06:18,  6.01s/epoch, best=1.633e+02, sign=0.159, train=1.629e+02, val=1.620e+02]
GNN flow training:  37%|███▋      | 37/100 [03:48<06:18,  6.01s/epoch, best=1.620e+02, sign=0.159, train=1.616e+02, val=1.608e+02]
GNN flow training:  38%|███▊      | 38/100 [03:48<06:13,  6.02s/epoch, best=1.620e+02, sign=0.159, train=1.616e+02, val=1.608e+02]
GNN flow training:  38%|███▊      | 38/100 [03:54<06:13,  6.02s/epoch, best=1.608e+02, sign=0.159, train=1.604e+02, val=1.581e+02]
GNN flow training:  39%|███▉      | 39/100 [03:54<06:07,  6.02s/epoch, best=1.608e+02, sign=0.159, train=1.604e+02, val=1.581e+02]
GNN flow training:  39%|███▉      | 39/100 [04:00<06:07,  6.02s/epoch, best=1.581e+02, sign=0.158, train=1.576e+02, val=1.561e+02]
GNN flow training:  40%|████      | 40/100 [04:00<06:01,  6.02s/epoch, best=1.581e+02, sign=0.158, train=1.576e+02, val=1.561e+02]
GNN flow training:  40%|████      | 40/100 [04:06<06:01,  6.02s/epoch, best=1.561e+02, sign=0.156, train=1.555e+02, val=1.552e+02]
GNN flow training:  41%|████      | 41/100 [04:06<05:54,  6.01s/epoch, best=1.561e+02, sign=0.156, train=1.555e+02, val=1.552e+02]
GNN flow training:  41%|████      | 41/100 [04:12<05:54,  6.01s/epoch, best=1.552e+02, sign=0.154, train=1.546e+02, val=1.538e+02]
GNN flow training:  42%|████▏     | 42/100 [04:12<05:48,  6.02s/epoch, best=1.552e+02, sign=0.154, train=1.546e+02, val=1.538e+02]
GNN flow training:  42%|████▏     | 42/100 [04:18<05:48,  6.02s/epoch, best=1.538e+02, sign=0.154, train=1.531e+02, val=1.508e+02]
GNN flow training:  43%|████▎     | 43/100 [04:18<05:42,  6.02s/epoch, best=1.538e+02, sign=0.154, train=1.531e+02, val=1.508e+02]
GNN flow training:  43%|████▎     | 43/100 [04:24<05:42,  6.02s/epoch, best=1.508e+02, sign=0.155, train=1.501e+02, val=1.465e+02]
GNN flow training:  44%|████▍     | 44/100 [04:24<05:36,  6.01s/epoch, best=1.508e+02, sign=0.155, train=1.501e+02, val=1.465e+02]
GNN flow training:  44%|████▍     | 44/100 [04:30<05:36,  6.01s/epoch, best=1.465e+02, sign=0.155, train=1.457e+02, val=1.406e+02]
GNN flow training:  45%|████▌     | 45/100 [04:30<05:29,  6.00s/epoch, best=1.465e+02, sign=0.155, train=1.457e+02, val=1.406e+02]
GNN flow training:  45%|████▌     | 45/100 [04:36<05:29,  6.00s/epoch, best=1.406e+02, sign=0.156, train=1.397e+02, val=1.345e+02]
GNN flow training:  46%|████▌     | 46/100 [04:36<05:24,  6.01s/epoch, best=1.406e+02, sign=0.156, train=1.397e+02, val=1.345e+02]
GNN flow training:  46%|████▌     | 46/100 [04:42<05:24,  6.01s/epoch, best=1.345e+02, sign=0.156, train=1.334e+02, val=1.291e+02]
GNN flow training:  47%|████▋     | 47/100 [04:42<05:18,  6.01s/epoch, best=1.345e+02, sign=0.156, train=1.334e+02, val=1.291e+02]
GNN flow training:  47%|████▋     | 47/100 [04:48<05:18,  6.01s/epoch, best=1.291e+02, sign=0.158, train=1.279e+02, val=1.245e+02]
GNN flow training:  48%|████▊     | 48/100 [04:48<05:12,  6.01s/epoch, best=1.291e+02, sign=0.158, train=1.279e+02, val=1.245e+02]
GNN flow training:  48%|████▊     | 48/100 [04:54<05:12,  6.01s/epoch, best=1.245e+02, sign=0.159, train=1.232e+02, val=1.217e+02]
GNN flow training:  49%|████▉     | 49/100 [04:54<05:06,  6.01s/epoch, best=1.245e+02, sign=0.159, train=1.232e+02, val=1.217e+02]
GNN flow training:  49%|████▉     | 49/100 [05:00<05:06,  6.01s/epoch, best=1.217e+02, sign=0.163, train=1.203e+02, val=1.178e+02]
GNN flow training:  50%|█████     | 50/100 [05:00<04:59,  6.00s/epoch, best=1.217e+02, sign=0.163, train=1.203e+02, val=1.178e+02]
GNN flow training:  50%|█████     | 50/100 [05:06<04:59,  6.00s/epoch, best=1.178e+02, sign=0.164, train=1.163e+02, val=1.146e+02]
GNN flow training:  51%|█████     | 51/100 [05:06<04:52,  5.98s/epoch, best=1.178e+02, sign=0.164, train=1.163e+02, val=1.146e+02]
GNN flow training:  51%|█████     | 51/100 [05:12<04:52,  5.98s/epoch, best=1.146e+02, sign=0.166, train=1.130e+02, val=1.126e+02]
GNN flow training:  52%|█████▏    | 52/100 [05:12<04:47,  5.99s/epoch, best=1.146e+02, sign=0.166, train=1.130e+02, val=1.126e+02]
GNN flow training:  52%|█████▏    | 52/100 [05:18<04:47,  5.99s/epoch, best=1.126e+02, sign=0.167, train=1.109e+02, val=1.122e+02]
GNN flow training:  53%|█████▎    | 53/100 [05:18<04:42,  6.01s/epoch, best=1.126e+02, sign=0.167, train=1.109e+02, val=1.122e+02]
GNN flow training:  53%|█████▎    | 53/100 [05:24<04:42,  6.01s/epoch, best=1.122e+02, sign=0.167, train=1.104e+02, val=1.107e+02]
GNN flow training:  54%|█████▍    | 54/100 [05:24<04:36,  6.00s/epoch, best=1.122e+02, sign=0.167, train=1.104e+02, val=1.107e+02]
GNN flow training:  54%|█████▍    | 54/100 [05:30<04:36,  6.00s/epoch, best=1.107e+02, sign=0.169, train=1.089e+02, val=1.093e+02]
GNN flow training:  55%|█████▌    | 55/100 [05:30<04:30,  6.00s/epoch, best=1.107e+02, sign=0.169, train=1.089e+02, val=1.093e+02]
GNN flow training:  55%|█████▌    | 55/100 [05:36<04:30,  6.00s/epoch, best=1.093e+02, sign=0.170, train=1.074e+02, val=1.070e+02]
GNN flow training:  56%|█████▌    | 56/100 [05:36<04:24,  6.01s/epoch, best=1.093e+02, sign=0.170, train=1.074e+02, val=1.070e+02]
GNN flow training:  56%|█████▌    | 56/100 [05:42<04:24,  6.01s/epoch, best=1.070e+02, sign=0.172, train=1.051e+02, val=1.067e+02]
GNN flow training:  57%|█████▋    | 57/100 [05:42<04:18,  6.02s/epoch, best=1.070e+02, sign=0.172, train=1.051e+02, val=1.067e+02]
GNN flow training:  57%|█████▋    | 57/100 [05:48<04:18,  6.02s/epoch, best=1.067e+02, sign=0.170, train=1.047e+02, val=1.081e+02]
GNN flow training:  58%|█████▊    | 58/100 [05:48<04:12,  6.02s/epoch, best=1.067e+02, sign=0.170, train=1.047e+02, val=1.081e+02]
GNN flow training:  58%|█████▊    | 58/100 [05:54<04:12,  6.02s/epoch, best=1.067e+02, sign=0.170, train=1.062e+02, val=1.074e+02]
GNN flow training:  59%|█████▉    | 59/100 [05:54<04:06,  6.02s/epoch, best=1.067e+02, sign=0.170, train=1.062e+02, val=1.074e+02]
GNN flow training:  59%|█████▉    | 59/100 [06:00<04:06,  6.02s/epoch, best=1.067e+02, sign=0.170, train=1.055e+02, val=1.060e+02]
GNN flow training:  60%|██████    | 60/100 [06:00<04:01,  6.03s/epoch, best=1.067e+02, sign=0.170, train=1.055e+02, val=1.060e+02]
GNN flow training:  60%|██████    | 60/100 [06:06<04:01,  6.03s/epoch, best=1.060e+02, sign=0.171, train=1.040e+02, val=1.052e+02]
GNN flow training:  61%|██████    | 61/100 [06:06<03:54,  6.02s/epoch, best=1.060e+02, sign=0.171, train=1.040e+02, val=1.052e+02]
GNN flow training:  61%|██████    | 61/100 [06:12<03:54,  6.02s/epoch, best=1.052e+02, sign=0.172, train=1.032e+02, val=1.040e+02]
GNN flow training:  62%|██████▏   | 62/100 [06:12<03:48,  6.01s/epoch, best=1.052e+02, sign=0.172, train=1.032e+02, val=1.040e+02]
GNN flow training:  62%|██████▏   | 62/100 [06:18<03:48,  6.01s/epoch, best=1.040e+02, sign=0.171, train=1.020e+02, val=1.043e+02]
GNN flow training:  63%|██████▎   | 63/100 [06:18<03:42,  6.01s/epoch, best=1.040e+02, sign=0.171, train=1.020e+02, val=1.043e+02]
GNN flow training:  63%|██████▎   | 63/100 [06:24<03:42,  6.01s/epoch, best=1.040e+02, sign=0.172, train=1.023e+02, val=1.032e+02]
GNN flow training:  64%|██████▍   | 64/100 [06:24<03:36,  6.01s/epoch, best=1.040e+02, sign=0.172, train=1.023e+02, val=1.032e+02]
GNN flow training:  64%|██████▍   | 64/100 [06:30<03:36,  6.01s/epoch, best=1.032e+02, sign=0.171, train=1.011e+02, val=1.039e+02]
GNN flow training:  65%|██████▌   | 65/100 [06:30<03:30,  6.01s/epoch, best=1.032e+02, sign=0.171, train=1.011e+02, val=1.039e+02]
GNN flow training:  65%|██████▌   | 65/100 [06:36<03:30,  6.01s/epoch, best=1.032e+02, sign=0.170, train=1.018e+02, val=1.053e+02]
GNN flow training:  66%|██████▌   | 66/100 [06:36<03:24,  6.02s/epoch, best=1.032e+02, sign=0.170, train=1.018e+02, val=1.053e+02]
GNN flow training:  66%|██████▌   | 66/100 [06:42<03:24,  6.02s/epoch, best=1.032e+02, sign=0.170, train=1.033e+02, val=1.051e+02]
GNN flow training:  67%|██████▋   | 67/100 [06:42<03:18,  6.01s/epoch, best=1.032e+02, sign=0.170, train=1.033e+02, val=1.051e+02]
GNN flow training:  67%|██████▋   | 67/100 [06:48<03:18,  6.01s/epoch, best=1.032e+02, sign=0.170, train=1.031e+02, val=1.054e+02]
GNN flow training:  68%|██████▊   | 68/100 [06:48<03:12,  6.02s/epoch, best=1.032e+02, sign=0.170, train=1.031e+02, val=1.054e+02]
GNN flow training:  68%|██████▊   | 68/100 [06:54<03:12,  6.02s/epoch, best=1.032e+02, sign=0.171, train=1.035e+02, val=1.042e+02]
GNN flow training:  69%|██████▉   | 69/100 [06:54<03:06,  6.01s/epoch, best=1.032e+02, sign=0.171, train=1.035e+02, val=1.042e+02]
GNN flow training:  69%|██████▉   | 69/100 [07:00<03:06,  6.01s/epoch, best=1.032e+02, sign=0.172, train=1.022e+02, val=1.022e+02]
GNN flow training:  70%|███████   | 70/100 [07:00<03:00,  6.02s/epoch, best=1.032e+02, sign=0.172, train=1.022e+02, val=1.022e+02]
GNN flow training:  70%|███████   | 70/100 [07:06<03:00,  6.02s/epoch, best=1.022e+02, sign=0.169, train=1.002e+02, val=1.069e+02]
GNN flow training:  71%|███████   | 71/100 [07:06<02:55,  6.05s/epoch, best=1.022e+02, sign=0.169, train=1.002e+02, val=1.069e+02]
GNN flow training:  71%|███████   | 71/100 [07:12<02:55,  6.05s/epoch, best=1.022e+02, sign=0.166, train=1.050e+02, val=1.127e+02]
GNN flow training:  72%|███████▏  | 72/100 [07:12<02:49,  6.04s/epoch, best=1.022e+02, sign=0.166, train=1.050e+02, val=1.127e+02]
GNN flow training:  72%|███████▏  | 72/100 [07:18<02:49,  6.04s/epoch, best=1.022e+02, sign=0.166, train=1.109e+02, val=1.146e+02]
GNN flow training:  73%|███████▎  | 73/100 [07:18<02:43,  6.05s/epoch, best=1.022e+02, sign=0.166, train=1.109e+02, val=1.146e+02]
GNN flow training:  73%|███████▎  | 73/100 [07:24<02:43,  6.05s/epoch, best=1.022e+02, sign=0.166, train=1.128e+02, val=1.123e+02]
GNN flow training:  74%|███████▍  | 74/100 [07:24<02:37,  6.04s/epoch, best=1.022e+02, sign=0.166, train=1.128e+02, val=1.123e+02]
GNN flow training:  74%|███████▍  | 74/100 [07:30<02:37,  6.04s/epoch, best=1.022e+02, sign=0.168, train=1.105e+02, val=1.089e+02]
GNN flow training:  75%|███████▌  | 75/100 [07:30<02:31,  6.05s/epoch, best=1.022e+02, sign=0.168, train=1.105e+02, val=1.089e+02]
GNN flow training:  75%|███████▌  | 75/100 [07:36<02:31,  6.05s/epoch, best=1.022e+02, sign=0.173, train=1.071e+02, val=1.028e+02]
GNN flow training:  76%|███████▌  | 76/100 [07:36<02:24,  6.04s/epoch, best=1.022e+02, sign=0.173, train=1.071e+02, val=1.028e+02]
GNN flow training:  76%|███████▌  | 76/100 [07:42<02:24,  6.04s/epoch, best=1.022e+02, sign=0.171, train=1.009e+02, val=1.019e+02]
GNN flow training:  77%|███████▋  | 77/100 [07:42<02:19,  6.04s/epoch, best=1.022e+02, sign=0.171, train=1.009e+02, val=1.019e+02]
GNN flow training:  77%|███████▋  | 77/100 [07:48<02:19,  6.04s/epoch, best=1.019e+02, sign=0.169, train=1.001e+02, val=1.064e+02]
GNN flow training:  78%|███████▊  | 78/100 [07:48<02:12,  6.02s/epoch, best=1.019e+02, sign=0.169, train=1.001e+02, val=1.064e+02]
GNN flow training:  78%|███████▊  | 78/100 [07:55<02:12,  6.02s/epoch, best=1.019e+02, sign=0.165, train=1.047e+02, val=1.144e+02]
GNN flow training:  79%|███████▉  | 79/100 [07:55<02:06,  6.02s/epoch, best=1.019e+02, sign=0.165, train=1.047e+02, val=1.144e+02]
GNN flow training:  79%|███████▉  | 79/100 [08:00<02:06,  6.02s/epoch, best=1.019e+02, sign=0.162, train=1.129e+02, val=1.195e+02]
GNN flow training:  80%|████████  | 80/100 [08:00<02:00,  6.02s/epoch, best=1.019e+02, sign=0.162, train=1.129e+02, val=1.195e+02]
GNN flow training:  80%|████████  | 80/100 [08:07<02:00,  6.02s/epoch, best=1.019e+02, sign=0.163, train=1.180e+02, val=1.203e+02]
GNN flow training:  81%|████████  | 81/100 [08:07<01:54,  6.03s/epoch, best=1.019e+02, sign=0.163, train=1.180e+02, val=1.203e+02]
GNN flow training:  81%|████████  | 81/100 [08:13<01:54,  6.03s/epoch, best=1.019e+02, sign=0.161, train=1.188e+02, val=1.218e+02]
GNN flow training:  82%|████████▏ | 82/100 [08:13<01:48,  6.01s/epoch, best=1.019e+02, sign=0.161, train=1.188e+02, val=1.218e+02]
GNN flow training:  82%|████████▏ | 82/100 [08:18<01:48,  6.01s/epoch, best=1.019e+02, sign=0.162, train=1.202e+02, val=1.190e+02]
GNN flow training:  83%|████████▎ | 83/100 [08:18<01:41,  5.99s/epoch, best=1.019e+02, sign=0.162, train=1.202e+02, val=1.190e+02]
GNN flow training:  83%|████████▎ | 83/100 [08:24<01:41,  5.99s/epoch, best=1.019e+02, sign=0.165, train=1.174e+02, val=1.147e+02]
GNN flow training:  84%|████████▍ | 84/100 [08:24<01:35,  5.98s/epoch, best=1.019e+02, sign=0.165, train=1.174e+02, val=1.147e+02]
GNN flow training:  84%|████████▍ | 84/100 [08:30<01:35,  5.98s/epoch, best=1.019e+02, sign=0.169, train=1.130e+02, val=1.073e+02]
GNN flow training:  85%|████████▌ | 85/100 [08:30<01:29,  5.97s/epoch, best=1.019e+02, sign=0.169, train=1.130e+02, val=1.073e+02]
GNN flow training:  85%|████████▌ | 85/100 [08:36<01:29,  5.97s/epoch, best=1.019e+02, sign=0.171, train=1.055e+02, val=1.011e+02]
GNN flow training:  86%|████████▌ | 86/100 [08:36<01:23,  5.99s/epoch, best=1.019e+02, sign=0.171, train=1.055e+02, val=1.011e+02]
GNN flow training:  86%|████████▌ | 86/100 [08:42<01:23,  5.99s/epoch, best=1.011e+02, sign=0.171, train=9.920e+01, val=1.040e+02]
GNN flow training:  87%|████████▋ | 87/100 [08:42<01:17,  6.00s/epoch, best=1.011e+02, sign=0.171, train=9.920e+01, val=1.040e+02]
GNN flow training:  87%|████████▋ | 87/100 [08:48<01:17,  6.00s/epoch, best=1.011e+02, sign=0.170, train=1.022e+02, val=1.070e+02]
GNN flow training:  88%|████████▊ | 88/100 [08:48<01:12,  6.00s/epoch, best=1.011e+02, sign=0.170, train=1.022e+02, val=1.070e+02]
GNN flow training:  88%|████████▊ | 88/100 [08:55<01:12,  6.00s/epoch, best=1.011e+02, sign=0.170, train=1.053e+02, val=1.074e+02]
GNN flow training:  89%|████████▉ | 89/100 [08:55<01:06,  6.04s/epoch, best=1.011e+02, sign=0.170, train=1.053e+02, val=1.074e+02]
GNN flow training:  89%|████████▉ | 89/100 [09:01<01:06,  6.04s/epoch, best=1.011e+02, sign=0.171, train=1.057e+02, val=1.059e+02]
GNN flow training:  90%|█████████ | 90/100 [09:01<01:00,  6.02s/epoch, best=1.011e+02, sign=0.171, train=1.057e+02, val=1.059e+02]
GNN flow training:  90%|█████████ | 90/100 [09:07<01:00,  6.02s/epoch, best=1.011e+02, sign=0.171, train=1.042e+02, val=1.056e+02]
GNN flow training:  91%|█████████ | 91/100 [09:07<00:54,  6.03s/epoch, best=1.011e+02, sign=0.171, train=1.042e+02, val=1.056e+02]
GNN flow training:  91%|█████████ | 91/100 [09:13<00:54,  6.03s/epoch, best=1.011e+02, sign=0.172, train=1.038e+02, val=1.033e+02]
GNN flow training:  92%|█████████▏| 92/100 [09:13<00:48,  6.04s/epoch, best=1.011e+02, sign=0.172, train=1.038e+02, val=1.033e+02]
GNN flow training:  92%|█████████▏| 92/100 [09:19<00:48,  6.04s/epoch, best=1.011e+02, sign=0.173, train=1.015e+02, val=9.972e+01]
GNN flow training:  93%|█████████▎| 93/100 [09:19<00:42,  6.04s/epoch, best=1.011e+02, sign=0.173, train=1.015e+02, val=9.972e+01]
GNN flow training:  93%|█████████▎| 93/100 [09:25<00:42,  6.04s/epoch, best=9.972e+01, sign=0.173, train=9.775e+01, val=1.002e+02]
GNN flow training:  94%|█████████▍| 94/100 [09:25<00:36,  6.04s/epoch, best=9.972e+01, sign=0.173, train=9.775e+01, val=1.002e+02]
GNN flow training:  94%|█████████▍| 94/100 [09:31<00:36,  6.04s/epoch, best=9.972e+01, sign=0.172, train=9.827e+01, val=1.005e+02]
GNN flow training:  95%|█████████▌| 95/100 [09:31<00:30,  6.02s/epoch, best=9.972e+01, sign=0.172, train=9.827e+01, val=1.005e+02]
GNN flow training:  95%|█████████▌| 95/100 [09:37<00:30,  6.02s/epoch, best=9.972e+01, sign=0.172, train=9.856e+01, val=1.006e+02]
GNN flow training:  96%|█████████▌| 96/100 [09:37<00:24,  6.04s/epoch, best=9.972e+01, sign=0.172, train=9.856e+01, val=1.006e+02]
GNN flow training:  96%|█████████▌| 96/100 [09:43<00:24,  6.04s/epoch, best=9.972e+01, sign=0.173, train=9.865e+01, val=9.997e+01]
GNN flow training:  97%|█████████▋| 97/100 [09:43<00:18,  6.03s/epoch, best=9.972e+01, sign=0.173, train=9.865e+01, val=9.997e+01]
GNN flow training:  97%|█████████▋| 97/100 [09:49<00:18,  6.03s/epoch, best=9.972e+01, sign=0.173, train=9.800e+01, val=9.921e+01]
GNN flow training:  98%|█████████▊| 98/100 [09:49<00:12,  6.03s/epoch, best=9.972e+01, sign=0.173, train=9.800e+01, val=9.921e+01]
GNN flow training:  98%|█████████▊| 98/100 [09:55<00:12,  6.03s/epoch, best=9.921e+01, sign=0.174, train=9.722e+01, val=9.874e+01]
GNN flow training:  99%|█████████▉| 99/100 [09:55<00:06,  6.02s/epoch, best=9.921e+01, sign=0.174, train=9.722e+01, val=9.874e+01]
GNN flow training:  99%|█████████▉| 99/100 [10:01<00:06,  6.02s/epoch, best=9.874e+01, sign=0.174, train=9.673e+01, val=9.894e+01]
GNN flow training: 100%|██████████| 100/100 [10:01<00:00,  6.02s/epoch, best=9.874e+01, sign=0.174, train=9.673e+01, val=9.894e+01]
GNN flow training: 100%|██████████| 100/100 [10:01<00:00,  6.01s/epoch, best=9.874e+01, sign=0.174, train=9.673e+01, val=9.894e+01]
Resolved config snapshot:
{'preset': 'solver_QKB_outer_QKBdelta', 'gnn_outer_losses': {'flow': 100.0, 'kirchhoff': 100.0, 'boundary': 100.0, 'delta_l2': 10.0, 'delta_smooth': 0.0, 'pressure_shape': 0.0}, 'physics': {'arterial_flow_mode': 'dataset', 'pressure_constraints': ['equal-a-equal-v'], 'alpha_pa': None, 'use_snr_weights': True, 'use_observed_flow_snr_weighting': True, 'flow_scale_mode': 'median_abs', 'solver_device': 'same', 'pressure_solver_mode': 'reduced-soft-constrained-lstsq', 'pressure_solver_lambda_kirchhoff': 1.0, 'pressure_solver_lambda_pressure_constraints': 100.0, 'pressure_solver_lambda_flow_residual': 1.0, 'pressure_shape_reference': 'delta_zero_reference', 'pressure_detach': False}, 'correction_bounds': {'correction_min': -0.5, 'correction_max': 0.5, 'correction_bound': 0.5, 'correction_parameterization': 'tanh'}, 'optimization': {'learning_rate': 0.001, 'weight_decay': 0.0001, 'gradient_clip_norm': 5.0, 'optimizer': 'adamw', 'epochs': 100, 'patience': 40}}
Shard 63/80: 1 of 80 runs
Command: /mnt/home/sswee/miniforge3/envs/yolk-sac/bin/python /mnt/home/sswee/yolk/Yolk-Sac-Flow-Data-and-Sim/gnn_clean/scripts/python/gnn_flow.py /mnt/home/sswee/yolk/Yolk-Sac-Flow-Data-and-Sim/gnn_clean/datasets/mosaic_graph_norm_canonical.gpickle --output-dir /mnt/home/sswee/yolk/Yolk-Sac-Flow-Data-and-Sim/gnn_clean/outputs_canonical_norm/dc/02_physics_weight_sweep/gnn --run-name q_100__k_100__delta_10 --preset solver_QKB_outer_QKBdelta --device cuda --epochs 100 --seed 0 --viscosity-pa-s 0.0035 --config /mnt/home/sswee/yolk/Yolk-Sac-Flow-Data-and-Sim/gnn_clean/outputs_canonical_norm/dc/02_physics_weight_sweep/_generated_configs/q_100__k_100__delta_10.yaml --no-pressure-detach
