[info] DC Step 2 canonical sweep uses fixed lambda_B=100.0 for both the outer boundary loss and the reduced pressure-solver boundary constraint.

GNN flow training:   0%|          | 0/100 [00:00<?, ?epoch/s]
GNN flow training:   0%|          | 0/100 [00:06<?, ?epoch/s, best=1.636e+01, sign=0.161, train=1.638e+01, val=1.636e+01]
GNN flow training:   1%|          | 1/100 [00:06<10:26,  6.33s/epoch, best=1.636e+01, sign=0.161, train=1.638e+01, val=1.636e+01]
GNN flow training:   1%|          | 1/100 [00:12<10:26,  6.33s/epoch, best=1.636e+01, sign=0.161, train=1.636e+01, val=1.633e+01]
GNN flow training:   2%|▏         | 2/100 [00:12<10:06,  6.19s/epoch, best=1.636e+01, sign=0.161, train=1.636e+01, val=1.633e+01]
GNN flow training:   2%|▏         | 2/100 [00:18<10:06,  6.19s/epoch, best=1.633e+01, sign=0.161, train=1.633e+01, val=1.636e+01]
GNN flow training:   3%|▎         | 3/100 [00:18<09:58,  6.17s/epoch, best=1.633e+01, sign=0.161, train=1.633e+01, val=1.636e+01]
GNN flow training:   3%|▎         | 3/100 [00:24<09:58,  6.17s/epoch, best=1.633e+01, sign=0.161, train=1.636e+01, val=1.633e+01]
GNN flow training:   4%|▍         | 4/100 [00:24<09:51,  6.16s/epoch, best=1.633e+01, sign=0.161, train=1.636e+01, val=1.633e+01]
GNN flow training:   4%|▍         | 4/100 [00:30<09:51,  6.16s/epoch, best=1.633e+01, sign=0.161, train=1.633e+01, val=1.634e+01]
GNN flow training:   5%|▌         | 5/100 [00:30<09:43,  6.14s/epoch, best=1.633e+01, sign=0.161, train=1.633e+01, val=1.634e+01]
GNN flow training:   5%|▌         | 5/100 [00:37<09:43,  6.14s/epoch, best=1.633e+01, sign=0.161, train=1.634e+01, val=1.630e+01]
GNN flow training:   6%|▌         | 6/100 [00:37<09:38,  6.15s/epoch, best=1.633e+01, sign=0.161, train=1.634e+01, val=1.630e+01]
GNN flow training:   6%|▌         | 6/100 [00:43<09:38,  6.15s/epoch, best=1.630e+01, sign=0.160, train=1.630e+01, val=1.629e+01]
GNN flow training:   7%|▋         | 7/100 [00:43<09:34,  6.18s/epoch, best=1.630e+01, sign=0.160, train=1.630e+01, val=1.629e+01]
GNN flow training:   7%|▋         | 7/100 [00:49<09:34,  6.18s/epoch, best=1.629e+01, sign=0.159, train=1.629e+01, val=1.625e+01]
GNN flow training:   8%|▊         | 8/100 [00:49<09:28,  6.18s/epoch, best=1.629e+01, sign=0.159, train=1.629e+01, val=1.625e+01]
GNN flow training:   8%|▊         | 8/100 [00:55<09:28,  6.18s/epoch, best=1.625e+01, sign=0.160, train=1.625e+01, val=1.623e+01]
GNN flow training:   9%|▉         | 9/100 [00:55<09:22,  6.19s/epoch, best=1.625e+01, sign=0.160, train=1.625e+01, val=1.623e+01]
GNN flow training:   9%|▉         | 9/100 [01:01<09:22,  6.19s/epoch, best=1.623e+01, sign=0.160, train=1.623e+01, val=1.619e+01]
GNN flow training:  10%|█         | 10/100 [01:01<09:16,  6.18s/epoch, best=1.623e+01, sign=0.160, train=1.623e+01, val=1.619e+01]
GNN flow training:  10%|█         | 10/100 [01:07<09:16,  6.18s/epoch, best=1.619e+01, sign=0.160, train=1.619e+01, val=1.620e+01]
GNN flow training:  11%|█         | 11/100 [01:07<09:09,  6.17s/epoch, best=1.619e+01, sign=0.160, train=1.619e+01, val=1.620e+01]
GNN flow training:  11%|█         | 11/100 [01:14<09:09,  6.17s/epoch, best=1.619e+01, sign=0.160, train=1.620e+01, val=1.616e+01]
GNN flow training:  12%|█▏        | 12/100 [01:14<09:03,  6.18s/epoch, best=1.619e+01, sign=0.160, train=1.620e+01, val=1.616e+01]
GNN flow training:  12%|█▏        | 12/100 [01:20<09:03,  6.18s/epoch, best=1.616e+01, sign=0.160, train=1.616e+01, val=1.616e+01]
GNN flow training:  13%|█▎        | 13/100 [01:20<08:56,  6.17s/epoch, best=1.616e+01, sign=0.160, train=1.616e+01, val=1.616e+01]
GNN flow training:  13%|█▎        | 13/100 [01:26<08:56,  6.17s/epoch, best=1.616e+01, sign=0.160, train=1.616e+01, val=1.613e+01]
GNN flow training:  14%|█▍        | 14/100 [01:26<08:51,  6.18s/epoch, best=1.616e+01, sign=0.160, train=1.616e+01, val=1.613e+01]
GNN flow training:  14%|█▍        | 14/100 [01:32<08:51,  6.18s/epoch, best=1.613e+01, sign=0.159, train=1.613e+01, val=1.609e+01]
GNN flow training:  15%|█▌        | 15/100 [01:32<08:44,  6.18s/epoch, best=1.613e+01, sign=0.159, train=1.613e+01, val=1.609e+01]
GNN flow training:  15%|█▌        | 15/100 [01:38<08:44,  6.18s/epoch, best=1.609e+01, sign=0.159, train=1.609e+01, val=1.610e+01]
GNN flow training:  16%|█▌        | 16/100 [01:38<08:38,  6.17s/epoch, best=1.609e+01, sign=0.159, train=1.609e+01, val=1.610e+01]
GNN flow training:  16%|█▌        | 16/100 [01:44<08:38,  6.17s/epoch, best=1.609e+01, sign=0.160, train=1.610e+01, val=1.608e+01]
GNN flow training:  17%|█▋        | 17/100 [01:44<08:32,  6.17s/epoch, best=1.609e+01, sign=0.160, train=1.610e+01, val=1.608e+01]
GNN flow training:  17%|█▋        | 17/100 [01:51<08:32,  6.17s/epoch, best=1.608e+01, sign=0.160, train=1.608e+01, val=1.604e+01]
GNN flow training:  18%|█▊        | 18/100 [01:51<08:25,  6.16s/epoch, best=1.608e+01, sign=0.160, train=1.608e+01, val=1.604e+01]
GNN flow training:  18%|█▊        | 18/100 [01:57<08:25,  6.16s/epoch, best=1.604e+01, sign=0.159, train=1.604e+01, val=1.598e+01]
GNN flow training:  19%|█▉        | 19/100 [01:57<08:18,  6.15s/epoch, best=1.604e+01, sign=0.159, train=1.604e+01, val=1.598e+01]
GNN flow training:  19%|█▉        | 19/100 [02:03<08:18,  6.15s/epoch, best=1.598e+01, sign=0.159, train=1.598e+01, val=1.595e+01]
GNN flow training:  20%|██        | 20/100 [02:03<08:11,  6.15s/epoch, best=1.598e+01, sign=0.159, train=1.598e+01, val=1.595e+01]
GNN flow training:  20%|██        | 20/100 [02:09<08:11,  6.15s/epoch, best=1.595e+01, sign=0.158, train=1.595e+01, val=1.593e+01]
GNN flow training:  21%|██        | 21/100 [02:09<08:07,  6.18s/epoch, best=1.595e+01, sign=0.158, train=1.595e+01, val=1.593e+01]
GNN flow training:  21%|██        | 21/100 [02:15<08:07,  6.18s/epoch, best=1.593e+01, sign=0.158, train=1.593e+01, val=1.588e+01]
GNN flow training:  22%|██▏       | 22/100 [02:15<08:02,  6.18s/epoch, best=1.593e+01, sign=0.158, train=1.593e+01, val=1.588e+01]
GNN flow training:  22%|██▏       | 22/100 [02:21<08:02,  6.18s/epoch, best=1.588e+01, sign=0.157, train=1.588e+01, val=1.582e+01]
GNN flow training:  23%|██▎       | 23/100 [02:21<07:55,  6.17s/epoch, best=1.588e+01, sign=0.157, train=1.588e+01, val=1.582e+01]
GNN flow training:  23%|██▎       | 23/100 [02:28<07:55,  6.17s/epoch, best=1.582e+01, sign=0.157, train=1.582e+01, val=1.580e+01]
GNN flow training:  24%|██▍       | 24/100 [02:28<07:48,  6.16s/epoch, best=1.582e+01, sign=0.157, train=1.582e+01, val=1.580e+01]
GNN flow training:  24%|██▍       | 24/100 [02:34<07:48,  6.16s/epoch, best=1.580e+01, sign=0.157, train=1.580e+01, val=1.574e+01]
GNN flow training:  25%|██▌       | 25/100 [02:34<07:41,  6.16s/epoch, best=1.580e+01, sign=0.157, train=1.580e+01, val=1.574e+01]
GNN flow training:  25%|██▌       | 25/100 [02:40<07:41,  6.16s/epoch, best=1.574e+01, sign=0.157, train=1.574e+01, val=1.572e+01]
GNN flow training:  26%|██▌       | 26/100 [02:40<07:34,  6.14s/epoch, best=1.574e+01, sign=0.157, train=1.574e+01, val=1.572e+01]
GNN flow training:  26%|██▌       | 26/100 [02:46<07:34,  6.14s/epoch, best=1.572e+01, sign=0.157, train=1.572e+01, val=1.565e+01]
GNN flow training:  27%|██▋       | 27/100 [02:46<07:28,  6.14s/epoch, best=1.572e+01, sign=0.157, train=1.572e+01, val=1.565e+01]
GNN flow training:  27%|██▋       | 27/100 [02:52<07:28,  6.14s/epoch, best=1.565e+01, sign=0.156, train=1.565e+01, val=1.568e+01]
GNN flow training:  28%|██▊       | 28/100 [02:52<07:21,  6.13s/epoch, best=1.565e+01, sign=0.156, train=1.565e+01, val=1.568e+01]
GNN flow training:  28%|██▊       | 28/100 [02:58<07:21,  6.13s/epoch, best=1.565e+01, sign=0.156, train=1.568e+01, val=1.565e+01]
GNN flow training:  29%|██▉       | 29/100 [02:58<07:15,  6.13s/epoch, best=1.565e+01, sign=0.156, train=1.568e+01, val=1.565e+01]
GNN flow training:  29%|██▉       | 29/100 [03:04<07:15,  6.13s/epoch, best=1.565e+01, sign=0.157, train=1.565e+01, val=1.564e+01]
GNN flow training:  30%|███       | 30/100 [03:04<07:09,  6.13s/epoch, best=1.565e+01, sign=0.157, train=1.565e+01, val=1.564e+01]
GNN flow training:  30%|███       | 30/100 [03:11<07:09,  6.13s/epoch, best=1.564e+01, sign=0.158, train=1.564e+01, val=1.559e+01]
GNN flow training:  31%|███       | 31/100 [03:11<07:03,  6.14s/epoch, best=1.564e+01, sign=0.158, train=1.564e+01, val=1.559e+01]
GNN flow training:  31%|███       | 31/100 [03:17<07:03,  6.14s/epoch, best=1.559e+01, sign=0.158, train=1.559e+01, val=1.552e+01]
GNN flow training:  32%|███▏      | 32/100 [03:17<06:57,  6.13s/epoch, best=1.559e+01, sign=0.158, train=1.559e+01, val=1.552e+01]
GNN flow training:  32%|███▏      | 32/100 [03:23<06:57,  6.13s/epoch, best=1.552e+01, sign=0.158, train=1.552e+01, val=1.540e+01]
GNN flow training:  33%|███▎      | 33/100 [03:23<06:51,  6.14s/epoch, best=1.552e+01, sign=0.158, train=1.552e+01, val=1.540e+01]
GNN flow training:  33%|███▎      | 33/100 [03:29<06:51,  6.14s/epoch, best=1.540e+01, sign=0.158, train=1.540e+01, val=1.527e+01]
GNN flow training:  34%|███▍      | 34/100 [03:29<06:44,  6.13s/epoch, best=1.540e+01, sign=0.158, train=1.540e+01, val=1.527e+01]
GNN flow training:  34%|███▍      | 34/100 [03:35<06:44,  6.13s/epoch, best=1.527e+01, sign=0.158, train=1.527e+01, val=1.520e+01]
GNN flow training:  35%|███▌      | 35/100 [03:35<06:42,  6.19s/epoch, best=1.527e+01, sign=0.158, train=1.527e+01, val=1.520e+01]
GNN flow training:  35%|███▌      | 35/100 [03:41<06:42,  6.19s/epoch, best=1.520e+01, sign=0.158, train=1.520e+01, val=1.515e+01]
GNN flow training:  36%|███▌      | 36/100 [03:41<06:35,  6.18s/epoch, best=1.520e+01, sign=0.158, train=1.520e+01, val=1.515e+01]
GNN flow training:  36%|███▌      | 36/100 [03:47<06:35,  6.18s/epoch, best=1.515e+01, sign=0.159, train=1.515e+01, val=1.513e+01]
GNN flow training:  37%|███▋      | 37/100 [03:47<06:27,  6.16s/epoch, best=1.515e+01, sign=0.159, train=1.515e+01, val=1.513e+01]
GNN flow training:  37%|███▋      | 37/100 [03:54<06:27,  6.16s/epoch, best=1.513e+01, sign=0.159, train=1.513e+01, val=1.508e+01]
GNN flow training:  38%|███▊      | 38/100 [03:54<06:21,  6.16s/epoch, best=1.513e+01, sign=0.159, train=1.513e+01, val=1.508e+01]
GNN flow training:  38%|███▊      | 38/100 [04:00<06:21,  6.16s/epoch, best=1.508e+01, sign=0.159, train=1.508e+01, val=1.492e+01]
GNN flow training:  39%|███▉      | 39/100 [04:00<06:16,  6.16s/epoch, best=1.508e+01, sign=0.159, train=1.508e+01, val=1.492e+01]
GNN flow training:  39%|███▉      | 39/100 [04:06<06:16,  6.16s/epoch, best=1.492e+01, sign=0.159, train=1.492e+01, val=1.478e+01]
GNN flow training:  40%|████      | 40/100 [04:06<06:10,  6.18s/epoch, best=1.492e+01, sign=0.159, train=1.492e+01, val=1.478e+01]
GNN flow training:  40%|████      | 40/100 [04:12<06:10,  6.18s/epoch, best=1.478e+01, sign=0.158, train=1.478e+01, val=1.470e+01]
GNN flow training:  41%|████      | 41/100 [04:12<06:03,  6.17s/epoch, best=1.478e+01, sign=0.158, train=1.478e+01, val=1.470e+01]
GNN flow training:  41%|████      | 41/100 [04:18<06:03,  6.17s/epoch, best=1.470e+01, sign=0.158, train=1.470e+01, val=1.458e+01]
GNN flow training:  42%|████▏     | 42/100 [04:18<05:57,  6.17s/epoch, best=1.470e+01, sign=0.158, train=1.470e+01, val=1.458e+01]
GNN flow training:  42%|████▏     | 42/100 [04:25<05:57,  6.17s/epoch, best=1.458e+01, sign=0.158, train=1.458e+01, val=1.447e+01]
GNN flow training:  43%|████▎     | 43/100 [04:25<05:52,  6.19s/epoch, best=1.458e+01, sign=0.158, train=1.458e+01, val=1.447e+01]
GNN flow training:  43%|████▎     | 43/100 [04:31<05:52,  6.19s/epoch, best=1.447e+01, sign=0.158, train=1.447e+01, val=1.433e+01]
GNN flow training:  44%|████▍     | 44/100 [04:31<05:45,  6.17s/epoch, best=1.447e+01, sign=0.158, train=1.447e+01, val=1.433e+01]
GNN flow training:  44%|████▍     | 44/100 [04:37<05:45,  6.17s/epoch, best=1.433e+01, sign=0.159, train=1.433e+01, val=1.391e+01]
GNN flow training:  45%|████▌     | 45/100 [04:37<05:38,  6.16s/epoch, best=1.433e+01, sign=0.159, train=1.433e+01, val=1.391e+01]
GNN flow training:  45%|████▌     | 45/100 [04:43<05:38,  6.16s/epoch, best=1.391e+01, sign=0.159, train=1.391e+01, val=1.378e+01]
GNN flow training:  46%|████▌     | 46/100 [04:43<05:32,  6.15s/epoch, best=1.391e+01, sign=0.159, train=1.391e+01, val=1.378e+01]
GNN flow training:  46%|████▌     | 46/100 [04:49<05:32,  6.15s/epoch, best=1.378e+01, sign=0.157, train=1.378e+01, val=1.348e+01]
GNN flow training:  47%|████▋     | 47/100 [04:49<05:26,  6.16s/epoch, best=1.378e+01, sign=0.157, train=1.378e+01, val=1.348e+01]
GNN flow training:  47%|████▋     | 47/100 [04:55<05:26,  6.16s/epoch, best=1.348e+01, sign=0.157, train=1.348e+01, val=1.338e+01]
GNN flow training:  48%|████▊     | 48/100 [04:55<05:21,  6.17s/epoch, best=1.348e+01, sign=0.157, train=1.348e+01, val=1.338e+01]
GNN flow training:  48%|████▊     | 48/100 [05:02<05:21,  6.17s/epoch, best=1.338e+01, sign=0.157, train=1.338e+01, val=1.313e+01]
GNN flow training:  49%|████▉     | 49/100 [05:02<05:14,  6.17s/epoch, best=1.338e+01, sign=0.157, train=1.338e+01, val=1.313e+01]
GNN flow training:  49%|████▉     | 49/100 [05:08<05:14,  6.17s/epoch, best=1.313e+01, sign=0.158, train=1.312e+01, val=1.266e+01]
GNN flow training:  50%|█████     | 50/100 [05:08<05:08,  6.17s/epoch, best=1.313e+01, sign=0.158, train=1.312e+01, val=1.266e+01]
GNN flow training:  50%|█████     | 50/100 [05:14<05:08,  6.17s/epoch, best=1.266e+01, sign=0.159, train=1.266e+01, val=1.224e+01]
GNN flow training:  51%|█████     | 51/100 [05:14<05:01,  6.16s/epoch, best=1.266e+01, sign=0.159, train=1.266e+01, val=1.224e+01]
GNN flow training:  51%|█████     | 51/100 [05:20<05:01,  6.16s/epoch, best=1.224e+01, sign=0.158, train=1.224e+01, val=1.194e+01]
GNN flow training:  52%|█████▏    | 52/100 [05:20<04:55,  6.16s/epoch, best=1.224e+01, sign=0.158, train=1.224e+01, val=1.194e+01]
GNN flow training:  52%|█████▏    | 52/100 [05:26<04:55,  6.16s/epoch, best=1.194e+01, sign=0.158, train=1.194e+01, val=1.161e+01]
GNN flow training:  53%|█████▎    | 53/100 [05:26<04:49,  6.16s/epoch, best=1.194e+01, sign=0.158, train=1.194e+01, val=1.161e+01]
GNN flow training:  53%|█████▎    | 53/100 [05:32<04:49,  6.16s/epoch, best=1.161e+01, sign=0.157, train=1.160e+01, val=1.120e+01]
GNN flow training:  54%|█████▍    | 54/100 [05:32<04:44,  6.18s/epoch, best=1.161e+01, sign=0.157, train=1.160e+01, val=1.120e+01]
GNN flow training:  54%|█████▍    | 54/100 [05:39<04:44,  6.18s/epoch, best=1.120e+01, sign=0.159, train=1.120e+01, val=1.076e+01]
GNN flow training:  55%|█████▌    | 55/100 [05:39<04:37,  6.17s/epoch, best=1.120e+01, sign=0.159, train=1.120e+01, val=1.076e+01]
GNN flow training:  55%|█████▌    | 55/100 [05:45<04:37,  6.17s/epoch, best=1.076e+01, sign=0.161, train=1.076e+01, val=1.032e+01]
GNN flow training:  56%|█████▌    | 56/100 [05:45<04:31,  6.17s/epoch, best=1.076e+01, sign=0.161, train=1.076e+01, val=1.032e+01]
GNN flow training:  56%|█████▌    | 56/100 [05:51<04:31,  6.17s/epoch, best=1.032e+01, sign=0.166, train=1.032e+01, val=9.868e+00]
GNN flow training:  57%|█████▋    | 57/100 [05:51<04:25,  6.17s/epoch, best=1.032e+01, sign=0.166, train=1.032e+01, val=9.868e+00]
GNN flow training:  57%|█████▋    | 57/100 [05:57<04:25,  6.17s/epoch, best=9.868e+00, sign=0.167, train=9.866e+00, val=9.578e+00]
GNN flow training:  58%|█████▊    | 58/100 [05:57<04:19,  6.17s/epoch, best=9.868e+00, sign=0.167, train=9.866e+00, val=9.578e+00]
GNN flow training:  58%|█████▊    | 58/100 [06:03<04:19,  6.17s/epoch, best=9.578e+00, sign=0.168, train=9.576e+00, val=9.197e+00]
GNN flow training:  59%|█████▉    | 59/100 [06:03<04:13,  6.18s/epoch, best=9.578e+00, sign=0.168, train=9.576e+00, val=9.197e+00]
GNN flow training:  59%|█████▉    | 59/100 [06:09<04:13,  6.18s/epoch, best=9.197e+00, sign=0.169, train=9.195e+00, val=8.771e+00]
GNN flow training:  60%|██████    | 60/100 [06:09<04:07,  6.19s/epoch, best=9.197e+00, sign=0.169, train=9.195e+00, val=8.771e+00]
GNN flow training:  60%|██████    | 60/100 [06:16<04:07,  6.19s/epoch, best=8.771e+00, sign=0.170, train=8.769e+00, val=8.754e+00]
GNN flow training:  61%|██████    | 61/100 [06:16<04:01,  6.20s/epoch, best=8.771e+00, sign=0.170, train=8.769e+00, val=8.754e+00]
GNN flow training:  61%|██████    | 61/100 [06:22<04:01,  6.20s/epoch, best=8.754e+00, sign=0.168, train=8.752e+00, val=8.899e+00]
GNN flow training:  62%|██████▏   | 62/100 [06:22<03:55,  6.19s/epoch, best=8.754e+00, sign=0.168, train=8.752e+00, val=8.899e+00]
GNN flow training:  62%|██████▏   | 62/100 [06:28<03:55,  6.19s/epoch, best=8.754e+00, sign=0.170, train=8.897e+00, val=8.645e+00]
GNN flow training:  63%|██████▎   | 63/100 [06:28<03:48,  6.17s/epoch, best=8.754e+00, sign=0.170, train=8.897e+00, val=8.645e+00]
GNN flow training:  63%|██████▎   | 63/100 [06:34<03:48,  6.17s/epoch, best=8.645e+00, sign=0.171, train=8.643e+00, val=8.184e+00]
GNN flow training:  64%|██████▍   | 64/100 [06:34<03:42,  6.18s/epoch, best=8.645e+00, sign=0.171, train=8.643e+00, val=8.184e+00]
GNN flow training:  64%|██████▍   | 64/100 [06:40<03:42,  6.18s/epoch, best=8.184e+00, sign=0.172, train=8.182e+00, val=8.104e+00]
GNN flow training:  65%|██████▌   | 65/100 [06:40<03:36,  6.18s/epoch, best=8.184e+00, sign=0.172, train=8.182e+00, val=8.104e+00]
GNN flow training:  65%|██████▌   | 65/100 [06:47<03:36,  6.18s/epoch, best=8.104e+00, sign=0.172, train=8.102e+00, val=8.052e+00]
GNN flow training:  66%|██████▌   | 66/100 [06:47<03:30,  6.18s/epoch, best=8.104e+00, sign=0.172, train=8.102e+00, val=8.052e+00]
GNN flow training:  66%|██████▌   | 66/100 [06:53<03:30,  6.18s/epoch, best=8.052e+00, sign=0.172, train=8.050e+00, val=7.972e+00]
GNN flow training:  67%|██████▋   | 67/100 [06:53<03:24,  6.21s/epoch, best=8.052e+00, sign=0.172, train=8.050e+00, val=7.972e+00]
GNN flow training:  67%|██████▋   | 67/100 [06:59<03:24,  6.21s/epoch, best=7.972e+00, sign=0.173, train=7.970e+00, val=7.914e+00]
GNN flow training:  68%|██████▊   | 68/100 [06:59<03:18,  6.20s/epoch, best=7.972e+00, sign=0.173, train=7.970e+00, val=7.914e+00]
GNN flow training:  68%|██████▊   | 68/100 [07:05<03:18,  6.20s/epoch, best=7.914e+00, sign=0.173, train=7.912e+00, val=7.923e+00]
GNN flow training:  69%|██████▉   | 69/100 [07:05<03:11,  6.18s/epoch, best=7.914e+00, sign=0.173, train=7.912e+00, val=7.923e+00]
GNN flow training:  69%|██████▉   | 69/100 [07:11<03:11,  6.18s/epoch, best=7.914e+00, sign=0.170, train=7.921e+00, val=8.198e+00]
GNN flow training:  70%|███████   | 70/100 [07:11<03:05,  6.19s/epoch, best=7.914e+00, sign=0.170, train=7.921e+00, val=8.198e+00]
GNN flow training:  70%|███████   | 70/100 [07:18<03:05,  6.19s/epoch, best=7.914e+00, sign=0.169, train=8.196e+00, val=8.272e+00]
GNN flow training:  71%|███████   | 71/100 [07:18<02:59,  6.19s/epoch, best=7.914e+00, sign=0.169, train=8.196e+00, val=8.272e+00]
GNN flow training:  71%|███████   | 71/100 [07:24<02:59,  6.19s/epoch, best=7.914e+00, sign=0.169, train=8.270e+00, val=8.318e+00]
GNN flow training:  72%|███████▏  | 72/100 [07:24<02:53,  6.18s/epoch, best=7.914e+00, sign=0.169, train=8.270e+00, val=8.318e+00]
GNN flow training:  72%|███████▏  | 72/100 [07:30<02:53,  6.18s/epoch, best=7.914e+00, sign=0.168, train=8.316e+00, val=8.517e+00]
GNN flow training:  73%|███████▎  | 73/100 [07:30<02:46,  6.18s/epoch, best=7.914e+00, sign=0.168, train=8.316e+00, val=8.517e+00]
GNN flow training:  73%|███████▎  | 73/100 [07:36<02:46,  6.18s/epoch, best=7.914e+00, sign=0.166, train=8.515e+00, val=8.660e+00]
GNN flow training:  74%|███████▍  | 74/100 [07:36<02:40,  6.19s/epoch, best=7.914e+00, sign=0.166, train=8.515e+00, val=8.660e+00]
GNN flow training:  74%|███████▍  | 74/100 [07:42<02:40,  6.19s/epoch, best=7.914e+00, sign=0.168, train=8.658e+00, val=8.598e+00]
GNN flow training:  75%|███████▌  | 75/100 [07:42<02:34,  6.20s/epoch, best=7.914e+00, sign=0.168, train=8.658e+00, val=8.598e+00]
GNN flow training:  75%|███████▌  | 75/100 [07:48<02:34,  6.20s/epoch, best=7.914e+00, sign=0.166, train=8.596e+00, val=9.023e+00]
GNN flow training:  76%|███████▌  | 76/100 [07:48<02:28,  6.18s/epoch, best=7.914e+00, sign=0.166, train=8.596e+00, val=9.023e+00]
GNN flow training:  76%|███████▌  | 76/100 [07:55<02:28,  6.18s/epoch, best=7.914e+00, sign=0.167, train=9.021e+00, val=8.906e+00]
GNN flow training:  77%|███████▋  | 77/100 [07:55<02:21,  6.16s/epoch, best=7.914e+00, sign=0.167, train=9.021e+00, val=8.906e+00]
GNN flow training:  77%|███████▋  | 77/100 [08:01<02:21,  6.16s/epoch, best=7.914e+00, sign=0.169, train=8.904e+00, val=8.292e+00]
GNN flow training:  78%|███████▊  | 78/100 [08:01<02:15,  6.18s/epoch, best=7.914e+00, sign=0.169, train=8.904e+00, val=8.292e+00]
GNN flow training:  78%|███████▊  | 78/100 [08:07<02:15,  6.18s/epoch, best=7.914e+00, sign=0.173, train=8.289e+00, val=7.688e+00]
GNN flow training:  79%|███████▉  | 79/100 [08:07<02:10,  6.20s/epoch, best=7.914e+00, sign=0.173, train=8.289e+00, val=7.688e+00]
GNN flow training:  79%|███████▉  | 79/100 [08:13<02:10,  6.20s/epoch, best=7.688e+00, sign=0.173, train=7.686e+00, val=7.713e+00]
GNN flow training:  80%|████████  | 80/100 [08:13<02:04,  6.21s/epoch, best=7.688e+00, sign=0.173, train=7.686e+00, val=7.713e+00]
GNN flow training:  80%|████████  | 80/100 [08:19<02:04,  6.21s/epoch, best=7.688e+00, sign=0.174, train=7.711e+00, val=7.484e+00]
GNN flow training:  81%|████████  | 81/100 [08:19<01:57,  6.20s/epoch, best=7.688e+00, sign=0.174, train=7.711e+00, val=7.484e+00]
GNN flow training:  81%|████████  | 81/100 [08:26<01:57,  6.20s/epoch, best=7.484e+00, sign=0.174, train=7.482e+00, val=7.479e+00]
GNN flow training:  82%|████████▏ | 82/100 [08:26<01:51,  6.20s/epoch, best=7.484e+00, sign=0.174, train=7.482e+00, val=7.479e+00]
GNN flow training:  82%|████████▏ | 82/100 [08:32<01:51,  6.20s/epoch, best=7.479e+00, sign=0.173, train=7.477e+00, val=7.585e+00]
GNN flow training:  83%|████████▎ | 83/100 [08:32<01:45,  6.19s/epoch, best=7.479e+00, sign=0.173, train=7.477e+00, val=7.585e+00]
GNN flow training:  83%|████████▎ | 83/100 [08:38<01:45,  6.19s/epoch, best=7.479e+00, sign=0.172, train=7.583e+00, val=7.695e+00]
GNN flow training:  84%|████████▍ | 84/100 [08:38<01:39,  6.19s/epoch, best=7.479e+00, sign=0.172, train=7.583e+00, val=7.695e+00]
GNN flow training:  84%|████████▍ | 84/100 [08:44<01:39,  6.19s/epoch, best=7.479e+00, sign=0.171, train=7.692e+00, val=7.707e+00]
GNN flow training:  85%|████████▌ | 85/100 [08:44<01:32,  6.19s/epoch, best=7.479e+00, sign=0.171, train=7.692e+00, val=7.707e+00]
GNN flow training:  85%|████████▌ | 85/100 [08:50<01:32,  6.19s/epoch, best=7.479e+00, sign=0.173, train=7.704e+00, val=7.490e+00]
GNN flow training:  86%|████████▌ | 86/100 [08:50<01:26,  6.20s/epoch, best=7.479e+00, sign=0.173, train=7.704e+00, val=7.490e+00]
GNN flow training:  86%|████████▌ | 86/100 [08:57<01:26,  6.20s/epoch, best=7.479e+00, sign=0.174, train=7.487e+00, val=7.454e+00]
GNN flow training:  87%|████████▋ | 87/100 [08:57<01:20,  6.21s/epoch, best=7.479e+00, sign=0.174, train=7.487e+00, val=7.454e+00]
GNN flow training:  87%|████████▋ | 87/100 [09:03<01:20,  6.21s/epoch, best=7.454e+00, sign=0.175, train=7.452e+00, val=7.226e+00]
GNN flow training:  88%|████████▊ | 88/100 [09:03<01:14,  6.22s/epoch, best=7.454e+00, sign=0.175, train=7.452e+00, val=7.226e+00]
GNN flow training:  88%|████████▊ | 88/100 [09:09<01:14,  6.22s/epoch, best=7.226e+00, sign=0.175, train=7.223e+00, val=7.194e+00]
GNN flow training:  89%|████████▉ | 89/100 [09:09<01:08,  6.20s/epoch, best=7.226e+00, sign=0.175, train=7.223e+00, val=7.194e+00]
GNN flow training:  89%|████████▉ | 89/100 [09:15<01:08,  6.20s/epoch, best=7.194e+00, sign=0.175, train=7.192e+00, val=7.323e+00]
GNN flow training:  90%|█████████ | 90/100 [09:15<01:02,  6.22s/epoch, best=7.194e+00, sign=0.175, train=7.192e+00, val=7.323e+00]
GNN flow training:  90%|█████████ | 90/100 [09:21<01:02,  6.22s/epoch, best=7.194e+00, sign=0.173, train=7.321e+00, val=7.648e+00]
GNN flow training:  91%|█████████ | 91/100 [09:21<00:55,  6.20s/epoch, best=7.194e+00, sign=0.173, train=7.321e+00, val=7.648e+00]
GNN flow training:  91%|█████████ | 91/100 [09:28<00:55,  6.20s/epoch, best=7.194e+00, sign=0.172, train=7.645e+00, val=7.801e+00]
GNN flow training:  92%|█████████▏| 92/100 [09:28<00:49,  6.19s/epoch, best=7.194e+00, sign=0.172, train=7.645e+00, val=7.801e+00]
GNN flow training:  92%|█████████▏| 92/100 [09:34<00:49,  6.19s/epoch, best=7.194e+00, sign=0.173, train=7.798e+00, val=7.651e+00]
GNN flow training:  93%|█████████▎| 93/100 [09:34<00:43,  6.19s/epoch, best=7.194e+00, sign=0.173, train=7.798e+00, val=7.651e+00]
GNN flow training:  93%|█████████▎| 93/100 [09:40<00:43,  6.19s/epoch, best=7.194e+00, sign=0.173, train=7.648e+00, val=7.519e+00]
GNN flow training:  94%|█████████▍| 94/100 [09:40<00:37,  6.19s/epoch, best=7.194e+00, sign=0.173, train=7.648e+00, val=7.519e+00]
GNN flow training:  94%|█████████▍| 94/100 [09:46<00:37,  6.19s/epoch, best=7.194e+00, sign=0.171, train=7.517e+00, val=7.744e+00]
GNN flow training:  95%|█████████▌| 95/100 [09:46<00:30,  6.18s/epoch, best=7.194e+00, sign=0.171, train=7.517e+00, val=7.744e+00]
GNN flow training:  95%|█████████▌| 95/100 [09:52<00:30,  6.18s/epoch, best=7.194e+00, sign=0.170, train=7.742e+00, val=8.138e+00]
GNN flow training:  96%|█████████▌| 96/100 [09:52<00:24,  6.18s/epoch, best=7.194e+00, sign=0.170, train=7.742e+00, val=8.138e+00]
GNN flow training:  96%|█████████▌| 96/100 [09:59<00:24,  6.18s/epoch, best=7.194e+00, sign=0.167, train=8.136e+00, val=8.723e+00]
GNN flow training:  97%|█████████▋| 97/100 [09:59<00:18,  6.18s/epoch, best=7.194e+00, sign=0.167, train=8.136e+00, val=8.723e+00]
GNN flow training:  97%|█████████▋| 97/100 [10:05<00:18,  6.18s/epoch, best=7.194e+00, sign=0.167, train=8.721e+00, val=8.838e+00]
GNN flow training:  98%|█████████▊| 98/100 [10:05<00:12,  6.19s/epoch, best=7.194e+00, sign=0.167, train=8.721e+00, val=8.838e+00]
GNN flow training:  98%|█████████▊| 98/100 [10:11<00:12,  6.19s/epoch, best=7.194e+00, sign=0.167, train=8.835e+00, val=8.468e+00]
GNN flow training:  99%|█████████▉| 99/100 [10:11<00:06,  6.19s/epoch, best=7.194e+00, sign=0.167, train=8.835e+00, val=8.468e+00]
GNN flow training:  99%|█████████▉| 99/100 [10:17<00:06,  6.19s/epoch, best=7.194e+00, sign=0.171, train=8.466e+00, val=7.826e+00]
GNN flow training: 100%|██████████| 100/100 [10:17<00:00,  6.20s/epoch, best=7.194e+00, sign=0.171, train=8.466e+00, val=7.826e+00]
GNN flow training: 100%|██████████| 100/100 [10:17<00:00,  6.18s/epoch, best=7.194e+00, sign=0.171, train=8.466e+00, val=7.826e+00]
Resolved config snapshot:
{'preset': 'solver_QKB_outer_QKBdelta', 'gnn_outer_losses': {'flow': 0.1, 'kirchhoff': 10.0, 'boundary': 100.0, 'delta_l2': 0.1, 'delta_smooth': 0.0, 'pressure_shape': 0.0}, 'physics': {'arterial_flow_mode': 'dataset', 'pressure_constraints': ['equal-a-equal-v'], 'alpha_pa': None, 'use_snr_weights': True, 'use_observed_flow_snr_weighting': True, 'flow_scale_mode': 'median_abs', 'solver_device': 'same', 'pressure_solver_mode': 'reduced-soft-constrained-lstsq', 'pressure_solver_lambda_kirchhoff': 1.0, 'pressure_solver_lambda_pressure_constraints': 100.0, 'pressure_solver_lambda_flow_residual': 1.0, 'pressure_shape_reference': 'delta_zero_reference', 'pressure_detach': False}, 'correction_bounds': {'correction_min': -0.5, 'correction_max': 0.5, 'correction_bound': 0.5, 'correction_parameterization': 'tanh'}, 'optimization': {'learning_rate': 0.001, 'weight_decay': 0.0001, 'gradient_clip_norm': 5.0, 'optimizer': 'adamw', 'epochs': 100, 'patience': 40}}
Shard 9/80: 1 of 80 runs
Command: /mnt/home/sswee/miniforge3/envs/yolk-sac/bin/python /mnt/home/sswee/yolk/Yolk-Sac-Flow-Data-and-Sim/gnn_clean/scripts/python/gnn_flow.py /mnt/home/sswee/yolk/Yolk-Sac-Flow-Data-and-Sim/gnn_clean/datasets/mosaic_graph_norm_canonical.gpickle --output-dir /mnt/home/sswee/yolk/Yolk-Sac-Flow-Data-and-Sim/gnn_clean/outputs_canonical_norm/dc/02_physics_weight_sweep/gnn --run-name q_0p1__k_10__delta_0p1 --preset solver_QKB_outer_QKBdelta --device cuda --epochs 100 --seed 0 --viscosity-pa-s 0.0035 --config /mnt/home/sswee/yolk/Yolk-Sac-Flow-Data-and-Sim/gnn_clean/outputs_canonical_norm/dc/02_physics_weight_sweep/_generated_configs/q_0p1__k_10__delta_0p1.yaml --no-pressure-detach
