[info] DC Step 2 canonical sweep uses fixed lambda_B=100.0 for both the outer boundary loss and the reduced pressure-solver boundary constraint.

GNN flow training:   0%|          | 0/100 [00:00<?, ?epoch/s]
GNN flow training:   0%|          | 0/100 [00:04<?, ?epoch/s, best=1.635e+02, sign=0.161, train=1.637e+02, val=1.635e+02]
GNN flow training:   1%|          | 1/100 [00:04<07:52,  4.77s/epoch, best=1.635e+02, sign=0.161, train=1.637e+02, val=1.635e+02]
GNN flow training:   1%|          | 1/100 [00:09<07:52,  4.77s/epoch, best=1.635e+02, sign=0.161, train=1.635e+02, val=1.632e+02]
GNN flow training:   2%|▏         | 2/100 [00:09<07:34,  4.64s/epoch, best=1.635e+02, sign=0.161, train=1.635e+02, val=1.632e+02]
GNN flow training:   2%|▏         | 2/100 [00:13<07:34,  4.64s/epoch, best=1.632e+02, sign=0.161, train=1.632e+02, val=1.635e+02]
GNN flow training:   3%|▎         | 3/100 [00:13<07:26,  4.60s/epoch, best=1.632e+02, sign=0.161, train=1.632e+02, val=1.635e+02]
GNN flow training:   3%|▎         | 3/100 [00:18<07:26,  4.60s/epoch, best=1.632e+02, sign=0.162, train=1.635e+02, val=1.632e+02]
GNN flow training:   4%|▍         | 4/100 [00:18<07:17,  4.56s/epoch, best=1.632e+02, sign=0.162, train=1.635e+02, val=1.632e+02]
GNN flow training:   4%|▍         | 4/100 [00:22<07:17,  4.56s/epoch, best=1.632e+02, sign=0.161, train=1.632e+02, val=1.633e+02]
GNN flow training:   5%|▌         | 5/100 [00:22<07:12,  4.55s/epoch, best=1.632e+02, sign=0.161, train=1.632e+02, val=1.633e+02]
GNN flow training:   5%|▌         | 5/100 [00:27<07:12,  4.55s/epoch, best=1.632e+02, sign=0.161, train=1.633e+02, val=1.634e+02]
GNN flow training:   6%|▌         | 6/100 [00:27<07:08,  4.56s/epoch, best=1.632e+02, sign=0.161, train=1.633e+02, val=1.634e+02]
GNN flow training:   6%|▌         | 6/100 [00:31<07:08,  4.56s/epoch, best=1.632e+02, sign=0.160, train=1.634e+02, val=1.628e+02]
GNN flow training:   7%|▋         | 7/100 [00:31<07:00,  4.52s/epoch, best=1.632e+02, sign=0.160, train=1.634e+02, val=1.628e+02]
GNN flow training:   7%|▋         | 7/100 [00:36<07:00,  4.52s/epoch, best=1.628e+02, sign=0.160, train=1.628e+02, val=1.621e+02]
GNN flow training:   8%|▊         | 8/100 [00:36<06:55,  4.52s/epoch, best=1.628e+02, sign=0.160, train=1.628e+02, val=1.621e+02]
GNN flow training:   8%|▊         | 8/100 [00:40<06:55,  4.52s/epoch, best=1.621e+02, sign=0.160, train=1.621e+02, val=1.617e+02]
GNN flow training:   9%|▉         | 9/100 [00:40<06:51,  4.52s/epoch, best=1.621e+02, sign=0.160, train=1.621e+02, val=1.617e+02]
GNN flow training:   9%|▉         | 9/100 [00:45<06:51,  4.52s/epoch, best=1.617e+02, sign=0.160, train=1.617e+02, val=1.615e+02]
GNN flow training:  10%|█         | 10/100 [00:45<06:45,  4.51s/epoch, best=1.617e+02, sign=0.160, train=1.617e+02, val=1.615e+02]
GNN flow training:  10%|█         | 10/100 [00:49<06:45,  4.51s/epoch, best=1.615e+02, sign=0.159, train=1.615e+02, val=1.609e+02]
GNN flow training:  11%|█         | 11/100 [00:49<06:42,  4.52s/epoch, best=1.615e+02, sign=0.159, train=1.615e+02, val=1.609e+02]
GNN flow training:  11%|█         | 11/100 [00:54<06:42,  4.52s/epoch, best=1.609e+02, sign=0.159, train=1.609e+02, val=1.605e+02]
GNN flow training:  12%|█▏        | 12/100 [00:54<06:38,  4.53s/epoch, best=1.609e+02, sign=0.159, train=1.609e+02, val=1.605e+02]
GNN flow training:  12%|█▏        | 12/100 [00:59<06:38,  4.53s/epoch, best=1.605e+02, sign=0.158, train=1.605e+02, val=1.597e+02]
GNN flow training:  13%|█▎        | 13/100 [00:59<06:33,  4.53s/epoch, best=1.605e+02, sign=0.158, train=1.605e+02, val=1.597e+02]
GNN flow training:  13%|█▎        | 13/100 [01:03<06:33,  4.53s/epoch, best=1.597e+02, sign=0.158, train=1.597e+02, val=1.594e+02]
GNN flow training:  14%|█▍        | 14/100 [01:03<06:29,  4.53s/epoch, best=1.597e+02, sign=0.158, train=1.597e+02, val=1.594e+02]
GNN flow training:  14%|█▍        | 14/100 [01:08<06:29,  4.53s/epoch, best=1.594e+02, sign=0.158, train=1.594e+02, val=1.587e+02]
GNN flow training:  15%|█▌        | 15/100 [01:08<06:24,  4.52s/epoch, best=1.594e+02, sign=0.158, train=1.594e+02, val=1.587e+02]
GNN flow training:  15%|█▌        | 15/100 [01:12<06:24,  4.52s/epoch, best=1.587e+02, sign=0.158, train=1.587e+02, val=1.577e+02]
GNN flow training:  16%|█▌        | 16/100 [01:12<06:19,  4.52s/epoch, best=1.587e+02, sign=0.158, train=1.587e+02, val=1.577e+02]
GNN flow training:  16%|█▌        | 16/100 [01:17<06:19,  4.52s/epoch, best=1.577e+02, sign=0.158, train=1.577e+02, val=1.568e+02]
GNN flow training:  17%|█▋        | 17/100 [01:17<06:15,  4.52s/epoch, best=1.577e+02, sign=0.158, train=1.577e+02, val=1.568e+02]
GNN flow training:  17%|█▋        | 17/100 [01:21<06:15,  4.52s/epoch, best=1.568e+02, sign=0.158, train=1.568e+02, val=1.555e+02]
GNN flow training:  18%|█▊        | 18/100 [01:21<06:11,  4.53s/epoch, best=1.568e+02, sign=0.158, train=1.568e+02, val=1.555e+02]
GNN flow training:  18%|█▊        | 18/100 [01:26<06:11,  4.53s/epoch, best=1.555e+02, sign=0.158, train=1.555e+02, val=1.543e+02]
GNN flow training:  19%|█▉        | 19/100 [01:26<06:06,  4.53s/epoch, best=1.555e+02, sign=0.158, train=1.555e+02, val=1.543e+02]
GNN flow training:  19%|█▉        | 19/100 [01:30<06:06,  4.53s/epoch, best=1.543e+02, sign=0.157, train=1.543e+02, val=1.523e+02]
GNN flow training:  20%|██        | 20/100 [01:30<06:01,  4.52s/epoch, best=1.543e+02, sign=0.157, train=1.543e+02, val=1.523e+02]
GNN flow training:  20%|██        | 20/100 [01:35<06:01,  4.52s/epoch, best=1.523e+02, sign=0.158, train=1.523e+02, val=1.501e+02]
GNN flow training:  21%|██        | 21/100 [01:35<05:56,  4.51s/epoch, best=1.523e+02, sign=0.158, train=1.523e+02, val=1.501e+02]
GNN flow training:  21%|██        | 21/100 [01:39<05:56,  4.51s/epoch, best=1.501e+02, sign=0.157, train=1.501e+02, val=1.478e+02]
GNN flow training:  22%|██▏       | 22/100 [01:39<05:51,  4.50s/epoch, best=1.501e+02, sign=0.157, train=1.501e+02, val=1.478e+02]
GNN flow training:  22%|██▏       | 22/100 [01:44<05:51,  4.50s/epoch, best=1.478e+02, sign=0.156, train=1.478e+02, val=1.459e+02]
GNN flow training:  23%|██▎       | 23/100 [01:44<05:47,  4.51s/epoch, best=1.478e+02, sign=0.156, train=1.478e+02, val=1.459e+02]
GNN flow training:  23%|██▎       | 23/100 [01:48<05:47,  4.51s/epoch, best=1.459e+02, sign=0.154, train=1.459e+02, val=1.423e+02]
GNN flow training:  24%|██▍       | 24/100 [01:48<05:42,  4.51s/epoch, best=1.459e+02, sign=0.154, train=1.459e+02, val=1.423e+02]
GNN flow training:  24%|██▍       | 24/100 [01:53<05:42,  4.51s/epoch, best=1.423e+02, sign=0.152, train=1.423e+02, val=1.403e+02]
GNN flow training:  25%|██▌       | 25/100 [01:53<05:39,  4.52s/epoch, best=1.423e+02, sign=0.152, train=1.423e+02, val=1.403e+02]
GNN flow training:  25%|██▌       | 25/100 [01:57<05:39,  4.52s/epoch, best=1.403e+02, sign=0.152, train=1.403e+02, val=1.380e+02]
GNN flow training:  26%|██▌       | 26/100 [01:57<05:35,  4.53s/epoch, best=1.403e+02, sign=0.152, train=1.403e+02, val=1.380e+02]
GNN flow training:  26%|██▌       | 26/100 [02:02<05:35,  4.53s/epoch, best=1.380e+02, sign=0.154, train=1.380e+02, val=1.343e+02]
GNN flow training:  27%|██▋       | 27/100 [02:02<05:30,  4.53s/epoch, best=1.380e+02, sign=0.154, train=1.380e+02, val=1.343e+02]
GNN flow training:  27%|██▋       | 27/100 [02:06<05:30,  4.53s/epoch, best=1.343e+02, sign=0.154, train=1.343e+02, val=1.313e+02]
GNN flow training:  28%|██▊       | 28/100 [02:06<05:25,  4.52s/epoch, best=1.343e+02, sign=0.154, train=1.343e+02, val=1.313e+02]
GNN flow training:  28%|██▊       | 28/100 [02:11<05:25,  4.52s/epoch, best=1.313e+02, sign=0.153, train=1.313e+02, val=1.286e+02]
GNN flow training:  29%|██▉       | 29/100 [02:11<05:20,  4.52s/epoch, best=1.313e+02, sign=0.153, train=1.313e+02, val=1.286e+02]
GNN flow training:  29%|██▉       | 29/100 [02:15<05:20,  4.52s/epoch, best=1.286e+02, sign=0.153, train=1.286e+02, val=1.261e+02]
GNN flow training:  30%|███       | 30/100 [02:15<05:17,  4.54s/epoch, best=1.286e+02, sign=0.153, train=1.286e+02, val=1.261e+02]
GNN flow training:  30%|███       | 30/100 [02:20<05:17,  4.54s/epoch, best=1.261e+02, sign=0.154, train=1.261e+02, val=1.249e+02]
GNN flow training:  31%|███       | 31/100 [02:20<05:13,  4.54s/epoch, best=1.261e+02, sign=0.154, train=1.261e+02, val=1.249e+02]
GNN flow training:  31%|███       | 31/100 [02:25<05:13,  4.54s/epoch, best=1.249e+02, sign=0.153, train=1.249e+02, val=1.250e+02]
GNN flow training:  32%|███▏      | 32/100 [02:25<05:07,  4.53s/epoch, best=1.249e+02, sign=0.153, train=1.249e+02, val=1.250e+02]
GNN flow training:  32%|███▏      | 32/100 [02:29<05:07,  4.53s/epoch, best=1.249e+02, sign=0.155, train=1.250e+02, val=1.248e+02]
GNN flow training:  33%|███▎      | 33/100 [02:29<05:02,  4.52s/epoch, best=1.249e+02, sign=0.155, train=1.250e+02, val=1.248e+02]
GNN flow training:  33%|███▎      | 33/100 [02:33<05:02,  4.52s/epoch, best=1.248e+02, sign=0.157, train=1.248e+02, val=1.229e+02]
GNN flow training:  34%|███▍      | 34/100 [02:33<04:57,  4.51s/epoch, best=1.248e+02, sign=0.157, train=1.248e+02, val=1.229e+02]
GNN flow training:  34%|███▍      | 34/100 [02:38<04:57,  4.51s/epoch, best=1.229e+02, sign=0.158, train=1.229e+02, val=1.194e+02]
GNN flow training:  35%|███▌      | 35/100 [02:38<04:52,  4.50s/epoch, best=1.229e+02, sign=0.158, train=1.229e+02, val=1.194e+02]
GNN flow training:  35%|███▌      | 35/100 [02:43<04:52,  4.50s/epoch, best=1.194e+02, sign=0.160, train=1.194e+02, val=1.158e+02]
GNN flow training:  36%|███▌      | 36/100 [02:43<04:48,  4.51s/epoch, best=1.194e+02, sign=0.160, train=1.194e+02, val=1.158e+02]
GNN flow training:  36%|███▌      | 36/100 [02:47<04:48,  4.51s/epoch, best=1.158e+02, sign=0.159, train=1.158e+02, val=1.126e+02]
GNN flow training:  37%|███▋      | 37/100 [02:47<04:44,  4.51s/epoch, best=1.158e+02, sign=0.159, train=1.158e+02, val=1.126e+02]
GNN flow training:  37%|███▋      | 37/100 [02:52<04:44,  4.51s/epoch, best=1.126e+02, sign=0.159, train=1.126e+02, val=1.086e+02]
GNN flow training:  38%|███▊      | 38/100 [02:52<04:40,  4.52s/epoch, best=1.126e+02, sign=0.159, train=1.126e+02, val=1.086e+02]
GNN flow training:  38%|███▊      | 38/100 [02:56<04:40,  4.52s/epoch, best=1.086e+02, sign=0.160, train=1.086e+02, val=1.083e+02]
GNN flow training:  39%|███▉      | 39/100 [02:56<04:35,  4.52s/epoch, best=1.086e+02, sign=0.160, train=1.086e+02, val=1.083e+02]
GNN flow training:  39%|███▉      | 39/100 [03:01<04:35,  4.52s/epoch, best=1.083e+02, sign=0.156, train=1.083e+02, val=1.126e+02]
GNN flow training:  40%|████      | 40/100 [03:01<04:32,  4.53s/epoch, best=1.083e+02, sign=0.156, train=1.083e+02, val=1.126e+02]
GNN flow training:  40%|████      | 40/100 [03:05<04:32,  4.53s/epoch, best=1.083e+02, sign=0.154, train=1.126e+02, val=1.159e+02]
GNN flow training:  41%|████      | 41/100 [03:05<04:26,  4.52s/epoch, best=1.083e+02, sign=0.154, train=1.126e+02, val=1.159e+02]
GNN flow training:  41%|████      | 41/100 [03:10<04:26,  4.52s/epoch, best=1.083e+02, sign=0.153, train=1.159e+02, val=1.204e+02]
GNN flow training:  42%|████▏     | 42/100 [03:10<04:21,  4.52s/epoch, best=1.083e+02, sign=0.153, train=1.159e+02, val=1.204e+02]
GNN flow training:  42%|████▏     | 42/100 [03:14<04:21,  4.52s/epoch, best=1.083e+02, sign=0.154, train=1.204e+02, val=1.192e+02]
GNN flow training:  43%|████▎     | 43/100 [03:14<04:17,  4.52s/epoch, best=1.083e+02, sign=0.154, train=1.204e+02, val=1.192e+02]
GNN flow training:  43%|████▎     | 43/100 [03:19<04:17,  4.52s/epoch, best=1.083e+02, sign=0.158, train=1.192e+02, val=1.143e+02]
GNN flow training:  44%|████▍     | 44/100 [03:19<04:14,  4.54s/epoch, best=1.083e+02, sign=0.158, train=1.192e+02, val=1.143e+02]
GNN flow training:  44%|████▍     | 44/100 [03:23<04:14,  4.54s/epoch, best=1.083e+02, sign=0.161, train=1.143e+02, val=1.100e+02]
GNN flow training:  45%|████▌     | 45/100 [03:23<04:08,  4.52s/epoch, best=1.083e+02, sign=0.161, train=1.143e+02, val=1.100e+02]
GNN flow training:  45%|████▌     | 45/100 [03:28<04:08,  4.52s/epoch, best=1.083e+02, sign=0.164, train=1.100e+02, val=1.060e+02]
GNN flow training:  46%|████▌     | 46/100 [03:28<04:03,  4.52s/epoch, best=1.083e+02, sign=0.164, train=1.100e+02, val=1.060e+02]
GNN flow training:  46%|████▌     | 46/100 [03:32<04:03,  4.52s/epoch, best=1.060e+02, sign=0.167, train=1.060e+02, val=1.024e+02]
GNN flow training:  47%|████▋     | 47/100 [03:32<03:59,  4.52s/epoch, best=1.060e+02, sign=0.167, train=1.060e+02, val=1.024e+02]
GNN flow training:  47%|████▋     | 47/100 [03:37<03:59,  4.52s/epoch, best=1.024e+02, sign=0.167, train=1.024e+02, val=1.002e+02]
GNN flow training:  48%|████▊     | 48/100 [03:37<03:55,  4.53s/epoch, best=1.024e+02, sign=0.167, train=1.024e+02, val=1.002e+02]
GNN flow training:  48%|████▊     | 48/100 [03:41<03:55,  4.53s/epoch, best=1.002e+02, sign=0.169, train=1.002e+02, val=9.923e+01]
GNN flow training:  49%|████▉     | 49/100 [03:41<03:50,  4.52s/epoch, best=1.002e+02, sign=0.169, train=1.002e+02, val=9.923e+01]
GNN flow training:  49%|████▉     | 49/100 [03:46<03:50,  4.52s/epoch, best=9.923e+01, sign=0.166, train=9.922e+01, val=1.022e+02]
GNN flow training:  50%|█████     | 50/100 [03:46<03:45,  4.51s/epoch, best=9.923e+01, sign=0.166, train=9.922e+01, val=1.022e+02]
GNN flow training:  50%|█████     | 50/100 [03:50<03:45,  4.51s/epoch, best=9.923e+01, sign=0.167, train=1.022e+02, val=1.019e+02]
GNN flow training:  51%|█████     | 51/100 [03:50<03:40,  4.51s/epoch, best=9.923e+01, sign=0.167, train=1.022e+02, val=1.019e+02]
GNN flow training:  51%|█████     | 51/100 [03:55<03:40,  4.51s/epoch, best=9.923e+01, sign=0.169, train=1.019e+02, val=1.017e+02]
GNN flow training:  52%|█████▏    | 52/100 [03:55<03:36,  4.52s/epoch, best=9.923e+01, sign=0.169, train=1.019e+02, val=1.017e+02]
GNN flow training:  52%|█████▏    | 52/100 [03:59<03:36,  4.52s/epoch, best=9.923e+01, sign=0.167, train=1.017e+02, val=1.025e+02]
GNN flow training:  53%|█████▎    | 53/100 [03:59<03:32,  4.51s/epoch, best=9.923e+01, sign=0.167, train=1.017e+02, val=1.025e+02]
GNN flow training:  53%|█████▎    | 53/100 [04:04<03:32,  4.51s/epoch, best=9.923e+01, sign=0.168, train=1.024e+02, val=1.018e+02]
GNN flow training:  54%|█████▍    | 54/100 [04:04<03:27,  4.51s/epoch, best=9.923e+01, sign=0.168, train=1.024e+02, val=1.018e+02]
GNN flow training:  54%|█████▍    | 54/100 [04:08<03:27,  4.51s/epoch, best=9.923e+01, sign=0.169, train=1.018e+02, val=9.898e+01]
GNN flow training:  55%|█████▌    | 55/100 [04:08<03:22,  4.50s/epoch, best=9.923e+01, sign=0.169, train=1.018e+02, val=9.898e+01]
GNN flow training:  55%|█████▌    | 55/100 [04:13<03:22,  4.50s/epoch, best=9.898e+01, sign=0.169, train=9.898e+01, val=9.885e+01]
GNN flow training:  56%|█████▌    | 56/100 [04:13<03:18,  4.51s/epoch, best=9.898e+01, sign=0.169, train=9.898e+01, val=9.885e+01]
GNN flow training:  56%|█████▌    | 56/100 [04:17<03:18,  4.51s/epoch, best=9.885e+01, sign=0.168, train=9.885e+01, val=9.960e+01]
GNN flow training:  57%|█████▋    | 57/100 [04:17<03:13,  4.51s/epoch, best=9.885e+01, sign=0.168, train=9.885e+01, val=9.960e+01]
GNN flow training:  57%|█████▋    | 57/100 [04:22<03:13,  4.51s/epoch, best=9.885e+01, sign=0.168, train=9.960e+01, val=1.013e+02]
GNN flow training:  58%|█████▊    | 58/100 [04:22<03:09,  4.51s/epoch, best=9.885e+01, sign=0.168, train=9.960e+01, val=1.013e+02]
GNN flow training:  58%|█████▊    | 58/100 [04:26<03:09,  4.51s/epoch, best=9.885e+01, sign=0.166, train=1.013e+02, val=1.056e+02]
GNN flow training:  59%|█████▉    | 59/100 [04:26<03:05,  4.52s/epoch, best=9.885e+01, sign=0.166, train=1.013e+02, val=1.056e+02]
GNN flow training:  59%|█████▉    | 59/100 [04:31<03:05,  4.52s/epoch, best=9.885e+01, sign=0.166, train=1.056e+02, val=1.066e+02]
GNN flow training:  60%|██████    | 60/100 [04:31<03:00,  4.52s/epoch, best=9.885e+01, sign=0.166, train=1.056e+02, val=1.066e+02]
GNN flow training:  60%|██████    | 60/100 [04:36<03:00,  4.52s/epoch, best=9.885e+01, sign=0.166, train=1.066e+02, val=1.051e+02]
GNN flow training:  61%|██████    | 61/100 [04:36<02:56,  4.53s/epoch, best=9.885e+01, sign=0.166, train=1.066e+02, val=1.051e+02]
GNN flow training:  61%|██████    | 61/100 [04:40<02:56,  4.53s/epoch, best=9.885e+01, sign=0.168, train=1.051e+02, val=1.011e+02]
GNN flow training:  62%|██████▏   | 62/100 [04:40<02:52,  4.54s/epoch, best=9.885e+01, sign=0.168, train=1.051e+02, val=1.011e+02]
GNN flow training:  62%|██████▏   | 62/100 [04:45<02:52,  4.54s/epoch, best=9.885e+01, sign=0.168, train=1.011e+02, val=9.943e+01]
GNN flow training:  63%|██████▎   | 63/100 [04:45<02:48,  4.55s/epoch, best=9.885e+01, sign=0.168, train=1.011e+02, val=9.943e+01]
GNN flow training:  63%|██████▎   | 63/100 [04:49<02:48,  4.55s/epoch, best=9.885e+01, sign=0.169, train=9.942e+01, val=1.000e+02]
GNN flow training:  64%|██████▍   | 64/100 [04:49<02:43,  4.55s/epoch, best=9.885e+01, sign=0.169, train=9.942e+01, val=1.000e+02]
GNN flow training:  64%|██████▍   | 64/100 [04:54<02:43,  4.55s/epoch, best=9.885e+01, sign=0.170, train=1.000e+02, val=9.974e+01]
GNN flow training:  65%|██████▌   | 65/100 [04:54<02:38,  4.53s/epoch, best=9.885e+01, sign=0.170, train=1.000e+02, val=9.974e+01]
GNN flow training:  65%|██████▌   | 65/100 [04:58<02:38,  4.53s/epoch, best=9.885e+01, sign=0.170, train=9.974e+01, val=9.843e+01]
GNN flow training:  66%|██████▌   | 66/100 [04:58<02:33,  4.53s/epoch, best=9.885e+01, sign=0.170, train=9.974e+01, val=9.843e+01]
GNN flow training:  66%|██████▌   | 66/100 [05:03<02:33,  4.53s/epoch, best=9.843e+01, sign=0.171, train=9.843e+01, val=9.735e+01]
GNN flow training:  67%|██████▋   | 67/100 [05:03<02:29,  4.54s/epoch, best=9.843e+01, sign=0.171, train=9.843e+01, val=9.735e+01]
GNN flow training:  67%|██████▋   | 67/100 [05:07<02:29,  4.54s/epoch, best=9.735e+01, sign=0.171, train=9.735e+01, val=9.695e+01]
GNN flow training:  68%|██████▊   | 68/100 [05:07<02:25,  4.53s/epoch, best=9.735e+01, sign=0.171, train=9.735e+01, val=9.695e+01]
GNN flow training:  68%|██████▊   | 68/100 [05:12<02:25,  4.53s/epoch, best=9.695e+01, sign=0.170, train=9.695e+01, val=9.658e+01]
GNN flow training:  69%|██████▉   | 69/100 [05:12<02:20,  4.54s/epoch, best=9.695e+01, sign=0.170, train=9.695e+01, val=9.658e+01]
GNN flow training:  69%|██████▉   | 69/100 [05:16<02:20,  4.54s/epoch, best=9.658e+01, sign=0.173, train=9.658e+01, val=9.641e+01]
GNN flow training:  70%|███████   | 70/100 [05:16<02:15,  4.53s/epoch, best=9.658e+01, sign=0.173, train=9.658e+01, val=9.641e+01]
GNN flow training:  70%|███████   | 70/100 [05:21<02:15,  4.53s/epoch, best=9.641e+01, sign=0.171, train=9.640e+01, val=9.918e+01]
GNN flow training:  71%|███████   | 71/100 [05:21<02:11,  4.52s/epoch, best=9.641e+01, sign=0.171, train=9.640e+01, val=9.918e+01]
GNN flow training:  71%|███████   | 71/100 [05:25<02:11,  4.52s/epoch, best=9.641e+01, sign=0.169, train=9.918e+01, val=9.984e+01]
GNN flow training:  72%|███████▏  | 72/100 [05:25<02:06,  4.52s/epoch, best=9.641e+01, sign=0.169, train=9.918e+01, val=9.984e+01]
GNN flow training:  72%|███████▏  | 72/100 [05:30<02:06,  4.52s/epoch, best=9.641e+01, sign=0.171, train=9.984e+01, val=9.848e+01]
GNN flow training:  73%|███████▎  | 73/100 [05:30<02:02,  4.52s/epoch, best=9.641e+01, sign=0.171, train=9.984e+01, val=9.848e+01]
GNN flow training:  73%|███████▎  | 73/100 [05:34<02:02,  4.52s/epoch, best=9.641e+01, sign=0.173, train=9.847e+01, val=9.713e+01]
GNN flow training:  74%|███████▍  | 74/100 [05:34<01:57,  4.52s/epoch, best=9.641e+01, sign=0.173, train=9.847e+01, val=9.713e+01]
GNN flow training:  74%|███████▍  | 74/100 [05:39<01:57,  4.52s/epoch, best=9.641e+01, sign=0.171, train=9.713e+01, val=9.694e+01]
GNN flow training:  75%|███████▌  | 75/100 [05:39<01:52,  4.51s/epoch, best=9.641e+01, sign=0.171, train=9.713e+01, val=9.694e+01]
GNN flow training:  75%|███████▌  | 75/100 [05:43<01:52,  4.51s/epoch, best=9.641e+01, sign=0.171, train=9.694e+01, val=9.642e+01]
GNN flow training:  76%|███████▌  | 76/100 [05:43<01:48,  4.52s/epoch, best=9.641e+01, sign=0.171, train=9.694e+01, val=9.642e+01]
GNN flow training:  76%|███████▌  | 76/100 [05:48<01:48,  4.52s/epoch, best=9.641e+01, sign=0.172, train=9.642e+01, val=9.812e+01]
GNN flow training:  77%|███████▋  | 77/100 [05:48<01:43,  4.52s/epoch, best=9.641e+01, sign=0.172, train=9.642e+01, val=9.812e+01]
GNN flow training:  77%|███████▋  | 77/100 [05:52<01:43,  4.52s/epoch, best=9.641e+01, sign=0.169, train=9.811e+01, val=1.023e+02]
GNN flow training:  78%|███████▊  | 78/100 [05:52<01:39,  4.52s/epoch, best=9.641e+01, sign=0.169, train=9.811e+01, val=1.023e+02]
GNN flow training:  78%|███████▊  | 78/100 [05:57<01:39,  4.52s/epoch, best=9.641e+01, sign=0.168, train=1.023e+02, val=1.034e+02]
GNN flow training:  79%|███████▉  | 79/100 [05:57<01:35,  4.54s/epoch, best=9.641e+01, sign=0.168, train=1.023e+02, val=1.034e+02]
GNN flow training:  79%|███████▉  | 79/100 [06:02<01:35,  4.54s/epoch, best=9.641e+01, sign=0.168, train=1.034e+02, val=1.025e+02]
GNN flow training:  80%|████████  | 80/100 [06:02<01:30,  4.55s/epoch, best=9.641e+01, sign=0.168, train=1.034e+02, val=1.025e+02]
GNN flow training:  80%|████████  | 80/100 [06:06<01:30,  4.55s/epoch, best=9.641e+01, sign=0.169, train=1.025e+02, val=1.030e+02]
GNN flow training:  81%|████████  | 81/100 [06:06<01:26,  4.56s/epoch, best=9.641e+01, sign=0.169, train=1.025e+02, val=1.030e+02]
GNN flow training:  81%|████████  | 81/100 [06:11<01:26,  4.56s/epoch, best=9.641e+01, sign=0.169, train=1.030e+02, val=1.050e+02]
GNN flow training:  82%|████████▏ | 82/100 [06:11<01:21,  4.55s/epoch, best=9.641e+01, sign=0.169, train=1.030e+02, val=1.050e+02]
GNN flow training:  82%|████████▏ | 82/100 [06:15<01:21,  4.55s/epoch, best=9.641e+01, sign=0.169, train=1.050e+02, val=1.060e+02]
GNN flow training:  83%|████████▎ | 83/100 [06:15<01:17,  4.55s/epoch, best=9.641e+01, sign=0.169, train=1.050e+02, val=1.060e+02]
GNN flow training:  83%|████████▎ | 83/100 [06:20<01:17,  4.55s/epoch, best=9.641e+01, sign=0.169, train=1.060e+02, val=1.058e+02]
GNN flow training:  84%|████████▍ | 84/100 [06:20<01:12,  4.55s/epoch, best=9.641e+01, sign=0.169, train=1.060e+02, val=1.058e+02]
GNN flow training:  84%|████████▍ | 84/100 [06:24<01:12,  4.55s/epoch, best=9.641e+01, sign=0.169, train=1.058e+02, val=1.039e+02]
GNN flow training:  85%|████████▌ | 85/100 [06:24<01:08,  4.55s/epoch, best=9.641e+01, sign=0.169, train=1.058e+02, val=1.039e+02]
GNN flow training:  85%|████████▌ | 85/100 [06:29<01:08,  4.55s/epoch, best=9.641e+01, sign=0.169, train=1.039e+02, val=1.045e+02]
GNN flow training:  86%|████████▌ | 86/100 [06:29<01:03,  4.55s/epoch, best=9.641e+01, sign=0.169, train=1.039e+02, val=1.045e+02]
GNN flow training:  86%|████████▌ | 86/100 [06:33<01:03,  4.55s/epoch, best=9.641e+01, sign=0.170, train=1.045e+02, val=1.029e+02]
GNN flow training:  87%|████████▋ | 87/100 [06:33<00:58,  4.54s/epoch, best=9.641e+01, sign=0.170, train=1.045e+02, val=1.029e+02]
GNN flow training:  87%|████████▋ | 87/100 [06:38<00:58,  4.54s/epoch, best=9.641e+01, sign=0.169, train=1.029e+02, val=1.026e+02]
GNN flow training:  88%|████████▊ | 88/100 [06:38<00:54,  4.53s/epoch, best=9.641e+01, sign=0.169, train=1.029e+02, val=1.026e+02]
GNN flow training:  88%|████████▊ | 88/100 [06:42<00:54,  4.53s/epoch, best=9.641e+01, sign=0.169, train=1.026e+02, val=1.021e+02]
GNN flow training:  89%|████████▉ | 89/100 [06:42<00:49,  4.52s/epoch, best=9.641e+01, sign=0.169, train=1.026e+02, val=1.021e+02]
GNN flow training:  89%|████████▉ | 89/100 [06:47<00:49,  4.52s/epoch, best=9.641e+01, sign=0.168, train=1.021e+02, val=1.024e+02]
GNN flow training:  90%|█████████ | 90/100 [06:47<00:45,  4.51s/epoch, best=9.641e+01, sign=0.168, train=1.021e+02, val=1.024e+02]
GNN flow training:  90%|█████████ | 90/100 [06:52<00:45,  4.51s/epoch, best=9.641e+01, sign=0.170, train=1.024e+02, val=1.016e+02]
GNN flow training:  91%|█████████ | 91/100 [06:52<00:40,  4.53s/epoch, best=9.641e+01, sign=0.170, train=1.024e+02, val=1.016e+02]
GNN flow training:  91%|█████████ | 91/100 [06:56<00:40,  4.53s/epoch, best=9.641e+01, sign=0.170, train=1.016e+02, val=1.025e+02]
GNN flow training:  92%|█████████▏| 92/100 [06:56<00:36,  4.53s/epoch, best=9.641e+01, sign=0.170, train=1.016e+02, val=1.025e+02]
GNN flow training:  92%|█████████▏| 92/100 [07:01<00:36,  4.53s/epoch, best=9.641e+01, sign=0.171, train=1.025e+02, val=1.012e+02]
GNN flow training:  93%|█████████▎| 93/100 [07:01<00:31,  4.53s/epoch, best=9.641e+01, sign=0.171, train=1.025e+02, val=1.012e+02]
GNN flow training:  93%|█████████▎| 93/100 [07:05<00:31,  4.53s/epoch, best=9.641e+01, sign=0.171, train=1.012e+02, val=9.771e+01]
GNN flow training:  94%|█████████▍| 94/100 [07:05<00:27,  4.53s/epoch, best=9.641e+01, sign=0.171, train=1.012e+02, val=9.771e+01]
GNN flow training:  94%|█████████▍| 94/100 [07:10<00:27,  4.53s/epoch, best=9.641e+01, sign=0.171, train=9.771e+01, val=9.364e+01]
GNN flow training:  95%|█████████▌| 95/100 [07:10<00:22,  4.51s/epoch, best=9.641e+01, sign=0.171, train=9.771e+01, val=9.364e+01]
GNN flow training:  95%|█████████▌| 95/100 [07:14<00:22,  4.51s/epoch, best=9.364e+01, sign=0.171, train=9.364e+01, val=9.406e+01]
GNN flow training:  96%|█████████▌| 96/100 [07:14<00:18,  4.52s/epoch, best=9.364e+01, sign=0.171, train=9.364e+01, val=9.406e+01]
GNN flow training:  96%|█████████▌| 96/100 [07:19<00:18,  4.52s/epoch, best=9.364e+01, sign=0.171, train=9.405e+01, val=9.508e+01]
GNN flow training:  97%|█████████▋| 97/100 [07:19<00:13,  4.52s/epoch, best=9.364e+01, sign=0.171, train=9.405e+01, val=9.508e+01]
GNN flow training:  97%|█████████▋| 97/100 [07:23<00:13,  4.52s/epoch, best=9.364e+01, sign=0.170, train=9.508e+01, val=9.717e+01]
GNN flow training:  98%|█████████▊| 98/100 [07:23<00:09,  4.52s/epoch, best=9.364e+01, sign=0.170, train=9.508e+01, val=9.717e+01]
GNN flow training:  98%|█████████▊| 98/100 [07:28<00:09,  4.52s/epoch, best=9.364e+01, sign=0.170, train=9.717e+01, val=9.940e+01]
GNN flow training:  99%|█████████▉| 99/100 [07:28<00:04,  4.51s/epoch, best=9.364e+01, sign=0.170, train=9.717e+01, val=9.940e+01]
GNN flow training:  99%|█████████▉| 99/100 [07:32<00:04,  4.51s/epoch, best=9.364e+01, sign=0.169, train=9.940e+01, val=1.004e+02]
GNN flow training: 100%|██████████| 100/100 [07:32<00:00,  4.52s/epoch, best=9.364e+01, sign=0.169, train=9.940e+01, val=1.004e+02]
GNN flow training: 100%|██████████| 100/100 [07:32<00:00,  4.53s/epoch, best=9.364e+01, sign=0.169, train=9.940e+01, val=1.004e+02]
Resolved config snapshot:
{'preset': 'solver_QKB_outer_QKBdelta', 'gnn_outer_losses': {'flow': 0.1, 'kirchhoff': 100.0, 'boundary': 100.0, 'delta_l2': 100.0, 'delta_smooth': 0.0, 'pressure_shape': 0.0}, 'physics': {'arterial_flow_mode': 'dataset', 'pressure_constraints': ['equal-a-equal-v'], 'alpha_pa': None, 'use_snr_weights': True, 'use_observed_flow_snr_weighting': True, 'flow_scale_mode': 'median_abs', 'solver_device': 'same', 'pressure_solver_mode': 'reduced-soft-constrained-lstsq', 'pressure_solver_lambda_kirchhoff': 1.0, 'pressure_solver_lambda_pressure_constraints': 100.0, 'pressure_solver_lambda_flow_residual': 1.0, 'pressure_shape_reference': 'delta_zero_reference', 'pressure_detach': False}, 'correction_bounds': {'correction_min': -0.5, 'correction_max': 0.5, 'correction_bound': 0.5, 'correction_parameterization': 'tanh'}, 'optimization': {'learning_rate': 0.001, 'weight_decay': 0.0001, 'gradient_clip_norm': 5.0, 'optimizer': 'adamw', 'epochs': 100, 'patience': 40}}
Shard 16/80: 1 of 80 runs
Command: /mnt/home/sswee/miniforge3/envs/yolk-sac/bin/python /mnt/home/sswee/yolk/Yolk-Sac-Flow-Data-and-Sim/gnn_clean/scripts/python/gnn_flow.py /mnt/home/sswee/yolk/Yolk-Sac-Flow-Data-and-Sim/gnn_clean/datasets/mosaic_graph_norm_canonical.gpickle --output-dir /mnt/home/sswee/yolk/Yolk-Sac-Flow-Data-and-Sim/gnn_clean/outputs_canonical_norm/dc/02_physics_weight_sweep/gnn --run-name q_0p1__k_100__delta_100 --preset solver_QKB_outer_QKBdelta --device cuda --epochs 100 --seed 0 --viscosity-pa-s 0.0035 --config /mnt/home/sswee/yolk/Yolk-Sac-Flow-Data-and-Sim/gnn_clean/outputs_canonical_norm/dc/02_physics_weight_sweep/_generated_configs/q_0p1__k_100__delta_100.yaml --no-pressure-detach
