[info] DC Step 2 canonical sweep uses fixed lambda_B=100.0 for both the outer boundary loss and the reduced pressure-solver boundary constraint.

GNN flow training:   0%|          | 0/100 [00:00<?, ?epoch/s]
GNN flow training:   0%|          | 0/100 [00:06<?, ?epoch/s, best=1.737e+02, sign=0.161, train=1.738e+02, val=1.737e+02]
GNN flow training:   1%|          | 1/100 [00:06<10:05,  6.11s/epoch, best=1.737e+02, sign=0.161, train=1.738e+02, val=1.737e+02]
GNN flow training:   1%|          | 1/100 [00:12<10:05,  6.11s/epoch, best=1.737e+02, sign=0.160, train=1.735e+02, val=1.737e+02]
GNN flow training:   2%|▏         | 2/100 [00:12<09:57,  6.09s/epoch, best=1.737e+02, sign=0.160, train=1.735e+02, val=1.737e+02]
GNN flow training:   2%|▏         | 2/100 [00:18<09:57,  6.09s/epoch, best=1.737e+02, sign=0.161, train=1.735e+02, val=1.734e+02]
GNN flow training:   3%|▎         | 3/100 [00:18<09:50,  6.09s/epoch, best=1.737e+02, sign=0.161, train=1.735e+02, val=1.734e+02]
GNN flow training:   3%|▎         | 3/100 [00:24<09:50,  6.09s/epoch, best=1.734e+02, sign=0.159, train=1.732e+02, val=1.733e+02]
GNN flow training:   4%|▍         | 4/100 [00:24<09:42,  6.07s/epoch, best=1.734e+02, sign=0.159, train=1.732e+02, val=1.733e+02]
GNN flow training:   4%|▍         | 4/100 [00:30<09:42,  6.07s/epoch, best=1.733e+02, sign=0.159, train=1.731e+02, val=1.729e+02]
GNN flow training:   5%|▌         | 5/100 [00:30<09:36,  6.06s/epoch, best=1.733e+02, sign=0.159, train=1.731e+02, val=1.729e+02]
GNN flow training:   5%|▌         | 5/100 [00:36<09:36,  6.06s/epoch, best=1.729e+02, sign=0.160, train=1.727e+02, val=1.729e+02]
GNN flow training:   6%|▌         | 6/100 [00:36<09:26,  6.03s/epoch, best=1.729e+02, sign=0.160, train=1.727e+02, val=1.729e+02]
GNN flow training:   6%|▌         | 6/100 [00:42<09:26,  6.03s/epoch, best=1.729e+02, sign=0.161, train=1.728e+02, val=1.728e+02]
GNN flow training:   7%|▋         | 7/100 [00:42<09:19,  6.02s/epoch, best=1.729e+02, sign=0.161, train=1.728e+02, val=1.728e+02]
GNN flow training:   7%|▋         | 7/100 [00:48<09:19,  6.02s/epoch, best=1.728e+02, sign=0.161, train=1.726e+02, val=1.728e+02]
GNN flow training:   8%|▊         | 8/100 [00:48<09:13,  6.01s/epoch, best=1.728e+02, sign=0.161, train=1.726e+02, val=1.728e+02]
GNN flow training:   8%|▊         | 8/100 [00:54<09:13,  6.01s/epoch, best=1.728e+02, sign=0.161, train=1.726e+02, val=1.727e+02]
GNN flow training:   9%|▉         | 9/100 [00:54<09:05,  5.99s/epoch, best=1.728e+02, sign=0.161, train=1.726e+02, val=1.727e+02]
GNN flow training:   9%|▉         | 9/100 [01:00<09:05,  5.99s/epoch, best=1.727e+02, sign=0.161, train=1.725e+02, val=1.723e+02]
GNN flow training:  10%|█         | 10/100 [01:00<08:59,  6.00s/epoch, best=1.727e+02, sign=0.161, train=1.725e+02, val=1.723e+02]
GNN flow training:  10%|█         | 10/100 [01:06<08:59,  6.00s/epoch, best=1.723e+02, sign=0.161, train=1.721e+02, val=1.721e+02]
GNN flow training:  11%|█         | 11/100 [01:06<08:53,  6.00s/epoch, best=1.723e+02, sign=0.161, train=1.721e+02, val=1.721e+02]
GNN flow training:  11%|█         | 11/100 [01:12<08:53,  6.00s/epoch, best=1.721e+02, sign=0.160, train=1.719e+02, val=1.720e+02]
GNN flow training:  12%|█▏        | 12/100 [01:12<08:50,  6.03s/epoch, best=1.721e+02, sign=0.160, train=1.719e+02, val=1.720e+02]
GNN flow training:  12%|█▏        | 12/100 [01:18<08:50,  6.03s/epoch, best=1.720e+02, sign=0.160, train=1.718e+02, val=1.718e+02]
GNN flow training:  13%|█▎        | 13/100 [01:18<08:44,  6.03s/epoch, best=1.720e+02, sign=0.160, train=1.718e+02, val=1.718e+02]
GNN flow training:  13%|█▎        | 13/100 [01:24<08:44,  6.03s/epoch, best=1.718e+02, sign=0.160, train=1.716e+02, val=1.711e+02]
GNN flow training:  14%|█▍        | 14/100 [01:24<08:37,  6.02s/epoch, best=1.718e+02, sign=0.160, train=1.716e+02, val=1.711e+02]
GNN flow training:  14%|█▍        | 14/100 [01:30<08:37,  6.02s/epoch, best=1.711e+02, sign=0.160, train=1.709e+02, val=1.707e+02]
GNN flow training:  15%|█▌        | 15/100 [01:30<08:32,  6.03s/epoch, best=1.711e+02, sign=0.160, train=1.709e+02, val=1.707e+02]
GNN flow training:  15%|█▌        | 15/100 [01:36<08:32,  6.03s/epoch, best=1.707e+02, sign=0.159, train=1.705e+02, val=1.702e+02]
GNN flow training:  16%|█▌        | 16/100 [01:36<08:27,  6.04s/epoch, best=1.707e+02, sign=0.159, train=1.705e+02, val=1.702e+02]
GNN flow training:  16%|█▌        | 16/100 [01:42<08:27,  6.04s/epoch, best=1.702e+02, sign=0.159, train=1.699e+02, val=1.691e+02]
GNN flow training:  17%|█▋        | 17/100 [01:42<08:22,  6.05s/epoch, best=1.702e+02, sign=0.159, train=1.699e+02, val=1.691e+02]
GNN flow training:  17%|█▋        | 17/100 [01:48<08:22,  6.05s/epoch, best=1.691e+02, sign=0.159, train=1.689e+02, val=1.686e+02]
GNN flow training:  18%|█▊        | 18/100 [01:48<08:14,  6.03s/epoch, best=1.691e+02, sign=0.159, train=1.689e+02, val=1.686e+02]
GNN flow training:  18%|█▊        | 18/100 [01:54<08:14,  6.03s/epoch, best=1.686e+02, sign=0.158, train=1.683e+02, val=1.679e+02]
GNN flow training:  19%|█▉        | 19/100 [01:54<08:07,  6.02s/epoch, best=1.686e+02, sign=0.158, train=1.683e+02, val=1.679e+02]
GNN flow training:  19%|█▉        | 19/100 [02:00<08:07,  6.02s/epoch, best=1.679e+02, sign=0.157, train=1.676e+02, val=1.676e+02]
GNN flow training:  20%|██        | 20/100 [02:00<08:00,  6.01s/epoch, best=1.679e+02, sign=0.157, train=1.676e+02, val=1.676e+02]
GNN flow training:  20%|██        | 20/100 [02:06<08:00,  6.01s/epoch, best=1.676e+02, sign=0.157, train=1.673e+02, val=1.666e+02]
GNN flow training:  21%|██        | 21/100 [02:06<07:54,  6.00s/epoch, best=1.676e+02, sign=0.157, train=1.673e+02, val=1.666e+02]
GNN flow training:  21%|██        | 21/100 [02:12<07:54,  6.00s/epoch, best=1.666e+02, sign=0.157, train=1.663e+02, val=1.661e+02]
GNN flow training:  22%|██▏       | 22/100 [02:12<07:48,  6.00s/epoch, best=1.666e+02, sign=0.157, train=1.663e+02, val=1.661e+02]
GNN flow training:  22%|██▏       | 22/100 [02:18<07:48,  6.00s/epoch, best=1.661e+02, sign=0.158, train=1.658e+02, val=1.647e+02]
GNN flow training:  23%|██▎       | 23/100 [02:18<07:43,  6.02s/epoch, best=1.661e+02, sign=0.158, train=1.658e+02, val=1.647e+02]
GNN flow training:  23%|██▎       | 23/100 [02:24<07:43,  6.02s/epoch, best=1.647e+02, sign=0.159, train=1.644e+02, val=1.632e+02]
GNN flow training:  24%|██▍       | 24/100 [02:24<07:38,  6.03s/epoch, best=1.647e+02, sign=0.159, train=1.644e+02, val=1.632e+02]
GNN flow training:  24%|██▍       | 24/100 [02:30<07:38,  6.03s/epoch, best=1.632e+02, sign=0.158, train=1.628e+02, val=1.621e+02]
GNN flow training:  25%|██▌       | 25/100 [02:30<07:32,  6.03s/epoch, best=1.632e+02, sign=0.158, train=1.628e+02, val=1.621e+02]
GNN flow training:  25%|██▌       | 25/100 [02:36<07:32,  6.03s/epoch, best=1.621e+02, sign=0.159, train=1.617e+02, val=1.608e+02]
GNN flow training:  26%|██▌       | 26/100 [02:36<07:26,  6.03s/epoch, best=1.621e+02, sign=0.159, train=1.617e+02, val=1.608e+02]
GNN flow training:  26%|██▌       | 26/100 [02:42<07:26,  6.03s/epoch, best=1.608e+02, sign=0.159, train=1.604e+02, val=1.588e+02]
GNN flow training:  27%|██▋       | 27/100 [02:42<07:20,  6.03s/epoch, best=1.608e+02, sign=0.159, train=1.604e+02, val=1.588e+02]
GNN flow training:  27%|██▋       | 27/100 [02:48<07:20,  6.03s/epoch, best=1.588e+02, sign=0.159, train=1.584e+02, val=1.571e+02]
GNN flow training:  28%|██▊       | 28/100 [02:48<07:14,  6.04s/epoch, best=1.588e+02, sign=0.159, train=1.584e+02, val=1.571e+02]
GNN flow training:  28%|██▊       | 28/100 [02:54<07:14,  6.04s/epoch, best=1.571e+02, sign=0.158, train=1.566e+02, val=1.555e+02]
GNN flow training:  29%|██▉       | 29/100 [02:54<07:08,  6.03s/epoch, best=1.571e+02, sign=0.158, train=1.566e+02, val=1.555e+02]
GNN flow training:  29%|██▉       | 29/100 [03:00<07:08,  6.03s/epoch, best=1.555e+02, sign=0.158, train=1.551e+02, val=1.533e+02]
GNN flow training:  30%|███       | 30/100 [03:00<07:01,  6.01s/epoch, best=1.555e+02, sign=0.158, train=1.551e+02, val=1.533e+02]
GNN flow training:  30%|███       | 30/100 [03:06<07:01,  6.01s/epoch, best=1.533e+02, sign=0.158, train=1.528e+02, val=1.487e+02]
GNN flow training:  31%|███       | 31/100 [03:06<06:55,  6.02s/epoch, best=1.533e+02, sign=0.158, train=1.528e+02, val=1.487e+02]
GNN flow training:  31%|███       | 31/100 [03:12<06:55,  6.02s/epoch, best=1.487e+02, sign=0.158, train=1.481e+02, val=1.460e+02]
GNN flow training:  32%|███▏      | 32/100 [03:12<06:48,  6.01s/epoch, best=1.487e+02, sign=0.158, train=1.481e+02, val=1.460e+02]
GNN flow training:  32%|███▏      | 32/100 [03:18<06:48,  6.01s/epoch, best=1.460e+02, sign=0.157, train=1.454e+02, val=1.426e+02]
GNN flow training:  33%|███▎      | 33/100 [03:18<06:43,  6.02s/epoch, best=1.460e+02, sign=0.157, train=1.454e+02, val=1.426e+02]
GNN flow training:  33%|███▎      | 33/100 [03:24<06:43,  6.02s/epoch, best=1.426e+02, sign=0.156, train=1.418e+02, val=1.390e+02]
GNN flow training:  34%|███▍      | 34/100 [03:24<06:38,  6.03s/epoch, best=1.426e+02, sign=0.156, train=1.418e+02, val=1.390e+02]
GNN flow training:  34%|███▍      | 34/100 [03:30<06:38,  6.03s/epoch, best=1.390e+02, sign=0.155, train=1.382e+02, val=1.347e+02]
GNN flow training:  35%|███▌      | 35/100 [03:30<06:31,  6.03s/epoch, best=1.390e+02, sign=0.155, train=1.382e+02, val=1.347e+02]
GNN flow training:  35%|███▌      | 35/100 [03:37<06:31,  6.03s/epoch, best=1.347e+02, sign=0.155, train=1.338e+02, val=1.330e+02]
GNN flow training:  36%|███▌      | 36/100 [03:37<06:27,  6.05s/epoch, best=1.347e+02, sign=0.155, train=1.338e+02, val=1.330e+02]
GNN flow training:  36%|███▌      | 36/100 [03:43<06:27,  6.05s/epoch, best=1.330e+02, sign=0.156, train=1.320e+02, val=1.303e+02]
GNN flow training:  37%|███▋      | 37/100 [03:43<06:20,  6.05s/epoch, best=1.330e+02, sign=0.156, train=1.320e+02, val=1.303e+02]
GNN flow training:  37%|███▋      | 37/100 [03:49<06:20,  6.05s/epoch, best=1.303e+02, sign=0.157, train=1.292e+02, val=1.269e+02]
GNN flow training:  38%|███▊      | 38/100 [03:49<06:14,  6.04s/epoch, best=1.303e+02, sign=0.157, train=1.292e+02, val=1.269e+02]
GNN flow training:  38%|███▊      | 38/100 [03:55<06:14,  6.04s/epoch, best=1.269e+02, sign=0.157, train=1.257e+02, val=1.255e+02]
GNN flow training:  39%|███▉      | 39/100 [03:55<06:07,  6.03s/epoch, best=1.269e+02, sign=0.157, train=1.257e+02, val=1.255e+02]
GNN flow training:  39%|███▉      | 39/100 [04:01<06:07,  6.03s/epoch, best=1.255e+02, sign=0.155, train=1.242e+02, val=1.257e+02]
GNN flow training:  40%|████      | 40/100 [04:01<06:01,  6.02s/epoch, best=1.255e+02, sign=0.155, train=1.242e+02, val=1.257e+02]
GNN flow training:  40%|████      | 40/100 [04:07<06:01,  6.02s/epoch, best=1.255e+02, sign=0.156, train=1.244e+02, val=1.246e+02]
GNN flow training:  41%|████      | 41/100 [04:07<05:55,  6.02s/epoch, best=1.255e+02, sign=0.156, train=1.244e+02, val=1.246e+02]
GNN flow training:  41%|████      | 41/100 [04:13<05:55,  6.02s/epoch, best=1.246e+02, sign=0.155, train=1.233e+02, val=1.248e+02]
GNN flow training:  42%|████▏     | 42/100 [04:13<05:49,  6.03s/epoch, best=1.246e+02, sign=0.155, train=1.233e+02, val=1.248e+02]
GNN flow training:  42%|████▏     | 42/100 [04:19<05:49,  6.03s/epoch, best=1.246e+02, sign=0.155, train=1.234e+02, val=1.242e+02]
GNN flow training:  43%|████▎     | 43/100 [04:19<05:43,  6.03s/epoch, best=1.246e+02, sign=0.155, train=1.234e+02, val=1.242e+02]
GNN flow training:  43%|████▎     | 43/100 [04:25<05:43,  6.03s/epoch, best=1.242e+02, sign=0.155, train=1.228e+02, val=1.204e+02]
GNN flow training:  44%|████▍     | 44/100 [04:25<05:38,  6.04s/epoch, best=1.242e+02, sign=0.155, train=1.228e+02, val=1.204e+02]
GNN flow training:  44%|████▍     | 44/100 [04:31<05:38,  6.04s/epoch, best=1.204e+02, sign=0.157, train=1.189e+02, val=1.179e+02]
GNN flow training:  45%|████▌     | 45/100 [04:31<05:32,  6.05s/epoch, best=1.204e+02, sign=0.157, train=1.189e+02, val=1.179e+02]
GNN flow training:  45%|████▌     | 45/100 [04:37<05:32,  6.05s/epoch, best=1.179e+02, sign=0.159, train=1.163e+02, val=1.156e+02]
GNN flow training:  46%|████▌     | 46/100 [04:37<05:26,  6.05s/epoch, best=1.179e+02, sign=0.159, train=1.163e+02, val=1.156e+02]
GNN flow training:  46%|████▌     | 46/100 [04:43<05:26,  6.05s/epoch, best=1.156e+02, sign=0.161, train=1.139e+02, val=1.141e+02]
GNN flow training:  47%|████▋     | 47/100 [04:43<05:20,  6.05s/epoch, best=1.156e+02, sign=0.161, train=1.139e+02, val=1.141e+02]
GNN flow training:  47%|████▋     | 47/100 [04:49<05:20,  6.05s/epoch, best=1.141e+02, sign=0.161, train=1.123e+02, val=1.147e+02]
GNN flow training:  48%|████▊     | 48/100 [04:49<05:13,  6.03s/epoch, best=1.141e+02, sign=0.161, train=1.123e+02, val=1.147e+02]
GNN flow training:  48%|████▊     | 48/100 [04:55<05:13,  6.03s/epoch, best=1.141e+02, sign=0.163, train=1.129e+02, val=1.142e+02]
GNN flow training:  49%|████▉     | 49/100 [04:55<05:08,  6.04s/epoch, best=1.141e+02, sign=0.163, train=1.129e+02, val=1.142e+02]
GNN flow training:  49%|████▉     | 49/100 [05:01<05:08,  6.04s/epoch, best=1.141e+02, sign=0.165, train=1.124e+02, val=1.120e+02]
GNN flow training:  50%|█████     | 50/100 [05:01<05:01,  6.04s/epoch, best=1.141e+02, sign=0.165, train=1.124e+02, val=1.120e+02]
GNN flow training:  50%|█████     | 50/100 [05:07<05:01,  6.04s/epoch, best=1.120e+02, sign=0.165, train=1.102e+02, val=1.113e+02]
GNN flow training:  51%|█████     | 51/100 [05:07<04:56,  6.06s/epoch, best=1.120e+02, sign=0.165, train=1.102e+02, val=1.113e+02]
GNN flow training:  51%|█████     | 51/100 [05:13<04:56,  6.06s/epoch, best=1.113e+02, sign=0.166, train=1.095e+02, val=1.116e+02]
GNN flow training:  52%|█████▏    | 52/100 [05:13<04:50,  6.05s/epoch, best=1.113e+02, sign=0.166, train=1.095e+02, val=1.116e+02]
GNN flow training:  52%|█████▏    | 52/100 [05:19<04:50,  6.05s/epoch, best=1.113e+02, sign=0.165, train=1.097e+02, val=1.113e+02]
GNN flow training:  53%|█████▎    | 53/100 [05:19<04:43,  6.03s/epoch, best=1.113e+02, sign=0.165, train=1.097e+02, val=1.113e+02]
GNN flow training:  53%|█████▎    | 53/100 [05:25<04:43,  6.03s/epoch, best=1.113e+02, sign=0.164, train=1.094e+02, val=1.108e+02]
GNN flow training:  54%|█████▍    | 54/100 [05:25<04:38,  6.05s/epoch, best=1.113e+02, sign=0.164, train=1.094e+02, val=1.108e+02]
GNN flow training:  54%|█████▍    | 54/100 [05:31<04:38,  6.05s/epoch, best=1.108e+02, sign=0.164, train=1.089e+02, val=1.102e+02]
GNN flow training:  55%|█████▌    | 55/100 [05:31<04:30,  6.02s/epoch, best=1.108e+02, sign=0.164, train=1.089e+02, val=1.102e+02]
GNN flow training:  55%|█████▌    | 55/100 [05:37<04:30,  6.02s/epoch, best=1.102e+02, sign=0.165, train=1.083e+02, val=1.095e+02]
GNN flow training:  56%|█████▌    | 56/100 [05:37<04:24,  6.01s/epoch, best=1.102e+02, sign=0.165, train=1.083e+02, val=1.095e+02]
GNN flow training:  56%|█████▌    | 56/100 [05:43<04:24,  6.01s/epoch, best=1.095e+02, sign=0.166, train=1.076e+02, val=1.085e+02]
GNN flow training:  57%|█████▋    | 57/100 [05:43<04:18,  6.01s/epoch, best=1.095e+02, sign=0.166, train=1.076e+02, val=1.085e+02]
GNN flow training:  57%|█████▋    | 57/100 [05:49<04:18,  6.01s/epoch, best=1.085e+02, sign=0.168, train=1.065e+02, val=1.060e+02]
GNN flow training:  58%|█████▊    | 58/100 [05:49<04:11,  6.00s/epoch, best=1.085e+02, sign=0.168, train=1.065e+02, val=1.060e+02]
GNN flow training:  58%|█████▊    | 58/100 [05:55<04:11,  6.00s/epoch, best=1.060e+02, sign=0.170, train=1.041e+02, val=1.034e+02]
GNN flow training:  59%|█████▉    | 59/100 [05:55<04:06,  6.01s/epoch, best=1.060e+02, sign=0.170, train=1.041e+02, val=1.034e+02]
GNN flow training:  59%|█████▉    | 59/100 [06:01<04:06,  6.01s/epoch, best=1.034e+02, sign=0.169, train=1.014e+02, val=1.040e+02]
GNN flow training:  60%|██████    | 60/100 [06:01<04:00,  6.02s/epoch, best=1.034e+02, sign=0.169, train=1.014e+02, val=1.040e+02]
GNN flow training:  60%|██████    | 60/100 [06:07<04:00,  6.02s/epoch, best=1.034e+02, sign=0.169, train=1.020e+02, val=1.048e+02]
GNN flow training:  61%|██████    | 61/100 [06:07<03:55,  6.03s/epoch, best=1.034e+02, sign=0.169, train=1.020e+02, val=1.048e+02]
GNN flow training:  61%|██████    | 61/100 [06:13<03:55,  6.03s/epoch, best=1.034e+02, sign=0.171, train=1.028e+02, val=1.028e+02]
GNN flow training:  62%|██████▏   | 62/100 [06:13<03:48,  6.02s/epoch, best=1.034e+02, sign=0.171, train=1.028e+02, val=1.028e+02]
GNN flow training:  62%|██████▏   | 62/100 [06:19<03:48,  6.02s/epoch, best=1.028e+02, sign=0.171, train=1.007e+02, val=1.006e+02]
GNN flow training:  63%|██████▎   | 63/100 [06:19<03:42,  6.02s/epoch, best=1.028e+02, sign=0.171, train=1.007e+02, val=1.006e+02]
GNN flow training:  63%|██████▎   | 63/100 [06:25<03:42,  6.02s/epoch, best=1.006e+02, sign=0.171, train=9.857e+01, val=1.027e+02]
GNN flow training:  64%|██████▍   | 64/100 [06:25<03:37,  6.04s/epoch, best=1.006e+02, sign=0.171, train=9.857e+01, val=1.027e+02]
GNN flow training:  64%|██████▍   | 64/100 [06:31<03:37,  6.04s/epoch, best=1.006e+02, sign=0.167, train=1.007e+02, val=1.059e+02]
GNN flow training:  65%|██████▌   | 65/100 [06:31<03:31,  6.03s/epoch, best=1.006e+02, sign=0.167, train=1.007e+02, val=1.059e+02]
GNN flow training:  65%|██████▌   | 65/100 [06:37<03:31,  6.03s/epoch, best=1.006e+02, sign=0.168, train=1.040e+02, val=1.051e+02]
GNN flow training:  66%|██████▌   | 66/100 [06:37<03:25,  6.05s/epoch, best=1.006e+02, sign=0.168, train=1.040e+02, val=1.051e+02]
GNN flow training:  66%|██████▌   | 66/100 [06:44<03:25,  6.05s/epoch, best=1.006e+02, sign=0.172, train=1.032e+02, val=1.014e+02]
GNN flow training:  67%|██████▋   | 67/100 [06:44<03:19,  6.04s/epoch, best=1.006e+02, sign=0.172, train=1.032e+02, val=1.014e+02]
GNN flow training:  67%|██████▋   | 67/100 [06:50<03:19,  6.04s/epoch, best=1.006e+02, sign=0.171, train=9.944e+01, val=1.024e+02]
GNN flow training:  68%|██████▊   | 68/100 [06:50<03:12,  6.03s/epoch, best=1.006e+02, sign=0.171, train=9.944e+01, val=1.024e+02]
GNN flow training:  68%|██████▊   | 68/100 [06:56<03:12,  6.03s/epoch, best=1.006e+02, sign=0.172, train=1.004e+02, val=1.022e+02]
GNN flow training:  69%|██████▉   | 69/100 [06:56<03:07,  6.04s/epoch, best=1.006e+02, sign=0.172, train=1.004e+02, val=1.022e+02]
GNN flow training:  69%|██████▉   | 69/100 [07:02<03:07,  6.04s/epoch, best=1.006e+02, sign=0.171, train=1.002e+02, val=1.015e+02]
GNN flow training:  70%|███████   | 70/100 [07:02<03:00,  6.02s/epoch, best=1.006e+02, sign=0.171, train=1.002e+02, val=1.015e+02]
GNN flow training:  70%|███████   | 70/100 [07:08<03:00,  6.02s/epoch, best=1.006e+02, sign=0.170, train=9.956e+01, val=1.020e+02]
GNN flow training:  71%|███████   | 71/100 [07:08<02:55,  6.03s/epoch, best=1.006e+02, sign=0.170, train=9.956e+01, val=1.020e+02]
GNN flow training:  71%|███████   | 71/100 [07:14<02:55,  6.03s/epoch, best=1.006e+02, sign=0.171, train=1.001e+02, val=1.002e+02]
GNN flow training:  72%|███████▏  | 72/100 [07:14<02:48,  6.02s/epoch, best=1.006e+02, sign=0.171, train=1.001e+02, val=1.002e+02]
GNN flow training:  72%|███████▏  | 72/100 [07:20<02:48,  6.02s/epoch, best=1.002e+02, sign=0.172, train=9.822e+01, val=9.836e+01]
GNN flow training:  73%|███████▎  | 73/100 [07:20<02:42,  6.01s/epoch, best=1.002e+02, sign=0.172, train=9.822e+01, val=9.836e+01]
GNN flow training:  73%|███████▎  | 73/100 [07:26<02:42,  6.01s/epoch, best=9.836e+01, sign=0.171, train=9.635e+01, val=1.018e+02]
GNN flow training:  74%|███████▍  | 74/100 [07:26<02:36,  6.02s/epoch, best=9.836e+01, sign=0.171, train=9.635e+01, val=1.018e+02]
GNN flow training:  74%|███████▍  | 74/100 [07:32<02:36,  6.02s/epoch, best=9.836e+01, sign=0.168, train=9.985e+01, val=1.067e+02]
GNN flow training:  75%|███████▌  | 75/100 [07:32<02:30,  6.02s/epoch, best=9.836e+01, sign=0.168, train=9.985e+01, val=1.067e+02]
GNN flow training:  75%|███████▌  | 75/100 [07:38<02:30,  6.02s/epoch, best=9.836e+01, sign=0.166, train=1.049e+02, val=1.094e+02]
GNN flow training:  76%|███████▌  | 76/100 [07:38<02:24,  6.03s/epoch, best=9.836e+01, sign=0.166, train=1.049e+02, val=1.094e+02]
GNN flow training:  76%|███████▌  | 76/100 [07:44<02:24,  6.03s/epoch, best=9.836e+01, sign=0.167, train=1.077e+02, val=1.086e+02]
GNN flow training:  77%|███████▋  | 77/100 [07:44<02:18,  6.02s/epoch, best=9.836e+01, sign=0.167, train=1.077e+02, val=1.086e+02]
GNN flow training:  77%|███████▋  | 77/100 [07:50<02:18,  6.02s/epoch, best=9.836e+01, sign=0.167, train=1.069e+02, val=1.050e+02]
GNN flow training:  78%|███████▊  | 78/100 [07:50<02:12,  6.02s/epoch, best=9.836e+01, sign=0.167, train=1.069e+02, val=1.050e+02]
GNN flow training:  78%|███████▊  | 78/100 [07:56<02:12,  6.02s/epoch, best=9.836e+01, sign=0.170, train=1.032e+02, val=1.034e+02]
GNN flow training:  79%|███████▉  | 79/100 [07:56<02:06,  6.04s/epoch, best=9.836e+01, sign=0.170, train=1.032e+02, val=1.034e+02]
GNN flow training:  79%|███████▉  | 79/100 [08:02<02:06,  6.04s/epoch, best=9.836e+01, sign=0.165, train=1.015e+02, val=1.095e+02]
GNN flow training:  80%|████████  | 80/100 [08:02<02:00,  6.02s/epoch, best=9.836e+01, sign=0.165, train=1.015e+02, val=1.095e+02]
GNN flow training:  80%|████████  | 80/100 [08:08<02:00,  6.02s/epoch, best=9.836e+01, sign=0.162, train=1.077e+02, val=1.189e+02]
GNN flow training:  81%|████████  | 81/100 [08:08<01:54,  6.03s/epoch, best=9.836e+01, sign=0.162, train=1.077e+02, val=1.189e+02]
GNN flow training:  81%|████████  | 81/100 [08:14<01:54,  6.03s/epoch, best=9.836e+01, sign=0.159, train=1.172e+02, val=1.242e+02]
GNN flow training:  82%|████████▏ | 82/100 [08:14<01:48,  6.02s/epoch, best=9.836e+01, sign=0.159, train=1.172e+02, val=1.242e+02]
GNN flow training:  82%|████████▏ | 82/100 [08:20<01:48,  6.02s/epoch, best=9.836e+01, sign=0.158, train=1.226e+02, val=1.249e+02]
GNN flow training:  83%|████████▎ | 83/100 [08:20<01:42,  6.01s/epoch, best=9.836e+01, sign=0.158, train=1.226e+02, val=1.249e+02]
GNN flow training:  83%|████████▎ | 83/100 [08:26<01:42,  6.01s/epoch, best=9.836e+01, sign=0.160, train=1.233e+02, val=1.212e+02]
GNN flow training:  84%|████████▍ | 84/100 [08:26<01:36,  6.02s/epoch, best=9.836e+01, sign=0.160, train=1.233e+02, val=1.212e+02]
GNN flow training:  84%|████████▍ | 84/100 [08:32<01:36,  6.02s/epoch, best=9.836e+01, sign=0.163, train=1.196e+02, val=1.155e+02]
GNN flow training:  85%|████████▌ | 85/100 [08:32<01:30,  6.03s/epoch, best=9.836e+01, sign=0.163, train=1.196e+02, val=1.155e+02]
GNN flow training:  85%|████████▌ | 85/100 [08:38<01:30,  6.03s/epoch, best=9.836e+01, sign=0.166, train=1.138e+02, val=1.085e+02]
GNN flow training:  86%|████████▌ | 86/100 [08:38<01:24,  6.03s/epoch, best=9.836e+01, sign=0.166, train=1.138e+02, val=1.085e+02]
GNN flow training:  86%|████████▌ | 86/100 [08:44<01:24,  6.03s/epoch, best=9.836e+01, sign=0.167, train=1.067e+02, val=1.060e+02]
GNN flow training:  87%|████████▋ | 87/100 [08:44<01:18,  6.01s/epoch, best=9.836e+01, sign=0.167, train=1.067e+02, val=1.060e+02]
GNN flow training:  87%|████████▋ | 87/100 [08:50<01:18,  6.01s/epoch, best=9.836e+01, sign=0.168, train=1.042e+02, val=1.054e+02]
GNN flow training:  88%|████████▊ | 88/100 [08:50<01:12,  6.01s/epoch, best=9.836e+01, sign=0.168, train=1.042e+02, val=1.054e+02]
GNN flow training:  88%|████████▊ | 88/100 [08:56<01:12,  6.01s/epoch, best=9.836e+01, sign=0.167, train=1.036e+02, val=1.050e+02]
GNN flow training:  89%|████████▉ | 89/100 [08:56<01:06,  6.01s/epoch, best=9.836e+01, sign=0.167, train=1.036e+02, val=1.050e+02]
GNN flow training:  89%|████████▉ | 89/100 [09:02<01:06,  6.01s/epoch, best=9.836e+01, sign=0.169, train=1.032e+02, val=1.045e+02]
GNN flow training:  90%|█████████ | 90/100 [09:02<01:00,  6.01s/epoch, best=9.836e+01, sign=0.169, train=1.032e+02, val=1.045e+02]
GNN flow training:  90%|█████████ | 90/100 [09:08<01:00,  6.01s/epoch, best=9.836e+01, sign=0.171, train=1.027e+02, val=1.022e+02]
GNN flow training:  91%|█████████ | 91/100 [09:08<00:54,  6.01s/epoch, best=9.836e+01, sign=0.171, train=1.027e+02, val=1.022e+02]
GNN flow training:  91%|█████████ | 91/100 [09:14<00:54,  6.01s/epoch, best=9.836e+01, sign=0.172, train=1.003e+02, val=9.877e+01]
GNN flow training:  92%|█████████▏| 92/100 [09:14<00:48,  6.02s/epoch, best=9.836e+01, sign=0.172, train=1.003e+02, val=9.877e+01]
GNN flow training:  92%|█████████▏| 92/100 [09:20<00:48,  6.02s/epoch, best=9.836e+01, sign=0.172, train=9.680e+01, val=9.833e+01]
GNN flow training:  93%|█████████▎| 93/100 [09:20<00:42,  6.02s/epoch, best=9.836e+01, sign=0.172, train=9.680e+01, val=9.833e+01]
GNN flow training:  93%|█████████▎| 93/100 [09:26<00:42,  6.02s/epoch, best=9.833e+01, sign=0.172, train=9.633e+01, val=9.768e+01]
GNN flow training:  94%|█████████▍| 94/100 [09:26<00:36,  6.02s/epoch, best=9.833e+01, sign=0.172, train=9.633e+01, val=9.768e+01]
GNN flow training:  94%|█████████▍| 94/100 [09:32<00:36,  6.02s/epoch, best=9.768e+01, sign=0.172, train=9.566e+01, val=9.782e+01]
GNN flow training:  95%|█████████▌| 95/100 [09:32<00:30,  6.03s/epoch, best=9.768e+01, sign=0.172, train=9.566e+01, val=9.782e+01]
GNN flow training:  95%|█████████▌| 95/100 [09:38<00:30,  6.03s/epoch, best=9.768e+01, sign=0.172, train=9.579e+01, val=9.846e+01]
GNN flow training:  96%|█████████▌| 96/100 [09:38<00:24,  6.01s/epoch, best=9.768e+01, sign=0.172, train=9.579e+01, val=9.846e+01]
GNN flow training:  96%|█████████▌| 96/100 [09:44<00:24,  6.01s/epoch, best=9.768e+01, sign=0.173, train=9.644e+01, val=9.869e+01]
GNN flow training:  97%|█████████▋| 97/100 [09:44<00:18,  6.01s/epoch, best=9.768e+01, sign=0.173, train=9.644e+01, val=9.869e+01]
GNN flow training:  97%|█████████▋| 97/100 [09:50<00:18,  6.01s/epoch, best=9.768e+01, sign=0.172, train=9.669e+01, val=9.804e+01]
GNN flow training:  98%|█████████▊| 98/100 [09:50<00:12,  6.02s/epoch, best=9.768e+01, sign=0.172, train=9.669e+01, val=9.804e+01]
GNN flow training:  98%|█████████▊| 98/100 [09:56<00:12,  6.02s/epoch, best=9.768e+01, sign=0.174, train=9.601e+01, val=9.721e+01]
GNN flow training:  99%|█████████▉| 99/100 [09:56<00:06,  6.03s/epoch, best=9.768e+01, sign=0.174, train=9.601e+01, val=9.721e+01]
GNN flow training:  99%|█████████▉| 99/100 [10:02<00:06,  6.03s/epoch, best=9.721e+01, sign=0.174, train=9.516e+01, val=9.722e+01]
GNN flow training: 100%|██████████| 100/100 [10:02<00:00,  6.03s/epoch, best=9.721e+01, sign=0.174, train=9.516e+01, val=9.722e+01]
GNN flow training: 100%|██████████| 100/100 [10:02<00:00,  6.03s/epoch, best=9.721e+01, sign=0.174, train=9.516e+01, val=9.722e+01]
Resolved config snapshot:
{'preset': 'solver_QKB_outer_QKBdelta', 'gnn_outer_losses': {'flow': 100.0, 'kirchhoff': 100.0, 'boundary': 100.0, 'delta_l2': 1.0, 'delta_smooth': 0.0, 'pressure_shape': 0.0}, 'physics': {'arterial_flow_mode': 'dataset', 'pressure_constraints': ['equal-a-equal-v'], 'alpha_pa': None, 'use_snr_weights': True, 'use_observed_flow_snr_weighting': True, 'flow_scale_mode': 'median_abs', 'solver_device': 'same', 'pressure_solver_mode': 'reduced-soft-constrained-lstsq', 'pressure_solver_lambda_kirchhoff': 1.0, 'pressure_solver_lambda_pressure_constraints': 100.0, 'pressure_solver_lambda_flow_residual': 1.0, 'pressure_shape_reference': 'delta_zero_reference', 'pressure_detach': False}, 'correction_bounds': {'correction_min': -0.5, 'correction_max': 0.5, 'correction_bound': 0.5, 'correction_parameterization': 'tanh'}, 'optimization': {'learning_rate': 0.001, 'weight_decay': 0.0001, 'gradient_clip_norm': 5.0, 'optimizer': 'adamw', 'epochs': 100, 'patience': 40}}
Shard 62/80: 1 of 80 runs
Command: /mnt/home/sswee/miniforge3/envs/yolk-sac/bin/python /mnt/home/sswee/yolk/Yolk-Sac-Flow-Data-and-Sim/gnn_clean/scripts/python/gnn_flow.py /mnt/home/sswee/yolk/Yolk-Sac-Flow-Data-and-Sim/gnn_clean/datasets/mosaic_graph_norm_canonical.gpickle --output-dir /mnt/home/sswee/yolk/Yolk-Sac-Flow-Data-and-Sim/gnn_clean/outputs_canonical_norm/dc/02_physics_weight_sweep/gnn --run-name q_100__k_100__delta_1 --preset solver_QKB_outer_QKBdelta --device cuda --epochs 100 --seed 0 --viscosity-pa-s 0.0035 --config /mnt/home/sswee/yolk/Yolk-Sac-Flow-Data-and-Sim/gnn_clean/outputs_canonical_norm/dc/02_physics_weight_sweep/_generated_configs/q_100__k_100__delta_1.yaml --no-pressure-detach
