[info] DC Step 2 canonical sweep uses fixed lambda_B=100.0 for both the outer boundary loss and the reduced pressure-solver boundary constraint.

GNN flow training:   0%|          | 0/100 [00:00<?, ?epoch/s]
GNN flow training:   0%|          | 0/100 [00:06<?, ?epoch/s, best=2.667e+00, sign=0.160, train=2.651e+00, val=2.667e+00]
GNN flow training:   1%|          | 1/100 [00:06<10:04,  6.11s/epoch, best=2.667e+00, sign=0.160, train=2.651e+00, val=2.667e+00]
GNN flow training:   1%|          | 1/100 [00:12<10:04,  6.11s/epoch, best=2.667e+00, sign=0.160, train=2.649e+00, val=2.664e+00]
GNN flow training:   2%|▏         | 2/100 [00:12<09:56,  6.09s/epoch, best=2.667e+00, sign=0.160, train=2.649e+00, val=2.664e+00]
GNN flow training:   2%|▏         | 2/100 [00:18<09:56,  6.09s/epoch, best=2.664e+00, sign=0.159, train=2.645e+00, val=2.659e+00]
GNN flow training:   3%|▎         | 3/100 [00:18<09:50,  6.09s/epoch, best=2.664e+00, sign=0.159, train=2.645e+00, val=2.659e+00]
GNN flow training:   3%|▎         | 3/100 [00:24<09:50,  6.09s/epoch, best=2.659e+00, sign=0.158, train=2.639e+00, val=2.656e+00]
GNN flow training:   4%|▍         | 4/100 [00:24<09:46,  6.11s/epoch, best=2.659e+00, sign=0.158, train=2.639e+00, val=2.656e+00]
GNN flow training:   4%|▍         | 4/100 [00:30<09:46,  6.11s/epoch, best=2.656e+00, sign=0.157, train=2.634e+00, val=2.652e+00]
GNN flow training:   5%|▌         | 5/100 [00:30<09:36,  6.07s/epoch, best=2.656e+00, sign=0.157, train=2.634e+00, val=2.652e+00]
GNN flow training:   5%|▌         | 5/100 [00:36<09:36,  6.07s/epoch, best=2.652e+00, sign=0.154, train=2.629e+00, val=2.648e+00]
GNN flow training:   6%|▌         | 6/100 [00:36<09:31,  6.08s/epoch, best=2.652e+00, sign=0.154, train=2.629e+00, val=2.648e+00]
GNN flow training:   6%|▌         | 6/100 [00:42<09:31,  6.08s/epoch, best=2.648e+00, sign=0.154, train=2.624e+00, val=2.649e+00]
GNN flow training:   7%|▋         | 7/100 [00:42<09:24,  6.07s/epoch, best=2.648e+00, sign=0.154, train=2.624e+00, val=2.649e+00]
GNN flow training:   7%|▋         | 7/100 [00:48<09:24,  6.07s/epoch, best=2.648e+00, sign=0.152, train=2.625e+00, val=2.645e+00]
GNN flow training:   8%|▊         | 8/100 [00:48<09:15,  6.04s/epoch, best=2.648e+00, sign=0.152, train=2.625e+00, val=2.645e+00]
GNN flow training:   8%|▊         | 8/100 [00:54<09:15,  6.04s/epoch, best=2.645e+00, sign=0.150, train=2.622e+00, val=2.643e+00]
GNN flow training:   9%|▉         | 9/100 [00:54<09:08,  6.03s/epoch, best=2.645e+00, sign=0.150, train=2.622e+00, val=2.643e+00]
GNN flow training:   9%|▉         | 9/100 [01:00<09:08,  6.03s/epoch, best=2.643e+00, sign=0.149, train=2.619e+00, val=2.641e+00]
GNN flow training:  10%|█         | 10/100 [01:00<09:02,  6.02s/epoch, best=2.643e+00, sign=0.149, train=2.619e+00, val=2.641e+00]
GNN flow training:  10%|█         | 10/100 [01:06<09:02,  6.02s/epoch, best=2.641e+00, sign=0.150, train=2.618e+00, val=2.641e+00]
GNN flow training:  11%|█         | 11/100 [01:06<08:56,  6.02s/epoch, best=2.641e+00, sign=0.150, train=2.618e+00, val=2.641e+00]
GNN flow training:  11%|█         | 11/100 [01:12<08:56,  6.02s/epoch, best=2.641e+00, sign=0.149, train=2.619e+00, val=2.637e+00]
GNN flow training:  12%|█▏        | 12/100 [01:12<08:49,  6.02s/epoch, best=2.641e+00, sign=0.149, train=2.619e+00, val=2.637e+00]
GNN flow training:  12%|█▏        | 12/100 [01:18<08:49,  6.02s/epoch, best=2.637e+00, sign=0.149, train=2.615e+00, val=2.638e+00]
GNN flow training:  13%|█▎        | 13/100 [01:18<08:43,  6.02s/epoch, best=2.637e+00, sign=0.149, train=2.615e+00, val=2.638e+00]
GNN flow training:  13%|█▎        | 13/100 [01:24<08:43,  6.02s/epoch, best=2.637e+00, sign=0.149, train=2.616e+00, val=2.637e+00]
GNN flow training:  14%|█▍        | 14/100 [01:24<08:36,  6.00s/epoch, best=2.637e+00, sign=0.149, train=2.616e+00, val=2.637e+00]
GNN flow training:  14%|█▍        | 14/100 [01:30<08:36,  6.00s/epoch, best=2.637e+00, sign=0.149, train=2.615e+00, val=2.636e+00]
GNN flow training:  15%|█▌        | 15/100 [01:30<08:29,  6.00s/epoch, best=2.637e+00, sign=0.149, train=2.615e+00, val=2.636e+00]
GNN flow training:  15%|█▌        | 15/100 [01:36<08:29,  6.00s/epoch, best=2.636e+00, sign=0.148, train=2.612e+00, val=2.645e+00]
GNN flow training:  16%|█▌        | 16/100 [01:36<08:24,  6.00s/epoch, best=2.636e+00, sign=0.148, train=2.612e+00, val=2.645e+00]
GNN flow training:  16%|█▌        | 16/100 [01:42<08:24,  6.00s/epoch, best=2.636e+00, sign=0.147, train=2.621e+00, val=2.646e+00]
GNN flow training:  17%|█▋        | 17/100 [01:42<08:17,  5.99s/epoch, best=2.636e+00, sign=0.147, train=2.621e+00, val=2.646e+00]
GNN flow training:  17%|█▋        | 17/100 [01:48<08:17,  5.99s/epoch, best=2.636e+00, sign=0.147, train=2.622e+00, val=2.650e+00]
GNN flow training:  18%|█▊        | 18/100 [01:48<08:09,  5.97s/epoch, best=2.636e+00, sign=0.147, train=2.622e+00, val=2.650e+00]
GNN flow training:  18%|█▊        | 18/100 [01:54<08:09,  5.97s/epoch, best=2.636e+00, sign=0.147, train=2.623e+00, val=2.652e+00]
GNN flow training:  19%|█▉        | 19/100 [01:54<08:03,  5.97s/epoch, best=2.636e+00, sign=0.147, train=2.623e+00, val=2.652e+00]
GNN flow training:  19%|█▉        | 19/100 [02:00<08:03,  5.97s/epoch, best=2.636e+00, sign=0.147, train=2.626e+00, val=2.651e+00]
GNN flow training:  20%|██        | 20/100 [02:00<07:58,  5.99s/epoch, best=2.636e+00, sign=0.147, train=2.626e+00, val=2.651e+00]
GNN flow training:  20%|██        | 20/100 [02:06<07:58,  5.99s/epoch, best=2.636e+00, sign=0.148, train=2.624e+00, val=2.649e+00]
GNN flow training:  21%|██        | 21/100 [02:06<07:53,  5.99s/epoch, best=2.636e+00, sign=0.148, train=2.624e+00, val=2.649e+00]
GNN flow training:  21%|██        | 21/100 [02:12<07:53,  5.99s/epoch, best=2.636e+00, sign=0.147, train=2.622e+00, val=2.647e+00]
GNN flow training:  22%|██▏       | 22/100 [02:12<07:47,  5.99s/epoch, best=2.636e+00, sign=0.147, train=2.622e+00, val=2.647e+00]
GNN flow training:  22%|██▏       | 22/100 [02:18<07:47,  5.99s/epoch, best=2.636e+00, sign=0.148, train=2.619e+00, val=2.645e+00]
GNN flow training:  23%|██▎       | 23/100 [02:18<07:41,  5.99s/epoch, best=2.636e+00, sign=0.148, train=2.619e+00, val=2.645e+00]
GNN flow training:  23%|██▎       | 23/100 [02:24<07:41,  5.99s/epoch, best=2.636e+00, sign=0.148, train=2.616e+00, val=2.645e+00]
GNN flow training:  24%|██▍       | 24/100 [02:24<07:36,  6.00s/epoch, best=2.636e+00, sign=0.148, train=2.616e+00, val=2.645e+00]
GNN flow training:  24%|██▍       | 24/100 [02:30<07:36,  6.00s/epoch, best=2.636e+00, sign=0.147, train=2.617e+00, val=2.646e+00]
GNN flow training:  25%|██▌       | 25/100 [02:30<07:29,  5.99s/epoch, best=2.636e+00, sign=0.147, train=2.617e+00, val=2.646e+00]
GNN flow training:  25%|██▌       | 25/100 [02:36<07:29,  5.99s/epoch, best=2.636e+00, sign=0.148, train=2.618e+00, val=2.642e+00]
GNN flow training:  26%|██▌       | 26/100 [02:36<07:23,  6.00s/epoch, best=2.636e+00, sign=0.148, train=2.618e+00, val=2.642e+00]
GNN flow training:  26%|██▌       | 26/100 [02:42<07:23,  6.00s/epoch, best=2.636e+00, sign=0.148, train=2.614e+00, val=2.638e+00]
GNN flow training:  27%|██▋       | 27/100 [02:42<07:17,  5.99s/epoch, best=2.636e+00, sign=0.148, train=2.614e+00, val=2.638e+00]
GNN flow training:  27%|██▋       | 27/100 [02:48<07:17,  5.99s/epoch, best=2.636e+00, sign=0.148, train=2.610e+00, val=2.636e+00]
GNN flow training:  28%|██▊       | 28/100 [02:48<07:11,  6.00s/epoch, best=2.636e+00, sign=0.148, train=2.610e+00, val=2.636e+00]
GNN flow training:  28%|██▊       | 28/100 [02:54<07:11,  6.00s/epoch, best=2.636e+00, sign=0.149, train=2.608e+00, val=2.637e+00]
GNN flow training:  29%|██▉       | 29/100 [02:54<07:05,  6.00s/epoch, best=2.636e+00, sign=0.149, train=2.608e+00, val=2.637e+00]
GNN flow training:  29%|██▉       | 29/100 [03:00<07:05,  6.00s/epoch, best=2.636e+00, sign=0.149, train=2.610e+00, val=2.636e+00]
GNN flow training:  30%|███       | 30/100 [03:00<07:01,  6.01s/epoch, best=2.636e+00, sign=0.149, train=2.610e+00, val=2.636e+00]
GNN flow training:  30%|███       | 30/100 [03:06<07:01,  6.01s/epoch, best=2.636e+00, sign=0.149, train=2.609e+00, val=2.633e+00]
GNN flow training:  31%|███       | 31/100 [03:06<06:54,  6.00s/epoch, best=2.636e+00, sign=0.149, train=2.609e+00, val=2.633e+00]
GNN flow training:  31%|███       | 31/100 [03:12<06:54,  6.00s/epoch, best=2.633e+00, sign=0.148, train=2.607e+00, val=2.630e+00]
GNN flow training:  32%|███▏      | 32/100 [03:12<06:49,  6.02s/epoch, best=2.633e+00, sign=0.148, train=2.607e+00, val=2.630e+00]
GNN flow training:  32%|███▏      | 32/100 [03:18<06:49,  6.02s/epoch, best=2.630e+00, sign=0.149, train=2.603e+00, val=2.626e+00]
GNN flow training:  33%|███▎      | 33/100 [03:18<06:42,  6.01s/epoch, best=2.630e+00, sign=0.149, train=2.603e+00, val=2.626e+00]
GNN flow training:  33%|███▎      | 33/100 [03:24<06:42,  6.01s/epoch, best=2.626e+00, sign=0.149, train=2.599e+00, val=2.624e+00]
GNN flow training:  34%|███▍      | 34/100 [03:24<06:37,  6.03s/epoch, best=2.626e+00, sign=0.149, train=2.599e+00, val=2.624e+00]
GNN flow training:  34%|███▍      | 34/100 [03:30<06:37,  6.03s/epoch, best=2.624e+00, sign=0.148, train=2.596e+00, val=2.623e+00]
GNN flow training:  35%|███▌      | 35/100 [03:30<06:32,  6.04s/epoch, best=2.624e+00, sign=0.148, train=2.596e+00, val=2.623e+00]
GNN flow training:  35%|███▌      | 35/100 [03:36<06:32,  6.04s/epoch, best=2.623e+00, sign=0.149, train=2.595e+00, val=2.622e+00]
GNN flow training:  36%|███▌      | 36/100 [03:36<06:25,  6.03s/epoch, best=2.623e+00, sign=0.149, train=2.595e+00, val=2.622e+00]
GNN flow training:  36%|███▌      | 36/100 [03:42<06:25,  6.03s/epoch, best=2.622e+00, sign=0.150, train=2.594e+00, val=2.622e+00]
GNN flow training:  37%|███▋      | 37/100 [03:42<06:19,  6.02s/epoch, best=2.622e+00, sign=0.150, train=2.594e+00, val=2.622e+00]
GNN flow training:  37%|███▋      | 37/100 [03:48<06:19,  6.02s/epoch, best=2.622e+00, sign=0.149, train=2.594e+00, val=2.620e+00]
GNN flow training:  38%|███▊      | 38/100 [03:48<06:12,  6.01s/epoch, best=2.622e+00, sign=0.149, train=2.594e+00, val=2.620e+00]
GNN flow training:  38%|███▊      | 38/100 [03:54<06:12,  6.01s/epoch, best=2.620e+00, sign=0.149, train=2.591e+00, val=2.617e+00]
GNN flow training:  39%|███▉      | 39/100 [03:54<06:06,  6.00s/epoch, best=2.620e+00, sign=0.149, train=2.591e+00, val=2.617e+00]
GNN flow training:  39%|███▉      | 39/100 [04:00<06:06,  6.00s/epoch, best=2.617e+00, sign=0.147, train=2.587e+00, val=2.614e+00]
GNN flow training:  40%|████      | 40/100 [04:00<05:59,  6.00s/epoch, best=2.617e+00, sign=0.147, train=2.587e+00, val=2.614e+00]
GNN flow training:  40%|████      | 40/100 [04:06<05:59,  6.00s/epoch, best=2.614e+00, sign=0.147, train=2.584e+00, val=2.612e+00]
GNN flow training:  41%|████      | 41/100 [04:06<05:53,  5.99s/epoch, best=2.614e+00, sign=0.147, train=2.584e+00, val=2.612e+00]
GNN flow training:  41%|████      | 41/100 [04:12<05:53,  5.99s/epoch, best=2.612e+00, sign=0.146, train=2.579e+00, val=2.607e+00]
GNN flow training:  42%|████▏     | 42/100 [04:12<05:48,  6.02s/epoch, best=2.612e+00, sign=0.146, train=2.579e+00, val=2.607e+00]
GNN flow training:  42%|████▏     | 42/100 [04:18<05:48,  6.02s/epoch, best=2.607e+00, sign=0.146, train=2.573e+00, val=2.604e+00]
GNN flow training:  43%|████▎     | 43/100 [04:18<05:42,  6.01s/epoch, best=2.607e+00, sign=0.146, train=2.573e+00, val=2.604e+00]
GNN flow training:  43%|████▎     | 43/100 [04:24<05:42,  6.01s/epoch, best=2.604e+00, sign=0.145, train=2.568e+00, val=2.602e+00]
GNN flow training:  44%|████▍     | 44/100 [04:24<05:37,  6.03s/epoch, best=2.604e+00, sign=0.145, train=2.568e+00, val=2.602e+00]
GNN flow training:  44%|████▍     | 44/100 [04:30<05:37,  6.03s/epoch, best=2.602e+00, sign=0.143, train=2.565e+00, val=2.601e+00]
GNN flow training:  45%|████▌     | 45/100 [04:30<05:31,  6.03s/epoch, best=2.602e+00, sign=0.143, train=2.565e+00, val=2.601e+00]
GNN flow training:  45%|████▌     | 45/100 [04:36<05:31,  6.03s/epoch, best=2.601e+00, sign=0.143, train=2.560e+00, val=2.599e+00]
GNN flow training:  46%|████▌     | 46/100 [04:36<05:25,  6.03s/epoch, best=2.601e+00, sign=0.143, train=2.560e+00, val=2.599e+00]
GNN flow training:  46%|████▌     | 46/100 [04:42<05:25,  6.03s/epoch, best=2.599e+00, sign=0.141, train=2.555e+00, val=2.601e+00]
GNN flow training:  47%|████▋     | 47/100 [04:42<05:20,  6.04s/epoch, best=2.599e+00, sign=0.141, train=2.555e+00, val=2.601e+00]
GNN flow training:  47%|████▋     | 47/100 [04:48<05:20,  6.04s/epoch, best=2.599e+00, sign=0.141, train=2.553e+00, val=2.600e+00]
GNN flow training:  48%|████▊     | 48/100 [04:48<05:13,  6.03s/epoch, best=2.599e+00, sign=0.141, train=2.553e+00, val=2.600e+00]
GNN flow training:  48%|████▊     | 48/100 [04:54<05:13,  6.03s/epoch, best=2.599e+00, sign=0.142, train=2.547e+00, val=2.605e+00]
GNN flow training:  49%|████▉     | 49/100 [04:54<05:07,  6.03s/epoch, best=2.599e+00, sign=0.142, train=2.547e+00, val=2.605e+00]
GNN flow training:  49%|████▉     | 49/100 [05:00<05:07,  6.03s/epoch, best=2.599e+00, sign=0.140, train=2.546e+00, val=2.609e+00]
GNN flow training:  50%|█████     | 50/100 [05:00<05:01,  6.03s/epoch, best=2.599e+00, sign=0.140, train=2.546e+00, val=2.609e+00]
GNN flow training:  50%|█████     | 50/100 [05:06<05:01,  6.03s/epoch, best=2.599e+00, sign=0.139, train=2.542e+00, val=2.615e+00]
GNN flow training:  51%|█████     | 51/100 [05:06<04:56,  6.05s/epoch, best=2.599e+00, sign=0.139, train=2.542e+00, val=2.615e+00]
GNN flow training:  51%|█████     | 51/100 [05:13<04:56,  6.05s/epoch, best=2.599e+00, sign=0.139, train=2.541e+00, val=2.619e+00]
GNN flow training:  52%|█████▏    | 52/100 [05:13<04:50,  6.06s/epoch, best=2.599e+00, sign=0.139, train=2.541e+00, val=2.619e+00]
GNN flow training:  52%|█████▏    | 52/100 [05:19<04:50,  6.06s/epoch, best=2.599e+00, sign=0.138, train=2.539e+00, val=2.624e+00]
GNN flow training:  53%|█████▎    | 53/100 [05:19<04:44,  6.05s/epoch, best=2.599e+00, sign=0.138, train=2.539e+00, val=2.624e+00]
GNN flow training:  53%|█████▎    | 53/100 [05:25<04:44,  6.05s/epoch, best=2.599e+00, sign=0.139, train=2.538e+00, val=2.618e+00]
GNN flow training:  54%|█████▍    | 54/100 [05:25<04:38,  6.05s/epoch, best=2.599e+00, sign=0.139, train=2.538e+00, val=2.618e+00]
GNN flow training:  54%|█████▍    | 54/100 [05:31<04:38,  6.05s/epoch, best=2.599e+00, sign=0.138, train=2.530e+00, val=2.620e+00]
GNN flow training:  55%|█████▌    | 55/100 [05:31<04:32,  6.05s/epoch, best=2.599e+00, sign=0.138, train=2.530e+00, val=2.620e+00]
GNN flow training:  55%|█████▌    | 55/100 [05:37<04:32,  6.05s/epoch, best=2.599e+00, sign=0.139, train=2.531e+00, val=2.616e+00]
GNN flow training:  56%|█████▌    | 56/100 [05:37<04:26,  6.05s/epoch, best=2.599e+00, sign=0.139, train=2.531e+00, val=2.616e+00]
GNN flow training:  56%|█████▌    | 56/100 [05:43<04:26,  6.05s/epoch, best=2.599e+00, sign=0.140, train=2.529e+00, val=2.617e+00]
GNN flow training:  57%|█████▋    | 57/100 [05:43<04:20,  6.05s/epoch, best=2.599e+00, sign=0.140, train=2.529e+00, val=2.617e+00]
GNN flow training:  57%|█████▋    | 57/100 [05:49<04:20,  6.05s/epoch, best=2.599e+00, sign=0.141, train=2.533e+00, val=2.615e+00]
GNN flow training:  58%|█████▊    | 58/100 [05:49<04:14,  6.05s/epoch, best=2.599e+00, sign=0.141, train=2.533e+00, val=2.615e+00]
GNN flow training:  58%|█████▊    | 58/100 [05:55<04:14,  6.05s/epoch, best=2.599e+00, sign=0.141, train=2.533e+00, val=2.615e+00]
GNN flow training:  59%|█████▉    | 59/100 [05:55<04:07,  6.04s/epoch, best=2.599e+00, sign=0.141, train=2.533e+00, val=2.615e+00]
GNN flow training:  59%|█████▉    | 59/100 [06:01<04:07,  6.04s/epoch, best=2.599e+00, sign=0.141, train=2.535e+00, val=2.612e+00]
GNN flow training:  60%|██████    | 60/100 [06:01<04:02,  6.06s/epoch, best=2.599e+00, sign=0.141, train=2.535e+00, val=2.612e+00]
GNN flow training:  60%|██████    | 60/100 [06:07<04:02,  6.06s/epoch, best=2.599e+00, sign=0.142, train=2.534e+00, val=2.608e+00]
GNN flow training:  61%|██████    | 61/100 [06:07<03:55,  6.04s/epoch, best=2.599e+00, sign=0.142, train=2.534e+00, val=2.608e+00]
GNN flow training:  61%|██████    | 61/100 [06:13<03:55,  6.04s/epoch, best=2.599e+00, sign=0.142, train=2.531e+00, val=2.604e+00]
GNN flow training:  62%|██████▏   | 62/100 [06:13<03:49,  6.04s/epoch, best=2.599e+00, sign=0.142, train=2.531e+00, val=2.604e+00]
GNN flow training:  62%|██████▏   | 62/100 [06:19<03:49,  6.04s/epoch, best=2.599e+00, sign=0.141, train=2.528e+00, val=2.602e+00]
GNN flow training:  63%|██████▎   | 63/100 [06:19<03:43,  6.03s/epoch, best=2.599e+00, sign=0.141, train=2.528e+00, val=2.602e+00]
GNN flow training:  63%|██████▎   | 63/100 [06:25<03:43,  6.03s/epoch, best=2.599e+00, sign=0.141, train=2.527e+00, val=2.599e+00]
GNN flow training:  64%|██████▍   | 64/100 [06:25<03:37,  6.03s/epoch, best=2.599e+00, sign=0.141, train=2.527e+00, val=2.599e+00]
GNN flow training:  64%|██████▍   | 64/100 [06:31<03:37,  6.03s/epoch, best=2.599e+00, sign=0.140, train=2.525e+00, val=2.601e+00]
GNN flow training:  65%|██████▌   | 65/100 [06:31<03:30,  6.01s/epoch, best=2.599e+00, sign=0.140, train=2.525e+00, val=2.601e+00]
GNN flow training:  65%|██████▌   | 65/100 [06:37<03:30,  6.01s/epoch, best=2.599e+00, sign=0.140, train=2.525e+00, val=2.604e+00]
GNN flow training:  66%|██████▌   | 66/100 [06:37<03:25,  6.03s/epoch, best=2.599e+00, sign=0.140, train=2.525e+00, val=2.604e+00]
GNN flow training:  66%|██████▌   | 66/100 [06:43<03:25,  6.03s/epoch, best=2.599e+00, sign=0.138, train=2.523e+00, val=2.606e+00]
GNN flow training:  67%|██████▋   | 67/100 [06:43<03:19,  6.03s/epoch, best=2.599e+00, sign=0.138, train=2.523e+00, val=2.606e+00]
GNN flow training:  67%|██████▋   | 67/100 [06:49<03:19,  6.03s/epoch, best=2.599e+00, sign=0.137, train=2.521e+00, val=2.612e+00]
GNN flow training:  68%|██████▊   | 68/100 [06:49<03:12,  6.03s/epoch, best=2.599e+00, sign=0.137, train=2.521e+00, val=2.612e+00]
GNN flow training:  68%|██████▊   | 68/100 [06:55<03:12,  6.03s/epoch, best=2.599e+00, sign=0.136, train=2.523e+00, val=2.615e+00]
GNN flow training:  69%|██████▉   | 69/100 [06:55<03:06,  6.02s/epoch, best=2.599e+00, sign=0.136, train=2.523e+00, val=2.615e+00]
GNN flow training:  69%|██████▉   | 69/100 [07:01<03:06,  6.02s/epoch, best=2.599e+00, sign=0.136, train=2.521e+00, val=2.618e+00]
GNN flow training:  70%|███████   | 70/100 [07:01<03:01,  6.05s/epoch, best=2.599e+00, sign=0.136, train=2.521e+00, val=2.618e+00]
GNN flow training:  70%|███████   | 70/100 [07:07<03:01,  6.05s/epoch, best=2.599e+00, sign=0.135, train=2.520e+00, val=2.620e+00]
GNN flow training:  71%|███████   | 71/100 [07:07<02:55,  6.05s/epoch, best=2.599e+00, sign=0.135, train=2.520e+00, val=2.620e+00]
GNN flow training:  71%|███████   | 71/100 [07:13<02:55,  6.05s/epoch, best=2.599e+00, sign=0.135, train=2.517e+00, val=2.622e+00]
GNN flow training:  72%|███████▏  | 72/100 [07:13<02:49,  6.05s/epoch, best=2.599e+00, sign=0.135, train=2.517e+00, val=2.622e+00]
GNN flow training:  72%|███████▏  | 72/100 [07:19<02:49,  6.05s/epoch, best=2.599e+00, sign=0.134, train=2.515e+00, val=2.620e+00]
GNN flow training:  73%|███████▎  | 73/100 [07:19<02:43,  6.05s/epoch, best=2.599e+00, sign=0.134, train=2.515e+00, val=2.620e+00]
GNN flow training:  73%|███████▎  | 73/100 [07:25<02:43,  6.05s/epoch, best=2.599e+00, sign=0.134, train=2.510e+00, val=2.620e+00]
GNN flow training:  74%|███████▍  | 74/100 [07:25<02:37,  6.04s/epoch, best=2.599e+00, sign=0.134, train=2.510e+00, val=2.620e+00]
GNN flow training:  74%|███████▍  | 74/100 [07:31<02:37,  6.04s/epoch, best=2.599e+00, sign=0.134, train=2.508e+00, val=2.622e+00]
GNN flow training:  75%|███████▌  | 75/100 [07:31<02:30,  6.04s/epoch, best=2.599e+00, sign=0.134, train=2.508e+00, val=2.622e+00]
GNN flow training:  75%|███████▌  | 75/100 [07:37<02:30,  6.04s/epoch, best=2.599e+00, sign=0.134, train=2.501e+00, val=2.625e+00]
GNN flow training:  76%|███████▌  | 76/100 [07:37<02:24,  6.02s/epoch, best=2.599e+00, sign=0.134, train=2.501e+00, val=2.625e+00]
GNN flow training:  76%|███████▌  | 76/100 [07:44<02:24,  6.02s/epoch, best=2.599e+00, sign=0.134, train=2.498e+00, val=2.628e+00]
GNN flow training:  77%|███████▋  | 77/100 [07:44<02:18,  6.02s/epoch, best=2.599e+00, sign=0.134, train=2.498e+00, val=2.628e+00]
GNN flow training:  77%|███████▋  | 77/100 [07:50<02:18,  6.02s/epoch, best=2.599e+00, sign=0.133, train=2.495e+00, val=2.630e+00]
GNN flow training:  78%|███████▊  | 78/100 [07:50<02:12,  6.03s/epoch, best=2.599e+00, sign=0.133, train=2.495e+00, val=2.630e+00]
GNN flow training:  78%|███████▊  | 78/100 [07:56<02:12,  6.03s/epoch, best=2.599e+00, sign=0.133, train=2.495e+00, val=2.632e+00]
GNN flow training:  79%|███████▉  | 79/100 [07:56<02:06,  6.03s/epoch, best=2.599e+00, sign=0.133, train=2.495e+00, val=2.632e+00]
GNN flow training:  79%|███████▉  | 79/100 [08:02<02:06,  6.03s/epoch, best=2.599e+00, sign=0.132, train=2.495e+00, val=2.635e+00]
GNN flow training:  80%|████████  | 80/100 [08:02<02:00,  6.04s/epoch, best=2.599e+00, sign=0.132, train=2.495e+00, val=2.635e+00]
GNN flow training:  80%|████████  | 80/100 [08:08<02:00,  6.04s/epoch, best=2.599e+00, sign=0.133, train=2.498e+00, val=2.630e+00]
GNN flow training:  81%|████████  | 81/100 [08:08<01:54,  6.03s/epoch, best=2.599e+00, sign=0.133, train=2.498e+00, val=2.630e+00]
GNN flow training:  81%|████████  | 81/100 [08:14<01:54,  6.03s/epoch, best=2.599e+00, sign=0.133, train=2.494e+00, val=2.630e+00]
GNN flow training:  82%|████████▏ | 82/100 [08:14<01:48,  6.05s/epoch, best=2.599e+00, sign=0.133, train=2.494e+00, val=2.630e+00]
GNN flow training:  82%|████████▏ | 82/100 [08:20<01:48,  6.05s/epoch, best=2.599e+00, sign=0.132, train=2.494e+00, val=2.627e+00]
GNN flow training:  83%|████████▎ | 83/100 [08:20<01:43,  6.06s/epoch, best=2.599e+00, sign=0.132, train=2.494e+00, val=2.627e+00]
GNN flow training:  83%|████████▎ | 83/100 [08:26<01:43,  6.06s/epoch, best=2.599e+00, sign=0.134, train=2.491e+00, val=2.623e+00]
GNN flow training:  84%|████████▍ | 84/100 [08:26<01:36,  6.06s/epoch, best=2.599e+00, sign=0.134, train=2.491e+00, val=2.623e+00]
GNN flow training:  84%|████████▍ | 84/100 [08:32<01:36,  6.06s/epoch, best=2.599e+00, sign=0.134, train=2.487e+00, val=2.620e+00]
GNN flow training:  85%|████████▌ | 85/100 [08:32<01:30,  6.06s/epoch, best=2.599e+00, sign=0.134, train=2.487e+00, val=2.620e+00]
GNN flow training:  85%|████████▌ | 85/100 [08:38<01:30,  6.06s/epoch, best=2.599e+00, sign=0.136, train=2.485e+00, val=2.609e+00]
GNN flow training:  86%|████████▌ | 86/100 [08:38<01:24,  6.05s/epoch, best=2.599e+00, sign=0.136, train=2.485e+00, val=2.609e+00]
                                                                                                                                  

GNN flow training:  86%|████████▌ | 86/100 [08:38<01:24,  6.05s/epoch, best=2.599e+00, sign=0.136, train=2.485e+00, val=2.609e+00]
GNN flow training:  86%|████████▌ | 86/100 [08:38<01:24,  6.03s/epoch, best=2.599e+00, sign=0.136, train=2.485e+00, val=2.609e+00]
Resolved config snapshot:
{'preset': 'solver_QKB_outer_QKBdelta', 'gnn_outer_losses': {'flow': 10.0, 'kirchhoff': 1.0, 'boundary': 100.0, 'delta_l2': 0.1, 'delta_smooth': 0.0, 'pressure_shape': 0.0}, 'physics': {'arterial_flow_mode': 'dataset', 'pressure_constraints': ['equal-a-equal-v'], 'alpha_pa': None, 'use_snr_weights': True, 'use_observed_flow_snr_weighting': True, 'flow_scale_mode': 'median_abs', 'solver_device': 'same', 'pressure_solver_mode': 'reduced-soft-constrained-lstsq', 'pressure_solver_lambda_kirchhoff': 1.0, 'pressure_solver_lambda_pressure_constraints': 100.0, 'pressure_solver_lambda_flow_residual': 1.0, 'pressure_shape_reference': 'delta_zero_reference', 'pressure_detach': False}, 'correction_bounds': {'correction_min': -0.5, 'correction_max': 0.5, 'correction_bound': 0.5, 'correction_parameterization': 'tanh'}, 'optimization': {'learning_rate': 0.001, 'weight_decay': 0.0001, 'gradient_clip_norm': 5.0, 'optimizer': 'adamw', 'epochs': 100, 'patience': 40}}
Early stopping at epoch 86 with best validation loss at epoch 46.
Shard 37/80: 1 of 80 runs
Command: /mnt/home/sswee/miniforge3/envs/yolk-sac/bin/python /mnt/home/sswee/yolk/Yolk-Sac-Flow-Data-and-Sim/gnn_clean/scripts/python/gnn_flow.py /mnt/home/sswee/yolk/Yolk-Sac-Flow-Data-and-Sim/gnn_clean/datasets/mosaic_graph_norm_canonical.gpickle --output-dir /mnt/home/sswee/yolk/Yolk-Sac-Flow-Data-and-Sim/gnn_clean/outputs_canonical_norm/dc/02_physics_weight_sweep/gnn --run-name q_10__k_1__delta_0p1 --preset solver_QKB_outer_QKBdelta --device cuda --epochs 100 --seed 0 --viscosity-pa-s 0.0035 --config /mnt/home/sswee/yolk/Yolk-Sac-Flow-Data-and-Sim/gnn_clean/outputs_canonical_norm/dc/02_physics_weight_sweep/_generated_configs/q_10__k_1__delta_0p1.yaml --no-pressure-detach
