[info] DC Step 2 canonical sweep uses fixed lambda_B=100.0 for both the outer boundary loss and the reduced pressure-solver boundary constraint.

GNN flow training:   0%|          | 0/100 [00:00<?, ?epoch/s]
GNN flow training:   0%|          | 0/100 [00:04<?, ?epoch/s, best=1.740e+00, sign=0.161, train=1.741e+00, val=1.740e+00]
GNN flow training:   1%|          | 1/100 [00:04<07:48,  4.73s/epoch, best=1.740e+00, sign=0.161, train=1.741e+00, val=1.740e+00]
GNN flow training:   1%|          | 1/100 [00:09<07:48,  4.73s/epoch, best=1.740e+00, sign=0.160, train=1.738e+00, val=1.741e+00]
GNN flow training:   2%|▏         | 2/100 [00:09<07:34,  4.64s/epoch, best=1.740e+00, sign=0.160, train=1.738e+00, val=1.741e+00]
GNN flow training:   2%|▏         | 2/100 [00:13<07:34,  4.64s/epoch, best=1.740e+00, sign=0.161, train=1.739e+00, val=1.742e+00]
GNN flow training:   3%|▎         | 3/100 [00:13<07:25,  4.59s/epoch, best=1.740e+00, sign=0.161, train=1.739e+00, val=1.742e+00]
GNN flow training:   3%|▎         | 3/100 [00:18<07:25,  4.59s/epoch, best=1.740e+00, sign=0.161, train=1.740e+00, val=1.740e+00]
GNN flow training:   4%|▍         | 4/100 [00:18<07:22,  4.61s/epoch, best=1.740e+00, sign=0.161, train=1.740e+00, val=1.740e+00]
GNN flow training:   4%|▍         | 4/100 [00:22<07:22,  4.61s/epoch, best=1.740e+00, sign=0.160, train=1.738e+00, val=1.739e+00]
GNN flow training:   5%|▌         | 5/100 [00:22<07:14,  4.58s/epoch, best=1.740e+00, sign=0.160, train=1.738e+00, val=1.739e+00]
GNN flow training:   5%|▌         | 5/100 [00:27<07:14,  4.58s/epoch, best=1.739e+00, sign=0.160, train=1.737e+00, val=1.738e+00]
GNN flow training:   6%|▌         | 6/100 [00:27<07:07,  4.54s/epoch, best=1.739e+00, sign=0.160, train=1.737e+00, val=1.738e+00]
GNN flow training:   6%|▌         | 6/100 [00:31<07:07,  4.54s/epoch, best=1.738e+00, sign=0.160, train=1.736e+00, val=1.739e+00]
GNN flow training:   7%|▋         | 7/100 [00:31<07:01,  4.53s/epoch, best=1.738e+00, sign=0.160, train=1.736e+00, val=1.739e+00]
GNN flow training:   7%|▋         | 7/100 [00:36<07:01,  4.53s/epoch, best=1.738e+00, sign=0.161, train=1.737e+00, val=1.739e+00]
GNN flow training:   8%|▊         | 8/100 [00:36<06:57,  4.54s/epoch, best=1.738e+00, sign=0.161, train=1.737e+00, val=1.739e+00]
GNN flow training:   8%|▊         | 8/100 [00:41<06:57,  4.54s/epoch, best=1.738e+00, sign=0.161, train=1.737e+00, val=1.739e+00]
GNN flow training:   9%|▉         | 9/100 [00:41<06:53,  4.55s/epoch, best=1.738e+00, sign=0.161, train=1.737e+00, val=1.739e+00]
GNN flow training:   9%|▉         | 9/100 [00:45<06:53,  4.55s/epoch, best=1.738e+00, sign=0.161, train=1.737e+00, val=1.739e+00]
GNN flow training:  10%|█         | 10/100 [00:45<06:49,  4.55s/epoch, best=1.738e+00, sign=0.161, train=1.737e+00, val=1.739e+00]
GNN flow training:  10%|█         | 10/100 [00:50<06:49,  4.55s/epoch, best=1.738e+00, sign=0.161, train=1.737e+00, val=1.739e+00]
GNN flow training:  11%|█         | 11/100 [00:50<06:44,  4.54s/epoch, best=1.738e+00, sign=0.161, train=1.737e+00, val=1.739e+00]
GNN flow training:  11%|█         | 11/100 [00:54<06:44,  4.54s/epoch, best=1.738e+00, sign=0.161, train=1.737e+00, val=1.739e+00]
GNN flow training:  12%|█▏        | 12/100 [00:54<06:39,  4.55s/epoch, best=1.738e+00, sign=0.161, train=1.737e+00, val=1.739e+00]
GNN flow training:  12%|█▏        | 12/100 [00:59<06:39,  4.55s/epoch, best=1.738e+00, sign=0.161, train=1.738e+00, val=1.739e+00]
GNN flow training:  13%|█▎        | 13/100 [00:59<06:35,  4.55s/epoch, best=1.738e+00, sign=0.161, train=1.738e+00, val=1.739e+00]
GNN flow training:  13%|█▎        | 13/100 [01:03<06:35,  4.55s/epoch, best=1.738e+00, sign=0.161, train=1.737e+00, val=1.739e+00]
GNN flow training:  14%|█▍        | 14/100 [01:03<06:29,  4.53s/epoch, best=1.738e+00, sign=0.161, train=1.737e+00, val=1.739e+00]
GNN flow training:  14%|█▍        | 14/100 [01:08<06:29,  4.53s/epoch, best=1.738e+00, sign=0.161, train=1.737e+00, val=1.738e+00]
GNN flow training:  15%|█▌        | 15/100 [01:08<06:24,  4.52s/epoch, best=1.738e+00, sign=0.161, train=1.737e+00, val=1.738e+00]
GNN flow training:  15%|█▌        | 15/100 [01:12<06:24,  4.52s/epoch, best=1.738e+00, sign=0.160, train=1.736e+00, val=1.738e+00]
GNN flow training:  16%|█▌        | 16/100 [01:12<06:21,  4.55s/epoch, best=1.738e+00, sign=0.160, train=1.736e+00, val=1.738e+00]
GNN flow training:  16%|█▌        | 16/100 [01:17<06:21,  4.55s/epoch, best=1.738e+00, sign=0.160, train=1.736e+00, val=1.737e+00]
GNN flow training:  17%|█▋        | 17/100 [01:17<06:17,  4.55s/epoch, best=1.738e+00, sign=0.160, train=1.736e+00, val=1.737e+00]
GNN flow training:  17%|█▋        | 17/100 [01:21<06:17,  4.55s/epoch, best=1.737e+00, sign=0.160, train=1.735e+00, val=1.737e+00]
GNN flow training:  18%|█▊        | 18/100 [01:21<06:13,  4.55s/epoch, best=1.737e+00, sign=0.160, train=1.735e+00, val=1.737e+00]
GNN flow training:  18%|█▊        | 18/100 [01:26<06:13,  4.55s/epoch, best=1.737e+00, sign=0.160, train=1.735e+00, val=1.736e+00]
GNN flow training:  19%|█▉        | 19/100 [01:26<06:07,  4.54s/epoch, best=1.737e+00, sign=0.160, train=1.735e+00, val=1.736e+00]
GNN flow training:  19%|█▉        | 19/100 [01:31<06:07,  4.54s/epoch, best=1.736e+00, sign=0.160, train=1.734e+00, val=1.736e+00]
GNN flow training:  20%|██        | 20/100 [01:31<06:03,  4.55s/epoch, best=1.736e+00, sign=0.160, train=1.734e+00, val=1.736e+00]
GNN flow training:  20%|██        | 20/100 [01:35<06:03,  4.55s/epoch, best=1.736e+00, sign=0.160, train=1.734e+00, val=1.736e+00]
GNN flow training:  21%|██        | 21/100 [01:35<05:59,  4.55s/epoch, best=1.736e+00, sign=0.160, train=1.734e+00, val=1.736e+00]
GNN flow training:  21%|██        | 21/100 [01:40<05:59,  4.55s/epoch, best=1.736e+00, sign=0.161, train=1.734e+00, val=1.734e+00]
GNN flow training:  22%|██▏       | 22/100 [01:40<05:55,  4.55s/epoch, best=1.736e+00, sign=0.161, train=1.734e+00, val=1.734e+00]
GNN flow training:  22%|██▏       | 22/100 [01:44<05:55,  4.55s/epoch, best=1.734e+00, sign=0.161, train=1.732e+00, val=1.733e+00]
GNN flow training:  23%|██▎       | 23/100 [01:44<05:49,  4.54s/epoch, best=1.734e+00, sign=0.161, train=1.732e+00, val=1.733e+00]
GNN flow training:  23%|██▎       | 23/100 [01:49<05:49,  4.54s/epoch, best=1.733e+00, sign=0.161, train=1.731e+00, val=1.733e+00]
GNN flow training:  24%|██▍       | 24/100 [01:49<05:43,  4.52s/epoch, best=1.733e+00, sign=0.161, train=1.731e+00, val=1.733e+00]
GNN flow training:  24%|██▍       | 24/100 [01:53<05:43,  4.52s/epoch, best=1.733e+00, sign=0.161, train=1.731e+00, val=1.734e+00]
GNN flow training:  25%|██▌       | 25/100 [01:53<05:38,  4.52s/epoch, best=1.733e+00, sign=0.161, train=1.731e+00, val=1.734e+00]
GNN flow training:  25%|██▌       | 25/100 [01:58<05:38,  4.52s/epoch, best=1.733e+00, sign=0.160, train=1.732e+00, val=1.735e+00]
GNN flow training:  26%|██▌       | 26/100 [01:58<05:33,  4.51s/epoch, best=1.733e+00, sign=0.160, train=1.732e+00, val=1.735e+00]
GNN flow training:  26%|██▌       | 26/100 [02:02<05:33,  4.51s/epoch, best=1.733e+00, sign=0.160, train=1.733e+00, val=1.737e+00]
GNN flow training:  27%|██▋       | 27/100 [02:02<05:29,  4.52s/epoch, best=1.733e+00, sign=0.160, train=1.733e+00, val=1.737e+00]
GNN flow training:  27%|██▋       | 27/100 [02:07<05:29,  4.52s/epoch, best=1.733e+00, sign=0.160, train=1.735e+00, val=1.736e+00]
GNN flow training:  28%|██▊       | 28/100 [02:07<05:25,  4.52s/epoch, best=1.733e+00, sign=0.160, train=1.735e+00, val=1.736e+00]
GNN flow training:  28%|██▊       | 28/100 [02:11<05:25,  4.52s/epoch, best=1.733e+00, sign=0.160, train=1.734e+00, val=1.735e+00]
GNN flow training:  29%|██▉       | 29/100 [02:11<05:21,  4.53s/epoch, best=1.733e+00, sign=0.160, train=1.734e+00, val=1.735e+00]
GNN flow training:  29%|██▉       | 29/100 [02:16<05:21,  4.53s/epoch, best=1.733e+00, sign=0.161, train=1.733e+00, val=1.733e+00]
GNN flow training:  30%|███       | 30/100 [02:16<05:16,  4.53s/epoch, best=1.733e+00, sign=0.161, train=1.733e+00, val=1.733e+00]
GNN flow training:  30%|███       | 30/100 [02:20<05:16,  4.53s/epoch, best=1.733e+00, sign=0.160, train=1.731e+00, val=1.733e+00]
GNN flow training:  31%|███       | 31/100 [02:20<05:12,  4.52s/epoch, best=1.733e+00, sign=0.160, train=1.731e+00, val=1.733e+00]
GNN flow training:  31%|███       | 31/100 [02:25<05:12,  4.52s/epoch, best=1.733e+00, sign=0.160, train=1.731e+00, val=1.731e+00]
GNN flow training:  32%|███▏      | 32/100 [02:25<05:07,  4.52s/epoch, best=1.733e+00, sign=0.160, train=1.731e+00, val=1.731e+00]
GNN flow training:  32%|███▏      | 32/100 [02:29<05:07,  4.52s/epoch, best=1.731e+00, sign=0.161, train=1.729e+00, val=1.730e+00]
GNN flow training:  33%|███▎      | 33/100 [02:29<05:01,  4.51s/epoch, best=1.731e+00, sign=0.161, train=1.729e+00, val=1.730e+00]
GNN flow training:  33%|███▎      | 33/100 [02:34<05:01,  4.51s/epoch, best=1.730e+00, sign=0.161, train=1.728e+00, val=1.730e+00]
GNN flow training:  34%|███▍      | 34/100 [02:34<04:57,  4.50s/epoch, best=1.730e+00, sign=0.161, train=1.728e+00, val=1.730e+00]
GNN flow training:  34%|███▍      | 34/100 [02:38<04:57,  4.50s/epoch, best=1.730e+00, sign=0.161, train=1.728e+00, val=1.729e+00]
GNN flow training:  35%|███▌      | 35/100 [02:38<04:53,  4.52s/epoch, best=1.730e+00, sign=0.161, train=1.728e+00, val=1.729e+00]
GNN flow training:  35%|███▌      | 35/100 [02:43<04:53,  4.52s/epoch, best=1.729e+00, sign=0.161, train=1.727e+00, val=1.730e+00]
GNN flow training:  36%|███▌      | 36/100 [02:43<04:48,  4.50s/epoch, best=1.729e+00, sign=0.161, train=1.727e+00, val=1.730e+00]
GNN flow training:  36%|███▌      | 36/100 [02:47<04:48,  4.50s/epoch, best=1.729e+00, sign=0.160, train=1.729e+00, val=1.729e+00]
GNN flow training:  37%|███▋      | 37/100 [02:47<04:44,  4.51s/epoch, best=1.729e+00, sign=0.160, train=1.729e+00, val=1.729e+00]
GNN flow training:  37%|███▋      | 37/100 [02:52<04:44,  4.51s/epoch, best=1.729e+00, sign=0.160, train=1.727e+00, val=1.730e+00]
GNN flow training:  38%|███▊      | 38/100 [02:52<04:40,  4.52s/epoch, best=1.729e+00, sign=0.160, train=1.727e+00, val=1.730e+00]
GNN flow training:  38%|███▊      | 38/100 [02:56<04:40,  4.52s/epoch, best=1.729e+00, sign=0.160, train=1.728e+00, val=1.728e+00]
GNN flow training:  39%|███▉      | 39/100 [02:56<04:35,  4.51s/epoch, best=1.729e+00, sign=0.160, train=1.728e+00, val=1.728e+00]
GNN flow training:  39%|███▉      | 39/100 [03:01<04:35,  4.51s/epoch, best=1.728e+00, sign=0.160, train=1.726e+00, val=1.728e+00]
GNN flow training:  40%|████      | 40/100 [03:01<04:30,  4.51s/epoch, best=1.728e+00, sign=0.160, train=1.726e+00, val=1.728e+00]
GNN flow training:  40%|████      | 40/100 [03:05<04:30,  4.51s/epoch, best=1.728e+00, sign=0.160, train=1.726e+00, val=1.727e+00]
GNN flow training:  41%|████      | 41/100 [03:05<04:25,  4.51s/epoch, best=1.728e+00, sign=0.160, train=1.726e+00, val=1.727e+00]
GNN flow training:  41%|████      | 41/100 [03:10<04:25,  4.51s/epoch, best=1.727e+00, sign=0.160, train=1.725e+00, val=1.725e+00]
GNN flow training:  42%|████▏     | 42/100 [03:10<04:21,  4.51s/epoch, best=1.727e+00, sign=0.160, train=1.725e+00, val=1.725e+00]
GNN flow training:  42%|████▏     | 42/100 [03:14<04:21,  4.51s/epoch, best=1.725e+00, sign=0.160, train=1.723e+00, val=1.723e+00]
GNN flow training:  43%|████▎     | 43/100 [03:14<04:16,  4.50s/epoch, best=1.725e+00, sign=0.160, train=1.723e+00, val=1.723e+00]
GNN flow training:  43%|████▎     | 43/100 [03:19<04:16,  4.50s/epoch, best=1.723e+00, sign=0.160, train=1.721e+00, val=1.725e+00]
GNN flow training:  44%|████▍     | 44/100 [03:19<04:12,  4.51s/epoch, best=1.723e+00, sign=0.160, train=1.721e+00, val=1.725e+00]
GNN flow training:  44%|████▍     | 44/100 [03:23<04:12,  4.51s/epoch, best=1.723e+00, sign=0.160, train=1.723e+00, val=1.724e+00]
GNN flow training:  45%|████▌     | 45/100 [03:23<04:07,  4.51s/epoch, best=1.723e+00, sign=0.160, train=1.723e+00, val=1.724e+00]
GNN flow training:  45%|████▌     | 45/100 [03:28<04:07,  4.51s/epoch, best=1.723e+00, sign=0.160, train=1.722e+00, val=1.725e+00]
GNN flow training:  46%|████▌     | 46/100 [03:28<04:04,  4.53s/epoch, best=1.723e+00, sign=0.160, train=1.722e+00, val=1.725e+00]
GNN flow training:  46%|████▌     | 46/100 [03:32<04:04,  4.53s/epoch, best=1.723e+00, sign=0.160, train=1.723e+00, val=1.722e+00]
GNN flow training:  47%|████▋     | 47/100 [03:32<03:59,  4.52s/epoch, best=1.723e+00, sign=0.160, train=1.723e+00, val=1.722e+00]
GNN flow training:  47%|████▋     | 47/100 [03:37<03:59,  4.52s/epoch, best=1.722e+00, sign=0.161, train=1.720e+00, val=1.721e+00]
GNN flow training:  48%|████▊     | 48/100 [03:37<03:54,  4.52s/epoch, best=1.722e+00, sign=0.161, train=1.720e+00, val=1.721e+00]
GNN flow training:  48%|████▊     | 48/100 [03:42<03:54,  4.52s/epoch, best=1.721e+00, sign=0.161, train=1.719e+00, val=1.719e+00]
GNN flow training:  49%|████▉     | 49/100 [03:42<03:50,  4.53s/epoch, best=1.721e+00, sign=0.161, train=1.719e+00, val=1.719e+00]
GNN flow training:  49%|████▉     | 49/100 [03:46<03:50,  4.53s/epoch, best=1.719e+00, sign=0.161, train=1.717e+00, val=1.723e+00]
GNN flow training:  50%|█████     | 50/100 [03:46<03:45,  4.51s/epoch, best=1.719e+00, sign=0.161, train=1.717e+00, val=1.723e+00]
GNN flow training:  50%|█████     | 50/100 [03:51<03:45,  4.51s/epoch, best=1.719e+00, sign=0.161, train=1.721e+00, val=1.721e+00]
GNN flow training:  51%|█████     | 51/100 [03:51<03:41,  4.53s/epoch, best=1.719e+00, sign=0.161, train=1.721e+00, val=1.721e+00]
GNN flow training:  51%|█████     | 51/100 [03:55<03:41,  4.53s/epoch, best=1.719e+00, sign=0.161, train=1.719e+00, val=1.720e+00]
GNN flow training:  52%|█████▏    | 52/100 [03:55<03:38,  4.54s/epoch, best=1.719e+00, sign=0.161, train=1.719e+00, val=1.720e+00]
GNN flow training:  52%|█████▏    | 52/100 [04:00<03:38,  4.54s/epoch, best=1.719e+00, sign=0.161, train=1.718e+00, val=1.719e+00]
GNN flow training:  53%|█████▎    | 53/100 [04:00<03:33,  4.54s/epoch, best=1.719e+00, sign=0.161, train=1.718e+00, val=1.719e+00]
GNN flow training:  53%|█████▎    | 53/100 [04:04<03:33,  4.54s/epoch, best=1.719e+00, sign=0.161, train=1.717e+00, val=1.719e+00]
GNN flow training:  54%|█████▍    | 54/100 [04:04<03:29,  4.55s/epoch, best=1.719e+00, sign=0.161, train=1.717e+00, val=1.719e+00]
GNN flow training:  54%|█████▍    | 54/100 [04:09<03:29,  4.55s/epoch, best=1.719e+00, sign=0.161, train=1.717e+00, val=1.719e+00]
GNN flow training:  55%|█████▌    | 55/100 [04:09<03:24,  4.54s/epoch, best=1.719e+00, sign=0.161, train=1.717e+00, val=1.719e+00]
GNN flow training:  55%|█████▌    | 55/100 [04:13<03:24,  4.54s/epoch, best=1.719e+00, sign=0.161, train=1.717e+00, val=1.719e+00]
GNN flow training:  56%|█████▌    | 56/100 [04:13<03:18,  4.52s/epoch, best=1.719e+00, sign=0.161, train=1.717e+00, val=1.719e+00]
GNN flow training:  56%|█████▌    | 56/100 [04:18<03:18,  4.52s/epoch, best=1.719e+00, sign=0.161, train=1.717e+00, val=1.720e+00]
GNN flow training:  57%|█████▋    | 57/100 [04:18<03:14,  4.52s/epoch, best=1.719e+00, sign=0.161, train=1.717e+00, val=1.720e+00]
GNN flow training:  57%|█████▋    | 57/100 [04:22<03:14,  4.52s/epoch, best=1.719e+00, sign=0.160, train=1.718e+00, val=1.719e+00]
GNN flow training:  58%|█████▊    | 58/100 [04:22<03:09,  4.52s/epoch, best=1.719e+00, sign=0.160, train=1.718e+00, val=1.719e+00]
GNN flow training:  58%|█████▊    | 58/100 [04:27<03:09,  4.52s/epoch, best=1.719e+00, sign=0.161, train=1.717e+00, val=1.717e+00]
GNN flow training:  59%|█████▉    | 59/100 [04:27<03:04,  4.51s/epoch, best=1.719e+00, sign=0.161, train=1.717e+00, val=1.717e+00]
GNN flow training:  59%|█████▉    | 59/100 [04:31<03:04,  4.51s/epoch, best=1.717e+00, sign=0.160, train=1.715e+00, val=1.716e+00]
GNN flow training:  60%|██████    | 60/100 [04:31<03:00,  4.50s/epoch, best=1.717e+00, sign=0.160, train=1.715e+00, val=1.716e+00]
GNN flow training:  60%|██████    | 60/100 [04:36<03:00,  4.50s/epoch, best=1.716e+00, sign=0.160, train=1.714e+00, val=1.718e+00]
GNN flow training:  61%|██████    | 61/100 [04:36<02:55,  4.49s/epoch, best=1.716e+00, sign=0.160, train=1.714e+00, val=1.718e+00]
GNN flow training:  61%|██████    | 61/100 [04:40<02:55,  4.49s/epoch, best=1.716e+00, sign=0.160, train=1.716e+00, val=1.715e+00]
GNN flow training:  62%|██████▏   | 62/100 [04:40<02:50,  4.48s/epoch, best=1.716e+00, sign=0.160, train=1.716e+00, val=1.715e+00]
GNN flow training:  62%|██████▏   | 62/100 [04:45<02:50,  4.48s/epoch, best=1.715e+00, sign=0.160, train=1.713e+00, val=1.711e+00]
GNN flow training:  63%|██████▎   | 63/100 [04:45<02:45,  4.48s/epoch, best=1.715e+00, sign=0.160, train=1.713e+00, val=1.711e+00]
GNN flow training:  63%|██████▎   | 63/100 [04:49<02:45,  4.48s/epoch, best=1.711e+00, sign=0.160, train=1.709e+00, val=1.711e+00]
GNN flow training:  64%|██████▍   | 64/100 [04:49<02:41,  4.49s/epoch, best=1.711e+00, sign=0.160, train=1.709e+00, val=1.711e+00]
GNN flow training:  64%|██████▍   | 64/100 [04:54<02:41,  4.49s/epoch, best=1.711e+00, sign=0.160, train=1.709e+00, val=1.711e+00]
GNN flow training:  65%|██████▌   | 65/100 [04:54<02:37,  4.50s/epoch, best=1.711e+00, sign=0.160, train=1.709e+00, val=1.711e+00]
GNN flow training:  65%|██████▌   | 65/100 [04:58<02:37,  4.50s/epoch, best=1.711e+00, sign=0.160, train=1.709e+00, val=1.711e+00]
GNN flow training:  66%|██████▌   | 66/100 [04:58<02:32,  4.50s/epoch, best=1.711e+00, sign=0.160, train=1.709e+00, val=1.711e+00]
GNN flow training:  66%|██████▌   | 66/100 [05:03<02:32,  4.50s/epoch, best=1.711e+00, sign=0.161, train=1.709e+00, val=1.711e+00]
GNN flow training:  67%|██████▋   | 67/100 [05:03<02:28,  4.50s/epoch, best=1.711e+00, sign=0.161, train=1.709e+00, val=1.711e+00]
GNN flow training:  67%|██████▋   | 67/100 [05:07<02:28,  4.50s/epoch, best=1.711e+00, sign=0.161, train=1.709e+00, val=1.711e+00]
GNN flow training:  68%|██████▊   | 68/100 [05:07<02:24,  4.51s/epoch, best=1.711e+00, sign=0.161, train=1.709e+00, val=1.711e+00]
GNN flow training:  68%|██████▊   | 68/100 [05:12<02:24,  4.51s/epoch, best=1.711e+00, sign=0.161, train=1.709e+00, val=1.712e+00]
GNN flow training:  69%|██████▉   | 69/100 [05:12<02:19,  4.51s/epoch, best=1.711e+00, sign=0.161, train=1.709e+00, val=1.712e+00]
GNN flow training:  69%|██████▉   | 69/100 [05:16<02:19,  4.51s/epoch, best=1.711e+00, sign=0.162, train=1.710e+00, val=1.707e+00]
GNN flow training:  70%|███████   | 70/100 [05:16<02:15,  4.50s/epoch, best=1.711e+00, sign=0.162, train=1.710e+00, val=1.707e+00]
GNN flow training:  70%|███████   | 70/100 [05:21<02:15,  4.50s/epoch, best=1.707e+00, sign=0.162, train=1.705e+00, val=1.708e+00]
GNN flow training:  71%|███████   | 71/100 [05:21<02:10,  4.50s/epoch, best=1.707e+00, sign=0.162, train=1.705e+00, val=1.708e+00]
GNN flow training:  71%|███████   | 71/100 [05:25<02:10,  4.50s/epoch, best=1.707e+00, sign=0.161, train=1.706e+00, val=1.705e+00]
GNN flow training:  72%|███████▏  | 72/100 [05:25<02:05,  4.50s/epoch, best=1.707e+00, sign=0.161, train=1.706e+00, val=1.705e+00]
GNN flow training:  72%|███████▏  | 72/100 [05:30<02:05,  4.50s/epoch, best=1.705e+00, sign=0.161, train=1.703e+00, val=1.705e+00]
GNN flow training:  73%|███████▎  | 73/100 [05:30<02:02,  4.52s/epoch, best=1.705e+00, sign=0.161, train=1.703e+00, val=1.705e+00]
GNN flow training:  73%|███████▎  | 73/100 [05:34<02:02,  4.52s/epoch, best=1.705e+00, sign=0.160, train=1.703e+00, val=1.712e+00]
GNN flow training:  74%|███████▍  | 74/100 [05:34<01:57,  4.52s/epoch, best=1.705e+00, sign=0.160, train=1.703e+00, val=1.712e+00]
GNN flow training:  74%|███████▍  | 74/100 [05:39<01:57,  4.52s/epoch, best=1.705e+00, sign=0.160, train=1.710e+00, val=1.715e+00]
GNN flow training:  75%|███████▌  | 75/100 [05:39<01:52,  4.50s/epoch, best=1.705e+00, sign=0.160, train=1.710e+00, val=1.715e+00]
GNN flow training:  75%|███████▌  | 75/100 [05:43<01:52,  4.50s/epoch, best=1.705e+00, sign=0.161, train=1.713e+00, val=1.711e+00]
GNN flow training:  76%|███████▌  | 76/100 [05:43<01:47,  4.49s/epoch, best=1.705e+00, sign=0.161, train=1.713e+00, val=1.711e+00]
GNN flow training:  76%|███████▌  | 76/100 [05:48<01:47,  4.49s/epoch, best=1.705e+00, sign=0.161, train=1.709e+00, val=1.713e+00]
GNN flow training:  77%|███████▋  | 77/100 [05:48<01:43,  4.51s/epoch, best=1.705e+00, sign=0.161, train=1.709e+00, val=1.713e+00]
GNN flow training:  77%|███████▋  | 77/100 [05:52<01:43,  4.51s/epoch, best=1.705e+00, sign=0.161, train=1.710e+00, val=1.707e+00]
GNN flow training:  78%|███████▊  | 78/100 [05:52<01:39,  4.51s/epoch, best=1.705e+00, sign=0.161, train=1.710e+00, val=1.707e+00]
GNN flow training:  78%|███████▊  | 78/100 [05:57<01:39,  4.51s/epoch, best=1.705e+00, sign=0.162, train=1.705e+00, val=1.702e+00]
GNN flow training:  79%|███████▉  | 79/100 [05:57<01:34,  4.51s/epoch, best=1.705e+00, sign=0.162, train=1.705e+00, val=1.702e+00]
GNN flow training:  79%|███████▉  | 79/100 [06:01<01:34,  4.51s/epoch, best=1.702e+00, sign=0.162, train=1.699e+00, val=1.702e+00]
GNN flow training:  80%|████████  | 80/100 [06:01<01:30,  4.50s/epoch, best=1.702e+00, sign=0.162, train=1.699e+00, val=1.702e+00]
GNN flow training:  80%|████████  | 80/100 [06:06<01:30,  4.50s/epoch, best=1.702e+00, sign=0.162, train=1.700e+00, val=1.701e+00]
GNN flow training:  81%|████████  | 81/100 [06:06<01:25,  4.50s/epoch, best=1.702e+00, sign=0.162, train=1.700e+00, val=1.701e+00]
GNN flow training:  81%|████████  | 81/100 [06:10<01:25,  4.50s/epoch, best=1.701e+00, sign=0.162, train=1.699e+00, val=1.701e+00]
GNN flow training:  82%|████████▏ | 82/100 [06:10<01:20,  4.49s/epoch, best=1.701e+00, sign=0.162, train=1.699e+00, val=1.701e+00]
GNN flow training:  82%|████████▏ | 82/100 [06:15<01:20,  4.49s/epoch, best=1.701e+00, sign=0.162, train=1.698e+00, val=1.701e+00]
GNN flow training:  83%|████████▎ | 83/100 [06:15<01:16,  4.50s/epoch, best=1.701e+00, sign=0.162, train=1.698e+00, val=1.701e+00]
GNN flow training:  83%|████████▎ | 83/100 [06:19<01:16,  4.50s/epoch, best=1.701e+00, sign=0.163, train=1.699e+00, val=1.703e+00]
GNN flow training:  84%|████████▍ | 84/100 [06:19<01:12,  4.51s/epoch, best=1.701e+00, sign=0.163, train=1.699e+00, val=1.703e+00]
GNN flow training:  84%|████████▍ | 84/100 [06:24<01:12,  4.51s/epoch, best=1.701e+00, sign=0.162, train=1.700e+00, val=1.705e+00]
GNN flow training:  85%|████████▌ | 85/100 [06:24<01:07,  4.50s/epoch, best=1.701e+00, sign=0.162, train=1.700e+00, val=1.705e+00]
GNN flow training:  85%|████████▌ | 85/100 [06:28<01:07,  4.50s/epoch, best=1.701e+00, sign=0.162, train=1.703e+00, val=1.702e+00]
GNN flow training:  86%|████████▌ | 86/100 [06:28<01:02,  4.50s/epoch, best=1.701e+00, sign=0.162, train=1.703e+00, val=1.702e+00]
GNN flow training:  86%|████████▌ | 86/100 [06:33<01:02,  4.50s/epoch, best=1.701e+00, sign=0.163, train=1.700e+00, val=1.704e+00]
GNN flow training:  87%|████████▋ | 87/100 [06:33<00:58,  4.51s/epoch, best=1.701e+00, sign=0.163, train=1.700e+00, val=1.704e+00]
GNN flow training:  87%|████████▋ | 87/100 [06:37<00:58,  4.51s/epoch, best=1.701e+00, sign=0.162, train=1.702e+00, val=1.700e+00]
GNN flow training:  88%|████████▊ | 88/100 [06:37<00:54,  4.51s/epoch, best=1.701e+00, sign=0.162, train=1.702e+00, val=1.700e+00]
GNN flow training:  88%|████████▊ | 88/100 [06:42<00:54,  4.51s/epoch, best=1.700e+00, sign=0.163, train=1.697e+00, val=1.697e+00]
GNN flow training:  89%|████████▉ | 89/100 [06:42<00:49,  4.51s/epoch, best=1.700e+00, sign=0.163, train=1.697e+00, val=1.697e+00]
GNN flow training:  89%|████████▉ | 89/100 [06:46<00:49,  4.51s/epoch, best=1.697e+00, sign=0.162, train=1.694e+00, val=1.699e+00]
GNN flow training:  90%|█████████ | 90/100 [06:46<00:45,  4.51s/epoch, best=1.697e+00, sign=0.162, train=1.694e+00, val=1.699e+00]
GNN flow training:  90%|█████████ | 90/100 [06:51<00:45,  4.51s/epoch, best=1.697e+00, sign=0.162, train=1.697e+00, val=1.701e+00]
GNN flow training:  91%|█████████ | 91/100 [06:51<00:40,  4.51s/epoch, best=1.697e+00, sign=0.162, train=1.697e+00, val=1.701e+00]
GNN flow training:  91%|█████████ | 91/100 [06:55<00:40,  4.51s/epoch, best=1.697e+00, sign=0.162, train=1.699e+00, val=1.703e+00]
GNN flow training:  92%|█████████▏| 92/100 [06:55<00:36,  4.51s/epoch, best=1.697e+00, sign=0.162, train=1.699e+00, val=1.703e+00]
GNN flow training:  92%|█████████▏| 92/100 [07:00<00:36,  4.51s/epoch, best=1.697e+00, sign=0.162, train=1.700e+00, val=1.697e+00]
GNN flow training:  93%|█████████▎| 93/100 [07:00<00:31,  4.50s/epoch, best=1.697e+00, sign=0.162, train=1.700e+00, val=1.697e+00]
GNN flow training:  93%|█████████▎| 93/100 [07:04<00:31,  4.50s/epoch, best=1.697e+00, sign=0.162, train=1.694e+00, val=1.698e+00]
GNN flow training:  94%|█████████▍| 94/100 [07:04<00:26,  4.50s/epoch, best=1.697e+00, sign=0.162, train=1.694e+00, val=1.698e+00]
GNN flow training:  94%|█████████▍| 94/100 [07:09<00:26,  4.50s/epoch, best=1.697e+00, sign=0.162, train=1.695e+00, val=1.701e+00]
GNN flow training:  95%|█████████▌| 95/100 [07:09<00:22,  4.50s/epoch, best=1.697e+00, sign=0.162, train=1.695e+00, val=1.701e+00]
GNN flow training:  95%|█████████▌| 95/100 [07:13<00:22,  4.50s/epoch, best=1.697e+00, sign=0.162, train=1.698e+00, val=1.708e+00]
GNN flow training:  96%|█████████▌| 96/100 [07:13<00:17,  4.49s/epoch, best=1.697e+00, sign=0.162, train=1.698e+00, val=1.708e+00]
GNN flow training:  96%|█████████▌| 96/100 [07:18<00:17,  4.49s/epoch, best=1.697e+00, sign=0.162, train=1.705e+00, val=1.713e+00]
GNN flow training:  97%|█████████▋| 97/100 [07:18<00:13,  4.49s/epoch, best=1.697e+00, sign=0.162, train=1.705e+00, val=1.713e+00]
GNN flow training:  97%|█████████▋| 97/100 [07:22<00:13,  4.49s/epoch, best=1.697e+00, sign=0.162, train=1.711e+00, val=1.717e+00]
GNN flow training:  98%|█████████▊| 98/100 [07:22<00:08,  4.49s/epoch, best=1.697e+00, sign=0.162, train=1.711e+00, val=1.717e+00]
GNN flow training:  98%|█████████▊| 98/100 [07:27<00:08,  4.49s/epoch, best=1.697e+00, sign=0.162, train=1.714e+00, val=1.715e+00]
GNN flow training:  99%|█████████▉| 99/100 [07:27<00:04,  4.51s/epoch, best=1.697e+00, sign=0.162, train=1.714e+00, val=1.715e+00]
GNN flow training:  99%|█████████▉| 99/100 [07:31<00:04,  4.51s/epoch, best=1.697e+00, sign=0.162, train=1.713e+00, val=1.714e+00]
GNN flow training: 100%|██████████| 100/100 [07:31<00:00,  4.52s/epoch, best=1.697e+00, sign=0.162, train=1.713e+00, val=1.714e+00]
GNN flow training: 100%|██████████| 100/100 [07:31<00:00,  4.52s/epoch, best=1.697e+00, sign=0.162, train=1.713e+00, val=1.714e+00]
Resolved config snapshot:
{'preset': 'solver_QKB_outer_QKBdelta', 'gnn_outer_losses': {'flow': 1.0, 'kirchhoff': 1.0, 'boundary': 100.0, 'delta_l2': 100.0, 'delta_smooth': 0.0, 'pressure_shape': 0.0}, 'physics': {'arterial_flow_mode': 'dataset', 'pressure_constraints': ['equal-a-equal-v'], 'alpha_pa': None, 'use_snr_weights': True, 'use_observed_flow_snr_weighting': True, 'flow_scale_mode': 'median_abs', 'solver_device': 'same', 'pressure_solver_mode': 'reduced-soft-constrained-lstsq', 'pressure_solver_lambda_kirchhoff': 1.0, 'pressure_solver_lambda_pressure_constraints': 100.0, 'pressure_solver_lambda_flow_residual': 1.0, 'pressure_shape_reference': 'delta_zero_reference', 'pressure_detach': False}, 'correction_bounds': {'correction_min': -0.5, 'correction_max': 0.5, 'correction_bound': 0.5, 'correction_parameterization': 'tanh'}, 'optimization': {'learning_rate': 0.001, 'weight_decay': 0.0001, 'gradient_clip_norm': 5.0, 'optimizer': 'adamw', 'epochs': 100, 'patience': 40}}
Shard 24/80: 1 of 80 runs
Command: /mnt/home/sswee/miniforge3/envs/yolk-sac/bin/python /mnt/home/sswee/yolk/Yolk-Sac-Flow-Data-and-Sim/gnn_clean/scripts/python/gnn_flow.py /mnt/home/sswee/yolk/Yolk-Sac-Flow-Data-and-Sim/gnn_clean/datasets/mosaic_graph_norm_canonical.gpickle --output-dir /mnt/home/sswee/yolk/Yolk-Sac-Flow-Data-and-Sim/gnn_clean/outputs_canonical_norm/dc/02_physics_weight_sweep/gnn --run-name q_1__k_1__delta_100 --preset solver_QKB_outer_QKBdelta --device cuda --epochs 100 --seed 0 --viscosity-pa-s 0.0035 --config /mnt/home/sswee/yolk/Yolk-Sac-Flow-Data-and-Sim/gnn_clean/outputs_canonical_norm/dc/02_physics_weight_sweep/_generated_configs/q_1__k_1__delta_100.yaml --no-pressure-detach
