[info] DC Step 2 canonical sweep uses fixed lambda_B=100.0 for both the outer boundary loss and the reduced pressure-solver boundary constraint.

GNN flow training:   0%|          | 0/100 [00:00<?, ?epoch/s]
GNN flow training:   0%|          | 0/100 [00:06<?, ?epoch/s, best=1.045e+01, sign=0.161, train=1.028e+01, val=1.045e+01]
GNN flow training:   1%|          | 1/100 [00:06<10:21,  6.27s/epoch, best=1.045e+01, sign=0.161, train=1.028e+01, val=1.045e+01]
GNN flow training:   1%|          | 1/100 [00:12<10:21,  6.27s/epoch, best=1.045e+01, sign=0.162, train=1.028e+01, val=1.040e+01]
GNN flow training:   2%|▏         | 2/100 [00:12<10:09,  6.22s/epoch, best=1.045e+01, sign=0.162, train=1.028e+01, val=1.040e+01]
GNN flow training:   2%|▏         | 2/100 [00:18<10:09,  6.22s/epoch, best=1.040e+01, sign=0.162, train=1.023e+01, val=1.037e+01]
GNN flow training:   3%|▎         | 3/100 [00:18<10:01,  6.20s/epoch, best=1.040e+01, sign=0.162, train=1.023e+01, val=1.037e+01]
GNN flow training:   3%|▎         | 3/100 [00:24<10:01,  6.20s/epoch, best=1.037e+01, sign=0.163, train=1.021e+01, val=1.035e+01]
GNN flow training:   4%|▍         | 4/100 [00:24<09:53,  6.18s/epoch, best=1.037e+01, sign=0.163, train=1.021e+01, val=1.035e+01]
GNN flow training:   4%|▍         | 4/100 [00:30<09:53,  6.18s/epoch, best=1.035e+01, sign=0.163, train=1.020e+01, val=1.033e+01]
GNN flow training:   5%|▌         | 5/100 [00:30<09:47,  6.18s/epoch, best=1.035e+01, sign=0.163, train=1.020e+01, val=1.033e+01]
GNN flow training:   5%|▌         | 5/100 [00:37<09:47,  6.18s/epoch, best=1.033e+01, sign=0.163, train=1.018e+01, val=1.032e+01]
GNN flow training:   6%|▌         | 6/100 [00:37<09:42,  6.19s/epoch, best=1.033e+01, sign=0.163, train=1.018e+01, val=1.032e+01]
GNN flow training:   6%|▌         | 6/100 [00:43<09:42,  6.19s/epoch, best=1.032e+01, sign=0.163, train=1.017e+01, val=1.033e+01]
GNN flow training:   7%|▋         | 7/100 [00:43<09:35,  6.19s/epoch, best=1.032e+01, sign=0.163, train=1.017e+01, val=1.033e+01]
GNN flow training:   7%|▋         | 7/100 [00:49<09:35,  6.19s/epoch, best=1.032e+01, sign=0.163, train=1.017e+01, val=1.032e+01]
GNN flow training:   8%|▊         | 8/100 [00:49<09:30,  6.20s/epoch, best=1.032e+01, sign=0.163, train=1.017e+01, val=1.032e+01]
GNN flow training:   8%|▊         | 8/100 [00:55<09:30,  6.20s/epoch, best=1.032e+01, sign=0.163, train=1.016e+01, val=1.030e+01]
GNN flow training:   9%|▉         | 9/100 [00:55<09:24,  6.20s/epoch, best=1.032e+01, sign=0.163, train=1.016e+01, val=1.030e+01]
GNN flow training:   9%|▉         | 9/100 [01:02<09:24,  6.20s/epoch, best=1.030e+01, sign=0.163, train=1.014e+01, val=1.027e+01]
GNN flow training:  10%|█         | 10/100 [01:02<09:19,  6.22s/epoch, best=1.030e+01, sign=0.163, train=1.014e+01, val=1.027e+01]
GNN flow training:  10%|█         | 10/100 [01:08<09:19,  6.22s/epoch, best=1.027e+01, sign=0.162, train=1.012e+01, val=1.025e+01]
GNN flow training:  11%|█         | 11/100 [01:08<09:12,  6.21s/epoch, best=1.027e+01, sign=0.162, train=1.012e+01, val=1.025e+01]
GNN flow training:  11%|█         | 11/100 [01:14<09:12,  6.21s/epoch, best=1.025e+01, sign=0.163, train=1.010e+01, val=1.023e+01]
GNN flow training:  12%|█▏        | 12/100 [01:14<09:06,  6.21s/epoch, best=1.025e+01, sign=0.163, train=1.010e+01, val=1.023e+01]
GNN flow training:  12%|█▏        | 12/100 [01:20<09:06,  6.21s/epoch, best=1.023e+01, sign=0.163, train=1.008e+01, val=1.019e+01]
GNN flow training:  13%|█▎        | 13/100 [01:20<08:57,  6.18s/epoch, best=1.023e+01, sign=0.163, train=1.008e+01, val=1.019e+01]
GNN flow training:  13%|█▎        | 13/100 [01:26<08:57,  6.18s/epoch, best=1.019e+01, sign=0.162, train=1.004e+01, val=1.015e+01]
GNN flow training:  14%|█▍        | 14/100 [01:26<08:51,  6.18s/epoch, best=1.019e+01, sign=0.162, train=1.004e+01, val=1.015e+01]
GNN flow training:  14%|█▍        | 14/100 [01:32<08:51,  6.18s/epoch, best=1.015e+01, sign=0.162, train=1.001e+01, val=1.008e+01]
GNN flow training:  15%|█▌        | 15/100 [01:32<08:45,  6.18s/epoch, best=1.015e+01, sign=0.162, train=1.001e+01, val=1.008e+01]
GNN flow training:  15%|█▌        | 15/100 [01:39<08:45,  6.18s/epoch, best=1.008e+01, sign=0.161, train=9.946e+00, val=1.001e+01]
GNN flow training:  16%|█▌        | 16/100 [01:39<08:37,  6.17s/epoch, best=1.008e+01, sign=0.161, train=9.946e+00, val=1.001e+01]
GNN flow training:  16%|█▌        | 16/100 [01:45<08:37,  6.17s/epoch, best=1.001e+01, sign=0.160, train=9.877e+00, val=9.938e+00]
GNN flow training:  17%|█▋        | 17/100 [01:45<08:32,  6.18s/epoch, best=1.001e+01, sign=0.160, train=9.877e+00, val=9.938e+00]
GNN flow training:  17%|█▋        | 17/100 [01:51<08:32,  6.18s/epoch, best=9.938e+00, sign=0.159, train=9.803e+00, val=9.864e+00]
GNN flow training:  18%|█▊        | 18/100 [01:51<08:27,  6.19s/epoch, best=9.938e+00, sign=0.159, train=9.803e+00, val=9.864e+00]
GNN flow training:  18%|█▊        | 18/100 [01:57<08:27,  6.19s/epoch, best=9.864e+00, sign=0.158, train=9.728e+00, val=9.797e+00]
GNN flow training:  19%|█▉        | 19/100 [01:57<08:21,  6.19s/epoch, best=9.864e+00, sign=0.158, train=9.728e+00, val=9.797e+00]
GNN flow training:  19%|█▉        | 19/100 [02:03<08:21,  6.19s/epoch, best=9.797e+00, sign=0.157, train=9.661e+00, val=9.731e+00]
GNN flow training:  20%|██        | 20/100 [02:03<08:13,  6.16s/epoch, best=9.797e+00, sign=0.157, train=9.661e+00, val=9.731e+00]
GNN flow training:  20%|██        | 20/100 [02:09<08:13,  6.16s/epoch, best=9.731e+00, sign=0.156, train=9.594e+00, val=9.627e+00]
GNN flow training:  21%|██        | 21/100 [02:09<08:06,  6.15s/epoch, best=9.731e+00, sign=0.156, train=9.594e+00, val=9.627e+00]
GNN flow training:  21%|██        | 21/100 [02:15<08:06,  6.15s/epoch, best=9.627e+00, sign=0.155, train=9.489e+00, val=9.505e+00]
GNN flow training:  22%|██▏       | 22/100 [02:15<07:57,  6.12s/epoch, best=9.627e+00, sign=0.155, train=9.489e+00, val=9.505e+00]
GNN flow training:  22%|██▏       | 22/100 [02:22<07:57,  6.12s/epoch, best=9.505e+00, sign=0.155, train=9.370e+00, val=9.376e+00]
GNN flow training:  23%|██▎       | 23/100 [02:22<07:52,  6.14s/epoch, best=9.505e+00, sign=0.155, train=9.370e+00, val=9.376e+00]
GNN flow training:  23%|██▎       | 23/100 [02:28<07:52,  6.14s/epoch, best=9.376e+00, sign=0.155, train=9.254e+00, val=9.313e+00]
GNN flow training:  24%|██▍       | 24/100 [02:28<07:44,  6.12s/epoch, best=9.376e+00, sign=0.155, train=9.254e+00, val=9.313e+00]
GNN flow training:  24%|██▍       | 24/100 [02:34<07:44,  6.12s/epoch, best=9.313e+00, sign=0.154, train=9.188e+00, val=9.219e+00]
GNN flow training:  25%|██▌       | 25/100 [02:34<07:38,  6.12s/epoch, best=9.313e+00, sign=0.154, train=9.188e+00, val=9.219e+00]
GNN flow training:  25%|██▌       | 25/100 [02:40<07:38,  6.12s/epoch, best=9.219e+00, sign=0.153, train=9.101e+00, val=9.105e+00]
GNN flow training:  26%|██▌       | 26/100 [02:40<07:31,  6.10s/epoch, best=9.219e+00, sign=0.153, train=9.101e+00, val=9.105e+00]
GNN flow training:  26%|██▌       | 26/100 [02:46<07:31,  6.10s/epoch, best=9.105e+00, sign=0.152, train=8.996e+00, val=8.975e+00]
GNN flow training:  27%|██▋       | 27/100 [02:46<07:25,  6.10s/epoch, best=9.105e+00, sign=0.152, train=8.996e+00, val=8.975e+00]
GNN flow training:  27%|██▋       | 27/100 [02:52<07:25,  6.10s/epoch, best=8.975e+00, sign=0.153, train=8.874e+00, val=8.871e+00]
GNN flow training:  28%|██▊       | 28/100 [02:52<07:18,  6.09s/epoch, best=8.975e+00, sign=0.153, train=8.874e+00, val=8.871e+00]
GNN flow training:  28%|██▊       | 28/100 [02:58<07:18,  6.09s/epoch, best=8.871e+00, sign=0.152, train=8.779e+00, val=8.709e+00]
GNN flow training:  29%|██▉       | 29/100 [02:58<07:12,  6.09s/epoch, best=8.871e+00, sign=0.152, train=8.779e+00, val=8.709e+00]
GNN flow training:  29%|██▉       | 29/100 [03:04<07:12,  6.09s/epoch, best=8.709e+00, sign=0.152, train=8.639e+00, val=8.542e+00]
GNN flow training:  30%|███       | 30/100 [03:04<07:06,  6.10s/epoch, best=8.709e+00, sign=0.152, train=8.639e+00, val=8.542e+00]
GNN flow training:  30%|███       | 30/100 [03:10<07:06,  6.10s/epoch, best=8.542e+00, sign=0.151, train=8.496e+00, val=8.475e+00]
GNN flow training:  31%|███       | 31/100 [03:10<07:00,  6.09s/epoch, best=8.542e+00, sign=0.151, train=8.496e+00, val=8.475e+00]
GNN flow training:  31%|███       | 31/100 [03:16<07:00,  6.09s/epoch, best=8.475e+00, sign=0.148, train=8.427e+00, val=8.371e+00]
GNN flow training:  32%|███▏      | 32/100 [03:16<06:54,  6.09s/epoch, best=8.475e+00, sign=0.148, train=8.427e+00, val=8.371e+00]
GNN flow training:  32%|███▏      | 32/100 [03:22<06:54,  6.09s/epoch, best=8.371e+00, sign=0.147, train=8.320e+00, val=8.388e+00]
GNN flow training:  33%|███▎      | 33/100 [03:22<06:47,  6.09s/epoch, best=8.371e+00, sign=0.147, train=8.320e+00, val=8.388e+00]
GNN flow training:  33%|███▎      | 33/100 [03:29<06:47,  6.09s/epoch, best=8.371e+00, sign=0.146, train=8.316e+00, val=8.325e+00]
GNN flow training:  34%|███▍      | 34/100 [03:29<06:42,  6.10s/epoch, best=8.371e+00, sign=0.146, train=8.316e+00, val=8.325e+00]
GNN flow training:  34%|███▍      | 34/100 [03:35<06:42,  6.10s/epoch, best=8.325e+00, sign=0.145, train=8.250e+00, val=8.311e+00]
GNN flow training:  35%|███▌      | 35/100 [03:35<06:35,  6.08s/epoch, best=8.325e+00, sign=0.145, train=8.250e+00, val=8.311e+00]
GNN flow training:  35%|███▌      | 35/100 [03:41<06:35,  6.08s/epoch, best=8.311e+00, sign=0.144, train=8.226e+00, val=8.297e+00]
GNN flow training:  36%|███▌      | 36/100 [03:41<06:31,  6.11s/epoch, best=8.311e+00, sign=0.144, train=8.226e+00, val=8.297e+00]
GNN flow training:  36%|███▌      | 36/100 [03:47<06:31,  6.11s/epoch, best=8.297e+00, sign=0.145, train=8.205e+00, val=8.355e+00]
GNN flow training:  37%|███▋      | 37/100 [03:47<06:26,  6.13s/epoch, best=8.297e+00, sign=0.145, train=8.205e+00, val=8.355e+00]
GNN flow training:  37%|███▋      | 37/100 [03:53<06:26,  6.13s/epoch, best=8.297e+00, sign=0.145, train=8.228e+00, val=8.454e+00]
GNN flow training:  38%|███▊      | 38/100 [03:53<06:20,  6.15s/epoch, best=8.297e+00, sign=0.145, train=8.228e+00, val=8.454e+00]
GNN flow training:  38%|███▊      | 38/100 [03:59<06:20,  6.15s/epoch, best=8.297e+00, sign=0.144, train=8.284e+00, val=8.378e+00]
GNN flow training:  39%|███▉      | 39/100 [03:59<06:14,  6.15s/epoch, best=8.297e+00, sign=0.144, train=8.284e+00, val=8.378e+00]
GNN flow training:  39%|███▉      | 39/100 [04:05<06:14,  6.15s/epoch, best=8.297e+00, sign=0.144, train=8.198e+00, val=8.229e+00]
GNN flow training:  40%|████      | 40/100 [04:05<06:07,  6.13s/epoch, best=8.297e+00, sign=0.144, train=8.198e+00, val=8.229e+00]
GNN flow training:  40%|████      | 40/100 [04:12<06:07,  6.13s/epoch, best=8.229e+00, sign=0.145, train=8.046e+00, val=8.086e+00]
GNN flow training:  41%|████      | 41/100 [04:12<06:00,  6.12s/epoch, best=8.229e+00, sign=0.145, train=8.046e+00, val=8.086e+00]
GNN flow training:  41%|████      | 41/100 [04:18<06:00,  6.12s/epoch, best=8.086e+00, sign=0.147, train=7.925e+00, val=8.001e+00]
GNN flow training:  42%|████▏     | 42/100 [04:18<05:56,  6.14s/epoch, best=8.086e+00, sign=0.147, train=7.925e+00, val=8.001e+00]
GNN flow training:  42%|████▏     | 42/100 [04:24<05:56,  6.14s/epoch, best=8.001e+00, sign=0.147, train=7.876e+00, val=7.922e+00]
GNN flow training:  43%|████▎     | 43/100 [04:24<05:49,  6.13s/epoch, best=8.001e+00, sign=0.147, train=7.876e+00, val=7.922e+00]
GNN flow training:  43%|████▎     | 43/100 [04:30<05:49,  6.13s/epoch, best=7.922e+00, sign=0.147, train=7.811e+00, val=7.799e+00]
GNN flow training:  44%|████▍     | 44/100 [04:30<05:41,  6.09s/epoch, best=7.922e+00, sign=0.147, train=7.811e+00, val=7.799e+00]
GNN flow training:  44%|████▍     | 44/100 [04:36<05:41,  6.09s/epoch, best=7.799e+00, sign=0.147, train=7.713e+00, val=7.710e+00]
GNN flow training:  45%|████▌     | 45/100 [04:36<05:36,  6.11s/epoch, best=7.799e+00, sign=0.147, train=7.713e+00, val=7.710e+00]
GNN flow training:  45%|████▌     | 45/100 [04:42<05:36,  6.11s/epoch, best=7.710e+00, sign=0.148, train=7.632e+00, val=7.636e+00]
GNN flow training:  46%|████▌     | 46/100 [04:42<05:29,  6.10s/epoch, best=7.710e+00, sign=0.148, train=7.632e+00, val=7.636e+00]
GNN flow training:  46%|████▌     | 46/100 [04:48<05:29,  6.10s/epoch, best=7.636e+00, sign=0.144, train=7.559e+00, val=7.577e+00]
GNN flow training:  47%|████▋     | 47/100 [04:48<05:23,  6.10s/epoch, best=7.636e+00, sign=0.144, train=7.559e+00, val=7.577e+00]
GNN flow training:  47%|████▋     | 47/100 [04:54<05:23,  6.10s/epoch, best=7.577e+00, sign=0.144, train=7.506e+00, val=7.563e+00]
GNN flow training:  48%|████▊     | 48/100 [04:54<05:16,  6.08s/epoch, best=7.577e+00, sign=0.144, train=7.506e+00, val=7.563e+00]
GNN flow training:  48%|████▊     | 48/100 [05:00<05:16,  6.08s/epoch, best=7.563e+00, sign=0.142, train=7.482e+00, val=7.559e+00]
GNN flow training:  49%|████▉     | 49/100 [05:00<05:09,  6.07s/epoch, best=7.563e+00, sign=0.142, train=7.482e+00, val=7.559e+00]
GNN flow training:  49%|████▉     | 49/100 [05:06<05:09,  6.07s/epoch, best=7.559e+00, sign=0.141, train=7.469e+00, val=7.587e+00]
GNN flow training:  50%|█████     | 50/100 [05:06<05:04,  6.09s/epoch, best=7.559e+00, sign=0.141, train=7.469e+00, val=7.587e+00]
GNN flow training:  50%|█████     | 50/100 [05:13<05:04,  6.09s/epoch, best=7.559e+00, sign=0.139, train=7.463e+00, val=7.519e+00]
GNN flow training:  51%|█████     | 51/100 [05:13<05:01,  6.16s/epoch, best=7.559e+00, sign=0.139, train=7.463e+00, val=7.519e+00]
GNN flow training:  51%|█████     | 51/100 [05:19<05:01,  6.16s/epoch, best=7.519e+00, sign=0.139, train=7.400e+00, val=7.459e+00]
GNN flow training:  52%|█████▏    | 52/100 [05:19<04:55,  6.16s/epoch, best=7.519e+00, sign=0.139, train=7.400e+00, val=7.459e+00]
GNN flow training:  52%|█████▏    | 52/100 [05:25<04:55,  6.16s/epoch, best=7.459e+00, sign=0.137, train=7.336e+00, val=7.377e+00]
GNN flow training:  53%|█████▎    | 53/100 [05:25<04:48,  6.14s/epoch, best=7.459e+00, sign=0.137, train=7.336e+00, val=7.377e+00]
GNN flow training:  53%|█████▎    | 53/100 [05:31<04:48,  6.14s/epoch, best=7.377e+00, sign=0.136, train=7.234e+00, val=7.381e+00]
GNN flow training:  54%|█████▍    | 54/100 [05:31<04:41,  6.11s/epoch, best=7.377e+00, sign=0.136, train=7.234e+00, val=7.381e+00]
GNN flow training:  54%|█████▍    | 54/100 [05:37<04:41,  6.11s/epoch, best=7.377e+00, sign=0.135, train=7.183e+00, val=7.372e+00]
GNN flow training:  55%|█████▌    | 55/100 [05:37<04:34,  6.10s/epoch, best=7.377e+00, sign=0.135, train=7.183e+00, val=7.372e+00]
GNN flow training:  55%|█████▌    | 55/100 [05:43<04:34,  6.10s/epoch, best=7.372e+00, sign=0.135, train=7.131e+00, val=7.524e+00]
GNN flow training:  56%|█████▌    | 56/100 [05:43<04:28,  6.10s/epoch, best=7.372e+00, sign=0.135, train=7.131e+00, val=7.524e+00]
GNN flow training:  56%|█████▌    | 56/100 [05:49<04:28,  6.10s/epoch, best=7.372e+00, sign=0.134, train=7.181e+00, val=7.854e+00]
GNN flow training:  57%|█████▋    | 57/100 [05:49<04:22,  6.10s/epoch, best=7.372e+00, sign=0.134, train=7.181e+00, val=7.854e+00]
GNN flow training:  57%|█████▋    | 57/100 [05:55<04:22,  6.10s/epoch, best=7.372e+00, sign=0.131, train=7.381e+00, val=7.999e+00]
GNN flow training:  58%|█████▊    | 58/100 [05:55<04:17,  6.13s/epoch, best=7.372e+00, sign=0.131, train=7.381e+00, val=7.999e+00]
GNN flow training:  58%|█████▊    | 58/100 [06:02<04:17,  6.13s/epoch, best=7.372e+00, sign=0.131, train=7.458e+00, val=7.918e+00]
GNN flow training:  59%|█████▉    | 59/100 [06:02<04:11,  6.14s/epoch, best=7.372e+00, sign=0.131, train=7.458e+00, val=7.918e+00]
GNN flow training:  59%|█████▉    | 59/100 [06:08<04:11,  6.14s/epoch, best=7.372e+00, sign=0.131, train=7.356e+00, val=7.793e+00]
GNN flow training:  60%|██████    | 60/100 [06:08<04:05,  6.14s/epoch, best=7.372e+00, sign=0.131, train=7.356e+00, val=7.793e+00]
GNN flow training:  60%|██████    | 60/100 [06:14<04:05,  6.14s/epoch, best=7.372e+00, sign=0.130, train=7.239e+00, val=7.788e+00]
GNN flow training:  61%|██████    | 61/100 [06:14<03:59,  6.15s/epoch, best=7.372e+00, sign=0.130, train=7.239e+00, val=7.788e+00]
GNN flow training:  61%|██████    | 61/100 [06:20<03:59,  6.15s/epoch, best=7.372e+00, sign=0.131, train=7.223e+00, val=7.848e+00]
GNN flow training:  62%|██████▏   | 62/100 [06:20<03:53,  6.15s/epoch, best=7.372e+00, sign=0.131, train=7.223e+00, val=7.848e+00]
GNN flow training:  62%|██████▏   | 62/100 [06:26<03:53,  6.15s/epoch, best=7.372e+00, sign=0.131, train=7.254e+00, val=7.956e+00]
GNN flow training:  63%|██████▎   | 63/100 [06:26<03:47,  6.15s/epoch, best=7.372e+00, sign=0.131, train=7.254e+00, val=7.956e+00]
GNN flow training:  63%|██████▎   | 63/100 [06:32<03:47,  6.15s/epoch, best=7.372e+00, sign=0.130, train=7.326e+00, val=7.964e+00]
GNN flow training:  64%|██████▍   | 64/100 [06:32<03:41,  6.14s/epoch, best=7.372e+00, sign=0.130, train=7.326e+00, val=7.964e+00]
GNN flow training:  64%|██████▍   | 64/100 [06:38<03:41,  6.14s/epoch, best=7.372e+00, sign=0.131, train=7.326e+00, val=7.854e+00]
GNN flow training:  65%|██████▌   | 65/100 [06:38<03:34,  6.14s/epoch, best=7.372e+00, sign=0.131, train=7.326e+00, val=7.854e+00]
GNN flow training:  65%|██████▌   | 65/100 [06:45<03:34,  6.14s/epoch, best=7.372e+00, sign=0.133, train=7.256e+00, val=7.767e+00]
GNN flow training:  66%|██████▌   | 66/100 [06:45<03:28,  6.14s/epoch, best=7.372e+00, sign=0.133, train=7.256e+00, val=7.767e+00]
GNN flow training:  66%|██████▌   | 66/100 [06:51<03:28,  6.14s/epoch, best=7.372e+00, sign=0.133, train=7.192e+00, val=7.579e+00]
GNN flow training:  67%|██████▋   | 67/100 [06:51<03:22,  6.13s/epoch, best=7.372e+00, sign=0.133, train=7.192e+00, val=7.579e+00]
GNN flow training:  67%|██████▋   | 67/100 [06:57<03:22,  6.13s/epoch, best=7.372e+00, sign=0.131, train=7.107e+00, val=7.493e+00]
GNN flow training:  68%|██████▊   | 68/100 [06:57<03:15,  6.11s/epoch, best=7.372e+00, sign=0.131, train=7.107e+00, val=7.493e+00]
GNN flow training:  68%|██████▊   | 68/100 [07:03<03:15,  6.11s/epoch, best=7.372e+00, sign=0.132, train=7.071e+00, val=7.376e+00]
GNN flow training:  69%|██████▉   | 69/100 [07:03<03:09,  6.12s/epoch, best=7.372e+00, sign=0.132, train=7.071e+00, val=7.376e+00]
GNN flow training:  69%|██████▉   | 69/100 [07:09<03:09,  6.12s/epoch, best=7.372e+00, sign=0.133, train=7.003e+00, val=7.297e+00]
GNN flow training:  70%|███████   | 70/100 [07:09<03:04,  6.14s/epoch, best=7.372e+00, sign=0.133, train=7.003e+00, val=7.297e+00]
GNN flow training:  70%|███████   | 70/100 [07:15<03:04,  6.14s/epoch, best=7.297e+00, sign=0.133, train=6.981e+00, val=7.243e+00]
GNN flow training:  71%|███████   | 71/100 [07:15<02:57,  6.12s/epoch, best=7.297e+00, sign=0.133, train=6.981e+00, val=7.243e+00]
GNN flow training:  71%|███████   | 71/100 [07:21<02:57,  6.12s/epoch, best=7.243e+00, sign=0.134, train=6.948e+00, val=7.182e+00]
GNN flow training:  72%|███████▏  | 72/100 [07:21<02:51,  6.12s/epoch, best=7.243e+00, sign=0.134, train=6.948e+00, val=7.182e+00]
GNN flow training:  72%|███████▏  | 72/100 [07:27<02:51,  6.12s/epoch, best=7.182e+00, sign=0.135, train=6.909e+00, val=7.147e+00]
GNN flow training:  73%|███████▎  | 73/100 [07:27<02:44,  6.09s/epoch, best=7.182e+00, sign=0.135, train=6.909e+00, val=7.147e+00]
GNN flow training:  73%|███████▎  | 73/100 [07:33<02:44,  6.09s/epoch, best=7.147e+00, sign=0.137, train=6.884e+00, val=7.146e+00]
GNN flow training:  74%|███████▍  | 74/100 [07:33<02:38,  6.08s/epoch, best=7.147e+00, sign=0.137, train=6.884e+00, val=7.146e+00]
GNN flow training:  74%|███████▍  | 74/100 [07:39<02:38,  6.08s/epoch, best=7.146e+00, sign=0.137, train=6.869e+00, val=7.158e+00]
GNN flow training:  75%|███████▌  | 75/100 [07:39<02:31,  6.05s/epoch, best=7.146e+00, sign=0.137, train=6.869e+00, val=7.158e+00]
GNN flow training:  75%|███████▌  | 75/100 [07:45<02:31,  6.05s/epoch, best=7.146e+00, sign=0.137, train=6.853e+00, val=7.147e+00]
GNN flow training:  76%|███████▌  | 76/100 [07:45<02:25,  6.04s/epoch, best=7.146e+00, sign=0.137, train=6.853e+00, val=7.147e+00]
GNN flow training:  76%|███████▌  | 76/100 [07:52<02:25,  6.04s/epoch, best=7.146e+00, sign=0.136, train=6.806e+00, val=7.166e+00]
GNN flow training:  77%|███████▋  | 77/100 [07:52<02:19,  6.07s/epoch, best=7.146e+00, sign=0.136, train=6.806e+00, val=7.166e+00]
GNN flow training:  77%|███████▋  | 77/100 [07:58<02:19,  6.07s/epoch, best=7.146e+00, sign=0.135, train=6.798e+00, val=7.193e+00]
GNN flow training:  78%|███████▊  | 78/100 [07:58<02:14,  6.09s/epoch, best=7.146e+00, sign=0.135, train=6.798e+00, val=7.193e+00]
GNN flow training:  78%|███████▊  | 78/100 [08:04<02:14,  6.09s/epoch, best=7.146e+00, sign=0.134, train=6.785e+00, val=7.213e+00]
GNN flow training:  79%|███████▉  | 79/100 [08:04<02:08,  6.11s/epoch, best=7.146e+00, sign=0.134, train=6.785e+00, val=7.213e+00]
GNN flow training:  79%|███████▉  | 79/100 [08:10<02:08,  6.11s/epoch, best=7.146e+00, sign=0.134, train=6.753e+00, val=7.188e+00]
GNN flow training:  80%|████████  | 80/100 [08:10<02:02,  6.13s/epoch, best=7.146e+00, sign=0.134, train=6.753e+00, val=7.188e+00]
GNN flow training:  80%|████████  | 80/100 [08:16<02:02,  6.13s/epoch, best=7.146e+00, sign=0.133, train=6.704e+00, val=7.154e+00]
GNN flow training:  81%|████████  | 81/100 [08:16<01:56,  6.13s/epoch, best=7.146e+00, sign=0.133, train=6.704e+00, val=7.154e+00]
GNN flow training:  81%|████████  | 81/100 [08:22<01:56,  6.13s/epoch, best=7.146e+00, sign=0.134, train=6.663e+00, val=7.107e+00]
GNN flow training:  82%|████████▏ | 82/100 [08:22<01:50,  6.13s/epoch, best=7.146e+00, sign=0.134, train=6.663e+00, val=7.107e+00]
GNN flow training:  82%|████████▏ | 82/100 [08:28<01:50,  6.13s/epoch, best=7.107e+00, sign=0.134, train=6.627e+00, val=7.028e+00]
GNN flow training:  83%|████████▎ | 83/100 [08:28<01:43,  6.11s/epoch, best=7.107e+00, sign=0.134, train=6.627e+00, val=7.028e+00]
GNN flow training:  83%|████████▎ | 83/100 [08:34<01:43,  6.11s/epoch, best=7.028e+00, sign=0.136, train=6.589e+00, val=6.940e+00]
GNN flow training:  84%|████████▍ | 84/100 [08:34<01:37,  6.10s/epoch, best=7.028e+00, sign=0.136, train=6.589e+00, val=6.940e+00]
GNN flow training:  84%|████████▍ | 84/100 [08:40<01:37,  6.10s/epoch, best=6.940e+00, sign=0.137, train=6.565e+00, val=6.909e+00]
GNN flow training:  85%|████████▌ | 85/100 [08:40<01:31,  6.08s/epoch, best=6.940e+00, sign=0.137, train=6.565e+00, val=6.909e+00]
GNN flow training:  85%|████████▌ | 85/100 [08:47<01:31,  6.08s/epoch, best=6.909e+00, sign=0.136, train=6.584e+00, val=6.866e+00]
GNN flow training:  86%|████████▌ | 86/100 [08:47<01:25,  6.08s/epoch, best=6.909e+00, sign=0.136, train=6.584e+00, val=6.866e+00]
GNN flow training:  86%|████████▌ | 86/100 [08:53<01:25,  6.08s/epoch, best=6.866e+00, sign=0.136, train=6.534e+00, val=6.839e+00]
GNN flow training:  87%|████████▋ | 87/100 [08:53<01:18,  6.07s/epoch, best=6.866e+00, sign=0.136, train=6.534e+00, val=6.839e+00]
GNN flow training:  87%|████████▋ | 87/100 [08:59<01:18,  6.07s/epoch, best=6.839e+00, sign=0.136, train=6.527e+00, val=6.888e+00]
GNN flow training:  88%|████████▊ | 88/100 [08:59<01:12,  6.07s/epoch, best=6.839e+00, sign=0.136, train=6.527e+00, val=6.888e+00]
GNN flow training:  88%|████████▊ | 88/100 [09:05<01:12,  6.07s/epoch, best=6.839e+00, sign=0.137, train=6.555e+00, val=6.980e+00]
GNN flow training:  89%|████████▉ | 89/100 [09:05<01:06,  6.08s/epoch, best=6.839e+00, sign=0.137, train=6.555e+00, val=6.980e+00]
GNN flow training:  89%|████████▉ | 89/100 [09:11<01:06,  6.08s/epoch, best=6.839e+00, sign=0.137, train=6.600e+00, val=6.960e+00]
GNN flow training:  90%|█████████ | 90/100 [09:11<01:00,  6.09s/epoch, best=6.839e+00, sign=0.137, train=6.600e+00, val=6.960e+00]
GNN flow training:  90%|█████████ | 90/100 [09:17<01:00,  6.09s/epoch, best=6.839e+00, sign=0.136, train=6.565e+00, val=6.871e+00]
GNN flow training:  91%|█████████ | 91/100 [09:17<00:54,  6.10s/epoch, best=6.839e+00, sign=0.136, train=6.565e+00, val=6.871e+00]
GNN flow training:  91%|█████████ | 91/100 [09:23<00:54,  6.10s/epoch, best=6.839e+00, sign=0.137, train=6.508e+00, val=6.915e+00]
GNN flow training:  92%|█████████▏| 92/100 [09:23<00:48,  6.09s/epoch, best=6.839e+00, sign=0.137, train=6.508e+00, val=6.915e+00]
GNN flow training:  92%|█████████▏| 92/100 [09:29<00:48,  6.09s/epoch, best=6.839e+00, sign=0.137, train=6.525e+00, val=6.914e+00]
GNN flow training:  93%|█████████▎| 93/100 [09:29<00:42,  6.09s/epoch, best=6.839e+00, sign=0.137, train=6.525e+00, val=6.914e+00]
GNN flow training:  93%|█████████▎| 93/100 [09:35<00:42,  6.09s/epoch, best=6.839e+00, sign=0.136, train=6.500e+00, val=6.876e+00]
GNN flow training:  94%|█████████▍| 94/100 [09:35<00:36,  6.11s/epoch, best=6.839e+00, sign=0.136, train=6.500e+00, val=6.876e+00]
GNN flow training:  94%|█████████▍| 94/100 [09:41<00:36,  6.11s/epoch, best=6.839e+00, sign=0.135, train=6.439e+00, val=6.922e+00]
GNN flow training:  95%|█████████▌| 95/100 [09:41<00:30,  6.10s/epoch, best=6.839e+00, sign=0.135, train=6.439e+00, val=6.922e+00]
GNN flow training:  95%|█████████▌| 95/100 [09:48<00:30,  6.10s/epoch, best=6.839e+00, sign=0.135, train=6.418e+00, val=6.864e+00]
GNN flow training:  96%|█████████▌| 96/100 [09:48<00:24,  6.11s/epoch, best=6.839e+00, sign=0.135, train=6.418e+00, val=6.864e+00]
GNN flow training:  96%|█████████▌| 96/100 [09:54<00:24,  6.11s/epoch, best=6.839e+00, sign=0.134, train=6.391e+00, val=6.802e+00]
GNN flow training:  97%|█████████▋| 97/100 [09:54<00:18,  6.11s/epoch, best=6.839e+00, sign=0.134, train=6.391e+00, val=6.802e+00]
GNN flow training:  97%|█████████▋| 97/100 [10:00<00:18,  6.11s/epoch, best=6.802e+00, sign=0.133, train=6.355e+00, val=6.754e+00]
GNN flow training:  98%|█████████▊| 98/100 [10:00<00:12,  6.12s/epoch, best=6.802e+00, sign=0.133, train=6.355e+00, val=6.754e+00]
GNN flow training:  98%|█████████▊| 98/100 [10:06<00:12,  6.12s/epoch, best=6.754e+00, sign=0.132, train=6.322e+00, val=6.738e+00]
GNN flow training:  99%|█████████▉| 99/100 [10:06<00:06,  6.09s/epoch, best=6.754e+00, sign=0.132, train=6.322e+00, val=6.738e+00]
GNN flow training:  99%|█████████▉| 99/100 [10:12<00:06,  6.09s/epoch, best=6.738e+00, sign=0.131, train=6.294e+00, val=6.760e+00]
GNN flow training: 100%|██████████| 100/100 [10:12<00:00,  6.12s/epoch, best=6.738e+00, sign=0.131, train=6.294e+00, val=6.760e+00]
GNN flow training: 100%|██████████| 100/100 [10:12<00:00,  6.12s/epoch, best=6.738e+00, sign=0.131, train=6.294e+00, val=6.760e+00]
Resolved config snapshot:
{'preset': 'solver_QKB_outer_QKBdelta', 'gnn_outer_losses': {'flow': 100.0, 'kirchhoff': 0.1, 'boundary': 100.0, 'delta_l2': 10.0, 'delta_smooth': 0.0, 'pressure_shape': 0.0}, 'physics': {'arterial_flow_mode': 'dataset', 'pressure_constraints': ['equal-a-equal-v'], 'alpha_pa': None, 'use_snr_weights': True, 'use_observed_flow_snr_weighting': True, 'flow_scale_mode': 'median_abs', 'solver_device': 'same', 'pressure_solver_mode': 'reduced-soft-constrained-lstsq', 'pressure_solver_lambda_kirchhoff': 1.0, 'pressure_solver_lambda_pressure_constraints': 100.0, 'pressure_solver_lambda_flow_residual': 1.0, 'pressure_shape_reference': 'delta_zero_reference', 'pressure_detach': False}, 'correction_bounds': {'correction_min': -0.5, 'correction_max': 0.5, 'correction_bound': 0.5, 'correction_parameterization': 'tanh'}, 'optimization': {'learning_rate': 0.001, 'weight_decay': 0.0001, 'gradient_clip_norm': 5.0, 'optimizer': 'adamw', 'epochs': 100, 'patience': 40}}
Shard 51/80: 1 of 80 runs
Command: /mnt/home/sswee/miniforge3/envs/yolk-sac/bin/python /mnt/home/sswee/yolk/Yolk-Sac-Flow-Data-and-Sim/gnn_clean/scripts/python/gnn_flow.py /mnt/home/sswee/yolk/Yolk-Sac-Flow-Data-and-Sim/gnn_clean/datasets/mosaic_graph_norm_canonical.gpickle --output-dir /mnt/home/sswee/yolk/Yolk-Sac-Flow-Data-and-Sim/gnn_clean/outputs_canonical_norm/dc/02_physics_weight_sweep/gnn --run-name q_100__k_0p1__delta_10 --preset solver_QKB_outer_QKBdelta --device cuda --epochs 100 --seed 0 --viscosity-pa-s 0.0035 --config /mnt/home/sswee/yolk/Yolk-Sac-Flow-Data-and-Sim/gnn_clean/outputs_canonical_norm/dc/02_physics_weight_sweep/_generated_configs/q_100__k_0p1__delta_10.yaml --no-pressure-detach
