[info] DC Step 2 canonical sweep uses fixed lambda_B=100.0 for both the outer boundary loss and the reduced pressure-solver boundary constraint.

GNN flow training:   0%|          | 0/100 [00:00<?, ?epoch/s]
GNN flow training:   0%|          | 0/100 [00:04<?, ?epoch/s, best=1.635e+02, sign=0.161, train=1.637e+02, val=1.635e+02]
GNN flow training:   1%|          | 1/100 [00:04<07:52,  4.77s/epoch, best=1.635e+02, sign=0.161, train=1.637e+02, val=1.635e+02]
GNN flow training:   1%|          | 1/100 [00:09<07:52,  4.77s/epoch, best=1.635e+02, sign=0.161, train=1.635e+02, val=1.632e+02]
GNN flow training:   2%|▏         | 2/100 [00:09<07:31,  4.61s/epoch, best=1.635e+02, sign=0.161, train=1.635e+02, val=1.632e+02]
GNN flow training:   2%|▏         | 2/100 [00:13<07:31,  4.61s/epoch, best=1.632e+02, sign=0.161, train=1.632e+02, val=1.635e+02]
GNN flow training:   3%|▎         | 3/100 [00:13<07:21,  4.55s/epoch, best=1.632e+02, sign=0.161, train=1.632e+02, val=1.635e+02]
GNN flow training:   3%|▎         | 3/100 [00:18<07:21,  4.55s/epoch, best=1.632e+02, sign=0.162, train=1.635e+02, val=1.632e+02]
GNN flow training:   4%|▍         | 4/100 [00:18<07:15,  4.54s/epoch, best=1.632e+02, sign=0.162, train=1.635e+02, val=1.632e+02]
GNN flow training:   4%|▍         | 4/100 [00:22<07:15,  4.54s/epoch, best=1.632e+02, sign=0.162, train=1.632e+02, val=1.632e+02]
GNN flow training:   5%|▌         | 5/100 [00:22<07:11,  4.54s/epoch, best=1.632e+02, sign=0.162, train=1.632e+02, val=1.632e+02]
GNN flow training:   5%|▌         | 5/100 [00:27<07:11,  4.54s/epoch, best=1.632e+02, sign=0.161, train=1.632e+02, val=1.629e+02]
GNN flow training:   6%|▌         | 6/100 [00:27<07:08,  4.56s/epoch, best=1.632e+02, sign=0.161, train=1.632e+02, val=1.629e+02]
GNN flow training:   6%|▌         | 6/100 [00:31<07:08,  4.56s/epoch, best=1.629e+02, sign=0.160, train=1.629e+02, val=1.624e+02]
GNN flow training:   7%|▋         | 7/100 [00:31<07:02,  4.55s/epoch, best=1.629e+02, sign=0.160, train=1.629e+02, val=1.624e+02]
GNN flow training:   7%|▋         | 7/100 [00:36<07:02,  4.55s/epoch, best=1.624e+02, sign=0.160, train=1.624e+02, val=1.623e+02]
GNN flow training:   8%|▊         | 8/100 [00:36<06:56,  4.53s/epoch, best=1.624e+02, sign=0.160, train=1.624e+02, val=1.623e+02]
GNN flow training:   8%|▊         | 8/100 [00:40<06:56,  4.53s/epoch, best=1.623e+02, sign=0.160, train=1.623e+02, val=1.617e+02]
GNN flow training:   9%|▉         | 9/100 [00:40<06:52,  4.54s/epoch, best=1.623e+02, sign=0.160, train=1.623e+02, val=1.617e+02]
GNN flow training:   9%|▉         | 9/100 [00:45<06:52,  4.54s/epoch, best=1.617e+02, sign=0.159, train=1.617e+02, val=1.612e+02]
GNN flow training:  10%|█         | 10/100 [00:45<06:47,  4.53s/epoch, best=1.617e+02, sign=0.159, train=1.617e+02, val=1.612e+02]
GNN flow training:  10%|█         | 10/100 [00:49<06:47,  4.53s/epoch, best=1.612e+02, sign=0.158, train=1.612e+02, val=1.611e+02]
GNN flow training:  11%|█         | 11/100 [00:49<06:41,  4.51s/epoch, best=1.612e+02, sign=0.158, train=1.612e+02, val=1.611e+02]
GNN flow training:  11%|█         | 11/100 [00:54<06:41,  4.51s/epoch, best=1.611e+02, sign=0.157, train=1.611e+02, val=1.611e+02]
GNN flow training:  12%|█▏        | 12/100 [00:54<06:39,  4.54s/epoch, best=1.611e+02, sign=0.157, train=1.611e+02, val=1.611e+02]
GNN flow training:  12%|█▏        | 12/100 [00:59<06:39,  4.54s/epoch, best=1.611e+02, sign=0.157, train=1.611e+02, val=1.611e+02]
GNN flow training:  13%|█▎        | 13/100 [00:59<06:33,  4.53s/epoch, best=1.611e+02, sign=0.157, train=1.611e+02, val=1.611e+02]
GNN flow training:  13%|█▎        | 13/100 [01:03<06:33,  4.53s/epoch, best=1.611e+02, sign=0.158, train=1.611e+02, val=1.608e+02]
GNN flow training:  14%|█▍        | 14/100 [01:03<06:28,  4.52s/epoch, best=1.611e+02, sign=0.158, train=1.611e+02, val=1.608e+02]
GNN flow training:  14%|█▍        | 14/100 [01:08<06:28,  4.52s/epoch, best=1.608e+02, sign=0.158, train=1.608e+02, val=1.605e+02]
GNN flow training:  15%|█▌        | 15/100 [01:08<06:23,  4.51s/epoch, best=1.608e+02, sign=0.158, train=1.608e+02, val=1.605e+02]
GNN flow training:  15%|█▌        | 15/100 [01:12<06:23,  4.51s/epoch, best=1.605e+02, sign=0.159, train=1.605e+02, val=1.604e+02]
GNN flow training:  16%|█▌        | 16/100 [01:12<06:18,  4.51s/epoch, best=1.605e+02, sign=0.159, train=1.605e+02, val=1.604e+02]
GNN flow training:  16%|█▌        | 16/100 [01:17<06:18,  4.51s/epoch, best=1.604e+02, sign=0.159, train=1.604e+02, val=1.605e+02]
GNN flow training:  17%|█▋        | 17/100 [01:17<06:13,  4.50s/epoch, best=1.604e+02, sign=0.159, train=1.604e+02, val=1.605e+02]
GNN flow training:  17%|█▋        | 17/100 [01:21<06:13,  4.50s/epoch, best=1.604e+02, sign=0.159, train=1.605e+02, val=1.604e+02]
GNN flow training:  18%|█▊        | 18/100 [01:21<06:09,  4.50s/epoch, best=1.604e+02, sign=0.159, train=1.605e+02, val=1.604e+02]
GNN flow training:  18%|█▊        | 18/100 [01:26<06:09,  4.50s/epoch, best=1.604e+02, sign=0.159, train=1.604e+02, val=1.605e+02]
GNN flow training:  19%|█▉        | 19/100 [01:26<06:04,  4.50s/epoch, best=1.604e+02, sign=0.159, train=1.604e+02, val=1.605e+02]
GNN flow training:  19%|█▉        | 19/100 [01:30<06:04,  4.50s/epoch, best=1.604e+02, sign=0.159, train=1.605e+02, val=1.607e+02]
GNN flow training:  20%|██        | 20/100 [01:30<06:00,  4.51s/epoch, best=1.604e+02, sign=0.159, train=1.605e+02, val=1.607e+02]
GNN flow training:  20%|██        | 20/100 [01:35<06:00,  4.51s/epoch, best=1.604e+02, sign=0.158, train=1.607e+02, val=1.607e+02]
GNN flow training:  21%|██        | 21/100 [01:35<05:55,  4.50s/epoch, best=1.604e+02, sign=0.158, train=1.607e+02, val=1.607e+02]
GNN flow training:  21%|██        | 21/100 [01:39<05:55,  4.50s/epoch, best=1.604e+02, sign=0.158, train=1.607e+02, val=1.608e+02]
GNN flow training:  22%|██▏       | 22/100 [01:39<05:51,  4.51s/epoch, best=1.604e+02, sign=0.158, train=1.607e+02, val=1.608e+02]
GNN flow training:  22%|██▏       | 22/100 [01:44<05:51,  4.51s/epoch, best=1.604e+02, sign=0.158, train=1.608e+02, val=1.607e+02]
GNN flow training:  23%|██▎       | 23/100 [01:44<05:47,  4.52s/epoch, best=1.604e+02, sign=0.158, train=1.608e+02, val=1.607e+02]
GNN flow training:  23%|██▎       | 23/100 [01:48<05:47,  4.52s/epoch, best=1.604e+02, sign=0.158, train=1.607e+02, val=1.603e+02]
GNN flow training:  24%|██▍       | 24/100 [01:48<05:43,  4.53s/epoch, best=1.604e+02, sign=0.158, train=1.607e+02, val=1.603e+02]
GNN flow training:  24%|██▍       | 24/100 [01:53<05:43,  4.53s/epoch, best=1.603e+02, sign=0.159, train=1.603e+02, val=1.591e+02]
GNN flow training:  25%|██▌       | 25/100 [01:53<05:38,  4.52s/epoch, best=1.603e+02, sign=0.159, train=1.603e+02, val=1.591e+02]
GNN flow training:  25%|██▌       | 25/100 [01:57<05:38,  4.52s/epoch, best=1.591e+02, sign=0.158, train=1.591e+02, val=1.586e+02]
GNN flow training:  26%|██▌       | 26/100 [01:57<05:35,  4.53s/epoch, best=1.591e+02, sign=0.158, train=1.591e+02, val=1.586e+02]
GNN flow training:  26%|██▌       | 26/100 [02:02<05:35,  4.53s/epoch, best=1.586e+02, sign=0.158, train=1.586e+02, val=1.576e+02]
GNN flow training:  27%|██▋       | 27/100 [02:02<05:30,  4.53s/epoch, best=1.586e+02, sign=0.158, train=1.586e+02, val=1.576e+02]
GNN flow training:  27%|██▋       | 27/100 [02:06<05:30,  4.53s/epoch, best=1.576e+02, sign=0.158, train=1.576e+02, val=1.568e+02]
GNN flow training:  28%|██▊       | 28/100 [02:06<05:26,  4.53s/epoch, best=1.576e+02, sign=0.158, train=1.576e+02, val=1.568e+02]
GNN flow training:  28%|██▊       | 28/100 [02:11<05:26,  4.53s/epoch, best=1.568e+02, sign=0.158, train=1.568e+02, val=1.555e+02]
GNN flow training:  29%|██▉       | 29/100 [02:11<05:21,  4.53s/epoch, best=1.568e+02, sign=0.158, train=1.568e+02, val=1.555e+02]
GNN flow training:  29%|██▉       | 29/100 [02:15<05:21,  4.53s/epoch, best=1.555e+02, sign=0.159, train=1.555e+02, val=1.542e+02]
GNN flow training:  30%|███       | 30/100 [02:15<05:16,  4.52s/epoch, best=1.555e+02, sign=0.159, train=1.555e+02, val=1.542e+02]
GNN flow training:  30%|███       | 30/100 [02:20<05:16,  4.52s/epoch, best=1.542e+02, sign=0.159, train=1.542e+02, val=1.526e+02]
GNN flow training:  31%|███       | 31/100 [02:20<05:11,  4.52s/epoch, best=1.542e+02, sign=0.159, train=1.542e+02, val=1.526e+02]
GNN flow training:  31%|███       | 31/100 [02:24<05:11,  4.52s/epoch, best=1.526e+02, sign=0.161, train=1.526e+02, val=1.511e+02]
GNN flow training:  32%|███▏      | 32/100 [02:24<05:07,  4.52s/epoch, best=1.526e+02, sign=0.161, train=1.526e+02, val=1.511e+02]
GNN flow training:  32%|███▏      | 32/100 [02:29<05:07,  4.52s/epoch, best=1.511e+02, sign=0.161, train=1.511e+02, val=1.493e+02]
GNN flow training:  33%|███▎      | 33/100 [02:29<05:02,  4.52s/epoch, best=1.511e+02, sign=0.161, train=1.511e+02, val=1.493e+02]
GNN flow training:  33%|███▎      | 33/100 [02:33<05:02,  4.52s/epoch, best=1.493e+02, sign=0.160, train=1.493e+02, val=1.471e+02]
GNN flow training:  34%|███▍      | 34/100 [02:33<04:58,  4.52s/epoch, best=1.493e+02, sign=0.160, train=1.493e+02, val=1.471e+02]
GNN flow training:  34%|███▍      | 34/100 [02:38<04:58,  4.52s/epoch, best=1.471e+02, sign=0.160, train=1.471e+02, val=1.445e+02]
GNN flow training:  35%|███▌      | 35/100 [02:38<04:53,  4.52s/epoch, best=1.471e+02, sign=0.160, train=1.471e+02, val=1.445e+02]
GNN flow training:  35%|███▌      | 35/100 [02:42<04:53,  4.52s/epoch, best=1.445e+02, sign=0.160, train=1.445e+02, val=1.414e+02]
GNN flow training:  36%|███▌      | 36/100 [02:42<04:48,  4.51s/epoch, best=1.445e+02, sign=0.160, train=1.445e+02, val=1.414e+02]
GNN flow training:  36%|███▌      | 36/100 [02:47<04:48,  4.51s/epoch, best=1.414e+02, sign=0.159, train=1.414e+02, val=1.378e+02]
GNN flow training:  37%|███▋      | 37/100 [02:47<04:44,  4.51s/epoch, best=1.414e+02, sign=0.159, train=1.414e+02, val=1.378e+02]
GNN flow training:  37%|███▋      | 37/100 [02:51<04:44,  4.51s/epoch, best=1.378e+02, sign=0.159, train=1.378e+02, val=1.340e+02]
GNN flow training:  38%|███▊      | 38/100 [02:51<04:39,  4.51s/epoch, best=1.378e+02, sign=0.159, train=1.378e+02, val=1.340e+02]
GNN flow training:  38%|███▊      | 38/100 [02:56<04:39,  4.51s/epoch, best=1.340e+02, sign=0.157, train=1.340e+02, val=1.299e+02]
GNN flow training:  39%|███▉      | 39/100 [02:56<04:35,  4.51s/epoch, best=1.340e+02, sign=0.157, train=1.340e+02, val=1.299e+02]
GNN flow training:  39%|███▉      | 39/100 [03:00<04:35,  4.51s/epoch, best=1.299e+02, sign=0.157, train=1.299e+02, val=1.256e+02]
GNN flow training:  40%|████      | 40/100 [03:00<04:30,  4.51s/epoch, best=1.299e+02, sign=0.157, train=1.299e+02, val=1.256e+02]
GNN flow training:  40%|████      | 40/100 [03:05<04:30,  4.51s/epoch, best=1.256e+02, sign=0.157, train=1.256e+02, val=1.225e+02]
GNN flow training:  41%|████      | 41/100 [03:05<04:26,  4.52s/epoch, best=1.256e+02, sign=0.157, train=1.256e+02, val=1.225e+02]
GNN flow training:  41%|████      | 41/100 [03:09<04:26,  4.52s/epoch, best=1.225e+02, sign=0.157, train=1.225e+02, val=1.188e+02]
GNN flow training:  42%|████▏     | 42/100 [03:09<04:21,  4.52s/epoch, best=1.225e+02, sign=0.157, train=1.225e+02, val=1.188e+02]
GNN flow training:  42%|████▏     | 42/100 [03:14<04:21,  4.52s/epoch, best=1.188e+02, sign=0.158, train=1.188e+02, val=1.149e+02]
GNN flow training:  43%|████▎     | 43/100 [03:14<04:17,  4.52s/epoch, best=1.188e+02, sign=0.158, train=1.188e+02, val=1.149e+02]
GNN flow training:  43%|████▎     | 43/100 [03:19<04:17,  4.52s/epoch, best=1.149e+02, sign=0.157, train=1.149e+02, val=1.112e+02]
GNN flow training:  44%|████▍     | 44/100 [03:19<04:12,  4.52s/epoch, best=1.149e+02, sign=0.157, train=1.149e+02, val=1.112e+02]
GNN flow training:  44%|████▍     | 44/100 [03:23<04:12,  4.52s/epoch, best=1.112e+02, sign=0.157, train=1.112e+02, val=1.073e+02]
GNN flow training:  45%|████▌     | 45/100 [03:23<04:08,  4.51s/epoch, best=1.112e+02, sign=0.157, train=1.112e+02, val=1.073e+02]
GNN flow training:  45%|████▌     | 45/100 [03:28<04:08,  4.51s/epoch, best=1.073e+02, sign=0.159, train=1.073e+02, val=1.033e+02]
GNN flow training:  46%|████▌     | 46/100 [03:28<04:04,  4.52s/epoch, best=1.073e+02, sign=0.159, train=1.073e+02, val=1.033e+02]
GNN flow training:  46%|████▌     | 46/100 [03:32<04:04,  4.52s/epoch, best=1.033e+02, sign=0.158, train=1.033e+02, val=1.019e+02]
GNN flow training:  47%|████▋     | 47/100 [03:32<03:59,  4.53s/epoch, best=1.033e+02, sign=0.158, train=1.033e+02, val=1.019e+02]
GNN flow training:  47%|████▋     | 47/100 [03:37<03:59,  4.53s/epoch, best=1.019e+02, sign=0.159, train=1.019e+02, val=1.007e+02]
GNN flow training:  48%|████▊     | 48/100 [03:37<03:55,  4.52s/epoch, best=1.019e+02, sign=0.159, train=1.019e+02, val=1.007e+02]
GNN flow training:  48%|████▊     | 48/100 [03:41<03:55,  4.52s/epoch, best=1.007e+02, sign=0.159, train=1.007e+02, val=9.972e+01]
GNN flow training:  49%|████▉     | 49/100 [03:41<03:51,  4.53s/epoch, best=1.007e+02, sign=0.159, train=1.007e+02, val=9.972e+01]
GNN flow training:  49%|████▉     | 49/100 [03:46<03:51,  4.53s/epoch, best=9.972e+01, sign=0.158, train=9.971e+01, val=9.967e+01]
GNN flow training:  50%|█████     | 50/100 [03:46<03:46,  4.52s/epoch, best=9.972e+01, sign=0.158, train=9.971e+01, val=9.967e+01]
GNN flow training:  50%|█████     | 50/100 [03:50<03:46,  4.52s/epoch, best=9.967e+01, sign=0.158, train=9.967e+01, val=1.007e+02]
GNN flow training:  51%|█████     | 51/100 [03:50<03:41,  4.53s/epoch, best=9.967e+01, sign=0.158, train=9.967e+01, val=1.007e+02]
GNN flow training:  51%|█████     | 51/100 [03:55<03:41,  4.53s/epoch, best=9.967e+01, sign=0.162, train=1.007e+02, val=9.587e+01]
GNN flow training:  52%|█████▏    | 52/100 [03:55<03:37,  4.53s/epoch, best=9.967e+01, sign=0.162, train=1.007e+02, val=9.587e+01]
GNN flow training:  52%|█████▏    | 52/100 [03:59<03:37,  4.53s/epoch, best=9.587e+01, sign=0.166, train=9.587e+01, val=8.963e+01]
GNN flow training:  53%|█████▎    | 53/100 [03:59<03:32,  4.52s/epoch, best=9.587e+01, sign=0.166, train=9.587e+01, val=8.963e+01]
GNN flow training:  53%|█████▎    | 53/100 [04:04<03:32,  4.52s/epoch, best=8.963e+01, sign=0.167, train=8.963e+01, val=8.806e+01]
GNN flow training:  54%|█████▍    | 54/100 [04:04<03:27,  4.52s/epoch, best=8.963e+01, sign=0.167, train=8.963e+01, val=8.806e+01]
GNN flow training:  54%|█████▍    | 54/100 [04:08<03:27,  4.52s/epoch, best=8.806e+01, sign=0.167, train=8.806e+01, val=8.709e+01]
GNN flow training:  55%|█████▌    | 55/100 [04:08<03:23,  4.51s/epoch, best=8.806e+01, sign=0.167, train=8.806e+01, val=8.709e+01]
GNN flow training:  55%|█████▌    | 55/100 [04:13<03:23,  4.51s/epoch, best=8.709e+01, sign=0.166, train=8.709e+01, val=8.835e+01]
GNN flow training:  56%|█████▌    | 56/100 [04:13<03:18,  4.51s/epoch, best=8.709e+01, sign=0.166, train=8.709e+01, val=8.835e+01]
GNN flow training:  56%|█████▌    | 56/100 [04:17<03:18,  4.51s/epoch, best=8.709e+01, sign=0.170, train=8.835e+01, val=8.445e+01]
GNN flow training:  57%|█████▋    | 57/100 [04:17<03:14,  4.51s/epoch, best=8.709e+01, sign=0.170, train=8.835e+01, val=8.445e+01]
GNN flow training:  57%|█████▋    | 57/100 [04:22<03:14,  4.51s/epoch, best=8.445e+01, sign=0.171, train=8.445e+01, val=8.200e+01]
GNN flow training:  58%|█████▊    | 58/100 [04:22<03:09,  4.52s/epoch, best=8.445e+01, sign=0.171, train=8.445e+01, val=8.200e+01]
GNN flow training:  58%|█████▊    | 58/100 [04:26<03:09,  4.52s/epoch, best=8.200e+01, sign=0.171, train=8.200e+01, val=8.140e+01]
GNN flow training:  59%|█████▉    | 59/100 [04:26<03:04,  4.51s/epoch, best=8.200e+01, sign=0.171, train=8.200e+01, val=8.140e+01]
GNN flow training:  59%|█████▉    | 59/100 [04:31<03:04,  4.51s/epoch, best=8.140e+01, sign=0.171, train=8.140e+01, val=8.011e+01]
GNN flow training:  60%|██████    | 60/100 [04:31<03:00,  4.52s/epoch, best=8.140e+01, sign=0.171, train=8.140e+01, val=8.011e+01]
GNN flow training:  60%|██████    | 60/100 [04:35<03:00,  4.52s/epoch, best=8.011e+01, sign=0.171, train=8.011e+01, val=8.019e+01]
GNN flow training:  61%|██████    | 61/100 [04:35<02:56,  4.53s/epoch, best=8.011e+01, sign=0.171, train=8.011e+01, val=8.019e+01]
GNN flow training:  61%|██████    | 61/100 [04:40<02:56,  4.53s/epoch, best=8.011e+01, sign=0.172, train=8.018e+01, val=7.831e+01]
GNN flow training:  62%|██████▏   | 62/100 [04:40<02:52,  4.53s/epoch, best=8.011e+01, sign=0.172, train=8.018e+01, val=7.831e+01]
GNN flow training:  62%|██████▏   | 62/100 [04:44<02:52,  4.53s/epoch, best=7.831e+01, sign=0.172, train=7.831e+01, val=7.785e+01]
GNN flow training:  63%|██████▎   | 63/100 [04:44<02:47,  4.53s/epoch, best=7.831e+01, sign=0.172, train=7.831e+01, val=7.785e+01]
GNN flow training:  63%|██████▎   | 63/100 [04:49<02:47,  4.53s/epoch, best=7.785e+01, sign=0.171, train=7.785e+01, val=8.118e+01]
GNN flow training:  64%|██████▍   | 64/100 [04:49<02:43,  4.53s/epoch, best=7.785e+01, sign=0.171, train=7.785e+01, val=8.118e+01]
GNN flow training:  64%|██████▍   | 64/100 [04:54<02:43,  4.53s/epoch, best=7.785e+01, sign=0.171, train=8.118e+01, val=8.273e+01]
GNN flow training:  65%|██████▌   | 65/100 [04:54<02:38,  4.54s/epoch, best=7.785e+01, sign=0.171, train=8.118e+01, val=8.273e+01]
GNN flow training:  65%|██████▌   | 65/100 [04:58<02:38,  4.54s/epoch, best=7.785e+01, sign=0.170, train=8.273e+01, val=8.432e+01]
GNN flow training:  66%|██████▌   | 66/100 [04:58<02:33,  4.53s/epoch, best=7.785e+01, sign=0.170, train=8.273e+01, val=8.432e+01]
GNN flow training:  66%|██████▌   | 66/100 [05:03<02:33,  4.53s/epoch, best=7.785e+01, sign=0.168, train=8.432e+01, val=8.671e+01]
GNN flow training:  67%|██████▋   | 67/100 [05:03<02:29,  4.53s/epoch, best=7.785e+01, sign=0.168, train=8.432e+01, val=8.671e+01]
GNN flow training:  67%|██████▋   | 67/100 [05:07<02:29,  4.53s/epoch, best=7.785e+01, sign=0.166, train=8.671e+01, val=8.886e+01]
GNN flow training:  68%|██████▊   | 68/100 [05:07<02:25,  4.55s/epoch, best=7.785e+01, sign=0.166, train=8.671e+01, val=8.886e+01]
GNN flow training:  68%|██████▊   | 68/100 [05:12<02:25,  4.55s/epoch, best=7.785e+01, sign=0.166, train=8.886e+01, val=8.769e+01]
GNN flow training:  69%|██████▉   | 69/100 [05:12<02:20,  4.52s/epoch, best=7.785e+01, sign=0.166, train=8.886e+01, val=8.769e+01]
GNN flow training:  69%|██████▉   | 69/100 [05:16<02:20,  4.52s/epoch, best=7.785e+01, sign=0.164, train=8.768e+01, val=8.975e+01]
GNN flow training:  70%|███████   | 70/100 [05:16<02:15,  4.52s/epoch, best=7.785e+01, sign=0.164, train=8.768e+01, val=8.975e+01]
GNN flow training:  70%|███████   | 70/100 [05:21<02:15,  4.52s/epoch, best=7.785e+01, sign=0.162, train=8.975e+01, val=9.222e+01]
GNN flow training:  71%|███████   | 71/100 [05:21<02:11,  4.52s/epoch, best=7.785e+01, sign=0.162, train=8.975e+01, val=9.222e+01]
GNN flow training:  71%|███████   | 71/100 [05:25<02:11,  4.52s/epoch, best=7.785e+01, sign=0.162, train=9.222e+01, val=9.611e+01]
GNN flow training:  72%|███████▏  | 72/100 [05:25<02:06,  4.52s/epoch, best=7.785e+01, sign=0.162, train=9.222e+01, val=9.611e+01]
GNN flow training:  72%|███████▏  | 72/100 [05:30<02:06,  4.52s/epoch, best=7.785e+01, sign=0.162, train=9.611e+01, val=9.630e+01]
GNN flow training:  73%|███████▎  | 73/100 [05:30<02:02,  4.53s/epoch, best=7.785e+01, sign=0.162, train=9.611e+01, val=9.630e+01]
GNN flow training:  73%|███████▎  | 73/100 [05:34<02:02,  4.53s/epoch, best=7.785e+01, sign=0.159, train=9.629e+01, val=1.009e+02]
GNN flow training:  74%|███████▍  | 74/100 [05:34<01:57,  4.53s/epoch, best=7.785e+01, sign=0.159, train=9.629e+01, val=1.009e+02]
GNN flow training:  74%|███████▍  | 74/100 [05:39<01:57,  4.53s/epoch, best=7.785e+01, sign=0.158, train=1.009e+02, val=1.024e+02]
GNN flow training:  75%|███████▌  | 75/100 [05:39<01:53,  4.53s/epoch, best=7.785e+01, sign=0.158, train=1.009e+02, val=1.024e+02]
GNN flow training:  75%|███████▌  | 75/100 [05:43<01:53,  4.53s/epoch, best=7.785e+01, sign=0.159, train=1.024e+02, val=1.009e+02]
GNN flow training:  76%|███████▌  | 76/100 [05:43<01:48,  4.52s/epoch, best=7.785e+01, sign=0.159, train=1.024e+02, val=1.009e+02]
GNN flow training:  76%|███████▌  | 76/100 [05:48<01:48,  4.52s/epoch, best=7.785e+01, sign=0.159, train=1.009e+02, val=9.902e+01]
GNN flow training:  77%|███████▋  | 77/100 [05:48<01:43,  4.52s/epoch, best=7.785e+01, sign=0.159, train=1.009e+02, val=9.902e+01]
GNN flow training:  77%|███████▋  | 77/100 [05:52<01:43,  4.52s/epoch, best=7.785e+01, sign=0.164, train=9.902e+01, val=9.320e+01]
GNN flow training:  78%|███████▊  | 78/100 [05:52<01:39,  4.52s/epoch, best=7.785e+01, sign=0.164, train=9.902e+01, val=9.320e+01]
GNN flow training:  78%|███████▊  | 78/100 [05:57<01:39,  4.52s/epoch, best=7.785e+01, sign=0.167, train=9.320e+01, val=8.834e+01]
GNN flow training:  79%|███████▉  | 79/100 [05:57<01:35,  4.53s/epoch, best=7.785e+01, sign=0.167, train=9.320e+01, val=8.834e+01]
GNN flow training:  79%|███████▉  | 79/100 [06:01<01:35,  4.53s/epoch, best=7.785e+01, sign=0.169, train=8.834e+01, val=8.352e+01]
GNN flow training:  80%|████████  | 80/100 [06:01<01:30,  4.52s/epoch, best=7.785e+01, sign=0.169, train=8.834e+01, val=8.352e+01]
GNN flow training:  80%|████████  | 80/100 [06:06<01:30,  4.52s/epoch, best=7.785e+01, sign=0.171, train=8.351e+01, val=7.964e+01]
GNN flow training:  81%|████████  | 81/100 [06:06<01:26,  4.53s/epoch, best=7.785e+01, sign=0.171, train=8.351e+01, val=7.964e+01]
GNN flow training:  81%|████████  | 81/100 [06:10<01:26,  4.53s/epoch, best=7.785e+01, sign=0.171, train=7.964e+01, val=8.158e+01]
GNN flow training:  82%|████████▏ | 82/100 [06:10<01:21,  4.51s/epoch, best=7.785e+01, sign=0.171, train=7.964e+01, val=8.158e+01]
GNN flow training:  82%|████████▏ | 82/100 [06:15<01:21,  4.51s/epoch, best=7.785e+01, sign=0.169, train=8.158e+01, val=8.484e+01]
GNN flow training:  83%|████████▎ | 83/100 [06:15<01:16,  4.51s/epoch, best=7.785e+01, sign=0.169, train=8.158e+01, val=8.484e+01]
GNN flow training:  83%|████████▎ | 83/100 [06:19<01:16,  4.51s/epoch, best=7.785e+01, sign=0.168, train=8.484e+01, val=8.625e+01]
GNN flow training:  84%|████████▍ | 84/100 [06:19<01:12,  4.50s/epoch, best=7.785e+01, sign=0.168, train=8.484e+01, val=8.625e+01]
GNN flow training:  84%|████████▍ | 84/100 [06:24<01:12,  4.50s/epoch, best=7.785e+01, sign=0.169, train=8.625e+01, val=8.484e+01]
GNN flow training:  85%|████████▌ | 85/100 [06:24<01:07,  4.51s/epoch, best=7.785e+01, sign=0.169, train=8.625e+01, val=8.484e+01]
GNN flow training:  85%|████████▌ | 85/100 [06:28<01:07,  4.51s/epoch, best=7.785e+01, sign=0.170, train=8.484e+01, val=8.479e+01]
GNN flow training:  86%|████████▌ | 86/100 [06:28<01:03,  4.50s/epoch, best=7.785e+01, sign=0.170, train=8.484e+01, val=8.479e+01]
GNN flow training:  86%|████████▌ | 86/100 [06:33<01:03,  4.50s/epoch, best=7.785e+01, sign=0.170, train=8.479e+01, val=8.262e+01]
GNN flow training:  87%|████████▋ | 87/100 [06:33<00:58,  4.51s/epoch, best=7.785e+01, sign=0.170, train=8.479e+01, val=8.262e+01]
GNN flow training:  87%|████████▋ | 87/100 [06:37<00:58,  4.51s/epoch, best=7.785e+01, sign=0.171, train=8.262e+01, val=7.981e+01]
GNN flow training:  88%|████████▊ | 88/100 [06:37<00:54,  4.52s/epoch, best=7.785e+01, sign=0.171, train=8.262e+01, val=7.981e+01]
GNN flow training:  88%|████████▊ | 88/100 [06:42<00:54,  4.52s/epoch, best=7.785e+01, sign=0.169, train=7.980e+01, val=8.307e+01]
GNN flow training:  89%|████████▉ | 89/100 [06:42<00:49,  4.52s/epoch, best=7.785e+01, sign=0.169, train=7.980e+01, val=8.307e+01]
GNN flow training:  89%|████████▉ | 89/100 [06:47<00:49,  4.52s/epoch, best=7.785e+01, sign=0.169, train=8.307e+01, val=8.435e+01]
GNN flow training:  90%|█████████ | 90/100 [06:47<00:45,  4.52s/epoch, best=7.785e+01, sign=0.169, train=8.307e+01, val=8.435e+01]
GNN flow training:  90%|█████████ | 90/100 [06:51<00:45,  4.52s/epoch, best=7.785e+01, sign=0.169, train=8.435e+01, val=8.294e+01]
GNN flow training:  91%|█████████ | 91/100 [06:51<00:40,  4.53s/epoch, best=7.785e+01, sign=0.169, train=8.435e+01, val=8.294e+01]
GNN flow training:  91%|█████████ | 91/100 [06:56<00:40,  4.53s/epoch, best=7.785e+01, sign=0.170, train=8.294e+01, val=8.358e+01]
GNN flow training:  92%|█████████▏| 92/100 [06:56<00:36,  4.53s/epoch, best=7.785e+01, sign=0.170, train=8.294e+01, val=8.358e+01]
GNN flow training:  92%|█████████▏| 92/100 [07:00<00:36,  4.53s/epoch, best=7.785e+01, sign=0.170, train=8.358e+01, val=8.104e+01]
GNN flow training:  93%|█████████▎| 93/100 [07:00<00:31,  4.54s/epoch, best=7.785e+01, sign=0.170, train=8.358e+01, val=8.104e+01]
GNN flow training:  93%|█████████▎| 93/100 [07:05<00:31,  4.54s/epoch, best=7.785e+01, sign=0.171, train=8.103e+01, val=7.918e+01]
GNN flow training:  94%|█████████▍| 94/100 [07:05<00:27,  4.53s/epoch, best=7.785e+01, sign=0.171, train=8.103e+01, val=7.918e+01]
GNN flow training:  94%|█████████▍| 94/100 [07:09<00:27,  4.53s/epoch, best=7.785e+01, sign=0.172, train=7.918e+01, val=7.549e+01]
GNN flow training:  95%|█████████▌| 95/100 [07:09<00:22,  4.53s/epoch, best=7.785e+01, sign=0.172, train=7.918e+01, val=7.549e+01]
GNN flow training:  95%|█████████▌| 95/100 [07:14<00:22,  4.53s/epoch, best=7.549e+01, sign=0.173, train=7.549e+01, val=7.359e+01]
GNN flow training:  96%|█████████▌| 96/100 [07:14<00:18,  4.53s/epoch, best=7.549e+01, sign=0.173, train=7.549e+01, val=7.359e+01]
GNN flow training:  96%|█████████▌| 96/100 [07:18<00:18,  4.53s/epoch, best=7.359e+01, sign=0.172, train=7.359e+01, val=7.451e+01]
GNN flow training:  97%|█████████▋| 97/100 [07:18<00:13,  4.53s/epoch, best=7.359e+01, sign=0.172, train=7.359e+01, val=7.451e+01]
GNN flow training:  97%|█████████▋| 97/100 [07:23<00:13,  4.53s/epoch, best=7.359e+01, sign=0.172, train=7.450e+01, val=7.416e+01]
GNN flow training:  98%|█████████▊| 98/100 [07:23<00:09,  4.52s/epoch, best=7.359e+01, sign=0.172, train=7.450e+01, val=7.416e+01]
GNN flow training:  98%|█████████▊| 98/100 [07:27<00:09,  4.52s/epoch, best=7.359e+01, sign=0.171, train=7.416e+01, val=7.525e+01]
GNN flow training:  99%|█████████▉| 99/100 [07:27<00:04,  4.51s/epoch, best=7.359e+01, sign=0.171, train=7.416e+01, val=7.525e+01]
GNN flow training:  99%|█████████▉| 99/100 [07:32<00:04,  4.51s/epoch, best=7.359e+01, sign=0.168, train=7.525e+01, val=7.848e+01]
GNN flow training: 100%|██████████| 100/100 [07:32<00:00,  4.52s/epoch, best=7.359e+01, sign=0.168, train=7.525e+01, val=7.848e+01]
GNN flow training: 100%|██████████| 100/100 [07:32<00:00,  4.52s/epoch, best=7.359e+01, sign=0.168, train=7.525e+01, val=7.848e+01]
Resolved config snapshot:
{'preset': 'solver_QKB_outer_QKBdelta', 'gnn_outer_losses': {'flow': 0.1, 'kirchhoff': 100.0, 'boundary': 100.0, 'delta_l2': 0.1, 'delta_smooth': 0.0, 'pressure_shape': 0.0}, 'physics': {'arterial_flow_mode': 'dataset', 'pressure_constraints': ['equal-a-equal-v'], 'alpha_pa': None, 'use_snr_weights': True, 'use_observed_flow_snr_weighting': True, 'flow_scale_mode': 'median_abs', 'solver_device': 'same', 'pressure_solver_mode': 'reduced-soft-constrained-lstsq', 'pressure_solver_lambda_kirchhoff': 1.0, 'pressure_solver_lambda_pressure_constraints': 100.0, 'pressure_solver_lambda_flow_residual': 1.0, 'pressure_shape_reference': 'delta_zero_reference', 'pressure_detach': False}, 'correction_bounds': {'correction_min': -0.5, 'correction_max': 0.5, 'correction_bound': 0.5, 'correction_parameterization': 'tanh'}, 'optimization': {'learning_rate': 0.001, 'weight_decay': 0.0001, 'gradient_clip_norm': 5.0, 'optimizer': 'adamw', 'epochs': 100, 'patience': 40}}
Shard 13/80: 1 of 80 runs
Command: /mnt/home/sswee/miniforge3/envs/yolk-sac/bin/python /mnt/home/sswee/yolk/Yolk-Sac-Flow-Data-and-Sim/gnn_clean/scripts/python/gnn_flow.py /mnt/home/sswee/yolk/Yolk-Sac-Flow-Data-and-Sim/gnn_clean/datasets/mosaic_graph_norm_canonical.gpickle --output-dir /mnt/home/sswee/yolk/Yolk-Sac-Flow-Data-and-Sim/gnn_clean/outputs_canonical_norm/dc/02_physics_weight_sweep/gnn --run-name q_0p1__k_100__delta_0p1 --preset solver_QKB_outer_QKBdelta --device cuda --epochs 100 --seed 0 --viscosity-pa-s 0.0035 --config /mnt/home/sswee/yolk/Yolk-Sac-Flow-Data-and-Sim/gnn_clean/outputs_canonical_norm/dc/02_physics_weight_sweep/_generated_configs/q_0p1__k_100__delta_0p1.yaml --no-pressure-detach
