[info] DC Step 2 canonical sweep uses fixed lambda_B=100.0 for both the outer boundary loss and the reduced pressure-solver boundary constraint.

GNN flow training:   0%|          | 0/100 [00:00<?, ?epoch/s]
GNN flow training:   0%|          | 0/100 [00:06<?, ?epoch/s, best=1.645e+02, sign=0.161, train=1.647e+02, val=1.645e+02]
GNN flow training:   1%|          | 1/100 [00:06<10:06,  6.13s/epoch, best=1.645e+02, sign=0.161, train=1.647e+02, val=1.645e+02]
GNN flow training:   1%|          | 1/100 [00:12<10:06,  6.13s/epoch, best=1.645e+02, sign=0.161, train=1.645e+02, val=1.643e+02]
GNN flow training:   2%|▏         | 2/100 [00:12<09:50,  6.03s/epoch, best=1.645e+02, sign=0.161, train=1.645e+02, val=1.643e+02]
GNN flow training:   2%|▏         | 2/100 [00:18<09:50,  6.03s/epoch, best=1.643e+02, sign=0.161, train=1.642e+02, val=1.645e+02]
GNN flow training:   3%|▎         | 3/100 [00:18<09:45,  6.03s/epoch, best=1.643e+02, sign=0.161, train=1.642e+02, val=1.645e+02]
GNN flow training:   3%|▎         | 3/100 [00:24<09:45,  6.03s/epoch, best=1.643e+02, sign=0.161, train=1.645e+02, val=1.642e+02]
GNN flow training:   4%|▍         | 4/100 [00:24<09:37,  6.01s/epoch, best=1.643e+02, sign=0.161, train=1.645e+02, val=1.642e+02]
GNN flow training:   4%|▍         | 4/100 [00:30<09:37,  6.01s/epoch, best=1.642e+02, sign=0.161, train=1.642e+02, val=1.643e+02]
GNN flow training:   5%|▌         | 5/100 [00:30<09:28,  5.98s/epoch, best=1.642e+02, sign=0.161, train=1.642e+02, val=1.643e+02]
GNN flow training:   5%|▌         | 5/100 [00:35<09:28,  5.98s/epoch, best=1.642e+02, sign=0.161, train=1.643e+02, val=1.639e+02]
GNN flow training:   6%|▌         | 6/100 [00:35<09:20,  5.96s/epoch, best=1.642e+02, sign=0.161, train=1.643e+02, val=1.639e+02]
GNN flow training:   6%|▌         | 6/100 [00:41<09:20,  5.96s/epoch, best=1.639e+02, sign=0.160, train=1.639e+02, val=1.638e+02]
GNN flow training:   7%|▋         | 7/100 [00:41<09:14,  5.96s/epoch, best=1.639e+02, sign=0.160, train=1.639e+02, val=1.638e+02]
GNN flow training:   7%|▋         | 7/100 [00:47<09:14,  5.96s/epoch, best=1.638e+02, sign=0.159, train=1.638e+02, val=1.634e+02]
GNN flow training:   8%|▊         | 8/100 [00:47<09:09,  5.97s/epoch, best=1.638e+02, sign=0.159, train=1.638e+02, val=1.634e+02]
GNN flow training:   8%|▊         | 8/100 [00:53<09:09,  5.97s/epoch, best=1.634e+02, sign=0.160, train=1.634e+02, val=1.632e+02]
GNN flow training:   9%|▉         | 9/100 [00:53<09:02,  5.96s/epoch, best=1.634e+02, sign=0.160, train=1.634e+02, val=1.632e+02]
GNN flow training:   9%|▉         | 9/100 [00:59<09:02,  5.96s/epoch, best=1.632e+02, sign=0.160, train=1.632e+02, val=1.629e+02]
GNN flow training:  10%|█         | 10/100 [00:59<08:55,  5.95s/epoch, best=1.632e+02, sign=0.160, train=1.632e+02, val=1.629e+02]
GNN flow training:  10%|█         | 10/100 [01:05<08:55,  5.95s/epoch, best=1.629e+02, sign=0.160, train=1.628e+02, val=1.628e+02]
GNN flow training:  11%|█         | 11/100 [01:05<08:48,  5.94s/epoch, best=1.629e+02, sign=0.160, train=1.628e+02, val=1.628e+02]
GNN flow training:  11%|█         | 11/100 [01:11<08:48,  5.94s/epoch, best=1.628e+02, sign=0.160, train=1.628e+02, val=1.623e+02]
GNN flow training:  12%|█▏        | 12/100 [01:11<08:44,  5.96s/epoch, best=1.628e+02, sign=0.160, train=1.628e+02, val=1.623e+02]
GNN flow training:  12%|█▏        | 12/100 [01:17<08:44,  5.96s/epoch, best=1.623e+02, sign=0.160, train=1.623e+02, val=1.620e+02]
GNN flow training:  13%|█▎        | 13/100 [01:17<08:36,  5.93s/epoch, best=1.623e+02, sign=0.160, train=1.623e+02, val=1.620e+02]
GNN flow training:  13%|█▎        | 13/100 [01:23<08:36,  5.93s/epoch, best=1.620e+02, sign=0.159, train=1.620e+02, val=1.614e+02]
GNN flow training:  14%|█▍        | 14/100 [01:23<08:28,  5.92s/epoch, best=1.620e+02, sign=0.159, train=1.620e+02, val=1.614e+02]
GNN flow training:  14%|█▍        | 14/100 [01:29<08:28,  5.92s/epoch, best=1.614e+02, sign=0.158, train=1.614e+02, val=1.617e+02]
GNN flow training:  15%|█▌        | 15/100 [01:29<08:22,  5.91s/epoch, best=1.614e+02, sign=0.158, train=1.614e+02, val=1.617e+02]
GNN flow training:  15%|█▌        | 15/100 [01:35<08:22,  5.91s/epoch, best=1.614e+02, sign=0.157, train=1.617e+02, val=1.614e+02]
GNN flow training:  16%|█▌        | 16/100 [01:35<08:17,  5.92s/epoch, best=1.614e+02, sign=0.157, train=1.617e+02, val=1.614e+02]
GNN flow training:  16%|█▌        | 16/100 [01:41<08:17,  5.92s/epoch, best=1.614e+02, sign=0.156, train=1.614e+02, val=1.614e+02]
GNN flow training:  17%|█▋        | 17/100 [01:41<08:10,  5.91s/epoch, best=1.614e+02, sign=0.156, train=1.614e+02, val=1.614e+02]
GNN flow training:  17%|█▋        | 17/100 [01:47<08:10,  5.91s/epoch, best=1.614e+02, sign=0.155, train=1.614e+02, val=1.610e+02]
GNN flow training:  18%|█▊        | 18/100 [01:47<08:05,  5.92s/epoch, best=1.614e+02, sign=0.155, train=1.614e+02, val=1.610e+02]
GNN flow training:  18%|█▊        | 18/100 [01:53<08:05,  5.92s/epoch, best=1.610e+02, sign=0.156, train=1.610e+02, val=1.605e+02]
GNN flow training:  19%|█▉        | 19/100 [01:53<07:58,  5.91s/epoch, best=1.610e+02, sign=0.156, train=1.610e+02, val=1.605e+02]
GNN flow training:  19%|█▉        | 19/100 [01:58<07:58,  5.91s/epoch, best=1.605e+02, sign=0.156, train=1.605e+02, val=1.598e+02]
GNN flow training:  20%|██        | 20/100 [01:58<07:53,  5.92s/epoch, best=1.605e+02, sign=0.156, train=1.605e+02, val=1.598e+02]
GNN flow training:  20%|██        | 20/100 [02:04<07:53,  5.92s/epoch, best=1.598e+02, sign=0.155, train=1.597e+02, val=1.594e+02]
GNN flow training:  21%|██        | 21/100 [02:04<07:49,  5.94s/epoch, best=1.598e+02, sign=0.155, train=1.597e+02, val=1.594e+02]
GNN flow training:  21%|██        | 21/100 [02:10<07:49,  5.94s/epoch, best=1.594e+02, sign=0.154, train=1.593e+02, val=1.590e+02]
GNN flow training:  22%|██▏       | 22/100 [02:10<07:41,  5.92s/epoch, best=1.594e+02, sign=0.154, train=1.593e+02, val=1.590e+02]
GNN flow training:  22%|██▏       | 22/100 [02:16<07:41,  5.92s/epoch, best=1.590e+02, sign=0.155, train=1.589e+02, val=1.576e+02]
GNN flow training:  23%|██▎       | 23/100 [02:16<07:35,  5.92s/epoch, best=1.590e+02, sign=0.155, train=1.589e+02, val=1.576e+02]
GNN flow training:  23%|██▎       | 23/100 [02:22<07:35,  5.92s/epoch, best=1.576e+02, sign=0.154, train=1.575e+02, val=1.560e+02]
GNN flow training:  24%|██▍       | 24/100 [02:22<07:30,  5.93s/epoch, best=1.576e+02, sign=0.154, train=1.575e+02, val=1.560e+02]
GNN flow training:  24%|██▍       | 24/100 [02:28<07:30,  5.93s/epoch, best=1.560e+02, sign=0.154, train=1.560e+02, val=1.544e+02]
GNN flow training:  25%|██▌       | 25/100 [02:28<07:25,  5.94s/epoch, best=1.560e+02, sign=0.154, train=1.560e+02, val=1.544e+02]
GNN flow training:  25%|██▌       | 25/100 [02:34<07:25,  5.94s/epoch, best=1.544e+02, sign=0.154, train=1.543e+02, val=1.530e+02]
GNN flow training:  26%|██▌       | 26/100 [02:34<07:19,  5.94s/epoch, best=1.544e+02, sign=0.154, train=1.543e+02, val=1.530e+02]
GNN flow training:  26%|██▌       | 26/100 [02:40<07:19,  5.94s/epoch, best=1.530e+02, sign=0.154, train=1.530e+02, val=1.515e+02]
GNN flow training:  27%|██▋       | 27/100 [02:40<07:12,  5.92s/epoch, best=1.530e+02, sign=0.154, train=1.530e+02, val=1.515e+02]
GNN flow training:  27%|██▋       | 27/100 [02:46<07:12,  5.92s/epoch, best=1.515e+02, sign=0.153, train=1.514e+02, val=1.500e+02]
GNN flow training:  28%|██▊       | 28/100 [02:46<07:04,  5.90s/epoch, best=1.515e+02, sign=0.153, train=1.514e+02, val=1.500e+02]
GNN flow training:  28%|██▊       | 28/100 [02:52<07:04,  5.90s/epoch, best=1.500e+02, sign=0.154, train=1.499e+02, val=1.477e+02]
GNN flow training:  29%|██▉       | 29/100 [02:52<06:59,  5.91s/epoch, best=1.500e+02, sign=0.154, train=1.499e+02, val=1.477e+02]
GNN flow training:  29%|██▉       | 29/100 [02:58<06:59,  5.91s/epoch, best=1.477e+02, sign=0.154, train=1.477e+02, val=1.461e+02]
GNN flow training:  30%|███       | 30/100 [02:58<06:53,  5.91s/epoch, best=1.477e+02, sign=0.154, train=1.477e+02, val=1.461e+02]
GNN flow training:  30%|███       | 30/100 [03:04<06:53,  5.91s/epoch, best=1.461e+02, sign=0.154, train=1.460e+02, val=1.440e+02]
GNN flow training:  31%|███       | 31/100 [03:04<06:48,  5.92s/epoch, best=1.461e+02, sign=0.154, train=1.460e+02, val=1.440e+02]
GNN flow training:  31%|███       | 31/100 [03:09<06:48,  5.92s/epoch, best=1.440e+02, sign=0.154, train=1.440e+02, val=1.424e+02]
GNN flow training:  32%|███▏      | 32/100 [03:09<06:42,  5.92s/epoch, best=1.440e+02, sign=0.154, train=1.440e+02, val=1.424e+02]
GNN flow training:  32%|███▏      | 32/100 [03:15<06:42,  5.92s/epoch, best=1.424e+02, sign=0.153, train=1.423e+02, val=1.406e+02]
GNN flow training:  33%|███▎      | 33/100 [03:15<06:35,  5.91s/epoch, best=1.424e+02, sign=0.153, train=1.423e+02, val=1.406e+02]
GNN flow training:  33%|███▎      | 33/100 [03:21<06:35,  5.91s/epoch, best=1.406e+02, sign=0.153, train=1.406e+02, val=1.382e+02]
GNN flow training:  34%|███▍      | 34/100 [03:21<06:30,  5.92s/epoch, best=1.406e+02, sign=0.153, train=1.406e+02, val=1.382e+02]
GNN flow training:  34%|███▍      | 34/100 [03:27<06:30,  5.92s/epoch, best=1.382e+02, sign=0.153, train=1.381e+02, val=1.362e+02]
GNN flow training:  35%|███▌      | 35/100 [03:27<06:26,  5.94s/epoch, best=1.382e+02, sign=0.153, train=1.381e+02, val=1.362e+02]
GNN flow training:  35%|███▌      | 35/100 [03:33<06:26,  5.94s/epoch, best=1.362e+02, sign=0.152, train=1.361e+02, val=1.341e+02]
GNN flow training:  36%|███▌      | 36/100 [03:33<06:19,  5.93s/epoch, best=1.362e+02, sign=0.152, train=1.361e+02, val=1.341e+02]
GNN flow training:  36%|███▌      | 36/100 [03:39<06:19,  5.93s/epoch, best=1.341e+02, sign=0.151, train=1.340e+02, val=1.312e+02]
GNN flow training:  37%|███▋      | 37/100 [03:39<06:13,  5.92s/epoch, best=1.341e+02, sign=0.151, train=1.340e+02, val=1.312e+02]
GNN flow training:  37%|███▋      | 37/100 [03:45<06:13,  5.92s/epoch, best=1.312e+02, sign=0.151, train=1.311e+02, val=1.303e+02]
GNN flow training:  38%|███▊      | 38/100 [03:45<06:06,  5.91s/epoch, best=1.312e+02, sign=0.151, train=1.311e+02, val=1.303e+02]
GNN flow training:  38%|███▊      | 38/100 [03:51<06:06,  5.91s/epoch, best=1.303e+02, sign=0.150, train=1.302e+02, val=1.272e+02]
GNN flow training:  39%|███▉      | 39/100 [03:51<06:01,  5.92s/epoch, best=1.303e+02, sign=0.150, train=1.302e+02, val=1.272e+02]
GNN flow training:  39%|███▉      | 39/100 [03:57<06:01,  5.92s/epoch, best=1.272e+02, sign=0.151, train=1.271e+02, val=1.217e+02]
GNN flow training:  40%|████      | 40/100 [03:57<05:54,  5.91s/epoch, best=1.272e+02, sign=0.151, train=1.271e+02, val=1.217e+02]
GNN flow training:  40%|████      | 40/100 [04:03<05:54,  5.91s/epoch, best=1.217e+02, sign=0.153, train=1.216e+02, val=1.173e+02]
GNN flow training:  41%|████      | 41/100 [04:03<05:48,  5.90s/epoch, best=1.217e+02, sign=0.153, train=1.216e+02, val=1.173e+02]
GNN flow training:  41%|████      | 41/100 [04:09<05:48,  5.90s/epoch, best=1.173e+02, sign=0.155, train=1.172e+02, val=1.136e+02]
GNN flow training:  42%|████▏     | 42/100 [04:09<05:42,  5.90s/epoch, best=1.173e+02, sign=0.155, train=1.172e+02, val=1.136e+02]
GNN flow training:  42%|████▏     | 42/100 [04:15<05:42,  5.90s/epoch, best=1.136e+02, sign=0.157, train=1.135e+02, val=1.109e+02]
GNN flow training:  43%|████▎     | 43/100 [04:15<05:36,  5.91s/epoch, best=1.136e+02, sign=0.157, train=1.135e+02, val=1.109e+02]
GNN flow training:  43%|████▎     | 43/100 [04:20<05:36,  5.91s/epoch, best=1.109e+02, sign=0.159, train=1.108e+02, val=1.082e+02]
GNN flow training:  44%|████▍     | 44/100 [04:20<05:31,  5.91s/epoch, best=1.109e+02, sign=0.159, train=1.108e+02, val=1.082e+02]
GNN flow training:  44%|████▍     | 44/100 [04:26<05:31,  5.91s/epoch, best=1.082e+02, sign=0.159, train=1.081e+02, val=1.063e+02]
GNN flow training:  45%|████▌     | 45/100 [04:26<05:24,  5.91s/epoch, best=1.082e+02, sign=0.159, train=1.081e+02, val=1.063e+02]
GNN flow training:  45%|████▌     | 45/100 [04:32<05:24,  5.91s/epoch, best=1.063e+02, sign=0.158, train=1.062e+02, val=1.071e+02]
GNN flow training:  46%|████▌     | 46/100 [04:32<05:18,  5.90s/epoch, best=1.063e+02, sign=0.158, train=1.062e+02, val=1.071e+02]
GNN flow training:  46%|████▌     | 46/100 [04:38<05:18,  5.90s/epoch, best=1.063e+02, sign=0.159, train=1.069e+02, val=1.058e+02]
GNN flow training:  47%|████▋     | 47/100 [04:38<05:12,  5.90s/epoch, best=1.063e+02, sign=0.159, train=1.069e+02, val=1.058e+02]
GNN flow training:  47%|████▋     | 47/100 [04:44<05:12,  5.90s/epoch, best=1.058e+02, sign=0.159, train=1.056e+02, val=1.039e+02]
GNN flow training:  48%|████▊     | 48/100 [04:44<05:06,  5.89s/epoch, best=1.058e+02, sign=0.159, train=1.056e+02, val=1.039e+02]
GNN flow training:  48%|████▊     | 48/100 [04:50<05:06,  5.89s/epoch, best=1.039e+02, sign=0.160, train=1.038e+02, val=1.031e+02]
GNN flow training:  49%|████▉     | 49/100 [04:50<05:01,  5.91s/epoch, best=1.039e+02, sign=0.160, train=1.038e+02, val=1.031e+02]
GNN flow training:  49%|████▉     | 49/100 [04:56<05:01,  5.91s/epoch, best=1.031e+02, sign=0.162, train=1.029e+02, val=1.024e+02]
GNN flow training:  50%|█████     | 50/100 [04:56<04:55,  5.91s/epoch, best=1.031e+02, sign=0.162, train=1.029e+02, val=1.024e+02]
GNN flow training:  50%|█████     | 50/100 [05:02<04:55,  5.91s/epoch, best=1.024e+02, sign=0.159, train=1.023e+02, val=1.043e+02]
GNN flow training:  51%|█████     | 51/100 [05:02<04:49,  5.90s/epoch, best=1.024e+02, sign=0.159, train=1.023e+02, val=1.043e+02]
GNN flow training:  51%|█████     | 51/100 [05:08<04:49,  5.90s/epoch, best=1.024e+02, sign=0.159, train=1.041e+02, val=1.043e+02]
GNN flow training:  52%|█████▏    | 52/100 [05:08<04:43,  5.90s/epoch, best=1.024e+02, sign=0.159, train=1.041e+02, val=1.043e+02]
GNN flow training:  52%|█████▏    | 52/100 [05:14<04:43,  5.90s/epoch, best=1.024e+02, sign=0.162, train=1.042e+02, val=1.040e+02]
GNN flow training:  53%|█████▎    | 53/100 [05:14<04:36,  5.89s/epoch, best=1.024e+02, sign=0.162, train=1.042e+02, val=1.040e+02]
GNN flow training:  53%|█████▎    | 53/100 [05:19<04:36,  5.89s/epoch, best=1.024e+02, sign=0.163, train=1.039e+02, val=1.016e+02]
GNN flow training:  54%|█████▍    | 54/100 [05:19<04:31,  5.90s/epoch, best=1.024e+02, sign=0.163, train=1.039e+02, val=1.016e+02]
GNN flow training:  54%|█████▍    | 54/100 [05:25<04:31,  5.90s/epoch, best=1.016e+02, sign=0.164, train=1.014e+02, val=1.000e+02]
GNN flow training:  55%|█████▌    | 55/100 [05:25<04:25,  5.90s/epoch, best=1.016e+02, sign=0.164, train=1.014e+02, val=1.000e+02]
GNN flow training:  55%|█████▌    | 55/100 [05:31<04:25,  5.90s/epoch, best=1.000e+02, sign=0.164, train=9.984e+01, val=9.878e+01]
GNN flow training:  56%|█████▌    | 56/100 [05:31<04:19,  5.91s/epoch, best=1.000e+02, sign=0.164, train=9.984e+01, val=9.878e+01]
GNN flow training:  56%|█████▌    | 56/100 [05:37<04:19,  5.91s/epoch, best=9.878e+01, sign=0.165, train=9.861e+01, val=9.605e+01]
GNN flow training:  57%|█████▋    | 57/100 [05:37<04:14,  5.91s/epoch, best=9.878e+01, sign=0.165, train=9.861e+01, val=9.605e+01]
GNN flow training:  57%|█████▋    | 57/100 [05:43<04:14,  5.91s/epoch, best=9.605e+01, sign=0.167, train=9.587e+01, val=9.347e+01]
GNN flow training:  58%|█████▊    | 58/100 [05:43<04:08,  5.93s/epoch, best=9.605e+01, sign=0.167, train=9.587e+01, val=9.347e+01]
GNN flow training:  58%|█████▊    | 58/100 [05:49<04:08,  5.93s/epoch, best=9.347e+01, sign=0.166, train=9.329e+01, val=9.348e+01]
GNN flow training:  59%|█████▉    | 59/100 [05:49<04:03,  5.94s/epoch, best=9.347e+01, sign=0.166, train=9.329e+01, val=9.348e+01]
GNN flow training:  59%|█████▉    | 59/100 [05:55<04:03,  5.94s/epoch, best=9.347e+01, sign=0.166, train=9.330e+01, val=9.330e+01]
GNN flow training:  60%|██████    | 60/100 [05:55<03:57,  5.95s/epoch, best=9.347e+01, sign=0.166, train=9.330e+01, val=9.330e+01]
GNN flow training:  60%|██████    | 60/100 [06:01<03:57,  5.95s/epoch, best=9.330e+01, sign=0.166, train=9.312e+01, val=9.242e+01]
GNN flow training:  61%|██████    | 61/100 [06:01<03:51,  5.93s/epoch, best=9.330e+01, sign=0.166, train=9.312e+01, val=9.242e+01]
GNN flow training:  61%|██████    | 61/100 [06:07<03:51,  5.93s/epoch, best=9.242e+01, sign=0.167, train=9.224e+01, val=9.010e+01]
GNN flow training:  62%|██████▏   | 62/100 [06:07<03:45,  5.94s/epoch, best=9.242e+01, sign=0.167, train=9.224e+01, val=9.010e+01]
GNN flow training:  62%|██████▏   | 62/100 [06:13<03:45,  5.94s/epoch, best=9.010e+01, sign=0.168, train=8.991e+01, val=8.803e+01]
GNN flow training:  63%|██████▎   | 63/100 [06:13<03:39,  5.93s/epoch, best=9.010e+01, sign=0.168, train=8.991e+01, val=8.803e+01]
GNN flow training:  63%|██████▎   | 63/100 [06:19<03:39,  5.93s/epoch, best=8.803e+01, sign=0.168, train=8.784e+01, val=8.736e+01]
GNN flow training:  64%|██████▍   | 64/100 [06:19<03:32,  5.91s/epoch, best=8.803e+01, sign=0.168, train=8.784e+01, val=8.736e+01]
GNN flow training:  64%|██████▍   | 64/100 [06:25<03:32,  5.91s/epoch, best=8.736e+01, sign=0.168, train=8.716e+01, val=8.805e+01]
GNN flow training:  65%|██████▌   | 65/100 [06:25<03:28,  5.96s/epoch, best=8.736e+01, sign=0.168, train=8.716e+01, val=8.805e+01]
GNN flow training:  65%|██████▌   | 65/100 [06:31<03:28,  5.96s/epoch, best=8.736e+01, sign=0.168, train=8.785e+01, val=8.862e+01]
GNN flow training:  66%|██████▌   | 66/100 [06:31<03:22,  5.94s/epoch, best=8.736e+01, sign=0.168, train=8.785e+01, val=8.862e+01]
GNN flow training:  66%|██████▌   | 66/100 [06:37<03:22,  5.94s/epoch, best=8.736e+01, sign=0.166, train=8.842e+01, val=8.996e+01]
GNN flow training:  67%|██████▋   | 67/100 [06:37<03:15,  5.94s/epoch, best=8.736e+01, sign=0.166, train=8.842e+01, val=8.996e+01]
GNN flow training:  67%|██████▋   | 67/100 [06:43<03:15,  5.94s/epoch, best=8.736e+01, sign=0.167, train=8.977e+01, val=8.880e+01]
GNN flow training:  68%|██████▊   | 68/100 [06:43<03:09,  5.93s/epoch, best=8.736e+01, sign=0.167, train=8.977e+01, val=8.880e+01]
GNN flow training:  68%|██████▊   | 68/100 [06:48<03:09,  5.93s/epoch, best=8.736e+01, sign=0.167, train=8.860e+01, val=8.838e+01]
GNN flow training:  69%|██████▉   | 69/100 [06:48<03:03,  5.93s/epoch, best=8.736e+01, sign=0.167, train=8.860e+01, val=8.838e+01]
GNN flow training:  69%|██████▉   | 69/100 [06:54<03:03,  5.93s/epoch, best=8.736e+01, sign=0.168, train=8.818e+01, val=8.757e+01]
GNN flow training:  70%|███████   | 70/100 [06:54<02:57,  5.93s/epoch, best=8.736e+01, sign=0.168, train=8.818e+01, val=8.757e+01]
GNN flow training:  70%|███████   | 70/100 [07:00<02:57,  5.93s/epoch, best=8.736e+01, sign=0.170, train=8.736e+01, val=8.506e+01]
GNN flow training:  71%|███████   | 71/100 [07:00<02:51,  5.92s/epoch, best=8.736e+01, sign=0.170, train=8.736e+01, val=8.506e+01]
GNN flow training:  71%|███████   | 71/100 [07:06<02:51,  5.92s/epoch, best=8.506e+01, sign=0.170, train=8.484e+01, val=8.477e+01]
GNN flow training:  72%|███████▏  | 72/100 [07:06<02:45,  5.91s/epoch, best=8.506e+01, sign=0.170, train=8.484e+01, val=8.477e+01]
GNN flow training:  72%|███████▏  | 72/100 [07:12<02:45,  5.91s/epoch, best=8.477e+01, sign=0.169, train=8.455e+01, val=8.740e+01]
GNN flow training:  73%|███████▎  | 73/100 [07:12<02:39,  5.91s/epoch, best=8.477e+01, sign=0.169, train=8.455e+01, val=8.740e+01]
GNN flow training:  73%|███████▎  | 73/100 [07:18<02:39,  5.91s/epoch, best=8.477e+01, sign=0.169, train=8.719e+01, val=8.959e+01]
GNN flow training:  74%|███████▍  | 74/100 [07:18<02:33,  5.91s/epoch, best=8.477e+01, sign=0.169, train=8.719e+01, val=8.959e+01]
GNN flow training:  74%|███████▍  | 74/100 [07:24<02:33,  5.91s/epoch, best=8.477e+01, sign=0.169, train=8.937e+01, val=9.118e+01]
GNN flow training:  75%|███████▌  | 75/100 [07:24<02:28,  5.92s/epoch, best=8.477e+01, sign=0.169, train=8.937e+01, val=9.118e+01]
GNN flow training:  75%|███████▌  | 75/100 [07:30<02:28,  5.92s/epoch, best=8.477e+01, sign=0.170, train=9.096e+01, val=8.982e+01]
GNN flow training:  76%|███████▌  | 76/100 [07:30<02:22,  5.92s/epoch, best=8.477e+01, sign=0.170, train=9.096e+01, val=8.982e+01]
GNN flow training:  76%|███████▌  | 76/100 [07:36<02:22,  5.92s/epoch, best=8.477e+01, sign=0.170, train=8.961e+01, val=8.660e+01]
GNN flow training:  77%|███████▋  | 77/100 [07:36<02:15,  5.91s/epoch, best=8.477e+01, sign=0.170, train=8.961e+01, val=8.660e+01]
GNN flow training:  77%|███████▋  | 77/100 [07:42<02:15,  5.91s/epoch, best=8.477e+01, sign=0.172, train=8.638e+01, val=8.164e+01]
GNN flow training:  78%|███████▊  | 78/100 [07:42<02:10,  5.92s/epoch, best=8.477e+01, sign=0.172, train=8.638e+01, val=8.164e+01]
GNN flow training:  78%|███████▊  | 78/100 [07:48<02:10,  5.92s/epoch, best=8.164e+01, sign=0.171, train=8.141e+01, val=7.949e+01]
GNN flow training:  79%|███████▉  | 79/100 [07:48<02:04,  5.92s/epoch, best=8.164e+01, sign=0.171, train=8.141e+01, val=7.949e+01]
GNN flow training:  79%|███████▉  | 79/100 [07:54<02:04,  5.92s/epoch, best=7.949e+01, sign=0.172, train=7.925e+01, val=8.155e+01]
GNN flow training:  80%|████████  | 80/100 [07:54<01:58,  5.91s/epoch, best=7.949e+01, sign=0.172, train=7.925e+01, val=8.155e+01]
GNN flow training:  80%|████████  | 80/100 [07:59<01:58,  5.91s/epoch, best=7.949e+01, sign=0.171, train=8.132e+01, val=8.202e+01]
GNN flow training:  81%|████████  | 81/100 [07:59<01:52,  5.91s/epoch, best=7.949e+01, sign=0.171, train=8.132e+01, val=8.202e+01]
GNN flow training:  81%|████████  | 81/100 [08:05<01:52,  5.91s/epoch, best=7.949e+01, sign=0.171, train=8.178e+01, val=8.158e+01]
GNN flow training:  82%|████████▏ | 82/100 [08:05<01:46,  5.93s/epoch, best=7.949e+01, sign=0.171, train=8.178e+01, val=8.158e+01]
GNN flow training:  82%|████████▏ | 82/100 [08:11<01:46,  5.93s/epoch, best=7.949e+01, sign=0.171, train=8.134e+01, val=8.210e+01]
GNN flow training:  83%|████████▎ | 83/100 [08:11<01:40,  5.92s/epoch, best=7.949e+01, sign=0.171, train=8.134e+01, val=8.210e+01]
GNN flow training:  83%|████████▎ | 83/100 [08:17<01:40,  5.92s/epoch, best=7.949e+01, sign=0.170, train=8.185e+01, val=8.298e+01]
GNN flow training:  84%|████████▍ | 84/100 [08:17<01:34,  5.93s/epoch, best=7.949e+01, sign=0.170, train=8.185e+01, val=8.298e+01]
GNN flow training:  84%|████████▍ | 84/100 [08:23<01:34,  5.93s/epoch, best=7.949e+01, sign=0.172, train=8.273e+01, val=8.301e+01]
GNN flow training:  85%|████████▌ | 85/100 [08:23<01:28,  5.93s/epoch, best=7.949e+01, sign=0.172, train=8.273e+01, val=8.301e+01]
GNN flow training:  85%|████████▌ | 85/100 [08:29<01:28,  5.93s/epoch, best=7.949e+01, sign=0.171, train=8.277e+01, val=8.320e+01]
GNN flow training:  86%|████████▌ | 86/100 [08:29<01:22,  5.90s/epoch, best=7.949e+01, sign=0.171, train=8.277e+01, val=8.320e+01]
GNN flow training:  86%|████████▌ | 86/100 [08:35<01:22,  5.90s/epoch, best=7.949e+01, sign=0.171, train=8.296e+01, val=8.448e+01]
GNN flow training:  87%|████████▋ | 87/100 [08:35<01:16,  5.90s/epoch, best=7.949e+01, sign=0.171, train=8.296e+01, val=8.448e+01]
GNN flow training:  87%|████████▋ | 87/100 [08:41<01:16,  5.90s/epoch, best=7.949e+01, sign=0.171, train=8.424e+01, val=8.350e+01]
GNN flow training:  88%|████████▊ | 88/100 [08:41<01:10,  5.89s/epoch, best=7.949e+01, sign=0.171, train=8.424e+01, val=8.350e+01]
GNN flow training:  88%|████████▊ | 88/100 [08:47<01:10,  5.89s/epoch, best=7.949e+01, sign=0.171, train=8.325e+01, val=8.246e+01]
GNN flow training:  89%|████████▉ | 89/100 [08:47<01:04,  5.89s/epoch, best=7.949e+01, sign=0.171, train=8.325e+01, val=8.246e+01]
GNN flow training:  89%|████████▉ | 89/100 [08:53<01:04,  5.89s/epoch, best=7.949e+01, sign=0.172, train=8.221e+01, val=8.159e+01]
GNN flow training:  90%|█████████ | 90/100 [08:53<00:58,  5.89s/epoch, best=7.949e+01, sign=0.172, train=8.221e+01, val=8.159e+01]
GNN flow training:  90%|█████████ | 90/100 [08:58<00:58,  5.89s/epoch, best=7.949e+01, sign=0.172, train=8.134e+01, val=8.039e+01]
GNN flow training:  91%|█████████ | 91/100 [08:58<00:53,  5.89s/epoch, best=7.949e+01, sign=0.172, train=8.134e+01, val=8.039e+01]
GNN flow training:  91%|█████████ | 91/100 [09:04<00:53,  5.89s/epoch, best=7.949e+01, sign=0.173, train=8.014e+01, val=7.887e+01]
GNN flow training:  92%|█████████▏| 92/100 [09:04<00:47,  5.88s/epoch, best=7.949e+01, sign=0.173, train=8.014e+01, val=7.887e+01]
GNN flow training:  92%|█████████▏| 92/100 [09:10<00:47,  5.88s/epoch, best=7.887e+01, sign=0.173, train=7.862e+01, val=7.806e+01]
GNN flow training:  93%|█████████▎| 93/100 [09:10<00:41,  5.89s/epoch, best=7.887e+01, sign=0.173, train=7.862e+01, val=7.806e+01]
GNN flow training:  93%|█████████▎| 93/100 [09:16<00:41,  5.89s/epoch, best=7.806e+01, sign=0.173, train=7.780e+01, val=7.993e+01]
GNN flow training:  94%|█████████▍| 94/100 [09:16<00:35,  5.89s/epoch, best=7.806e+01, sign=0.173, train=7.780e+01, val=7.993e+01]
GNN flow training:  94%|█████████▍| 94/100 [09:22<00:35,  5.89s/epoch, best=7.806e+01, sign=0.171, train=7.968e+01, val=8.316e+01]
GNN flow training:  95%|█████████▌| 95/100 [09:22<00:29,  5.89s/epoch, best=7.806e+01, sign=0.171, train=7.968e+01, val=8.316e+01]
GNN flow training:  95%|█████████▌| 95/100 [09:28<00:29,  5.89s/epoch, best=7.806e+01, sign=0.170, train=8.292e+01, val=8.500e+01]
GNN flow training:  96%|█████████▌| 96/100 [09:28<00:23,  5.91s/epoch, best=7.806e+01, sign=0.170, train=8.292e+01, val=8.500e+01]
GNN flow training:  96%|█████████▌| 96/100 [09:34<00:23,  5.91s/epoch, best=7.806e+01, sign=0.169, train=8.477e+01, val=8.755e+01]
GNN flow training:  97%|█████████▋| 97/100 [09:34<00:17,  5.91s/epoch, best=7.806e+01, sign=0.169, train=8.477e+01, val=8.755e+01]
GNN flow training:  97%|█████████▋| 97/100 [09:40<00:17,  5.91s/epoch, best=7.806e+01, sign=0.167, train=8.733e+01, val=9.031e+01]
GNN flow training:  98%|█████████▊| 98/100 [09:40<00:11,  5.90s/epoch, best=7.806e+01, sign=0.167, train=8.733e+01, val=9.031e+01]
GNN flow training:  98%|█████████▊| 98/100 [09:46<00:11,  5.90s/epoch, best=7.806e+01, sign=0.167, train=9.010e+01, val=9.110e+01]
GNN flow training:  99%|█████████▉| 99/100 [09:46<00:05,  5.90s/epoch, best=7.806e+01, sign=0.167, train=9.010e+01, val=9.110e+01]
GNN flow training:  99%|█████████▉| 99/100 [09:52<00:05,  5.90s/epoch, best=7.806e+01, sign=0.166, train=9.089e+01, val=9.140e+01]
GNN flow training: 100%|██████████| 100/100 [09:52<00:00,  5.91s/epoch, best=7.806e+01, sign=0.166, train=9.089e+01, val=9.140e+01]
GNN flow training: 100%|██████████| 100/100 [09:52<00:00,  5.92s/epoch, best=7.806e+01, sign=0.166, train=9.089e+01, val=9.140e+01]
Resolved config snapshot:
{'preset': 'solver_QKB_outer_QKBdelta', 'gnn_outer_losses': {'flow': 10.0, 'kirchhoff': 100.0, 'boundary': 100.0, 'delta_l2': 10.0, 'delta_smooth': 0.0, 'pressure_shape': 0.0}, 'physics': {'arterial_flow_mode': 'dataset', 'pressure_constraints': ['equal-a-equal-v'], 'alpha_pa': None, 'use_snr_weights': True, 'use_observed_flow_snr_weighting': True, 'flow_scale_mode': 'median_abs', 'solver_device': 'same', 'pressure_solver_mode': 'reduced-soft-constrained-lstsq', 'pressure_solver_lambda_kirchhoff': 1.0, 'pressure_solver_lambda_pressure_constraints': 100.0, 'pressure_solver_lambda_flow_residual': 1.0, 'pressure_shape_reference': 'delta_zero_reference', 'pressure_detach': False}, 'correction_bounds': {'correction_min': -0.5, 'correction_max': 0.5, 'correction_bound': 0.5, 'correction_parameterization': 'tanh'}, 'optimization': {'learning_rate': 0.001, 'weight_decay': 0.0001, 'gradient_clip_norm': 5.0, 'optimizer': 'adamw', 'epochs': 100, 'patience': 40}}
Shard 47/80: 1 of 80 runs
Command: /mnt/home/sswee/miniforge3/envs/yolk-sac/bin/python /mnt/home/sswee/yolk/Yolk-Sac-Flow-Data-and-Sim/gnn_clean/scripts/python/gnn_flow.py /mnt/home/sswee/yolk/Yolk-Sac-Flow-Data-and-Sim/gnn_clean/datasets/mosaic_graph_norm_canonical.gpickle --output-dir /mnt/home/sswee/yolk/Yolk-Sac-Flow-Data-and-Sim/gnn_clean/outputs_canonical_norm/dc/02_physics_weight_sweep/gnn --run-name q_10__k_100__delta_10 --preset solver_QKB_outer_QKBdelta --device cuda --epochs 100 --seed 0 --viscosity-pa-s 0.0035 --config /mnt/home/sswee/yolk/Yolk-Sac-Flow-Data-and-Sim/gnn_clean/outputs_canonical_norm/dc/02_physics_weight_sweep/_generated_configs/q_10__k_100__delta_10.yaml --no-pressure-detach
