[info] DC Step 2 canonical sweep uses fixed lambda_B=100.0 for both the outer boundary loss and the reduced pressure-solver boundary constraint.

GNN flow training:   0%|          | 0/100 [00:00<?, ?epoch/s]
GNN flow training:   0%|          | 0/100 [00:06<?, ?epoch/s, best=2.665e+01, sign=0.160, train=2.649e+01, val=2.665e+01]
GNN flow training:   1%|          | 1/100 [00:06<10:21,  6.28s/epoch, best=2.665e+01, sign=0.160, train=2.649e+01, val=2.665e+01]
GNN flow training:   1%|          | 1/100 [00:12<10:21,  6.28s/epoch, best=2.665e+01, sign=0.161, train=2.647e+01, val=2.663e+01]
GNN flow training:   2%|▏         | 2/100 [00:12<10:06,  6.19s/epoch, best=2.665e+01, sign=0.161, train=2.647e+01, val=2.663e+01]
GNN flow training:   2%|▏         | 2/100 [00:18<10:06,  6.19s/epoch, best=2.663e+01, sign=0.160, train=2.644e+01, val=2.662e+01]
GNN flow training:   3%|▎         | 3/100 [00:18<10:01,  6.20s/epoch, best=2.663e+01, sign=0.160, train=2.644e+01, val=2.662e+01]
GNN flow training:   3%|▎         | 3/100 [00:24<10:01,  6.20s/epoch, best=2.662e+01, sign=0.160, train=2.643e+01, val=2.658e+01]
GNN flow training:   4%|▍         | 4/100 [00:24<09:55,  6.20s/epoch, best=2.662e+01, sign=0.160, train=2.643e+01, val=2.658e+01]
GNN flow training:   4%|▍         | 4/100 [00:30<09:55,  6.20s/epoch, best=2.658e+01, sign=0.159, train=2.637e+01, val=2.653e+01]
GNN flow training:   5%|▌         | 5/100 [00:30<09:47,  6.19s/epoch, best=2.658e+01, sign=0.159, train=2.637e+01, val=2.653e+01]
GNN flow training:   5%|▌         | 5/100 [00:37<09:47,  6.19s/epoch, best=2.653e+01, sign=0.157, train=2.631e+01, val=2.648e+01]
GNN flow training:   6%|▌         | 6/100 [00:37<09:36,  6.13s/epoch, best=2.653e+01, sign=0.157, train=2.631e+01, val=2.648e+01]
GNN flow training:   6%|▌         | 6/100 [00:43<09:36,  6.13s/epoch, best=2.648e+01, sign=0.155, train=2.625e+01, val=2.646e+01]
GNN flow training:   7%|▋         | 7/100 [00:43<09:28,  6.11s/epoch, best=2.648e+01, sign=0.155, train=2.625e+01, val=2.646e+01]
GNN flow training:   7%|▋         | 7/100 [00:49<09:28,  6.11s/epoch, best=2.646e+01, sign=0.154, train=2.623e+01, val=2.642e+01]
GNN flow training:   8%|▊         | 8/100 [00:49<09:22,  6.11s/epoch, best=2.646e+01, sign=0.154, train=2.623e+01, val=2.642e+01]
GNN flow training:   8%|▊         | 8/100 [00:55<09:22,  6.11s/epoch, best=2.642e+01, sign=0.152, train=2.619e+01, val=2.635e+01]
GNN flow training:   9%|▉         | 9/100 [00:55<09:15,  6.10s/epoch, best=2.642e+01, sign=0.152, train=2.619e+01, val=2.635e+01]
GNN flow training:   9%|▉         | 9/100 [01:01<09:15,  6.10s/epoch, best=2.635e+01, sign=0.150, train=2.612e+01, val=2.631e+01]
GNN flow training:  10%|█         | 10/100 [01:01<09:07,  6.08s/epoch, best=2.635e+01, sign=0.150, train=2.612e+01, val=2.631e+01]
GNN flow training:  10%|█         | 10/100 [01:07<09:07,  6.08s/epoch, best=2.631e+01, sign=0.149, train=2.609e+01, val=2.624e+01]
GNN flow training:  11%|█         | 11/100 [01:07<09:02,  6.09s/epoch, best=2.631e+01, sign=0.149, train=2.609e+01, val=2.624e+01]
GNN flow training:  11%|█         | 11/100 [01:13<09:02,  6.09s/epoch, best=2.624e+01, sign=0.149, train=2.601e+01, val=2.618e+01]
GNN flow training:  12%|█▏        | 12/100 [01:13<08:54,  6.07s/epoch, best=2.624e+01, sign=0.149, train=2.601e+01, val=2.618e+01]
GNN flow training:  12%|█▏        | 12/100 [01:19<08:54,  6.07s/epoch, best=2.618e+01, sign=0.147, train=2.595e+01, val=2.616e+01]
GNN flow training:  13%|█▎        | 13/100 [01:19<08:50,  6.10s/epoch, best=2.618e+01, sign=0.147, train=2.595e+01, val=2.616e+01]
GNN flow training:  13%|█▎        | 13/100 [01:25<08:50,  6.10s/epoch, best=2.616e+01, sign=0.147, train=2.593e+01, val=2.612e+01]
GNN flow training:  14%|█▍        | 14/100 [01:25<08:43,  6.08s/epoch, best=2.616e+01, sign=0.147, train=2.593e+01, val=2.612e+01]
GNN flow training:  14%|█▍        | 14/100 [01:31<08:43,  6.08s/epoch, best=2.612e+01, sign=0.146, train=2.589e+01, val=2.608e+01]
GNN flow training:  15%|█▌        | 15/100 [01:31<08:36,  6.08s/epoch, best=2.612e+01, sign=0.146, train=2.589e+01, val=2.608e+01]
GNN flow training:  15%|█▌        | 15/100 [01:37<08:36,  6.08s/epoch, best=2.608e+01, sign=0.145, train=2.586e+01, val=2.605e+01]
GNN flow training:  16%|█▌        | 16/100 [01:37<08:29,  6.07s/epoch, best=2.608e+01, sign=0.145, train=2.586e+01, val=2.605e+01]
GNN flow training:  16%|█▌        | 16/100 [01:43<08:29,  6.07s/epoch, best=2.605e+01, sign=0.144, train=2.583e+01, val=2.600e+01]
GNN flow training:  17%|█▋        | 17/100 [01:43<08:22,  6.06s/epoch, best=2.605e+01, sign=0.144, train=2.583e+01, val=2.600e+01]
GNN flow training:  17%|█▋        | 17/100 [01:49<08:22,  6.06s/epoch, best=2.600e+01, sign=0.144, train=2.578e+01, val=2.595e+01]
GNN flow training:  18%|█▊        | 18/100 [01:49<08:16,  6.06s/epoch, best=2.600e+01, sign=0.144, train=2.578e+01, val=2.595e+01]
GNN flow training:  18%|█▊        | 18/100 [01:55<08:16,  6.06s/epoch, best=2.595e+01, sign=0.143, train=2.573e+01, val=2.590e+01]
GNN flow training:  19%|█▉        | 19/100 [01:55<08:11,  6.07s/epoch, best=2.595e+01, sign=0.143, train=2.573e+01, val=2.590e+01]
GNN flow training:  19%|█▉        | 19/100 [02:02<08:11,  6.07s/epoch, best=2.590e+01, sign=0.141, train=2.568e+01, val=2.587e+01]
GNN flow training:  20%|██        | 20/100 [02:02<08:06,  6.08s/epoch, best=2.590e+01, sign=0.141, train=2.568e+01, val=2.587e+01]
GNN flow training:  20%|██        | 20/100 [02:08<08:06,  6.08s/epoch, best=2.587e+01, sign=0.141, train=2.564e+01, val=2.583e+01]
GNN flow training:  21%|██        | 21/100 [02:08<08:00,  6.08s/epoch, best=2.587e+01, sign=0.141, train=2.564e+01, val=2.583e+01]
GNN flow training:  21%|██        | 21/100 [02:14<08:00,  6.08s/epoch, best=2.583e+01, sign=0.140, train=2.559e+01, val=2.581e+01]
GNN flow training:  22%|██▏       | 22/100 [02:14<07:54,  6.09s/epoch, best=2.583e+01, sign=0.140, train=2.559e+01, val=2.581e+01]
GNN flow training:  22%|██▏       | 22/100 [02:20<07:54,  6.09s/epoch, best=2.581e+01, sign=0.140, train=2.555e+01, val=2.580e+01]
GNN flow training:  23%|██▎       | 23/100 [02:20<07:49,  6.09s/epoch, best=2.581e+01, sign=0.140, train=2.555e+01, val=2.580e+01]
GNN flow training:  23%|██▎       | 23/100 [02:26<07:49,  6.09s/epoch, best=2.580e+01, sign=0.139, train=2.551e+01, val=2.580e+01]
GNN flow training:  24%|██▍       | 24/100 [02:26<07:42,  6.08s/epoch, best=2.580e+01, sign=0.139, train=2.551e+01, val=2.580e+01]
GNN flow training:  24%|██▍       | 24/100 [02:32<07:42,  6.08s/epoch, best=2.580e+01, sign=0.138, train=2.548e+01, val=2.582e+01]
GNN flow training:  25%|██▌       | 25/100 [02:32<07:36,  6.09s/epoch, best=2.580e+01, sign=0.138, train=2.548e+01, val=2.582e+01]
GNN flow training:  25%|██▌       | 25/100 [02:38<07:36,  6.09s/epoch, best=2.580e+01, sign=0.139, train=2.548e+01, val=2.583e+01]
GNN flow training:  26%|██▌       | 26/100 [02:38<07:28,  6.06s/epoch, best=2.580e+01, sign=0.139, train=2.548e+01, val=2.583e+01]
GNN flow training:  26%|██▌       | 26/100 [02:44<07:28,  6.06s/epoch, best=2.580e+01, sign=0.139, train=2.548e+01, val=2.586e+01]
GNN flow training:  27%|██▋       | 27/100 [02:44<07:22,  6.06s/epoch, best=2.580e+01, sign=0.139, train=2.548e+01, val=2.586e+01]
GNN flow training:  27%|██▋       | 27/100 [02:50<07:22,  6.06s/epoch, best=2.580e+01, sign=0.139, train=2.550e+01, val=2.585e+01]
GNN flow training:  28%|██▊       | 28/100 [02:50<07:18,  6.08s/epoch, best=2.580e+01, sign=0.139, train=2.550e+01, val=2.585e+01]
GNN flow training:  28%|██▊       | 28/100 [02:56<07:18,  6.08s/epoch, best=2.580e+01, sign=0.138, train=2.548e+01, val=2.581e+01]
GNN flow training:  29%|██▉       | 29/100 [02:56<07:11,  6.08s/epoch, best=2.580e+01, sign=0.138, train=2.548e+01, val=2.581e+01]
GNN flow training:  29%|██▉       | 29/100 [03:02<07:11,  6.08s/epoch, best=2.580e+01, sign=0.138, train=2.542e+01, val=2.576e+01]
GNN flow training:  30%|███       | 30/100 [03:02<07:07,  6.11s/epoch, best=2.580e+01, sign=0.138, train=2.542e+01, val=2.576e+01]
GNN flow training:  30%|███       | 30/100 [03:09<07:07,  6.11s/epoch, best=2.576e+01, sign=0.137, train=2.537e+01, val=2.574e+01]
GNN flow training:  31%|███       | 31/100 [03:09<07:01,  6.11s/epoch, best=2.576e+01, sign=0.137, train=2.537e+01, val=2.574e+01]
GNN flow training:  31%|███       | 31/100 [03:15<07:01,  6.11s/epoch, best=2.574e+01, sign=0.137, train=2.535e+01, val=2.571e+01]
GNN flow training:  32%|███▏      | 32/100 [03:15<06:55,  6.10s/epoch, best=2.574e+01, sign=0.137, train=2.535e+01, val=2.571e+01]
GNN flow training:  32%|███▏      | 32/100 [03:21<06:55,  6.10s/epoch, best=2.571e+01, sign=0.138, train=2.530e+01, val=2.571e+01]
GNN flow training:  33%|███▎      | 33/100 [03:21<06:48,  6.10s/epoch, best=2.571e+01, sign=0.138, train=2.530e+01, val=2.571e+01]
GNN flow training:  33%|███▎      | 33/100 [03:27<06:48,  6.10s/epoch, best=2.571e+01, sign=0.138, train=2.530e+01, val=2.572e+01]
GNN flow training:  34%|███▍      | 34/100 [03:27<06:43,  6.11s/epoch, best=2.571e+01, sign=0.138, train=2.530e+01, val=2.572e+01]
GNN flow training:  34%|███▍      | 34/100 [03:33<06:43,  6.11s/epoch, best=2.571e+01, sign=0.138, train=2.529e+01, val=2.572e+01]
GNN flow training:  35%|███▌      | 35/100 [03:33<06:37,  6.12s/epoch, best=2.571e+01, sign=0.138, train=2.529e+01, val=2.572e+01]
GNN flow training:  35%|███▌      | 35/100 [03:39<06:37,  6.12s/epoch, best=2.571e+01, sign=0.137, train=2.526e+01, val=2.573e+01]
GNN flow training:  36%|███▌      | 36/100 [03:39<06:32,  6.13s/epoch, best=2.571e+01, sign=0.137, train=2.526e+01, val=2.573e+01]
GNN flow training:  36%|███▌      | 36/100 [03:45<06:32,  6.13s/epoch, best=2.571e+01, sign=0.138, train=2.524e+01, val=2.575e+01]
GNN flow training:  37%|███▋      | 37/100 [03:45<06:24,  6.11s/epoch, best=2.571e+01, sign=0.138, train=2.524e+01, val=2.575e+01]
GNN flow training:  37%|███▋      | 37/100 [03:51<06:24,  6.11s/epoch, best=2.571e+01, sign=0.138, train=2.524e+01, val=2.577e+01]
GNN flow training:  38%|███▊      | 38/100 [03:51<06:17,  6.09s/epoch, best=2.571e+01, sign=0.138, train=2.524e+01, val=2.577e+01]
GNN flow training:  38%|███▊      | 38/100 [03:57<06:17,  6.09s/epoch, best=2.571e+01, sign=0.137, train=2.526e+01, val=2.578e+01]
GNN flow training:  39%|███▉      | 39/100 [03:57<06:11,  6.09s/epoch, best=2.571e+01, sign=0.137, train=2.526e+01, val=2.578e+01]
GNN flow training:  39%|███▉      | 39/100 [04:03<06:11,  6.09s/epoch, best=2.571e+01, sign=0.136, train=2.524e+01, val=2.579e+01]
GNN flow training:  40%|████      | 40/100 [04:03<06:04,  6.08s/epoch, best=2.571e+01, sign=0.136, train=2.524e+01, val=2.579e+01]
GNN flow training:  40%|████      | 40/100 [04:09<06:04,  6.08s/epoch, best=2.571e+01, sign=0.135, train=2.521e+01, val=2.578e+01]
GNN flow training:  41%|████      | 41/100 [04:10<05:58,  6.08s/epoch, best=2.571e+01, sign=0.135, train=2.521e+01, val=2.578e+01]
GNN flow training:  41%|████      | 41/100 [04:16<05:58,  6.08s/epoch, best=2.571e+01, sign=0.135, train=2.518e+01, val=2.578e+01]
GNN flow training:  42%|████▏     | 42/100 [04:16<05:52,  6.08s/epoch, best=2.571e+01, sign=0.135, train=2.518e+01, val=2.578e+01]
GNN flow training:  42%|████▏     | 42/100 [04:22<05:52,  6.08s/epoch, best=2.571e+01, sign=0.135, train=2.517e+01, val=2.578e+01]
GNN flow training:  43%|████▎     | 43/100 [04:22<05:46,  6.08s/epoch, best=2.571e+01, sign=0.135, train=2.517e+01, val=2.578e+01]
GNN flow training:  43%|████▎     | 43/100 [04:28<05:46,  6.08s/epoch, best=2.571e+01, sign=0.136, train=2.515e+01, val=2.576e+01]
GNN flow training:  44%|████▍     | 44/100 [04:28<05:41,  6.09s/epoch, best=2.571e+01, sign=0.136, train=2.515e+01, val=2.576e+01]
GNN flow training:  44%|████▍     | 44/100 [04:34<05:41,  6.09s/epoch, best=2.571e+01, sign=0.137, train=2.513e+01, val=2.575e+01]
GNN flow training:  45%|████▌     | 45/100 [04:34<05:34,  6.08s/epoch, best=2.571e+01, sign=0.137, train=2.513e+01, val=2.575e+01]
GNN flow training:  45%|████▌     | 45/100 [04:40<05:34,  6.08s/epoch, best=2.571e+01, sign=0.137, train=2.510e+01, val=2.574e+01]
GNN flow training:  46%|████▌     | 46/100 [04:40<05:28,  6.08s/epoch, best=2.571e+01, sign=0.137, train=2.510e+01, val=2.574e+01]
GNN flow training:  46%|████▌     | 46/100 [04:46<05:28,  6.08s/epoch, best=2.571e+01, sign=0.137, train=2.506e+01, val=2.577e+01]
GNN flow training:  47%|████▋     | 47/100 [04:46<05:22,  6.08s/epoch, best=2.571e+01, sign=0.137, train=2.506e+01, val=2.577e+01]
GNN flow training:  47%|████▋     | 47/100 [04:52<05:22,  6.08s/epoch, best=2.571e+01, sign=0.136, train=2.506e+01, val=2.580e+01]
GNN flow training:  48%|████▊     | 48/100 [04:52<05:16,  6.08s/epoch, best=2.571e+01, sign=0.136, train=2.506e+01, val=2.580e+01]
GNN flow training:  48%|████▊     | 48/100 [04:58<05:16,  6.08s/epoch, best=2.571e+01, sign=0.136, train=2.503e+01, val=2.584e+01]
GNN flow training:  49%|████▉     | 49/100 [04:58<05:11,  6.11s/epoch, best=2.571e+01, sign=0.136, train=2.503e+01, val=2.584e+01]
GNN flow training:  49%|████▉     | 49/100 [05:04<05:11,  6.11s/epoch, best=2.571e+01, sign=0.136, train=2.500e+01, val=2.586e+01]
GNN flow training:  50%|█████     | 50/100 [05:04<05:05,  6.12s/epoch, best=2.571e+01, sign=0.136, train=2.500e+01, val=2.586e+01]
GNN flow training:  50%|█████     | 50/100 [05:11<05:05,  6.12s/epoch, best=2.571e+01, sign=0.136, train=2.497e+01, val=2.589e+01]
GNN flow training:  51%|█████     | 51/100 [05:11<04:59,  6.12s/epoch, best=2.571e+01, sign=0.136, train=2.497e+01, val=2.589e+01]
GNN flow training:  51%|█████     | 51/100 [05:17<04:59,  6.12s/epoch, best=2.571e+01, sign=0.136, train=2.494e+01, val=2.590e+01]
GNN flow training:  52%|█████▏    | 52/100 [05:17<04:53,  6.11s/epoch, best=2.571e+01, sign=0.136, train=2.494e+01, val=2.590e+01]
GNN flow training:  52%|█████▏    | 52/100 [05:23<04:53,  6.11s/epoch, best=2.571e+01, sign=0.135, train=2.492e+01, val=2.584e+01]
GNN flow training:  53%|█████▎    | 53/100 [05:23<04:47,  6.12s/epoch, best=2.571e+01, sign=0.135, train=2.492e+01, val=2.584e+01]
GNN flow training:  53%|█████▎    | 53/100 [05:29<04:47,  6.12s/epoch, best=2.571e+01, sign=0.136, train=2.487e+01, val=2.578e+01]
GNN flow training:  54%|█████▍    | 54/100 [05:29<04:41,  6.12s/epoch, best=2.571e+01, sign=0.136, train=2.487e+01, val=2.578e+01]
GNN flow training:  54%|█████▍    | 54/100 [05:35<04:41,  6.12s/epoch, best=2.571e+01, sign=0.134, train=2.482e+01, val=2.574e+01]
GNN flow training:  55%|█████▌    | 55/100 [05:35<04:34,  6.11s/epoch, best=2.571e+01, sign=0.134, train=2.482e+01, val=2.574e+01]
GNN flow training:  55%|█████▌    | 55/100 [05:41<04:34,  6.11s/epoch, best=2.571e+01, sign=0.134, train=2.482e+01, val=2.573e+01]
GNN flow training:  56%|█████▌    | 56/100 [05:41<04:28,  6.11s/epoch, best=2.571e+01, sign=0.134, train=2.482e+01, val=2.573e+01]
GNN flow training:  56%|█████▌    | 56/100 [05:47<04:28,  6.11s/epoch, best=2.571e+01, sign=0.134, train=2.484e+01, val=2.571e+01]
GNN flow training:  57%|█████▋    | 57/100 [05:47<04:22,  6.11s/epoch, best=2.571e+01, sign=0.134, train=2.484e+01, val=2.571e+01]
GNN flow training:  57%|█████▋    | 57/100 [05:53<04:22,  6.11s/epoch, best=2.571e+01, sign=0.134, train=2.487e+01, val=2.567e+01]
GNN flow training:  58%|█████▊    | 58/100 [05:53<04:16,  6.10s/epoch, best=2.571e+01, sign=0.134, train=2.487e+01, val=2.567e+01]
GNN flow training:  58%|█████▊    | 58/100 [05:59<04:16,  6.10s/epoch, best=2.567e+01, sign=0.134, train=2.487e+01, val=2.571e+01]
GNN flow training:  59%|█████▉    | 59/100 [05:59<04:10,  6.10s/epoch, best=2.567e+01, sign=0.134, train=2.487e+01, val=2.571e+01]
GNN flow training:  59%|█████▉    | 59/100 [06:05<04:10,  6.10s/epoch, best=2.567e+01, sign=0.134, train=2.494e+01, val=2.572e+01]
GNN flow training:  60%|██████    | 60/100 [06:05<04:04,  6.11s/epoch, best=2.567e+01, sign=0.134, train=2.494e+01, val=2.572e+01]
GNN flow training:  60%|██████    | 60/100 [06:12<04:04,  6.11s/epoch, best=2.567e+01, sign=0.133, train=2.496e+01, val=2.568e+01]
GNN flow training:  61%|██████    | 61/100 [06:12<03:59,  6.13s/epoch, best=2.567e+01, sign=0.133, train=2.496e+01, val=2.568e+01]
GNN flow training:  61%|██████    | 61/100 [06:18<03:59,  6.13s/epoch, best=2.567e+01, sign=0.133, train=2.495e+01, val=2.562e+01]
GNN flow training:  62%|██████▏   | 62/100 [06:18<03:52,  6.11s/epoch, best=2.567e+01, sign=0.133, train=2.495e+01, val=2.562e+01]
GNN flow training:  62%|██████▏   | 62/100 [06:24<03:52,  6.11s/epoch, best=2.562e+01, sign=0.133, train=2.491e+01, val=2.557e+01]
GNN flow training:  63%|██████▎   | 63/100 [06:24<03:45,  6.10s/epoch, best=2.562e+01, sign=0.133, train=2.491e+01, val=2.557e+01]
GNN flow training:  63%|██████▎   | 63/100 [06:30<03:45,  6.10s/epoch, best=2.557e+01, sign=0.134, train=2.488e+01, val=2.556e+01]
GNN flow training:  64%|██████▍   | 64/100 [06:30<03:40,  6.12s/epoch, best=2.557e+01, sign=0.134, train=2.488e+01, val=2.556e+01]
GNN flow training:  64%|██████▍   | 64/100 [06:36<03:40,  6.12s/epoch, best=2.556e+01, sign=0.134, train=2.485e+01, val=2.553e+01]
GNN flow training:  65%|██████▌   | 65/100 [06:36<03:34,  6.13s/epoch, best=2.556e+01, sign=0.134, train=2.485e+01, val=2.553e+01]
GNN flow training:  65%|██████▌   | 65/100 [06:42<03:34,  6.13s/epoch, best=2.553e+01, sign=0.133, train=2.480e+01, val=2.555e+01]
GNN flow training:  66%|██████▌   | 66/100 [06:42<03:28,  6.12s/epoch, best=2.553e+01, sign=0.133, train=2.480e+01, val=2.555e+01]
GNN flow training:  66%|██████▌   | 66/100 [06:48<03:28,  6.12s/epoch, best=2.553e+01, sign=0.134, train=2.480e+01, val=2.558e+01]
GNN flow training:  67%|██████▋   | 67/100 [06:48<03:21,  6.10s/epoch, best=2.553e+01, sign=0.134, train=2.480e+01, val=2.558e+01]
GNN flow training:  67%|██████▋   | 67/100 [06:54<03:21,  6.10s/epoch, best=2.553e+01, sign=0.133, train=2.478e+01, val=2.565e+01]
GNN flow training:  68%|██████▊   | 68/100 [06:54<03:15,  6.10s/epoch, best=2.553e+01, sign=0.133, train=2.478e+01, val=2.565e+01]
GNN flow training:  68%|██████▊   | 68/100 [07:00<03:15,  6.10s/epoch, best=2.553e+01, sign=0.135, train=2.476e+01, val=2.575e+01]
GNN flow training:  69%|██████▉   | 69/100 [07:00<03:09,  6.10s/epoch, best=2.553e+01, sign=0.135, train=2.476e+01, val=2.575e+01]
GNN flow training:  69%|██████▉   | 69/100 [07:07<03:09,  6.10s/epoch, best=2.553e+01, sign=0.135, train=2.477e+01, val=2.584e+01]
GNN flow training:  70%|███████   | 70/100 [07:07<03:03,  6.10s/epoch, best=2.553e+01, sign=0.135, train=2.477e+01, val=2.584e+01]
GNN flow training:  70%|███████   | 70/100 [07:13<03:03,  6.10s/epoch, best=2.553e+01, sign=0.135, train=2.479e+01, val=2.585e+01]
GNN flow training:  71%|███████   | 71/100 [07:13<02:57,  6.10s/epoch, best=2.553e+01, sign=0.135, train=2.479e+01, val=2.585e+01]
GNN flow training:  71%|███████   | 71/100 [07:19<02:57,  6.10s/epoch, best=2.553e+01, sign=0.135, train=2.476e+01, val=2.584e+01]
GNN flow training:  72%|███████▏  | 72/100 [07:19<02:50,  6.10s/epoch, best=2.553e+01, sign=0.135, train=2.476e+01, val=2.584e+01]
GNN flow training:  72%|███████▏  | 72/100 [07:25<02:50,  6.10s/epoch, best=2.553e+01, sign=0.136, train=2.473e+01, val=2.587e+01]
GNN flow training:  73%|███████▎  | 73/100 [07:25<02:44,  6.08s/epoch, best=2.553e+01, sign=0.136, train=2.473e+01, val=2.587e+01]
GNN flow training:  73%|███████▎  | 73/100 [07:31<02:44,  6.08s/epoch, best=2.553e+01, sign=0.135, train=2.474e+01, val=2.590e+01]
GNN flow training:  74%|███████▍  | 74/100 [07:31<02:38,  6.09s/epoch, best=2.553e+01, sign=0.135, train=2.474e+01, val=2.590e+01]
GNN flow training:  74%|███████▍  | 74/100 [07:37<02:38,  6.09s/epoch, best=2.553e+01, sign=0.136, train=2.473e+01, val=2.599e+01]
GNN flow training:  75%|███████▌  | 75/100 [07:37<02:32,  6.09s/epoch, best=2.553e+01, sign=0.136, train=2.473e+01, val=2.599e+01]
GNN flow training:  75%|███████▌  | 75/100 [07:43<02:32,  6.09s/epoch, best=2.553e+01, sign=0.136, train=2.477e+01, val=2.598e+01]
GNN flow training:  76%|███████▌  | 76/100 [07:43<02:26,  6.10s/epoch, best=2.553e+01, sign=0.136, train=2.477e+01, val=2.598e+01]
GNN flow training:  76%|███████▌  | 76/100 [07:49<02:26,  6.10s/epoch, best=2.553e+01, sign=0.135, train=2.474e+01, val=2.587e+01]
GNN flow training:  77%|███████▋  | 77/100 [07:49<02:20,  6.11s/epoch, best=2.553e+01, sign=0.135, train=2.474e+01, val=2.587e+01]
GNN flow training:  77%|███████▋  | 77/100 [07:55<02:20,  6.11s/epoch, best=2.553e+01, sign=0.135, train=2.467e+01, val=2.570e+01]
GNN flow training:  78%|███████▊  | 78/100 [07:55<02:14,  6.10s/epoch, best=2.553e+01, sign=0.135, train=2.467e+01, val=2.570e+01]
GNN flow training:  78%|███████▊  | 78/100 [08:01<02:14,  6.10s/epoch, best=2.553e+01, sign=0.135, train=2.455e+01, val=2.556e+01]
GNN flow training:  79%|███████▉  | 79/100 [08:01<02:08,  6.10s/epoch, best=2.553e+01, sign=0.135, train=2.455e+01, val=2.556e+01]
GNN flow training:  79%|███████▉  | 79/100 [08:08<02:08,  6.10s/epoch, best=2.553e+01, sign=0.134, train=2.449e+01, val=2.546e+01]
GNN flow training:  80%|████████  | 80/100 [08:08<02:01,  6.09s/epoch, best=2.553e+01, sign=0.134, train=2.449e+01, val=2.546e+01]
GNN flow training:  80%|████████  | 80/100 [08:14<02:01,  6.09s/epoch, best=2.546e+01, sign=0.134, train=2.448e+01, val=2.544e+01]
GNN flow training:  81%|████████  | 81/100 [08:14<01:55,  6.08s/epoch, best=2.546e+01, sign=0.134, train=2.448e+01, val=2.544e+01]
GNN flow training:  81%|████████  | 81/100 [08:20<01:55,  6.08s/epoch, best=2.544e+01, sign=0.135, train=2.449e+01, val=2.560e+01]
GNN flow training:  82%|████████▏ | 82/100 [08:20<01:49,  6.09s/epoch, best=2.544e+01, sign=0.135, train=2.449e+01, val=2.560e+01]
GNN flow training:  82%|████████▏ | 82/100 [08:26<01:49,  6.09s/epoch, best=2.544e+01, sign=0.135, train=2.459e+01, val=2.572e+01]
GNN flow training:  83%|████████▎ | 83/100 [08:26<01:43,  6.09s/epoch, best=2.544e+01, sign=0.135, train=2.459e+01, val=2.572e+01]
GNN flow training:  83%|████████▎ | 83/100 [08:32<01:43,  6.09s/epoch, best=2.544e+01, sign=0.134, train=2.463e+01, val=2.565e+01]
GNN flow training:  84%|████████▍ | 84/100 [08:32<01:37,  6.09s/epoch, best=2.544e+01, sign=0.134, train=2.463e+01, val=2.565e+01]
GNN flow training:  84%|████████▍ | 84/100 [08:38<01:37,  6.09s/epoch, best=2.544e+01, sign=0.134, train=2.460e+01, val=2.553e+01]
GNN flow training:  85%|████████▌ | 85/100 [08:38<01:31,  6.09s/epoch, best=2.544e+01, sign=0.134, train=2.460e+01, val=2.553e+01]
GNN flow training:  85%|████████▌ | 85/100 [08:44<01:31,  6.09s/epoch, best=2.544e+01, sign=0.133, train=2.454e+01, val=2.542e+01]
GNN flow training:  86%|████████▌ | 86/100 [08:44<01:25,  6.10s/epoch, best=2.544e+01, sign=0.133, train=2.454e+01, val=2.542e+01]
GNN flow training:  86%|████████▌ | 86/100 [08:50<01:25,  6.10s/epoch, best=2.542e+01, sign=0.133, train=2.449e+01, val=2.532e+01]
GNN flow training:  87%|████████▋ | 87/100 [08:50<01:19,  6.09s/epoch, best=2.542e+01, sign=0.133, train=2.449e+01, val=2.532e+01]
GNN flow training:  87%|████████▋ | 87/100 [08:56<01:19,  6.09s/epoch, best=2.532e+01, sign=0.134, train=2.439e+01, val=2.527e+01]
GNN flow training:  88%|████████▊ | 88/100 [08:56<01:13,  6.10s/epoch, best=2.532e+01, sign=0.134, train=2.439e+01, val=2.527e+01]
GNN flow training:  88%|████████▊ | 88/100 [09:02<01:13,  6.10s/epoch, best=2.527e+01, sign=0.134, train=2.432e+01, val=2.525e+01]
GNN flow training:  89%|████████▉ | 89/100 [09:02<01:07,  6.10s/epoch, best=2.527e+01, sign=0.134, train=2.432e+01, val=2.525e+01]
GNN flow training:  89%|████████▉ | 89/100 [09:09<01:07,  6.10s/epoch, best=2.525e+01, sign=0.136, train=2.424e+01, val=2.525e+01]
GNN flow training:  90%|█████████ | 90/100 [09:09<01:01,  6.11s/epoch, best=2.525e+01, sign=0.136, train=2.424e+01, val=2.525e+01]
GNN flow training:  90%|█████████ | 90/100 [09:15<01:01,  6.11s/epoch, best=2.525e+01, sign=0.137, train=2.420e+01, val=2.537e+01]
GNN flow training:  91%|█████████ | 91/100 [09:15<00:54,  6.10s/epoch, best=2.525e+01, sign=0.137, train=2.420e+01, val=2.537e+01]
GNN flow training:  91%|█████████ | 91/100 [09:21<00:54,  6.10s/epoch, best=2.525e+01, sign=0.137, train=2.423e+01, val=2.545e+01]
GNN flow training:  92%|█████████▏| 92/100 [09:21<00:48,  6.08s/epoch, best=2.525e+01, sign=0.137, train=2.423e+01, val=2.545e+01]
GNN flow training:  92%|█████████▏| 92/100 [09:27<00:48,  6.08s/epoch, best=2.525e+01, sign=0.137, train=2.422e+01, val=2.550e+01]
GNN flow training:  93%|█████████▎| 93/100 [09:27<00:42,  6.08s/epoch, best=2.525e+01, sign=0.137, train=2.422e+01, val=2.550e+01]
GNN flow training:  93%|█████████▎| 93/100 [09:33<00:42,  6.08s/epoch, best=2.525e+01, sign=0.137, train=2.421e+01, val=2.549e+01]
GNN flow training:  94%|█████████▍| 94/100 [09:33<00:36,  6.09s/epoch, best=2.525e+01, sign=0.137, train=2.421e+01, val=2.549e+01]
GNN flow training:  94%|█████████▍| 94/100 [09:39<00:36,  6.09s/epoch, best=2.525e+01, sign=0.137, train=2.416e+01, val=2.547e+01]
GNN flow training:  95%|█████████▌| 95/100 [09:39<00:30,  6.10s/epoch, best=2.525e+01, sign=0.137, train=2.416e+01, val=2.547e+01]
GNN flow training:  95%|█████████▌| 95/100 [09:45<00:30,  6.10s/epoch, best=2.525e+01, sign=0.139, train=2.410e+01, val=2.554e+01]
GNN flow training:  96%|█████████▌| 96/100 [09:45<00:24,  6.10s/epoch, best=2.525e+01, sign=0.139, train=2.410e+01, val=2.554e+01]
GNN flow training:  96%|█████████▌| 96/100 [09:51<00:24,  6.10s/epoch, best=2.525e+01, sign=0.139, train=2.408e+01, val=2.551e+01]
GNN flow training:  97%|█████████▋| 97/100 [09:51<00:18,  6.10s/epoch, best=2.525e+01, sign=0.139, train=2.408e+01, val=2.551e+01]
GNN flow training:  97%|█████████▋| 97/100 [09:57<00:18,  6.10s/epoch, best=2.525e+01, sign=0.137, train=2.403e+01, val=2.541e+01]
GNN flow training:  98%|█████████▊| 98/100 [09:57<00:12,  6.08s/epoch, best=2.525e+01, sign=0.137, train=2.403e+01, val=2.541e+01]
GNN flow training:  98%|█████████▊| 98/100 [10:03<00:12,  6.08s/epoch, best=2.525e+01, sign=0.135, train=2.399e+01, val=2.541e+01]
GNN flow training:  99%|█████████▉| 99/100 [10:03<00:06,  6.08s/epoch, best=2.525e+01, sign=0.135, train=2.399e+01, val=2.541e+01]
GNN flow training:  99%|█████████▉| 99/100 [10:09<00:06,  6.08s/epoch, best=2.525e+01, sign=0.136, train=2.400e+01, val=2.545e+01]
GNN flow training: 100%|██████████| 100/100 [10:09<00:00,  6.06s/epoch, best=2.525e+01, sign=0.136, train=2.400e+01, val=2.545e+01]
GNN flow training: 100%|██████████| 100/100 [10:09<00:00,  6.10s/epoch, best=2.525e+01, sign=0.136, train=2.400e+01, val=2.545e+01]
Resolved config snapshot:
{'preset': 'solver_QKB_outer_QKBdelta', 'gnn_outer_losses': {'flow': 100.0, 'kirchhoff': 10.0, 'boundary': 100.0, 'delta_l2': 0.1, 'delta_smooth': 0.0, 'pressure_shape': 0.0}, 'physics': {'arterial_flow_mode': 'dataset', 'pressure_constraints': ['equal-a-equal-v'], 'alpha_pa': None, 'use_snr_weights': True, 'use_observed_flow_snr_weighting': True, 'flow_scale_mode': 'median_abs', 'solver_device': 'same', 'pressure_solver_mode': 'reduced-soft-constrained-lstsq', 'pressure_solver_lambda_kirchhoff': 1.0, 'pressure_solver_lambda_pressure_constraints': 100.0, 'pressure_solver_lambda_flow_residual': 1.0, 'pressure_shape_reference': 'delta_zero_reference', 'pressure_detach': False}, 'correction_bounds': {'correction_min': -0.5, 'correction_max': 0.5, 'correction_bound': 0.5, 'correction_parameterization': 'tanh'}, 'optimization': {'learning_rate': 0.001, 'weight_decay': 0.0001, 'gradient_clip_norm': 5.0, 'optimizer': 'adamw', 'epochs': 100, 'patience': 40}}
Shard 57/80: 1 of 80 runs
Command: /mnt/home/sswee/miniforge3/envs/yolk-sac/bin/python /mnt/home/sswee/yolk/Yolk-Sac-Flow-Data-and-Sim/gnn_clean/scripts/python/gnn_flow.py /mnt/home/sswee/yolk/Yolk-Sac-Flow-Data-and-Sim/gnn_clean/datasets/mosaic_graph_norm_canonical.gpickle --output-dir /mnt/home/sswee/yolk/Yolk-Sac-Flow-Data-and-Sim/gnn_clean/outputs_canonical_norm/dc/02_physics_weight_sweep/gnn --run-name q_100__k_10__delta_0p1 --preset solver_QKB_outer_QKBdelta --device cuda --epochs 100 --seed 0 --viscosity-pa-s 0.0035 --config /mnt/home/sswee/yolk/Yolk-Sac-Flow-Data-and-Sim/gnn_clean/outputs_canonical_norm/dc/02_physics_weight_sweep/_generated_configs/q_100__k_10__delta_0p1.yaml --no-pressure-detach
