[info] DC Step 2 canonical sweep uses fixed lambda_B=100.0 for both the outer boundary loss and the reduced pressure-solver boundary constraint.

GNN flow training:   0%|          | 0/100 [00:00<?, ?epoch/s]
GNN flow training:   0%|          | 0/100 [00:06<?, ?epoch/s, best=1.647e+00, sign=0.161, train=1.650e+00, val=1.647e+00]
GNN flow training:   1%|          | 1/100 [00:06<10:27,  6.34s/epoch, best=1.647e+00, sign=0.161, train=1.650e+00, val=1.647e+00]
GNN flow training:   1%|          | 1/100 [00:12<10:27,  6.34s/epoch, best=1.647e+00, sign=0.160, train=1.647e+00, val=1.646e+00]
GNN flow training:   2%|▏         | 2/100 [00:12<10:10,  6.23s/epoch, best=1.647e+00, sign=0.160, train=1.647e+00, val=1.646e+00]
GNN flow training:   2%|▏         | 2/100 [00:18<10:10,  6.23s/epoch, best=1.646e+00, sign=0.160, train=1.646e+00, val=1.641e+00]
GNN flow training:   3%|▎         | 3/100 [00:18<10:03,  6.22s/epoch, best=1.646e+00, sign=0.160, train=1.646e+00, val=1.641e+00]
GNN flow training:   3%|▎         | 3/100 [00:24<10:03,  6.22s/epoch, best=1.641e+00, sign=0.161, train=1.641e+00, val=1.640e+00]
GNN flow training:   4%|▍         | 4/100 [00:24<09:53,  6.18s/epoch, best=1.641e+00, sign=0.161, train=1.641e+00, val=1.640e+00]
GNN flow training:   4%|▍         | 4/100 [00:31<09:53,  6.18s/epoch, best=1.640e+00, sign=0.160, train=1.640e+00, val=1.636e+00]
GNN flow training:   5%|▌         | 5/100 [00:31<09:48,  6.19s/epoch, best=1.640e+00, sign=0.160, train=1.640e+00, val=1.636e+00]
GNN flow training:   5%|▌         | 5/100 [00:37<09:48,  6.19s/epoch, best=1.636e+00, sign=0.161, train=1.636e+00, val=1.639e+00]
GNN flow training:   6%|▌         | 6/100 [00:37<09:42,  6.20s/epoch, best=1.636e+00, sign=0.161, train=1.636e+00, val=1.639e+00]
GNN flow training:   6%|▌         | 6/100 [00:43<09:42,  6.20s/epoch, best=1.636e+00, sign=0.160, train=1.639e+00, val=1.635e+00]
GNN flow training:   7%|▋         | 7/100 [00:43<09:37,  6.21s/epoch, best=1.636e+00, sign=0.160, train=1.639e+00, val=1.635e+00]
GNN flow training:   7%|▋         | 7/100 [00:49<09:37,  6.21s/epoch, best=1.635e+00, sign=0.159, train=1.635e+00, val=1.632e+00]
GNN flow training:   8%|▊         | 8/100 [00:49<09:29,  6.19s/epoch, best=1.635e+00, sign=0.159, train=1.635e+00, val=1.632e+00]
GNN flow training:   8%|▊         | 8/100 [00:55<09:29,  6.19s/epoch, best=1.632e+00, sign=0.159, train=1.632e+00, val=1.623e+00]
GNN flow training:   9%|▉         | 9/100 [00:55<09:25,  6.22s/epoch, best=1.632e+00, sign=0.159, train=1.632e+00, val=1.623e+00]
GNN flow training:   9%|▉         | 9/100 [01:02<09:25,  6.22s/epoch, best=1.623e+00, sign=0.159, train=1.623e+00, val=1.612e+00]
GNN flow training:  10%|█         | 10/100 [01:02<09:18,  6.20s/epoch, best=1.623e+00, sign=0.159, train=1.623e+00, val=1.612e+00]
GNN flow training:  10%|█         | 10/100 [01:08<09:18,  6.20s/epoch, best=1.612e+00, sign=0.158, train=1.612e+00, val=1.610e+00]
GNN flow training:  11%|█         | 11/100 [01:08<09:11,  6.20s/epoch, best=1.612e+00, sign=0.158, train=1.612e+00, val=1.610e+00]
GNN flow training:  11%|█         | 11/100 [01:14<09:11,  6.20s/epoch, best=1.610e+00, sign=0.157, train=1.610e+00, val=1.616e+00]
GNN flow training:  12%|█▏        | 12/100 [01:14<09:07,  6.22s/epoch, best=1.610e+00, sign=0.157, train=1.610e+00, val=1.616e+00]
GNN flow training:  12%|█▏        | 12/100 [01:20<09:07,  6.22s/epoch, best=1.610e+00, sign=0.154, train=1.616e+00, val=1.614e+00]
GNN flow training:  13%|█▎        | 13/100 [01:20<09:00,  6.21s/epoch, best=1.610e+00, sign=0.154, train=1.616e+00, val=1.614e+00]
GNN flow training:  13%|█▎        | 13/100 [01:26<09:00,  6.21s/epoch, best=1.610e+00, sign=0.154, train=1.613e+00, val=1.612e+00]
GNN flow training:  14%|█▍        | 14/100 [01:26<08:55,  6.23s/epoch, best=1.610e+00, sign=0.154, train=1.613e+00, val=1.612e+00]
GNN flow training:  14%|█▍        | 14/100 [01:33<08:55,  6.23s/epoch, best=1.610e+00, sign=0.154, train=1.612e+00, val=1.610e+00]
GNN flow training:  15%|█▌        | 15/100 [01:33<08:48,  6.21s/epoch, best=1.610e+00, sign=0.154, train=1.612e+00, val=1.610e+00]
GNN flow training:  15%|█▌        | 15/100 [01:39<08:48,  6.21s/epoch, best=1.610e+00, sign=0.154, train=1.610e+00, val=1.606e+00]
GNN flow training:  16%|█▌        | 16/100 [01:39<08:43,  6.23s/epoch, best=1.610e+00, sign=0.154, train=1.610e+00, val=1.606e+00]
GNN flow training:  16%|█▌        | 16/100 [01:45<08:43,  6.23s/epoch, best=1.606e+00, sign=0.155, train=1.606e+00, val=1.599e+00]
GNN flow training:  17%|█▋        | 17/100 [01:45<08:36,  6.22s/epoch, best=1.606e+00, sign=0.155, train=1.606e+00, val=1.599e+00]
GNN flow training:  17%|█▋        | 17/100 [01:51<08:36,  6.22s/epoch, best=1.599e+00, sign=0.155, train=1.599e+00, val=1.593e+00]
GNN flow training:  18%|█▊        | 18/100 [01:51<08:28,  6.21s/epoch, best=1.599e+00, sign=0.155, train=1.599e+00, val=1.593e+00]
GNN flow training:  18%|█▊        | 18/100 [01:57<08:28,  6.21s/epoch, best=1.593e+00, sign=0.155, train=1.593e+00, val=1.588e+00]
GNN flow training:  19%|█▉        | 19/100 [01:57<08:21,  6.20s/epoch, best=1.593e+00, sign=0.155, train=1.593e+00, val=1.588e+00]
GNN flow training:  19%|█▉        | 19/100 [02:04<08:21,  6.20s/epoch, best=1.588e+00, sign=0.155, train=1.588e+00, val=1.580e+00]
GNN flow training:  20%|██        | 20/100 [02:04<08:14,  6.18s/epoch, best=1.588e+00, sign=0.155, train=1.588e+00, val=1.580e+00]
GNN flow training:  20%|██        | 20/100 [02:10<08:14,  6.18s/epoch, best=1.580e+00, sign=0.155, train=1.579e+00, val=1.575e+00]
GNN flow training:  21%|██        | 21/100 [02:10<08:08,  6.18s/epoch, best=1.580e+00, sign=0.155, train=1.579e+00, val=1.575e+00]
GNN flow training:  21%|██        | 21/100 [02:16<08:08,  6.18s/epoch, best=1.575e+00, sign=0.156, train=1.574e+00, val=1.572e+00]
GNN flow training:  22%|██▏       | 22/100 [02:16<08:03,  6.20s/epoch, best=1.575e+00, sign=0.156, train=1.574e+00, val=1.572e+00]
GNN flow training:  22%|██▏       | 22/100 [02:22<08:03,  6.20s/epoch, best=1.572e+00, sign=0.157, train=1.572e+00, val=1.564e+00]
GNN flow training:  23%|██▎       | 23/100 [02:22<07:57,  6.20s/epoch, best=1.572e+00, sign=0.157, train=1.572e+00, val=1.564e+00]
GNN flow training:  23%|██▎       | 23/100 [02:29<07:57,  6.20s/epoch, best=1.564e+00, sign=0.157, train=1.563e+00, val=1.552e+00]
GNN flow training:  24%|██▍       | 24/100 [02:29<07:53,  6.23s/epoch, best=1.564e+00, sign=0.157, train=1.563e+00, val=1.552e+00]
GNN flow training:  24%|██▍       | 24/100 [02:35<07:53,  6.23s/epoch, best=1.552e+00, sign=0.156, train=1.552e+00, val=1.539e+00]
GNN flow training:  25%|██▌       | 25/100 [02:35<07:46,  6.22s/epoch, best=1.552e+00, sign=0.156, train=1.552e+00, val=1.539e+00]
GNN flow training:  25%|██▌       | 25/100 [02:41<07:46,  6.22s/epoch, best=1.539e+00, sign=0.157, train=1.539e+00, val=1.524e+00]
GNN flow training:  26%|██▌       | 26/100 [02:41<07:40,  6.22s/epoch, best=1.539e+00, sign=0.157, train=1.539e+00, val=1.524e+00]
GNN flow training:  26%|██▌       | 26/100 [02:47<07:40,  6.22s/epoch, best=1.524e+00, sign=0.156, train=1.524e+00, val=1.522e+00]
GNN flow training:  27%|██▋       | 27/100 [02:47<07:33,  6.21s/epoch, best=1.524e+00, sign=0.156, train=1.524e+00, val=1.522e+00]
GNN flow training:  27%|██▋       | 27/100 [02:53<07:33,  6.21s/epoch, best=1.522e+00, sign=0.154, train=1.521e+00, val=1.514e+00]
GNN flow training:  28%|██▊       | 28/100 [02:53<07:27,  6.21s/epoch, best=1.522e+00, sign=0.154, train=1.521e+00, val=1.514e+00]
GNN flow training:  28%|██▊       | 28/100 [03:00<07:27,  6.21s/epoch, best=1.514e+00, sign=0.151, train=1.514e+00, val=1.505e+00]
GNN flow training:  29%|██▉       | 29/100 [03:00<07:21,  6.21s/epoch, best=1.514e+00, sign=0.151, train=1.514e+00, val=1.505e+00]
GNN flow training:  29%|██▉       | 29/100 [03:06<07:21,  6.21s/epoch, best=1.505e+00, sign=0.152, train=1.505e+00, val=1.490e+00]
GNN flow training:  30%|███       | 30/100 [03:06<07:15,  6.22s/epoch, best=1.505e+00, sign=0.152, train=1.505e+00, val=1.490e+00]
GNN flow training:  30%|███       | 30/100 [03:12<07:15,  6.22s/epoch, best=1.490e+00, sign=0.148, train=1.489e+00, val=1.470e+00]
GNN flow training:  31%|███       | 31/100 [03:12<07:08,  6.22s/epoch, best=1.490e+00, sign=0.148, train=1.489e+00, val=1.470e+00]
GNN flow training:  31%|███       | 31/100 [03:18<07:08,  6.22s/epoch, best=1.470e+00, sign=0.149, train=1.469e+00, val=1.443e+00]
GNN flow training:  32%|███▏      | 32/100 [03:18<07:02,  6.21s/epoch, best=1.470e+00, sign=0.149, train=1.469e+00, val=1.443e+00]
GNN flow training:  32%|███▏      | 32/100 [03:24<07:02,  6.21s/epoch, best=1.443e+00, sign=0.150, train=1.443e+00, val=1.407e+00]
GNN flow training:  33%|███▎      | 33/100 [03:24<06:57,  6.23s/epoch, best=1.443e+00, sign=0.150, train=1.443e+00, val=1.407e+00]
GNN flow training:  33%|███▎      | 33/100 [03:31<06:57,  6.23s/epoch, best=1.407e+00, sign=0.151, train=1.407e+00, val=1.374e+00]
GNN flow training:  34%|███▍      | 34/100 [03:31<06:49,  6.21s/epoch, best=1.407e+00, sign=0.151, train=1.407e+00, val=1.374e+00]
GNN flow training:  34%|███▍      | 34/100 [03:37<06:49,  6.21s/epoch, best=1.374e+00, sign=0.152, train=1.373e+00, val=1.349e+00]
GNN flow training:  35%|███▌      | 35/100 [03:37<06:44,  6.23s/epoch, best=1.374e+00, sign=0.152, train=1.373e+00, val=1.349e+00]
GNN flow training:  35%|███▌      | 35/100 [03:43<06:44,  6.23s/epoch, best=1.349e+00, sign=0.153, train=1.348e+00, val=1.331e+00]
GNN flow training:  36%|███▌      | 36/100 [03:43<06:37,  6.21s/epoch, best=1.349e+00, sign=0.153, train=1.348e+00, val=1.331e+00]
GNN flow training:  36%|███▌      | 36/100 [03:49<06:37,  6.21s/epoch, best=1.331e+00, sign=0.154, train=1.330e+00, val=1.312e+00]
GNN flow training:  37%|███▋      | 37/100 [03:49<06:29,  6.18s/epoch, best=1.331e+00, sign=0.154, train=1.330e+00, val=1.312e+00]
GNN flow training:  37%|███▋      | 37/100 [03:55<06:29,  6.18s/epoch, best=1.312e+00, sign=0.154, train=1.311e+00, val=1.300e+00]
GNN flow training:  38%|███▊      | 38/100 [03:55<06:24,  6.20s/epoch, best=1.312e+00, sign=0.154, train=1.311e+00, val=1.300e+00]
GNN flow training:  38%|███▊      | 38/100 [04:02<06:24,  6.20s/epoch, best=1.300e+00, sign=0.153, train=1.299e+00, val=1.288e+00]
GNN flow training:  39%|███▉      | 39/100 [04:02<06:19,  6.22s/epoch, best=1.300e+00, sign=0.153, train=1.299e+00, val=1.288e+00]
GNN flow training:  39%|███▉      | 39/100 [04:08<06:19,  6.22s/epoch, best=1.288e+00, sign=0.153, train=1.287e+00, val=1.280e+00]
GNN flow training:  40%|████      | 40/100 [04:08<06:12,  6.21s/epoch, best=1.288e+00, sign=0.153, train=1.287e+00, val=1.280e+00]
GNN flow training:  40%|████      | 40/100 [04:14<06:12,  6.21s/epoch, best=1.280e+00, sign=0.155, train=1.279e+00, val=1.258e+00]
GNN flow training:  41%|████      | 41/100 [04:14<06:07,  6.22s/epoch, best=1.280e+00, sign=0.155, train=1.279e+00, val=1.258e+00]
GNN flow training:  41%|████      | 41/100 [04:20<06:07,  6.22s/epoch, best=1.258e+00, sign=0.157, train=1.257e+00, val=1.243e+00]
GNN flow training:  42%|████▏     | 42/100 [04:20<05:59,  6.19s/epoch, best=1.258e+00, sign=0.157, train=1.257e+00, val=1.243e+00]
GNN flow training:  42%|████▏     | 42/100 [04:26<05:59,  6.19s/epoch, best=1.243e+00, sign=0.156, train=1.242e+00, val=1.225e+00]
GNN flow training:  43%|████▎     | 43/100 [04:26<05:52,  6.18s/epoch, best=1.243e+00, sign=0.156, train=1.242e+00, val=1.225e+00]
GNN flow training:  43%|████▎     | 43/100 [04:33<05:52,  6.18s/epoch, best=1.225e+00, sign=0.156, train=1.223e+00, val=1.206e+00]
GNN flow training:  44%|████▍     | 44/100 [04:33<05:46,  6.18s/epoch, best=1.225e+00, sign=0.156, train=1.223e+00, val=1.206e+00]
GNN flow training:  44%|████▍     | 44/100 [04:39<05:46,  6.18s/epoch, best=1.206e+00, sign=0.156, train=1.204e+00, val=1.197e+00]
GNN flow training:  45%|████▌     | 45/100 [04:39<05:38,  6.16s/epoch, best=1.206e+00, sign=0.156, train=1.204e+00, val=1.197e+00]
GNN flow training:  45%|████▌     | 45/100 [04:45<05:38,  6.16s/epoch, best=1.197e+00, sign=0.156, train=1.195e+00, val=1.195e+00]
GNN flow training:  46%|████▌     | 46/100 [04:45<05:33,  6.17s/epoch, best=1.197e+00, sign=0.156, train=1.195e+00, val=1.195e+00]
GNN flow training:  46%|████▌     | 46/100 [04:51<05:33,  6.17s/epoch, best=1.195e+00, sign=0.156, train=1.194e+00, val=1.181e+00]
GNN flow training:  47%|████▋     | 47/100 [04:51<05:27,  6.19s/epoch, best=1.195e+00, sign=0.156, train=1.194e+00, val=1.181e+00]
GNN flow training:  47%|████▋     | 47/100 [04:57<05:27,  6.19s/epoch, best=1.181e+00, sign=0.158, train=1.180e+00, val=1.164e+00]
GNN flow training:  48%|████▊     | 48/100 [04:57<05:21,  6.19s/epoch, best=1.181e+00, sign=0.158, train=1.180e+00, val=1.164e+00]
GNN flow training:  48%|████▊     | 48/100 [05:04<05:21,  6.19s/epoch, best=1.164e+00, sign=0.158, train=1.163e+00, val=1.154e+00]
GNN flow training:  49%|████▉     | 49/100 [05:04<05:15,  6.18s/epoch, best=1.164e+00, sign=0.158, train=1.163e+00, val=1.154e+00]
GNN flow training:  49%|████▉     | 49/100 [05:10<05:15,  6.18s/epoch, best=1.154e+00, sign=0.158, train=1.152e+00, val=1.128e+00]
GNN flow training:  50%|█████     | 50/100 [05:10<05:09,  6.19s/epoch, best=1.154e+00, sign=0.158, train=1.152e+00, val=1.128e+00]
GNN flow training:  50%|█████     | 50/100 [05:16<05:09,  6.19s/epoch, best=1.128e+00, sign=0.159, train=1.127e+00, val=1.108e+00]
GNN flow training:  51%|█████     | 51/100 [05:16<05:01,  6.16s/epoch, best=1.128e+00, sign=0.159, train=1.127e+00, val=1.108e+00]
GNN flow training:  51%|█████     | 51/100 [05:22<05:01,  6.16s/epoch, best=1.108e+00, sign=0.162, train=1.106e+00, val=1.089e+00]
GNN flow training:  52%|█████▏    | 52/100 [05:22<04:55,  6.15s/epoch, best=1.108e+00, sign=0.162, train=1.106e+00, val=1.089e+00]
GNN flow training:  52%|█████▏    | 52/100 [05:28<04:55,  6.15s/epoch, best=1.089e+00, sign=0.165, train=1.087e+00, val=1.074e+00]
GNN flow training:  53%|█████▎    | 53/100 [05:28<04:50,  6.17s/epoch, best=1.089e+00, sign=0.165, train=1.087e+00, val=1.074e+00]
GNN flow training:  53%|█████▎    | 53/100 [05:34<04:50,  6.17s/epoch, best=1.074e+00, sign=0.165, train=1.072e+00, val=1.072e+00]
GNN flow training:  54%|█████▍    | 54/100 [05:34<04:43,  6.17s/epoch, best=1.074e+00, sign=0.165, train=1.072e+00, val=1.072e+00]
GNN flow training:  54%|█████▍    | 54/100 [05:41<04:43,  6.17s/epoch, best=1.072e+00, sign=0.165, train=1.070e+00, val=1.075e+00]
GNN flow training:  55%|█████▌    | 55/100 [05:41<04:39,  6.20s/epoch, best=1.072e+00, sign=0.165, train=1.070e+00, val=1.075e+00]
GNN flow training:  55%|█████▌    | 55/100 [05:47<04:39,  6.20s/epoch, best=1.072e+00, sign=0.166, train=1.073e+00, val=1.077e+00]
GNN flow training:  56%|█████▌    | 56/100 [05:47<04:32,  6.19s/epoch, best=1.072e+00, sign=0.166, train=1.073e+00, val=1.077e+00]
GNN flow training:  56%|█████▌    | 56/100 [05:53<04:32,  6.19s/epoch, best=1.072e+00, sign=0.165, train=1.075e+00, val=1.089e+00]
GNN flow training:  57%|█████▋    | 57/100 [05:53<04:26,  6.20s/epoch, best=1.072e+00, sign=0.165, train=1.075e+00, val=1.089e+00]
GNN flow training:  57%|█████▋    | 57/100 [05:59<04:26,  6.20s/epoch, best=1.072e+00, sign=0.165, train=1.087e+00, val=1.105e+00]
GNN flow training:  58%|█████▊    | 58/100 [05:59<04:21,  6.22s/epoch, best=1.072e+00, sign=0.165, train=1.087e+00, val=1.105e+00]
GNN flow training:  58%|█████▊    | 58/100 [06:05<04:21,  6.22s/epoch, best=1.072e+00, sign=0.163, train=1.104e+00, val=1.131e+00]
GNN flow training:  59%|█████▉    | 59/100 [06:05<04:15,  6.23s/epoch, best=1.072e+00, sign=0.163, train=1.104e+00, val=1.131e+00]
GNN flow training:  59%|█████▉    | 59/100 [06:12<04:15,  6.23s/epoch, best=1.072e+00, sign=0.163, train=1.129e+00, val=1.125e+00]
GNN flow training:  60%|██████    | 60/100 [06:12<04:10,  6.25s/epoch, best=1.072e+00, sign=0.163, train=1.129e+00, val=1.125e+00]
GNN flow training:  60%|██████    | 60/100 [06:18<04:10,  6.25s/epoch, best=1.072e+00, sign=0.163, train=1.123e+00, val=1.120e+00]
GNN flow training:  61%|██████    | 61/100 [06:18<04:03,  6.25s/epoch, best=1.072e+00, sign=0.163, train=1.123e+00, val=1.120e+00]
GNN flow training:  61%|██████    | 61/100 [06:24<04:03,  6.25s/epoch, best=1.072e+00, sign=0.166, train=1.118e+00, val=1.087e+00]
GNN flow training:  62%|██████▏   | 62/100 [06:24<03:57,  6.25s/epoch, best=1.072e+00, sign=0.166, train=1.118e+00, val=1.087e+00]
GNN flow training:  62%|██████▏   | 62/100 [06:31<03:57,  6.25s/epoch, best=1.072e+00, sign=0.167, train=1.085e+00, val=1.065e+00]
GNN flow training:  63%|██████▎   | 63/100 [06:31<03:51,  6.25s/epoch, best=1.072e+00, sign=0.167, train=1.085e+00, val=1.065e+00]
GNN flow training:  63%|██████▎   | 63/100 [06:37<03:51,  6.25s/epoch, best=1.065e+00, sign=0.168, train=1.063e+00, val=1.070e+00]
GNN flow training:  64%|██████▍   | 64/100 [06:37<03:44,  6.23s/epoch, best=1.065e+00, sign=0.168, train=1.063e+00, val=1.070e+00]
GNN flow training:  64%|██████▍   | 64/100 [06:43<03:44,  6.23s/epoch, best=1.065e+00, sign=0.167, train=1.068e+00, val=1.095e+00]
GNN flow training:  65%|██████▌   | 65/100 [06:43<03:37,  6.22s/epoch, best=1.065e+00, sign=0.167, train=1.068e+00, val=1.095e+00]
GNN flow training:  65%|██████▌   | 65/100 [06:49<03:37,  6.22s/epoch, best=1.065e+00, sign=0.168, train=1.093e+00, val=1.083e+00]
GNN flow training:  66%|██████▌   | 66/100 [06:49<03:31,  6.22s/epoch, best=1.065e+00, sign=0.168, train=1.093e+00, val=1.083e+00]
GNN flow training:  66%|██████▌   | 66/100 [06:55<03:31,  6.22s/epoch, best=1.065e+00, sign=0.168, train=1.081e+00, val=1.083e+00]
GNN flow training:  67%|██████▋   | 67/100 [06:55<03:25,  6.22s/epoch, best=1.065e+00, sign=0.168, train=1.081e+00, val=1.083e+00]
GNN flow training:  67%|██████▋   | 67/100 [07:02<03:25,  6.22s/epoch, best=1.065e+00, sign=0.168, train=1.081e+00, val=1.072e+00]
GNN flow training:  68%|██████▊   | 68/100 [07:02<03:19,  6.22s/epoch, best=1.065e+00, sign=0.168, train=1.081e+00, val=1.072e+00]
GNN flow training:  68%|██████▊   | 68/100 [07:08<03:19,  6.22s/epoch, best=1.065e+00, sign=0.167, train=1.070e+00, val=1.089e+00]
GNN flow training:  69%|██████▉   | 69/100 [07:08<03:13,  6.24s/epoch, best=1.065e+00, sign=0.167, train=1.070e+00, val=1.089e+00]
GNN flow training:  69%|██████▉   | 69/100 [07:14<03:13,  6.24s/epoch, best=1.065e+00, sign=0.167, train=1.087e+00, val=1.109e+00]
GNN flow training:  70%|███████   | 70/100 [07:14<03:06,  6.22s/epoch, best=1.065e+00, sign=0.167, train=1.087e+00, val=1.109e+00]
GNN flow training:  70%|███████   | 70/100 [07:20<03:06,  6.22s/epoch, best=1.065e+00, sign=0.168, train=1.107e+00, val=1.074e+00]
GNN flow training:  71%|███████   | 71/100 [07:20<03:00,  6.22s/epoch, best=1.065e+00, sign=0.168, train=1.107e+00, val=1.074e+00]
GNN flow training:  71%|███████   | 71/100 [07:26<03:00,  6.22s/epoch, best=1.065e+00, sign=0.170, train=1.072e+00, val=1.022e+00]
GNN flow training:  72%|███████▏  | 72/100 [07:26<02:54,  6.21s/epoch, best=1.065e+00, sign=0.170, train=1.072e+00, val=1.022e+00]
GNN flow training:  72%|███████▏  | 72/100 [07:33<02:54,  6.21s/epoch, best=1.022e+00, sign=0.171, train=1.020e+00, val=1.027e+00]
GNN flow training:  73%|███████▎  | 73/100 [07:33<02:47,  6.21s/epoch, best=1.022e+00, sign=0.171, train=1.020e+00, val=1.027e+00]
GNN flow training:  73%|███████▎  | 73/100 [07:39<02:47,  6.21s/epoch, best=1.022e+00, sign=0.170, train=1.025e+00, val=1.038e+00]
GNN flow training:  74%|███████▍  | 74/100 [07:39<02:41,  6.21s/epoch, best=1.022e+00, sign=0.170, train=1.025e+00, val=1.038e+00]
GNN flow training:  74%|███████▍  | 74/100 [07:45<02:41,  6.21s/epoch, best=1.022e+00, sign=0.171, train=1.036e+00, val=1.007e+00]
GNN flow training:  75%|███████▌  | 75/100 [07:45<02:34,  6.20s/epoch, best=1.022e+00, sign=0.171, train=1.036e+00, val=1.007e+00]
GNN flow training:  75%|███████▌  | 75/100 [07:51<02:34,  6.20s/epoch, best=1.007e+00, sign=0.172, train=1.005e+00, val=9.839e-01]
GNN flow training:  76%|███████▌  | 76/100 [07:51<02:29,  6.21s/epoch, best=1.007e+00, sign=0.172, train=1.005e+00, val=9.839e-01]
GNN flow training:  76%|███████▌  | 76/100 [07:58<02:29,  6.21s/epoch, best=9.839e-01, sign=0.171, train=9.816e-01, val=9.974e-01]
GNN flow training:  77%|███████▋  | 77/100 [07:58<02:23,  6.22s/epoch, best=9.839e-01, sign=0.171, train=9.816e-01, val=9.974e-01]
GNN flow training:  77%|███████▋  | 77/100 [08:04<02:23,  6.22s/epoch, best=9.839e-01, sign=0.171, train=9.952e-01, val=1.013e+00]
GNN flow training:  78%|███████▊  | 78/100 [08:04<02:16,  6.21s/epoch, best=9.839e-01, sign=0.171, train=9.952e-01, val=1.013e+00]
GNN flow training:  78%|███████▊  | 78/100 [08:10<02:16,  6.21s/epoch, best=9.839e-01, sign=0.171, train=1.011e+00, val=1.025e+00]
GNN flow training:  79%|███████▉  | 79/100 [08:10<02:10,  6.23s/epoch, best=9.839e-01, sign=0.171, train=1.011e+00, val=1.025e+00]
GNN flow training:  79%|███████▉  | 79/100 [08:16<02:10,  6.23s/epoch, best=9.839e-01, sign=0.171, train=1.023e+00, val=1.026e+00]
GNN flow training:  80%|████████  | 80/100 [08:16<02:04,  6.22s/epoch, best=9.839e-01, sign=0.171, train=1.023e+00, val=1.026e+00]
GNN flow training:  80%|████████  | 80/100 [08:22<02:04,  6.22s/epoch, best=9.839e-01, sign=0.171, train=1.024e+00, val=1.023e+00]
GNN flow training:  81%|████████  | 81/100 [08:22<01:58,  6.22s/epoch, best=9.839e-01, sign=0.171, train=1.024e+00, val=1.023e+00]
GNN flow training:  81%|████████  | 81/100 [08:29<01:58,  6.22s/epoch, best=9.839e-01, sign=0.171, train=1.021e+00, val=1.007e+00]
GNN flow training:  82%|████████▏ | 82/100 [08:29<01:52,  6.24s/epoch, best=9.839e-01, sign=0.171, train=1.021e+00, val=1.007e+00]
GNN flow training:  82%|████████▏ | 82/100 [08:35<01:52,  6.24s/epoch, best=9.839e-01, sign=0.172, train=1.005e+00, val=1.003e+00]
GNN flow training:  83%|████████▎ | 83/100 [08:35<01:45,  6.23s/epoch, best=9.839e-01, sign=0.172, train=1.005e+00, val=1.003e+00]
GNN flow training:  83%|████████▎ | 83/100 [08:41<01:45,  6.23s/epoch, best=9.839e-01, sign=0.171, train=1.001e+00, val=1.010e+00]
GNN flow training:  84%|████████▍ | 84/100 [08:41<01:39,  6.23s/epoch, best=9.839e-01, sign=0.171, train=1.001e+00, val=1.010e+00]
GNN flow training:  84%|████████▍ | 84/100 [08:47<01:39,  6.23s/epoch, best=9.839e-01, sign=0.171, train=1.008e+00, val=1.016e+00]
GNN flow training:  85%|████████▌ | 85/100 [08:47<01:33,  6.22s/epoch, best=9.839e-01, sign=0.171, train=1.008e+00, val=1.016e+00]
GNN flow training:  85%|████████▌ | 85/100 [08:53<01:33,  6.22s/epoch, best=9.839e-01, sign=0.172, train=1.013e+00, val=9.908e-01]
GNN flow training:  86%|████████▌ | 86/100 [08:53<01:26,  6.20s/epoch, best=9.839e-01, sign=0.172, train=1.013e+00, val=9.908e-01]
GNN flow training:  86%|████████▌ | 86/100 [09:00<01:26,  6.20s/epoch, best=9.839e-01, sign=0.173, train=9.885e-01, val=9.789e-01]
GNN flow training:  87%|████████▋ | 87/100 [09:00<01:20,  6.22s/epoch, best=9.839e-01, sign=0.173, train=9.885e-01, val=9.789e-01]
GNN flow training:  87%|████████▋ | 87/100 [09:06<01:20,  6.22s/epoch, best=9.789e-01, sign=0.174, train=9.766e-01, val=9.719e-01]
GNN flow training:  88%|████████▊ | 88/100 [09:06<01:14,  6.22s/epoch, best=9.789e-01, sign=0.174, train=9.766e-01, val=9.719e-01]
GNN flow training:  88%|████████▊ | 88/100 [09:12<01:14,  6.22s/epoch, best=9.719e-01, sign=0.174, train=9.695e-01, val=9.683e-01]
GNN flow training:  89%|████████▉ | 89/100 [09:12<01:08,  6.23s/epoch, best=9.719e-01, sign=0.174, train=9.695e-01, val=9.683e-01]
GNN flow training:  89%|████████▉ | 89/100 [09:18<01:08,  6.23s/epoch, best=9.683e-01, sign=0.172, train=9.659e-01, val=9.813e-01]
GNN flow training:  90%|█████████ | 90/100 [09:18<01:02,  6.22s/epoch, best=9.683e-01, sign=0.172, train=9.659e-01, val=9.813e-01]
GNN flow training:  90%|█████████ | 90/100 [09:25<01:02,  6.22s/epoch, best=9.683e-01, sign=0.173, train=9.789e-01, val=9.711e-01]
GNN flow training:  91%|█████████ | 91/100 [09:25<00:55,  6.22s/epoch, best=9.683e-01, sign=0.173, train=9.789e-01, val=9.711e-01]
GNN flow training:  91%|█████████ | 91/100 [09:31<00:55,  6.22s/epoch, best=9.683e-01, sign=0.173, train=9.687e-01, val=9.697e-01]
GNN flow training:  92%|█████████▏| 92/100 [09:31<00:49,  6.22s/epoch, best=9.683e-01, sign=0.173, train=9.687e-01, val=9.697e-01]
GNN flow training:  92%|█████████▏| 92/100 [09:37<00:49,  6.22s/epoch, best=9.683e-01, sign=0.173, train=9.674e-01, val=9.714e-01]
GNN flow training:  93%|█████████▎| 93/100 [09:37<00:43,  6.23s/epoch, best=9.683e-01, sign=0.173, train=9.674e-01, val=9.714e-01]
GNN flow training:  93%|█████████▎| 93/100 [09:43<00:43,  6.23s/epoch, best=9.683e-01, sign=0.171, train=9.690e-01, val=9.907e-01]
GNN flow training:  94%|█████████▍| 94/100 [09:43<00:37,  6.22s/epoch, best=9.683e-01, sign=0.171, train=9.690e-01, val=9.907e-01]
GNN flow training:  94%|█████████▍| 94/100 [09:50<00:37,  6.22s/epoch, best=9.683e-01, sign=0.171, train=9.884e-01, val=9.838e-01]
GNN flow training:  95%|█████████▌| 95/100 [09:50<00:31,  6.23s/epoch, best=9.683e-01, sign=0.171, train=9.884e-01, val=9.838e-01]
GNN flow training:  95%|█████████▌| 95/100 [09:56<00:31,  6.23s/epoch, best=9.683e-01, sign=0.171, train=9.815e-01, val=9.799e-01]
GNN flow training:  96%|█████████▌| 96/100 [09:56<00:24,  6.21s/epoch, best=9.683e-01, sign=0.171, train=9.815e-01, val=9.799e-01]
GNN flow training:  96%|█████████▌| 96/100 [10:02<00:24,  6.21s/epoch, best=9.683e-01, sign=0.172, train=9.775e-01, val=9.782e-01]
GNN flow training:  97%|█████████▋| 97/100 [10:02<00:18,  6.19s/epoch, best=9.683e-01, sign=0.172, train=9.775e-01, val=9.782e-01]
GNN flow training:  97%|█████████▋| 97/100 [10:08<00:18,  6.19s/epoch, best=9.683e-01, sign=0.172, train=9.758e-01, val=9.856e-01]
GNN flow training:  98%|█████████▊| 98/100 [10:08<00:12,  6.18s/epoch, best=9.683e-01, sign=0.172, train=9.758e-01, val=9.856e-01]
GNN flow training:  98%|█████████▊| 98/100 [10:14<00:12,  6.18s/epoch, best=9.683e-01, sign=0.172, train=9.833e-01, val=9.941e-01]
GNN flow training:  99%|█████████▉| 99/100 [10:14<00:06,  6.17s/epoch, best=9.683e-01, sign=0.172, train=9.833e-01, val=9.941e-01]
GNN flow training:  99%|█████████▉| 99/100 [10:20<00:06,  6.17s/epoch, best=9.683e-01, sign=0.172, train=9.917e-01, val=9.791e-01]
GNN flow training: 100%|██████████| 100/100 [10:20<00:00,  6.16s/epoch, best=9.683e-01, sign=0.172, train=9.917e-01, val=9.791e-01]
GNN flow training: 100%|██████████| 100/100 [10:20<00:00,  6.21s/epoch, best=9.683e-01, sign=0.172, train=9.917e-01, val=9.791e-01]
Resolved config snapshot:
{'preset': 'solver_QKB_outer_QKBdelta', 'gnn_outer_losses': {'flow': 0.1, 'kirchhoff': 1.0, 'boundary': 100.0, 'delta_l2': 1.0, 'delta_smooth': 0.0, 'pressure_shape': 0.0}, 'physics': {'arterial_flow_mode': 'dataset', 'pressure_constraints': ['equal-a-equal-v'], 'alpha_pa': None, 'use_snr_weights': True, 'use_observed_flow_snr_weighting': True, 'flow_scale_mode': 'median_abs', 'solver_device': 'same', 'pressure_solver_mode': 'reduced-soft-constrained-lstsq', 'pressure_solver_lambda_kirchhoff': 1.0, 'pressure_solver_lambda_pressure_constraints': 100.0, 'pressure_solver_lambda_flow_residual': 1.0, 'pressure_shape_reference': 'delta_zero_reference', 'pressure_detach': False}, 'correction_bounds': {'correction_min': -0.5, 'correction_max': 0.5, 'correction_bound': 0.5, 'correction_parameterization': 'tanh'}, 'optimization': {'learning_rate': 0.001, 'weight_decay': 0.0001, 'gradient_clip_norm': 5.0, 'optimizer': 'adamw', 'epochs': 100, 'patience': 40}}
Shard 6/80: 1 of 80 runs
Command: /mnt/home/sswee/miniforge3/envs/yolk-sac/bin/python /mnt/home/sswee/yolk/Yolk-Sac-Flow-Data-and-Sim/gnn_clean/scripts/python/gnn_flow.py /mnt/home/sswee/yolk/Yolk-Sac-Flow-Data-and-Sim/gnn_clean/datasets/mosaic_graph_norm_canonical.gpickle --output-dir /mnt/home/sswee/yolk/Yolk-Sac-Flow-Data-and-Sim/gnn_clean/outputs_canonical_norm/dc/02_physics_weight_sweep/gnn --run-name q_0p1__k_1__delta_1 --preset solver_QKB_outer_QKBdelta --device cuda --epochs 100 --seed 0 --viscosity-pa-s 0.0035 --config /mnt/home/sswee/yolk/Yolk-Sac-Flow-Data-and-Sim/gnn_clean/outputs_canonical_norm/dc/02_physics_weight_sweep/_generated_configs/q_0p1__k_1__delta_1.yaml --no-pressure-detach
