[info] DC Step 2 canonical sweep uses fixed lambda_B=100.0 for both the outer boundary loss and the reduced pressure-solver boundary constraint.

GNN flow training:   0%|          | 0/100 [00:00<?, ?epoch/s]
GNN flow training:   0%|          | 0/100 [00:04<?, ?epoch/s, best=1.635e+02, sign=0.161, train=1.638e+02, val=1.635e+02]
GNN flow training:   1%|          | 1/100 [00:04<07:36,  4.61s/epoch, best=1.635e+02, sign=0.161, train=1.638e+02, val=1.635e+02]
GNN flow training:   1%|          | 1/100 [00:09<07:36,  4.61s/epoch, best=1.635e+02, sign=0.161, train=1.635e+02, val=1.633e+02]
GNN flow training:   2%|▏         | 2/100 [00:09<07:28,  4.58s/epoch, best=1.635e+02, sign=0.161, train=1.635e+02, val=1.633e+02]
GNN flow training:   2%|▏         | 2/100 [00:13<07:28,  4.58s/epoch, best=1.633e+02, sign=0.161, train=1.633e+02, val=1.636e+02]
GNN flow training:   3%|▎         | 3/100 [00:13<07:22,  4.56s/epoch, best=1.633e+02, sign=0.161, train=1.633e+02, val=1.636e+02]
GNN flow training:   3%|▎         | 3/100 [00:18<07:22,  4.56s/epoch, best=1.633e+02, sign=0.162, train=1.636e+02, val=1.633e+02]
GNN flow training:   4%|▍         | 4/100 [00:18<07:16,  4.55s/epoch, best=1.633e+02, sign=0.162, train=1.636e+02, val=1.633e+02]
GNN flow training:   4%|▍         | 4/100 [00:22<07:16,  4.55s/epoch, best=1.633e+02, sign=0.162, train=1.633e+02, val=1.633e+02]
GNN flow training:   5%|▌         | 5/100 [00:22<07:11,  4.54s/epoch, best=1.633e+02, sign=0.162, train=1.633e+02, val=1.633e+02]
GNN flow training:   5%|▌         | 5/100 [00:27<07:11,  4.54s/epoch, best=1.633e+02, sign=0.161, train=1.633e+02, val=1.630e+02]
GNN flow training:   6%|▌         | 6/100 [00:27<07:05,  4.53s/epoch, best=1.633e+02, sign=0.161, train=1.633e+02, val=1.630e+02]
GNN flow training:   6%|▌         | 6/100 [00:31<07:05,  4.53s/epoch, best=1.630e+02, sign=0.160, train=1.630e+02, val=1.625e+02]
GNN flow training:   7%|▋         | 7/100 [00:31<07:00,  4.52s/epoch, best=1.630e+02, sign=0.160, train=1.630e+02, val=1.625e+02]
GNN flow training:   7%|▋         | 7/100 [00:36<07:00,  4.52s/epoch, best=1.625e+02, sign=0.160, train=1.625e+02, val=1.624e+02]
GNN flow training:   8%|▊         | 8/100 [00:36<06:55,  4.52s/epoch, best=1.625e+02, sign=0.160, train=1.625e+02, val=1.624e+02]
GNN flow training:   8%|▊         | 8/100 [00:40<06:55,  4.52s/epoch, best=1.624e+02, sign=0.160, train=1.624e+02, val=1.618e+02]
GNN flow training:   9%|▉         | 9/100 [00:40<06:50,  4.52s/epoch, best=1.624e+02, sign=0.160, train=1.624e+02, val=1.618e+02]
GNN flow training:   9%|▉         | 9/100 [00:45<06:50,  4.52s/epoch, best=1.618e+02, sign=0.159, train=1.618e+02, val=1.613e+02]
GNN flow training:  10%|█         | 10/100 [00:45<06:45,  4.51s/epoch, best=1.618e+02, sign=0.159, train=1.618e+02, val=1.613e+02]
GNN flow training:  10%|█         | 10/100 [00:49<06:45,  4.51s/epoch, best=1.613e+02, sign=0.158, train=1.613e+02, val=1.612e+02]
GNN flow training:  11%|█         | 11/100 [00:49<06:42,  4.52s/epoch, best=1.613e+02, sign=0.158, train=1.613e+02, val=1.612e+02]
GNN flow training:  11%|█         | 11/100 [00:54<06:42,  4.52s/epoch, best=1.612e+02, sign=0.157, train=1.612e+02, val=1.612e+02]
GNN flow training:  12%|█▏        | 12/100 [00:54<06:36,  4.51s/epoch, best=1.612e+02, sign=0.157, train=1.612e+02, val=1.612e+02]
GNN flow training:  12%|█▏        | 12/100 [00:58<06:36,  4.51s/epoch, best=1.612e+02, sign=0.157, train=1.612e+02, val=1.612e+02]
GNN flow training:  13%|█▎        | 13/100 [00:58<06:31,  4.50s/epoch, best=1.612e+02, sign=0.157, train=1.612e+02, val=1.612e+02]
GNN flow training:  13%|█▎        | 13/100 [01:03<06:31,  4.50s/epoch, best=1.612e+02, sign=0.158, train=1.612e+02, val=1.609e+02]
GNN flow training:  14%|█▍        | 14/100 [01:03<06:28,  4.51s/epoch, best=1.612e+02, sign=0.158, train=1.612e+02, val=1.609e+02]
GNN flow training:  14%|█▍        | 14/100 [01:07<06:28,  4.51s/epoch, best=1.609e+02, sign=0.158, train=1.609e+02, val=1.606e+02]
GNN flow training:  15%|█▌        | 15/100 [01:07<06:23,  4.51s/epoch, best=1.609e+02, sign=0.158, train=1.609e+02, val=1.606e+02]
GNN flow training:  15%|█▌        | 15/100 [01:12<06:23,  4.51s/epoch, best=1.606e+02, sign=0.159, train=1.606e+02, val=1.605e+02]
GNN flow training:  16%|█▌        | 16/100 [01:12<06:20,  4.53s/epoch, best=1.606e+02, sign=0.159, train=1.606e+02, val=1.605e+02]
GNN flow training:  16%|█▌        | 16/100 [01:16<06:20,  4.53s/epoch, best=1.605e+02, sign=0.159, train=1.605e+02, val=1.606e+02]
GNN flow training:  17%|█▋        | 17/100 [01:16<06:14,  4.51s/epoch, best=1.605e+02, sign=0.159, train=1.605e+02, val=1.606e+02]
GNN flow training:  17%|█▋        | 17/100 [01:21<06:14,  4.51s/epoch, best=1.605e+02, sign=0.159, train=1.606e+02, val=1.608e+02]
GNN flow training:  18%|█▊        | 18/100 [01:21<06:09,  4.50s/epoch, best=1.605e+02, sign=0.159, train=1.606e+02, val=1.608e+02]
GNN flow training:  18%|█▊        | 18/100 [01:25<06:09,  4.50s/epoch, best=1.605e+02, sign=0.159, train=1.608e+02, val=1.607e+02]
GNN flow training:  19%|█▉        | 19/100 [01:25<06:05,  4.51s/epoch, best=1.605e+02, sign=0.159, train=1.608e+02, val=1.607e+02]
GNN flow training:  19%|█▉        | 19/100 [01:30<06:05,  4.51s/epoch, best=1.605e+02, sign=0.160, train=1.607e+02, val=1.611e+02]
GNN flow training:  20%|██        | 20/100 [01:30<06:00,  4.51s/epoch, best=1.605e+02, sign=0.160, train=1.607e+02, val=1.611e+02]
GNN flow training:  20%|██        | 20/100 [01:34<06:00,  4.51s/epoch, best=1.605e+02, sign=0.160, train=1.611e+02, val=1.610e+02]
GNN flow training:  21%|██        | 21/100 [01:34<05:58,  4.53s/epoch, best=1.605e+02, sign=0.160, train=1.611e+02, val=1.610e+02]
GNN flow training:  21%|██        | 21/100 [01:39<05:58,  4.53s/epoch, best=1.605e+02, sign=0.161, train=1.610e+02, val=1.613e+02]
GNN flow training:  22%|██▏       | 22/100 [01:39<05:53,  4.53s/epoch, best=1.605e+02, sign=0.161, train=1.610e+02, val=1.613e+02]
GNN flow training:  22%|██▏       | 22/100 [01:44<05:53,  4.53s/epoch, best=1.605e+02, sign=0.162, train=1.613e+02, val=1.615e+02]
GNN flow training:  23%|██▎       | 23/100 [01:44<05:48,  4.53s/epoch, best=1.605e+02, sign=0.162, train=1.613e+02, val=1.615e+02]
GNN flow training:  23%|██▎       | 23/100 [01:48<05:48,  4.53s/epoch, best=1.605e+02, sign=0.163, train=1.615e+02, val=1.605e+02]
GNN flow training:  24%|██▍       | 24/100 [01:48<05:44,  4.53s/epoch, best=1.605e+02, sign=0.163, train=1.615e+02, val=1.605e+02]
GNN flow training:  24%|██▍       | 24/100 [01:53<05:44,  4.53s/epoch, best=1.605e+02, sign=0.165, train=1.605e+02, val=1.604e+02]
GNN flow training:  25%|██▌       | 25/100 [01:53<05:39,  4.52s/epoch, best=1.605e+02, sign=0.165, train=1.605e+02, val=1.604e+02]
GNN flow training:  25%|██▌       | 25/100 [01:57<05:39,  4.52s/epoch, best=1.604e+02, sign=0.165, train=1.604e+02, val=1.605e+02]
GNN flow training:  26%|██▌       | 26/100 [01:57<05:34,  4.53s/epoch, best=1.604e+02, sign=0.165, train=1.604e+02, val=1.605e+02]
GNN flow training:  26%|██▌       | 26/100 [02:02<05:34,  4.53s/epoch, best=1.604e+02, sign=0.168, train=1.605e+02, val=1.600e+02]
GNN flow training:  27%|██▋       | 27/100 [02:02<05:29,  4.52s/epoch, best=1.604e+02, sign=0.168, train=1.605e+02, val=1.600e+02]
GNN flow training:  27%|██▋       | 27/100 [02:06<05:29,  4.52s/epoch, best=1.600e+02, sign=0.168, train=1.600e+02, val=1.596e+02]
GNN flow training:  28%|██▊       | 28/100 [02:06<05:24,  4.51s/epoch, best=1.600e+02, sign=0.168, train=1.600e+02, val=1.596e+02]
GNN flow training:  28%|██▊       | 28/100 [02:11<05:24,  4.51s/epoch, best=1.596e+02, sign=0.169, train=1.596e+02, val=1.594e+02]
GNN flow training:  29%|██▉       | 29/100 [02:11<05:20,  4.51s/epoch, best=1.596e+02, sign=0.169, train=1.596e+02, val=1.594e+02]
GNN flow training:  29%|██▉       | 29/100 [02:15<05:20,  4.51s/epoch, best=1.594e+02, sign=0.168, train=1.594e+02, val=1.590e+02]
GNN flow training:  30%|███       | 30/100 [02:15<05:16,  4.52s/epoch, best=1.594e+02, sign=0.168, train=1.594e+02, val=1.590e+02]
GNN flow training:  30%|███       | 30/100 [02:20<05:16,  4.52s/epoch, best=1.590e+02, sign=0.168, train=1.590e+02, val=1.581e+02]
GNN flow training:  31%|███       | 31/100 [02:20<05:11,  4.51s/epoch, best=1.590e+02, sign=0.168, train=1.590e+02, val=1.581e+02]
GNN flow training:  31%|███       | 31/100 [02:24<05:11,  4.51s/epoch, best=1.581e+02, sign=0.168, train=1.581e+02, val=1.586e+02]
GNN flow training:  32%|███▏      | 32/100 [02:24<05:07,  4.52s/epoch, best=1.581e+02, sign=0.168, train=1.581e+02, val=1.586e+02]
GNN flow training:  32%|███▏      | 32/100 [02:29<05:07,  4.52s/epoch, best=1.581e+02, sign=0.167, train=1.586e+02, val=1.594e+02]
GNN flow training:  33%|███▎      | 33/100 [02:29<05:03,  4.53s/epoch, best=1.581e+02, sign=0.167, train=1.586e+02, val=1.594e+02]
GNN flow training:  33%|███▎      | 33/100 [02:33<05:03,  4.53s/epoch, best=1.581e+02, sign=0.165, train=1.594e+02, val=1.582e+02]
GNN flow training:  34%|███▍      | 34/100 [02:33<04:59,  4.53s/epoch, best=1.581e+02, sign=0.165, train=1.594e+02, val=1.582e+02]
GNN flow training:  34%|███▍      | 34/100 [02:38<04:59,  4.53s/epoch, best=1.581e+02, sign=0.165, train=1.582e+02, val=1.569e+02]
GNN flow training:  35%|███▌      | 35/100 [02:38<04:54,  4.53s/epoch, best=1.581e+02, sign=0.165, train=1.582e+02, val=1.569e+02]
GNN flow training:  35%|███▌      | 35/100 [02:42<04:54,  4.53s/epoch, best=1.569e+02, sign=0.164, train=1.569e+02, val=1.537e+02]
GNN flow training:  36%|███▌      | 36/100 [02:42<04:50,  4.53s/epoch, best=1.569e+02, sign=0.164, train=1.569e+02, val=1.537e+02]
GNN flow training:  36%|███▌      | 36/100 [02:47<04:50,  4.53s/epoch, best=1.537e+02, sign=0.163, train=1.537e+02, val=1.519e+02]
GNN flow training:  37%|███▋      | 37/100 [02:47<04:45,  4.53s/epoch, best=1.537e+02, sign=0.163, train=1.537e+02, val=1.519e+02]
GNN flow training:  37%|███▋      | 37/100 [02:51<04:45,  4.53s/epoch, best=1.519e+02, sign=0.163, train=1.519e+02, val=1.510e+02]
GNN flow training:  38%|███▊      | 38/100 [02:51<04:40,  4.52s/epoch, best=1.519e+02, sign=0.163, train=1.519e+02, val=1.510e+02]
GNN flow training:  38%|███▊      | 38/100 [02:56<04:40,  4.52s/epoch, best=1.510e+02, sign=0.163, train=1.510e+02, val=1.506e+02]
GNN flow training:  39%|███▉      | 39/100 [02:56<04:35,  4.52s/epoch, best=1.510e+02, sign=0.163, train=1.510e+02, val=1.506e+02]
GNN flow training:  39%|███▉      | 39/100 [03:00<04:35,  4.52s/epoch, best=1.506e+02, sign=0.161, train=1.506e+02, val=1.493e+02]
GNN flow training:  40%|████      | 40/100 [03:00<04:30,  4.51s/epoch, best=1.506e+02, sign=0.161, train=1.506e+02, val=1.493e+02]
GNN flow training:  40%|████      | 40/100 [03:05<04:30,  4.51s/epoch, best=1.493e+02, sign=0.160, train=1.493e+02, val=1.463e+02]
GNN flow training:  41%|████      | 41/100 [03:05<04:25,  4.50s/epoch, best=1.493e+02, sign=0.160, train=1.493e+02, val=1.463e+02]
GNN flow training:  41%|████      | 41/100 [03:09<04:25,  4.50s/epoch, best=1.463e+02, sign=0.159, train=1.463e+02, val=1.436e+02]
GNN flow training:  42%|████▏     | 42/100 [03:09<04:21,  4.52s/epoch, best=1.463e+02, sign=0.159, train=1.463e+02, val=1.436e+02]
GNN flow training:  42%|████▏     | 42/100 [03:14<04:21,  4.52s/epoch, best=1.436e+02, sign=0.158, train=1.436e+02, val=1.397e+02]
GNN flow training:  43%|████▎     | 43/100 [03:14<04:17,  4.51s/epoch, best=1.436e+02, sign=0.158, train=1.436e+02, val=1.397e+02]
GNN flow training:  43%|████▎     | 43/100 [03:18<04:17,  4.51s/epoch, best=1.397e+02, sign=0.158, train=1.396e+02, val=1.366e+02]
GNN flow training:  44%|████▍     | 44/100 [03:18<04:12,  4.50s/epoch, best=1.397e+02, sign=0.158, train=1.396e+02, val=1.366e+02]
GNN flow training:  44%|████▍     | 44/100 [03:23<04:12,  4.50s/epoch, best=1.366e+02, sign=0.157, train=1.366e+02, val=1.340e+02]
GNN flow training:  45%|████▌     | 45/100 [03:23<04:07,  4.50s/epoch, best=1.366e+02, sign=0.157, train=1.366e+02, val=1.340e+02]
GNN flow training:  45%|████▌     | 45/100 [03:27<04:07,  4.50s/epoch, best=1.340e+02, sign=0.155, train=1.340e+02, val=1.302e+02]
GNN flow training:  46%|████▌     | 46/100 [03:27<04:02,  4.49s/epoch, best=1.340e+02, sign=0.155, train=1.340e+02, val=1.302e+02]
GNN flow training:  46%|████▌     | 46/100 [03:32<04:02,  4.49s/epoch, best=1.302e+02, sign=0.156, train=1.302e+02, val=1.270e+02]
GNN flow training:  47%|████▋     | 47/100 [03:32<03:59,  4.51s/epoch, best=1.302e+02, sign=0.156, train=1.302e+02, val=1.270e+02]
GNN flow training:  47%|████▋     | 47/100 [03:36<03:59,  4.51s/epoch, best=1.270e+02, sign=0.157, train=1.270e+02, val=1.236e+02]
GNN flow training:  48%|████▊     | 48/100 [03:36<03:54,  4.52s/epoch, best=1.270e+02, sign=0.157, train=1.270e+02, val=1.236e+02]
GNN flow training:  48%|████▊     | 48/100 [03:41<03:54,  4.52s/epoch, best=1.236e+02, sign=0.157, train=1.236e+02, val=1.229e+02]
GNN flow training:  49%|████▉     | 49/100 [03:41<03:50,  4.53s/epoch, best=1.236e+02, sign=0.157, train=1.236e+02, val=1.229e+02]
GNN flow training:  49%|████▉     | 49/100 [03:46<03:50,  4.53s/epoch, best=1.229e+02, sign=0.156, train=1.229e+02, val=1.223e+02]
GNN flow training:  50%|█████     | 50/100 [03:46<03:46,  4.52s/epoch, best=1.229e+02, sign=0.156, train=1.229e+02, val=1.223e+02]
GNN flow training:  50%|█████     | 50/100 [03:50<03:46,  4.52s/epoch, best=1.223e+02, sign=0.155, train=1.223e+02, val=1.246e+02]
GNN flow training:  51%|█████     | 51/100 [03:50<03:41,  4.52s/epoch, best=1.223e+02, sign=0.155, train=1.223e+02, val=1.246e+02]
GNN flow training:  51%|█████     | 51/100 [03:55<03:41,  4.52s/epoch, best=1.223e+02, sign=0.156, train=1.246e+02, val=1.236e+02]
GNN flow training:  52%|█████▏    | 52/100 [03:55<03:36,  4.52s/epoch, best=1.223e+02, sign=0.156, train=1.246e+02, val=1.236e+02]
GNN flow training:  52%|█████▏    | 52/100 [03:59<03:36,  4.52s/epoch, best=1.223e+02, sign=0.155, train=1.236e+02, val=1.222e+02]
GNN flow training:  53%|█████▎    | 53/100 [03:59<03:32,  4.51s/epoch, best=1.223e+02, sign=0.155, train=1.236e+02, val=1.222e+02]
GNN flow training:  53%|█████▎    | 53/100 [04:04<03:32,  4.51s/epoch, best=1.222e+02, sign=0.155, train=1.222e+02, val=1.184e+02]
GNN flow training:  54%|█████▍    | 54/100 [04:04<03:27,  4.50s/epoch, best=1.222e+02, sign=0.155, train=1.222e+02, val=1.184e+02]
GNN flow training:  54%|█████▍    | 54/100 [04:08<03:27,  4.50s/epoch, best=1.184e+02, sign=0.155, train=1.184e+02, val=1.135e+02]
GNN flow training:  55%|█████▌    | 55/100 [04:08<03:22,  4.49s/epoch, best=1.184e+02, sign=0.155, train=1.184e+02, val=1.135e+02]
GNN flow training:  55%|█████▌    | 55/100 [04:13<03:22,  4.49s/epoch, best=1.135e+02, sign=0.156, train=1.135e+02, val=1.087e+02]
GNN flow training:  56%|█████▌    | 56/100 [04:13<03:18,  4.51s/epoch, best=1.135e+02, sign=0.156, train=1.135e+02, val=1.087e+02]
GNN flow training:  56%|█████▌    | 56/100 [04:17<03:18,  4.51s/epoch, best=1.087e+02, sign=0.158, train=1.087e+02, val=1.054e+02]
GNN flow training:  57%|█████▋    | 57/100 [04:17<03:14,  4.52s/epoch, best=1.087e+02, sign=0.158, train=1.087e+02, val=1.054e+02]
GNN flow training:  57%|█████▋    | 57/100 [04:22<03:14,  4.52s/epoch, best=1.054e+02, sign=0.157, train=1.054e+02, val=1.049e+02]
GNN flow training:  58%|█████▊    | 58/100 [04:22<03:09,  4.52s/epoch, best=1.054e+02, sign=0.157, train=1.054e+02, val=1.049e+02]
GNN flow training:  58%|█████▊    | 58/100 [04:26<03:09,  4.52s/epoch, best=1.049e+02, sign=0.157, train=1.049e+02, val=1.037e+02]
GNN flow training:  59%|█████▉    | 59/100 [04:26<03:06,  4.54s/epoch, best=1.049e+02, sign=0.157, train=1.049e+02, val=1.037e+02]
GNN flow training:  59%|█████▉    | 59/100 [04:31<03:06,  4.54s/epoch, best=1.037e+02, sign=0.158, train=1.037e+02, val=1.029e+02]
GNN flow training:  60%|██████    | 60/100 [04:31<03:01,  4.54s/epoch, best=1.037e+02, sign=0.158, train=1.037e+02, val=1.029e+02]
GNN flow training:  60%|██████    | 60/100 [04:35<03:01,  4.54s/epoch, best=1.029e+02, sign=0.160, train=1.029e+02, val=9.977e+01]
GNN flow training:  61%|██████    | 61/100 [04:35<02:57,  4.54s/epoch, best=1.029e+02, sign=0.160, train=1.029e+02, val=9.977e+01]
GNN flow training:  61%|██████    | 61/100 [04:40<02:57,  4.54s/epoch, best=9.977e+01, sign=0.163, train=9.976e+01, val=9.548e+01]
GNN flow training:  62%|██████▏   | 62/100 [04:40<02:52,  4.55s/epoch, best=9.977e+01, sign=0.163, train=9.976e+01, val=9.548e+01]
GNN flow training:  62%|██████▏   | 62/100 [04:44<02:52,  4.55s/epoch, best=9.548e+01, sign=0.166, train=9.546e+01, val=9.068e+01]
GNN flow training:  63%|██████▎   | 63/100 [04:44<02:48,  4.55s/epoch, best=9.548e+01, sign=0.166, train=9.546e+01, val=9.068e+01]
GNN flow training:  63%|██████▎   | 63/100 [04:49<02:48,  4.55s/epoch, best=9.068e+01, sign=0.169, train=9.066e+01, val=8.638e+01]
GNN flow training:  64%|██████▍   | 64/100 [04:49<02:43,  4.53s/epoch, best=9.068e+01, sign=0.169, train=9.066e+01, val=8.638e+01]
GNN flow training:  64%|██████▍   | 64/100 [04:53<02:43,  4.53s/epoch, best=8.638e+01, sign=0.170, train=8.636e+01, val=8.605e+01]
GNN flow training:  65%|██████▌   | 65/100 [04:53<02:38,  4.53s/epoch, best=8.638e+01, sign=0.170, train=8.636e+01, val=8.605e+01]
GNN flow training:  65%|██████▌   | 65/100 [04:58<02:38,  4.53s/epoch, best=8.605e+01, sign=0.166, train=8.603e+01, val=9.037e+01]
GNN flow training:  66%|██████▌   | 66/100 [04:58<02:34,  4.53s/epoch, best=8.605e+01, sign=0.166, train=8.603e+01, val=9.037e+01]
GNN flow training:  66%|██████▌   | 66/100 [05:02<02:34,  4.53s/epoch, best=8.605e+01, sign=0.164, train=9.035e+01, val=9.396e+01]
GNN flow training:  67%|██████▋   | 67/100 [05:02<02:29,  4.53s/epoch, best=8.605e+01, sign=0.164, train=9.035e+01, val=9.396e+01]
GNN flow training:  67%|██████▋   | 67/100 [05:07<02:29,  4.53s/epoch, best=8.605e+01, sign=0.164, train=9.394e+01, val=9.343e+01]
GNN flow training:  68%|██████▊   | 68/100 [05:07<02:25,  4.54s/epoch, best=8.605e+01, sign=0.164, train=9.394e+01, val=9.343e+01]
GNN flow training:  68%|██████▊   | 68/100 [05:12<02:25,  4.54s/epoch, best=8.605e+01, sign=0.166, train=9.341e+01, val=9.033e+01]
GNN flow training:  69%|██████▉   | 69/100 [05:12<02:20,  4.52s/epoch, best=8.605e+01, sign=0.166, train=9.341e+01, val=9.033e+01]
GNN flow training:  69%|██████▉   | 69/100 [05:16<02:20,  4.52s/epoch, best=8.605e+01, sign=0.170, train=9.031e+01, val=8.451e+01]
GNN flow training:  70%|███████   | 70/100 [05:16<02:15,  4.52s/epoch, best=8.605e+01, sign=0.170, train=9.031e+01, val=8.451e+01]
GNN flow training:  70%|███████   | 70/100 [05:21<02:15,  4.52s/epoch, best=8.451e+01, sign=0.171, train=8.449e+01, val=8.361e+01]
GNN flow training:  71%|███████   | 71/100 [05:21<02:11,  4.53s/epoch, best=8.451e+01, sign=0.171, train=8.449e+01, val=8.361e+01]
GNN flow training:  71%|███████   | 71/100 [05:25<02:11,  4.53s/epoch, best=8.361e+01, sign=0.169, train=8.358e+01, val=8.452e+01]
GNN flow training:  72%|███████▏  | 72/100 [05:25<02:06,  4.53s/epoch, best=8.361e+01, sign=0.169, train=8.358e+01, val=8.452e+01]
GNN flow training:  72%|███████▏  | 72/100 [05:30<02:06,  4.53s/epoch, best=8.361e+01, sign=0.168, train=8.450e+01, val=8.795e+01]
GNN flow training:  73%|███████▎  | 73/100 [05:30<02:02,  4.53s/epoch, best=8.361e+01, sign=0.168, train=8.450e+01, val=8.795e+01]
GNN flow training:  73%|███████▎  | 73/100 [05:34<02:02,  4.53s/epoch, best=8.361e+01, sign=0.167, train=8.793e+01, val=8.914e+01]
GNN flow training:  74%|███████▍  | 74/100 [05:34<01:57,  4.53s/epoch, best=8.361e+01, sign=0.167, train=8.793e+01, val=8.914e+01]
GNN flow training:  74%|███████▍  | 74/100 [05:39<01:57,  4.53s/epoch, best=8.361e+01, sign=0.167, train=8.912e+01, val=9.075e+01]
GNN flow training:  75%|███████▌  | 75/100 [05:39<01:53,  4.55s/epoch, best=8.361e+01, sign=0.167, train=8.912e+01, val=9.075e+01]
GNN flow training:  75%|███████▌  | 75/100 [05:43<01:53,  4.55s/epoch, best=8.361e+01, sign=0.165, train=9.073e+01, val=9.226e+01]
GNN flow training:  76%|███████▌  | 76/100 [05:43<01:49,  4.56s/epoch, best=8.361e+01, sign=0.165, train=9.073e+01, val=9.226e+01]
GNN flow training:  76%|███████▌  | 76/100 [05:48<01:49,  4.56s/epoch, best=8.361e+01, sign=0.166, train=9.224e+01, val=9.109e+01]
GNN flow training:  77%|███████▋  | 77/100 [05:48<01:44,  4.55s/epoch, best=8.361e+01, sign=0.166, train=9.224e+01, val=9.109e+01]
GNN flow training:  77%|███████▋  | 77/100 [05:52<01:44,  4.55s/epoch, best=8.361e+01, sign=0.168, train=9.107e+01, val=8.712e+01]
GNN flow training:  78%|███████▊  | 78/100 [05:52<01:39,  4.53s/epoch, best=8.361e+01, sign=0.168, train=9.107e+01, val=8.712e+01]
GNN flow training:  78%|███████▊  | 78/100 [05:57<01:39,  4.53s/epoch, best=8.361e+01, sign=0.170, train=8.710e+01, val=8.229e+01]
GNN flow training:  79%|███████▉  | 79/100 [05:57<01:35,  4.54s/epoch, best=8.361e+01, sign=0.170, train=8.710e+01, val=8.229e+01]
GNN flow training:  79%|███████▉  | 79/100 [06:01<01:35,  4.54s/epoch, best=8.229e+01, sign=0.172, train=8.227e+01, val=7.785e+01]
GNN flow training:  80%|████████  | 80/100 [06:01<01:30,  4.53s/epoch, best=8.229e+01, sign=0.172, train=8.227e+01, val=7.785e+01]
GNN flow training:  80%|████████  | 80/100 [06:06<01:30,  4.53s/epoch, best=7.785e+01, sign=0.171, train=7.783e+01, val=8.165e+01]
GNN flow training:  81%|████████  | 81/100 [06:06<01:26,  4.54s/epoch, best=7.785e+01, sign=0.171, train=7.783e+01, val=8.165e+01]
GNN flow training:  81%|████████  | 81/100 [06:10<01:26,  4.54s/epoch, best=7.785e+01, sign=0.168, train=8.163e+01, val=8.639e+01]
GNN flow training:  82%|████████▏ | 82/100 [06:10<01:21,  4.53s/epoch, best=7.785e+01, sign=0.168, train=8.163e+01, val=8.639e+01]
GNN flow training:  82%|████████▏ | 82/100 [06:15<01:21,  4.53s/epoch, best=7.785e+01, sign=0.165, train=8.638e+01, val=8.885e+01]
GNN flow training:  83%|████████▎ | 83/100 [06:15<01:16,  4.52s/epoch, best=7.785e+01, sign=0.165, train=8.638e+01, val=8.885e+01]
GNN flow training:  83%|████████▎ | 83/100 [06:20<01:16,  4.52s/epoch, best=7.785e+01, sign=0.165, train=8.883e+01, val=8.851e+01]
GNN flow training:  84%|████████▍ | 84/100 [06:20<01:12,  4.52s/epoch, best=7.785e+01, sign=0.165, train=8.883e+01, val=8.851e+01]
GNN flow training:  84%|████████▍ | 84/100 [06:24<01:12,  4.52s/epoch, best=7.785e+01, sign=0.168, train=8.849e+01, val=8.641e+01]
GNN flow training:  85%|████████▌ | 85/100 [06:24<01:07,  4.51s/epoch, best=7.785e+01, sign=0.168, train=8.849e+01, val=8.641e+01]
GNN flow training:  85%|████████▌ | 85/100 [06:29<01:07,  4.51s/epoch, best=7.785e+01, sign=0.170, train=8.639e+01, val=8.332e+01]
GNN flow training:  86%|████████▌ | 86/100 [06:29<01:03,  4.51s/epoch, best=7.785e+01, sign=0.170, train=8.639e+01, val=8.332e+01]
GNN flow training:  86%|████████▌ | 86/100 [06:33<01:03,  4.51s/epoch, best=7.785e+01, sign=0.172, train=8.330e+01, val=7.742e+01]
GNN flow training:  87%|████████▋ | 87/100 [06:33<00:58,  4.50s/epoch, best=7.785e+01, sign=0.172, train=8.330e+01, val=7.742e+01]
GNN flow training:  87%|████████▋ | 87/100 [06:38<00:58,  4.50s/epoch, best=7.742e+01, sign=0.172, train=7.740e+01, val=7.496e+01]
GNN flow training:  88%|████████▊ | 88/100 [06:38<00:54,  4.51s/epoch, best=7.742e+01, sign=0.172, train=7.740e+01, val=7.496e+01]
GNN flow training:  88%|████████▊ | 88/100 [06:42<00:54,  4.51s/epoch, best=7.496e+01, sign=0.173, train=7.493e+01, val=7.526e+01]
GNN flow training:  89%|████████▉ | 89/100 [06:42<00:49,  4.51s/epoch, best=7.496e+01, sign=0.173, train=7.493e+01, val=7.526e+01]
GNN flow training:  89%|████████▉ | 89/100 [06:47<00:49,  4.51s/epoch, best=7.496e+01, sign=0.174, train=7.524e+01, val=7.505e+01]
GNN flow training:  90%|█████████ | 90/100 [06:47<00:45,  4.52s/epoch, best=7.496e+01, sign=0.174, train=7.524e+01, val=7.505e+01]
GNN flow training:  90%|█████████ | 90/100 [06:51<00:45,  4.52s/epoch, best=7.496e+01, sign=0.174, train=7.502e+01, val=7.638e+01]
GNN flow training:  91%|█████████ | 91/100 [06:51<00:40,  4.53s/epoch, best=7.496e+01, sign=0.174, train=7.502e+01, val=7.638e+01]
GNN flow training:  91%|█████████ | 91/100 [06:56<00:40,  4.53s/epoch, best=7.496e+01, sign=0.173, train=7.636e+01, val=7.501e+01]
GNN flow training:  92%|█████████▏| 92/100 [06:56<00:36,  4.54s/epoch, best=7.496e+01, sign=0.173, train=7.636e+01, val=7.501e+01]
GNN flow training:  92%|█████████▏| 92/100 [07:00<00:36,  4.54s/epoch, best=7.496e+01, sign=0.172, train=7.499e+01, val=7.475e+01]
GNN flow training:  93%|█████████▎| 93/100 [07:00<00:31,  4.53s/epoch, best=7.496e+01, sign=0.172, train=7.499e+01, val=7.475e+01]
GNN flow training:  93%|█████████▎| 93/100 [07:05<00:31,  4.53s/epoch, best=7.475e+01, sign=0.173, train=7.473e+01, val=7.578e+01]
GNN flow training:  94%|█████████▍| 94/100 [07:05<00:27,  4.53s/epoch, best=7.475e+01, sign=0.173, train=7.473e+01, val=7.578e+01]
GNN flow training:  94%|█████████▍| 94/100 [07:09<00:27,  4.53s/epoch, best=7.475e+01, sign=0.170, train=7.576e+01, val=8.076e+01]
GNN flow training:  95%|█████████▌| 95/100 [07:09<00:22,  4.52s/epoch, best=7.475e+01, sign=0.170, train=7.576e+01, val=8.076e+01]
GNN flow training:  95%|█████████▌| 95/100 [07:14<00:22,  4.52s/epoch, best=7.475e+01, sign=0.167, train=8.074e+01, val=8.674e+01]
GNN flow training:  96%|█████████▌| 96/100 [07:14<00:18,  4.52s/epoch, best=7.475e+01, sign=0.167, train=8.074e+01, val=8.674e+01]
GNN flow training:  96%|█████████▌| 96/100 [07:18<00:18,  4.52s/epoch, best=7.475e+01, sign=0.164, train=8.672e+01, val=9.200e+01]
GNN flow training:  97%|█████████▋| 97/100 [07:18<00:13,  4.52s/epoch, best=7.475e+01, sign=0.164, train=8.672e+01, val=9.200e+01]
GNN flow training:  97%|█████████▋| 97/100 [07:23<00:13,  4.52s/epoch, best=7.475e+01, sign=0.163, train=9.198e+01, val=9.738e+01]
GNN flow training:  98%|█████████▊| 98/100 [07:23<00:09,  4.52s/epoch, best=7.475e+01, sign=0.163, train=9.198e+01, val=9.738e+01]
GNN flow training:  98%|█████████▊| 98/100 [07:27<00:09,  4.52s/epoch, best=7.475e+01, sign=0.161, train=9.736e+01, val=1.003e+02]
GNN flow training:  99%|█████████▉| 99/100 [07:27<00:04,  4.51s/epoch, best=7.475e+01, sign=0.161, train=9.736e+01, val=1.003e+02]
GNN flow training:  99%|█████████▉| 99/100 [07:32<00:04,  4.51s/epoch, best=7.475e+01, sign=0.162, train=1.003e+02, val=9.888e+01]
GNN flow training: 100%|██████████| 100/100 [07:32<00:00,  4.51s/epoch, best=7.475e+01, sign=0.162, train=1.003e+02, val=9.888e+01]
GNN flow training: 100%|██████████| 100/100 [07:32<00:00,  4.52s/epoch, best=7.475e+01, sign=0.162, train=1.003e+02, val=9.888e+01]
Resolved config snapshot:
{'preset': 'solver_QKB_outer_QKBdelta', 'gnn_outer_losses': {'flow': 1.0, 'kirchhoff': 100.0, 'boundary': 100.0, 'delta_l2': 1.0, 'delta_smooth': 0.0, 'pressure_shape': 0.0}, 'physics': {'arterial_flow_mode': 'dataset', 'pressure_constraints': ['equal-a-equal-v'], 'alpha_pa': None, 'use_snr_weights': True, 'use_observed_flow_snr_weighting': True, 'flow_scale_mode': 'median_abs', 'solver_device': 'same', 'pressure_solver_mode': 'reduced-soft-constrained-lstsq', 'pressure_solver_lambda_kirchhoff': 1.0, 'pressure_solver_lambda_pressure_constraints': 100.0, 'pressure_solver_lambda_flow_residual': 1.0, 'pressure_shape_reference': 'delta_zero_reference', 'pressure_detach': False}, 'correction_bounds': {'correction_min': -0.5, 'correction_max': 0.5, 'correction_bound': 0.5, 'correction_parameterization': 'tanh'}, 'optimization': {'learning_rate': 0.001, 'weight_decay': 0.0001, 'gradient_clip_norm': 5.0, 'optimizer': 'adamw', 'epochs': 100, 'patience': 40}}
Shard 30/80: 1 of 80 runs
Command: /mnt/home/sswee/miniforge3/envs/yolk-sac/bin/python /mnt/home/sswee/yolk/Yolk-Sac-Flow-Data-and-Sim/gnn_clean/scripts/python/gnn_flow.py /mnt/home/sswee/yolk/Yolk-Sac-Flow-Data-and-Sim/gnn_clean/datasets/mosaic_graph_norm_canonical.gpickle --output-dir /mnt/home/sswee/yolk/Yolk-Sac-Flow-Data-and-Sim/gnn_clean/outputs_canonical_norm/dc/02_physics_weight_sweep/gnn --run-name q_1__k_100__delta_1 --preset solver_QKB_outer_QKBdelta --device cuda --epochs 100 --seed 0 --viscosity-pa-s 0.0035 --config /mnt/home/sswee/yolk/Yolk-Sac-Flow-Data-and-Sim/gnn_clean/outputs_canonical_norm/dc/02_physics_weight_sweep/_generated_configs/q_1__k_100__delta_1.yaml --no-pressure-detach
