[info] DC Step 2 canonical sweep uses fixed lambda_B=100.0 for both the outer boundary loss and the reduced pressure-solver boundary constraint.

GNN flow training:   0%|          | 0/100 [00:00<?, ?epoch/s]
GNN flow training:   0%|          | 0/100 [00:04<?, ?epoch/s, best=1.740e+00, sign=0.161, train=1.741e+00, val=1.740e+00]
GNN flow training:   1%|          | 1/100 [00:04<07:46,  4.72s/epoch, best=1.740e+00, sign=0.161, train=1.741e+00, val=1.740e+00]
GNN flow training:   1%|          | 1/100 [00:09<07:46,  4.72s/epoch, best=1.740e+00, sign=0.160, train=1.738e+00, val=1.739e+00]
GNN flow training:   2%|▏         | 2/100 [00:09<07:30,  4.60s/epoch, best=1.740e+00, sign=0.160, train=1.738e+00, val=1.739e+00]
GNN flow training:   2%|▏         | 2/100 [00:13<07:30,  4.60s/epoch, best=1.739e+00, sign=0.160, train=1.737e+00, val=1.734e+00]
GNN flow training:   3%|▎         | 3/100 [00:13<07:21,  4.55s/epoch, best=1.739e+00, sign=0.160, train=1.737e+00, val=1.734e+00]
GNN flow training:   3%|▎         | 3/100 [00:18<07:21,  4.55s/epoch, best=1.734e+00, sign=0.161, train=1.732e+00, val=1.732e+00]
GNN flow training:   4%|▍         | 4/100 [00:18<07:16,  4.55s/epoch, best=1.734e+00, sign=0.161, train=1.732e+00, val=1.732e+00]
GNN flow training:   4%|▍         | 4/100 [00:22<07:16,  4.55s/epoch, best=1.732e+00, sign=0.160, train=1.730e+00, val=1.729e+00]
GNN flow training:   5%|▌         | 5/100 [00:22<07:11,  4.55s/epoch, best=1.732e+00, sign=0.160, train=1.730e+00, val=1.729e+00]
GNN flow training:   5%|▌         | 5/100 [00:27<07:11,  4.55s/epoch, best=1.729e+00, sign=0.160, train=1.727e+00, val=1.726e+00]
GNN flow training:   6%|▌         | 6/100 [00:27<07:06,  4.54s/epoch, best=1.729e+00, sign=0.160, train=1.727e+00, val=1.726e+00]
GNN flow training:   6%|▌         | 6/100 [00:31<07:06,  4.54s/epoch, best=1.726e+00, sign=0.160, train=1.724e+00, val=1.723e+00]
GNN flow training:   7%|▋         | 7/100 [00:31<07:01,  4.54s/epoch, best=1.726e+00, sign=0.160, train=1.724e+00, val=1.723e+00]
GNN flow training:   7%|▋         | 7/100 [00:36<07:01,  4.54s/epoch, best=1.723e+00, sign=0.160, train=1.720e+00, val=1.722e+00]
GNN flow training:   8%|▊         | 8/100 [00:36<06:56,  4.53s/epoch, best=1.723e+00, sign=0.160, train=1.720e+00, val=1.722e+00]
GNN flow training:   8%|▊         | 8/100 [00:40<06:56,  4.53s/epoch, best=1.722e+00, sign=0.160, train=1.720e+00, val=1.721e+00]
GNN flow training:   9%|▉         | 9/100 [00:40<06:51,  4.53s/epoch, best=1.722e+00, sign=0.160, train=1.720e+00, val=1.721e+00]
GNN flow training:   9%|▉         | 9/100 [00:45<06:51,  4.53s/epoch, best=1.721e+00, sign=0.160, train=1.719e+00, val=1.717e+00]
GNN flow training:  10%|█         | 10/100 [00:45<06:47,  4.53s/epoch, best=1.721e+00, sign=0.160, train=1.719e+00, val=1.717e+00]
GNN flow training:  10%|█         | 10/100 [00:49<06:47,  4.53s/epoch, best=1.717e+00, sign=0.160, train=1.715e+00, val=1.711e+00]
GNN flow training:  11%|█         | 11/100 [00:49<06:42,  4.53s/epoch, best=1.717e+00, sign=0.160, train=1.715e+00, val=1.711e+00]
GNN flow training:  11%|█         | 11/100 [00:54<06:42,  4.53s/epoch, best=1.711e+00, sign=0.160, train=1.709e+00, val=1.705e+00]
GNN flow training:  12%|█▏        | 12/100 [00:54<06:39,  4.54s/epoch, best=1.711e+00, sign=0.160, train=1.709e+00, val=1.705e+00]
GNN flow training:  12%|█▏        | 12/100 [00:59<06:39,  4.54s/epoch, best=1.705e+00, sign=0.159, train=1.703e+00, val=1.701e+00]
GNN flow training:  13%|█▎        | 13/100 [00:59<06:34,  4.53s/epoch, best=1.705e+00, sign=0.159, train=1.703e+00, val=1.701e+00]
GNN flow training:  13%|█▎        | 13/100 [01:03<06:34,  4.53s/epoch, best=1.701e+00, sign=0.158, train=1.698e+00, val=1.693e+00]
GNN flow training:  14%|█▍        | 14/100 [01:03<06:28,  4.52s/epoch, best=1.701e+00, sign=0.158, train=1.698e+00, val=1.693e+00]
GNN flow training:  14%|█▍        | 14/100 [01:08<06:28,  4.52s/epoch, best=1.693e+00, sign=0.158, train=1.690e+00, val=1.692e+00]
GNN flow training:  15%|█▌        | 15/100 [01:08<06:23,  4.52s/epoch, best=1.693e+00, sign=0.158, train=1.690e+00, val=1.692e+00]
GNN flow training:  15%|█▌        | 15/100 [01:12<06:23,  4.52s/epoch, best=1.692e+00, sign=0.158, train=1.689e+00, val=1.688e+00]
GNN flow training:  16%|█▌        | 16/100 [01:12<06:19,  4.52s/epoch, best=1.692e+00, sign=0.158, train=1.689e+00, val=1.688e+00]
GNN flow training:  16%|█▌        | 16/100 [01:17<06:19,  4.52s/epoch, best=1.688e+00, sign=0.159, train=1.686e+00, val=1.682e+00]
GNN flow training:  17%|█▋        | 17/100 [01:17<06:16,  4.53s/epoch, best=1.688e+00, sign=0.159, train=1.686e+00, val=1.682e+00]
GNN flow training:  17%|█▋        | 17/100 [01:21<06:16,  4.53s/epoch, best=1.682e+00, sign=0.159, train=1.679e+00, val=1.676e+00]
GNN flow training:  18%|█▊        | 18/100 [01:21<06:11,  4.53s/epoch, best=1.682e+00, sign=0.159, train=1.679e+00, val=1.676e+00]
GNN flow training:  18%|█▊        | 18/100 [01:26<06:11,  4.53s/epoch, best=1.676e+00, sign=0.159, train=1.674e+00, val=1.669e+00]
GNN flow training:  19%|█▉        | 19/100 [01:26<06:06,  4.52s/epoch, best=1.676e+00, sign=0.159, train=1.674e+00, val=1.669e+00]
GNN flow training:  19%|█▉        | 19/100 [01:30<06:06,  4.52s/epoch, best=1.669e+00, sign=0.159, train=1.666e+00, val=1.657e+00]
GNN flow training:  20%|██        | 20/100 [01:30<06:01,  4.52s/epoch, best=1.669e+00, sign=0.159, train=1.666e+00, val=1.657e+00]
GNN flow training:  20%|██        | 20/100 [01:35<06:01,  4.52s/epoch, best=1.657e+00, sign=0.159, train=1.653e+00, val=1.653e+00]
GNN flow training:  21%|██        | 21/100 [01:35<05:56,  4.52s/epoch, best=1.657e+00, sign=0.159, train=1.653e+00, val=1.653e+00]
GNN flow training:  21%|██        | 21/100 [01:39<05:56,  4.52s/epoch, best=1.653e+00, sign=0.158, train=1.649e+00, val=1.641e+00]
GNN flow training:  22%|██▏       | 22/100 [01:39<05:51,  4.51s/epoch, best=1.653e+00, sign=0.158, train=1.649e+00, val=1.641e+00]
GNN flow training:  22%|██▏       | 22/100 [01:44<05:51,  4.51s/epoch, best=1.641e+00, sign=0.158, train=1.637e+00, val=1.637e+00]
GNN flow training:  23%|██▎       | 23/100 [01:44<05:48,  4.53s/epoch, best=1.641e+00, sign=0.158, train=1.637e+00, val=1.637e+00]
GNN flow training:  23%|██▎       | 23/100 [01:48<05:48,  4.53s/epoch, best=1.637e+00, sign=0.158, train=1.633e+00, val=1.631e+00]
GNN flow training:  24%|██▍       | 24/100 [01:48<05:43,  4.52s/epoch, best=1.637e+00, sign=0.158, train=1.633e+00, val=1.631e+00]
GNN flow training:  24%|██▍       | 24/100 [01:53<05:43,  4.52s/epoch, best=1.631e+00, sign=0.157, train=1.627e+00, val=1.622e+00]
GNN flow training:  25%|██▌       | 25/100 [01:53<05:39,  4.53s/epoch, best=1.631e+00, sign=0.157, train=1.627e+00, val=1.622e+00]
GNN flow training:  25%|██▌       | 25/100 [01:57<05:39,  4.53s/epoch, best=1.622e+00, sign=0.157, train=1.618e+00, val=1.604e+00]
GNN flow training:  26%|██▌       | 26/100 [01:57<05:34,  4.52s/epoch, best=1.622e+00, sign=0.157, train=1.618e+00, val=1.604e+00]
GNN flow training:  26%|██▌       | 26/100 [02:02<05:34,  4.52s/epoch, best=1.604e+00, sign=0.156, train=1.599e+00, val=1.576e+00]
GNN flow training:  27%|██▋       | 27/100 [02:02<05:29,  4.51s/epoch, best=1.604e+00, sign=0.156, train=1.599e+00, val=1.576e+00]
GNN flow training:  27%|██▋       | 27/100 [02:06<05:29,  4.51s/epoch, best=1.576e+00, sign=0.155, train=1.571e+00, val=1.544e+00]
GNN flow training:  28%|██▊       | 28/100 [02:06<05:27,  4.55s/epoch, best=1.576e+00, sign=0.155, train=1.571e+00, val=1.544e+00]
GNN flow training:  28%|██▊       | 28/100 [02:11<05:27,  4.55s/epoch, best=1.544e+00, sign=0.155, train=1.538e+00, val=1.530e+00]
GNN flow training:  29%|██▉       | 29/100 [02:11<05:22,  4.54s/epoch, best=1.544e+00, sign=0.155, train=1.538e+00, val=1.530e+00]
GNN flow training:  29%|██▉       | 29/100 [02:15<05:22,  4.54s/epoch, best=1.530e+00, sign=0.154, train=1.523e+00, val=1.515e+00]
GNN flow training:  30%|███       | 30/100 [02:15<05:17,  4.54s/epoch, best=1.530e+00, sign=0.154, train=1.523e+00, val=1.515e+00]
GNN flow training:  30%|███       | 30/100 [02:20<05:17,  4.54s/epoch, best=1.515e+00, sign=0.154, train=1.509e+00, val=1.500e+00]
GNN flow training:  31%|███       | 31/100 [02:20<05:12,  4.53s/epoch, best=1.515e+00, sign=0.154, train=1.509e+00, val=1.500e+00]
GNN flow training:  31%|███       | 31/100 [02:25<05:12,  4.53s/epoch, best=1.500e+00, sign=0.154, train=1.492e+00, val=1.467e+00]
GNN flow training:  32%|███▏      | 32/100 [02:25<05:08,  4.53s/epoch, best=1.500e+00, sign=0.154, train=1.492e+00, val=1.467e+00]
GNN flow training:  32%|███▏      | 32/100 [02:29<05:08,  4.53s/epoch, best=1.467e+00, sign=0.156, train=1.459e+00, val=1.440e+00]
GNN flow training:  33%|███▎      | 33/100 [02:29<05:03,  4.53s/epoch, best=1.467e+00, sign=0.156, train=1.459e+00, val=1.440e+00]
GNN flow training:  33%|███▎      | 33/100 [02:34<05:03,  4.53s/epoch, best=1.440e+00, sign=0.155, train=1.431e+00, val=1.414e+00]
GNN flow training:  34%|███▍      | 34/100 [02:34<04:58,  4.53s/epoch, best=1.440e+00, sign=0.155, train=1.431e+00, val=1.414e+00]
GNN flow training:  34%|███▍      | 34/100 [02:38<04:58,  4.53s/epoch, best=1.414e+00, sign=0.155, train=1.404e+00, val=1.372e+00]
GNN flow training:  35%|███▌      | 35/100 [02:38<04:54,  4.53s/epoch, best=1.414e+00, sign=0.155, train=1.404e+00, val=1.372e+00]
GNN flow training:  35%|███▌      | 35/100 [02:43<04:54,  4.53s/epoch, best=1.372e+00, sign=0.156, train=1.361e+00, val=1.363e+00]
GNN flow training:  36%|███▌      | 36/100 [02:43<04:50,  4.54s/epoch, best=1.372e+00, sign=0.156, train=1.361e+00, val=1.363e+00]
GNN flow training:  36%|███▌      | 36/100 [02:47<04:50,  4.54s/epoch, best=1.363e+00, sign=0.156, train=1.352e+00, val=1.347e+00]
GNN flow training:  37%|███▋      | 37/100 [02:47<04:46,  4.55s/epoch, best=1.363e+00, sign=0.156, train=1.352e+00, val=1.347e+00]
GNN flow training:  37%|███▋      | 37/100 [02:52<04:46,  4.55s/epoch, best=1.347e+00, sign=0.156, train=1.335e+00, val=1.315e+00]
GNN flow training:  38%|███▊      | 38/100 [02:52<04:41,  4.54s/epoch, best=1.347e+00, sign=0.156, train=1.335e+00, val=1.315e+00]
GNN flow training:  38%|███▊      | 38/100 [02:56<04:41,  4.54s/epoch, best=1.315e+00, sign=0.158, train=1.300e+00, val=1.277e+00]
GNN flow training:  39%|███▉      | 39/100 [02:56<04:36,  4.54s/epoch, best=1.315e+00, sign=0.158, train=1.300e+00, val=1.277e+00]
GNN flow training:  39%|███▉      | 39/100 [03:01<04:36,  4.54s/epoch, best=1.277e+00, sign=0.162, train=1.261e+00, val=1.255e+00]
GNN flow training:  40%|████      | 40/100 [03:01<04:31,  4.52s/epoch, best=1.277e+00, sign=0.162, train=1.261e+00, val=1.255e+00]
GNN flow training:  40%|████      | 40/100 [03:05<04:31,  4.52s/epoch, best=1.255e+00, sign=0.165, train=1.237e+00, val=1.231e+00]
GNN flow training:  41%|████      | 41/100 [03:05<04:27,  4.53s/epoch, best=1.255e+00, sign=0.165, train=1.237e+00, val=1.231e+00]
GNN flow training:  41%|████      | 41/100 [03:10<04:27,  4.53s/epoch, best=1.231e+00, sign=0.164, train=1.212e+00, val=1.246e+00]
GNN flow training:  42%|████▏     | 42/100 [03:10<04:22,  4.52s/epoch, best=1.231e+00, sign=0.164, train=1.212e+00, val=1.246e+00]
GNN flow training:  42%|████▏     | 42/100 [03:14<04:22,  4.52s/epoch, best=1.231e+00, sign=0.165, train=1.226e+00, val=1.245e+00]
GNN flow training:  43%|████▎     | 43/100 [03:14<04:18,  4.53s/epoch, best=1.231e+00, sign=0.165, train=1.226e+00, val=1.245e+00]
GNN flow training:  43%|████▎     | 43/100 [03:19<04:18,  4.53s/epoch, best=1.231e+00, sign=0.165, train=1.225e+00, val=1.259e+00]
GNN flow training:  44%|████▍     | 44/100 [03:19<04:13,  4.53s/epoch, best=1.231e+00, sign=0.165, train=1.225e+00, val=1.259e+00]
GNN flow training:  44%|████▍     | 44/100 [03:23<04:13,  4.53s/epoch, best=1.231e+00, sign=0.167, train=1.239e+00, val=1.232e+00]
GNN flow training:  45%|████▌     | 45/100 [03:23<04:10,  4.55s/epoch, best=1.231e+00, sign=0.167, train=1.239e+00, val=1.232e+00]
GNN flow training:  45%|████▌     | 45/100 [03:28<04:10,  4.55s/epoch, best=1.231e+00, sign=0.169, train=1.211e+00, val=1.225e+00]
GNN flow training:  46%|████▌     | 46/100 [03:28<04:05,  4.54s/epoch, best=1.231e+00, sign=0.169, train=1.211e+00, val=1.225e+00]
GNN flow training:  46%|████▌     | 46/100 [03:33<04:05,  4.54s/epoch, best=1.225e+00, sign=0.167, train=1.204e+00, val=1.246e+00]
GNN flow training:  47%|████▋     | 47/100 [03:33<04:00,  4.54s/epoch, best=1.225e+00, sign=0.167, train=1.204e+00, val=1.246e+00]
GNN flow training:  47%|████▋     | 47/100 [03:37<04:00,  4.54s/epoch, best=1.225e+00, sign=0.167, train=1.225e+00, val=1.256e+00]
GNN flow training:  48%|████▊     | 48/100 [03:37<03:55,  4.54s/epoch, best=1.225e+00, sign=0.167, train=1.225e+00, val=1.256e+00]
GNN flow training:  48%|████▊     | 48/100 [03:42<03:55,  4.54s/epoch, best=1.225e+00, sign=0.167, train=1.235e+00, val=1.250e+00]
GNN flow training:  49%|████▉     | 49/100 [03:42<03:51,  4.54s/epoch, best=1.225e+00, sign=0.167, train=1.235e+00, val=1.250e+00]
GNN flow training:  49%|████▉     | 49/100 [03:46<03:51,  4.54s/epoch, best=1.225e+00, sign=0.168, train=1.229e+00, val=1.216e+00]
GNN flow training:  50%|█████     | 50/100 [03:46<03:46,  4.53s/epoch, best=1.225e+00, sign=0.168, train=1.229e+00, val=1.216e+00]
GNN flow training:  50%|█████     | 50/100 [03:51<03:46,  4.53s/epoch, best=1.216e+00, sign=0.169, train=1.194e+00, val=1.219e+00]
GNN flow training:  51%|█████     | 51/100 [03:51<03:41,  4.53s/epoch, best=1.216e+00, sign=0.169, train=1.194e+00, val=1.219e+00]
GNN flow training:  51%|█████     | 51/100 [03:55<03:41,  4.53s/epoch, best=1.216e+00, sign=0.167, train=1.197e+00, val=1.266e+00]
GNN flow training:  52%|█████▏    | 52/100 [03:55<03:37,  4.54s/epoch, best=1.216e+00, sign=0.167, train=1.197e+00, val=1.266e+00]
GNN flow training:  52%|█████▏    | 52/100 [04:00<03:37,  4.54s/epoch, best=1.216e+00, sign=0.165, train=1.245e+00, val=1.283e+00]
GNN flow training:  53%|█████▎    | 53/100 [04:00<03:33,  4.54s/epoch, best=1.216e+00, sign=0.165, train=1.245e+00, val=1.283e+00]
GNN flow training:  53%|█████▎    | 53/100 [04:04<03:33,  4.54s/epoch, best=1.216e+00, sign=0.167, train=1.262e+00, val=1.267e+00]
GNN flow training:  54%|█████▍    | 54/100 [04:04<03:29,  4.55s/epoch, best=1.216e+00, sign=0.167, train=1.262e+00, val=1.267e+00]
GNN flow training:  54%|█████▍    | 54/100 [04:09<03:29,  4.55s/epoch, best=1.216e+00, sign=0.165, train=1.246e+00, val=1.251e+00]
GNN flow training:  55%|█████▌    | 55/100 [04:09<03:24,  4.54s/epoch, best=1.216e+00, sign=0.165, train=1.246e+00, val=1.251e+00]
GNN flow training:  55%|█████▌    | 55/100 [04:13<03:24,  4.54s/epoch, best=1.216e+00, sign=0.167, train=1.231e+00, val=1.238e+00]
GNN flow training:  56%|█████▌    | 56/100 [04:13<03:19,  4.54s/epoch, best=1.216e+00, sign=0.167, train=1.231e+00, val=1.238e+00]
GNN flow training:  56%|█████▌    | 56/100 [04:18<03:19,  4.54s/epoch, best=1.216e+00, sign=0.167, train=1.218e+00, val=1.228e+00]
GNN flow training:  57%|█████▋    | 57/100 [04:18<03:14,  4.53s/epoch, best=1.216e+00, sign=0.167, train=1.218e+00, val=1.228e+00]
GNN flow training:  57%|█████▋    | 57/100 [04:22<03:14,  4.53s/epoch, best=1.216e+00, sign=0.168, train=1.207e+00, val=1.232e+00]
GNN flow training:  58%|█████▊    | 58/100 [04:22<03:10,  4.54s/epoch, best=1.216e+00, sign=0.168, train=1.207e+00, val=1.232e+00]
GNN flow training:  58%|█████▊    | 58/100 [04:27<03:10,  4.54s/epoch, best=1.216e+00, sign=0.166, train=1.211e+00, val=1.261e+00]
GNN flow training:  59%|█████▉    | 59/100 [04:27<03:06,  4.54s/epoch, best=1.216e+00, sign=0.166, train=1.211e+00, val=1.261e+00]
GNN flow training:  59%|█████▉    | 59/100 [04:32<03:06,  4.54s/epoch, best=1.216e+00, sign=0.166, train=1.240e+00, val=1.272e+00]
GNN flow training:  60%|██████    | 60/100 [04:32<03:01,  4.54s/epoch, best=1.216e+00, sign=0.166, train=1.240e+00, val=1.272e+00]
GNN flow training:  60%|██████    | 60/100 [04:36<03:01,  4.54s/epoch, best=1.216e+00, sign=0.164, train=1.252e+00, val=1.305e+00]
GNN flow training:  61%|██████    | 61/100 [04:36<02:57,  4.55s/epoch, best=1.216e+00, sign=0.164, train=1.252e+00, val=1.305e+00]
GNN flow training:  61%|██████    | 61/100 [04:41<02:57,  4.55s/epoch, best=1.216e+00, sign=0.164, train=1.285e+00, val=1.297e+00]
GNN flow training:  62%|██████▏   | 62/100 [04:41<02:52,  4.55s/epoch, best=1.216e+00, sign=0.164, train=1.285e+00, val=1.297e+00]
GNN flow training:  62%|██████▏   | 62/100 [04:45<02:52,  4.55s/epoch, best=1.216e+00, sign=0.167, train=1.278e+00, val=1.247e+00]
GNN flow training:  63%|██████▎   | 63/100 [04:45<02:48,  4.56s/epoch, best=1.216e+00, sign=0.167, train=1.278e+00, val=1.247e+00]
GNN flow training:  63%|██████▎   | 63/100 [04:50<02:48,  4.56s/epoch, best=1.216e+00, sign=0.169, train=1.227e+00, val=1.228e+00]
GNN flow training:  64%|██████▍   | 64/100 [04:50<02:43,  4.55s/epoch, best=1.216e+00, sign=0.169, train=1.227e+00, val=1.228e+00]
GNN flow training:  64%|██████▍   | 64/100 [04:54<02:43,  4.55s/epoch, best=1.216e+00, sign=0.169, train=1.209e+00, val=1.223e+00]
GNN flow training:  65%|██████▌   | 65/100 [04:54<02:39,  4.55s/epoch, best=1.216e+00, sign=0.169, train=1.209e+00, val=1.223e+00]
GNN flow training:  65%|██████▌   | 65/100 [04:59<02:39,  4.55s/epoch, best=1.216e+00, sign=0.169, train=1.203e+00, val=1.224e+00]
GNN flow training:  66%|██████▌   | 66/100 [04:59<02:34,  4.54s/epoch, best=1.216e+00, sign=0.169, train=1.203e+00, val=1.224e+00]
GNN flow training:  66%|██████▌   | 66/100 [05:03<02:34,  4.54s/epoch, best=1.216e+00, sign=0.170, train=1.205e+00, val=1.215e+00]
GNN flow training:  67%|██████▋   | 67/100 [05:03<02:29,  4.54s/epoch, best=1.216e+00, sign=0.170, train=1.205e+00, val=1.215e+00]
GNN flow training:  67%|██████▋   | 67/100 [05:08<02:29,  4.54s/epoch, best=1.215e+00, sign=0.170, train=1.195e+00, val=1.201e+00]
GNN flow training:  68%|██████▊   | 68/100 [05:08<02:25,  4.54s/epoch, best=1.215e+00, sign=0.170, train=1.195e+00, val=1.201e+00]
GNN flow training:  68%|██████▊   | 68/100 [05:12<02:25,  4.54s/epoch, best=1.201e+00, sign=0.170, train=1.181e+00, val=1.189e+00]
GNN flow training:  69%|██████▉   | 69/100 [05:12<02:20,  4.54s/epoch, best=1.201e+00, sign=0.170, train=1.181e+00, val=1.189e+00]
GNN flow training:  69%|██████▉   | 69/100 [05:17<02:20,  4.54s/epoch, best=1.189e+00, sign=0.171, train=1.170e+00, val=1.181e+00]
GNN flow training:  70%|███████   | 70/100 [05:17<02:16,  4.54s/epoch, best=1.189e+00, sign=0.171, train=1.170e+00, val=1.181e+00]
GNN flow training:  70%|███████   | 70/100 [05:22<02:16,  4.54s/epoch, best=1.181e+00, sign=0.172, train=1.161e+00, val=1.185e+00]
GNN flow training:  71%|███████   | 71/100 [05:22<02:11,  4.54s/epoch, best=1.181e+00, sign=0.172, train=1.161e+00, val=1.185e+00]
GNN flow training:  71%|███████   | 71/100 [05:26<02:11,  4.54s/epoch, best=1.181e+00, sign=0.172, train=1.165e+00, val=1.186e+00]
GNN flow training:  72%|███████▏  | 72/100 [05:26<02:06,  4.53s/epoch, best=1.181e+00, sign=0.172, train=1.165e+00, val=1.186e+00]
GNN flow training:  72%|███████▏  | 72/100 [05:31<02:06,  4.53s/epoch, best=1.181e+00, sign=0.171, train=1.166e+00, val=1.185e+00]
GNN flow training:  73%|███████▎  | 73/100 [05:31<02:02,  4.53s/epoch, best=1.181e+00, sign=0.171, train=1.166e+00, val=1.185e+00]
GNN flow training:  73%|███████▎  | 73/100 [05:35<02:02,  4.53s/epoch, best=1.181e+00, sign=0.172, train=1.165e+00, val=1.199e+00]
GNN flow training:  74%|███████▍  | 74/100 [05:35<01:57,  4.52s/epoch, best=1.181e+00, sign=0.172, train=1.165e+00, val=1.199e+00]
GNN flow training:  74%|███████▍  | 74/100 [05:40<01:57,  4.52s/epoch, best=1.181e+00, sign=0.171, train=1.179e+00, val=1.229e+00]
GNN flow training:  75%|███████▌  | 75/100 [05:40<01:53,  4.53s/epoch, best=1.181e+00, sign=0.171, train=1.179e+00, val=1.229e+00]
GNN flow training:  75%|███████▌  | 75/100 [05:44<01:53,  4.53s/epoch, best=1.181e+00, sign=0.170, train=1.210e+00, val=1.237e+00]
GNN flow training:  76%|███████▌  | 76/100 [05:44<01:49,  4.56s/epoch, best=1.181e+00, sign=0.170, train=1.210e+00, val=1.237e+00]
GNN flow training:  76%|███████▌  | 76/100 [05:49<01:49,  4.56s/epoch, best=1.181e+00, sign=0.170, train=1.218e+00, val=1.244e+00]
GNN flow training:  77%|███████▋  | 77/100 [05:49<01:44,  4.56s/epoch, best=1.181e+00, sign=0.170, train=1.218e+00, val=1.244e+00]
GNN flow training:  77%|███████▋  | 77/100 [05:53<01:44,  4.56s/epoch, best=1.181e+00, sign=0.170, train=1.225e+00, val=1.246e+00]
GNN flow training:  78%|███████▊  | 78/100 [05:53<01:40,  4.56s/epoch, best=1.181e+00, sign=0.170, train=1.225e+00, val=1.246e+00]
GNN flow training:  78%|███████▊  | 78/100 [05:58<01:40,  4.56s/epoch, best=1.181e+00, sign=0.170, train=1.227e+00, val=1.220e+00]
GNN flow training:  79%|███████▉  | 79/100 [05:58<01:35,  4.55s/epoch, best=1.181e+00, sign=0.170, train=1.227e+00, val=1.220e+00]
GNN flow training:  79%|███████▉  | 79/100 [06:02<01:35,  4.55s/epoch, best=1.181e+00, sign=0.171, train=1.201e+00, val=1.206e+00]
GNN flow training:  80%|████████  | 80/100 [06:02<01:30,  4.55s/epoch, best=1.181e+00, sign=0.171, train=1.201e+00, val=1.206e+00]
GNN flow training:  80%|████████  | 80/100 [06:07<01:30,  4.55s/epoch, best=1.181e+00, sign=0.171, train=1.186e+00, val=1.211e+00]
GNN flow training:  81%|████████  | 81/100 [06:07<01:26,  4.54s/epoch, best=1.181e+00, sign=0.171, train=1.186e+00, val=1.211e+00]
GNN flow training:  81%|████████  | 81/100 [06:11<01:26,  4.54s/epoch, best=1.181e+00, sign=0.171, train=1.192e+00, val=1.219e+00]
GNN flow training:  82%|████████▏ | 82/100 [06:11<01:21,  4.53s/epoch, best=1.181e+00, sign=0.171, train=1.192e+00, val=1.219e+00]
GNN flow training:  82%|████████▏ | 82/100 [06:16<01:21,  4.53s/epoch, best=1.181e+00, sign=0.171, train=1.200e+00, val=1.220e+00]
GNN flow training:  83%|████████▎ | 83/100 [06:16<01:16,  4.53s/epoch, best=1.181e+00, sign=0.171, train=1.200e+00, val=1.220e+00]
GNN flow training:  83%|████████▎ | 83/100 [06:20<01:16,  4.53s/epoch, best=1.181e+00, sign=0.171, train=1.201e+00, val=1.217e+00]
GNN flow training:  84%|████████▍ | 84/100 [06:20<01:12,  4.52s/epoch, best=1.181e+00, sign=0.171, train=1.201e+00, val=1.217e+00]
GNN flow training:  84%|████████▍ | 84/100 [06:25<01:12,  4.52s/epoch, best=1.181e+00, sign=0.171, train=1.198e+00, val=1.204e+00]
GNN flow training:  85%|████████▌ | 85/100 [06:25<01:07,  4.52s/epoch, best=1.181e+00, sign=0.171, train=1.198e+00, val=1.204e+00]
GNN flow training:  85%|████████▌ | 85/100 [06:30<01:07,  4.52s/epoch, best=1.181e+00, sign=0.172, train=1.184e+00, val=1.203e+00]
GNN flow training:  86%|████████▌ | 86/100 [06:30<01:03,  4.53s/epoch, best=1.181e+00, sign=0.172, train=1.184e+00, val=1.203e+00]
GNN flow training:  86%|████████▌ | 86/100 [06:34<01:03,  4.53s/epoch, best=1.181e+00, sign=0.172, train=1.183e+00, val=1.181e+00]
GNN flow training:  87%|████████▋ | 87/100 [06:34<00:58,  4.52s/epoch, best=1.181e+00, sign=0.172, train=1.183e+00, val=1.181e+00]
GNN flow training:  87%|████████▋ | 87/100 [06:39<00:58,  4.52s/epoch, best=1.181e+00, sign=0.172, train=1.160e+00, val=1.172e+00]
GNN flow training:  88%|████████▊ | 88/100 [06:39<00:54,  4.52s/epoch, best=1.181e+00, sign=0.172, train=1.160e+00, val=1.172e+00]
GNN flow training:  88%|████████▊ | 88/100 [06:43<00:54,  4.52s/epoch, best=1.172e+00, sign=0.173, train=1.150e+00, val=1.183e+00]
GNN flow training:  89%|████████▉ | 89/100 [06:43<00:49,  4.53s/epoch, best=1.172e+00, sign=0.173, train=1.150e+00, val=1.183e+00]
GNN flow training:  89%|████████▉ | 89/100 [06:48<00:49,  4.53s/epoch, best=1.172e+00, sign=0.173, train=1.161e+00, val=1.206e+00]
GNN flow training:  90%|█████████ | 90/100 [06:48<00:45,  4.54s/epoch, best=1.172e+00, sign=0.173, train=1.161e+00, val=1.206e+00]
GNN flow training:  90%|█████████ | 90/100 [06:52<00:45,  4.54s/epoch, best=1.172e+00, sign=0.173, train=1.185e+00, val=1.204e+00]
GNN flow training:  91%|█████████ | 91/100 [06:52<00:40,  4.55s/epoch, best=1.172e+00, sign=0.173, train=1.185e+00, val=1.204e+00]
GNN flow training:  91%|█████████ | 91/100 [06:57<00:40,  4.55s/epoch, best=1.172e+00, sign=0.173, train=1.182e+00, val=1.206e+00]
GNN flow training:  92%|█████████▏| 92/100 [06:57<00:36,  4.56s/epoch, best=1.172e+00, sign=0.173, train=1.182e+00, val=1.206e+00]
GNN flow training:  92%|█████████▏| 92/100 [07:01<00:36,  4.56s/epoch, best=1.172e+00, sign=0.172, train=1.184e+00, val=1.178e+00]
GNN flow training:  93%|█████████▎| 93/100 [07:01<00:31,  4.55s/epoch, best=1.172e+00, sign=0.172, train=1.184e+00, val=1.178e+00]
GNN flow training:  93%|█████████▎| 93/100 [07:06<00:31,  4.55s/epoch, best=1.172e+00, sign=0.173, train=1.155e+00, val=1.183e+00]
GNN flow training:  94%|█████████▍| 94/100 [07:06<00:27,  4.55s/epoch, best=1.172e+00, sign=0.173, train=1.155e+00, val=1.183e+00]
GNN flow training:  94%|█████████▍| 94/100 [07:11<00:27,  4.55s/epoch, best=1.172e+00, sign=0.172, train=1.161e+00, val=1.197e+00]
GNN flow training:  95%|█████████▌| 95/100 [07:11<00:22,  4.55s/epoch, best=1.172e+00, sign=0.172, train=1.161e+00, val=1.197e+00]
GNN flow training:  95%|█████████▌| 95/100 [07:15<00:22,  4.55s/epoch, best=1.172e+00, sign=0.172, train=1.175e+00, val=1.212e+00]
GNN flow training:  96%|█████████▌| 96/100 [07:15<00:18,  4.55s/epoch, best=1.172e+00, sign=0.172, train=1.175e+00, val=1.212e+00]
GNN flow training:  96%|█████████▌| 96/100 [07:20<00:18,  4.55s/epoch, best=1.172e+00, sign=0.171, train=1.190e+00, val=1.194e+00]
GNN flow training:  97%|█████████▋| 97/100 [07:20<00:13,  4.53s/epoch, best=1.172e+00, sign=0.171, train=1.190e+00, val=1.194e+00]
GNN flow training:  97%|█████████▋| 97/100 [07:24<00:13,  4.53s/epoch, best=1.172e+00, sign=0.173, train=1.172e+00, val=1.174e+00]
GNN flow training:  98%|█████████▊| 98/100 [07:24<00:09,  4.52s/epoch, best=1.172e+00, sign=0.173, train=1.172e+00, val=1.174e+00]
GNN flow training:  98%|█████████▊| 98/100 [07:29<00:09,  4.52s/epoch, best=1.172e+00, sign=0.173, train=1.152e+00, val=1.173e+00]
GNN flow training:  99%|█████████▉| 99/100 [07:29<00:04,  4.53s/epoch, best=1.172e+00, sign=0.173, train=1.152e+00, val=1.173e+00]
GNN flow training:  99%|█████████▉| 99/100 [07:33<00:04,  4.53s/epoch, best=1.172e+00, sign=0.173, train=1.151e+00, val=1.182e+00]
GNN flow training: 100%|██████████| 100/100 [07:33<00:00,  4.53s/epoch, best=1.172e+00, sign=0.173, train=1.151e+00, val=1.182e+00]
GNN flow training: 100%|██████████| 100/100 [07:33<00:00,  4.54s/epoch, best=1.172e+00, sign=0.173, train=1.151e+00, val=1.182e+00]
Resolved config snapshot:
{'preset': 'solver_QKB_outer_QKBdelta', 'gnn_outer_losses': {'flow': 1.0, 'kirchhoff': 1.0, 'boundary': 100.0, 'delta_l2': 1.0, 'delta_smooth': 0.0, 'pressure_shape': 0.0}, 'physics': {'arterial_flow_mode': 'dataset', 'pressure_constraints': ['equal-a-equal-v'], 'alpha_pa': None, 'use_snr_weights': True, 'use_observed_flow_snr_weighting': True, 'flow_scale_mode': 'median_abs', 'solver_device': 'same', 'pressure_solver_mode': 'reduced-soft-constrained-lstsq', 'pressure_solver_lambda_kirchhoff': 1.0, 'pressure_solver_lambda_pressure_constraints': 100.0, 'pressure_solver_lambda_flow_residual': 1.0, 'pressure_shape_reference': 'delta_zero_reference', 'pressure_detach': False}, 'correction_bounds': {'correction_min': -0.5, 'correction_max': 0.5, 'correction_bound': 0.5, 'correction_parameterization': 'tanh'}, 'optimization': {'learning_rate': 0.001, 'weight_decay': 0.0001, 'gradient_clip_norm': 5.0, 'optimizer': 'adamw', 'epochs': 100, 'patience': 40}}
Shard 22/80: 1 of 80 runs
Command: /mnt/home/sswee/miniforge3/envs/yolk-sac/bin/python /mnt/home/sswee/yolk/Yolk-Sac-Flow-Data-and-Sim/gnn_clean/scripts/python/gnn_flow.py /mnt/home/sswee/yolk/Yolk-Sac-Flow-Data-and-Sim/gnn_clean/datasets/mosaic_graph_norm_canonical.gpickle --output-dir /mnt/home/sswee/yolk/Yolk-Sac-Flow-Data-and-Sim/gnn_clean/outputs_canonical_norm/dc/02_physics_weight_sweep/gnn --run-name q_1__k_1__delta_1 --preset solver_QKB_outer_QKBdelta --device cuda --epochs 100 --seed 0 --viscosity-pa-s 0.0035 --config /mnt/home/sswee/yolk/Yolk-Sac-Flow-Data-and-Sim/gnn_clean/outputs_canonical_norm/dc/02_physics_weight_sweep/_generated_configs/q_1__k_1__delta_1.yaml --no-pressure-detach
