[info] DC Step 2 canonical sweep uses fixed lambda_B=100.0 for both the outer boundary loss and the reduced pressure-solver boundary constraint.

GNN flow training:   0%|          | 0/100 [00:00<?, ?epoch/s]
GNN flow training:   0%|          | 0/100 [00:06<?, ?epoch/s, best=1.761e-01, sign=0.161, train=1.762e-01, val=1.761e-01]
GNN flow training:   1%|          | 1/100 [00:06<10:18,  6.25s/epoch, best=1.761e-01, sign=0.161, train=1.762e-01, val=1.761e-01]
GNN flow training:   1%|          | 1/100 [00:12<10:18,  6.25s/epoch, best=1.761e-01, sign=0.160, train=1.759e-01, val=1.762e-01]
GNN flow training:   2%|▏         | 2/100 [00:12<10:02,  6.15s/epoch, best=1.761e-01, sign=0.160, train=1.759e-01, val=1.762e-01]
GNN flow training:   2%|▏         | 2/100 [00:18<10:02,  6.15s/epoch, best=1.761e-01, sign=0.160, train=1.760e-01, val=1.763e-01]
GNN flow training:   3%|▎         | 3/100 [00:18<09:53,  6.12s/epoch, best=1.761e-01, sign=0.160, train=1.760e-01, val=1.763e-01]
GNN flow training:   3%|▎         | 3/100 [00:24<09:53,  6.12s/epoch, best=1.761e-01, sign=0.160, train=1.762e-01, val=1.763e-01]
GNN flow training:   4%|▍         | 4/100 [00:24<09:45,  6.10s/epoch, best=1.761e-01, sign=0.160, train=1.762e-01, val=1.763e-01]
GNN flow training:   4%|▍         | 4/100 [00:30<09:45,  6.10s/epoch, best=1.761e-01, sign=0.160, train=1.761e-01, val=1.768e-01]
GNN flow training:   5%|▌         | 5/100 [00:30<09:40,  6.11s/epoch, best=1.761e-01, sign=0.160, train=1.761e-01, val=1.768e-01]
GNN flow training:   5%|▌         | 5/100 [00:36<09:40,  6.11s/epoch, best=1.761e-01, sign=0.160, train=1.766e-01, val=1.762e-01]
GNN flow training:   6%|▌         | 6/100 [00:36<09:31,  6.08s/epoch, best=1.761e-01, sign=0.160, train=1.766e-01, val=1.762e-01]
GNN flow training:   6%|▌         | 6/100 [00:42<09:31,  6.08s/epoch, best=1.761e-01, sign=0.160, train=1.760e-01, val=1.760e-01]
GNN flow training:   7%|▋         | 7/100 [00:42<09:24,  6.07s/epoch, best=1.761e-01, sign=0.160, train=1.760e-01, val=1.760e-01]
GNN flow training:   7%|▋         | 7/100 [00:48<09:24,  6.07s/epoch, best=1.760e-01, sign=0.160, train=1.758e-01, val=1.763e-01]
GNN flow training:   8%|▊         | 8/100 [00:48<09:17,  6.06s/epoch, best=1.760e-01, sign=0.160, train=1.758e-01, val=1.763e-01]
GNN flow training:   8%|▊         | 8/100 [00:54<09:17,  6.06s/epoch, best=1.760e-01, sign=0.161, train=1.761e-01, val=1.761e-01]
GNN flow training:   9%|▉         | 9/100 [00:54<09:11,  6.06s/epoch, best=1.760e-01, sign=0.161, train=1.761e-01, val=1.761e-01]
GNN flow training:   9%|▉         | 9/100 [01:00<09:11,  6.06s/epoch, best=1.760e-01, sign=0.160, train=1.759e-01, val=1.762e-01]
GNN flow training:  10%|█         | 10/100 [01:00<09:06,  6.08s/epoch, best=1.760e-01, sign=0.160, train=1.759e-01, val=1.762e-01]
GNN flow training:  10%|█         | 10/100 [01:06<09:06,  6.08s/epoch, best=1.760e-01, sign=0.161, train=1.760e-01, val=1.762e-01]
GNN flow training:  11%|█         | 11/100 [01:06<08:59,  6.06s/epoch, best=1.760e-01, sign=0.161, train=1.760e-01, val=1.762e-01]
GNN flow training:  11%|█         | 11/100 [01:12<08:59,  6.06s/epoch, best=1.760e-01, sign=0.161, train=1.760e-01, val=1.764e-01]
GNN flow training:  12%|█▏        | 12/100 [01:12<08:52,  6.05s/epoch, best=1.760e-01, sign=0.161, train=1.760e-01, val=1.764e-01]
GNN flow training:  12%|█▏        | 12/100 [01:18<08:52,  6.05s/epoch, best=1.760e-01, sign=0.161, train=1.763e-01, val=1.764e-01]
GNN flow training:  13%|█▎        | 13/100 [01:18<08:45,  6.04s/epoch, best=1.760e-01, sign=0.161, train=1.763e-01, val=1.764e-01]
GNN flow training:  13%|█▎        | 13/100 [01:25<08:45,  6.04s/epoch, best=1.760e-01, sign=0.161, train=1.762e-01, val=1.762e-01]
GNN flow training:  14%|█▍        | 14/100 [01:25<08:40,  6.05s/epoch, best=1.760e-01, sign=0.161, train=1.762e-01, val=1.762e-01]
GNN flow training:  14%|█▍        | 14/100 [01:31<08:40,  6.05s/epoch, best=1.760e-01, sign=0.161, train=1.760e-01, val=1.761e-01]
GNN flow training:  15%|█▌        | 15/100 [01:31<08:32,  6.03s/epoch, best=1.760e-01, sign=0.161, train=1.760e-01, val=1.761e-01]
GNN flow training:  15%|█▌        | 15/100 [01:37<08:32,  6.03s/epoch, best=1.760e-01, sign=0.161, train=1.759e-01, val=1.758e-01]
GNN flow training:  16%|█▌        | 16/100 [01:37<08:27,  6.04s/epoch, best=1.760e-01, sign=0.161, train=1.759e-01, val=1.758e-01]
GNN flow training:  16%|█▌        | 16/100 [01:43<08:27,  6.04s/epoch, best=1.758e-01, sign=0.161, train=1.757e-01, val=1.759e-01]
GNN flow training:  17%|█▋        | 17/100 [01:43<08:20,  6.03s/epoch, best=1.758e-01, sign=0.161, train=1.757e-01, val=1.759e-01]
GNN flow training:  17%|█▋        | 17/100 [01:49<08:20,  6.03s/epoch, best=1.758e-01, sign=0.161, train=1.757e-01, val=1.761e-01]
GNN flow training:  18%|█▊        | 18/100 [01:49<08:14,  6.03s/epoch, best=1.758e-01, sign=0.161, train=1.757e-01, val=1.761e-01]
GNN flow training:  18%|█▊        | 18/100 [01:55<08:14,  6.03s/epoch, best=1.758e-01, sign=0.161, train=1.759e-01, val=1.764e-01]
GNN flow training:  19%|█▉        | 19/100 [01:55<08:08,  6.04s/epoch, best=1.758e-01, sign=0.161, train=1.759e-01, val=1.764e-01]
GNN flow training:  19%|█▉        | 19/100 [02:01<08:08,  6.04s/epoch, best=1.758e-01, sign=0.162, train=1.762e-01, val=1.760e-01]
GNN flow training:  20%|██        | 20/100 [02:01<08:04,  6.06s/epoch, best=1.758e-01, sign=0.162, train=1.762e-01, val=1.760e-01]
GNN flow training:  20%|██        | 20/100 [02:07<08:04,  6.06s/epoch, best=1.758e-01, sign=0.162, train=1.758e-01, val=1.766e-01]
GNN flow training:  21%|██        | 21/100 [02:07<07:58,  6.06s/epoch, best=1.758e-01, sign=0.162, train=1.758e-01, val=1.766e-01]
GNN flow training:  21%|██        | 21/100 [02:13<07:58,  6.06s/epoch, best=1.758e-01, sign=0.162, train=1.764e-01, val=1.768e-01]
GNN flow training:  22%|██▏       | 22/100 [02:13<07:52,  6.06s/epoch, best=1.758e-01, sign=0.162, train=1.764e-01, val=1.768e-01]
GNN flow training:  22%|██▏       | 22/100 [02:19<07:52,  6.06s/epoch, best=1.758e-01, sign=0.161, train=1.767e-01, val=1.769e-01]
GNN flow training:  23%|██▎       | 23/100 [02:19<07:47,  6.07s/epoch, best=1.758e-01, sign=0.161, train=1.767e-01, val=1.769e-01]
GNN flow training:  23%|██▎       | 23/100 [02:25<07:47,  6.07s/epoch, best=1.758e-01, sign=0.161, train=1.767e-01, val=1.768e-01]
GNN flow training:  24%|██▍       | 24/100 [02:25<07:40,  6.06s/epoch, best=1.758e-01, sign=0.161, train=1.767e-01, val=1.768e-01]
GNN flow training:  24%|██▍       | 24/100 [02:31<07:40,  6.06s/epoch, best=1.758e-01, sign=0.162, train=1.766e-01, val=1.765e-01]
GNN flow training:  25%|██▌       | 25/100 [02:31<07:34,  6.07s/epoch, best=1.758e-01, sign=0.162, train=1.766e-01, val=1.765e-01]
GNN flow training:  25%|██▌       | 25/100 [02:37<07:34,  6.07s/epoch, best=1.758e-01, sign=0.162, train=1.763e-01, val=1.763e-01]
GNN flow training:  26%|██▌       | 26/100 [02:37<07:28,  6.07s/epoch, best=1.758e-01, sign=0.162, train=1.763e-01, val=1.763e-01]
GNN flow training:  26%|██▌       | 26/100 [02:43<07:28,  6.07s/epoch, best=1.758e-01, sign=0.161, train=1.761e-01, val=1.761e-01]
GNN flow training:  27%|██▋       | 27/100 [02:43<07:22,  6.06s/epoch, best=1.758e-01, sign=0.161, train=1.761e-01, val=1.761e-01]
GNN flow training:  27%|██▋       | 27/100 [02:49<07:22,  6.06s/epoch, best=1.758e-01, sign=0.161, train=1.759e-01, val=1.761e-01]
GNN flow training:  28%|██▊       | 28/100 [02:49<07:15,  6.05s/epoch, best=1.758e-01, sign=0.161, train=1.759e-01, val=1.761e-01]
GNN flow training:  28%|██▊       | 28/100 [02:55<07:15,  6.05s/epoch, best=1.758e-01, sign=0.161, train=1.759e-01, val=1.761e-01]
GNN flow training:  29%|██▉       | 29/100 [02:55<07:08,  6.04s/epoch, best=1.758e-01, sign=0.161, train=1.759e-01, val=1.761e-01]
GNN flow training:  29%|██▉       | 29/100 [03:01<07:08,  6.04s/epoch, best=1.758e-01, sign=0.161, train=1.759e-01, val=1.760e-01]
GNN flow training:  30%|███       | 30/100 [03:01<07:04,  6.06s/epoch, best=1.758e-01, sign=0.161, train=1.759e-01, val=1.760e-01]
GNN flow training:  30%|███       | 30/100 [03:07<07:04,  6.06s/epoch, best=1.758e-01, sign=0.161, train=1.759e-01, val=1.761e-01]
GNN flow training:  31%|███       | 31/100 [03:07<06:58,  6.07s/epoch, best=1.758e-01, sign=0.161, train=1.759e-01, val=1.761e-01]
GNN flow training:  31%|███       | 31/100 [03:13<06:58,  6.07s/epoch, best=1.758e-01, sign=0.161, train=1.759e-01, val=1.763e-01]
GNN flow training:  32%|███▏      | 32/100 [03:13<06:51,  6.06s/epoch, best=1.758e-01, sign=0.161, train=1.759e-01, val=1.763e-01]
GNN flow training:  32%|███▏      | 32/100 [03:20<06:51,  6.06s/epoch, best=1.758e-01, sign=0.161, train=1.761e-01, val=1.761e-01]
GNN flow training:  33%|███▎      | 33/100 [03:20<06:46,  6.07s/epoch, best=1.758e-01, sign=0.161, train=1.761e-01, val=1.761e-01]
GNN flow training:  33%|███▎      | 33/100 [03:26<06:46,  6.07s/epoch, best=1.758e-01, sign=0.161, train=1.759e-01, val=1.760e-01]
GNN flow training:  34%|███▍      | 34/100 [03:26<06:40,  6.07s/epoch, best=1.758e-01, sign=0.161, train=1.759e-01, val=1.760e-01]
GNN flow training:  34%|███▍      | 34/100 [03:32<06:40,  6.07s/epoch, best=1.758e-01, sign=0.161, train=1.758e-01, val=1.759e-01]
GNN flow training:  35%|███▌      | 35/100 [03:32<06:34,  6.07s/epoch, best=1.758e-01, sign=0.161, train=1.758e-01, val=1.759e-01]
GNN flow training:  35%|███▌      | 35/100 [03:38<06:34,  6.07s/epoch, best=1.758e-01, sign=0.161, train=1.757e-01, val=1.759e-01]
GNN flow training:  36%|███▌      | 36/100 [03:38<06:29,  6.08s/epoch, best=1.758e-01, sign=0.161, train=1.757e-01, val=1.759e-01]
GNN flow training:  36%|███▌      | 36/100 [03:44<06:29,  6.08s/epoch, best=1.758e-01, sign=0.160, train=1.757e-01, val=1.758e-01]
GNN flow training:  37%|███▋      | 37/100 [03:44<06:22,  6.07s/epoch, best=1.758e-01, sign=0.160, train=1.757e-01, val=1.758e-01]
GNN flow training:  37%|███▋      | 37/100 [03:50<06:22,  6.07s/epoch, best=1.758e-01, sign=0.161, train=1.756e-01, val=1.757e-01]
GNN flow training:  38%|███▊      | 38/100 [03:50<06:18,  6.10s/epoch, best=1.758e-01, sign=0.161, train=1.756e-01, val=1.757e-01]
GNN flow training:  38%|███▊      | 38/100 [03:56<06:18,  6.10s/epoch, best=1.757e-01, sign=0.161, train=1.755e-01, val=1.758e-01]
GNN flow training:  39%|███▉      | 39/100 [03:56<06:12,  6.10s/epoch, best=1.757e-01, sign=0.161, train=1.755e-01, val=1.758e-01]
GNN flow training:  39%|███▉      | 39/100 [04:02<06:12,  6.10s/epoch, best=1.757e-01, sign=0.161, train=1.756e-01, val=1.756e-01]
GNN flow training:  40%|████      | 40/100 [04:02<06:04,  6.08s/epoch, best=1.757e-01, sign=0.161, train=1.756e-01, val=1.756e-01]
GNN flow training:  40%|████      | 40/100 [04:08<06:04,  6.08s/epoch, best=1.756e-01, sign=0.161, train=1.754e-01, val=1.756e-01]
GNN flow training:  41%|████      | 41/100 [04:08<05:57,  6.07s/epoch, best=1.756e-01, sign=0.161, train=1.754e-01, val=1.756e-01]
GNN flow training:  41%|████      | 41/100 [04:14<05:57,  6.07s/epoch, best=1.756e-01, sign=0.161, train=1.754e-01, val=1.755e-01]
GNN flow training:  42%|████▏     | 42/100 [04:14<05:51,  6.05s/epoch, best=1.756e-01, sign=0.161, train=1.754e-01, val=1.755e-01]
GNN flow training:  42%|████▏     | 42/100 [04:20<05:51,  6.05s/epoch, best=1.755e-01, sign=0.160, train=1.753e-01, val=1.756e-01]
GNN flow training:  43%|████▎     | 43/100 [04:20<05:45,  6.06s/epoch, best=1.755e-01, sign=0.160, train=1.753e-01, val=1.756e-01]
GNN flow training:  43%|████▎     | 43/100 [04:26<05:45,  6.06s/epoch, best=1.755e-01, sign=0.160, train=1.754e-01, val=1.757e-01]
GNN flow training:  44%|████▍     | 44/100 [04:26<05:39,  6.07s/epoch, best=1.755e-01, sign=0.160, train=1.754e-01, val=1.757e-01]
GNN flow training:  44%|████▍     | 44/100 [04:32<05:39,  6.07s/epoch, best=1.755e-01, sign=0.160, train=1.755e-01, val=1.752e-01]
GNN flow training:  45%|████▌     | 45/100 [04:32<05:33,  6.06s/epoch, best=1.755e-01, sign=0.160, train=1.755e-01, val=1.752e-01]
GNN flow training:  45%|████▌     | 45/100 [04:39<05:33,  6.06s/epoch, best=1.752e-01, sign=0.160, train=1.750e-01, val=1.751e-01]
GNN flow training:  46%|████▌     | 46/100 [04:39<05:27,  6.07s/epoch, best=1.752e-01, sign=0.160, train=1.750e-01, val=1.751e-01]
GNN flow training:  46%|████▌     | 46/100 [04:45<05:27,  6.07s/epoch, best=1.751e-01, sign=0.160, train=1.749e-01, val=1.753e-01]
GNN flow training:  47%|████▋     | 47/100 [04:45<05:21,  6.06s/epoch, best=1.751e-01, sign=0.160, train=1.749e-01, val=1.753e-01]
GNN flow training:  47%|████▋     | 47/100 [04:51<05:21,  6.06s/epoch, best=1.751e-01, sign=0.160, train=1.751e-01, val=1.752e-01]
GNN flow training:  48%|████▊     | 48/100 [04:51<05:14,  6.04s/epoch, best=1.751e-01, sign=0.160, train=1.751e-01, val=1.752e-01]
GNN flow training:  48%|████▊     | 48/100 [04:57<05:14,  6.04s/epoch, best=1.751e-01, sign=0.161, train=1.750e-01, val=1.753e-01]
GNN flow training:  49%|████▉     | 49/100 [04:57<05:09,  6.06s/epoch, best=1.751e-01, sign=0.161, train=1.750e-01, val=1.753e-01]
GNN flow training:  49%|████▉     | 49/100 [05:03<05:09,  6.06s/epoch, best=1.751e-01, sign=0.160, train=1.751e-01, val=1.753e-01]
GNN flow training:  50%|█████     | 50/100 [05:03<05:03,  6.06s/epoch, best=1.751e-01, sign=0.160, train=1.751e-01, val=1.753e-01]
GNN flow training:  50%|█████     | 50/100 [05:09<05:03,  6.06s/epoch, best=1.751e-01, sign=0.160, train=1.751e-01, val=1.752e-01]
GNN flow training:  51%|█████     | 51/100 [05:09<04:58,  6.08s/epoch, best=1.751e-01, sign=0.160, train=1.751e-01, val=1.752e-01]
GNN flow training:  51%|█████     | 51/100 [05:15<04:58,  6.08s/epoch, best=1.751e-01, sign=0.160, train=1.750e-01, val=1.749e-01]
GNN flow training:  52%|█████▏    | 52/100 [05:15<04:51,  6.07s/epoch, best=1.751e-01, sign=0.160, train=1.750e-01, val=1.749e-01]
GNN flow training:  52%|█████▏    | 52/100 [05:21<04:51,  6.07s/epoch, best=1.749e-01, sign=0.160, train=1.747e-01, val=1.751e-01]
GNN flow training:  53%|█████▎    | 53/100 [05:21<04:45,  6.07s/epoch, best=1.749e-01, sign=0.160, train=1.747e-01, val=1.751e-01]
GNN flow training:  53%|█████▎    | 53/100 [05:27<04:45,  6.07s/epoch, best=1.749e-01, sign=0.160, train=1.749e-01, val=1.748e-01]
GNN flow training:  54%|█████▍    | 54/100 [05:27<04:39,  6.07s/epoch, best=1.749e-01, sign=0.160, train=1.749e-01, val=1.748e-01]
GNN flow training:  54%|█████▍    | 54/100 [05:33<04:39,  6.07s/epoch, best=1.748e-01, sign=0.160, train=1.746e-01, val=1.747e-01]
GNN flow training:  55%|█████▌    | 55/100 [05:33<04:33,  6.08s/epoch, best=1.748e-01, sign=0.160, train=1.746e-01, val=1.747e-01]
GNN flow training:  55%|█████▌    | 55/100 [05:39<04:33,  6.08s/epoch, best=1.747e-01, sign=0.159, train=1.745e-01, val=1.749e-01]
GNN flow training:  56%|█████▌    | 56/100 [05:39<04:27,  6.07s/epoch, best=1.747e-01, sign=0.159, train=1.745e-01, val=1.749e-01]
GNN flow training:  56%|█████▌    | 56/100 [05:45<04:27,  6.07s/epoch, best=1.747e-01, sign=0.159, train=1.747e-01, val=1.748e-01]
GNN flow training:  57%|█████▋    | 57/100 [05:45<04:21,  6.07s/epoch, best=1.747e-01, sign=0.159, train=1.747e-01, val=1.748e-01]
GNN flow training:  57%|█████▋    | 57/100 [05:51<04:21,  6.07s/epoch, best=1.747e-01, sign=0.160, train=1.746e-01, val=1.748e-01]
GNN flow training:  58%|█████▊    | 58/100 [05:51<04:14,  6.06s/epoch, best=1.747e-01, sign=0.160, train=1.746e-01, val=1.748e-01]
GNN flow training:  58%|█████▊    | 58/100 [05:57<04:14,  6.06s/epoch, best=1.747e-01, sign=0.160, train=1.746e-01, val=1.752e-01]
GNN flow training:  59%|█████▉    | 59/100 [05:57<04:09,  6.08s/epoch, best=1.747e-01, sign=0.160, train=1.746e-01, val=1.752e-01]
GNN flow training:  59%|█████▉    | 59/100 [06:04<04:09,  6.08s/epoch, best=1.747e-01, sign=0.160, train=1.749e-01, val=1.753e-01]
GNN flow training:  60%|██████    | 60/100 [06:04<04:03,  6.08s/epoch, best=1.747e-01, sign=0.160, train=1.749e-01, val=1.753e-01]
GNN flow training:  60%|██████    | 60/100 [06:10<04:03,  6.08s/epoch, best=1.747e-01, sign=0.160, train=1.751e-01, val=1.754e-01]
GNN flow training:  61%|██████    | 61/100 [06:10<03:56,  6.08s/epoch, best=1.747e-01, sign=0.160, train=1.751e-01, val=1.754e-01]
GNN flow training:  61%|██████    | 61/100 [06:16<03:56,  6.08s/epoch, best=1.747e-01, sign=0.160, train=1.752e-01, val=1.752e-01]
GNN flow training:  62%|██████▏   | 62/100 [06:16<03:51,  6.08s/epoch, best=1.747e-01, sign=0.160, train=1.752e-01, val=1.752e-01]
GNN flow training:  62%|██████▏   | 62/100 [06:22<03:51,  6.08s/epoch, best=1.747e-01, sign=0.160, train=1.750e-01, val=1.748e-01]
GNN flow training:  63%|██████▎   | 63/100 [06:22<03:44,  6.08s/epoch, best=1.747e-01, sign=0.160, train=1.750e-01, val=1.748e-01]
GNN flow training:  63%|██████▎   | 63/100 [06:28<03:44,  6.08s/epoch, best=1.747e-01, sign=0.159, train=1.746e-01, val=1.746e-01]
GNN flow training:  64%|██████▍   | 64/100 [06:28<03:38,  6.07s/epoch, best=1.747e-01, sign=0.159, train=1.746e-01, val=1.746e-01]
GNN flow training:  64%|██████▍   | 64/100 [06:34<03:38,  6.07s/epoch, best=1.746e-01, sign=0.159, train=1.744e-01, val=1.743e-01]
GNN flow training:  65%|██████▌   | 65/100 [06:34<03:32,  6.08s/epoch, best=1.746e-01, sign=0.159, train=1.744e-01, val=1.743e-01]
GNN flow training:  65%|██████▌   | 65/100 [06:40<03:32,  6.08s/epoch, best=1.743e-01, sign=0.160, train=1.741e-01, val=1.741e-01]
GNN flow training:  66%|██████▌   | 66/100 [06:40<03:26,  6.08s/epoch, best=1.743e-01, sign=0.160, train=1.741e-01, val=1.741e-01]
GNN flow training:  66%|██████▌   | 66/100 [06:46<03:26,  6.08s/epoch, best=1.741e-01, sign=0.160, train=1.738e-01, val=1.744e-01]
GNN flow training:  67%|██████▋   | 67/100 [06:46<03:20,  6.08s/epoch, best=1.741e-01, sign=0.160, train=1.738e-01, val=1.744e-01]
GNN flow training:  67%|██████▋   | 67/100 [06:52<03:20,  6.08s/epoch, best=1.741e-01, sign=0.160, train=1.742e-01, val=1.746e-01]
GNN flow training:  68%|██████▊   | 68/100 [06:52<03:14,  6.09s/epoch, best=1.741e-01, sign=0.160, train=1.742e-01, val=1.746e-01]
GNN flow training:  68%|██████▊   | 68/100 [06:58<03:14,  6.09s/epoch, best=1.741e-01, sign=0.160, train=1.744e-01, val=1.742e-01]
GNN flow training:  69%|██████▉   | 69/100 [06:58<03:08,  6.09s/epoch, best=1.741e-01, sign=0.160, train=1.744e-01, val=1.742e-01]
GNN flow training:  69%|██████▉   | 69/100 [07:04<03:08,  6.09s/epoch, best=1.741e-01, sign=0.160, train=1.740e-01, val=1.741e-01]
GNN flow training:  70%|███████   | 70/100 [07:04<03:02,  6.09s/epoch, best=1.741e-01, sign=0.160, train=1.740e-01, val=1.741e-01]
GNN flow training:  70%|███████   | 70/100 [07:10<03:02,  6.09s/epoch, best=1.741e-01, sign=0.160, train=1.738e-01, val=1.738e-01]
GNN flow training:  71%|███████   | 71/100 [07:10<02:56,  6.08s/epoch, best=1.741e-01, sign=0.160, train=1.738e-01, val=1.738e-01]
GNN flow training:  71%|███████   | 71/100 [07:17<02:56,  6.08s/epoch, best=1.738e-01, sign=0.160, train=1.736e-01, val=1.739e-01]
GNN flow training:  72%|███████▏  | 72/100 [07:17<02:50,  6.09s/epoch, best=1.738e-01, sign=0.160, train=1.736e-01, val=1.739e-01]
GNN flow training:  72%|███████▏  | 72/100 [07:23<02:50,  6.09s/epoch, best=1.738e-01, sign=0.160, train=1.736e-01, val=1.735e-01]
GNN flow training:  73%|███████▎  | 73/100 [07:23<02:44,  6.11s/epoch, best=1.738e-01, sign=0.160, train=1.736e-01, val=1.735e-01]
GNN flow training:  73%|███████▎  | 73/100 [07:29<02:44,  6.11s/epoch, best=1.735e-01, sign=0.160, train=1.733e-01, val=1.735e-01]
GNN flow training:  74%|███████▍  | 74/100 [07:29<02:38,  6.10s/epoch, best=1.735e-01, sign=0.160, train=1.733e-01, val=1.735e-01]
GNN flow training:  74%|███████▍  | 74/100 [07:35<02:38,  6.10s/epoch, best=1.735e-01, sign=0.160, train=1.733e-01, val=1.737e-01]
GNN flow training:  75%|███████▌  | 75/100 [07:35<02:32,  6.09s/epoch, best=1.735e-01, sign=0.160, train=1.733e-01, val=1.737e-01]
GNN flow training:  75%|███████▌  | 75/100 [07:41<02:32,  6.09s/epoch, best=1.735e-01, sign=0.160, train=1.735e-01, val=1.735e-01]
GNN flow training:  76%|███████▌  | 76/100 [07:41<02:25,  6.08s/epoch, best=1.735e-01, sign=0.160, train=1.735e-01, val=1.735e-01]
GNN flow training:  76%|███████▌  | 76/100 [07:47<02:25,  6.08s/epoch, best=1.735e-01, sign=0.161, train=1.733e-01, val=1.734e-01]
GNN flow training:  77%|███████▋  | 77/100 [07:47<02:19,  6.08s/epoch, best=1.735e-01, sign=0.161, train=1.733e-01, val=1.734e-01]
GNN flow training:  77%|███████▋  | 77/100 [07:53<02:19,  6.08s/epoch, best=1.734e-01, sign=0.161, train=1.732e-01, val=1.731e-01]
GNN flow training:  78%|███████▊  | 78/100 [07:53<02:14,  6.10s/epoch, best=1.734e-01, sign=0.161, train=1.732e-01, val=1.731e-01]
GNN flow training:  78%|███████▊  | 78/100 [07:59<02:14,  6.10s/epoch, best=1.731e-01, sign=0.161, train=1.728e-01, val=1.731e-01]
GNN flow training:  79%|███████▉  | 79/100 [07:59<02:07,  6.09s/epoch, best=1.731e-01, sign=0.161, train=1.728e-01, val=1.731e-01]
GNN flow training:  79%|███████▉  | 79/100 [08:05<02:07,  6.09s/epoch, best=1.731e-01, sign=0.160, train=1.729e-01, val=1.735e-01]
GNN flow training:  80%|████████  | 80/100 [08:05<02:01,  6.08s/epoch, best=1.731e-01, sign=0.160, train=1.729e-01, val=1.735e-01]
GNN flow training:  80%|████████  | 80/100 [08:11<02:01,  6.08s/epoch, best=1.731e-01, sign=0.160, train=1.733e-01, val=1.733e-01]
GNN flow training:  81%|████████  | 81/100 [08:11<01:55,  6.08s/epoch, best=1.731e-01, sign=0.160, train=1.733e-01, val=1.733e-01]
GNN flow training:  81%|████████  | 81/100 [08:17<01:55,  6.08s/epoch, best=1.731e-01, sign=0.161, train=1.730e-01, val=1.732e-01]
GNN flow training:  82%|████████▏ | 82/100 [08:17<01:49,  6.09s/epoch, best=1.731e-01, sign=0.161, train=1.730e-01, val=1.732e-01]
GNN flow training:  82%|████████▏ | 82/100 [08:23<01:49,  6.09s/epoch, best=1.731e-01, sign=0.161, train=1.730e-01, val=1.728e-01]
GNN flow training:  83%|████████▎ | 83/100 [08:23<01:43,  6.08s/epoch, best=1.731e-01, sign=0.161, train=1.730e-01, val=1.728e-01]
GNN flow training:  83%|████████▎ | 83/100 [08:30<01:43,  6.08s/epoch, best=1.728e-01, sign=0.161, train=1.726e-01, val=1.727e-01]
GNN flow training:  84%|████████▍ | 84/100 [08:30<01:37,  6.08s/epoch, best=1.728e-01, sign=0.161, train=1.726e-01, val=1.727e-01]
GNN flow training:  84%|████████▍ | 84/100 [08:36<01:37,  6.08s/epoch, best=1.727e-01, sign=0.161, train=1.724e-01, val=1.726e-01]
GNN flow training:  85%|████████▌ | 85/100 [08:36<01:31,  6.08s/epoch, best=1.727e-01, sign=0.161, train=1.724e-01, val=1.726e-01]
GNN flow training:  85%|████████▌ | 85/100 [08:42<01:31,  6.08s/epoch, best=1.726e-01, sign=0.161, train=1.724e-01, val=1.725e-01]
GNN flow training:  86%|████████▌ | 86/100 [08:42<01:25,  6.09s/epoch, best=1.726e-01, sign=0.161, train=1.724e-01, val=1.725e-01]
GNN flow training:  86%|████████▌ | 86/100 [08:48<01:25,  6.09s/epoch, best=1.725e-01, sign=0.161, train=1.723e-01, val=1.722e-01]
GNN flow training:  87%|████████▋ | 87/100 [08:48<01:18,  6.07s/epoch, best=1.725e-01, sign=0.161, train=1.723e-01, val=1.722e-01]
GNN flow training:  87%|████████▋ | 87/100 [08:54<01:18,  6.07s/epoch, best=1.722e-01, sign=0.161, train=1.720e-01, val=1.724e-01]
GNN flow training:  88%|████████▊ | 88/100 [08:54<01:12,  6.08s/epoch, best=1.722e-01, sign=0.161, train=1.720e-01, val=1.724e-01]
GNN flow training:  88%|████████▊ | 88/100 [09:00<01:12,  6.08s/epoch, best=1.722e-01, sign=0.161, train=1.721e-01, val=1.722e-01]
GNN flow training:  89%|████████▉ | 89/100 [09:00<01:06,  6.08s/epoch, best=1.722e-01, sign=0.161, train=1.721e-01, val=1.722e-01]
GNN flow training:  89%|████████▉ | 89/100 [09:06<01:06,  6.08s/epoch, best=1.722e-01, sign=0.162, train=1.720e-01, val=1.720e-01]
GNN flow training:  90%|█████████ | 90/100 [09:06<01:00,  6.09s/epoch, best=1.722e-01, sign=0.162, train=1.720e-01, val=1.720e-01]
GNN flow training:  90%|█████████ | 90/100 [09:12<01:00,  6.09s/epoch, best=1.720e-01, sign=0.162, train=1.718e-01, val=1.720e-01]
GNN flow training:  91%|█████████ | 91/100 [09:12<00:54,  6.09s/epoch, best=1.720e-01, sign=0.162, train=1.718e-01, val=1.720e-01]
GNN flow training:  91%|█████████ | 91/100 [09:18<00:54,  6.09s/epoch, best=1.720e-01, sign=0.162, train=1.718e-01, val=1.721e-01]
GNN flow training:  92%|█████████▏| 92/100 [09:18<00:48,  6.09s/epoch, best=1.720e-01, sign=0.162, train=1.718e-01, val=1.721e-01]
GNN flow training:  92%|█████████▏| 92/100 [09:24<00:48,  6.09s/epoch, best=1.720e-01, sign=0.162, train=1.719e-01, val=1.720e-01]
GNN flow training:  93%|█████████▎| 93/100 [09:24<00:42,  6.07s/epoch, best=1.720e-01, sign=0.162, train=1.719e-01, val=1.720e-01]
GNN flow training:  93%|█████████▎| 93/100 [09:30<00:42,  6.07s/epoch, best=1.720e-01, sign=0.162, train=1.717e-01, val=1.721e-01]
GNN flow training:  94%|█████████▍| 94/100 [09:30<00:36,  6.06s/epoch, best=1.720e-01, sign=0.162, train=1.717e-01, val=1.721e-01]
GNN flow training:  94%|█████████▍| 94/100 [09:36<00:36,  6.06s/epoch, best=1.720e-01, sign=0.162, train=1.719e-01, val=1.721e-01]
GNN flow training:  95%|█████████▌| 95/100 [09:36<00:30,  6.08s/epoch, best=1.720e-01, sign=0.162, train=1.719e-01, val=1.721e-01]
GNN flow training:  95%|█████████▌| 95/100 [09:43<00:30,  6.08s/epoch, best=1.720e-01, sign=0.162, train=1.719e-01, val=1.725e-01]
GNN flow training:  96%|█████████▌| 96/100 [09:43<00:24,  6.09s/epoch, best=1.720e-01, sign=0.162, train=1.719e-01, val=1.725e-01]
GNN flow training:  96%|█████████▌| 96/100 [09:49<00:24,  6.09s/epoch, best=1.720e-01, sign=0.162, train=1.723e-01, val=1.729e-01]
GNN flow training:  97%|█████████▋| 97/100 [09:49<00:18,  6.08s/epoch, best=1.720e-01, sign=0.162, train=1.723e-01, val=1.729e-01]
GNN flow training:  97%|█████████▋| 97/100 [09:55<00:18,  6.08s/epoch, best=1.720e-01, sign=0.162, train=1.726e-01, val=1.721e-01]
GNN flow training:  98%|█████████▊| 98/100 [09:55<00:12,  6.09s/epoch, best=1.720e-01, sign=0.162, train=1.726e-01, val=1.721e-01]
GNN flow training:  98%|█████████▊| 98/100 [10:01<00:12,  6.09s/epoch, best=1.720e-01, sign=0.162, train=1.718e-01, val=1.718e-01]
GNN flow training:  99%|█████████▉| 99/100 [10:01<00:06,  6.10s/epoch, best=1.720e-01, sign=0.162, train=1.718e-01, val=1.718e-01]
GNN flow training:  99%|█████████▉| 99/100 [10:07<00:06,  6.10s/epoch, best=1.718e-01, sign=0.162, train=1.715e-01, val=1.724e-01]
GNN flow training: 100%|██████████| 100/100 [10:07<00:00,  6.10s/epoch, best=1.718e-01, sign=0.162, train=1.715e-01, val=1.724e-01]
GNN flow training: 100%|██████████| 100/100 [10:07<00:00,  6.07s/epoch, best=1.718e-01, sign=0.162, train=1.715e-01, val=1.724e-01]
Resolved config snapshot:
{'preset': 'solver_QKB_outer_QKBdelta', 'gnn_outer_losses': {'flow': 0.1, 'kirchhoff': 0.1, 'boundary': 100.0, 'delta_l2': 10.0, 'delta_smooth': 0.0, 'pressure_shape': 0.0}, 'physics': {'arterial_flow_mode': 'dataset', 'pressure_constraints': ['equal-a-equal-v'], 'alpha_pa': None, 'use_snr_weights': True, 'use_observed_flow_snr_weighting': True, 'flow_scale_mode': 'median_abs', 'solver_device': 'same', 'pressure_solver_mode': 'reduced-soft-constrained-lstsq', 'pressure_solver_lambda_kirchhoff': 1.0, 'pressure_solver_lambda_pressure_constraints': 100.0, 'pressure_solver_lambda_flow_residual': 1.0, 'pressure_shape_reference': 'delta_zero_reference', 'pressure_detach': False}, 'correction_bounds': {'correction_min': -0.5, 'correction_max': 0.5, 'correction_bound': 0.5, 'correction_parameterization': 'tanh'}, 'optimization': {'learning_rate': 0.001, 'weight_decay': 0.0001, 'gradient_clip_norm': 5.0, 'optimizer': 'adamw', 'epochs': 100, 'patience': 40}}
Shard 3/80: 1 of 80 runs
Command: /mnt/home/sswee/miniforge3/envs/yolk-sac/bin/python /mnt/home/sswee/yolk/Yolk-Sac-Flow-Data-and-Sim/gnn_clean/scripts/python/gnn_flow.py /mnt/home/sswee/yolk/Yolk-Sac-Flow-Data-and-Sim/gnn_clean/datasets/mosaic_graph_norm_canonical.gpickle --output-dir /mnt/home/sswee/yolk/Yolk-Sac-Flow-Data-and-Sim/gnn_clean/outputs_canonical_norm/dc/02_physics_weight_sweep/gnn --run-name q_0p1__k_0p1__delta_10 --preset solver_QKB_outer_QKBdelta --device cuda --epochs 100 --seed 0 --viscosity-pa-s 0.0035 --config /mnt/home/sswee/yolk/Yolk-Sac-Flow-Data-and-Sim/gnn_clean/outputs_canonical_norm/dc/02_physics_weight_sweep/_generated_configs/q_0p1__k_0p1__delta_10.yaml --no-pressure-detach
