[info] DC Step 2 canonical sweep uses fixed lambda_B=100.0 for both the outer boundary loss and the reduced pressure-solver boundary constraint.

GNN flow training:   0%|          | 0/100 [00:00<?, ?epoch/s]
GNN flow training:   0%|          | 0/100 [00:04<?, ?epoch/s, best=2.688e-01, sign=0.161, train=2.672e-01, val=2.688e-01]
GNN flow training:   1%|          | 1/100 [00:04<07:52,  4.77s/epoch, best=2.688e-01, sign=0.161, train=2.672e-01, val=2.688e-01]
GNN flow training:   1%|          | 1/100 [00:09<07:52,  4.77s/epoch, best=2.688e-01, sign=0.160, train=2.670e-01, val=2.686e-01]
GNN flow training:   2%|▏         | 2/100 [00:09<07:33,  4.63s/epoch, best=2.688e-01, sign=0.160, train=2.670e-01, val=2.686e-01]
GNN flow training:   2%|▏         | 2/100 [00:13<07:33,  4.63s/epoch, best=2.686e-01, sign=0.159, train=2.668e-01, val=2.683e-01]
GNN flow training:   3%|▎         | 3/100 [00:13<07:24,  4.58s/epoch, best=2.686e-01, sign=0.159, train=2.668e-01, val=2.683e-01]
GNN flow training:   3%|▎         | 3/100 [00:18<07:24,  4.58s/epoch, best=2.683e-01, sign=0.159, train=2.664e-01, val=2.680e-01]
GNN flow training:   4%|▍         | 4/100 [00:18<07:15,  4.53s/epoch, best=2.683e-01, sign=0.159, train=2.664e-01, val=2.680e-01]
GNN flow training:   4%|▍         | 4/100 [00:22<07:15,  4.53s/epoch, best=2.680e-01, sign=0.159, train=2.661e-01, val=2.677e-01]
GNN flow training:   5%|▌         | 5/100 [00:22<07:08,  4.51s/epoch, best=2.680e-01, sign=0.159, train=2.661e-01, val=2.677e-01]
GNN flow training:   5%|▌         | 5/100 [00:27<07:08,  4.51s/epoch, best=2.677e-01, sign=0.158, train=2.656e-01, val=2.671e-01]
GNN flow training:   6%|▌         | 6/100 [00:27<07:03,  4.51s/epoch, best=2.677e-01, sign=0.158, train=2.656e-01, val=2.671e-01]
GNN flow training:   6%|▌         | 6/100 [00:31<07:03,  4.51s/epoch, best=2.671e-01, sign=0.158, train=2.649e-01, val=2.669e-01]
GNN flow training:   7%|▋         | 7/100 [00:31<06:58,  4.50s/epoch, best=2.671e-01, sign=0.158, train=2.649e-01, val=2.669e-01]
GNN flow training:   7%|▋         | 7/100 [00:36<06:58,  4.50s/epoch, best=2.669e-01, sign=0.158, train=2.647e-01, val=2.668e-01]
GNN flow training:   8%|▊         | 8/100 [00:36<06:54,  4.50s/epoch, best=2.669e-01, sign=0.158, train=2.647e-01, val=2.668e-01]
GNN flow training:   8%|▊         | 8/100 [00:40<06:54,  4.50s/epoch, best=2.668e-01, sign=0.157, train=2.646e-01, val=2.666e-01]
GNN flow training:   9%|▉         | 9/100 [00:40<06:49,  4.50s/epoch, best=2.668e-01, sign=0.157, train=2.646e-01, val=2.666e-01]
GNN flow training:   9%|▉         | 9/100 [00:45<06:49,  4.50s/epoch, best=2.666e-01, sign=0.156, train=2.643e-01, val=2.661e-01]
GNN flow training:  10%|█         | 10/100 [00:45<06:46,  4.52s/epoch, best=2.666e-01, sign=0.156, train=2.643e-01, val=2.661e-01]
GNN flow training:  10%|█         | 10/100 [00:49<06:46,  4.52s/epoch, best=2.661e-01, sign=0.155, train=2.637e-01, val=2.659e-01]
GNN flow training:  11%|█         | 11/100 [00:49<06:42,  4.53s/epoch, best=2.661e-01, sign=0.155, train=2.637e-01, val=2.659e-01]
GNN flow training:  11%|█         | 11/100 [00:54<06:42,  4.53s/epoch, best=2.659e-01, sign=0.153, train=2.634e-01, val=2.655e-01]
GNN flow training:  12%|█▏        | 12/100 [00:54<06:38,  4.53s/epoch, best=2.659e-01, sign=0.153, train=2.634e-01, val=2.655e-01]
GNN flow training:  12%|█▏        | 12/100 [00:58<06:38,  4.53s/epoch, best=2.655e-01, sign=0.151, train=2.629e-01, val=2.651e-01]
GNN flow training:  13%|█▎        | 13/100 [00:58<06:33,  4.52s/epoch, best=2.655e-01, sign=0.151, train=2.629e-01, val=2.651e-01]
GNN flow training:  13%|█▎        | 13/100 [01:03<06:33,  4.52s/epoch, best=2.651e-01, sign=0.150, train=2.623e-01, val=2.648e-01]
GNN flow training:  14%|█▍        | 14/100 [01:03<06:27,  4.51s/epoch, best=2.651e-01, sign=0.150, train=2.623e-01, val=2.648e-01]
GNN flow training:  14%|█▍        | 14/100 [01:07<06:27,  4.51s/epoch, best=2.648e-01, sign=0.149, train=2.617e-01, val=2.646e-01]
GNN flow training:  15%|█▌        | 15/100 [01:07<06:23,  4.51s/epoch, best=2.648e-01, sign=0.149, train=2.617e-01, val=2.646e-01]
GNN flow training:  15%|█▌        | 15/100 [01:12<06:23,  4.51s/epoch, best=2.646e-01, sign=0.149, train=2.615e-01, val=2.641e-01]
GNN flow training:  16%|█▌        | 16/100 [01:12<06:18,  4.51s/epoch, best=2.646e-01, sign=0.149, train=2.615e-01, val=2.641e-01]
GNN flow training:  16%|█▌        | 16/100 [01:16<06:18,  4.51s/epoch, best=2.641e-01, sign=0.148, train=2.608e-01, val=2.639e-01]
GNN flow training:  17%|█▋        | 17/100 [01:16<06:13,  4.51s/epoch, best=2.641e-01, sign=0.148, train=2.608e-01, val=2.639e-01]
GNN flow training:  17%|█▋        | 17/100 [01:21<06:13,  4.51s/epoch, best=2.639e-01, sign=0.147, train=2.604e-01, val=2.636e-01]
GNN flow training:  18%|█▊        | 18/100 [01:21<06:10,  4.51s/epoch, best=2.639e-01, sign=0.147, train=2.604e-01, val=2.636e-01]
GNN flow training:  18%|█▊        | 18/100 [01:25<06:10,  4.51s/epoch, best=2.636e-01, sign=0.147, train=2.599e-01, val=2.634e-01]
GNN flow training:  19%|█▉        | 19/100 [01:25<06:05,  4.51s/epoch, best=2.636e-01, sign=0.147, train=2.599e-01, val=2.634e-01]
GNN flow training:  19%|█▉        | 19/100 [01:30<06:05,  4.51s/epoch, best=2.634e-01, sign=0.147, train=2.594e-01, val=2.634e-01]
GNN flow training:  20%|██        | 20/100 [01:30<06:01,  4.51s/epoch, best=2.634e-01, sign=0.147, train=2.594e-01, val=2.634e-01]
GNN flow training:  20%|██        | 20/100 [01:34<06:01,  4.51s/epoch, best=2.634e-01, sign=0.147, train=2.589e-01, val=2.633e-01]
GNN flow training:  21%|██        | 21/100 [01:34<05:56,  4.51s/epoch, best=2.634e-01, sign=0.147, train=2.589e-01, val=2.633e-01]
GNN flow training:  21%|██        | 21/100 [01:39<05:56,  4.51s/epoch, best=2.633e-01, sign=0.147, train=2.584e-01, val=2.634e-01]
GNN flow training:  22%|██▏       | 22/100 [01:39<05:52,  4.52s/epoch, best=2.633e-01, sign=0.147, train=2.584e-01, val=2.634e-01]
GNN flow training:  22%|██▏       | 22/100 [01:44<05:52,  4.52s/epoch, best=2.633e-01, sign=0.146, train=2.581e-01, val=2.633e-01]
GNN flow training:  23%|██▎       | 23/100 [01:44<05:48,  4.52s/epoch, best=2.633e-01, sign=0.146, train=2.581e-01, val=2.633e-01]
GNN flow training:  23%|██▎       | 23/100 [01:48<05:48,  4.52s/epoch, best=2.633e-01, sign=0.147, train=2.577e-01, val=2.630e-01]
GNN flow training:  24%|██▍       | 24/100 [01:48<05:42,  4.51s/epoch, best=2.633e-01, sign=0.147, train=2.577e-01, val=2.630e-01]
GNN flow training:  24%|██▍       | 24/100 [01:53<05:42,  4.51s/epoch, best=2.630e-01, sign=0.146, train=2.572e-01, val=2.629e-01]
GNN flow training:  25%|██▌       | 25/100 [01:53<05:39,  4.53s/epoch, best=2.630e-01, sign=0.146, train=2.572e-01, val=2.629e-01]
GNN flow training:  25%|██▌       | 25/100 [01:57<05:39,  4.53s/epoch, best=2.629e-01, sign=0.145, train=2.568e-01, val=2.629e-01]
GNN flow training:  26%|██▌       | 26/100 [01:57<05:34,  4.53s/epoch, best=2.629e-01, sign=0.145, train=2.568e-01, val=2.629e-01]
GNN flow training:  26%|██▌       | 26/100 [02:02<05:34,  4.53s/epoch, best=2.629e-01, sign=0.144, train=2.566e-01, val=2.630e-01]
GNN flow training:  27%|██▋       | 27/100 [02:02<05:29,  4.52s/epoch, best=2.629e-01, sign=0.144, train=2.566e-01, val=2.630e-01]
GNN flow training:  27%|██▋       | 27/100 [02:06<05:29,  4.52s/epoch, best=2.629e-01, sign=0.142, train=2.563e-01, val=2.630e-01]
GNN flow training:  28%|██▊       | 28/100 [02:06<05:25,  4.52s/epoch, best=2.629e-01, sign=0.142, train=2.563e-01, val=2.630e-01]
GNN flow training:  28%|██▊       | 28/100 [02:11<05:25,  4.52s/epoch, best=2.629e-01, sign=0.140, train=2.557e-01, val=2.632e-01]
GNN flow training:  29%|██▉       | 29/100 [02:11<05:20,  4.52s/epoch, best=2.629e-01, sign=0.140, train=2.557e-01, val=2.632e-01]
GNN flow training:  29%|██▉       | 29/100 [02:15<05:20,  4.52s/epoch, best=2.629e-01, sign=0.140, train=2.553e-01, val=2.636e-01]
GNN flow training:  30%|███       | 30/100 [02:15<05:16,  4.53s/epoch, best=2.629e-01, sign=0.140, train=2.553e-01, val=2.636e-01]
GNN flow training:  30%|███       | 30/100 [02:20<05:16,  4.53s/epoch, best=2.629e-01, sign=0.139, train=2.553e-01, val=2.638e-01]
GNN flow training:  31%|███       | 31/100 [02:20<05:12,  4.53s/epoch, best=2.629e-01, sign=0.139, train=2.553e-01, val=2.638e-01]
GNN flow training:  31%|███       | 31/100 [02:24<05:12,  4.53s/epoch, best=2.629e-01, sign=0.139, train=2.552e-01, val=2.641e-01]
GNN flow training:  32%|███▏      | 32/100 [02:24<05:11,  4.58s/epoch, best=2.629e-01, sign=0.139, train=2.552e-01, val=2.641e-01]
GNN flow training:  32%|███▏      | 32/100 [02:29<05:11,  4.58s/epoch, best=2.629e-01, sign=0.139, train=2.553e-01, val=2.637e-01]
GNN flow training:  33%|███▎      | 33/100 [02:29<05:05,  4.56s/epoch, best=2.629e-01, sign=0.139, train=2.553e-01, val=2.637e-01]
GNN flow training:  33%|███▎      | 33/100 [02:33<05:05,  4.56s/epoch, best=2.629e-01, sign=0.140, train=2.552e-01, val=2.636e-01]
GNN flow training:  34%|███▍      | 34/100 [02:33<04:59,  4.54s/epoch, best=2.629e-01, sign=0.140, train=2.552e-01, val=2.636e-01]
GNN flow training:  34%|███▍      | 34/100 [02:38<04:59,  4.54s/epoch, best=2.629e-01, sign=0.139, train=2.557e-01, val=2.633e-01]
GNN flow training:  35%|███▌      | 35/100 [02:38<04:54,  4.53s/epoch, best=2.629e-01, sign=0.139, train=2.557e-01, val=2.633e-01]
GNN flow training:  35%|███▌      | 35/100 [02:42<04:54,  4.53s/epoch, best=2.629e-01, sign=0.140, train=2.557e-01, val=2.631e-01]
GNN flow training:  36%|███▌      | 36/100 [02:42<04:49,  4.53s/epoch, best=2.629e-01, sign=0.140, train=2.557e-01, val=2.631e-01]
GNN flow training:  36%|███▌      | 36/100 [02:47<04:49,  4.53s/epoch, best=2.629e-01, sign=0.140, train=2.555e-01, val=2.631e-01]
GNN flow training:  37%|███▋      | 37/100 [02:47<04:46,  4.54s/epoch, best=2.629e-01, sign=0.140, train=2.555e-01, val=2.631e-01]
GNN flow training:  37%|███▋      | 37/100 [02:52<04:46,  4.54s/epoch, best=2.629e-01, sign=0.140, train=2.558e-01, val=2.634e-01]
GNN flow training:  38%|███▊      | 38/100 [02:52<04:40,  4.53s/epoch, best=2.629e-01, sign=0.140, train=2.558e-01, val=2.634e-01]
GNN flow training:  38%|███▊      | 38/100 [02:56<04:40,  4.53s/epoch, best=2.629e-01, sign=0.140, train=2.562e-01, val=2.638e-01]
GNN flow training:  39%|███▉      | 39/100 [02:56<04:35,  4.52s/epoch, best=2.629e-01, sign=0.140, train=2.562e-01, val=2.638e-01]
GNN flow training:  39%|███▉      | 39/100 [03:01<04:35,  4.52s/epoch, best=2.629e-01, sign=0.139, train=2.566e-01, val=2.634e-01]
GNN flow training:  40%|████      | 40/100 [03:01<04:30,  4.51s/epoch, best=2.629e-01, sign=0.139, train=2.566e-01, val=2.634e-01]
GNN flow training:  40%|████      | 40/100 [03:05<04:30,  4.51s/epoch, best=2.629e-01, sign=0.140, train=2.563e-01, val=2.625e-01]
GNN flow training:  41%|████      | 41/100 [03:05<04:26,  4.52s/epoch, best=2.629e-01, sign=0.140, train=2.563e-01, val=2.625e-01]
GNN flow training:  41%|████      | 41/100 [03:10<04:26,  4.52s/epoch, best=2.625e-01, sign=0.140, train=2.555e-01, val=2.612e-01]
GNN flow training:  42%|████▏     | 42/100 [03:10<04:22,  4.52s/epoch, best=2.625e-01, sign=0.140, train=2.555e-01, val=2.612e-01]
GNN flow training:  42%|████▏     | 42/100 [03:14<04:22,  4.52s/epoch, best=2.612e-01, sign=0.138, train=2.542e-01, val=2.602e-01]
GNN flow training:  43%|████▎     | 43/100 [03:14<04:18,  4.54s/epoch, best=2.612e-01, sign=0.138, train=2.542e-01, val=2.602e-01]
GNN flow training:  43%|████▎     | 43/100 [03:19<04:18,  4.54s/epoch, best=2.602e-01, sign=0.139, train=2.534e-01, val=2.598e-01]
GNN flow training:  44%|████▍     | 44/100 [03:19<04:14,  4.54s/epoch, best=2.602e-01, sign=0.139, train=2.534e-01, val=2.598e-01]
GNN flow training:  44%|████▍     | 44/100 [03:23<04:14,  4.54s/epoch, best=2.598e-01, sign=0.139, train=2.531e-01, val=2.599e-01]
GNN flow training:  45%|████▌     | 45/100 [03:23<04:09,  4.54s/epoch, best=2.598e-01, sign=0.139, train=2.531e-01, val=2.599e-01]
GNN flow training:  45%|████▌     | 45/100 [03:28<04:09,  4.54s/epoch, best=2.598e-01, sign=0.140, train=2.533e-01, val=2.602e-01]
GNN flow training:  46%|████▌     | 46/100 [03:28<04:04,  4.53s/epoch, best=2.598e-01, sign=0.140, train=2.533e-01, val=2.602e-01]
GNN flow training:  46%|████▌     | 46/100 [03:32<04:04,  4.53s/epoch, best=2.598e-01, sign=0.140, train=2.535e-01, val=2.601e-01]
GNN flow training:  47%|████▋     | 47/100 [03:32<03:59,  4.52s/epoch, best=2.598e-01, sign=0.140, train=2.535e-01, val=2.601e-01]
GNN flow training:  47%|████▋     | 47/100 [03:37<03:59,  4.52s/epoch, best=2.598e-01, sign=0.141, train=2.527e-01, val=2.603e-01]
GNN flow training:  48%|████▊     | 48/100 [03:37<03:55,  4.52s/epoch, best=2.598e-01, sign=0.141, train=2.527e-01, val=2.603e-01]
GNN flow training:  48%|████▊     | 48/100 [03:41<03:55,  4.52s/epoch, best=2.598e-01, sign=0.141, train=2.523e-01, val=2.604e-01]
GNN flow training:  49%|████▉     | 49/100 [03:41<03:50,  4.52s/epoch, best=2.598e-01, sign=0.141, train=2.523e-01, val=2.604e-01]
GNN flow training:  49%|████▉     | 49/100 [03:46<03:50,  4.52s/epoch, best=2.598e-01, sign=0.141, train=2.519e-01, val=2.605e-01]
GNN flow training:  50%|█████     | 50/100 [03:46<03:45,  4.52s/epoch, best=2.598e-01, sign=0.141, train=2.519e-01, val=2.605e-01]
GNN flow training:  50%|█████     | 50/100 [03:50<03:45,  4.52s/epoch, best=2.598e-01, sign=0.140, train=2.515e-01, val=2.604e-01]
GNN flow training:  51%|█████     | 51/100 [03:50<03:41,  4.52s/epoch, best=2.598e-01, sign=0.140, train=2.515e-01, val=2.604e-01]
GNN flow training:  51%|█████     | 51/100 [03:55<03:41,  4.52s/epoch, best=2.598e-01, sign=0.140, train=2.511e-01, val=2.604e-01]
GNN flow training:  52%|█████▏    | 52/100 [03:55<03:37,  4.53s/epoch, best=2.598e-01, sign=0.140, train=2.511e-01, val=2.604e-01]
GNN flow training:  52%|█████▏    | 52/100 [03:59<03:37,  4.53s/epoch, best=2.598e-01, sign=0.140, train=2.509e-01, val=2.604e-01]
GNN flow training:  53%|█████▎    | 53/100 [03:59<03:32,  4.51s/epoch, best=2.598e-01, sign=0.140, train=2.509e-01, val=2.604e-01]
GNN flow training:  53%|█████▎    | 53/100 [04:04<03:32,  4.51s/epoch, best=2.598e-01, sign=0.139, train=2.506e-01, val=2.603e-01]
GNN flow training:  54%|█████▍    | 54/100 [04:04<03:27,  4.51s/epoch, best=2.598e-01, sign=0.139, train=2.506e-01, val=2.603e-01]
GNN flow training:  54%|█████▍    | 54/100 [04:08<03:27,  4.51s/epoch, best=2.598e-01, sign=0.138, train=2.503e-01, val=2.603e-01]
GNN flow training:  55%|█████▌    | 55/100 [04:08<03:23,  4.52s/epoch, best=2.598e-01, sign=0.138, train=2.503e-01, val=2.603e-01]
GNN flow training:  55%|█████▌    | 55/100 [04:13<03:23,  4.52s/epoch, best=2.598e-01, sign=0.139, train=2.502e-01, val=2.601e-01]
GNN flow training:  56%|█████▌    | 56/100 [04:13<03:19,  4.53s/epoch, best=2.598e-01, sign=0.139, train=2.502e-01, val=2.601e-01]
GNN flow training:  56%|█████▌    | 56/100 [04:18<03:19,  4.53s/epoch, best=2.598e-01, sign=0.139, train=2.501e-01, val=2.599e-01]
GNN flow training:  57%|█████▋    | 57/100 [04:18<03:15,  4.54s/epoch, best=2.598e-01, sign=0.139, train=2.501e-01, val=2.599e-01]
GNN flow training:  57%|█████▋    | 57/100 [04:22<03:15,  4.54s/epoch, best=2.598e-01, sign=0.140, train=2.498e-01, val=2.597e-01]
GNN flow training:  58%|█████▊    | 58/100 [04:22<03:10,  4.53s/epoch, best=2.598e-01, sign=0.140, train=2.498e-01, val=2.597e-01]
GNN flow training:  58%|█████▊    | 58/100 [04:27<03:10,  4.53s/epoch, best=2.597e-01, sign=0.140, train=2.495e-01, val=2.593e-01]
GNN flow training:  59%|█████▉    | 59/100 [04:27<03:05,  4.52s/epoch, best=2.597e-01, sign=0.140, train=2.495e-01, val=2.593e-01]
GNN flow training:  59%|█████▉    | 59/100 [04:31<03:05,  4.52s/epoch, best=2.593e-01, sign=0.140, train=2.489e-01, val=2.585e-01]
GNN flow training:  60%|██████    | 60/100 [04:31<03:01,  4.54s/epoch, best=2.593e-01, sign=0.140, train=2.489e-01, val=2.585e-01]
GNN flow training:  60%|██████    | 60/100 [04:36<03:01,  4.54s/epoch, best=2.585e-01, sign=0.139, train=2.484e-01, val=2.574e-01]
GNN flow training:  61%|██████    | 61/100 [04:36<02:57,  4.55s/epoch, best=2.585e-01, sign=0.139, train=2.484e-01, val=2.574e-01]
GNN flow training:  61%|██████    | 61/100 [04:40<02:57,  4.55s/epoch, best=2.574e-01, sign=0.139, train=2.481e-01, val=2.569e-01]
GNN flow training:  62%|██████▏   | 62/100 [04:40<02:52,  4.54s/epoch, best=2.574e-01, sign=0.139, train=2.481e-01, val=2.569e-01]
GNN flow training:  62%|██████▏   | 62/100 [04:45<02:52,  4.54s/epoch, best=2.569e-01, sign=0.140, train=2.479e-01, val=2.566e-01]
GNN flow training:  63%|██████▎   | 63/100 [04:45<02:47,  4.53s/epoch, best=2.569e-01, sign=0.140, train=2.479e-01, val=2.566e-01]
GNN flow training:  63%|██████▎   | 63/100 [04:49<02:47,  4.53s/epoch, best=2.566e-01, sign=0.139, train=2.476e-01, val=2.563e-01]
GNN flow training:  64%|██████▍   | 64/100 [04:49<02:43,  4.53s/epoch, best=2.566e-01, sign=0.139, train=2.476e-01, val=2.563e-01]
GNN flow training:  64%|██████▍   | 64/100 [04:54<02:43,  4.53s/epoch, best=2.563e-01, sign=0.141, train=2.474e-01, val=2.562e-01]
GNN flow training:  65%|██████▌   | 65/100 [04:54<02:38,  4.52s/epoch, best=2.563e-01, sign=0.141, train=2.474e-01, val=2.562e-01]
GNN flow training:  65%|██████▌   | 65/100 [04:58<02:38,  4.52s/epoch, best=2.562e-01, sign=0.141, train=2.473e-01, val=2.561e-01]
GNN flow training:  66%|██████▌   | 66/100 [04:58<02:34,  4.53s/epoch, best=2.562e-01, sign=0.141, train=2.473e-01, val=2.561e-01]
GNN flow training:  66%|██████▌   | 66/100 [05:03<02:34,  4.53s/epoch, best=2.561e-01, sign=0.142, train=2.470e-01, val=2.560e-01]
GNN flow training:  67%|██████▋   | 67/100 [05:03<02:29,  4.53s/epoch, best=2.561e-01, sign=0.142, train=2.470e-01, val=2.560e-01]
GNN flow training:  67%|██████▋   | 67/100 [05:07<02:29,  4.53s/epoch, best=2.560e-01, sign=0.141, train=2.467e-01, val=2.556e-01]
GNN flow training:  68%|██████▊   | 68/100 [05:07<02:24,  4.53s/epoch, best=2.560e-01, sign=0.141, train=2.467e-01, val=2.556e-01]
GNN flow training:  68%|██████▊   | 68/100 [05:12<02:24,  4.53s/epoch, best=2.556e-01, sign=0.142, train=2.463e-01, val=2.554e-01]
GNN flow training:  69%|██████▉   | 69/100 [05:12<02:20,  4.53s/epoch, best=2.556e-01, sign=0.142, train=2.463e-01, val=2.554e-01]
GNN flow training:  69%|██████▉   | 69/100 [05:16<02:20,  4.53s/epoch, best=2.554e-01, sign=0.141, train=2.459e-01, val=2.554e-01]
GNN flow training:  70%|███████   | 70/100 [05:16<02:15,  4.53s/epoch, best=2.554e-01, sign=0.141, train=2.459e-01, val=2.554e-01]
GNN flow training:  70%|███████   | 70/100 [05:21<02:15,  4.53s/epoch, best=2.554e-01, sign=0.141, train=2.457e-01, val=2.552e-01]
GNN flow training:  71%|███████   | 71/100 [05:21<02:11,  4.53s/epoch, best=2.554e-01, sign=0.141, train=2.457e-01, val=2.552e-01]
GNN flow training:  71%|███████   | 71/100 [05:26<02:11,  4.53s/epoch, best=2.552e-01, sign=0.141, train=2.455e-01, val=2.549e-01]
GNN flow training:  72%|███████▏  | 72/100 [05:26<02:07,  4.55s/epoch, best=2.552e-01, sign=0.141, train=2.455e-01, val=2.549e-01]
GNN flow training:  72%|███████▏  | 72/100 [05:30<02:07,  4.55s/epoch, best=2.549e-01, sign=0.141, train=2.453e-01, val=2.542e-01]
GNN flow training:  73%|███████▎  | 73/100 [05:30<02:02,  4.54s/epoch, best=2.549e-01, sign=0.141, train=2.453e-01, val=2.542e-01]
GNN flow training:  73%|███████▎  | 73/100 [05:35<02:02,  4.54s/epoch, best=2.542e-01, sign=0.141, train=2.448e-01, val=2.534e-01]
GNN flow training:  74%|███████▍  | 74/100 [05:35<01:57,  4.53s/epoch, best=2.542e-01, sign=0.141, train=2.448e-01, val=2.534e-01]
GNN flow training:  74%|███████▍  | 74/100 [05:39<01:57,  4.53s/epoch, best=2.534e-01, sign=0.142, train=2.443e-01, val=2.527e-01]
GNN flow training:  75%|███████▌  | 75/100 [05:39<01:53,  4.53s/epoch, best=2.534e-01, sign=0.142, train=2.443e-01, val=2.527e-01]
GNN flow training:  75%|███████▌  | 75/100 [05:44<01:53,  4.53s/epoch, best=2.527e-01, sign=0.141, train=2.441e-01, val=2.524e-01]
GNN flow training:  76%|███████▌  | 76/100 [05:44<01:48,  4.52s/epoch, best=2.527e-01, sign=0.141, train=2.441e-01, val=2.524e-01]
GNN flow training:  76%|███████▌  | 76/100 [05:48<01:48,  4.52s/epoch, best=2.524e-01, sign=0.141, train=2.438e-01, val=2.525e-01]
GNN flow training:  77%|███████▋  | 77/100 [05:48<01:43,  4.52s/epoch, best=2.524e-01, sign=0.141, train=2.438e-01, val=2.525e-01]
GNN flow training:  77%|███████▋  | 77/100 [05:53<01:43,  4.52s/epoch, best=2.524e-01, sign=0.141, train=2.435e-01, val=2.526e-01]
GNN flow training:  78%|███████▊  | 78/100 [05:53<01:39,  4.54s/epoch, best=2.524e-01, sign=0.141, train=2.435e-01, val=2.526e-01]
GNN flow training:  78%|███████▊  | 78/100 [05:57<01:39,  4.54s/epoch, best=2.524e-01, sign=0.141, train=2.431e-01, val=2.527e-01]
GNN flow training:  79%|███████▉  | 79/100 [05:57<01:35,  4.54s/epoch, best=2.524e-01, sign=0.141, train=2.431e-01, val=2.527e-01]
GNN flow training:  79%|███████▉  | 79/100 [06:02<01:35,  4.54s/epoch, best=2.524e-01, sign=0.140, train=2.427e-01, val=2.531e-01]
GNN flow training:  80%|████████  | 80/100 [06:02<01:30,  4.54s/epoch, best=2.524e-01, sign=0.140, train=2.427e-01, val=2.531e-01]
GNN flow training:  80%|████████  | 80/100 [06:06<01:30,  4.54s/epoch, best=2.524e-01, sign=0.140, train=2.424e-01, val=2.535e-01]
GNN flow training:  81%|████████  | 81/100 [06:06<01:26,  4.55s/epoch, best=2.524e-01, sign=0.140, train=2.424e-01, val=2.535e-01]
GNN flow training:  81%|████████  | 81/100 [06:11<01:26,  4.55s/epoch, best=2.524e-01, sign=0.140, train=2.423e-01, val=2.527e-01]
GNN flow training:  82%|████████▏ | 82/100 [06:11<01:21,  4.55s/epoch, best=2.524e-01, sign=0.140, train=2.423e-01, val=2.527e-01]
GNN flow training:  82%|████████▏ | 82/100 [06:15<01:21,  4.55s/epoch, best=2.524e-01, sign=0.140, train=2.420e-01, val=2.522e-01]
GNN flow training:  83%|████████▎ | 83/100 [06:15<01:17,  4.54s/epoch, best=2.524e-01, sign=0.140, train=2.420e-01, val=2.522e-01]
GNN flow training:  83%|████████▎ | 83/100 [06:20<01:17,  4.54s/epoch, best=2.522e-01, sign=0.140, train=2.417e-01, val=2.525e-01]
GNN flow training:  84%|████████▍ | 84/100 [06:20<01:12,  4.55s/epoch, best=2.522e-01, sign=0.140, train=2.417e-01, val=2.525e-01]
GNN flow training:  84%|████████▍ | 84/100 [06:25<01:12,  4.55s/epoch, best=2.522e-01, sign=0.138, train=2.414e-01, val=2.529e-01]
GNN flow training:  85%|████████▌ | 85/100 [06:25<01:08,  4.54s/epoch, best=2.522e-01, sign=0.138, train=2.414e-01, val=2.529e-01]
GNN flow training:  85%|████████▌ | 85/100 [06:29<01:08,  4.54s/epoch, best=2.522e-01, sign=0.140, train=2.416e-01, val=2.519e-01]
GNN flow training:  86%|████████▌ | 86/100 [06:29<01:03,  4.54s/epoch, best=2.522e-01, sign=0.140, train=2.416e-01, val=2.519e-01]
GNN flow training:  86%|████████▌ | 86/100 [06:34<01:03,  4.54s/epoch, best=2.519e-01, sign=0.141, train=2.412e-01, val=2.606e-01]
GNN flow training:  87%|████████▋ | 87/100 [06:34<00:59,  4.55s/epoch, best=2.519e-01, sign=0.141, train=2.412e-01, val=2.606e-01]
GNN flow training:  87%|████████▋ | 87/100 [06:38<00:59,  4.55s/epoch, best=2.519e-01, sign=0.141, train=2.440e-01, val=2.610e-01]
GNN flow training:  88%|████████▊ | 88/100 [06:38<00:54,  4.57s/epoch, best=2.519e-01, sign=0.141, train=2.440e-01, val=2.610e-01]
GNN flow training:  88%|████████▊ | 88/100 [06:43<00:54,  4.57s/epoch, best=2.519e-01, sign=0.140, train=2.453e-01, val=2.607e-01]
GNN flow training:  89%|████████▉ | 89/100 [06:43<00:50,  4.55s/epoch, best=2.519e-01, sign=0.140, train=2.453e-01, val=2.607e-01]
GNN flow training:  89%|████████▉ | 89/100 [06:47<00:50,  4.55s/epoch, best=2.519e-01, sign=0.140, train=2.435e-01, val=2.539e-01]
GNN flow training:  90%|█████████ | 90/100 [06:47<00:45,  4.53s/epoch, best=2.519e-01, sign=0.140, train=2.435e-01, val=2.539e-01]
GNN flow training:  90%|█████████ | 90/100 [06:52<00:45,  4.53s/epoch, best=2.519e-01, sign=0.139, train=2.413e-01, val=2.605e-01]
GNN flow training:  91%|█████████ | 91/100 [06:52<00:40,  4.52s/epoch, best=2.519e-01, sign=0.139, train=2.413e-01, val=2.605e-01]
GNN flow training:  91%|█████████ | 91/100 [06:56<00:40,  4.52s/epoch, best=2.519e-01, sign=0.139, train=2.433e-01, val=2.601e-01]
GNN flow training:  92%|█████████▏| 92/100 [06:56<00:36,  4.51s/epoch, best=2.519e-01, sign=0.139, train=2.433e-01, val=2.601e-01]
GNN flow training:  92%|█████████▏| 92/100 [07:01<00:36,  4.51s/epoch, best=2.519e-01, sign=0.140, train=2.429e-01, val=2.563e-01]
GNN flow training:  93%|█████████▎| 93/100 [07:01<00:31,  4.51s/epoch, best=2.519e-01, sign=0.140, train=2.429e-01, val=2.563e-01]
GNN flow training:  93%|█████████▎| 93/100 [07:05<00:31,  4.51s/epoch, best=2.519e-01, sign=0.140, train=2.410e-01, val=2.544e-01]
GNN flow training:  94%|█████████▍| 94/100 [07:05<00:27,  4.51s/epoch, best=2.519e-01, sign=0.140, train=2.410e-01, val=2.544e-01]
GNN flow training:  94%|█████████▍| 94/100 [07:10<00:27,  4.51s/epoch, best=2.519e-01, sign=0.140, train=2.412e-01, val=2.575e-01]
GNN flow training:  95%|█████████▌| 95/100 [07:10<00:22,  4.51s/epoch, best=2.519e-01, sign=0.140, train=2.412e-01, val=2.575e-01]
GNN flow training:  95%|█████████▌| 95/100 [07:14<00:22,  4.51s/epoch, best=2.519e-01, sign=0.141, train=2.421e-01, val=2.571e-01]
GNN flow training:  96%|█████████▌| 96/100 [07:14<00:18,  4.51s/epoch, best=2.519e-01, sign=0.141, train=2.421e-01, val=2.571e-01]
GNN flow training:  96%|█████████▌| 96/100 [07:19<00:18,  4.51s/epoch, best=2.519e-01, sign=0.140, train=2.420e-01, val=2.546e-01]
GNN flow training:  97%|█████████▋| 97/100 [07:19<00:13,  4.51s/epoch, best=2.519e-01, sign=0.140, train=2.420e-01, val=2.546e-01]
GNN flow training:  97%|█████████▋| 97/100 [07:23<00:13,  4.51s/epoch, best=2.519e-01, sign=0.141, train=2.413e-01, val=2.546e-01]
GNN flow training:  98%|█████████▊| 98/100 [07:23<00:09,  4.51s/epoch, best=2.519e-01, sign=0.141, train=2.413e-01, val=2.546e-01]
GNN flow training:  98%|█████████▊| 98/100 [07:28<00:09,  4.51s/epoch, best=2.519e-01, sign=0.142, train=2.413e-01, val=2.553e-01]
GNN flow training:  99%|█████████▉| 99/100 [07:28<00:04,  4.52s/epoch, best=2.519e-01, sign=0.142, train=2.413e-01, val=2.553e-01]
GNN flow training:  99%|█████████▉| 99/100 [07:32<00:04,  4.52s/epoch, best=2.519e-01, sign=0.143, train=2.418e-01, val=2.546e-01]
GNN flow training: 100%|██████████| 100/100 [07:32<00:00,  4.51s/epoch, best=2.519e-01, sign=0.143, train=2.418e-01, val=2.546e-01]
GNN flow training: 100%|██████████| 100/100 [07:32<00:00,  4.53s/epoch, best=2.519e-01, sign=0.143, train=2.418e-01, val=2.546e-01]
Resolved config snapshot:
{'preset': 'solver_QKB_outer_QKBdelta', 'gnn_outer_losses': {'flow': 1.0, 'kirchhoff': 0.1, 'boundary': 100.0, 'delta_l2': 0.1, 'delta_smooth': 0.0, 'pressure_shape': 0.0}, 'physics': {'arterial_flow_mode': 'dataset', 'pressure_constraints': ['equal-a-equal-v'], 'alpha_pa': None, 'use_snr_weights': True, 'use_observed_flow_snr_weighting': True, 'flow_scale_mode': 'median_abs', 'solver_device': 'same', 'pressure_solver_mode': 'reduced-soft-constrained-lstsq', 'pressure_solver_lambda_kirchhoff': 1.0, 'pressure_solver_lambda_pressure_constraints': 100.0, 'pressure_solver_lambda_flow_residual': 1.0, 'pressure_shape_reference': 'delta_zero_reference', 'pressure_detach': False}, 'correction_bounds': {'correction_min': -0.5, 'correction_max': 0.5, 'correction_bound': 0.5, 'correction_parameterization': 'tanh'}, 'optimization': {'learning_rate': 0.001, 'weight_decay': 0.0001, 'gradient_clip_norm': 5.0, 'optimizer': 'adamw', 'epochs': 100, 'patience': 40}}
Shard 17/80: 1 of 80 runs
Command: /mnt/home/sswee/miniforge3/envs/yolk-sac/bin/python /mnt/home/sswee/yolk/Yolk-Sac-Flow-Data-and-Sim/gnn_clean/scripts/python/gnn_flow.py /mnt/home/sswee/yolk/Yolk-Sac-Flow-Data-and-Sim/gnn_clean/datasets/mosaic_graph_norm_canonical.gpickle --output-dir /mnt/home/sswee/yolk/Yolk-Sac-Flow-Data-and-Sim/gnn_clean/outputs_canonical_norm/dc/02_physics_weight_sweep/gnn --run-name q_1__k_0p1__delta_0p1 --preset solver_QKB_outer_QKBdelta --device cuda --epochs 100 --seed 0 --viscosity-pa-s 0.0035 --config /mnt/home/sswee/yolk/Yolk-Sac-Flow-Data-and-Sim/gnn_clean/outputs_canonical_norm/dc/02_physics_weight_sweep/_generated_configs/q_1__k_0p1__delta_0p1.yaml --no-pressure-detach
