[info] DC Step 2 canonical sweep uses fixed lambda_B=100.0 for both the outer boundary loss and the reduced pressure-solver boundary constraint.

GNN flow training:   0%|          | 0/100 [00:00<?, ?epoch/s]
GNN flow training:   0%|          | 0/100 [00:06<?, ?epoch/s, best=1.193e+01, sign=0.161, train=1.175e+01, val=1.193e+01]
GNN flow training:   1%|          | 1/100 [00:06<10:20,  6.27s/epoch, best=1.193e+01, sign=0.161, train=1.175e+01, val=1.193e+01]
GNN flow training:   1%|          | 1/100 [00:12<10:20,  6.27s/epoch, best=1.193e+01, sign=0.160, train=1.175e+01, val=1.188e+01]
GNN flow training:   2%|▏         | 2/100 [00:12<10:00,  6.13s/epoch, best=1.193e+01, sign=0.160, train=1.175e+01, val=1.188e+01]
GNN flow training:   2%|▏         | 2/100 [00:18<10:00,  6.13s/epoch, best=1.188e+01, sign=0.159, train=1.171e+01, val=1.188e+01]
GNN flow training:   3%|▎         | 3/100 [00:18<09:47,  6.06s/epoch, best=1.188e+01, sign=0.159, train=1.171e+01, val=1.188e+01]
GNN flow training:   3%|▎         | 3/100 [00:24<09:47,  6.06s/epoch, best=1.188e+01, sign=0.160, train=1.170e+01, val=1.187e+01]
GNN flow training:   4%|▍         | 4/100 [00:24<09:40,  6.05s/epoch, best=1.188e+01, sign=0.160, train=1.170e+01, val=1.187e+01]
GNN flow training:   4%|▍         | 4/100 [00:30<09:40,  6.05s/epoch, best=1.187e+01, sign=0.159, train=1.169e+01, val=1.186e+01]
GNN flow training:   5%|▌         | 5/100 [00:30<09:32,  6.02s/epoch, best=1.187e+01, sign=0.159, train=1.169e+01, val=1.186e+01]
GNN flow training:   5%|▌         | 5/100 [00:36<09:32,  6.02s/epoch, best=1.186e+01, sign=0.160, train=1.168e+01, val=1.183e+01]
GNN flow training:   6%|▌         | 6/100 [00:36<09:24,  6.01s/epoch, best=1.186e+01, sign=0.160, train=1.168e+01, val=1.183e+01]
GNN flow training:   6%|▌         | 6/100 [00:42<09:24,  6.01s/epoch, best=1.183e+01, sign=0.161, train=1.165e+01, val=1.181e+01]
GNN flow training:   7%|▋         | 7/100 [00:42<09:18,  6.00s/epoch, best=1.183e+01, sign=0.161, train=1.165e+01, val=1.181e+01]
GNN flow training:   7%|▋         | 7/100 [00:48<09:18,  6.00s/epoch, best=1.181e+01, sign=0.160, train=1.163e+01, val=1.182e+01]
GNN flow training:   8%|▊         | 8/100 [00:48<09:10,  5.99s/epoch, best=1.181e+01, sign=0.160, train=1.163e+01, val=1.182e+01]
GNN flow training:   8%|▊         | 8/100 [00:54<09:10,  5.99s/epoch, best=1.181e+01, sign=0.161, train=1.164e+01, val=1.178e+01]
GNN flow training:   9%|▉         | 9/100 [00:54<09:05,  5.99s/epoch, best=1.181e+01, sign=0.161, train=1.164e+01, val=1.178e+01]
GNN flow training:   9%|▉         | 9/100 [01:00<09:05,  5.99s/epoch, best=1.178e+01, sign=0.161, train=1.161e+01, val=1.180e+01]
GNN flow training:  10%|█         | 10/100 [01:00<09:00,  6.01s/epoch, best=1.178e+01, sign=0.161, train=1.161e+01, val=1.180e+01]
GNN flow training:  10%|█         | 10/100 [01:06<09:00,  6.01s/epoch, best=1.178e+01, sign=0.161, train=1.163e+01, val=1.178e+01]
GNN flow training:  11%|█         | 11/100 [01:06<08:53,  5.99s/epoch, best=1.178e+01, sign=0.161, train=1.163e+01, val=1.178e+01]
GNN flow training:  11%|█         | 11/100 [01:12<08:53,  5.99s/epoch, best=1.178e+01, sign=0.161, train=1.161e+01, val=1.176e+01]
GNN flow training:  12%|█▏        | 12/100 [01:12<08:46,  5.98s/epoch, best=1.178e+01, sign=0.161, train=1.161e+01, val=1.176e+01]
GNN flow training:  12%|█▏        | 12/100 [01:18<08:46,  5.98s/epoch, best=1.176e+01, sign=0.161, train=1.160e+01, val=1.173e+01]
GNN flow training:  13%|█▎        | 13/100 [01:18<08:39,  5.97s/epoch, best=1.176e+01, sign=0.161, train=1.160e+01, val=1.173e+01]
GNN flow training:  13%|█▎        | 13/100 [01:24<08:39,  5.97s/epoch, best=1.173e+01, sign=0.161, train=1.157e+01, val=1.172e+01]
GNN flow training:  14%|█▍        | 14/100 [01:24<08:32,  5.96s/epoch, best=1.173e+01, sign=0.161, train=1.157e+01, val=1.172e+01]
GNN flow training:  14%|█▍        | 14/100 [01:30<08:32,  5.96s/epoch, best=1.172e+01, sign=0.161, train=1.156e+01, val=1.168e+01]
GNN flow training:  15%|█▌        | 15/100 [01:30<08:27,  5.97s/epoch, best=1.172e+01, sign=0.161, train=1.156e+01, val=1.168e+01]
GNN flow training:  15%|█▌        | 15/100 [01:35<08:27,  5.97s/epoch, best=1.168e+01, sign=0.160, train=1.152e+01, val=1.165e+01]
GNN flow training:  16%|█▌        | 16/100 [01:35<08:20,  5.96s/epoch, best=1.168e+01, sign=0.160, train=1.152e+01, val=1.165e+01]
GNN flow training:  16%|█▌        | 16/100 [01:41<08:20,  5.96s/epoch, best=1.165e+01, sign=0.159, train=1.149e+01, val=1.159e+01]
GNN flow training:  17%|█▋        | 17/100 [01:41<08:14,  5.96s/epoch, best=1.165e+01, sign=0.159, train=1.149e+01, val=1.159e+01]
GNN flow training:  17%|█▋        | 17/100 [01:48<08:14,  5.96s/epoch, best=1.159e+01, sign=0.159, train=1.142e+01, val=1.156e+01]
GNN flow training:  18%|█▊        | 18/100 [01:48<08:11,  5.99s/epoch, best=1.159e+01, sign=0.159, train=1.142e+01, val=1.156e+01]
GNN flow training:  18%|█▊        | 18/100 [01:53<08:11,  5.99s/epoch, best=1.156e+01, sign=0.159, train=1.139e+01, val=1.149e+01]
GNN flow training:  19%|█▉        | 19/100 [01:53<08:04,  5.99s/epoch, best=1.156e+01, sign=0.159, train=1.139e+01, val=1.149e+01]
GNN flow training:  19%|█▉        | 19/100 [01:59<08:04,  5.99s/epoch, best=1.149e+01, sign=0.158, train=1.133e+01, val=1.143e+01]
GNN flow training:  20%|██        | 20/100 [01:59<07:58,  5.99s/epoch, best=1.149e+01, sign=0.158, train=1.133e+01, val=1.143e+01]
GNN flow training:  20%|██        | 20/100 [02:05<07:58,  5.99s/epoch, best=1.143e+01, sign=0.157, train=1.128e+01, val=1.136e+01]
GNN flow training:  21%|██        | 21/100 [02:05<07:52,  5.98s/epoch, best=1.143e+01, sign=0.157, train=1.128e+01, val=1.136e+01]
GNN flow training:  21%|██        | 21/100 [02:11<07:52,  5.98s/epoch, best=1.136e+01, sign=0.156, train=1.122e+01, val=1.129e+01]
GNN flow training:  22%|██▏       | 22/100 [02:11<07:47,  5.99s/epoch, best=1.136e+01, sign=0.156, train=1.122e+01, val=1.129e+01]
GNN flow training:  22%|██▏       | 22/100 [02:17<07:47,  5.99s/epoch, best=1.129e+01, sign=0.156, train=1.115e+01, val=1.125e+01]
GNN flow training:  23%|██▎       | 23/100 [02:17<07:41,  5.99s/epoch, best=1.129e+01, sign=0.156, train=1.115e+01, val=1.125e+01]
GNN flow training:  23%|██▎       | 23/100 [02:23<07:41,  5.99s/epoch, best=1.125e+01, sign=0.155, train=1.111e+01, val=1.115e+01]
GNN flow training:  24%|██▍       | 24/100 [02:23<07:35,  5.99s/epoch, best=1.125e+01, sign=0.155, train=1.111e+01, val=1.115e+01]
GNN flow training:  24%|██▍       | 24/100 [02:29<07:35,  5.99s/epoch, best=1.115e+01, sign=0.155, train=1.100e+01, val=1.108e+01]
GNN flow training:  25%|██▌       | 25/100 [02:29<07:29,  5.99s/epoch, best=1.115e+01, sign=0.155, train=1.100e+01, val=1.108e+01]
GNN flow training:  25%|██▌       | 25/100 [02:35<07:29,  5.99s/epoch, best=1.108e+01, sign=0.156, train=1.094e+01, val=1.102e+01]
GNN flow training:  26%|██▌       | 26/100 [02:35<07:23,  5.99s/epoch, best=1.108e+01, sign=0.156, train=1.094e+01, val=1.102e+01]
GNN flow training:  26%|██▌       | 26/100 [02:41<07:23,  5.99s/epoch, best=1.102e+01, sign=0.155, train=1.089e+01, val=1.092e+01]
GNN flow training:  27%|██▋       | 27/100 [02:41<07:15,  5.96s/epoch, best=1.102e+01, sign=0.155, train=1.089e+01, val=1.092e+01]
GNN flow training:  27%|██▋       | 27/100 [02:47<07:15,  5.96s/epoch, best=1.092e+01, sign=0.154, train=1.079e+01, val=1.078e+01]
GNN flow training:  28%|██▊       | 28/100 [02:47<07:09,  5.96s/epoch, best=1.092e+01, sign=0.154, train=1.079e+01, val=1.078e+01]
GNN flow training:  28%|██▊       | 28/100 [02:53<07:09,  5.96s/epoch, best=1.078e+01, sign=0.153, train=1.066e+01, val=1.063e+01]
GNN flow training:  29%|██▉       | 29/100 [02:53<07:02,  5.94s/epoch, best=1.078e+01, sign=0.153, train=1.066e+01, val=1.063e+01]
GNN flow training:  29%|██▉       | 29/100 [02:59<07:02,  5.94s/epoch, best=1.063e+01, sign=0.154, train=1.053e+01, val=1.047e+01]
GNN flow training:  30%|███       | 30/100 [02:59<06:55,  5.94s/epoch, best=1.063e+01, sign=0.154, train=1.053e+01, val=1.047e+01]
GNN flow training:  30%|███       | 30/100 [03:05<06:55,  5.94s/epoch, best=1.047e+01, sign=0.153, train=1.038e+01, val=1.030e+01]
GNN flow training:  31%|███       | 31/100 [03:05<06:50,  5.95s/epoch, best=1.047e+01, sign=0.153, train=1.038e+01, val=1.030e+01]
GNN flow training:  31%|███       | 31/100 [03:11<06:50,  5.95s/epoch, best=1.030e+01, sign=0.150, train=1.022e+01, val=1.012e+01]
GNN flow training:  32%|███▏      | 32/100 [03:11<06:44,  5.95s/epoch, best=1.030e+01, sign=0.150, train=1.022e+01, val=1.012e+01]
GNN flow training:  32%|███▏      | 32/100 [03:17<06:44,  5.95s/epoch, best=1.012e+01, sign=0.149, train=1.005e+01, val=9.922e+00]
GNN flow training:  33%|███▎      | 33/100 [03:17<06:36,  5.92s/epoch, best=1.012e+01, sign=0.149, train=1.005e+01, val=9.922e+00]
GNN flow training:  33%|███▎      | 33/100 [03:23<06:36,  5.92s/epoch, best=9.922e+00, sign=0.146, train=9.870e+00, val=9.730e+00]
GNN flow training:  34%|███▍      | 34/100 [03:23<06:31,  5.94s/epoch, best=9.922e+00, sign=0.146, train=9.870e+00, val=9.730e+00]
GNN flow training:  34%|███▍      | 34/100 [03:29<06:31,  5.94s/epoch, best=9.730e+00, sign=0.145, train=9.694e+00, val=9.603e+00]
GNN flow training:  35%|███▌      | 35/100 [03:29<06:26,  5.95s/epoch, best=9.730e+00, sign=0.145, train=9.694e+00, val=9.603e+00]
GNN flow training:  35%|███▌      | 35/100 [03:35<06:26,  5.95s/epoch, best=9.603e+00, sign=0.144, train=9.583e+00, val=9.439e+00]
GNN flow training:  36%|███▌      | 36/100 [03:35<06:21,  5.97s/epoch, best=9.603e+00, sign=0.144, train=9.583e+00, val=9.439e+00]
GNN flow training:  36%|███▌      | 36/100 [03:41<06:21,  5.97s/epoch, best=9.439e+00, sign=0.142, train=9.449e+00, val=9.276e+00]
GNN flow training:  37%|███▋      | 37/100 [03:41<06:14,  5.95s/epoch, best=9.439e+00, sign=0.142, train=9.449e+00, val=9.276e+00]
GNN flow training:  37%|███▋      | 37/100 [03:47<06:14,  5.95s/epoch, best=9.276e+00, sign=0.141, train=9.312e+00, val=9.142e+00]
GNN flow training:  38%|███▊      | 38/100 [03:47<06:08,  5.95s/epoch, best=9.276e+00, sign=0.141, train=9.312e+00, val=9.142e+00]
GNN flow training:  38%|███▊      | 38/100 [03:53<06:08,  5.95s/epoch, best=9.142e+00, sign=0.141, train=9.185e+00, val=9.161e+00]
GNN flow training:  39%|███▉      | 39/100 [03:53<06:03,  5.96s/epoch, best=9.142e+00, sign=0.141, train=9.185e+00, val=9.161e+00]
GNN flow training:  39%|███▉      | 39/100 [03:59<06:03,  5.96s/epoch, best=9.142e+00, sign=0.142, train=9.172e+00, val=9.167e+00]
GNN flow training:  40%|████      | 40/100 [03:59<05:57,  5.96s/epoch, best=9.142e+00, sign=0.142, train=9.172e+00, val=9.167e+00]
GNN flow training:  40%|████      | 40/100 [04:05<05:57,  5.96s/epoch, best=9.142e+00, sign=0.142, train=9.141e+00, val=9.048e+00]
GNN flow training:  41%|████      | 41/100 [04:05<05:52,  5.97s/epoch, best=9.142e+00, sign=0.142, train=9.141e+00, val=9.048e+00]
GNN flow training:  41%|████      | 41/100 [04:11<05:52,  5.97s/epoch, best=9.048e+00, sign=0.140, train=9.005e+00, val=8.894e+00]
GNN flow training:  42%|████▏     | 42/100 [04:11<05:46,  5.97s/epoch, best=9.048e+00, sign=0.140, train=9.005e+00, val=8.894e+00]
GNN flow training:  42%|████▏     | 42/100 [04:17<05:46,  5.97s/epoch, best=8.894e+00, sign=0.140, train=8.829e+00, val=8.755e+00]
GNN flow training:  43%|████▎     | 43/100 [04:17<05:40,  5.97s/epoch, best=8.894e+00, sign=0.140, train=8.829e+00, val=8.755e+00]
GNN flow training:  43%|████▎     | 43/100 [04:23<05:40,  5.97s/epoch, best=8.755e+00, sign=0.140, train=8.646e+00, val=8.686e+00]
GNN flow training:  44%|████▍     | 44/100 [04:23<05:34,  5.97s/epoch, best=8.755e+00, sign=0.140, train=8.646e+00, val=8.686e+00]
GNN flow training:  44%|████▍     | 44/100 [04:28<05:34,  5.97s/epoch, best=8.686e+00, sign=0.138, train=8.566e+00, val=8.630e+00]
GNN flow training:  45%|████▌     | 45/100 [04:28<05:27,  5.95s/epoch, best=8.686e+00, sign=0.138, train=8.566e+00, val=8.630e+00]
GNN flow training:  45%|████▌     | 45/100 [04:34<05:27,  5.95s/epoch, best=8.630e+00, sign=0.138, train=8.484e+00, val=8.645e+00]
GNN flow training:  46%|████▌     | 46/100 [04:34<05:22,  5.97s/epoch, best=8.630e+00, sign=0.138, train=8.484e+00, val=8.645e+00]
GNN flow training:  46%|████▌     | 46/100 [04:40<05:22,  5.97s/epoch, best=8.630e+00, sign=0.138, train=8.459e+00, val=8.601e+00]
GNN flow training:  47%|████▋     | 47/100 [04:40<05:16,  5.97s/epoch, best=8.630e+00, sign=0.138, train=8.459e+00, val=8.601e+00]
GNN flow training:  47%|████▋     | 47/100 [04:46<05:16,  5.97s/epoch, best=8.601e+00, sign=0.138, train=8.366e+00, val=8.637e+00]
GNN flow training:  48%|████▊     | 48/100 [04:46<05:09,  5.96s/epoch, best=8.601e+00, sign=0.138, train=8.366e+00, val=8.637e+00]
GNN flow training:  48%|████▊     | 48/100 [04:52<05:09,  5.96s/epoch, best=8.601e+00, sign=0.137, train=8.358e+00, val=8.735e+00]
GNN flow training:  49%|████▉     | 49/100 [04:52<05:04,  5.98s/epoch, best=8.601e+00, sign=0.137, train=8.358e+00, val=8.735e+00]
GNN flow training:  49%|████▉     | 49/100 [04:58<05:04,  5.98s/epoch, best=8.601e+00, sign=0.139, train=8.383e+00, val=8.835e+00]
GNN flow training:  50%|█████     | 50/100 [04:58<04:58,  5.96s/epoch, best=8.601e+00, sign=0.139, train=8.383e+00, val=8.835e+00]
GNN flow training:  50%|█████     | 50/100 [05:04<04:58,  5.96s/epoch, best=8.601e+00, sign=0.140, train=8.433e+00, val=8.807e+00]
GNN flow training:  51%|█████     | 51/100 [05:04<04:53,  5.98s/epoch, best=8.601e+00, sign=0.140, train=8.433e+00, val=8.807e+00]
GNN flow training:  51%|█████     | 51/100 [05:10<04:53,  5.98s/epoch, best=8.601e+00, sign=0.138, train=8.392e+00, val=8.695e+00]
GNN flow training:  52%|█████▏    | 52/100 [05:10<04:47,  5.99s/epoch, best=8.601e+00, sign=0.138, train=8.392e+00, val=8.695e+00]
GNN flow training:  52%|█████▏    | 52/100 [05:16<04:47,  5.99s/epoch, best=8.601e+00, sign=0.137, train=8.304e+00, val=8.619e+00]
GNN flow training:  53%|█████▎    | 53/100 [05:16<04:41,  5.99s/epoch, best=8.601e+00, sign=0.137, train=8.304e+00, val=8.619e+00]
GNN flow training:  53%|█████▎    | 53/100 [05:22<04:41,  5.99s/epoch, best=8.601e+00, sign=0.136, train=8.235e+00, val=8.498e+00]
GNN flow training:  54%|█████▍    | 54/100 [05:22<04:34,  5.96s/epoch, best=8.601e+00, sign=0.136, train=8.235e+00, val=8.498e+00]
GNN flow training:  54%|█████▍    | 54/100 [05:28<04:34,  5.96s/epoch, best=8.498e+00, sign=0.139, train=8.182e+00, val=8.385e+00]
GNN flow training:  55%|█████▌    | 55/100 [05:28<04:27,  5.95s/epoch, best=8.498e+00, sign=0.139, train=8.182e+00, val=8.385e+00]
GNN flow training:  55%|█████▌    | 55/100 [05:34<04:27,  5.95s/epoch, best=8.385e+00, sign=0.138, train=8.164e+00, val=8.203e+00]
GNN flow training:  56%|█████▌    | 56/100 [05:34<04:21,  5.95s/epoch, best=8.385e+00, sign=0.138, train=8.164e+00, val=8.203e+00]
GNN flow training:  56%|█████▌    | 56/100 [05:40<04:21,  5.95s/epoch, best=8.203e+00, sign=0.136, train=8.165e+00, val=8.101e+00]
GNN flow training:  57%|█████▋    | 57/100 [05:40<04:15,  5.94s/epoch, best=8.203e+00, sign=0.136, train=8.165e+00, val=8.101e+00]
GNN flow training:  57%|█████▋    | 57/100 [05:46<04:15,  5.94s/epoch, best=8.101e+00, sign=0.136, train=8.131e+00, val=8.085e+00]
GNN flow training:  58%|█████▊    | 58/100 [05:46<04:10,  5.96s/epoch, best=8.101e+00, sign=0.136, train=8.131e+00, val=8.085e+00]
GNN flow training:  58%|█████▊    | 58/100 [05:52<04:10,  5.96s/epoch, best=8.085e+00, sign=0.136, train=8.068e+00, val=8.095e+00]
GNN flow training:  59%|█████▉    | 59/100 [05:52<04:03,  5.94s/epoch, best=8.085e+00, sign=0.136, train=8.068e+00, val=8.095e+00]
GNN flow training:  59%|█████▉    | 59/100 [05:58<04:03,  5.94s/epoch, best=8.085e+00, sign=0.136, train=8.013e+00, val=8.058e+00]
GNN flow training:  60%|██████    | 60/100 [05:58<03:57,  5.93s/epoch, best=8.085e+00, sign=0.136, train=8.013e+00, val=8.058e+00]
GNN flow training:  60%|██████    | 60/100 [06:04<03:57,  5.93s/epoch, best=8.058e+00, sign=0.136, train=7.923e+00, val=7.985e+00]
GNN flow training:  61%|██████    | 61/100 [06:04<03:51,  5.94s/epoch, best=8.058e+00, sign=0.136, train=7.923e+00, val=7.985e+00]
GNN flow training:  61%|██████    | 61/100 [06:10<03:51,  5.94s/epoch, best=7.985e+00, sign=0.135, train=7.818e+00, val=7.924e+00]
GNN flow training:  62%|██████▏   | 62/100 [06:10<03:46,  5.97s/epoch, best=7.985e+00, sign=0.135, train=7.818e+00, val=7.924e+00]
GNN flow training:  62%|██████▏   | 62/100 [06:16<03:46,  5.97s/epoch, best=7.924e+00, sign=0.133, train=7.736e+00, val=7.905e+00]
GNN flow training:  63%|██████▎   | 63/100 [06:16<03:40,  5.96s/epoch, best=7.924e+00, sign=0.133, train=7.736e+00, val=7.905e+00]
GNN flow training:  63%|██████▎   | 63/100 [06:22<03:40,  5.96s/epoch, best=7.905e+00, sign=0.135, train=7.742e+00, val=7.964e+00]
GNN flow training:  64%|██████▍   | 64/100 [06:22<03:34,  5.96s/epoch, best=7.905e+00, sign=0.135, train=7.742e+00, val=7.964e+00]
GNN flow training:  64%|██████▍   | 64/100 [06:28<03:34,  5.96s/epoch, best=7.905e+00, sign=0.136, train=7.850e+00, val=7.922e+00]
GNN flow training:  65%|██████▌   | 65/100 [06:28<03:28,  5.97s/epoch, best=7.905e+00, sign=0.136, train=7.850e+00, val=7.922e+00]
GNN flow training:  65%|██████▌   | 65/100 [06:34<03:28,  5.97s/epoch, best=7.905e+00, sign=0.137, train=7.802e+00, val=7.883e+00]
GNN flow training:  66%|██████▌   | 66/100 [06:34<03:23,  5.98s/epoch, best=7.905e+00, sign=0.137, train=7.802e+00, val=7.883e+00]
GNN flow training:  66%|██████▌   | 66/100 [06:40<03:23,  5.98s/epoch, best=7.883e+00, sign=0.134, train=7.712e+00, val=7.829e+00]
GNN flow training:  67%|██████▋   | 67/100 [06:40<03:17,  5.97s/epoch, best=7.883e+00, sign=0.134, train=7.712e+00, val=7.829e+00]
GNN flow training:  67%|██████▋   | 67/100 [06:46<03:17,  5.97s/epoch, best=7.829e+00, sign=0.135, train=7.639e+00, val=7.858e+00]
GNN flow training:  68%|██████▊   | 68/100 [06:46<03:10,  5.96s/epoch, best=7.829e+00, sign=0.135, train=7.639e+00, val=7.858e+00]
GNN flow training:  68%|██████▊   | 68/100 [06:52<03:10,  5.96s/epoch, best=7.829e+00, sign=0.135, train=7.759e+00, val=7.843e+00]
GNN flow training:  69%|██████▉   | 69/100 [06:52<03:03,  5.93s/epoch, best=7.829e+00, sign=0.135, train=7.759e+00, val=7.843e+00]
GNN flow training:  69%|██████▉   | 69/100 [06:57<03:03,  5.93s/epoch, best=7.829e+00, sign=0.136, train=7.717e+00, val=7.811e+00]
GNN flow training:  70%|███████   | 70/100 [06:57<02:58,  5.95s/epoch, best=7.829e+00, sign=0.136, train=7.717e+00, val=7.811e+00]
GNN flow training:  70%|███████   | 70/100 [07:03<02:58,  5.95s/epoch, best=7.811e+00, sign=0.133, train=7.613e+00, val=7.808e+00]
GNN flow training:  71%|███████   | 71/100 [07:03<02:52,  5.94s/epoch, best=7.811e+00, sign=0.133, train=7.613e+00, val=7.808e+00]
GNN flow training:  71%|███████   | 71/100 [07:09<02:52,  5.94s/epoch, best=7.808e+00, sign=0.134, train=7.594e+00, val=7.865e+00]
GNN flow training:  72%|███████▏  | 72/100 [07:09<02:46,  5.95s/epoch, best=7.808e+00, sign=0.134, train=7.594e+00, val=7.865e+00]
GNN flow training:  72%|███████▏  | 72/100 [07:15<02:46,  5.95s/epoch, best=7.808e+00, sign=0.134, train=7.597e+00, val=7.886e+00]
GNN flow training:  73%|███████▎  | 73/100 [07:15<02:40,  5.95s/epoch, best=7.808e+00, sign=0.134, train=7.597e+00, val=7.886e+00]
GNN flow training:  73%|███████▎  | 73/100 [07:21<02:40,  5.95s/epoch, best=7.808e+00, sign=0.133, train=7.580e+00, val=7.882e+00]
GNN flow training:  74%|███████▍  | 74/100 [07:21<02:34,  5.95s/epoch, best=7.808e+00, sign=0.133, train=7.580e+00, val=7.882e+00]
GNN flow training:  74%|███████▍  | 74/100 [07:27<02:34,  5.95s/epoch, best=7.808e+00, sign=0.134, train=7.549e+00, val=7.838e+00]
GNN flow training:  75%|███████▌  | 75/100 [07:27<02:28,  5.94s/epoch, best=7.808e+00, sign=0.134, train=7.549e+00, val=7.838e+00]
GNN flow training:  75%|███████▌  | 75/100 [07:33<02:28,  5.94s/epoch, best=7.808e+00, sign=0.135, train=7.516e+00, val=7.823e+00]
GNN flow training:  76%|███████▌  | 76/100 [07:33<02:22,  5.94s/epoch, best=7.808e+00, sign=0.135, train=7.516e+00, val=7.823e+00]
GNN flow training:  76%|███████▌  | 76/100 [07:39<02:22,  5.94s/epoch, best=7.808e+00, sign=0.138, train=7.511e+00, val=7.794e+00]
GNN flow training:  77%|███████▋  | 77/100 [07:39<02:16,  5.95s/epoch, best=7.808e+00, sign=0.138, train=7.511e+00, val=7.794e+00]
GNN flow training:  77%|███████▋  | 77/100 [07:45<02:16,  5.95s/epoch, best=7.794e+00, sign=0.138, train=7.494e+00, val=7.773e+00]
GNN flow training:  78%|███████▊  | 78/100 [07:45<02:11,  5.96s/epoch, best=7.794e+00, sign=0.138, train=7.494e+00, val=7.773e+00]
GNN flow training:  78%|███████▊  | 78/100 [07:51<02:11,  5.96s/epoch, best=7.773e+00, sign=0.137, train=7.477e+00, val=7.758e+00]
GNN flow training:  79%|███████▉  | 79/100 [07:51<02:05,  5.95s/epoch, best=7.773e+00, sign=0.137, train=7.477e+00, val=7.758e+00]
GNN flow training:  79%|███████▉  | 79/100 [07:57<02:05,  5.95s/epoch, best=7.758e+00, sign=0.137, train=7.470e+00, val=7.734e+00]
GNN flow training:  80%|████████  | 80/100 [07:57<01:59,  5.96s/epoch, best=7.758e+00, sign=0.137, train=7.470e+00, val=7.734e+00]
GNN flow training:  80%|████████  | 80/100 [08:03<01:59,  5.96s/epoch, best=7.734e+00, sign=0.137, train=7.459e+00, val=7.724e+00]
GNN flow training:  81%|████████  | 81/100 [08:03<01:53,  5.96s/epoch, best=7.734e+00, sign=0.137, train=7.459e+00, val=7.724e+00]
GNN flow training:  81%|████████  | 81/100 [08:09<01:53,  5.96s/epoch, best=7.724e+00, sign=0.135, train=7.440e+00, val=7.756e+00]
GNN flow training:  82%|████████▏ | 82/100 [08:09<01:46,  5.93s/epoch, best=7.724e+00, sign=0.135, train=7.440e+00, val=7.756e+00]
GNN flow training:  82%|████████▏ | 82/100 [08:15<01:46,  5.93s/epoch, best=7.724e+00, sign=0.135, train=7.417e+00, val=7.832e+00]
GNN flow training:  83%|████████▎ | 83/100 [08:15<01:40,  5.93s/epoch, best=7.724e+00, sign=0.135, train=7.417e+00, val=7.832e+00]
GNN flow training:  83%|████████▎ | 83/100 [08:21<01:40,  5.93s/epoch, best=7.724e+00, sign=0.133, train=7.462e+00, val=7.821e+00]
GNN flow training:  84%|████████▍ | 84/100 [08:21<01:34,  5.93s/epoch, best=7.724e+00, sign=0.133, train=7.462e+00, val=7.821e+00]
GNN flow training:  84%|████████▍ | 84/100 [08:27<01:34,  5.93s/epoch, best=7.724e+00, sign=0.134, train=7.410e+00, val=7.819e+00]
GNN flow training:  85%|████████▌ | 85/100 [08:27<01:29,  5.95s/epoch, best=7.724e+00, sign=0.134, train=7.410e+00, val=7.819e+00]
GNN flow training:  85%|████████▌ | 85/100 [08:33<01:29,  5.95s/epoch, best=7.724e+00, sign=0.134, train=7.372e+00, val=7.834e+00]
GNN flow training:  86%|████████▌ | 86/100 [08:33<01:23,  5.96s/epoch, best=7.724e+00, sign=0.134, train=7.372e+00, val=7.834e+00]
GNN flow training:  86%|████████▌ | 86/100 [08:39<01:23,  5.96s/epoch, best=7.724e+00, sign=0.133, train=7.402e+00, val=7.818e+00]
GNN flow training:  87%|████████▋ | 87/100 [08:39<01:17,  5.96s/epoch, best=7.724e+00, sign=0.133, train=7.402e+00, val=7.818e+00]
GNN flow training:  87%|████████▋ | 87/100 [08:45<01:17,  5.96s/epoch, best=7.724e+00, sign=0.135, train=7.380e+00, val=7.821e+00]
GNN flow training:  88%|████████▊ | 88/100 [08:45<01:11,  5.96s/epoch, best=7.724e+00, sign=0.135, train=7.380e+00, val=7.821e+00]
GNN flow training:  88%|████████▊ | 88/100 [08:51<01:11,  5.96s/epoch, best=7.724e+00, sign=0.134, train=7.349e+00, val=7.880e+00]
GNN flow training:  89%|████████▉ | 89/100 [08:51<01:05,  5.96s/epoch, best=7.724e+00, sign=0.134, train=7.349e+00, val=7.880e+00]
GNN flow training:  89%|████████▉ | 89/100 [08:57<01:05,  5.96s/epoch, best=7.724e+00, sign=0.135, train=7.411e+00, val=7.785e+00]
GNN flow training:  90%|█████████ | 90/100 [08:57<00:59,  5.98s/epoch, best=7.724e+00, sign=0.135, train=7.411e+00, val=7.785e+00]
GNN flow training:  90%|█████████ | 90/100 [09:03<00:59,  5.98s/epoch, best=7.724e+00, sign=0.135, train=7.344e+00, val=7.737e+00]
GNN flow training:  91%|█████████ | 91/100 [09:03<00:53,  5.99s/epoch, best=7.724e+00, sign=0.135, train=7.344e+00, val=7.737e+00]
GNN flow training:  91%|█████████ | 91/100 [09:08<00:53,  5.99s/epoch, best=7.724e+00, sign=0.134, train=7.326e+00, val=7.702e+00]
GNN flow training:  92%|█████████▏| 92/100 [09:08<00:47,  5.96s/epoch, best=7.724e+00, sign=0.134, train=7.326e+00, val=7.702e+00]
GNN flow training:  92%|█████████▏| 92/100 [09:14<00:47,  5.96s/epoch, best=7.702e+00, sign=0.134, train=7.325e+00, val=7.707e+00]
GNN flow training:  93%|█████████▎| 93/100 [09:14<00:41,  5.96s/epoch, best=7.702e+00, sign=0.134, train=7.325e+00, val=7.707e+00]
GNN flow training:  93%|█████████▎| 93/100 [09:20<00:41,  5.96s/epoch, best=7.702e+00, sign=0.134, train=7.315e+00, val=7.734e+00]
GNN flow training:  94%|█████████▍| 94/100 [09:20<00:35,  5.98s/epoch, best=7.702e+00, sign=0.134, train=7.315e+00, val=7.734e+00]
GNN flow training:  94%|█████████▍| 94/100 [09:26<00:35,  5.98s/epoch, best=7.702e+00, sign=0.133, train=7.305e+00, val=7.736e+00]
GNN flow training:  95%|█████████▌| 95/100 [09:26<00:29,  5.99s/epoch, best=7.702e+00, sign=0.133, train=7.305e+00, val=7.736e+00]
GNN flow training:  95%|█████████▌| 95/100 [09:32<00:29,  5.99s/epoch, best=7.702e+00, sign=0.133, train=7.295e+00, val=7.740e+00]
GNN flow training:  96%|█████████▌| 96/100 [09:32<00:23,  5.98s/epoch, best=7.702e+00, sign=0.133, train=7.295e+00, val=7.740e+00]
GNN flow training:  96%|█████████▌| 96/100 [09:38<00:23,  5.98s/epoch, best=7.702e+00, sign=0.134, train=7.288e+00, val=7.736e+00]
GNN flow training:  97%|█████████▋| 97/100 [09:38<00:17,  5.98s/epoch, best=7.702e+00, sign=0.134, train=7.288e+00, val=7.736e+00]
GNN flow training:  97%|█████████▋| 97/100 [09:44<00:17,  5.98s/epoch, best=7.702e+00, sign=0.132, train=7.284e+00, val=7.716e+00]
GNN flow training:  98%|█████████▊| 98/100 [09:44<00:11,  5.98s/epoch, best=7.702e+00, sign=0.132, train=7.284e+00, val=7.716e+00]
GNN flow training:  98%|█████████▊| 98/100 [09:50<00:11,  5.98s/epoch, best=7.702e+00, sign=0.133, train=7.293e+00, val=7.680e+00]
GNN flow training:  99%|█████████▉| 99/100 [09:50<00:05,  5.99s/epoch, best=7.702e+00, sign=0.133, train=7.293e+00, val=7.680e+00]
GNN flow training:  99%|█████████▉| 99/100 [09:56<00:05,  5.99s/epoch, best=7.680e+00, sign=0.133, train=7.300e+00, val=7.639e+00]
GNN flow training: 100%|██████████| 100/100 [09:56<00:00,  5.97s/epoch, best=7.680e+00, sign=0.133, train=7.300e+00, val=7.639e+00]
GNN flow training: 100%|██████████| 100/100 [09:56<00:00,  5.97s/epoch, best=7.680e+00, sign=0.133, train=7.300e+00, val=7.639e+00]
Resolved config snapshot:
{'preset': 'solver_QKB_outer_QKBdelta', 'gnn_outer_losses': {'flow': 100.0, 'kirchhoff': 1.0, 'boundary': 100.0, 'delta_l2': 0.1, 'delta_smooth': 0.0, 'pressure_shape': 0.0}, 'physics': {'arterial_flow_mode': 'dataset', 'pressure_constraints': ['equal-a-equal-v'], 'alpha_pa': None, 'use_snr_weights': True, 'use_observed_flow_snr_weighting': True, 'flow_scale_mode': 'median_abs', 'solver_device': 'same', 'pressure_solver_mode': 'reduced-soft-constrained-lstsq', 'pressure_solver_lambda_kirchhoff': 1.0, 'pressure_solver_lambda_pressure_constraints': 100.0, 'pressure_solver_lambda_flow_residual': 1.0, 'pressure_shape_reference': 'delta_zero_reference', 'pressure_detach': False}, 'correction_bounds': {'correction_min': -0.5, 'correction_max': 0.5, 'correction_bound': 0.5, 'correction_parameterization': 'tanh'}, 'optimization': {'learning_rate': 0.001, 'weight_decay': 0.0001, 'gradient_clip_norm': 5.0, 'optimizer': 'adamw', 'epochs': 100, 'patience': 40}}
Shard 53/80: 1 of 80 runs
Command: /mnt/home/sswee/miniforge3/envs/yolk-sac/bin/python /mnt/home/sswee/yolk/Yolk-Sac-Flow-Data-and-Sim/gnn_clean/scripts/python/gnn_flow.py /mnt/home/sswee/yolk/Yolk-Sac-Flow-Data-and-Sim/gnn_clean/datasets/mosaic_graph_norm_canonical.gpickle --output-dir /mnt/home/sswee/yolk/Yolk-Sac-Flow-Data-and-Sim/gnn_clean/outputs_canonical_norm/dc/02_physics_weight_sweep/gnn --run-name q_100__k_1__delta_0p1 --preset solver_QKB_outer_QKBdelta --device cuda --epochs 100 --seed 0 --viscosity-pa-s 0.0035 --config /mnt/home/sswee/yolk/Yolk-Sac-Flow-Data-and-Sim/gnn_clean/outputs_canonical_norm/dc/02_physics_weight_sweep/_generated_configs/q_100__k_1__delta_0p1.yaml --no-pressure-detach
