[info] DC Step 2 canonical sweep uses fixed lambda_B=100.0 for both the outer boundary loss and the reduced pressure-solver boundary constraint.

GNN flow training:   0%|          | 0/100 [00:00<?, ?epoch/s]
GNN flow training:   0%|          | 0/100 [00:06<?, ?epoch/s, best=1.647e+00, sign=0.161, train=1.650e+00, val=1.647e+00]
GNN flow training:   1%|          | 1/100 [00:06<10:27,  6.34s/epoch, best=1.647e+00, sign=0.161, train=1.650e+00, val=1.647e+00]
GNN flow training:   1%|          | 1/100 [00:12<10:27,  6.34s/epoch, best=1.647e+00, sign=0.160, train=1.647e+00, val=1.647e+00]
GNN flow training:   2%|▏         | 2/100 [00:12<10:10,  6.22s/epoch, best=1.647e+00, sign=0.160, train=1.647e+00, val=1.647e+00]
GNN flow training:   2%|▏         | 2/100 [00:18<10:10,  6.22s/epoch, best=1.647e+00, sign=0.160, train=1.647e+00, val=1.642e+00]
GNN flow training:   3%|▎         | 3/100 [00:18<10:00,  6.19s/epoch, best=1.647e+00, sign=0.160, train=1.647e+00, val=1.642e+00]
GNN flow training:   3%|▎         | 3/100 [00:24<10:00,  6.19s/epoch, best=1.642e+00, sign=0.161, train=1.642e+00, val=1.641e+00]
GNN flow training:   4%|▍         | 4/100 [00:24<09:57,  6.22s/epoch, best=1.642e+00, sign=0.161, train=1.642e+00, val=1.641e+00]
GNN flow training:   4%|▍         | 4/100 [00:31<09:57,  6.22s/epoch, best=1.641e+00, sign=0.160, train=1.641e+00, val=1.642e+00]
GNN flow training:   5%|▌         | 5/100 [00:31<09:50,  6.21s/epoch, best=1.641e+00, sign=0.160, train=1.641e+00, val=1.642e+00]
GNN flow training:   5%|▌         | 5/100 [00:37<09:50,  6.21s/epoch, best=1.641e+00, sign=0.161, train=1.642e+00, val=1.637e+00]
GNN flow training:   6%|▌         | 6/100 [00:37<09:40,  6.18s/epoch, best=1.641e+00, sign=0.161, train=1.642e+00, val=1.637e+00]
GNN flow training:   6%|▌         | 6/100 [00:43<09:40,  6.18s/epoch, best=1.637e+00, sign=0.160, train=1.636e+00, val=1.636e+00]
GNN flow training:   7%|▋         | 7/100 [00:43<09:31,  6.15s/epoch, best=1.637e+00, sign=0.160, train=1.636e+00, val=1.636e+00]
GNN flow training:   7%|▋         | 7/100 [00:49<09:31,  6.15s/epoch, best=1.636e+00, sign=0.161, train=1.636e+00, val=1.635e+00]
GNN flow training:   8%|▊         | 8/100 [00:49<09:24,  6.13s/epoch, best=1.636e+00, sign=0.161, train=1.636e+00, val=1.635e+00]
GNN flow training:   8%|▊         | 8/100 [00:55<09:24,  6.13s/epoch, best=1.635e+00, sign=0.160, train=1.635e+00, val=1.635e+00]
GNN flow training:   9%|▉         | 9/100 [00:55<09:18,  6.14s/epoch, best=1.635e+00, sign=0.160, train=1.635e+00, val=1.635e+00]
GNN flow training:   9%|▉         | 9/100 [01:01<09:18,  6.14s/epoch, best=1.635e+00, sign=0.160, train=1.635e+00, val=1.631e+00]
GNN flow training:  10%|█         | 10/100 [01:01<09:11,  6.13s/epoch, best=1.635e+00, sign=0.160, train=1.635e+00, val=1.631e+00]
GNN flow training:  10%|█         | 10/100 [01:07<09:11,  6.13s/epoch, best=1.631e+00, sign=0.160, train=1.631e+00, val=1.629e+00]
GNN flow training:  11%|█         | 11/100 [01:07<09:03,  6.11s/epoch, best=1.631e+00, sign=0.160, train=1.631e+00, val=1.629e+00]
GNN flow training:  11%|█         | 11/100 [01:13<09:03,  6.11s/epoch, best=1.629e+00, sign=0.159, train=1.629e+00, val=1.631e+00]
GNN flow training:  12%|█▏        | 12/100 [01:13<08:59,  6.13s/epoch, best=1.629e+00, sign=0.159, train=1.629e+00, val=1.631e+00]
GNN flow training:  12%|█▏        | 12/100 [01:20<08:59,  6.13s/epoch, best=1.629e+00, sign=0.159, train=1.631e+00, val=1.630e+00]
GNN flow training:  13%|█▎        | 13/100 [01:20<08:53,  6.13s/epoch, best=1.629e+00, sign=0.159, train=1.631e+00, val=1.630e+00]
GNN flow training:  13%|█▎        | 13/100 [01:26<08:53,  6.13s/epoch, best=1.629e+00, sign=0.159, train=1.630e+00, val=1.629e+00]
GNN flow training:  14%|█▍        | 14/100 [01:26<08:49,  6.15s/epoch, best=1.629e+00, sign=0.159, train=1.630e+00, val=1.629e+00]
GNN flow training:  14%|█▍        | 14/100 [01:32<08:49,  6.15s/epoch, best=1.629e+00, sign=0.158, train=1.629e+00, val=1.631e+00]
GNN flow training:  15%|█▌        | 15/100 [01:32<08:41,  6.13s/epoch, best=1.629e+00, sign=0.158, train=1.629e+00, val=1.631e+00]
GNN flow training:  15%|█▌        | 15/100 [01:38<08:41,  6.13s/epoch, best=1.629e+00, sign=0.158, train=1.631e+00, val=1.633e+00]
GNN flow training:  16%|█▌        | 16/100 [01:38<08:34,  6.12s/epoch, best=1.629e+00, sign=0.158, train=1.631e+00, val=1.633e+00]
GNN flow training:  16%|█▌        | 16/100 [01:44<08:34,  6.12s/epoch, best=1.629e+00, sign=0.158, train=1.633e+00, val=1.632e+00]
GNN flow training:  17%|█▋        | 17/100 [01:44<08:30,  6.15s/epoch, best=1.629e+00, sign=0.158, train=1.633e+00, val=1.632e+00]
GNN flow training:  17%|█▋        | 17/100 [01:50<08:30,  6.15s/epoch, best=1.629e+00, sign=0.158, train=1.632e+00, val=1.630e+00]
GNN flow training:  18%|█▊        | 18/100 [01:50<08:22,  6.13s/epoch, best=1.629e+00, sign=0.158, train=1.632e+00, val=1.630e+00]
GNN flow training:  18%|█▊        | 18/100 [01:56<08:22,  6.13s/epoch, best=1.629e+00, sign=0.158, train=1.630e+00, val=1.626e+00]
GNN flow training:  19%|█▉        | 19/100 [01:56<08:15,  6.12s/epoch, best=1.629e+00, sign=0.158, train=1.630e+00, val=1.626e+00]
GNN flow training:  19%|█▉        | 19/100 [02:02<08:15,  6.12s/epoch, best=1.626e+00, sign=0.158, train=1.626e+00, val=1.623e+00]
GNN flow training:  20%|██        | 20/100 [02:02<08:09,  6.12s/epoch, best=1.626e+00, sign=0.158, train=1.626e+00, val=1.623e+00]
GNN flow training:  20%|██        | 20/100 [02:09<08:09,  6.12s/epoch, best=1.623e+00, sign=0.158, train=1.623e+00, val=1.622e+00]
GNN flow training:  21%|██        | 21/100 [02:09<08:04,  6.14s/epoch, best=1.623e+00, sign=0.158, train=1.623e+00, val=1.622e+00]
GNN flow training:  21%|██        | 21/100 [02:15<08:04,  6.14s/epoch, best=1.622e+00, sign=0.159, train=1.622e+00, val=1.620e+00]
GNN flow training:  22%|██▏       | 22/100 [02:15<07:58,  6.14s/epoch, best=1.622e+00, sign=0.159, train=1.622e+00, val=1.620e+00]
GNN flow training:  22%|██▏       | 22/100 [02:21<07:58,  6.14s/epoch, best=1.620e+00, sign=0.159, train=1.620e+00, val=1.620e+00]
GNN flow training:  23%|██▎       | 23/100 [02:21<07:51,  6.12s/epoch, best=1.620e+00, sign=0.159, train=1.620e+00, val=1.620e+00]
GNN flow training:  23%|██▎       | 23/100 [02:27<07:51,  6.12s/epoch, best=1.620e+00, sign=0.159, train=1.620e+00, val=1.620e+00]
GNN flow training:  24%|██▍       | 24/100 [02:27<07:45,  6.12s/epoch, best=1.620e+00, sign=0.159, train=1.620e+00, val=1.620e+00]
GNN flow training:  24%|██▍       | 24/100 [02:33<07:45,  6.12s/epoch, best=1.620e+00, sign=0.159, train=1.620e+00, val=1.619e+00]
GNN flow training:  25%|██▌       | 25/100 [02:33<07:36,  6.09s/epoch, best=1.620e+00, sign=0.159, train=1.620e+00, val=1.619e+00]
GNN flow training:  25%|██▌       | 25/100 [02:39<07:36,  6.09s/epoch, best=1.619e+00, sign=0.159, train=1.619e+00, val=1.615e+00]
GNN flow training:  26%|██▌       | 26/100 [02:39<07:30,  6.09s/epoch, best=1.619e+00, sign=0.159, train=1.619e+00, val=1.615e+00]
GNN flow training:  26%|██▌       | 26/100 [02:45<07:30,  6.09s/epoch, best=1.615e+00, sign=0.160, train=1.615e+00, val=1.611e+00]
GNN flow training:  27%|██▋       | 27/100 [02:45<07:24,  6.09s/epoch, best=1.615e+00, sign=0.160, train=1.615e+00, val=1.611e+00]
GNN flow training:  27%|██▋       | 27/100 [02:51<07:24,  6.09s/epoch, best=1.611e+00, sign=0.160, train=1.610e+00, val=1.611e+00]
GNN flow training:  28%|██▊       | 28/100 [02:51<07:18,  6.09s/epoch, best=1.611e+00, sign=0.160, train=1.610e+00, val=1.611e+00]
GNN flow training:  28%|██▊       | 28/100 [02:57<07:18,  6.09s/epoch, best=1.611e+00, sign=0.160, train=1.610e+00, val=1.609e+00]
GNN flow training:  29%|██▉       | 29/100 [02:57<07:13,  6.11s/epoch, best=1.611e+00, sign=0.160, train=1.610e+00, val=1.609e+00]
GNN flow training:  29%|██▉       | 29/100 [03:04<07:13,  6.11s/epoch, best=1.609e+00, sign=0.159, train=1.609e+00, val=1.608e+00]
GNN flow training:  30%|███       | 30/100 [03:04<07:07,  6.11s/epoch, best=1.609e+00, sign=0.159, train=1.609e+00, val=1.608e+00]
GNN flow training:  30%|███       | 30/100 [03:10<07:07,  6.11s/epoch, best=1.608e+00, sign=0.160, train=1.608e+00, val=1.606e+00]
GNN flow training:  31%|███       | 31/100 [03:10<07:01,  6.11s/epoch, best=1.608e+00, sign=0.160, train=1.608e+00, val=1.606e+00]
GNN flow training:  31%|███       | 31/100 [03:16<07:01,  6.11s/epoch, best=1.606e+00, sign=0.159, train=1.605e+00, val=1.600e+00]
GNN flow training:  32%|███▏      | 32/100 [03:16<06:55,  6.11s/epoch, best=1.606e+00, sign=0.159, train=1.605e+00, val=1.600e+00]
GNN flow training:  32%|███▏      | 32/100 [03:22<06:55,  6.11s/epoch, best=1.600e+00, sign=0.159, train=1.600e+00, val=1.597e+00]
GNN flow training:  33%|███▎      | 33/100 [03:22<06:48,  6.09s/epoch, best=1.600e+00, sign=0.159, train=1.600e+00, val=1.597e+00]
GNN flow training:  33%|███▎      | 33/100 [03:28<06:48,  6.09s/epoch, best=1.597e+00, sign=0.159, train=1.597e+00, val=1.587e+00]
GNN flow training:  34%|███▍      | 34/100 [03:28<06:41,  6.09s/epoch, best=1.597e+00, sign=0.159, train=1.597e+00, val=1.587e+00]
GNN flow training:  34%|███▍      | 34/100 [03:34<06:41,  6.09s/epoch, best=1.587e+00, sign=0.159, train=1.587e+00, val=1.584e+00]
GNN flow training:  35%|███▌      | 35/100 [03:34<06:36,  6.10s/epoch, best=1.587e+00, sign=0.159, train=1.587e+00, val=1.584e+00]
GNN flow training:  35%|███▌      | 35/100 [03:40<06:36,  6.10s/epoch, best=1.584e+00, sign=0.160, train=1.583e+00, val=1.578e+00]
GNN flow training:  36%|███▌      | 36/100 [03:40<06:30,  6.10s/epoch, best=1.584e+00, sign=0.160, train=1.583e+00, val=1.578e+00]
GNN flow training:  36%|███▌      | 36/100 [03:46<06:30,  6.10s/epoch, best=1.578e+00, sign=0.160, train=1.578e+00, val=1.575e+00]
GNN flow training:  37%|███▋      | 37/100 [03:46<06:24,  6.10s/epoch, best=1.578e+00, sign=0.160, train=1.578e+00, val=1.575e+00]
GNN flow training:  37%|███▋      | 37/100 [03:52<06:24,  6.10s/epoch, best=1.575e+00, sign=0.160, train=1.575e+00, val=1.569e+00]
GNN flow training:  38%|███▊      | 38/100 [03:52<06:19,  6.11s/epoch, best=1.575e+00, sign=0.160, train=1.575e+00, val=1.569e+00]
GNN flow training:  38%|███▊      | 38/100 [03:58<06:19,  6.11s/epoch, best=1.569e+00, sign=0.160, train=1.569e+00, val=1.562e+00]
GNN flow training:  39%|███▉      | 39/100 [03:58<06:12,  6.11s/epoch, best=1.569e+00, sign=0.160, train=1.569e+00, val=1.562e+00]
GNN flow training:  39%|███▉      | 39/100 [04:05<06:12,  6.11s/epoch, best=1.562e+00, sign=0.160, train=1.561e+00, val=1.559e+00]
GNN flow training:  40%|████      | 40/100 [04:05<06:06,  6.11s/epoch, best=1.562e+00, sign=0.160, train=1.561e+00, val=1.559e+00]
GNN flow training:  40%|████      | 40/100 [04:11<06:06,  6.11s/epoch, best=1.559e+00, sign=0.160, train=1.559e+00, val=1.560e+00]
GNN flow training:  41%|████      | 41/100 [04:11<06:00,  6.11s/epoch, best=1.559e+00, sign=0.160, train=1.559e+00, val=1.560e+00]
GNN flow training:  41%|████      | 41/100 [04:17<06:00,  6.11s/epoch, best=1.559e+00, sign=0.160, train=1.560e+00, val=1.553e+00]
GNN flow training:  42%|████▏     | 42/100 [04:17<05:55,  6.12s/epoch, best=1.559e+00, sign=0.160, train=1.560e+00, val=1.553e+00]
GNN flow training:  42%|████▏     | 42/100 [04:23<05:55,  6.12s/epoch, best=1.553e+00, sign=0.160, train=1.552e+00, val=1.552e+00]
GNN flow training:  43%|████▎     | 43/100 [04:23<05:47,  6.10s/epoch, best=1.553e+00, sign=0.160, train=1.552e+00, val=1.552e+00]
GNN flow training:  43%|████▎     | 43/100 [04:29<05:47,  6.10s/epoch, best=1.552e+00, sign=0.161, train=1.552e+00, val=1.544e+00]
GNN flow training:  44%|████▍     | 44/100 [04:29<05:41,  6.11s/epoch, best=1.552e+00, sign=0.161, train=1.552e+00, val=1.544e+00]
GNN flow training:  44%|████▍     | 44/100 [04:35<05:41,  6.11s/epoch, best=1.544e+00, sign=0.159, train=1.544e+00, val=1.547e+00]
GNN flow training:  45%|████▌     | 45/100 [04:35<05:37,  6.13s/epoch, best=1.544e+00, sign=0.159, train=1.544e+00, val=1.547e+00]
GNN flow training:  45%|████▌     | 45/100 [04:41<05:37,  6.13s/epoch, best=1.544e+00, sign=0.158, train=1.547e+00, val=1.553e+00]
GNN flow training:  46%|████▌     | 46/100 [04:41<05:30,  6.12s/epoch, best=1.544e+00, sign=0.158, train=1.547e+00, val=1.553e+00]
GNN flow training:  46%|████▌     | 46/100 [04:47<05:30,  6.12s/epoch, best=1.544e+00, sign=0.157, train=1.553e+00, val=1.567e+00]
GNN flow training:  47%|████▋     | 47/100 [04:47<05:24,  6.13s/epoch, best=1.544e+00, sign=0.157, train=1.553e+00, val=1.567e+00]
GNN flow training:  47%|████▋     | 47/100 [04:54<05:24,  6.13s/epoch, best=1.544e+00, sign=0.156, train=1.567e+00, val=1.585e+00]
GNN flow training:  48%|████▊     | 48/100 [04:54<05:18,  6.13s/epoch, best=1.544e+00, sign=0.156, train=1.567e+00, val=1.585e+00]
GNN flow training:  48%|████▊     | 48/100 [05:00<05:18,  6.13s/epoch, best=1.544e+00, sign=0.156, train=1.584e+00, val=1.583e+00]
GNN flow training:  49%|████▉     | 49/100 [05:00<05:12,  6.14s/epoch, best=1.544e+00, sign=0.156, train=1.584e+00, val=1.583e+00]
GNN flow training:  49%|████▉     | 49/100 [05:06<05:12,  6.14s/epoch, best=1.544e+00, sign=0.156, train=1.583e+00, val=1.573e+00]
GNN flow training:  50%|█████     | 50/100 [05:06<05:07,  6.15s/epoch, best=1.544e+00, sign=0.156, train=1.583e+00, val=1.573e+00]
GNN flow training:  50%|█████     | 50/100 [05:12<05:07,  6.15s/epoch, best=1.544e+00, sign=0.157, train=1.573e+00, val=1.552e+00]
GNN flow training:  51%|█████     | 51/100 [05:12<05:01,  6.15s/epoch, best=1.544e+00, sign=0.157, train=1.573e+00, val=1.552e+00]
GNN flow training:  51%|█████     | 51/100 [05:18<05:01,  6.15s/epoch, best=1.544e+00, sign=0.158, train=1.551e+00, val=1.535e+00]
GNN flow training:  52%|█████▏    | 52/100 [05:18<04:54,  6.13s/epoch, best=1.544e+00, sign=0.158, train=1.551e+00, val=1.535e+00]
GNN flow training:  52%|█████▏    | 52/100 [05:24<04:54,  6.13s/epoch, best=1.535e+00, sign=0.159, train=1.535e+00, val=1.533e+00]
GNN flow training:  53%|█████▎    | 53/100 [05:24<04:47,  6.12s/epoch, best=1.535e+00, sign=0.159, train=1.535e+00, val=1.533e+00]
GNN flow training:  53%|█████▎    | 53/100 [05:30<04:47,  6.12s/epoch, best=1.533e+00, sign=0.159, train=1.533e+00, val=1.532e+00]
GNN flow training:  54%|█████▍    | 54/100 [05:30<04:41,  6.11s/epoch, best=1.533e+00, sign=0.159, train=1.533e+00, val=1.532e+00]
GNN flow training:  54%|█████▍    | 54/100 [05:36<04:41,  6.11s/epoch, best=1.532e+00, sign=0.159, train=1.532e+00, val=1.555e+00]
GNN flow training:  55%|█████▌    | 55/100 [05:36<04:35,  6.12s/epoch, best=1.532e+00, sign=0.159, train=1.532e+00, val=1.555e+00]
GNN flow training:  55%|█████▌    | 55/100 [05:43<04:35,  6.12s/epoch, best=1.532e+00, sign=0.159, train=1.555e+00, val=1.553e+00]
GNN flow training:  56%|█████▌    | 56/100 [05:43<04:29,  6.13s/epoch, best=1.532e+00, sign=0.159, train=1.555e+00, val=1.553e+00]
GNN flow training:  56%|█████▌    | 56/100 [05:49<04:29,  6.13s/epoch, best=1.532e+00, sign=0.160, train=1.553e+00, val=1.536e+00]
GNN flow training:  57%|█████▋    | 57/100 [05:49<04:23,  6.13s/epoch, best=1.532e+00, sign=0.160, train=1.553e+00, val=1.536e+00]
GNN flow training:  57%|█████▋    | 57/100 [05:55<04:23,  6.13s/epoch, best=1.532e+00, sign=0.160, train=1.535e+00, val=1.518e+00]
GNN flow training:  58%|█████▊    | 58/100 [05:55<04:17,  6.12s/epoch, best=1.532e+00, sign=0.160, train=1.535e+00, val=1.518e+00]
GNN flow training:  58%|█████▊    | 58/100 [06:01<04:17,  6.12s/epoch, best=1.518e+00, sign=0.160, train=1.518e+00, val=1.513e+00]
GNN flow training:  59%|█████▉    | 59/100 [06:01<04:10,  6.11s/epoch, best=1.518e+00, sign=0.160, train=1.518e+00, val=1.513e+00]
GNN flow training:  59%|█████▉    | 59/100 [06:07<04:10,  6.11s/epoch, best=1.513e+00, sign=0.159, train=1.513e+00, val=1.509e+00]
GNN flow training:  60%|██████    | 60/100 [06:07<04:04,  6.12s/epoch, best=1.513e+00, sign=0.159, train=1.513e+00, val=1.509e+00]
GNN flow training:  60%|██████    | 60/100 [06:13<04:04,  6.12s/epoch, best=1.509e+00, sign=0.159, train=1.509e+00, val=1.508e+00]
GNN flow training:  61%|██████    | 61/100 [06:13<03:58,  6.12s/epoch, best=1.509e+00, sign=0.159, train=1.509e+00, val=1.508e+00]
GNN flow training:  61%|██████    | 61/100 [06:19<03:58,  6.12s/epoch, best=1.508e+00, sign=0.159, train=1.507e+00, val=1.511e+00]
GNN flow training:  62%|██████▏   | 62/100 [06:19<03:52,  6.11s/epoch, best=1.508e+00, sign=0.159, train=1.507e+00, val=1.511e+00]
GNN flow training:  62%|██████▏   | 62/100 [06:25<03:52,  6.11s/epoch, best=1.508e+00, sign=0.159, train=1.511e+00, val=1.515e+00]
GNN flow training:  63%|██████▎   | 63/100 [06:25<03:46,  6.11s/epoch, best=1.508e+00, sign=0.159, train=1.511e+00, val=1.515e+00]
GNN flow training:  63%|██████▎   | 63/100 [06:32<03:46,  6.11s/epoch, best=1.508e+00, sign=0.159, train=1.514e+00, val=1.511e+00]
GNN flow training:  64%|██████▍   | 64/100 [06:32<03:40,  6.13s/epoch, best=1.508e+00, sign=0.159, train=1.514e+00, val=1.511e+00]
GNN flow training:  64%|██████▍   | 64/100 [06:38<03:40,  6.13s/epoch, best=1.508e+00, sign=0.159, train=1.511e+00, val=1.511e+00]
GNN flow training:  65%|██████▌   | 65/100 [06:38<03:34,  6.12s/epoch, best=1.508e+00, sign=0.159, train=1.511e+00, val=1.511e+00]
GNN flow training:  65%|██████▌   | 65/100 [06:44<03:34,  6.12s/epoch, best=1.508e+00, sign=0.159, train=1.511e+00, val=1.508e+00]
GNN flow training:  66%|██████▌   | 66/100 [06:44<03:28,  6.14s/epoch, best=1.508e+00, sign=0.159, train=1.511e+00, val=1.508e+00]
GNN flow training:  66%|██████▌   | 66/100 [06:50<03:28,  6.14s/epoch, best=1.508e+00, sign=0.160, train=1.508e+00, val=1.508e+00]
GNN flow training:  67%|██████▋   | 67/100 [06:50<03:22,  6.14s/epoch, best=1.508e+00, sign=0.160, train=1.508e+00, val=1.508e+00]
GNN flow training:  67%|██████▋   | 67/100 [06:56<03:22,  6.14s/epoch, best=1.508e+00, sign=0.160, train=1.508e+00, val=1.508e+00]
GNN flow training:  68%|██████▊   | 68/100 [06:56<03:16,  6.13s/epoch, best=1.508e+00, sign=0.160, train=1.508e+00, val=1.508e+00]
GNN flow training:  68%|██████▊   | 68/100 [07:02<03:16,  6.13s/epoch, best=1.508e+00, sign=0.162, train=1.508e+00, val=1.507e+00]
GNN flow training:  69%|██████▉   | 69/100 [07:02<03:10,  6.13s/epoch, best=1.508e+00, sign=0.162, train=1.508e+00, val=1.507e+00]
GNN flow training:  69%|██████▉   | 69/100 [07:08<03:10,  6.13s/epoch, best=1.507e+00, sign=0.162, train=1.506e+00, val=1.503e+00]
GNN flow training:  70%|███████   | 70/100 [07:08<03:03,  6.12s/epoch, best=1.507e+00, sign=0.162, train=1.506e+00, val=1.503e+00]
GNN flow training:  70%|███████   | 70/100 [07:14<03:03,  6.12s/epoch, best=1.503e+00, sign=0.162, train=1.503e+00, val=1.504e+00]
GNN flow training:  71%|███████   | 71/100 [07:14<02:57,  6.12s/epoch, best=1.503e+00, sign=0.162, train=1.503e+00, val=1.504e+00]
GNN flow training:  71%|███████   | 71/100 [07:21<02:57,  6.12s/epoch, best=1.503e+00, sign=0.162, train=1.504e+00, val=1.504e+00]
GNN flow training:  72%|███████▏  | 72/100 [07:21<02:51,  6.13s/epoch, best=1.503e+00, sign=0.162, train=1.504e+00, val=1.504e+00]
GNN flow training:  72%|███████▏  | 72/100 [07:27<02:51,  6.13s/epoch, best=1.503e+00, sign=0.163, train=1.504e+00, val=1.497e+00]
GNN flow training:  73%|███████▎  | 73/100 [07:27<02:45,  6.12s/epoch, best=1.503e+00, sign=0.163, train=1.504e+00, val=1.497e+00]
GNN flow training:  73%|███████▎  | 73/100 [07:33<02:45,  6.12s/epoch, best=1.497e+00, sign=0.163, train=1.497e+00, val=1.499e+00]
GNN flow training:  74%|███████▍  | 74/100 [07:33<02:40,  6.16s/epoch, best=1.497e+00, sign=0.163, train=1.497e+00, val=1.499e+00]
GNN flow training:  74%|███████▍  | 74/100 [07:39<02:40,  6.16s/epoch, best=1.497e+00, sign=0.164, train=1.498e+00, val=1.498e+00]
GNN flow training:  75%|███████▌  | 75/100 [07:39<02:34,  6.17s/epoch, best=1.497e+00, sign=0.164, train=1.498e+00, val=1.498e+00]
GNN flow training:  75%|███████▌  | 75/100 [07:45<02:34,  6.17s/epoch, best=1.497e+00, sign=0.164, train=1.497e+00, val=1.502e+00]
GNN flow training:  76%|███████▌  | 76/100 [07:45<02:27,  6.16s/epoch, best=1.497e+00, sign=0.164, train=1.497e+00, val=1.502e+00]
GNN flow training:  76%|███████▌  | 76/100 [07:51<02:27,  6.16s/epoch, best=1.497e+00, sign=0.164, train=1.502e+00, val=1.500e+00]
GNN flow training:  77%|███████▋  | 77/100 [07:51<02:21,  6.14s/epoch, best=1.497e+00, sign=0.164, train=1.502e+00, val=1.500e+00]
GNN flow training:  77%|███████▋  | 77/100 [07:57<02:21,  6.14s/epoch, best=1.497e+00, sign=0.163, train=1.500e+00, val=1.504e+00]
GNN flow training:  78%|███████▊  | 78/100 [07:57<02:14,  6.13s/epoch, best=1.497e+00, sign=0.163, train=1.500e+00, val=1.504e+00]
GNN flow training:  78%|███████▊  | 78/100 [08:04<02:14,  6.13s/epoch, best=1.497e+00, sign=0.165, train=1.504e+00, val=1.510e+00]
GNN flow training:  79%|███████▉  | 79/100 [08:04<02:08,  6.14s/epoch, best=1.497e+00, sign=0.165, train=1.504e+00, val=1.510e+00]
GNN flow training:  79%|███████▉  | 79/100 [08:10<02:08,  6.14s/epoch, best=1.497e+00, sign=0.165, train=1.510e+00, val=1.523e+00]
GNN flow training:  80%|████████  | 80/100 [08:10<02:02,  6.13s/epoch, best=1.497e+00, sign=0.165, train=1.510e+00, val=1.523e+00]
GNN flow training:  80%|████████  | 80/100 [08:16<02:02,  6.13s/epoch, best=1.497e+00, sign=0.165, train=1.523e+00, val=1.521e+00]
GNN flow training:  81%|████████  | 81/100 [08:16<01:56,  6.13s/epoch, best=1.497e+00, sign=0.165, train=1.523e+00, val=1.521e+00]
GNN flow training:  81%|████████  | 81/100 [08:22<01:56,  6.13s/epoch, best=1.497e+00, sign=0.165, train=1.521e+00, val=1.497e+00]
GNN flow training:  82%|████████▏ | 82/100 [08:22<01:49,  6.10s/epoch, best=1.497e+00, sign=0.165, train=1.521e+00, val=1.497e+00]
GNN flow training:  82%|████████▏ | 82/100 [08:28<01:49,  6.10s/epoch, best=1.497e+00, sign=0.165, train=1.497e+00, val=1.469e+00]
GNN flow training:  83%|████████▎ | 83/100 [08:28<01:43,  6.08s/epoch, best=1.497e+00, sign=0.165, train=1.497e+00, val=1.469e+00]
GNN flow training:  83%|████████▎ | 83/100 [08:34<01:43,  6.08s/epoch, best=1.469e+00, sign=0.165, train=1.469e+00, val=1.461e+00]
GNN flow training:  84%|████████▍ | 84/100 [08:34<01:37,  6.09s/epoch, best=1.469e+00, sign=0.165, train=1.469e+00, val=1.461e+00]
GNN flow training:  84%|████████▍ | 84/100 [08:40<01:37,  6.09s/epoch, best=1.461e+00, sign=0.165, train=1.461e+00, val=1.449e+00]
GNN flow training:  85%|████████▌ | 85/100 [08:40<01:31,  6.08s/epoch, best=1.461e+00, sign=0.165, train=1.461e+00, val=1.449e+00]
GNN flow training:  85%|████████▌ | 85/100 [08:46<01:31,  6.08s/epoch, best=1.449e+00, sign=0.165, train=1.449e+00, val=1.450e+00]
GNN flow training:  86%|████████▌ | 86/100 [08:46<01:25,  6.09s/epoch, best=1.449e+00, sign=0.165, train=1.449e+00, val=1.450e+00]
GNN flow training:  86%|████████▌ | 86/100 [08:52<01:25,  6.09s/epoch, best=1.449e+00, sign=0.163, train=1.450e+00, val=1.450e+00]
GNN flow training:  87%|████████▋ | 87/100 [08:52<01:19,  6.09s/epoch, best=1.449e+00, sign=0.163, train=1.450e+00, val=1.450e+00]
GNN flow training:  87%|████████▋ | 87/100 [08:58<01:19,  6.09s/epoch, best=1.449e+00, sign=0.161, train=1.450e+00, val=1.456e+00]
GNN flow training:  88%|████████▊ | 88/100 [08:58<01:13,  6.09s/epoch, best=1.449e+00, sign=0.161, train=1.450e+00, val=1.456e+00]
GNN flow training:  88%|████████▊ | 88/100 [09:04<01:13,  6.09s/epoch, best=1.449e+00, sign=0.161, train=1.456e+00, val=1.464e+00]
GNN flow training:  89%|████████▉ | 89/100 [09:04<01:06,  6.08s/epoch, best=1.449e+00, sign=0.161, train=1.456e+00, val=1.464e+00]
GNN flow training:  89%|████████▉ | 89/100 [09:11<01:06,  6.08s/epoch, best=1.449e+00, sign=0.160, train=1.463e+00, val=1.459e+00]
GNN flow training:  90%|█████████ | 90/100 [09:11<01:00,  6.09s/epoch, best=1.449e+00, sign=0.160, train=1.463e+00, val=1.459e+00]
GNN flow training:  90%|█████████ | 90/100 [09:17<01:00,  6.09s/epoch, best=1.449e+00, sign=0.161, train=1.458e+00, val=1.458e+00]
GNN flow training:  91%|█████████ | 91/100 [09:17<00:54,  6.10s/epoch, best=1.449e+00, sign=0.161, train=1.458e+00, val=1.458e+00]
GNN flow training:  91%|█████████ | 91/100 [09:23<00:54,  6.10s/epoch, best=1.449e+00, sign=0.160, train=1.457e+00, val=1.457e+00]
GNN flow training:  92%|█████████▏| 92/100 [09:23<00:48,  6.10s/epoch, best=1.449e+00, sign=0.160, train=1.457e+00, val=1.457e+00]
GNN flow training:  92%|█████████▏| 92/100 [09:29<00:48,  6.10s/epoch, best=1.449e+00, sign=0.161, train=1.456e+00, val=1.449e+00]
GNN flow training:  93%|█████████▎| 93/100 [09:29<00:42,  6.12s/epoch, best=1.449e+00, sign=0.161, train=1.456e+00, val=1.449e+00]
GNN flow training:  93%|█████████▎| 93/100 [09:35<00:42,  6.12s/epoch, best=1.449e+00, sign=0.161, train=1.448e+00, val=1.441e+00]
GNN flow training:  94%|█████████▍| 94/100 [09:35<00:36,  6.11s/epoch, best=1.449e+00, sign=0.161, train=1.448e+00, val=1.441e+00]
GNN flow training:  94%|█████████▍| 94/100 [09:41<00:36,  6.11s/epoch, best=1.441e+00, sign=0.161, train=1.440e+00, val=1.435e+00]
GNN flow training:  95%|█████████▌| 95/100 [09:41<00:30,  6.12s/epoch, best=1.441e+00, sign=0.161, train=1.440e+00, val=1.435e+00]
GNN flow training:  95%|█████████▌| 95/100 [09:47<00:30,  6.12s/epoch, best=1.435e+00, sign=0.161, train=1.434e+00, val=1.431e+00]
GNN flow training:  96%|█████████▌| 96/100 [09:47<00:24,  6.11s/epoch, best=1.435e+00, sign=0.161, train=1.434e+00, val=1.431e+00]
GNN flow training:  96%|█████████▌| 96/100 [09:53<00:24,  6.11s/epoch, best=1.431e+00, sign=0.162, train=1.431e+00, val=1.434e+00]
GNN flow training:  97%|█████████▋| 97/100 [09:53<00:18,  6.12s/epoch, best=1.431e+00, sign=0.162, train=1.431e+00, val=1.434e+00]
GNN flow training:  97%|█████████▋| 97/100 [10:00<00:18,  6.12s/epoch, best=1.431e+00, sign=0.162, train=1.434e+00, val=1.430e+00]
GNN flow training:  98%|█████████▊| 98/100 [10:00<00:12,  6.13s/epoch, best=1.431e+00, sign=0.162, train=1.434e+00, val=1.430e+00]
GNN flow training:  98%|█████████▊| 98/100 [10:06<00:12,  6.13s/epoch, best=1.430e+00, sign=0.163, train=1.430e+00, val=1.429e+00]
GNN flow training:  99%|█████████▉| 99/100 [10:06<00:06,  6.12s/epoch, best=1.430e+00, sign=0.163, train=1.430e+00, val=1.429e+00]
GNN flow training:  99%|█████████▉| 99/100 [10:12<00:06,  6.12s/epoch, best=1.429e+00, sign=0.165, train=1.428e+00, val=1.427e+00]
GNN flow training: 100%|██████████| 100/100 [10:12<00:00,  6.11s/epoch, best=1.429e+00, sign=0.165, train=1.428e+00, val=1.427e+00]
GNN flow training: 100%|██████████| 100/100 [10:12<00:00,  6.12s/epoch, best=1.429e+00, sign=0.165, train=1.428e+00, val=1.427e+00]
Resolved config snapshot:
{'preset': 'solver_QKB_outer_QKBdelta', 'gnn_outer_losses': {'flow': 0.1, 'kirchhoff': 1.0, 'boundary': 100.0, 'delta_l2': 10.0, 'delta_smooth': 0.0, 'pressure_shape': 0.0}, 'physics': {'arterial_flow_mode': 'dataset', 'pressure_constraints': ['equal-a-equal-v'], 'alpha_pa': None, 'use_snr_weights': True, 'use_observed_flow_snr_weighting': True, 'flow_scale_mode': 'median_abs', 'solver_device': 'same', 'pressure_solver_mode': 'reduced-soft-constrained-lstsq', 'pressure_solver_lambda_kirchhoff': 1.0, 'pressure_solver_lambda_pressure_constraints': 100.0, 'pressure_solver_lambda_flow_residual': 1.0, 'pressure_shape_reference': 'delta_zero_reference', 'pressure_detach': False}, 'correction_bounds': {'correction_min': -0.5, 'correction_max': 0.5, 'correction_bound': 0.5, 'correction_parameterization': 'tanh'}, 'optimization': {'learning_rate': 0.001, 'weight_decay': 0.0001, 'gradient_clip_norm': 5.0, 'optimizer': 'adamw', 'epochs': 100, 'patience': 40}}
Shard 7/80: 1 of 80 runs
Command: /mnt/home/sswee/miniforge3/envs/yolk-sac/bin/python /mnt/home/sswee/yolk/Yolk-Sac-Flow-Data-and-Sim/gnn_clean/scripts/python/gnn_flow.py /mnt/home/sswee/yolk/Yolk-Sac-Flow-Data-and-Sim/gnn_clean/datasets/mosaic_graph_norm_canonical.gpickle --output-dir /mnt/home/sswee/yolk/Yolk-Sac-Flow-Data-and-Sim/gnn_clean/outputs_canonical_norm/dc/02_physics_weight_sweep/gnn --run-name q_0p1__k_1__delta_10 --preset solver_QKB_outer_QKBdelta --device cuda --epochs 100 --seed 0 --viscosity-pa-s 0.0035 --config /mnt/home/sswee/yolk/Yolk-Sac-Flow-Data-and-Sim/gnn_clean/outputs_canonical_norm/dc/02_physics_weight_sweep/_generated_configs/q_0p1__k_1__delta_10.yaml --no-pressure-detach
