[info] DC Step 2 canonical sweep uses fixed lambda_B=100.0 for both the outer boundary loss and the reduced pressure-solver boundary constraint.

GNN flow training:   0%|          | 0/100 [00:00<?, ?epoch/s]
GNN flow training:   0%|          | 0/100 [00:06<?, ?epoch/s, best=1.636e+01, sign=0.161, train=1.638e+01, val=1.636e+01]
GNN flow training:   1%|          | 1/100 [00:06<10:21,  6.28s/epoch, best=1.636e+01, sign=0.161, train=1.638e+01, val=1.636e+01]
GNN flow training:   1%|          | 1/100 [00:12<10:21,  6.28s/epoch, best=1.636e+01, sign=0.161, train=1.636e+01, val=1.633e+01]
GNN flow training:   2%|▏         | 2/100 [00:12<09:59,  6.12s/epoch, best=1.636e+01, sign=0.161, train=1.636e+01, val=1.633e+01]
GNN flow training:   2%|▏         | 2/100 [00:18<09:59,  6.12s/epoch, best=1.633e+01, sign=0.161, train=1.633e+01, val=1.636e+01]
GNN flow training:   3%|▎         | 3/100 [00:18<09:49,  6.08s/epoch, best=1.633e+01, sign=0.161, train=1.633e+01, val=1.636e+01]
GNN flow training:   3%|▎         | 3/100 [00:24<09:49,  6.08s/epoch, best=1.633e+01, sign=0.162, train=1.636e+01, val=1.633e+01]
GNN flow training:   4%|▍         | 4/100 [00:24<09:42,  6.06s/epoch, best=1.633e+01, sign=0.162, train=1.636e+01, val=1.633e+01]
GNN flow training:   4%|▍         | 4/100 [00:30<09:42,  6.06s/epoch, best=1.633e+01, sign=0.162, train=1.633e+01, val=1.633e+01]
GNN flow training:   5%|▌         | 5/100 [00:30<09:34,  6.05s/epoch, best=1.633e+01, sign=0.162, train=1.633e+01, val=1.633e+01]
GNN flow training:   5%|▌         | 5/100 [00:36<09:34,  6.05s/epoch, best=1.633e+01, sign=0.161, train=1.633e+01, val=1.630e+01]
GNN flow training:   6%|▌         | 6/100 [00:36<09:32,  6.09s/epoch, best=1.633e+01, sign=0.161, train=1.633e+01, val=1.630e+01]
GNN flow training:   6%|▌         | 6/100 [00:42<09:32,  6.09s/epoch, best=1.630e+01, sign=0.160, train=1.630e+01, val=1.625e+01]
GNN flow training:   7%|▋         | 7/100 [00:42<09:29,  6.12s/epoch, best=1.630e+01, sign=0.160, train=1.630e+01, val=1.625e+01]
GNN flow training:   7%|▋         | 7/100 [00:48<09:29,  6.12s/epoch, best=1.625e+01, sign=0.160, train=1.625e+01, val=1.622e+01]
GNN flow training:   8%|▊         | 8/100 [00:48<09:21,  6.10s/epoch, best=1.625e+01, sign=0.160, train=1.625e+01, val=1.622e+01]
GNN flow training:   8%|▊         | 8/100 [00:54<09:21,  6.10s/epoch, best=1.622e+01, sign=0.160, train=1.622e+01, val=1.623e+01]
GNN flow training:   9%|▉         | 9/100 [00:54<09:16,  6.11s/epoch, best=1.622e+01, sign=0.160, train=1.622e+01, val=1.623e+01]
GNN flow training:   9%|▉         | 9/100 [01:00<09:16,  6.11s/epoch, best=1.622e+01, sign=0.160, train=1.623e+01, val=1.619e+01]
GNN flow training:  10%|█         | 10/100 [01:00<09:07,  6.09s/epoch, best=1.622e+01, sign=0.160, train=1.623e+01, val=1.619e+01]
GNN flow training:  10%|█         | 10/100 [01:07<09:07,  6.09s/epoch, best=1.619e+01, sign=0.160, train=1.619e+01, val=1.617e+01]
GNN flow training:  11%|█         | 11/100 [01:07<09:01,  6.08s/epoch, best=1.619e+01, sign=0.160, train=1.619e+01, val=1.617e+01]
GNN flow training:  11%|█         | 11/100 [01:13<09:01,  6.08s/epoch, best=1.617e+01, sign=0.160, train=1.617e+01, val=1.612e+01]
GNN flow training:  12%|█▏        | 12/100 [01:13<08:54,  6.07s/epoch, best=1.617e+01, sign=0.160, train=1.617e+01, val=1.612e+01]
GNN flow training:  12%|█▏        | 12/100 [01:19<08:54,  6.07s/epoch, best=1.612e+01, sign=0.159, train=1.612e+01, val=1.607e+01]
GNN flow training:  13%|█▎        | 13/100 [01:19<08:47,  6.07s/epoch, best=1.612e+01, sign=0.159, train=1.612e+01, val=1.607e+01]
GNN flow training:  13%|█▎        | 13/100 [01:25<08:47,  6.07s/epoch, best=1.607e+01, sign=0.158, train=1.607e+01, val=1.602e+01]
GNN flow training:  14%|█▍        | 14/100 [01:25<08:41,  6.06s/epoch, best=1.607e+01, sign=0.158, train=1.607e+01, val=1.602e+01]
GNN flow training:  14%|█▍        | 14/100 [01:31<08:41,  6.06s/epoch, best=1.602e+01, sign=0.158, train=1.602e+01, val=1.599e+01]
GNN flow training:  15%|█▌        | 15/100 [01:31<08:35,  6.06s/epoch, best=1.602e+01, sign=0.158, train=1.602e+01, val=1.599e+01]
GNN flow training:  15%|█▌        | 15/100 [01:37<08:35,  6.06s/epoch, best=1.599e+01, sign=0.158, train=1.599e+01, val=1.596e+01]
GNN flow training:  16%|█▌        | 16/100 [01:37<08:28,  6.06s/epoch, best=1.599e+01, sign=0.158, train=1.599e+01, val=1.596e+01]
GNN flow training:  16%|█▌        | 16/100 [01:43<08:28,  6.06s/epoch, best=1.596e+01, sign=0.158, train=1.596e+01, val=1.589e+01]
GNN flow training:  17%|█▋        | 17/100 [01:43<08:24,  6.08s/epoch, best=1.596e+01, sign=0.158, train=1.596e+01, val=1.589e+01]
GNN flow training:  17%|█▋        | 17/100 [01:49<08:24,  6.08s/epoch, best=1.589e+01, sign=0.157, train=1.589e+01, val=1.585e+01]
GNN flow training:  18%|█▊        | 18/100 [01:49<08:17,  6.07s/epoch, best=1.589e+01, sign=0.157, train=1.589e+01, val=1.585e+01]
GNN flow training:  18%|█▊        | 18/100 [01:55<08:17,  6.07s/epoch, best=1.585e+01, sign=0.157, train=1.585e+01, val=1.576e+01]
GNN flow training:  19%|█▉        | 19/100 [01:55<08:11,  6.06s/epoch, best=1.585e+01, sign=0.157, train=1.585e+01, val=1.576e+01]
GNN flow training:  19%|█▉        | 19/100 [02:01<08:11,  6.06s/epoch, best=1.576e+01, sign=0.156, train=1.576e+01, val=1.562e+01]
GNN flow training:  20%|██        | 20/100 [02:01<08:05,  6.07s/epoch, best=1.576e+01, sign=0.156, train=1.576e+01, val=1.562e+01]
GNN flow training:  20%|██        | 20/100 [02:07<08:05,  6.07s/epoch, best=1.562e+01, sign=0.157, train=1.562e+01, val=1.553e+01]
GNN flow training:  21%|██        | 21/100 [02:07<08:00,  6.08s/epoch, best=1.562e+01, sign=0.157, train=1.562e+01, val=1.553e+01]
GNN flow training:  21%|██        | 21/100 [02:13<08:00,  6.08s/epoch, best=1.553e+01, sign=0.158, train=1.553e+01, val=1.547e+01]
GNN flow training:  22%|██▏       | 22/100 [02:13<07:53,  6.07s/epoch, best=1.553e+01, sign=0.158, train=1.553e+01, val=1.547e+01]
GNN flow training:  22%|██▏       | 22/100 [02:19<07:53,  6.07s/epoch, best=1.547e+01, sign=0.159, train=1.547e+01, val=1.540e+01]
GNN flow training:  23%|██▎       | 23/100 [02:19<07:47,  6.08s/epoch, best=1.547e+01, sign=0.159, train=1.547e+01, val=1.540e+01]
GNN flow training:  23%|██▎       | 23/100 [02:25<07:47,  6.08s/epoch, best=1.540e+01, sign=0.160, train=1.540e+01, val=1.521e+01]
GNN flow training:  24%|██▍       | 24/100 [02:25<07:41,  6.07s/epoch, best=1.540e+01, sign=0.160, train=1.540e+01, val=1.521e+01]
GNN flow training:  24%|██▍       | 24/100 [02:31<07:41,  6.07s/epoch, best=1.521e+01, sign=0.159, train=1.521e+01, val=1.495e+01]
GNN flow training:  25%|██▌       | 25/100 [02:31<07:34,  6.06s/epoch, best=1.521e+01, sign=0.159, train=1.521e+01, val=1.495e+01]
GNN flow training:  25%|██▌       | 25/100 [02:38<07:34,  6.06s/epoch, best=1.495e+01, sign=0.159, train=1.495e+01, val=1.472e+01]
GNN flow training:  26%|██▌       | 26/100 [02:38<07:29,  6.07s/epoch, best=1.495e+01, sign=0.159, train=1.495e+01, val=1.472e+01]
GNN flow training:  26%|██▌       | 26/100 [02:44<07:29,  6.07s/epoch, best=1.472e+01, sign=0.159, train=1.472e+01, val=1.442e+01]
GNN flow training:  27%|██▋       | 27/100 [02:44<07:23,  6.07s/epoch, best=1.472e+01, sign=0.159, train=1.472e+01, val=1.442e+01]
GNN flow training:  27%|██▋       | 27/100 [02:50<07:23,  6.07s/epoch, best=1.442e+01, sign=0.159, train=1.442e+01, val=1.417e+01]
GNN flow training:  28%|██▊       | 28/100 [02:50<07:17,  6.07s/epoch, best=1.442e+01, sign=0.159, train=1.442e+01, val=1.417e+01]
GNN flow training:  28%|██▊       | 28/100 [02:56<07:17,  6.07s/epoch, best=1.417e+01, sign=0.158, train=1.417e+01, val=1.390e+01]
GNN flow training:  29%|██▉       | 29/100 [02:56<07:10,  6.06s/epoch, best=1.417e+01, sign=0.158, train=1.417e+01, val=1.390e+01]
GNN flow training:  29%|██▉       | 29/100 [03:02<07:10,  6.06s/epoch, best=1.390e+01, sign=0.157, train=1.390e+01, val=1.370e+01]
GNN flow training:  30%|███       | 30/100 [03:02<07:05,  6.07s/epoch, best=1.390e+01, sign=0.157, train=1.390e+01, val=1.370e+01]
GNN flow training:  30%|███       | 30/100 [03:08<07:05,  6.07s/epoch, best=1.370e+01, sign=0.157, train=1.370e+01, val=1.375e+01]
GNN flow training:  31%|███       | 31/100 [03:08<06:59,  6.08s/epoch, best=1.370e+01, sign=0.157, train=1.370e+01, val=1.375e+01]
GNN flow training:  31%|███       | 31/100 [03:14<06:59,  6.08s/epoch, best=1.370e+01, sign=0.155, train=1.375e+01, val=1.365e+01]
GNN flow training:  32%|███▏      | 32/100 [03:14<06:53,  6.09s/epoch, best=1.370e+01, sign=0.155, train=1.375e+01, val=1.365e+01]
GNN flow training:  32%|███▏      | 32/100 [03:20<06:53,  6.09s/epoch, best=1.365e+01, sign=0.153, train=1.365e+01, val=1.354e+01]
GNN flow training:  33%|███▎      | 33/100 [03:20<06:47,  6.08s/epoch, best=1.365e+01, sign=0.153, train=1.365e+01, val=1.354e+01]
GNN flow training:  33%|███▎      | 33/100 [03:26<06:47,  6.08s/epoch, best=1.354e+01, sign=0.152, train=1.354e+01, val=1.345e+01]
GNN flow training:  34%|███▍      | 34/100 [03:26<06:39,  6.06s/epoch, best=1.354e+01, sign=0.152, train=1.354e+01, val=1.345e+01]
GNN flow training:  34%|███▍      | 34/100 [03:32<06:39,  6.06s/epoch, best=1.345e+01, sign=0.153, train=1.345e+01, val=1.323e+01]
GNN flow training:  35%|███▌      | 35/100 [03:32<06:34,  6.07s/epoch, best=1.345e+01, sign=0.153, train=1.345e+01, val=1.323e+01]
GNN flow training:  35%|███▌      | 35/100 [03:38<06:34,  6.07s/epoch, best=1.323e+01, sign=0.152, train=1.323e+01, val=1.325e+01]
GNN flow training:  36%|███▌      | 36/100 [03:38<06:30,  6.10s/epoch, best=1.323e+01, sign=0.152, train=1.323e+01, val=1.325e+01]
GNN flow training:  36%|███▌      | 36/100 [03:44<06:30,  6.10s/epoch, best=1.323e+01, sign=0.152, train=1.325e+01, val=1.313e+01]
GNN flow training:  37%|███▋      | 37/100 [03:44<06:23,  6.08s/epoch, best=1.323e+01, sign=0.152, train=1.325e+01, val=1.313e+01]
GNN flow training:  37%|███▋      | 37/100 [03:50<06:23,  6.08s/epoch, best=1.313e+01, sign=0.151, train=1.313e+01, val=1.267e+01]
GNN flow training:  38%|███▊      | 38/100 [03:50<06:16,  6.08s/epoch, best=1.313e+01, sign=0.151, train=1.313e+01, val=1.267e+01]
GNN flow training:  38%|███▊      | 38/100 [03:57<06:16,  6.08s/epoch, best=1.267e+01, sign=0.151, train=1.267e+01, val=1.223e+01]
GNN flow training:  39%|███▉      | 39/100 [03:57<06:10,  6.08s/epoch, best=1.267e+01, sign=0.151, train=1.267e+01, val=1.223e+01]
GNN flow training:  39%|███▉      | 39/100 [04:03<06:10,  6.08s/epoch, best=1.223e+01, sign=0.152, train=1.223e+01, val=1.199e+01]
GNN flow training:  40%|████      | 40/100 [04:03<06:04,  6.08s/epoch, best=1.223e+01, sign=0.152, train=1.223e+01, val=1.199e+01]
GNN flow training:  40%|████      | 40/100 [04:09<06:04,  6.08s/epoch, best=1.199e+01, sign=0.153, train=1.199e+01, val=1.171e+01]
GNN flow training:  41%|████      | 41/100 [04:09<05:58,  6.08s/epoch, best=1.199e+01, sign=0.153, train=1.199e+01, val=1.171e+01]
GNN flow training:  41%|████      | 41/100 [04:15<05:58,  6.08s/epoch, best=1.171e+01, sign=0.154, train=1.171e+01, val=1.149e+01]
GNN flow training:  42%|████▏     | 42/100 [04:15<05:52,  6.08s/epoch, best=1.171e+01, sign=0.154, train=1.171e+01, val=1.149e+01]
GNN flow training:  42%|████▏     | 42/100 [04:21<05:52,  6.08s/epoch, best=1.149e+01, sign=0.154, train=1.149e+01, val=1.109e+01]
GNN flow training:  43%|████▎     | 43/100 [04:21<05:46,  6.08s/epoch, best=1.149e+01, sign=0.154, train=1.149e+01, val=1.109e+01]
GNN flow training:  43%|████▎     | 43/100 [04:27<05:46,  6.08s/epoch, best=1.109e+01, sign=0.156, train=1.109e+01, val=1.089e+01]
GNN flow training:  44%|████▍     | 44/100 [04:27<05:40,  6.08s/epoch, best=1.109e+01, sign=0.156, train=1.109e+01, val=1.089e+01]
GNN flow training:  44%|████▍     | 44/100 [04:33<05:40,  6.08s/epoch, best=1.089e+01, sign=0.156, train=1.089e+01, val=1.072e+01]
GNN flow training:  45%|████▌     | 45/100 [04:33<05:33,  6.07s/epoch, best=1.089e+01, sign=0.156, train=1.089e+01, val=1.072e+01]
GNN flow training:  45%|████▌     | 45/100 [04:39<05:33,  6.07s/epoch, best=1.072e+01, sign=0.157, train=1.072e+01, val=1.062e+01]
GNN flow training:  46%|████▌     | 46/100 [04:39<05:28,  6.08s/epoch, best=1.072e+01, sign=0.157, train=1.072e+01, val=1.062e+01]
GNN flow training:  46%|████▌     | 46/100 [04:45<05:28,  6.08s/epoch, best=1.062e+01, sign=0.158, train=1.062e+01, val=1.055e+01]
GNN flow training:  47%|████▋     | 47/100 [04:45<05:22,  6.08s/epoch, best=1.062e+01, sign=0.158, train=1.062e+01, val=1.055e+01]
GNN flow training:  47%|████▋     | 47/100 [04:51<05:22,  6.08s/epoch, best=1.055e+01, sign=0.158, train=1.055e+01, val=1.034e+01]
GNN flow training:  48%|████▊     | 48/100 [04:51<05:16,  6.09s/epoch, best=1.055e+01, sign=0.158, train=1.055e+01, val=1.034e+01]
GNN flow training:  48%|████▊     | 48/100 [04:57<05:16,  6.09s/epoch, best=1.034e+01, sign=0.159, train=1.034e+01, val=1.026e+01]
GNN flow training:  49%|████▉     | 49/100 [04:57<05:10,  6.08s/epoch, best=1.034e+01, sign=0.159, train=1.034e+01, val=1.026e+01]
GNN flow training:  49%|████▉     | 49/100 [05:03<05:10,  6.08s/epoch, best=1.026e+01, sign=0.159, train=1.026e+01, val=1.024e+01]
GNN flow training:  50%|█████     | 50/100 [05:03<05:03,  6.07s/epoch, best=1.026e+01, sign=0.159, train=1.026e+01, val=1.024e+01]
GNN flow training:  50%|█████     | 50/100 [05:09<05:03,  6.07s/epoch, best=1.024e+01, sign=0.159, train=1.024e+01, val=9.979e+00]
GNN flow training:  51%|█████     | 51/100 [05:09<04:57,  6.08s/epoch, best=1.024e+01, sign=0.159, train=1.024e+01, val=9.979e+00]
GNN flow training:  51%|█████     | 51/100 [05:16<04:57,  6.08s/epoch, best=9.979e+00, sign=0.160, train=9.977e+00, val=9.856e+00]
GNN flow training:  52%|█████▏    | 52/100 [05:16<04:51,  6.08s/epoch, best=9.979e+00, sign=0.160, train=9.977e+00, val=9.856e+00]
GNN flow training:  52%|█████▏    | 52/100 [05:22<04:51,  6.08s/epoch, best=9.856e+00, sign=0.163, train=9.855e+00, val=9.513e+00]
GNN flow training:  53%|█████▎    | 53/100 [05:22<04:45,  6.08s/epoch, best=9.856e+00, sign=0.163, train=9.855e+00, val=9.513e+00]
GNN flow training:  53%|█████▎    | 53/100 [05:28<04:45,  6.08s/epoch, best=9.513e+00, sign=0.163, train=9.511e+00, val=9.271e+00]
GNN flow training:  54%|█████▍    | 54/100 [05:28<04:41,  6.11s/epoch, best=9.513e+00, sign=0.163, train=9.511e+00, val=9.271e+00]
GNN flow training:  54%|█████▍    | 54/100 [05:34<04:41,  6.11s/epoch, best=9.271e+00, sign=0.164, train=9.269e+00, val=9.124e+00]
GNN flow training:  55%|█████▌    | 55/100 [05:34<04:34,  6.09s/epoch, best=9.271e+00, sign=0.164, train=9.269e+00, val=9.124e+00]
GNN flow training:  55%|█████▌    | 55/100 [05:40<04:34,  6.09s/epoch, best=9.124e+00, sign=0.163, train=9.122e+00, val=9.467e+00]
GNN flow training:  56%|█████▌    | 56/100 [05:40<04:27,  6.08s/epoch, best=9.124e+00, sign=0.163, train=9.122e+00, val=9.467e+00]
GNN flow training:  56%|█████▌    | 56/100 [05:46<04:27,  6.08s/epoch, best=9.124e+00, sign=0.162, train=9.466e+00, val=9.978e+00]
GNN flow training:  57%|█████▋    | 57/100 [05:46<04:21,  6.08s/epoch, best=9.124e+00, sign=0.162, train=9.466e+00, val=9.978e+00]
GNN flow training:  57%|█████▋    | 57/100 [05:52<04:21,  6.08s/epoch, best=9.124e+00, sign=0.162, train=9.976e+00, val=1.001e+01]
GNN flow training:  58%|█████▊    | 58/100 [05:52<04:15,  6.08s/epoch, best=9.124e+00, sign=0.162, train=9.976e+00, val=1.001e+01]
GNN flow training:  58%|█████▊    | 58/100 [05:58<04:15,  6.08s/epoch, best=9.124e+00, sign=0.162, train=1.000e+01, val=9.714e+00]
GNN flow training:  59%|█████▉    | 59/100 [05:58<04:10,  6.11s/epoch, best=9.124e+00, sign=0.162, train=1.000e+01, val=9.714e+00]
GNN flow training:  59%|█████▉    | 59/100 [06:04<04:10,  6.11s/epoch, best=9.124e+00, sign=0.165, train=9.713e+00, val=9.241e+00]
GNN flow training:  60%|██████    | 60/100 [06:04<04:04,  6.11s/epoch, best=9.124e+00, sign=0.165, train=9.713e+00, val=9.241e+00]
GNN flow training:  60%|██████    | 60/100 [06:10<04:04,  6.11s/epoch, best=9.124e+00, sign=0.169, train=9.239e+00, val=8.528e+00]
GNN flow training:  61%|██████    | 61/100 [06:10<03:58,  6.10s/epoch, best=9.124e+00, sign=0.169, train=9.239e+00, val=8.528e+00]
GNN flow training:  61%|██████    | 61/100 [06:16<03:58,  6.10s/epoch, best=8.528e+00, sign=0.171, train=8.526e+00, val=8.365e+00]
GNN flow training:  62%|██████▏   | 62/100 [06:16<03:51,  6.08s/epoch, best=8.528e+00, sign=0.171, train=8.526e+00, val=8.365e+00]
GNN flow training:  62%|██████▏   | 62/100 [06:23<03:51,  6.08s/epoch, best=8.365e+00, sign=0.170, train=8.364e+00, val=8.868e+00]
GNN flow training:  63%|██████▎   | 63/100 [06:23<03:45,  6.08s/epoch, best=8.365e+00, sign=0.170, train=8.364e+00, val=8.868e+00]
GNN flow training:  63%|██████▎   | 63/100 [06:29<03:45,  6.08s/epoch, best=8.365e+00, sign=0.166, train=8.867e+00, val=9.421e+00]
GNN flow training:  64%|██████▍   | 64/100 [06:29<03:39,  6.10s/epoch, best=8.365e+00, sign=0.166, train=8.867e+00, val=9.421e+00]
GNN flow training:  64%|██████▍   | 64/100 [06:35<03:39,  6.10s/epoch, best=8.365e+00, sign=0.165, train=9.420e+00, val=9.714e+00]
GNN flow training:  65%|██████▌   | 65/100 [06:35<03:33,  6.09s/epoch, best=8.365e+00, sign=0.165, train=9.420e+00, val=9.714e+00]
GNN flow training:  65%|██████▌   | 65/100 [06:41<03:33,  6.09s/epoch, best=8.365e+00, sign=0.165, train=9.713e+00, val=9.515e+00]
GNN flow training:  66%|██████▌   | 66/100 [06:41<03:27,  6.09s/epoch, best=8.365e+00, sign=0.165, train=9.713e+00, val=9.515e+00]
GNN flow training:  66%|██████▌   | 66/100 [06:47<03:27,  6.09s/epoch, best=8.365e+00, sign=0.168, train=9.513e+00, val=8.959e+00]
GNN flow training:  67%|██████▋   | 67/100 [06:47<03:21,  6.09s/epoch, best=8.365e+00, sign=0.168, train=9.513e+00, val=8.959e+00]
GNN flow training:  67%|██████▋   | 67/100 [06:53<03:21,  6.09s/epoch, best=8.365e+00, sign=0.169, train=8.957e+00, val=8.531e+00]
GNN flow training:  68%|██████▊   | 68/100 [06:53<03:15,  6.09s/epoch, best=8.365e+00, sign=0.169, train=8.957e+00, val=8.531e+00]
GNN flow training:  68%|██████▊   | 68/100 [06:59<03:15,  6.09s/epoch, best=8.365e+00, sign=0.171, train=8.529e+00, val=8.200e+00]
GNN flow training:  69%|██████▉   | 69/100 [06:59<03:09,  6.11s/epoch, best=8.365e+00, sign=0.171, train=8.529e+00, val=8.200e+00]
GNN flow training:  69%|██████▉   | 69/100 [07:05<03:09,  6.11s/epoch, best=8.200e+00, sign=0.172, train=8.198e+00, val=8.041e+00]
GNN flow training:  70%|███████   | 70/100 [07:05<03:03,  6.12s/epoch, best=8.200e+00, sign=0.172, train=8.198e+00, val=8.041e+00]
GNN flow training:  70%|███████   | 70/100 [07:11<03:03,  6.12s/epoch, best=8.041e+00, sign=0.173, train=8.039e+00, val=8.227e+00]
GNN flow training:  71%|███████   | 71/100 [07:11<02:56,  6.09s/epoch, best=8.041e+00, sign=0.173, train=8.039e+00, val=8.227e+00]
GNN flow training:  71%|███████   | 71/100 [07:18<02:56,  6.09s/epoch, best=8.041e+00, sign=0.169, train=8.226e+00, val=8.820e+00]
GNN flow training:  72%|███████▏  | 72/100 [07:18<02:50,  6.10s/epoch, best=8.041e+00, sign=0.169, train=8.226e+00, val=8.820e+00]
GNN flow training:  72%|███████▏  | 72/100 [07:24<02:50,  6.10s/epoch, best=8.041e+00, sign=0.167, train=8.818e+00, val=9.146e+00]
GNN flow training:  73%|███████▎  | 73/100 [07:24<02:44,  6.11s/epoch, best=8.041e+00, sign=0.167, train=8.818e+00, val=9.146e+00]
GNN flow training:  73%|███████▎  | 73/100 [07:30<02:44,  6.11s/epoch, best=8.041e+00, sign=0.164, train=9.144e+00, val=9.371e+00]
GNN flow training:  74%|███████▍  | 74/100 [07:30<02:38,  6.08s/epoch, best=8.041e+00, sign=0.164, train=9.144e+00, val=9.371e+00]
GNN flow training:  74%|███████▍  | 74/100 [07:36<02:38,  6.08s/epoch, best=8.041e+00, sign=0.166, train=9.370e+00, val=9.213e+00]
GNN flow training:  75%|███████▌  | 75/100 [07:36<02:32,  6.10s/epoch, best=8.041e+00, sign=0.166, train=9.370e+00, val=9.213e+00]
GNN flow training:  75%|███████▌  | 75/100 [07:42<02:32,  6.10s/epoch, best=8.041e+00, sign=0.168, train=9.211e+00, val=8.819e+00]
GNN flow training:  76%|███████▌  | 76/100 [07:42<02:26,  6.09s/epoch, best=8.041e+00, sign=0.168, train=9.211e+00, val=8.819e+00]
GNN flow training:  76%|███████▌  | 76/100 [07:48<02:26,  6.09s/epoch, best=8.041e+00, sign=0.171, train=8.818e+00, val=8.318e+00]
GNN flow training:  77%|███████▋  | 77/100 [07:48<02:19,  6.07s/epoch, best=8.041e+00, sign=0.171, train=8.818e+00, val=8.318e+00]
GNN flow training:  77%|███████▋  | 77/100 [07:54<02:19,  6.07s/epoch, best=8.041e+00, sign=0.172, train=8.316e+00, val=8.260e+00]
GNN flow training:  78%|███████▊  | 78/100 [07:54<02:13,  6.07s/epoch, best=8.041e+00, sign=0.172, train=8.316e+00, val=8.260e+00]
GNN flow training:  78%|███████▊  | 78/100 [08:00<02:13,  6.07s/epoch, best=8.041e+00, sign=0.170, train=8.258e+00, val=8.437e+00]
GNN flow training:  79%|███████▉  | 79/100 [08:00<02:07,  6.08s/epoch, best=8.041e+00, sign=0.170, train=8.258e+00, val=8.437e+00]
GNN flow training:  79%|███████▉  | 79/100 [08:06<02:07,  6.08s/epoch, best=8.041e+00, sign=0.168, train=8.435e+00, val=9.009e+00]
GNN flow training:  80%|████████  | 80/100 [08:06<02:01,  6.08s/epoch, best=8.041e+00, sign=0.168, train=8.435e+00, val=9.009e+00]
GNN flow training:  80%|████████  | 80/100 [08:12<02:01,  6.08s/epoch, best=8.041e+00, sign=0.165, train=9.007e+00, val=9.598e+00]
GNN flow training:  81%|████████  | 81/100 [08:12<01:55,  6.09s/epoch, best=8.041e+00, sign=0.165, train=9.007e+00, val=9.598e+00]
GNN flow training:  81%|████████  | 81/100 [08:18<01:55,  6.09s/epoch, best=8.041e+00, sign=0.165, train=9.597e+00, val=9.755e+00]
GNN flow training:  82%|████████▏ | 82/100 [08:18<01:49,  6.09s/epoch, best=8.041e+00, sign=0.165, train=9.597e+00, val=9.755e+00]
GNN flow training:  82%|████████▏ | 82/100 [08:24<01:49,  6.09s/epoch, best=8.041e+00, sign=0.166, train=9.753e+00, val=9.610e+00]
GNN flow training:  83%|████████▎ | 83/100 [08:24<01:43,  6.08s/epoch, best=8.041e+00, sign=0.166, train=9.753e+00, val=9.610e+00]
GNN flow training:  83%|████████▎ | 83/100 [08:30<01:43,  6.08s/epoch, best=8.041e+00, sign=0.167, train=9.609e+00, val=9.397e+00]
GNN flow training:  84%|████████▍ | 84/100 [08:30<01:37,  6.07s/epoch, best=8.041e+00, sign=0.167, train=9.609e+00, val=9.397e+00]
GNN flow training:  84%|████████▍ | 84/100 [08:37<01:37,  6.07s/epoch, best=8.041e+00, sign=0.167, train=9.395e+00, val=9.144e+00]
GNN flow training:  85%|████████▌ | 85/100 [08:37<01:31,  6.08s/epoch, best=8.041e+00, sign=0.167, train=9.395e+00, val=9.144e+00]
GNN flow training:  85%|████████▌ | 85/100 [08:43<01:31,  6.08s/epoch, best=8.041e+00, sign=0.170, train=9.143e+00, val=8.789e+00]
GNN flow training:  86%|████████▌ | 86/100 [08:43<01:25,  6.09s/epoch, best=8.041e+00, sign=0.170, train=9.143e+00, val=8.789e+00]
GNN flow training:  86%|████████▌ | 86/100 [08:49<01:25,  6.09s/epoch, best=8.041e+00, sign=0.170, train=8.787e+00, val=8.262e+00]
GNN flow training:  87%|████████▋ | 87/100 [08:49<01:18,  6.07s/epoch, best=8.041e+00, sign=0.170, train=8.787e+00, val=8.262e+00]
GNN flow training:  87%|████████▋ | 87/100 [08:55<01:18,  6.07s/epoch, best=8.041e+00, sign=0.173, train=8.260e+00, val=7.677e+00]
GNN flow training:  88%|████████▊ | 88/100 [08:55<01:12,  6.08s/epoch, best=8.041e+00, sign=0.173, train=8.260e+00, val=7.677e+00]
GNN flow training:  88%|████████▊ | 88/100 [09:01<01:12,  6.08s/epoch, best=7.677e+00, sign=0.172, train=7.676e+00, val=7.911e+00]
GNN flow training:  89%|████████▉ | 89/100 [09:01<01:06,  6.08s/epoch, best=7.677e+00, sign=0.172, train=7.676e+00, val=7.911e+00]
GNN flow training:  89%|████████▉ | 89/100 [09:07<01:06,  6.08s/epoch, best=7.677e+00, sign=0.170, train=7.910e+00, val=8.374e+00]
GNN flow training:  90%|█████████ | 90/100 [09:07<01:00,  6.06s/epoch, best=7.677e+00, sign=0.170, train=7.910e+00, val=8.374e+00]
GNN flow training:  90%|█████████ | 90/100 [09:13<01:00,  6.06s/epoch, best=7.677e+00, sign=0.169, train=8.373e+00, val=8.502e+00]
GNN flow training:  91%|█████████ | 91/100 [09:13<00:54,  6.07s/epoch, best=7.677e+00, sign=0.169, train=8.373e+00, val=8.502e+00]
GNN flow training:  91%|█████████ | 91/100 [09:19<00:54,  6.07s/epoch, best=7.677e+00, sign=0.170, train=8.500e+00, val=8.364e+00]
GNN flow training:  92%|█████████▏| 92/100 [09:19<00:48,  6.07s/epoch, best=7.677e+00, sign=0.170, train=8.500e+00, val=8.364e+00]
GNN flow training:  92%|█████████▏| 92/100 [09:25<00:48,  6.07s/epoch, best=7.677e+00, sign=0.171, train=8.362e+00, val=8.127e+00]
GNN flow training:  93%|█████████▎| 93/100 [09:25<00:42,  6.07s/epoch, best=7.677e+00, sign=0.171, train=8.362e+00, val=8.127e+00]
GNN flow training:  93%|█████████▎| 93/100 [09:31<00:42,  6.07s/epoch, best=7.677e+00, sign=0.174, train=8.125e+00, val=7.757e+00]
GNN flow training:  94%|█████████▍| 94/100 [09:31<00:36,  6.07s/epoch, best=7.677e+00, sign=0.174, train=8.125e+00, val=7.757e+00]
GNN flow training:  94%|█████████▍| 94/100 [09:37<00:36,  6.07s/epoch, best=7.677e+00, sign=0.174, train=7.755e+00, val=7.546e+00]
GNN flow training:  95%|█████████▌| 95/100 [09:37<00:30,  6.05s/epoch, best=7.677e+00, sign=0.174, train=7.755e+00, val=7.546e+00]
GNN flow training:  95%|█████████▌| 95/100 [09:43<00:30,  6.05s/epoch, best=7.546e+00, sign=0.173, train=7.544e+00, val=7.639e+00]
GNN flow training:  96%|█████████▌| 96/100 [09:43<00:24,  6.06s/epoch, best=7.546e+00, sign=0.173, train=7.544e+00, val=7.639e+00]
GNN flow training:  96%|█████████▌| 96/100 [09:49<00:24,  6.06s/epoch, best=7.546e+00, sign=0.173, train=7.637e+00, val=7.543e+00]
GNN flow training:  97%|█████████▋| 97/100 [09:49<00:18,  6.08s/epoch, best=7.546e+00, sign=0.173, train=7.637e+00, val=7.543e+00]
GNN flow training:  97%|█████████▋| 97/100 [09:56<00:18,  6.08s/epoch, best=7.543e+00, sign=0.174, train=7.541e+00, val=7.461e+00]
GNN flow training:  98%|█████████▊| 98/100 [09:56<00:12,  6.09s/epoch, best=7.543e+00, sign=0.174, train=7.541e+00, val=7.461e+00]
GNN flow training:  98%|█████████▊| 98/100 [10:02<00:12,  6.09s/epoch, best=7.461e+00, sign=0.174, train=7.459e+00, val=7.422e+00]
GNN flow training:  99%|█████████▉| 99/100 [10:02<00:06,  6.10s/epoch, best=7.461e+00, sign=0.174, train=7.459e+00, val=7.422e+00]
GNN flow training:  99%|█████████▉| 99/100 [10:08<00:06,  6.10s/epoch, best=7.422e+00, sign=0.174, train=7.420e+00, val=7.468e+00]
GNN flow training: 100%|██████████| 100/100 [10:08<00:00,  6.09s/epoch, best=7.422e+00, sign=0.174, train=7.420e+00, val=7.468e+00]
GNN flow training: 100%|██████████| 100/100 [10:08<00:00,  6.08s/epoch, best=7.422e+00, sign=0.174, train=7.420e+00, val=7.468e+00]
Resolved config snapshot:
{'preset': 'solver_QKB_outer_QKBdelta', 'gnn_outer_losses': {'flow': 0.1, 'kirchhoff': 10.0, 'boundary': 100.0, 'delta_l2': 1.0, 'delta_smooth': 0.0, 'pressure_shape': 0.0}, 'physics': {'arterial_flow_mode': 'dataset', 'pressure_constraints': ['equal-a-equal-v'], 'alpha_pa': None, 'use_snr_weights': True, 'use_observed_flow_snr_weighting': True, 'flow_scale_mode': 'median_abs', 'solver_device': 'same', 'pressure_solver_mode': 'reduced-soft-constrained-lstsq', 'pressure_solver_lambda_kirchhoff': 1.0, 'pressure_solver_lambda_pressure_constraints': 100.0, 'pressure_solver_lambda_flow_residual': 1.0, 'pressure_shape_reference': 'delta_zero_reference', 'pressure_detach': False}, 'correction_bounds': {'correction_min': -0.5, 'correction_max': 0.5, 'correction_bound': 0.5, 'correction_parameterization': 'tanh'}, 'optimization': {'learning_rate': 0.001, 'weight_decay': 0.0001, 'gradient_clip_norm': 5.0, 'optimizer': 'adamw', 'epochs': 100, 'patience': 40}}
Shard 10/80: 1 of 80 runs
Command: /mnt/home/sswee/miniforge3/envs/yolk-sac/bin/python /mnt/home/sswee/yolk/Yolk-Sac-Flow-Data-and-Sim/gnn_clean/scripts/python/gnn_flow.py /mnt/home/sswee/yolk/Yolk-Sac-Flow-Data-and-Sim/gnn_clean/datasets/mosaic_graph_norm_canonical.gpickle --output-dir /mnt/home/sswee/yolk/Yolk-Sac-Flow-Data-and-Sim/gnn_clean/outputs_canonical_norm/dc/02_physics_weight_sweep/gnn --run-name q_0p1__k_10__delta_1 --preset solver_QKB_outer_QKBdelta --device cuda --epochs 100 --seed 0 --viscosity-pa-s 0.0035 --config /mnt/home/sswee/yolk/Yolk-Sac-Flow-Data-and-Sim/gnn_clean/outputs_canonical_norm/dc/02_physics_weight_sweep/_generated_configs/q_0p1__k_10__delta_1.yaml --no-pressure-detach
