[info] DC Step 2 canonical sweep uses fixed lambda_B=100.0 for both the outer boundary loss and the reduced pressure-solver boundary constraint.

GNN flow training:   0%|          | 0/100 [00:00<?, ?epoch/s]
GNN flow training:   0%|          | 0/100 [00:06<?, ?epoch/s, best=1.737e+01, sign=0.161, train=1.738e+01, val=1.737e+01]
GNN flow training:   1%|          | 1/100 [00:06<10:28,  6.35s/epoch, best=1.737e+01, sign=0.161, train=1.738e+01, val=1.737e+01]
GNN flow training:   1%|          | 1/100 [00:12<10:28,  6.35s/epoch, best=1.737e+01, sign=0.160, train=1.736e+01, val=1.738e+01]
GNN flow training:   2%|▏         | 2/100 [00:12<10:16,  6.29s/epoch, best=1.737e+01, sign=0.160, train=1.736e+01, val=1.738e+01]
GNN flow training:   2%|▏         | 2/100 [00:18<10:16,  6.29s/epoch, best=1.737e+01, sign=0.161, train=1.736e+01, val=1.735e+01]
GNN flow training:   3%|▎         | 3/100 [00:18<10:11,  6.30s/epoch, best=1.737e+01, sign=0.161, train=1.736e+01, val=1.735e+01]
GNN flow training:   3%|▎         | 3/100 [00:25<10:11,  6.30s/epoch, best=1.735e+01, sign=0.161, train=1.733e+01, val=1.734e+01]
GNN flow training:   4%|▍         | 4/100 [00:25<10:06,  6.31s/epoch, best=1.735e+01, sign=0.161, train=1.733e+01, val=1.734e+01]
GNN flow training:   4%|▍         | 4/100 [00:31<10:06,  6.31s/epoch, best=1.734e+01, sign=0.160, train=1.732e+01, val=1.734e+01]
GNN flow training:   5%|▌         | 5/100 [00:31<09:58,  6.30s/epoch, best=1.734e+01, sign=0.160, train=1.732e+01, val=1.734e+01]
GNN flow training:   5%|▌         | 5/100 [00:37<09:58,  6.30s/epoch, best=1.734e+01, sign=0.159, train=1.732e+01, val=1.729e+01]
GNN flow training:   6%|▌         | 6/100 [00:37<09:51,  6.29s/epoch, best=1.734e+01, sign=0.159, train=1.732e+01, val=1.729e+01]
GNN flow training:   6%|▌         | 6/100 [00:44<09:51,  6.29s/epoch, best=1.729e+01, sign=0.159, train=1.727e+01, val=1.729e+01]
GNN flow training:   7%|▋         | 7/100 [00:44<09:43,  6.28s/epoch, best=1.729e+01, sign=0.159, train=1.727e+01, val=1.729e+01]
GNN flow training:   7%|▋         | 7/100 [00:50<09:43,  6.28s/epoch, best=1.729e+01, sign=0.159, train=1.727e+01, val=1.728e+01]
GNN flow training:   8%|▊         | 8/100 [00:50<09:33,  6.24s/epoch, best=1.729e+01, sign=0.159, train=1.727e+01, val=1.728e+01]
GNN flow training:   8%|▊         | 8/100 [00:56<09:33,  6.24s/epoch, best=1.728e+01, sign=0.160, train=1.726e+01, val=1.725e+01]
GNN flow training:   9%|▉         | 9/100 [00:56<09:25,  6.21s/epoch, best=1.728e+01, sign=0.160, train=1.726e+01, val=1.725e+01]
GNN flow training:   9%|▉         | 9/100 [01:02<09:25,  6.21s/epoch, best=1.725e+01, sign=0.160, train=1.723e+01, val=1.729e+01]
GNN flow training:  10%|█         | 10/100 [01:02<09:18,  6.21s/epoch, best=1.725e+01, sign=0.160, train=1.723e+01, val=1.729e+01]
GNN flow training:  10%|█         | 10/100 [01:08<09:18,  6.21s/epoch, best=1.725e+01, sign=0.161, train=1.728e+01, val=1.727e+01]
GNN flow training:  11%|█         | 11/100 [01:08<09:12,  6.20s/epoch, best=1.725e+01, sign=0.161, train=1.728e+01, val=1.727e+01]
GNN flow training:  11%|█         | 11/100 [01:14<09:12,  6.20s/epoch, best=1.725e+01, sign=0.161, train=1.725e+01, val=1.731e+01]
GNN flow training:  12%|█▏        | 12/100 [01:14<09:05,  6.20s/epoch, best=1.725e+01, sign=0.161, train=1.725e+01, val=1.731e+01]
GNN flow training:  12%|█▏        | 12/100 [01:21<09:05,  6.20s/epoch, best=1.725e+01, sign=0.161, train=1.729e+01, val=1.733e+01]
GNN flow training:  13%|█▎        | 13/100 [01:21<08:59,  6.20s/epoch, best=1.725e+01, sign=0.161, train=1.729e+01, val=1.733e+01]
GNN flow training:  13%|█▎        | 13/100 [01:27<08:59,  6.20s/epoch, best=1.725e+01, sign=0.160, train=1.732e+01, val=1.734e+01]
GNN flow training:  14%|█▍        | 14/100 [01:27<08:53,  6.21s/epoch, best=1.725e+01, sign=0.160, train=1.732e+01, val=1.734e+01]
GNN flow training:  14%|█▍        | 14/100 [01:33<08:53,  6.21s/epoch, best=1.725e+01, sign=0.160, train=1.732e+01, val=1.730e+01]
GNN flow training:  15%|█▌        | 15/100 [01:33<08:48,  6.22s/epoch, best=1.725e+01, sign=0.160, train=1.732e+01, val=1.730e+01]
GNN flow training:  15%|█▌        | 15/100 [01:39<08:48,  6.22s/epoch, best=1.725e+01, sign=0.160, train=1.728e+01, val=1.726e+01]
GNN flow training:  16%|█▌        | 16/100 [01:39<08:41,  6.21s/epoch, best=1.725e+01, sign=0.160, train=1.728e+01, val=1.726e+01]
GNN flow training:  16%|█▌        | 16/100 [01:46<08:41,  6.21s/epoch, best=1.725e+01, sign=0.160, train=1.724e+01, val=1.726e+01]
GNN flow training:  17%|█▋        | 17/100 [01:46<08:35,  6.22s/epoch, best=1.725e+01, sign=0.160, train=1.724e+01, val=1.726e+01]
GNN flow training:  17%|█▋        | 17/100 [01:52<08:35,  6.22s/epoch, best=1.725e+01, sign=0.159, train=1.724e+01, val=1.726e+01]
GNN flow training:  18%|█▊        | 18/100 [01:52<08:29,  6.22s/epoch, best=1.725e+01, sign=0.159, train=1.724e+01, val=1.726e+01]
GNN flow training:  18%|█▊        | 18/100 [01:58<08:29,  6.22s/epoch, best=1.725e+01, sign=0.160, train=1.724e+01, val=1.726e+01]
GNN flow training:  19%|█▉        | 19/100 [01:58<08:22,  6.21s/epoch, best=1.725e+01, sign=0.160, train=1.724e+01, val=1.726e+01]
GNN flow training:  19%|█▉        | 19/100 [02:04<08:22,  6.21s/epoch, best=1.725e+01, sign=0.161, train=1.724e+01, val=1.721e+01]
GNN flow training:  20%|██        | 20/100 [02:04<08:17,  6.22s/epoch, best=1.725e+01, sign=0.161, train=1.724e+01, val=1.721e+01]
GNN flow training:  20%|██        | 20/100 [02:10<08:17,  6.22s/epoch, best=1.721e+01, sign=0.160, train=1.719e+01, val=1.718e+01]
GNN flow training:  21%|██        | 21/100 [02:10<08:11,  6.23s/epoch, best=1.721e+01, sign=0.160, train=1.719e+01, val=1.718e+01]
GNN flow training:  21%|██        | 21/100 [02:17<08:11,  6.23s/epoch, best=1.718e+01, sign=0.160, train=1.716e+01, val=1.715e+01]
GNN flow training:  22%|██▏       | 22/100 [02:17<08:05,  6.22s/epoch, best=1.718e+01, sign=0.160, train=1.716e+01, val=1.715e+01]
GNN flow training:  22%|██▏       | 22/100 [02:23<08:05,  6.22s/epoch, best=1.715e+01, sign=0.160, train=1.713e+01, val=1.715e+01]
GNN flow training:  23%|██▎       | 23/100 [02:23<07:59,  6.23s/epoch, best=1.715e+01, sign=0.160, train=1.713e+01, val=1.715e+01]
GNN flow training:  23%|██▎       | 23/100 [02:29<07:59,  6.23s/epoch, best=1.715e+01, sign=0.160, train=1.713e+01, val=1.714e+01]
GNN flow training:  24%|██▍       | 24/100 [02:29<07:53,  6.23s/epoch, best=1.715e+01, sign=0.160, train=1.713e+01, val=1.714e+01]
GNN flow training:  24%|██▍       | 24/100 [02:35<07:53,  6.23s/epoch, best=1.714e+01, sign=0.159, train=1.712e+01, val=1.710e+01]
GNN flow training:  25%|██▌       | 25/100 [02:35<07:47,  6.24s/epoch, best=1.714e+01, sign=0.159, train=1.712e+01, val=1.710e+01]
GNN flow training:  25%|██▌       | 25/100 [02:42<07:47,  6.24s/epoch, best=1.710e+01, sign=0.159, train=1.708e+01, val=1.707e+01]
GNN flow training:  26%|██▌       | 26/100 [02:42<07:42,  6.25s/epoch, best=1.710e+01, sign=0.159, train=1.708e+01, val=1.707e+01]
GNN flow training:  26%|██▌       | 26/100 [02:48<07:42,  6.25s/epoch, best=1.707e+01, sign=0.157, train=1.705e+01, val=1.707e+01]
GNN flow training:  27%|██▋       | 27/100 [02:48<07:37,  6.26s/epoch, best=1.707e+01, sign=0.157, train=1.705e+01, val=1.707e+01]
GNN flow training:  27%|██▋       | 27/100 [02:54<07:37,  6.26s/epoch, best=1.707e+01, sign=0.158, train=1.705e+01, val=1.702e+01]
GNN flow training:  28%|██▊       | 28/100 [02:54<07:29,  6.24s/epoch, best=1.707e+01, sign=0.158, train=1.705e+01, val=1.702e+01]
GNN flow training:  28%|██▊       | 28/100 [03:00<07:29,  6.24s/epoch, best=1.702e+01, sign=0.159, train=1.699e+01, val=1.698e+01]
GNN flow training:  29%|██▉       | 29/100 [03:00<07:22,  6.23s/epoch, best=1.702e+01, sign=0.159, train=1.699e+01, val=1.698e+01]
GNN flow training:  29%|██▉       | 29/100 [03:07<07:22,  6.23s/epoch, best=1.698e+01, sign=0.158, train=1.695e+01, val=1.694e+01]
GNN flow training:  30%|███       | 30/100 [03:07<07:15,  6.22s/epoch, best=1.698e+01, sign=0.158, train=1.695e+01, val=1.694e+01]
GNN flow training:  30%|███       | 30/100 [03:13<07:15,  6.22s/epoch, best=1.694e+01, sign=0.158, train=1.692e+01, val=1.695e+01]
GNN flow training:  31%|███       | 31/100 [03:13<07:08,  6.21s/epoch, best=1.694e+01, sign=0.158, train=1.692e+01, val=1.695e+01]
GNN flow training:  31%|███       | 31/100 [03:19<07:08,  6.21s/epoch, best=1.694e+01, sign=0.158, train=1.693e+01, val=1.689e+01]
GNN flow training:  32%|███▏      | 32/100 [03:19<07:01,  6.21s/epoch, best=1.694e+01, sign=0.158, train=1.693e+01, val=1.689e+01]
GNN flow training:  32%|███▏      | 32/100 [03:25<07:01,  6.21s/epoch, best=1.689e+01, sign=0.157, train=1.686e+01, val=1.685e+01]
GNN flow training:  33%|███▎      | 33/100 [03:25<06:56,  6.21s/epoch, best=1.689e+01, sign=0.157, train=1.686e+01, val=1.685e+01]
GNN flow training:  33%|███▎      | 33/100 [03:31<06:56,  6.21s/epoch, best=1.685e+01, sign=0.157, train=1.682e+01, val=1.682e+01]
GNN flow training:  34%|███▍      | 34/100 [03:31<06:49,  6.20s/epoch, best=1.685e+01, sign=0.157, train=1.682e+01, val=1.682e+01]
GNN flow training:  34%|███▍      | 34/100 [03:38<06:49,  6.20s/epoch, best=1.682e+01, sign=0.157, train=1.679e+01, val=1.685e+01]
GNN flow training:  35%|███▌      | 35/100 [03:38<06:43,  6.21s/epoch, best=1.682e+01, sign=0.157, train=1.679e+01, val=1.685e+01]
GNN flow training:  35%|███▌      | 35/100 [03:44<06:43,  6.21s/epoch, best=1.682e+01, sign=0.156, train=1.682e+01, val=1.684e+01]
GNN flow training:  36%|███▌      | 36/100 [03:44<06:37,  6.20s/epoch, best=1.682e+01, sign=0.156, train=1.682e+01, val=1.684e+01]
GNN flow training:  36%|███▌      | 36/100 [03:50<06:37,  6.20s/epoch, best=1.682e+01, sign=0.158, train=1.681e+01, val=1.684e+01]
GNN flow training:  37%|███▋      | 37/100 [03:50<06:31,  6.22s/epoch, best=1.682e+01, sign=0.158, train=1.681e+01, val=1.684e+01]
GNN flow training:  37%|███▋      | 37/100 [03:56<06:31,  6.22s/epoch, best=1.682e+01, sign=0.159, train=1.681e+01, val=1.676e+01]
GNN flow training:  38%|███▊      | 38/100 [03:56<06:24,  6.20s/epoch, best=1.682e+01, sign=0.159, train=1.681e+01, val=1.676e+01]
GNN flow training:  38%|███▊      | 38/100 [04:02<06:24,  6.20s/epoch, best=1.676e+01, sign=0.159, train=1.673e+01, val=1.672e+01]
GNN flow training:  39%|███▉      | 39/100 [04:02<06:18,  6.20s/epoch, best=1.676e+01, sign=0.159, train=1.673e+01, val=1.672e+01]
GNN flow training:  39%|███▉      | 39/100 [04:09<06:18,  6.20s/epoch, best=1.672e+01, sign=0.158, train=1.669e+01, val=1.670e+01]
GNN flow training:  40%|████      | 40/100 [04:09<06:12,  6.20s/epoch, best=1.672e+01, sign=0.158, train=1.669e+01, val=1.670e+01]
GNN flow training:  40%|████      | 40/100 [04:15<06:12,  6.20s/epoch, best=1.670e+01, sign=0.157, train=1.667e+01, val=1.670e+01]
GNN flow training:  41%|████      | 41/100 [04:15<06:06,  6.21s/epoch, best=1.670e+01, sign=0.157, train=1.667e+01, val=1.670e+01]
GNN flow training:  41%|████      | 41/100 [04:21<06:06,  6.21s/epoch, best=1.670e+01, sign=0.157, train=1.667e+01, val=1.671e+01]
GNN flow training:  42%|████▏     | 42/100 [04:21<06:00,  6.22s/epoch, best=1.670e+01, sign=0.157, train=1.667e+01, val=1.671e+01]
GNN flow training:  42%|████▏     | 42/100 [04:27<06:00,  6.22s/epoch, best=1.670e+01, sign=0.157, train=1.668e+01, val=1.670e+01]
GNN flow training:  43%|████▎     | 43/100 [04:27<05:54,  6.21s/epoch, best=1.670e+01, sign=0.157, train=1.668e+01, val=1.670e+01]
GNN flow training:  43%|████▎     | 43/100 [04:33<05:54,  6.21s/epoch, best=1.670e+01, sign=0.158, train=1.667e+01, val=1.666e+01]
GNN flow training:  44%|████▍     | 44/100 [04:33<05:48,  6.23s/epoch, best=1.670e+01, sign=0.158, train=1.667e+01, val=1.666e+01]
GNN flow training:  44%|████▍     | 44/100 [04:40<05:48,  6.23s/epoch, best=1.666e+01, sign=0.158, train=1.663e+01, val=1.665e+01]
GNN flow training:  45%|████▌     | 45/100 [04:40<05:41,  6.21s/epoch, best=1.666e+01, sign=0.158, train=1.663e+01, val=1.665e+01]
GNN flow training:  45%|████▌     | 45/100 [04:46<05:41,  6.21s/epoch, best=1.665e+01, sign=0.159, train=1.662e+01, val=1.666e+01]
GNN flow training:  46%|████▌     | 46/100 [04:46<05:35,  6.21s/epoch, best=1.665e+01, sign=0.159, train=1.662e+01, val=1.666e+01]
GNN flow training:  46%|████▌     | 46/100 [04:52<05:35,  6.21s/epoch, best=1.665e+01, sign=0.159, train=1.663e+01, val=1.660e+01]
GNN flow training:  47%|████▋     | 47/100 [04:52<05:29,  6.21s/epoch, best=1.665e+01, sign=0.159, train=1.663e+01, val=1.660e+01]
GNN flow training:  47%|████▋     | 47/100 [04:58<05:29,  6.21s/epoch, best=1.660e+01, sign=0.160, train=1.657e+01, val=1.654e+01]
GNN flow training:  48%|████▊     | 48/100 [04:58<05:22,  6.21s/epoch, best=1.660e+01, sign=0.160, train=1.657e+01, val=1.654e+01]
GNN flow training:  48%|████▊     | 48/100 [05:05<05:22,  6.21s/epoch, best=1.654e+01, sign=0.160, train=1.651e+01, val=1.650e+01]
GNN flow training:  49%|████▉     | 49/100 [05:05<05:16,  6.21s/epoch, best=1.654e+01, sign=0.160, train=1.651e+01, val=1.650e+01]
GNN flow training:  49%|████▉     | 49/100 [05:11<05:16,  6.21s/epoch, best=1.650e+01, sign=0.160, train=1.647e+01, val=1.650e+01]
GNN flow training:  50%|█████     | 50/100 [05:11<05:10,  6.21s/epoch, best=1.650e+01, sign=0.160, train=1.647e+01, val=1.650e+01]
GNN flow training:  50%|█████     | 50/100 [05:17<05:10,  6.21s/epoch, best=1.650e+01, sign=0.161, train=1.647e+01, val=1.653e+01]
GNN flow training:  51%|█████     | 51/100 [05:17<05:03,  6.20s/epoch, best=1.650e+01, sign=0.161, train=1.647e+01, val=1.653e+01]
GNN flow training:  51%|█████     | 51/100 [05:23<05:03,  6.20s/epoch, best=1.650e+01, sign=0.160, train=1.650e+01, val=1.652e+01]
GNN flow training:  52%|█████▏    | 52/100 [05:23<04:57,  6.19s/epoch, best=1.650e+01, sign=0.160, train=1.650e+01, val=1.652e+01]
GNN flow training:  52%|█████▏    | 52/100 [05:29<04:57,  6.19s/epoch, best=1.650e+01, sign=0.161, train=1.649e+01, val=1.646e+01]
GNN flow training:  53%|█████▎    | 53/100 [05:29<04:51,  6.19s/epoch, best=1.650e+01, sign=0.161, train=1.649e+01, val=1.646e+01]
GNN flow training:  53%|█████▎    | 53/100 [05:35<04:51,  6.19s/epoch, best=1.646e+01, sign=0.159, train=1.642e+01, val=1.652e+01]
GNN flow training:  54%|█████▍    | 54/100 [05:35<04:45,  6.20s/epoch, best=1.646e+01, sign=0.159, train=1.642e+01, val=1.652e+01]
GNN flow training:  54%|█████▍    | 54/100 [05:42<04:45,  6.20s/epoch, best=1.646e+01, sign=0.159, train=1.648e+01, val=1.647e+01]
GNN flow training:  55%|█████▌    | 55/100 [05:42<04:39,  6.21s/epoch, best=1.646e+01, sign=0.159, train=1.648e+01, val=1.647e+01]
GNN flow training:  55%|█████▌    | 55/100 [05:48<04:39,  6.21s/epoch, best=1.646e+01, sign=0.159, train=1.643e+01, val=1.650e+01]
GNN flow training:  56%|█████▌    | 56/100 [05:48<04:33,  6.23s/epoch, best=1.646e+01, sign=0.159, train=1.643e+01, val=1.650e+01]
GNN flow training:  56%|█████▌    | 56/100 [05:54<04:33,  6.23s/epoch, best=1.646e+01, sign=0.159, train=1.646e+01, val=1.646e+01]
GNN flow training:  57%|█████▋    | 57/100 [05:54<04:28,  6.24s/epoch, best=1.646e+01, sign=0.159, train=1.646e+01, val=1.646e+01]
GNN flow training:  57%|█████▋    | 57/100 [06:00<04:28,  6.24s/epoch, best=1.646e+01, sign=0.158, train=1.642e+01, val=1.644e+01]
GNN flow training:  58%|█████▊    | 58/100 [06:00<04:21,  6.23s/epoch, best=1.646e+01, sign=0.158, train=1.642e+01, val=1.644e+01]
GNN flow training:  58%|█████▊    | 58/100 [06:07<04:21,  6.23s/epoch, best=1.644e+01, sign=0.158, train=1.640e+01, val=1.655e+01]
GNN flow training:  59%|█████▉    | 59/100 [06:07<04:15,  6.23s/epoch, best=1.644e+01, sign=0.158, train=1.640e+01, val=1.655e+01]
GNN flow training:  59%|█████▉    | 59/100 [06:13<04:15,  6.23s/epoch, best=1.644e+01, sign=0.158, train=1.652e+01, val=1.653e+01]
GNN flow training:  60%|██████    | 60/100 [06:13<04:09,  6.23s/epoch, best=1.644e+01, sign=0.158, train=1.652e+01, val=1.653e+01]
GNN flow training:  60%|██████    | 60/100 [06:19<04:09,  6.23s/epoch, best=1.644e+01, sign=0.159, train=1.649e+01, val=1.649e+01]
GNN flow training:  61%|██████    | 61/100 [06:19<04:02,  6.22s/epoch, best=1.644e+01, sign=0.159, train=1.649e+01, val=1.649e+01]
GNN flow training:  61%|██████    | 61/100 [06:25<04:02,  6.22s/epoch, best=1.644e+01, sign=0.159, train=1.645e+01, val=1.647e+01]
GNN flow training:  62%|██████▏   | 62/100 [06:25<03:55,  6.20s/epoch, best=1.644e+01, sign=0.159, train=1.645e+01, val=1.647e+01]
GNN flow training:  62%|██████▏   | 62/100 [06:31<03:55,  6.20s/epoch, best=1.644e+01, sign=0.160, train=1.644e+01, val=1.643e+01]
GNN flow training:  63%|██████▎   | 63/100 [06:31<03:49,  6.21s/epoch, best=1.644e+01, sign=0.160, train=1.644e+01, val=1.643e+01]
GNN flow training:  63%|██████▎   | 63/100 [06:38<03:49,  6.21s/epoch, best=1.643e+01, sign=0.160, train=1.639e+01, val=1.641e+01]
GNN flow training:  64%|██████▍   | 64/100 [06:38<03:43,  6.22s/epoch, best=1.643e+01, sign=0.160, train=1.639e+01, val=1.641e+01]
GNN flow training:  64%|██████▍   | 64/100 [06:44<03:43,  6.22s/epoch, best=1.641e+01, sign=0.161, train=1.638e+01, val=1.635e+01]
GNN flow training:  65%|██████▌   | 65/100 [06:44<03:38,  6.23s/epoch, best=1.641e+01, sign=0.161, train=1.638e+01, val=1.635e+01]
GNN flow training:  65%|██████▌   | 65/100 [06:50<03:38,  6.23s/epoch, best=1.635e+01, sign=0.161, train=1.632e+01, val=1.641e+01]
GNN flow training:  66%|██████▌   | 66/100 [06:50<03:32,  6.24s/epoch, best=1.635e+01, sign=0.161, train=1.632e+01, val=1.641e+01]
GNN flow training:  66%|██████▌   | 66/100 [06:56<03:32,  6.24s/epoch, best=1.635e+01, sign=0.162, train=1.638e+01, val=1.645e+01]
GNN flow training:  67%|██████▋   | 67/100 [06:56<03:25,  6.23s/epoch, best=1.635e+01, sign=0.162, train=1.638e+01, val=1.645e+01]
GNN flow training:  67%|██████▋   | 67/100 [07:03<03:25,  6.23s/epoch, best=1.635e+01, sign=0.162, train=1.642e+01, val=1.641e+01]
GNN flow training:  68%|██████▊   | 68/100 [07:03<03:19,  6.22s/epoch, best=1.635e+01, sign=0.162, train=1.642e+01, val=1.641e+01]
GNN flow training:  68%|██████▊   | 68/100 [07:09<03:19,  6.22s/epoch, best=1.635e+01, sign=0.162, train=1.638e+01, val=1.644e+01]
GNN flow training:  69%|██████▉   | 69/100 [07:09<03:12,  6.22s/epoch, best=1.635e+01, sign=0.162, train=1.638e+01, val=1.644e+01]
GNN flow training:  69%|██████▉   | 69/100 [07:15<03:12,  6.22s/epoch, best=1.635e+01, sign=0.162, train=1.641e+01, val=1.641e+01]
GNN flow training:  70%|███████   | 70/100 [07:15<03:06,  6.22s/epoch, best=1.635e+01, sign=0.162, train=1.641e+01, val=1.641e+01]
GNN flow training:  70%|███████   | 70/100 [07:21<03:06,  6.22s/epoch, best=1.635e+01, sign=0.161, train=1.638e+01, val=1.640e+01]
GNN flow training:  71%|███████   | 71/100 [07:21<02:59,  6.20s/epoch, best=1.635e+01, sign=0.161, train=1.638e+01, val=1.640e+01]
GNN flow training:  71%|███████   | 71/100 [07:27<02:59,  6.20s/epoch, best=1.635e+01, sign=0.161, train=1.637e+01, val=1.628e+01]
GNN flow training:  72%|███████▏  | 72/100 [07:27<02:53,  6.19s/epoch, best=1.635e+01, sign=0.161, train=1.637e+01, val=1.628e+01]
GNN flow training:  72%|███████▏  | 72/100 [07:34<02:53,  6.19s/epoch, best=1.628e+01, sign=0.161, train=1.624e+01, val=1.618e+01]
GNN flow training:  73%|███████▎  | 73/100 [07:34<02:46,  6.18s/epoch, best=1.628e+01, sign=0.161, train=1.624e+01, val=1.618e+01]
GNN flow training:  73%|███████▎  | 73/100 [07:40<02:46,  6.18s/epoch, best=1.618e+01, sign=0.162, train=1.614e+01, val=1.607e+01]
GNN flow training:  74%|███████▍  | 74/100 [07:40<02:40,  6.19s/epoch, best=1.618e+01, sign=0.162, train=1.614e+01, val=1.607e+01]
GNN flow training:  74%|███████▍  | 74/100 [07:46<02:40,  6.19s/epoch, best=1.607e+01, sign=0.161, train=1.603e+01, val=1.601e+01]
GNN flow training:  75%|███████▌  | 75/100 [07:46<02:35,  6.21s/epoch, best=1.607e+01, sign=0.161, train=1.603e+01, val=1.601e+01]
GNN flow training:  75%|███████▌  | 75/100 [07:52<02:35,  6.21s/epoch, best=1.601e+01, sign=0.160, train=1.596e+01, val=1.604e+01]
GNN flow training:  76%|███████▌  | 76/100 [07:52<02:29,  6.21s/epoch, best=1.601e+01, sign=0.160, train=1.596e+01, val=1.604e+01]
GNN flow training:  76%|███████▌  | 76/100 [07:58<02:29,  6.21s/epoch, best=1.601e+01, sign=0.160, train=1.599e+01, val=1.605e+01]
GNN flow training:  77%|███████▋  | 77/100 [07:58<02:22,  6.20s/epoch, best=1.601e+01, sign=0.160, train=1.599e+01, val=1.605e+01]
GNN flow training:  77%|███████▋  | 77/100 [08:05<02:22,  6.20s/epoch, best=1.601e+01, sign=0.160, train=1.601e+01, val=1.607e+01]
GNN flow training:  78%|███████▊  | 78/100 [08:05<02:16,  6.22s/epoch, best=1.601e+01, sign=0.160, train=1.601e+01, val=1.607e+01]
GNN flow training:  78%|███████▊  | 78/100 [08:11<02:16,  6.22s/epoch, best=1.601e+01, sign=0.160, train=1.603e+01, val=1.608e+01]
GNN flow training:  79%|███████▉  | 79/100 [08:11<02:10,  6.22s/epoch, best=1.601e+01, sign=0.160, train=1.603e+01, val=1.608e+01]
GNN flow training:  79%|███████▉  | 79/100 [08:17<02:10,  6.22s/epoch, best=1.601e+01, sign=0.159, train=1.604e+01, val=1.607e+01]
GNN flow training:  80%|████████  | 80/100 [08:17<02:04,  6.20s/epoch, best=1.601e+01, sign=0.159, train=1.604e+01, val=1.607e+01]
GNN flow training:  80%|████████  | 80/100 [08:23<02:04,  6.20s/epoch, best=1.601e+01, sign=0.159, train=1.603e+01, val=1.604e+01]
GNN flow training:  81%|████████  | 81/100 [08:23<01:58,  6.21s/epoch, best=1.601e+01, sign=0.159, train=1.603e+01, val=1.604e+01]
GNN flow training:  81%|████████  | 81/100 [08:30<01:58,  6.21s/epoch, best=1.601e+01, sign=0.159, train=1.600e+01, val=1.606e+01]
GNN flow training:  82%|████████▏ | 82/100 [08:30<01:51,  6.22s/epoch, best=1.601e+01, sign=0.159, train=1.600e+01, val=1.606e+01]
GNN flow training:  82%|████████▏ | 82/100 [08:36<01:51,  6.22s/epoch, best=1.601e+01, sign=0.159, train=1.602e+01, val=1.602e+01]
GNN flow training:  83%|████████▎ | 83/100 [08:36<01:45,  6.22s/epoch, best=1.601e+01, sign=0.159, train=1.602e+01, val=1.602e+01]
GNN flow training:  83%|████████▎ | 83/100 [08:42<01:45,  6.22s/epoch, best=1.601e+01, sign=0.160, train=1.598e+01, val=1.602e+01]
GNN flow training:  84%|████████▍ | 84/100 [08:42<01:39,  6.20s/epoch, best=1.601e+01, sign=0.160, train=1.598e+01, val=1.602e+01]
GNN flow training:  84%|████████▍ | 84/100 [08:48<01:39,  6.20s/epoch, best=1.601e+01, sign=0.159, train=1.597e+01, val=1.597e+01]
GNN flow training:  85%|████████▌ | 85/100 [08:48<01:33,  6.22s/epoch, best=1.601e+01, sign=0.159, train=1.597e+01, val=1.597e+01]
GNN flow training:  85%|████████▌ | 85/100 [08:54<01:33,  6.22s/epoch, best=1.597e+01, sign=0.159, train=1.593e+01, val=1.597e+01]
GNN flow training:  86%|████████▌ | 86/100 [08:54<01:26,  6.21s/epoch, best=1.597e+01, sign=0.159, train=1.593e+01, val=1.597e+01]
GNN flow training:  86%|████████▌ | 86/100 [09:01<01:26,  6.21s/epoch, best=1.597e+01, sign=0.160, train=1.592e+01, val=1.589e+01]
GNN flow training:  87%|████████▋ | 87/100 [09:01<01:20,  6.21s/epoch, best=1.597e+01, sign=0.160, train=1.592e+01, val=1.589e+01]
GNN flow training:  87%|████████▋ | 87/100 [09:07<01:20,  6.21s/epoch, best=1.589e+01, sign=0.162, train=1.584e+01, val=1.573e+01]
GNN flow training:  88%|████████▊ | 88/100 [09:07<01:14,  6.21s/epoch, best=1.589e+01, sign=0.162, train=1.584e+01, val=1.573e+01]
GNN flow training:  88%|████████▊ | 88/100 [09:13<01:14,  6.21s/epoch, best=1.573e+01, sign=0.162, train=1.568e+01, val=1.593e+01]
GNN flow training:  89%|████████▉ | 89/100 [09:13<01:08,  6.20s/epoch, best=1.573e+01, sign=0.162, train=1.568e+01, val=1.593e+01]
GNN flow training:  89%|████████▉ | 89/100 [09:19<01:08,  6.20s/epoch, best=1.573e+01, sign=0.162, train=1.588e+01, val=1.613e+01]
GNN flow training:  90%|█████████ | 90/100 [09:19<01:02,  6.20s/epoch, best=1.573e+01, sign=0.162, train=1.588e+01, val=1.613e+01]
GNN flow training:  90%|█████████ | 90/100 [09:25<01:02,  6.20s/epoch, best=1.573e+01, sign=0.162, train=1.609e+01, val=1.626e+01]
GNN flow training:  91%|█████████ | 91/100 [09:25<00:55,  6.21s/epoch, best=1.573e+01, sign=0.162, train=1.609e+01, val=1.626e+01]
GNN flow training:  91%|█████████ | 91/100 [09:32<00:55,  6.21s/epoch, best=1.573e+01, sign=0.163, train=1.621e+01, val=1.612e+01]
GNN flow training:  92%|█████████▏| 92/100 [09:32<00:49,  6.22s/epoch, best=1.573e+01, sign=0.163, train=1.621e+01, val=1.612e+01]
GNN flow training:  92%|█████████▏| 92/100 [09:38<00:49,  6.22s/epoch, best=1.573e+01, sign=0.165, train=1.607e+01, val=1.581e+01]
GNN flow training:  93%|█████████▎| 93/100 [09:38<00:43,  6.23s/epoch, best=1.573e+01, sign=0.165, train=1.607e+01, val=1.581e+01]
GNN flow training:  93%|█████████▎| 93/100 [09:44<00:43,  6.23s/epoch, best=1.573e+01, sign=0.165, train=1.575e+01, val=1.574e+01]
GNN flow training:  94%|█████████▍| 94/100 [09:44<00:37,  6.22s/epoch, best=1.573e+01, sign=0.165, train=1.575e+01, val=1.574e+01]
GNN flow training:  94%|█████████▍| 94/100 [09:50<00:37,  6.22s/epoch, best=1.573e+01, sign=0.166, train=1.569e+01, val=1.568e+01]
GNN flow training:  95%|█████████▌| 95/100 [09:50<00:31,  6.22s/epoch, best=1.573e+01, sign=0.166, train=1.569e+01, val=1.568e+01]
GNN flow training:  95%|█████████▌| 95/100 [09:57<00:31,  6.22s/epoch, best=1.568e+01, sign=0.166, train=1.563e+01, val=1.569e+01]
GNN flow training:  96%|█████████▌| 96/100 [09:57<00:24,  6.21s/epoch, best=1.568e+01, sign=0.166, train=1.563e+01, val=1.569e+01]
GNN flow training:  96%|█████████▌| 96/100 [10:03<00:24,  6.21s/epoch, best=1.568e+01, sign=0.167, train=1.564e+01, val=1.560e+01]
GNN flow training:  97%|█████████▋| 97/100 [10:03<00:18,  6.21s/epoch, best=1.568e+01, sign=0.167, train=1.564e+01, val=1.560e+01]
GNN flow training:  97%|█████████▋| 97/100 [10:09<00:18,  6.21s/epoch, best=1.560e+01, sign=0.165, train=1.555e+01, val=1.565e+01]
GNN flow training:  98%|█████████▊| 98/100 [10:09<00:12,  6.21s/epoch, best=1.560e+01, sign=0.165, train=1.555e+01, val=1.565e+01]
GNN flow training:  98%|█████████▊| 98/100 [10:15<00:12,  6.21s/epoch, best=1.560e+01, sign=0.166, train=1.560e+01, val=1.565e+01]
GNN flow training:  99%|█████████▉| 99/100 [10:15<00:06,  6.21s/epoch, best=1.560e+01, sign=0.166, train=1.560e+01, val=1.565e+01]
GNN flow training:  99%|█████████▉| 99/100 [10:21<00:06,  6.21s/epoch, best=1.560e+01, sign=0.166, train=1.560e+01, val=1.561e+01]
GNN flow training: 100%|██████████| 100/100 [10:21<00:00,  6.23s/epoch, best=1.560e+01, sign=0.166, train=1.560e+01, val=1.561e+01]
GNN flow training: 100%|██████████| 100/100 [10:21<00:00,  6.22s/epoch, best=1.560e+01, sign=0.166, train=1.560e+01, val=1.561e+01]
Resolved config snapshot:
{'preset': 'solver_QKB_outer_QKBdelta', 'gnn_outer_losses': {'flow': 10.0, 'kirchhoff': 10.0, 'boundary': 100.0, 'delta_l2': 100.0, 'delta_smooth': 0.0, 'pressure_shape': 0.0}, 'physics': {'arterial_flow_mode': 'dataset', 'pressure_constraints': ['equal-a-equal-v'], 'alpha_pa': None, 'use_snr_weights': True, 'use_observed_flow_snr_weighting': True, 'flow_scale_mode': 'median_abs', 'solver_device': 'same', 'pressure_solver_mode': 'reduced-soft-constrained-lstsq', 'pressure_solver_lambda_kirchhoff': 1.0, 'pressure_solver_lambda_pressure_constraints': 100.0, 'pressure_solver_lambda_flow_residual': 1.0, 'pressure_shape_reference': 'delta_zero_reference', 'pressure_detach': False}, 'correction_bounds': {'correction_min': -0.5, 'correction_max': 0.5, 'correction_bound': 0.5, 'correction_parameterization': 'tanh'}, 'optimization': {'learning_rate': 0.001, 'weight_decay': 0.0001, 'gradient_clip_norm': 5.0, 'optimizer': 'adamw', 'epochs': 100, 'patience': 40}}
Shard 44/80: 1 of 80 runs
Command: /mnt/home/sswee/miniforge3/envs/yolk-sac/bin/python /mnt/home/sswee/yolk/Yolk-Sac-Flow-Data-and-Sim/gnn_clean/scripts/python/gnn_flow.py /mnt/home/sswee/yolk/Yolk-Sac-Flow-Data-and-Sim/gnn_clean/datasets/mosaic_graph_norm_canonical.gpickle --output-dir /mnt/home/sswee/yolk/Yolk-Sac-Flow-Data-and-Sim/gnn_clean/outputs_canonical_norm/dc/02_physics_weight_sweep/gnn --run-name q_10__k_10__delta_100 --preset solver_QKB_outer_QKBdelta --device cuda --epochs 100 --seed 0 --viscosity-pa-s 0.0035 --config /mnt/home/sswee/yolk/Yolk-Sac-Flow-Data-and-Sim/gnn_clean/outputs_canonical_norm/dc/02_physics_weight_sweep/_generated_configs/q_10__k_10__delta_100.yaml --no-pressure-detach
