[info] DC Step 2 canonical sweep uses fixed lambda_B=100.0 for both the outer boundary loss and the reduced pressure-solver boundary constraint.

GNN flow training:   0%|          | 0/100 [00:00<?, ?epoch/s]
GNN flow training:   0%|          | 0/100 [00:06<?, ?epoch/s, best=1.193e+01, sign=0.161, train=1.175e+01, val=1.193e+01]
GNN flow training:   1%|          | 1/100 [00:06<10:20,  6.27s/epoch, best=1.193e+01, sign=0.161, train=1.175e+01, val=1.193e+01]
GNN flow training:   1%|          | 1/100 [00:12<10:20,  6.27s/epoch, best=1.193e+01, sign=0.160, train=1.175e+01, val=1.188e+01]
GNN flow training:   2%|▏         | 2/100 [00:12<10:07,  6.20s/epoch, best=1.193e+01, sign=0.160, train=1.175e+01, val=1.188e+01]
GNN flow training:   2%|▏         | 2/100 [00:18<10:07,  6.20s/epoch, best=1.188e+01, sign=0.159, train=1.171e+01, val=1.188e+01]
GNN flow training:   3%|▎         | 3/100 [00:18<09:57,  6.16s/epoch, best=1.188e+01, sign=0.159, train=1.171e+01, val=1.188e+01]
GNN flow training:   3%|▎         | 3/100 [00:24<09:57,  6.16s/epoch, best=1.188e+01, sign=0.160, train=1.170e+01, val=1.187e+01]
GNN flow training:   4%|▍         | 4/100 [00:24<09:47,  6.12s/epoch, best=1.188e+01, sign=0.160, train=1.170e+01, val=1.187e+01]
GNN flow training:   4%|▍         | 4/100 [00:30<09:47,  6.12s/epoch, best=1.187e+01, sign=0.159, train=1.169e+01, val=1.186e+01]
GNN flow training:   5%|▌         | 5/100 [00:30<09:39,  6.10s/epoch, best=1.187e+01, sign=0.159, train=1.169e+01, val=1.186e+01]
GNN flow training:   5%|▌         | 5/100 [00:36<09:39,  6.10s/epoch, best=1.186e+01, sign=0.160, train=1.168e+01, val=1.183e+01]
GNN flow training:   6%|▌         | 6/100 [00:36<09:31,  6.08s/epoch, best=1.186e+01, sign=0.160, train=1.168e+01, val=1.183e+01]
GNN flow training:   6%|▌         | 6/100 [00:42<09:31,  6.08s/epoch, best=1.183e+01, sign=0.161, train=1.165e+01, val=1.181e+01]
GNN flow training:   7%|▋         | 7/100 [00:42<09:24,  6.07s/epoch, best=1.183e+01, sign=0.161, train=1.165e+01, val=1.181e+01]
GNN flow training:   7%|▋         | 7/100 [00:48<09:24,  6.07s/epoch, best=1.181e+01, sign=0.160, train=1.163e+01, val=1.182e+01]
GNN flow training:   8%|▊         | 8/100 [00:48<09:17,  6.06s/epoch, best=1.181e+01, sign=0.160, train=1.163e+01, val=1.182e+01]
GNN flow training:   8%|▊         | 8/100 [00:54<09:17,  6.06s/epoch, best=1.181e+01, sign=0.161, train=1.164e+01, val=1.178e+01]
GNN flow training:   9%|▉         | 9/100 [00:54<09:12,  6.07s/epoch, best=1.181e+01, sign=0.161, train=1.164e+01, val=1.178e+01]
GNN flow training:   9%|▉         | 9/100 [01:00<09:12,  6.07s/epoch, best=1.178e+01, sign=0.161, train=1.161e+01, val=1.180e+01]
GNN flow training:  10%|█         | 10/100 [01:00<09:04,  6.05s/epoch, best=1.178e+01, sign=0.161, train=1.161e+01, val=1.180e+01]
GNN flow training:  10%|█         | 10/100 [01:07<09:04,  6.05s/epoch, best=1.178e+01, sign=0.161, train=1.163e+01, val=1.178e+01]
GNN flow training:  11%|█         | 11/100 [01:07<09:01,  6.08s/epoch, best=1.178e+01, sign=0.161, train=1.163e+01, val=1.178e+01]
GNN flow training:  11%|█         | 11/100 [01:13<09:01,  6.08s/epoch, best=1.178e+01, sign=0.161, train=1.161e+01, val=1.176e+01]
GNN flow training:  12%|█▏        | 12/100 [01:13<08:54,  6.08s/epoch, best=1.178e+01, sign=0.161, train=1.161e+01, val=1.176e+01]
GNN flow training:  12%|█▏        | 12/100 [01:19<08:54,  6.08s/epoch, best=1.176e+01, sign=0.161, train=1.160e+01, val=1.173e+01]
GNN flow training:  13%|█▎        | 13/100 [01:19<08:48,  6.08s/epoch, best=1.176e+01, sign=0.161, train=1.160e+01, val=1.173e+01]
GNN flow training:  13%|█▎        | 13/100 [01:25<08:48,  6.08s/epoch, best=1.173e+01, sign=0.161, train=1.157e+01, val=1.170e+01]
GNN flow training:  14%|█▍        | 14/100 [01:25<08:41,  6.06s/epoch, best=1.173e+01, sign=0.161, train=1.157e+01, val=1.170e+01]
GNN flow training:  14%|█▍        | 14/100 [01:31<08:41,  6.06s/epoch, best=1.170e+01, sign=0.161, train=1.154e+01, val=1.170e+01]
GNN flow training:  15%|█▌        | 15/100 [01:31<08:34,  6.05s/epoch, best=1.170e+01, sign=0.161, train=1.154e+01, val=1.170e+01]
GNN flow training:  15%|█▌        | 15/100 [01:37<08:34,  6.05s/epoch, best=1.170e+01, sign=0.160, train=1.153e+01, val=1.166e+01]
GNN flow training:  16%|█▌        | 16/100 [01:37<08:27,  6.04s/epoch, best=1.170e+01, sign=0.160, train=1.153e+01, val=1.166e+01]
GNN flow training:  16%|█▌        | 16/100 [01:43<08:27,  6.04s/epoch, best=1.166e+01, sign=0.160, train=1.150e+01, val=1.162e+01]
GNN flow training:  17%|█▋        | 17/100 [01:43<08:21,  6.05s/epoch, best=1.166e+01, sign=0.160, train=1.150e+01, val=1.162e+01]
GNN flow training:  17%|█▋        | 17/100 [01:49<08:21,  6.05s/epoch, best=1.162e+01, sign=0.161, train=1.146e+01, val=1.160e+01]
GNN flow training:  18%|█▊        | 18/100 [01:49<08:15,  6.05s/epoch, best=1.162e+01, sign=0.161, train=1.146e+01, val=1.160e+01]
GNN flow training:  18%|█▊        | 18/100 [01:55<08:15,  6.05s/epoch, best=1.160e+01, sign=0.160, train=1.144e+01, val=1.158e+01]
GNN flow training:  19%|█▉        | 19/100 [01:55<08:11,  6.07s/epoch, best=1.160e+01, sign=0.160, train=1.144e+01, val=1.158e+01]
GNN flow training:  19%|█▉        | 19/100 [02:01<08:11,  6.07s/epoch, best=1.158e+01, sign=0.160, train=1.142e+01, val=1.151e+01]
GNN flow training:  20%|██        | 20/100 [02:01<08:06,  6.08s/epoch, best=1.158e+01, sign=0.160, train=1.142e+01, val=1.151e+01]
GNN flow training:  20%|██        | 20/100 [02:07<08:06,  6.08s/epoch, best=1.151e+01, sign=0.160, train=1.136e+01, val=1.146e+01]
GNN flow training:  21%|██        | 21/100 [02:07<08:01,  6.09s/epoch, best=1.151e+01, sign=0.160, train=1.136e+01, val=1.146e+01]
GNN flow training:  21%|██        | 21/100 [02:13<08:01,  6.09s/epoch, best=1.146e+01, sign=0.159, train=1.132e+01, val=1.138e+01]
GNN flow training:  22%|██▏       | 22/100 [02:13<07:53,  6.08s/epoch, best=1.146e+01, sign=0.159, train=1.132e+01, val=1.138e+01]
GNN flow training:  22%|██▏       | 22/100 [02:19<07:53,  6.08s/epoch, best=1.138e+01, sign=0.161, train=1.126e+01, val=1.129e+01]
GNN flow training:  23%|██▎       | 23/100 [02:19<07:46,  6.05s/epoch, best=1.138e+01, sign=0.161, train=1.126e+01, val=1.129e+01]
GNN flow training:  23%|██▎       | 23/100 [02:25<07:46,  6.05s/epoch, best=1.129e+01, sign=0.160, train=1.118e+01, val=1.119e+01]
GNN flow training:  24%|██▍       | 24/100 [02:25<07:39,  6.05s/epoch, best=1.129e+01, sign=0.160, train=1.118e+01, val=1.119e+01]
GNN flow training:  24%|██▍       | 24/100 [02:31<07:39,  6.05s/epoch, best=1.119e+01, sign=0.160, train=1.109e+01, val=1.106e+01]
GNN flow training:  25%|██▌       | 25/100 [02:31<07:33,  6.05s/epoch, best=1.119e+01, sign=0.160, train=1.109e+01, val=1.106e+01]
GNN flow training:  25%|██▌       | 25/100 [02:37<07:33,  6.05s/epoch, best=1.106e+01, sign=0.159, train=1.098e+01, val=1.097e+01]
GNN flow training:  26%|██▌       | 26/100 [02:37<07:27,  6.04s/epoch, best=1.106e+01, sign=0.159, train=1.098e+01, val=1.097e+01]
GNN flow training:  26%|██▌       | 26/100 [02:43<07:27,  6.04s/epoch, best=1.097e+01, sign=0.158, train=1.090e+01, val=1.084e+01]
GNN flow training:  27%|██▋       | 27/100 [02:43<07:19,  6.02s/epoch, best=1.097e+01, sign=0.158, train=1.090e+01, val=1.084e+01]
GNN flow training:  27%|██▋       | 27/100 [02:49<07:19,  6.02s/epoch, best=1.084e+01, sign=0.158, train=1.078e+01, val=1.066e+01]
GNN flow training:  28%|██▊       | 28/100 [02:49<07:13,  6.03s/epoch, best=1.084e+01, sign=0.158, train=1.078e+01, val=1.066e+01]
GNN flow training:  28%|██▊       | 28/100 [02:55<07:13,  6.03s/epoch, best=1.066e+01, sign=0.157, train=1.062e+01, val=1.049e+01]
GNN flow training:  29%|██▉       | 29/100 [02:55<07:08,  6.03s/epoch, best=1.066e+01, sign=0.157, train=1.062e+01, val=1.049e+01]
GNN flow training:  29%|██▉       | 29/100 [03:01<07:08,  6.03s/epoch, best=1.049e+01, sign=0.157, train=1.046e+01, val=1.034e+01]
GNN flow training:  30%|███       | 30/100 [03:01<07:01,  6.02s/epoch, best=1.049e+01, sign=0.157, train=1.046e+01, val=1.034e+01]
GNN flow training:  30%|███       | 30/100 [03:08<07:01,  6.02s/epoch, best=1.034e+01, sign=0.156, train=1.033e+01, val=1.015e+01]
GNN flow training:  31%|███       | 31/100 [03:08<06:56,  6.04s/epoch, best=1.034e+01, sign=0.156, train=1.033e+01, val=1.015e+01]
GNN flow training:  31%|███       | 31/100 [03:14<06:56,  6.04s/epoch, best=1.015e+01, sign=0.155, train=1.015e+01, val=1.000e+01]
GNN flow training:  32%|███▏      | 32/100 [03:14<06:50,  6.03s/epoch, best=1.015e+01, sign=0.155, train=1.015e+01, val=1.000e+01]
GNN flow training:  32%|███▏      | 32/100 [03:20<06:50,  6.03s/epoch, best=1.000e+01, sign=0.153, train=1.002e+01, val=9.917e+00]
GNN flow training:  33%|███▎      | 33/100 [03:20<06:46,  6.06s/epoch, best=1.000e+01, sign=0.153, train=1.002e+01, val=9.917e+00]
GNN flow training:  33%|███▎      | 33/100 [03:26<06:46,  6.06s/epoch, best=9.917e+00, sign=0.154, train=9.944e+00, val=9.913e+00]
GNN flow training:  34%|███▍      | 34/100 [03:26<06:39,  6.05s/epoch, best=9.917e+00, sign=0.154, train=9.944e+00, val=9.913e+00]
GNN flow training:  34%|███▍      | 34/100 [03:32<06:39,  6.05s/epoch, best=9.913e+00, sign=0.153, train=9.944e+00, val=9.738e+00]
GNN flow training:  35%|███▌      | 35/100 [03:32<06:34,  6.07s/epoch, best=9.913e+00, sign=0.153, train=9.944e+00, val=9.738e+00]
GNN flow training:  35%|███▌      | 35/100 [03:38<06:34,  6.07s/epoch, best=9.738e+00, sign=0.153, train=9.788e+00, val=9.525e+00]
GNN flow training:  36%|███▌      | 36/100 [03:38<06:29,  6.08s/epoch, best=9.738e+00, sign=0.153, train=9.788e+00, val=9.525e+00]
GNN flow training:  36%|███▌      | 36/100 [03:44<06:29,  6.08s/epoch, best=9.525e+00, sign=0.152, train=9.611e+00, val=9.386e+00]
GNN flow training:  37%|███▋      | 37/100 [03:44<06:21,  6.06s/epoch, best=9.525e+00, sign=0.152, train=9.611e+00, val=9.386e+00]
GNN flow training:  37%|███▋      | 37/100 [03:50<06:21,  6.06s/epoch, best=9.386e+00, sign=0.151, train=9.497e+00, val=9.239e+00]
GNN flow training:  38%|███▊      | 38/100 [03:50<06:14,  6.04s/epoch, best=9.386e+00, sign=0.151, train=9.497e+00, val=9.239e+00]
GNN flow training:  38%|███▊      | 38/100 [03:56<06:14,  6.04s/epoch, best=9.239e+00, sign=0.151, train=9.372e+00, val=9.132e+00]
GNN flow training:  39%|███▉      | 39/100 [03:56<06:09,  6.06s/epoch, best=9.239e+00, sign=0.151, train=9.372e+00, val=9.132e+00]
GNN flow training:  39%|███▉      | 39/100 [04:02<06:09,  6.06s/epoch, best=9.132e+00, sign=0.151, train=9.277e+00, val=9.005e+00]
GNN flow training:  40%|████      | 40/100 [04:02<06:02,  6.05s/epoch, best=9.132e+00, sign=0.151, train=9.277e+00, val=9.005e+00]
GNN flow training:  40%|████      | 40/100 [04:08<06:02,  6.05s/epoch, best=9.005e+00, sign=0.149, train=9.152e+00, val=8.963e+00]
GNN flow training:  41%|████      | 41/100 [04:08<05:55,  6.03s/epoch, best=9.005e+00, sign=0.149, train=9.152e+00, val=8.963e+00]
GNN flow training:  41%|████      | 41/100 [04:14<05:55,  6.03s/epoch, best=8.963e+00, sign=0.148, train=9.063e+00, val=8.967e+00]
GNN flow training:  42%|████▏     | 42/100 [04:14<05:49,  6.02s/epoch, best=8.963e+00, sign=0.148, train=9.063e+00, val=8.967e+00]
GNN flow training:  42%|████▏     | 42/100 [04:20<05:49,  6.02s/epoch, best=8.963e+00, sign=0.145, train=9.014e+00, val=9.191e+00]
GNN flow training:  43%|████▎     | 43/100 [04:20<05:43,  6.03s/epoch, best=8.963e+00, sign=0.145, train=9.014e+00, val=9.191e+00]
GNN flow training:  43%|████▎     | 43/100 [04:26<05:43,  6.03s/epoch, best=8.963e+00, sign=0.144, train=9.109e+00, val=9.214e+00]
GNN flow training:  44%|████▍     | 44/100 [04:26<05:38,  6.04s/epoch, best=8.963e+00, sign=0.144, train=9.109e+00, val=9.214e+00]
GNN flow training:  44%|████▍     | 44/100 [04:32<05:38,  6.04s/epoch, best=8.963e+00, sign=0.143, train=9.073e+00, val=9.306e+00]
GNN flow training:  45%|████▌     | 45/100 [04:32<05:31,  6.03s/epoch, best=8.963e+00, sign=0.143, train=9.073e+00, val=9.306e+00]
GNN flow training:  45%|████▌     | 45/100 [04:38<05:31,  6.03s/epoch, best=8.963e+00, sign=0.143, train=9.076e+00, val=9.110e+00]
GNN flow training:  46%|████▌     | 46/100 [04:38<05:25,  6.03s/epoch, best=8.963e+00, sign=0.143, train=9.076e+00, val=9.110e+00]
GNN flow training:  46%|████▌     | 46/100 [04:44<05:25,  6.03s/epoch, best=8.963e+00, sign=0.141, train=8.869e+00, val=9.043e+00]
GNN flow training:  47%|████▋     | 47/100 [04:44<05:19,  6.03s/epoch, best=8.963e+00, sign=0.141, train=8.869e+00, val=9.043e+00]
GNN flow training:  47%|████▋     | 47/100 [04:50<05:19,  6.03s/epoch, best=8.963e+00, sign=0.142, train=8.796e+00, val=9.092e+00]
GNN flow training:  48%|████▊     | 48/100 [04:50<05:15,  6.07s/epoch, best=8.963e+00, sign=0.142, train=8.796e+00, val=9.092e+00]
GNN flow training:  48%|████▊     | 48/100 [04:56<05:15,  6.07s/epoch, best=8.963e+00, sign=0.140, train=8.806e+00, val=9.265e+00]
GNN flow training:  49%|████▉     | 49/100 [04:56<05:08,  6.04s/epoch, best=8.963e+00, sign=0.140, train=8.806e+00, val=9.265e+00]
GNN flow training:  49%|████▉     | 49/100 [05:02<05:08,  6.04s/epoch, best=8.963e+00, sign=0.141, train=8.804e+00, val=9.550e+00]
GNN flow training:  50%|█████     | 50/100 [05:02<05:01,  6.03s/epoch, best=8.963e+00, sign=0.141, train=8.804e+00, val=9.550e+00]
GNN flow training:  50%|█████     | 50/100 [05:08<05:01,  6.03s/epoch, best=8.963e+00, sign=0.140, train=8.932e+00, val=9.566e+00]
GNN flow training:  51%|█████     | 51/100 [05:08<04:55,  6.03s/epoch, best=8.963e+00, sign=0.140, train=8.932e+00, val=9.566e+00]
GNN flow training:  51%|█████     | 51/100 [05:14<04:55,  6.03s/epoch, best=8.963e+00, sign=0.138, train=8.930e+00, val=9.499e+00]
GNN flow training:  52%|█████▏    | 52/100 [05:14<04:49,  6.04s/epoch, best=8.963e+00, sign=0.138, train=8.930e+00, val=9.499e+00]
GNN flow training:  52%|█████▏    | 52/100 [05:21<04:49,  6.04s/epoch, best=8.963e+00, sign=0.136, train=8.889e+00, val=9.561e+00]
GNN flow training:  53%|█████▎    | 53/100 [05:21<04:44,  6.06s/epoch, best=8.963e+00, sign=0.136, train=8.889e+00, val=9.561e+00]
GNN flow training:  53%|█████▎    | 53/100 [05:27<04:44,  6.06s/epoch, best=8.963e+00, sign=0.135, train=8.874e+00, val=9.693e+00]
GNN flow training:  54%|█████▍    | 54/100 [05:27<04:38,  6.06s/epoch, best=8.963e+00, sign=0.135, train=8.874e+00, val=9.693e+00]
GNN flow training:  54%|█████▍    | 54/100 [05:33<04:38,  6.06s/epoch, best=8.963e+00, sign=0.135, train=8.864e+00, val=9.533e+00]
GNN flow training:  55%|█████▌    | 55/100 [05:33<04:31,  6.04s/epoch, best=8.963e+00, sign=0.135, train=8.864e+00, val=9.533e+00]
GNN flow training:  55%|█████▌    | 55/100 [05:39<04:31,  6.04s/epoch, best=8.963e+00, sign=0.133, train=8.710e+00, val=9.447e+00]
GNN flow training:  56%|█████▌    | 56/100 [05:39<04:25,  6.04s/epoch, best=8.963e+00, sign=0.133, train=8.710e+00, val=9.447e+00]
GNN flow training:  56%|█████▌    | 56/100 [05:45<04:25,  6.04s/epoch, best=8.963e+00, sign=0.133, train=8.625e+00, val=9.235e+00]
GNN flow training:  57%|█████▋    | 57/100 [05:45<04:20,  6.06s/epoch, best=8.963e+00, sign=0.133, train=8.625e+00, val=9.235e+00]
GNN flow training:  57%|█████▋    | 57/100 [05:51<04:20,  6.06s/epoch, best=8.963e+00, sign=0.134, train=8.484e+00, val=8.922e+00]
GNN flow training:  58%|█████▊    | 58/100 [05:51<04:14,  6.06s/epoch, best=8.963e+00, sign=0.134, train=8.484e+00, val=8.922e+00]
GNN flow training:  58%|█████▊    | 58/100 [05:57<04:14,  6.06s/epoch, best=8.922e+00, sign=0.135, train=8.349e+00, val=8.854e+00]
GNN flow training:  59%|█████▉    | 59/100 [05:57<04:08,  6.06s/epoch, best=8.922e+00, sign=0.135, train=8.349e+00, val=8.854e+00]
GNN flow training:  59%|█████▉    | 59/100 [06:03<04:08,  6.06s/epoch, best=8.854e+00, sign=0.133, train=8.328e+00, val=8.645e+00]
GNN flow training:  60%|██████    | 60/100 [06:03<04:02,  6.06s/epoch, best=8.854e+00, sign=0.133, train=8.328e+00, val=8.645e+00]
GNN flow training:  60%|██████    | 60/100 [06:09<04:02,  6.06s/epoch, best=8.645e+00, sign=0.133, train=8.208e+00, val=8.515e+00]
GNN flow training:  61%|██████    | 61/100 [06:09<03:55,  6.05s/epoch, best=8.645e+00, sign=0.133, train=8.208e+00, val=8.515e+00]
GNN flow training:  61%|██████    | 61/100 [06:15<03:55,  6.05s/epoch, best=8.515e+00, sign=0.134, train=8.113e+00, val=8.385e+00]
GNN flow training:  62%|██████▏   | 62/100 [06:15<03:49,  6.05s/epoch, best=8.515e+00, sign=0.134, train=8.113e+00, val=8.385e+00]
GNN flow training:  62%|██████▏   | 62/100 [06:21<03:49,  6.05s/epoch, best=8.385e+00, sign=0.135, train=8.052e+00, val=8.238e+00]
GNN flow training:  63%|██████▎   | 63/100 [06:21<03:43,  6.05s/epoch, best=8.385e+00, sign=0.135, train=8.052e+00, val=8.238e+00]
GNN flow training:  63%|██████▎   | 63/100 [06:27<03:43,  6.05s/epoch, best=8.238e+00, sign=0.136, train=7.982e+00, val=8.134e+00]
GNN flow training:  64%|██████▍   | 64/100 [06:27<03:36,  6.03s/epoch, best=8.238e+00, sign=0.136, train=7.982e+00, val=8.134e+00]
GNN flow training:  64%|██████▍   | 64/100 [06:33<03:36,  6.03s/epoch, best=8.134e+00, sign=0.138, train=7.944e+00, val=8.114e+00]
GNN flow training:  65%|██████▌   | 65/100 [06:33<03:31,  6.03s/epoch, best=8.134e+00, sign=0.138, train=7.944e+00, val=8.114e+00]
GNN flow training:  65%|██████▌   | 65/100 [06:39<03:31,  6.03s/epoch, best=8.114e+00, sign=0.137, train=7.951e+00, val=8.123e+00]
GNN flow training:  66%|██████▌   | 66/100 [06:39<03:24,  6.01s/epoch, best=8.114e+00, sign=0.137, train=7.951e+00, val=8.123e+00]
GNN flow training:  66%|██████▌   | 66/100 [06:45<03:24,  6.01s/epoch, best=8.114e+00, sign=0.138, train=7.964e+00, val=8.105e+00]
GNN flow training:  67%|██████▋   | 67/100 [06:45<03:18,  6.01s/epoch, best=8.114e+00, sign=0.138, train=7.964e+00, val=8.105e+00]
GNN flow training:  67%|██████▋   | 67/100 [06:51<03:18,  6.01s/epoch, best=8.105e+00, sign=0.137, train=7.934e+00, val=8.074e+00]
GNN flow training:  68%|██████▊   | 68/100 [06:51<03:12,  6.01s/epoch, best=8.105e+00, sign=0.137, train=7.934e+00, val=8.074e+00]
GNN flow training:  68%|██████▊   | 68/100 [06:57<03:12,  6.01s/epoch, best=8.074e+00, sign=0.135, train=7.879e+00, val=8.044e+00]
GNN flow training:  69%|██████▉   | 69/100 [06:57<03:05,  5.99s/epoch, best=8.074e+00, sign=0.135, train=7.879e+00, val=8.044e+00]
GNN flow training:  69%|██████▉   | 69/100 [07:03<03:05,  5.99s/epoch, best=8.044e+00, sign=0.135, train=7.820e+00, val=8.020e+00]
GNN flow training:  70%|███████   | 70/100 [07:03<02:59,  5.98s/epoch, best=8.044e+00, sign=0.135, train=7.820e+00, val=8.020e+00]
GNN flow training:  70%|███████   | 70/100 [07:09<02:59,  5.98s/epoch, best=8.020e+00, sign=0.135, train=7.762e+00, val=8.038e+00]
GNN flow training:  71%|███████   | 71/100 [07:09<02:54,  6.00s/epoch, best=8.020e+00, sign=0.135, train=7.762e+00, val=8.038e+00]
GNN flow training:  71%|███████   | 71/100 [07:15<02:54,  6.00s/epoch, best=8.020e+00, sign=0.134, train=7.726e+00, val=8.057e+00]
GNN flow training:  72%|███████▏  | 72/100 [07:15<02:48,  6.02s/epoch, best=8.020e+00, sign=0.134, train=7.726e+00, val=8.057e+00]
GNN flow training:  72%|███████▏  | 72/100 [07:21<02:48,  6.02s/epoch, best=8.020e+00, sign=0.133, train=7.711e+00, val=8.044e+00]
GNN flow training:  73%|███████▎  | 73/100 [07:21<02:42,  6.03s/epoch, best=8.020e+00, sign=0.133, train=7.711e+00, val=8.044e+00]
GNN flow training:  73%|███████▎  | 73/100 [07:27<02:42,  6.03s/epoch, best=8.020e+00, sign=0.134, train=7.707e+00, val=8.011e+00]
GNN flow training:  74%|███████▍  | 74/100 [07:27<02:36,  6.04s/epoch, best=8.020e+00, sign=0.134, train=7.707e+00, val=8.011e+00]
GNN flow training:  74%|███████▍  | 74/100 [07:33<02:36,  6.04s/epoch, best=8.011e+00, sign=0.134, train=7.691e+00, val=7.954e+00]
GNN flow training:  75%|███████▌  | 75/100 [07:33<02:30,  6.03s/epoch, best=8.011e+00, sign=0.134, train=7.691e+00, val=7.954e+00]
GNN flow training:  75%|███████▌  | 75/100 [07:39<02:30,  6.03s/epoch, best=7.954e+00, sign=0.134, train=7.644e+00, val=7.917e+00]
GNN flow training:  76%|███████▌  | 76/100 [07:39<02:24,  6.01s/epoch, best=7.954e+00, sign=0.134, train=7.644e+00, val=7.917e+00]
GNN flow training:  76%|███████▌  | 76/100 [07:45<02:24,  6.01s/epoch, best=7.917e+00, sign=0.137, train=7.615e+00, val=7.906e+00]
GNN flow training:  77%|███████▋  | 77/100 [07:45<02:18,  6.01s/epoch, best=7.917e+00, sign=0.137, train=7.615e+00, val=7.906e+00]
GNN flow training:  77%|███████▋  | 77/100 [07:51<02:18,  6.01s/epoch, best=7.906e+00, sign=0.138, train=7.631e+00, val=7.879e+00]
GNN flow training:  78%|███████▊  | 78/100 [07:51<02:11,  5.99s/epoch, best=7.906e+00, sign=0.138, train=7.631e+00, val=7.879e+00]
GNN flow training:  78%|███████▊  | 78/100 [07:57<02:11,  5.99s/epoch, best=7.879e+00, sign=0.138, train=7.626e+00, val=7.861e+00]
GNN flow training:  79%|███████▉  | 79/100 [07:57<02:05,  5.98s/epoch, best=7.879e+00, sign=0.138, train=7.626e+00, val=7.861e+00]
GNN flow training:  79%|███████▉  | 79/100 [08:03<02:05,  5.98s/epoch, best=7.861e+00, sign=0.138, train=7.624e+00, val=7.851e+00]
GNN flow training:  80%|████████  | 80/100 [08:03<01:59,  5.99s/epoch, best=7.861e+00, sign=0.138, train=7.624e+00, val=7.851e+00]
GNN flow training:  80%|████████  | 80/100 [08:09<01:59,  5.99s/epoch, best=7.851e+00, sign=0.136, train=7.603e+00, val=7.835e+00]
GNN flow training:  81%|████████  | 81/100 [08:09<01:53,  5.98s/epoch, best=7.851e+00, sign=0.136, train=7.603e+00, val=7.835e+00]
GNN flow training:  81%|████████  | 81/100 [08:15<01:53,  5.98s/epoch, best=7.835e+00, sign=0.134, train=7.559e+00, val=7.831e+00]
GNN flow training:  82%|████████▏ | 82/100 [08:15<01:47,  5.98s/epoch, best=7.835e+00, sign=0.134, train=7.559e+00, val=7.831e+00]
GNN flow training:  82%|████████▏ | 82/100 [08:21<01:47,  5.98s/epoch, best=7.831e+00, sign=0.133, train=7.506e+00, val=7.911e+00]
GNN flow training:  83%|████████▎ | 83/100 [08:21<01:42,  6.00s/epoch, best=7.831e+00, sign=0.133, train=7.506e+00, val=7.911e+00]
GNN flow training:  83%|████████▎ | 83/100 [08:27<01:42,  6.00s/epoch, best=7.831e+00, sign=0.130, train=7.487e+00, val=8.089e+00]
GNN flow training:  84%|████████▍ | 84/100 [08:27<01:35,  5.98s/epoch, best=7.831e+00, sign=0.130, train=7.487e+00, val=8.089e+00]
GNN flow training:  84%|████████▍ | 84/100 [08:33<01:35,  5.98s/epoch, best=7.831e+00, sign=0.130, train=7.523e+00, val=8.229e+00]
GNN flow training:  85%|████████▌ | 85/100 [08:33<01:29,  5.99s/epoch, best=7.831e+00, sign=0.130, train=7.523e+00, val=8.229e+00]
GNN flow training:  85%|████████▌ | 85/100 [08:39<01:29,  5.99s/epoch, best=7.831e+00, sign=0.129, train=7.589e+00, val=8.087e+00]
GNN flow training:  86%|████████▌ | 86/100 [08:39<01:24,  6.01s/epoch, best=7.831e+00, sign=0.129, train=7.589e+00, val=8.087e+00]
GNN flow training:  86%|████████▌ | 86/100 [08:45<01:24,  6.01s/epoch, best=7.831e+00, sign=0.131, train=7.508e+00, val=8.014e+00]
GNN flow training:  87%|████████▋ | 87/100 [08:45<01:18,  6.02s/epoch, best=7.831e+00, sign=0.131, train=7.508e+00, val=8.014e+00]
GNN flow training:  87%|████████▋ | 87/100 [08:51<01:18,  6.02s/epoch, best=7.831e+00, sign=0.133, train=7.499e+00, val=7.897e+00]
GNN flow training:  88%|████████▊ | 88/100 [08:51<01:12,  6.06s/epoch, best=7.831e+00, sign=0.133, train=7.499e+00, val=7.897e+00]
GNN flow training:  88%|████████▊ | 88/100 [08:57<01:12,  6.06s/epoch, best=7.831e+00, sign=0.136, train=7.480e+00, val=7.839e+00]
GNN flow training:  89%|████████▉ | 89/100 [08:57<01:06,  6.06s/epoch, best=7.831e+00, sign=0.136, train=7.480e+00, val=7.839e+00]
GNN flow training:  89%|████████▉ | 89/100 [09:03<01:06,  6.06s/epoch, best=7.831e+00, sign=0.137, train=7.469e+00, val=7.819e+00]
GNN flow training:  90%|█████████ | 90/100 [09:03<01:00,  6.04s/epoch, best=7.831e+00, sign=0.137, train=7.469e+00, val=7.819e+00]
GNN flow training:  90%|█████████ | 90/100 [09:09<01:00,  6.04s/epoch, best=7.819e+00, sign=0.139, train=7.474e+00, val=7.817e+00]
GNN flow training:  91%|█████████ | 91/100 [09:09<00:54,  6.03s/epoch, best=7.819e+00, sign=0.139, train=7.474e+00, val=7.817e+00]
GNN flow training:  91%|█████████ | 91/100 [09:15<00:54,  6.03s/epoch, best=7.817e+00, sign=0.138, train=7.476e+00, val=7.794e+00]
GNN flow training:  92%|█████████▏| 92/100 [09:15<00:48,  6.01s/epoch, best=7.817e+00, sign=0.138, train=7.476e+00, val=7.794e+00]
GNN flow training:  92%|█████████▏| 92/100 [09:21<00:48,  6.01s/epoch, best=7.794e+00, sign=0.138, train=7.423e+00, val=7.776e+00]
GNN flow training:  93%|█████████▎| 93/100 [09:21<00:41,  5.98s/epoch, best=7.794e+00, sign=0.138, train=7.423e+00, val=7.776e+00]
GNN flow training:  93%|█████████▎| 93/100 [09:27<00:41,  5.98s/epoch, best=7.776e+00, sign=0.137, train=7.391e+00, val=7.767e+00]
GNN flow training:  94%|█████████▍| 94/100 [09:27<00:36,  6.01s/epoch, best=7.776e+00, sign=0.137, train=7.391e+00, val=7.767e+00]
GNN flow training:  94%|█████████▍| 94/100 [09:33<00:36,  6.01s/epoch, best=7.767e+00, sign=0.135, train=7.375e+00, val=7.748e+00]
GNN flow training:  95%|█████████▌| 95/100 [09:33<00:30,  6.00s/epoch, best=7.767e+00, sign=0.135, train=7.375e+00, val=7.748e+00]
GNN flow training:  95%|█████████▌| 95/100 [09:39<00:30,  6.00s/epoch, best=7.748e+00, sign=0.134, train=7.376e+00, val=7.745e+00]
GNN flow training:  96%|█████████▌| 96/100 [09:39<00:23,  5.99s/epoch, best=7.748e+00, sign=0.134, train=7.376e+00, val=7.745e+00]
GNN flow training:  96%|█████████▌| 96/100 [09:45<00:23,  5.99s/epoch, best=7.745e+00, sign=0.135, train=7.379e+00, val=7.754e+00]
GNN flow training:  97%|█████████▋| 97/100 [09:45<00:18,  6.03s/epoch, best=7.745e+00, sign=0.135, train=7.379e+00, val=7.754e+00]
GNN flow training:  97%|█████████▋| 97/100 [09:51<00:18,  6.03s/epoch, best=7.745e+00, sign=0.135, train=7.383e+00, val=7.758e+00]
GNN flow training:  98%|█████████▊| 98/100 [09:51<00:12,  6.02s/epoch, best=7.745e+00, sign=0.135, train=7.383e+00, val=7.758e+00]
GNN flow training:  98%|█████████▊| 98/100 [09:57<00:12,  6.02s/epoch, best=7.745e+00, sign=0.134, train=7.380e+00, val=7.741e+00]
GNN flow training:  99%|█████████▉| 99/100 [09:57<00:06,  6.02s/epoch, best=7.745e+00, sign=0.134, train=7.380e+00, val=7.741e+00]
GNN flow training:  99%|█████████▉| 99/100 [10:03<00:06,  6.02s/epoch, best=7.741e+00, sign=0.133, train=7.374e+00, val=7.720e+00]
GNN flow training: 100%|██████████| 100/100 [10:03<00:00,  6.03s/epoch, best=7.741e+00, sign=0.133, train=7.374e+00, val=7.720e+00]
GNN flow training: 100%|██████████| 100/100 [10:03<00:00,  6.04s/epoch, best=7.741e+00, sign=0.133, train=7.374e+00, val=7.720e+00]
Resolved config snapshot:
{'preset': 'solver_QKB_outer_QKBdelta', 'gnn_outer_losses': {'flow': 100.0, 'kirchhoff': 1.0, 'boundary': 100.0, 'delta_l2': 1.0, 'delta_smooth': 0.0, 'pressure_shape': 0.0}, 'physics': {'arterial_flow_mode': 'dataset', 'pressure_constraints': ['equal-a-equal-v'], 'alpha_pa': None, 'use_snr_weights': True, 'use_observed_flow_snr_weighting': True, 'flow_scale_mode': 'median_abs', 'solver_device': 'same', 'pressure_solver_mode': 'reduced-soft-constrained-lstsq', 'pressure_solver_lambda_kirchhoff': 1.0, 'pressure_solver_lambda_pressure_constraints': 100.0, 'pressure_solver_lambda_flow_residual': 1.0, 'pressure_shape_reference': 'delta_zero_reference', 'pressure_detach': False}, 'correction_bounds': {'correction_min': -0.5, 'correction_max': 0.5, 'correction_bound': 0.5, 'correction_parameterization': 'tanh'}, 'optimization': {'learning_rate': 0.001, 'weight_decay': 0.0001, 'gradient_clip_norm': 5.0, 'optimizer': 'adamw', 'epochs': 100, 'patience': 40}}
Shard 54/80: 1 of 80 runs
Command: /mnt/home/sswee/miniforge3/envs/yolk-sac/bin/python /mnt/home/sswee/yolk/Yolk-Sac-Flow-Data-and-Sim/gnn_clean/scripts/python/gnn_flow.py /mnt/home/sswee/yolk/Yolk-Sac-Flow-Data-and-Sim/gnn_clean/datasets/mosaic_graph_norm_canonical.gpickle --output-dir /mnt/home/sswee/yolk/Yolk-Sac-Flow-Data-and-Sim/gnn_clean/outputs_canonical_norm/dc/02_physics_weight_sweep/gnn --run-name q_100__k_1__delta_1 --preset solver_QKB_outer_QKBdelta --device cuda --epochs 100 --seed 0 --viscosity-pa-s 0.0035 --config /mnt/home/sswee/yolk/Yolk-Sac-Flow-Data-and-Sim/gnn_clean/outputs_canonical_norm/dc/02_physics_weight_sweep/_generated_configs/q_100__k_1__delta_1.yaml --no-pressure-detach
