[info] DC Step 2 canonical sweep uses fixed lambda_B=100.0 for both the outer boundary loss and the reduced pressure-solver boundary constraint.

GNN flow training:   0%|          | 0/100 [00:00<?, ?epoch/s]
GNN flow training:   0%|          | 0/100 [00:04<?, ?epoch/s, best=1.635e+02, sign=0.161, train=1.637e+02, val=1.635e+02]
GNN flow training:   1%|          | 1/100 [00:04<07:52,  4.77s/epoch, best=1.635e+02, sign=0.161, train=1.637e+02, val=1.635e+02]
GNN flow training:   1%|          | 1/100 [00:09<07:52,  4.77s/epoch, best=1.635e+02, sign=0.161, train=1.635e+02, val=1.632e+02]
GNN flow training:   2%|▏         | 2/100 [00:09<07:36,  4.66s/epoch, best=1.635e+02, sign=0.161, train=1.635e+02, val=1.632e+02]
GNN flow training:   2%|▏         | 2/100 [00:13<07:36,  4.66s/epoch, best=1.632e+02, sign=0.161, train=1.632e+02, val=1.635e+02]
GNN flow training:   3%|▎         | 3/100 [00:13<07:26,  4.61s/epoch, best=1.632e+02, sign=0.161, train=1.632e+02, val=1.635e+02]
GNN flow training:   3%|▎         | 3/100 [00:18<07:26,  4.61s/epoch, best=1.632e+02, sign=0.162, train=1.635e+02, val=1.632e+02]
GNN flow training:   4%|▍         | 4/100 [00:18<07:19,  4.58s/epoch, best=1.632e+02, sign=0.162, train=1.635e+02, val=1.632e+02]
GNN flow training:   4%|▍         | 4/100 [00:22<07:19,  4.58s/epoch, best=1.632e+02, sign=0.162, train=1.632e+02, val=1.632e+02]
GNN flow training:   5%|▌         | 5/100 [00:22<07:13,  4.57s/epoch, best=1.632e+02, sign=0.162, train=1.632e+02, val=1.632e+02]
GNN flow training:   5%|▌         | 5/100 [00:27<07:13,  4.57s/epoch, best=1.632e+02, sign=0.161, train=1.632e+02, val=1.629e+02]
GNN flow training:   6%|▌         | 6/100 [00:27<07:08,  4.56s/epoch, best=1.632e+02, sign=0.161, train=1.632e+02, val=1.629e+02]
GNN flow training:   6%|▌         | 6/100 [00:32<07:08,  4.56s/epoch, best=1.629e+02, sign=0.160, train=1.629e+02, val=1.624e+02]
GNN flow training:   7%|▋         | 7/100 [00:32<07:02,  4.55s/epoch, best=1.629e+02, sign=0.160, train=1.629e+02, val=1.624e+02]
GNN flow training:   7%|▋         | 7/100 [00:36<07:02,  4.55s/epoch, best=1.624e+02, sign=0.160, train=1.624e+02, val=1.623e+02]
GNN flow training:   8%|▊         | 8/100 [00:36<06:58,  4.55s/epoch, best=1.624e+02, sign=0.160, train=1.624e+02, val=1.623e+02]
GNN flow training:   8%|▊         | 8/100 [00:41<06:58,  4.55s/epoch, best=1.623e+02, sign=0.160, train=1.623e+02, val=1.617e+02]
GNN flow training:   9%|▉         | 9/100 [00:41<06:52,  4.53s/epoch, best=1.623e+02, sign=0.160, train=1.623e+02, val=1.617e+02]
GNN flow training:   9%|▉         | 9/100 [00:45<06:52,  4.53s/epoch, best=1.617e+02, sign=0.159, train=1.617e+02, val=1.613e+02]
GNN flow training:  10%|█         | 10/100 [00:45<06:47,  4.53s/epoch, best=1.617e+02, sign=0.159, train=1.617e+02, val=1.613e+02]
GNN flow training:  10%|█         | 10/100 [00:50<06:47,  4.53s/epoch, best=1.613e+02, sign=0.158, train=1.613e+02, val=1.611e+02]
GNN flow training:  11%|█         | 11/100 [00:50<06:42,  4.52s/epoch, best=1.613e+02, sign=0.158, train=1.613e+02, val=1.611e+02]
GNN flow training:  11%|█         | 11/100 [00:54<06:42,  4.52s/epoch, best=1.611e+02, sign=0.157, train=1.611e+02, val=1.611e+02]
GNN flow training:  12%|█▏        | 12/100 [00:54<06:37,  4.52s/epoch, best=1.611e+02, sign=0.157, train=1.611e+02, val=1.611e+02]
GNN flow training:  12%|█▏        | 12/100 [00:59<06:37,  4.52s/epoch, best=1.611e+02, sign=0.157, train=1.611e+02, val=1.611e+02]
GNN flow training:  13%|█▎        | 13/100 [00:59<06:33,  4.52s/epoch, best=1.611e+02, sign=0.157, train=1.611e+02, val=1.611e+02]
GNN flow training:  13%|█▎        | 13/100 [01:03<06:33,  4.52s/epoch, best=1.611e+02, sign=0.158, train=1.611e+02, val=1.608e+02]
GNN flow training:  14%|█▍        | 14/100 [01:03<06:27,  4.51s/epoch, best=1.611e+02, sign=0.158, train=1.611e+02, val=1.608e+02]
GNN flow training:  14%|█▍        | 14/100 [01:08<06:27,  4.51s/epoch, best=1.608e+02, sign=0.158, train=1.608e+02, val=1.605e+02]
GNN flow training:  15%|█▌        | 15/100 [01:08<06:22,  4.50s/epoch, best=1.608e+02, sign=0.158, train=1.608e+02, val=1.605e+02]
GNN flow training:  15%|█▌        | 15/100 [01:12<06:22,  4.50s/epoch, best=1.605e+02, sign=0.159, train=1.605e+02, val=1.604e+02]
GNN flow training:  16%|█▌        | 16/100 [01:12<06:18,  4.50s/epoch, best=1.605e+02, sign=0.159, train=1.605e+02, val=1.604e+02]
GNN flow training:  16%|█▌        | 16/100 [01:17<06:18,  4.50s/epoch, best=1.604e+02, sign=0.159, train=1.604e+02, val=1.605e+02]
GNN flow training:  17%|█▋        | 17/100 [01:17<06:14,  4.51s/epoch, best=1.604e+02, sign=0.159, train=1.604e+02, val=1.605e+02]
GNN flow training:  17%|█▋        | 17/100 [01:21<06:14,  4.51s/epoch, best=1.604e+02, sign=0.159, train=1.605e+02, val=1.605e+02]
GNN flow training:  18%|█▊        | 18/100 [01:21<06:09,  4.50s/epoch, best=1.604e+02, sign=0.159, train=1.605e+02, val=1.605e+02]
GNN flow training:  18%|█▊        | 18/100 [01:26<06:09,  4.50s/epoch, best=1.604e+02, sign=0.159, train=1.605e+02, val=1.605e+02]
GNN flow training:  19%|█▉        | 19/100 [01:26<06:04,  4.50s/epoch, best=1.604e+02, sign=0.159, train=1.605e+02, val=1.605e+02]
GNN flow training:  19%|█▉        | 19/100 [01:30<06:04,  4.50s/epoch, best=1.604e+02, sign=0.159, train=1.605e+02, val=1.607e+02]
GNN flow training:  20%|██        | 20/100 [01:30<05:59,  4.49s/epoch, best=1.604e+02, sign=0.159, train=1.605e+02, val=1.607e+02]
GNN flow training:  20%|██        | 20/100 [01:35<05:59,  4.49s/epoch, best=1.604e+02, sign=0.158, train=1.607e+02, val=1.607e+02]
GNN flow training:  21%|██        | 21/100 [01:35<05:55,  4.50s/epoch, best=1.604e+02, sign=0.158, train=1.607e+02, val=1.607e+02]
GNN flow training:  21%|██        | 21/100 [01:39<05:55,  4.50s/epoch, best=1.604e+02, sign=0.158, train=1.607e+02, val=1.611e+02]
GNN flow training:  22%|██▏       | 22/100 [01:39<05:51,  4.51s/epoch, best=1.604e+02, sign=0.158, train=1.607e+02, val=1.611e+02]
GNN flow training:  22%|██▏       | 22/100 [01:44<05:51,  4.51s/epoch, best=1.604e+02, sign=0.158, train=1.611e+02, val=1.604e+02]
GNN flow training:  23%|██▎       | 23/100 [01:44<05:47,  4.51s/epoch, best=1.604e+02, sign=0.158, train=1.611e+02, val=1.604e+02]
GNN flow training:  23%|██▎       | 23/100 [01:48<05:47,  4.51s/epoch, best=1.604e+02, sign=0.159, train=1.604e+02, val=1.607e+02]
GNN flow training:  24%|██▍       | 24/100 [01:48<05:41,  4.50s/epoch, best=1.604e+02, sign=0.159, train=1.604e+02, val=1.607e+02]
GNN flow training:  24%|██▍       | 24/100 [01:53<05:41,  4.50s/epoch, best=1.604e+02, sign=0.157, train=1.607e+02, val=1.602e+02]
GNN flow training:  25%|██▌       | 25/100 [01:53<05:37,  4.50s/epoch, best=1.604e+02, sign=0.157, train=1.607e+02, val=1.602e+02]
GNN flow training:  25%|██▌       | 25/100 [01:57<05:37,  4.50s/epoch, best=1.602e+02, sign=0.158, train=1.602e+02, val=1.596e+02]
GNN flow training:  26%|██▌       | 26/100 [01:57<05:33,  4.51s/epoch, best=1.602e+02, sign=0.158, train=1.602e+02, val=1.596e+02]
GNN flow training:  26%|██▌       | 26/100 [02:02<05:33,  4.51s/epoch, best=1.596e+02, sign=0.157, train=1.596e+02, val=1.601e+02]
GNN flow training:  27%|██▋       | 27/100 [02:02<05:29,  4.51s/epoch, best=1.596e+02, sign=0.157, train=1.596e+02, val=1.601e+02]
GNN flow training:  27%|██▋       | 27/100 [02:06<05:29,  4.51s/epoch, best=1.596e+02, sign=0.157, train=1.601e+02, val=1.604e+02]
GNN flow training:  28%|██▊       | 28/100 [02:06<05:27,  4.54s/epoch, best=1.596e+02, sign=0.157, train=1.601e+02, val=1.604e+02]
GNN flow training:  28%|██▊       | 28/100 [02:11<05:27,  4.54s/epoch, best=1.596e+02, sign=0.157, train=1.604e+02, val=1.596e+02]
GNN flow training:  29%|██▉       | 29/100 [02:11<05:22,  4.54s/epoch, best=1.596e+02, sign=0.157, train=1.604e+02, val=1.596e+02]
GNN flow training:  29%|██▉       | 29/100 [02:15<05:22,  4.54s/epoch, best=1.596e+02, sign=0.156, train=1.596e+02, val=1.590e+02]
GNN flow training:  30%|███       | 30/100 [02:15<05:17,  4.54s/epoch, best=1.596e+02, sign=0.156, train=1.596e+02, val=1.590e+02]
GNN flow training:  30%|███       | 30/100 [02:20<05:17,  4.54s/epoch, best=1.590e+02, sign=0.156, train=1.590e+02, val=1.568e+02]
GNN flow training:  31%|███       | 31/100 [02:20<05:12,  4.53s/epoch, best=1.590e+02, sign=0.156, train=1.590e+02, val=1.568e+02]
GNN flow training:  31%|███       | 31/100 [02:24<05:12,  4.53s/epoch, best=1.568e+02, sign=0.156, train=1.568e+02, val=1.552e+02]
GNN flow training:  32%|███▏      | 32/100 [02:24<05:07,  4.52s/epoch, best=1.568e+02, sign=0.156, train=1.568e+02, val=1.552e+02]
GNN flow training:  32%|███▏      | 32/100 [02:29<05:07,  4.52s/epoch, best=1.552e+02, sign=0.156, train=1.552e+02, val=1.539e+02]
GNN flow training:  33%|███▎      | 33/100 [02:29<05:02,  4.52s/epoch, best=1.552e+02, sign=0.156, train=1.552e+02, val=1.539e+02]
GNN flow training:  33%|███▎      | 33/100 [02:33<05:02,  4.52s/epoch, best=1.539e+02, sign=0.157, train=1.539e+02, val=1.517e+02]
GNN flow training:  34%|███▍      | 34/100 [02:33<04:58,  4.52s/epoch, best=1.539e+02, sign=0.157, train=1.539e+02, val=1.517e+02]
GNN flow training:  34%|███▍      | 34/100 [02:38<04:58,  4.52s/epoch, best=1.517e+02, sign=0.156, train=1.517e+02, val=1.499e+02]
GNN flow training:  35%|███▌      | 35/100 [02:38<04:54,  4.53s/epoch, best=1.517e+02, sign=0.156, train=1.517e+02, val=1.499e+02]
GNN flow training:  35%|███▌      | 35/100 [02:42<04:54,  4.53s/epoch, best=1.499e+02, sign=0.156, train=1.499e+02, val=1.479e+02]
GNN flow training:  36%|███▌      | 36/100 [02:42<04:50,  4.54s/epoch, best=1.499e+02, sign=0.156, train=1.499e+02, val=1.479e+02]
GNN flow training:  36%|███▌      | 36/100 [02:47<04:50,  4.54s/epoch, best=1.479e+02, sign=0.156, train=1.479e+02, val=1.449e+02]
GNN flow training:  37%|███▋      | 37/100 [02:47<04:45,  4.53s/epoch, best=1.479e+02, sign=0.156, train=1.479e+02, val=1.449e+02]
GNN flow training:  37%|███▋      | 37/100 [02:52<04:45,  4.53s/epoch, best=1.449e+02, sign=0.157, train=1.449e+02, val=1.421e+02]
GNN flow training:  38%|███▊      | 38/100 [02:52<04:41,  4.54s/epoch, best=1.449e+02, sign=0.157, train=1.449e+02, val=1.421e+02]
GNN flow training:  38%|███▊      | 38/100 [02:56<04:41,  4.54s/epoch, best=1.421e+02, sign=0.157, train=1.421e+02, val=1.379e+02]
GNN flow training:  39%|███▉      | 39/100 [02:56<04:36,  4.54s/epoch, best=1.421e+02, sign=0.157, train=1.421e+02, val=1.379e+02]
GNN flow training:  39%|███▉      | 39/100 [03:01<04:36,  4.54s/epoch, best=1.379e+02, sign=0.156, train=1.379e+02, val=1.339e+02]
GNN flow training:  40%|████      | 40/100 [03:01<04:32,  4.54s/epoch, best=1.379e+02, sign=0.156, train=1.379e+02, val=1.339e+02]
GNN flow training:  40%|████      | 40/100 [03:05<04:32,  4.54s/epoch, best=1.339e+02, sign=0.155, train=1.339e+02, val=1.293e+02]
GNN flow training:  41%|████      | 41/100 [03:05<04:28,  4.55s/epoch, best=1.339e+02, sign=0.155, train=1.339e+02, val=1.293e+02]
GNN flow training:  41%|████      | 41/100 [03:10<04:28,  4.55s/epoch, best=1.293e+02, sign=0.157, train=1.293e+02, val=1.248e+02]
GNN flow training:  42%|████▏     | 42/100 [03:10<04:22,  4.53s/epoch, best=1.293e+02, sign=0.157, train=1.293e+02, val=1.248e+02]
GNN flow training:  42%|████▏     | 42/100 [03:14<04:22,  4.53s/epoch, best=1.248e+02, sign=0.156, train=1.248e+02, val=1.210e+02]
GNN flow training:  43%|████▎     | 43/100 [03:14<04:17,  4.52s/epoch, best=1.248e+02, sign=0.156, train=1.248e+02, val=1.210e+02]
GNN flow training:  43%|████▎     | 43/100 [03:19<04:17,  4.52s/epoch, best=1.210e+02, sign=0.157, train=1.210e+02, val=1.172e+02]
GNN flow training:  44%|████▍     | 44/100 [03:19<04:14,  4.54s/epoch, best=1.210e+02, sign=0.157, train=1.210e+02, val=1.172e+02]
GNN flow training:  44%|████▍     | 44/100 [03:23<04:14,  4.54s/epoch, best=1.172e+02, sign=0.158, train=1.172e+02, val=1.145e+02]
GNN flow training:  45%|████▌     | 45/100 [03:23<04:09,  4.54s/epoch, best=1.172e+02, sign=0.158, train=1.172e+02, val=1.145e+02]
GNN flow training:  45%|████▌     | 45/100 [03:28<04:09,  4.54s/epoch, best=1.145e+02, sign=0.158, train=1.145e+02, val=1.121e+02]
GNN flow training:  46%|████▌     | 46/100 [03:28<04:04,  4.53s/epoch, best=1.145e+02, sign=0.158, train=1.145e+02, val=1.121e+02]
GNN flow training:  46%|████▌     | 46/100 [03:32<04:04,  4.53s/epoch, best=1.121e+02, sign=0.157, train=1.121e+02, val=1.092e+02]
GNN flow training:  47%|████▋     | 47/100 [03:32<03:59,  4.53s/epoch, best=1.121e+02, sign=0.157, train=1.121e+02, val=1.092e+02]
GNN flow training:  47%|████▋     | 47/100 [03:37<03:59,  4.53s/epoch, best=1.092e+02, sign=0.159, train=1.092e+02, val=1.070e+02]
GNN flow training:  48%|████▊     | 48/100 [03:37<03:54,  4.52s/epoch, best=1.092e+02, sign=0.159, train=1.092e+02, val=1.070e+02]
GNN flow training:  48%|████▊     | 48/100 [03:41<03:54,  4.52s/epoch, best=1.070e+02, sign=0.159, train=1.070e+02, val=1.090e+02]
GNN flow training:  49%|████▉     | 49/100 [03:41<03:50,  4.52s/epoch, best=1.070e+02, sign=0.159, train=1.070e+02, val=1.090e+02]
GNN flow training:  49%|████▉     | 49/100 [03:46<03:50,  4.52s/epoch, best=1.070e+02, sign=0.159, train=1.090e+02, val=1.076e+02]
GNN flow training:  50%|█████     | 50/100 [03:46<03:45,  4.51s/epoch, best=1.070e+02, sign=0.159, train=1.090e+02, val=1.076e+02]
GNN flow training:  50%|█████     | 50/100 [03:50<03:45,  4.51s/epoch, best=1.070e+02, sign=0.159, train=1.076e+02, val=1.067e+02]
GNN flow training:  51%|█████     | 51/100 [03:50<03:41,  4.51s/epoch, best=1.070e+02, sign=0.159, train=1.076e+02, val=1.067e+02]
GNN flow training:  51%|█████     | 51/100 [03:55<03:41,  4.51s/epoch, best=1.067e+02, sign=0.161, train=1.067e+02, val=1.032e+02]
GNN flow training:  52%|█████▏    | 52/100 [03:55<03:36,  4.50s/epoch, best=1.067e+02, sign=0.161, train=1.067e+02, val=1.032e+02]
GNN flow training:  52%|█████▏    | 52/100 [03:59<03:36,  4.50s/epoch, best=1.032e+02, sign=0.161, train=1.032e+02, val=9.717e+01]
GNN flow training:  53%|█████▎    | 53/100 [03:59<03:32,  4.51s/epoch, best=1.032e+02, sign=0.161, train=1.032e+02, val=9.717e+01]
GNN flow training:  53%|█████▎    | 53/100 [04:04<03:32,  4.51s/epoch, best=9.717e+01, sign=0.165, train=9.717e+01, val=9.207e+01]
GNN flow training:  54%|█████▍    | 54/100 [04:04<03:28,  4.53s/epoch, best=9.717e+01, sign=0.165, train=9.717e+01, val=9.207e+01]
GNN flow training:  54%|█████▍    | 54/100 [04:09<03:28,  4.53s/epoch, best=9.207e+01, sign=0.165, train=9.207e+01, val=8.972e+01]
GNN flow training:  55%|█████▌    | 55/100 [04:09<03:24,  4.53s/epoch, best=9.207e+01, sign=0.165, train=9.207e+01, val=8.972e+01]
GNN flow training:  55%|█████▌    | 55/100 [04:13<03:24,  4.53s/epoch, best=8.972e+01, sign=0.166, train=8.972e+01, val=8.940e+01]
GNN flow training:  56%|█████▌    | 56/100 [04:13<03:19,  4.54s/epoch, best=8.972e+01, sign=0.166, train=8.972e+01, val=8.940e+01]
GNN flow training:  56%|█████▌    | 56/100 [04:18<03:19,  4.54s/epoch, best=8.940e+01, sign=0.165, train=8.939e+01, val=8.883e+01]
GNN flow training:  57%|█████▋    | 57/100 [04:18<03:15,  4.55s/epoch, best=8.940e+01, sign=0.165, train=8.939e+01, val=8.883e+01]
GNN flow training:  57%|█████▋    | 57/100 [04:22<03:15,  4.55s/epoch, best=8.883e+01, sign=0.167, train=8.883e+01, val=8.803e+01]
GNN flow training:  58%|█████▊    | 58/100 [04:22<03:10,  4.54s/epoch, best=8.883e+01, sign=0.167, train=8.883e+01, val=8.803e+01]
GNN flow training:  58%|█████▊    | 58/100 [04:27<03:10,  4.54s/epoch, best=8.803e+01, sign=0.166, train=8.803e+01, val=8.845e+01]
GNN flow training:  59%|█████▉    | 59/100 [04:27<03:06,  4.56s/epoch, best=8.803e+01, sign=0.166, train=8.803e+01, val=8.845e+01]
GNN flow training:  59%|█████▉    | 59/100 [04:31<03:06,  4.56s/epoch, best=8.803e+01, sign=0.167, train=8.845e+01, val=8.733e+01]
GNN flow training:  60%|██████    | 60/100 [04:31<03:02,  4.55s/epoch, best=8.803e+01, sign=0.167, train=8.845e+01, val=8.733e+01]
GNN flow training:  60%|██████    | 60/100 [04:36<03:02,  4.55s/epoch, best=8.733e+01, sign=0.169, train=8.733e+01, val=8.497e+01]
GNN flow training:  61%|██████    | 61/100 [04:36<02:57,  4.56s/epoch, best=8.733e+01, sign=0.169, train=8.733e+01, val=8.497e+01]
GNN flow training:  61%|██████    | 61/100 [04:40<02:57,  4.56s/epoch, best=8.497e+01, sign=0.170, train=8.497e+01, val=8.447e+01]
GNN flow training:  62%|██████▏   | 62/100 [04:40<02:52,  4.54s/epoch, best=8.497e+01, sign=0.170, train=8.497e+01, val=8.447e+01]
GNN flow training:  62%|██████▏   | 62/100 [04:45<02:52,  4.54s/epoch, best=8.447e+01, sign=0.169, train=8.447e+01, val=8.801e+01]
GNN flow training:  63%|██████▎   | 63/100 [04:45<02:47,  4.54s/epoch, best=8.447e+01, sign=0.169, train=8.447e+01, val=8.801e+01]
GNN flow training:  63%|██████▎   | 63/100 [04:49<02:47,  4.54s/epoch, best=8.447e+01, sign=0.166, train=8.801e+01, val=9.051e+01]
GNN flow training:  64%|██████▍   | 64/100 [04:49<02:43,  4.54s/epoch, best=8.447e+01, sign=0.166, train=8.801e+01, val=9.051e+01]
GNN flow training:  64%|██████▍   | 64/100 [04:54<02:43,  4.54s/epoch, best=8.447e+01, sign=0.165, train=9.050e+01, val=9.293e+01]
GNN flow training:  65%|██████▌   | 65/100 [04:54<02:39,  4.55s/epoch, best=8.447e+01, sign=0.165, train=9.050e+01, val=9.293e+01]
GNN flow training:  65%|██████▌   | 65/100 [04:59<02:39,  4.55s/epoch, best=8.447e+01, sign=0.164, train=9.293e+01, val=9.456e+01]
GNN flow training:  66%|██████▌   | 66/100 [04:59<02:35,  4.56s/epoch, best=8.447e+01, sign=0.164, train=9.293e+01, val=9.456e+01]
GNN flow training:  66%|██████▌   | 66/100 [05:03<02:35,  4.56s/epoch, best=8.447e+01, sign=0.165, train=9.456e+01, val=9.309e+01]
GNN flow training:  67%|██████▋   | 67/100 [05:03<02:30,  4.56s/epoch, best=8.447e+01, sign=0.165, train=9.456e+01, val=9.309e+01]
GNN flow training:  67%|██████▋   | 67/100 [05:08<02:30,  4.56s/epoch, best=8.447e+01, sign=0.166, train=9.309e+01, val=9.228e+01]
GNN flow training:  68%|██████▊   | 68/100 [05:08<02:25,  4.54s/epoch, best=8.447e+01, sign=0.166, train=9.309e+01, val=9.228e+01]
GNN flow training:  68%|██████▊   | 68/100 [05:12<02:25,  4.54s/epoch, best=8.447e+01, sign=0.166, train=9.228e+01, val=8.894e+01]
GNN flow training:  69%|██████▉   | 69/100 [05:12<02:20,  4.54s/epoch, best=8.447e+01, sign=0.166, train=9.228e+01, val=8.894e+01]
GNN flow training:  69%|██████▉   | 69/100 [05:17<02:20,  4.54s/epoch, best=8.447e+01, sign=0.169, train=8.894e+01, val=8.615e+01]
GNN flow training:  70%|███████   | 70/100 [05:17<02:16,  4.54s/epoch, best=8.447e+01, sign=0.169, train=8.894e+01, val=8.615e+01]
GNN flow training:  70%|███████   | 70/100 [05:21<02:16,  4.54s/epoch, best=8.447e+01, sign=0.171, train=8.615e+01, val=8.113e+01]
GNN flow training:  71%|███████   | 71/100 [05:21<02:11,  4.54s/epoch, best=8.447e+01, sign=0.171, train=8.615e+01, val=8.113e+01]
GNN flow training:  71%|███████   | 71/100 [05:26<02:11,  4.54s/epoch, best=8.113e+01, sign=0.170, train=8.113e+01, val=8.578e+01]
GNN flow training:  72%|███████▏  | 72/100 [05:26<02:07,  4.56s/epoch, best=8.113e+01, sign=0.170, train=8.113e+01, val=8.578e+01]
GNN flow training:  72%|███████▏  | 72/100 [05:30<02:07,  4.56s/epoch, best=8.113e+01, sign=0.165, train=8.578e+01, val=9.051e+01]
GNN flow training:  73%|███████▎  | 73/100 [05:30<02:02,  4.55s/epoch, best=8.113e+01, sign=0.165, train=8.578e+01, val=9.051e+01]
GNN flow training:  73%|███████▎  | 73/100 [05:35<02:02,  4.55s/epoch, best=8.113e+01, sign=0.164, train=9.051e+01, val=9.131e+01]
GNN flow training:  74%|███████▍  | 74/100 [05:35<01:58,  4.54s/epoch, best=8.113e+01, sign=0.164, train=9.051e+01, val=9.131e+01]
GNN flow training:  74%|███████▍  | 74/100 [05:39<01:58,  4.54s/epoch, best=8.113e+01, sign=0.167, train=9.131e+01, val=8.868e+01]
GNN flow training:  75%|███████▌  | 75/100 [05:39<01:53,  4.54s/epoch, best=8.113e+01, sign=0.167, train=9.131e+01, val=8.868e+01]
GNN flow training:  75%|███████▌  | 75/100 [05:44<01:53,  4.54s/epoch, best=8.113e+01, sign=0.168, train=8.868e+01, val=8.657e+01]
GNN flow training:  76%|███████▌  | 76/100 [05:44<01:49,  4.55s/epoch, best=8.113e+01, sign=0.168, train=8.868e+01, val=8.657e+01]
GNN flow training:  76%|███████▌  | 76/100 [05:49<01:49,  4.55s/epoch, best=8.113e+01, sign=0.170, train=8.657e+01, val=8.443e+01]
GNN flow training:  77%|███████▋  | 77/100 [05:49<01:44,  4.54s/epoch, best=8.113e+01, sign=0.170, train=8.657e+01, val=8.443e+01]
GNN flow training:  77%|███████▋  | 77/100 [05:53<01:44,  4.54s/epoch, best=8.113e+01, sign=0.170, train=8.443e+01, val=8.359e+01]
GNN flow training:  78%|███████▊  | 78/100 [05:53<01:40,  4.55s/epoch, best=8.113e+01, sign=0.170, train=8.443e+01, val=8.359e+01]
GNN flow training:  78%|███████▊  | 78/100 [05:58<01:40,  4.55s/epoch, best=8.113e+01, sign=0.170, train=8.359e+01, val=8.118e+01]
GNN flow training:  79%|███████▉  | 79/100 [05:58<01:35,  4.55s/epoch, best=8.113e+01, sign=0.170, train=8.359e+01, val=8.118e+01]
GNN flow training:  79%|███████▉  | 79/100 [06:02<01:35,  4.55s/epoch, best=8.113e+01, sign=0.172, train=8.118e+01, val=7.848e+01]
GNN flow training:  80%|████████  | 80/100 [06:02<01:30,  4.54s/epoch, best=8.113e+01, sign=0.172, train=8.118e+01, val=7.848e+01]
GNN flow training:  80%|████████  | 80/100 [06:07<01:30,  4.54s/epoch, best=7.848e+01, sign=0.172, train=7.847e+01, val=7.784e+01]
GNN flow training:  81%|████████  | 81/100 [06:07<01:26,  4.53s/epoch, best=7.848e+01, sign=0.172, train=7.847e+01, val=7.784e+01]
GNN flow training:  81%|████████  | 81/100 [06:11<01:26,  4.53s/epoch, best=7.784e+01, sign=0.172, train=7.784e+01, val=7.953e+01]
GNN flow training:  82%|████████▏ | 82/100 [06:11<01:21,  4.53s/epoch, best=7.784e+01, sign=0.172, train=7.784e+01, val=7.953e+01]
GNN flow training:  82%|████████▏ | 82/100 [06:16<01:21,  4.53s/epoch, best=7.784e+01, sign=0.172, train=7.953e+01, val=7.868e+01]
GNN flow training:  83%|████████▎ | 83/100 [06:16<01:17,  4.53s/epoch, best=7.784e+01, sign=0.172, train=7.953e+01, val=7.868e+01]
GNN flow training:  83%|████████▎ | 83/100 [06:20<01:17,  4.53s/epoch, best=7.784e+01, sign=0.173, train=7.868e+01, val=7.862e+01]
GNN flow training:  84%|████████▍ | 84/100 [06:20<01:12,  4.53s/epoch, best=7.784e+01, sign=0.173, train=7.868e+01, val=7.862e+01]
GNN flow training:  84%|████████▍ | 84/100 [06:25<01:12,  4.53s/epoch, best=7.784e+01, sign=0.173, train=7.862e+01, val=7.683e+01]
GNN flow training:  85%|████████▌ | 85/100 [06:25<01:07,  4.53s/epoch, best=7.784e+01, sign=0.173, train=7.862e+01, val=7.683e+01]
GNN flow training:  85%|████████▌ | 85/100 [06:29<01:07,  4.53s/epoch, best=7.683e+01, sign=0.172, train=7.683e+01, val=7.969e+01]
GNN flow training:  86%|████████▌ | 86/100 [06:29<01:03,  4.53s/epoch, best=7.683e+01, sign=0.172, train=7.683e+01, val=7.969e+01]
GNN flow training:  86%|████████▌ | 86/100 [06:34<01:03,  4.53s/epoch, best=7.683e+01, sign=0.170, train=7.969e+01, val=8.052e+01]
GNN flow training:  87%|████████▋ | 87/100 [06:34<00:58,  4.53s/epoch, best=7.683e+01, sign=0.170, train=7.969e+01, val=8.052e+01]
GNN flow training:  87%|████████▋ | 87/100 [06:38<00:58,  4.53s/epoch, best=7.683e+01, sign=0.170, train=8.052e+01, val=8.376e+01]
GNN flow training:  88%|████████▊ | 88/100 [06:38<00:54,  4.53s/epoch, best=7.683e+01, sign=0.170, train=8.052e+01, val=8.376e+01]
GNN flow training:  88%|████████▊ | 88/100 [06:43<00:54,  4.53s/epoch, best=7.683e+01, sign=0.171, train=8.375e+01, val=8.377e+01]
GNN flow training:  89%|████████▉ | 89/100 [06:43<00:49,  4.53s/epoch, best=7.683e+01, sign=0.171, train=8.375e+01, val=8.377e+01]
GNN flow training:  89%|████████▉ | 89/100 [06:47<00:49,  4.53s/epoch, best=7.683e+01, sign=0.171, train=8.377e+01, val=8.011e+01]
GNN flow training:  90%|█████████ | 90/100 [06:47<00:45,  4.53s/epoch, best=7.683e+01, sign=0.171, train=8.377e+01, val=8.011e+01]
GNN flow training:  90%|█████████ | 90/100 [06:52<00:45,  4.53s/epoch, best=7.683e+01, sign=0.171, train=8.010e+01, val=7.810e+01]
GNN flow training:  91%|█████████ | 91/100 [06:52<00:40,  4.53s/epoch, best=7.683e+01, sign=0.171, train=8.010e+01, val=7.810e+01]
GNN flow training:  91%|█████████ | 91/100 [06:57<00:40,  4.53s/epoch, best=7.683e+01, sign=0.172, train=7.810e+01, val=7.772e+01]
GNN flow training:  92%|█████████▏| 92/100 [06:57<00:36,  4.53s/epoch, best=7.683e+01, sign=0.172, train=7.810e+01, val=7.772e+01]
GNN flow training:  92%|█████████▏| 92/100 [07:01<00:36,  4.53s/epoch, best=7.683e+01, sign=0.173, train=7.772e+01, val=7.771e+01]
GNN flow training:  93%|█████████▎| 93/100 [07:01<00:31,  4.53s/epoch, best=7.683e+01, sign=0.173, train=7.772e+01, val=7.771e+01]
GNN flow training:  93%|█████████▎| 93/100 [07:06<00:31,  4.53s/epoch, best=7.683e+01, sign=0.172, train=7.771e+01, val=7.998e+01]
GNN flow training:  94%|█████████▍| 94/100 [07:06<00:27,  4.53s/epoch, best=7.683e+01, sign=0.172, train=7.771e+01, val=7.998e+01]
GNN flow training:  94%|█████████▍| 94/100 [07:10<00:27,  4.53s/epoch, best=7.683e+01, sign=0.172, train=7.998e+01, val=7.880e+01]
GNN flow training:  95%|█████████▌| 95/100 [07:10<00:22,  4.54s/epoch, best=7.683e+01, sign=0.172, train=7.998e+01, val=7.880e+01]
GNN flow training:  95%|█████████▌| 95/100 [07:15<00:22,  4.54s/epoch, best=7.683e+01, sign=0.171, train=7.880e+01, val=7.979e+01]
GNN flow training:  96%|█████████▌| 96/100 [07:15<00:18,  4.55s/epoch, best=7.683e+01, sign=0.171, train=7.880e+01, val=7.979e+01]
GNN flow training:  96%|█████████▌| 96/100 [07:19<00:18,  4.55s/epoch, best=7.683e+01, sign=0.171, train=7.978e+01, val=8.122e+01]
GNN flow training:  97%|█████████▋| 97/100 [07:19<00:13,  4.55s/epoch, best=7.683e+01, sign=0.171, train=7.978e+01, val=8.122e+01]
GNN flow training:  97%|█████████▋| 97/100 [07:24<00:13,  4.55s/epoch, best=7.683e+01, sign=0.170, train=8.122e+01, val=8.333e+01]
GNN flow training:  98%|█████████▊| 98/100 [07:24<00:09,  4.54s/epoch, best=7.683e+01, sign=0.170, train=8.122e+01, val=8.333e+01]
GNN flow training:  98%|█████████▊| 98/100 [07:28<00:09,  4.54s/epoch, best=7.683e+01, sign=0.169, train=8.333e+01, val=8.482e+01]
GNN flow training:  99%|█████████▉| 99/100 [07:28<00:04,  4.54s/epoch, best=7.683e+01, sign=0.169, train=8.333e+01, val=8.482e+01]
GNN flow training:  99%|█████████▉| 99/100 [07:33<00:04,  4.54s/epoch, best=7.683e+01, sign=0.168, train=8.482e+01, val=8.692e+01]
GNN flow training: 100%|██████████| 100/100 [07:33<00:00,  4.54s/epoch, best=7.683e+01, sign=0.168, train=8.482e+01, val=8.692e+01]
GNN flow training: 100%|██████████| 100/100 [07:33<00:00,  4.53s/epoch, best=7.683e+01, sign=0.168, train=8.482e+01, val=8.692e+01]
Resolved config snapshot:
{'preset': 'solver_QKB_outer_QKBdelta', 'gnn_outer_losses': {'flow': 0.1, 'kirchhoff': 100.0, 'boundary': 100.0, 'delta_l2': 10.0, 'delta_smooth': 0.0, 'pressure_shape': 0.0}, 'physics': {'arterial_flow_mode': 'dataset', 'pressure_constraints': ['equal-a-equal-v'], 'alpha_pa': None, 'use_snr_weights': True, 'use_observed_flow_snr_weighting': True, 'flow_scale_mode': 'median_abs', 'solver_device': 'same', 'pressure_solver_mode': 'reduced-soft-constrained-lstsq', 'pressure_solver_lambda_kirchhoff': 1.0, 'pressure_solver_lambda_pressure_constraints': 100.0, 'pressure_solver_lambda_flow_residual': 1.0, 'pressure_shape_reference': 'delta_zero_reference', 'pressure_detach': False}, 'correction_bounds': {'correction_min': -0.5, 'correction_max': 0.5, 'correction_bound': 0.5, 'correction_parameterization': 'tanh'}, 'optimization': {'learning_rate': 0.001, 'weight_decay': 0.0001, 'gradient_clip_norm': 5.0, 'optimizer': 'adamw', 'epochs': 100, 'patience': 40}}
Shard 15/80: 1 of 80 runs
Command: /mnt/home/sswee/miniforge3/envs/yolk-sac/bin/python /mnt/home/sswee/yolk/Yolk-Sac-Flow-Data-and-Sim/gnn_clean/scripts/python/gnn_flow.py /mnt/home/sswee/yolk/Yolk-Sac-Flow-Data-and-Sim/gnn_clean/datasets/mosaic_graph_norm_canonical.gpickle --output-dir /mnt/home/sswee/yolk/Yolk-Sac-Flow-Data-and-Sim/gnn_clean/outputs_canonical_norm/dc/02_physics_weight_sweep/gnn --run-name q_0p1__k_100__delta_10 --preset solver_QKB_outer_QKBdelta --device cuda --epochs 100 --seed 0 --viscosity-pa-s 0.0035 --config /mnt/home/sswee/yolk/Yolk-Sac-Flow-Data-and-Sim/gnn_clean/outputs_canonical_norm/dc/02_physics_weight_sweep/_generated_configs/q_0p1__k_100__delta_10.yaml --no-pressure-detach
