[info] DC Step 2 canonical sweep uses fixed lambda_B=100.0 for both the outer boundary loss and the reduced pressure-solver boundary constraint.

GNN flow training:   0%|          | 0/100 [00:00<?, ?epoch/s]
GNN flow training:   0%|          | 0/100 [00:06<?, ?epoch/s, best=1.737e+01, sign=0.161, train=1.738e+01, val=1.737e+01]
GNN flow training:   1%|          | 1/100 [00:06<10:15,  6.21s/epoch, best=1.737e+01, sign=0.161, train=1.738e+01, val=1.737e+01]
GNN flow training:   1%|          | 1/100 [00:12<10:15,  6.21s/epoch, best=1.737e+01, sign=0.160, train=1.736e+01, val=1.737e+01]
GNN flow training:   2%|▏         | 2/100 [00:12<10:08,  6.21s/epoch, best=1.737e+01, sign=0.160, train=1.736e+01, val=1.737e+01]
GNN flow training:   2%|▏         | 2/100 [00:18<10:08,  6.21s/epoch, best=1.737e+01, sign=0.161, train=1.736e+01, val=1.734e+01]
GNN flow training:   3%|▎         | 3/100 [00:18<09:55,  6.14s/epoch, best=1.737e+01, sign=0.161, train=1.736e+01, val=1.734e+01]
GNN flow training:   3%|▎         | 3/100 [00:24<09:55,  6.14s/epoch, best=1.734e+01, sign=0.159, train=1.732e+01, val=1.733e+01]
GNN flow training:   4%|▍         | 4/100 [00:24<09:47,  6.12s/epoch, best=1.734e+01, sign=0.159, train=1.732e+01, val=1.733e+01]
GNN flow training:   4%|▍         | 4/100 [00:30<09:47,  6.12s/epoch, best=1.733e+01, sign=0.159, train=1.731e+01, val=1.729e+01]
GNN flow training:   5%|▌         | 5/100 [00:30<09:44,  6.15s/epoch, best=1.733e+01, sign=0.159, train=1.731e+01, val=1.729e+01]
GNN flow training:   5%|▌         | 5/100 [00:36<09:44,  6.15s/epoch, best=1.729e+01, sign=0.160, train=1.727e+01, val=1.730e+01]
GNN flow training:   6%|▌         | 6/100 [00:36<09:35,  6.13s/epoch, best=1.729e+01, sign=0.160, train=1.727e+01, val=1.730e+01]
GNN flow training:   6%|▌         | 6/100 [00:43<09:35,  6.13s/epoch, best=1.729e+01, sign=0.161, train=1.728e+01, val=1.726e+01]
GNN flow training:   7%|▋         | 7/100 [00:43<09:30,  6.13s/epoch, best=1.729e+01, sign=0.161, train=1.728e+01, val=1.726e+01]
GNN flow training:   7%|▋         | 7/100 [00:49<09:30,  6.13s/epoch, best=1.726e+01, sign=0.161, train=1.724e+01, val=1.725e+01]
GNN flow training:   8%|▊         | 8/100 [00:49<09:24,  6.13s/epoch, best=1.726e+01, sign=0.161, train=1.724e+01, val=1.725e+01]
GNN flow training:   8%|▊         | 8/100 [00:55<09:24,  6.13s/epoch, best=1.725e+01, sign=0.160, train=1.723e+01, val=1.722e+01]
GNN flow training:   9%|▉         | 9/100 [00:55<09:16,  6.12s/epoch, best=1.725e+01, sign=0.160, train=1.723e+01, val=1.722e+01]
GNN flow training:   9%|▉         | 9/100 [01:01<09:16,  6.12s/epoch, best=1.722e+01, sign=0.160, train=1.720e+01, val=1.719e+01]
GNN flow training:  10%|█         | 10/100 [01:01<09:10,  6.12s/epoch, best=1.722e+01, sign=0.160, train=1.720e+01, val=1.719e+01]
GNN flow training:  10%|█         | 10/100 [01:07<09:10,  6.12s/epoch, best=1.719e+01, sign=0.160, train=1.717e+01, val=1.714e+01]
GNN flow training:  11%|█         | 11/100 [01:07<09:03,  6.11s/epoch, best=1.719e+01, sign=0.160, train=1.717e+01, val=1.714e+01]
GNN flow training:  11%|█         | 11/100 [01:13<09:03,  6.11s/epoch, best=1.714e+01, sign=0.159, train=1.712e+01, val=1.708e+01]
GNN flow training:  12%|█▏        | 12/100 [01:13<08:58,  6.11s/epoch, best=1.714e+01, sign=0.159, train=1.712e+01, val=1.708e+01]
GNN flow training:  12%|█▏        | 12/100 [01:19<08:58,  6.11s/epoch, best=1.708e+01, sign=0.158, train=1.705e+01, val=1.701e+01]
GNN flow training:  13%|█▎        | 13/100 [01:19<08:51,  6.11s/epoch, best=1.708e+01, sign=0.158, train=1.705e+01, val=1.701e+01]
GNN flow training:  13%|█▎        | 13/100 [01:25<08:51,  6.11s/epoch, best=1.701e+01, sign=0.158, train=1.699e+01, val=1.697e+01]
GNN flow training:  14%|█▍        | 14/100 [01:25<08:45,  6.11s/epoch, best=1.701e+01, sign=0.158, train=1.699e+01, val=1.697e+01]
GNN flow training:  14%|█▍        | 14/100 [01:31<08:45,  6.11s/epoch, best=1.697e+01, sign=0.157, train=1.694e+01, val=1.696e+01]
GNN flow training:  15%|█▌        | 15/100 [01:31<08:40,  6.12s/epoch, best=1.697e+01, sign=0.157, train=1.694e+01, val=1.696e+01]
GNN flow training:  15%|█▌        | 15/100 [01:38<08:40,  6.12s/epoch, best=1.696e+01, sign=0.156, train=1.694e+01, val=1.690e+01]
GNN flow training:  16%|█▌        | 16/100 [01:38<08:34,  6.12s/epoch, best=1.696e+01, sign=0.156, train=1.694e+01, val=1.690e+01]
GNN flow training:  16%|█▌        | 16/100 [01:44<08:34,  6.12s/epoch, best=1.690e+01, sign=0.156, train=1.687e+01, val=1.681e+01]
GNN flow training:  17%|█▋        | 17/100 [01:44<08:26,  6.11s/epoch, best=1.690e+01, sign=0.156, train=1.687e+01, val=1.681e+01]
GNN flow training:  17%|█▋        | 17/100 [01:50<08:26,  6.11s/epoch, best=1.681e+01, sign=0.156, train=1.678e+01, val=1.678e+01]
GNN flow training:  18%|█▊        | 18/100 [01:50<08:23,  6.13s/epoch, best=1.681e+01, sign=0.156, train=1.678e+01, val=1.678e+01]
GNN flow training:  18%|█▊        | 18/100 [01:56<08:23,  6.13s/epoch, best=1.678e+01, sign=0.155, train=1.675e+01, val=1.669e+01]
GNN flow training:  19%|█▉        | 19/100 [01:56<08:15,  6.12s/epoch, best=1.678e+01, sign=0.155, train=1.675e+01, val=1.669e+01]
GNN flow training:  19%|█▉        | 19/100 [02:02<08:15,  6.12s/epoch, best=1.669e+01, sign=0.155, train=1.666e+01, val=1.656e+01]
GNN flow training:  20%|██        | 20/100 [02:02<08:08,  6.10s/epoch, best=1.669e+01, sign=0.155, train=1.666e+01, val=1.656e+01]
GNN flow training:  20%|██        | 20/100 [02:08<08:08,  6.10s/epoch, best=1.656e+01, sign=0.155, train=1.653e+01, val=1.644e+01]
GNN flow training:  21%|██        | 21/100 [02:08<08:02,  6.10s/epoch, best=1.656e+01, sign=0.155, train=1.653e+01, val=1.644e+01]
GNN flow training:  21%|██        | 21/100 [02:14<08:02,  6.10s/epoch, best=1.644e+01, sign=0.153, train=1.641e+01, val=1.639e+01]
GNN flow training:  22%|██▏       | 22/100 [02:14<07:55,  6.10s/epoch, best=1.644e+01, sign=0.153, train=1.641e+01, val=1.639e+01]
GNN flow training:  22%|██▏       | 22/100 [02:20<07:55,  6.10s/epoch, best=1.639e+01, sign=0.153, train=1.636e+01, val=1.627e+01]
GNN flow training:  23%|██▎       | 23/100 [02:20<07:50,  6.11s/epoch, best=1.639e+01, sign=0.153, train=1.636e+01, val=1.627e+01]
GNN flow training:  23%|██▎       | 23/100 [02:26<07:50,  6.11s/epoch, best=1.627e+01, sign=0.154, train=1.624e+01, val=1.618e+01]
GNN flow training:  24%|██▍       | 24/100 [02:26<07:45,  6.12s/epoch, best=1.627e+01, sign=0.154, train=1.624e+01, val=1.618e+01]
GNN flow training:  24%|██▍       | 24/100 [02:33<07:45,  6.12s/epoch, best=1.618e+01, sign=0.153, train=1.614e+01, val=1.600e+01]
GNN flow training:  25%|██▌       | 25/100 [02:33<07:40,  6.14s/epoch, best=1.618e+01, sign=0.153, train=1.614e+01, val=1.600e+01]
GNN flow training:  25%|██▌       | 25/100 [02:39<07:40,  6.14s/epoch, best=1.600e+01, sign=0.153, train=1.596e+01, val=1.589e+01]
GNN flow training:  26%|██▌       | 26/100 [02:39<07:33,  6.13s/epoch, best=1.600e+01, sign=0.153, train=1.596e+01, val=1.589e+01]
GNN flow training:  26%|██▌       | 26/100 [02:45<07:33,  6.13s/epoch, best=1.589e+01, sign=0.153, train=1.584e+01, val=1.576e+01]
GNN flow training:  27%|██▋       | 27/100 [02:45<07:27,  6.13s/epoch, best=1.589e+01, sign=0.153, train=1.584e+01, val=1.576e+01]
GNN flow training:  27%|██▋       | 27/100 [02:51<07:27,  6.13s/epoch, best=1.576e+01, sign=0.153, train=1.571e+01, val=1.556e+01]
GNN flow training:  28%|██▊       | 28/100 [02:51<07:21,  6.13s/epoch, best=1.576e+01, sign=0.153, train=1.571e+01, val=1.556e+01]
GNN flow training:  28%|██▊       | 28/100 [02:57<07:21,  6.13s/epoch, best=1.556e+01, sign=0.153, train=1.550e+01, val=1.535e+01]
GNN flow training:  29%|██▉       | 29/100 [02:57<07:14,  6.12s/epoch, best=1.556e+01, sign=0.153, train=1.550e+01, val=1.535e+01]
GNN flow training:  29%|██▉       | 29/100 [03:03<07:14,  6.12s/epoch, best=1.535e+01, sign=0.153, train=1.529e+01, val=1.511e+01]
GNN flow training:  30%|███       | 30/100 [03:03<07:08,  6.12s/epoch, best=1.535e+01, sign=0.153, train=1.529e+01, val=1.511e+01]
GNN flow training:  30%|███       | 30/100 [03:09<07:08,  6.12s/epoch, best=1.511e+01, sign=0.154, train=1.505e+01, val=1.490e+01]
GNN flow training:  31%|███       | 31/100 [03:09<07:03,  6.13s/epoch, best=1.511e+01, sign=0.154, train=1.505e+01, val=1.490e+01]
GNN flow training:  31%|███       | 31/100 [03:15<07:03,  6.13s/epoch, best=1.490e+01, sign=0.154, train=1.484e+01, val=1.486e+01]
GNN flow training:  32%|███▏      | 32/100 [03:15<06:56,  6.12s/epoch, best=1.490e+01, sign=0.154, train=1.484e+01, val=1.486e+01]
GNN flow training:  32%|███▏      | 32/100 [03:22<06:56,  6.12s/epoch, best=1.486e+01, sign=0.154, train=1.479e+01, val=1.479e+01]
GNN flow training:  33%|███▎      | 33/100 [03:22<06:49,  6.12s/epoch, best=1.486e+01, sign=0.154, train=1.479e+01, val=1.479e+01]
GNN flow training:  33%|███▎      | 33/100 [03:28<06:49,  6.12s/epoch, best=1.479e+01, sign=0.155, train=1.472e+01, val=1.462e+01]
GNN flow training:  34%|███▍      | 34/100 [03:28<06:43,  6.12s/epoch, best=1.479e+01, sign=0.155, train=1.472e+01, val=1.462e+01]
GNN flow training:  34%|███▍      | 34/100 [03:34<06:43,  6.12s/epoch, best=1.462e+01, sign=0.155, train=1.455e+01, val=1.447e+01]
GNN flow training:  35%|███▌      | 35/100 [03:34<06:37,  6.11s/epoch, best=1.462e+01, sign=0.155, train=1.455e+01, val=1.447e+01]
GNN flow training:  35%|███▌      | 35/100 [03:40<06:37,  6.11s/epoch, best=1.447e+01, sign=0.156, train=1.440e+01, val=1.436e+01]
GNN flow training:  36%|███▌      | 36/100 [03:40<06:31,  6.12s/epoch, best=1.447e+01, sign=0.156, train=1.440e+01, val=1.436e+01]
GNN flow training:  36%|███▌      | 36/100 [03:46<06:31,  6.12s/epoch, best=1.436e+01, sign=0.155, train=1.428e+01, val=1.427e+01]
GNN flow training:  37%|███▋      | 37/100 [03:46<06:25,  6.12s/epoch, best=1.436e+01, sign=0.155, train=1.428e+01, val=1.427e+01]
GNN flow training:  37%|███▋      | 37/100 [03:52<06:25,  6.12s/epoch, best=1.427e+01, sign=0.154, train=1.419e+01, val=1.422e+01]
GNN flow training:  38%|███▊      | 38/100 [03:52<06:19,  6.11s/epoch, best=1.427e+01, sign=0.154, train=1.419e+01, val=1.422e+01]
GNN flow training:  38%|███▊      | 38/100 [03:58<06:19,  6.11s/epoch, best=1.422e+01, sign=0.155, train=1.414e+01, val=1.418e+01]
GNN flow training:  39%|███▉      | 39/100 [03:58<06:14,  6.14s/epoch, best=1.422e+01, sign=0.155, train=1.414e+01, val=1.418e+01]
GNN flow training:  39%|███▉      | 39/100 [04:04<06:14,  6.14s/epoch, best=1.418e+01, sign=0.156, train=1.410e+01, val=1.405e+01]
GNN flow training:  40%|████      | 40/100 [04:04<06:07,  6.13s/epoch, best=1.418e+01, sign=0.156, train=1.410e+01, val=1.405e+01]
GNN flow training:  40%|████      | 40/100 [04:11<06:07,  6.13s/epoch, best=1.405e+01, sign=0.158, train=1.396e+01, val=1.394e+01]
GNN flow training:  41%|████      | 41/100 [04:11<06:01,  6.13s/epoch, best=1.405e+01, sign=0.158, train=1.396e+01, val=1.394e+01]
GNN flow training:  41%|████      | 41/100 [04:17<06:01,  6.13s/epoch, best=1.394e+01, sign=0.158, train=1.385e+01, val=1.376e+01]
GNN flow training:  42%|████▏     | 42/100 [04:17<05:56,  6.14s/epoch, best=1.394e+01, sign=0.158, train=1.385e+01, val=1.376e+01]
GNN flow training:  42%|████▏     | 42/100 [04:23<05:56,  6.14s/epoch, best=1.376e+01, sign=0.159, train=1.366e+01, val=1.347e+01]
GNN flow training:  43%|████▎     | 43/100 [04:23<05:49,  6.12s/epoch, best=1.376e+01, sign=0.159, train=1.366e+01, val=1.347e+01]
GNN flow training:  43%|████▎     | 43/100 [04:29<05:49,  6.12s/epoch, best=1.347e+01, sign=0.159, train=1.336e+01, val=1.315e+01]
GNN flow training:  44%|████▍     | 44/100 [04:29<05:42,  6.12s/epoch, best=1.347e+01, sign=0.159, train=1.336e+01, val=1.315e+01]
GNN flow training:  44%|████▍     | 44/100 [04:35<05:42,  6.12s/epoch, best=1.315e+01, sign=0.159, train=1.303e+01, val=1.300e+01]
GNN flow training:  45%|████▌     | 45/100 [04:35<05:36,  6.12s/epoch, best=1.315e+01, sign=0.159, train=1.303e+01, val=1.300e+01]
GNN flow training:  45%|████▌     | 45/100 [04:41<05:36,  6.12s/epoch, best=1.300e+01, sign=0.160, train=1.288e+01, val=1.286e+01]
GNN flow training:  46%|████▌     | 46/100 [04:41<05:30,  6.11s/epoch, best=1.300e+01, sign=0.160, train=1.288e+01, val=1.286e+01]
GNN flow training:  46%|████▌     | 46/100 [04:47<05:30,  6.11s/epoch, best=1.286e+01, sign=0.159, train=1.273e+01, val=1.276e+01]
GNN flow training:  47%|████▋     | 47/100 [04:47<05:23,  6.11s/epoch, best=1.286e+01, sign=0.159, train=1.273e+01, val=1.276e+01]
GNN flow training:  47%|████▋     | 47/100 [04:53<05:23,  6.11s/epoch, best=1.276e+01, sign=0.160, train=1.262e+01, val=1.273e+01]
GNN flow training:  48%|████▊     | 48/100 [04:53<05:17,  6.11s/epoch, best=1.276e+01, sign=0.160, train=1.262e+01, val=1.273e+01]
GNN flow training:  48%|████▊     | 48/100 [05:00<05:17,  6.11s/epoch, best=1.273e+01, sign=0.160, train=1.258e+01, val=1.278e+01]
GNN flow training:  49%|████▉     | 49/100 [05:00<05:12,  6.13s/epoch, best=1.273e+01, sign=0.160, train=1.258e+01, val=1.278e+01]
GNN flow training:  49%|████▉     | 49/100 [05:06<05:12,  6.13s/epoch, best=1.273e+01, sign=0.161, train=1.263e+01, val=1.289e+01]
GNN flow training:  50%|█████     | 50/100 [05:06<05:06,  6.13s/epoch, best=1.273e+01, sign=0.161, train=1.263e+01, val=1.289e+01]
GNN flow training:  50%|█████     | 50/100 [05:12<05:06,  6.13s/epoch, best=1.273e+01, sign=0.161, train=1.274e+01, val=1.296e+01]
GNN flow training:  51%|█████     | 51/100 [05:12<05:00,  6.14s/epoch, best=1.273e+01, sign=0.161, train=1.274e+01, val=1.296e+01]
GNN flow training:  51%|█████     | 51/100 [05:18<05:00,  6.14s/epoch, best=1.273e+01, sign=0.160, train=1.280e+01, val=1.310e+01]
GNN flow training:  52%|█████▏    | 52/100 [05:18<04:54,  6.13s/epoch, best=1.273e+01, sign=0.160, train=1.280e+01, val=1.310e+01]
GNN flow training:  52%|█████▏    | 52/100 [05:24<04:54,  6.13s/epoch, best=1.273e+01, sign=0.159, train=1.295e+01, val=1.352e+01]
GNN flow training:  53%|█████▎    | 53/100 [05:24<04:48,  6.14s/epoch, best=1.273e+01, sign=0.159, train=1.295e+01, val=1.352e+01]
GNN flow training:  53%|█████▎    | 53/100 [05:30<04:48,  6.14s/epoch, best=1.273e+01, sign=0.158, train=1.338e+01, val=1.387e+01]
GNN flow training:  54%|█████▍    | 54/100 [05:30<04:43,  6.16s/epoch, best=1.273e+01, sign=0.158, train=1.338e+01, val=1.387e+01]
GNN flow training:  54%|█████▍    | 54/100 [05:36<04:43,  6.16s/epoch, best=1.273e+01, sign=0.157, train=1.373e+01, val=1.414e+01]
GNN flow training:  55%|█████▌    | 55/100 [05:36<04:36,  6.15s/epoch, best=1.273e+01, sign=0.157, train=1.373e+01, val=1.414e+01]
GNN flow training:  55%|█████▌    | 55/100 [05:43<04:36,  6.15s/epoch, best=1.273e+01, sign=0.159, train=1.399e+01, val=1.392e+01]
GNN flow training:  56%|█████▌    | 56/100 [05:43<04:30,  6.15s/epoch, best=1.273e+01, sign=0.159, train=1.399e+01, val=1.392e+01]
GNN flow training:  56%|█████▌    | 56/100 [05:49<04:30,  6.15s/epoch, best=1.273e+01, sign=0.163, train=1.377e+01, val=1.326e+01]
GNN flow training:  57%|█████▋    | 57/100 [05:49<04:24,  6.15s/epoch, best=1.273e+01, sign=0.163, train=1.377e+01, val=1.326e+01]
GNN flow training:  57%|█████▋    | 57/100 [05:55<04:24,  6.15s/epoch, best=1.273e+01, sign=0.166, train=1.309e+01, val=1.253e+01]
GNN flow training:  58%|█████▊    | 58/100 [05:55<04:18,  6.15s/epoch, best=1.273e+01, sign=0.166, train=1.309e+01, val=1.253e+01]
GNN flow training:  58%|█████▊    | 58/100 [06:01<04:18,  6.15s/epoch, best=1.253e+01, sign=0.170, train=1.234e+01, val=1.220e+01]
GNN flow training:  59%|█████▉    | 59/100 [06:01<04:12,  6.15s/epoch, best=1.253e+01, sign=0.170, train=1.234e+01, val=1.220e+01]
GNN flow training:  59%|█████▉    | 59/100 [06:07<04:12,  6.15s/epoch, best=1.220e+01, sign=0.171, train=1.199e+01, val=1.208e+01]
GNN flow training:  60%|██████    | 60/100 [06:07<04:06,  6.16s/epoch, best=1.220e+01, sign=0.171, train=1.199e+01, val=1.208e+01]
GNN flow training:  60%|██████    | 60/100 [06:13<04:06,  6.16s/epoch, best=1.208e+01, sign=0.171, train=1.187e+01, val=1.198e+01]
GNN flow training:  61%|██████    | 61/100 [06:13<03:59,  6.14s/epoch, best=1.208e+01, sign=0.171, train=1.187e+01, val=1.198e+01]
GNN flow training:  61%|██████    | 61/100 [06:19<03:59,  6.14s/epoch, best=1.198e+01, sign=0.172, train=1.176e+01, val=1.182e+01]
GNN flow training:  62%|██████▏   | 62/100 [06:19<03:53,  6.14s/epoch, best=1.198e+01, sign=0.172, train=1.176e+01, val=1.182e+01]
GNN flow training:  62%|██████▏   | 62/100 [06:26<03:53,  6.14s/epoch, best=1.182e+01, sign=0.171, train=1.159e+01, val=1.183e+01]
GNN flow training:  63%|██████▎   | 63/100 [06:26<03:47,  6.16s/epoch, best=1.182e+01, sign=0.171, train=1.159e+01, val=1.183e+01]
GNN flow training:  63%|██████▎   | 63/100 [06:32<03:47,  6.16s/epoch, best=1.182e+01, sign=0.169, train=1.160e+01, val=1.215e+01]
GNN flow training:  64%|██████▍   | 64/100 [06:32<03:41,  6.15s/epoch, best=1.182e+01, sign=0.169, train=1.160e+01, val=1.215e+01]
GNN flow training:  64%|██████▍   | 64/100 [06:38<03:41,  6.15s/epoch, best=1.182e+01, sign=0.169, train=1.192e+01, val=1.218e+01]
GNN flow training:  65%|██████▌   | 65/100 [06:38<03:34,  6.13s/epoch, best=1.182e+01, sign=0.169, train=1.192e+01, val=1.218e+01]
GNN flow training:  65%|██████▌   | 65/100 [06:44<03:34,  6.13s/epoch, best=1.182e+01, sign=0.171, train=1.195e+01, val=1.200e+01]
GNN flow training:  66%|██████▌   | 66/100 [06:44<03:28,  6.15s/epoch, best=1.182e+01, sign=0.171, train=1.195e+01, val=1.200e+01]
GNN flow training:  66%|██████▌   | 66/100 [06:50<03:28,  6.15s/epoch, best=1.182e+01, sign=0.171, train=1.177e+01, val=1.187e+01]
GNN flow training:  67%|██████▋   | 67/100 [06:50<03:22,  6.13s/epoch, best=1.182e+01, sign=0.171, train=1.177e+01, val=1.187e+01]
GNN flow training:  67%|██████▋   | 67/100 [06:56<03:22,  6.13s/epoch, best=1.182e+01, sign=0.170, train=1.164e+01, val=1.195e+01]
GNN flow training:  68%|██████▊   | 68/100 [06:56<03:16,  6.13s/epoch, best=1.182e+01, sign=0.170, train=1.164e+01, val=1.195e+01]
GNN flow training:  68%|██████▊   | 68/100 [07:02<03:16,  6.13s/epoch, best=1.182e+01, sign=0.171, train=1.172e+01, val=1.206e+01]
GNN flow training:  69%|██████▉   | 69/100 [07:02<03:09,  6.12s/epoch, best=1.182e+01, sign=0.171, train=1.172e+01, val=1.206e+01]
GNN flow training:  69%|██████▉   | 69/100 [07:08<03:09,  6.12s/epoch, best=1.182e+01, sign=0.170, train=1.182e+01, val=1.229e+01]
GNN flow training:  70%|███████   | 70/100 [07:08<03:03,  6.11s/epoch, best=1.182e+01, sign=0.170, train=1.182e+01, val=1.229e+01]
GNN flow training:  70%|███████   | 70/100 [07:15<03:03,  6.11s/epoch, best=1.182e+01, sign=0.169, train=1.206e+01, val=1.241e+01]
GNN flow training:  71%|███████   | 71/100 [07:15<02:57,  6.11s/epoch, best=1.182e+01, sign=0.169, train=1.206e+01, val=1.241e+01]
GNN flow training:  71%|███████   | 71/100 [07:21<02:57,  6.11s/epoch, best=1.182e+01, sign=0.170, train=1.218e+01, val=1.237e+01]
GNN flow training:  72%|███████▏  | 72/100 [07:21<02:51,  6.12s/epoch, best=1.182e+01, sign=0.170, train=1.218e+01, val=1.237e+01]
GNN flow training:  72%|███████▏  | 72/100 [07:27<02:51,  6.12s/epoch, best=1.182e+01, sign=0.170, train=1.214e+01, val=1.237e+01]
GNN flow training:  73%|███████▎  | 73/100 [07:27<02:45,  6.12s/epoch, best=1.182e+01, sign=0.170, train=1.214e+01, val=1.237e+01]
GNN flow training:  73%|███████▎  | 73/100 [07:33<02:45,  6.12s/epoch, best=1.182e+01, sign=0.170, train=1.213e+01, val=1.223e+01]
GNN flow training:  74%|███████▍  | 74/100 [07:33<02:38,  6.10s/epoch, best=1.182e+01, sign=0.170, train=1.213e+01, val=1.223e+01]
GNN flow training:  74%|███████▍  | 74/100 [07:39<02:38,  6.10s/epoch, best=1.182e+01, sign=0.171, train=1.198e+01, val=1.206e+01]
GNN flow training:  75%|███████▌  | 75/100 [07:39<02:32,  6.10s/epoch, best=1.182e+01, sign=0.171, train=1.198e+01, val=1.206e+01]
GNN flow training:  75%|███████▌  | 75/100 [07:45<02:32,  6.10s/epoch, best=1.182e+01, sign=0.171, train=1.181e+01, val=1.202e+01]
GNN flow training:  76%|███████▌  | 76/100 [07:45<02:26,  6.11s/epoch, best=1.182e+01, sign=0.171, train=1.181e+01, val=1.202e+01]
GNN flow training:  76%|███████▌  | 76/100 [07:51<02:26,  6.11s/epoch, best=1.182e+01, sign=0.171, train=1.177e+01, val=1.192e+01]
GNN flow training:  77%|███████▋  | 77/100 [07:51<02:20,  6.12s/epoch, best=1.182e+01, sign=0.171, train=1.177e+01, val=1.192e+01]
GNN flow training:  77%|███████▋  | 77/100 [07:57<02:20,  6.12s/epoch, best=1.182e+01, sign=0.171, train=1.167e+01, val=1.181e+01]
GNN flow training:  78%|███████▊  | 78/100 [07:57<02:14,  6.13s/epoch, best=1.182e+01, sign=0.171, train=1.167e+01, val=1.181e+01]
GNN flow training:  78%|███████▊  | 78/100 [08:04<02:14,  6.13s/epoch, best=1.181e+01, sign=0.172, train=1.156e+01, val=1.178e+01]
GNN flow training:  79%|███████▉  | 79/100 [08:04<02:09,  6.15s/epoch, best=1.181e+01, sign=0.172, train=1.156e+01, val=1.178e+01]
GNN flow training:  79%|███████▉  | 79/100 [08:10<02:09,  6.15s/epoch, best=1.178e+01, sign=0.172, train=1.153e+01, val=1.179e+01]
GNN flow training:  80%|████████  | 80/100 [08:10<02:03,  6.16s/epoch, best=1.178e+01, sign=0.172, train=1.153e+01, val=1.179e+01]
GNN flow training:  80%|████████  | 80/100 [08:16<02:03,  6.16s/epoch, best=1.178e+01, sign=0.172, train=1.154e+01, val=1.192e+01]
GNN flow training:  81%|████████  | 81/100 [08:16<01:56,  6.15s/epoch, best=1.178e+01, sign=0.172, train=1.154e+01, val=1.192e+01]
GNN flow training:  81%|████████  | 81/100 [08:22<01:56,  6.15s/epoch, best=1.178e+01, sign=0.171, train=1.167e+01, val=1.215e+01]
GNN flow training:  82%|████████▏ | 82/100 [08:22<01:50,  6.15s/epoch, best=1.178e+01, sign=0.171, train=1.167e+01, val=1.215e+01]
GNN flow training:  82%|████████▏ | 82/100 [08:28<01:50,  6.15s/epoch, best=1.178e+01, sign=0.170, train=1.191e+01, val=1.216e+01]
GNN flow training:  83%|████████▎ | 83/100 [08:28<01:44,  6.16s/epoch, best=1.178e+01, sign=0.170, train=1.191e+01, val=1.216e+01]
GNN flow training:  83%|████████▎ | 83/100 [08:34<01:44,  6.16s/epoch, best=1.178e+01, sign=0.170, train=1.192e+01, val=1.215e+01]
GNN flow training:  84%|████████▍ | 84/100 [08:34<01:38,  6.15s/epoch, best=1.178e+01, sign=0.170, train=1.192e+01, val=1.215e+01]
GNN flow training:  84%|████████▍ | 84/100 [08:40<01:38,  6.15s/epoch, best=1.178e+01, sign=0.172, train=1.191e+01, val=1.197e+01]
GNN flow training:  85%|████████▌ | 85/100 [08:40<01:32,  6.14s/epoch, best=1.178e+01, sign=0.172, train=1.191e+01, val=1.197e+01]
GNN flow training:  85%|████████▌ | 85/100 [08:47<01:32,  6.14s/epoch, best=1.178e+01, sign=0.172, train=1.173e+01, val=1.197e+01]
GNN flow training:  86%|████████▌ | 86/100 [08:47<01:25,  6.14s/epoch, best=1.178e+01, sign=0.172, train=1.173e+01, val=1.197e+01]
GNN flow training:  86%|████████▌ | 86/100 [08:53<01:25,  6.14s/epoch, best=1.178e+01, sign=0.169, train=1.173e+01, val=1.231e+01]
GNN flow training:  87%|████████▋ | 87/100 [08:53<01:19,  6.13s/epoch, best=1.178e+01, sign=0.169, train=1.173e+01, val=1.231e+01]
GNN flow training:  87%|████████▋ | 87/100 [08:59<01:19,  6.13s/epoch, best=1.178e+01, sign=0.167, train=1.208e+01, val=1.256e+01]
GNN flow training:  88%|████████▊ | 88/100 [08:59<01:13,  6.14s/epoch, best=1.178e+01, sign=0.167, train=1.208e+01, val=1.256e+01]
GNN flow training:  88%|████████▊ | 88/100 [09:05<01:13,  6.14s/epoch, best=1.178e+01, sign=0.167, train=1.234e+01, val=1.259e+01]
GNN flow training:  89%|████████▉ | 89/100 [09:05<01:07,  6.15s/epoch, best=1.178e+01, sign=0.167, train=1.234e+01, val=1.259e+01]
GNN flow training:  89%|████████▉ | 89/100 [09:11<01:07,  6.15s/epoch, best=1.178e+01, sign=0.166, train=1.236e+01, val=1.239e+01]
GNN flow training:  90%|█████████ | 90/100 [09:11<01:01,  6.15s/epoch, best=1.178e+01, sign=0.166, train=1.236e+01, val=1.239e+01]
GNN flow training:  90%|█████████ | 90/100 [09:17<01:01,  6.15s/epoch, best=1.178e+01, sign=0.168, train=1.216e+01, val=1.210e+01]
GNN flow training:  91%|█████████ | 91/100 [09:17<00:55,  6.14s/epoch, best=1.178e+01, sign=0.168, train=1.216e+01, val=1.210e+01]
GNN flow training:  91%|█████████ | 91/100 [09:23<00:55,  6.14s/epoch, best=1.178e+01, sign=0.170, train=1.187e+01, val=1.187e+01]
GNN flow training:  92%|█████████▏| 92/100 [09:23<00:49,  6.14s/epoch, best=1.178e+01, sign=0.170, train=1.187e+01, val=1.187e+01]
GNN flow training:  92%|█████████▏| 92/100 [09:30<00:49,  6.14s/epoch, best=1.178e+01, sign=0.170, train=1.163e+01, val=1.188e+01]
GNN flow training:  93%|█████████▎| 93/100 [09:30<00:42,  6.14s/epoch, best=1.178e+01, sign=0.170, train=1.163e+01, val=1.188e+01]
GNN flow training:  93%|█████████▎| 93/100 [09:36<00:42,  6.14s/epoch, best=1.178e+01, sign=0.169, train=1.164e+01, val=1.205e+01]
GNN flow training:  94%|█████████▍| 94/100 [09:36<00:36,  6.14s/epoch, best=1.178e+01, sign=0.169, train=1.164e+01, val=1.205e+01]
GNN flow training:  94%|█████████▍| 94/100 [09:42<00:36,  6.14s/epoch, best=1.178e+01, sign=0.168, train=1.183e+01, val=1.224e+01]
GNN flow training:  95%|█████████▌| 95/100 [09:42<00:30,  6.13s/epoch, best=1.178e+01, sign=0.168, train=1.183e+01, val=1.224e+01]
GNN flow training:  95%|█████████▌| 95/100 [09:48<00:30,  6.13s/epoch, best=1.178e+01, sign=0.167, train=1.202e+01, val=1.240e+01]
GNN flow training:  96%|█████████▌| 96/100 [09:48<00:24,  6.15s/epoch, best=1.178e+01, sign=0.167, train=1.202e+01, val=1.240e+01]
GNN flow training:  96%|█████████▌| 96/100 [09:54<00:24,  6.15s/epoch, best=1.178e+01, sign=0.167, train=1.219e+01, val=1.236e+01]
GNN flow training:  97%|█████████▋| 97/100 [09:54<00:18,  6.15s/epoch, best=1.178e+01, sign=0.167, train=1.219e+01, val=1.236e+01]
GNN flow training:  97%|█████████▋| 97/100 [10:00<00:18,  6.15s/epoch, best=1.178e+01, sign=0.168, train=1.215e+01, val=1.223e+01]
GNN flow training:  98%|█████████▊| 98/100 [10:00<00:12,  6.13s/epoch, best=1.178e+01, sign=0.168, train=1.215e+01, val=1.223e+01]
GNN flow training:  98%|█████████▊| 98/100 [10:06<00:12,  6.13s/epoch, best=1.178e+01, sign=0.169, train=1.201e+01, val=1.206e+01]
GNN flow training:  99%|█████████▉| 99/100 [10:06<00:06,  6.13s/epoch, best=1.178e+01, sign=0.169, train=1.201e+01, val=1.206e+01]
GNN flow training:  99%|█████████▉| 99/100 [10:13<00:06,  6.13s/epoch, best=1.178e+01, sign=0.171, train=1.184e+01, val=1.186e+01]
GNN flow training: 100%|██████████| 100/100 [10:13<00:00,  6.13s/epoch, best=1.178e+01, sign=0.171, train=1.184e+01, val=1.186e+01]
GNN flow training: 100%|██████████| 100/100 [10:13<00:00,  6.13s/epoch, best=1.178e+01, sign=0.171, train=1.184e+01, val=1.186e+01]
Resolved config snapshot:
{'preset': 'solver_QKB_outer_QKBdelta', 'gnn_outer_losses': {'flow': 10.0, 'kirchhoff': 10.0, 'boundary': 100.0, 'delta_l2': 10.0, 'delta_smooth': 0.0, 'pressure_shape': 0.0}, 'physics': {'arterial_flow_mode': 'dataset', 'pressure_constraints': ['equal-a-equal-v'], 'alpha_pa': None, 'use_snr_weights': True, 'use_observed_flow_snr_weighting': True, 'flow_scale_mode': 'median_abs', 'solver_device': 'same', 'pressure_solver_mode': 'reduced-soft-constrained-lstsq', 'pressure_solver_lambda_kirchhoff': 1.0, 'pressure_solver_lambda_pressure_constraints': 100.0, 'pressure_solver_lambda_flow_residual': 1.0, 'pressure_shape_reference': 'delta_zero_reference', 'pressure_detach': False}, 'correction_bounds': {'correction_min': -0.5, 'correction_max': 0.5, 'correction_bound': 0.5, 'correction_parameterization': 'tanh'}, 'optimization': {'learning_rate': 0.001, 'weight_decay': 0.0001, 'gradient_clip_norm': 5.0, 'optimizer': 'adamw', 'epochs': 100, 'patience': 40}}
Shard 43/80: 1 of 80 runs
Command: /mnt/home/sswee/miniforge3/envs/yolk-sac/bin/python /mnt/home/sswee/yolk/Yolk-Sac-Flow-Data-and-Sim/gnn_clean/scripts/python/gnn_flow.py /mnt/home/sswee/yolk/Yolk-Sac-Flow-Data-and-Sim/gnn_clean/datasets/mosaic_graph_norm_canonical.gpickle --output-dir /mnt/home/sswee/yolk/Yolk-Sac-Flow-Data-and-Sim/gnn_clean/outputs_canonical_norm/dc/02_physics_weight_sweep/gnn --run-name q_10__k_10__delta_10 --preset solver_QKB_outer_QKBdelta --device cuda --epochs 100 --seed 0 --viscosity-pa-s 0.0035 --config /mnt/home/sswee/yolk/Yolk-Sac-Flow-Data-and-Sim/gnn_clean/outputs_canonical_norm/dc/02_physics_weight_sweep/_generated_configs/q_10__k_10__delta_10.yaml --no-pressure-detach
