[info] DC Step 2 canonical sweep uses fixed lambda_B=100.0 for both the outer boundary loss and the reduced pressure-solver boundary constraint.

GNN flow training:   0%|          | 0/100 [00:00<?, ?epoch/s]
GNN flow training:   0%|          | 0/100 [00:06<?, ?epoch/s, best=1.737e+01, sign=0.161, train=1.738e+01, val=1.737e+01]
GNN flow training:   1%|          | 1/100 [00:06<10:04,  6.10s/epoch, best=1.737e+01, sign=0.161, train=1.738e+01, val=1.737e+01]
GNN flow training:   1%|          | 1/100 [00:12<10:04,  6.10s/epoch, best=1.737e+01, sign=0.160, train=1.736e+01, val=1.737e+01]
GNN flow training:   2%|▏         | 2/100 [00:12<09:59,  6.11s/epoch, best=1.737e+01, sign=0.160, train=1.736e+01, val=1.737e+01]
GNN flow training:   2%|▏         | 2/100 [00:18<09:59,  6.11s/epoch, best=1.737e+01, sign=0.161, train=1.736e+01, val=1.734e+01]
GNN flow training:   3%|▎         | 3/100 [00:18<09:46,  6.05s/epoch, best=1.737e+01, sign=0.161, train=1.736e+01, val=1.734e+01]
GNN flow training:   3%|▎         | 3/100 [00:24<09:46,  6.05s/epoch, best=1.734e+01, sign=0.159, train=1.732e+01, val=1.733e+01]
GNN flow training:   4%|▍         | 4/100 [00:24<09:40,  6.05s/epoch, best=1.734e+01, sign=0.159, train=1.732e+01, val=1.733e+01]
GNN flow training:   4%|▍         | 4/100 [00:30<09:40,  6.05s/epoch, best=1.733e+01, sign=0.159, train=1.731e+01, val=1.729e+01]
GNN flow training:   5%|▌         | 5/100 [00:30<09:32,  6.02s/epoch, best=1.733e+01, sign=0.159, train=1.731e+01, val=1.729e+01]
GNN flow training:   5%|▌         | 5/100 [00:36<09:32,  6.02s/epoch, best=1.729e+01, sign=0.160, train=1.727e+01, val=1.730e+01]
GNN flow training:   6%|▌         | 6/100 [00:36<09:25,  6.02s/epoch, best=1.729e+01, sign=0.160, train=1.727e+01, val=1.730e+01]
GNN flow training:   6%|▌         | 6/100 [00:42<09:25,  6.02s/epoch, best=1.729e+01, sign=0.161, train=1.728e+01, val=1.729e+01]
GNN flow training:   7%|▋         | 7/100 [00:42<09:19,  6.01s/epoch, best=1.729e+01, sign=0.161, train=1.728e+01, val=1.729e+01]
GNN flow training:   7%|▋         | 7/100 [00:48<09:19,  6.01s/epoch, best=1.729e+01, sign=0.161, train=1.727e+01, val=1.728e+01]
GNN flow training:   8%|▊         | 8/100 [00:48<09:13,  6.02s/epoch, best=1.729e+01, sign=0.161, train=1.727e+01, val=1.728e+01]
GNN flow training:   8%|▊         | 8/100 [00:54<09:13,  6.02s/epoch, best=1.728e+01, sign=0.161, train=1.726e+01, val=1.727e+01]
GNN flow training:   9%|▉         | 9/100 [00:54<09:07,  6.02s/epoch, best=1.728e+01, sign=0.161, train=1.726e+01, val=1.727e+01]
GNN flow training:   9%|▉         | 9/100 [01:00<09:07,  6.02s/epoch, best=1.727e+01, sign=0.161, train=1.725e+01, val=1.723e+01]
GNN flow training:  10%|█         | 10/100 [01:00<08:59,  6.00s/epoch, best=1.727e+01, sign=0.161, train=1.725e+01, val=1.723e+01]
GNN flow training:  10%|█         | 10/100 [01:06<08:59,  6.00s/epoch, best=1.723e+01, sign=0.161, train=1.721e+01, val=1.721e+01]
GNN flow training:  11%|█         | 11/100 [01:06<08:54,  6.00s/epoch, best=1.723e+01, sign=0.161, train=1.721e+01, val=1.721e+01]
GNN flow training:  11%|█         | 11/100 [01:12<08:54,  6.00s/epoch, best=1.721e+01, sign=0.160, train=1.719e+01, val=1.721e+01]
GNN flow training:  12%|█▏        | 12/100 [01:12<08:47,  5.99s/epoch, best=1.721e+01, sign=0.160, train=1.719e+01, val=1.721e+01]
GNN flow training:  12%|█▏        | 12/100 [01:18<08:47,  5.99s/epoch, best=1.721e+01, sign=0.160, train=1.719e+01, val=1.718e+01]
GNN flow training:  13%|█▎        | 13/100 [01:18<08:41,  6.00s/epoch, best=1.721e+01, sign=0.160, train=1.719e+01, val=1.718e+01]
GNN flow training:  13%|█▎        | 13/100 [01:24<08:41,  6.00s/epoch, best=1.718e+01, sign=0.160, train=1.716e+01, val=1.711e+01]
GNN flow training:  14%|█▍        | 14/100 [01:24<08:34,  5.99s/epoch, best=1.718e+01, sign=0.160, train=1.716e+01, val=1.711e+01]
GNN flow training:  14%|█▍        | 14/100 [01:30<08:34,  5.99s/epoch, best=1.711e+01, sign=0.160, train=1.709e+01, val=1.707e+01]
GNN flow training:  15%|█▌        | 15/100 [01:30<08:29,  6.00s/epoch, best=1.711e+01, sign=0.160, train=1.709e+01, val=1.707e+01]
GNN flow training:  15%|█▌        | 15/100 [01:36<08:29,  6.00s/epoch, best=1.707e+01, sign=0.159, train=1.705e+01, val=1.702e+01]
GNN flow training:  16%|█▌        | 16/100 [01:36<08:23,  5.99s/epoch, best=1.707e+01, sign=0.159, train=1.705e+01, val=1.702e+01]
GNN flow training:  16%|█▌        | 16/100 [01:42<08:23,  5.99s/epoch, best=1.702e+01, sign=0.159, train=1.700e+01, val=1.691e+01]
GNN flow training:  17%|█▋        | 17/100 [01:42<08:17,  6.00s/epoch, best=1.702e+01, sign=0.159, train=1.700e+01, val=1.691e+01]
GNN flow training:  17%|█▋        | 17/100 [01:48<08:17,  6.00s/epoch, best=1.691e+01, sign=0.159, train=1.689e+01, val=1.686e+01]
GNN flow training:  18%|█▊        | 18/100 [01:48<08:12,  6.00s/epoch, best=1.691e+01, sign=0.159, train=1.689e+01, val=1.686e+01]
GNN flow training:  18%|█▊        | 18/100 [01:54<08:12,  6.00s/epoch, best=1.686e+01, sign=0.158, train=1.683e+01, val=1.679e+01]
GNN flow training:  19%|█▉        | 19/100 [01:54<08:05,  5.99s/epoch, best=1.686e+01, sign=0.158, train=1.683e+01, val=1.679e+01]
GNN flow training:  19%|█▉        | 19/100 [02:00<08:05,  5.99s/epoch, best=1.679e+01, sign=0.157, train=1.676e+01, val=1.676e+01]
GNN flow training:  20%|██        | 20/100 [02:00<07:59,  5.99s/epoch, best=1.679e+01, sign=0.157, train=1.676e+01, val=1.676e+01]
GNN flow training:  20%|██        | 20/100 [02:06<07:59,  5.99s/epoch, best=1.676e+01, sign=0.157, train=1.674e+01, val=1.666e+01]
GNN flow training:  21%|██        | 21/100 [02:06<07:52,  5.99s/epoch, best=1.676e+01, sign=0.157, train=1.674e+01, val=1.666e+01]
GNN flow training:  21%|██        | 21/100 [02:12<07:52,  5.99s/epoch, best=1.666e+01, sign=0.157, train=1.663e+01, val=1.662e+01]
GNN flow training:  22%|██▏       | 22/100 [02:12<07:48,  6.01s/epoch, best=1.666e+01, sign=0.157, train=1.663e+01, val=1.662e+01]
GNN flow training:  22%|██▏       | 22/100 [02:18<07:48,  6.01s/epoch, best=1.662e+01, sign=0.158, train=1.658e+01, val=1.647e+01]
GNN flow training:  23%|██▎       | 23/100 [02:18<07:42,  6.00s/epoch, best=1.662e+01, sign=0.158, train=1.658e+01, val=1.647e+01]
GNN flow training:  23%|██▎       | 23/100 [02:24<07:42,  6.00s/epoch, best=1.647e+01, sign=0.159, train=1.644e+01, val=1.632e+01]
GNN flow training:  24%|██▍       | 24/100 [02:24<07:36,  6.01s/epoch, best=1.647e+01, sign=0.159, train=1.644e+01, val=1.632e+01]
GNN flow training:  24%|██▍       | 24/100 [02:30<07:36,  6.01s/epoch, best=1.632e+01, sign=0.159, train=1.628e+01, val=1.623e+01]
GNN flow training:  25%|██▌       | 25/100 [02:30<07:32,  6.03s/epoch, best=1.632e+01, sign=0.159, train=1.628e+01, val=1.623e+01]
GNN flow training:  25%|██▌       | 25/100 [02:36<07:32,  6.03s/epoch, best=1.623e+01, sign=0.159, train=1.619e+01, val=1.613e+01]
GNN flow training:  26%|██▌       | 26/100 [02:36<07:25,  6.02s/epoch, best=1.623e+01, sign=0.159, train=1.619e+01, val=1.613e+01]
GNN flow training:  26%|██▌       | 26/100 [02:42<07:25,  6.02s/epoch, best=1.613e+01, sign=0.159, train=1.610e+01, val=1.590e+01]
GNN flow training:  27%|██▋       | 27/100 [02:42<07:19,  6.02s/epoch, best=1.613e+01, sign=0.159, train=1.610e+01, val=1.590e+01]
GNN flow training:  27%|██▋       | 27/100 [02:48<07:19,  6.02s/epoch, best=1.590e+01, sign=0.160, train=1.586e+01, val=1.592e+01]
GNN flow training:  28%|██▊       | 28/100 [02:48<07:13,  6.01s/epoch, best=1.590e+01, sign=0.160, train=1.586e+01, val=1.592e+01]
GNN flow training:  28%|██▊       | 28/100 [02:54<07:13,  6.01s/epoch, best=1.590e+01, sign=0.159, train=1.587e+01, val=1.596e+01]
GNN flow training:  29%|██▉       | 29/100 [02:54<07:07,  6.02s/epoch, best=1.590e+01, sign=0.159, train=1.587e+01, val=1.596e+01]
GNN flow training:  29%|██▉       | 29/100 [03:00<07:07,  6.02s/epoch, best=1.590e+01, sign=0.159, train=1.592e+01, val=1.615e+01]
GNN flow training:  30%|███       | 30/100 [03:00<07:00,  6.01s/epoch, best=1.590e+01, sign=0.159, train=1.592e+01, val=1.615e+01]
GNN flow training:  30%|███       | 30/100 [03:06<07:00,  6.01s/epoch, best=1.590e+01, sign=0.159, train=1.611e+01, val=1.623e+01]
GNN flow training:  31%|███       | 31/100 [03:06<06:53,  6.00s/epoch, best=1.590e+01, sign=0.159, train=1.611e+01, val=1.623e+01]
GNN flow training:  31%|███       | 31/100 [03:12<06:53,  6.00s/epoch, best=1.590e+01, sign=0.159, train=1.619e+01, val=1.625e+01]
GNN flow training:  32%|███▏      | 32/100 [03:12<06:46,  5.98s/epoch, best=1.590e+01, sign=0.159, train=1.619e+01, val=1.625e+01]
GNN flow training:  32%|███▏      | 32/100 [03:18<06:46,  5.98s/epoch, best=1.590e+01, sign=0.157, train=1.621e+01, val=1.615e+01]
GNN flow training:  33%|███▎      | 33/100 [03:18<06:42,  6.00s/epoch, best=1.590e+01, sign=0.157, train=1.621e+01, val=1.615e+01]
GNN flow training:  33%|███▎      | 33/100 [03:24<06:42,  6.00s/epoch, best=1.590e+01, sign=0.156, train=1.611e+01, val=1.598e+01]
GNN flow training:  34%|███▍      | 34/100 [03:24<06:35,  5.99s/epoch, best=1.590e+01, sign=0.156, train=1.611e+01, val=1.598e+01]
GNN flow training:  34%|███▍      | 34/100 [03:30<06:35,  5.99s/epoch, best=1.590e+01, sign=0.154, train=1.593e+01, val=1.583e+01]
GNN flow training:  35%|███▌      | 35/100 [03:30<06:31,  6.02s/epoch, best=1.590e+01, sign=0.154, train=1.593e+01, val=1.583e+01]
GNN flow training:  35%|███▌      | 35/100 [03:36<06:31,  6.02s/epoch, best=1.583e+01, sign=0.154, train=1.578e+01, val=1.572e+01]
GNN flow training:  36%|███▌      | 36/100 [03:36<06:24,  6.01s/epoch, best=1.583e+01, sign=0.154, train=1.578e+01, val=1.572e+01]
GNN flow training:  36%|███▌      | 36/100 [03:42<06:24,  6.01s/epoch, best=1.572e+01, sign=0.153, train=1.567e+01, val=1.555e+01]
GNN flow training:  37%|███▋      | 37/100 [03:42<06:19,  6.02s/epoch, best=1.572e+01, sign=0.153, train=1.567e+01, val=1.555e+01]
GNN flow training:  37%|███▋      | 37/100 [03:48<06:19,  6.02s/epoch, best=1.555e+01, sign=0.151, train=1.549e+01, val=1.534e+01]
GNN flow training:  38%|███▊      | 38/100 [03:48<06:13,  6.02s/epoch, best=1.555e+01, sign=0.151, train=1.549e+01, val=1.534e+01]
GNN flow training:  38%|███▊      | 38/100 [03:54<06:13,  6.02s/epoch, best=1.534e+01, sign=0.148, train=1.527e+01, val=1.519e+01]
GNN flow training:  39%|███▉      | 39/100 [03:54<06:06,  6.02s/epoch, best=1.534e+01, sign=0.148, train=1.527e+01, val=1.519e+01]
GNN flow training:  39%|███▉      | 39/100 [04:00<06:06,  6.02s/epoch, best=1.519e+01, sign=0.147, train=1.512e+01, val=1.500e+01]
GNN flow training:  40%|████      | 40/100 [04:00<06:00,  6.01s/epoch, best=1.519e+01, sign=0.147, train=1.512e+01, val=1.500e+01]
GNN flow training:  40%|████      | 40/100 [04:06<06:00,  6.01s/epoch, best=1.500e+01, sign=0.148, train=1.492e+01, val=1.480e+01]
GNN flow training:  41%|████      | 41/100 [04:06<05:55,  6.03s/epoch, best=1.500e+01, sign=0.148, train=1.492e+01, val=1.480e+01]
GNN flow training:  41%|████      | 41/100 [04:12<05:55,  6.03s/epoch, best=1.480e+01, sign=0.149, train=1.471e+01, val=1.447e+01]
GNN flow training:  42%|████▏     | 42/100 [04:12<05:48,  6.02s/epoch, best=1.480e+01, sign=0.149, train=1.471e+01, val=1.447e+01]
GNN flow training:  42%|████▏     | 42/100 [04:18<05:48,  6.02s/epoch, best=1.447e+01, sign=0.149, train=1.437e+01, val=1.407e+01]
GNN flow training:  43%|████▎     | 43/100 [04:18<05:43,  6.02s/epoch, best=1.447e+01, sign=0.149, train=1.437e+01, val=1.407e+01]
GNN flow training:  43%|████▎     | 43/100 [04:24<05:43,  6.02s/epoch, best=1.407e+01, sign=0.151, train=1.397e+01, val=1.367e+01]
GNN flow training:  44%|████▍     | 44/100 [04:24<05:37,  6.03s/epoch, best=1.407e+01, sign=0.151, train=1.397e+01, val=1.367e+01]
GNN flow training:  44%|████▍     | 44/100 [04:30<05:37,  6.03s/epoch, best=1.367e+01, sign=0.153, train=1.356e+01, val=1.337e+01]
GNN flow training:  45%|████▌     | 45/100 [04:30<05:30,  6.01s/epoch, best=1.367e+01, sign=0.153, train=1.356e+01, val=1.337e+01]
GNN flow training:  45%|████▌     | 45/100 [04:36<05:30,  6.01s/epoch, best=1.337e+01, sign=0.153, train=1.325e+01, val=1.304e+01]
GNN flow training:  46%|████▌     | 46/100 [04:36<05:25,  6.02s/epoch, best=1.337e+01, sign=0.153, train=1.325e+01, val=1.304e+01]
GNN flow training:  46%|████▌     | 46/100 [04:42<05:25,  6.02s/epoch, best=1.304e+01, sign=0.155, train=1.290e+01, val=1.274e+01]
GNN flow training:  47%|████▋     | 47/100 [04:42<05:18,  6.00s/epoch, best=1.304e+01, sign=0.155, train=1.290e+01, val=1.274e+01]
GNN flow training:  47%|████▋     | 47/100 [04:48<05:18,  6.00s/epoch, best=1.274e+01, sign=0.157, train=1.259e+01, val=1.251e+01]
GNN flow training:  48%|████▊     | 48/100 [04:48<05:11,  6.00s/epoch, best=1.274e+01, sign=0.157, train=1.259e+01, val=1.251e+01]
GNN flow training:  48%|████▊     | 48/100 [04:54<05:11,  6.00s/epoch, best=1.251e+01, sign=0.159, train=1.236e+01, val=1.237e+01]
GNN flow training:  49%|████▉     | 49/100 [04:54<05:06,  6.00s/epoch, best=1.251e+01, sign=0.159, train=1.236e+01, val=1.237e+01]
GNN flow training:  49%|████▉     | 49/100 [05:00<05:06,  6.00s/epoch, best=1.237e+01, sign=0.159, train=1.221e+01, val=1.214e+01]
GNN flow training:  50%|█████     | 50/100 [05:00<05:00,  6.01s/epoch, best=1.237e+01, sign=0.159, train=1.221e+01, val=1.214e+01]
GNN flow training:  50%|█████     | 50/100 [05:06<05:00,  6.01s/epoch, best=1.214e+01, sign=0.158, train=1.197e+01, val=1.190e+01]
GNN flow training:  51%|█████     | 51/100 [05:06<04:53,  6.00s/epoch, best=1.214e+01, sign=0.158, train=1.197e+01, val=1.190e+01]
GNN flow training:  51%|█████     | 51/100 [05:12<04:53,  6.00s/epoch, best=1.190e+01, sign=0.158, train=1.172e+01, val=1.184e+01]
GNN flow training:  52%|█████▏    | 52/100 [05:12<04:47,  6.00s/epoch, best=1.190e+01, sign=0.158, train=1.172e+01, val=1.184e+01]
GNN flow training:  52%|█████▏    | 52/100 [05:18<04:47,  6.00s/epoch, best=1.184e+01, sign=0.154, train=1.165e+01, val=1.219e+01]
GNN flow training:  53%|█████▎    | 53/100 [05:18<04:42,  6.01s/epoch, best=1.184e+01, sign=0.154, train=1.165e+01, val=1.219e+01]
GNN flow training:  53%|█████▎    | 53/100 [05:24<04:42,  6.01s/epoch, best=1.184e+01, sign=0.154, train=1.200e+01, val=1.224e+01]
GNN flow training:  54%|█████▍    | 54/100 [05:24<04:36,  6.01s/epoch, best=1.184e+01, sign=0.154, train=1.200e+01, val=1.224e+01]
GNN flow training:  54%|█████▍    | 54/100 [05:30<04:36,  6.01s/epoch, best=1.184e+01, sign=0.156, train=1.204e+01, val=1.199e+01]
GNN flow training:  55%|█████▌    | 55/100 [05:30<04:30,  6.02s/epoch, best=1.184e+01, sign=0.156, train=1.204e+01, val=1.199e+01]
GNN flow training:  55%|█████▌    | 55/100 [05:36<04:30,  6.02s/epoch, best=1.184e+01, sign=0.159, train=1.178e+01, val=1.149e+01]
GNN flow training:  56%|█████▌    | 56/100 [05:36<04:25,  6.03s/epoch, best=1.184e+01, sign=0.159, train=1.178e+01, val=1.149e+01]
GNN flow training:  56%|█████▌    | 56/100 [05:42<04:25,  6.03s/epoch, best=1.149e+01, sign=0.162, train=1.127e+01, val=1.103e+01]
GNN flow training:  57%|█████▋    | 57/100 [05:42<04:19,  6.03s/epoch, best=1.149e+01, sign=0.162, train=1.127e+01, val=1.103e+01]
GNN flow training:  57%|█████▋    | 57/100 [05:48<04:19,  6.03s/epoch, best=1.103e+01, sign=0.167, train=1.080e+01, val=1.078e+01]
GNN flow training:  58%|█████▊    | 58/100 [05:48<04:13,  6.03s/epoch, best=1.103e+01, sign=0.167, train=1.080e+01, val=1.078e+01]
GNN flow training:  58%|█████▊    | 58/100 [05:54<04:13,  6.03s/epoch, best=1.078e+01, sign=0.166, train=1.054e+01, val=1.085e+01]
GNN flow training:  59%|█████▉    | 59/100 [05:54<04:07,  6.03s/epoch, best=1.078e+01, sign=0.166, train=1.054e+01, val=1.085e+01]
GNN flow training:  59%|█████▉    | 59/100 [06:00<04:07,  6.03s/epoch, best=1.078e+01, sign=0.165, train=1.062e+01, val=1.103e+01]
GNN flow training:  60%|██████    | 60/100 [06:00<04:01,  6.04s/epoch, best=1.078e+01, sign=0.165, train=1.062e+01, val=1.103e+01]
GNN flow training:  60%|██████    | 60/100 [06:06<04:01,  6.04s/epoch, best=1.078e+01, sign=0.165, train=1.081e+01, val=1.099e+01]
GNN flow training:  61%|██████    | 61/100 [06:06<03:54,  6.02s/epoch, best=1.078e+01, sign=0.165, train=1.081e+01, val=1.099e+01]
GNN flow training:  61%|██████    | 61/100 [06:12<03:54,  6.02s/epoch, best=1.078e+01, sign=0.168, train=1.076e+01, val=1.067e+01]
GNN flow training:  62%|██████▏   | 62/100 [06:12<03:48,  6.02s/epoch, best=1.078e+01, sign=0.168, train=1.076e+01, val=1.067e+01]
GNN flow training:  62%|██████▏   | 62/100 [06:18<03:48,  6.02s/epoch, best=1.067e+01, sign=0.171, train=1.044e+01, val=1.029e+01]
GNN flow training:  63%|██████▎   | 63/100 [06:18<03:42,  6.01s/epoch, best=1.067e+01, sign=0.171, train=1.044e+01, val=1.029e+01]
GNN flow training:  63%|██████▎   | 63/100 [06:24<03:42,  6.01s/epoch, best=1.029e+01, sign=0.171, train=1.005e+01, val=1.011e+01]
GNN flow training:  64%|██████▍   | 64/100 [06:24<03:37,  6.03s/epoch, best=1.029e+01, sign=0.171, train=1.005e+01, val=1.011e+01]
GNN flow training:  64%|██████▍   | 64/100 [06:30<03:37,  6.03s/epoch, best=1.011e+01, sign=0.170, train=9.863e+00, val=1.018e+01]
GNN flow training:  65%|██████▌   | 65/100 [06:30<03:30,  6.01s/epoch, best=1.011e+01, sign=0.170, train=9.863e+00, val=1.018e+01]
GNN flow training:  65%|██████▌   | 65/100 [06:36<03:30,  6.01s/epoch, best=1.011e+01, sign=0.169, train=9.924e+00, val=1.036e+01]
GNN flow training:  66%|██████▌   | 66/100 [06:36<03:24,  6.01s/epoch, best=1.011e+01, sign=0.169, train=9.924e+00, val=1.036e+01]
GNN flow training:  66%|██████▌   | 66/100 [06:42<03:24,  6.01s/epoch, best=1.011e+01, sign=0.170, train=1.011e+01, val=1.025e+01]
GNN flow training:  67%|██████▋   | 67/100 [06:42<03:18,  6.02s/epoch, best=1.011e+01, sign=0.170, train=1.011e+01, val=1.025e+01]
GNN flow training:  67%|██████▋   | 67/100 [06:48<03:18,  6.02s/epoch, best=1.011e+01, sign=0.170, train=9.995e+00, val=1.015e+01]
GNN flow training:  68%|██████▊   | 68/100 [06:48<03:12,  6.00s/epoch, best=1.011e+01, sign=0.170, train=9.995e+00, val=1.015e+01]
GNN flow training:  68%|██████▊   | 68/100 [06:54<03:12,  6.00s/epoch, best=1.011e+01, sign=0.170, train=9.902e+00, val=1.002e+01]
GNN flow training:  69%|██████▉   | 69/100 [06:54<03:06,  6.01s/epoch, best=1.011e+01, sign=0.170, train=9.902e+00, val=1.002e+01]
GNN flow training:  69%|██████▉   | 69/100 [07:00<03:06,  6.01s/epoch, best=1.002e+01, sign=0.170, train=9.764e+00, val=1.001e+01]
GNN flow training:  70%|███████   | 70/100 [07:00<03:00,  6.01s/epoch, best=1.002e+01, sign=0.170, train=9.764e+00, val=1.001e+01]
GNN flow training:  70%|███████   | 70/100 [07:06<03:00,  6.01s/epoch, best=1.001e+01, sign=0.169, train=9.752e+00, val=1.030e+01]
GNN flow training:  71%|███████   | 71/100 [07:06<02:53,  6.00s/epoch, best=1.001e+01, sign=0.169, train=9.752e+00, val=1.030e+01]
GNN flow training:  71%|███████   | 71/100 [07:12<02:53,  6.00s/epoch, best=1.001e+01, sign=0.166, train=1.006e+01, val=1.083e+01]
GNN flow training:  72%|███████▏  | 72/100 [07:12<02:47,  5.99s/epoch, best=1.001e+01, sign=0.166, train=1.006e+01, val=1.083e+01]
GNN flow training:  72%|███████▏  | 72/100 [07:18<02:47,  5.99s/epoch, best=1.001e+01, sign=0.164, train=1.060e+01, val=1.110e+01]
GNN flow training:  73%|███████▎  | 73/100 [07:18<02:41,  5.99s/epoch, best=1.001e+01, sign=0.164, train=1.060e+01, val=1.110e+01]
GNN flow training:  73%|███████▎  | 73/100 [07:24<02:41,  5.99s/epoch, best=1.001e+01, sign=0.164, train=1.088e+01, val=1.115e+01]
GNN flow training:  74%|███████▍  | 74/100 [07:24<02:35,  6.00s/epoch, best=1.001e+01, sign=0.164, train=1.088e+01, val=1.115e+01]
GNN flow training:  74%|███████▍  | 74/100 [07:30<02:35,  6.00s/epoch, best=1.001e+01, sign=0.163, train=1.093e+01, val=1.111e+01]
GNN flow training:  75%|███████▌  | 75/100 [07:30<02:29,  5.99s/epoch, best=1.001e+01, sign=0.163, train=1.093e+01, val=1.111e+01]
GNN flow training:  75%|███████▌  | 75/100 [07:36<02:29,  5.99s/epoch, best=1.001e+01, sign=0.164, train=1.089e+01, val=1.087e+01]
GNN flow training:  76%|███████▌  | 76/100 [07:36<02:23,  5.99s/epoch, best=1.001e+01, sign=0.164, train=1.089e+01, val=1.087e+01]
GNN flow training:  76%|███████▌  | 76/100 [07:42<02:23,  5.99s/epoch, best=1.001e+01, sign=0.165, train=1.064e+01, val=1.064e+01]
GNN flow training:  77%|███████▋  | 77/100 [07:42<02:17,  5.99s/epoch, best=1.001e+01, sign=0.165, train=1.064e+01, val=1.064e+01]
GNN flow training:  77%|███████▋  | 77/100 [07:48<02:17,  5.99s/epoch, best=1.001e+01, sign=0.164, train=1.040e+01, val=1.062e+01]
GNN flow training:  78%|███████▊  | 78/100 [07:48<02:12,  6.00s/epoch, best=1.001e+01, sign=0.164, train=1.040e+01, val=1.062e+01]
GNN flow training:  78%|███████▊  | 78/100 [07:54<02:12,  6.00s/epoch, best=1.001e+01, sign=0.163, train=1.038e+01, val=1.076e+01]
GNN flow training:  79%|███████▉  | 79/100 [07:54<02:06,  6.00s/epoch, best=1.001e+01, sign=0.163, train=1.038e+01, val=1.076e+01]
GNN flow training:  79%|███████▉  | 79/100 [08:00<02:06,  6.00s/epoch, best=1.001e+01, sign=0.161, train=1.051e+01, val=1.101e+01]
GNN flow training:  80%|████████  | 80/100 [08:00<02:00,  6.01s/epoch, best=1.001e+01, sign=0.161, train=1.051e+01, val=1.101e+01]
GNN flow training:  80%|████████  | 80/100 [08:06<02:00,  6.01s/epoch, best=1.001e+01, sign=0.158, train=1.076e+01, val=1.121e+01]
GNN flow training:  81%|████████  | 81/100 [08:06<01:54,  6.01s/epoch, best=1.001e+01, sign=0.158, train=1.076e+01, val=1.121e+01]
GNN flow training:  81%|████████  | 81/100 [08:12<01:54,  6.01s/epoch, best=1.001e+01, sign=0.157, train=1.097e+01, val=1.130e+01]
GNN flow training:  82%|████████▏ | 82/100 [08:12<01:48,  6.01s/epoch, best=1.001e+01, sign=0.157, train=1.097e+01, val=1.130e+01]
GNN flow training:  82%|████████▏ | 82/100 [08:18<01:48,  6.01s/epoch, best=1.001e+01, sign=0.157, train=1.106e+01, val=1.142e+01]
GNN flow training:  83%|████████▎ | 83/100 [08:18<01:42,  6.03s/epoch, best=1.001e+01, sign=0.157, train=1.106e+01, val=1.142e+01]
GNN flow training:  83%|████████▎ | 83/100 [08:25<01:42,  6.03s/epoch, best=1.001e+01, sign=0.156, train=1.118e+01, val=1.137e+01]
GNN flow training:  84%|████████▍ | 84/100 [08:25<01:36,  6.04s/epoch, best=1.001e+01, sign=0.156, train=1.118e+01, val=1.137e+01]
GNN flow training:  84%|████████▍ | 84/100 [08:30<01:36,  6.04s/epoch, best=1.001e+01, sign=0.157, train=1.113e+01, val=1.139e+01]
GNN flow training:  85%|████████▌ | 85/100 [08:30<01:30,  6.02s/epoch, best=1.001e+01, sign=0.157, train=1.113e+01, val=1.139e+01]
GNN flow training:  85%|████████▌ | 85/100 [08:37<01:30,  6.02s/epoch, best=1.001e+01, sign=0.157, train=1.116e+01, val=1.129e+01]
GNN flow training:  86%|████████▌ | 86/100 [08:37<01:24,  6.02s/epoch, best=1.001e+01, sign=0.157, train=1.116e+01, val=1.129e+01]
GNN flow training:  86%|████████▌ | 86/100 [08:43<01:24,  6.02s/epoch, best=1.001e+01, sign=0.156, train=1.106e+01, val=1.120e+01]
GNN flow training:  87%|████████▋ | 87/100 [08:43<01:18,  6.02s/epoch, best=1.001e+01, sign=0.156, train=1.106e+01, val=1.120e+01]
GNN flow training:  87%|████████▋ | 87/100 [08:49<01:18,  6.02s/epoch, best=1.001e+01, sign=0.155, train=1.098e+01, val=1.114e+01]
GNN flow training:  88%|████████▊ | 88/100 [08:49<01:12,  6.02s/epoch, best=1.001e+01, sign=0.155, train=1.098e+01, val=1.114e+01]
GNN flow training:  88%|████████▊ | 88/100 [08:55<01:12,  6.02s/epoch, best=1.001e+01, sign=0.155, train=1.091e+01, val=1.103e+01]
GNN flow training:  89%|████████▉ | 89/100 [08:55<01:06,  6.02s/epoch, best=1.001e+01, sign=0.155, train=1.091e+01, val=1.103e+01]
GNN flow training:  89%|████████▉ | 89/100 [09:01<01:06,  6.02s/epoch, best=1.001e+01, sign=0.154, train=1.080e+01, val=1.100e+01]
GNN flow training:  90%|█████████ | 90/100 [09:01<01:00,  6.03s/epoch, best=1.001e+01, sign=0.154, train=1.080e+01, val=1.100e+01]
GNN flow training:  90%|█████████ | 90/100 [09:07<01:00,  6.03s/epoch, best=1.001e+01, sign=0.154, train=1.076e+01, val=1.095e+01]
GNN flow training:  91%|█████████ | 91/100 [09:07<00:54,  6.01s/epoch, best=1.001e+01, sign=0.154, train=1.076e+01, val=1.095e+01]
GNN flow training:  91%|█████████ | 91/100 [09:13<00:54,  6.01s/epoch, best=1.001e+01, sign=0.152, train=1.072e+01, val=1.111e+01]
GNN flow training:  92%|█████████▏| 92/100 [09:13<00:48,  6.01s/epoch, best=1.001e+01, sign=0.152, train=1.072e+01, val=1.111e+01]
GNN flow training:  92%|█████████▏| 92/100 [09:19<00:48,  6.01s/epoch, best=1.001e+01, sign=0.151, train=1.089e+01, val=1.152e+01]
GNN flow training:  93%|█████████▎| 93/100 [09:19<00:41,  6.00s/epoch, best=1.001e+01, sign=0.151, train=1.089e+01, val=1.152e+01]
GNN flow training:  93%|█████████▎| 93/100 [09:25<00:41,  6.00s/epoch, best=1.001e+01, sign=0.150, train=1.132e+01, val=1.172e+01]
GNN flow training:  94%|█████████▍| 94/100 [09:25<00:35,  5.99s/epoch, best=1.001e+01, sign=0.150, train=1.132e+01, val=1.172e+01]
GNN flow training:  94%|█████████▍| 94/100 [09:31<00:35,  5.99s/epoch, best=1.001e+01, sign=0.150, train=1.153e+01, val=1.185e+01]
GNN flow training:  95%|█████████▌| 95/100 [09:31<00:29,  5.99s/epoch, best=1.001e+01, sign=0.150, train=1.153e+01, val=1.185e+01]
GNN flow training:  95%|█████████▌| 95/100 [09:37<00:29,  5.99s/epoch, best=1.001e+01, sign=0.149, train=1.167e+01, val=1.193e+01]
GNN flow training:  96%|█████████▌| 96/100 [09:37<00:23,  5.99s/epoch, best=1.001e+01, sign=0.149, train=1.167e+01, val=1.193e+01]
GNN flow training:  96%|█████████▌| 96/100 [09:42<00:23,  5.99s/epoch, best=1.001e+01, sign=0.149, train=1.174e+01, val=1.200e+01]
GNN flow training:  97%|█████████▋| 97/100 [09:42<00:17,  5.98s/epoch, best=1.001e+01, sign=0.149, train=1.174e+01, val=1.200e+01]
GNN flow training:  97%|█████████▋| 97/100 [09:48<00:17,  5.98s/epoch, best=1.001e+01, sign=0.149, train=1.181e+01, val=1.185e+01]
GNN flow training:  98%|█████████▊| 98/100 [09:48<00:11,  5.97s/epoch, best=1.001e+01, sign=0.149, train=1.181e+01, val=1.185e+01]
GNN flow training:  98%|█████████▊| 98/100 [09:54<00:11,  5.97s/epoch, best=1.001e+01, sign=0.149, train=1.166e+01, val=1.160e+01]
GNN flow training:  99%|█████████▉| 99/100 [09:54<00:05,  5.96s/epoch, best=1.001e+01, sign=0.149, train=1.166e+01, val=1.160e+01]
GNN flow training:  99%|█████████▉| 99/100 [10:00<00:05,  5.96s/epoch, best=1.001e+01, sign=0.151, train=1.141e+01, val=1.112e+01]
GNN flow training: 100%|██████████| 100/100 [10:00<00:00,  5.97s/epoch, best=1.001e+01, sign=0.151, train=1.141e+01, val=1.112e+01]
GNN flow training: 100%|██████████| 100/100 [10:00<00:00,  6.01s/epoch, best=1.001e+01, sign=0.151, train=1.141e+01, val=1.112e+01]
Resolved config snapshot:
{'preset': 'solver_QKB_outer_QKBdelta', 'gnn_outer_losses': {'flow': 10.0, 'kirchhoff': 10.0, 'boundary': 100.0, 'delta_l2': 0.1, 'delta_smooth': 0.0, 'pressure_shape': 0.0}, 'physics': {'arterial_flow_mode': 'dataset', 'pressure_constraints': ['equal-a-equal-v'], 'alpha_pa': None, 'use_snr_weights': True, 'use_observed_flow_snr_weighting': True, 'flow_scale_mode': 'median_abs', 'solver_device': 'same', 'pressure_solver_mode': 'reduced-soft-constrained-lstsq', 'pressure_solver_lambda_kirchhoff': 1.0, 'pressure_solver_lambda_pressure_constraints': 100.0, 'pressure_solver_lambda_flow_residual': 1.0, 'pressure_shape_reference': 'delta_zero_reference', 'pressure_detach': False}, 'correction_bounds': {'correction_min': -0.5, 'correction_max': 0.5, 'correction_bound': 0.5, 'correction_parameterization': 'tanh'}, 'optimization': {'learning_rate': 0.001, 'weight_decay': 0.0001, 'gradient_clip_norm': 5.0, 'optimizer': 'adamw', 'epochs': 100, 'patience': 40}}
Shard 41/80: 1 of 80 runs
Command: /mnt/home/sswee/miniforge3/envs/yolk-sac/bin/python /mnt/home/sswee/yolk/Yolk-Sac-Flow-Data-and-Sim/gnn_clean/scripts/python/gnn_flow.py /mnt/home/sswee/yolk/Yolk-Sac-Flow-Data-and-Sim/gnn_clean/datasets/mosaic_graph_norm_canonical.gpickle --output-dir /mnt/home/sswee/yolk/Yolk-Sac-Flow-Data-and-Sim/gnn_clean/outputs_canonical_norm/dc/02_physics_weight_sweep/gnn --run-name q_10__k_10__delta_0p1 --preset solver_QKB_outer_QKBdelta --device cuda --epochs 100 --seed 0 --viscosity-pa-s 0.0035 --config /mnt/home/sswee/yolk/Yolk-Sac-Flow-Data-and-Sim/gnn_clean/outputs_canonical_norm/dc/02_physics_weight_sweep/_generated_configs/q_10__k_10__delta_0p1.yaml --no-pressure-detach
