[info] DC Step 2 canonical sweep uses fixed lambda_B=100.0 for both the outer boundary loss and the reduced pressure-solver boundary constraint.

GNN flow training:   0%|          | 0/100 [00:00<?, ?epoch/s]
GNN flow training:   0%|          | 0/100 [00:16<?, ?epoch/s, best=1.045e+01, sign=0.161, train=1.028e+01, val=1.045e+01]
GNN flow training:   1%|          | 1/100 [00:16<27:02, 16.39s/epoch, best=1.045e+01, sign=0.161, train=1.028e+01, val=1.045e+01]
GNN flow training:   1%|          | 1/100 [00:32<27:02, 16.39s/epoch, best=1.045e+01, sign=0.162, train=1.028e+01, val=1.040e+01]
GNN flow training:   2%|▏         | 2/100 [00:32<26:43, 16.36s/epoch, best=1.045e+01, sign=0.162, train=1.028e+01, val=1.040e+01]
GNN flow training:   2%|▏         | 2/100 [00:48<26:43, 16.36s/epoch, best=1.040e+01, sign=0.162, train=1.023e+01, val=1.037e+01]
GNN flow training:   3%|▎         | 3/100 [00:48<26:18, 16.27s/epoch, best=1.040e+01, sign=0.162, train=1.023e+01, val=1.037e+01]
GNN flow training:   3%|▎         | 3/100 [01:05<26:18, 16.27s/epoch, best=1.037e+01, sign=0.163, train=1.021e+01, val=1.035e+01]
GNN flow training:   4%|▍         | 4/100 [01:05<26:05, 16.31s/epoch, best=1.037e+01, sign=0.163, train=1.021e+01, val=1.035e+01]
GNN flow training:   4%|▍         | 4/100 [01:21<26:05, 16.31s/epoch, best=1.035e+01, sign=0.163, train=1.020e+01, val=1.033e+01]
GNN flow training:   5%|▌         | 5/100 [01:21<25:47, 16.29s/epoch, best=1.035e+01, sign=0.163, train=1.020e+01, val=1.033e+01]
GNN flow training:   5%|▌         | 5/100 [01:37<25:47, 16.29s/epoch, best=1.033e+01, sign=0.163, train=1.018e+01, val=1.031e+01]
GNN flow training:   6%|▌         | 6/100 [01:37<25:27, 16.25s/epoch, best=1.033e+01, sign=0.163, train=1.018e+01, val=1.031e+01]
GNN flow training:   6%|▌         | 6/100 [01:53<25:27, 16.25s/epoch, best=1.031e+01, sign=0.162, train=1.015e+01, val=1.028e+01]
GNN flow training:   7%|▋         | 7/100 [01:53<25:10, 16.24s/epoch, best=1.031e+01, sign=0.162, train=1.015e+01, val=1.028e+01]
GNN flow training:   7%|▋         | 7/100 [02:10<25:10, 16.24s/epoch, best=1.028e+01, sign=0.162, train=1.013e+01, val=1.022e+01]
GNN flow training:   8%|▊         | 8/100 [02:10<24:54, 16.24s/epoch, best=1.028e+01, sign=0.162, train=1.013e+01, val=1.022e+01]
GNN flow training:   8%|▊         | 8/100 [02:26<24:54, 16.24s/epoch, best=1.022e+01, sign=0.162, train=1.007e+01, val=1.018e+01]
GNN flow training:   9%|▉         | 9/100 [02:26<24:38, 16.25s/epoch, best=1.022e+01, sign=0.162, train=1.007e+01, val=1.018e+01]
GNN flow training:   9%|▉         | 9/100 [02:42<24:38, 16.25s/epoch, best=1.018e+01, sign=0.162, train=1.004e+01, val=1.013e+01]
GNN flow training:  10%|█         | 10/100 [02:42<24:16, 16.18s/epoch, best=1.018e+01, sign=0.162, train=1.004e+01, val=1.013e+01]
GNN flow training:  10%|█         | 10/100 [02:58<24:16, 16.18s/epoch, best=1.013e+01, sign=0.161, train=9.985e+00, val=1.012e+01]
GNN flow training:  11%|█         | 11/100 [02:58<23:59, 16.18s/epoch, best=1.013e+01, sign=0.161, train=9.985e+00, val=1.012e+01]
GNN flow training:  11%|█         | 11/100 [03:15<23:59, 16.18s/epoch, best=1.012e+01, sign=0.161, train=9.979e+00, val=1.008e+01]
GNN flow training:  12%|█▏        | 12/100 [03:15<23:51, 16.27s/epoch, best=1.012e+01, sign=0.161, train=9.979e+00, val=1.008e+01]
GNN flow training:  12%|█▏        | 12/100 [03:31<23:51, 16.27s/epoch, best=1.008e+01, sign=0.161, train=9.937e+00, val=1.002e+01]
GNN flow training:  13%|█▎        | 13/100 [03:31<23:32, 16.23s/epoch, best=1.008e+01, sign=0.161, train=9.937e+00, val=1.002e+01]
GNN flow training:  13%|█▎        | 13/100 [03:47<23:32, 16.23s/epoch, best=1.002e+01, sign=0.160, train=9.881e+00, val=9.928e+00]
GNN flow training:  14%|█▍        | 14/100 [03:47<23:15, 16.23s/epoch, best=1.002e+01, sign=0.160, train=9.881e+00, val=9.928e+00]
GNN flow training:  14%|█▍        | 14/100 [04:03<23:15, 16.23s/epoch, best=9.928e+00, sign=0.160, train=9.793e+00, val=9.847e+00]
GNN flow training:  15%|█▌        | 15/100 [04:03<22:58, 16.21s/epoch, best=9.928e+00, sign=0.160, train=9.793e+00, val=9.847e+00]
GNN flow training:  15%|█▌        | 15/100 [04:19<22:58, 16.21s/epoch, best=9.847e+00, sign=0.160, train=9.714e+00, val=9.755e+00]
GNN flow training:  16%|█▌        | 16/100 [04:19<22:42, 16.22s/epoch, best=9.847e+00, sign=0.160, train=9.714e+00, val=9.755e+00]
GNN flow training:  16%|█▌        | 16/100 [04:35<22:42, 16.22s/epoch, best=9.755e+00, sign=0.159, train=9.629e+00, val=9.656e+00]
GNN flow training:  17%|█▋        | 17/100 [04:35<22:22, 16.17s/epoch, best=9.755e+00, sign=0.159, train=9.629e+00, val=9.656e+00]
GNN flow training:  17%|█▋        | 17/100 [04:52<22:22, 16.17s/epoch, best=9.656e+00, sign=0.159, train=9.536e+00, val=9.495e+00]
GNN flow training:  18%|█▊        | 18/100 [04:52<22:08, 16.20s/epoch, best=9.656e+00, sign=0.159, train=9.536e+00, val=9.495e+00]
GNN flow training:  18%|█▊        | 18/100 [05:08<22:08, 16.20s/epoch, best=9.495e+00, sign=0.159, train=9.388e+00, val=9.359e+00]
GNN flow training:  19%|█▉        | 19/100 [05:08<21:51, 16.19s/epoch, best=9.495e+00, sign=0.159, train=9.388e+00, val=9.359e+00]
GNN flow training:  19%|█▉        | 19/100 [05:24<21:51, 16.19s/epoch, best=9.359e+00, sign=0.159, train=9.263e+00, val=9.197e+00]
GNN flow training:  20%|██        | 20/100 [05:24<21:36, 16.21s/epoch, best=9.359e+00, sign=0.159, train=9.263e+00, val=9.197e+00]
GNN flow training:  20%|██        | 20/100 [05:40<21:36, 16.21s/epoch, best=9.197e+00, sign=0.162, train=9.120e+00, val=9.066e+00]
GNN flow training:  21%|██        | 21/100 [05:40<21:21, 16.22s/epoch, best=9.197e+00, sign=0.162, train=9.120e+00, val=9.066e+00]
GNN flow training:  21%|██        | 21/100 [05:57<21:21, 16.22s/epoch, best=9.066e+00, sign=0.163, train=9.008e+00, val=8.900e+00]
GNN flow training:  22%|██▏       | 22/100 [05:57<21:06, 16.24s/epoch, best=9.066e+00, sign=0.163, train=9.008e+00, val=8.900e+00]
GNN flow training:  22%|██▏       | 22/100 [06:13<21:06, 16.24s/epoch, best=8.900e+00, sign=0.166, train=8.872e+00, val=8.752e+00]
GNN flow training:  23%|██▎       | 23/100 [06:13<20:50, 16.23s/epoch, best=8.900e+00, sign=0.166, train=8.872e+00, val=8.752e+00]
GNN flow training:  23%|██▎       | 23/100 [06:29<20:50, 16.23s/epoch, best=8.752e+00, sign=0.167, train=8.753e+00, val=8.573e+00]
GNN flow training:  24%|██▍       | 24/100 [06:29<20:32, 16.21s/epoch, best=8.752e+00, sign=0.167, train=8.753e+00, val=8.573e+00]
GNN flow training:  24%|██▍       | 24/100 [06:45<20:32, 16.21s/epoch, best=8.573e+00, sign=0.169, train=8.605e+00, val=8.496e+00]
GNN flow training:  25%|██▌       | 25/100 [06:45<20:15, 16.21s/epoch, best=8.573e+00, sign=0.169, train=8.605e+00, val=8.496e+00]
GNN flow training:  25%|██▌       | 25/100 [07:01<20:15, 16.21s/epoch, best=8.496e+00, sign=0.170, train=8.543e+00, val=8.451e+00]
GNN flow training:  26%|██▌       | 26/100 [07:01<19:56, 16.17s/epoch, best=8.496e+00, sign=0.170, train=8.543e+00, val=8.451e+00]
GNN flow training:  26%|██▌       | 26/100 [07:18<19:56, 16.17s/epoch, best=8.451e+00, sign=0.170, train=8.506e+00, val=8.324e+00]
GNN flow training:  27%|██▋       | 27/100 [07:18<19:41, 16.18s/epoch, best=8.451e+00, sign=0.170, train=8.506e+00, val=8.324e+00]
GNN flow training:  27%|██▋       | 27/100 [07:34<19:41, 16.18s/epoch, best=8.324e+00, sign=0.170, train=8.397e+00, val=7.965e+00]
GNN flow training:  28%|██▊       | 28/100 [07:34<19:23, 16.16s/epoch, best=8.324e+00, sign=0.170, train=8.397e+00, val=7.965e+00]
GNN flow training:  28%|██▊       | 28/100 [07:50<19:23, 16.16s/epoch, best=7.965e+00, sign=0.168, train=8.080e+00, val=7.642e+00]
GNN flow training:  29%|██▉       | 29/100 [07:50<19:05, 16.13s/epoch, best=7.965e+00, sign=0.168, train=8.080e+00, val=7.642e+00]
GNN flow training:  29%|██▉       | 29/100 [08:06<19:05, 16.13s/epoch, best=7.642e+00, sign=0.165, train=7.791e+00, val=7.490e+00]
GNN flow training:  30%|███       | 30/100 [08:06<18:48, 16.12s/epoch, best=7.642e+00, sign=0.165, train=7.791e+00, val=7.490e+00]
GNN flow training:  30%|███       | 30/100 [08:22<18:48, 16.12s/epoch, best=7.490e+00, sign=0.166, train=7.643e+00, val=7.829e+00]
GNN flow training:  31%|███       | 31/100 [08:22<18:29, 16.08s/epoch, best=7.490e+00, sign=0.166, train=7.643e+00, val=7.829e+00]
GNN flow training:  31%|███       | 31/100 [08:38<18:29, 16.08s/epoch, best=7.490e+00, sign=0.163, train=7.891e+00, val=8.613e+00]
GNN flow training:  32%|███▏      | 32/100 [08:38<18:12, 16.07s/epoch, best=7.490e+00, sign=0.163, train=7.891e+00, val=8.613e+00]
GNN flow training:  32%|███▏      | 32/100 [08:54<18:12, 16.07s/epoch, best=7.490e+00, sign=0.162, train=8.475e+00, val=9.054e+00]
GNN flow training:  33%|███▎      | 33/100 [08:54<17:57, 16.09s/epoch, best=7.490e+00, sign=0.162, train=8.475e+00, val=9.054e+00]
GNN flow training:  33%|███▎      | 33/100 [09:10<17:57, 16.09s/epoch, best=7.490e+00, sign=0.162, train=8.829e+00, val=9.090e+00]
GNN flow training:  34%|███▍      | 34/100 [09:10<17:42, 16.09s/epoch, best=7.490e+00, sign=0.162, train=8.829e+00, val=9.090e+00]
GNN flow training:  34%|███▍      | 34/100 [09:26<17:42, 16.09s/epoch, best=7.490e+00, sign=0.163, train=8.860e+00, val=8.923e+00]
GNN flow training:  35%|███▌      | 35/100 [09:26<17:30, 16.16s/epoch, best=7.490e+00, sign=0.163, train=8.860e+00, val=8.923e+00]
GNN flow training:  35%|███▌      | 35/100 [09:43<17:30, 16.16s/epoch, best=7.490e+00, sign=0.162, train=8.715e+00, val=8.691e+00]
GNN flow training:  36%|███▌      | 36/100 [09:43<17:15, 16.17s/epoch, best=7.490e+00, sign=0.162, train=8.715e+00, val=8.691e+00]
GNN flow training:  36%|███▌      | 36/100 [09:59<17:15, 16.17s/epoch, best=7.490e+00, sign=0.164, train=8.522e+00, val=8.618e+00]
GNN flow training:  37%|███▋      | 37/100 [09:59<17:05, 16.27s/epoch, best=7.490e+00, sign=0.164, train=8.522e+00, val=8.618e+00]
GNN flow training:  37%|███▋      | 37/100 [10:15<17:05, 16.27s/epoch, best=7.490e+00, sign=0.163, train=8.485e+00, val=8.335e+00]
GNN flow training:  38%|███▊      | 38/100 [10:15<16:46, 16.24s/epoch, best=7.490e+00, sign=0.163, train=8.485e+00, val=8.335e+00]
GNN flow training:  38%|███▊      | 38/100 [10:32<16:46, 16.24s/epoch, best=7.490e+00, sign=0.162, train=8.252e+00, val=7.978e+00]
GNN flow training:  39%|███▉      | 39/100 [10:32<16:31, 16.26s/epoch, best=7.490e+00, sign=0.162, train=8.252e+00, val=7.978e+00]
GNN flow training:  39%|███▉      | 39/100 [10:48<16:31, 16.26s/epoch, best=7.490e+00, sign=0.161, train=7.948e+00, val=7.549e+00]
GNN flow training:  40%|████      | 40/100 [10:48<16:17, 16.29s/epoch, best=7.490e+00, sign=0.161, train=7.948e+00, val=7.549e+00]
GNN flow training:  40%|████      | 40/100 [11:04<16:17, 16.29s/epoch, best=7.490e+00, sign=0.159, train=7.573e+00, val=7.081e+00]
GNN flow training:  41%|████      | 41/100 [11:04<16:00, 16.28s/epoch, best=7.490e+00, sign=0.159, train=7.573e+00, val=7.081e+00]
GNN flow training:  41%|████      | 41/100 [11:20<16:00, 16.28s/epoch, best=7.081e+00, sign=0.159, train=7.171e+00, val=6.936e+00]
GNN flow training:  42%|████▏     | 42/100 [11:20<15:39, 16.20s/epoch, best=7.081e+00, sign=0.159, train=7.171e+00, val=6.936e+00]
GNN flow training:  42%|████▏     | 42/100 [11:36<15:39, 16.20s/epoch, best=6.936e+00, sign=0.160, train=7.029e+00, val=6.914e+00]
GNN flow training:  43%|████▎     | 43/100 [11:36<15:17, 16.10s/epoch, best=6.936e+00, sign=0.160, train=7.029e+00, val=6.914e+00]
GNN flow training:  43%|████▎     | 43/100 [11:52<15:17, 16.10s/epoch, best=6.914e+00, sign=0.161, train=7.013e+00, val=6.960e+00]
GNN flow training:  44%|████▍     | 44/100 [11:52<14:57, 16.03s/epoch, best=6.914e+00, sign=0.161, train=7.013e+00, val=6.960e+00]
GNN flow training:  44%|████▍     | 44/100 [12:08<14:57, 16.03s/epoch, best=6.914e+00, sign=0.160, train=7.064e+00, val=6.917e+00]
GNN flow training:  45%|████▌     | 45/100 [12:08<14:37, 15.95s/epoch, best=6.914e+00, sign=0.160, train=7.064e+00, val=6.917e+00]
GNN flow training:  45%|████▌     | 45/100 [12:23<14:37, 15.95s/epoch, best=6.914e+00, sign=0.159, train=7.039e+00, val=6.794e+00]
GNN flow training:  46%|████▌     | 46/100 [12:23<14:18, 15.90s/epoch, best=6.914e+00, sign=0.159, train=7.039e+00, val=6.794e+00]
GNN flow training:  46%|████▌     | 46/100 [12:39<14:18, 15.90s/epoch, best=6.794e+00, sign=0.158, train=6.929e+00, val=6.665e+00]
GNN flow training:  47%|████▋     | 47/100 [12:39<14:01, 15.88s/epoch, best=6.794e+00, sign=0.158, train=6.929e+00, val=6.665e+00]
GNN flow training:  47%|████▋     | 47/100 [12:55<14:01, 15.88s/epoch, best=6.665e+00, sign=0.157, train=6.788e+00, val=6.451e+00]
GNN flow training:  48%|████▊     | 48/100 [12:55<13:43, 15.83s/epoch, best=6.665e+00, sign=0.157, train=6.788e+00, val=6.451e+00]
GNN flow training:  48%|████▊     | 48/100 [13:11<13:43, 15.83s/epoch, best=6.451e+00, sign=0.156, train=6.576e+00, val=6.299e+00]
GNN flow training:  49%|████▉     | 49/100 [13:11<13:27, 15.84s/epoch, best=6.451e+00, sign=0.156, train=6.576e+00, val=6.299e+00]
GNN flow training:  49%|████▉     | 49/100 [13:27<13:27, 15.84s/epoch, best=6.299e+00, sign=0.154, train=6.420e+00, val=6.134e+00]
GNN flow training:  50%|█████     | 50/100 [13:27<13:10, 15.82s/epoch, best=6.299e+00, sign=0.154, train=6.420e+00, val=6.134e+00]
GNN flow training:  50%|█████     | 50/100 [13:43<13:10, 15.82s/epoch, best=6.134e+00, sign=0.152, train=6.270e+00, val=6.010e+00]
GNN flow training:  51%|█████     | 51/100 [13:43<12:57, 15.87s/epoch, best=6.134e+00, sign=0.152, train=6.270e+00, val=6.010e+00]
GNN flow training:  51%|█████     | 51/100 [13:59<12:57, 15.87s/epoch, best=6.010e+00, sign=0.154, train=6.177e+00, val=5.959e+00]
GNN flow training:  52%|█████▏    | 52/100 [13:59<12:41, 15.87s/epoch, best=6.010e+00, sign=0.154, train=6.177e+00, val=5.959e+00]
GNN flow training:  52%|█████▏    | 52/100 [14:15<12:41, 15.87s/epoch, best=5.959e+00, sign=0.150, train=6.150e+00, val=5.989e+00]
GNN flow training:  53%|█████▎    | 53/100 [14:15<12:27, 15.91s/epoch, best=5.959e+00, sign=0.150, train=6.150e+00, val=5.989e+00]
GNN flow training:  53%|█████▎    | 53/100 [14:31<12:27, 15.91s/epoch, best=5.959e+00, sign=0.149, train=6.152e+00, val=5.930e+00]
GNN flow training:  54%|█████▍    | 54/100 [14:31<12:15, 15.99s/epoch, best=5.959e+00, sign=0.149, train=6.152e+00, val=5.930e+00]
GNN flow training:  54%|█████▍    | 54/100 [14:47<12:15, 15.99s/epoch, best=5.930e+00, sign=0.147, train=6.063e+00, val=5.793e+00]
GNN flow training:  55%|█████▌    | 55/100 [14:47<11:59, 15.99s/epoch, best=5.930e+00, sign=0.147, train=6.063e+00, val=5.793e+00]
GNN flow training:  55%|█████▌    | 55/100 [15:03<11:59, 15.99s/epoch, best=5.793e+00, sign=0.148, train=5.893e+00, val=5.654e+00]
GNN flow training:  56%|█████▌    | 56/100 [15:03<11:45, 16.03s/epoch, best=5.793e+00, sign=0.148, train=5.893e+00, val=5.654e+00]
GNN flow training:  56%|█████▌    | 56/100 [15:19<11:45, 16.03s/epoch, best=5.654e+00, sign=0.149, train=5.751e+00, val=5.620e+00]
GNN flow training:  57%|█████▋    | 57/100 [15:19<11:27, 15.99s/epoch, best=5.654e+00, sign=0.149, train=5.751e+00, val=5.620e+00]
GNN flow training:  57%|█████▋    | 57/100 [15:35<11:27, 15.99s/epoch, best=5.620e+00, sign=0.148, train=5.753e+00, val=5.635e+00]
GNN flow training:  58%|█████▊    | 58/100 [15:35<11:11, 15.98s/epoch, best=5.620e+00, sign=0.148, train=5.753e+00, val=5.635e+00]
GNN flow training:  58%|█████▊    | 58/100 [15:51<11:11, 15.98s/epoch, best=5.620e+00, sign=0.148, train=5.800e+00, val=5.571e+00]
GNN flow training:  59%|█████▉    | 59/100 [15:51<10:54, 15.96s/epoch, best=5.620e+00, sign=0.148, train=5.800e+00, val=5.571e+00]
GNN flow training:  59%|█████▉    | 59/100 [16:07<10:54, 15.96s/epoch, best=5.571e+00, sign=0.145, train=5.738e+00, val=5.486e+00]
GNN flow training:  60%|██████    | 60/100 [16:07<10:38, 15.96s/epoch, best=5.571e+00, sign=0.145, train=5.738e+00, val=5.486e+00]
GNN flow training:  60%|██████    | 60/100 [16:23<10:38, 15.96s/epoch, best=5.486e+00, sign=0.142, train=5.618e+00, val=5.384e+00]
GNN flow training:  61%|██████    | 61/100 [16:23<10:23, 15.98s/epoch, best=5.486e+00, sign=0.142, train=5.618e+00, val=5.384e+00]
GNN flow training:  61%|██████    | 61/100 [16:39<10:23, 15.98s/epoch, best=5.384e+00, sign=0.140, train=5.482e+00, val=5.334e+00]
GNN flow training:  62%|██████▏   | 62/100 [16:39<10:10, 16.07s/epoch, best=5.384e+00, sign=0.140, train=5.482e+00, val=5.334e+00]
GNN flow training:  62%|██████▏   | 62/100 [16:55<10:10, 16.07s/epoch, best=5.334e+00, sign=0.140, train=5.435e+00, val=5.380e+00]
GNN flow training:  63%|██████▎   | 63/100 [16:55<09:54, 16.07s/epoch, best=5.334e+00, sign=0.140, train=5.435e+00, val=5.380e+00]
GNN flow training:  63%|██████▎   | 63/100 [17:11<09:54, 16.07s/epoch, best=5.334e+00, sign=0.141, train=5.476e+00, val=5.382e+00]
GNN flow training:  64%|██████▍   | 64/100 [17:11<09:37, 16.05s/epoch, best=5.334e+00, sign=0.141, train=5.476e+00, val=5.382e+00]
GNN flow training:  64%|██████▍   | 64/100 [17:27<09:37, 16.05s/epoch, best=5.334e+00, sign=0.140, train=5.436e+00, val=5.336e+00]
GNN flow training:  65%|██████▌   | 65/100 [17:27<09:22, 16.07s/epoch, best=5.334e+00, sign=0.140, train=5.436e+00, val=5.336e+00]
GNN flow training:  65%|██████▌   | 65/100 [17:43<09:22, 16.07s/epoch, best=5.334e+00, sign=0.139, train=5.350e+00, val=5.257e+00]
GNN flow training:  66%|██████▌   | 66/100 [17:43<09:04, 16.03s/epoch, best=5.334e+00, sign=0.139, train=5.350e+00, val=5.257e+00]
GNN flow training:  66%|██████▌   | 66/100 [17:59<09:04, 16.03s/epoch, best=5.257e+00, sign=0.139, train=5.249e+00, val=5.195e+00]
GNN flow training:  67%|██████▋   | 67/100 [17:59<08:52, 16.12s/epoch, best=5.257e+00, sign=0.139, train=5.249e+00, val=5.195e+00]
GNN flow training:  67%|██████▋   | 67/100 [18:15<08:52, 16.12s/epoch, best=5.195e+00, sign=0.136, train=5.171e+00, val=5.273e+00]
GNN flow training:  68%|██████▊   | 68/100 [18:15<08:35, 16.10s/epoch, best=5.195e+00, sign=0.136, train=5.171e+00, val=5.273e+00]
GNN flow training:  68%|██████▊   | 68/100 [18:31<08:35, 16.10s/epoch, best=5.195e+00, sign=0.138, train=5.169e+00, val=5.307e+00]
GNN flow training:  69%|██████▉   | 69/100 [18:31<08:17, 16.05s/epoch, best=5.195e+00, sign=0.138, train=5.169e+00, val=5.307e+00]
GNN flow training:  69%|██████▉   | 69/100 [18:47<08:17, 16.05s/epoch, best=5.195e+00, sign=0.140, train=5.147e+00, val=5.331e+00]
GNN flow training:  70%|███████   | 70/100 [18:47<08:00, 16.03s/epoch, best=5.195e+00, sign=0.140, train=5.147e+00, val=5.331e+00]
GNN flow training:  70%|███████   | 70/100 [19:03<08:00, 16.03s/epoch, best=5.195e+00, sign=0.140, train=5.178e+00, val=5.234e+00]
GNN flow training:  71%|███████   | 71/100 [19:03<07:44, 16.01s/epoch, best=5.195e+00, sign=0.140, train=5.178e+00, val=5.234e+00]
GNN flow training:  71%|███████   | 71/100 [19:19<07:44, 16.01s/epoch, best=5.195e+00, sign=0.138, train=5.066e+00, val=5.122e+00]
GNN flow training:  72%|███████▏  | 72/100 [19:19<07:26, 15.96s/epoch, best=5.195e+00, sign=0.138, train=5.066e+00, val=5.122e+00]
GNN flow training:  72%|███████▏  | 72/100 [19:35<07:26, 15.96s/epoch, best=5.122e+00, sign=0.137, train=4.950e+00, val=5.118e+00]
GNN flow training:  73%|███████▎  | 73/100 [19:35<07:11, 15.98s/epoch, best=5.122e+00, sign=0.137, train=4.950e+00, val=5.118e+00]
GNN flow training:  73%|███████▎  | 73/100 [19:51<07:11, 15.98s/epoch, best=5.118e+00, sign=0.136, train=4.940e+00, val=5.145e+00]
GNN flow training:  74%|███████▍  | 74/100 [19:51<06:55, 15.96s/epoch, best=5.118e+00, sign=0.136, train=4.940e+00, val=5.145e+00]
GNN flow training:  74%|███████▍  | 74/100 [20:07<06:55, 15.96s/epoch, best=5.118e+00, sign=0.136, train=4.958e+00, val=5.175e+00]
GNN flow training:  75%|███████▌  | 75/100 [20:07<06:39, 15.97s/epoch, best=5.118e+00, sign=0.136, train=4.958e+00, val=5.175e+00]
GNN flow training:  75%|███████▌  | 75/100 [20:23<06:39, 15.97s/epoch, best=5.118e+00, sign=0.136, train=4.957e+00, val=5.186e+00]
GNN flow training:  76%|███████▌  | 76/100 [20:23<06:24, 16.01s/epoch, best=5.118e+00, sign=0.136, train=4.957e+00, val=5.186e+00]
GNN flow training:  76%|███████▌  | 76/100 [20:39<06:24, 16.01s/epoch, best=5.118e+00, sign=0.135, train=4.922e+00, val=5.209e+00]
GNN flow training:  77%|███████▋  | 77/100 [20:39<06:08, 16.02s/epoch, best=5.118e+00, sign=0.135, train=4.922e+00, val=5.209e+00]
GNN flow training:  77%|███████▋  | 77/100 [20:55<06:08, 16.02s/epoch, best=5.118e+00, sign=0.135, train=4.883e+00, val=5.220e+00]
GNN flow training:  78%|███████▊  | 78/100 [20:55<05:51, 15.99s/epoch, best=5.118e+00, sign=0.135, train=4.883e+00, val=5.220e+00]
GNN flow training:  78%|███████▊  | 78/100 [21:11<05:51, 15.99s/epoch, best=5.118e+00, sign=0.135, train=4.874e+00, val=5.182e+00]
GNN flow training:  79%|███████▉  | 79/100 [21:11<05:36, 16.00s/epoch, best=5.118e+00, sign=0.135, train=4.874e+00, val=5.182e+00]
GNN flow training:  79%|███████▉  | 79/100 [21:27<05:36, 16.00s/epoch, best=5.118e+00, sign=0.137, train=4.845e+00, val=5.146e+00]
GNN flow training:  80%|████████  | 80/100 [21:27<05:19, 15.96s/epoch, best=5.118e+00, sign=0.137, train=4.845e+00, val=5.146e+00]
GNN flow training:  80%|████████  | 80/100 [21:43<05:19, 15.96s/epoch, best=5.118e+00, sign=0.138, train=4.850e+00, val=5.087e+00]
GNN flow training:  81%|████████  | 81/100 [21:43<05:04, 16.04s/epoch, best=5.118e+00, sign=0.138, train=4.850e+00, val=5.087e+00]
GNN flow training:  81%|████████  | 81/100 [21:59<05:04, 16.04s/epoch, best=5.087e+00, sign=0.141, train=4.831e+00, val=5.007e+00]
GNN flow training:  82%|████████▏ | 82/100 [21:59<04:48, 16.05s/epoch, best=5.087e+00, sign=0.141, train=4.831e+00, val=5.007e+00]
GNN flow training:  82%|████████▏ | 82/100 [22:15<04:48, 16.05s/epoch, best=5.007e+00, sign=0.141, train=4.783e+00, val=4.924e+00]
GNN flow training:  83%|████████▎ | 83/100 [22:15<04:32, 16.02s/epoch, best=5.007e+00, sign=0.141, train=4.783e+00, val=4.924e+00]
GNN flow training:  83%|████████▎ | 83/100 [22:31<04:32, 16.02s/epoch, best=4.924e+00, sign=0.142, train=4.776e+00, val=4.892e+00]
GNN flow training:  84%|████████▍ | 84/100 [22:31<04:16, 16.02s/epoch, best=4.924e+00, sign=0.142, train=4.776e+00, val=4.892e+00]
GNN flow training:  84%|████████▍ | 84/100 [22:47<04:16, 16.02s/epoch, best=4.892e+00, sign=0.140, train=4.752e+00, val=4.908e+00]
GNN flow training:  85%|████████▌ | 85/100 [22:47<04:00, 16.03s/epoch, best=4.892e+00, sign=0.140, train=4.752e+00, val=4.908e+00]
GNN flow training:  85%|████████▌ | 85/100 [23:03<04:00, 16.03s/epoch, best=4.892e+00, sign=0.137, train=4.745e+00, val=4.941e+00]
GNN flow training:  86%|████████▌ | 86/100 [23:03<03:45, 16.08s/epoch, best=4.892e+00, sign=0.137, train=4.745e+00, val=4.941e+00]
GNN flow training:  86%|████████▌ | 86/100 [23:20<03:45, 16.08s/epoch, best=4.892e+00, sign=0.134, train=4.698e+00, val=5.025e+00]
GNN flow training:  87%|████████▋ | 87/100 [23:20<03:29, 16.11s/epoch, best=4.892e+00, sign=0.134, train=4.698e+00, val=5.025e+00]
GNN flow training:  87%|████████▋ | 87/100 [23:36<03:29, 16.11s/epoch, best=4.892e+00, sign=0.135, train=4.721e+00, val=5.062e+00]
GNN flow training:  88%|████████▊ | 88/100 [23:36<03:13, 16.08s/epoch, best=4.892e+00, sign=0.135, train=4.721e+00, val=5.062e+00]
GNN flow training:  88%|████████▊ | 88/100 [23:52<03:13, 16.08s/epoch, best=4.892e+00, sign=0.136, train=4.763e+00, val=5.127e+00]
GNN flow training:  89%|████████▉ | 89/100 [23:52<02:57, 16.11s/epoch, best=4.892e+00, sign=0.136, train=4.763e+00, val=5.127e+00]
GNN flow training:  89%|████████▉ | 89/100 [24:08<02:57, 16.11s/epoch, best=4.892e+00, sign=0.137, train=4.836e+00, val=5.232e+00]
GNN flow training:  90%|█████████ | 90/100 [24:08<02:40, 16.07s/epoch, best=4.892e+00, sign=0.137, train=4.836e+00, val=5.232e+00]
GNN flow training:  90%|█████████ | 90/100 [24:24<02:40, 16.07s/epoch, best=4.892e+00, sign=0.135, train=4.946e+00, val=5.338e+00]
GNN flow training:  91%|█████████ | 91/100 [24:24<02:24, 16.06s/epoch, best=4.892e+00, sign=0.135, train=4.946e+00, val=5.338e+00]
GNN flow training:  91%|█████████ | 91/100 [24:40<02:24, 16.06s/epoch, best=4.892e+00, sign=0.135, train=4.995e+00, val=5.343e+00]
GNN flow training:  92%|█████████▏| 92/100 [24:40<02:08, 16.10s/epoch, best=4.892e+00, sign=0.135, train=4.995e+00, val=5.343e+00]
GNN flow training:  92%|█████████▏| 92/100 [24:56<02:08, 16.10s/epoch, best=4.892e+00, sign=0.136, train=4.969e+00, val=5.317e+00]
GNN flow training:  93%|█████████▎| 93/100 [24:56<01:52, 16.13s/epoch, best=4.892e+00, sign=0.136, train=4.969e+00, val=5.317e+00]
GNN flow training:  93%|█████████▎| 93/100 [25:12<01:52, 16.13s/epoch, best=4.892e+00, sign=0.136, train=4.931e+00, val=5.333e+00]
GNN flow training:  94%|█████████▍| 94/100 [25:12<01:36, 16.15s/epoch, best=4.892e+00, sign=0.136, train=4.931e+00, val=5.333e+00]
GNN flow training:  94%|█████████▍| 94/100 [25:29<01:36, 16.15s/epoch, best=4.892e+00, sign=0.136, train=4.930e+00, val=5.300e+00]
GNN flow training:  95%|█████████▌| 95/100 [25:29<01:20, 16.17s/epoch, best=4.892e+00, sign=0.136, train=4.930e+00, val=5.300e+00]
GNN flow training:  95%|█████████▌| 95/100 [25:45<01:20, 16.17s/epoch, best=4.892e+00, sign=0.136, train=4.888e+00, val=5.151e+00]
GNN flow training:  96%|█████████▌| 96/100 [25:45<01:04, 16.18s/epoch, best=4.892e+00, sign=0.136, train=4.888e+00, val=5.151e+00]
GNN flow training:  96%|█████████▌| 96/100 [26:01<01:04, 16.18s/epoch, best=4.892e+00, sign=0.137, train=4.840e+00, val=5.042e+00]
GNN flow training:  97%|█████████▋| 97/100 [26:01<00:48, 16.15s/epoch, best=4.892e+00, sign=0.137, train=4.840e+00, val=5.042e+00]
GNN flow training:  97%|█████████▋| 97/100 [26:17<00:48, 16.15s/epoch, best=4.892e+00, sign=0.138, train=4.791e+00, val=4.960e+00]
GNN flow training:  98%|█████████▊| 98/100 [26:17<00:32, 16.17s/epoch, best=4.892e+00, sign=0.138, train=4.791e+00, val=4.960e+00]
GNN flow training:  98%|█████████▊| 98/100 [26:33<00:32, 16.17s/epoch, best=4.892e+00, sign=0.137, train=4.756e+00, val=4.988e+00]
GNN flow training:  99%|█████████▉| 99/100 [26:33<00:16, 16.20s/epoch, best=4.892e+00, sign=0.137, train=4.756e+00, val=4.988e+00]
GNN flow training:  99%|█████████▉| 99/100 [26:49<00:16, 16.20s/epoch, best=4.892e+00, sign=0.135, train=4.767e+00, val=4.931e+00]
GNN flow training: 100%|██████████| 100/100 [26:49<00:00, 16.16s/epoch, best=4.892e+00, sign=0.135, train=4.767e+00, val=4.931e+00]
GNN flow training: 100%|██████████| 100/100 [26:49<00:00, 16.10s/epoch, best=4.892e+00, sign=0.135, train=4.767e+00, val=4.931e+00]
Resolved config snapshot:
{'preset': 'solver_QKB_outer_QKBdelta', 'gnn_outer_losses': {'flow': 100.0, 'kirchhoff': 0.1, 'boundary': 100.0, 'delta_l2': 0.1, 'delta_smooth': 0.0, 'pressure_shape': 0.0}, 'physics': {'arterial_flow_mode': 'dataset', 'pressure_constraints': ['equal-a-equal-v'], 'alpha_pa': None, 'use_snr_weights': True, 'use_observed_flow_snr_weighting': True, 'flow_scale_mode': 'median_abs', 'solver_device': 'same', 'pressure_solver_mode': 'reduced-soft-constrained-lstsq', 'pressure_solver_lambda_kirchhoff': 1.0, 'pressure_solver_lambda_pressure_constraints': 100.0, 'pressure_solver_lambda_flow_residual': 1.0, 'pressure_shape_reference': 'delta_zero_reference', 'pressure_detach': False}, 'correction_bounds': {'correction_min': -0.5, 'correction_max': 0.5, 'correction_bound': 0.5, 'correction_parameterization': 'tanh'}, 'optimization': {'learning_rate': 0.001, 'weight_decay': 0.0001, 'gradient_clip_norm': 5.0, 'optimizer': 'adamw', 'epochs': 100, 'patience': 40}}
Shard 49/80: 1 of 80 runs
Command: /mnt/home/sswee/miniforge3/envs/yolk-sac/bin/python /mnt/home/sswee/yolk/Yolk-Sac-Flow-Data-and-Sim/gnn_clean/scripts/python/gnn_flow.py /mnt/home/sswee/yolk/Yolk-Sac-Flow-Data-and-Sim/gnn_clean/datasets/mosaic_graph_norm_canonical.gpickle --output-dir /mnt/home/sswee/yolk/Yolk-Sac-Flow-Data-and-Sim/gnn_clean/outputs_canonical_norm/dc/02_physics_weight_sweep/gnn --run-name q_100__k_0p1__delta_0p1 --preset solver_QKB_outer_QKBdelta --device cuda --epochs 100 --seed 0 --viscosity-pa-s 0.0035 --config /mnt/home/sswee/yolk/Yolk-Sac-Flow-Data-and-Sim/gnn_clean/outputs_canonical_norm/dc/02_physics_weight_sweep/_generated_configs/q_100__k_0p1__delta_0p1.yaml --no-pressure-detach
