[info] DC Step 2 canonical sweep uses fixed lambda_B=100.0 for both the outer boundary loss and the reduced pressure-solver boundary constraint.

GNN flow training:   0%|          | 0/100 [00:00<?, ?epoch/s]
GNN flow training:   0%|          | 0/100 [00:04<?, ?epoch/s, best=2.688e-01, sign=0.161, train=2.672e-01, val=2.688e-01]
GNN flow training:   1%|          | 1/100 [00:04<07:52,  4.77s/epoch, best=2.688e-01, sign=0.161, train=2.672e-01, val=2.688e-01]
GNN flow training:   1%|          | 1/100 [00:09<07:52,  4.77s/epoch, best=2.688e-01, sign=0.160, train=2.670e-01, val=2.686e-01]
GNN flow training:   2%|▏         | 2/100 [00:09<07:35,  4.65s/epoch, best=2.688e-01, sign=0.160, train=2.670e-01, val=2.686e-01]
GNN flow training:   2%|▏         | 2/100 [00:13<07:35,  4.65s/epoch, best=2.686e-01, sign=0.160, train=2.668e-01, val=2.684e-01]
GNN flow training:   3%|▎         | 3/100 [00:13<07:23,  4.58s/epoch, best=2.686e-01, sign=0.160, train=2.668e-01, val=2.684e-01]
GNN flow training:   3%|▎         | 3/100 [00:18<07:23,  4.58s/epoch, best=2.684e-01, sign=0.159, train=2.665e-01, val=2.682e-01]
GNN flow training:   4%|▍         | 4/100 [00:18<07:17,  4.55s/epoch, best=2.684e-01, sign=0.159, train=2.665e-01, val=2.682e-01]
GNN flow training:   4%|▍         | 4/100 [00:22<07:17,  4.55s/epoch, best=2.682e-01, sign=0.159, train=2.662e-01, val=2.680e-01]
GNN flow training:   5%|▌         | 5/100 [00:22<07:10,  4.53s/epoch, best=2.682e-01, sign=0.159, train=2.662e-01, val=2.680e-01]
GNN flow training:   5%|▌         | 5/100 [00:27<07:10,  4.53s/epoch, best=2.680e-01, sign=0.158, train=2.660e-01, val=2.679e-01]
GNN flow training:   6%|▌         | 6/100 [00:27<07:06,  4.53s/epoch, best=2.680e-01, sign=0.158, train=2.660e-01, val=2.679e-01]
GNN flow training:   6%|▌         | 6/100 [00:31<07:06,  4.53s/epoch, best=2.679e-01, sign=0.158, train=2.658e-01, val=2.674e-01]
GNN flow training:   7%|▋         | 7/100 [00:31<07:01,  4.53s/epoch, best=2.679e-01, sign=0.158, train=2.658e-01, val=2.674e-01]
GNN flow training:   7%|▋         | 7/100 [00:36<07:01,  4.53s/epoch, best=2.674e-01, sign=0.156, train=2.652e-01, val=2.674e-01]
GNN flow training:   8%|▊         | 8/100 [00:36<06:55,  4.52s/epoch, best=2.674e-01, sign=0.156, train=2.652e-01, val=2.674e-01]
GNN flow training:   8%|▊         | 8/100 [00:40<06:55,  4.52s/epoch, best=2.674e-01, sign=0.156, train=2.652e-01, val=2.674e-01]
GNN flow training:   9%|▉         | 9/100 [00:40<06:50,  4.51s/epoch, best=2.674e-01, sign=0.156, train=2.652e-01, val=2.674e-01]
GNN flow training:   9%|▉         | 9/100 [00:45<06:50,  4.51s/epoch, best=2.674e-01, sign=0.155, train=2.651e-01, val=2.674e-01]
GNN flow training:  10%|█         | 10/100 [00:45<06:46,  4.52s/epoch, best=2.674e-01, sign=0.155, train=2.651e-01, val=2.674e-01]
GNN flow training:  10%|█         | 10/100 [00:49<06:46,  4.52s/epoch, best=2.674e-01, sign=0.155, train=2.651e-01, val=2.670e-01]
GNN flow training:  11%|█         | 11/100 [00:49<06:42,  4.52s/epoch, best=2.674e-01, sign=0.155, train=2.651e-01, val=2.670e-01]
GNN flow training:  11%|█         | 11/100 [00:54<06:42,  4.52s/epoch, best=2.670e-01, sign=0.154, train=2.647e-01, val=2.671e-01]
GNN flow training:  12%|█▏        | 12/100 [00:54<06:39,  4.54s/epoch, best=2.670e-01, sign=0.154, train=2.647e-01, val=2.671e-01]
GNN flow training:  12%|█▏        | 12/100 [00:59<06:39,  4.54s/epoch, best=2.670e-01, sign=0.154, train=2.649e-01, val=2.670e-01]
GNN flow training:  13%|█▎        | 13/100 [00:59<06:35,  4.54s/epoch, best=2.670e-01, sign=0.154, train=2.649e-01, val=2.670e-01]
GNN flow training:  13%|█▎        | 13/100 [01:03<06:35,  4.54s/epoch, best=2.670e-01, sign=0.154, train=2.647e-01, val=2.666e-01]
GNN flow training:  14%|█▍        | 14/100 [01:03<06:30,  4.54s/epoch, best=2.670e-01, sign=0.154, train=2.647e-01, val=2.666e-01]
GNN flow training:  14%|█▍        | 14/100 [01:08<06:30,  4.54s/epoch, best=2.666e-01, sign=0.154, train=2.643e-01, val=2.661e-01]
GNN flow training:  15%|█▌        | 15/100 [01:08<06:25,  4.54s/epoch, best=2.666e-01, sign=0.154, train=2.643e-01, val=2.661e-01]
GNN flow training:  15%|█▌        | 15/100 [01:12<06:25,  4.54s/epoch, best=2.661e-01, sign=0.154, train=2.639e-01, val=2.661e-01]
GNN flow training:  16%|█▌        | 16/100 [01:12<06:21,  4.55s/epoch, best=2.661e-01, sign=0.154, train=2.639e-01, val=2.661e-01]
GNN flow training:  16%|█▌        | 16/100 [01:17<06:21,  4.55s/epoch, best=2.661e-01, sign=0.154, train=2.639e-01, val=2.661e-01]
GNN flow training:  17%|█▋        | 17/100 [01:17<06:17,  4.55s/epoch, best=2.661e-01, sign=0.154, train=2.639e-01, val=2.661e-01]
GNN flow training:  17%|█▋        | 17/100 [01:21<06:17,  4.55s/epoch, best=2.661e-01, sign=0.153, train=2.638e-01, val=2.659e-01]
GNN flow training:  18%|█▊        | 18/100 [01:21<06:12,  4.55s/epoch, best=2.661e-01, sign=0.153, train=2.638e-01, val=2.659e-01]
GNN flow training:  18%|█▊        | 18/100 [01:26<06:12,  4.55s/epoch, best=2.659e-01, sign=0.153, train=2.637e-01, val=2.657e-01]
GNN flow training:  19%|█▉        | 19/100 [01:26<06:08,  4.54s/epoch, best=2.659e-01, sign=0.153, train=2.637e-01, val=2.657e-01]
GNN flow training:  19%|█▉        | 19/100 [01:30<06:08,  4.54s/epoch, best=2.657e-01, sign=0.152, train=2.634e-01, val=2.655e-01]
GNN flow training:  20%|██        | 20/100 [01:30<06:02,  4.53s/epoch, best=2.657e-01, sign=0.152, train=2.634e-01, val=2.655e-01]
GNN flow training:  20%|██        | 20/100 [01:35<06:02,  4.53s/epoch, best=2.655e-01, sign=0.151, train=2.631e-01, val=2.654e-01]
GNN flow training:  21%|██        | 21/100 [01:35<05:57,  4.52s/epoch, best=2.655e-01, sign=0.151, train=2.631e-01, val=2.654e-01]
GNN flow training:  21%|██        | 21/100 [01:39<05:57,  4.52s/epoch, best=2.654e-01, sign=0.150, train=2.630e-01, val=2.655e-01]
GNN flow training:  22%|██▏       | 22/100 [01:39<05:53,  4.53s/epoch, best=2.654e-01, sign=0.150, train=2.630e-01, val=2.655e-01]
GNN flow training:  22%|██▏       | 22/100 [01:44<05:53,  4.53s/epoch, best=2.654e-01, sign=0.150, train=2.630e-01, val=2.653e-01]
GNN flow training:  23%|██▎       | 23/100 [01:44<05:48,  4.52s/epoch, best=2.654e-01, sign=0.150, train=2.630e-01, val=2.653e-01]
GNN flow training:  23%|██▎       | 23/100 [01:48<05:48,  4.52s/epoch, best=2.653e-01, sign=0.149, train=2.628e-01, val=2.650e-01]
GNN flow training:  24%|██▍       | 24/100 [01:48<05:43,  4.52s/epoch, best=2.653e-01, sign=0.149, train=2.628e-01, val=2.650e-01]
GNN flow training:  24%|██▍       | 24/100 [01:53<05:43,  4.52s/epoch, best=2.650e-01, sign=0.150, train=2.624e-01, val=2.645e-01]
GNN flow training:  25%|██▌       | 25/100 [01:53<05:38,  4.51s/epoch, best=2.650e-01, sign=0.150, train=2.624e-01, val=2.645e-01]
GNN flow training:  25%|██▌       | 25/100 [01:57<05:38,  4.51s/epoch, best=2.645e-01, sign=0.149, train=2.619e-01, val=2.645e-01]
GNN flow training:  26%|██▌       | 26/100 [01:57<05:34,  4.52s/epoch, best=2.645e-01, sign=0.149, train=2.619e-01, val=2.645e-01]
GNN flow training:  26%|██▌       | 26/100 [02:02<05:34,  4.52s/epoch, best=2.645e-01, sign=0.150, train=2.619e-01, val=2.647e-01]
GNN flow training:  27%|██▋       | 27/100 [02:02<05:30,  4.53s/epoch, best=2.645e-01, sign=0.150, train=2.619e-01, val=2.647e-01]
GNN flow training:  27%|██▋       | 27/100 [02:06<05:30,  4.53s/epoch, best=2.645e-01, sign=0.150, train=2.621e-01, val=2.647e-01]
GNN flow training:  28%|██▊       | 28/100 [02:06<05:25,  4.52s/epoch, best=2.645e-01, sign=0.150, train=2.621e-01, val=2.647e-01]
GNN flow training:  28%|██▊       | 28/100 [02:11<05:25,  4.52s/epoch, best=2.645e-01, sign=0.149, train=2.621e-01, val=2.646e-01]
GNN flow training:  29%|██▉       | 29/100 [02:11<05:20,  4.52s/epoch, best=2.645e-01, sign=0.149, train=2.621e-01, val=2.646e-01]
GNN flow training:  29%|██▉       | 29/100 [02:16<05:20,  4.52s/epoch, best=2.645e-01, sign=0.148, train=2.619e-01, val=2.644e-01]
GNN flow training:  30%|███       | 30/100 [02:16<05:16,  4.52s/epoch, best=2.645e-01, sign=0.148, train=2.619e-01, val=2.644e-01]
GNN flow training:  30%|███       | 30/100 [02:20<05:16,  4.52s/epoch, best=2.644e-01, sign=0.148, train=2.617e-01, val=2.641e-01]
GNN flow training:  31%|███       | 31/100 [02:20<05:11,  4.52s/epoch, best=2.644e-01, sign=0.148, train=2.617e-01, val=2.641e-01]
GNN flow training:  31%|███       | 31/100 [02:25<05:11,  4.52s/epoch, best=2.641e-01, sign=0.147, train=2.613e-01, val=2.639e-01]
GNN flow training:  32%|███▏      | 32/100 [02:25<05:07,  4.52s/epoch, best=2.641e-01, sign=0.147, train=2.613e-01, val=2.639e-01]
GNN flow training:  32%|███▏      | 32/100 [02:29<05:07,  4.52s/epoch, best=2.639e-01, sign=0.146, train=2.611e-01, val=2.638e-01]
GNN flow training:  33%|███▎      | 33/100 [02:29<05:02,  4.52s/epoch, best=2.639e-01, sign=0.146, train=2.611e-01, val=2.638e-01]
GNN flow training:  33%|███▎      | 33/100 [02:34<05:02,  4.52s/epoch, best=2.638e-01, sign=0.146, train=2.609e-01, val=2.637e-01]
GNN flow training:  34%|███▍      | 34/100 [02:34<04:57,  4.50s/epoch, best=2.638e-01, sign=0.146, train=2.609e-01, val=2.637e-01]
GNN flow training:  34%|███▍      | 34/100 [02:38<04:57,  4.50s/epoch, best=2.637e-01, sign=0.145, train=2.607e-01, val=2.635e-01]
GNN flow training:  35%|███▌      | 35/100 [02:38<04:53,  4.51s/epoch, best=2.637e-01, sign=0.145, train=2.607e-01, val=2.635e-01]
GNN flow training:  35%|███▌      | 35/100 [02:43<04:53,  4.51s/epoch, best=2.635e-01, sign=0.144, train=2.604e-01, val=2.633e-01]
GNN flow training:  36%|███▌      | 36/100 [02:43<04:49,  4.53s/epoch, best=2.635e-01, sign=0.144, train=2.604e-01, val=2.633e-01]
GNN flow training:  36%|███▌      | 36/100 [02:47<04:49,  4.53s/epoch, best=2.633e-01, sign=0.144, train=2.603e-01, val=2.631e-01]
GNN flow training:  37%|███▋      | 37/100 [02:47<04:45,  4.53s/epoch, best=2.633e-01, sign=0.144, train=2.603e-01, val=2.631e-01]
GNN flow training:  37%|███▋      | 37/100 [02:52<04:45,  4.53s/epoch, best=2.631e-01, sign=0.145, train=2.601e-01, val=2.627e-01]
GNN flow training:  38%|███▊      | 38/100 [02:52<04:39,  4.51s/epoch, best=2.631e-01, sign=0.145, train=2.601e-01, val=2.627e-01]
GNN flow training:  38%|███▊      | 38/100 [02:56<04:39,  4.51s/epoch, best=2.627e-01, sign=0.145, train=2.597e-01, val=2.626e-01]
GNN flow training:  39%|███▉      | 39/100 [02:56<04:35,  4.51s/epoch, best=2.627e-01, sign=0.145, train=2.597e-01, val=2.626e-01]
GNN flow training:  39%|███▉      | 39/100 [03:01<04:35,  4.51s/epoch, best=2.626e-01, sign=0.145, train=2.595e-01, val=2.625e-01]
GNN flow training:  40%|████      | 40/100 [03:01<04:30,  4.51s/epoch, best=2.626e-01, sign=0.145, train=2.595e-01, val=2.625e-01]
GNN flow training:  40%|████      | 40/100 [03:05<04:30,  4.51s/epoch, best=2.625e-01, sign=0.145, train=2.594e-01, val=2.625e-01]
GNN flow training:  41%|████      | 41/100 [03:05<04:25,  4.51s/epoch, best=2.625e-01, sign=0.145, train=2.594e-01, val=2.625e-01]
GNN flow training:  41%|████      | 41/100 [03:10<04:25,  4.51s/epoch, best=2.625e-01, sign=0.144, train=2.594e-01, val=2.622e-01]
GNN flow training:  42%|████▏     | 42/100 [03:10<04:22,  4.52s/epoch, best=2.625e-01, sign=0.144, train=2.594e-01, val=2.622e-01]
GNN flow training:  42%|████▏     | 42/100 [03:14<04:22,  4.52s/epoch, best=2.622e-01, sign=0.144, train=2.590e-01, val=2.620e-01]
GNN flow training:  43%|████▎     | 43/100 [03:14<04:17,  4.52s/epoch, best=2.622e-01, sign=0.144, train=2.590e-01, val=2.620e-01]
GNN flow training:  43%|████▎     | 43/100 [03:19<04:17,  4.52s/epoch, best=2.620e-01, sign=0.144, train=2.588e-01, val=2.618e-01]
GNN flow training:  44%|████▍     | 44/100 [03:19<04:12,  4.51s/epoch, best=2.620e-01, sign=0.144, train=2.588e-01, val=2.618e-01]
GNN flow training:  44%|████▍     | 44/100 [03:23<04:12,  4.51s/epoch, best=2.618e-01, sign=0.144, train=2.586e-01, val=2.618e-01]
GNN flow training:  45%|████▌     | 45/100 [03:23<04:07,  4.50s/epoch, best=2.618e-01, sign=0.144, train=2.586e-01, val=2.618e-01]
GNN flow training:  45%|████▌     | 45/100 [03:28<04:07,  4.50s/epoch, best=2.618e-01, sign=0.143, train=2.586e-01, val=2.617e-01]
GNN flow training:  46%|████▌     | 46/100 [03:28<04:03,  4.52s/epoch, best=2.618e-01, sign=0.143, train=2.586e-01, val=2.617e-01]
GNN flow training:  46%|████▌     | 46/100 [03:32<04:03,  4.52s/epoch, best=2.617e-01, sign=0.142, train=2.584e-01, val=2.617e-01]
GNN flow training:  47%|████▋     | 47/100 [03:32<03:59,  4.51s/epoch, best=2.617e-01, sign=0.142, train=2.584e-01, val=2.617e-01]
GNN flow training:  47%|████▋     | 47/100 [03:37<03:59,  4.51s/epoch, best=2.617e-01, sign=0.142, train=2.585e-01, val=2.616e-01]
GNN flow training:  48%|████▊     | 48/100 [03:37<03:54,  4.51s/epoch, best=2.617e-01, sign=0.142, train=2.585e-01, val=2.616e-01]
GNN flow training:  48%|████▊     | 48/100 [03:41<03:54,  4.51s/epoch, best=2.616e-01, sign=0.143, train=2.584e-01, val=2.618e-01]
GNN flow training:  49%|████▉     | 49/100 [03:41<03:49,  4.49s/epoch, best=2.616e-01, sign=0.143, train=2.584e-01, val=2.618e-01]
GNN flow training:  49%|████▉     | 49/100 [03:46<03:49,  4.49s/epoch, best=2.616e-01, sign=0.143, train=2.585e-01, val=2.617e-01]
GNN flow training:  50%|█████     | 50/100 [03:46<03:44,  4.50s/epoch, best=2.616e-01, sign=0.143, train=2.585e-01, val=2.617e-01]
GNN flow training:  50%|█████     | 50/100 [03:50<03:44,  4.50s/epoch, best=2.616e-01, sign=0.144, train=2.583e-01, val=2.618e-01]
GNN flow training:  51%|█████     | 51/100 [03:50<03:39,  4.49s/epoch, best=2.616e-01, sign=0.144, train=2.583e-01, val=2.618e-01]
GNN flow training:  51%|█████     | 51/100 [03:55<03:39,  4.49s/epoch, best=2.616e-01, sign=0.143, train=2.583e-01, val=2.617e-01]
GNN flow training:  52%|█████▏    | 52/100 [03:55<03:35,  4.50s/epoch, best=2.616e-01, sign=0.143, train=2.583e-01, val=2.617e-01]
GNN flow training:  52%|█████▏    | 52/100 [03:59<03:35,  4.50s/epoch, best=2.616e-01, sign=0.143, train=2.582e-01, val=2.617e-01]
GNN flow training:  53%|█████▎    | 53/100 [03:59<03:32,  4.51s/epoch, best=2.616e-01, sign=0.143, train=2.582e-01, val=2.617e-01]
GNN flow training:  53%|█████▎    | 53/100 [04:04<03:32,  4.51s/epoch, best=2.616e-01, sign=0.143, train=2.581e-01, val=2.617e-01]
GNN flow training:  54%|█████▍    | 54/100 [04:04<03:27,  4.52s/epoch, best=2.616e-01, sign=0.143, train=2.581e-01, val=2.617e-01]
GNN flow training:  54%|█████▍    | 54/100 [04:08<03:27,  4.52s/epoch, best=2.616e-01, sign=0.143, train=2.581e-01, val=2.616e-01]
GNN flow training:  55%|█████▌    | 55/100 [04:08<03:22,  4.51s/epoch, best=2.616e-01, sign=0.143, train=2.581e-01, val=2.616e-01]
GNN flow training:  55%|█████▌    | 55/100 [04:13<03:22,  4.51s/epoch, best=2.616e-01, sign=0.142, train=2.579e-01, val=2.616e-01]
GNN flow training:  56%|█████▌    | 56/100 [04:13<03:18,  4.52s/epoch, best=2.616e-01, sign=0.142, train=2.579e-01, val=2.616e-01]
GNN flow training:  56%|█████▌    | 56/100 [04:17<03:18,  4.52s/epoch, best=2.616e-01, sign=0.142, train=2.577e-01, val=2.618e-01]
GNN flow training:  57%|█████▋    | 57/100 [04:17<03:14,  4.52s/epoch, best=2.616e-01, sign=0.142, train=2.577e-01, val=2.618e-01]
GNN flow training:  57%|█████▋    | 57/100 [04:22<03:14,  4.52s/epoch, best=2.616e-01, sign=0.142, train=2.578e-01, val=2.619e-01]
GNN flow training:  58%|█████▊    | 58/100 [04:22<03:09,  4.52s/epoch, best=2.616e-01, sign=0.142, train=2.578e-01, val=2.619e-01]
GNN flow training:  58%|█████▊    | 58/100 [04:26<03:09,  4.52s/epoch, best=2.616e-01, sign=0.143, train=2.578e-01, val=2.621e-01]
GNN flow training:  59%|█████▉    | 59/100 [04:26<03:05,  4.53s/epoch, best=2.616e-01, sign=0.143, train=2.578e-01, val=2.621e-01]
GNN flow training:  59%|█████▉    | 59/100 [04:31<03:05,  4.53s/epoch, best=2.616e-01, sign=0.142, train=2.578e-01, val=2.619e-01]
GNN flow training:  60%|██████    | 60/100 [04:31<03:00,  4.51s/epoch, best=2.616e-01, sign=0.142, train=2.578e-01, val=2.619e-01]
GNN flow training:  60%|██████    | 60/100 [04:35<03:00,  4.51s/epoch, best=2.616e-01, sign=0.143, train=2.576e-01, val=2.618e-01]
GNN flow training:  61%|██████    | 61/100 [04:35<02:55,  4.51s/epoch, best=2.616e-01, sign=0.143, train=2.576e-01, val=2.618e-01]
GNN flow training:  61%|██████    | 61/100 [04:40<02:55,  4.51s/epoch, best=2.616e-01, sign=0.143, train=2.575e-01, val=2.618e-01]
GNN flow training:  62%|██████▏   | 62/100 [04:40<02:50,  4.49s/epoch, best=2.616e-01, sign=0.143, train=2.575e-01, val=2.618e-01]
GNN flow training:  62%|██████▏   | 62/100 [04:44<02:50,  4.49s/epoch, best=2.616e-01, sign=0.143, train=2.575e-01, val=2.618e-01]
GNN flow training:  63%|██████▎   | 63/100 [04:44<02:45,  4.49s/epoch, best=2.616e-01, sign=0.143, train=2.575e-01, val=2.618e-01]
GNN flow training:  63%|██████▎   | 63/100 [04:49<02:45,  4.49s/epoch, best=2.616e-01, sign=0.141, train=2.575e-01, val=2.618e-01]
GNN flow training:  64%|██████▍   | 64/100 [04:49<02:41,  4.49s/epoch, best=2.616e-01, sign=0.141, train=2.575e-01, val=2.618e-01]
GNN flow training:  64%|██████▍   | 64/100 [04:53<02:41,  4.49s/epoch, best=2.616e-01, sign=0.141, train=2.575e-01, val=2.618e-01]
GNN flow training:  65%|██████▌   | 65/100 [04:53<02:37,  4.50s/epoch, best=2.616e-01, sign=0.141, train=2.575e-01, val=2.618e-01]
GNN flow training:  65%|██████▌   | 65/100 [04:58<02:37,  4.50s/epoch, best=2.616e-01, sign=0.141, train=2.574e-01, val=2.618e-01]
GNN flow training:  66%|██████▌   | 66/100 [04:58<02:32,  4.49s/epoch, best=2.616e-01, sign=0.141, train=2.574e-01, val=2.618e-01]
GNN flow training:  66%|██████▌   | 66/100 [05:02<02:32,  4.49s/epoch, best=2.616e-01, sign=0.142, train=2.573e-01, val=2.617e-01]
GNN flow training:  67%|██████▋   | 67/100 [05:02<02:28,  4.49s/epoch, best=2.616e-01, sign=0.142, train=2.573e-01, val=2.617e-01]
GNN flow training:  67%|██████▋   | 67/100 [05:07<02:28,  4.49s/epoch, best=2.616e-01, sign=0.142, train=2.572e-01, val=2.617e-01]
GNN flow training:  68%|██████▊   | 68/100 [05:07<02:24,  4.50s/epoch, best=2.616e-01, sign=0.142, train=2.572e-01, val=2.617e-01]
GNN flow training:  68%|██████▊   | 68/100 [05:11<02:24,  4.50s/epoch, best=2.616e-01, sign=0.142, train=2.571e-01, val=2.617e-01]
GNN flow training:  69%|██████▉   | 69/100 [05:11<02:19,  4.50s/epoch, best=2.616e-01, sign=0.142, train=2.571e-01, val=2.617e-01]
GNN flow training:  69%|██████▉   | 69/100 [05:16<02:19,  4.50s/epoch, best=2.616e-01, sign=0.142, train=2.570e-01, val=2.618e-01]
GNN flow training:  70%|███████   | 70/100 [05:16<02:15,  4.51s/epoch, best=2.616e-01, sign=0.142, train=2.570e-01, val=2.618e-01]
GNN flow training:  70%|███████   | 70/100 [05:20<02:15,  4.51s/epoch, best=2.616e-01, sign=0.142, train=2.569e-01, val=2.618e-01]
GNN flow training:  71%|███████   | 71/100 [05:20<02:10,  4.49s/epoch, best=2.616e-01, sign=0.142, train=2.569e-01, val=2.618e-01]
GNN flow training:  71%|███████   | 71/100 [05:25<02:10,  4.49s/epoch, best=2.616e-01, sign=0.142, train=2.569e-01, val=2.618e-01]
GNN flow training:  72%|███████▏  | 72/100 [05:25<02:05,  4.49s/epoch, best=2.616e-01, sign=0.142, train=2.569e-01, val=2.618e-01]
GNN flow training:  72%|███████▏  | 72/100 [05:29<02:05,  4.49s/epoch, best=2.616e-01, sign=0.142, train=2.569e-01, val=2.617e-01]
GNN flow training:  73%|███████▎  | 73/100 [05:29<02:01,  4.49s/epoch, best=2.616e-01, sign=0.142, train=2.569e-01, val=2.617e-01]
GNN flow training:  73%|███████▎  | 73/100 [05:34<02:01,  4.49s/epoch, best=2.616e-01, sign=0.141, train=2.568e-01, val=2.617e-01]
GNN flow training:  74%|███████▍  | 74/100 [05:34<01:56,  4.49s/epoch, best=2.616e-01, sign=0.141, train=2.568e-01, val=2.617e-01]
GNN flow training:  74%|███████▍  | 74/100 [05:38<01:56,  4.49s/epoch, best=2.616e-01, sign=0.141, train=2.568e-01, val=2.615e-01]
GNN flow training:  75%|███████▌  | 75/100 [05:38<01:52,  4.48s/epoch, best=2.616e-01, sign=0.141, train=2.568e-01, val=2.615e-01]
GNN flow training:  75%|███████▌  | 75/100 [05:43<01:52,  4.48s/epoch, best=2.615e-01, sign=0.142, train=2.567e-01, val=2.614e-01]
GNN flow training:  76%|███████▌  | 76/100 [05:43<01:47,  4.50s/epoch, best=2.615e-01, sign=0.142, train=2.567e-01, val=2.614e-01]
GNN flow training:  76%|███████▌  | 76/100 [05:47<01:47,  4.50s/epoch, best=2.614e-01, sign=0.142, train=2.566e-01, val=2.613e-01]
GNN flow training:  77%|███████▋  | 77/100 [05:47<01:43,  4.50s/epoch, best=2.614e-01, sign=0.142, train=2.566e-01, val=2.613e-01]
GNN flow training:  77%|███████▋  | 77/100 [05:52<01:43,  4.50s/epoch, best=2.613e-01, sign=0.140, train=2.565e-01, val=2.619e-01]
GNN flow training:  78%|███████▊  | 78/100 [05:52<01:39,  4.51s/epoch, best=2.613e-01, sign=0.140, train=2.565e-01, val=2.619e-01]
GNN flow training:  78%|███████▊  | 78/100 [05:56<01:39,  4.51s/epoch, best=2.613e-01, sign=0.141, train=2.576e-01, val=2.637e-01]
GNN flow training:  79%|███████▉  | 79/100 [05:56<01:34,  4.50s/epoch, best=2.613e-01, sign=0.141, train=2.576e-01, val=2.637e-01]
GNN flow training:  79%|███████▉  | 79/100 [06:01<01:34,  4.50s/epoch, best=2.613e-01, sign=0.141, train=2.592e-01, val=2.666e-01]
GNN flow training:  80%|████████  | 80/100 [06:01<01:29,  4.50s/epoch, best=2.613e-01, sign=0.141, train=2.592e-01, val=2.666e-01]
GNN flow training:  80%|████████  | 80/100 [06:05<01:29,  4.50s/epoch, best=2.613e-01, sign=0.140, train=2.614e-01, val=2.687e-01]
GNN flow training:  81%|████████  | 81/100 [06:05<01:25,  4.50s/epoch, best=2.613e-01, sign=0.140, train=2.614e-01, val=2.687e-01]
GNN flow training:  81%|████████  | 81/100 [06:10<01:25,  4.50s/epoch, best=2.613e-01, sign=0.141, train=2.631e-01, val=2.687e-01]
GNN flow training:  82%|████████▏ | 82/100 [06:10<01:21,  4.51s/epoch, best=2.613e-01, sign=0.141, train=2.631e-01, val=2.687e-01]
GNN flow training:  82%|████████▏ | 82/100 [06:14<01:21,  4.51s/epoch, best=2.613e-01, sign=0.141, train=2.632e-01, val=2.672e-01]
GNN flow training:  83%|████████▎ | 83/100 [06:14<01:16,  4.51s/epoch, best=2.613e-01, sign=0.141, train=2.632e-01, val=2.672e-01]
GNN flow training:  83%|████████▎ | 83/100 [06:19<01:16,  4.51s/epoch, best=2.613e-01, sign=0.140, train=2.618e-01, val=2.651e-01]
GNN flow training:  84%|████████▍ | 84/100 [06:19<01:12,  4.52s/epoch, best=2.613e-01, sign=0.140, train=2.618e-01, val=2.651e-01]
GNN flow training:  84%|████████▍ | 84/100 [06:23<01:12,  4.52s/epoch, best=2.613e-01, sign=0.140, train=2.604e-01, val=2.634e-01]
GNN flow training:  85%|████████▌ | 85/100 [06:23<01:07,  4.52s/epoch, best=2.613e-01, sign=0.140, train=2.604e-01, val=2.634e-01]
GNN flow training:  85%|████████▌ | 85/100 [06:28<01:07,  4.52s/epoch, best=2.613e-01, sign=0.142, train=2.591e-01, val=2.625e-01]
GNN flow training:  86%|████████▌ | 86/100 [06:28<01:03,  4.50s/epoch, best=2.613e-01, sign=0.142, train=2.591e-01, val=2.625e-01]
GNN flow training:  86%|████████▌ | 86/100 [06:32<01:03,  4.50s/epoch, best=2.613e-01, sign=0.142, train=2.581e-01, val=2.621e-01]
GNN flow training:  87%|████████▋ | 87/100 [06:32<00:58,  4.50s/epoch, best=2.613e-01, sign=0.142, train=2.581e-01, val=2.621e-01]
GNN flow training:  87%|████████▋ | 87/100 [06:37<00:58,  4.50s/epoch, best=2.613e-01, sign=0.144, train=2.575e-01, val=2.621e-01]
GNN flow training:  88%|████████▊ | 88/100 [06:37<00:53,  4.48s/epoch, best=2.613e-01, sign=0.144, train=2.575e-01, val=2.621e-01]
GNN flow training:  88%|████████▊ | 88/100 [06:41<00:53,  4.48s/epoch, best=2.613e-01, sign=0.146, train=2.574e-01, val=2.625e-01]
GNN flow training:  89%|████████▉ | 89/100 [06:41<00:49,  4.48s/epoch, best=2.613e-01, sign=0.146, train=2.574e-01, val=2.625e-01]
GNN flow training:  89%|████████▉ | 89/100 [06:46<00:49,  4.48s/epoch, best=2.613e-01, sign=0.147, train=2.578e-01, val=2.629e-01]
GNN flow training:  90%|█████████ | 90/100 [06:46<00:44,  4.49s/epoch, best=2.613e-01, sign=0.147, train=2.578e-01, val=2.629e-01]
GNN flow training:  90%|█████████ | 90/100 [06:50<00:44,  4.49s/epoch, best=2.613e-01, sign=0.147, train=2.580e-01, val=2.633e-01]
GNN flow training:  91%|█████████ | 91/100 [06:50<00:40,  4.49s/epoch, best=2.613e-01, sign=0.147, train=2.580e-01, val=2.633e-01]
GNN flow training:  91%|█████████ | 91/100 [06:55<00:40,  4.49s/epoch, best=2.613e-01, sign=0.147, train=2.581e-01, val=2.636e-01]
GNN flow training:  92%|█████████▏| 92/100 [06:55<00:35,  4.50s/epoch, best=2.613e-01, sign=0.147, train=2.581e-01, val=2.636e-01]
GNN flow training:  92%|█████████▏| 92/100 [06:59<00:35,  4.50s/epoch, best=2.613e-01, sign=0.146, train=2.583e-01, val=2.638e-01]
GNN flow training:  93%|█████████▎| 93/100 [06:59<00:31,  4.50s/epoch, best=2.613e-01, sign=0.146, train=2.583e-01, val=2.638e-01]
GNN flow training:  93%|█████████▎| 93/100 [07:04<00:31,  4.50s/epoch, best=2.613e-01, sign=0.145, train=2.583e-01, val=2.639e-01]
GNN flow training:  94%|█████████▍| 94/100 [07:04<00:26,  4.50s/epoch, best=2.613e-01, sign=0.145, train=2.583e-01, val=2.639e-01]
GNN flow training:  94%|█████████▍| 94/100 [07:08<00:26,  4.50s/epoch, best=2.613e-01, sign=0.145, train=2.582e-01, val=2.638e-01]
GNN flow training:  95%|█████████▌| 95/100 [07:08<00:22,  4.50s/epoch, best=2.613e-01, sign=0.145, train=2.582e-01, val=2.638e-01]
GNN flow training:  95%|█████████▌| 95/100 [07:13<00:22,  4.50s/epoch, best=2.613e-01, sign=0.145, train=2.580e-01, val=2.638e-01]
GNN flow training:  96%|█████████▌| 96/100 [07:13<00:18,  4.51s/epoch, best=2.613e-01, sign=0.145, train=2.580e-01, val=2.638e-01]
GNN flow training:  96%|█████████▌| 96/100 [07:17<00:18,  4.51s/epoch, best=2.613e-01, sign=0.145, train=2.578e-01, val=2.637e-01]
GNN flow training:  97%|█████████▋| 97/100 [07:17<00:13,  4.50s/epoch, best=2.613e-01, sign=0.145, train=2.578e-01, val=2.637e-01]
GNN flow training:  97%|█████████▋| 97/100 [07:22<00:13,  4.50s/epoch, best=2.613e-01, sign=0.143, train=2.576e-01, val=2.635e-01]
GNN flow training:  98%|█████████▊| 98/100 [07:22<00:08,  4.50s/epoch, best=2.613e-01, sign=0.143, train=2.576e-01, val=2.635e-01]
GNN flow training:  98%|█████████▊| 98/100 [07:26<00:08,  4.50s/epoch, best=2.613e-01, sign=0.142, train=2.573e-01, val=2.632e-01]
GNN flow training:  99%|█████████▉| 99/100 [07:26<00:04,  4.51s/epoch, best=2.613e-01, sign=0.142, train=2.573e-01, val=2.632e-01]
GNN flow training:  99%|█████████▉| 99/100 [07:31<00:04,  4.51s/epoch, best=2.613e-01, sign=0.141, train=2.569e-01, val=2.629e-01]
GNN flow training: 100%|██████████| 100/100 [07:31<00:00,  4.53s/epoch, best=2.613e-01, sign=0.141, train=2.569e-01, val=2.629e-01]
GNN flow training: 100%|██████████| 100/100 [07:31<00:00,  4.51s/epoch, best=2.613e-01, sign=0.141, train=2.569e-01, val=2.629e-01]
Resolved config snapshot:
{'preset': 'solver_QKB_outer_QKBdelta', 'gnn_outer_losses': {'flow': 1.0, 'kirchhoff': 0.1, 'boundary': 100.0, 'delta_l2': 1.0, 'delta_smooth': 0.0, 'pressure_shape': 0.0}, 'physics': {'arterial_flow_mode': 'dataset', 'pressure_constraints': ['equal-a-equal-v'], 'alpha_pa': None, 'use_snr_weights': True, 'use_observed_flow_snr_weighting': True, 'flow_scale_mode': 'median_abs', 'solver_device': 'same', 'pressure_solver_mode': 'reduced-soft-constrained-lstsq', 'pressure_solver_lambda_kirchhoff': 1.0, 'pressure_solver_lambda_pressure_constraints': 100.0, 'pressure_solver_lambda_flow_residual': 1.0, 'pressure_shape_reference': 'delta_zero_reference', 'pressure_detach': False}, 'correction_bounds': {'correction_min': -0.5, 'correction_max': 0.5, 'correction_bound': 0.5, 'correction_parameterization': 'tanh'}, 'optimization': {'learning_rate': 0.001, 'weight_decay': 0.0001, 'gradient_clip_norm': 5.0, 'optimizer': 'adamw', 'epochs': 100, 'patience': 40}}
Shard 18/80: 1 of 80 runs
Command: /mnt/home/sswee/miniforge3/envs/yolk-sac/bin/python /mnt/home/sswee/yolk/Yolk-Sac-Flow-Data-and-Sim/gnn_clean/scripts/python/gnn_flow.py /mnt/home/sswee/yolk/Yolk-Sac-Flow-Data-and-Sim/gnn_clean/datasets/mosaic_graph_norm_canonical.gpickle --output-dir /mnt/home/sswee/yolk/Yolk-Sac-Flow-Data-and-Sim/gnn_clean/outputs_canonical_norm/dc/02_physics_weight_sweep/gnn --run-name q_1__k_0p1__delta_1 --preset solver_QKB_outer_QKBdelta --device cuda --epochs 100 --seed 0 --viscosity-pa-s 0.0035 --config /mnt/home/sswee/yolk/Yolk-Sac-Flow-Data-and-Sim/gnn_clean/outputs_canonical_norm/dc/02_physics_weight_sweep/_generated_configs/q_1__k_0p1__delta_1.yaml --no-pressure-detach
