[info] DC Step 2 canonical sweep uses fixed lambda_B=100.0 for both the outer boundary loss and the reduced pressure-solver boundary constraint.

GNN flow training:   0%|          | 0/100 [00:00<?, ?epoch/s]
GNN flow training:   0%|          | 0/100 [00:04<?, ?epoch/s, best=1.645e+01, sign=0.161, train=1.647e+01, val=1.645e+01]
GNN flow training:   1%|          | 1/100 [00:04<07:36,  4.61s/epoch, best=1.645e+01, sign=0.161, train=1.647e+01, val=1.645e+01]
GNN flow training:   1%|          | 1/100 [00:09<07:36,  4.61s/epoch, best=1.645e+01, sign=0.161, train=1.645e+01, val=1.643e+01]
GNN flow training:   2%|▏         | 2/100 [00:09<07:26,  4.56s/epoch, best=1.645e+01, sign=0.161, train=1.645e+01, val=1.643e+01]
GNN flow training:   2%|▏         | 2/100 [00:13<07:26,  4.56s/epoch, best=1.643e+01, sign=0.161, train=1.643e+01, val=1.645e+01]
GNN flow training:   3%|▎         | 3/100 [00:13<07:22,  4.56s/epoch, best=1.643e+01, sign=0.161, train=1.643e+01, val=1.645e+01]
GNN flow training:   3%|▎         | 3/100 [00:18<07:22,  4.56s/epoch, best=1.643e+01, sign=0.161, train=1.645e+01, val=1.642e+01]
GNN flow training:   4%|▍         | 4/100 [00:18<07:16,  4.54s/epoch, best=1.643e+01, sign=0.161, train=1.645e+01, val=1.642e+01]
GNN flow training:   4%|▍         | 4/100 [00:22<07:16,  4.54s/epoch, best=1.642e+01, sign=0.161, train=1.642e+01, val=1.643e+01]
GNN flow training:   5%|▌         | 5/100 [00:22<07:11,  4.54s/epoch, best=1.642e+01, sign=0.161, train=1.642e+01, val=1.643e+01]
GNN flow training:   5%|▌         | 5/100 [00:27<07:11,  4.54s/epoch, best=1.642e+01, sign=0.161, train=1.643e+01, val=1.639e+01]
GNN flow training:   6%|▌         | 6/100 [00:27<07:06,  4.54s/epoch, best=1.642e+01, sign=0.161, train=1.643e+01, val=1.639e+01]
GNN flow training:   6%|▌         | 6/100 [00:31<07:06,  4.54s/epoch, best=1.639e+01, sign=0.160, train=1.639e+01, val=1.638e+01]
GNN flow training:   7%|▋         | 7/100 [00:31<07:01,  4.54s/epoch, best=1.639e+01, sign=0.160, train=1.639e+01, val=1.638e+01]
GNN flow training:   7%|▋         | 7/100 [00:36<07:01,  4.54s/epoch, best=1.638e+01, sign=0.159, train=1.638e+01, val=1.635e+01]
GNN flow training:   8%|▊         | 8/100 [00:36<06:57,  4.54s/epoch, best=1.638e+01, sign=0.159, train=1.638e+01, val=1.635e+01]
GNN flow training:   8%|▊         | 8/100 [00:40<06:57,  4.54s/epoch, best=1.635e+01, sign=0.160, train=1.635e+01, val=1.633e+01]
GNN flow training:   9%|▉         | 9/100 [00:40<06:52,  4.53s/epoch, best=1.635e+01, sign=0.160, train=1.635e+01, val=1.633e+01]
GNN flow training:   9%|▉         | 9/100 [00:45<06:52,  4.53s/epoch, best=1.633e+01, sign=0.160, train=1.633e+01, val=1.628e+01]
GNN flow training:  10%|█         | 10/100 [00:45<06:47,  4.53s/epoch, best=1.633e+01, sign=0.160, train=1.633e+01, val=1.628e+01]
GNN flow training:  10%|█         | 10/100 [00:49<06:47,  4.53s/epoch, best=1.628e+01, sign=0.160, train=1.628e+01, val=1.628e+01]
GNN flow training:  11%|█         | 11/100 [00:49<06:43,  4.53s/epoch, best=1.628e+01, sign=0.160, train=1.628e+01, val=1.628e+01]
GNN flow training:  11%|█         | 11/100 [00:54<06:43,  4.53s/epoch, best=1.628e+01, sign=0.160, train=1.628e+01, val=1.625e+01]
GNN flow training:  12%|█▏        | 12/100 [00:54<06:38,  4.53s/epoch, best=1.628e+01, sign=0.160, train=1.628e+01, val=1.625e+01]
GNN flow training:  12%|█▏        | 12/100 [00:58<06:38,  4.53s/epoch, best=1.625e+01, sign=0.160, train=1.625e+01, val=1.627e+01]
GNN flow training:  13%|█▎        | 13/100 [00:58<06:33,  4.52s/epoch, best=1.625e+01, sign=0.160, train=1.625e+01, val=1.627e+01]
GNN flow training:  13%|█▎        | 13/100 [01:03<06:33,  4.52s/epoch, best=1.625e+01, sign=0.160, train=1.627e+01, val=1.624e+01]
GNN flow training:  14%|█▍        | 14/100 [01:03<06:29,  4.52s/epoch, best=1.625e+01, sign=0.160, train=1.627e+01, val=1.624e+01]
GNN flow training:  14%|█▍        | 14/100 [01:08<06:29,  4.52s/epoch, best=1.624e+01, sign=0.160, train=1.623e+01, val=1.621e+01]
GNN flow training:  15%|█▌        | 15/100 [01:08<06:24,  4.53s/epoch, best=1.624e+01, sign=0.160, train=1.623e+01, val=1.621e+01]
GNN flow training:  15%|█▌        | 15/100 [01:12<06:24,  4.53s/epoch, best=1.621e+01, sign=0.160, train=1.621e+01, val=1.623e+01]
GNN flow training:  16%|█▌        | 16/100 [01:12<06:19,  4.52s/epoch, best=1.621e+01, sign=0.160, train=1.621e+01, val=1.623e+01]
GNN flow training:  16%|█▌        | 16/100 [01:17<06:19,  4.52s/epoch, best=1.621e+01, sign=0.160, train=1.623e+01, val=1.622e+01]
GNN flow training:  17%|█▋        | 17/100 [01:17<06:15,  4.52s/epoch, best=1.621e+01, sign=0.160, train=1.623e+01, val=1.622e+01]
GNN flow training:  17%|█▋        | 17/100 [01:21<06:15,  4.52s/epoch, best=1.621e+01, sign=0.160, train=1.622e+01, val=1.617e+01]
GNN flow training:  18%|█▊        | 18/100 [01:21<06:09,  4.50s/epoch, best=1.621e+01, sign=0.160, train=1.622e+01, val=1.617e+01]
GNN flow training:  18%|█▊        | 18/100 [01:26<06:09,  4.50s/epoch, best=1.617e+01, sign=0.159, train=1.617e+01, val=1.612e+01]
GNN flow training:  19%|█▉        | 19/100 [01:26<06:05,  4.51s/epoch, best=1.617e+01, sign=0.159, train=1.617e+01, val=1.612e+01]
GNN flow training:  19%|█▉        | 19/100 [01:30<06:05,  4.51s/epoch, best=1.612e+01, sign=0.158, train=1.612e+01, val=1.605e+01]
GNN flow training:  20%|██        | 20/100 [01:30<06:01,  4.52s/epoch, best=1.612e+01, sign=0.158, train=1.612e+01, val=1.605e+01]
GNN flow training:  20%|██        | 20/100 [01:35<06:01,  4.52s/epoch, best=1.605e+01, sign=0.158, train=1.605e+01, val=1.598e+01]
GNN flow training:  21%|██        | 21/100 [01:35<05:57,  4.53s/epoch, best=1.605e+01, sign=0.158, train=1.605e+01, val=1.598e+01]
GNN flow training:  21%|██        | 21/100 [01:39<05:57,  4.53s/epoch, best=1.598e+01, sign=0.157, train=1.598e+01, val=1.593e+01]
GNN flow training:  22%|██▏       | 22/100 [01:39<05:52,  4.52s/epoch, best=1.598e+01, sign=0.157, train=1.598e+01, val=1.593e+01]
GNN flow training:  22%|██▏       | 22/100 [01:44<05:52,  4.52s/epoch, best=1.593e+01, sign=0.156, train=1.593e+01, val=1.594e+01]
GNN flow training:  23%|██▎       | 23/100 [01:44<05:46,  4.50s/epoch, best=1.593e+01, sign=0.156, train=1.593e+01, val=1.594e+01]
GNN flow training:  23%|██▎       | 23/100 [01:48<05:46,  4.50s/epoch, best=1.593e+01, sign=0.155, train=1.594e+01, val=1.589e+01]
GNN flow training:  24%|██▍       | 24/100 [01:48<05:43,  4.51s/epoch, best=1.593e+01, sign=0.155, train=1.594e+01, val=1.589e+01]
GNN flow training:  24%|██▍       | 24/100 [01:53<05:43,  4.51s/epoch, best=1.589e+01, sign=0.153, train=1.589e+01, val=1.583e+01]
GNN flow training:  25%|██▌       | 25/100 [01:53<05:38,  4.52s/epoch, best=1.589e+01, sign=0.153, train=1.589e+01, val=1.583e+01]
GNN flow training:  25%|██▌       | 25/100 [01:57<05:38,  4.52s/epoch, best=1.583e+01, sign=0.153, train=1.582e+01, val=1.572e+01]
GNN flow training:  26%|██▌       | 26/100 [01:57<05:35,  4.53s/epoch, best=1.583e+01, sign=0.153, train=1.582e+01, val=1.572e+01]
GNN flow training:  26%|██▌       | 26/100 [02:02<05:35,  4.53s/epoch, best=1.572e+01, sign=0.153, train=1.572e+01, val=1.558e+01]
GNN flow training:  27%|██▋       | 27/100 [02:02<05:29,  4.52s/epoch, best=1.572e+01, sign=0.153, train=1.572e+01, val=1.558e+01]
GNN flow training:  27%|██▋       | 27/100 [02:06<05:29,  4.52s/epoch, best=1.558e+01, sign=0.152, train=1.557e+01, val=1.549e+01]
GNN flow training:  28%|██▊       | 28/100 [02:06<05:25,  4.52s/epoch, best=1.558e+01, sign=0.152, train=1.557e+01, val=1.549e+01]
GNN flow training:  28%|██▊       | 28/100 [02:11<05:25,  4.52s/epoch, best=1.549e+01, sign=0.153, train=1.548e+01, val=1.538e+01]
GNN flow training:  29%|██▉       | 29/100 [02:11<05:21,  4.53s/epoch, best=1.549e+01, sign=0.153, train=1.548e+01, val=1.538e+01]
GNN flow training:  29%|██▉       | 29/100 [02:15<05:21,  4.53s/epoch, best=1.538e+01, sign=0.153, train=1.537e+01, val=1.522e+01]
GNN flow training:  30%|███       | 30/100 [02:15<05:17,  4.54s/epoch, best=1.538e+01, sign=0.153, train=1.537e+01, val=1.522e+01]
GNN flow training:  30%|███       | 30/100 [02:20<05:17,  4.54s/epoch, best=1.522e+01, sign=0.153, train=1.522e+01, val=1.517e+01]
GNN flow training:  31%|███       | 31/100 [02:20<05:12,  4.54s/epoch, best=1.522e+01, sign=0.153, train=1.522e+01, val=1.517e+01]
GNN flow training:  31%|███       | 31/100 [02:24<05:12,  4.54s/epoch, best=1.517e+01, sign=0.153, train=1.516e+01, val=1.502e+01]
GNN flow training:  32%|███▏      | 32/100 [02:24<05:09,  4.55s/epoch, best=1.517e+01, sign=0.153, train=1.516e+01, val=1.502e+01]
GNN flow training:  32%|███▏      | 32/100 [02:29<05:09,  4.55s/epoch, best=1.502e+01, sign=0.155, train=1.501e+01, val=1.484e+01]
GNN flow training:  33%|███▎      | 33/100 [02:29<05:04,  4.55s/epoch, best=1.502e+01, sign=0.155, train=1.501e+01, val=1.484e+01]
GNN flow training:  33%|███▎      | 33/100 [02:34<05:04,  4.55s/epoch, best=1.484e+01, sign=0.156, train=1.483e+01, val=1.473e+01]
GNN flow training:  34%|███▍      | 34/100 [02:34<04:59,  4.54s/epoch, best=1.484e+01, sign=0.156, train=1.483e+01, val=1.473e+01]
GNN flow training:  34%|███▍      | 34/100 [02:38<04:59,  4.54s/epoch, best=1.473e+01, sign=0.155, train=1.472e+01, val=1.444e+01]
GNN flow training:  35%|███▌      | 35/100 [02:38<04:55,  4.54s/epoch, best=1.473e+01, sign=0.155, train=1.472e+01, val=1.444e+01]
GNN flow training:  35%|███▌      | 35/100 [02:43<04:55,  4.54s/epoch, best=1.444e+01, sign=0.155, train=1.443e+01, val=1.422e+01]
GNN flow training:  36%|███▌      | 36/100 [02:43<04:51,  4.55s/epoch, best=1.444e+01, sign=0.155, train=1.443e+01, val=1.422e+01]
GNN flow training:  36%|███▌      | 36/100 [02:47<04:51,  4.55s/epoch, best=1.422e+01, sign=0.154, train=1.421e+01, val=1.399e+01]
GNN flow training:  37%|███▋      | 37/100 [02:47<04:46,  4.54s/epoch, best=1.422e+01, sign=0.154, train=1.421e+01, val=1.399e+01]
GNN flow training:  37%|███▋      | 37/100 [02:52<04:46,  4.54s/epoch, best=1.399e+01, sign=0.155, train=1.398e+01, val=1.367e+01]
GNN flow training:  38%|███▊      | 38/100 [02:52<04:41,  4.53s/epoch, best=1.399e+01, sign=0.155, train=1.398e+01, val=1.367e+01]
GNN flow training:  38%|███▊      | 38/100 [02:56<04:41,  4.53s/epoch, best=1.367e+01, sign=0.154, train=1.367e+01, val=1.359e+01]
GNN flow training:  39%|███▉      | 39/100 [02:56<04:36,  4.54s/epoch, best=1.367e+01, sign=0.154, train=1.367e+01, val=1.359e+01]
GNN flow training:  39%|███▉      | 39/100 [03:01<04:36,  4.54s/epoch, best=1.359e+01, sign=0.155, train=1.358e+01, val=1.347e+01]
GNN flow training:  40%|████      | 40/100 [03:01<04:32,  4.54s/epoch, best=1.359e+01, sign=0.155, train=1.358e+01, val=1.347e+01]
GNN flow training:  40%|████      | 40/100 [03:05<04:32,  4.54s/epoch, best=1.347e+01, sign=0.154, train=1.346e+01, val=1.335e+01]
GNN flow training:  41%|████      | 41/100 [03:05<04:27,  4.54s/epoch, best=1.347e+01, sign=0.154, train=1.346e+01, val=1.335e+01]
GNN flow training:  41%|████      | 41/100 [03:10<04:27,  4.54s/epoch, best=1.335e+01, sign=0.154, train=1.334e+01, val=1.311e+01]
GNN flow training:  42%|████▏     | 42/100 [03:10<04:22,  4.53s/epoch, best=1.335e+01, sign=0.154, train=1.334e+01, val=1.311e+01]
GNN flow training:  42%|████▏     | 42/100 [03:14<04:22,  4.53s/epoch, best=1.311e+01, sign=0.154, train=1.310e+01, val=1.278e+01]
GNN flow training:  43%|████▎     | 43/100 [03:14<04:18,  4.53s/epoch, best=1.311e+01, sign=0.154, train=1.310e+01, val=1.278e+01]
GNN flow training:  43%|████▎     | 43/100 [03:19<04:18,  4.53s/epoch, best=1.278e+01, sign=0.155, train=1.278e+01, val=1.237e+01]
GNN flow training:  44%|████▍     | 44/100 [03:19<04:13,  4.52s/epoch, best=1.278e+01, sign=0.155, train=1.278e+01, val=1.237e+01]
GNN flow training:  44%|████▍     | 44/100 [03:23<04:13,  4.52s/epoch, best=1.237e+01, sign=0.155, train=1.236e+01, val=1.189e+01]
GNN flow training:  45%|████▌     | 45/100 [03:23<04:09,  4.53s/epoch, best=1.237e+01, sign=0.155, train=1.236e+01, val=1.189e+01]
GNN flow training:  45%|████▌     | 45/100 [03:28<04:09,  4.53s/epoch, best=1.189e+01, sign=0.156, train=1.188e+01, val=1.160e+01]
GNN flow training:  46%|████▌     | 46/100 [03:28<04:04,  4.53s/epoch, best=1.189e+01, sign=0.156, train=1.188e+01, val=1.160e+01]
GNN flow training:  46%|████▌     | 46/100 [03:32<04:04,  4.53s/epoch, best=1.160e+01, sign=0.158, train=1.159e+01, val=1.166e+01]
GNN flow training:  47%|████▋     | 47/100 [03:32<03:59,  4.52s/epoch, best=1.160e+01, sign=0.158, train=1.159e+01, val=1.166e+01]
GNN flow training:  47%|████▋     | 47/100 [03:37<03:59,  4.52s/epoch, best=1.160e+01, sign=0.156, train=1.165e+01, val=1.164e+01]
GNN flow training:  48%|████▊     | 48/100 [03:37<03:54,  4.52s/epoch, best=1.160e+01, sign=0.156, train=1.165e+01, val=1.164e+01]
GNN flow training:  48%|████▊     | 48/100 [03:41<03:54,  4.52s/epoch, best=1.160e+01, sign=0.159, train=1.163e+01, val=1.150e+01]
GNN flow training:  49%|████▉     | 49/100 [03:41<03:49,  4.51s/epoch, best=1.160e+01, sign=0.159, train=1.163e+01, val=1.150e+01]
GNN flow training:  49%|████▉     | 49/100 [03:46<03:49,  4.51s/epoch, best=1.150e+01, sign=0.161, train=1.148e+01, val=1.093e+01]
GNN flow training:  50%|█████     | 50/100 [03:46<03:45,  4.51s/epoch, best=1.150e+01, sign=0.161, train=1.148e+01, val=1.093e+01]
GNN flow training:  50%|█████     | 50/100 [03:50<03:45,  4.51s/epoch, best=1.093e+01, sign=0.163, train=1.091e+01, val=1.073e+01]
GNN flow training:  51%|█████     | 51/100 [03:50<03:41,  4.51s/epoch, best=1.093e+01, sign=0.163, train=1.091e+01, val=1.073e+01]
GNN flow training:  51%|█████     | 51/100 [03:55<03:41,  4.51s/epoch, best=1.073e+01, sign=0.163, train=1.071e+01, val=1.072e+01]
GNN flow training:  52%|█████▏    | 52/100 [03:55<03:36,  4.52s/epoch, best=1.073e+01, sign=0.163, train=1.071e+01, val=1.072e+01]
GNN flow training:  52%|█████▏    | 52/100 [03:59<03:36,  4.52s/epoch, best=1.072e+01, sign=0.163, train=1.070e+01, val=1.076e+01]
GNN flow training:  53%|█████▎    | 53/100 [03:59<03:32,  4.52s/epoch, best=1.072e+01, sign=0.163, train=1.070e+01, val=1.076e+01]
GNN flow training:  53%|█████▎    | 53/100 [04:04<03:32,  4.52s/epoch, best=1.072e+01, sign=0.163, train=1.075e+01, val=1.081e+01]
GNN flow training:  54%|█████▍    | 54/100 [04:04<03:28,  4.53s/epoch, best=1.072e+01, sign=0.163, train=1.075e+01, val=1.081e+01]
GNN flow training:  54%|█████▍    | 54/100 [04:09<03:28,  4.53s/epoch, best=1.072e+01, sign=0.161, train=1.080e+01, val=1.097e+01]
GNN flow training:  55%|█████▌    | 55/100 [04:09<03:23,  4.52s/epoch, best=1.072e+01, sign=0.161, train=1.080e+01, val=1.097e+01]
GNN flow training:  55%|█████▌    | 55/100 [04:13<03:23,  4.52s/epoch, best=1.072e+01, sign=0.163, train=1.095e+01, val=1.079e+01]
GNN flow training:  56%|█████▌    | 56/100 [04:13<03:19,  4.53s/epoch, best=1.072e+01, sign=0.163, train=1.095e+01, val=1.079e+01]
GNN flow training:  56%|█████▌    | 56/100 [04:18<03:19,  4.53s/epoch, best=1.072e+01, sign=0.164, train=1.077e+01, val=1.053e+01]
GNN flow training:  57%|█████▋    | 57/100 [04:18<03:15,  4.55s/epoch, best=1.072e+01, sign=0.164, train=1.077e+01, val=1.053e+01]
GNN flow training:  57%|█████▋    | 57/100 [04:22<03:15,  4.55s/epoch, best=1.053e+01, sign=0.165, train=1.051e+01, val=1.039e+01]
GNN flow training:  58%|█████▊    | 58/100 [04:22<03:10,  4.55s/epoch, best=1.053e+01, sign=0.165, train=1.051e+01, val=1.039e+01]
GNN flow training:  58%|█████▊    | 58/100 [04:27<03:10,  4.55s/epoch, best=1.039e+01, sign=0.165, train=1.037e+01, val=1.050e+01]
GNN flow training:  59%|█████▉    | 59/100 [04:27<03:07,  4.56s/epoch, best=1.039e+01, sign=0.165, train=1.037e+01, val=1.050e+01]
GNN flow training:  59%|█████▉    | 59/100 [04:31<03:07,  4.56s/epoch, best=1.039e+01, sign=0.163, train=1.048e+01, val=1.086e+01]
GNN flow training:  60%|██████    | 60/100 [04:31<03:02,  4.55s/epoch, best=1.039e+01, sign=0.163, train=1.048e+01, val=1.086e+01]
GNN flow training:  60%|██████    | 60/100 [04:36<03:02,  4.55s/epoch, best=1.039e+01, sign=0.164, train=1.085e+01, val=1.086e+01]
GNN flow training:  61%|██████    | 61/100 [04:36<02:56,  4.54s/epoch, best=1.039e+01, sign=0.164, train=1.085e+01, val=1.086e+01]
GNN flow training:  61%|██████    | 61/100 [04:40<02:56,  4.54s/epoch, best=1.039e+01, sign=0.163, train=1.084e+01, val=1.087e+01]
GNN flow training:  62%|██████▏   | 62/100 [04:40<02:52,  4.54s/epoch, best=1.039e+01, sign=0.163, train=1.084e+01, val=1.087e+01]
GNN flow training:  62%|██████▏   | 62/100 [04:45<02:52,  4.54s/epoch, best=1.039e+01, sign=0.163, train=1.085e+01, val=1.080e+01]
GNN flow training:  63%|██████▎   | 63/100 [04:45<02:47,  4.53s/epoch, best=1.039e+01, sign=0.163, train=1.085e+01, val=1.080e+01]
GNN flow training:  63%|██████▎   | 63/100 [04:49<02:47,  4.53s/epoch, best=1.039e+01, sign=0.165, train=1.079e+01, val=1.052e+01]
GNN flow training:  64%|██████▍   | 64/100 [04:49<02:43,  4.53s/epoch, best=1.039e+01, sign=0.165, train=1.079e+01, val=1.052e+01]
GNN flow training:  64%|██████▍   | 64/100 [04:54<02:43,  4.53s/epoch, best=1.039e+01, sign=0.167, train=1.050e+01, val=1.040e+01]
GNN flow training:  65%|██████▌   | 65/100 [04:54<02:38,  4.53s/epoch, best=1.039e+01, sign=0.167, train=1.050e+01, val=1.040e+01]
GNN flow training:  65%|██████▌   | 65/100 [04:58<02:38,  4.53s/epoch, best=1.039e+01, sign=0.169, train=1.039e+01, val=1.015e+01]
GNN flow training:  66%|██████▌   | 66/100 [04:58<02:33,  4.53s/epoch, best=1.039e+01, sign=0.169, train=1.039e+01, val=1.015e+01]
GNN flow training:  66%|██████▌   | 66/100 [05:03<02:33,  4.53s/epoch, best=1.015e+01, sign=0.169, train=1.014e+01, val=9.935e+00]
GNN flow training:  67%|██████▋   | 67/100 [05:03<02:29,  4.53s/epoch, best=1.015e+01, sign=0.169, train=1.014e+01, val=9.935e+00]
GNN flow training:  67%|██████▋   | 67/100 [05:08<02:29,  4.53s/epoch, best=9.935e+00, sign=0.169, train=9.916e+00, val=9.858e+00]
GNN flow training:  68%|██████▊   | 68/100 [05:08<02:25,  4.54s/epoch, best=9.935e+00, sign=0.169, train=9.916e+00, val=9.858e+00]
GNN flow training:  68%|██████▊   | 68/100 [05:12<02:25,  4.54s/epoch, best=9.858e+00, sign=0.170, train=9.839e+00, val=9.877e+00]
GNN flow training:  69%|██████▉   | 69/100 [05:12<02:21,  4.55s/epoch, best=9.858e+00, sign=0.170, train=9.839e+00, val=9.877e+00]
GNN flow training:  69%|██████▉   | 69/100 [05:17<02:21,  4.55s/epoch, best=9.858e+00, sign=0.170, train=9.858e+00, val=9.916e+00]
GNN flow training:  70%|███████   | 70/100 [05:17<02:16,  4.55s/epoch, best=9.858e+00, sign=0.170, train=9.858e+00, val=9.916e+00]
GNN flow training:  70%|███████   | 70/100 [05:21<02:16,  4.55s/epoch, best=9.858e+00, sign=0.170, train=9.897e+00, val=9.827e+00]
GNN flow training:  71%|███████   | 71/100 [05:21<02:11,  4.54s/epoch, best=9.858e+00, sign=0.170, train=9.897e+00, val=9.827e+00]
GNN flow training:  71%|███████   | 71/100 [05:26<02:11,  4.54s/epoch, best=9.827e+00, sign=0.171, train=9.808e+00, val=9.894e+00]
GNN flow training:  72%|███████▏  | 72/100 [05:26<02:07,  4.54s/epoch, best=9.827e+00, sign=0.171, train=9.808e+00, val=9.894e+00]
GNN flow training:  72%|███████▏  | 72/100 [05:30<02:07,  4.54s/epoch, best=9.827e+00, sign=0.169, train=9.875e+00, val=1.012e+01]
GNN flow training:  73%|███████▎  | 73/100 [05:30<02:02,  4.54s/epoch, best=9.827e+00, sign=0.169, train=9.875e+00, val=1.012e+01]
GNN flow training:  73%|███████▎  | 73/100 [05:35<02:02,  4.54s/epoch, best=9.827e+00, sign=0.169, train=1.010e+01, val=1.006e+01]
GNN flow training:  74%|███████▍  | 74/100 [05:35<01:58,  4.54s/epoch, best=9.827e+00, sign=0.169, train=1.010e+01, val=1.006e+01]
GNN flow training:  74%|███████▍  | 74/100 [05:39<01:58,  4.54s/epoch, best=9.827e+00, sign=0.170, train=1.004e+01, val=9.968e+00]
GNN flow training:  75%|███████▌  | 75/100 [05:39<01:53,  4.53s/epoch, best=9.827e+00, sign=0.170, train=1.004e+01, val=9.968e+00]
GNN flow training:  75%|███████▌  | 75/100 [05:44<01:53,  4.53s/epoch, best=9.827e+00, sign=0.170, train=9.948e+00, val=1.013e+01]
GNN flow training:  76%|███████▌  | 76/100 [05:44<01:48,  4.53s/epoch, best=9.827e+00, sign=0.170, train=9.948e+00, val=1.013e+01]
GNN flow training:  76%|███████▌  | 76/100 [05:48<01:48,  4.53s/epoch, best=9.827e+00, sign=0.171, train=1.011e+01, val=1.001e+01]
GNN flow training:  77%|███████▋  | 77/100 [05:48<01:44,  4.53s/epoch, best=9.827e+00, sign=0.171, train=1.011e+01, val=1.001e+01]
GNN flow training:  77%|███████▋  | 77/100 [05:53<01:44,  4.53s/epoch, best=9.827e+00, sign=0.169, train=9.992e+00, val=1.013e+01]
GNN flow training:  78%|███████▊  | 78/100 [05:53<01:39,  4.54s/epoch, best=9.827e+00, sign=0.169, train=9.992e+00, val=1.013e+01]
GNN flow training:  78%|███████▊  | 78/100 [05:57<01:39,  4.54s/epoch, best=9.827e+00, sign=0.168, train=1.011e+01, val=1.025e+01]
GNN flow training:  79%|███████▉  | 79/100 [05:57<01:35,  4.53s/epoch, best=9.827e+00, sign=0.168, train=1.011e+01, val=1.025e+01]
GNN flow training:  79%|███████▉  | 79/100 [06:02<01:35,  4.53s/epoch, best=9.827e+00, sign=0.169, train=1.023e+01, val=1.013e+01]
GNN flow training:  80%|████████  | 80/100 [06:02<01:30,  4.54s/epoch, best=9.827e+00, sign=0.169, train=1.023e+01, val=1.013e+01]
GNN flow training:  80%|████████  | 80/100 [06:07<01:30,  4.54s/epoch, best=9.827e+00, sign=0.171, train=1.011e+01, val=9.715e+00]
GNN flow training:  81%|████████  | 81/100 [06:07<01:26,  4.53s/epoch, best=9.827e+00, sign=0.171, train=1.011e+01, val=9.715e+00]
GNN flow training:  81%|████████  | 81/100 [06:11<01:26,  4.53s/epoch, best=9.715e+00, sign=0.172, train=9.694e+00, val=9.514e+00]
GNN flow training:  82%|████████▏ | 82/100 [06:11<01:21,  4.53s/epoch, best=9.715e+00, sign=0.172, train=9.694e+00, val=9.514e+00]
GNN flow training:  82%|████████▏ | 82/100 [06:16<01:21,  4.53s/epoch, best=9.514e+00, sign=0.172, train=9.493e+00, val=9.591e+00]
GNN flow training:  83%|████████▎ | 83/100 [06:16<01:17,  4.54s/epoch, best=9.514e+00, sign=0.172, train=9.493e+00, val=9.591e+00]
GNN flow training:  83%|████████▎ | 83/100 [06:20<01:17,  4.54s/epoch, best=9.514e+00, sign=0.173, train=9.570e+00, val=9.724e+00]
GNN flow training:  84%|████████▍ | 84/100 [06:20<01:12,  4.54s/epoch, best=9.514e+00, sign=0.173, train=9.570e+00, val=9.724e+00]
GNN flow training:  84%|████████▍ | 84/100 [06:25<01:12,  4.54s/epoch, best=9.514e+00, sign=0.173, train=9.703e+00, val=9.653e+00]
GNN flow training:  85%|████████▌ | 85/100 [06:25<01:08,  4.55s/epoch, best=9.514e+00, sign=0.173, train=9.703e+00, val=9.653e+00]
GNN flow training:  85%|████████▌ | 85/100 [06:29<01:08,  4.55s/epoch, best=9.514e+00, sign=0.172, train=9.632e+00, val=9.519e+00]
GNN flow training:  86%|████████▌ | 86/100 [06:29<01:03,  4.53s/epoch, best=9.514e+00, sign=0.172, train=9.632e+00, val=9.519e+00]
GNN flow training:  86%|████████▌ | 86/100 [06:34<01:03,  4.53s/epoch, best=9.514e+00, sign=0.172, train=9.498e+00, val=9.590e+00]
GNN flow training:  87%|████████▋ | 87/100 [06:34<00:58,  4.54s/epoch, best=9.514e+00, sign=0.172, train=9.498e+00, val=9.590e+00]
GNN flow training:  87%|████████▋ | 87/100 [06:38<00:58,  4.54s/epoch, best=9.514e+00, sign=0.171, train=9.569e+00, val=9.923e+00]
GNN flow training:  88%|████████▊ | 88/100 [06:38<00:54,  4.52s/epoch, best=9.514e+00, sign=0.171, train=9.569e+00, val=9.923e+00]
GNN flow training:  88%|████████▊ | 88/100 [06:43<00:54,  4.52s/epoch, best=9.514e+00, sign=0.169, train=9.903e+00, val=1.028e+01]
GNN flow training:  89%|████████▉ | 89/100 [06:43<00:49,  4.52s/epoch, best=9.514e+00, sign=0.169, train=9.903e+00, val=1.028e+01]
GNN flow training:  89%|████████▉ | 89/100 [06:47<00:49,  4.52s/epoch, best=9.514e+00, sign=0.169, train=1.026e+01, val=1.043e+01]
GNN flow training:  90%|█████████ | 90/100 [06:47<00:45,  4.52s/epoch, best=9.514e+00, sign=0.169, train=1.026e+01, val=1.043e+01]
GNN flow training:  90%|█████████ | 90/100 [06:52<00:45,  4.52s/epoch, best=9.514e+00, sign=0.170, train=1.041e+01, val=1.025e+01]
GNN flow training:  91%|█████████ | 91/100 [06:52<00:40,  4.54s/epoch, best=9.514e+00, sign=0.170, train=1.041e+01, val=1.025e+01]
GNN flow training:  91%|█████████ | 91/100 [06:56<00:40,  4.54s/epoch, best=9.514e+00, sign=0.171, train=1.023e+01, val=9.870e+00]
GNN flow training:  92%|█████████▏| 92/100 [06:56<00:36,  4.53s/epoch, best=9.514e+00, sign=0.171, train=1.023e+01, val=9.870e+00]
GNN flow training:  92%|█████████▏| 92/100 [07:01<00:36,  4.53s/epoch, best=9.514e+00, sign=0.173, train=9.849e+00, val=9.473e+00]
GNN flow training:  93%|█████████▎| 93/100 [07:01<00:31,  4.53s/epoch, best=9.514e+00, sign=0.173, train=9.849e+00, val=9.473e+00]
GNN flow training:  93%|█████████▎| 93/100 [07:05<00:31,  4.53s/epoch, best=9.473e+00, sign=0.172, train=9.451e+00, val=9.788e+00]
GNN flow training:  94%|█████████▍| 94/100 [07:05<00:27,  4.53s/epoch, best=9.473e+00, sign=0.172, train=9.451e+00, val=9.788e+00]
GNN flow training:  94%|█████████▍| 94/100 [07:10<00:27,  4.53s/epoch, best=9.473e+00, sign=0.172, train=9.766e+00, val=9.980e+00]
GNN flow training:  95%|█████████▌| 95/100 [07:10<00:22,  4.54s/epoch, best=9.473e+00, sign=0.172, train=9.766e+00, val=9.980e+00]
GNN flow training:  95%|█████████▌| 95/100 [07:15<00:22,  4.54s/epoch, best=9.473e+00, sign=0.172, train=9.959e+00, val=9.881e+00]
GNN flow training:  96%|█████████▌| 96/100 [07:15<00:18,  4.55s/epoch, best=9.473e+00, sign=0.172, train=9.959e+00, val=9.881e+00]
GNN flow training:  96%|█████████▌| 96/100 [07:19<00:18,  4.55s/epoch, best=9.473e+00, sign=0.173, train=9.860e+00, val=9.651e+00]
GNN flow training:  97%|█████████▋| 97/100 [07:19<00:13,  4.54s/epoch, best=9.473e+00, sign=0.173, train=9.860e+00, val=9.651e+00]
GNN flow training:  97%|█████████▋| 97/100 [07:24<00:13,  4.54s/epoch, best=9.473e+00, sign=0.172, train=9.629e+00, val=9.494e+00]
GNN flow training:  98%|█████████▊| 98/100 [07:24<00:09,  4.54s/epoch, best=9.473e+00, sign=0.172, train=9.629e+00, val=9.494e+00]
GNN flow training:  98%|█████████▊| 98/100 [07:28<00:09,  4.54s/epoch, best=9.473e+00, sign=0.172, train=9.472e+00, val=9.613e+00]
GNN flow training:  99%|█████████▉| 99/100 [07:28<00:04,  4.54s/epoch, best=9.473e+00, sign=0.172, train=9.472e+00, val=9.613e+00]
GNN flow training:  99%|█████████▉| 99/100 [07:33<00:04,  4.54s/epoch, best=9.473e+00, sign=0.171, train=9.591e+00, val=9.897e+00]
GNN flow training: 100%|██████████| 100/100 [07:33<00:00,  4.54s/epoch, best=9.473e+00, sign=0.171, train=9.591e+00, val=9.897e+00]
GNN flow training: 100%|██████████| 100/100 [07:33<00:00,  4.53s/epoch, best=9.473e+00, sign=0.171, train=9.591e+00, val=9.897e+00]
Resolved config snapshot:
{'preset': 'solver_QKB_outer_QKBdelta', 'gnn_outer_losses': {'flow': 1.0, 'kirchhoff': 10.0, 'boundary': 100.0, 'delta_l2': 10.0, 'delta_smooth': 0.0, 'pressure_shape': 0.0}, 'physics': {'arterial_flow_mode': 'dataset', 'pressure_constraints': ['equal-a-equal-v'], 'alpha_pa': None, 'use_snr_weights': True, 'use_observed_flow_snr_weighting': True, 'flow_scale_mode': 'median_abs', 'solver_device': 'same', 'pressure_solver_mode': 'reduced-soft-constrained-lstsq', 'pressure_solver_lambda_kirchhoff': 1.0, 'pressure_solver_lambda_pressure_constraints': 100.0, 'pressure_solver_lambda_flow_residual': 1.0, 'pressure_shape_reference': 'delta_zero_reference', 'pressure_detach': False}, 'correction_bounds': {'correction_min': -0.5, 'correction_max': 0.5, 'correction_bound': 0.5, 'correction_parameterization': 'tanh'}, 'optimization': {'learning_rate': 0.001, 'weight_decay': 0.0001, 'gradient_clip_norm': 5.0, 'optimizer': 'adamw', 'epochs': 100, 'patience': 40}}
Shard 27/80: 1 of 80 runs
Command: /mnt/home/sswee/miniforge3/envs/yolk-sac/bin/python /mnt/home/sswee/yolk/Yolk-Sac-Flow-Data-and-Sim/gnn_clean/scripts/python/gnn_flow.py /mnt/home/sswee/yolk/Yolk-Sac-Flow-Data-and-Sim/gnn_clean/datasets/mosaic_graph_norm_canonical.gpickle --output-dir /mnt/home/sswee/yolk/Yolk-Sac-Flow-Data-and-Sim/gnn_clean/outputs_canonical_norm/dc/02_physics_weight_sweep/gnn --run-name q_1__k_10__delta_10 --preset solver_QKB_outer_QKBdelta --device cuda --epochs 100 --seed 0 --viscosity-pa-s 0.0035 --config /mnt/home/sswee/yolk/Yolk-Sac-Flow-Data-and-Sim/gnn_clean/outputs_canonical_norm/dc/02_physics_weight_sweep/_generated_configs/q_1__k_10__delta_10.yaml --no-pressure-detach
