[info] DC Step 2 canonical sweep uses fixed lambda_B=100.0 for both the outer boundary loss and the reduced pressure-solver boundary constraint.

GNN flow training:   0%|          | 0/100 [00:00<?, ?epoch/s]
GNN flow training:   0%|          | 0/100 [00:06<?, ?epoch/s, best=1.647e+00, sign=0.161, train=1.650e+00, val=1.647e+00]
GNN flow training:   1%|          | 1/100 [00:06<10:24,  6.31s/epoch, best=1.647e+00, sign=0.161, train=1.650e+00, val=1.647e+00]
GNN flow training:   1%|          | 1/100 [00:12<10:24,  6.31s/epoch, best=1.647e+00, sign=0.160, train=1.647e+00, val=1.648e+00]
GNN flow training:   2%|▏         | 2/100 [00:12<10:13,  6.26s/epoch, best=1.647e+00, sign=0.160, train=1.647e+00, val=1.648e+00]
GNN flow training:   2%|▏         | 2/100 [00:18<10:13,  6.26s/epoch, best=1.647e+00, sign=0.161, train=1.648e+00, val=1.649e+00]
GNN flow training:   3%|▎         | 3/100 [00:18<10:00,  6.19s/epoch, best=1.647e+00, sign=0.161, train=1.648e+00, val=1.649e+00]
GNN flow training:   3%|▎         | 3/100 [00:24<10:00,  6.19s/epoch, best=1.647e+00, sign=0.161, train=1.649e+00, val=1.650e+00]
GNN flow training:   4%|▍         | 4/100 [00:24<09:51,  6.17s/epoch, best=1.647e+00, sign=0.161, train=1.649e+00, val=1.650e+00]
GNN flow training:   4%|▍         | 4/100 [00:30<09:51,  6.17s/epoch, best=1.647e+00, sign=0.161, train=1.650e+00, val=1.646e+00]
GNN flow training:   5%|▌         | 5/100 [00:30<09:43,  6.15s/epoch, best=1.647e+00, sign=0.161, train=1.650e+00, val=1.646e+00]
GNN flow training:   5%|▌         | 5/100 [00:36<09:43,  6.15s/epoch, best=1.646e+00, sign=0.162, train=1.646e+00, val=1.651e+00]
GNN flow training:   6%|▌         | 6/100 [00:36<09:36,  6.13s/epoch, best=1.646e+00, sign=0.162, train=1.646e+00, val=1.651e+00]
GNN flow training:   6%|▌         | 6/100 [00:43<09:36,  6.13s/epoch, best=1.646e+00, sign=0.162, train=1.650e+00, val=1.652e+00]
GNN flow training:   7%|▋         | 7/100 [00:43<09:30,  6.13s/epoch, best=1.646e+00, sign=0.162, train=1.650e+00, val=1.652e+00]
GNN flow training:   7%|▋         | 7/100 [00:49<09:30,  6.13s/epoch, best=1.646e+00, sign=0.161, train=1.651e+00, val=1.648e+00]
GNN flow training:   8%|▊         | 8/100 [00:49<09:22,  6.11s/epoch, best=1.646e+00, sign=0.161, train=1.651e+00, val=1.648e+00]
GNN flow training:   8%|▊         | 8/100 [00:55<09:22,  6.11s/epoch, best=1.646e+00, sign=0.161, train=1.648e+00, val=1.647e+00]
GNN flow training:   9%|▉         | 9/100 [00:55<09:15,  6.10s/epoch, best=1.646e+00, sign=0.161, train=1.648e+00, val=1.647e+00]
GNN flow training:   9%|▉         | 9/100 [01:01<09:15,  6.10s/epoch, best=1.646e+00, sign=0.161, train=1.646e+00, val=1.646e+00]
GNN flow training:  10%|█         | 10/100 [01:01<09:08,  6.10s/epoch, best=1.646e+00, sign=0.161, train=1.646e+00, val=1.646e+00]
GNN flow training:  10%|█         | 10/100 [01:07<09:08,  6.10s/epoch, best=1.646e+00, sign=0.161, train=1.646e+00, val=1.645e+00]
GNN flow training:  11%|█         | 11/100 [01:07<09:03,  6.10s/epoch, best=1.646e+00, sign=0.161, train=1.646e+00, val=1.645e+00]
GNN flow training:  11%|█         | 11/100 [01:13<09:03,  6.10s/epoch, best=1.645e+00, sign=0.161, train=1.645e+00, val=1.646e+00]
GNN flow training:  12%|█▏        | 12/100 [01:13<08:55,  6.09s/epoch, best=1.645e+00, sign=0.161, train=1.645e+00, val=1.646e+00]
GNN flow training:  12%|█▏        | 12/100 [01:19<08:55,  6.09s/epoch, best=1.645e+00, sign=0.161, train=1.645e+00, val=1.645e+00]
GNN flow training:  13%|█▎        | 13/100 [01:19<08:51,  6.10s/epoch, best=1.645e+00, sign=0.161, train=1.645e+00, val=1.645e+00]
GNN flow training:  13%|█▎        | 13/100 [01:25<08:51,  6.10s/epoch, best=1.645e+00, sign=0.161, train=1.645e+00, val=1.645e+00]
GNN flow training:  14%|█▍        | 14/100 [01:25<08:45,  6.12s/epoch, best=1.645e+00, sign=0.161, train=1.645e+00, val=1.645e+00]
GNN flow training:  14%|█▍        | 14/100 [01:31<08:45,  6.12s/epoch, best=1.645e+00, sign=0.161, train=1.645e+00, val=1.643e+00]
GNN flow training:  15%|█▌        | 15/100 [01:31<08:39,  6.12s/epoch, best=1.645e+00, sign=0.161, train=1.645e+00, val=1.643e+00]
GNN flow training:  15%|█▌        | 15/100 [01:38<08:39,  6.12s/epoch, best=1.643e+00, sign=0.161, train=1.643e+00, val=1.643e+00]
GNN flow training:  16%|█▌        | 16/100 [01:38<08:36,  6.15s/epoch, best=1.643e+00, sign=0.161, train=1.643e+00, val=1.643e+00]
GNN flow training:  16%|█▌        | 16/100 [01:44<08:36,  6.15s/epoch, best=1.643e+00, sign=0.161, train=1.643e+00, val=1.643e+00]
GNN flow training:  17%|█▋        | 17/100 [01:44<08:29,  6.14s/epoch, best=1.643e+00, sign=0.161, train=1.643e+00, val=1.643e+00]
GNN flow training:  17%|█▋        | 17/100 [01:50<08:29,  6.14s/epoch, best=1.643e+00, sign=0.161, train=1.642e+00, val=1.641e+00]
GNN flow training:  18%|█▊        | 18/100 [01:50<08:22,  6.13s/epoch, best=1.643e+00, sign=0.161, train=1.642e+00, val=1.641e+00]
GNN flow training:  18%|█▊        | 18/100 [01:56<08:22,  6.13s/epoch, best=1.641e+00, sign=0.160, train=1.640e+00, val=1.639e+00]
GNN flow training:  19%|█▉        | 19/100 [01:56<08:13,  6.09s/epoch, best=1.641e+00, sign=0.160, train=1.640e+00, val=1.639e+00]
GNN flow training:  19%|█▉        | 19/100 [02:02<08:13,  6.09s/epoch, best=1.639e+00, sign=0.160, train=1.639e+00, val=1.641e+00]
GNN flow training:  20%|██        | 20/100 [02:02<08:07,  6.10s/epoch, best=1.639e+00, sign=0.160, train=1.639e+00, val=1.641e+00]
GNN flow training:  20%|██        | 20/100 [02:08<08:07,  6.10s/epoch, best=1.639e+00, sign=0.161, train=1.640e+00, val=1.639e+00]
GNN flow training:  21%|██        | 21/100 [02:08<08:02,  6.11s/epoch, best=1.639e+00, sign=0.161, train=1.640e+00, val=1.639e+00]
GNN flow training:  21%|██        | 21/100 [02:14<08:02,  6.11s/epoch, best=1.639e+00, sign=0.161, train=1.639e+00, val=1.639e+00]
GNN flow training:  22%|██▏       | 22/100 [02:14<07:56,  6.11s/epoch, best=1.639e+00, sign=0.161, train=1.639e+00, val=1.639e+00]
GNN flow training:  22%|██▏       | 22/100 [02:20<07:56,  6.11s/epoch, best=1.639e+00, sign=0.161, train=1.639e+00, val=1.639e+00]
GNN flow training:  23%|██▎       | 23/100 [02:20<07:51,  6.12s/epoch, best=1.639e+00, sign=0.161, train=1.639e+00, val=1.639e+00]
GNN flow training:  23%|██▎       | 23/100 [02:26<07:51,  6.12s/epoch, best=1.639e+00, sign=0.161, train=1.639e+00, val=1.639e+00]
GNN flow training:  24%|██▍       | 24/100 [02:26<07:44,  6.11s/epoch, best=1.639e+00, sign=0.161, train=1.639e+00, val=1.639e+00]
GNN flow training:  24%|██▍       | 24/100 [02:33<07:44,  6.11s/epoch, best=1.639e+00, sign=0.161, train=1.639e+00, val=1.640e+00]
GNN flow training:  25%|██▌       | 25/100 [02:33<07:38,  6.11s/epoch, best=1.639e+00, sign=0.161, train=1.639e+00, val=1.640e+00]
GNN flow training:  25%|██▌       | 25/100 [02:39<07:38,  6.11s/epoch, best=1.639e+00, sign=0.161, train=1.640e+00, val=1.640e+00]
GNN flow training:  26%|██▌       | 26/100 [02:39<07:32,  6.11s/epoch, best=1.639e+00, sign=0.161, train=1.640e+00, val=1.640e+00]
GNN flow training:  26%|██▌       | 26/100 [02:45<07:32,  6.11s/epoch, best=1.639e+00, sign=0.161, train=1.640e+00, val=1.640e+00]
GNN flow training:  27%|██▋       | 27/100 [02:45<07:27,  6.13s/epoch, best=1.639e+00, sign=0.161, train=1.640e+00, val=1.640e+00]
GNN flow training:  27%|██▋       | 27/100 [02:51<07:27,  6.13s/epoch, best=1.639e+00, sign=0.161, train=1.640e+00, val=1.640e+00]
GNN flow training:  28%|██▊       | 28/100 [02:51<07:23,  6.15s/epoch, best=1.639e+00, sign=0.161, train=1.640e+00, val=1.640e+00]
GNN flow training:  28%|██▊       | 28/100 [02:57<07:23,  6.15s/epoch, best=1.639e+00, sign=0.161, train=1.640e+00, val=1.640e+00]
GNN flow training:  29%|██▉       | 29/100 [02:57<07:16,  6.15s/epoch, best=1.639e+00, sign=0.161, train=1.640e+00, val=1.640e+00]
GNN flow training:  29%|██▉       | 29/100 [03:03<07:16,  6.15s/epoch, best=1.639e+00, sign=0.161, train=1.639e+00, val=1.641e+00]
GNN flow training:  30%|███       | 30/100 [03:03<07:11,  6.17s/epoch, best=1.639e+00, sign=0.161, train=1.639e+00, val=1.641e+00]
GNN flow training:  30%|███       | 30/100 [03:10<07:11,  6.17s/epoch, best=1.639e+00, sign=0.161, train=1.641e+00, val=1.639e+00]
GNN flow training:  31%|███       | 31/100 [03:10<07:04,  6.15s/epoch, best=1.639e+00, sign=0.161, train=1.641e+00, val=1.639e+00]
GNN flow training:  31%|███       | 31/100 [03:16<07:04,  6.15s/epoch, best=1.639e+00, sign=0.161, train=1.638e+00, val=1.640e+00]
GNN flow training:  32%|███▏      | 32/100 [03:16<06:58,  6.16s/epoch, best=1.639e+00, sign=0.161, train=1.638e+00, val=1.640e+00]
GNN flow training:  32%|███▏      | 32/100 [03:22<06:58,  6.16s/epoch, best=1.639e+00, sign=0.162, train=1.639e+00, val=1.639e+00]
GNN flow training:  33%|███▎      | 33/100 [03:22<06:51,  6.15s/epoch, best=1.639e+00, sign=0.162, train=1.639e+00, val=1.639e+00]
GNN flow training:  33%|███▎      | 33/100 [03:28<06:51,  6.15s/epoch, best=1.639e+00, sign=0.161, train=1.639e+00, val=1.636e+00]
GNN flow training:  34%|███▍      | 34/100 [03:28<06:45,  6.14s/epoch, best=1.639e+00, sign=0.161, train=1.639e+00, val=1.636e+00]
GNN flow training:  34%|███▍      | 34/100 [03:34<06:45,  6.14s/epoch, best=1.636e+00, sign=0.161, train=1.636e+00, val=1.638e+00]
GNN flow training:  35%|███▌      | 35/100 [03:34<06:38,  6.13s/epoch, best=1.636e+00, sign=0.161, train=1.636e+00, val=1.638e+00]
GNN flow training:  35%|███▌      | 35/100 [03:40<06:38,  6.13s/epoch, best=1.636e+00, sign=0.160, train=1.638e+00, val=1.640e+00]
GNN flow training:  36%|███▌      | 36/100 [03:40<06:31,  6.11s/epoch, best=1.636e+00, sign=0.160, train=1.638e+00, val=1.640e+00]
GNN flow training:  36%|███▌      | 36/100 [03:46<06:31,  6.11s/epoch, best=1.636e+00, sign=0.161, train=1.640e+00, val=1.638e+00]
GNN flow training:  37%|███▋      | 37/100 [03:46<06:24,  6.10s/epoch, best=1.636e+00, sign=0.161, train=1.640e+00, val=1.638e+00]
GNN flow training:  37%|███▋      | 37/100 [03:52<06:24,  6.10s/epoch, best=1.636e+00, sign=0.161, train=1.638e+00, val=1.635e+00]
GNN flow training:  38%|███▊      | 38/100 [03:52<06:17,  6.09s/epoch, best=1.636e+00, sign=0.161, train=1.638e+00, val=1.635e+00]
GNN flow training:  38%|███▊      | 38/100 [03:58<06:17,  6.09s/epoch, best=1.635e+00, sign=0.161, train=1.635e+00, val=1.635e+00]
GNN flow training:  39%|███▉      | 39/100 [03:58<06:11,  6.09s/epoch, best=1.635e+00, sign=0.161, train=1.635e+00, val=1.635e+00]
GNN flow training:  39%|███▉      | 39/100 [04:04<06:11,  6.09s/epoch, best=1.635e+00, sign=0.161, train=1.635e+00, val=1.635e+00]
GNN flow training:  40%|████      | 40/100 [04:04<06:06,  6.11s/epoch, best=1.635e+00, sign=0.161, train=1.635e+00, val=1.635e+00]
GNN flow training:  40%|████      | 40/100 [04:11<06:06,  6.11s/epoch, best=1.635e+00, sign=0.161, train=1.634e+00, val=1.632e+00]
GNN flow training:  41%|████      | 41/100 [04:11<05:59,  6.09s/epoch, best=1.635e+00, sign=0.161, train=1.634e+00, val=1.632e+00]
GNN flow training:  41%|████      | 41/100 [04:17<05:59,  6.09s/epoch, best=1.632e+00, sign=0.160, train=1.632e+00, val=1.637e+00]
GNN flow training:  42%|████▏     | 42/100 [04:17<05:53,  6.09s/epoch, best=1.632e+00, sign=0.160, train=1.632e+00, val=1.637e+00]
GNN flow training:  42%|████▏     | 42/100 [04:23<05:53,  6.09s/epoch, best=1.632e+00, sign=0.160, train=1.637e+00, val=1.639e+00]
GNN flow training:  43%|████▎     | 43/100 [04:23<05:48,  6.11s/epoch, best=1.632e+00, sign=0.160, train=1.637e+00, val=1.639e+00]
GNN flow training:  43%|████▎     | 43/100 [04:29<05:48,  6.11s/epoch, best=1.632e+00, sign=0.160, train=1.639e+00, val=1.637e+00]
GNN flow training:  44%|████▍     | 44/100 [04:29<05:41,  6.10s/epoch, best=1.632e+00, sign=0.160, train=1.639e+00, val=1.637e+00]
GNN flow training:  44%|████▍     | 44/100 [04:35<05:41,  6.10s/epoch, best=1.632e+00, sign=0.160, train=1.637e+00, val=1.637e+00]
GNN flow training:  45%|████▌     | 45/100 [04:35<05:35,  6.11s/epoch, best=1.632e+00, sign=0.160, train=1.637e+00, val=1.637e+00]
GNN flow training:  45%|████▌     | 45/100 [04:41<05:35,  6.11s/epoch, best=1.632e+00, sign=0.160, train=1.637e+00, val=1.637e+00]
GNN flow training:  46%|████▌     | 46/100 [04:41<05:29,  6.10s/epoch, best=1.632e+00, sign=0.160, train=1.637e+00, val=1.637e+00]
GNN flow training:  46%|████▌     | 46/100 [04:47<05:29,  6.10s/epoch, best=1.632e+00, sign=0.160, train=1.636e+00, val=1.634e+00]
GNN flow training:  47%|████▋     | 47/100 [04:47<05:23,  6.10s/epoch, best=1.632e+00, sign=0.160, train=1.636e+00, val=1.634e+00]
GNN flow training:  47%|████▋     | 47/100 [04:53<05:23,  6.10s/epoch, best=1.632e+00, sign=0.160, train=1.634e+00, val=1.633e+00]
GNN flow training:  48%|████▊     | 48/100 [04:53<05:17,  6.10s/epoch, best=1.632e+00, sign=0.160, train=1.634e+00, val=1.633e+00]
GNN flow training:  48%|████▊     | 48/100 [04:59<05:17,  6.10s/epoch, best=1.632e+00, sign=0.160, train=1.633e+00, val=1.630e+00]
GNN flow training:  49%|████▉     | 49/100 [04:59<05:10,  6.09s/epoch, best=1.632e+00, sign=0.160, train=1.633e+00, val=1.630e+00]
GNN flow training:  49%|████▉     | 49/100 [05:06<05:10,  6.09s/epoch, best=1.630e+00, sign=0.160, train=1.630e+00, val=1.630e+00]
GNN flow training:  50%|█████     | 50/100 [05:06<05:05,  6.11s/epoch, best=1.630e+00, sign=0.160, train=1.630e+00, val=1.630e+00]
GNN flow training:  50%|█████     | 50/100 [05:12<05:05,  6.11s/epoch, best=1.630e+00, sign=0.160, train=1.630e+00, val=1.631e+00]
GNN flow training:  51%|█████     | 51/100 [05:12<04:59,  6.10s/epoch, best=1.630e+00, sign=0.160, train=1.630e+00, val=1.631e+00]
GNN flow training:  51%|█████     | 51/100 [05:18<04:59,  6.10s/epoch, best=1.630e+00, sign=0.161, train=1.631e+00, val=1.628e+00]
GNN flow training:  52%|█████▏    | 52/100 [05:18<04:52,  6.09s/epoch, best=1.630e+00, sign=0.161, train=1.631e+00, val=1.628e+00]
GNN flow training:  52%|█████▏    | 52/100 [05:24<04:52,  6.09s/epoch, best=1.628e+00, sign=0.160, train=1.628e+00, val=1.626e+00]
GNN flow training:  53%|█████▎    | 53/100 [05:24<04:46,  6.10s/epoch, best=1.628e+00, sign=0.160, train=1.628e+00, val=1.626e+00]
GNN flow training:  53%|█████▎    | 53/100 [05:30<04:46,  6.10s/epoch, best=1.626e+00, sign=0.160, train=1.626e+00, val=1.626e+00]
GNN flow training:  54%|█████▍    | 54/100 [05:30<04:40,  6.10s/epoch, best=1.626e+00, sign=0.160, train=1.626e+00, val=1.626e+00]
GNN flow training:  54%|█████▍    | 54/100 [05:36<04:40,  6.10s/epoch, best=1.626e+00, sign=0.160, train=1.626e+00, val=1.625e+00]
GNN flow training:  55%|█████▌    | 55/100 [05:36<04:34,  6.10s/epoch, best=1.626e+00, sign=0.160, train=1.626e+00, val=1.625e+00]
GNN flow training:  55%|█████▌    | 55/100 [05:42<04:34,  6.10s/epoch, best=1.625e+00, sign=0.161, train=1.625e+00, val=1.625e+00]
GNN flow training:  56%|█████▌    | 56/100 [05:42<04:28,  6.10s/epoch, best=1.625e+00, sign=0.161, train=1.625e+00, val=1.625e+00]
GNN flow training:  56%|█████▌    | 56/100 [05:48<04:28,  6.10s/epoch, best=1.625e+00, sign=0.161, train=1.624e+00, val=1.624e+00]
GNN flow training:  57%|█████▋    | 57/100 [05:48<04:22,  6.09s/epoch, best=1.625e+00, sign=0.161, train=1.624e+00, val=1.624e+00]
GNN flow training:  57%|█████▋    | 57/100 [05:54<04:22,  6.09s/epoch, best=1.624e+00, sign=0.161, train=1.624e+00, val=1.623e+00]
GNN flow training:  58%|█████▊    | 58/100 [05:54<04:16,  6.10s/epoch, best=1.624e+00, sign=0.161, train=1.624e+00, val=1.623e+00]
GNN flow training:  58%|█████▊    | 58/100 [06:00<04:16,  6.10s/epoch, best=1.623e+00, sign=0.161, train=1.623e+00, val=1.620e+00]
GNN flow training:  59%|█████▉    | 59/100 [06:00<04:10,  6.12s/epoch, best=1.623e+00, sign=0.161, train=1.623e+00, val=1.620e+00]
GNN flow training:  59%|█████▉    | 59/100 [06:07<04:10,  6.12s/epoch, best=1.620e+00, sign=0.161, train=1.620e+00, val=1.617e+00]
GNN flow training:  60%|██████    | 60/100 [06:07<04:04,  6.12s/epoch, best=1.620e+00, sign=0.161, train=1.620e+00, val=1.617e+00]
GNN flow training:  60%|██████    | 60/100 [06:13<04:04,  6.12s/epoch, best=1.617e+00, sign=0.161, train=1.617e+00, val=1.618e+00]
GNN flow training:  61%|██████    | 61/100 [06:13<03:58,  6.13s/epoch, best=1.617e+00, sign=0.161, train=1.617e+00, val=1.618e+00]
GNN flow training:  61%|██████    | 61/100 [06:19<03:58,  6.13s/epoch, best=1.617e+00, sign=0.161, train=1.618e+00, val=1.619e+00]
GNN flow training:  62%|██████▏   | 62/100 [06:19<03:52,  6.12s/epoch, best=1.617e+00, sign=0.161, train=1.618e+00, val=1.619e+00]
GNN flow training:  62%|██████▏   | 62/100 [06:25<03:52,  6.12s/epoch, best=1.617e+00, sign=0.161, train=1.618e+00, val=1.612e+00]
GNN flow training:  63%|██████▎   | 63/100 [06:25<03:45,  6.11s/epoch, best=1.617e+00, sign=0.161, train=1.618e+00, val=1.612e+00]
GNN flow training:  63%|██████▎   | 63/100 [06:31<03:45,  6.11s/epoch, best=1.612e+00, sign=0.161, train=1.612e+00, val=1.612e+00]
GNN flow training:  64%|██████▍   | 64/100 [06:31<03:39,  6.10s/epoch, best=1.612e+00, sign=0.161, train=1.612e+00, val=1.612e+00]
GNN flow training:  64%|██████▍   | 64/100 [06:37<03:39,  6.10s/epoch, best=1.612e+00, sign=0.161, train=1.611e+00, val=1.611e+00]
GNN flow training:  65%|██████▌   | 65/100 [06:37<03:33,  6.10s/epoch, best=1.612e+00, sign=0.161, train=1.611e+00, val=1.611e+00]
GNN flow training:  65%|██████▌   | 65/100 [06:43<03:33,  6.10s/epoch, best=1.611e+00, sign=0.161, train=1.611e+00, val=1.616e+00]
GNN flow training:  66%|██████▌   | 66/100 [06:43<03:27,  6.10s/epoch, best=1.611e+00, sign=0.161, train=1.611e+00, val=1.616e+00]
GNN flow training:  66%|██████▌   | 66/100 [06:49<03:27,  6.10s/epoch, best=1.611e+00, sign=0.162, train=1.616e+00, val=1.615e+00]
GNN flow training:  67%|██████▋   | 67/100 [06:49<03:21,  6.10s/epoch, best=1.611e+00, sign=0.162, train=1.616e+00, val=1.615e+00]
GNN flow training:  67%|██████▋   | 67/100 [06:55<03:21,  6.10s/epoch, best=1.611e+00, sign=0.162, train=1.614e+00, val=1.610e+00]
GNN flow training:  68%|██████▊   | 68/100 [06:55<03:15,  6.10s/epoch, best=1.611e+00, sign=0.162, train=1.614e+00, val=1.610e+00]
GNN flow training:  68%|██████▊   | 68/100 [07:02<03:15,  6.10s/epoch, best=1.610e+00, sign=0.162, train=1.609e+00, val=1.606e+00]
GNN flow training:  69%|██████▉   | 69/100 [07:02<03:09,  6.12s/epoch, best=1.610e+00, sign=0.162, train=1.609e+00, val=1.606e+00]
GNN flow training:  69%|██████▉   | 69/100 [07:08<03:09,  6.12s/epoch, best=1.606e+00, sign=0.162, train=1.606e+00, val=1.605e+00]
GNN flow training:  70%|███████   | 70/100 [07:08<03:03,  6.12s/epoch, best=1.606e+00, sign=0.162, train=1.606e+00, val=1.605e+00]
GNN flow training:  70%|███████   | 70/100 [07:14<03:03,  6.12s/epoch, best=1.605e+00, sign=0.163, train=1.604e+00, val=1.605e+00]
GNN flow training:  71%|███████   | 71/100 [07:14<02:57,  6.12s/epoch, best=1.605e+00, sign=0.163, train=1.604e+00, val=1.605e+00]
GNN flow training:  71%|███████   | 71/100 [07:20<02:57,  6.12s/epoch, best=1.605e+00, sign=0.163, train=1.604e+00, val=1.603e+00]
GNN flow training:  72%|███████▏  | 72/100 [07:20<02:50,  6.10s/epoch, best=1.605e+00, sign=0.163, train=1.604e+00, val=1.603e+00]
GNN flow training:  72%|███████▏  | 72/100 [07:26<02:50,  6.10s/epoch, best=1.603e+00, sign=0.163, train=1.603e+00, val=1.604e+00]
GNN flow training:  73%|███████▎  | 73/100 [07:26<02:44,  6.09s/epoch, best=1.603e+00, sign=0.163, train=1.603e+00, val=1.604e+00]
GNN flow training:  73%|███████▎  | 73/100 [07:32<02:44,  6.09s/epoch, best=1.603e+00, sign=0.164, train=1.604e+00, val=1.609e+00]
GNN flow training:  74%|███████▍  | 74/100 [07:32<02:38,  6.10s/epoch, best=1.603e+00, sign=0.164, train=1.604e+00, val=1.609e+00]
GNN flow training:  74%|███████▍  | 74/100 [07:38<02:38,  6.10s/epoch, best=1.603e+00, sign=0.164, train=1.609e+00, val=1.605e+00]
GNN flow training:  75%|███████▌  | 75/100 [07:38<02:32,  6.12s/epoch, best=1.603e+00, sign=0.164, train=1.609e+00, val=1.605e+00]
GNN flow training:  75%|███████▌  | 75/100 [07:44<02:32,  6.12s/epoch, best=1.603e+00, sign=0.164, train=1.605e+00, val=1.606e+00]
GNN flow training:  76%|███████▌  | 76/100 [07:44<02:26,  6.11s/epoch, best=1.603e+00, sign=0.164, train=1.605e+00, val=1.606e+00]
GNN flow training:  76%|███████▌  | 76/100 [07:50<02:26,  6.11s/epoch, best=1.603e+00, sign=0.164, train=1.606e+00, val=1.606e+00]
GNN flow training:  77%|███████▋  | 77/100 [07:50<02:20,  6.10s/epoch, best=1.603e+00, sign=0.164, train=1.606e+00, val=1.606e+00]
GNN flow training:  77%|███████▋  | 77/100 [07:56<02:20,  6.10s/epoch, best=1.603e+00, sign=0.163, train=1.605e+00, val=1.598e+00]
GNN flow training:  78%|███████▊  | 78/100 [07:56<02:14,  6.10s/epoch, best=1.603e+00, sign=0.163, train=1.605e+00, val=1.598e+00]
GNN flow training:  78%|███████▊  | 78/100 [08:03<02:14,  6.10s/epoch, best=1.598e+00, sign=0.164, train=1.597e+00, val=1.593e+00]
GNN flow training:  79%|███████▉  | 79/100 [08:03<02:07,  6.08s/epoch, best=1.598e+00, sign=0.164, train=1.597e+00, val=1.593e+00]
GNN flow training:  79%|███████▉  | 79/100 [08:09<02:07,  6.08s/epoch, best=1.593e+00, sign=0.163, train=1.593e+00, val=1.593e+00]
GNN flow training:  80%|████████  | 80/100 [08:09<02:01,  6.09s/epoch, best=1.593e+00, sign=0.163, train=1.593e+00, val=1.593e+00]
GNN flow training:  80%|████████  | 80/100 [08:15<02:01,  6.09s/epoch, best=1.593e+00, sign=0.163, train=1.593e+00, val=1.596e+00]
GNN flow training:  81%|████████  | 81/100 [08:15<01:55,  6.10s/epoch, best=1.593e+00, sign=0.163, train=1.593e+00, val=1.596e+00]
GNN flow training:  81%|████████  | 81/100 [08:21<01:55,  6.10s/epoch, best=1.593e+00, sign=0.163, train=1.596e+00, val=1.595e+00]
GNN flow training:  82%|████████▏ | 82/100 [08:21<01:49,  6.09s/epoch, best=1.593e+00, sign=0.163, train=1.596e+00, val=1.595e+00]
GNN flow training:  82%|████████▏ | 82/100 [08:27<01:49,  6.09s/epoch, best=1.593e+00, sign=0.163, train=1.595e+00, val=1.593e+00]
GNN flow training:  83%|████████▎ | 83/100 [08:27<01:43,  6.10s/epoch, best=1.593e+00, sign=0.163, train=1.595e+00, val=1.593e+00]
GNN flow training:  83%|████████▎ | 83/100 [08:33<01:43,  6.10s/epoch, best=1.593e+00, sign=0.164, train=1.593e+00, val=1.591e+00]
GNN flow training:  84%|████████▍ | 84/100 [08:33<01:37,  6.11s/epoch, best=1.593e+00, sign=0.164, train=1.593e+00, val=1.591e+00]
GNN flow training:  84%|████████▍ | 84/100 [08:39<01:37,  6.11s/epoch, best=1.591e+00, sign=0.164, train=1.591e+00, val=1.588e+00]
GNN flow training:  85%|████████▌ | 85/100 [08:39<01:31,  6.10s/epoch, best=1.591e+00, sign=0.164, train=1.591e+00, val=1.588e+00]
GNN flow training:  85%|████████▌ | 85/100 [08:45<01:31,  6.10s/epoch, best=1.588e+00, sign=0.164, train=1.588e+00, val=1.588e+00]
GNN flow training:  86%|████████▌ | 86/100 [08:45<01:25,  6.10s/epoch, best=1.588e+00, sign=0.164, train=1.588e+00, val=1.588e+00]
GNN flow training:  86%|████████▌ | 86/100 [08:51<01:25,  6.10s/epoch, best=1.588e+00, sign=0.164, train=1.588e+00, val=1.584e+00]
GNN flow training:  87%|████████▋ | 87/100 [08:51<01:19,  6.09s/epoch, best=1.588e+00, sign=0.164, train=1.588e+00, val=1.584e+00]
GNN flow training:  87%|████████▋ | 87/100 [08:57<01:19,  6.09s/epoch, best=1.584e+00, sign=0.164, train=1.584e+00, val=1.586e+00]
GNN flow training:  88%|████████▊ | 88/100 [08:57<01:13,  6.10s/epoch, best=1.584e+00, sign=0.164, train=1.584e+00, val=1.586e+00]
GNN flow training:  88%|████████▊ | 88/100 [09:04<01:13,  6.10s/epoch, best=1.584e+00, sign=0.165, train=1.586e+00, val=1.586e+00]
GNN flow training:  89%|████████▉ | 89/100 [09:04<01:07,  6.10s/epoch, best=1.584e+00, sign=0.165, train=1.586e+00, val=1.586e+00]
GNN flow training:  89%|████████▉ | 89/100 [09:10<01:07,  6.10s/epoch, best=1.584e+00, sign=0.164, train=1.586e+00, val=1.583e+00]
GNN flow training:  90%|█████████ | 90/100 [09:10<01:01,  6.10s/epoch, best=1.584e+00, sign=0.164, train=1.586e+00, val=1.583e+00]
GNN flow training:  90%|█████████ | 90/100 [09:16<01:01,  6.10s/epoch, best=1.583e+00, sign=0.164, train=1.583e+00, val=1.584e+00]
GNN flow training:  91%|█████████ | 91/100 [09:16<00:54,  6.10s/epoch, best=1.583e+00, sign=0.164, train=1.583e+00, val=1.584e+00]
GNN flow training:  91%|█████████ | 91/100 [09:22<00:54,  6.10s/epoch, best=1.583e+00, sign=0.164, train=1.583e+00, val=1.585e+00]
GNN flow training:  92%|█████████▏| 92/100 [09:22<00:48,  6.11s/epoch, best=1.583e+00, sign=0.164, train=1.583e+00, val=1.585e+00]
GNN flow training:  92%|█████████▏| 92/100 [09:28<00:48,  6.11s/epoch, best=1.583e+00, sign=0.164, train=1.585e+00, val=1.583e+00]
GNN flow training:  93%|█████████▎| 93/100 [09:28<00:42,  6.10s/epoch, best=1.583e+00, sign=0.164, train=1.585e+00, val=1.583e+00]
GNN flow training:  93%|█████████▎| 93/100 [09:34<00:42,  6.10s/epoch, best=1.583e+00, sign=0.164, train=1.583e+00, val=1.584e+00]
GNN flow training:  94%|█████████▍| 94/100 [09:34<00:36,  6.09s/epoch, best=1.583e+00, sign=0.164, train=1.583e+00, val=1.584e+00]
GNN flow training:  94%|█████████▍| 94/100 [09:40<00:36,  6.09s/epoch, best=1.583e+00, sign=0.164, train=1.583e+00, val=1.583e+00]
GNN flow training:  95%|█████████▌| 95/100 [09:40<00:30,  6.11s/epoch, best=1.583e+00, sign=0.164, train=1.583e+00, val=1.583e+00]
GNN flow training:  95%|█████████▌| 95/100 [09:46<00:30,  6.11s/epoch, best=1.583e+00, sign=0.164, train=1.583e+00, val=1.585e+00]
GNN flow training:  96%|█████████▌| 96/100 [09:46<00:24,  6.11s/epoch, best=1.583e+00, sign=0.164, train=1.583e+00, val=1.585e+00]
GNN flow training:  96%|█████████▌| 96/100 [09:52<00:24,  6.11s/epoch, best=1.583e+00, sign=0.164, train=1.585e+00, val=1.583e+00]
GNN flow training:  97%|█████████▋| 97/100 [09:52<00:18,  6.10s/epoch, best=1.583e+00, sign=0.164, train=1.585e+00, val=1.583e+00]
GNN flow training:  97%|█████████▋| 97/100 [09:58<00:18,  6.10s/epoch, best=1.583e+00, sign=0.164, train=1.582e+00, val=1.589e+00]
GNN flow training:  98%|█████████▊| 98/100 [09:58<00:12,  6.11s/epoch, best=1.583e+00, sign=0.164, train=1.582e+00, val=1.589e+00]
GNN flow training:  98%|█████████▊| 98/100 [10:05<00:12,  6.11s/epoch, best=1.583e+00, sign=0.164, train=1.589e+00, val=1.579e+00]
GNN flow training:  99%|█████████▉| 99/100 [10:05<00:06,  6.11s/epoch, best=1.583e+00, sign=0.164, train=1.589e+00, val=1.579e+00]
GNN flow training:  99%|█████████▉| 99/100 [10:11<00:06,  6.11s/epoch, best=1.579e+00, sign=0.164, train=1.579e+00, val=1.576e+00]
GNN flow training: 100%|██████████| 100/100 [10:11<00:00,  6.10s/epoch, best=1.579e+00, sign=0.164, train=1.579e+00, val=1.576e+00]
GNN flow training: 100%|██████████| 100/100 [10:11<00:00,  6.11s/epoch, best=1.579e+00, sign=0.164, train=1.579e+00, val=1.576e+00]
Resolved config snapshot:
{'preset': 'solver_QKB_outer_QKBdelta', 'gnn_outer_losses': {'flow': 0.1, 'kirchhoff': 1.0, 'boundary': 100.0, 'delta_l2': 100.0, 'delta_smooth': 0.0, 'pressure_shape': 0.0}, 'physics': {'arterial_flow_mode': 'dataset', 'pressure_constraints': ['equal-a-equal-v'], 'alpha_pa': None, 'use_snr_weights': True, 'use_observed_flow_snr_weighting': True, 'flow_scale_mode': 'median_abs', 'solver_device': 'same', 'pressure_solver_mode': 'reduced-soft-constrained-lstsq', 'pressure_solver_lambda_kirchhoff': 1.0, 'pressure_solver_lambda_pressure_constraints': 100.0, 'pressure_solver_lambda_flow_residual': 1.0, 'pressure_shape_reference': 'delta_zero_reference', 'pressure_detach': False}, 'correction_bounds': {'correction_min': -0.5, 'correction_max': 0.5, 'correction_bound': 0.5, 'correction_parameterization': 'tanh'}, 'optimization': {'learning_rate': 0.001, 'weight_decay': 0.0001, 'gradient_clip_norm': 5.0, 'optimizer': 'adamw', 'epochs': 100, 'patience': 40}}
Shard 8/80: 1 of 80 runs
Command: /mnt/home/sswee/miniforge3/envs/yolk-sac/bin/python /mnt/home/sswee/yolk/Yolk-Sac-Flow-Data-and-Sim/gnn_clean/scripts/python/gnn_flow.py /mnt/home/sswee/yolk/Yolk-Sac-Flow-Data-and-Sim/gnn_clean/datasets/mosaic_graph_norm_canonical.gpickle --output-dir /mnt/home/sswee/yolk/Yolk-Sac-Flow-Data-and-Sim/gnn_clean/outputs_canonical_norm/dc/02_physics_weight_sweep/gnn --run-name q_0p1__k_1__delta_100 --preset solver_QKB_outer_QKBdelta --device cuda --epochs 100 --seed 0 --viscosity-pa-s 0.0035 --config /mnt/home/sswee/yolk/Yolk-Sac-Flow-Data-and-Sim/gnn_clean/outputs_canonical_norm/dc/02_physics_weight_sweep/_generated_configs/q_0p1__k_1__delta_100.yaml --no-pressure-detach
