[info] DC Step 2 canonical sweep uses fixed lambda_B=100.0 for both the outer boundary loss and the reduced pressure-solver boundary constraint.

GNN flow training:   0%|          | 0/100 [00:00<?, ?epoch/s]
GNN flow training:   0%|          | 0/100 [00:06<?, ?epoch/s, best=1.276e+02, sign=0.194, train=1.277e+02, val=1.276e+02]
GNN flow training:   1%|          | 1/100 [00:06<10:22,  6.29s/epoch, best=1.276e+02, sign=0.194, train=1.277e+02, val=1.276e+02]
GNN flow training:   1%|          | 1/100 [00:12<10:22,  6.29s/epoch, best=1.276e+02, sign=0.194, train=1.278e+02, val=1.279e+02]
GNN flow training:   2%|▏         | 2/100 [00:12<10:09,  6.22s/epoch, best=1.276e+02, sign=0.194, train=1.278e+02, val=1.279e+02]
GNN flow training:   2%|▏         | 2/100 [00:18<10:09,  6.22s/epoch, best=1.276e+02, sign=0.194, train=1.281e+02, val=1.278e+02]
GNN flow training:   3%|▎         | 3/100 [00:18<10:00,  6.19s/epoch, best=1.276e+02, sign=0.194, train=1.281e+02, val=1.278e+02]
GNN flow training:   3%|▎         | 3/100 [00:24<10:00,  6.19s/epoch, best=1.276e+02, sign=0.194, train=1.280e+02, val=1.274e+02]
GNN flow training:   4%|▍         | 4/100 [00:24<09:51,  6.17s/epoch, best=1.276e+02, sign=0.194, train=1.280e+02, val=1.274e+02]
GNN flow training:   4%|▍         | 4/100 [00:30<09:51,  6.17s/epoch, best=1.274e+02, sign=0.194, train=1.276e+02, val=1.276e+02]
GNN flow training:   5%|▌         | 5/100 [00:30<09:45,  6.17s/epoch, best=1.274e+02, sign=0.194, train=1.276e+02, val=1.276e+02]
GNN flow training:   5%|▌         | 5/100 [00:37<09:45,  6.17s/epoch, best=1.274e+02, sign=0.194, train=1.278e+02, val=1.273e+02]
GNN flow training:   6%|▌         | 6/100 [00:37<09:40,  6.17s/epoch, best=1.274e+02, sign=0.194, train=1.278e+02, val=1.273e+02]
GNN flow training:   6%|▌         | 6/100 [00:43<09:40,  6.17s/epoch, best=1.273e+02, sign=0.194, train=1.275e+02, val=1.275e+02]
GNN flow training:   7%|▋         | 7/100 [00:43<09:32,  6.16s/epoch, best=1.273e+02, sign=0.194, train=1.275e+02, val=1.275e+02]
GNN flow training:   7%|▋         | 7/100 [00:49<09:32,  6.16s/epoch, best=1.273e+02, sign=0.194, train=1.276e+02, val=1.275e+02]
GNN flow training:   8%|▊         | 8/100 [00:49<09:27,  6.17s/epoch, best=1.273e+02, sign=0.194, train=1.276e+02, val=1.275e+02]
GNN flow training:   8%|▊         | 8/100 [00:55<09:27,  6.17s/epoch, best=1.273e+02, sign=0.194, train=1.276e+02, val=1.273e+02]
GNN flow training:   9%|▉         | 9/100 [00:55<09:19,  6.15s/epoch, best=1.273e+02, sign=0.194, train=1.276e+02, val=1.273e+02]
GNN flow training:   9%|▉         | 9/100 [01:01<09:19,  6.15s/epoch, best=1.273e+02, sign=0.194, train=1.275e+02, val=1.273e+02]
GNN flow training:  10%|█         | 10/100 [01:01<09:14,  6.16s/epoch, best=1.273e+02, sign=0.194, train=1.275e+02, val=1.273e+02]
GNN flow training:  10%|█         | 10/100 [01:07<09:14,  6.16s/epoch, best=1.273e+02, sign=0.194, train=1.275e+02, val=1.271e+02]
GNN flow training:  11%|█         | 11/100 [01:07<09:08,  6.16s/epoch, best=1.273e+02, sign=0.194, train=1.275e+02, val=1.271e+02]
GNN flow training:  11%|█         | 11/100 [01:13<09:08,  6.16s/epoch, best=1.271e+02, sign=0.194, train=1.273e+02, val=1.269e+02]
GNN flow training:  12%|█▏        | 12/100 [01:13<09:00,  6.14s/epoch, best=1.271e+02, sign=0.194, train=1.273e+02, val=1.269e+02]
GNN flow training:  12%|█▏        | 12/100 [01:20<09:00,  6.14s/epoch, best=1.269e+02, sign=0.194, train=1.270e+02, val=1.268e+02]
GNN flow training:  13%|█▎        | 13/100 [01:20<08:54,  6.14s/epoch, best=1.269e+02, sign=0.194, train=1.270e+02, val=1.268e+02]
GNN flow training:  13%|█▎        | 13/100 [01:26<08:54,  6.14s/epoch, best=1.268e+02, sign=0.193, train=1.270e+02, val=1.265e+02]
GNN flow training:  14%|█▍        | 14/100 [01:26<08:48,  6.15s/epoch, best=1.268e+02, sign=0.193, train=1.270e+02, val=1.265e+02]
GNN flow training:  14%|█▍        | 14/100 [01:32<08:48,  6.15s/epoch, best=1.265e+02, sign=0.193, train=1.266e+02, val=1.259e+02]
GNN flow training:  15%|█▌        | 15/100 [01:32<08:44,  6.17s/epoch, best=1.265e+02, sign=0.193, train=1.266e+02, val=1.259e+02]
GNN flow training:  15%|█▌        | 15/100 [01:38<08:44,  6.17s/epoch, best=1.259e+02, sign=0.193, train=1.260e+02, val=1.255e+02]
GNN flow training:  16%|█▌        | 16/100 [01:38<08:38,  6.17s/epoch, best=1.259e+02, sign=0.193, train=1.260e+02, val=1.255e+02]
GNN flow training:  16%|█▌        | 16/100 [01:44<08:38,  6.17s/epoch, best=1.255e+02, sign=0.193, train=1.257e+02, val=1.255e+02]
GNN flow training:  17%|█▋        | 17/100 [01:44<08:31,  6.16s/epoch, best=1.255e+02, sign=0.193, train=1.257e+02, val=1.255e+02]
GNN flow training:  17%|█▋        | 17/100 [01:50<08:31,  6.16s/epoch, best=1.255e+02, sign=0.195, train=1.257e+02, val=1.256e+02]
GNN flow training:  18%|█▊        | 18/100 [01:50<08:24,  6.15s/epoch, best=1.255e+02, sign=0.195, train=1.257e+02, val=1.256e+02]
GNN flow training:  18%|█▊        | 18/100 [01:57<08:24,  6.15s/epoch, best=1.255e+02, sign=0.196, train=1.258e+02, val=1.257e+02]
GNN flow training:  19%|█▉        | 19/100 [01:57<08:18,  6.16s/epoch, best=1.255e+02, sign=0.196, train=1.258e+02, val=1.257e+02]
GNN flow training:  19%|█▉        | 19/100 [02:03<08:18,  6.16s/epoch, best=1.255e+02, sign=0.197, train=1.259e+02, val=1.259e+02]
GNN flow training:  20%|██        | 20/100 [02:03<08:12,  6.15s/epoch, best=1.255e+02, sign=0.197, train=1.259e+02, val=1.259e+02]
GNN flow training:  20%|██        | 20/100 [02:09<08:12,  6.15s/epoch, best=1.255e+02, sign=0.198, train=1.260e+02, val=1.259e+02]
GNN flow training:  21%|██        | 21/100 [02:09<08:06,  6.16s/epoch, best=1.255e+02, sign=0.198, train=1.260e+02, val=1.259e+02]
GNN flow training:  21%|██        | 21/100 [02:15<08:06,  6.16s/epoch, best=1.255e+02, sign=0.199, train=1.261e+02, val=1.253e+02]
GNN flow training:  22%|██▏       | 22/100 [02:15<07:59,  6.14s/epoch, best=1.255e+02, sign=0.199, train=1.261e+02, val=1.253e+02]
GNN flow training:  22%|██▏       | 22/100 [02:21<07:59,  6.14s/epoch, best=1.253e+02, sign=0.201, train=1.254e+02, val=1.248e+02]
GNN flow training:  23%|██▎       | 23/100 [02:21<07:53,  6.15s/epoch, best=1.253e+02, sign=0.201, train=1.254e+02, val=1.248e+02]
GNN flow training:  23%|██▎       | 23/100 [02:27<07:53,  6.15s/epoch, best=1.248e+02, sign=0.200, train=1.250e+02, val=1.246e+02]
GNN flow training:  24%|██▍       | 24/100 [02:27<07:47,  6.15s/epoch, best=1.248e+02, sign=0.200, train=1.250e+02, val=1.246e+02]
GNN flow training:  24%|██▍       | 24/100 [02:34<07:47,  6.15s/epoch, best=1.246e+02, sign=0.199, train=1.247e+02, val=1.240e+02]
GNN flow training:  25%|██▌       | 25/100 [02:34<07:41,  6.15s/epoch, best=1.246e+02, sign=0.199, train=1.247e+02, val=1.240e+02]
GNN flow training:  25%|██▌       | 25/100 [02:40<07:41,  6.15s/epoch, best=1.240e+02, sign=0.197, train=1.241e+02, val=1.232e+02]
GNN flow training:  26%|██▌       | 26/100 [02:40<07:35,  6.15s/epoch, best=1.240e+02, sign=0.197, train=1.241e+02, val=1.232e+02]
GNN flow training:  26%|██▌       | 26/100 [02:46<07:35,  6.15s/epoch, best=1.232e+02, sign=0.196, train=1.234e+02, val=1.228e+02]
GNN flow training:  27%|██▋       | 27/100 [02:46<07:29,  6.16s/epoch, best=1.232e+02, sign=0.196, train=1.234e+02, val=1.228e+02]
GNN flow training:  27%|██▋       | 27/100 [02:52<07:29,  6.16s/epoch, best=1.228e+02, sign=0.194, train=1.230e+02, val=1.229e+02]
GNN flow training:  28%|██▊       | 28/100 [02:52<07:23,  6.15s/epoch, best=1.228e+02, sign=0.194, train=1.230e+02, val=1.229e+02]
GNN flow training:  28%|██▊       | 28/100 [02:58<07:23,  6.15s/epoch, best=1.228e+02, sign=0.194, train=1.230e+02, val=1.226e+02]
GNN flow training:  29%|██▉       | 29/100 [02:58<07:16,  6.14s/epoch, best=1.228e+02, sign=0.194, train=1.230e+02, val=1.226e+02]
GNN flow training:  29%|██▉       | 29/100 [03:04<07:16,  6.14s/epoch, best=1.226e+02, sign=0.194, train=1.228e+02, val=1.223e+02]
GNN flow training:  30%|███       | 30/100 [03:04<07:10,  6.15s/epoch, best=1.226e+02, sign=0.194, train=1.228e+02, val=1.223e+02]
GNN flow training:  30%|███       | 30/100 [03:10<07:10,  6.15s/epoch, best=1.223e+02, sign=0.194, train=1.225e+02, val=1.219e+02]
GNN flow training:  31%|███       | 31/100 [03:10<07:04,  6.15s/epoch, best=1.223e+02, sign=0.194, train=1.225e+02, val=1.219e+02]
GNN flow training:  31%|███       | 31/100 [03:17<07:04,  6.15s/epoch, best=1.219e+02, sign=0.193, train=1.221e+02, val=1.225e+02]
GNN flow training:  32%|███▏      | 32/100 [03:17<06:58,  6.15s/epoch, best=1.219e+02, sign=0.193, train=1.221e+02, val=1.225e+02]
GNN flow training:  32%|███▏      | 32/100 [03:23<06:58,  6.15s/epoch, best=1.219e+02, sign=0.193, train=1.226e+02, val=1.225e+02]
GNN flow training:  33%|███▎      | 33/100 [03:23<06:51,  6.15s/epoch, best=1.219e+02, sign=0.193, train=1.226e+02, val=1.225e+02]
GNN flow training:  33%|███▎      | 33/100 [03:29<06:51,  6.15s/epoch, best=1.219e+02, sign=0.191, train=1.227e+02, val=1.225e+02]
GNN flow training:  34%|███▍      | 34/100 [03:29<06:45,  6.14s/epoch, best=1.219e+02, sign=0.191, train=1.227e+02, val=1.225e+02]
GNN flow training:  34%|███▍      | 34/100 [03:35<06:45,  6.14s/epoch, best=1.219e+02, sign=0.190, train=1.226e+02, val=1.230e+02]
GNN flow training:  35%|███▌      | 35/100 [03:35<06:40,  6.16s/epoch, best=1.219e+02, sign=0.190, train=1.226e+02, val=1.230e+02]
GNN flow training:  35%|███▌      | 35/100 [03:41<06:40,  6.16s/epoch, best=1.219e+02, sign=0.190, train=1.231e+02, val=1.226e+02]
GNN flow training:  36%|███▌      | 36/100 [03:41<06:33,  6.15s/epoch, best=1.219e+02, sign=0.190, train=1.231e+02, val=1.226e+02]
GNN flow training:  36%|███▌      | 36/100 [03:47<06:33,  6.15s/epoch, best=1.219e+02, sign=0.191, train=1.228e+02, val=1.224e+02]
GNN flow training:  37%|███▋      | 37/100 [03:47<06:26,  6.14s/epoch, best=1.219e+02, sign=0.191, train=1.228e+02, val=1.224e+02]
GNN flow training:  37%|███▋      | 37/100 [03:53<06:26,  6.14s/epoch, best=1.219e+02, sign=0.190, train=1.226e+02, val=1.223e+02]
GNN flow training:  38%|███▊      | 38/100 [03:53<06:20,  6.15s/epoch, best=1.219e+02, sign=0.190, train=1.226e+02, val=1.223e+02]
GNN flow training:  38%|███▊      | 38/100 [04:00<06:20,  6.15s/epoch, best=1.219e+02, sign=0.190, train=1.224e+02, val=1.220e+02]
GNN flow training:  39%|███▉      | 39/100 [04:00<06:14,  6.14s/epoch, best=1.219e+02, sign=0.190, train=1.224e+02, val=1.220e+02]
GNN flow training:  39%|███▉      | 39/100 [04:06<06:14,  6.14s/epoch, best=1.219e+02, sign=0.189, train=1.222e+02, val=1.221e+02]
GNN flow training:  40%|████      | 40/100 [04:06<06:09,  6.15s/epoch, best=1.219e+02, sign=0.189, train=1.222e+02, val=1.221e+02]
GNN flow training:  40%|████      | 40/100 [04:12<06:09,  6.15s/epoch, best=1.219e+02, sign=0.189, train=1.223e+02, val=1.218e+02]
GNN flow training:  41%|████      | 41/100 [04:12<06:01,  6.13s/epoch, best=1.219e+02, sign=0.189, train=1.223e+02, val=1.218e+02]
GNN flow training:  41%|████      | 41/100 [04:18<06:01,  6.13s/epoch, best=1.218e+02, sign=0.189, train=1.220e+02, val=1.215e+02]
GNN flow training:  42%|████▏     | 42/100 [04:18<05:54,  6.12s/epoch, best=1.218e+02, sign=0.189, train=1.220e+02, val=1.215e+02]
GNN flow training:  42%|████▏     | 42/100 [04:24<05:54,  6.12s/epoch, best=1.215e+02, sign=0.189, train=1.217e+02, val=1.214e+02]
GNN flow training:  43%|████▎     | 43/100 [04:24<05:49,  6.14s/epoch, best=1.215e+02, sign=0.189, train=1.217e+02, val=1.214e+02]
GNN flow training:  43%|████▎     | 43/100 [04:30<05:49,  6.14s/epoch, best=1.214e+02, sign=0.188, train=1.216e+02, val=1.211e+02]
GNN flow training:  44%|████▍     | 44/100 [04:30<05:43,  6.13s/epoch, best=1.214e+02, sign=0.188, train=1.216e+02, val=1.211e+02]
GNN flow training:  44%|████▍     | 44/100 [04:36<05:43,  6.13s/epoch, best=1.211e+02, sign=0.188, train=1.212e+02, val=1.206e+02]
GNN flow training:  45%|████▌     | 45/100 [04:36<05:37,  6.14s/epoch, best=1.211e+02, sign=0.188, train=1.212e+02, val=1.206e+02]
GNN flow training:  45%|████▌     | 45/100 [04:43<05:37,  6.14s/epoch, best=1.206e+02, sign=0.187, train=1.208e+02, val=1.203e+02]
GNN flow training:  46%|████▌     | 46/100 [04:43<05:31,  6.14s/epoch, best=1.206e+02, sign=0.187, train=1.208e+02, val=1.203e+02]
GNN flow training:  46%|████▌     | 46/100 [04:49<05:31,  6.14s/epoch, best=1.203e+02, sign=0.186, train=1.205e+02, val=1.199e+02]
GNN flow training:  47%|████▋     | 47/100 [04:49<05:25,  6.15s/epoch, best=1.203e+02, sign=0.186, train=1.205e+02, val=1.199e+02]
GNN flow training:  47%|████▋     | 47/100 [04:55<05:25,  6.15s/epoch, best=1.199e+02, sign=0.185, train=1.200e+02, val=1.194e+02]
GNN flow training:  48%|████▊     | 48/100 [04:55<05:20,  6.16s/epoch, best=1.199e+02, sign=0.185, train=1.200e+02, val=1.194e+02]
GNN flow training:  48%|████▊     | 48/100 [05:01<05:20,  6.16s/epoch, best=1.194e+02, sign=0.185, train=1.195e+02, val=1.190e+02]
GNN flow training:  49%|████▉     | 49/100 [05:01<05:13,  6.15s/epoch, best=1.194e+02, sign=0.185, train=1.195e+02, val=1.190e+02]
GNN flow training:  49%|████▉     | 49/100 [05:07<05:13,  6.15s/epoch, best=1.190e+02, sign=0.183, train=1.192e+02, val=1.186e+02]
GNN flow training:  50%|█████     | 50/100 [05:07<05:08,  6.18s/epoch, best=1.190e+02, sign=0.183, train=1.192e+02, val=1.186e+02]
GNN flow training:  50%|█████     | 50/100 [05:13<05:08,  6.18s/epoch, best=1.186e+02, sign=0.181, train=1.187e+02, val=1.182e+02]
GNN flow training:  51%|█████     | 51/100 [05:13<05:02,  6.17s/epoch, best=1.186e+02, sign=0.181, train=1.187e+02, val=1.182e+02]
GNN flow training:  51%|█████     | 51/100 [05:20<05:02,  6.17s/epoch, best=1.182e+02, sign=0.181, train=1.183e+02, val=1.174e+02]
GNN flow training:  52%|█████▏    | 52/100 [05:20<04:56,  6.18s/epoch, best=1.182e+02, sign=0.181, train=1.183e+02, val=1.174e+02]
GNN flow training:  52%|█████▏    | 52/100 [05:26<04:56,  6.18s/epoch, best=1.174e+02, sign=0.180, train=1.176e+02, val=1.173e+02]
GNN flow training:  53%|█████▎    | 53/100 [05:26<04:50,  6.18s/epoch, best=1.174e+02, sign=0.180, train=1.176e+02, val=1.173e+02]
GNN flow training:  53%|█████▎    | 53/100 [05:32<04:50,  6.18s/epoch, best=1.173e+02, sign=0.179, train=1.174e+02, val=1.170e+02]
GNN flow training:  54%|█████▍    | 54/100 [05:32<04:44,  6.18s/epoch, best=1.173e+02, sign=0.179, train=1.174e+02, val=1.170e+02]
GNN flow training:  54%|█████▍    | 54/100 [05:38<04:44,  6.18s/epoch, best=1.170e+02, sign=0.178, train=1.171e+02, val=1.169e+02]
GNN flow training:  55%|█████▌    | 55/100 [05:38<04:38,  6.19s/epoch, best=1.170e+02, sign=0.178, train=1.171e+02, val=1.169e+02]
GNN flow training:  55%|█████▌    | 55/100 [05:44<04:38,  6.19s/epoch, best=1.169e+02, sign=0.177, train=1.171e+02, val=1.166e+02]
GNN flow training:  56%|█████▌    | 56/100 [05:44<04:30,  6.15s/epoch, best=1.169e+02, sign=0.177, train=1.171e+02, val=1.166e+02]
GNN flow training:  56%|█████▌    | 56/100 [05:50<04:30,  6.15s/epoch, best=1.166e+02, sign=0.175, train=1.168e+02, val=1.164e+02]
GNN flow training:  57%|█████▋    | 57/100 [05:50<04:23,  6.13s/epoch, best=1.166e+02, sign=0.175, train=1.168e+02, val=1.164e+02]
GNN flow training:  57%|█████▋    | 57/100 [05:57<04:23,  6.13s/epoch, best=1.164e+02, sign=0.174, train=1.165e+02, val=1.164e+02]
GNN flow training:  58%|█████▊    | 58/100 [05:57<04:18,  6.15s/epoch, best=1.164e+02, sign=0.174, train=1.165e+02, val=1.164e+02]
GNN flow training:  58%|█████▊    | 58/100 [06:03<04:18,  6.15s/epoch, best=1.164e+02, sign=0.173, train=1.165e+02, val=1.163e+02]
GNN flow training:  59%|█████▉    | 59/100 [06:03<04:12,  6.16s/epoch, best=1.164e+02, sign=0.173, train=1.165e+02, val=1.163e+02]
GNN flow training:  59%|█████▉    | 59/100 [06:09<04:12,  6.16s/epoch, best=1.163e+02, sign=0.173, train=1.165e+02, val=1.153e+02]
GNN flow training:  60%|██████    | 60/100 [06:09<04:06,  6.16s/epoch, best=1.163e+02, sign=0.173, train=1.165e+02, val=1.153e+02]
GNN flow training:  60%|██████    | 60/100 [06:15<04:06,  6.16s/epoch, best=1.153e+02, sign=0.171, train=1.154e+02, val=1.144e+02]
GNN flow training:  61%|██████    | 61/100 [06:15<03:59,  6.14s/epoch, best=1.153e+02, sign=0.171, train=1.154e+02, val=1.144e+02]
GNN flow training:  61%|██████    | 61/100 [06:21<03:59,  6.14s/epoch, best=1.144e+02, sign=0.169, train=1.145e+02, val=1.133e+02]
GNN flow training:  62%|██████▏   | 62/100 [06:21<03:53,  6.15s/epoch, best=1.144e+02, sign=0.169, train=1.145e+02, val=1.133e+02]
GNN flow training:  62%|██████▏   | 62/100 [06:27<03:53,  6.15s/epoch, best=1.133e+02, sign=0.166, train=1.134e+02, val=1.125e+02]
GNN flow training:  63%|██████▎   | 63/100 [06:27<03:47,  6.15s/epoch, best=1.133e+02, sign=0.166, train=1.134e+02, val=1.125e+02]
GNN flow training:  63%|██████▎   | 63/100 [06:33<03:47,  6.15s/epoch, best=1.125e+02, sign=0.165, train=1.126e+02, val=1.116e+02]
GNN flow training:  64%|██████▍   | 64/100 [06:33<03:41,  6.14s/epoch, best=1.125e+02, sign=0.165, train=1.126e+02, val=1.116e+02]
GNN flow training:  64%|██████▍   | 64/100 [06:40<03:41,  6.14s/epoch, best=1.116e+02, sign=0.165, train=1.117e+02, val=1.110e+02]
GNN flow training:  65%|██████▌   | 65/100 [06:40<03:35,  6.15s/epoch, best=1.116e+02, sign=0.165, train=1.117e+02, val=1.110e+02]
GNN flow training:  65%|██████▌   | 65/100 [06:46<03:35,  6.15s/epoch, best=1.110e+02, sign=0.164, train=1.111e+02, val=1.107e+02]
GNN flow training:  66%|██████▌   | 66/100 [06:46<03:29,  6.17s/epoch, best=1.110e+02, sign=0.164, train=1.111e+02, val=1.107e+02]
GNN flow training:  66%|██████▌   | 66/100 [06:52<03:29,  6.17s/epoch, best=1.107e+02, sign=0.164, train=1.108e+02, val=1.106e+02]
GNN flow training:  67%|██████▋   | 67/100 [06:52<03:23,  6.18s/epoch, best=1.107e+02, sign=0.164, train=1.108e+02, val=1.106e+02]
GNN flow training:  67%|██████▋   | 67/100 [06:58<03:23,  6.18s/epoch, best=1.106e+02, sign=0.165, train=1.107e+02, val=1.111e+02]
GNN flow training:  68%|██████▊   | 68/100 [06:58<03:16,  6.15s/epoch, best=1.106e+02, sign=0.165, train=1.107e+02, val=1.111e+02]
GNN flow training:  68%|██████▊   | 68/100 [07:04<03:16,  6.15s/epoch, best=1.106e+02, sign=0.167, train=1.112e+02, val=1.127e+02]
GNN flow training:  69%|██████▉   | 69/100 [07:04<03:10,  6.14s/epoch, best=1.106e+02, sign=0.167, train=1.112e+02, val=1.127e+02]
GNN flow training:  69%|██████▉   | 69/100 [07:10<03:10,  6.14s/epoch, best=1.106e+02, sign=0.173, train=1.128e+02, val=1.132e+02]
GNN flow training:  70%|███████   | 70/100 [07:10<03:03,  6.12s/epoch, best=1.106e+02, sign=0.173, train=1.128e+02, val=1.132e+02]
GNN flow training:  70%|███████   | 70/100 [07:16<03:03,  6.12s/epoch, best=1.106e+02, sign=0.175, train=1.133e+02, val=1.142e+02]
GNN flow training:  71%|███████   | 71/100 [07:16<02:57,  6.12s/epoch, best=1.106e+02, sign=0.175, train=1.133e+02, val=1.142e+02]
GNN flow training:  71%|███████   | 71/100 [07:22<02:57,  6.12s/epoch, best=1.106e+02, sign=0.171, train=1.143e+02, val=1.130e+02]
GNN flow training:  72%|███████▏  | 72/100 [07:22<02:50,  6.09s/epoch, best=1.106e+02, sign=0.171, train=1.143e+02, val=1.130e+02]
GNN flow training:  72%|███████▏  | 72/100 [07:28<02:50,  6.09s/epoch, best=1.106e+02, sign=0.168, train=1.131e+02, val=1.116e+02]
GNN flow training:  73%|███████▎  | 73/100 [07:28<02:44,  6.09s/epoch, best=1.106e+02, sign=0.168, train=1.131e+02, val=1.116e+02]
GNN flow training:  73%|███████▎  | 73/100 [07:35<02:44,  6.09s/epoch, best=1.106e+02, sign=0.166, train=1.117e+02, val=1.104e+02]
GNN flow training:  74%|███████▍  | 74/100 [07:35<02:38,  6.09s/epoch, best=1.106e+02, sign=0.166, train=1.117e+02, val=1.104e+02]
GNN flow training:  74%|███████▍  | 74/100 [07:41<02:38,  6.09s/epoch, best=1.104e+02, sign=0.162, train=1.105e+02, val=1.091e+02]
GNN flow training:  75%|███████▌  | 75/100 [07:41<02:32,  6.11s/epoch, best=1.104e+02, sign=0.162, train=1.105e+02, val=1.091e+02]
GNN flow training:  75%|███████▌  | 75/100 [07:47<02:32,  6.11s/epoch, best=1.091e+02, sign=0.156, train=1.092e+02, val=1.077e+02]
GNN flow training:  76%|███████▌  | 76/100 [07:47<02:26,  6.12s/epoch, best=1.091e+02, sign=0.156, train=1.092e+02, val=1.077e+02]
GNN flow training:  76%|███████▌  | 76/100 [07:53<02:26,  6.12s/epoch, best=1.077e+02, sign=0.152, train=1.078e+02, val=1.067e+02]
GNN flow training:  77%|███████▋  | 77/100 [07:53<02:20,  6.13s/epoch, best=1.077e+02, sign=0.152, train=1.078e+02, val=1.067e+02]
GNN flow training:  77%|███████▋  | 77/100 [07:59<02:20,  6.13s/epoch, best=1.067e+02, sign=0.149, train=1.068e+02, val=1.074e+02]
GNN flow training:  78%|███████▊  | 78/100 [07:59<02:14,  6.13s/epoch, best=1.067e+02, sign=0.149, train=1.068e+02, val=1.074e+02]
GNN flow training:  78%|███████▊  | 78/100 [08:05<02:14,  6.13s/epoch, best=1.067e+02, sign=0.148, train=1.075e+02, val=1.067e+02]
GNN flow training:  79%|███████▉  | 79/100 [08:05<02:08,  6.13s/epoch, best=1.067e+02, sign=0.148, train=1.075e+02, val=1.067e+02]
GNN flow training:  79%|███████▉  | 79/100 [08:11<02:08,  6.13s/epoch, best=1.067e+02, sign=0.147, train=1.068e+02, val=1.053e+02]
GNN flow training:  80%|████████  | 80/100 [08:11<02:02,  6.13s/epoch, best=1.067e+02, sign=0.147, train=1.068e+02, val=1.053e+02]
GNN flow training:  80%|████████  | 80/100 [08:17<02:02,  6.13s/epoch, best=1.053e+02, sign=0.148, train=1.054e+02, val=1.034e+02]
GNN flow training:  81%|████████  | 81/100 [08:17<01:56,  6.11s/epoch, best=1.053e+02, sign=0.148, train=1.054e+02, val=1.034e+02]
GNN flow training:  81%|████████  | 81/100 [08:24<01:56,  6.11s/epoch, best=1.034e+02, sign=0.149, train=1.035e+02, val=1.036e+02]
GNN flow training:  82%|████████▏ | 82/100 [08:24<01:50,  6.12s/epoch, best=1.034e+02, sign=0.149, train=1.035e+02, val=1.036e+02]
GNN flow training:  82%|████████▏ | 82/100 [08:30<01:50,  6.12s/epoch, best=1.034e+02, sign=0.149, train=1.037e+02, val=1.040e+02]
GNN flow training:  83%|████████▎ | 83/100 [08:30<01:44,  6.12s/epoch, best=1.034e+02, sign=0.149, train=1.037e+02, val=1.040e+02]
GNN flow training:  83%|████████▎ | 83/100 [08:36<01:44,  6.12s/epoch, best=1.034e+02, sign=0.149, train=1.041e+02, val=1.045e+02]
GNN flow training:  84%|████████▍ | 84/100 [08:36<01:38,  6.13s/epoch, best=1.034e+02, sign=0.149, train=1.041e+02, val=1.045e+02]
GNN flow training:  84%|████████▍ | 84/100 [08:42<01:38,  6.13s/epoch, best=1.034e+02, sign=0.156, train=1.046e+02, val=1.059e+02]
GNN flow training:  85%|████████▌ | 85/100 [08:42<01:31,  6.13s/epoch, best=1.034e+02, sign=0.156, train=1.046e+02, val=1.059e+02]
GNN flow training:  85%|████████▌ | 85/100 [08:48<01:31,  6.13s/epoch, best=1.034e+02, sign=0.162, train=1.060e+02, val=1.078e+02]
GNN flow training:  86%|████████▌ | 86/100 [08:48<01:25,  6.14s/epoch, best=1.034e+02, sign=0.162, train=1.060e+02, val=1.078e+02]
GNN flow training:  86%|████████▌ | 86/100 [08:54<01:25,  6.14s/epoch, best=1.034e+02, sign=0.166, train=1.079e+02, val=1.086e+02]
GNN flow training:  87%|████████▋ | 87/100 [08:54<01:19,  6.14s/epoch, best=1.034e+02, sign=0.166, train=1.079e+02, val=1.086e+02]
GNN flow training:  87%|████████▋ | 87/100 [09:00<01:19,  6.14s/epoch, best=1.034e+02, sign=0.168, train=1.087e+02, val=1.088e+02]
GNN flow training:  88%|████████▊ | 88/100 [09:00<01:13,  6.14s/epoch, best=1.034e+02, sign=0.168, train=1.087e+02, val=1.088e+02]
GNN flow training:  88%|████████▊ | 88/100 [09:07<01:13,  6.14s/epoch, best=1.034e+02, sign=0.165, train=1.089e+02, val=1.060e+02]
GNN flow training:  89%|████████▉ | 89/100 [09:07<01:07,  6.14s/epoch, best=1.034e+02, sign=0.165, train=1.089e+02, val=1.060e+02]
GNN flow training:  89%|████████▉ | 89/100 [09:13<01:07,  6.14s/epoch, best=1.034e+02, sign=0.163, train=1.062e+02, val=1.043e+02]
GNN flow training:  90%|█████████ | 90/100 [09:13<01:01,  6.16s/epoch, best=1.034e+02, sign=0.163, train=1.062e+02, val=1.043e+02]
GNN flow training:  90%|█████████ | 90/100 [09:19<01:01,  6.16s/epoch, best=1.034e+02, sign=0.157, train=1.044e+02, val=1.020e+02]
GNN flow training:  91%|█████████ | 91/100 [09:19<00:55,  6.16s/epoch, best=1.034e+02, sign=0.157, train=1.044e+02, val=1.020e+02]
GNN flow training:  91%|█████████ | 91/100 [09:25<00:55,  6.16s/epoch, best=1.020e+02, sign=0.152, train=1.021e+02, val=1.011e+02]
GNN flow training:  92%|█████████▏| 92/100 [09:25<00:49,  6.17s/epoch, best=1.020e+02, sign=0.152, train=1.021e+02, val=1.011e+02]
GNN flow training:  92%|█████████▏| 92/100 [09:31<00:49,  6.17s/epoch, best=1.011e+02, sign=0.148, train=1.012e+02, val=1.006e+02]
GNN flow training:  93%|█████████▎| 93/100 [09:31<00:43,  6.16s/epoch, best=1.011e+02, sign=0.148, train=1.012e+02, val=1.006e+02]
GNN flow training:  93%|█████████▎| 93/100 [09:37<00:43,  6.16s/epoch, best=1.006e+02, sign=0.147, train=1.007e+02, val=9.954e+01]
GNN flow training:  94%|█████████▍| 94/100 [09:37<00:36,  6.15s/epoch, best=1.006e+02, sign=0.147, train=1.007e+02, val=9.954e+01]
GNN flow training:  94%|█████████▍| 94/100 [09:44<00:36,  6.15s/epoch, best=9.954e+01, sign=0.145, train=9.961e+01, val=9.897e+01]
GNN flow training:  95%|█████████▌| 95/100 [09:44<00:30,  6.15s/epoch, best=9.954e+01, sign=0.145, train=9.961e+01, val=9.897e+01]
GNN flow training:  95%|█████████▌| 95/100 [09:50<00:30,  6.15s/epoch, best=9.897e+01, sign=0.144, train=9.902e+01, val=9.913e+01]
GNN flow training:  96%|█████████▌| 96/100 [09:50<00:24,  6.16s/epoch, best=9.897e+01, sign=0.144, train=9.902e+01, val=9.913e+01]
GNN flow training:  96%|█████████▌| 96/100 [09:56<00:24,  6.16s/epoch, best=9.897e+01, sign=0.144, train=9.918e+01, val=9.921e+01]
GNN flow training:  97%|█████████▋| 97/100 [09:56<00:18,  6.14s/epoch, best=9.897e+01, sign=0.144, train=9.918e+01, val=9.921e+01]
GNN flow training:  97%|█████████▋| 97/100 [10:02<00:18,  6.14s/epoch, best=9.897e+01, sign=0.143, train=9.926e+01, val=9.960e+01]
GNN flow training:  98%|█████████▊| 98/100 [10:02<00:12,  6.15s/epoch, best=9.897e+01, sign=0.143, train=9.926e+01, val=9.960e+01]
GNN flow training:  98%|█████████▊| 98/100 [10:08<00:12,  6.15s/epoch, best=9.897e+01, sign=0.142, train=9.965e+01, val=9.945e+01]
GNN flow training:  99%|█████████▉| 99/100 [10:08<00:06,  6.14s/epoch, best=9.897e+01, sign=0.142, train=9.965e+01, val=9.945e+01]
GNN flow training:  99%|█████████▉| 99/100 [10:14<00:06,  6.14s/epoch, best=9.897e+01, sign=0.142, train=9.949e+01, val=9.897e+01]
GNN flow training: 100%|██████████| 100/100 [10:14<00:00,  6.13s/epoch, best=9.897e+01, sign=0.142, train=9.949e+01, val=9.897e+01]
GNN flow training: 100%|██████████| 100/100 [10:14<00:00,  6.15s/epoch, best=9.897e+01, sign=0.142, train=9.949e+01, val=9.897e+01]
Resolved config snapshot:
{'preset': 'solver_QKB_outer_QKBdelta', 'gnn_outer_losses': {'flow': 10.0, 'kirchhoff': 10.0, 'boundary': 100.0, 'delta_l2': 1.0, 'delta_smooth': 0.0, 'pressure_shape': 0.0}, 'physics': {'arterial_flow_mode': 'dataset', 'pressure_constraints': ['equal-a-equal-v'], 'alpha_pa': None, 'use_snr_weights': True, 'use_observed_flow_snr_weighting': True, 'flow_scale_mode': 'median_abs', 'solver_device': 'same', 'pressure_solver_mode': 'reduced-soft-constrained-lstsq', 'pressure_solver_lambda_kirchhoff': 1.0, 'pressure_solver_lambda_pressure_constraints': 100.0, 'pressure_solver_lambda_flow_residual': 1.0, 'pressure_shape_reference': 'delta_zero_reference', 'pressure_detach': False}, 'correction_bounds': {'correction_min': -0.5, 'correction_max': 0.5, 'correction_bound': 0.5, 'correction_parameterization': 'tanh'}, 'optimization': {'learning_rate': 0.001, 'weight_decay': 0.0001, 'gradient_clip_norm': 5.0, 'optimizer': 'adamw', 'epochs': 100, 'patience': 40}}
Shard 42/80: 1 of 80 runs
Command: /mnt/home/sswee/miniforge3/envs/yolk-sac/bin/python /mnt/home/sswee/yolk/Yolk-Sac-Flow-Data-and-Sim/gnn_clean/scripts/python/gnn_flow.py /mnt/home/sswee/yolk/Yolk-Sac-Flow-Data-and-Sim/gnn_clean/datasets/mosaic_graph_canonical_harmonized/mosaic_graph_canonical_harmonized.gpickle --output-dir /mnt/home/sswee/yolk/Yolk-Sac-Flow-Data-and-Sim/gnn_clean/outputs_canonical/dc/02_physics_weight_sweep/gnn --run-name q_10__k_10__delta_1 --preset solver_QKB_outer_QKBdelta --device cuda --epochs 100 --seed 0 --viscosity-pa-s 0.0035 --config /mnt/home/sswee/yolk/Yolk-Sac-Flow-Data-and-Sim/gnn_clean/outputs_canonical/dc/02_physics_weight_sweep/_generated_configs/q_10__k_10__delta_1.yaml --no-pressure-detach
