
GNN flow training:   0%|          | 0/100 [00:00<?, ?epoch/s]
GNN flow training:   0%|          | 0/100 [00:04<?, ?epoch/s, best=1.399e+03, sign=0.290, train=1.398e+03, val=1.399e+03]
GNN flow training:   1%|          | 1/100 [00:04<07:40,  4.65s/epoch, best=1.399e+03, sign=0.290, train=1.398e+03, val=1.399e+03]
GNN flow training:   1%|          | 1/100 [00:09<07:40,  4.65s/epoch, best=1.399e+03, sign=0.289, train=1.399e+03, val=1.398e+03]
GNN flow training:   2%|▏         | 2/100 [00:09<07:25,  4.54s/epoch, best=1.399e+03, sign=0.289, train=1.399e+03, val=1.398e+03]
GNN flow training:   2%|▏         | 2/100 [00:13<07:25,  4.54s/epoch, best=1.398e+03, sign=0.288, train=1.398e+03, val=1.399e+03]
GNN flow training:   3%|▎         | 3/100 [00:13<07:19,  4.53s/epoch, best=1.398e+03, sign=0.288, train=1.398e+03, val=1.399e+03]
GNN flow training:   3%|▎         | 3/100 [00:18<07:19,  4.53s/epoch, best=1.398e+03, sign=0.286, train=1.399e+03, val=1.397e+03]
GNN flow training:   4%|▍         | 4/100 [00:18<07:13,  4.52s/epoch, best=1.398e+03, sign=0.286, train=1.399e+03, val=1.397e+03]
GNN flow training:   4%|▍         | 4/100 [00:22<07:13,  4.52s/epoch, best=1.397e+03, sign=0.286, train=1.397e+03, val=1.391e+03]
GNN flow training:   5%|▌         | 5/100 [00:22<07:08,  4.51s/epoch, best=1.397e+03, sign=0.286, train=1.397e+03, val=1.391e+03]
GNN flow training:   5%|▌         | 5/100 [00:27<07:08,  4.51s/epoch, best=1.391e+03, sign=0.286, train=1.391e+03, val=1.388e+03]
GNN flow training:   6%|▌         | 6/100 [00:27<07:02,  4.50s/epoch, best=1.391e+03, sign=0.286, train=1.391e+03, val=1.388e+03]
GNN flow training:   6%|▌         | 6/100 [00:31<07:02,  4.50s/epoch, best=1.388e+03, sign=0.285, train=1.388e+03, val=1.385e+03]
GNN flow training:   7%|▋         | 7/100 [00:31<06:57,  4.49s/epoch, best=1.388e+03, sign=0.285, train=1.388e+03, val=1.385e+03]
GNN flow training:   7%|▋         | 7/100 [00:36<06:57,  4.49s/epoch, best=1.385e+03, sign=0.285, train=1.385e+03, val=1.387e+03]
GNN flow training:   8%|▊         | 8/100 [00:36<06:54,  4.50s/epoch, best=1.385e+03, sign=0.285, train=1.385e+03, val=1.387e+03]
GNN flow training:   8%|▊         | 8/100 [00:40<06:54,  4.50s/epoch, best=1.385e+03, sign=0.285, train=1.387e+03, val=1.384e+03]
GNN flow training:   9%|▉         | 9/100 [00:40<06:48,  4.49s/epoch, best=1.385e+03, sign=0.285, train=1.387e+03, val=1.384e+03]
GNN flow training:   9%|▉         | 9/100 [00:45<06:48,  4.49s/epoch, best=1.384e+03, sign=0.284, train=1.384e+03, val=1.376e+03]
GNN flow training:  10%|█         | 10/100 [00:45<06:44,  4.50s/epoch, best=1.384e+03, sign=0.284, train=1.384e+03, val=1.376e+03]
GNN flow training:  10%|█         | 10/100 [00:49<06:44,  4.50s/epoch, best=1.376e+03, sign=0.282, train=1.376e+03, val=1.374e+03]
GNN flow training:  11%|█         | 11/100 [00:49<06:41,  4.51s/epoch, best=1.376e+03, sign=0.282, train=1.376e+03, val=1.374e+03]
GNN flow training:  11%|█         | 11/100 [00:54<06:41,  4.51s/epoch, best=1.374e+03, sign=0.279, train=1.374e+03, val=1.371e+03]
GNN flow training:  12%|█▏        | 12/100 [00:54<06:35,  4.49s/epoch, best=1.374e+03, sign=0.279, train=1.374e+03, val=1.371e+03]
GNN flow training:  12%|█▏        | 12/100 [00:58<06:35,  4.49s/epoch, best=1.371e+03, sign=0.277, train=1.371e+03, val=1.364e+03]
GNN flow training:  13%|█▎        | 13/100 [00:58<06:31,  4.50s/epoch, best=1.371e+03, sign=0.277, train=1.371e+03, val=1.364e+03]
GNN flow training:  13%|█▎        | 13/100 [01:03<06:31,  4.50s/epoch, best=1.364e+03, sign=0.276, train=1.364e+03, val=1.359e+03]
GNN flow training:  14%|█▍        | 14/100 [01:03<06:25,  4.49s/epoch, best=1.364e+03, sign=0.276, train=1.364e+03, val=1.359e+03]
GNN flow training:  14%|█▍        | 14/100 [01:07<06:25,  4.49s/epoch, best=1.359e+03, sign=0.274, train=1.359e+03, val=1.355e+03]
GNN flow training:  15%|█▌        | 15/100 [01:07<06:22,  4.50s/epoch, best=1.359e+03, sign=0.274, train=1.359e+03, val=1.355e+03]
GNN flow training:  15%|█▌        | 15/100 [01:12<06:22,  4.50s/epoch, best=1.355e+03, sign=0.272, train=1.355e+03, val=1.349e+03]
GNN flow training:  16%|█▌        | 16/100 [01:12<06:17,  4.50s/epoch, best=1.355e+03, sign=0.272, train=1.355e+03, val=1.349e+03]
GNN flow training:  16%|█▌        | 16/100 [01:16<06:17,  4.50s/epoch, best=1.349e+03, sign=0.271, train=1.349e+03, val=1.345e+03]
GNN flow training:  17%|█▋        | 17/100 [01:16<06:13,  4.50s/epoch, best=1.349e+03, sign=0.271, train=1.349e+03, val=1.345e+03]
GNN flow training:  17%|█▋        | 17/100 [01:21<06:13,  4.50s/epoch, best=1.345e+03, sign=0.269, train=1.345e+03, val=1.338e+03]
GNN flow training:  18%|█▊        | 18/100 [01:21<06:08,  4.50s/epoch, best=1.345e+03, sign=0.269, train=1.345e+03, val=1.338e+03]
GNN flow training:  18%|█▊        | 18/100 [01:25<06:08,  4.50s/epoch, best=1.338e+03, sign=0.266, train=1.338e+03, val=1.333e+03]
GNN flow training:  19%|█▉        | 19/100 [01:25<06:03,  4.49s/epoch, best=1.338e+03, sign=0.266, train=1.338e+03, val=1.333e+03]
GNN flow training:  19%|█▉        | 19/100 [01:30<06:03,  4.49s/epoch, best=1.333e+03, sign=0.263, train=1.333e+03, val=1.328e+03]
GNN flow training:  20%|██        | 20/100 [01:30<05:58,  4.49s/epoch, best=1.333e+03, sign=0.263, train=1.333e+03, val=1.328e+03]
GNN flow training:  20%|██        | 20/100 [01:34<05:58,  4.49s/epoch, best=1.328e+03, sign=0.260, train=1.328e+03, val=1.323e+03]
GNN flow training:  21%|██        | 21/100 [01:34<05:54,  4.49s/epoch, best=1.328e+03, sign=0.260, train=1.328e+03, val=1.323e+03]
GNN flow training:  21%|██        | 21/100 [01:38<05:54,  4.49s/epoch, best=1.323e+03, sign=0.259, train=1.323e+03, val=1.317e+03]
GNN flow training:  22%|██▏       | 22/100 [01:38<05:49,  4.48s/epoch, best=1.323e+03, sign=0.259, train=1.323e+03, val=1.317e+03]
GNN flow training:  22%|██▏       | 22/100 [01:43<05:49,  4.48s/epoch, best=1.317e+03, sign=0.256, train=1.317e+03, val=1.312e+03]
GNN flow training:  23%|██▎       | 23/100 [01:43<05:45,  4.49s/epoch, best=1.317e+03, sign=0.256, train=1.317e+03, val=1.312e+03]
GNN flow training:  23%|██▎       | 23/100 [01:47<05:45,  4.49s/epoch, best=1.312e+03, sign=0.254, train=1.312e+03, val=1.304e+03]
GNN flow training:  24%|██▍       | 24/100 [01:47<05:41,  4.50s/epoch, best=1.312e+03, sign=0.254, train=1.312e+03, val=1.304e+03]
GNN flow training:  24%|██▍       | 24/100 [01:52<05:41,  4.50s/epoch, best=1.304e+03, sign=0.251, train=1.304e+03, val=1.297e+03]
GNN flow training:  25%|██▌       | 25/100 [01:52<05:38,  4.51s/epoch, best=1.304e+03, sign=0.251, train=1.304e+03, val=1.297e+03]
GNN flow training:  25%|██▌       | 25/100 [01:57<05:38,  4.51s/epoch, best=1.297e+03, sign=0.249, train=1.297e+03, val=1.288e+03]
GNN flow training:  26%|██▌       | 26/100 [01:57<05:33,  4.50s/epoch, best=1.297e+03, sign=0.249, train=1.297e+03, val=1.288e+03]
GNN flow training:  26%|██▌       | 26/100 [02:01<05:33,  4.50s/epoch, best=1.288e+03, sign=0.246, train=1.288e+03, val=1.278e+03]
GNN flow training:  27%|██▋       | 27/100 [02:01<05:28,  4.49s/epoch, best=1.288e+03, sign=0.246, train=1.288e+03, val=1.278e+03]
GNN flow training:  27%|██▋       | 27/100 [02:05<05:28,  4.49s/epoch, best=1.278e+03, sign=0.239, train=1.278e+03, val=1.270e+03]
GNN flow training:  28%|██▊       | 28/100 [02:05<05:22,  4.49s/epoch, best=1.278e+03, sign=0.239, train=1.278e+03, val=1.270e+03]
GNN flow training:  28%|██▊       | 28/100 [02:10<05:22,  4.49s/epoch, best=1.270e+03, sign=0.232, train=1.270e+03, val=1.262e+03]
GNN flow training:  29%|██▉       | 29/100 [02:10<05:18,  4.49s/epoch, best=1.270e+03, sign=0.232, train=1.270e+03, val=1.262e+03]
GNN flow training:  29%|██▉       | 29/100 [02:14<05:18,  4.49s/epoch, best=1.262e+03, sign=0.228, train=1.262e+03, val=1.250e+03]
GNN flow training:  30%|███       | 30/100 [02:14<05:14,  4.49s/epoch, best=1.262e+03, sign=0.228, train=1.262e+03, val=1.250e+03]
GNN flow training:  30%|███       | 30/100 [02:19<05:14,  4.49s/epoch, best=1.250e+03, sign=0.222, train=1.250e+03, val=1.241e+03]
GNN flow training:  31%|███       | 31/100 [02:19<05:10,  4.50s/epoch, best=1.250e+03, sign=0.222, train=1.250e+03, val=1.241e+03]
GNN flow training:  31%|███       | 31/100 [02:23<05:10,  4.50s/epoch, best=1.241e+03, sign=0.215, train=1.241e+03, val=1.233e+03]
GNN flow training:  32%|███▏      | 32/100 [02:23<05:05,  4.50s/epoch, best=1.241e+03, sign=0.215, train=1.241e+03, val=1.233e+03]
GNN flow training:  32%|███▏      | 32/100 [02:28<05:05,  4.50s/epoch, best=1.233e+03, sign=0.210, train=1.233e+03, val=1.227e+03]
GNN flow training:  33%|███▎      | 33/100 [02:28<05:01,  4.50s/epoch, best=1.233e+03, sign=0.210, train=1.233e+03, val=1.227e+03]
GNN flow training:  33%|███▎      | 33/100 [02:32<05:01,  4.50s/epoch, best=1.227e+03, sign=0.204, train=1.227e+03, val=1.219e+03]
GNN flow training:  34%|███▍      | 34/100 [02:32<04:57,  4.50s/epoch, best=1.227e+03, sign=0.204, train=1.227e+03, val=1.219e+03]
GNN flow training:  34%|███▍      | 34/100 [02:37<04:57,  4.50s/epoch, best=1.219e+03, sign=0.199, train=1.219e+03, val=1.216e+03]
GNN flow training:  35%|███▌      | 35/100 [02:37<04:52,  4.50s/epoch, best=1.219e+03, sign=0.199, train=1.219e+03, val=1.216e+03]
GNN flow training:  35%|███▌      | 35/100 [02:41<04:52,  4.50s/epoch, best=1.216e+03, sign=0.193, train=1.216e+03, val=1.211e+03]
GNN flow training:  36%|███▌      | 36/100 [02:41<04:47,  4.50s/epoch, best=1.216e+03, sign=0.193, train=1.216e+03, val=1.211e+03]
GNN flow training:  36%|███▌      | 36/100 [02:46<04:47,  4.50s/epoch, best=1.211e+03, sign=0.188, train=1.211e+03, val=1.209e+03]
GNN flow training:  37%|███▋      | 37/100 [02:46<04:44,  4.51s/epoch, best=1.211e+03, sign=0.188, train=1.211e+03, val=1.209e+03]
GNN flow training:  37%|███▋      | 37/100 [02:51<04:44,  4.51s/epoch, best=1.209e+03, sign=0.186, train=1.209e+03, val=1.201e+03]
GNN flow training:  38%|███▊      | 38/100 [02:51<04:40,  4.52s/epoch, best=1.209e+03, sign=0.186, train=1.209e+03, val=1.201e+03]
GNN flow training:  38%|███▊      | 38/100 [02:55<04:40,  4.52s/epoch, best=1.201e+03, sign=0.182, train=1.201e+03, val=1.193e+03]
GNN flow training:  39%|███▉      | 39/100 [02:55<04:35,  4.51s/epoch, best=1.201e+03, sign=0.182, train=1.201e+03, val=1.193e+03]
GNN flow training:  39%|███▉      | 39/100 [03:00<04:35,  4.51s/epoch, best=1.193e+03, sign=0.180, train=1.193e+03, val=1.190e+03]
GNN flow training:  40%|████      | 40/100 [03:00<04:30,  4.51s/epoch, best=1.193e+03, sign=0.180, train=1.193e+03, val=1.190e+03]
GNN flow training:  40%|████      | 40/100 [03:04<04:30,  4.51s/epoch, best=1.190e+03, sign=0.179, train=1.190e+03, val=1.186e+03]
GNN flow training:  41%|████      | 41/100 [03:04<04:25,  4.51s/epoch, best=1.190e+03, sign=0.179, train=1.190e+03, val=1.186e+03]
GNN flow training:  41%|████      | 41/100 [03:09<04:25,  4.51s/epoch, best=1.186e+03, sign=0.178, train=1.186e+03, val=1.185e+03]
GNN flow training:  42%|████▏     | 42/100 [03:09<04:20,  4.50s/epoch, best=1.186e+03, sign=0.178, train=1.186e+03, val=1.185e+03]
GNN flow training:  42%|████▏     | 42/100 [03:13<04:20,  4.50s/epoch, best=1.185e+03, sign=0.177, train=1.185e+03, val=1.186e+03]
GNN flow training:  43%|████▎     | 43/100 [03:13<04:17,  4.52s/epoch, best=1.185e+03, sign=0.177, train=1.185e+03, val=1.186e+03]
GNN flow training:  43%|████▎     | 43/100 [03:18<04:17,  4.52s/epoch, best=1.185e+03, sign=0.176, train=1.186e+03, val=1.183e+03]
GNN flow training:  44%|████▍     | 44/100 [03:18<04:12,  4.51s/epoch, best=1.185e+03, sign=0.176, train=1.186e+03, val=1.183e+03]
GNN flow training:  44%|████▍     | 44/100 [03:22<04:12,  4.51s/epoch, best=1.183e+03, sign=0.176, train=1.183e+03, val=1.182e+03]
GNN flow training:  45%|████▌     | 45/100 [03:22<04:07,  4.50s/epoch, best=1.183e+03, sign=0.176, train=1.183e+03, val=1.182e+03]
GNN flow training:  45%|████▌     | 45/100 [03:27<04:07,  4.50s/epoch, best=1.182e+03, sign=0.176, train=1.182e+03, val=1.179e+03]
GNN flow training:  46%|████▌     | 46/100 [03:27<04:02,  4.50s/epoch, best=1.182e+03, sign=0.176, train=1.182e+03, val=1.179e+03]
GNN flow training:  46%|████▌     | 46/100 [03:31<04:02,  4.50s/epoch, best=1.179e+03, sign=0.176, train=1.179e+03, val=1.178e+03]
GNN flow training:  47%|████▋     | 47/100 [03:31<03:58,  4.50s/epoch, best=1.179e+03, sign=0.176, train=1.179e+03, val=1.178e+03]
GNN flow training:  47%|████▋     | 47/100 [03:36<03:58,  4.50s/epoch, best=1.178e+03, sign=0.176, train=1.178e+03, val=1.176e+03]
GNN flow training:  48%|████▊     | 48/100 [03:36<03:53,  4.49s/epoch, best=1.178e+03, sign=0.176, train=1.178e+03, val=1.176e+03]
GNN flow training:  48%|████▊     | 48/100 [03:40<03:53,  4.49s/epoch, best=1.176e+03, sign=0.176, train=1.176e+03, val=1.178e+03]
GNN flow training:  49%|████▉     | 49/100 [03:40<03:50,  4.52s/epoch, best=1.176e+03, sign=0.176, train=1.176e+03, val=1.178e+03]
GNN flow training:  49%|████▉     | 49/100 [03:45<03:50,  4.52s/epoch, best=1.176e+03, sign=0.176, train=1.178e+03, val=1.177e+03]
GNN flow training:  50%|█████     | 50/100 [03:45<03:45,  4.51s/epoch, best=1.176e+03, sign=0.176, train=1.178e+03, val=1.177e+03]
GNN flow training:  50%|█████     | 50/100 [03:49<03:45,  4.51s/epoch, best=1.176e+03, sign=0.176, train=1.177e+03, val=1.177e+03]
GNN flow training:  51%|█████     | 51/100 [03:49<03:40,  4.51s/epoch, best=1.176e+03, sign=0.176, train=1.177e+03, val=1.177e+03]
GNN flow training:  51%|█████     | 51/100 [03:54<03:40,  4.51s/epoch, best=1.176e+03, sign=0.165, train=1.177e+03, val=1.149e+03]
GNN flow training:  52%|█████▏    | 52/100 [03:54<03:35,  4.50s/epoch, best=1.176e+03, sign=0.165, train=1.177e+03, val=1.149e+03]
GNN flow training:  52%|█████▏    | 52/100 [03:58<03:35,  4.50s/epoch, best=1.149e+03, sign=0.177, train=1.149e+03, val=1.253e+03]
GNN flow training:  53%|█████▎    | 53/100 [03:58<03:32,  4.52s/epoch, best=1.149e+03, sign=0.177, train=1.149e+03, val=1.253e+03]
GNN flow training:  53%|█████▎    | 53/100 [04:03<03:32,  4.52s/epoch, best=1.149e+03, sign=0.181, train=1.253e+03, val=1.255e+03]
GNN flow training:  54%|█████▍    | 54/100 [04:03<03:26,  4.50s/epoch, best=1.149e+03, sign=0.181, train=1.253e+03, val=1.255e+03]
GNN flow training:  54%|█████▍    | 54/100 [04:07<03:26,  4.50s/epoch, best=1.149e+03, sign=0.174, train=1.255e+03, val=1.256e+03]
GNN flow training:  55%|█████▌    | 55/100 [04:07<03:21,  4.48s/epoch, best=1.149e+03, sign=0.174, train=1.255e+03, val=1.256e+03]
GNN flow training:  55%|█████▌    | 55/100 [04:12<03:21,  4.48s/epoch, best=1.149e+03, sign=0.178, train=1.256e+03, val=1.219e+03]
GNN flow training:  56%|█████▌    | 56/100 [04:12<03:16,  4.47s/epoch, best=1.149e+03, sign=0.178, train=1.256e+03, val=1.219e+03]
GNN flow training:  56%|█████▌    | 56/100 [04:16<03:16,  4.47s/epoch, best=1.149e+03, sign=0.170, train=1.219e+03, val=1.138e+03]
GNN flow training:  57%|█████▋    | 57/100 [04:16<03:12,  4.49s/epoch, best=1.149e+03, sign=0.170, train=1.219e+03, val=1.138e+03]
GNN flow training:  57%|█████▋    | 57/100 [04:20<03:12,  4.49s/epoch, best=1.138e+03, sign=0.163, train=1.138e+03, val=1.111e+03]
GNN flow training:  58%|█████▊    | 58/100 [04:20<03:08,  4.48s/epoch, best=1.138e+03, sign=0.163, train=1.138e+03, val=1.111e+03]
GNN flow training:  58%|█████▊    | 58/100 [04:25<03:08,  4.48s/epoch, best=1.111e+03, sign=0.164, train=1.111e+03, val=1.117e+03]
GNN flow training:  59%|█████▉    | 59/100 [04:25<03:04,  4.51s/epoch, best=1.111e+03, sign=0.164, train=1.111e+03, val=1.117e+03]
GNN flow training:  59%|█████▉    | 59/100 [04:30<03:04,  4.51s/epoch, best=1.111e+03, sign=0.163, train=1.117e+03, val=1.108e+03]
GNN flow training:  60%|██████    | 60/100 [04:30<03:00,  4.51s/epoch, best=1.111e+03, sign=0.163, train=1.117e+03, val=1.108e+03]
GNN flow training:  60%|██████    | 60/100 [04:34<03:00,  4.51s/epoch, best=1.108e+03, sign=0.172, train=1.108e+03, val=1.121e+03]
GNN flow training:  61%|██████    | 61/100 [04:34<02:55,  4.50s/epoch, best=1.108e+03, sign=0.172, train=1.108e+03, val=1.121e+03]
GNN flow training:  61%|██████    | 61/100 [04:39<02:55,  4.50s/epoch, best=1.108e+03, sign=0.183, train=1.121e+03, val=1.119e+03]
GNN flow training:  62%|██████▏   | 62/100 [04:39<02:50,  4.49s/epoch, best=1.108e+03, sign=0.183, train=1.121e+03, val=1.119e+03]
GNN flow training:  62%|██████▏   | 62/100 [04:43<02:50,  4.49s/epoch, best=1.108e+03, sign=0.183, train=1.119e+03, val=1.129e+03]
GNN flow training:  63%|██████▎   | 63/100 [04:43<02:45,  4.48s/epoch, best=1.108e+03, sign=0.183, train=1.119e+03, val=1.129e+03]
GNN flow training:  63%|██████▎   | 63/100 [04:47<02:45,  4.48s/epoch, best=1.108e+03, sign=0.184, train=1.129e+03, val=1.136e+03]
GNN flow training:  64%|██████▍   | 64/100 [04:47<02:41,  4.47s/epoch, best=1.108e+03, sign=0.184, train=1.129e+03, val=1.136e+03]
GNN flow training:  64%|██████▍   | 64/100 [04:52<02:41,  4.47s/epoch, best=1.108e+03, sign=0.182, train=1.136e+03, val=1.126e+03]
GNN flow training:  65%|██████▌   | 65/100 [04:52<02:36,  4.47s/epoch, best=1.108e+03, sign=0.182, train=1.136e+03, val=1.126e+03]
GNN flow training:  65%|██████▌   | 65/100 [04:56<02:36,  4.47s/epoch, best=1.108e+03, sign=0.179, train=1.126e+03, val=1.127e+03]
GNN flow training:  66%|██████▌   | 66/100 [04:56<02:31,  4.46s/epoch, best=1.108e+03, sign=0.179, train=1.126e+03, val=1.127e+03]
GNN flow training:  66%|██████▌   | 66/100 [05:01<02:31,  4.46s/epoch, best=1.108e+03, sign=0.180, train=1.127e+03, val=1.120e+03]
GNN flow training:  67%|██████▋   | 67/100 [05:01<02:27,  4.46s/epoch, best=1.108e+03, sign=0.180, train=1.127e+03, val=1.120e+03]
GNN flow training:  67%|██████▋   | 67/100 [05:05<02:27,  4.46s/epoch, best=1.108e+03, sign=0.180, train=1.120e+03, val=1.107e+03]
GNN flow training:  68%|██████▊   | 68/100 [05:05<02:22,  4.45s/epoch, best=1.108e+03, sign=0.180, train=1.120e+03, val=1.107e+03]
GNN flow training:  68%|██████▊   | 68/100 [05:10<02:22,  4.45s/epoch, best=1.107e+03, sign=0.181, train=1.107e+03, val=1.127e+03]
GNN flow training:  69%|██████▉   | 69/100 [05:10<02:17,  4.45s/epoch, best=1.107e+03, sign=0.181, train=1.107e+03, val=1.127e+03]
GNN flow training:  69%|██████▉   | 69/100 [05:14<02:17,  4.45s/epoch, best=1.107e+03, sign=0.184, train=1.127e+03, val=1.134e+03]
GNN flow training:  70%|███████   | 70/100 [05:14<02:12,  4.43s/epoch, best=1.107e+03, sign=0.184, train=1.127e+03, val=1.134e+03]
GNN flow training:  70%|███████   | 70/100 [05:18<02:12,  4.43s/epoch, best=1.107e+03, sign=0.187, train=1.134e+03, val=1.126e+03]
GNN flow training:  71%|███████   | 71/100 [05:18<02:07,  4.41s/epoch, best=1.107e+03, sign=0.187, train=1.134e+03, val=1.126e+03]
GNN flow training:  71%|███████   | 71/100 [05:23<02:07,  4.41s/epoch, best=1.107e+03, sign=0.186, train=1.126e+03, val=1.101e+03]
GNN flow training:  72%|███████▏  | 72/100 [05:23<02:03,  4.42s/epoch, best=1.107e+03, sign=0.186, train=1.126e+03, val=1.101e+03]
GNN flow training:  72%|███████▏  | 72/100 [05:27<02:03,  4.42s/epoch, best=1.101e+03, sign=0.185, train=1.101e+03, val=1.086e+03]
GNN flow training:  73%|███████▎  | 73/100 [05:27<01:59,  4.42s/epoch, best=1.101e+03, sign=0.185, train=1.101e+03, val=1.086e+03]
GNN flow training:  73%|███████▎  | 73/100 [05:32<01:59,  4.42s/epoch, best=1.086e+03, sign=0.186, train=1.086e+03, val=1.086e+03]
GNN flow training:  74%|███████▍  | 74/100 [05:32<01:55,  4.43s/epoch, best=1.086e+03, sign=0.186, train=1.086e+03, val=1.086e+03]
GNN flow training:  74%|███████▍  | 74/100 [05:36<01:55,  4.43s/epoch, best=1.086e+03, sign=0.191, train=1.086e+03, val=1.086e+03]
GNN flow training:  75%|███████▌  | 75/100 [05:36<01:50,  4.44s/epoch, best=1.086e+03, sign=0.191, train=1.086e+03, val=1.086e+03]
GNN flow training:  75%|███████▌  | 75/100 [05:41<01:50,  4.44s/epoch, best=1.086e+03, sign=0.192, train=1.086e+03, val=1.087e+03]
GNN flow training:  76%|███████▌  | 76/100 [05:41<01:46,  4.44s/epoch, best=1.086e+03, sign=0.192, train=1.086e+03, val=1.087e+03]
GNN flow training:  76%|███████▌  | 76/100 [05:45<01:46,  4.44s/epoch, best=1.086e+03, sign=0.191, train=1.087e+03, val=1.101e+03]
GNN flow training:  77%|███████▋  | 77/100 [05:45<01:42,  4.45s/epoch, best=1.086e+03, sign=0.191, train=1.087e+03, val=1.101e+03]
GNN flow training:  77%|███████▋  | 77/100 [05:49<01:42,  4.45s/epoch, best=1.086e+03, sign=0.195, train=1.101e+03, val=1.115e+03]
GNN flow training:  78%|███████▊  | 78/100 [05:49<01:37,  4.43s/epoch, best=1.086e+03, sign=0.195, train=1.101e+03, val=1.115e+03]
GNN flow training:  78%|███████▊  | 78/100 [05:54<01:37,  4.43s/epoch, best=1.086e+03, sign=0.195, train=1.115e+03, val=1.110e+03]
GNN flow training:  79%|███████▉  | 79/100 [05:54<01:33,  4.44s/epoch, best=1.086e+03, sign=0.195, train=1.115e+03, val=1.110e+03]
GNN flow training:  79%|███████▉  | 79/100 [05:58<01:33,  4.44s/epoch, best=1.086e+03, sign=0.195, train=1.110e+03, val=1.100e+03]
GNN flow training:  80%|████████  | 80/100 [05:58<01:28,  4.44s/epoch, best=1.086e+03, sign=0.195, train=1.110e+03, val=1.100e+03]
GNN flow training:  80%|████████  | 80/100 [06:03<01:28,  4.44s/epoch, best=1.086e+03, sign=0.195, train=1.100e+03, val=1.080e+03]
GNN flow training:  81%|████████  | 81/100 [06:03<01:24,  4.44s/epoch, best=1.086e+03, sign=0.195, train=1.100e+03, val=1.080e+03]
GNN flow training:  81%|████████  | 81/100 [06:07<01:24,  4.44s/epoch, best=1.080e+03, sign=0.191, train=1.080e+03, val=1.063e+03]
GNN flow training:  82%|████████▏ | 82/100 [06:07<01:20,  4.45s/epoch, best=1.080e+03, sign=0.191, train=1.080e+03, val=1.063e+03]
GNN flow training:  82%|████████▏ | 82/100 [06:12<01:20,  4.45s/epoch, best=1.063e+03, sign=0.191, train=1.063e+03, val=1.059e+03]
GNN flow training:  83%|████████▎ | 83/100 [06:12<01:15,  4.44s/epoch, best=1.063e+03, sign=0.191, train=1.063e+03, val=1.059e+03]
GNN flow training:  83%|████████▎ | 83/100 [06:16<01:15,  4.44s/epoch, best=1.059e+03, sign=0.189, train=1.059e+03, val=1.051e+03]
GNN flow training:  84%|████████▍ | 84/100 [06:16<01:11,  4.45s/epoch, best=1.059e+03, sign=0.189, train=1.059e+03, val=1.051e+03]
GNN flow training:  84%|████████▍ | 84/100 [06:21<01:11,  4.45s/epoch, best=1.051e+03, sign=0.186, train=1.051e+03, val=1.049e+03]
GNN flow training:  85%|████████▌ | 85/100 [06:21<01:06,  4.45s/epoch, best=1.051e+03, sign=0.186, train=1.051e+03, val=1.049e+03]
GNN flow training:  85%|████████▌ | 85/100 [06:25<01:06,  4.45s/epoch, best=1.049e+03, sign=0.185, train=1.049e+03, val=1.057e+03]
GNN flow training:  86%|████████▌ | 86/100 [06:25<01:02,  4.45s/epoch, best=1.049e+03, sign=0.185, train=1.049e+03, val=1.057e+03]
GNN flow training:  86%|████████▌ | 86/100 [06:30<01:02,  4.45s/epoch, best=1.049e+03, sign=0.183, train=1.057e+03, val=1.055e+03]
GNN flow training:  87%|████████▋ | 87/100 [06:30<00:57,  4.45s/epoch, best=1.049e+03, sign=0.183, train=1.057e+03, val=1.055e+03]
GNN flow training:  87%|████████▋ | 87/100 [06:34<00:57,  4.45s/epoch, best=1.049e+03, sign=0.183, train=1.055e+03, val=1.061e+03]
GNN flow training:  88%|████████▊ | 88/100 [06:34<00:53,  4.45s/epoch, best=1.049e+03, sign=0.183, train=1.055e+03, val=1.061e+03]
GNN flow training:  88%|████████▊ | 88/100 [06:38<00:53,  4.45s/epoch, best=1.049e+03, sign=0.184, train=1.061e+03, val=1.058e+03]
GNN flow training:  89%|████████▉ | 89/100 [06:38<00:48,  4.45s/epoch, best=1.049e+03, sign=0.184, train=1.061e+03, val=1.058e+03]
GNN flow training:  89%|████████▉ | 89/100 [06:43<00:48,  4.45s/epoch, best=1.049e+03, sign=0.184, train=1.058e+03, val=1.064e+03]
GNN flow training:  90%|█████████ | 90/100 [06:43<00:44,  4.44s/epoch, best=1.049e+03, sign=0.184, train=1.058e+03, val=1.064e+03]
GNN flow training:  90%|█████████ | 90/100 [06:47<00:44,  4.44s/epoch, best=1.049e+03, sign=0.185, train=1.064e+03, val=1.077e+03]
GNN flow training:  91%|█████████ | 91/100 [06:47<00:40,  4.45s/epoch, best=1.049e+03, sign=0.185, train=1.064e+03, val=1.077e+03]
GNN flow training:  91%|█████████ | 91/100 [06:52<00:40,  4.45s/epoch, best=1.049e+03, sign=0.186, train=1.077e+03, val=1.072e+03]
GNN flow training:  92%|█████████▏| 92/100 [06:52<00:35,  4.45s/epoch, best=1.049e+03, sign=0.186, train=1.077e+03, val=1.072e+03]
GNN flow training:  92%|█████████▏| 92/100 [06:56<00:35,  4.45s/epoch, best=1.049e+03, sign=0.187, train=1.072e+03, val=1.068e+03]
GNN flow training:  93%|█████████▎| 93/100 [06:56<00:31,  4.44s/epoch, best=1.049e+03, sign=0.187, train=1.072e+03, val=1.068e+03]
GNN flow training:  93%|█████████▎| 93/100 [07:01<00:31,  4.44s/epoch, best=1.049e+03, sign=0.186, train=1.068e+03, val=1.058e+03]
GNN flow training:  94%|█████████▍| 94/100 [07:01<00:26,  4.45s/epoch, best=1.049e+03, sign=0.186, train=1.068e+03, val=1.058e+03]
GNN flow training:  94%|█████████▍| 94/100 [07:05<00:26,  4.45s/epoch, best=1.049e+03, sign=0.188, train=1.058e+03, val=1.051e+03]
GNN flow training:  95%|█████████▌| 95/100 [07:05<00:22,  4.45s/epoch, best=1.049e+03, sign=0.188, train=1.058e+03, val=1.051e+03]
GNN flow training:  95%|█████████▌| 95/100 [07:10<00:22,  4.45s/epoch, best=1.049e+03, sign=0.192, train=1.051e+03, val=1.043e+03]
GNN flow training:  96%|█████████▌| 96/100 [07:10<00:17,  4.43s/epoch, best=1.049e+03, sign=0.192, train=1.051e+03, val=1.043e+03]
GNN flow training:  96%|█████████▌| 96/100 [07:14<00:17,  4.43s/epoch, best=1.043e+03, sign=0.196, train=1.043e+03, val=1.040e+03]
GNN flow training:  97%|█████████▋| 97/100 [07:14<00:13,  4.42s/epoch, best=1.043e+03, sign=0.196, train=1.043e+03, val=1.040e+03]
GNN flow training:  97%|█████████▋| 97/100 [07:18<00:13,  4.42s/epoch, best=1.040e+03, sign=0.198, train=1.040e+03, val=1.036e+03]
GNN flow training:  98%|█████████▊| 98/100 [07:18<00:08,  4.42s/epoch, best=1.040e+03, sign=0.198, train=1.040e+03, val=1.036e+03]
GNN flow training:  98%|█████████▊| 98/100 [07:23<00:08,  4.42s/epoch, best=1.036e+03, sign=0.199, train=1.036e+03, val=1.036e+03]
GNN flow training:  99%|█████████▉| 99/100 [07:23<00:04,  4.42s/epoch, best=1.036e+03, sign=0.199, train=1.036e+03, val=1.036e+03]
GNN flow training:  99%|█████████▉| 99/100 [07:27<00:04,  4.42s/epoch, best=1.036e+03, sign=0.204, train=1.036e+03, val=1.038e+03]
GNN flow training: 100%|██████████| 100/100 [07:27<00:00,  4.42s/epoch, best=1.036e+03, sign=0.204, train=1.036e+03, val=1.038e+03]
GNN flow training: 100%|██████████| 100/100 [07:27<00:00,  4.48s/epoch, best=1.036e+03, sign=0.204, train=1.036e+03, val=1.038e+03]

GNN flow training:   0%|          | 0/100 [00:00<?, ?epoch/s]
GNN flow training:   0%|          | 0/100 [00:04<?, ?epoch/s, best=1.522e+01, sign=0.289, train=1.524e+01, val=1.522e+01]
GNN flow training:   1%|          | 1/100 [00:04<07:35,  4.60s/epoch, best=1.522e+01, sign=0.289, train=1.524e+01, val=1.522e+01]
GNN flow training:   1%|          | 1/100 [00:09<07:35,  4.60s/epoch, best=1.522e+01, sign=0.288, train=1.522e+01, val=1.517e+01]
GNN flow training:   2%|▏         | 2/100 [00:09<07:26,  4.56s/epoch, best=1.522e+01, sign=0.288, train=1.522e+01, val=1.517e+01]
GNN flow training:   2%|▏         | 2/100 [00:13<07:26,  4.56s/epoch, best=1.517e+01, sign=0.288, train=1.517e+01, val=1.510e+01]
GNN flow training:   3%|▎         | 3/100 [00:13<07:19,  4.53s/epoch, best=1.517e+01, sign=0.288, train=1.517e+01, val=1.510e+01]
GNN flow training:   3%|▎         | 3/100 [00:18<07:19,  4.53s/epoch, best=1.510e+01, sign=0.287, train=1.510e+01, val=1.504e+01]
GNN flow training:   4%|▍         | 4/100 [00:18<07:13,  4.52s/epoch, best=1.510e+01, sign=0.287, train=1.510e+01, val=1.504e+01]
GNN flow training:   4%|▍         | 4/100 [00:22<07:13,  4.52s/epoch, best=1.504e+01, sign=0.285, train=1.504e+01, val=1.496e+01]
GNN flow training:   5%|▌         | 5/100 [00:22<07:07,  4.50s/epoch, best=1.504e+01, sign=0.285, train=1.504e+01, val=1.496e+01]
GNN flow training:   5%|▌         | 5/100 [00:27<07:07,  4.50s/epoch, best=1.496e+01, sign=0.285, train=1.496e+01, val=1.491e+01]
GNN flow training:   6%|▌         | 6/100 [00:27<07:04,  4.52s/epoch, best=1.496e+01, sign=0.285, train=1.496e+01, val=1.491e+01]
GNN flow training:   6%|▌         | 6/100 [00:31<07:04,  4.52s/epoch, best=1.491e+01, sign=0.283, train=1.491e+01, val=1.484e+01]
GNN flow training:   7%|▋         | 7/100 [00:31<07:00,  4.52s/epoch, best=1.491e+01, sign=0.283, train=1.491e+01, val=1.484e+01]
GNN flow training:   7%|▋         | 7/100 [00:36<07:00,  4.52s/epoch, best=1.484e+01, sign=0.280, train=1.484e+01, val=1.469e+01]
GNN flow training:   8%|▊         | 8/100 [00:36<06:54,  4.50s/epoch, best=1.484e+01, sign=0.280, train=1.484e+01, val=1.469e+01]
GNN flow training:   8%|▊         | 8/100 [00:40<06:54,  4.50s/epoch, best=1.469e+01, sign=0.277, train=1.469e+01, val=1.450e+01]
GNN flow training:   9%|▉         | 9/100 [00:40<06:50,  4.51s/epoch, best=1.469e+01, sign=0.277, train=1.469e+01, val=1.450e+01]
GNN flow training:   9%|▉         | 9/100 [00:45<06:50,  4.51s/epoch, best=1.450e+01, sign=0.274, train=1.450e+01, val=1.435e+01]
GNN flow training:  10%|█         | 10/100 [00:45<06:45,  4.51s/epoch, best=1.450e+01, sign=0.274, train=1.450e+01, val=1.435e+01]
GNN flow training:  10%|█         | 10/100 [00:49<06:45,  4.51s/epoch, best=1.435e+01, sign=0.270, train=1.435e+01, val=1.420e+01]
GNN flow training:  11%|█         | 11/100 [00:49<06:43,  4.53s/epoch, best=1.435e+01, sign=0.270, train=1.435e+01, val=1.420e+01]
GNN flow training:  11%|█         | 11/100 [00:54<06:43,  4.53s/epoch, best=1.420e+01, sign=0.265, train=1.420e+01, val=1.407e+01]
GNN flow training:  12%|█▏        | 12/100 [00:54<06:36,  4.51s/epoch, best=1.420e+01, sign=0.265, train=1.420e+01, val=1.407e+01]
GNN flow training:  12%|█▏        | 12/100 [00:58<06:36,  4.51s/epoch, best=1.407e+01, sign=0.260, train=1.407e+01, val=1.392e+01]
GNN flow training:  13%|█▎        | 13/100 [00:58<06:31,  4.50s/epoch, best=1.407e+01, sign=0.260, train=1.407e+01, val=1.392e+01]
GNN flow training:  13%|█▎        | 13/100 [01:03<06:31,  4.50s/epoch, best=1.392e+01, sign=0.254, train=1.392e+01, val=1.380e+01]
GNN flow training:  14%|█▍        | 14/100 [01:03<06:27,  4.50s/epoch, best=1.392e+01, sign=0.254, train=1.392e+01, val=1.380e+01]
GNN flow training:  14%|█▍        | 14/100 [01:07<06:27,  4.50s/epoch, best=1.380e+01, sign=0.249, train=1.380e+01, val=1.370e+01]
GNN flow training:  15%|█▌        | 15/100 [01:07<06:21,  4.49s/epoch, best=1.380e+01, sign=0.249, train=1.380e+01, val=1.370e+01]
GNN flow training:  15%|█▌        | 15/100 [01:12<06:21,  4.49s/epoch, best=1.370e+01, sign=0.246, train=1.370e+01, val=1.355e+01]
GNN flow training:  16%|█▌        | 16/100 [01:12<06:18,  4.50s/epoch, best=1.370e+01, sign=0.246, train=1.370e+01, val=1.355e+01]
GNN flow training:  16%|█▌        | 16/100 [01:16<06:18,  4.50s/epoch, best=1.355e+01, sign=0.239, train=1.355e+01, val=1.345e+01]
GNN flow training:  17%|█▋        | 17/100 [01:16<06:12,  4.49s/epoch, best=1.355e+01, sign=0.239, train=1.355e+01, val=1.345e+01]
GNN flow training:  17%|█▋        | 17/100 [01:21<06:12,  4.49s/epoch, best=1.345e+01, sign=0.233, train=1.345e+01, val=1.340e+01]
GNN flow training:  18%|█▊        | 18/100 [01:21<06:08,  4.49s/epoch, best=1.345e+01, sign=0.233, train=1.345e+01, val=1.340e+01]
GNN flow training:  18%|█▊        | 18/100 [01:25<06:08,  4.49s/epoch, best=1.340e+01, sign=0.227, train=1.340e+01, val=1.334e+01]
GNN flow training:  19%|█▉        | 19/100 [01:25<06:02,  4.48s/epoch, best=1.340e+01, sign=0.227, train=1.340e+01, val=1.334e+01]
GNN flow training:  19%|█▉        | 19/100 [01:30<06:02,  4.48s/epoch, best=1.334e+01, sign=0.221, train=1.335e+01, val=1.342e+01]
GNN flow training:  20%|██        | 20/100 [01:30<05:57,  4.47s/epoch, best=1.334e+01, sign=0.221, train=1.335e+01, val=1.342e+01]
GNN flow training:  20%|██        | 20/100 [01:34<05:57,  4.47s/epoch, best=1.334e+01, sign=0.216, train=1.342e+01, val=1.342e+01]
GNN flow training:  21%|██        | 21/100 [01:34<05:53,  4.48s/epoch, best=1.334e+01, sign=0.216, train=1.342e+01, val=1.342e+01]
GNN flow training:  21%|██        | 21/100 [01:39<05:53,  4.48s/epoch, best=1.334e+01, sign=0.212, train=1.342e+01, val=1.341e+01]
GNN flow training:  22%|██▏       | 22/100 [01:39<05:49,  4.48s/epoch, best=1.334e+01, sign=0.212, train=1.342e+01, val=1.341e+01]
GNN flow training:  22%|██▏       | 22/100 [01:43<05:49,  4.48s/epoch, best=1.334e+01, sign=0.210, train=1.341e+01, val=1.339e+01]
GNN flow training:  23%|██▎       | 23/100 [01:43<05:47,  4.51s/epoch, best=1.334e+01, sign=0.210, train=1.341e+01, val=1.339e+01]
GNN flow training:  23%|██▎       | 23/100 [01:48<05:47,  4.51s/epoch, best=1.334e+01, sign=0.210, train=1.339e+01, val=1.340e+01]
GNN flow training:  24%|██▍       | 24/100 [01:48<05:42,  4.51s/epoch, best=1.334e+01, sign=0.210, train=1.339e+01, val=1.340e+01]
GNN flow training:  24%|██▍       | 24/100 [01:52<05:42,  4.51s/epoch, best=1.334e+01, sign=0.209, train=1.340e+01, val=1.335e+01]
GNN flow training:  25%|██▌       | 25/100 [01:52<05:38,  4.51s/epoch, best=1.334e+01, sign=0.209, train=1.340e+01, val=1.335e+01]
GNN flow training:  25%|██▌       | 25/100 [01:57<05:38,  4.51s/epoch, best=1.334e+01, sign=0.209, train=1.335e+01, val=1.333e+01]
GNN flow training:  26%|██▌       | 26/100 [01:57<05:32,  4.49s/epoch, best=1.334e+01, sign=0.209, train=1.335e+01, val=1.333e+01]
GNN flow training:  26%|██▌       | 26/100 [02:01<05:32,  4.49s/epoch, best=1.333e+01, sign=0.211, train=1.333e+01, val=1.326e+01]
GNN flow training:  27%|██▋       | 27/100 [02:01<05:28,  4.50s/epoch, best=1.333e+01, sign=0.211, train=1.333e+01, val=1.326e+01]
GNN flow training:  27%|██▋       | 27/100 [02:06<05:28,  4.50s/epoch, best=1.326e+01, sign=0.213, train=1.326e+01, val=1.322e+01]
GNN flow training:  28%|██▊       | 28/100 [02:06<05:23,  4.49s/epoch, best=1.326e+01, sign=0.213, train=1.326e+01, val=1.322e+01]
GNN flow training:  28%|██▊       | 28/100 [02:10<05:23,  4.49s/epoch, best=1.322e+01, sign=0.216, train=1.322e+01, val=1.317e+01]
GNN flow training:  29%|██▉       | 29/100 [02:10<05:19,  4.49s/epoch, best=1.322e+01, sign=0.216, train=1.322e+01, val=1.317e+01]
GNN flow training:  29%|██▉       | 29/100 [02:15<05:19,  4.49s/epoch, best=1.317e+01, sign=0.220, train=1.317e+01, val=1.315e+01]
GNN flow training:  30%|███       | 30/100 [02:15<05:16,  4.51s/epoch, best=1.317e+01, sign=0.220, train=1.317e+01, val=1.315e+01]
GNN flow training:  30%|███       | 30/100 [02:19<05:16,  4.51s/epoch, best=1.315e+01, sign=0.223, train=1.315e+01, val=1.310e+01]
GNN flow training:  31%|███       | 31/100 [02:19<05:10,  4.51s/epoch, best=1.315e+01, sign=0.223, train=1.315e+01, val=1.310e+01]
GNN flow training:  31%|███       | 31/100 [02:24<05:10,  4.51s/epoch, best=1.310e+01, sign=0.225, train=1.310e+01, val=1.307e+01]
GNN flow training:  32%|███▏      | 32/100 [02:24<05:05,  4.50s/epoch, best=1.310e+01, sign=0.225, train=1.310e+01, val=1.307e+01]
GNN flow training:  32%|███▏      | 32/100 [02:28<05:05,  4.50s/epoch, best=1.307e+01, sign=0.226, train=1.307e+01, val=1.306e+01]
GNN flow training:  33%|███▎      | 33/100 [02:28<05:02,  4.51s/epoch, best=1.307e+01, sign=0.226, train=1.307e+01, val=1.306e+01]
GNN flow training:  33%|███▎      | 33/100 [02:33<05:02,  4.51s/epoch, best=1.306e+01, sign=0.226, train=1.306e+01, val=1.302e+01]
GNN flow training:  34%|███▍      | 34/100 [02:33<04:57,  4.51s/epoch, best=1.306e+01, sign=0.226, train=1.306e+01, val=1.302e+01]
GNN flow training:  34%|███▍      | 34/100 [02:37<04:57,  4.51s/epoch, best=1.302e+01, sign=0.226, train=1.302e+01, val=1.303e+01]
GNN flow training:  35%|███▌      | 35/100 [02:37<04:52,  4.50s/epoch, best=1.302e+01, sign=0.226, train=1.302e+01, val=1.303e+01]
GNN flow training:  35%|███▌      | 35/100 [02:42<04:52,  4.50s/epoch, best=1.302e+01, sign=0.226, train=1.304e+01, val=1.301e+01]
GNN flow training:  36%|███▌      | 36/100 [02:42<04:47,  4.49s/epoch, best=1.302e+01, sign=0.226, train=1.304e+01, val=1.301e+01]
GNN flow training:  36%|███▌      | 36/100 [02:46<04:47,  4.49s/epoch, best=1.301e+01, sign=0.225, train=1.301e+01, val=1.305e+01]
GNN flow training:  37%|███▋      | 37/100 [02:46<04:43,  4.49s/epoch, best=1.301e+01, sign=0.225, train=1.301e+01, val=1.305e+01]
GNN flow training:  37%|███▋      | 37/100 [02:51<04:43,  4.49s/epoch, best=1.301e+01, sign=0.224, train=1.305e+01, val=1.304e+01]
GNN flow training:  38%|███▊      | 38/100 [02:51<04:38,  4.49s/epoch, best=1.301e+01, sign=0.224, train=1.305e+01, val=1.304e+01]
GNN flow training:  38%|███▊      | 38/100 [02:55<04:38,  4.49s/epoch, best=1.301e+01, sign=0.223, train=1.304e+01, val=1.301e+01]
GNN flow training:  39%|███▉      | 39/100 [02:55<04:33,  4.49s/epoch, best=1.301e+01, sign=0.223, train=1.304e+01, val=1.301e+01]
GNN flow training:  39%|███▉      | 39/100 [03:00<04:33,  4.49s/epoch, best=1.301e+01, sign=0.223, train=1.301e+01, val=1.299e+01]
GNN flow training:  40%|████      | 40/100 [03:00<04:28,  4.48s/epoch, best=1.301e+01, sign=0.223, train=1.301e+01, val=1.299e+01]
GNN flow training:  40%|████      | 40/100 [03:04<04:28,  4.48s/epoch, best=1.299e+01, sign=0.222, train=1.299e+01, val=1.297e+01]
GNN flow training:  41%|████      | 41/100 [03:04<04:24,  4.48s/epoch, best=1.299e+01, sign=0.222, train=1.299e+01, val=1.297e+01]
GNN flow training:  41%|████      | 41/100 [03:09<04:24,  4.48s/epoch, best=1.297e+01, sign=0.220, train=1.297e+01, val=1.296e+01]
GNN flow training:  42%|████▏     | 42/100 [03:09<04:20,  4.49s/epoch, best=1.297e+01, sign=0.220, train=1.297e+01, val=1.296e+01]
GNN flow training:  42%|████▏     | 42/100 [03:13<04:20,  4.49s/epoch, best=1.296e+01, sign=0.218, train=1.296e+01, val=1.296e+01]
GNN flow training:  43%|████▎     | 43/100 [03:13<04:14,  4.46s/epoch, best=1.296e+01, sign=0.218, train=1.296e+01, val=1.296e+01]
GNN flow training:  43%|████▎     | 43/100 [03:17<04:14,  4.46s/epoch, best=1.296e+01, sign=0.217, train=1.296e+01, val=1.297e+01]
GNN flow training:  44%|████▍     | 44/100 [03:17<04:10,  4.47s/epoch, best=1.296e+01, sign=0.217, train=1.296e+01, val=1.297e+01]
GNN flow training:  44%|████▍     | 44/100 [03:22<04:10,  4.47s/epoch, best=1.296e+01, sign=0.217, train=1.297e+01, val=1.298e+01]
GNN flow training:  45%|████▌     | 45/100 [03:22<04:05,  4.47s/epoch, best=1.296e+01, sign=0.217, train=1.297e+01, val=1.298e+01]
GNN flow training:  45%|████▌     | 45/100 [03:26<04:05,  4.47s/epoch, best=1.296e+01, sign=0.216, train=1.298e+01, val=1.291e+01]
GNN flow training:  46%|████▌     | 46/100 [03:26<04:01,  4.47s/epoch, best=1.296e+01, sign=0.216, train=1.298e+01, val=1.291e+01]
GNN flow training:  46%|████▌     | 46/100 [03:31<04:01,  4.47s/epoch, best=1.291e+01, sign=0.217, train=1.291e+01, val=1.292e+01]
GNN flow training:  47%|████▋     | 47/100 [03:31<03:56,  4.47s/epoch, best=1.291e+01, sign=0.217, train=1.291e+01, val=1.292e+01]
GNN flow training:  47%|████▋     | 47/100 [03:35<03:56,  4.47s/epoch, best=1.291e+01, sign=0.217, train=1.292e+01, val=1.289e+01]
GNN flow training:  48%|████▊     | 48/100 [03:35<03:52,  4.47s/epoch, best=1.291e+01, sign=0.217, train=1.292e+01, val=1.289e+01]
GNN flow training:  48%|████▊     | 48/100 [03:40<03:52,  4.47s/epoch, best=1.289e+01, sign=0.216, train=1.289e+01, val=1.289e+01]
GNN flow training:  49%|████▉     | 49/100 [03:40<03:48,  4.47s/epoch, best=1.289e+01, sign=0.216, train=1.289e+01, val=1.289e+01]
GNN flow training:  49%|████▉     | 49/100 [03:44<03:48,  4.47s/epoch, best=1.289e+01, sign=0.216, train=1.289e+01, val=1.284e+01]
GNN flow training:  50%|█████     | 50/100 [03:44<03:43,  4.47s/epoch, best=1.289e+01, sign=0.216, train=1.289e+01, val=1.284e+01]
GNN flow training:  50%|█████     | 50/100 [03:49<03:43,  4.47s/epoch, best=1.284e+01, sign=0.216, train=1.284e+01, val=1.284e+01]
GNN flow training:  51%|█████     | 51/100 [03:49<03:38,  4.47s/epoch, best=1.284e+01, sign=0.216, train=1.284e+01, val=1.284e+01]
GNN flow training:  51%|█████     | 51/100 [03:53<03:38,  4.47s/epoch, best=1.284e+01, sign=0.216, train=1.284e+01, val=1.281e+01]
GNN flow training:  52%|█████▏    | 52/100 [03:53<03:35,  4.50s/epoch, best=1.284e+01, sign=0.216, train=1.284e+01, val=1.281e+01]
GNN flow training:  52%|█████▏    | 52/100 [03:58<03:35,  4.50s/epoch, best=1.281e+01, sign=0.216, train=1.281e+01, val=1.275e+01]
GNN flow training:  53%|█████▎    | 53/100 [03:58<03:30,  4.49s/epoch, best=1.281e+01, sign=0.216, train=1.281e+01, val=1.275e+01]
GNN flow training:  53%|█████▎    | 53/100 [04:02<03:30,  4.49s/epoch, best=1.275e+01, sign=0.216, train=1.275e+01, val=1.271e+01]
GNN flow training:  54%|█████▍    | 54/100 [04:02<03:26,  4.49s/epoch, best=1.275e+01, sign=0.216, train=1.275e+01, val=1.271e+01]
GNN flow training:  54%|█████▍    | 54/100 [04:07<03:26,  4.49s/epoch, best=1.271e+01, sign=0.216, train=1.271e+01, val=1.269e+01]
GNN flow training:  55%|█████▌    | 55/100 [04:07<03:21,  4.49s/epoch, best=1.271e+01, sign=0.216, train=1.271e+01, val=1.269e+01]
GNN flow training:  55%|█████▌    | 55/100 [04:11<03:21,  4.49s/epoch, best=1.269e+01, sign=0.218, train=1.269e+01, val=1.269e+01]
GNN flow training:  56%|█████▌    | 56/100 [04:11<03:17,  4.48s/epoch, best=1.269e+01, sign=0.218, train=1.269e+01, val=1.269e+01]
GNN flow training:  56%|█████▌    | 56/100 [04:16<03:17,  4.48s/epoch, best=1.269e+01, sign=0.217, train=1.269e+01, val=1.264e+01]
GNN flow training:  57%|█████▋    | 57/100 [04:16<03:12,  4.47s/epoch, best=1.269e+01, sign=0.217, train=1.269e+01, val=1.264e+01]
GNN flow training:  57%|█████▋    | 57/100 [04:20<03:12,  4.47s/epoch, best=1.264e+01, sign=0.217, train=1.264e+01, val=1.257e+01]
GNN flow training:  58%|█████▊    | 58/100 [04:20<03:07,  4.47s/epoch, best=1.264e+01, sign=0.217, train=1.264e+01, val=1.257e+01]
GNN flow training:  58%|█████▊    | 58/100 [04:25<03:07,  4.47s/epoch, best=1.257e+01, sign=0.217, train=1.257e+01, val=1.254e+01]
GNN flow training:  59%|█████▉    | 59/100 [04:25<03:03,  4.48s/epoch, best=1.257e+01, sign=0.217, train=1.257e+01, val=1.254e+01]
GNN flow training:  59%|█████▉    | 59/100 [04:29<03:03,  4.48s/epoch, best=1.254e+01, sign=0.216, train=1.254e+01, val=1.251e+01]
GNN flow training:  60%|██████    | 60/100 [04:29<02:58,  4.47s/epoch, best=1.254e+01, sign=0.216, train=1.254e+01, val=1.251e+01]
GNN flow training:  60%|██████    | 60/100 [04:33<02:58,  4.47s/epoch, best=1.251e+01, sign=0.213, train=1.251e+01, val=1.244e+01]
GNN flow training:  61%|██████    | 61/100 [04:33<02:54,  4.47s/epoch, best=1.251e+01, sign=0.213, train=1.251e+01, val=1.244e+01]
GNN flow training:  61%|██████    | 61/100 [04:38<02:54,  4.47s/epoch, best=1.244e+01, sign=0.208, train=1.244e+01, val=1.244e+01]
GNN flow training:  62%|██████▏   | 62/100 [04:38<02:50,  4.48s/epoch, best=1.244e+01, sign=0.208, train=1.244e+01, val=1.244e+01]
GNN flow training:  62%|██████▏   | 62/100 [04:42<02:50,  4.48s/epoch, best=1.244e+01, sign=0.203, train=1.244e+01, val=1.247e+01]
GNN flow training:  63%|██████▎   | 63/100 [04:42<02:45,  4.48s/epoch, best=1.244e+01, sign=0.203, train=1.244e+01, val=1.247e+01]
GNN flow training:  63%|██████▎   | 63/100 [04:47<02:45,  4.48s/epoch, best=1.244e+01, sign=0.202, train=1.247e+01, val=1.246e+01]
GNN flow training:  64%|██████▍   | 64/100 [04:47<02:41,  4.48s/epoch, best=1.244e+01, sign=0.202, train=1.247e+01, val=1.246e+01]
GNN flow training:  64%|██████▍   | 64/100 [04:51<02:41,  4.48s/epoch, best=1.244e+01, sign=0.198, train=1.246e+01, val=1.245e+01]
GNN flow training:  65%|██████▌   | 65/100 [04:51<02:36,  4.48s/epoch, best=1.244e+01, sign=0.198, train=1.246e+01, val=1.245e+01]
GNN flow training:  65%|██████▌   | 65/100 [04:56<02:36,  4.48s/epoch, best=1.244e+01, sign=0.197, train=1.245e+01, val=1.244e+01]
GNN flow training:  66%|██████▌   | 66/100 [04:56<02:32,  4.49s/epoch, best=1.244e+01, sign=0.197, train=1.245e+01, val=1.244e+01]
GNN flow training:  66%|██████▌   | 66/100 [05:00<02:32,  4.49s/epoch, best=1.244e+01, sign=0.197, train=1.244e+01, val=1.242e+01]
GNN flow training:  67%|██████▋   | 67/100 [05:00<02:28,  4.49s/epoch, best=1.244e+01, sign=0.197, train=1.244e+01, val=1.242e+01]
GNN flow training:  67%|██████▋   | 67/100 [05:05<02:28,  4.49s/epoch, best=1.242e+01, sign=0.197, train=1.242e+01, val=1.240e+01]
GNN flow training:  68%|██████▊   | 68/100 [05:05<02:23,  4.48s/epoch, best=1.242e+01, sign=0.197, train=1.242e+01, val=1.240e+01]
GNN flow training:  68%|██████▊   | 68/100 [05:09<02:23,  4.48s/epoch, best=1.240e+01, sign=0.198, train=1.240e+01, val=1.232e+01]
GNN flow training:  69%|██████▉   | 69/100 [05:09<02:18,  4.47s/epoch, best=1.240e+01, sign=0.198, train=1.240e+01, val=1.232e+01]
GNN flow training:  69%|██████▉   | 69/100 [05:14<02:18,  4.47s/epoch, best=1.232e+01, sign=0.198, train=1.232e+01, val=1.229e+01]
GNN flow training:  70%|███████   | 70/100 [05:14<02:14,  4.48s/epoch, best=1.232e+01, sign=0.198, train=1.232e+01, val=1.229e+01]
GNN flow training:  70%|███████   | 70/100 [05:18<02:14,  4.48s/epoch, best=1.229e+01, sign=0.199, train=1.229e+01, val=1.230e+01]
GNN flow training:  71%|███████   | 71/100 [05:18<02:09,  4.48s/epoch, best=1.229e+01, sign=0.199, train=1.229e+01, val=1.230e+01]
GNN flow training:  71%|███████   | 71/100 [05:23<02:09,  4.48s/epoch, best=1.229e+01, sign=0.200, train=1.230e+01, val=1.232e+01]
GNN flow training:  72%|███████▏  | 72/100 [05:23<02:05,  4.49s/epoch, best=1.229e+01, sign=0.200, train=1.230e+01, val=1.232e+01]
GNN flow training:  72%|███████▏  | 72/100 [05:27<02:05,  4.49s/epoch, best=1.229e+01, sign=0.203, train=1.232e+01, val=1.232e+01]
GNN flow training:  73%|███████▎  | 73/100 [05:27<02:01,  4.49s/epoch, best=1.229e+01, sign=0.203, train=1.232e+01, val=1.232e+01]
GNN flow training:  73%|███████▎  | 73/100 [05:32<02:01,  4.49s/epoch, best=1.229e+01, sign=0.205, train=1.232e+01, val=1.231e+01]
GNN flow training:  74%|███████▍  | 74/100 [05:32<01:56,  4.49s/epoch, best=1.229e+01, sign=0.205, train=1.232e+01, val=1.231e+01]
GNN flow training:  74%|███████▍  | 74/100 [05:36<01:56,  4.49s/epoch, best=1.229e+01, sign=0.205, train=1.231e+01, val=1.226e+01]
GNN flow training:  75%|███████▌  | 75/100 [05:36<01:52,  4.49s/epoch, best=1.229e+01, sign=0.205, train=1.231e+01, val=1.226e+01]
GNN flow training:  75%|███████▌  | 75/100 [05:41<01:52,  4.49s/epoch, best=1.226e+01, sign=0.205, train=1.226e+01, val=1.219e+01]
GNN flow training:  76%|███████▌  | 76/100 [05:41<01:47,  4.48s/epoch, best=1.226e+01, sign=0.205, train=1.226e+01, val=1.219e+01]
GNN flow training:  76%|███████▌  | 76/100 [05:45<01:47,  4.48s/epoch, best=1.219e+01, sign=0.204, train=1.219e+01, val=1.218e+01]
GNN flow training:  77%|███████▋  | 77/100 [05:45<01:43,  4.48s/epoch, best=1.219e+01, sign=0.204, train=1.219e+01, val=1.218e+01]
GNN flow training:  77%|███████▋  | 77/100 [05:50<01:43,  4.48s/epoch, best=1.218e+01, sign=0.203, train=1.218e+01, val=1.220e+01]
GNN flow training:  78%|███████▊  | 78/100 [05:50<01:38,  4.47s/epoch, best=1.218e+01, sign=0.203, train=1.218e+01, val=1.220e+01]
GNN flow training:  78%|███████▊  | 78/100 [05:54<01:38,  4.47s/epoch, best=1.218e+01, sign=0.203, train=1.220e+01, val=1.221e+01]
GNN flow training:  79%|███████▉  | 79/100 [05:54<01:33,  4.47s/epoch, best=1.218e+01, sign=0.203, train=1.220e+01, val=1.221e+01]
GNN flow training:  79%|███████▉  | 79/100 [05:59<01:33,  4.47s/epoch, best=1.218e+01, sign=0.204, train=1.221e+01, val=1.230e+01]
GNN flow training:  80%|████████  | 80/100 [05:59<01:29,  4.46s/epoch, best=1.218e+01, sign=0.204, train=1.221e+01, val=1.230e+01]
GNN flow training:  80%|████████  | 80/100 [06:03<01:29,  4.46s/epoch, best=1.218e+01, sign=0.207, train=1.230e+01, val=1.232e+01]
GNN flow training:  81%|████████  | 81/100 [06:03<01:25,  4.47s/epoch, best=1.218e+01, sign=0.207, train=1.230e+01, val=1.232e+01]
GNN flow training:  81%|████████  | 81/100 [06:08<01:25,  4.47s/epoch, best=1.218e+01, sign=0.212, train=1.232e+01, val=1.232e+01]
GNN flow training:  82%|████████▏ | 82/100 [06:08<01:20,  4.47s/epoch, best=1.218e+01, sign=0.212, train=1.232e+01, val=1.232e+01]
GNN flow training:  82%|████████▏ | 82/100 [06:12<01:20,  4.47s/epoch, best=1.218e+01, sign=0.213, train=1.232e+01, val=1.232e+01]
GNN flow training:  83%|████████▎ | 83/100 [06:12<01:16,  4.48s/epoch, best=1.218e+01, sign=0.213, train=1.232e+01, val=1.232e+01]
GNN flow training:  83%|████████▎ | 83/100 [06:17<01:16,  4.48s/epoch, best=1.218e+01, sign=0.214, train=1.232e+01, val=1.230e+01]
GNN flow training:  84%|████████▍ | 84/100 [06:17<01:11,  4.48s/epoch, best=1.218e+01, sign=0.214, train=1.232e+01, val=1.230e+01]
GNN flow training:  84%|████████▍ | 84/100 [06:21<01:11,  4.48s/epoch, best=1.218e+01, sign=0.216, train=1.230e+01, val=1.228e+01]
GNN flow training:  85%|████████▌ | 85/100 [06:21<01:07,  4.47s/epoch, best=1.218e+01, sign=0.216, train=1.230e+01, val=1.228e+01]
GNN flow training:  85%|████████▌ | 85/100 [06:26<01:07,  4.47s/epoch, best=1.218e+01, sign=0.217, train=1.228e+01, val=1.224e+01]
GNN flow training:  86%|████████▌ | 86/100 [06:26<01:02,  4.49s/epoch, best=1.218e+01, sign=0.217, train=1.228e+01, val=1.224e+01]
GNN flow training:  86%|████████▌ | 86/100 [06:30<01:02,  4.49s/epoch, best=1.218e+01, sign=0.220, train=1.224e+01, val=1.221e+01]
GNN flow training:  87%|████████▋ | 87/100 [06:30<00:58,  4.48s/epoch, best=1.218e+01, sign=0.220, train=1.224e+01, val=1.221e+01]
GNN flow training:  87%|████████▋ | 87/100 [06:34<00:58,  4.48s/epoch, best=1.218e+01, sign=0.220, train=1.221e+01, val=1.210e+01]
GNN flow training:  88%|████████▊ | 88/100 [06:34<00:53,  4.49s/epoch, best=1.218e+01, sign=0.220, train=1.221e+01, val=1.210e+01]
GNN flow training:  88%|████████▊ | 88/100 [06:39<00:53,  4.49s/epoch, best=1.210e+01, sign=0.219, train=1.210e+01, val=1.202e+01]
GNN flow training:  89%|████████▉ | 89/100 [06:39<00:49,  4.48s/epoch, best=1.210e+01, sign=0.219, train=1.210e+01, val=1.202e+01]
GNN flow training:  89%|████████▉ | 89/100 [06:44<00:49,  4.48s/epoch, best=1.202e+01, sign=0.216, train=1.202e+01, val=1.198e+01]
GNN flow training:  90%|█████████ | 90/100 [06:44<00:45,  4.50s/epoch, best=1.202e+01, sign=0.216, train=1.202e+01, val=1.198e+01]
GNN flow training:  90%|█████████ | 90/100 [06:48<00:45,  4.50s/epoch, best=1.198e+01, sign=0.216, train=1.198e+01, val=1.189e+01]
GNN flow training:  91%|█████████ | 91/100 [06:48<00:40,  4.53s/epoch, best=1.198e+01, sign=0.216, train=1.198e+01, val=1.189e+01]
GNN flow training:  91%|█████████ | 91/100 [06:53<00:40,  4.53s/epoch, best=1.189e+01, sign=0.215, train=1.189e+01, val=1.187e+01]
GNN flow training:  92%|█████████▏| 92/100 [06:53<00:36,  4.52s/epoch, best=1.189e+01, sign=0.215, train=1.189e+01, val=1.187e+01]
GNN flow training:  92%|█████████▏| 92/100 [06:57<00:36,  4.52s/epoch, best=1.187e+01, sign=0.214, train=1.187e+01, val=1.185e+01]
GNN flow training:  93%|█████████▎| 93/100 [06:57<00:31,  4.52s/epoch, best=1.187e+01, sign=0.214, train=1.187e+01, val=1.185e+01]
GNN flow training:  93%|█████████▎| 93/100 [07:02<00:31,  4.52s/epoch, best=1.185e+01, sign=0.214, train=1.185e+01, val=1.187e+01]
GNN flow training:  94%|█████████▍| 94/100 [07:02<00:27,  4.52s/epoch, best=1.185e+01, sign=0.214, train=1.185e+01, val=1.187e+01]
GNN flow training:  94%|█████████▍| 94/100 [07:06<00:27,  4.52s/epoch, best=1.185e+01, sign=0.212, train=1.187e+01, val=1.186e+01]
GNN flow training:  95%|█████████▌| 95/100 [07:06<00:22,  4.51s/epoch, best=1.185e+01, sign=0.212, train=1.187e+01, val=1.186e+01]
GNN flow training:  95%|█████████▌| 95/100 [07:11<00:22,  4.51s/epoch, best=1.185e+01, sign=0.211, train=1.186e+01, val=1.190e+01]
GNN flow training:  96%|█████████▌| 96/100 [07:11<00:17,  4.50s/epoch, best=1.185e+01, sign=0.211, train=1.186e+01, val=1.190e+01]
GNN flow training:  96%|█████████▌| 96/100 [07:15<00:17,  4.50s/epoch, best=1.185e+01, sign=0.209, train=1.190e+01, val=1.185e+01]
GNN flow training:  97%|█████████▋| 97/100 [07:15<00:13,  4.50s/epoch, best=1.185e+01, sign=0.209, train=1.190e+01, val=1.185e+01]
GNN flow training:  97%|█████████▋| 97/100 [07:20<00:13,  4.50s/epoch, best=1.185e+01, sign=0.204, train=1.185e+01, val=1.190e+01]
GNN flow training:  98%|█████████▊| 98/100 [07:20<00:08,  4.48s/epoch, best=1.185e+01, sign=0.204, train=1.185e+01, val=1.190e+01]
GNN flow training:  98%|█████████▊| 98/100 [07:24<00:08,  4.48s/epoch, best=1.185e+01, sign=0.201, train=1.190e+01, val=1.196e+01]
GNN flow training:  99%|█████████▉| 99/100 [07:24<00:04,  4.50s/epoch, best=1.185e+01, sign=0.201, train=1.190e+01, val=1.196e+01]
GNN flow training:  99%|█████████▉| 99/100 [07:29<00:04,  4.50s/epoch, best=1.185e+01, sign=0.195, train=1.196e+01, val=1.208e+01]
GNN flow training: 100%|██████████| 100/100 [07:29<00:00,  4.48s/epoch, best=1.185e+01, sign=0.195, train=1.196e+01, val=1.208e+01]
GNN flow training: 100%|██████████| 100/100 [07:29<00:00,  4.49s/epoch, best=1.185e+01, sign=0.195, train=1.196e+01, val=1.208e+01]
Resolved config snapshot:
{'preset': 'solver_QKB_outer_QKBdelta', 'gnn_outer_losses': {'flow': 0.1, 'kirchhoff': 100.0, 'boundary': 100.0, 'delta_l2': 100.0, 'delta_smooth': 0.0, 'pressure_shape': 0.0}, 'physics': {'arterial_flow_mode': 'dataset', 'pressure_constraints': ['mean-a-minus-v-alpha-equal-v'], 'alpha_pa': 10.0, 'use_snr_weights': True, 'use_observed_flow_snr_weighting': True, 'flow_scale_mode': 'median_abs', 'solver_device': 'same', 'pressure_solver_mode': 'reduced-soft-constrained-lstsq', 'pressure_solver_lambda_kirchhoff': 1.0, 'pressure_solver_lambda_pressure_constraints': 100.0, 'pressure_solver_lambda_flow_residual': 1.0, 'pressure_shape_reference': 'delta_zero_reference', 'pressure_detach': False}, 'correction_bounds': {'correction_min': -0.5, 'correction_max': 0.5, 'correction_bound': 0.5, 'correction_parameterization': 'tanh'}, 'optimization': {'learning_rate': 0.001, 'weight_decay': 0.0001, 'gradient_clip_norm': 5.0, 'optimizer': 'adamw', 'epochs': 100, 'patience': 40}}
Resolved config snapshot:
{'preset': 'solver_QKB_outer_QKBdelta', 'gnn_outer_losses': {'flow': 0.1, 'kirchhoff': 1.0, 'boundary': 100.0, 'delta_l2': 10.0, 'delta_smooth': 0.0, 'pressure_shape': 0.0}, 'physics': {'arterial_flow_mode': 'dataset', 'pressure_constraints': ['mean-a-minus-v-alpha-equal-v'], 'alpha_pa': 10.0, 'use_snr_weights': True, 'use_observed_flow_snr_weighting': True, 'flow_scale_mode': 'median_abs', 'solver_device': 'same', 'pressure_solver_mode': 'reduced-soft-constrained-lstsq', 'pressure_solver_lambda_kirchhoff': 1.0, 'pressure_solver_lambda_pressure_constraints': 100.0, 'pressure_solver_lambda_flow_residual': 1.0, 'pressure_shape_reference': 'delta_zero_reference', 'pressure_detach': False}, 'correction_bounds': {'correction_min': -0.5, 'correction_max': 0.5, 'correction_bound': 0.5, 'correction_parameterization': 'tanh'}, 'optimization': {'learning_rate': 0.001, 'weight_decay': 0.0001, 'gradient_clip_norm': 5.0, 'optimizer': 'adamw', 'epochs': 100, 'patience': 40}}
Command: /mnt/home/sswee/miniforge3/envs/yolk-sac/bin/python /mnt/home/sswee/yolk/Yolk-Sac-Flow-Data-and-Sim/gnn_clean/scripts/python/gnn_flow.py /mnt/home/sswee/yolk/Yolk-Sac-Flow-Data-and-Sim/gnn_clean/datasets/mosaic_graph_canonical_harmonized/mosaic_graph_canonical_harmonized.gpickle --output-dir /mnt/home/sswee/yolk/Yolk-Sac-Flow-Data-and-Sim/gnn_clean/outputs_canonical/dc/03_pressure_constraint_sensitivity/gnn --run-name q_0p1__k_100__delta_100__constraint_fixed_drop_10pa --preset solver_QKB_outer_QKBdelta --device cuda --epochs 100 --seed 0 --viscosity-pa-s 0.0035 --config /mnt/home/sswee/yolk/Yolk-Sac-Flow-Data-and-Sim/gnn_clean/outputs_canonical/dc/03_pressure_constraint_sensitivity/_generated_configs/q_0p1__k_100__delta_100__constraint_fixed_drop_10pa.yaml --no-pressure-detach
Command: /mnt/home/sswee/miniforge3/envs/yolk-sac/bin/python /mnt/home/sswee/yolk/Yolk-Sac-Flow-Data-and-Sim/gnn_clean/scripts/python/gnn_flow.py /mnt/home/sswee/yolk/Yolk-Sac-Flow-Data-and-Sim/gnn_clean/datasets/mosaic_graph_canonical_harmonized/mosaic_graph_canonical_harmonized.gpickle --output-dir /mnt/home/sswee/yolk/Yolk-Sac-Flow-Data-and-Sim/gnn_clean/outputs_canonical/dc/03_pressure_constraint_sensitivity/gnn --run-name q_0p1__k_1__delta_10__constraint_fixed_drop_10pa --preset solver_QKB_outer_QKBdelta --device cuda --epochs 100 --seed 0 --viscosity-pa-s 0.0035 --config /mnt/home/sswee/yolk/Yolk-Sac-Flow-Data-and-Sim/gnn_clean/outputs_canonical/dc/03_pressure_constraint_sensitivity/_generated_configs/q_0p1__k_1__delta_10__constraint_fixed_drop_10pa.yaml --no-pressure-detach
Command: /mnt/home/sswee/miniforge3/envs/yolk-sac/bin/python /mnt/home/sswee/yolk/Yolk-Sac-Flow-Data-and-Sim/gnn_clean/scripts/python/poiseuille_only_baseline.py /mnt/home/sswee/yolk/Yolk-Sac-Flow-Data-and-Sim/gnn_clean/datasets/mosaic_graph_canonical_harmonized/mosaic_graph_canonical_harmonized.gpickle --output-dir /mnt/home/sswee/yolk/Yolk-Sac-Flow-Data-and-Sim/gnn_clean/outputs_canonical/dc/03_pressure_constraint_sensitivity/poiseuille --run-name poiseuille__q_1__k_100__constraint_fixed_drop_10pa --device cpu --viscosity-pa-s 0.0035 --dc-solve-mode reduced-soft-constrained-lstsq --arterial-flow-mode dataset --lambda-kirchhoff 100.0 --lambda-pressure-constraints 100.0 --lambda-flow-residual 1.0 --pressure-constraint mean-a-minus-v-alpha-equal-v --alpha-pa 10.0
