[info] DC Step 2 canonical sweep uses fixed lambda_B=100.0 for both the outer boundary loss and the reduced pressure-solver boundary constraint.

GNN flow training:   0%|          | 0/100 [00:00<?, ?epoch/s]
GNN flow training:   0%|          | 0/100 [00:06<?, ?epoch/s, best=1.324e+01, sign=0.194, train=1.339e+01, val=1.324e+01]
GNN flow training:   1%|          | 1/100 [00:06<10:06,  6.13s/epoch, best=1.324e+01, sign=0.194, train=1.339e+01, val=1.324e+01]
GNN flow training:   1%|          | 1/100 [00:12<10:06,  6.13s/epoch, best=1.324e+01, sign=0.194, train=1.340e+01, val=1.327e+01]
GNN flow training:   2%|▏         | 2/100 [00:12<09:55,  6.08s/epoch, best=1.324e+01, sign=0.194, train=1.340e+01, val=1.327e+01]
GNN flow training:   2%|▏         | 2/100 [00:18<09:55,  6.08s/epoch, best=1.324e+01, sign=0.194, train=1.343e+01, val=1.326e+01]
GNN flow training:   3%|▎         | 3/100 [00:18<09:45,  6.04s/epoch, best=1.324e+01, sign=0.194, train=1.343e+01, val=1.326e+01]
GNN flow training:   3%|▎         | 3/100 [00:24<09:45,  6.04s/epoch, best=1.324e+01, sign=0.194, train=1.341e+01, val=1.327e+01]
GNN flow training:   4%|▍         | 4/100 [00:24<09:36,  6.00s/epoch, best=1.324e+01, sign=0.194, train=1.341e+01, val=1.327e+01]
GNN flow training:   4%|▍         | 4/100 [00:30<09:36,  6.00s/epoch, best=1.324e+01, sign=0.194, train=1.342e+01, val=1.324e+01]
GNN flow training:   5%|▌         | 5/100 [00:30<09:26,  5.97s/epoch, best=1.324e+01, sign=0.194, train=1.342e+01, val=1.324e+01]
GNN flow training:   5%|▌         | 5/100 [00:35<09:26,  5.97s/epoch, best=1.324e+01, sign=0.195, train=1.339e+01, val=1.322e+01]
GNN flow training:   6%|▌         | 6/100 [00:35<09:19,  5.96s/epoch, best=1.324e+01, sign=0.195, train=1.339e+01, val=1.322e+01]
GNN flow training:   6%|▌         | 6/100 [00:41<09:19,  5.96s/epoch, best=1.322e+01, sign=0.195, train=1.337e+01, val=1.321e+01]
GNN flow training:   7%|▋         | 7/100 [00:41<09:13,  5.95s/epoch, best=1.322e+01, sign=0.195, train=1.337e+01, val=1.321e+01]
GNN flow training:   7%|▋         | 7/100 [00:47<09:13,  5.95s/epoch, best=1.321e+01, sign=0.195, train=1.336e+01, val=1.321e+01]
GNN flow training:   8%|▊         | 8/100 [00:47<09:06,  5.95s/epoch, best=1.321e+01, sign=0.195, train=1.336e+01, val=1.321e+01]
GNN flow training:   8%|▊         | 8/100 [00:53<09:06,  5.95s/epoch, best=1.321e+01, sign=0.194, train=1.337e+01, val=1.320e+01]
GNN flow training:   9%|▉         | 9/100 [00:53<09:01,  5.95s/epoch, best=1.321e+01, sign=0.194, train=1.337e+01, val=1.320e+01]
GNN flow training:   9%|▉         | 9/100 [00:59<09:01,  5.95s/epoch, best=1.320e+01, sign=0.194, train=1.336e+01, val=1.320e+01]
GNN flow training:  10%|█         | 10/100 [00:59<08:54,  5.94s/epoch, best=1.320e+01, sign=0.194, train=1.336e+01, val=1.320e+01]
GNN flow training:  10%|█         | 10/100 [01:05<08:54,  5.94s/epoch, best=1.320e+01, sign=0.194, train=1.336e+01, val=1.320e+01]
GNN flow training:  11%|█         | 11/100 [01:05<08:49,  5.95s/epoch, best=1.320e+01, sign=0.194, train=1.336e+01, val=1.320e+01]
GNN flow training:  11%|█         | 11/100 [01:11<08:49,  5.95s/epoch, best=1.320e+01, sign=0.194, train=1.336e+01, val=1.323e+01]
GNN flow training:  12%|█▏        | 12/100 [01:11<08:44,  5.96s/epoch, best=1.320e+01, sign=0.194, train=1.336e+01, val=1.323e+01]
GNN flow training:  12%|█▏        | 12/100 [01:17<08:44,  5.96s/epoch, best=1.320e+01, sign=0.194, train=1.339e+01, val=1.325e+01]
GNN flow training:  13%|█▎        | 13/100 [01:17<08:38,  5.96s/epoch, best=1.320e+01, sign=0.194, train=1.339e+01, val=1.325e+01]
GNN flow training:  13%|█▎        | 13/100 [01:23<08:38,  5.96s/epoch, best=1.320e+01, sign=0.194, train=1.341e+01, val=1.324e+01]
GNN flow training:  14%|█▍        | 14/100 [01:23<08:32,  5.96s/epoch, best=1.320e+01, sign=0.194, train=1.341e+01, val=1.324e+01]
GNN flow training:  14%|█▍        | 14/100 [01:29<08:32,  5.96s/epoch, best=1.320e+01, sign=0.194, train=1.339e+01, val=1.322e+01]
GNN flow training:  15%|█▌        | 15/100 [01:29<08:25,  5.95s/epoch, best=1.320e+01, sign=0.194, train=1.339e+01, val=1.322e+01]
GNN flow training:  15%|█▌        | 15/100 [01:35<08:25,  5.95s/epoch, best=1.320e+01, sign=0.194, train=1.338e+01, val=1.320e+01]
GNN flow training:  16%|█▌        | 16/100 [01:35<08:20,  5.96s/epoch, best=1.320e+01, sign=0.194, train=1.338e+01, val=1.320e+01]
GNN flow training:  16%|█▌        | 16/100 [01:41<08:20,  5.96s/epoch, best=1.320e+01, sign=0.194, train=1.335e+01, val=1.321e+01]
GNN flow training:  17%|█▋        | 17/100 [01:41<08:13,  5.95s/epoch, best=1.320e+01, sign=0.194, train=1.335e+01, val=1.321e+01]
GNN flow training:  17%|█▋        | 17/100 [01:47<08:13,  5.95s/epoch, best=1.320e+01, sign=0.193, train=1.336e+01, val=1.320e+01]
GNN flow training:  18%|█▊        | 18/100 [01:47<08:09,  5.97s/epoch, best=1.320e+01, sign=0.193, train=1.336e+01, val=1.320e+01]
GNN flow training:  18%|█▊        | 18/100 [01:53<08:09,  5.97s/epoch, best=1.320e+01, sign=0.193, train=1.335e+01, val=1.318e+01]
GNN flow training:  19%|█▉        | 19/100 [01:53<08:03,  5.97s/epoch, best=1.320e+01, sign=0.193, train=1.335e+01, val=1.318e+01]
GNN flow training:  19%|█▉        | 19/100 [01:59<08:03,  5.97s/epoch, best=1.318e+01, sign=0.193, train=1.333e+01, val=1.312e+01]
GNN flow training:  20%|██        | 20/100 [01:59<07:56,  5.95s/epoch, best=1.318e+01, sign=0.193, train=1.333e+01, val=1.312e+01]
GNN flow training:  20%|██        | 20/100 [02:05<07:56,  5.95s/epoch, best=1.312e+01, sign=0.194, train=1.327e+01, val=1.311e+01]
GNN flow training:  21%|██        | 21/100 [02:05<07:50,  5.95s/epoch, best=1.312e+01, sign=0.194, train=1.327e+01, val=1.311e+01]
GNN flow training:  21%|██        | 21/100 [02:11<07:50,  5.95s/epoch, best=1.311e+01, sign=0.194, train=1.326e+01, val=1.308e+01]
GNN flow training:  22%|██▏       | 22/100 [02:11<07:43,  5.94s/epoch, best=1.311e+01, sign=0.194, train=1.326e+01, val=1.308e+01]
GNN flow training:  22%|██▏       | 22/100 [02:17<07:43,  5.94s/epoch, best=1.308e+01, sign=0.193, train=1.324e+01, val=1.306e+01]
GNN flow training:  23%|██▎       | 23/100 [02:17<07:38,  5.95s/epoch, best=1.308e+01, sign=0.193, train=1.324e+01, val=1.306e+01]
GNN flow training:  23%|██▎       | 23/100 [02:23<07:38,  5.95s/epoch, best=1.306e+01, sign=0.192, train=1.321e+01, val=1.302e+01]
GNN flow training:  24%|██▍       | 24/100 [02:23<07:33,  5.96s/epoch, best=1.306e+01, sign=0.192, train=1.321e+01, val=1.302e+01]
GNN flow training:  24%|██▍       | 24/100 [02:29<07:33,  5.96s/epoch, best=1.302e+01, sign=0.193, train=1.317e+01, val=1.296e+01]
GNN flow training:  25%|██▌       | 25/100 [02:29<07:27,  5.96s/epoch, best=1.302e+01, sign=0.193, train=1.317e+01, val=1.296e+01]
GNN flow training:  25%|██▌       | 25/100 [02:35<07:27,  5.96s/epoch, best=1.296e+01, sign=0.192, train=1.311e+01, val=1.289e+01]
GNN flow training:  26%|██▌       | 26/100 [02:35<07:22,  5.98s/epoch, best=1.296e+01, sign=0.192, train=1.311e+01, val=1.289e+01]
GNN flow training:  26%|██▌       | 26/100 [02:41<07:22,  5.98s/epoch, best=1.289e+01, sign=0.193, train=1.304e+01, val=1.285e+01]
GNN flow training:  27%|██▋       | 27/100 [02:41<07:16,  5.98s/epoch, best=1.289e+01, sign=0.193, train=1.304e+01, val=1.285e+01]
GNN flow training:  27%|██▋       | 27/100 [02:47<07:16,  5.98s/epoch, best=1.285e+01, sign=0.192, train=1.299e+01, val=1.282e+01]
GNN flow training:  28%|██▊       | 28/100 [02:47<07:09,  5.96s/epoch, best=1.285e+01, sign=0.192, train=1.299e+01, val=1.282e+01]
GNN flow training:  28%|██▊       | 28/100 [02:53<07:09,  5.96s/epoch, best=1.282e+01, sign=0.192, train=1.297e+01, val=1.281e+01]
GNN flow training:  29%|██▉       | 29/100 [02:53<07:04,  5.98s/epoch, best=1.282e+01, sign=0.192, train=1.297e+01, val=1.281e+01]
GNN flow training:  29%|██▉       | 29/100 [02:58<07:04,  5.98s/epoch, best=1.281e+01, sign=0.193, train=1.295e+01, val=1.279e+01]
GNN flow training:  30%|███       | 30/100 [02:58<06:58,  5.97s/epoch, best=1.281e+01, sign=0.193, train=1.295e+01, val=1.279e+01]
GNN flow training:  30%|███       | 30/100 [03:04<06:58,  5.97s/epoch, best=1.279e+01, sign=0.192, train=1.293e+01, val=1.281e+01]
GNN flow training:  31%|███       | 31/100 [03:04<06:52,  5.98s/epoch, best=1.279e+01, sign=0.192, train=1.293e+01, val=1.281e+01]
GNN flow training:  31%|███       | 31/100 [03:10<06:52,  5.98s/epoch, best=1.279e+01, sign=0.193, train=1.295e+01, val=1.282e+01]
GNN flow training:  32%|███▏      | 32/100 [03:10<06:46,  5.98s/epoch, best=1.279e+01, sign=0.193, train=1.295e+01, val=1.282e+01]
GNN flow training:  32%|███▏      | 32/100 [03:16<06:46,  5.98s/epoch, best=1.279e+01, sign=0.192, train=1.295e+01, val=1.287e+01]
GNN flow training:  33%|███▎      | 33/100 [03:16<06:40,  5.98s/epoch, best=1.279e+01, sign=0.192, train=1.295e+01, val=1.287e+01]
GNN flow training:  33%|███▎      | 33/100 [03:22<06:40,  5.98s/epoch, best=1.279e+01, sign=0.192, train=1.300e+01, val=1.281e+01]
GNN flow training:  34%|███▍      | 34/100 [03:22<06:33,  5.96s/epoch, best=1.279e+01, sign=0.192, train=1.300e+01, val=1.281e+01]
GNN flow training:  34%|███▍      | 34/100 [03:28<06:33,  5.96s/epoch, best=1.279e+01, sign=0.193, train=1.294e+01, val=1.285e+01]
GNN flow training:  35%|███▌      | 35/100 [03:28<06:27,  5.96s/epoch, best=1.279e+01, sign=0.193, train=1.294e+01, val=1.285e+01]
GNN flow training:  35%|███▌      | 35/100 [03:34<06:27,  5.96s/epoch, best=1.279e+01, sign=0.192, train=1.298e+01, val=1.279e+01]
GNN flow training:  36%|███▌      | 36/100 [03:34<06:21,  5.96s/epoch, best=1.279e+01, sign=0.192, train=1.298e+01, val=1.279e+01]
GNN flow training:  36%|███▌      | 36/100 [03:40<06:21,  5.96s/epoch, best=1.279e+01, sign=0.192, train=1.291e+01, val=1.274e+01]
GNN flow training:  37%|███▋      | 37/100 [03:40<06:15,  5.96s/epoch, best=1.279e+01, sign=0.192, train=1.291e+01, val=1.274e+01]
GNN flow training:  37%|███▋      | 37/100 [03:46<06:15,  5.96s/epoch, best=1.274e+01, sign=0.192, train=1.287e+01, val=1.265e+01]
GNN flow training:  38%|███▊      | 38/100 [03:46<06:09,  5.96s/epoch, best=1.274e+01, sign=0.192, train=1.287e+01, val=1.265e+01]
GNN flow training:  38%|███▊      | 38/100 [03:52<06:09,  5.96s/epoch, best=1.265e+01, sign=0.192, train=1.278e+01, val=1.263e+01]
GNN flow training:  39%|███▉      | 39/100 [03:52<06:06,  6.01s/epoch, best=1.265e+01, sign=0.192, train=1.278e+01, val=1.263e+01]
GNN flow training:  39%|███▉      | 39/100 [03:58<06:06,  6.01s/epoch, best=1.263e+01, sign=0.192, train=1.276e+01, val=1.263e+01]
GNN flow training:  40%|████      | 40/100 [03:58<05:59,  5.99s/epoch, best=1.263e+01, sign=0.192, train=1.276e+01, val=1.263e+01]
GNN flow training:  40%|████      | 40/100 [04:04<05:59,  5.99s/epoch, best=1.263e+01, sign=0.191, train=1.276e+01, val=1.267e+01]
GNN flow training:  41%|████      | 41/100 [04:04<05:53,  5.99s/epoch, best=1.263e+01, sign=0.191, train=1.276e+01, val=1.267e+01]
GNN flow training:  41%|████      | 41/100 [04:10<05:53,  5.99s/epoch, best=1.263e+01, sign=0.190, train=1.280e+01, val=1.259e+01]
GNN flow training:  42%|████▏     | 42/100 [04:10<05:47,  5.98s/epoch, best=1.263e+01, sign=0.190, train=1.280e+01, val=1.259e+01]
GNN flow training:  42%|████▏     | 42/100 [04:16<05:47,  5.98s/epoch, best=1.259e+01, sign=0.189, train=1.272e+01, val=1.256e+01]
GNN flow training:  43%|████▎     | 43/100 [04:16<05:40,  5.98s/epoch, best=1.259e+01, sign=0.189, train=1.272e+01, val=1.256e+01]
GNN flow training:  43%|████▎     | 43/100 [04:22<05:40,  5.98s/epoch, best=1.256e+01, sign=0.189, train=1.269e+01, val=1.246e+01]
GNN flow training:  44%|████▍     | 44/100 [04:22<05:34,  5.97s/epoch, best=1.256e+01, sign=0.189, train=1.269e+01, val=1.246e+01]
GNN flow training:  44%|████▍     | 44/100 [04:28<05:34,  5.97s/epoch, best=1.246e+01, sign=0.187, train=1.258e+01, val=1.237e+01]
GNN flow training:  45%|████▌     | 45/100 [04:28<05:28,  5.97s/epoch, best=1.246e+01, sign=0.187, train=1.258e+01, val=1.237e+01]
GNN flow training:  45%|████▌     | 45/100 [04:34<05:28,  5.97s/epoch, best=1.237e+01, sign=0.186, train=1.250e+01, val=1.236e+01]
GNN flow training:  46%|████▌     | 46/100 [04:34<05:21,  5.96s/epoch, best=1.237e+01, sign=0.186, train=1.250e+01, val=1.236e+01]
GNN flow training:  46%|████▌     | 46/100 [04:40<05:21,  5.96s/epoch, best=1.236e+01, sign=0.186, train=1.249e+01, val=1.239e+01]
GNN flow training:  47%|████▋     | 47/100 [04:40<05:15,  5.95s/epoch, best=1.236e+01, sign=0.186, train=1.249e+01, val=1.239e+01]
GNN flow training:  47%|████▋     | 47/100 [04:46<05:15,  5.95s/epoch, best=1.236e+01, sign=0.186, train=1.252e+01, val=1.239e+01]
GNN flow training:  48%|████▊     | 48/100 [04:46<05:09,  5.95s/epoch, best=1.236e+01, sign=0.186, train=1.252e+01, val=1.239e+01]
GNN flow training:  48%|████▊     | 48/100 [04:52<05:09,  5.95s/epoch, best=1.236e+01, sign=0.185, train=1.252e+01, val=1.234e+01]
GNN flow training:  49%|████▉     | 49/100 [04:52<05:03,  5.96s/epoch, best=1.236e+01, sign=0.185, train=1.252e+01, val=1.234e+01]
GNN flow training:  49%|████▉     | 49/100 [04:58<05:03,  5.96s/epoch, best=1.234e+01, sign=0.184, train=1.247e+01, val=1.231e+01]
GNN flow training:  50%|█████     | 50/100 [04:58<04:58,  5.97s/epoch, best=1.234e+01, sign=0.184, train=1.247e+01, val=1.231e+01]
GNN flow training:  50%|█████     | 50/100 [05:04<04:58,  5.97s/epoch, best=1.231e+01, sign=0.185, train=1.244e+01, val=1.230e+01]
GNN flow training:  51%|█████     | 51/100 [05:04<04:52,  5.97s/epoch, best=1.231e+01, sign=0.185, train=1.244e+01, val=1.230e+01]
GNN flow training:  51%|█████     | 51/100 [05:10<04:52,  5.97s/epoch, best=1.230e+01, sign=0.184, train=1.242e+01, val=1.225e+01]
GNN flow training:  52%|█████▏    | 52/100 [05:10<04:47,  5.99s/epoch, best=1.230e+01, sign=0.184, train=1.242e+01, val=1.225e+01]
GNN flow training:  52%|█████▏    | 52/100 [05:16<04:47,  5.99s/epoch, best=1.225e+01, sign=0.184, train=1.237e+01, val=1.222e+01]
GNN flow training:  53%|█████▎    | 53/100 [05:16<04:41,  5.99s/epoch, best=1.225e+01, sign=0.184, train=1.237e+01, val=1.222e+01]
GNN flow training:  53%|█████▎    | 53/100 [05:22<04:41,  5.99s/epoch, best=1.222e+01, sign=0.183, train=1.235e+01, val=1.219e+01]
GNN flow training:  54%|█████▍    | 54/100 [05:22<04:35,  5.99s/epoch, best=1.222e+01, sign=0.183, train=1.235e+01, val=1.219e+01]
GNN flow training:  54%|█████▍    | 54/100 [05:28<04:35,  5.99s/epoch, best=1.219e+01, sign=0.182, train=1.231e+01, val=1.217e+01]
GNN flow training:  55%|█████▌    | 55/100 [05:28<04:29,  5.98s/epoch, best=1.219e+01, sign=0.182, train=1.231e+01, val=1.217e+01]
GNN flow training:  55%|█████▌    | 55/100 [05:34<04:29,  5.98s/epoch, best=1.217e+01, sign=0.181, train=1.229e+01, val=1.218e+01]
GNN flow training:  56%|█████▌    | 56/100 [05:34<04:23,  5.98s/epoch, best=1.217e+01, sign=0.181, train=1.229e+01, val=1.218e+01]
GNN flow training:  56%|█████▌    | 56/100 [05:40<04:23,  5.98s/epoch, best=1.217e+01, sign=0.181, train=1.229e+01, val=1.217e+01]
GNN flow training:  57%|█████▋    | 57/100 [05:40<04:16,  5.97s/epoch, best=1.217e+01, sign=0.181, train=1.229e+01, val=1.217e+01]
GNN flow training:  57%|█████▋    | 57/100 [05:46<04:16,  5.97s/epoch, best=1.217e+01, sign=0.181, train=1.229e+01, val=1.217e+01]
GNN flow training:  58%|█████▊    | 58/100 [05:46<04:11,  5.98s/epoch, best=1.217e+01, sign=0.181, train=1.229e+01, val=1.217e+01]
GNN flow training:  58%|█████▊    | 58/100 [05:52<04:11,  5.98s/epoch, best=1.217e+01, sign=0.180, train=1.228e+01, val=1.210e+01]
GNN flow training:  59%|█████▉    | 59/100 [05:52<04:04,  5.97s/epoch, best=1.217e+01, sign=0.180, train=1.228e+01, val=1.210e+01]
GNN flow training:  59%|█████▉    | 59/100 [05:58<04:04,  5.97s/epoch, best=1.210e+01, sign=0.181, train=1.222e+01, val=1.201e+01]
GNN flow training:  60%|██████    | 60/100 [05:58<03:58,  5.96s/epoch, best=1.210e+01, sign=0.181, train=1.222e+01, val=1.201e+01]
GNN flow training:  60%|██████    | 60/100 [06:04<03:58,  5.96s/epoch, best=1.201e+01, sign=0.182, train=1.213e+01, val=1.198e+01]
GNN flow training:  61%|██████    | 61/100 [06:04<03:52,  5.97s/epoch, best=1.201e+01, sign=0.182, train=1.213e+01, val=1.198e+01]
GNN flow training:  61%|██████    | 61/100 [06:10<03:52,  5.97s/epoch, best=1.198e+01, sign=0.183, train=1.209e+01, val=1.196e+01]
GNN flow training:  62%|██████▏   | 62/100 [06:10<03:47,  5.99s/epoch, best=1.198e+01, sign=0.183, train=1.209e+01, val=1.196e+01]
GNN flow training:  62%|██████▏   | 62/100 [06:16<03:47,  5.99s/epoch, best=1.196e+01, sign=0.184, train=1.208e+01, val=1.193e+01]
GNN flow training:  63%|██████▎   | 63/100 [06:16<03:42,  6.00s/epoch, best=1.196e+01, sign=0.184, train=1.208e+01, val=1.193e+01]
GNN flow training:  63%|██████▎   | 63/100 [06:22<03:42,  6.00s/epoch, best=1.193e+01, sign=0.184, train=1.205e+01, val=1.191e+01]
GNN flow training:  64%|██████▍   | 64/100 [06:22<03:36,  6.00s/epoch, best=1.193e+01, sign=0.184, train=1.205e+01, val=1.191e+01]
GNN flow training:  64%|██████▍   | 64/100 [06:28<03:36,  6.00s/epoch, best=1.191e+01, sign=0.184, train=1.203e+01, val=1.188e+01]
GNN flow training:  65%|██████▌   | 65/100 [06:28<03:30,  6.01s/epoch, best=1.191e+01, sign=0.184, train=1.203e+01, val=1.188e+01]
GNN flow training:  65%|██████▌   | 65/100 [06:34<03:30,  6.01s/epoch, best=1.188e+01, sign=0.184, train=1.200e+01, val=1.188e+01]
GNN flow training:  66%|██████▌   | 66/100 [06:34<03:23,  6.00s/epoch, best=1.188e+01, sign=0.184, train=1.200e+01, val=1.188e+01]
GNN flow training:  66%|██████▌   | 66/100 [06:40<03:23,  6.00s/epoch, best=1.188e+01, sign=0.184, train=1.200e+01, val=1.193e+01]
GNN flow training:  67%|██████▋   | 67/100 [06:40<03:18,  6.01s/epoch, best=1.188e+01, sign=0.184, train=1.200e+01, val=1.193e+01]
GNN flow training:  67%|██████▋   | 67/100 [06:46<03:18,  6.01s/epoch, best=1.188e+01, sign=0.184, train=1.204e+01, val=1.187e+01]
GNN flow training:  68%|██████▊   | 68/100 [06:46<03:12,  6.00s/epoch, best=1.188e+01, sign=0.184, train=1.204e+01, val=1.187e+01]
GNN flow training:  68%|██████▊   | 68/100 [06:52<03:12,  6.00s/epoch, best=1.187e+01, sign=0.184, train=1.198e+01, val=1.184e+01]
GNN flow training:  69%|██████▉   | 69/100 [06:52<03:06,  6.01s/epoch, best=1.187e+01, sign=0.184, train=1.198e+01, val=1.184e+01]
GNN flow training:  69%|██████▉   | 69/100 [06:58<03:06,  6.01s/epoch, best=1.184e+01, sign=0.184, train=1.195e+01, val=1.176e+01]
GNN flow training:  70%|███████   | 70/100 [06:58<02:59,  5.98s/epoch, best=1.184e+01, sign=0.184, train=1.195e+01, val=1.176e+01]
GNN flow training:  70%|███████   | 70/100 [07:04<02:59,  5.98s/epoch, best=1.176e+01, sign=0.184, train=1.186e+01, val=1.167e+01]
GNN flow training:  71%|███████   | 71/100 [07:04<02:54,  6.00s/epoch, best=1.176e+01, sign=0.184, train=1.186e+01, val=1.167e+01]
GNN flow training:  71%|███████   | 71/100 [07:10<02:54,  6.00s/epoch, best=1.167e+01, sign=0.183, train=1.177e+01, val=1.167e+01]
GNN flow training:  72%|███████▏  | 72/100 [07:10<02:47,  6.00s/epoch, best=1.167e+01, sign=0.183, train=1.177e+01, val=1.167e+01]
GNN flow training:  72%|███████▏  | 72/100 [07:16<02:47,  6.00s/epoch, best=1.167e+01, sign=0.183, train=1.178e+01, val=1.170e+01]
GNN flow training:  73%|███████▎  | 73/100 [07:16<02:41,  6.00s/epoch, best=1.167e+01, sign=0.183, train=1.178e+01, val=1.170e+01]
GNN flow training:  73%|███████▎  | 73/100 [07:22<02:41,  6.00s/epoch, best=1.167e+01, sign=0.183, train=1.180e+01, val=1.179e+01]
GNN flow training:  74%|███████▍  | 74/100 [07:22<02:35,  6.00s/epoch, best=1.167e+01, sign=0.183, train=1.180e+01, val=1.179e+01]
GNN flow training:  74%|███████▍  | 74/100 [07:28<02:35,  6.00s/epoch, best=1.167e+01, sign=0.181, train=1.190e+01, val=1.188e+01]
GNN flow training:  75%|███████▌  | 75/100 [07:28<02:29,  5.97s/epoch, best=1.167e+01, sign=0.181, train=1.190e+01, val=1.188e+01]
GNN flow training:  75%|███████▌  | 75/100 [07:34<02:29,  5.97s/epoch, best=1.167e+01, sign=0.180, train=1.199e+01, val=1.185e+01]
GNN flow training:  76%|███████▌  | 76/100 [07:34<02:23,  5.98s/epoch, best=1.167e+01, sign=0.180, train=1.199e+01, val=1.185e+01]
GNN flow training:  76%|███████▌  | 76/100 [07:40<02:23,  5.98s/epoch, best=1.167e+01, sign=0.181, train=1.197e+01, val=1.178e+01]
GNN flow training:  77%|███████▋  | 77/100 [07:40<02:16,  5.95s/epoch, best=1.167e+01, sign=0.181, train=1.197e+01, val=1.178e+01]
GNN flow training:  77%|███████▋  | 77/100 [07:45<02:16,  5.95s/epoch, best=1.167e+01, sign=0.183, train=1.190e+01, val=1.168e+01]
GNN flow training:  78%|███████▊  | 78/100 [07:45<02:10,  5.95s/epoch, best=1.167e+01, sign=0.183, train=1.190e+01, val=1.168e+01]
GNN flow training:  78%|███████▊  | 78/100 [07:51<02:10,  5.95s/epoch, best=1.167e+01, sign=0.182, train=1.180e+01, val=1.163e+01]
GNN flow training:  79%|███████▉  | 79/100 [07:51<02:05,  5.96s/epoch, best=1.167e+01, sign=0.182, train=1.180e+01, val=1.163e+01]
GNN flow training:  79%|███████▉  | 79/100 [07:57<02:05,  5.96s/epoch, best=1.163e+01, sign=0.183, train=1.174e+01, val=1.157e+01]
GNN flow training:  80%|████████  | 80/100 [07:57<01:59,  5.95s/epoch, best=1.163e+01, sign=0.183, train=1.174e+01, val=1.157e+01]
GNN flow training:  80%|████████  | 80/100 [08:03<01:59,  5.95s/epoch, best=1.157e+01, sign=0.183, train=1.168e+01, val=1.155e+01]
GNN flow training:  81%|████████  | 81/100 [08:03<01:53,  5.95s/epoch, best=1.157e+01, sign=0.183, train=1.168e+01, val=1.155e+01]
GNN flow training:  81%|████████  | 81/100 [08:09<01:53,  5.95s/epoch, best=1.155e+01, sign=0.183, train=1.166e+01, val=1.152e+01]
GNN flow training:  82%|████████▏ | 82/100 [08:09<01:47,  5.96s/epoch, best=1.155e+01, sign=0.183, train=1.166e+01, val=1.152e+01]
GNN flow training:  82%|████████▏ | 82/100 [08:15<01:47,  5.96s/epoch, best=1.152e+01, sign=0.185, train=1.164e+01, val=1.155e+01]
GNN flow training:  83%|████████▎ | 83/100 [08:15<01:41,  5.96s/epoch, best=1.152e+01, sign=0.185, train=1.164e+01, val=1.155e+01]
GNN flow training:  83%|████████▎ | 83/100 [08:21<01:41,  5.96s/epoch, best=1.152e+01, sign=0.184, train=1.166e+01, val=1.152e+01]
GNN flow training:  84%|████████▍ | 84/100 [08:21<01:35,  5.97s/epoch, best=1.152e+01, sign=0.184, train=1.166e+01, val=1.152e+01]
GNN flow training:  84%|████████▍ | 84/100 [08:27<01:35,  5.97s/epoch, best=1.152e+01, sign=0.183, train=1.163e+01, val=1.148e+01]
GNN flow training:  85%|████████▌ | 85/100 [08:27<01:29,  5.96s/epoch, best=1.152e+01, sign=0.183, train=1.163e+01, val=1.148e+01]
GNN flow training:  85%|████████▌ | 85/100 [08:33<01:29,  5.96s/epoch, best=1.148e+01, sign=0.184, train=1.159e+01, val=1.142e+01]
GNN flow training:  86%|████████▌ | 86/100 [08:33<01:23,  5.98s/epoch, best=1.148e+01, sign=0.184, train=1.159e+01, val=1.142e+01]
GNN flow training:  86%|████████▌ | 86/100 [08:39<01:23,  5.98s/epoch, best=1.142e+01, sign=0.183, train=1.153e+01, val=1.139e+01]
GNN flow training:  87%|████████▋ | 87/100 [08:39<01:17,  6.00s/epoch, best=1.142e+01, sign=0.183, train=1.153e+01, val=1.139e+01]
GNN flow training:  87%|████████▋ | 87/100 [08:45<01:17,  6.00s/epoch, best=1.139e+01, sign=0.182, train=1.149e+01, val=1.137e+01]
GNN flow training:  88%|████████▊ | 88/100 [08:45<01:11,  5.99s/epoch, best=1.139e+01, sign=0.182, train=1.149e+01, val=1.137e+01]
GNN flow training:  88%|████████▊ | 88/100 [08:51<01:11,  5.99s/epoch, best=1.137e+01, sign=0.182, train=1.147e+01, val=1.132e+01]
GNN flow training:  89%|████████▉ | 89/100 [08:51<01:05,  5.97s/epoch, best=1.137e+01, sign=0.182, train=1.147e+01, val=1.132e+01]
GNN flow training:  89%|████████▉ | 89/100 [08:57<01:05,  5.97s/epoch, best=1.132e+01, sign=0.183, train=1.143e+01, val=1.130e+01]
GNN flow training:  90%|█████████ | 90/100 [08:57<00:59,  5.98s/epoch, best=1.132e+01, sign=0.183, train=1.143e+01, val=1.130e+01]
GNN flow training:  90%|█████████ | 90/100 [09:03<00:59,  5.98s/epoch, best=1.130e+01, sign=0.183, train=1.140e+01, val=1.129e+01]
GNN flow training:  91%|█████████ | 91/100 [09:03<00:53,  5.98s/epoch, best=1.130e+01, sign=0.183, train=1.140e+01, val=1.129e+01]
GNN flow training:  91%|█████████ | 91/100 [09:09<00:53,  5.98s/epoch, best=1.129e+01, sign=0.184, train=1.140e+01, val=1.131e+01]
GNN flow training:  92%|█████████▏| 92/100 [09:09<00:47,  5.97s/epoch, best=1.129e+01, sign=0.184, train=1.140e+01, val=1.131e+01]
GNN flow training:  92%|█████████▏| 92/100 [09:15<00:47,  5.97s/epoch, best=1.129e+01, sign=0.183, train=1.141e+01, val=1.124e+01]
GNN flow training:  93%|█████████▎| 93/100 [09:15<00:41,  5.97s/epoch, best=1.129e+01, sign=0.183, train=1.141e+01, val=1.124e+01]
GNN flow training:  93%|█████████▎| 93/100 [09:21<00:41,  5.97s/epoch, best=1.124e+01, sign=0.182, train=1.135e+01, val=1.119e+01]
GNN flow training:  94%|█████████▍| 94/100 [09:21<00:35,  5.97s/epoch, best=1.124e+01, sign=0.182, train=1.135e+01, val=1.119e+01]
GNN flow training:  94%|█████████▍| 94/100 [09:27<00:35,  5.97s/epoch, best=1.119e+01, sign=0.182, train=1.130e+01, val=1.123e+01]
GNN flow training:  95%|█████████▌| 95/100 [09:27<00:29,  5.99s/epoch, best=1.119e+01, sign=0.182, train=1.130e+01, val=1.123e+01]
GNN flow training:  95%|█████████▌| 95/100 [09:33<00:29,  5.99s/epoch, best=1.119e+01, sign=0.181, train=1.133e+01, val=1.123e+01]
GNN flow training:  96%|█████████▌| 96/100 [09:33<00:23,  5.96s/epoch, best=1.119e+01, sign=0.181, train=1.133e+01, val=1.123e+01]
GNN flow training:  96%|█████████▌| 96/100 [09:39<00:23,  5.96s/epoch, best=1.119e+01, sign=0.181, train=1.133e+01, val=1.119e+01]
GNN flow training:  97%|█████████▋| 97/100 [09:39<00:17,  5.95s/epoch, best=1.119e+01, sign=0.181, train=1.133e+01, val=1.119e+01]
GNN flow training:  97%|█████████▋| 97/100 [09:45<00:17,  5.95s/epoch, best=1.119e+01, sign=0.182, train=1.129e+01, val=1.112e+01]
GNN flow training:  98%|█████████▊| 98/100 [09:45<00:11,  5.96s/epoch, best=1.119e+01, sign=0.182, train=1.129e+01, val=1.112e+01]
GNN flow training:  98%|█████████▊| 98/100 [09:51<00:11,  5.96s/epoch, best=1.112e+01, sign=0.183, train=1.122e+01, val=1.111e+01]
GNN flow training:  99%|█████████▉| 99/100 [09:51<00:05,  5.95s/epoch, best=1.112e+01, sign=0.183, train=1.122e+01, val=1.111e+01]
GNN flow training:  99%|█████████▉| 99/100 [09:57<00:05,  5.95s/epoch, best=1.111e+01, sign=0.183, train=1.123e+01, val=1.119e+01]
GNN flow training: 100%|██████████| 100/100 [09:57<00:00,  5.93s/epoch, best=1.111e+01, sign=0.183, train=1.123e+01, val=1.119e+01]
GNN flow training: 100%|██████████| 100/100 [09:57<00:00,  5.97s/epoch, best=1.111e+01, sign=0.183, train=1.123e+01, val=1.119e+01]
Resolved config snapshot:
{'preset': 'solver_QKB_outer_QKBdelta', 'gnn_outer_losses': {'flow': 10.0, 'kirchhoff': 1.0, 'boundary': 100.0, 'delta_l2': 100.0, 'delta_smooth': 0.0, 'pressure_shape': 0.0}, 'physics': {'arterial_flow_mode': 'dataset', 'pressure_constraints': ['equal-a-equal-v'], 'alpha_pa': None, 'use_snr_weights': True, 'use_observed_flow_snr_weighting': True, 'flow_scale_mode': 'median_abs', 'solver_device': 'same', 'pressure_solver_mode': 'reduced-soft-constrained-lstsq', 'pressure_solver_lambda_kirchhoff': 1.0, 'pressure_solver_lambda_pressure_constraints': 100.0, 'pressure_solver_lambda_flow_residual': 1.0, 'pressure_shape_reference': 'delta_zero_reference', 'pressure_detach': False}, 'correction_bounds': {'correction_min': -0.5, 'correction_max': 0.5, 'correction_bound': 0.5, 'correction_parameterization': 'tanh'}, 'optimization': {'learning_rate': 0.001, 'weight_decay': 0.0001, 'gradient_clip_norm': 5.0, 'optimizer': 'adamw', 'epochs': 100, 'patience': 40}}
Shard 40/80: 1 of 80 runs
Command: /mnt/home/sswee/miniforge3/envs/yolk-sac/bin/python /mnt/home/sswee/yolk/Yolk-Sac-Flow-Data-and-Sim/gnn_clean/scripts/python/gnn_flow.py /mnt/home/sswee/yolk/Yolk-Sac-Flow-Data-and-Sim/gnn_clean/datasets/mosaic_graph_canonical_harmonized/mosaic_graph_canonical_harmonized.gpickle --output-dir /mnt/home/sswee/yolk/Yolk-Sac-Flow-Data-and-Sim/gnn_clean/outputs_canonical/dc/02_physics_weight_sweep/gnn --run-name q_10__k_1__delta_100 --preset solver_QKB_outer_QKBdelta --device cuda --epochs 100 --seed 0 --viscosity-pa-s 0.0035 --config /mnt/home/sswee/yolk/Yolk-Sac-Flow-Data-and-Sim/gnn_clean/outputs_canonical/dc/02_physics_weight_sweep/_generated_configs/q_10__k_1__delta_100.yaml --no-pressure-detach
