[info] DC Step 2 canonical sweep uses fixed lambda_B=100.0 for both the outer boundary loss and the reduced pressure-solver boundary constraint.

GNN flow training:   0%|          | 0/100 [00:00<?, ?epoch/s]
GNN flow training:   0%|          | 0/100 [00:06<?, ?epoch/s, best=1.279e+01, sign=0.194, train=1.280e+01, val=1.279e+01]
GNN flow training:   1%|          | 1/100 [00:06<10:11,  6.18s/epoch, best=1.279e+01, sign=0.194, train=1.280e+01, val=1.279e+01]
GNN flow training:   1%|          | 1/100 [00:12<10:11,  6.18s/epoch, best=1.279e+01, sign=0.194, train=1.281e+01, val=1.282e+01]
GNN flow training:   2%|▏         | 2/100 [00:12<09:59,  6.12s/epoch, best=1.279e+01, sign=0.194, train=1.281e+01, val=1.282e+01]
GNN flow training:   2%|▏         | 2/100 [00:18<09:59,  6.12s/epoch, best=1.279e+01, sign=0.194, train=1.283e+01, val=1.281e+01]
GNN flow training:   3%|▎         | 3/100 [00:18<09:47,  6.06s/epoch, best=1.279e+01, sign=0.194, train=1.283e+01, val=1.281e+01]
GNN flow training:   3%|▎         | 3/100 [00:24<09:47,  6.06s/epoch, best=1.279e+01, sign=0.194, train=1.283e+01, val=1.277e+01]
GNN flow training:   4%|▍         | 4/100 [00:24<09:42,  6.07s/epoch, best=1.279e+01, sign=0.194, train=1.283e+01, val=1.277e+01]
GNN flow training:   4%|▍         | 4/100 [00:30<09:42,  6.07s/epoch, best=1.277e+01, sign=0.194, train=1.278e+01, val=1.278e+01]
GNN flow training:   5%|▌         | 5/100 [00:30<09:35,  6.06s/epoch, best=1.277e+01, sign=0.194, train=1.278e+01, val=1.278e+01]
GNN flow training:   5%|▌         | 5/100 [00:36<09:35,  6.06s/epoch, best=1.277e+01, sign=0.194, train=1.279e+01, val=1.277e+01]
GNN flow training:   6%|▌         | 6/100 [00:36<09:26,  6.02s/epoch, best=1.277e+01, sign=0.194, train=1.279e+01, val=1.277e+01]
GNN flow training:   6%|▌         | 6/100 [00:42<09:26,  6.02s/epoch, best=1.277e+01, sign=0.195, train=1.279e+01, val=1.276e+01]
GNN flow training:   7%|▋         | 7/100 [00:42<09:18,  6.01s/epoch, best=1.277e+01, sign=0.195, train=1.279e+01, val=1.276e+01]
GNN flow training:   7%|▋         | 7/100 [00:48<09:18,  6.01s/epoch, best=1.276e+01, sign=0.195, train=1.277e+01, val=1.274e+01]
GNN flow training:   8%|▊         | 8/100 [00:48<09:17,  6.06s/epoch, best=1.276e+01, sign=0.195, train=1.277e+01, val=1.274e+01]
GNN flow training:   8%|▊         | 8/100 [00:54<09:17,  6.06s/epoch, best=1.274e+01, sign=0.195, train=1.276e+01, val=1.274e+01]
GNN flow training:   9%|▉         | 9/100 [00:54<09:11,  6.06s/epoch, best=1.274e+01, sign=0.195, train=1.276e+01, val=1.274e+01]
GNN flow training:   9%|▉         | 9/100 [01:00<09:11,  6.06s/epoch, best=1.274e+01, sign=0.196, train=1.276e+01, val=1.275e+01]
GNN flow training:  10%|█         | 10/100 [01:00<09:06,  6.07s/epoch, best=1.274e+01, sign=0.196, train=1.276e+01, val=1.275e+01]
GNN flow training:  10%|█         | 10/100 [01:06<09:06,  6.07s/epoch, best=1.274e+01, sign=0.196, train=1.277e+01, val=1.277e+01]
GNN flow training:  11%|█         | 11/100 [01:06<08:59,  6.06s/epoch, best=1.274e+01, sign=0.196, train=1.277e+01, val=1.277e+01]
GNN flow training:  11%|█         | 11/100 [01:12<08:59,  6.06s/epoch, best=1.274e+01, sign=0.196, train=1.278e+01, val=1.273e+01]
GNN flow training:  12%|█▏        | 12/100 [01:12<08:53,  6.07s/epoch, best=1.274e+01, sign=0.196, train=1.278e+01, val=1.273e+01]
GNN flow training:  12%|█▏        | 12/100 [01:18<08:53,  6.07s/epoch, best=1.273e+01, sign=0.196, train=1.275e+01, val=1.273e+01]
GNN flow training:  13%|█▎        | 13/100 [01:18<08:48,  6.07s/epoch, best=1.273e+01, sign=0.196, train=1.275e+01, val=1.273e+01]
GNN flow training:  13%|█▎        | 13/100 [01:24<08:48,  6.07s/epoch, best=1.273e+01, sign=0.196, train=1.274e+01, val=1.273e+01]
GNN flow training:  14%|█▍        | 14/100 [01:24<08:40,  6.05s/epoch, best=1.273e+01, sign=0.196, train=1.274e+01, val=1.273e+01]
GNN flow training:  14%|█▍        | 14/100 [01:30<08:40,  6.05s/epoch, best=1.273e+01, sign=0.195, train=1.275e+01, val=1.271e+01]
GNN flow training:  15%|█▌        | 15/100 [01:30<08:35,  6.06s/epoch, best=1.273e+01, sign=0.195, train=1.275e+01, val=1.271e+01]
GNN flow training:  15%|█▌        | 15/100 [01:36<08:35,  6.06s/epoch, best=1.271e+01, sign=0.195, train=1.272e+01, val=1.267e+01]
GNN flow training:  16%|█▌        | 16/100 [01:36<08:28,  6.06s/epoch, best=1.271e+01, sign=0.195, train=1.272e+01, val=1.267e+01]
GNN flow training:  16%|█▌        | 16/100 [01:43<08:28,  6.06s/epoch, best=1.267e+01, sign=0.195, train=1.269e+01, val=1.263e+01]
GNN flow training:  17%|█▋        | 17/100 [01:43<08:22,  6.06s/epoch, best=1.267e+01, sign=0.195, train=1.269e+01, val=1.263e+01]
GNN flow training:  17%|█▋        | 17/100 [01:49<08:22,  6.06s/epoch, best=1.263e+01, sign=0.195, train=1.265e+01, val=1.262e+01]
GNN flow training:  18%|█▊        | 18/100 [01:49<08:15,  6.04s/epoch, best=1.263e+01, sign=0.195, train=1.265e+01, val=1.262e+01]
GNN flow training:  18%|█▊        | 18/100 [01:55<08:15,  6.04s/epoch, best=1.262e+01, sign=0.195, train=1.263e+01, val=1.259e+01]
GNN flow training:  19%|█▉        | 19/100 [01:55<08:09,  6.04s/epoch, best=1.262e+01, sign=0.195, train=1.263e+01, val=1.259e+01]
GNN flow training:  19%|█▉        | 19/100 [02:01<08:09,  6.04s/epoch, best=1.259e+01, sign=0.194, train=1.261e+01, val=1.257e+01]
GNN flow training:  20%|██        | 20/100 [02:01<08:02,  6.03s/epoch, best=1.259e+01, sign=0.194, train=1.261e+01, val=1.257e+01]
GNN flow training:  20%|██        | 20/100 [02:07<08:02,  6.03s/epoch, best=1.257e+01, sign=0.195, train=1.258e+01, val=1.254e+01]
GNN flow training:  21%|██        | 21/100 [02:07<07:56,  6.03s/epoch, best=1.257e+01, sign=0.195, train=1.258e+01, val=1.254e+01]
GNN flow training:  21%|██        | 21/100 [02:13<07:56,  6.03s/epoch, best=1.254e+01, sign=0.195, train=1.255e+01, val=1.250e+01]
GNN flow training:  22%|██▏       | 22/100 [02:13<07:51,  6.04s/epoch, best=1.254e+01, sign=0.195, train=1.255e+01, val=1.250e+01]
GNN flow training:  22%|██▏       | 22/100 [02:19<07:51,  6.04s/epoch, best=1.250e+01, sign=0.195, train=1.251e+01, val=1.246e+01]
GNN flow training:  23%|██▎       | 23/100 [02:19<07:46,  6.06s/epoch, best=1.250e+01, sign=0.195, train=1.251e+01, val=1.246e+01]
GNN flow training:  23%|██▎       | 23/100 [02:25<07:46,  6.06s/epoch, best=1.246e+01, sign=0.195, train=1.248e+01, val=1.242e+01]
GNN flow training:  24%|██▍       | 24/100 [02:25<07:38,  6.04s/epoch, best=1.246e+01, sign=0.195, train=1.248e+01, val=1.242e+01]
GNN flow training:  24%|██▍       | 24/100 [02:31<07:38,  6.04s/epoch, best=1.242e+01, sign=0.195, train=1.243e+01, val=1.233e+01]
GNN flow training:  25%|██▌       | 25/100 [02:31<07:32,  6.04s/epoch, best=1.242e+01, sign=0.195, train=1.243e+01, val=1.233e+01]
GNN flow training:  25%|██▌       | 25/100 [02:37<07:32,  6.04s/epoch, best=1.233e+01, sign=0.194, train=1.234e+01, val=1.228e+01]
GNN flow training:  26%|██▌       | 26/100 [02:37<07:28,  6.05s/epoch, best=1.233e+01, sign=0.194, train=1.234e+01, val=1.228e+01]
GNN flow training:  26%|██▌       | 26/100 [02:43<07:28,  6.05s/epoch, best=1.228e+01, sign=0.193, train=1.229e+01, val=1.227e+01]
GNN flow training:  27%|██▋       | 27/100 [02:43<07:20,  6.04s/epoch, best=1.228e+01, sign=0.193, train=1.229e+01, val=1.227e+01]
GNN flow training:  27%|██▋       | 27/100 [02:49<07:20,  6.04s/epoch, best=1.227e+01, sign=0.193, train=1.229e+01, val=1.225e+01]
GNN flow training:  28%|██▊       | 28/100 [02:49<07:13,  6.02s/epoch, best=1.227e+01, sign=0.193, train=1.229e+01, val=1.225e+01]
GNN flow training:  28%|██▊       | 28/100 [02:55<07:13,  6.02s/epoch, best=1.225e+01, sign=0.192, train=1.227e+01, val=1.224e+01]
GNN flow training:  29%|██▉       | 29/100 [02:55<07:08,  6.04s/epoch, best=1.225e+01, sign=0.192, train=1.227e+01, val=1.224e+01]
GNN flow training:  29%|██▉       | 29/100 [03:01<07:08,  6.04s/epoch, best=1.224e+01, sign=0.192, train=1.225e+01, val=1.226e+01]
GNN flow training:  30%|███       | 30/100 [03:01<07:04,  6.06s/epoch, best=1.224e+01, sign=0.192, train=1.225e+01, val=1.226e+01]
GNN flow training:  30%|███       | 30/100 [03:07<07:04,  6.06s/epoch, best=1.224e+01, sign=0.192, train=1.227e+01, val=1.227e+01]
GNN flow training:  31%|███       | 31/100 [03:07<06:58,  6.07s/epoch, best=1.224e+01, sign=0.192, train=1.227e+01, val=1.227e+01]
GNN flow training:  31%|███       | 31/100 [03:13<06:58,  6.07s/epoch, best=1.224e+01, sign=0.191, train=1.229e+01, val=1.221e+01]
GNN flow training:  32%|███▏      | 32/100 [03:13<06:51,  6.05s/epoch, best=1.224e+01, sign=0.191, train=1.229e+01, val=1.221e+01]
GNN flow training:  32%|███▏      | 32/100 [03:19<06:51,  6.05s/epoch, best=1.221e+01, sign=0.190, train=1.222e+01, val=1.210e+01]
GNN flow training:  33%|███▎      | 33/100 [03:19<06:46,  6.06s/epoch, best=1.221e+01, sign=0.190, train=1.222e+01, val=1.210e+01]
GNN flow training:  33%|███▎      | 33/100 [03:25<06:46,  6.06s/epoch, best=1.210e+01, sign=0.187, train=1.212e+01, val=1.196e+01]
GNN flow training:  34%|███▍      | 34/100 [03:25<06:38,  6.04s/epoch, best=1.210e+01, sign=0.187, train=1.212e+01, val=1.196e+01]
GNN flow training:  34%|███▍      | 34/100 [03:31<06:38,  6.04s/epoch, best=1.196e+01, sign=0.187, train=1.198e+01, val=1.181e+01]
GNN flow training:  35%|███▌      | 35/100 [03:31<06:32,  6.04s/epoch, best=1.196e+01, sign=0.187, train=1.198e+01, val=1.181e+01]
GNN flow training:  35%|███▌      | 35/100 [03:37<06:32,  6.04s/epoch, best=1.181e+01, sign=0.188, train=1.183e+01, val=1.172e+01]
GNN flow training:  36%|███▌      | 36/100 [03:37<06:26,  6.03s/epoch, best=1.181e+01, sign=0.188, train=1.183e+01, val=1.172e+01]
GNN flow training:  36%|███▌      | 36/100 [03:43<06:26,  6.03s/epoch, best=1.172e+01, sign=0.189, train=1.174e+01, val=1.174e+01]
GNN flow training:  37%|███▋      | 37/100 [03:43<06:19,  6.03s/epoch, best=1.172e+01, sign=0.189, train=1.174e+01, val=1.174e+01]
GNN flow training:  37%|███▋      | 37/100 [03:49<06:19,  6.03s/epoch, best=1.172e+01, sign=0.189, train=1.176e+01, val=1.159e+01]
GNN flow training:  38%|███▊      | 38/100 [03:49<06:13,  6.02s/epoch, best=1.172e+01, sign=0.189, train=1.176e+01, val=1.159e+01]
GNN flow training:  38%|███▊      | 38/100 [03:55<06:13,  6.02s/epoch, best=1.159e+01, sign=0.186, train=1.160e+01, val=1.147e+01]
GNN flow training:  39%|███▉      | 39/100 [03:55<06:07,  6.03s/epoch, best=1.159e+01, sign=0.186, train=1.160e+01, val=1.147e+01]
GNN flow training:  39%|███▉      | 39/100 [04:01<06:07,  6.03s/epoch, best=1.147e+01, sign=0.184, train=1.149e+01, val=1.139e+01]
GNN flow training:  40%|████      | 40/100 [04:01<06:01,  6.03s/epoch, best=1.147e+01, sign=0.184, train=1.149e+01, val=1.139e+01]
GNN flow training:  40%|████      | 40/100 [04:07<06:01,  6.03s/epoch, best=1.139e+01, sign=0.183, train=1.141e+01, val=1.136e+01]
GNN flow training:  41%|████      | 41/100 [04:07<05:55,  6.02s/epoch, best=1.139e+01, sign=0.183, train=1.141e+01, val=1.136e+01]
GNN flow training:  41%|████      | 41/100 [04:13<05:55,  6.02s/epoch, best=1.136e+01, sign=0.183, train=1.137e+01, val=1.136e+01]
GNN flow training:  42%|████▏     | 42/100 [04:13<05:49,  6.03s/epoch, best=1.136e+01, sign=0.183, train=1.137e+01, val=1.136e+01]
GNN flow training:  42%|████▏     | 42/100 [04:19<05:49,  6.03s/epoch, best=1.136e+01, sign=0.183, train=1.138e+01, val=1.137e+01]
GNN flow training:  43%|████▎     | 43/100 [04:19<05:43,  6.02s/epoch, best=1.136e+01, sign=0.183, train=1.138e+01, val=1.137e+01]
GNN flow training:  43%|████▎     | 43/100 [04:25<05:43,  6.02s/epoch, best=1.136e+01, sign=0.183, train=1.138e+01, val=1.151e+01]
GNN flow training:  44%|████▍     | 44/100 [04:25<05:37,  6.03s/epoch, best=1.136e+01, sign=0.183, train=1.138e+01, val=1.151e+01]
GNN flow training:  44%|████▍     | 44/100 [04:31<05:37,  6.03s/epoch, best=1.136e+01, sign=0.183, train=1.152e+01, val=1.151e+01]
GNN flow training:  45%|████▌     | 45/100 [04:31<05:30,  6.01s/epoch, best=1.136e+01, sign=0.183, train=1.152e+01, val=1.151e+01]
GNN flow training:  45%|████▌     | 45/100 [04:37<05:30,  6.01s/epoch, best=1.136e+01, sign=0.182, train=1.152e+01, val=1.147e+01]
GNN flow training:  46%|████▌     | 46/100 [04:37<05:24,  6.02s/epoch, best=1.136e+01, sign=0.182, train=1.152e+01, val=1.147e+01]
GNN flow training:  46%|████▌     | 46/100 [04:44<05:24,  6.02s/epoch, best=1.136e+01, sign=0.180, train=1.148e+01, val=1.140e+01]
GNN flow training:  47%|████▋     | 47/100 [04:44<05:19,  6.03s/epoch, best=1.136e+01, sign=0.180, train=1.148e+01, val=1.140e+01]
GNN flow training:  47%|████▋     | 47/100 [04:50<05:19,  6.03s/epoch, best=1.136e+01, sign=0.181, train=1.141e+01, val=1.128e+01]
GNN flow training:  48%|████▊     | 48/100 [04:50<05:14,  6.04s/epoch, best=1.136e+01, sign=0.181, train=1.141e+01, val=1.128e+01]
GNN flow training:  48%|████▊     | 48/100 [04:56<05:14,  6.04s/epoch, best=1.128e+01, sign=0.180, train=1.129e+01, val=1.115e+01]
GNN flow training:  49%|████▉     | 49/100 [04:56<05:07,  6.02s/epoch, best=1.128e+01, sign=0.180, train=1.129e+01, val=1.115e+01]
GNN flow training:  49%|████▉     | 49/100 [05:02<05:07,  6.02s/epoch, best=1.115e+01, sign=0.180, train=1.116e+01, val=1.110e+01]
GNN flow training:  50%|█████     | 50/100 [05:02<04:59,  5.99s/epoch, best=1.115e+01, sign=0.180, train=1.116e+01, val=1.110e+01]
GNN flow training:  50%|█████     | 50/100 [05:08<04:59,  5.99s/epoch, best=1.110e+01, sign=0.178, train=1.111e+01, val=1.111e+01]
GNN flow training:  51%|█████     | 51/100 [05:08<04:54,  6.01s/epoch, best=1.110e+01, sign=0.178, train=1.111e+01, val=1.111e+01]
GNN flow training:  51%|█████     | 51/100 [05:14<04:54,  6.01s/epoch, best=1.110e+01, sign=0.177, train=1.112e+01, val=1.106e+01]
GNN flow training:  52%|█████▏    | 52/100 [05:14<04:48,  6.01s/epoch, best=1.110e+01, sign=0.177, train=1.112e+01, val=1.106e+01]
GNN flow training:  52%|█████▏    | 52/100 [05:20<04:48,  6.01s/epoch, best=1.106e+01, sign=0.177, train=1.107e+01, val=1.100e+01]
GNN flow training:  53%|█████▎    | 53/100 [05:20<04:41,  6.00s/epoch, best=1.106e+01, sign=0.177, train=1.107e+01, val=1.100e+01]
GNN flow training:  53%|█████▎    | 53/100 [05:25<04:41,  6.00s/epoch, best=1.100e+01, sign=0.177, train=1.101e+01, val=1.096e+01]
GNN flow training:  54%|█████▍    | 54/100 [05:25<04:35,  5.98s/epoch, best=1.100e+01, sign=0.177, train=1.101e+01, val=1.096e+01]
GNN flow training:  54%|█████▍    | 54/100 [05:31<04:35,  5.98s/epoch, best=1.096e+01, sign=0.177, train=1.097e+01, val=1.093e+01]
GNN flow training:  55%|█████▌    | 55/100 [05:31<04:28,  5.98s/epoch, best=1.096e+01, sign=0.177, train=1.097e+01, val=1.093e+01]
GNN flow training:  55%|█████▌    | 55/100 [05:37<04:28,  5.98s/epoch, best=1.093e+01, sign=0.176, train=1.094e+01, val=1.085e+01]
GNN flow training:  56%|█████▌    | 56/100 [05:37<04:23,  5.98s/epoch, best=1.093e+01, sign=0.176, train=1.094e+01, val=1.085e+01]
GNN flow training:  56%|█████▌    | 56/100 [05:43<04:23,  5.98s/epoch, best=1.085e+01, sign=0.175, train=1.086e+01, val=1.078e+01]
GNN flow training:  57%|█████▋    | 57/100 [05:43<04:17,  5.99s/epoch, best=1.085e+01, sign=0.175, train=1.086e+01, val=1.078e+01]
GNN flow training:  57%|█████▋    | 57/100 [05:49<04:17,  5.99s/epoch, best=1.078e+01, sign=0.176, train=1.079e+01, val=1.073e+01]
GNN flow training:  58%|█████▊    | 58/100 [05:49<04:12,  6.01s/epoch, best=1.078e+01, sign=0.176, train=1.079e+01, val=1.073e+01]
GNN flow training:  58%|█████▊    | 58/100 [05:56<04:12,  6.01s/epoch, best=1.073e+01, sign=0.174, train=1.074e+01, val=1.069e+01]
GNN flow training:  59%|█████▉    | 59/100 [05:56<04:06,  6.01s/epoch, best=1.073e+01, sign=0.174, train=1.074e+01, val=1.069e+01]
GNN flow training:  59%|█████▉    | 59/100 [06:01<04:06,  6.01s/epoch, best=1.069e+01, sign=0.174, train=1.070e+01, val=1.063e+01]
GNN flow training:  60%|██████    | 60/100 [06:01<04:00,  6.01s/epoch, best=1.069e+01, sign=0.174, train=1.070e+01, val=1.063e+01]
GNN flow training:  60%|██████    | 60/100 [06:08<04:00,  6.01s/epoch, best=1.063e+01, sign=0.174, train=1.064e+01, val=1.060e+01]
GNN flow training:  61%|██████    | 61/100 [06:08<03:54,  6.01s/epoch, best=1.063e+01, sign=0.174, train=1.064e+01, val=1.060e+01]
GNN flow training:  61%|██████    | 61/100 [06:13<03:54,  6.01s/epoch, best=1.060e+01, sign=0.174, train=1.061e+01, val=1.064e+01]
GNN flow training:  62%|██████▏   | 62/100 [06:13<03:47,  6.00s/epoch, best=1.060e+01, sign=0.174, train=1.061e+01, val=1.064e+01]
GNN flow training:  62%|██████▏   | 62/100 [06:19<03:47,  6.00s/epoch, best=1.060e+01, sign=0.173, train=1.065e+01, val=1.070e+01]
GNN flow training:  63%|██████▎   | 63/100 [06:19<03:41,  5.99s/epoch, best=1.060e+01, sign=0.173, train=1.065e+01, val=1.070e+01]
GNN flow training:  63%|██████▎   | 63/100 [06:25<03:41,  5.99s/epoch, best=1.060e+01, sign=0.175, train=1.071e+01, val=1.051e+01]
GNN flow training:  64%|██████▍   | 64/100 [06:25<03:35,  5.98s/epoch, best=1.060e+01, sign=0.175, train=1.071e+01, val=1.051e+01]
GNN flow training:  64%|██████▍   | 64/100 [06:31<03:35,  5.98s/epoch, best=1.051e+01, sign=0.172, train=1.052e+01, val=1.040e+01]
GNN flow training:  65%|██████▌   | 65/100 [06:31<03:29,  5.99s/epoch, best=1.051e+01, sign=0.172, train=1.052e+01, val=1.040e+01]
GNN flow training:  65%|██████▌   | 65/100 [06:37<03:29,  5.99s/epoch, best=1.040e+01, sign=0.165, train=1.041e+01, val=1.044e+01]
GNN flow training:  66%|██████▌   | 66/100 [06:37<03:23,  5.97s/epoch, best=1.040e+01, sign=0.165, train=1.041e+01, val=1.044e+01]
GNN flow training:  66%|██████▌   | 66/100 [06:43<03:23,  5.97s/epoch, best=1.040e+01, sign=0.161, train=1.045e+01, val=1.037e+01]
GNN flow training:  67%|██████▋   | 67/100 [06:43<03:16,  5.97s/epoch, best=1.040e+01, sign=0.161, train=1.045e+01, val=1.037e+01]
GNN flow training:  67%|██████▋   | 67/100 [06:49<03:16,  5.97s/epoch, best=1.037e+01, sign=0.155, train=1.038e+01, val=1.023e+01]
GNN flow training:  68%|██████▊   | 68/100 [06:49<03:10,  5.96s/epoch, best=1.037e+01, sign=0.155, train=1.038e+01, val=1.023e+01]
GNN flow training:  68%|██████▊   | 68/100 [06:55<03:10,  5.96s/epoch, best=1.023e+01, sign=0.151, train=1.024e+01, val=1.018e+01]
GNN flow training:  69%|██████▉   | 69/100 [06:55<03:04,  5.95s/epoch, best=1.023e+01, sign=0.151, train=1.024e+01, val=1.018e+01]
GNN flow training:  69%|██████▉   | 69/100 [07:01<03:04,  5.95s/epoch, best=1.018e+01, sign=0.150, train=1.019e+01, val=9.940e+00]
GNN flow training:  70%|███████   | 70/100 [07:01<02:58,  5.96s/epoch, best=1.018e+01, sign=0.150, train=1.019e+01, val=9.940e+00]
GNN flow training:  70%|███████   | 70/100 [07:07<02:58,  5.96s/epoch, best=9.940e+00, sign=0.152, train=9.950e+00, val=9.942e+00]
GNN flow training:  71%|███████   | 71/100 [07:07<02:53,  5.99s/epoch, best=9.940e+00, sign=0.152, train=9.950e+00, val=9.942e+00]
GNN flow training:  71%|███████   | 71/100 [07:13<02:53,  5.99s/epoch, best=9.940e+00, sign=0.150, train=9.954e+00, val=9.834e+00]
GNN flow training:  72%|███████▏  | 72/100 [07:13<02:48,  6.00s/epoch, best=9.940e+00, sign=0.150, train=9.954e+00, val=9.834e+00]
GNN flow training:  72%|███████▏  | 72/100 [07:19<02:48,  6.00s/epoch, best=9.834e+00, sign=0.146, train=9.845e+00, val=9.857e+00]
GNN flow training:  73%|███████▎  | 73/100 [07:19<02:42,  6.02s/epoch, best=9.834e+00, sign=0.146, train=9.845e+00, val=9.857e+00]
GNN flow training:  73%|███████▎  | 73/100 [07:25<02:42,  6.02s/epoch, best=9.834e+00, sign=0.146, train=9.868e+00, val=9.867e+00]
GNN flow training:  74%|███████▍  | 74/100 [07:25<02:36,  6.01s/epoch, best=9.834e+00, sign=0.146, train=9.868e+00, val=9.867e+00]
GNN flow training:  74%|███████▍  | 74/100 [07:31<02:36,  6.01s/epoch, best=9.834e+00, sign=0.147, train=9.878e+00, val=9.703e+00]
GNN flow training:  75%|███████▌  | 75/100 [07:31<02:30,  6.02s/epoch, best=9.834e+00, sign=0.147, train=9.878e+00, val=9.703e+00]
GNN flow training:  75%|███████▌  | 75/100 [07:37<02:30,  6.02s/epoch, best=9.703e+00, sign=0.146, train=9.714e+00, val=9.683e+00]
GNN flow training:  76%|███████▌  | 76/100 [07:37<02:24,  6.02s/epoch, best=9.703e+00, sign=0.146, train=9.714e+00, val=9.683e+00]
GNN flow training:  76%|███████▌  | 76/100 [07:43<02:24,  6.02s/epoch, best=9.683e+00, sign=0.151, train=9.692e+00, val=9.769e+00]
GNN flow training:  77%|███████▋  | 77/100 [07:43<02:18,  6.02s/epoch, best=9.683e+00, sign=0.151, train=9.692e+00, val=9.769e+00]
GNN flow training:  77%|███████▋  | 77/100 [07:49<02:18,  6.02s/epoch, best=9.683e+00, sign=0.144, train=9.778e+00, val=9.643e+00]
GNN flow training:  78%|███████▊  | 78/100 [07:49<02:12,  6.01s/epoch, best=9.683e+00, sign=0.144, train=9.778e+00, val=9.643e+00]
GNN flow training:  78%|███████▊  | 78/100 [07:55<02:12,  6.01s/epoch, best=9.643e+00, sign=0.144, train=9.651e+00, val=9.611e+00]
GNN flow training:  79%|███████▉  | 79/100 [07:55<02:06,  6.01s/epoch, best=9.643e+00, sign=0.144, train=9.651e+00, val=9.611e+00]
GNN flow training:  79%|███████▉  | 79/100 [08:01<02:06,  6.01s/epoch, best=9.611e+00, sign=0.142, train=9.620e+00, val=9.608e+00]
GNN flow training:  80%|████████  | 80/100 [08:01<02:00,  6.01s/epoch, best=9.611e+00, sign=0.142, train=9.620e+00, val=9.608e+00]
GNN flow training:  80%|████████  | 80/100 [08:07<02:00,  6.01s/epoch, best=9.608e+00, sign=0.141, train=9.618e+00, val=9.604e+00]
GNN flow training:  81%|████████  | 81/100 [08:07<01:54,  6.01s/epoch, best=9.608e+00, sign=0.141, train=9.618e+00, val=9.604e+00]
GNN flow training:  81%|████████  | 81/100 [08:13<01:54,  6.01s/epoch, best=9.604e+00, sign=0.141, train=9.613e+00, val=9.571e+00]
GNN flow training:  82%|████████▏ | 82/100 [08:13<01:48,  6.01s/epoch, best=9.604e+00, sign=0.141, train=9.613e+00, val=9.571e+00]
GNN flow training:  82%|████████▏ | 82/100 [08:19<01:48,  6.01s/epoch, best=9.571e+00, sign=0.140, train=9.580e+00, val=9.542e+00]
GNN flow training:  83%|████████▎ | 83/100 [08:19<01:42,  6.02s/epoch, best=9.571e+00, sign=0.140, train=9.580e+00, val=9.542e+00]
GNN flow training:  83%|████████▎ | 83/100 [08:26<01:42,  6.02s/epoch, best=9.542e+00, sign=0.140, train=9.551e+00, val=9.515e+00]
GNN flow training:  84%|████████▍ | 84/100 [08:26<01:36,  6.03s/epoch, best=9.542e+00, sign=0.140, train=9.551e+00, val=9.515e+00]
GNN flow training:  84%|████████▍ | 84/100 [08:32<01:36,  6.03s/epoch, best=9.515e+00, sign=0.140, train=9.523e+00, val=9.525e+00]
GNN flow training:  85%|████████▌ | 85/100 [08:32<01:30,  6.02s/epoch, best=9.515e+00, sign=0.140, train=9.523e+00, val=9.525e+00]
GNN flow training:  85%|████████▌ | 85/100 [08:38<01:30,  6.02s/epoch, best=9.515e+00, sign=0.140, train=9.533e+00, val=9.534e+00]
GNN flow training:  86%|████████▌ | 86/100 [08:38<01:24,  6.02s/epoch, best=9.515e+00, sign=0.140, train=9.533e+00, val=9.534e+00]
GNN flow training:  86%|████████▌ | 86/100 [08:44<01:24,  6.02s/epoch, best=9.515e+00, sign=0.140, train=9.541e+00, val=9.497e+00]
GNN flow training:  87%|████████▋ | 87/100 [08:44<01:18,  6.02s/epoch, best=9.515e+00, sign=0.140, train=9.541e+00, val=9.497e+00]
GNN flow training:  87%|████████▋ | 87/100 [08:50<01:18,  6.02s/epoch, best=9.497e+00, sign=0.140, train=9.505e+00, val=9.556e+00]
GNN flow training:  88%|████████▊ | 88/100 [08:50<01:12,  6.02s/epoch, best=9.497e+00, sign=0.140, train=9.505e+00, val=9.556e+00]
GNN flow training:  88%|████████▊ | 88/100 [08:56<01:12,  6.02s/epoch, best=9.497e+00, sign=0.141, train=9.564e+00, val=9.572e+00]
GNN flow training:  89%|████████▉ | 89/100 [08:56<01:06,  6.04s/epoch, best=9.497e+00, sign=0.141, train=9.564e+00, val=9.572e+00]
GNN flow training:  89%|████████▉ | 89/100 [09:02<01:06,  6.04s/epoch, best=9.497e+00, sign=0.141, train=9.581e+00, val=9.576e+00]
GNN flow training:  90%|█████████ | 90/100 [09:02<01:00,  6.04s/epoch, best=9.497e+00, sign=0.141, train=9.581e+00, val=9.576e+00]
GNN flow training:  90%|█████████ | 90/100 [09:08<01:00,  6.04s/epoch, best=9.497e+00, sign=0.140, train=9.585e+00, val=9.443e+00]
GNN flow training:  91%|█████████ | 91/100 [09:08<00:54,  6.02s/epoch, best=9.497e+00, sign=0.140, train=9.585e+00, val=9.443e+00]
GNN flow training:  91%|█████████ | 91/100 [09:14<00:54,  6.02s/epoch, best=9.443e+00, sign=0.139, train=9.451e+00, val=9.445e+00]
GNN flow training:  92%|█████████▏| 92/100 [09:14<00:48,  6.03s/epoch, best=9.443e+00, sign=0.139, train=9.451e+00, val=9.445e+00]
GNN flow training:  92%|█████████▏| 92/100 [09:20<00:48,  6.03s/epoch, best=9.443e+00, sign=0.140, train=9.454e+00, val=9.425e+00]
GNN flow training:  93%|█████████▎| 93/100 [09:20<00:42,  6.02s/epoch, best=9.443e+00, sign=0.140, train=9.454e+00, val=9.425e+00]
GNN flow training:  93%|█████████▎| 93/100 [09:26<00:42,  6.02s/epoch, best=9.425e+00, sign=0.141, train=9.433e+00, val=9.425e+00]
GNN flow training:  94%|█████████▍| 94/100 [09:26<00:36,  6.02s/epoch, best=9.425e+00, sign=0.141, train=9.433e+00, val=9.425e+00]
GNN flow training:  94%|█████████▍| 94/100 [09:32<00:36,  6.02s/epoch, best=9.425e+00, sign=0.143, train=9.433e+00, val=9.473e+00]
GNN flow training:  95%|█████████▌| 95/100 [09:32<00:30,  6.02s/epoch, best=9.425e+00, sign=0.143, train=9.433e+00, val=9.473e+00]
GNN flow training:  95%|█████████▌| 95/100 [09:38<00:30,  6.02s/epoch, best=9.425e+00, sign=0.140, train=9.482e+00, val=9.429e+00]
GNN flow training:  96%|█████████▌| 96/100 [09:38<00:24,  6.01s/epoch, best=9.425e+00, sign=0.140, train=9.482e+00, val=9.429e+00]
GNN flow training:  96%|█████████▌| 96/100 [09:44<00:24,  6.01s/epoch, best=9.425e+00, sign=0.140, train=9.438e+00, val=9.377e+00]
GNN flow training:  97%|█████████▋| 97/100 [09:44<00:18,  6.01s/epoch, best=9.425e+00, sign=0.140, train=9.438e+00, val=9.377e+00]
GNN flow training:  97%|█████████▋| 97/100 [09:50<00:18,  6.01s/epoch, best=9.377e+00, sign=0.141, train=9.386e+00, val=9.329e+00]
GNN flow training:  98%|█████████▊| 98/100 [09:50<00:12,  6.03s/epoch, best=9.377e+00, sign=0.141, train=9.386e+00, val=9.329e+00]
GNN flow training:  98%|█████████▊| 98/100 [09:56<00:12,  6.03s/epoch, best=9.329e+00, sign=0.144, train=9.338e+00, val=9.335e+00]
GNN flow training:  99%|█████████▉| 99/100 [09:56<00:06,  6.01s/epoch, best=9.329e+00, sign=0.144, train=9.338e+00, val=9.335e+00]
GNN flow training:  99%|█████████▉| 99/100 [10:02<00:06,  6.01s/epoch, best=9.329e+00, sign=0.141, train=9.344e+00, val=9.313e+00]
GNN flow training: 100%|██████████| 100/100 [10:02<00:00,  6.01s/epoch, best=9.329e+00, sign=0.141, train=9.344e+00, val=9.313e+00]
GNN flow training: 100%|██████████| 100/100 [10:02<00:00,  6.02s/epoch, best=9.329e+00, sign=0.141, train=9.344e+00, val=9.313e+00]
Resolved config snapshot:
{'preset': 'solver_QKB_outer_QKBdelta', 'gnn_outer_losses': {'flow': 1.0, 'kirchhoff': 1.0, 'boundary': 100.0, 'delta_l2': 1.0, 'delta_smooth': 0.0, 'pressure_shape': 0.0}, 'physics': {'arterial_flow_mode': 'dataset', 'pressure_constraints': ['equal-a-equal-v'], 'alpha_pa': None, 'use_snr_weights': True, 'use_observed_flow_snr_weighting': True, 'flow_scale_mode': 'median_abs', 'solver_device': 'same', 'pressure_solver_mode': 'reduced-soft-constrained-lstsq', 'pressure_solver_lambda_kirchhoff': 1.0, 'pressure_solver_lambda_pressure_constraints': 100.0, 'pressure_solver_lambda_flow_residual': 1.0, 'pressure_shape_reference': 'delta_zero_reference', 'pressure_detach': False}, 'correction_bounds': {'correction_min': -0.5, 'correction_max': 0.5, 'correction_bound': 0.5, 'correction_parameterization': 'tanh'}, 'optimization': {'learning_rate': 0.001, 'weight_decay': 0.0001, 'gradient_clip_norm': 5.0, 'optimizer': 'adamw', 'epochs': 100, 'patience': 40}}
Shard 22/80: 1 of 80 runs
Command: /mnt/home/sswee/miniforge3/envs/yolk-sac/bin/python /mnt/home/sswee/yolk/Yolk-Sac-Flow-Data-and-Sim/gnn_clean/scripts/python/gnn_flow.py /mnt/home/sswee/yolk/Yolk-Sac-Flow-Data-and-Sim/gnn_clean/datasets/mosaic_graph_canonical_harmonized/mosaic_graph_canonical_harmonized.gpickle --output-dir /mnt/home/sswee/yolk/Yolk-Sac-Flow-Data-and-Sim/gnn_clean/outputs_canonical/dc/02_physics_weight_sweep/gnn --run-name q_1__k_1__delta_1 --preset solver_QKB_outer_QKBdelta --device cuda --epochs 100 --seed 0 --viscosity-pa-s 0.0035 --config /mnt/home/sswee/yolk/Yolk-Sac-Flow-Data-and-Sim/gnn_clean/outputs_canonical/dc/02_physics_weight_sweep/_generated_configs/q_1__k_1__delta_1.yaml --no-pressure-detach
