
GNN flow training:   0%|          | 0/100 [00:00<?, ?epoch/s]
GNN flow training:   0%|          | 0/100 [00:04<?, ?epoch/s, best=1.777e+01, sign=0.194, train=1.932e+01, val=1.777e+01]
GNN flow training:   1%|          | 1/100 [00:04<07:38,  4.63s/epoch, best=1.777e+01, sign=0.194, train=1.932e+01, val=1.777e+01]
GNN flow training:   1%|          | 1/100 [00:09<07:38,  4.63s/epoch, best=1.777e+01, sign=0.194, train=1.933e+01, val=1.776e+01]
GNN flow training:   2%|▏         | 2/100 [00:09<07:27,  4.56s/epoch, best=1.777e+01, sign=0.194, train=1.933e+01, val=1.776e+01]
GNN flow training:   2%|▏         | 2/100 [00:13<07:27,  4.56s/epoch, best=1.776e+01, sign=0.193, train=1.932e+01, val=1.776e+01]
GNN flow training:   3%|▎         | 3/100 [00:13<07:16,  4.50s/epoch, best=1.776e+01, sign=0.193, train=1.932e+01, val=1.776e+01]
GNN flow training:   3%|▎         | 3/100 [00:18<07:16,  4.50s/epoch, best=1.776e+01, sign=0.193, train=1.932e+01, val=1.773e+01]
GNN flow training:   4%|▍         | 4/100 [00:18<07:13,  4.52s/epoch, best=1.776e+01, sign=0.193, train=1.932e+01, val=1.773e+01]
GNN flow training:   4%|▍         | 4/100 [00:22<07:13,  4.52s/epoch, best=1.773e+01, sign=0.193, train=1.928e+01, val=1.772e+01]
GNN flow training:   5%|▌         | 5/100 [00:22<07:07,  4.50s/epoch, best=1.773e+01, sign=0.193, train=1.928e+01, val=1.772e+01]
GNN flow training:   5%|▌         | 5/100 [00:27<07:07,  4.50s/epoch, best=1.772e+01, sign=0.194, train=1.928e+01, val=1.771e+01]
GNN flow training:   6%|▌         | 6/100 [00:27<07:02,  4.50s/epoch, best=1.772e+01, sign=0.194, train=1.928e+01, val=1.771e+01]
GNN flow training:   6%|▌         | 6/100 [00:31<07:02,  4.50s/epoch, best=1.771e+01, sign=0.194, train=1.927e+01, val=1.767e+01]
GNN flow training:   7%|▋         | 7/100 [00:31<06:57,  4.49s/epoch, best=1.771e+01, sign=0.194, train=1.927e+01, val=1.767e+01]
GNN flow training:   7%|▋         | 7/100 [00:36<06:57,  4.49s/epoch, best=1.767e+01, sign=0.195, train=1.923e+01, val=1.763e+01]
GNN flow training:   8%|▊         | 8/100 [00:36<06:54,  4.50s/epoch, best=1.767e+01, sign=0.195, train=1.923e+01, val=1.763e+01]
GNN flow training:   8%|▊         | 8/100 [00:40<06:54,  4.50s/epoch, best=1.763e+01, sign=0.195, train=1.919e+01, val=1.761e+01]
GNN flow training:   9%|▉         | 9/100 [00:40<06:49,  4.50s/epoch, best=1.763e+01, sign=0.195, train=1.919e+01, val=1.761e+01]
GNN flow training:   9%|▉         | 9/100 [00:45<06:49,  4.50s/epoch, best=1.761e+01, sign=0.194, train=1.917e+01, val=1.758e+01]
GNN flow training:  10%|█         | 10/100 [00:45<06:45,  4.50s/epoch, best=1.761e+01, sign=0.194, train=1.917e+01, val=1.758e+01]
GNN flow training:  10%|█         | 10/100 [00:49<06:45,  4.50s/epoch, best=1.758e+01, sign=0.193, train=1.913e+01, val=1.756e+01]
GNN flow training:  11%|█         | 11/100 [00:49<06:40,  4.50s/epoch, best=1.758e+01, sign=0.193, train=1.913e+01, val=1.756e+01]
GNN flow training:  11%|█         | 11/100 [00:54<06:40,  4.50s/epoch, best=1.756e+01, sign=0.194, train=1.910e+01, val=1.753e+01]
GNN flow training:  12%|█▏        | 12/100 [00:54<06:35,  4.50s/epoch, best=1.756e+01, sign=0.194, train=1.910e+01, val=1.753e+01]
GNN flow training:  12%|█▏        | 12/100 [00:58<06:35,  4.50s/epoch, best=1.753e+01, sign=0.194, train=1.906e+01, val=1.749e+01]
GNN flow training:  13%|█▎        | 13/100 [00:58<06:31,  4.50s/epoch, best=1.753e+01, sign=0.194, train=1.906e+01, val=1.749e+01]
GNN flow training:  13%|█▎        | 13/100 [01:03<06:31,  4.50s/epoch, best=1.749e+01, sign=0.193, train=1.901e+01, val=1.740e+01]
GNN flow training:  14%|█▍        | 14/100 [01:03<06:25,  4.49s/epoch, best=1.749e+01, sign=0.193, train=1.901e+01, val=1.740e+01]
GNN flow training:  14%|█▍        | 14/100 [01:07<06:25,  4.49s/epoch, best=1.740e+01, sign=0.193, train=1.891e+01, val=1.731e+01]
GNN flow training:  15%|█▌        | 15/100 [01:07<06:21,  4.49s/epoch, best=1.740e+01, sign=0.193, train=1.891e+01, val=1.731e+01]
GNN flow training:  15%|█▌        | 15/100 [01:12<06:21,  4.49s/epoch, best=1.731e+01, sign=0.195, train=1.882e+01, val=1.725e+01]
GNN flow training:  16%|█▌        | 16/100 [01:12<06:17,  4.50s/epoch, best=1.731e+01, sign=0.195, train=1.882e+01, val=1.725e+01]
GNN flow training:  16%|█▌        | 16/100 [01:16<06:17,  4.50s/epoch, best=1.725e+01, sign=0.195, train=1.875e+01, val=1.715e+01]
GNN flow training:  17%|█▋        | 17/100 [01:16<06:12,  4.49s/epoch, best=1.725e+01, sign=0.195, train=1.875e+01, val=1.715e+01]
GNN flow training:  17%|█▋        | 17/100 [01:21<06:12,  4.49s/epoch, best=1.715e+01, sign=0.194, train=1.864e+01, val=1.707e+01]
GNN flow training:  18%|█▊        | 18/100 [01:21<06:08,  4.49s/epoch, best=1.715e+01, sign=0.194, train=1.864e+01, val=1.707e+01]
GNN flow training:  18%|█▊        | 18/100 [01:25<06:08,  4.49s/epoch, best=1.707e+01, sign=0.195, train=1.855e+01, val=1.702e+01]
GNN flow training:  19%|█▉        | 19/100 [01:25<06:03,  4.48s/epoch, best=1.707e+01, sign=0.195, train=1.855e+01, val=1.702e+01]
GNN flow training:  19%|█▉        | 19/100 [01:29<06:03,  4.48s/epoch, best=1.702e+01, sign=0.193, train=1.849e+01, val=1.691e+01]
GNN flow training:  20%|██        | 20/100 [01:29<05:57,  4.47s/epoch, best=1.702e+01, sign=0.193, train=1.849e+01, val=1.691e+01]
GNN flow training:  20%|██        | 20/100 [01:34<05:57,  4.47s/epoch, best=1.691e+01, sign=0.192, train=1.836e+01, val=1.682e+01]
GNN flow training:  21%|██        | 21/100 [01:34<05:54,  4.49s/epoch, best=1.691e+01, sign=0.192, train=1.836e+01, val=1.682e+01]
GNN flow training:  21%|██        | 21/100 [01:38<05:54,  4.49s/epoch, best=1.682e+01, sign=0.191, train=1.825e+01, val=1.672e+01]
GNN flow training:  22%|██▏       | 22/100 [01:38<05:49,  4.49s/epoch, best=1.682e+01, sign=0.191, train=1.825e+01, val=1.672e+01]
GNN flow training:  22%|██▏       | 22/100 [01:43<05:49,  4.49s/epoch, best=1.672e+01, sign=0.190, train=1.812e+01, val=1.662e+01]
GNN flow training:  23%|██▎       | 23/100 [01:43<05:44,  4.48s/epoch, best=1.672e+01, sign=0.190, train=1.812e+01, val=1.662e+01]
GNN flow training:  23%|██▎       | 23/100 [01:47<05:44,  4.48s/epoch, best=1.662e+01, sign=0.191, train=1.800e+01, val=1.656e+01]
GNN flow training:  24%|██▍       | 24/100 [01:47<05:40,  4.48s/epoch, best=1.662e+01, sign=0.191, train=1.800e+01, val=1.656e+01]
GNN flow training:  24%|██▍       | 24/100 [01:52<05:40,  4.48s/epoch, best=1.656e+01, sign=0.190, train=1.793e+01, val=1.642e+01]
GNN flow training:  25%|██▌       | 25/100 [01:52<05:35,  4.47s/epoch, best=1.656e+01, sign=0.190, train=1.793e+01, val=1.642e+01]
GNN flow training:  25%|██▌       | 25/100 [01:56<05:35,  4.47s/epoch, best=1.642e+01, sign=0.188, train=1.776e+01, val=1.628e+01]
GNN flow training:  26%|██▌       | 26/100 [01:56<05:30,  4.47s/epoch, best=1.642e+01, sign=0.188, train=1.776e+01, val=1.628e+01]
GNN flow training:  26%|██▌       | 26/100 [02:01<05:30,  4.47s/epoch, best=1.628e+01, sign=0.187, train=1.759e+01, val=1.615e+01]
GNN flow training:  27%|██▋       | 27/100 [02:01<05:25,  4.46s/epoch, best=1.628e+01, sign=0.187, train=1.759e+01, val=1.615e+01]
GNN flow training:  27%|██▋       | 27/100 [02:05<05:25,  4.46s/epoch, best=1.615e+01, sign=0.186, train=1.744e+01, val=1.607e+01]
GNN flow training:  28%|██▊       | 28/100 [02:05<05:21,  4.46s/epoch, best=1.615e+01, sign=0.186, train=1.744e+01, val=1.607e+01]
GNN flow training:  28%|██▊       | 28/100 [02:10<05:21,  4.46s/epoch, best=1.607e+01, sign=0.185, train=1.733e+01, val=1.600e+01]
GNN flow training:  29%|██▉       | 29/100 [02:10<05:15,  4.45s/epoch, best=1.607e+01, sign=0.185, train=1.733e+01, val=1.600e+01]
GNN flow training:  29%|██▉       | 29/100 [02:14<05:15,  4.45s/epoch, best=1.600e+01, sign=0.182, train=1.724e+01, val=1.582e+01]
GNN flow training:  30%|███       | 30/100 [02:14<05:12,  4.46s/epoch, best=1.600e+01, sign=0.182, train=1.724e+01, val=1.582e+01]
GNN flow training:  30%|███       | 30/100 [02:19<05:12,  4.46s/epoch, best=1.582e+01, sign=0.180, train=1.704e+01, val=1.568e+01]
GNN flow training:  31%|███       | 31/100 [02:19<05:07,  4.45s/epoch, best=1.582e+01, sign=0.180, train=1.704e+01, val=1.568e+01]
GNN flow training:  31%|███       | 31/100 [02:23<05:07,  4.45s/epoch, best=1.568e+01, sign=0.178, train=1.690e+01, val=1.540e+01]
GNN flow training:  32%|███▏      | 32/100 [02:23<05:02,  4.45s/epoch, best=1.568e+01, sign=0.178, train=1.690e+01, val=1.540e+01]
GNN flow training:  32%|███▏      | 32/100 [02:27<05:02,  4.45s/epoch, best=1.540e+01, sign=0.177, train=1.659e+01, val=1.511e+01]
GNN flow training:  33%|███▎      | 33/100 [02:27<04:58,  4.45s/epoch, best=1.540e+01, sign=0.177, train=1.659e+01, val=1.511e+01]
GNN flow training:  33%|███▎      | 33/100 [02:32<04:58,  4.45s/epoch, best=1.511e+01, sign=0.170, train=1.630e+01, val=1.472e+01]
GNN flow training:  34%|███▍      | 34/100 [02:32<04:53,  4.44s/epoch, best=1.511e+01, sign=0.170, train=1.630e+01, val=1.472e+01]
GNN flow training:  34%|███▍      | 34/100 [02:36<04:53,  4.44s/epoch, best=1.472e+01, sign=0.166, train=1.580e+01, val=1.456e+01]
GNN flow training:  35%|███▌      | 35/100 [02:36<04:49,  4.46s/epoch, best=1.472e+01, sign=0.166, train=1.580e+01, val=1.456e+01]
GNN flow training:  35%|███▌      | 35/100 [02:41<04:49,  4.46s/epoch, best=1.456e+01, sign=0.166, train=1.558e+01, val=1.437e+01]
GNN flow training:  36%|███▌      | 36/100 [02:41<04:44,  4.45s/epoch, best=1.456e+01, sign=0.166, train=1.558e+01, val=1.437e+01]
GNN flow training:  36%|███▌      | 36/100 [02:45<04:44,  4.45s/epoch, best=1.437e+01, sign=0.164, train=1.535e+01, val=1.423e+01]
GNN flow training:  37%|███▋      | 37/100 [02:45<04:41,  4.46s/epoch, best=1.437e+01, sign=0.164, train=1.535e+01, val=1.423e+01]
GNN flow training:  37%|███▋      | 37/100 [02:50<04:41,  4.46s/epoch, best=1.423e+01, sign=0.163, train=1.517e+01, val=1.405e+01]
GNN flow training:  38%|███▊      | 38/100 [02:50<04:36,  4.47s/epoch, best=1.423e+01, sign=0.163, train=1.517e+01, val=1.405e+01]
GNN flow training:  38%|███▊      | 38/100 [02:54<04:36,  4.47s/epoch, best=1.405e+01, sign=0.163, train=1.494e+01, val=1.382e+01]
GNN flow training:  39%|███▉      | 39/100 [02:54<04:32,  4.46s/epoch, best=1.405e+01, sign=0.163, train=1.494e+01, val=1.382e+01]
GNN flow training:  39%|███▉      | 39/100 [02:59<04:32,  4.46s/epoch, best=1.382e+01, sign=0.167, train=1.466e+01, val=1.364e+01]
GNN flow training:  40%|████      | 40/100 [02:59<04:27,  4.46s/epoch, best=1.382e+01, sign=0.167, train=1.466e+01, val=1.364e+01]
GNN flow training:  40%|████      | 40/100 [03:03<04:27,  4.46s/epoch, best=1.364e+01, sign=0.170, train=1.446e+01, val=1.359e+01]
GNN flow training:  41%|████      | 41/100 [03:03<04:22,  4.45s/epoch, best=1.364e+01, sign=0.170, train=1.446e+01, val=1.359e+01]
GNN flow training:  41%|████      | 41/100 [03:08<04:22,  4.45s/epoch, best=1.359e+01, sign=0.167, train=1.445e+01, val=1.325e+01]
GNN flow training:  42%|████▏     | 42/100 [03:08<04:18,  4.45s/epoch, best=1.359e+01, sign=0.167, train=1.445e+01, val=1.325e+01]
GNN flow training:  42%|████▏     | 42/100 [03:12<04:18,  4.45s/epoch, best=1.325e+01, sign=0.169, train=1.399e+01, val=1.306e+01]
GNN flow training:  43%|████▎     | 43/100 [03:12<04:14,  4.46s/epoch, best=1.325e+01, sign=0.169, train=1.399e+01, val=1.306e+01]
GNN flow training:  43%|████▎     | 43/100 [03:16<04:14,  4.46s/epoch, best=1.306e+01, sign=0.169, train=1.378e+01, val=1.262e+01]
GNN flow training:  44%|████▍     | 44/100 [03:16<04:09,  4.45s/epoch, best=1.306e+01, sign=0.169, train=1.378e+01, val=1.262e+01]
GNN flow training:  44%|████▍     | 44/100 [03:21<04:09,  4.45s/epoch, best=1.262e+01, sign=0.169, train=1.338e+01, val=1.244e+01]
GNN flow training:  45%|████▌     | 45/100 [03:21<04:05,  4.46s/epoch, best=1.262e+01, sign=0.169, train=1.338e+01, val=1.244e+01]
GNN flow training:  45%|████▌     | 45/100 [03:25<04:05,  4.46s/epoch, best=1.244e+01, sign=0.169, train=1.325e+01, val=1.235e+01]
GNN flow training:  46%|████▌     | 46/100 [03:25<04:01,  4.47s/epoch, best=1.244e+01, sign=0.169, train=1.325e+01, val=1.235e+01]
GNN flow training:  46%|████▌     | 46/100 [03:30<04:01,  4.47s/epoch, best=1.235e+01, sign=0.167, train=1.314e+01, val=1.225e+01]
GNN flow training:  47%|████▋     | 47/100 [03:30<03:56,  4.47s/epoch, best=1.235e+01, sign=0.167, train=1.314e+01, val=1.225e+01]
GNN flow training:  47%|████▋     | 47/100 [03:34<03:56,  4.47s/epoch, best=1.225e+01, sign=0.164, train=1.299e+01, val=1.225e+01]
GNN flow training:  48%|████▊     | 48/100 [03:34<03:51,  4.46s/epoch, best=1.225e+01, sign=0.164, train=1.299e+01, val=1.225e+01]
GNN flow training:  48%|████▊     | 48/100 [03:39<03:51,  4.46s/epoch, best=1.225e+01, sign=0.162, train=1.291e+01, val=1.215e+01]
GNN flow training:  49%|████▉     | 49/100 [03:39<03:47,  4.46s/epoch, best=1.225e+01, sign=0.162, train=1.291e+01, val=1.215e+01]
GNN flow training:  49%|████▉     | 49/100 [03:43<03:47,  4.46s/epoch, best=1.215e+01, sign=0.163, train=1.278e+01, val=1.204e+01]
GNN flow training:  50%|█████     | 50/100 [03:43<03:43,  4.47s/epoch, best=1.215e+01, sign=0.163, train=1.278e+01, val=1.204e+01]
GNN flow training:  50%|█████     | 50/100 [03:48<03:43,  4.47s/epoch, best=1.204e+01, sign=0.164, train=1.266e+01, val=1.198e+01]
GNN flow training:  51%|█████     | 51/100 [03:48<03:39,  4.48s/epoch, best=1.204e+01, sign=0.164, train=1.266e+01, val=1.198e+01]
GNN flow training:  51%|█████     | 51/100 [03:52<03:39,  4.48s/epoch, best=1.198e+01, sign=0.164, train=1.258e+01, val=1.211e+01]
GNN flow training:  52%|█████▏    | 52/100 [03:52<03:35,  4.50s/epoch, best=1.198e+01, sign=0.164, train=1.258e+01, val=1.211e+01]
GNN flow training:  52%|█████▏    | 52/100 [03:57<03:35,  4.50s/epoch, best=1.198e+01, sign=0.164, train=1.260e+01, val=1.205e+01]
GNN flow training:  53%|█████▎    | 53/100 [03:57<03:31,  4.49s/epoch, best=1.198e+01, sign=0.164, train=1.260e+01, val=1.205e+01]
GNN flow training:  53%|█████▎    | 53/100 [04:01<03:31,  4.49s/epoch, best=1.198e+01, sign=0.165, train=1.252e+01, val=1.201e+01]
GNN flow training:  54%|█████▍    | 54/100 [04:01<03:26,  4.48s/epoch, best=1.198e+01, sign=0.165, train=1.252e+01, val=1.201e+01]
GNN flow training:  54%|█████▍    | 54/100 [04:06<03:26,  4.48s/epoch, best=1.198e+01, sign=0.169, train=1.254e+01, val=1.209e+01]
GNN flow training:  55%|█████▌    | 55/100 [04:06<03:21,  4.47s/epoch, best=1.198e+01, sign=0.169, train=1.254e+01, val=1.209e+01]
GNN flow training:  55%|█████▌    | 55/100 [04:10<03:21,  4.47s/epoch, best=1.198e+01, sign=0.171, train=1.265e+01, val=1.220e+01]
GNN flow training:  56%|█████▌    | 56/100 [04:10<03:16,  4.47s/epoch, best=1.198e+01, sign=0.171, train=1.265e+01, val=1.220e+01]
GNN flow training:  56%|█████▌    | 56/100 [04:15<03:16,  4.47s/epoch, best=1.198e+01, sign=0.169, train=1.274e+01, val=1.225e+01]
GNN flow training:  57%|█████▋    | 57/100 [04:15<03:12,  4.47s/epoch, best=1.198e+01, sign=0.169, train=1.274e+01, val=1.225e+01]
GNN flow training:  57%|█████▋    | 57/100 [04:19<03:12,  4.47s/epoch, best=1.198e+01, sign=0.163, train=1.275e+01, val=1.226e+01]
GNN flow training:  58%|█████▊    | 58/100 [04:19<03:07,  4.47s/epoch, best=1.198e+01, sign=0.163, train=1.275e+01, val=1.226e+01]
GNN flow training:  58%|█████▊    | 58/100 [04:24<03:07,  4.47s/epoch, best=1.198e+01, sign=0.163, train=1.269e+01, val=1.214e+01]
GNN flow training:  59%|█████▉    | 59/100 [04:24<03:03,  4.47s/epoch, best=1.198e+01, sign=0.163, train=1.269e+01, val=1.214e+01]
GNN flow training:  59%|█████▉    | 59/100 [04:28<03:03,  4.47s/epoch, best=1.198e+01, sign=0.158, train=1.256e+01, val=1.213e+01]
GNN flow training:  60%|██████    | 60/100 [04:28<02:58,  4.47s/epoch, best=1.198e+01, sign=0.158, train=1.256e+01, val=1.213e+01]
GNN flow training:  60%|██████    | 60/100 [04:32<02:58,  4.47s/epoch, best=1.198e+01, sign=0.151, train=1.242e+01, val=1.214e+01]
GNN flow training:  61%|██████    | 61/100 [04:32<02:53,  4.46s/epoch, best=1.198e+01, sign=0.151, train=1.242e+01, val=1.214e+01]
GNN flow training:  61%|██████    | 61/100 [04:37<02:53,  4.46s/epoch, best=1.198e+01, sign=0.146, train=1.265e+01, val=1.243e+01]
GNN flow training:  62%|██████▏   | 62/100 [04:37<02:49,  4.46s/epoch, best=1.198e+01, sign=0.146, train=1.265e+01, val=1.243e+01]
GNN flow training:  62%|██████▏   | 62/100 [04:41<02:49,  4.46s/epoch, best=1.198e+01, sign=0.147, train=1.291e+01, val=1.236e+01]
GNN flow training:  63%|██████▎   | 63/100 [04:41<02:45,  4.47s/epoch, best=1.198e+01, sign=0.147, train=1.291e+01, val=1.236e+01]
GNN flow training:  63%|██████▎   | 63/100 [04:46<02:45,  4.47s/epoch, best=1.198e+01, sign=0.147, train=1.267e+01, val=1.211e+01]
GNN flow training:  64%|██████▍   | 64/100 [04:46<02:40,  4.46s/epoch, best=1.198e+01, sign=0.147, train=1.267e+01, val=1.211e+01]
GNN flow training:  64%|██████▍   | 64/100 [04:50<02:40,  4.46s/epoch, best=1.198e+01, sign=0.140, train=1.240e+01, val=1.198e+01]
GNN flow training:  65%|██████▌   | 65/100 [04:50<02:36,  4.46s/epoch, best=1.198e+01, sign=0.140, train=1.240e+01, val=1.198e+01]
GNN flow training:  65%|██████▌   | 65/100 [04:55<02:36,  4.46s/epoch, best=1.198e+01, sign=0.141, train=1.236e+01, val=1.194e+01]
GNN flow training:  66%|██████▌   | 66/100 [04:55<02:31,  4.45s/epoch, best=1.198e+01, sign=0.141, train=1.236e+01, val=1.194e+01]
GNN flow training:  66%|██████▌   | 66/100 [04:59<02:31,  4.45s/epoch, best=1.194e+01, sign=0.152, train=1.231e+01, val=1.174e+01]
GNN flow training:  67%|██████▋   | 67/100 [04:59<02:26,  4.44s/epoch, best=1.194e+01, sign=0.152, train=1.231e+01, val=1.174e+01]
GNN flow training:  67%|██████▋   | 67/100 [05:04<02:26,  4.44s/epoch, best=1.174e+01, sign=0.160, train=1.215e+01, val=1.170e+01]
GNN flow training:  68%|██████▊   | 68/100 [05:04<02:22,  4.44s/epoch, best=1.174e+01, sign=0.160, train=1.215e+01, val=1.170e+01]
GNN flow training:  68%|██████▊   | 68/100 [05:08<02:22,  4.44s/epoch, best=1.170e+01, sign=0.164, train=1.223e+01, val=1.171e+01]
GNN flow training:  69%|██████▉   | 69/100 [05:08<02:18,  4.46s/epoch, best=1.170e+01, sign=0.164, train=1.223e+01, val=1.171e+01]
GNN flow training:  69%|██████▉   | 69/100 [05:13<02:18,  4.46s/epoch, best=1.170e+01, sign=0.162, train=1.224e+01, val=1.184e+01]
GNN flow training:  70%|███████   | 70/100 [05:13<02:13,  4.46s/epoch, best=1.170e+01, sign=0.162, train=1.224e+01, val=1.184e+01]
GNN flow training:  70%|███████   | 70/100 [05:17<02:13,  4.46s/epoch, best=1.170e+01, sign=0.156, train=1.225e+01, val=1.168e+01]
GNN flow training:  71%|███████   | 71/100 [05:17<02:09,  4.47s/epoch, best=1.170e+01, sign=0.156, train=1.225e+01, val=1.168e+01]
GNN flow training:  71%|███████   | 71/100 [05:22<02:09,  4.47s/epoch, best=1.168e+01, sign=0.142, train=1.210e+01, val=1.176e+01]
GNN flow training:  72%|███████▏  | 72/100 [05:22<02:05,  4.47s/epoch, best=1.168e+01, sign=0.142, train=1.210e+01, val=1.176e+01]
GNN flow training:  72%|███████▏  | 72/100 [05:26<02:05,  4.47s/epoch, best=1.168e+01, sign=0.141, train=1.211e+01, val=1.191e+01]
GNN flow training:  73%|███████▎  | 73/100 [05:26<02:00,  4.46s/epoch, best=1.168e+01, sign=0.141, train=1.211e+01, val=1.191e+01]
GNN flow training:  73%|███████▎  | 73/100 [05:30<02:00,  4.46s/epoch, best=1.168e+01, sign=0.144, train=1.225e+01, val=1.154e+01]
GNN flow training:  74%|███████▍  | 74/100 [05:30<01:56,  4.46s/epoch, best=1.168e+01, sign=0.144, train=1.225e+01, val=1.154e+01]
GNN flow training:  74%|███████▍  | 74/100 [05:35<01:56,  4.46s/epoch, best=1.154e+01, sign=0.148, train=1.202e+01, val=1.147e+01]
GNN flow training:  75%|███████▌  | 75/100 [05:35<01:52,  4.48s/epoch, best=1.154e+01, sign=0.148, train=1.202e+01, val=1.147e+01]
GNN flow training:  75%|███████▌  | 75/100 [05:39<01:52,  4.48s/epoch, best=1.147e+01, sign=0.150, train=1.198e+01, val=1.142e+01]
GNN flow training:  76%|███████▌  | 76/100 [05:39<01:47,  4.48s/epoch, best=1.147e+01, sign=0.150, train=1.198e+01, val=1.142e+01]
GNN flow training:  76%|███████▌  | 76/100 [05:44<01:47,  4.48s/epoch, best=1.142e+01, sign=0.149, train=1.198e+01, val=1.134e+01]
GNN flow training:  77%|███████▋  | 77/100 [05:44<01:42,  4.48s/epoch, best=1.142e+01, sign=0.149, train=1.198e+01, val=1.134e+01]
GNN flow training:  77%|███████▋  | 77/100 [05:48<01:42,  4.48s/epoch, best=1.134e+01, sign=0.145, train=1.196e+01, val=1.142e+01]
GNN flow training:  78%|███████▊  | 78/100 [05:48<01:38,  4.48s/epoch, best=1.134e+01, sign=0.145, train=1.196e+01, val=1.142e+01]
GNN flow training:  78%|███████▊  | 78/100 [05:53<01:38,  4.48s/epoch, best=1.134e+01, sign=0.143, train=1.196e+01, val=1.160e+01]
GNN flow training:  79%|███████▉  | 79/100 [05:53<01:33,  4.48s/epoch, best=1.134e+01, sign=0.143, train=1.196e+01, val=1.160e+01]
GNN flow training:  79%|███████▉  | 79/100 [05:57<01:33,  4.48s/epoch, best=1.134e+01, sign=0.147, train=1.204e+01, val=1.134e+01]
GNN flow training:  80%|████████  | 80/100 [05:57<01:29,  4.47s/epoch, best=1.134e+01, sign=0.147, train=1.204e+01, val=1.134e+01]
GNN flow training:  80%|████████  | 80/100 [06:02<01:29,  4.47s/epoch, best=1.134e+01, sign=0.154, train=1.191e+01, val=1.133e+01]
GNN flow training:  81%|████████  | 81/100 [06:02<01:24,  4.46s/epoch, best=1.134e+01, sign=0.154, train=1.191e+01, val=1.133e+01]
GNN flow training:  81%|████████  | 81/100 [06:06<01:24,  4.46s/epoch, best=1.133e+01, sign=0.150, train=1.186e+01, val=1.133e+01]
GNN flow training:  82%|████████▏ | 82/100 [06:06<01:20,  4.45s/epoch, best=1.133e+01, sign=0.150, train=1.186e+01, val=1.133e+01]
GNN flow training:  82%|████████▏ | 82/100 [06:11<01:20,  4.45s/epoch, best=1.133e+01, sign=0.139, train=1.186e+01, val=1.175e+01]
GNN flow training:  83%|████████▎ | 83/100 [06:11<01:15,  4.44s/epoch, best=1.133e+01, sign=0.139, train=1.186e+01, val=1.175e+01]
GNN flow training:  83%|████████▎ | 83/100 [06:15<01:15,  4.44s/epoch, best=1.133e+01, sign=0.139, train=1.209e+01, val=1.175e+01]
GNN flow training:  84%|████████▍ | 84/100 [06:15<01:11,  4.44s/epoch, best=1.133e+01, sign=0.139, train=1.209e+01, val=1.175e+01]
GNN flow training:  84%|████████▍ | 84/100 [06:19<01:11,  4.44s/epoch, best=1.133e+01, sign=0.147, train=1.209e+01, val=1.131e+01]
GNN flow training:  85%|████████▌ | 85/100 [06:19<01:06,  4.43s/epoch, best=1.133e+01, sign=0.147, train=1.209e+01, val=1.131e+01]
GNN flow training:  85%|████████▌ | 85/100 [06:24<01:06,  4.43s/epoch, best=1.131e+01, sign=0.162, train=1.180e+01, val=1.153e+01]
GNN flow training:  86%|████████▌ | 86/100 [06:24<01:02,  4.44s/epoch, best=1.131e+01, sign=0.162, train=1.180e+01, val=1.153e+01]
GNN flow training:  86%|████████▌ | 86/100 [06:28<01:02,  4.44s/epoch, best=1.131e+01, sign=0.162, train=1.197e+01, val=1.150e+01]
GNN flow training:  87%|████████▋ | 87/100 [06:28<00:57,  4.43s/epoch, best=1.131e+01, sign=0.162, train=1.197e+01, val=1.150e+01]
GNN flow training:  87%|████████▋ | 87/100 [06:33<00:57,  4.43s/epoch, best=1.131e+01, sign=0.154, train=1.195e+01, val=1.118e+01]
GNN flow training:  88%|████████▊ | 88/100 [06:33<00:53,  4.44s/epoch, best=1.131e+01, sign=0.154, train=1.195e+01, val=1.118e+01]
GNN flow training:  88%|████████▊ | 88/100 [06:37<00:53,  4.44s/epoch, best=1.118e+01, sign=0.143, train=1.183e+01, val=1.130e+01]
GNN flow training:  89%|████████▉ | 89/100 [06:37<00:48,  4.45s/epoch, best=1.118e+01, sign=0.143, train=1.183e+01, val=1.130e+01]
GNN flow training:  89%|████████▉ | 89/100 [06:42<00:48,  4.45s/epoch, best=1.118e+01, sign=0.141, train=1.183e+01, val=1.141e+01]
GNN flow training:  90%|█████████ | 90/100 [06:42<00:44,  4.46s/epoch, best=1.118e+01, sign=0.141, train=1.183e+01, val=1.141e+01]
GNN flow training:  90%|█████████ | 90/100 [06:46<00:44,  4.46s/epoch, best=1.118e+01, sign=0.144, train=1.186e+01, val=1.128e+01]
GNN flow training:  91%|█████████ | 91/100 [06:46<00:40,  4.47s/epoch, best=1.118e+01, sign=0.144, train=1.186e+01, val=1.128e+01]
GNN flow training:  91%|█████████ | 91/100 [06:51<00:40,  4.47s/epoch, best=1.118e+01, sign=0.149, train=1.184e+01, val=1.123e+01]
GNN flow training:  92%|█████████▏| 92/100 [06:51<00:35,  4.45s/epoch, best=1.118e+01, sign=0.149, train=1.184e+01, val=1.123e+01]
GNN flow training:  92%|█████████▏| 92/100 [06:55<00:35,  4.45s/epoch, best=1.118e+01, sign=0.149, train=1.183e+01, val=1.118e+01]
GNN flow training:  93%|█████████▎| 93/100 [06:55<00:31,  4.45s/epoch, best=1.118e+01, sign=0.149, train=1.183e+01, val=1.118e+01]
GNN flow training:  93%|█████████▎| 93/100 [07:00<00:31,  4.45s/epoch, best=1.118e+01, sign=0.145, train=1.178e+01, val=1.120e+01]
GNN flow training:  94%|█████████▍| 94/100 [07:00<00:26,  4.45s/epoch, best=1.118e+01, sign=0.145, train=1.178e+01, val=1.120e+01]
GNN flow training:  94%|█████████▍| 94/100 [07:04<00:26,  4.45s/epoch, best=1.118e+01, sign=0.145, train=1.174e+01, val=1.134e+01]
GNN flow training:  95%|█████████▌| 95/100 [07:04<00:22,  4.46s/epoch, best=1.118e+01, sign=0.145, train=1.174e+01, val=1.134e+01]
GNN flow training:  95%|█████████▌| 95/100 [07:09<00:22,  4.46s/epoch, best=1.118e+01, sign=0.154, train=1.183e+01, val=1.113e+01]
GNN flow training:  96%|█████████▌| 96/100 [07:09<00:17,  4.46s/epoch, best=1.118e+01, sign=0.154, train=1.183e+01, val=1.113e+01]
GNN flow training:  96%|█████████▌| 96/100 [07:13<00:17,  4.46s/epoch, best=1.113e+01, sign=0.159, train=1.177e+01, val=1.113e+01]
GNN flow training:  97%|█████████▋| 97/100 [07:13<00:13,  4.45s/epoch, best=1.113e+01, sign=0.159, train=1.177e+01, val=1.113e+01]
GNN flow training:  97%|█████████▋| 97/100 [07:17<00:13,  4.45s/epoch, best=1.113e+01, sign=0.156, train=1.178e+01, val=1.108e+01]
GNN flow training:  98%|█████████▊| 98/100 [07:17<00:08,  4.44s/epoch, best=1.113e+01, sign=0.156, train=1.178e+01, val=1.108e+01]
GNN flow training:  98%|█████████▊| 98/100 [07:22<00:08,  4.44s/epoch, best=1.108e+01, sign=0.147, train=1.172e+01, val=1.115e+01]
GNN flow training:  99%|█████████▉| 99/100 [07:22<00:04,  4.45s/epoch, best=1.108e+01, sign=0.147, train=1.172e+01, val=1.115e+01]
GNN flow training:  99%|█████████▉| 99/100 [07:26<00:04,  4.45s/epoch, best=1.108e+01, sign=0.146, train=1.174e+01, val=1.113e+01]
GNN flow training: 100%|██████████| 100/100 [07:26<00:00,  4.45s/epoch, best=1.108e+01, sign=0.146, train=1.174e+01, val=1.113e+01]
GNN flow training: 100%|██████████| 100/100 [07:26<00:00,  4.47s/epoch, best=1.108e+01, sign=0.146, train=1.174e+01, val=1.113e+01]

GNN flow training:   0%|          | 0/100 [00:00<?, ?epoch/s]
GNN flow training:   0%|          | 0/100 [00:04<?, ?epoch/s, best=1.272e+03, sign=0.194, train=1.271e+03, val=1.272e+03]
GNN flow training:   1%|          | 1/100 [00:04<07:38,  4.63s/epoch, best=1.272e+03, sign=0.194, train=1.271e+03, val=1.272e+03]
GNN flow training:   1%|          | 1/100 [00:09<07:38,  4.63s/epoch, best=1.272e+03, sign=0.194, train=1.272e+03, val=1.274e+03]
GNN flow training:   2%|▏         | 2/100 [00:09<07:26,  4.56s/epoch, best=1.272e+03, sign=0.194, train=1.272e+03, val=1.274e+03]
GNN flow training:   2%|▏         | 2/100 [00:13<07:26,  4.56s/epoch, best=1.272e+03, sign=0.194, train=1.274e+03, val=1.273e+03]
GNN flow training:   3%|▎         | 3/100 [00:13<07:19,  4.54s/epoch, best=1.272e+03, sign=0.194, train=1.274e+03, val=1.273e+03]
GNN flow training:   3%|▎         | 3/100 [00:18<07:19,  4.54s/epoch, best=1.272e+03, sign=0.194, train=1.274e+03, val=1.269e+03]
GNN flow training:   4%|▍         | 4/100 [00:18<07:11,  4.50s/epoch, best=1.272e+03, sign=0.194, train=1.274e+03, val=1.269e+03]
GNN flow training:   4%|▍         | 4/100 [00:22<07:11,  4.50s/epoch, best=1.269e+03, sign=0.194, train=1.269e+03, val=1.271e+03]
GNN flow training:   5%|▌         | 5/100 [00:22<07:08,  4.51s/epoch, best=1.269e+03, sign=0.194, train=1.269e+03, val=1.271e+03]
GNN flow training:   5%|▌         | 5/100 [00:27<07:08,  4.51s/epoch, best=1.269e+03, sign=0.194, train=1.271e+03, val=1.268e+03]
GNN flow training:   6%|▌         | 6/100 [00:27<07:02,  4.50s/epoch, best=1.269e+03, sign=0.194, train=1.271e+03, val=1.268e+03]
GNN flow training:   6%|▌         | 6/100 [00:31<07:02,  4.50s/epoch, best=1.268e+03, sign=0.194, train=1.268e+03, val=1.269e+03]
GNN flow training:   7%|▋         | 7/100 [00:31<06:57,  4.49s/epoch, best=1.268e+03, sign=0.194, train=1.268e+03, val=1.269e+03]
GNN flow training:   7%|▋         | 7/100 [00:36<06:57,  4.49s/epoch, best=1.268e+03, sign=0.194, train=1.269e+03, val=1.269e+03]
GNN flow training:   8%|▊         | 8/100 [00:36<06:52,  4.49s/epoch, best=1.268e+03, sign=0.194, train=1.269e+03, val=1.269e+03]
GNN flow training:   8%|▊         | 8/100 [00:40<06:52,  4.49s/epoch, best=1.268e+03, sign=0.194, train=1.269e+03, val=1.269e+03]
GNN flow training:   9%|▉         | 9/100 [00:40<06:47,  4.48s/epoch, best=1.268e+03, sign=0.194, train=1.269e+03, val=1.269e+03]
GNN flow training:   9%|▉         | 9/100 [00:45<06:47,  4.48s/epoch, best=1.268e+03, sign=0.194, train=1.269e+03, val=1.267e+03]
GNN flow training:  10%|█         | 10/100 [00:45<06:44,  4.49s/epoch, best=1.268e+03, sign=0.194, train=1.269e+03, val=1.267e+03]
GNN flow training:  10%|█         | 10/100 [00:49<06:44,  4.49s/epoch, best=1.267e+03, sign=0.194, train=1.267e+03, val=1.265e+03]
GNN flow training:  11%|█         | 11/100 [00:49<06:39,  4.49s/epoch, best=1.267e+03, sign=0.194, train=1.267e+03, val=1.265e+03]
GNN flow training:  11%|█         | 11/100 [00:54<06:39,  4.49s/epoch, best=1.265e+03, sign=0.192, train=1.265e+03, val=1.268e+03]
GNN flow training:  12%|█▏        | 12/100 [00:54<06:36,  4.50s/epoch, best=1.265e+03, sign=0.192, train=1.265e+03, val=1.268e+03]
GNN flow training:  12%|█▏        | 12/100 [00:58<06:36,  4.50s/epoch, best=1.265e+03, sign=0.192, train=1.269e+03, val=1.268e+03]
GNN flow training:  13%|█▎        | 13/100 [00:58<06:31,  4.50s/epoch, best=1.265e+03, sign=0.192, train=1.269e+03, val=1.268e+03]
GNN flow training:  13%|█▎        | 13/100 [01:02<06:31,  4.50s/epoch, best=1.265e+03, sign=0.193, train=1.268e+03, val=1.267e+03]
GNN flow training:  14%|█▍        | 14/100 [01:02<06:25,  4.49s/epoch, best=1.265e+03, sign=0.193, train=1.268e+03, val=1.267e+03]
GNN flow training:  14%|█▍        | 14/100 [01:07<06:25,  4.49s/epoch, best=1.265e+03, sign=0.193, train=1.267e+03, val=1.266e+03]
GNN flow training:  15%|█▌        | 15/100 [01:07<06:22,  4.50s/epoch, best=1.265e+03, sign=0.193, train=1.267e+03, val=1.266e+03]
GNN flow training:  15%|█▌        | 15/100 [01:12<06:22,  4.50s/epoch, best=1.265e+03, sign=0.193, train=1.267e+03, val=1.265e+03]
GNN flow training:  16%|█▌        | 16/100 [01:12<06:18,  4.51s/epoch, best=1.265e+03, sign=0.193, train=1.267e+03, val=1.265e+03]
GNN flow training:  16%|█▌        | 16/100 [01:16<06:18,  4.51s/epoch, best=1.265e+03, sign=0.193, train=1.266e+03, val=1.265e+03]
GNN flow training:  17%|█▋        | 17/100 [01:16<06:13,  4.50s/epoch, best=1.265e+03, sign=0.193, train=1.266e+03, val=1.265e+03]
GNN flow training:  17%|█▋        | 17/100 [01:21<06:13,  4.50s/epoch, best=1.265e+03, sign=0.193, train=1.265e+03, val=1.264e+03]
GNN flow training:  18%|█▊        | 18/100 [01:21<06:08,  4.50s/epoch, best=1.265e+03, sign=0.193, train=1.265e+03, val=1.264e+03]
GNN flow training:  18%|█▊        | 18/100 [01:25<06:08,  4.50s/epoch, best=1.264e+03, sign=0.193, train=1.264e+03, val=1.267e+03]
GNN flow training:  19%|█▉        | 19/100 [01:25<06:04,  4.50s/epoch, best=1.264e+03, sign=0.193, train=1.264e+03, val=1.267e+03]
GNN flow training:  19%|█▉        | 19/100 [01:30<06:04,  4.50s/epoch, best=1.264e+03, sign=0.193, train=1.268e+03, val=1.266e+03]
GNN flow training:  20%|██        | 20/100 [01:30<05:59,  4.49s/epoch, best=1.264e+03, sign=0.193, train=1.268e+03, val=1.266e+03]
GNN flow training:  20%|██        | 20/100 [01:34<05:59,  4.49s/epoch, best=1.264e+03, sign=0.193, train=1.266e+03, val=1.264e+03]
GNN flow training:  21%|██        | 21/100 [01:34<05:55,  4.50s/epoch, best=1.264e+03, sign=0.193, train=1.266e+03, val=1.264e+03]
GNN flow training:  21%|██        | 21/100 [01:38<05:55,  4.50s/epoch, best=1.264e+03, sign=0.193, train=1.264e+03, val=1.262e+03]
GNN flow training:  22%|██▏       | 22/100 [01:38<05:50,  4.49s/epoch, best=1.264e+03, sign=0.193, train=1.264e+03, val=1.262e+03]
GNN flow training:  22%|██▏       | 22/100 [01:43<05:50,  4.49s/epoch, best=1.262e+03, sign=0.193, train=1.262e+03, val=1.260e+03]
GNN flow training:  23%|██▎       | 23/100 [01:43<05:46,  4.50s/epoch, best=1.262e+03, sign=0.193, train=1.262e+03, val=1.260e+03]
GNN flow training:  23%|██▎       | 23/100 [01:47<05:46,  4.50s/epoch, best=1.260e+03, sign=0.193, train=1.260e+03, val=1.257e+03]
GNN flow training:  24%|██▍       | 24/100 [01:47<05:41,  4.49s/epoch, best=1.260e+03, sign=0.193, train=1.260e+03, val=1.257e+03]
GNN flow training:  24%|██▍       | 24/100 [01:52<05:41,  4.49s/epoch, best=1.257e+03, sign=0.193, train=1.257e+03, val=1.251e+03]
GNN flow training:  25%|██▌       | 25/100 [01:52<05:37,  4.50s/epoch, best=1.257e+03, sign=0.193, train=1.257e+03, val=1.251e+03]
GNN flow training:  25%|██▌       | 25/100 [01:56<05:37,  4.50s/epoch, best=1.251e+03, sign=0.192, train=1.252e+03, val=1.250e+03]
GNN flow training:  26%|██▌       | 26/100 [01:56<05:32,  4.49s/epoch, best=1.251e+03, sign=0.192, train=1.252e+03, val=1.250e+03]
GNN flow training:  26%|██▌       | 26/100 [02:01<05:32,  4.49s/epoch, best=1.250e+03, sign=0.192, train=1.250e+03, val=1.245e+03]
GNN flow training:  27%|██▋       | 27/100 [02:01<05:28,  4.50s/epoch, best=1.250e+03, sign=0.192, train=1.250e+03, val=1.245e+03]
GNN flow training:  27%|██▋       | 27/100 [02:05<05:28,  4.50s/epoch, best=1.245e+03, sign=0.191, train=1.245e+03, val=1.235e+03]
GNN flow training:  28%|██▊       | 28/100 [02:05<05:23,  4.50s/epoch, best=1.245e+03, sign=0.191, train=1.245e+03, val=1.235e+03]
GNN flow training:  28%|██▊       | 28/100 [02:10<05:23,  4.50s/epoch, best=1.235e+03, sign=0.191, train=1.236e+03, val=1.232e+03]
GNN flow training:  29%|██▉       | 29/100 [02:10<05:19,  4.50s/epoch, best=1.235e+03, sign=0.191, train=1.236e+03, val=1.232e+03]
GNN flow training:  29%|██▉       | 29/100 [02:15<05:19,  4.50s/epoch, best=1.232e+03, sign=0.189, train=1.232e+03, val=1.226e+03]
GNN flow training:  30%|███       | 30/100 [02:15<05:15,  4.51s/epoch, best=1.232e+03, sign=0.189, train=1.232e+03, val=1.226e+03]
GNN flow training:  30%|███       | 30/100 [02:19<05:15,  4.51s/epoch, best=1.226e+03, sign=0.189, train=1.227e+03, val=1.226e+03]
GNN flow training:  31%|███       | 31/100 [02:19<05:10,  4.50s/epoch, best=1.226e+03, sign=0.189, train=1.227e+03, val=1.226e+03]
GNN flow training:  31%|███       | 31/100 [02:23<05:10,  4.50s/epoch, best=1.226e+03, sign=0.188, train=1.227e+03, val=1.219e+03]
GNN flow training:  32%|███▏      | 32/100 [02:23<05:05,  4.50s/epoch, best=1.226e+03, sign=0.188, train=1.227e+03, val=1.219e+03]
GNN flow training:  32%|███▏      | 32/100 [02:28<05:05,  4.50s/epoch, best=1.219e+03, sign=0.185, train=1.219e+03, val=1.213e+03]
GNN flow training:  33%|███▎      | 33/100 [02:28<05:01,  4.49s/epoch, best=1.219e+03, sign=0.185, train=1.219e+03, val=1.213e+03]
GNN flow training:  33%|███▎      | 33/100 [02:32<05:01,  4.49s/epoch, best=1.213e+03, sign=0.185, train=1.213e+03, val=1.212e+03]
GNN flow training:  34%|███▍      | 34/100 [02:32<04:56,  4.50s/epoch, best=1.213e+03, sign=0.185, train=1.213e+03, val=1.212e+03]
GNN flow training:  34%|███▍      | 34/100 [02:37<04:56,  4.50s/epoch, best=1.212e+03, sign=0.184, train=1.212e+03, val=1.205e+03]
GNN flow training:  35%|███▌      | 35/100 [02:37<04:52,  4.50s/epoch, best=1.212e+03, sign=0.184, train=1.212e+03, val=1.205e+03]
GNN flow training:  35%|███▌      | 35/100 [02:41<04:52,  4.50s/epoch, best=1.205e+03, sign=0.184, train=1.205e+03, val=1.204e+03]
GNN flow training:  36%|███▌      | 36/100 [02:41<04:47,  4.50s/epoch, best=1.205e+03, sign=0.184, train=1.205e+03, val=1.204e+03]
GNN flow training:  36%|███▌      | 36/100 [02:46<04:47,  4.50s/epoch, best=1.204e+03, sign=0.185, train=1.204e+03, val=1.197e+03]
GNN flow training:  37%|███▋      | 37/100 [02:46<04:42,  4.48s/epoch, best=1.204e+03, sign=0.185, train=1.204e+03, val=1.197e+03]
GNN flow training:  37%|███▋      | 37/100 [02:50<04:42,  4.48s/epoch, best=1.197e+03, sign=0.184, train=1.197e+03, val=1.187e+03]
GNN flow training:  38%|███▊      | 38/100 [02:50<04:37,  4.48s/epoch, best=1.197e+03, sign=0.184, train=1.197e+03, val=1.187e+03]
GNN flow training:  38%|███▊      | 38/100 [02:55<04:37,  4.48s/epoch, best=1.187e+03, sign=0.183, train=1.187e+03, val=1.178e+03]
GNN flow training:  39%|███▉      | 39/100 [02:55<04:33,  4.48s/epoch, best=1.187e+03, sign=0.183, train=1.187e+03, val=1.178e+03]
GNN flow training:  39%|███▉      | 39/100 [02:59<04:33,  4.48s/epoch, best=1.178e+03, sign=0.181, train=1.178e+03, val=1.166e+03]
GNN flow training:  40%|████      | 40/100 [02:59<04:28,  4.48s/epoch, best=1.178e+03, sign=0.181, train=1.178e+03, val=1.166e+03]
GNN flow training:  40%|████      | 40/100 [03:04<04:28,  4.48s/epoch, best=1.166e+03, sign=0.180, train=1.166e+03, val=1.167e+03]
GNN flow training:  41%|████      | 41/100 [03:04<04:24,  4.48s/epoch, best=1.166e+03, sign=0.180, train=1.166e+03, val=1.167e+03]
GNN flow training:  41%|████      | 41/100 [03:08<04:24,  4.48s/epoch, best=1.166e+03, sign=0.180, train=1.167e+03, val=1.163e+03]
GNN flow training:  42%|████▏     | 42/100 [03:08<04:20,  4.49s/epoch, best=1.166e+03, sign=0.180, train=1.167e+03, val=1.163e+03]
GNN flow training:  42%|████▏     | 42/100 [03:13<04:20,  4.49s/epoch, best=1.163e+03, sign=0.179, train=1.163e+03, val=1.158e+03]
GNN flow training:  43%|████▎     | 43/100 [03:13<04:16,  4.49s/epoch, best=1.163e+03, sign=0.179, train=1.163e+03, val=1.158e+03]
GNN flow training:  43%|████▎     | 43/100 [03:17<04:16,  4.49s/epoch, best=1.158e+03, sign=0.180, train=1.158e+03, val=1.154e+03]
GNN flow training:  44%|████▍     | 44/100 [03:17<04:10,  4.48s/epoch, best=1.158e+03, sign=0.180, train=1.158e+03, val=1.154e+03]
GNN flow training:  44%|████▍     | 44/100 [03:22<04:10,  4.48s/epoch, best=1.154e+03, sign=0.178, train=1.155e+03, val=1.153e+03]
GNN flow training:  45%|████▌     | 45/100 [03:22<04:05,  4.46s/epoch, best=1.154e+03, sign=0.178, train=1.155e+03, val=1.153e+03]
GNN flow training:  45%|████▌     | 45/100 [03:26<04:05,  4.46s/epoch, best=1.153e+03, sign=0.177, train=1.153e+03, val=1.140e+03]
GNN flow training:  46%|████▌     | 46/100 [03:26<04:01,  4.47s/epoch, best=1.153e+03, sign=0.177, train=1.153e+03, val=1.140e+03]
GNN flow training:  46%|████▌     | 46/100 [03:31<04:01,  4.47s/epoch, best=1.140e+03, sign=0.176, train=1.141e+03, val=1.129e+03]
GNN flow training:  47%|████▋     | 47/100 [03:31<03:57,  4.48s/epoch, best=1.140e+03, sign=0.176, train=1.141e+03, val=1.129e+03]
GNN flow training:  47%|████▋     | 47/100 [03:35<03:57,  4.48s/epoch, best=1.129e+03, sign=0.175, train=1.129e+03, val=1.122e+03]
GNN flow training:  48%|████▊     | 48/100 [03:35<03:52,  4.46s/epoch, best=1.129e+03, sign=0.175, train=1.129e+03, val=1.122e+03]
GNN flow training:  48%|████▊     | 48/100 [03:40<03:52,  4.46s/epoch, best=1.122e+03, sign=0.174, train=1.122e+03, val=1.116e+03]
GNN flow training:  49%|████▉     | 49/100 [03:40<03:48,  4.47s/epoch, best=1.122e+03, sign=0.174, train=1.122e+03, val=1.116e+03]
GNN flow training:  49%|████▉     | 49/100 [03:44<03:48,  4.47s/epoch, best=1.116e+03, sign=0.173, train=1.116e+03, val=1.112e+03]
GNN flow training:  50%|█████     | 50/100 [03:44<03:43,  4.48s/epoch, best=1.116e+03, sign=0.173, train=1.116e+03, val=1.112e+03]
GNN flow training:  50%|█████     | 50/100 [03:49<03:43,  4.48s/epoch, best=1.112e+03, sign=0.172, train=1.112e+03, val=1.102e+03]
GNN flow training:  51%|█████     | 51/100 [03:49<03:39,  4.48s/epoch, best=1.112e+03, sign=0.172, train=1.112e+03, val=1.102e+03]
GNN flow training:  51%|█████     | 51/100 [03:53<03:39,  4.48s/epoch, best=1.102e+03, sign=0.174, train=1.102e+03, val=1.110e+03]
GNN flow training:  52%|█████▏    | 52/100 [03:53<03:34,  4.46s/epoch, best=1.102e+03, sign=0.174, train=1.102e+03, val=1.110e+03]
GNN flow training:  52%|█████▏    | 52/100 [03:58<03:34,  4.46s/epoch, best=1.102e+03, sign=0.173, train=1.110e+03, val=1.116e+03]
GNN flow training:  53%|█████▎    | 53/100 [03:58<03:30,  4.48s/epoch, best=1.102e+03, sign=0.173, train=1.110e+03, val=1.116e+03]
GNN flow training:  53%|█████▎    | 53/100 [04:02<03:30,  4.48s/epoch, best=1.102e+03, sign=0.172, train=1.116e+03, val=1.122e+03]
GNN flow training:  54%|█████▍    | 54/100 [04:02<03:25,  4.47s/epoch, best=1.102e+03, sign=0.172, train=1.116e+03, val=1.122e+03]
GNN flow training:  54%|█████▍    | 54/100 [04:06<03:25,  4.47s/epoch, best=1.102e+03, sign=0.171, train=1.122e+03, val=1.131e+03]
GNN flow training:  55%|█████▌    | 55/100 [04:06<03:21,  4.47s/epoch, best=1.102e+03, sign=0.171, train=1.122e+03, val=1.131e+03]
GNN flow training:  55%|█████▌    | 55/100 [04:11<03:21,  4.47s/epoch, best=1.102e+03, sign=0.171, train=1.131e+03, val=1.102e+03]
GNN flow training:  56%|█████▌    | 56/100 [04:11<03:16,  4.47s/epoch, best=1.102e+03, sign=0.171, train=1.131e+03, val=1.102e+03]
GNN flow training:  56%|█████▌    | 56/100 [04:15<03:16,  4.47s/epoch, best=1.102e+03, sign=0.169, train=1.103e+03, val=1.077e+03]
GNN flow training:  57%|█████▋    | 57/100 [04:15<03:11,  4.46s/epoch, best=1.102e+03, sign=0.169, train=1.103e+03, val=1.077e+03]
GNN flow training:  57%|█████▋    | 57/100 [04:20<03:11,  4.46s/epoch, best=1.077e+03, sign=0.169, train=1.077e+03, val=1.061e+03]
GNN flow training:  58%|█████▊    | 58/100 [04:20<03:07,  4.46s/epoch, best=1.077e+03, sign=0.169, train=1.077e+03, val=1.061e+03]
GNN flow training:  58%|█████▊    | 58/100 [04:24<03:07,  4.46s/epoch, best=1.061e+03, sign=0.169, train=1.061e+03, val=1.065e+03]
GNN flow training:  59%|█████▉    | 59/100 [04:24<03:02,  4.45s/epoch, best=1.061e+03, sign=0.169, train=1.061e+03, val=1.065e+03]
GNN flow training:  59%|█████▉    | 59/100 [04:29<03:02,  4.45s/epoch, best=1.061e+03, sign=0.173, train=1.065e+03, val=1.057e+03]
GNN flow training:  60%|██████    | 60/100 [04:29<02:57,  4.44s/epoch, best=1.061e+03, sign=0.173, train=1.065e+03, val=1.057e+03]
GNN flow training:  60%|██████    | 60/100 [04:33<02:57,  4.44s/epoch, best=1.057e+03, sign=0.169, train=1.057e+03, val=1.049e+03]
GNN flow training:  61%|██████    | 61/100 [04:33<02:53,  4.44s/epoch, best=1.057e+03, sign=0.169, train=1.057e+03, val=1.049e+03]
GNN flow training:  61%|██████    | 61/100 [04:38<02:53,  4.44s/epoch, best=1.049e+03, sign=0.167, train=1.049e+03, val=1.047e+03]
GNN flow training:  62%|██████▏   | 62/100 [04:38<02:49,  4.45s/epoch, best=1.049e+03, sign=0.167, train=1.049e+03, val=1.047e+03]
GNN flow training:  62%|██████▏   | 62/100 [04:42<02:49,  4.45s/epoch, best=1.047e+03, sign=0.164, train=1.047e+03, val=1.047e+03]
GNN flow training:  63%|██████▎   | 63/100 [04:42<02:44,  4.45s/epoch, best=1.047e+03, sign=0.164, train=1.047e+03, val=1.047e+03]
GNN flow training:  63%|██████▎   | 63/100 [04:46<02:44,  4.45s/epoch, best=1.047e+03, sign=0.163, train=1.047e+03, val=1.043e+03]
GNN flow training:  64%|██████▍   | 64/100 [04:46<02:40,  4.45s/epoch, best=1.047e+03, sign=0.163, train=1.047e+03, val=1.043e+03]
GNN flow training:  64%|██████▍   | 64/100 [04:51<02:40,  4.45s/epoch, best=1.043e+03, sign=0.162, train=1.043e+03, val=1.045e+03]
GNN flow training:  65%|██████▌   | 65/100 [04:51<02:35,  4.44s/epoch, best=1.043e+03, sign=0.162, train=1.043e+03, val=1.045e+03]
GNN flow training:  65%|██████▌   | 65/100 [04:55<02:35,  4.44s/epoch, best=1.043e+03, sign=0.164, train=1.045e+03, val=1.043e+03]
GNN flow training:  66%|██████▌   | 66/100 [04:55<02:31,  4.44s/epoch, best=1.043e+03, sign=0.164, train=1.045e+03, val=1.043e+03]
GNN flow training:  66%|██████▌   | 66/100 [05:00<02:31,  4.44s/epoch, best=1.043e+03, sign=0.164, train=1.043e+03, val=1.042e+03]
GNN flow training:  67%|██████▋   | 67/100 [05:00<02:27,  4.46s/epoch, best=1.043e+03, sign=0.164, train=1.043e+03, val=1.042e+03]
GNN flow training:  67%|██████▋   | 67/100 [05:04<02:27,  4.46s/epoch, best=1.042e+03, sign=0.163, train=1.042e+03, val=1.041e+03]
GNN flow training:  68%|██████▊   | 68/100 [05:04<02:23,  4.47s/epoch, best=1.042e+03, sign=0.163, train=1.042e+03, val=1.041e+03]
GNN flow training:  68%|██████▊   | 68/100 [05:09<02:23,  4.47s/epoch, best=1.041e+03, sign=0.163, train=1.041e+03, val=1.035e+03]
GNN flow training:  69%|██████▉   | 69/100 [05:09<02:18,  4.47s/epoch, best=1.041e+03, sign=0.163, train=1.041e+03, val=1.035e+03]
GNN flow training:  69%|██████▉   | 69/100 [05:13<02:18,  4.47s/epoch, best=1.035e+03, sign=0.163, train=1.035e+03, val=1.026e+03]
GNN flow training:  70%|███████   | 70/100 [05:13<02:14,  4.47s/epoch, best=1.035e+03, sign=0.163, train=1.035e+03, val=1.026e+03]
GNN flow training:  70%|███████   | 70/100 [05:18<02:14,  4.47s/epoch, best=1.026e+03, sign=0.164, train=1.026e+03, val=1.018e+03]
GNN flow training:  71%|███████   | 71/100 [05:18<02:09,  4.46s/epoch, best=1.026e+03, sign=0.164, train=1.026e+03, val=1.018e+03]
GNN flow training:  71%|███████   | 71/100 [05:22<02:09,  4.46s/epoch, best=1.018e+03, sign=0.161, train=1.018e+03, val=1.012e+03]
GNN flow training:  72%|███████▏  | 72/100 [05:22<02:04,  4.46s/epoch, best=1.018e+03, sign=0.161, train=1.018e+03, val=1.012e+03]
GNN flow training:  72%|███████▏  | 72/100 [05:27<02:04,  4.46s/epoch, best=1.012e+03, sign=0.164, train=1.012e+03, val=1.016e+03]
GNN flow training:  73%|███████▎  | 73/100 [05:27<02:00,  4.47s/epoch, best=1.012e+03, sign=0.164, train=1.012e+03, val=1.016e+03]
GNN flow training:  73%|███████▎  | 73/100 [05:31<02:00,  4.47s/epoch, best=1.012e+03, sign=0.168, train=1.016e+03, val=1.036e+03]
GNN flow training:  74%|███████▍  | 74/100 [05:31<01:55,  4.46s/epoch, best=1.012e+03, sign=0.168, train=1.016e+03, val=1.036e+03]
GNN flow training:  74%|███████▍  | 74/100 [05:36<01:55,  4.46s/epoch, best=1.012e+03, sign=0.174, train=1.036e+03, val=1.051e+03]
GNN flow training:  75%|███████▌  | 75/100 [05:36<01:51,  4.44s/epoch, best=1.012e+03, sign=0.174, train=1.036e+03, val=1.051e+03]
GNN flow training:  75%|███████▌  | 75/100 [05:40<01:51,  4.44s/epoch, best=1.012e+03, sign=0.174, train=1.051e+03, val=1.056e+03]
GNN flow training:  76%|███████▌  | 76/100 [05:40<01:46,  4.45s/epoch, best=1.012e+03, sign=0.174, train=1.051e+03, val=1.056e+03]
GNN flow training:  76%|███████▌  | 76/100 [05:44<01:46,  4.45s/epoch, best=1.012e+03, sign=0.170, train=1.056e+03, val=1.041e+03]
GNN flow training:  77%|███████▋  | 77/100 [05:44<01:42,  4.45s/epoch, best=1.012e+03, sign=0.170, train=1.056e+03, val=1.041e+03]
GNN flow training:  77%|███████▋  | 77/100 [05:49<01:42,  4.45s/epoch, best=1.012e+03, sign=0.166, train=1.041e+03, val=1.029e+03]
GNN flow training:  78%|███████▊  | 78/100 [05:49<01:37,  4.45s/epoch, best=1.012e+03, sign=0.166, train=1.041e+03, val=1.029e+03]
GNN flow training:  78%|███████▊  | 78/100 [05:53<01:37,  4.45s/epoch, best=1.012e+03, sign=0.164, train=1.029e+03, val=1.021e+03]
GNN flow training:  79%|███████▉  | 79/100 [05:53<01:33,  4.45s/epoch, best=1.012e+03, sign=0.164, train=1.029e+03, val=1.021e+03]
GNN flow training:  79%|███████▉  | 79/100 [05:58<01:33,  4.45s/epoch, best=1.012e+03, sign=0.163, train=1.021e+03, val=1.011e+03]
GNN flow training:  80%|████████  | 80/100 [05:58<01:28,  4.44s/epoch, best=1.012e+03, sign=0.163, train=1.021e+03, val=1.011e+03]
GNN flow training:  80%|████████  | 80/100 [06:02<01:28,  4.44s/epoch, best=1.011e+03, sign=0.162, train=1.011e+03, val=1.005e+03]
GNN flow training:  81%|████████  | 81/100 [06:02<01:24,  4.44s/epoch, best=1.011e+03, sign=0.162, train=1.011e+03, val=1.005e+03]
GNN flow training:  81%|████████  | 81/100 [06:07<01:24,  4.44s/epoch, best=1.005e+03, sign=0.163, train=1.005e+03, val=1.004e+03]
GNN flow training:  82%|████████▏ | 82/100 [06:07<01:20,  4.45s/epoch, best=1.005e+03, sign=0.163, train=1.005e+03, val=1.004e+03]
GNN flow training:  82%|████████▏ | 82/100 [06:11<01:20,  4.45s/epoch, best=1.004e+03, sign=0.167, train=1.004e+03, val=1.002e+03]
GNN flow training:  83%|████████▎ | 83/100 [06:11<01:15,  4.44s/epoch, best=1.004e+03, sign=0.167, train=1.004e+03, val=1.002e+03]
GNN flow training:  83%|████████▎ | 83/100 [06:16<01:15,  4.44s/epoch, best=1.002e+03, sign=0.166, train=1.002e+03, val=1.001e+03]
GNN flow training:  84%|████████▍ | 84/100 [06:16<01:11,  4.44s/epoch, best=1.002e+03, sign=0.166, train=1.002e+03, val=1.001e+03]
GNN flow training:  84%|████████▍ | 84/100 [06:20<01:11,  4.44s/epoch, best=1.001e+03, sign=0.162, train=1.001e+03, val=9.840e+02]
GNN flow training:  85%|████████▌ | 85/100 [06:20<01:06,  4.45s/epoch, best=1.001e+03, sign=0.162, train=1.001e+03, val=9.840e+02]
GNN flow training:  85%|████████▌ | 85/100 [06:24<01:06,  4.45s/epoch, best=9.840e+02, sign=0.160, train=9.841e+02, val=9.730e+02]
GNN flow training:  86%|████████▌ | 86/100 [06:24<01:02,  4.46s/epoch, best=9.840e+02, sign=0.160, train=9.841e+02, val=9.730e+02]
GNN flow training:  86%|████████▌ | 86/100 [06:29<01:02,  4.46s/epoch, best=9.730e+02, sign=0.161, train=9.731e+02, val=9.690e+02]
GNN flow training:  87%|████████▋ | 87/100 [06:29<00:57,  4.45s/epoch, best=9.730e+02, sign=0.161, train=9.731e+02, val=9.690e+02]
GNN flow training:  87%|████████▋ | 87/100 [06:33<00:57,  4.45s/epoch, best=9.690e+02, sign=0.162, train=9.691e+02, val=9.689e+02]
GNN flow training:  88%|████████▊ | 88/100 [06:33<00:53,  4.44s/epoch, best=9.690e+02, sign=0.162, train=9.691e+02, val=9.689e+02]
GNN flow training:  88%|████████▊ | 88/100 [06:38<00:53,  4.44s/epoch, best=9.689e+02, sign=0.162, train=9.689e+02, val=9.675e+02]
GNN flow training:  89%|████████▉ | 89/100 [06:38<00:48,  4.45s/epoch, best=9.689e+02, sign=0.162, train=9.689e+02, val=9.675e+02]
GNN flow training:  89%|████████▉ | 89/100 [06:42<00:48,  4.45s/epoch, best=9.675e+02, sign=0.162, train=9.676e+02, val=9.645e+02]
GNN flow training:  90%|█████████ | 90/100 [06:42<00:44,  4.44s/epoch, best=9.675e+02, sign=0.162, train=9.676e+02, val=9.645e+02]
GNN flow training:  90%|█████████ | 90/100 [06:47<00:44,  4.44s/epoch, best=9.645e+02, sign=0.162, train=9.646e+02, val=9.619e+02]
GNN flow training:  91%|█████████ | 91/100 [06:47<00:40,  4.45s/epoch, best=9.645e+02, sign=0.162, train=9.646e+02, val=9.619e+02]
GNN flow training:  91%|█████████ | 91/100 [06:51<00:40,  4.45s/epoch, best=9.619e+02, sign=0.161, train=9.620e+02, val=9.595e+02]
GNN flow training:  92%|█████████▏| 92/100 [06:51<00:35,  4.45s/epoch, best=9.619e+02, sign=0.161, train=9.620e+02, val=9.595e+02]
GNN flow training:  92%|█████████▏| 92/100 [06:56<00:35,  4.45s/epoch, best=9.595e+02, sign=0.162, train=9.596e+02, val=9.468e+02]
GNN flow training:  93%|█████████▎| 93/100 [06:56<00:31,  4.46s/epoch, best=9.595e+02, sign=0.162, train=9.596e+02, val=9.468e+02]
GNN flow training:  93%|█████████▎| 93/100 [07:00<00:31,  4.46s/epoch, best=9.468e+02, sign=0.163, train=9.469e+02, val=9.439e+02]
GNN flow training:  94%|█████████▍| 94/100 [07:00<00:26,  4.45s/epoch, best=9.468e+02, sign=0.163, train=9.469e+02, val=9.439e+02]
GNN flow training:  94%|█████████▍| 94/100 [07:04<00:26,  4.45s/epoch, best=9.439e+02, sign=0.159, train=9.440e+02, val=9.306e+02]
GNN flow training:  95%|█████████▌| 95/100 [07:04<00:22,  4.45s/epoch, best=9.439e+02, sign=0.159, train=9.440e+02, val=9.306e+02]
GNN flow training:  95%|█████████▌| 95/100 [07:09<00:22,  4.45s/epoch, best=9.306e+02, sign=0.159, train=9.307e+02, val=9.231e+02]
GNN flow training:  96%|█████████▌| 96/100 [07:09<00:17,  4.47s/epoch, best=9.306e+02, sign=0.159, train=9.307e+02, val=9.231e+02]
GNN flow training:  96%|█████████▌| 96/100 [07:13<00:17,  4.47s/epoch, best=9.231e+02, sign=0.160, train=9.232e+02, val=9.322e+02]
GNN flow training:  97%|█████████▋| 97/100 [07:13<00:13,  4.45s/epoch, best=9.231e+02, sign=0.160, train=9.232e+02, val=9.322e+02]
GNN flow training:  97%|█████████▋| 97/100 [07:18<00:13,  4.45s/epoch, best=9.231e+02, sign=0.161, train=9.323e+02, val=9.312e+02]
GNN flow training:  98%|█████████▊| 98/100 [07:18<00:08,  4.45s/epoch, best=9.231e+02, sign=0.161, train=9.323e+02, val=9.312e+02]
GNN flow training:  98%|█████████▊| 98/100 [07:22<00:08,  4.45s/epoch, best=9.231e+02, sign=0.163, train=9.313e+02, val=9.138e+02]
GNN flow training:  99%|█████████▉| 99/100 [07:22<00:04,  4.44s/epoch, best=9.231e+02, sign=0.163, train=9.313e+02, val=9.138e+02]
GNN flow training:  99%|█████████▉| 99/100 [07:27<00:04,  4.44s/epoch, best=9.138e+02, sign=0.166, train=9.139e+02, val=8.918e+02]
GNN flow training: 100%|██████████| 100/100 [07:27<00:00,  4.44s/epoch, best=9.138e+02, sign=0.166, train=9.139e+02, val=8.918e+02]
GNN flow training: 100%|██████████| 100/100 [07:27<00:00,  4.47s/epoch, best=9.138e+02, sign=0.166, train=9.139e+02, val=8.918e+02]
Resolved config snapshot:
{'preset': 'solver_QKB_outer_QKBdelta', 'gnn_outer_losses': {'flow': 100.0, 'kirchhoff': 1.0, 'boundary': 100.0, 'delta_l2': 0.1, 'delta_smooth': 0.0, 'pressure_shape': 0.0}, 'physics': {'arterial_flow_mode': 'dataset', 'pressure_constraints': ['equal-a-equal-v'], 'alpha_pa': None, 'use_snr_weights': True, 'use_observed_flow_snr_weighting': True, 'flow_scale_mode': 'median_abs', 'solver_device': 'same', 'pressure_solver_mode': 'reduced-soft-constrained-lstsq', 'pressure_solver_lambda_kirchhoff': 1.0, 'pressure_solver_lambda_pressure_constraints': 100.0, 'pressure_solver_lambda_flow_residual': 1.0, 'pressure_shape_reference': 'delta_zero_reference', 'pressure_detach': False}, 'correction_bounds': {'correction_min': -0.5, 'correction_max': 0.5, 'correction_bound': 0.5, 'correction_parameterization': 'tanh'}, 'optimization': {'learning_rate': 0.001, 'weight_decay': 0.0001, 'gradient_clip_norm': 5.0, 'optimizer': 'adamw', 'epochs': 100, 'patience': 40}}
Resolved config snapshot:
{'preset': 'solver_QKB_outer_QKBdelta', 'gnn_outer_losses': {'flow': 10.0, 'kirchhoff': 100.0, 'boundary': 100.0, 'delta_l2': 0.1, 'delta_smooth': 0.0, 'pressure_shape': 0.0}, 'physics': {'arterial_flow_mode': 'dataset', 'pressure_constraints': ['equal-a-equal-v'], 'alpha_pa': None, 'use_snr_weights': True, 'use_observed_flow_snr_weighting': True, 'flow_scale_mode': 'median_abs', 'solver_device': 'same', 'pressure_solver_mode': 'reduced-soft-constrained-lstsq', 'pressure_solver_lambda_kirchhoff': 1.0, 'pressure_solver_lambda_pressure_constraints': 100.0, 'pressure_solver_lambda_flow_residual': 1.0, 'pressure_shape_reference': 'delta_zero_reference', 'pressure_detach': False}, 'correction_bounds': {'correction_min': -0.5, 'correction_max': 0.5, 'correction_bound': 0.5, 'correction_parameterization': 'tanh'}, 'optimization': {'learning_rate': 0.001, 'weight_decay': 0.0001, 'gradient_clip_norm': 5.0, 'optimizer': 'adamw', 'epochs': 100, 'patience': 40}}
Command: /mnt/home/sswee/miniforge3/envs/yolk-sac/bin/python /mnt/home/sswee/yolk/Yolk-Sac-Flow-Data-and-Sim/gnn_clean/scripts/python/gnn_flow.py /mnt/home/sswee/yolk/Yolk-Sac-Flow-Data-and-Sim/gnn_clean/datasets/mosaic_graph_canonical_harmonized/mosaic_graph_canonical_harmonized.gpickle --output-dir /mnt/home/sswee/yolk/Yolk-Sac-Flow-Data-and-Sim/gnn_clean/outputs_canonical/dc/03_pressure_constraint_sensitivity/gnn --run-name q_100__k_1__delta_0p1__constraint_equal_av --preset solver_QKB_outer_QKBdelta --device cuda --epochs 100 --seed 0 --viscosity-pa-s 0.0035 --config /mnt/home/sswee/yolk/Yolk-Sac-Flow-Data-and-Sim/gnn_clean/outputs_canonical/dc/03_pressure_constraint_sensitivity/_generated_configs/q_100__k_1__delta_0p1__constraint_equal_av.yaml --no-pressure-detach
Command: /mnt/home/sswee/miniforge3/envs/yolk-sac/bin/python /mnt/home/sswee/yolk/Yolk-Sac-Flow-Data-and-Sim/gnn_clean/scripts/python/gnn_flow.py /mnt/home/sswee/yolk/Yolk-Sac-Flow-Data-and-Sim/gnn_clean/datasets/mosaic_graph_canonical_harmonized/mosaic_graph_canonical_harmonized.gpickle --output-dir /mnt/home/sswee/yolk/Yolk-Sac-Flow-Data-and-Sim/gnn_clean/outputs_canonical/dc/03_pressure_constraint_sensitivity/gnn --run-name q_10__k_100__delta_0p1__constraint_equal_av --preset solver_QKB_outer_QKBdelta --device cuda --epochs 100 --seed 0 --viscosity-pa-s 0.0035 --config /mnt/home/sswee/yolk/Yolk-Sac-Flow-Data-and-Sim/gnn_clean/outputs_canonical/dc/03_pressure_constraint_sensitivity/_generated_configs/q_10__k_100__delta_0p1__constraint_equal_av.yaml --no-pressure-detach
Command: /mnt/home/sswee/miniforge3/envs/yolk-sac/bin/python /mnt/home/sswee/yolk/Yolk-Sac-Flow-Data-and-Sim/gnn_clean/scripts/python/poiseuille_only_baseline.py /mnt/home/sswee/yolk/Yolk-Sac-Flow-Data-and-Sim/gnn_clean/datasets/mosaic_graph_canonical_harmonized/mosaic_graph_canonical_harmonized.gpickle --output-dir /mnt/home/sswee/yolk/Yolk-Sac-Flow-Data-and-Sim/gnn_clean/outputs_canonical/dc/03_pressure_constraint_sensitivity/poiseuille --run-name poiseuille__q_1__k_10__constraint_equal_av --device cpu --viscosity-pa-s 0.0035 --dc-solve-mode reduced-soft-constrained-lstsq --arterial-flow-mode dataset --lambda-kirchhoff 10.0 --lambda-pressure-constraints 100.0 --lambda-flow-residual 1.0 --pressure-constraint equal-a-equal-v
