[info] DC Step 2 canonical sweep uses fixed lambda_B=100.0 for both the outer boundary loss and the reduced pressure-solver boundary constraint.

GNN flow training:   0%|          | 0/100 [00:00<?, ?epoch/s]
GNN flow training:   0%|          | 0/100 [00:06<?, ?epoch/s, best=1.271e+03, sign=0.194, train=1.270e+03, val=1.271e+03]
GNN flow training:   1%|          | 1/100 [00:06<10:16,  6.23s/epoch, best=1.271e+03, sign=0.194, train=1.270e+03, val=1.271e+03]
GNN flow training:   1%|          | 1/100 [00:12<10:16,  6.23s/epoch, best=1.271e+03, sign=0.194, train=1.271e+03, val=1.274e+03]
GNN flow training:   2%|▏         | 2/100 [00:12<10:03,  6.16s/epoch, best=1.271e+03, sign=0.194, train=1.271e+03, val=1.274e+03]
GNN flow training:   2%|▏         | 2/100 [00:18<10:03,  6.16s/epoch, best=1.271e+03, sign=0.194, train=1.274e+03, val=1.273e+03]
GNN flow training:   3%|▎         | 3/100 [00:18<09:55,  6.14s/epoch, best=1.271e+03, sign=0.194, train=1.274e+03, val=1.273e+03]
GNN flow training:   3%|▎         | 3/100 [00:24<09:55,  6.14s/epoch, best=1.271e+03, sign=0.194, train=1.273e+03, val=1.269e+03]
GNN flow training:   4%|▍         | 4/100 [00:24<09:47,  6.12s/epoch, best=1.271e+03, sign=0.194, train=1.273e+03, val=1.269e+03]
GNN flow training:   4%|▍         | 4/100 [00:30<09:47,  6.12s/epoch, best=1.269e+03, sign=0.194, train=1.269e+03, val=1.271e+03]
GNN flow training:   5%|▌         | 5/100 [00:30<09:39,  6.10s/epoch, best=1.269e+03, sign=0.194, train=1.269e+03, val=1.271e+03]
GNN flow training:   5%|▌         | 5/100 [00:36<09:39,  6.10s/epoch, best=1.269e+03, sign=0.194, train=1.271e+03, val=1.268e+03]
GNN flow training:   6%|▌         | 6/100 [00:36<09:32,  6.09s/epoch, best=1.269e+03, sign=0.194, train=1.271e+03, val=1.268e+03]
GNN flow training:   6%|▌         | 6/100 [00:42<09:32,  6.09s/epoch, best=1.268e+03, sign=0.194, train=1.268e+03, val=1.269e+03]
GNN flow training:   7%|▋         | 7/100 [00:42<09:25,  6.08s/epoch, best=1.268e+03, sign=0.194, train=1.268e+03, val=1.269e+03]
GNN flow training:   7%|▋         | 7/100 [00:48<09:25,  6.08s/epoch, best=1.268e+03, sign=0.194, train=1.269e+03, val=1.269e+03]
GNN flow training:   8%|▊         | 8/100 [00:48<09:20,  6.09s/epoch, best=1.268e+03, sign=0.194, train=1.269e+03, val=1.269e+03]
GNN flow training:   8%|▊         | 8/100 [00:55<09:20,  6.09s/epoch, best=1.268e+03, sign=0.194, train=1.269e+03, val=1.268e+03]
GNN flow training:   9%|▉         | 9/100 [00:55<09:16,  6.11s/epoch, best=1.268e+03, sign=0.194, train=1.269e+03, val=1.268e+03]
GNN flow training:   9%|▉         | 9/100 [01:01<09:16,  6.11s/epoch, best=1.268e+03, sign=0.194, train=1.268e+03, val=1.266e+03]
GNN flow training:  10%|█         | 10/100 [01:01<09:10,  6.11s/epoch, best=1.268e+03, sign=0.194, train=1.268e+03, val=1.266e+03]
GNN flow training:  10%|█         | 10/100 [01:07<09:10,  6.11s/epoch, best=1.266e+03, sign=0.194, train=1.266e+03, val=1.265e+03]
GNN flow training:  11%|█         | 11/100 [01:07<09:02,  6.10s/epoch, best=1.266e+03, sign=0.194, train=1.266e+03, val=1.265e+03]
GNN flow training:  11%|█         | 11/100 [01:13<09:02,  6.10s/epoch, best=1.265e+03, sign=0.192, train=1.265e+03, val=1.268e+03]
GNN flow training:  12%|█▏        | 12/100 [01:13<08:55,  6.09s/epoch, best=1.265e+03, sign=0.192, train=1.265e+03, val=1.268e+03]
GNN flow training:  12%|█▏        | 12/100 [01:19<08:55,  6.09s/epoch, best=1.265e+03, sign=0.192, train=1.268e+03, val=1.267e+03]
GNN flow training:  13%|█▎        | 13/100 [01:19<08:50,  6.09s/epoch, best=1.265e+03, sign=0.192, train=1.268e+03, val=1.267e+03]
GNN flow training:  13%|█▎        | 13/100 [01:25<08:50,  6.09s/epoch, best=1.265e+03, sign=0.193, train=1.267e+03, val=1.266e+03]
GNN flow training:  14%|█▍        | 14/100 [01:25<08:44,  6.10s/epoch, best=1.265e+03, sign=0.193, train=1.267e+03, val=1.266e+03]
GNN flow training:  14%|█▍        | 14/100 [01:31<08:44,  6.10s/epoch, best=1.265e+03, sign=0.193, train=1.266e+03, val=1.266e+03]
GNN flow training:  15%|█▌        | 15/100 [01:31<08:39,  6.11s/epoch, best=1.265e+03, sign=0.193, train=1.266e+03, val=1.266e+03]
GNN flow training:  15%|█▌        | 15/100 [01:37<08:39,  6.11s/epoch, best=1.265e+03, sign=0.193, train=1.266e+03, val=1.265e+03]
GNN flow training:  16%|█▌        | 16/100 [01:37<08:33,  6.11s/epoch, best=1.265e+03, sign=0.193, train=1.266e+03, val=1.265e+03]
GNN flow training:  16%|█▌        | 16/100 [01:43<08:33,  6.11s/epoch, best=1.265e+03, sign=0.193, train=1.265e+03, val=1.264e+03]
GNN flow training:  17%|█▋        | 17/100 [01:43<08:27,  6.12s/epoch, best=1.265e+03, sign=0.193, train=1.265e+03, val=1.264e+03]
GNN flow training:  17%|█▋        | 17/100 [01:49<08:27,  6.12s/epoch, best=1.264e+03, sign=0.193, train=1.264e+03, val=1.263e+03]
GNN flow training:  18%|█▊        | 18/100 [01:49<08:20,  6.11s/epoch, best=1.264e+03, sign=0.193, train=1.264e+03, val=1.263e+03]
GNN flow training:  18%|█▊        | 18/100 [01:56<08:20,  6.11s/epoch, best=1.263e+03, sign=0.193, train=1.263e+03, val=1.267e+03]
GNN flow training:  19%|█▉        | 19/100 [01:56<08:15,  6.11s/epoch, best=1.263e+03, sign=0.193, train=1.263e+03, val=1.267e+03]
GNN flow training:  19%|█▉        | 19/100 [02:02<08:15,  6.11s/epoch, best=1.263e+03, sign=0.193, train=1.267e+03, val=1.265e+03]
GNN flow training:  20%|██        | 20/100 [02:02<08:08,  6.10s/epoch, best=1.263e+03, sign=0.193, train=1.267e+03, val=1.265e+03]
GNN flow training:  20%|██        | 20/100 [02:08<08:08,  6.10s/epoch, best=1.263e+03, sign=0.193, train=1.265e+03, val=1.264e+03]
GNN flow training:  21%|██        | 21/100 [02:08<08:03,  6.12s/epoch, best=1.263e+03, sign=0.193, train=1.265e+03, val=1.264e+03]
GNN flow training:  21%|██        | 21/100 [02:14<08:03,  6.12s/epoch, best=1.263e+03, sign=0.193, train=1.264e+03, val=1.262e+03]
GNN flow training:  22%|██▏       | 22/100 [02:14<07:55,  6.10s/epoch, best=1.263e+03, sign=0.193, train=1.264e+03, val=1.262e+03]
GNN flow training:  22%|██▏       | 22/100 [02:20<07:55,  6.10s/epoch, best=1.262e+03, sign=0.193, train=1.262e+03, val=1.259e+03]
GNN flow training:  23%|██▎       | 23/100 [02:20<07:51,  6.12s/epoch, best=1.262e+03, sign=0.193, train=1.262e+03, val=1.259e+03]
GNN flow training:  23%|██▎       | 23/100 [02:26<07:51,  6.12s/epoch, best=1.259e+03, sign=0.193, train=1.259e+03, val=1.256e+03]
GNN flow training:  24%|██▍       | 24/100 [02:26<07:44,  6.11s/epoch, best=1.259e+03, sign=0.193, train=1.259e+03, val=1.256e+03]
GNN flow training:  24%|██▍       | 24/100 [02:32<07:44,  6.11s/epoch, best=1.256e+03, sign=0.193, train=1.256e+03, val=1.251e+03]
GNN flow training:  25%|██▌       | 25/100 [02:32<07:38,  6.12s/epoch, best=1.256e+03, sign=0.193, train=1.256e+03, val=1.251e+03]
GNN flow training:  25%|██▌       | 25/100 [02:38<07:38,  6.12s/epoch, best=1.251e+03, sign=0.192, train=1.251e+03, val=1.249e+03]
GNN flow training:  26%|██▌       | 26/100 [02:38<07:31,  6.10s/epoch, best=1.251e+03, sign=0.192, train=1.251e+03, val=1.249e+03]
GNN flow training:  26%|██▌       | 26/100 [02:44<07:31,  6.10s/epoch, best=1.249e+03, sign=0.192, train=1.249e+03, val=1.245e+03]
GNN flow training:  27%|██▋       | 27/100 [02:44<07:26,  6.12s/epoch, best=1.249e+03, sign=0.192, train=1.249e+03, val=1.245e+03]
GNN flow training:  27%|██▋       | 27/100 [02:51<07:26,  6.12s/epoch, best=1.245e+03, sign=0.192, train=1.245e+03, val=1.235e+03]
GNN flow training:  28%|██▊       | 28/100 [02:51<07:21,  6.13s/epoch, best=1.245e+03, sign=0.192, train=1.245e+03, val=1.235e+03]
GNN flow training:  28%|██▊       | 28/100 [02:57<07:21,  6.13s/epoch, best=1.235e+03, sign=0.191, train=1.235e+03, val=1.230e+03]
GNN flow training:  29%|██▉       | 29/100 [02:57<07:14,  6.12s/epoch, best=1.235e+03, sign=0.191, train=1.235e+03, val=1.230e+03]
GNN flow training:  29%|██▉       | 29/100 [03:03<07:14,  6.12s/epoch, best=1.230e+03, sign=0.189, train=1.230e+03, val=1.225e+03]
GNN flow training:  30%|███       | 30/100 [03:03<07:09,  6.13s/epoch, best=1.230e+03, sign=0.189, train=1.230e+03, val=1.225e+03]
GNN flow training:  30%|███       | 30/100 [03:09<07:09,  6.13s/epoch, best=1.225e+03, sign=0.188, train=1.225e+03, val=1.223e+03]
GNN flow training:  31%|███       | 31/100 [03:09<07:04,  6.15s/epoch, best=1.225e+03, sign=0.188, train=1.225e+03, val=1.223e+03]
GNN flow training:  31%|███       | 31/100 [03:15<07:04,  6.15s/epoch, best=1.223e+03, sign=0.187, train=1.223e+03, val=1.221e+03]
GNN flow training:  32%|███▏      | 32/100 [03:15<06:58,  6.16s/epoch, best=1.223e+03, sign=0.187, train=1.223e+03, val=1.221e+03]
GNN flow training:  32%|███▏      | 32/100 [03:21<06:58,  6.16s/epoch, best=1.221e+03, sign=0.187, train=1.221e+03, val=1.218e+03]
GNN flow training:  33%|███▎      | 33/100 [03:21<06:51,  6.14s/epoch, best=1.221e+03, sign=0.187, train=1.221e+03, val=1.218e+03]
GNN flow training:  33%|███▎      | 33/100 [03:28<06:51,  6.14s/epoch, best=1.218e+03, sign=0.186, train=1.218e+03, val=1.216e+03]
GNN flow training:  34%|███▍      | 34/100 [03:28<06:46,  6.15s/epoch, best=1.218e+03, sign=0.186, train=1.218e+03, val=1.216e+03]
GNN flow training:  34%|███▍      | 34/100 [03:34<06:46,  6.15s/epoch, best=1.216e+03, sign=0.186, train=1.216e+03, val=1.209e+03]
GNN flow training:  35%|███▌      | 35/100 [03:34<06:38,  6.13s/epoch, best=1.216e+03, sign=0.186, train=1.216e+03, val=1.209e+03]
GNN flow training:  35%|███▌      | 35/100 [03:40<06:38,  6.13s/epoch, best=1.209e+03, sign=0.186, train=1.209e+03, val=1.203e+03]
GNN flow training:  36%|███▌      | 36/100 [03:40<06:32,  6.13s/epoch, best=1.209e+03, sign=0.186, train=1.209e+03, val=1.203e+03]
GNN flow training:  36%|███▌      | 36/100 [03:46<06:32,  6.13s/epoch, best=1.203e+03, sign=0.185, train=1.203e+03, val=1.194e+03]
GNN flow training:  37%|███▋      | 37/100 [03:46<06:25,  6.13s/epoch, best=1.203e+03, sign=0.185, train=1.203e+03, val=1.194e+03]
GNN flow training:  37%|███▋      | 37/100 [03:52<06:25,  6.13s/epoch, best=1.194e+03, sign=0.184, train=1.194e+03, val=1.190e+03]
GNN flow training:  38%|███▊      | 38/100 [03:52<06:20,  6.14s/epoch, best=1.194e+03, sign=0.184, train=1.194e+03, val=1.190e+03]
GNN flow training:  38%|███▊      | 38/100 [03:58<06:20,  6.14s/epoch, best=1.190e+03, sign=0.184, train=1.190e+03, val=1.183e+03]
GNN flow training:  39%|███▉      | 39/100 [03:58<06:13,  6.12s/epoch, best=1.190e+03, sign=0.184, train=1.190e+03, val=1.183e+03]
GNN flow training:  39%|███▉      | 39/100 [04:04<06:13,  6.12s/epoch, best=1.183e+03, sign=0.184, train=1.183e+03, val=1.178e+03]
GNN flow training:  40%|████      | 40/100 [04:04<06:06,  6.10s/epoch, best=1.183e+03, sign=0.184, train=1.183e+03, val=1.178e+03]
GNN flow training:  40%|████      | 40/100 [04:10<06:06,  6.10s/epoch, best=1.178e+03, sign=0.185, train=1.178e+03, val=1.180e+03]
GNN flow training:  41%|████      | 41/100 [04:10<06:00,  6.11s/epoch, best=1.178e+03, sign=0.185, train=1.178e+03, val=1.180e+03]
GNN flow training:  41%|████      | 41/100 [04:16<06:00,  6.11s/epoch, best=1.178e+03, sign=0.187, train=1.180e+03, val=1.178e+03]
GNN flow training:  42%|████▏     | 42/100 [04:16<05:54,  6.12s/epoch, best=1.178e+03, sign=0.187, train=1.180e+03, val=1.178e+03]
GNN flow training:  42%|████▏     | 42/100 [04:23<05:54,  6.12s/epoch, best=1.178e+03, sign=0.185, train=1.179e+03, val=1.170e+03]
GNN flow training:  43%|████▎     | 43/100 [04:23<05:48,  6.11s/epoch, best=1.178e+03, sign=0.185, train=1.179e+03, val=1.170e+03]
GNN flow training:  43%|████▎     | 43/100 [04:29<05:48,  6.11s/epoch, best=1.170e+03, sign=0.183, train=1.170e+03, val=1.157e+03]
GNN flow training:  44%|████▍     | 44/100 [04:29<05:42,  6.12s/epoch, best=1.170e+03, sign=0.183, train=1.170e+03, val=1.157e+03]
GNN flow training:  44%|████▍     | 44/100 [04:35<05:42,  6.12s/epoch, best=1.157e+03, sign=0.181, train=1.157e+03, val=1.149e+03]
GNN flow training:  45%|████▌     | 45/100 [04:35<05:37,  6.13s/epoch, best=1.157e+03, sign=0.181, train=1.157e+03, val=1.149e+03]
GNN flow training:  45%|████▌     | 45/100 [04:41<05:37,  6.13s/epoch, best=1.149e+03, sign=0.180, train=1.149e+03, val=1.135e+03]
GNN flow training:  46%|████▌     | 46/100 [04:41<05:30,  6.12s/epoch, best=1.149e+03, sign=0.180, train=1.149e+03, val=1.135e+03]
GNN flow training:  46%|████▌     | 46/100 [04:47<05:30,  6.12s/epoch, best=1.135e+03, sign=0.180, train=1.135e+03, val=1.130e+03]
GNN flow training:  47%|████▋     | 47/100 [04:47<05:24,  6.13s/epoch, best=1.135e+03, sign=0.180, train=1.135e+03, val=1.130e+03]
GNN flow training:  47%|████▋     | 47/100 [04:53<05:24,  6.13s/epoch, best=1.130e+03, sign=0.180, train=1.130e+03, val=1.128e+03]
GNN flow training:  48%|████▊     | 48/100 [04:53<05:18,  6.12s/epoch, best=1.130e+03, sign=0.180, train=1.130e+03, val=1.128e+03]
GNN flow training:  48%|████▊     | 48/100 [04:59<05:18,  6.12s/epoch, best=1.128e+03, sign=0.180, train=1.128e+03, val=1.124e+03]
GNN flow training:  49%|████▉     | 49/100 [04:59<05:11,  6.11s/epoch, best=1.128e+03, sign=0.180, train=1.128e+03, val=1.124e+03]
GNN flow training:  49%|████▉     | 49/100 [05:05<05:11,  6.11s/epoch, best=1.124e+03, sign=0.181, train=1.124e+03, val=1.116e+03]
GNN flow training:  50%|█████     | 50/100 [05:05<05:05,  6.11s/epoch, best=1.124e+03, sign=0.181, train=1.124e+03, val=1.116e+03]
GNN flow training:  50%|█████     | 50/100 [05:11<05:05,  6.11s/epoch, best=1.116e+03, sign=0.180, train=1.116e+03, val=1.115e+03]
GNN flow training:  51%|█████     | 51/100 [05:11<04:58,  6.10s/epoch, best=1.116e+03, sign=0.180, train=1.116e+03, val=1.115e+03]
GNN flow training:  51%|█████     | 51/100 [05:17<04:58,  6.10s/epoch, best=1.115e+03, sign=0.181, train=1.115e+03, val=1.112e+03]
GNN flow training:  52%|█████▏    | 52/100 [05:17<04:51,  6.08s/epoch, best=1.115e+03, sign=0.181, train=1.115e+03, val=1.112e+03]
GNN flow training:  52%|█████▏    | 52/100 [05:24<04:51,  6.08s/epoch, best=1.112e+03, sign=0.183, train=1.112e+03, val=1.109e+03]
GNN flow training:  53%|█████▎    | 53/100 [05:24<04:46,  6.09s/epoch, best=1.112e+03, sign=0.183, train=1.112e+03, val=1.109e+03]
GNN flow training:  53%|█████▎    | 53/100 [05:30<04:46,  6.09s/epoch, best=1.109e+03, sign=0.194, train=1.109e+03, val=1.121e+03]
GNN flow training:  54%|█████▍    | 54/100 [05:30<04:40,  6.09s/epoch, best=1.109e+03, sign=0.194, train=1.109e+03, val=1.121e+03]
GNN flow training:  54%|█████▍    | 54/100 [05:36<04:40,  6.09s/epoch, best=1.109e+03, sign=0.203, train=1.121e+03, val=1.145e+03]
GNN flow training:  55%|█████▌    | 55/100 [05:36<04:33,  6.07s/epoch, best=1.109e+03, sign=0.203, train=1.121e+03, val=1.145e+03]
GNN flow training:  55%|█████▌    | 55/100 [05:42<04:33,  6.07s/epoch, best=1.109e+03, sign=0.199, train=1.145e+03, val=1.127e+03]
GNN flow training:  56%|█████▌    | 56/100 [05:42<04:27,  6.08s/epoch, best=1.109e+03, sign=0.199, train=1.145e+03, val=1.127e+03]
GNN flow training:  56%|█████▌    | 56/100 [05:48<04:27,  6.08s/epoch, best=1.109e+03, sign=0.201, train=1.127e+03, val=1.123e+03]
GNN flow training:  57%|█████▋    | 57/100 [05:48<04:21,  6.09s/epoch, best=1.109e+03, sign=0.201, train=1.127e+03, val=1.123e+03]
GNN flow training:  57%|█████▋    | 57/100 [05:54<04:21,  6.09s/epoch, best=1.109e+03, sign=0.191, train=1.123e+03, val=1.100e+03]
GNN flow training:  58%|█████▊    | 58/100 [05:54<04:15,  6.07s/epoch, best=1.109e+03, sign=0.191, train=1.123e+03, val=1.100e+03]
GNN flow training:  58%|█████▊    | 58/100 [06:00<04:15,  6.07s/epoch, best=1.100e+03, sign=0.180, train=1.100e+03, val=1.074e+03]
GNN flow training:  59%|█████▉    | 59/100 [06:00<04:08,  6.06s/epoch, best=1.100e+03, sign=0.180, train=1.100e+03, val=1.074e+03]
GNN flow training:  59%|█████▉    | 59/100 [06:06<04:08,  6.06s/epoch, best=1.074e+03, sign=0.178, train=1.074e+03, val=1.063e+03]
GNN flow training:  60%|██████    | 60/100 [06:06<04:02,  6.05s/epoch, best=1.074e+03, sign=0.178, train=1.074e+03, val=1.063e+03]
GNN flow training:  60%|██████    | 60/100 [06:12<04:02,  6.05s/epoch, best=1.063e+03, sign=0.175, train=1.063e+03, val=1.061e+03]
GNN flow training:  61%|██████    | 61/100 [06:12<03:56,  6.07s/epoch, best=1.063e+03, sign=0.175, train=1.063e+03, val=1.061e+03]
GNN flow training:  61%|██████    | 61/100 [06:18<03:56,  6.07s/epoch, best=1.061e+03, sign=0.174, train=1.061e+03, val=1.056e+03]
GNN flow training:  62%|██████▏   | 62/100 [06:18<03:51,  6.08s/epoch, best=1.061e+03, sign=0.174, train=1.061e+03, val=1.056e+03]
GNN flow training:  62%|██████▏   | 62/100 [06:24<03:51,  6.08s/epoch, best=1.056e+03, sign=0.173, train=1.056e+03, val=1.054e+03]
GNN flow training:  63%|██████▎   | 63/100 [06:24<03:45,  6.09s/epoch, best=1.056e+03, sign=0.173, train=1.056e+03, val=1.054e+03]
GNN flow training:  63%|██████▎   | 63/100 [06:30<03:45,  6.09s/epoch, best=1.054e+03, sign=0.172, train=1.054e+03, val=1.053e+03]
GNN flow training:  64%|██████▍   | 64/100 [06:30<03:39,  6.09s/epoch, best=1.054e+03, sign=0.172, train=1.054e+03, val=1.053e+03]
GNN flow training:  64%|██████▍   | 64/100 [06:36<03:39,  6.09s/epoch, best=1.053e+03, sign=0.172, train=1.053e+03, val=1.055e+03]
GNN flow training:  65%|██████▌   | 65/100 [06:36<03:32,  6.08s/epoch, best=1.053e+03, sign=0.172, train=1.053e+03, val=1.055e+03]
GNN flow training:  65%|██████▌   | 65/100 [06:43<03:32,  6.08s/epoch, best=1.053e+03, sign=0.169, train=1.055e+03, val=1.046e+03]
GNN flow training:  66%|██████▌   | 66/100 [06:43<03:26,  6.07s/epoch, best=1.053e+03, sign=0.169, train=1.055e+03, val=1.046e+03]
GNN flow training:  66%|██████▌   | 66/100 [06:49<03:26,  6.07s/epoch, best=1.046e+03, sign=0.167, train=1.046e+03, val=1.040e+03]
GNN flow training:  67%|██████▋   | 67/100 [06:49<03:20,  6.08s/epoch, best=1.046e+03, sign=0.167, train=1.046e+03, val=1.040e+03]
GNN flow training:  67%|██████▋   | 67/100 [06:55<03:20,  6.08s/epoch, best=1.040e+03, sign=0.166, train=1.040e+03, val=1.047e+03]
GNN flow training:  68%|██████▊   | 68/100 [06:55<03:14,  6.09s/epoch, best=1.040e+03, sign=0.166, train=1.040e+03, val=1.047e+03]
GNN flow training:  68%|██████▊   | 68/100 [07:01<03:14,  6.09s/epoch, best=1.040e+03, sign=0.166, train=1.047e+03, val=1.042e+03]
GNN flow training:  69%|██████▉   | 69/100 [07:01<03:08,  6.10s/epoch, best=1.040e+03, sign=0.166, train=1.047e+03, val=1.042e+03]
GNN flow training:  69%|██████▉   | 69/100 [07:07<03:08,  6.10s/epoch, best=1.040e+03, sign=0.166, train=1.042e+03, val=1.035e+03]
GNN flow training:  70%|███████   | 70/100 [07:07<03:02,  6.08s/epoch, best=1.040e+03, sign=0.166, train=1.042e+03, val=1.035e+03]
GNN flow training:  70%|███████   | 70/100 [07:13<03:02,  6.08s/epoch, best=1.035e+03, sign=0.164, train=1.036e+03, val=1.035e+03]
GNN flow training:  71%|███████   | 71/100 [07:13<02:56,  6.09s/epoch, best=1.035e+03, sign=0.164, train=1.036e+03, val=1.035e+03]
GNN flow training:  71%|███████   | 71/100 [07:19<02:56,  6.09s/epoch, best=1.035e+03, sign=0.164, train=1.035e+03, val=1.032e+03]
GNN flow training:  72%|███████▏  | 72/100 [07:19<02:50,  6.09s/epoch, best=1.035e+03, sign=0.164, train=1.035e+03, val=1.032e+03]
GNN flow training:  72%|███████▏  | 72/100 [07:25<02:50,  6.09s/epoch, best=1.032e+03, sign=0.164, train=1.033e+03, val=1.027e+03]
GNN flow training:  73%|███████▎  | 73/100 [07:25<02:44,  6.09s/epoch, best=1.032e+03, sign=0.164, train=1.033e+03, val=1.027e+03]
GNN flow training:  73%|███████▎  | 73/100 [07:31<02:44,  6.09s/epoch, best=1.027e+03, sign=0.164, train=1.027e+03, val=1.021e+03]
GNN flow training:  74%|███████▍  | 74/100 [07:31<02:38,  6.09s/epoch, best=1.027e+03, sign=0.164, train=1.027e+03, val=1.021e+03]
GNN flow training:  74%|███████▍  | 74/100 [07:37<02:38,  6.09s/epoch, best=1.021e+03, sign=0.162, train=1.021e+03, val=1.013e+03]
GNN flow training:  75%|███████▌  | 75/100 [07:37<02:32,  6.09s/epoch, best=1.021e+03, sign=0.162, train=1.021e+03, val=1.013e+03]
GNN flow training:  75%|███████▌  | 75/100 [07:43<02:32,  6.09s/epoch, best=1.013e+03, sign=0.161, train=1.013e+03, val=1.004e+03]
GNN flow training:  76%|███████▌  | 76/100 [07:43<02:26,  6.08s/epoch, best=1.013e+03, sign=0.161, train=1.013e+03, val=1.004e+03]
GNN flow training:  76%|███████▌  | 76/100 [07:50<02:26,  6.08s/epoch, best=1.004e+03, sign=0.163, train=1.004e+03, val=1.008e+03]
GNN flow training:  77%|███████▋  | 77/100 [07:50<02:20,  6.10s/epoch, best=1.004e+03, sign=0.163, train=1.004e+03, val=1.008e+03]
GNN flow training:  77%|███████▋  | 77/100 [07:56<02:20,  6.10s/epoch, best=1.004e+03, sign=0.164, train=1.008e+03, val=1.013e+03]
GNN flow training:  78%|███████▊  | 78/100 [07:56<02:14,  6.10s/epoch, best=1.004e+03, sign=0.164, train=1.008e+03, val=1.013e+03]
GNN flow training:  78%|███████▊  | 78/100 [08:02<02:14,  6.10s/epoch, best=1.004e+03, sign=0.164, train=1.013e+03, val=1.016e+03]
GNN flow training:  79%|███████▉  | 79/100 [08:02<02:08,  6.10s/epoch, best=1.004e+03, sign=0.164, train=1.013e+03, val=1.016e+03]
GNN flow training:  79%|███████▉  | 79/100 [08:08<02:08,  6.10s/epoch, best=1.004e+03, sign=0.165, train=1.016e+03, val=1.024e+03]
GNN flow training:  80%|████████  | 80/100 [08:08<02:02,  6.11s/epoch, best=1.004e+03, sign=0.165, train=1.016e+03, val=1.024e+03]
GNN flow training:  80%|████████  | 80/100 [08:14<02:02,  6.11s/epoch, best=1.004e+03, sign=0.167, train=1.024e+03, val=1.034e+03]
GNN flow training:  81%|████████  | 81/100 [08:14<01:56,  6.12s/epoch, best=1.004e+03, sign=0.167, train=1.024e+03, val=1.034e+03]
GNN flow training:  81%|████████  | 81/100 [08:20<01:56,  6.12s/epoch, best=1.004e+03, sign=0.169, train=1.034e+03, val=1.039e+03]
GNN flow training:  82%|████████▏ | 82/100 [08:20<01:50,  6.12s/epoch, best=1.004e+03, sign=0.169, train=1.034e+03, val=1.039e+03]
GNN flow training:  82%|████████▏ | 82/100 [08:26<01:50,  6.12s/epoch, best=1.004e+03, sign=0.169, train=1.039e+03, val=1.041e+03]
GNN flow training:  83%|████████▎ | 83/100 [08:26<01:44,  6.12s/epoch, best=1.004e+03, sign=0.169, train=1.039e+03, val=1.041e+03]
GNN flow training:  83%|████████▎ | 83/100 [08:32<01:44,  6.12s/epoch, best=1.004e+03, sign=0.171, train=1.041e+03, val=1.044e+03]
GNN flow training:  84%|████████▍ | 84/100 [08:32<01:37,  6.11s/epoch, best=1.004e+03, sign=0.171, train=1.041e+03, val=1.044e+03]
GNN flow training:  84%|████████▍ | 84/100 [08:38<01:37,  6.11s/epoch, best=1.004e+03, sign=0.169, train=1.044e+03, val=1.036e+03]
GNN flow training:  85%|████████▌ | 85/100 [08:38<01:31,  6.11s/epoch, best=1.004e+03, sign=0.169, train=1.044e+03, val=1.036e+03]
GNN flow training:  85%|████████▌ | 85/100 [08:45<01:31,  6.11s/epoch, best=1.004e+03, sign=0.168, train=1.036e+03, val=1.030e+03]
GNN flow training:  86%|████████▌ | 86/100 [08:45<01:25,  6.11s/epoch, best=1.004e+03, sign=0.168, train=1.036e+03, val=1.030e+03]
GNN flow training:  86%|████████▌ | 86/100 [08:51<01:25,  6.11s/epoch, best=1.004e+03, sign=0.168, train=1.030e+03, val=1.032e+03]
GNN flow training:  87%|████████▋ | 87/100 [08:51<01:19,  6.10s/epoch, best=1.004e+03, sign=0.168, train=1.030e+03, val=1.032e+03]
GNN flow training:  87%|████████▋ | 87/100 [08:57<01:19,  6.10s/epoch, best=1.004e+03, sign=0.170, train=1.032e+03, val=1.029e+03]
GNN flow training:  88%|████████▊ | 88/100 [08:57<01:13,  6.09s/epoch, best=1.004e+03, sign=0.170, train=1.032e+03, val=1.029e+03]
GNN flow training:  88%|████████▊ | 88/100 [09:03<01:13,  6.09s/epoch, best=1.004e+03, sign=0.168, train=1.029e+03, val=1.025e+03]
GNN flow training:  89%|████████▉ | 89/100 [09:03<01:07,  6.09s/epoch, best=1.004e+03, sign=0.168, train=1.029e+03, val=1.025e+03]
GNN flow training:  89%|████████▉ | 89/100 [09:09<01:07,  6.09s/epoch, best=1.004e+03, sign=0.171, train=1.025e+03, val=1.033e+03]
GNN flow training:  90%|█████████ | 90/100 [09:09<01:01,  6.11s/epoch, best=1.004e+03, sign=0.171, train=1.025e+03, val=1.033e+03]
GNN flow training:  90%|█████████ | 90/100 [09:15<01:01,  6.11s/epoch, best=1.004e+03, sign=0.173, train=1.033e+03, val=1.033e+03]
GNN flow training:  91%|█████████ | 91/100 [09:15<00:54,  6.10s/epoch, best=1.004e+03, sign=0.173, train=1.033e+03, val=1.033e+03]
GNN flow training:  91%|█████████ | 91/100 [09:21<00:54,  6.10s/epoch, best=1.004e+03, sign=0.167, train=1.033e+03, val=1.018e+03]
GNN flow training:  92%|█████████▏| 92/100 [09:21<00:48,  6.10s/epoch, best=1.004e+03, sign=0.167, train=1.033e+03, val=1.018e+03]
GNN flow training:  92%|█████████▏| 92/100 [09:27<00:48,  6.10s/epoch, best=1.004e+03, sign=0.162, train=1.018e+03, val=1.001e+03]
GNN flow training:  93%|█████████▎| 93/100 [09:27<00:42,  6.10s/epoch, best=1.004e+03, sign=0.162, train=1.018e+03, val=1.001e+03]
GNN flow training:  93%|█████████▎| 93/100 [09:33<00:42,  6.10s/epoch, best=1.001e+03, sign=0.159, train=1.001e+03, val=1.001e+03]
GNN flow training:  94%|█████████▍| 94/100 [09:33<00:36,  6.08s/epoch, best=1.001e+03, sign=0.159, train=1.001e+03, val=1.001e+03]
GNN flow training:  94%|█████████▍| 94/100 [09:39<00:36,  6.08s/epoch, best=1.001e+03, sign=0.160, train=1.001e+03, val=1.005e+03]
GNN flow training:  95%|█████████▌| 95/100 [09:39<00:30,  6.10s/epoch, best=1.001e+03, sign=0.160, train=1.001e+03, val=1.005e+03]
GNN flow training:  95%|█████████▌| 95/100 [09:46<00:30,  6.10s/epoch, best=1.001e+03, sign=0.160, train=1.005e+03, val=1.004e+03]
GNN flow training:  96%|█████████▌| 96/100 [09:46<00:24,  6.09s/epoch, best=1.001e+03, sign=0.160, train=1.005e+03, val=1.004e+03]
GNN flow training:  96%|█████████▌| 96/100 [09:52<00:24,  6.09s/epoch, best=1.001e+03, sign=0.160, train=1.004e+03, val=1.004e+03]
GNN flow training:  97%|█████████▋| 97/100 [09:52<00:18,  6.09s/epoch, best=1.001e+03, sign=0.160, train=1.004e+03, val=1.004e+03]
GNN flow training:  97%|█████████▋| 97/100 [09:58<00:18,  6.09s/epoch, best=1.001e+03, sign=0.159, train=1.004e+03, val=1.006e+03]
GNN flow training:  98%|█████████▊| 98/100 [09:58<00:12,  6.09s/epoch, best=1.001e+03, sign=0.159, train=1.004e+03, val=1.006e+03]
GNN flow training:  98%|█████████▊| 98/100 [10:04<00:12,  6.09s/epoch, best=1.001e+03, sign=0.159, train=1.006e+03, val=1.010e+03]
GNN flow training:  99%|█████████▉| 99/100 [10:04<00:06,  6.10s/epoch, best=1.001e+03, sign=0.159, train=1.006e+03, val=1.010e+03]
GNN flow training:  99%|█████████▉| 99/100 [10:10<00:06,  6.10s/epoch, best=1.001e+03, sign=0.160, train=1.010e+03, val=1.016e+03]
GNN flow training: 100%|██████████| 100/100 [10:10<00:00,  6.10s/epoch, best=1.001e+03, sign=0.160, train=1.010e+03, val=1.016e+03]
GNN flow training: 100%|██████████| 100/100 [10:10<00:00,  6.10s/epoch, best=1.001e+03, sign=0.160, train=1.010e+03, val=1.016e+03]
Resolved config snapshot:
{'preset': 'solver_QKB_outer_QKBdelta', 'gnn_outer_losses': {'flow': 1.0, 'kirchhoff': 100.0, 'boundary': 100.0, 'delta_l2': 0.1, 'delta_smooth': 0.0, 'pressure_shape': 0.0}, 'physics': {'arterial_flow_mode': 'dataset', 'pressure_constraints': ['equal-a-equal-v'], 'alpha_pa': None, 'use_snr_weights': True, 'use_observed_flow_snr_weighting': True, 'flow_scale_mode': 'median_abs', 'solver_device': 'same', 'pressure_solver_mode': 'reduced-soft-constrained-lstsq', 'pressure_solver_lambda_kirchhoff': 1.0, 'pressure_solver_lambda_pressure_constraints': 100.0, 'pressure_solver_lambda_flow_residual': 1.0, 'pressure_shape_reference': 'delta_zero_reference', 'pressure_detach': False}, 'correction_bounds': {'correction_min': -0.5, 'correction_max': 0.5, 'correction_bound': 0.5, 'correction_parameterization': 'tanh'}, 'optimization': {'learning_rate': 0.001, 'weight_decay': 0.0001, 'gradient_clip_norm': 5.0, 'optimizer': 'adamw', 'epochs': 100, 'patience': 40}}
Shard 29/80: 1 of 80 runs
Command: /mnt/home/sswee/miniforge3/envs/yolk-sac/bin/python /mnt/home/sswee/yolk/Yolk-Sac-Flow-Data-and-Sim/gnn_clean/scripts/python/gnn_flow.py /mnt/home/sswee/yolk/Yolk-Sac-Flow-Data-and-Sim/gnn_clean/datasets/mosaic_graph_canonical_harmonized/mosaic_graph_canonical_harmonized.gpickle --output-dir /mnt/home/sswee/yolk/Yolk-Sac-Flow-Data-and-Sim/gnn_clean/outputs_canonical/dc/02_physics_weight_sweep/gnn --run-name q_1__k_100__delta_0p1 --preset solver_QKB_outer_QKBdelta --device cuda --epochs 100 --seed 0 --viscosity-pa-s 0.0035 --config /mnt/home/sswee/yolk/Yolk-Sac-Flow-Data-and-Sim/gnn_clean/outputs_canonical/dc/02_physics_weight_sweep/_generated_configs/q_1__k_100__delta_0p1.yaml --no-pressure-detach
