
GNN flow training:   0%|          | 0/100 [00:00<?, ?epoch/s]
GNN flow training:   0%|          | 0/100 [00:04<?, ?epoch/s, best=9.087e+00, sign=0.289, train=9.550e+00, val=9.087e+00]
GNN flow training:   1%|          | 1/100 [00:04<07:37,  4.62s/epoch, best=9.087e+00, sign=0.289, train=9.550e+00, val=9.087e+00]
GNN flow training:   1%|          | 1/100 [00:09<07:37,  4.62s/epoch, best=9.087e+00, sign=0.288, train=9.495e+00, val=8.985e+00]
GNN flow training:   2%|▏         | 2/100 [00:09<07:24,  4.53s/epoch, best=9.087e+00, sign=0.288, train=9.495e+00, val=8.985e+00]
GNN flow training:   2%|▏         | 2/100 [00:13<07:24,  4.53s/epoch, best=8.985e+00, sign=0.285, train=9.400e+00, val=8.836e+00]
GNN flow training:   3%|▎         | 3/100 [00:13<07:16,  4.50s/epoch, best=8.985e+00, sign=0.285, train=9.400e+00, val=8.836e+00]
GNN flow training:   3%|▎         | 3/100 [00:18<07:16,  4.50s/epoch, best=8.836e+00, sign=0.280, train=9.264e+00, val=8.635e+00]
GNN flow training:   4%|▍         | 4/100 [00:18<07:12,  4.51s/epoch, best=8.836e+00, sign=0.280, train=9.264e+00, val=8.635e+00]
GNN flow training:   4%|▍         | 4/100 [00:22<07:12,  4.51s/epoch, best=8.635e+00, sign=0.273, train=9.080e+00, val=8.398e+00]
GNN flow training:   5%|▌         | 5/100 [00:22<07:06,  4.49s/epoch, best=8.635e+00, sign=0.273, train=9.080e+00, val=8.398e+00]
GNN flow training:   5%|▌         | 5/100 [00:27<07:06,  4.49s/epoch, best=8.398e+00, sign=0.268, train=8.867e+00, val=8.140e+00]
GNN flow training:   6%|▌         | 6/100 [00:27<07:01,  4.48s/epoch, best=8.398e+00, sign=0.268, train=8.867e+00, val=8.140e+00]
GNN flow training:   6%|▌         | 6/100 [00:31<07:01,  4.48s/epoch, best=8.140e+00, sign=0.260, train=8.637e+00, val=7.890e+00]
GNN flow training:   7%|▋         | 7/100 [00:31<06:56,  4.48s/epoch, best=8.140e+00, sign=0.260, train=8.637e+00, val=7.890e+00]
GNN flow training:   7%|▋         | 7/100 [00:35<06:56,  4.48s/epoch, best=7.890e+00, sign=0.251, train=8.420e+00, val=7.667e+00]
GNN flow training:   8%|▊         | 8/100 [00:35<06:51,  4.48s/epoch, best=7.890e+00, sign=0.251, train=8.420e+00, val=7.667e+00]
GNN flow training:   8%|▊         | 8/100 [00:40<06:51,  4.48s/epoch, best=7.667e+00, sign=0.241, train=8.234e+00, val=7.488e+00]
GNN flow training:   9%|▉         | 9/100 [00:40<06:47,  4.48s/epoch, best=7.667e+00, sign=0.241, train=8.234e+00, val=7.488e+00]
GNN flow training:   9%|▉         | 9/100 [00:44<06:47,  4.48s/epoch, best=7.488e+00, sign=0.231, train=8.088e+00, val=7.351e+00]
GNN flow training:  10%|█         | 10/100 [00:44<06:43,  4.48s/epoch, best=7.488e+00, sign=0.231, train=8.088e+00, val=7.351e+00]
GNN flow training:  10%|█         | 10/100 [00:49<06:43,  4.48s/epoch, best=7.351e+00, sign=0.221, train=7.968e+00, val=7.244e+00]
GNN flow training:  11%|█         | 11/100 [00:49<06:38,  4.47s/epoch, best=7.351e+00, sign=0.221, train=7.968e+00, val=7.244e+00]
GNN flow training:  11%|█         | 11/100 [00:53<06:38,  4.47s/epoch, best=7.244e+00, sign=0.216, train=7.841e+00, val=7.141e+00]
GNN flow training:  12%|█▏        | 12/100 [00:53<06:34,  4.48s/epoch, best=7.244e+00, sign=0.216, train=7.841e+00, val=7.141e+00]
GNN flow training:  12%|█▏        | 12/100 [00:58<06:34,  4.48s/epoch, best=7.141e+00, sign=0.216, train=7.673e+00, val=7.079e+00]
GNN flow training:  13%|█▎        | 13/100 [00:58<06:30,  4.49s/epoch, best=7.141e+00, sign=0.216, train=7.673e+00, val=7.079e+00]
GNN flow training:  13%|█▎        | 13/100 [01:02<06:30,  4.49s/epoch, best=7.079e+00, sign=0.215, train=7.501e+00, val=7.063e+00]
GNN flow training:  14%|█▍        | 14/100 [01:02<06:26,  4.49s/epoch, best=7.079e+00, sign=0.215, train=7.501e+00, val=7.063e+00]
GNN flow training:  14%|█▍        | 14/100 [01:07<06:26,  4.49s/epoch, best=7.063e+00, sign=0.212, train=7.364e+00, val=7.050e+00]
GNN flow training:  15%|█▌        | 15/100 [01:07<06:20,  4.48s/epoch, best=7.063e+00, sign=0.212, train=7.364e+00, val=7.050e+00]
GNN flow training:  15%|█▌        | 15/100 [01:11<06:20,  4.48s/epoch, best=7.050e+00, sign=0.209, train=7.236e+00, val=6.979e+00]
GNN flow training:  16%|█▌        | 16/100 [01:11<06:15,  4.47s/epoch, best=7.050e+00, sign=0.209, train=7.236e+00, val=6.979e+00]
GNN flow training:  16%|█▌        | 16/100 [01:16<06:15,  4.47s/epoch, best=6.979e+00, sign=0.203, train=7.078e+00, val=6.871e+00]
GNN flow training:  17%|█▋        | 17/100 [01:16<06:09,  4.45s/epoch, best=6.979e+00, sign=0.203, train=7.078e+00, val=6.871e+00]
GNN flow training:  17%|█▋        | 17/100 [01:20<06:09,  4.45s/epoch, best=6.871e+00, sign=0.201, train=6.944e+00, val=6.847e+00]
GNN flow training:  18%|█▊        | 18/100 [01:20<06:04,  4.44s/epoch, best=6.871e+00, sign=0.201, train=6.944e+00, val=6.847e+00]
GNN flow training:  18%|█▊        | 18/100 [01:25<06:04,  4.44s/epoch, best=6.847e+00, sign=0.202, train=6.892e+00, val=6.900e+00]
GNN flow training:  19%|█▉        | 19/100 [01:25<06:00,  4.45s/epoch, best=6.847e+00, sign=0.202, train=6.892e+00, val=6.900e+00]
GNN flow training:  19%|█▉        | 19/100 [01:29<06:00,  4.45s/epoch, best=6.847e+00, sign=0.204, train=6.850e+00, val=6.965e+00]
GNN flow training:  20%|██        | 20/100 [01:29<05:56,  4.45s/epoch, best=6.847e+00, sign=0.204, train=6.850e+00, val=6.965e+00]
GNN flow training:  20%|██        | 20/100 [01:34<05:56,  4.45s/epoch, best=6.847e+00, sign=0.208, train=6.798e+00, val=7.025e+00]
GNN flow training:  21%|██        | 21/100 [01:34<05:52,  4.47s/epoch, best=6.847e+00, sign=0.208, train=6.798e+00, val=7.025e+00]
GNN flow training:  21%|██        | 21/100 [01:38<05:52,  4.47s/epoch, best=6.847e+00, sign=0.208, train=6.771e+00, val=7.004e+00]
GNN flow training:  22%|██▏       | 22/100 [01:38<05:47,  4.45s/epoch, best=6.847e+00, sign=0.208, train=6.771e+00, val=7.004e+00]
GNN flow training:  22%|██▏       | 22/100 [01:42<05:47,  4.45s/epoch, best=6.847e+00, sign=0.206, train=6.717e+00, val=6.912e+00]
GNN flow training:  23%|██▎       | 23/100 [01:42<05:42,  4.45s/epoch, best=6.847e+00, sign=0.206, train=6.717e+00, val=6.912e+00]
GNN flow training:  23%|██▎       | 23/100 [01:47<05:42,  4.45s/epoch, best=6.847e+00, sign=0.204, train=6.630e+00, val=6.812e+00]
GNN flow training:  24%|██▍       | 24/100 [01:47<05:37,  4.45s/epoch, best=6.847e+00, sign=0.204, train=6.630e+00, val=6.812e+00]
GNN flow training:  24%|██▍       | 24/100 [01:51<05:37,  4.45s/epoch, best=6.812e+00, sign=0.205, train=6.558e+00, val=6.729e+00]
GNN flow training:  25%|██▌       | 25/100 [01:51<05:33,  4.44s/epoch, best=6.812e+00, sign=0.205, train=6.558e+00, val=6.729e+00]
GNN flow training:  25%|██▌       | 25/100 [01:56<05:33,  4.44s/epoch, best=6.729e+00, sign=0.207, train=6.489e+00, val=6.660e+00]
GNN flow training:  26%|██▌       | 26/100 [01:56<05:28,  4.44s/epoch, best=6.729e+00, sign=0.207, train=6.489e+00, val=6.660e+00]
GNN flow training:  26%|██▌       | 26/100 [02:00<05:28,  4.44s/epoch, best=6.660e+00, sign=0.209, train=6.427e+00, val=6.624e+00]
GNN flow training:  27%|██▋       | 27/100 [02:00<05:24,  4.44s/epoch, best=6.660e+00, sign=0.209, train=6.427e+00, val=6.624e+00]
GNN flow training:  27%|██▋       | 27/100 [02:05<05:24,  4.44s/epoch, best=6.624e+00, sign=0.212, train=6.394e+00, val=6.571e+00]
GNN flow training:  28%|██▊       | 28/100 [02:05<05:20,  4.45s/epoch, best=6.624e+00, sign=0.212, train=6.394e+00, val=6.571e+00]
GNN flow training:  28%|██▊       | 28/100 [02:09<05:20,  4.45s/epoch, best=6.571e+00, sign=0.213, train=6.356e+00, val=6.513e+00]
GNN flow training:  29%|██▉       | 29/100 [02:09<05:16,  4.46s/epoch, best=6.571e+00, sign=0.213, train=6.356e+00, val=6.513e+00]
GNN flow training:  29%|██▉       | 29/100 [02:14<05:16,  4.46s/epoch, best=6.513e+00, sign=0.211, train=6.315e+00, val=6.457e+00]
GNN flow training:  30%|███       | 30/100 [02:14<05:12,  4.46s/epoch, best=6.513e+00, sign=0.211, train=6.315e+00, val=6.457e+00]
GNN flow training:  30%|███       | 30/100 [02:18<05:12,  4.46s/epoch, best=6.457e+00, sign=0.211, train=6.277e+00, val=6.406e+00]
GNN flow training:  31%|███       | 31/100 [02:18<05:08,  4.47s/epoch, best=6.457e+00, sign=0.211, train=6.277e+00, val=6.406e+00]
GNN flow training:  31%|███       | 31/100 [02:22<05:08,  4.47s/epoch, best=6.406e+00, sign=0.211, train=6.242e+00, val=6.375e+00]
GNN flow training:  32%|███▏      | 32/100 [02:22<05:03,  4.46s/epoch, best=6.406e+00, sign=0.211, train=6.242e+00, val=6.375e+00]
GNN flow training:  32%|███▏      | 32/100 [02:27<05:03,  4.46s/epoch, best=6.375e+00, sign=0.212, train=6.216e+00, val=6.368e+00]
GNN flow training:  33%|███▎      | 33/100 [02:27<04:59,  4.47s/epoch, best=6.375e+00, sign=0.212, train=6.216e+00, val=6.368e+00]
GNN flow training:  33%|███▎      | 33/100 [02:31<04:59,  4.47s/epoch, best=6.368e+00, sign=0.214, train=6.182e+00, val=6.377e+00]
GNN flow training:  34%|███▍      | 34/100 [02:31<04:55,  4.47s/epoch, best=6.368e+00, sign=0.214, train=6.182e+00, val=6.377e+00]
GNN flow training:  34%|███▍      | 34/100 [02:36<04:55,  4.47s/epoch, best=6.368e+00, sign=0.215, train=6.154e+00, val=6.358e+00]
GNN flow training:  35%|███▌      | 35/100 [02:36<04:50,  4.48s/epoch, best=6.368e+00, sign=0.215, train=6.154e+00, val=6.358e+00]
GNN flow training:  35%|███▌      | 35/100 [02:40<04:50,  4.48s/epoch, best=6.358e+00, sign=0.215, train=6.121e+00, val=6.341e+00]
GNN flow training:  36%|███▌      | 36/100 [02:40<04:46,  4.48s/epoch, best=6.358e+00, sign=0.215, train=6.121e+00, val=6.341e+00]
GNN flow training:  36%|███▌      | 36/100 [02:45<04:46,  4.48s/epoch, best=6.341e+00, sign=0.215, train=6.091e+00, val=6.346e+00]
GNN flow training:  37%|███▋      | 37/100 [02:45<04:42,  4.48s/epoch, best=6.341e+00, sign=0.215, train=6.091e+00, val=6.346e+00]
GNN flow training:  37%|███▋      | 37/100 [02:49<04:42,  4.48s/epoch, best=6.341e+00, sign=0.213, train=6.060e+00, val=6.322e+00]
GNN flow training:  38%|███▊      | 38/100 [02:49<04:36,  4.46s/epoch, best=6.341e+00, sign=0.213, train=6.060e+00, val=6.322e+00]
GNN flow training:  38%|███▊      | 38/100 [02:54<04:36,  4.46s/epoch, best=6.322e+00, sign=0.213, train=6.027e+00, val=6.287e+00]
GNN flow training:  39%|███▉      | 39/100 [02:54<04:32,  4.47s/epoch, best=6.322e+00, sign=0.213, train=6.027e+00, val=6.287e+00]
GNN flow training:  39%|███▉      | 39/100 [02:58<04:32,  4.47s/epoch, best=6.287e+00, sign=0.211, train=6.001e+00, val=6.281e+00]
GNN flow training:  40%|████      | 40/100 [02:58<04:28,  4.47s/epoch, best=6.287e+00, sign=0.211, train=6.001e+00, val=6.281e+00]
GNN flow training:  40%|████      | 40/100 [03:03<04:28,  4.47s/epoch, best=6.281e+00, sign=0.210, train=5.972e+00, val=6.256e+00]
GNN flow training:  41%|████      | 41/100 [03:03<04:23,  4.47s/epoch, best=6.281e+00, sign=0.210, train=5.972e+00, val=6.256e+00]
GNN flow training:  41%|████      | 41/100 [03:07<04:23,  4.47s/epoch, best=6.256e+00, sign=0.209, train=5.947e+00, val=6.212e+00]
GNN flow training:  42%|████▏     | 42/100 [03:07<04:20,  4.49s/epoch, best=6.256e+00, sign=0.209, train=5.947e+00, val=6.212e+00]
GNN flow training:  42%|████▏     | 42/100 [03:12<04:20,  4.49s/epoch, best=6.212e+00, sign=0.209, train=5.920e+00, val=6.178e+00]
GNN flow training:  43%|████▎     | 43/100 [03:12<04:15,  4.49s/epoch, best=6.212e+00, sign=0.209, train=5.920e+00, val=6.178e+00]
GNN flow training:  43%|████▎     | 43/100 [03:16<04:15,  4.49s/epoch, best=6.178e+00, sign=0.210, train=5.894e+00, val=6.161e+00]
GNN flow training:  44%|████▍     | 44/100 [03:16<04:11,  4.48s/epoch, best=6.178e+00, sign=0.210, train=5.894e+00, val=6.161e+00]
GNN flow training:  44%|████▍     | 44/100 [03:21<04:11,  4.48s/epoch, best=6.161e+00, sign=0.212, train=5.865e+00, val=6.114e+00]
GNN flow training:  45%|████▌     | 45/100 [03:21<04:06,  4.48s/epoch, best=6.161e+00, sign=0.212, train=5.865e+00, val=6.114e+00]
GNN flow training:  45%|████▌     | 45/100 [03:25<04:06,  4.48s/epoch, best=6.114e+00, sign=0.211, train=5.832e+00, val=6.081e+00]
GNN flow training:  46%|████▌     | 46/100 [03:25<04:01,  4.47s/epoch, best=6.114e+00, sign=0.211, train=5.832e+00, val=6.081e+00]
GNN flow training:  46%|████▌     | 46/100 [03:30<04:01,  4.47s/epoch, best=6.081e+00, sign=0.211, train=5.799e+00, val=6.045e+00]
GNN flow training:  47%|████▋     | 47/100 [03:30<03:57,  4.48s/epoch, best=6.081e+00, sign=0.211, train=5.799e+00, val=6.045e+00]
GNN flow training:  47%|████▋     | 47/100 [03:34<03:57,  4.48s/epoch, best=6.045e+00, sign=0.210, train=5.771e+00, val=5.965e+00]
GNN flow training:  48%|████▊     | 48/100 [03:34<03:53,  4.48s/epoch, best=6.045e+00, sign=0.210, train=5.771e+00, val=5.965e+00]
GNN flow training:  48%|████▊     | 48/100 [03:39<03:53,  4.48s/epoch, best=5.965e+00, sign=0.208, train=5.782e+00, val=6.006e+00]
GNN flow training:  49%|████▉     | 49/100 [03:39<03:49,  4.49s/epoch, best=5.965e+00, sign=0.208, train=5.782e+00, val=6.006e+00]
GNN flow training:  49%|████▉     | 49/100 [03:43<03:49,  4.49s/epoch, best=5.965e+00, sign=0.210, train=5.856e+00, val=5.915e+00]
GNN flow training:  50%|█████     | 50/100 [03:43<03:44,  4.50s/epoch, best=5.965e+00, sign=0.210, train=5.856e+00, val=5.915e+00]
GNN flow training:  50%|█████     | 50/100 [03:48<03:44,  4.50s/epoch, best=5.915e+00, sign=0.211, train=5.697e+00, val=5.834e+00]
GNN flow training:  51%|█████     | 51/100 [03:48<03:40,  4.50s/epoch, best=5.915e+00, sign=0.211, train=5.697e+00, val=5.834e+00]
GNN flow training:  51%|█████     | 51/100 [03:52<03:40,  4.50s/epoch, best=5.834e+00, sign=0.209, train=5.762e+00, val=5.849e+00]
GNN flow training:  52%|█████▏    | 52/100 [03:52<03:35,  4.49s/epoch, best=5.834e+00, sign=0.209, train=5.762e+00, val=5.849e+00]
GNN flow training:  52%|█████▏    | 52/100 [03:57<03:35,  4.49s/epoch, best=5.834e+00, sign=0.209, train=5.662e+00, val=5.871e+00]
GNN flow training:  53%|█████▎    | 53/100 [03:57<03:30,  4.48s/epoch, best=5.834e+00, sign=0.209, train=5.662e+00, val=5.871e+00]
GNN flow training:  53%|█████▎    | 53/100 [04:01<03:30,  4.48s/epoch, best=5.834e+00, sign=0.208, train=5.714e+00, val=5.819e+00]
GNN flow training:  54%|█████▍    | 54/100 [04:01<03:26,  4.49s/epoch, best=5.834e+00, sign=0.208, train=5.714e+00, val=5.819e+00]
GNN flow training:  54%|█████▍    | 54/100 [04:06<03:26,  4.49s/epoch, best=5.819e+00, sign=0.205, train=5.638e+00, val=5.770e+00]
GNN flow training:  55%|█████▌    | 55/100 [04:06<03:22,  4.51s/epoch, best=5.819e+00, sign=0.205, train=5.638e+00, val=5.770e+00]
GNN flow training:  55%|█████▌    | 55/100 [04:10<03:22,  4.51s/epoch, best=5.770e+00, sign=0.204, train=5.592e+00, val=5.746e+00]
GNN flow training:  56%|█████▌    | 56/100 [04:10<03:17,  4.50s/epoch, best=5.770e+00, sign=0.204, train=5.592e+00, val=5.746e+00]
GNN flow training:  56%|█████▌    | 56/100 [04:15<03:17,  4.50s/epoch, best=5.746e+00, sign=0.202, train=5.602e+00, val=5.718e+00]
GNN flow training:  57%|█████▋    | 57/100 [04:15<03:13,  4.49s/epoch, best=5.746e+00, sign=0.202, train=5.602e+00, val=5.718e+00]
GNN flow training:  57%|█████▋    | 57/100 [04:19<03:13,  4.49s/epoch, best=5.718e+00, sign=0.204, train=5.523e+00, val=5.752e+00]
GNN flow training:  58%|█████▊    | 58/100 [04:19<03:08,  4.48s/epoch, best=5.718e+00, sign=0.204, train=5.523e+00, val=5.752e+00]
GNN flow training:  58%|█████▊    | 58/100 [04:24<03:08,  4.48s/epoch, best=5.718e+00, sign=0.201, train=5.573e+00, val=5.764e+00]
GNN flow training:  59%|█████▉    | 59/100 [04:24<03:03,  4.48s/epoch, best=5.718e+00, sign=0.201, train=5.573e+00, val=5.764e+00]
GNN flow training:  59%|█████▉    | 59/100 [04:28<03:03,  4.48s/epoch, best=5.718e+00, sign=0.200, train=5.589e+00, val=5.658e+00]
GNN flow training:  60%|██████    | 60/100 [04:28<02:59,  4.49s/epoch, best=5.718e+00, sign=0.200, train=5.589e+00, val=5.658e+00]
GNN flow training:  60%|██████    | 60/100 [04:33<02:59,  4.49s/epoch, best=5.658e+00, sign=0.200, train=5.445e+00, val=5.700e+00]
GNN flow training:  61%|██████    | 61/100 [04:33<02:54,  4.48s/epoch, best=5.658e+00, sign=0.200, train=5.445e+00, val=5.700e+00]
GNN flow training:  61%|██████    | 61/100 [04:37<02:54,  4.48s/epoch, best=5.658e+00, sign=0.203, train=5.406e+00, val=5.800e+00]
GNN flow training:  62%|██████▏   | 62/100 [04:37<02:50,  4.47s/epoch, best=5.658e+00, sign=0.203, train=5.406e+00, val=5.800e+00]
GNN flow training:  62%|██████▏   | 62/100 [04:41<02:50,  4.47s/epoch, best=5.658e+00, sign=0.203, train=5.428e+00, val=5.751e+00]
GNN flow training:  63%|██████▎   | 63/100 [04:41<02:45,  4.47s/epoch, best=5.658e+00, sign=0.203, train=5.428e+00, val=5.751e+00]
GNN flow training:  63%|██████▎   | 63/100 [04:46<02:45,  4.47s/epoch, best=5.658e+00, sign=0.200, train=5.364e+00, val=5.635e+00]
GNN flow training:  64%|██████▍   | 64/100 [04:46<02:40,  4.47s/epoch, best=5.658e+00, sign=0.200, train=5.364e+00, val=5.635e+00]
GNN flow training:  64%|██████▍   | 64/100 [04:50<02:40,  4.47s/epoch, best=5.635e+00, sign=0.199, train=5.298e+00, val=5.586e+00]
GNN flow training:  65%|██████▌   | 65/100 [04:50<02:36,  4.48s/epoch, best=5.635e+00, sign=0.199, train=5.298e+00, val=5.586e+00]
GNN flow training:  65%|██████▌   | 65/100 [04:55<02:36,  4.48s/epoch, best=5.586e+00, sign=0.202, train=5.279e+00, val=5.698e+00]
GNN flow training:  66%|██████▌   | 66/100 [04:55<02:31,  4.47s/epoch, best=5.586e+00, sign=0.202, train=5.279e+00, val=5.698e+00]
GNN flow training:  66%|██████▌   | 66/100 [04:59<02:31,  4.47s/epoch, best=5.586e+00, sign=0.198, train=5.254e+00, val=5.617e+00]
GNN flow training:  67%|██████▋   | 67/100 [04:59<02:27,  4.47s/epoch, best=5.586e+00, sign=0.198, train=5.254e+00, val=5.617e+00]
GNN flow training:  67%|██████▋   | 67/100 [05:04<02:27,  4.47s/epoch, best=5.586e+00, sign=0.190, train=5.215e+00, val=5.575e+00]
GNN flow training:  68%|██████▊   | 68/100 [05:04<02:23,  4.47s/epoch, best=5.586e+00, sign=0.190, train=5.215e+00, val=5.575e+00]
GNN flow training:  68%|██████▊   | 68/100 [05:08<02:23,  4.47s/epoch, best=5.575e+00, sign=0.188, train=5.189e+00, val=5.616e+00]
GNN flow training:  69%|██████▉   | 69/100 [05:08<02:19,  4.48s/epoch, best=5.575e+00, sign=0.188, train=5.189e+00, val=5.616e+00]
GNN flow training:  69%|██████▉   | 69/100 [05:13<02:19,  4.48s/epoch, best=5.575e+00, sign=0.192, train=5.169e+00, val=5.663e+00]
GNN flow training:  70%|███████   | 70/100 [05:13<02:14,  4.48s/epoch, best=5.575e+00, sign=0.192, train=5.169e+00, val=5.663e+00]
GNN flow training:  70%|███████   | 70/100 [05:17<02:14,  4.48s/epoch, best=5.575e+00, sign=0.195, train=5.166e+00, val=5.593e+00]
GNN flow training:  71%|███████   | 71/100 [05:17<02:09,  4.48s/epoch, best=5.575e+00, sign=0.195, train=5.166e+00, val=5.593e+00]
GNN flow training:  71%|███████   | 71/100 [05:22<02:09,  4.48s/epoch, best=5.575e+00, sign=0.197, train=5.108e+00, val=5.535e+00]
GNN flow training:  72%|███████▏  | 72/100 [05:22<02:05,  4.48s/epoch, best=5.575e+00, sign=0.197, train=5.108e+00, val=5.535e+00]
GNN flow training:  72%|███████▏  | 72/100 [05:26<02:05,  4.48s/epoch, best=5.535e+00, sign=0.194, train=5.085e+00, val=5.620e+00]
GNN flow training:  73%|███████▎  | 73/100 [05:26<02:01,  4.49s/epoch, best=5.535e+00, sign=0.194, train=5.085e+00, val=5.620e+00]
GNN flow training:  73%|███████▎  | 73/100 [05:31<02:01,  4.49s/epoch, best=5.535e+00, sign=0.185, train=5.077e+00, val=5.527e+00]
GNN flow training:  74%|███████▍  | 74/100 [05:31<01:56,  4.50s/epoch, best=5.535e+00, sign=0.185, train=5.077e+00, val=5.527e+00]
GNN flow training:  74%|███████▍  | 74/100 [05:35<01:56,  4.50s/epoch, best=5.527e+00, sign=0.181, train=5.039e+00, val=5.512e+00]
GNN flow training:  75%|███████▌  | 75/100 [05:35<01:52,  4.50s/epoch, best=5.527e+00, sign=0.181, train=5.039e+00, val=5.512e+00]
GNN flow training:  75%|███████▌  | 75/100 [05:40<01:52,  4.50s/epoch, best=5.512e+00, sign=0.182, train=5.031e+00, val=5.543e+00]
GNN flow training:  76%|███████▌  | 76/100 [05:40<01:47,  4.49s/epoch, best=5.512e+00, sign=0.182, train=5.031e+00, val=5.543e+00]
GNN flow training:  76%|███████▌  | 76/100 [05:44<01:47,  4.49s/epoch, best=5.512e+00, sign=0.188, train=5.002e+00, val=5.453e+00]
GNN flow training:  77%|███████▋  | 77/100 [05:44<01:43,  4.49s/epoch, best=5.512e+00, sign=0.188, train=5.002e+00, val=5.453e+00]
GNN flow training:  77%|███████▋  | 77/100 [05:49<01:43,  4.49s/epoch, best=5.453e+00, sign=0.192, train=4.962e+00, val=5.477e+00]
GNN flow training:  78%|███████▊  | 78/100 [05:49<01:38,  4.49s/epoch, best=5.453e+00, sign=0.192, train=4.962e+00, val=5.477e+00]
GNN flow training:  78%|███████▊  | 78/100 [05:53<01:38,  4.49s/epoch, best=5.453e+00, sign=0.189, train=4.968e+00, val=5.435e+00]
GNN flow training:  79%|███████▉  | 79/100 [05:53<01:34,  4.48s/epoch, best=5.453e+00, sign=0.189, train=4.968e+00, val=5.435e+00]
GNN flow training:  79%|███████▉  | 79/100 [05:58<01:34,  4.48s/epoch, best=5.435e+00, sign=0.186, train=4.924e+00, val=5.438e+00]
GNN flow training:  80%|████████  | 80/100 [05:58<01:29,  4.48s/epoch, best=5.435e+00, sign=0.186, train=4.924e+00, val=5.438e+00]
GNN flow training:  80%|████████  | 80/100 [06:02<01:29,  4.48s/epoch, best=5.435e+00, sign=0.182, train=4.906e+00, val=5.393e+00]
GNN flow training:  81%|████████  | 81/100 [06:02<01:24,  4.47s/epoch, best=5.435e+00, sign=0.182, train=4.906e+00, val=5.393e+00]
GNN flow training:  81%|████████  | 81/100 [06:07<01:24,  4.47s/epoch, best=5.393e+00, sign=0.183, train=4.915e+00, val=5.364e+00]
GNN flow training:  82%|████████▏ | 82/100 [06:07<01:20,  4.46s/epoch, best=5.393e+00, sign=0.183, train=4.915e+00, val=5.364e+00]
GNN flow training:  82%|████████▏ | 82/100 [06:11<01:20,  4.46s/epoch, best=5.364e+00, sign=0.187, train=4.887e+00, val=5.404e+00]
GNN flow training:  83%|████████▎ | 83/100 [06:11<01:15,  4.47s/epoch, best=5.364e+00, sign=0.187, train=4.887e+00, val=5.404e+00]
GNN flow training:  83%|████████▎ | 83/100 [06:16<01:15,  4.47s/epoch, best=5.364e+00, sign=0.186, train=4.864e+00, val=5.416e+00]
GNN flow training:  84%|████████▍ | 84/100 [06:16<01:11,  4.47s/epoch, best=5.364e+00, sign=0.186, train=4.864e+00, val=5.416e+00]
GNN flow training:  84%|████████▍ | 84/100 [06:20<01:11,  4.47s/epoch, best=5.364e+00, sign=0.183, train=4.867e+00, val=5.381e+00]
GNN flow training:  85%|████████▌ | 85/100 [06:20<01:06,  4.47s/epoch, best=5.364e+00, sign=0.183, train=4.867e+00, val=5.381e+00]
GNN flow training:  85%|████████▌ | 85/100 [06:24<01:06,  4.47s/epoch, best=5.364e+00, sign=0.180, train=4.849e+00, val=5.386e+00]
GNN flow training:  86%|████████▌ | 86/100 [06:24<01:02,  4.47s/epoch, best=5.364e+00, sign=0.180, train=4.849e+00, val=5.386e+00]
GNN flow training:  86%|████████▌ | 86/100 [06:29<01:02,  4.47s/epoch, best=5.364e+00, sign=0.176, train=4.822e+00, val=5.458e+00]
GNN flow training:  87%|████████▋ | 87/100 [06:29<00:58,  4.48s/epoch, best=5.364e+00, sign=0.176, train=4.822e+00, val=5.458e+00]
GNN flow training:  87%|████████▋ | 87/100 [06:33<00:58,  4.48s/epoch, best=5.364e+00, sign=0.175, train=4.820e+00, val=5.444e+00]
GNN flow training:  88%|████████▊ | 88/100 [06:33<00:53,  4.47s/epoch, best=5.364e+00, sign=0.175, train=4.820e+00, val=5.444e+00]
GNN flow training:  88%|████████▊ | 88/100 [06:38<00:53,  4.47s/epoch, best=5.364e+00, sign=0.176, train=4.811e+00, val=5.331e+00]
GNN flow training:  89%|████████▉ | 89/100 [06:38<00:49,  4.47s/epoch, best=5.364e+00, sign=0.176, train=4.811e+00, val=5.331e+00]
GNN flow training:  89%|████████▉ | 89/100 [06:42<00:49,  4.47s/epoch, best=5.331e+00, sign=0.176, train=4.790e+00, val=5.394e+00]
GNN flow training:  90%|█████████ | 90/100 [06:42<00:44,  4.50s/epoch, best=5.331e+00, sign=0.176, train=4.790e+00, val=5.394e+00]
GNN flow training:  90%|█████████ | 90/100 [06:47<00:44,  4.50s/epoch, best=5.331e+00, sign=0.176, train=4.955e+00, val=5.367e+00]
GNN flow training:  91%|█████████ | 91/100 [06:47<00:40,  4.50s/epoch, best=5.331e+00, sign=0.176, train=4.955e+00, val=5.367e+00]
GNN flow training:  91%|█████████ | 91/100 [06:51<00:40,  4.50s/epoch, best=5.331e+00, sign=0.176, train=4.936e+00, val=5.340e+00]
GNN flow training:  92%|█████████▏| 92/100 [06:51<00:36,  4.50s/epoch, best=5.331e+00, sign=0.176, train=4.936e+00, val=5.340e+00]
GNN flow training:  92%|█████████▏| 92/100 [06:56<00:36,  4.50s/epoch, best=5.331e+00, sign=0.177, train=4.841e+00, val=5.439e+00]
GNN flow training:  93%|█████████▎| 93/100 [06:56<00:31,  4.49s/epoch, best=5.331e+00, sign=0.177, train=4.841e+00, val=5.439e+00]
GNN flow training:  93%|█████████▎| 93/100 [07:00<00:31,  4.49s/epoch, best=5.331e+00, sign=0.177, train=4.852e+00, val=5.417e+00]
GNN flow training:  94%|█████████▍| 94/100 [07:00<00:26,  4.47s/epoch, best=5.331e+00, sign=0.177, train=4.852e+00, val=5.417e+00]
GNN flow training:  94%|█████████▍| 94/100 [07:05<00:26,  4.47s/epoch, best=5.331e+00, sign=0.179, train=4.817e+00, val=5.458e+00]
GNN flow training:  95%|█████████▌| 95/100 [07:05<00:22,  4.49s/epoch, best=5.331e+00, sign=0.179, train=4.817e+00, val=5.458e+00]
GNN flow training:  95%|█████████▌| 95/100 [07:09<00:22,  4.49s/epoch, best=5.331e+00, sign=0.180, train=4.814e+00, val=5.627e+00]
GNN flow training:  96%|█████████▌| 96/100 [07:09<00:17,  4.49s/epoch, best=5.331e+00, sign=0.180, train=4.814e+00, val=5.627e+00]
GNN flow training:  96%|█████████▌| 96/100 [07:14<00:17,  4.49s/epoch, best=5.331e+00, sign=0.176, train=4.857e+00, val=5.573e+00]
GNN flow training:  97%|█████████▋| 97/100 [07:14<00:13,  4.49s/epoch, best=5.331e+00, sign=0.176, train=4.857e+00, val=5.573e+00]
GNN flow training:  97%|█████████▋| 97/100 [07:18<00:13,  4.49s/epoch, best=5.331e+00, sign=0.174, train=4.828e+00, val=5.473e+00]
GNN flow training:  98%|█████████▊| 98/100 [07:18<00:08,  4.49s/epoch, best=5.331e+00, sign=0.174, train=4.828e+00, val=5.473e+00]
GNN flow training:  98%|█████████▊| 98/100 [07:23<00:08,  4.49s/epoch, best=5.331e+00, sign=0.175, train=4.781e+00, val=5.415e+00]
GNN flow training:  99%|█████████▉| 99/100 [07:23<00:04,  4.49s/epoch, best=5.331e+00, sign=0.175, train=4.781e+00, val=5.415e+00]
GNN flow training:  99%|█████████▉| 99/100 [07:27<00:04,  4.49s/epoch, best=5.331e+00, sign=0.177, train=4.767e+00, val=5.403e+00]
GNN flow training: 100%|██████████| 100/100 [07:27<00:00,  4.50s/epoch, best=5.331e+00, sign=0.177, train=4.767e+00, val=5.403e+00]
GNN flow training: 100%|██████████| 100/100 [07:27<00:00,  4.48s/epoch, best=5.331e+00, sign=0.177, train=4.767e+00, val=5.403e+00]

GNN flow training:   0%|          | 0/100 [00:00<?, ?epoch/s]
GNN flow training:   0%|          | 0/100 [00:04<?, ?epoch/s, best=1.399e+03, sign=0.290, train=1.398e+03, val=1.399e+03]
GNN flow training:   1%|          | 1/100 [00:04<07:37,  4.62s/epoch, best=1.399e+03, sign=0.290, train=1.398e+03, val=1.399e+03]
GNN flow training:   1%|          | 1/100 [00:09<07:37,  4.62s/epoch, best=1.399e+03, sign=0.289, train=1.399e+03, val=1.398e+03]
GNN flow training:   2%|▏         | 2/100 [00:09<07:29,  4.59s/epoch, best=1.399e+03, sign=0.289, train=1.399e+03, val=1.398e+03]
GNN flow training:   2%|▏         | 2/100 [00:13<07:29,  4.59s/epoch, best=1.398e+03, sign=0.288, train=1.398e+03, val=1.399e+03]
GNN flow training:   3%|▎         | 3/100 [00:13<07:21,  4.55s/epoch, best=1.398e+03, sign=0.288, train=1.398e+03, val=1.399e+03]
GNN flow training:   3%|▎         | 3/100 [00:18<07:21,  4.55s/epoch, best=1.398e+03, sign=0.286, train=1.399e+03, val=1.397e+03]
GNN flow training:   4%|▍         | 4/100 [00:18<07:14,  4.52s/epoch, best=1.398e+03, sign=0.286, train=1.399e+03, val=1.397e+03]
GNN flow training:   4%|▍         | 4/100 [00:22<07:14,  4.52s/epoch, best=1.397e+03, sign=0.286, train=1.397e+03, val=1.391e+03]
GNN flow training:   5%|▌         | 5/100 [00:22<07:08,  4.51s/epoch, best=1.397e+03, sign=0.286, train=1.397e+03, val=1.391e+03]
GNN flow training:   5%|▌         | 5/100 [00:27<07:08,  4.51s/epoch, best=1.391e+03, sign=0.286, train=1.391e+03, val=1.388e+03]
GNN flow training:   6%|▌         | 6/100 [00:27<07:03,  4.50s/epoch, best=1.391e+03, sign=0.286, train=1.391e+03, val=1.388e+03]
GNN flow training:   6%|▌         | 6/100 [00:31<07:03,  4.50s/epoch, best=1.388e+03, sign=0.285, train=1.388e+03, val=1.385e+03]
GNN flow training:   7%|▋         | 7/100 [00:31<07:00,  4.52s/epoch, best=1.388e+03, sign=0.285, train=1.388e+03, val=1.385e+03]
GNN flow training:   7%|▋         | 7/100 [00:36<07:00,  4.52s/epoch, best=1.385e+03, sign=0.285, train=1.385e+03, val=1.385e+03]
GNN flow training:   8%|▊         | 8/100 [00:36<06:55,  4.52s/epoch, best=1.385e+03, sign=0.285, train=1.385e+03, val=1.385e+03]
GNN flow training:   8%|▊         | 8/100 [00:40<06:55,  4.52s/epoch, best=1.385e+03, sign=0.285, train=1.385e+03, val=1.379e+03]
GNN flow training:   9%|▉         | 9/100 [00:40<06:51,  4.52s/epoch, best=1.385e+03, sign=0.285, train=1.385e+03, val=1.379e+03]
GNN flow training:   9%|▉         | 9/100 [00:45<06:51,  4.52s/epoch, best=1.379e+03, sign=0.283, train=1.379e+03, val=1.375e+03]
GNN flow training:  10%|█         | 10/100 [00:45<06:46,  4.52s/epoch, best=1.379e+03, sign=0.283, train=1.379e+03, val=1.375e+03]
GNN flow training:  10%|█         | 10/100 [00:49<06:46,  4.52s/epoch, best=1.375e+03, sign=0.282, train=1.375e+03, val=1.375e+03]
GNN flow training:  11%|█         | 11/100 [00:49<06:42,  4.52s/epoch, best=1.375e+03, sign=0.282, train=1.375e+03, val=1.375e+03]
GNN flow training:  11%|█         | 11/100 [00:54<06:42,  4.52s/epoch, best=1.375e+03, sign=0.280, train=1.375e+03, val=1.374e+03]
GNN flow training:  12%|█▏        | 12/100 [00:54<06:37,  4.51s/epoch, best=1.375e+03, sign=0.280, train=1.375e+03, val=1.374e+03]
GNN flow training:  12%|█▏        | 12/100 [00:58<06:37,  4.51s/epoch, best=1.374e+03, sign=0.279, train=1.374e+03, val=1.370e+03]
GNN flow training:  13%|█▎        | 13/100 [00:58<06:31,  4.50s/epoch, best=1.374e+03, sign=0.279, train=1.374e+03, val=1.370e+03]
GNN flow training:  13%|█▎        | 13/100 [01:03<06:31,  4.50s/epoch, best=1.370e+03, sign=0.278, train=1.370e+03, val=1.363e+03]
GNN flow training:  14%|█▍        | 14/100 [01:03<06:26,  4.50s/epoch, best=1.370e+03, sign=0.278, train=1.370e+03, val=1.363e+03]
GNN flow training:  14%|█▍        | 14/100 [01:07<06:26,  4.50s/epoch, best=1.363e+03, sign=0.276, train=1.363e+03, val=1.359e+03]
GNN flow training:  15%|█▌        | 15/100 [01:07<06:21,  4.49s/epoch, best=1.363e+03, sign=0.276, train=1.363e+03, val=1.359e+03]
GNN flow training:  15%|█▌        | 15/100 [01:12<06:21,  4.49s/epoch, best=1.359e+03, sign=0.276, train=1.359e+03, val=1.349e+03]
GNN flow training:  16%|█▌        | 16/100 [01:12<06:16,  4.48s/epoch, best=1.359e+03, sign=0.276, train=1.359e+03, val=1.349e+03]
GNN flow training:  16%|█▌        | 16/100 [01:16<06:16,  4.48s/epoch, best=1.349e+03, sign=0.274, train=1.349e+03, val=1.346e+03]
GNN flow training:  17%|█▋        | 17/100 [01:16<06:11,  4.48s/epoch, best=1.349e+03, sign=0.274, train=1.349e+03, val=1.346e+03]
GNN flow training:  17%|█▋        | 17/100 [01:21<06:11,  4.48s/epoch, best=1.346e+03, sign=0.272, train=1.346e+03, val=1.339e+03]
GNN flow training:  18%|█▊        | 18/100 [01:21<06:07,  4.48s/epoch, best=1.346e+03, sign=0.272, train=1.346e+03, val=1.339e+03]
GNN flow training:  18%|█▊        | 18/100 [01:25<06:07,  4.48s/epoch, best=1.339e+03, sign=0.269, train=1.339e+03, val=1.334e+03]
GNN flow training:  19%|█▉        | 19/100 [01:25<06:02,  4.48s/epoch, best=1.339e+03, sign=0.269, train=1.339e+03, val=1.334e+03]
GNN flow training:  19%|█▉        | 19/100 [01:30<06:02,  4.48s/epoch, best=1.334e+03, sign=0.266, train=1.334e+03, val=1.326e+03]
GNN flow training:  20%|██        | 20/100 [01:30<05:59,  4.49s/epoch, best=1.334e+03, sign=0.266, train=1.334e+03, val=1.326e+03]
GNN flow training:  20%|██        | 20/100 [01:34<05:59,  4.49s/epoch, best=1.326e+03, sign=0.263, train=1.326e+03, val=1.328e+03]
GNN flow training:  21%|██        | 21/100 [01:34<05:56,  4.51s/epoch, best=1.326e+03, sign=0.263, train=1.326e+03, val=1.328e+03]
GNN flow training:  21%|██        | 21/100 [01:39<05:56,  4.51s/epoch, best=1.326e+03, sign=0.261, train=1.328e+03, val=1.325e+03]
GNN flow training:  22%|██▏       | 22/100 [01:39<05:52,  4.51s/epoch, best=1.326e+03, sign=0.261, train=1.328e+03, val=1.325e+03]
GNN flow training:  22%|██▏       | 22/100 [01:43<05:52,  4.51s/epoch, best=1.325e+03, sign=0.259, train=1.325e+03, val=1.312e+03]
GNN flow training:  23%|██▎       | 23/100 [01:43<05:45,  4.49s/epoch, best=1.325e+03, sign=0.259, train=1.325e+03, val=1.312e+03]
GNN flow training:  23%|██▎       | 23/100 [01:48<05:45,  4.49s/epoch, best=1.312e+03, sign=0.258, train=1.312e+03, val=1.315e+03]
GNN flow training:  24%|██▍       | 24/100 [01:48<05:42,  4.50s/epoch, best=1.312e+03, sign=0.258, train=1.312e+03, val=1.315e+03]
GNN flow training:  24%|██▍       | 24/100 [01:52<05:42,  4.50s/epoch, best=1.312e+03, sign=0.258, train=1.315e+03, val=1.313e+03]
GNN flow training:  25%|██▌       | 25/100 [01:52<05:37,  4.50s/epoch, best=1.312e+03, sign=0.258, train=1.315e+03, val=1.313e+03]
GNN flow training:  25%|██▌       | 25/100 [01:57<05:37,  4.50s/epoch, best=1.312e+03, sign=0.253, train=1.313e+03, val=1.303e+03]
GNN flow training:  26%|██▌       | 26/100 [01:57<05:32,  4.49s/epoch, best=1.312e+03, sign=0.253, train=1.313e+03, val=1.303e+03]
GNN flow training:  26%|██▌       | 26/100 [02:01<05:32,  4.49s/epoch, best=1.303e+03, sign=0.250, train=1.303e+03, val=1.292e+03]
GNN flow training:  27%|██▋       | 27/100 [02:01<05:27,  4.48s/epoch, best=1.303e+03, sign=0.250, train=1.303e+03, val=1.292e+03]
GNN flow training:  27%|██▋       | 27/100 [02:06<05:27,  4.48s/epoch, best=1.292e+03, sign=0.247, train=1.292e+03, val=1.281e+03]
GNN flow training:  28%|██▊       | 28/100 [02:06<05:22,  4.47s/epoch, best=1.292e+03, sign=0.247, train=1.292e+03, val=1.281e+03]
GNN flow training:  28%|██▊       | 28/100 [02:10<05:22,  4.47s/epoch, best=1.281e+03, sign=0.242, train=1.281e+03, val=1.273e+03]
GNN flow training:  29%|██▉       | 29/100 [02:10<05:17,  4.47s/epoch, best=1.281e+03, sign=0.242, train=1.281e+03, val=1.273e+03]
GNN flow training:  29%|██▉       | 29/100 [02:14<05:17,  4.47s/epoch, best=1.273e+03, sign=0.237, train=1.273e+03, val=1.271e+03]
GNN flow training:  30%|███       | 30/100 [02:14<05:13,  4.47s/epoch, best=1.273e+03, sign=0.237, train=1.273e+03, val=1.271e+03]
GNN flow training:  30%|███       | 30/100 [02:19<05:13,  4.47s/epoch, best=1.271e+03, sign=0.231, train=1.271e+03, val=1.265e+03]
GNN flow training:  31%|███       | 31/100 [02:19<05:08,  4.47s/epoch, best=1.271e+03, sign=0.231, train=1.271e+03, val=1.265e+03]
GNN flow training:  31%|███       | 31/100 [02:23<05:08,  4.47s/epoch, best=1.265e+03, sign=0.227, train=1.265e+03, val=1.253e+03]
GNN flow training:  32%|███▏      | 32/100 [02:23<05:05,  4.49s/epoch, best=1.265e+03, sign=0.227, train=1.265e+03, val=1.253e+03]
GNN flow training:  32%|███▏      | 32/100 [02:28<05:05,  4.49s/epoch, best=1.253e+03, sign=0.222, train=1.253e+03, val=1.239e+03]
GNN flow training:  33%|███▎      | 33/100 [02:28<05:00,  4.49s/epoch, best=1.253e+03, sign=0.222, train=1.253e+03, val=1.239e+03]
GNN flow training:  33%|███▎      | 33/100 [02:32<05:00,  4.49s/epoch, best=1.239e+03, sign=0.216, train=1.239e+03, val=1.236e+03]
GNN flow training:  34%|███▍      | 34/100 [02:32<04:56,  4.49s/epoch, best=1.239e+03, sign=0.216, train=1.239e+03, val=1.236e+03]
GNN flow training:  34%|███▍      | 34/100 [02:37<04:56,  4.49s/epoch, best=1.236e+03, sign=0.211, train=1.236e+03, val=1.235e+03]
GNN flow training:  35%|███▌      | 35/100 [02:37<04:51,  4.48s/epoch, best=1.236e+03, sign=0.211, train=1.236e+03, val=1.235e+03]
GNN flow training:  35%|███▌      | 35/100 [02:41<04:51,  4.48s/epoch, best=1.235e+03, sign=0.208, train=1.235e+03, val=1.241e+03]
GNN flow training:  36%|███▌      | 36/100 [02:41<04:46,  4.48s/epoch, best=1.235e+03, sign=0.208, train=1.235e+03, val=1.241e+03]
GNN flow training:  36%|███▌      | 36/100 [02:46<04:46,  4.48s/epoch, best=1.235e+03, sign=0.207, train=1.241e+03, val=1.241e+03]
GNN flow training:  37%|███▋      | 37/100 [02:46<04:42,  4.48s/epoch, best=1.235e+03, sign=0.207, train=1.241e+03, val=1.241e+03]
GNN flow training:  37%|███▋      | 37/100 [02:50<04:42,  4.48s/epoch, best=1.235e+03, sign=0.203, train=1.241e+03, val=1.232e+03]
GNN flow training:  38%|███▊      | 38/100 [02:50<04:37,  4.48s/epoch, best=1.235e+03, sign=0.203, train=1.241e+03, val=1.232e+03]
GNN flow training:  38%|███▊      | 38/100 [02:55<04:37,  4.48s/epoch, best=1.232e+03, sign=0.199, train=1.232e+03, val=1.225e+03]
GNN flow training:  39%|███▉      | 39/100 [02:55<04:33,  4.49s/epoch, best=1.232e+03, sign=0.199, train=1.232e+03, val=1.225e+03]
GNN flow training:  39%|███▉      | 39/100 [02:59<04:33,  4.49s/epoch, best=1.225e+03, sign=0.196, train=1.225e+03, val=1.218e+03]
GNN flow training:  40%|████      | 40/100 [02:59<04:29,  4.49s/epoch, best=1.225e+03, sign=0.196, train=1.225e+03, val=1.218e+03]
GNN flow training:  40%|████      | 40/100 [03:04<04:29,  4.49s/epoch, best=1.218e+03, sign=0.193, train=1.218e+03, val=1.214e+03]
GNN flow training:  41%|████      | 41/100 [03:04<04:25,  4.50s/epoch, best=1.218e+03, sign=0.193, train=1.218e+03, val=1.214e+03]
GNN flow training:  41%|████      | 41/100 [03:08<04:25,  4.50s/epoch, best=1.214e+03, sign=0.190, train=1.214e+03, val=1.211e+03]
GNN flow training:  42%|████▏     | 42/100 [03:08<04:20,  4.50s/epoch, best=1.214e+03, sign=0.190, train=1.214e+03, val=1.211e+03]
GNN flow training:  42%|████▏     | 42/100 [03:13<04:20,  4.50s/epoch, best=1.211e+03, sign=0.188, train=1.211e+03, val=1.205e+03]
GNN flow training:  43%|████▎     | 43/100 [03:13<04:15,  4.49s/epoch, best=1.211e+03, sign=0.188, train=1.211e+03, val=1.205e+03]
GNN flow training:  43%|████▎     | 43/100 [03:17<04:15,  4.49s/epoch, best=1.205e+03, sign=0.186, train=1.205e+03, val=1.200e+03]
GNN flow training:  44%|████▍     | 44/100 [03:17<04:10,  4.47s/epoch, best=1.205e+03, sign=0.186, train=1.205e+03, val=1.200e+03]
GNN flow training:  44%|████▍     | 44/100 [03:22<04:10,  4.47s/epoch, best=1.200e+03, sign=0.187, train=1.200e+03, val=1.194e+03]
GNN flow training:  45%|████▌     | 45/100 [03:22<04:05,  4.47s/epoch, best=1.200e+03, sign=0.187, train=1.200e+03, val=1.194e+03]
GNN flow training:  45%|████▌     | 45/100 [03:26<04:05,  4.47s/epoch, best=1.194e+03, sign=0.185, train=1.194e+03, val=1.186e+03]
GNN flow training:  46%|████▌     | 46/100 [03:26<04:01,  4.47s/epoch, best=1.194e+03, sign=0.185, train=1.194e+03, val=1.186e+03]
GNN flow training:  46%|████▌     | 46/100 [03:31<04:01,  4.47s/epoch, best=1.186e+03, sign=0.183, train=1.186e+03, val=1.178e+03]
GNN flow training:  47%|████▋     | 47/100 [03:31<03:56,  4.46s/epoch, best=1.186e+03, sign=0.183, train=1.186e+03, val=1.178e+03]
GNN flow training:  47%|████▋     | 47/100 [03:35<03:56,  4.46s/epoch, best=1.178e+03, sign=0.183, train=1.178e+03, val=1.169e+03]
GNN flow training:  48%|████▊     | 48/100 [03:35<03:52,  4.47s/epoch, best=1.178e+03, sign=0.183, train=1.178e+03, val=1.169e+03]
GNN flow training:  48%|████▊     | 48/100 [03:40<03:52,  4.47s/epoch, best=1.169e+03, sign=0.182, train=1.169e+03, val=1.152e+03]
GNN flow training:  49%|████▉     | 49/100 [03:40<03:48,  4.48s/epoch, best=1.169e+03, sign=0.182, train=1.169e+03, val=1.152e+03]
GNN flow training:  49%|████▉     | 49/100 [03:44<03:48,  4.48s/epoch, best=1.152e+03, sign=0.181, train=1.152e+03, val=1.140e+03]
GNN flow training:  50%|█████     | 50/100 [03:44<03:44,  4.49s/epoch, best=1.152e+03, sign=0.181, train=1.152e+03, val=1.140e+03]
GNN flow training:  50%|█████     | 50/100 [03:49<03:44,  4.49s/epoch, best=1.140e+03, sign=0.183, train=1.140e+03, val=1.141e+03]
GNN flow training:  51%|█████     | 51/100 [03:49<03:39,  4.48s/epoch, best=1.140e+03, sign=0.183, train=1.140e+03, val=1.141e+03]
GNN flow training:  51%|█████     | 51/100 [03:53<03:39,  4.48s/epoch, best=1.140e+03, sign=0.185, train=1.141e+03, val=1.162e+03]
GNN flow training:  52%|█████▏    | 52/100 [03:53<03:34,  4.47s/epoch, best=1.140e+03, sign=0.185, train=1.141e+03, val=1.162e+03]
GNN flow training:  52%|█████▏    | 52/100 [03:58<03:34,  4.47s/epoch, best=1.140e+03, sign=0.187, train=1.162e+03, val=1.213e+03]
GNN flow training:  53%|█████▎    | 53/100 [03:58<03:30,  4.47s/epoch, best=1.140e+03, sign=0.187, train=1.162e+03, val=1.213e+03]
GNN flow training:  53%|█████▎    | 53/100 [04:02<03:30,  4.47s/epoch, best=1.140e+03, sign=0.189, train=1.213e+03, val=1.219e+03]
GNN flow training:  54%|█████▍    | 54/100 [04:02<03:25,  4.47s/epoch, best=1.140e+03, sign=0.189, train=1.213e+03, val=1.219e+03]
GNN flow training:  54%|█████▍    | 54/100 [04:06<03:25,  4.47s/epoch, best=1.140e+03, sign=0.188, train=1.219e+03, val=1.208e+03]
GNN flow training:  55%|█████▌    | 55/100 [04:06<03:21,  4.47s/epoch, best=1.140e+03, sign=0.188, train=1.219e+03, val=1.208e+03]
GNN flow training:  55%|█████▌    | 55/100 [04:11<03:21,  4.47s/epoch, best=1.140e+03, sign=0.189, train=1.208e+03, val=1.207e+03]
GNN flow training:  56%|█████▌    | 56/100 [04:11<03:17,  4.48s/epoch, best=1.140e+03, sign=0.189, train=1.208e+03, val=1.207e+03]
GNN flow training:  56%|█████▌    | 56/100 [04:15<03:17,  4.48s/epoch, best=1.140e+03, sign=0.189, train=1.207e+03, val=1.173e+03]
GNN flow training:  57%|█████▋    | 57/100 [04:15<03:12,  4.47s/epoch, best=1.140e+03, sign=0.189, train=1.207e+03, val=1.173e+03]
GNN flow training:  57%|█████▋    | 57/100 [04:20<03:12,  4.47s/epoch, best=1.140e+03, sign=0.188, train=1.173e+03, val=1.147e+03]
GNN flow training:  58%|█████▊    | 58/100 [04:20<03:08,  4.48s/epoch, best=1.140e+03, sign=0.188, train=1.173e+03, val=1.147e+03]
GNN flow training:  58%|█████▊    | 58/100 [04:24<03:08,  4.48s/epoch, best=1.140e+03, sign=0.186, train=1.147e+03, val=1.116e+03]
GNN flow training:  59%|█████▉    | 59/100 [04:24<03:03,  4.48s/epoch, best=1.140e+03, sign=0.186, train=1.147e+03, val=1.116e+03]
GNN flow training:  59%|█████▉    | 59/100 [04:29<03:03,  4.48s/epoch, best=1.116e+03, sign=0.184, train=1.116e+03, val=1.101e+03]
GNN flow training:  60%|██████    | 60/100 [04:29<02:58,  4.47s/epoch, best=1.116e+03, sign=0.184, train=1.116e+03, val=1.101e+03]
GNN flow training:  60%|██████    | 60/100 [04:33<02:58,  4.47s/epoch, best=1.101e+03, sign=0.184, train=1.101e+03, val=1.089e+03]
GNN flow training:  61%|██████    | 61/100 [04:33<02:54,  4.46s/epoch, best=1.101e+03, sign=0.184, train=1.101e+03, val=1.089e+03]
GNN flow training:  61%|██████    | 61/100 [04:38<02:54,  4.46s/epoch, best=1.089e+03, sign=0.184, train=1.089e+03, val=1.086e+03]
GNN flow training:  62%|██████▏   | 62/100 [04:38<02:49,  4.45s/epoch, best=1.089e+03, sign=0.184, train=1.089e+03, val=1.086e+03]
GNN flow training:  62%|██████▏   | 62/100 [04:42<02:49,  4.45s/epoch, best=1.086e+03, sign=0.187, train=1.086e+03, val=1.084e+03]
GNN flow training:  63%|██████▎   | 63/100 [04:42<02:45,  4.47s/epoch, best=1.086e+03, sign=0.187, train=1.086e+03, val=1.084e+03]
GNN flow training:  63%|██████▎   | 63/100 [04:47<02:45,  4.47s/epoch, best=1.084e+03, sign=0.188, train=1.084e+03, val=1.090e+03]
GNN flow training:  64%|██████▍   | 64/100 [04:47<02:41,  4.48s/epoch, best=1.084e+03, sign=0.188, train=1.084e+03, val=1.090e+03]
GNN flow training:  64%|██████▍   | 64/100 [04:51<02:41,  4.48s/epoch, best=1.084e+03, sign=0.190, train=1.090e+03, val=1.098e+03]
GNN flow training:  65%|██████▌   | 65/100 [04:51<02:36,  4.46s/epoch, best=1.084e+03, sign=0.190, train=1.090e+03, val=1.098e+03]
GNN flow training:  65%|██████▌   | 65/100 [04:56<02:36,  4.46s/epoch, best=1.084e+03, sign=0.191, train=1.098e+03, val=1.108e+03]
GNN flow training:  66%|██████▌   | 66/100 [04:56<02:31,  4.45s/epoch, best=1.084e+03, sign=0.191, train=1.098e+03, val=1.108e+03]
GNN flow training:  66%|██████▌   | 66/100 [05:00<02:31,  4.45s/epoch, best=1.084e+03, sign=0.193, train=1.108e+03, val=1.096e+03]
GNN flow training:  67%|██████▋   | 67/100 [05:00<02:26,  4.42s/epoch, best=1.084e+03, sign=0.193, train=1.108e+03, val=1.096e+03]
GNN flow training:  67%|██████▋   | 67/100 [05:04<02:26,  4.42s/epoch, best=1.084e+03, sign=0.192, train=1.096e+03, val=1.083e+03]
GNN flow training:  68%|██████▊   | 68/100 [05:04<02:21,  4.42s/epoch, best=1.084e+03, sign=0.192, train=1.096e+03, val=1.083e+03]
GNN flow training:  68%|██████▊   | 68/100 [05:09<02:21,  4.42s/epoch, best=1.083e+03, sign=0.192, train=1.083e+03, val=1.071e+03]
GNN flow training:  69%|██████▉   | 69/100 [05:09<02:17,  4.43s/epoch, best=1.083e+03, sign=0.192, train=1.083e+03, val=1.071e+03]
GNN flow training:  69%|██████▉   | 69/100 [05:13<02:17,  4.43s/epoch, best=1.071e+03, sign=0.188, train=1.071e+03, val=1.074e+03]
GNN flow training:  70%|███████   | 70/100 [05:13<02:12,  4.43s/epoch, best=1.071e+03, sign=0.188, train=1.071e+03, val=1.074e+03]
GNN flow training:  70%|███████   | 70/100 [05:18<02:12,  4.43s/epoch, best=1.071e+03, sign=0.188, train=1.074e+03, val=1.078e+03]
GNN flow training:  71%|███████   | 71/100 [05:18<02:08,  4.43s/epoch, best=1.071e+03, sign=0.188, train=1.074e+03, val=1.078e+03]
GNN flow training:  71%|███████   | 71/100 [05:22<02:08,  4.43s/epoch, best=1.071e+03, sign=0.187, train=1.078e+03, val=1.117e+03]
GNN flow training:  72%|███████▏  | 72/100 [05:22<02:04,  4.44s/epoch, best=1.071e+03, sign=0.187, train=1.078e+03, val=1.117e+03]
GNN flow training:  72%|███████▏  | 72/100 [05:27<02:04,  4.44s/epoch, best=1.071e+03, sign=0.189, train=1.117e+03, val=1.129e+03]
GNN flow training:  73%|███████▎  | 73/100 [05:27<02:00,  4.45s/epoch, best=1.071e+03, sign=0.189, train=1.117e+03, val=1.129e+03]
GNN flow training:  73%|███████▎  | 73/100 [05:31<02:00,  4.45s/epoch, best=1.071e+03, sign=0.190, train=1.129e+03, val=1.100e+03]
GNN flow training:  74%|███████▍  | 74/100 [05:31<01:55,  4.45s/epoch, best=1.071e+03, sign=0.190, train=1.129e+03, val=1.100e+03]
GNN flow training:  74%|███████▍  | 74/100 [05:36<01:55,  4.45s/epoch, best=1.071e+03, sign=0.191, train=1.100e+03, val=1.058e+03]
GNN flow training:  75%|███████▌  | 75/100 [05:36<01:51,  4.45s/epoch, best=1.071e+03, sign=0.191, train=1.100e+03, val=1.058e+03]
GNN flow training:  75%|███████▌  | 75/100 [05:40<01:51,  4.45s/epoch, best=1.058e+03, sign=0.194, train=1.058e+03, val=1.052e+03]
GNN flow training:  76%|███████▌  | 76/100 [05:40<01:46,  4.45s/epoch, best=1.058e+03, sign=0.194, train=1.058e+03, val=1.052e+03]
GNN flow training:  76%|███████▌  | 76/100 [05:44<01:46,  4.45s/epoch, best=1.052e+03, sign=0.195, train=1.052e+03, val=1.080e+03]
GNN flow training:  77%|███████▋  | 77/100 [05:44<01:42,  4.44s/epoch, best=1.052e+03, sign=0.195, train=1.052e+03, val=1.080e+03]
GNN flow training:  77%|███████▋  | 77/100 [05:49<01:42,  4.44s/epoch, best=1.052e+03, sign=0.197, train=1.080e+03, val=1.089e+03]
GNN flow training:  78%|███████▊  | 78/100 [05:49<01:37,  4.43s/epoch, best=1.052e+03, sign=0.197, train=1.080e+03, val=1.089e+03]
GNN flow training:  78%|███████▊  | 78/100 [05:53<01:37,  4.43s/epoch, best=1.052e+03, sign=0.197, train=1.089e+03, val=1.089e+03]
GNN flow training:  79%|███████▉  | 79/100 [05:53<01:32,  4.42s/epoch, best=1.052e+03, sign=0.197, train=1.089e+03, val=1.089e+03]
GNN flow training:  79%|███████▉  | 79/100 [05:58<01:32,  4.42s/epoch, best=1.052e+03, sign=0.198, train=1.089e+03, val=1.087e+03]
GNN flow training:  80%|████████  | 80/100 [05:58<01:28,  4.43s/epoch, best=1.052e+03, sign=0.198, train=1.089e+03, val=1.087e+03]
GNN flow training:  80%|████████  | 80/100 [06:02<01:28,  4.43s/epoch, best=1.052e+03, sign=0.199, train=1.087e+03, val=1.105e+03]
GNN flow training:  81%|████████  | 81/100 [06:02<01:24,  4.42s/epoch, best=1.052e+03, sign=0.199, train=1.087e+03, val=1.105e+03]
GNN flow training:  81%|████████  | 81/100 [06:06<01:24,  4.42s/epoch, best=1.052e+03, sign=0.201, train=1.105e+03, val=1.133e+03]
GNN flow training:  82%|████████▏ | 82/100 [06:06<01:19,  4.42s/epoch, best=1.052e+03, sign=0.201, train=1.105e+03, val=1.133e+03]
GNN flow training:  82%|████████▏ | 82/100 [06:11<01:19,  4.42s/epoch, best=1.052e+03, sign=0.202, train=1.133e+03, val=1.153e+03]
GNN flow training:  83%|████████▎ | 83/100 [06:11<01:15,  4.42s/epoch, best=1.052e+03, sign=0.202, train=1.133e+03, val=1.153e+03]
GNN flow training:  83%|████████▎ | 83/100 [06:15<01:15,  4.42s/epoch, best=1.052e+03, sign=0.203, train=1.153e+03, val=1.147e+03]
GNN flow training:  84%|████████▍ | 84/100 [06:15<01:10,  4.42s/epoch, best=1.052e+03, sign=0.203, train=1.153e+03, val=1.147e+03]
GNN flow training:  84%|████████▍ | 84/100 [06:20<01:10,  4.42s/epoch, best=1.052e+03, sign=0.203, train=1.147e+03, val=1.144e+03]
GNN flow training:  85%|████████▌ | 85/100 [06:20<01:06,  4.41s/epoch, best=1.052e+03, sign=0.203, train=1.147e+03, val=1.144e+03]
GNN flow training:  85%|████████▌ | 85/100 [06:24<01:06,  4.41s/epoch, best=1.052e+03, sign=0.206, train=1.144e+03, val=1.141e+03]
GNN flow training:  86%|████████▌ | 86/100 [06:24<01:01,  4.41s/epoch, best=1.052e+03, sign=0.206, train=1.144e+03, val=1.141e+03]
GNN flow training:  86%|████████▌ | 86/100 [06:29<01:01,  4.41s/epoch, best=1.052e+03, sign=0.209, train=1.141e+03, val=1.131e+03]
GNN flow training:  87%|████████▋ | 87/100 [06:29<00:57,  4.41s/epoch, best=1.052e+03, sign=0.209, train=1.141e+03, val=1.131e+03]
GNN flow training:  87%|████████▋ | 87/100 [06:33<00:57,  4.41s/epoch, best=1.052e+03, sign=0.209, train=1.131e+03, val=1.120e+03]
GNN flow training:  88%|████████▊ | 88/100 [06:33<00:52,  4.40s/epoch, best=1.052e+03, sign=0.209, train=1.131e+03, val=1.120e+03]
GNN flow training:  88%|████████▊ | 88/100 [06:37<00:52,  4.40s/epoch, best=1.052e+03, sign=0.211, train=1.120e+03, val=1.111e+03]
GNN flow training:  89%|████████▉ | 89/100 [06:37<00:48,  4.41s/epoch, best=1.052e+03, sign=0.211, train=1.120e+03, val=1.111e+03]
GNN flow training:  89%|████████▉ | 89/100 [06:42<00:48,  4.41s/epoch, best=1.052e+03, sign=0.213, train=1.111e+03, val=1.114e+03]
GNN flow training:  90%|█████████ | 90/100 [06:42<00:44,  4.41s/epoch, best=1.052e+03, sign=0.213, train=1.111e+03, val=1.114e+03]
GNN flow training:  90%|█████████ | 90/100 [06:46<00:44,  4.41s/epoch, best=1.052e+03, sign=0.215, train=1.114e+03, val=1.124e+03]
GNN flow training:  91%|█████████ | 91/100 [06:46<00:39,  4.41s/epoch, best=1.052e+03, sign=0.215, train=1.114e+03, val=1.124e+03]
GNN flow training:  91%|█████████ | 91/100 [06:51<00:39,  4.41s/epoch, best=1.052e+03, sign=0.217, train=1.124e+03, val=1.121e+03]
GNN flow training:  92%|█████████▏| 92/100 [06:51<00:35,  4.41s/epoch, best=1.052e+03, sign=0.217, train=1.124e+03, val=1.121e+03]
GNN flow training:  92%|█████████▏| 92/100 [06:55<00:35,  4.41s/epoch, best=1.052e+03, sign=0.216, train=1.121e+03, val=1.107e+03]
GNN flow training:  93%|█████████▎| 93/100 [06:55<00:30,  4.41s/epoch, best=1.052e+03, sign=0.216, train=1.121e+03, val=1.107e+03]
GNN flow training:  93%|█████████▎| 93/100 [06:59<00:30,  4.41s/epoch, best=1.052e+03, sign=0.213, train=1.107e+03, val=1.091e+03]
GNN flow training:  94%|█████████▍| 94/100 [06:59<00:26,  4.40s/epoch, best=1.052e+03, sign=0.213, train=1.107e+03, val=1.091e+03]
GNN flow training:  94%|█████████▍| 94/100 [07:04<00:26,  4.40s/epoch, best=1.052e+03, sign=0.211, train=1.091e+03, val=1.080e+03]
GNN flow training:  95%|█████████▌| 95/100 [07:04<00:22,  4.40s/epoch, best=1.052e+03, sign=0.211, train=1.091e+03, val=1.080e+03]
GNN flow training:  95%|█████████▌| 95/100 [07:08<00:22,  4.40s/epoch, best=1.052e+03, sign=0.208, train=1.080e+03, val=1.083e+03]
GNN flow training:  96%|█████████▌| 96/100 [07:08<00:17,  4.40s/epoch, best=1.052e+03, sign=0.208, train=1.080e+03, val=1.083e+03]
GNN flow training:  96%|█████████▌| 96/100 [07:13<00:17,  4.40s/epoch, best=1.052e+03, sign=0.207, train=1.083e+03, val=1.098e+03]
GNN flow training:  97%|█████████▋| 97/100 [07:13<00:13,  4.40s/epoch, best=1.052e+03, sign=0.207, train=1.083e+03, val=1.098e+03]
GNN flow training:  97%|█████████▋| 97/100 [07:17<00:13,  4.40s/epoch, best=1.052e+03, sign=0.205, train=1.098e+03, val=1.106e+03]
GNN flow training:  98%|█████████▊| 98/100 [07:17<00:08,  4.42s/epoch, best=1.052e+03, sign=0.205, train=1.098e+03, val=1.106e+03]
GNN flow training:  98%|█████████▊| 98/100 [07:21<00:08,  4.42s/epoch, best=1.052e+03, sign=0.203, train=1.106e+03, val=1.121e+03]
GNN flow training:  99%|█████████▉| 99/100 [07:21<00:04,  4.42s/epoch, best=1.052e+03, sign=0.203, train=1.106e+03, val=1.121e+03]
GNN flow training:  99%|█████████▉| 99/100 [07:26<00:04,  4.42s/epoch, best=1.052e+03, sign=0.202, train=1.121e+03, val=1.121e+03]
GNN flow training: 100%|██████████| 100/100 [07:26<00:00,  4.42s/epoch, best=1.052e+03, sign=0.202, train=1.121e+03, val=1.121e+03]
GNN flow training: 100%|██████████| 100/100 [07:26<00:00,  4.46s/epoch, best=1.052e+03, sign=0.202, train=1.121e+03, val=1.121e+03]
Resolved config snapshot:
{'preset': 'solver_QKB_outer_QKBdelta', 'gnn_outer_losses': {'flow': 100.0, 'kirchhoff': 0.1, 'boundary': 100.0, 'delta_l2': 10.0, 'delta_smooth': 0.0, 'pressure_shape': 0.0}, 'physics': {'arterial_flow_mode': 'dataset', 'pressure_constraints': ['mean-a-minus-v-alpha-equal-v'], 'alpha_pa': 10.0, 'use_snr_weights': True, 'use_observed_flow_snr_weighting': True, 'flow_scale_mode': 'median_abs', 'solver_device': 'same', 'pressure_solver_mode': 'reduced-soft-constrained-lstsq', 'pressure_solver_lambda_kirchhoff': 1.0, 'pressure_solver_lambda_pressure_constraints': 100.0, 'pressure_solver_lambda_flow_residual': 1.0, 'pressure_shape_reference': 'delta_zero_reference', 'pressure_detach': False}, 'correction_bounds': {'correction_min': -0.5, 'correction_max': 0.5, 'correction_bound': 0.5, 'correction_parameterization': 'tanh'}, 'optimization': {'learning_rate': 0.001, 'weight_decay': 0.0001, 'gradient_clip_norm': 5.0, 'optimizer': 'adamw', 'epochs': 100, 'patience': 40}}
Resolved config snapshot:
{'preset': 'solver_QKB_outer_QKBdelta', 'gnn_outer_losses': {'flow': 0.1, 'kirchhoff': 100.0, 'boundary': 100.0, 'delta_l2': 0.1, 'delta_smooth': 0.0, 'pressure_shape': 0.0}, 'physics': {'arterial_flow_mode': 'dataset', 'pressure_constraints': ['mean-a-minus-v-alpha-equal-v'], 'alpha_pa': 10.0, 'use_snr_weights': True, 'use_observed_flow_snr_weighting': True, 'flow_scale_mode': 'median_abs', 'solver_device': 'same', 'pressure_solver_mode': 'reduced-soft-constrained-lstsq', 'pressure_solver_lambda_kirchhoff': 1.0, 'pressure_solver_lambda_pressure_constraints': 100.0, 'pressure_solver_lambda_flow_residual': 1.0, 'pressure_shape_reference': 'delta_zero_reference', 'pressure_detach': False}, 'correction_bounds': {'correction_min': -0.5, 'correction_max': 0.5, 'correction_bound': 0.5, 'correction_parameterization': 'tanh'}, 'optimization': {'learning_rate': 0.001, 'weight_decay': 0.0001, 'gradient_clip_norm': 5.0, 'optimizer': 'adamw', 'epochs': 100, 'patience': 40}}
Command: /mnt/home/sswee/miniforge3/envs/yolk-sac/bin/python /mnt/home/sswee/yolk/Yolk-Sac-Flow-Data-and-Sim/gnn_clean/scripts/python/gnn_flow.py /mnt/home/sswee/yolk/Yolk-Sac-Flow-Data-and-Sim/gnn_clean/datasets/mosaic_graph_canonical_harmonized/mosaic_graph_canonical_harmonized.gpickle --output-dir /mnt/home/sswee/yolk/Yolk-Sac-Flow-Data-and-Sim/gnn_clean/outputs_canonical/dc/03_pressure_constraint_sensitivity/gnn --run-name q_100__k_0p1__delta_10__constraint_fixed_drop_10pa --preset solver_QKB_outer_QKBdelta --device cuda --epochs 100 --seed 0 --viscosity-pa-s 0.0035 --config /mnt/home/sswee/yolk/Yolk-Sac-Flow-Data-and-Sim/gnn_clean/outputs_canonical/dc/03_pressure_constraint_sensitivity/_generated_configs/q_100__k_0p1__delta_10__constraint_fixed_drop_10pa.yaml --no-pressure-detach
Command: /mnt/home/sswee/miniforge3/envs/yolk-sac/bin/python /mnt/home/sswee/yolk/Yolk-Sac-Flow-Data-and-Sim/gnn_clean/scripts/python/gnn_flow.py /mnt/home/sswee/yolk/Yolk-Sac-Flow-Data-and-Sim/gnn_clean/datasets/mosaic_graph_canonical_harmonized/mosaic_graph_canonical_harmonized.gpickle --output-dir /mnt/home/sswee/yolk/Yolk-Sac-Flow-Data-and-Sim/gnn_clean/outputs_canonical/dc/03_pressure_constraint_sensitivity/gnn --run-name q_0p1__k_100__delta_0p1__constraint_fixed_drop_10pa --preset solver_QKB_outer_QKBdelta --device cuda --epochs 100 --seed 0 --viscosity-pa-s 0.0035 --config /mnt/home/sswee/yolk/Yolk-Sac-Flow-Data-and-Sim/gnn_clean/outputs_canonical/dc/03_pressure_constraint_sensitivity/_generated_configs/q_0p1__k_100__delta_0p1__constraint_fixed_drop_10pa.yaml --no-pressure-detach
Command: /mnt/home/sswee/miniforge3/envs/yolk-sac/bin/python /mnt/home/sswee/yolk/Yolk-Sac-Flow-Data-and-Sim/gnn_clean/scripts/python/poiseuille_only_baseline.py /mnt/home/sswee/yolk/Yolk-Sac-Flow-Data-and-Sim/gnn_clean/datasets/mosaic_graph_canonical_harmonized/mosaic_graph_canonical_harmonized.gpickle --output-dir /mnt/home/sswee/yolk/Yolk-Sac-Flow-Data-and-Sim/gnn_clean/outputs_canonical/dc/03_pressure_constraint_sensitivity/poiseuille --run-name poiseuille__q_0p1__k_100__constraint_fixed_drop_10pa --device cpu --viscosity-pa-s 0.0035 --dc-solve-mode reduced-soft-constrained-lstsq --arterial-flow-mode dataset --lambda-kirchhoff 100.0 --lambda-pressure-constraints 100.0 --lambda-flow-residual 0.1 --pressure-constraint mean-a-minus-v-alpha-equal-v --alpha-pa 10.0
