[info] DC Step 2 canonical sweep uses fixed lambda_B=100.0 for both the outer boundary loss and the reduced pressure-solver boundary constraint.

GNN flow training:   0%|          | 0/100 [00:00<?, ?epoch/s]
GNN flow training:   0%|          | 0/100 [00:04<?, ?epoch/s, best=1.271e+03, sign=0.194, train=1.270e+03, val=1.271e+03]
GNN flow training:   1%|          | 1/100 [00:04<07:54,  4.79s/epoch, best=1.271e+03, sign=0.194, train=1.270e+03, val=1.271e+03]
GNN flow training:   1%|          | 1/100 [00:09<07:54,  4.79s/epoch, best=1.271e+03, sign=0.194, train=1.271e+03, val=1.274e+03]
GNN flow training:   2%|▏         | 2/100 [00:09<07:33,  4.63s/epoch, best=1.271e+03, sign=0.194, train=1.271e+03, val=1.274e+03]
GNN flow training:   2%|▏         | 2/100 [00:13<07:33,  4.63s/epoch, best=1.271e+03, sign=0.194, train=1.274e+03, val=1.273e+03]
GNN flow training:   3%|▎         | 3/100 [00:13<07:25,  4.59s/epoch, best=1.271e+03, sign=0.194, train=1.274e+03, val=1.273e+03]
GNN flow training:   3%|▎         | 3/100 [00:18<07:25,  4.59s/epoch, best=1.271e+03, sign=0.194, train=1.273e+03, val=1.269e+03]
GNN flow training:   4%|▍         | 4/100 [00:18<07:16,  4.55s/epoch, best=1.271e+03, sign=0.194, train=1.273e+03, val=1.269e+03]
GNN flow training:   4%|▍         | 4/100 [00:22<07:16,  4.55s/epoch, best=1.269e+03, sign=0.194, train=1.269e+03, val=1.271e+03]
GNN flow training:   5%|▌         | 5/100 [00:22<07:11,  4.54s/epoch, best=1.269e+03, sign=0.194, train=1.269e+03, val=1.271e+03]
GNN flow training:   5%|▌         | 5/100 [00:27<07:11,  4.54s/epoch, best=1.269e+03, sign=0.194, train=1.271e+03, val=1.268e+03]
GNN flow training:   6%|▌         | 6/100 [00:27<07:05,  4.52s/epoch, best=1.269e+03, sign=0.194, train=1.271e+03, val=1.268e+03]
GNN flow training:   6%|▌         | 6/100 [00:31<07:05,  4.52s/epoch, best=1.268e+03, sign=0.194, train=1.268e+03, val=1.269e+03]
GNN flow training:   7%|▋         | 7/100 [00:31<06:58,  4.50s/epoch, best=1.268e+03, sign=0.194, train=1.268e+03, val=1.269e+03]
GNN flow training:   7%|▋         | 7/100 [00:36<06:58,  4.50s/epoch, best=1.268e+03, sign=0.194, train=1.269e+03, val=1.269e+03]
GNN flow training:   8%|▊         | 8/100 [00:36<06:54,  4.50s/epoch, best=1.268e+03, sign=0.194, train=1.269e+03, val=1.269e+03]
GNN flow training:   8%|▊         | 8/100 [00:40<06:54,  4.50s/epoch, best=1.268e+03, sign=0.194, train=1.269e+03, val=1.268e+03]
GNN flow training:   9%|▉         | 9/100 [00:40<06:49,  4.50s/epoch, best=1.268e+03, sign=0.194, train=1.269e+03, val=1.268e+03]
GNN flow training:   9%|▉         | 9/100 [00:45<06:49,  4.50s/epoch, best=1.268e+03, sign=0.194, train=1.268e+03, val=1.266e+03]
GNN flow training:  10%|█         | 10/100 [00:45<06:45,  4.50s/epoch, best=1.268e+03, sign=0.194, train=1.268e+03, val=1.266e+03]
GNN flow training:  10%|█         | 10/100 [00:49<06:45,  4.50s/epoch, best=1.266e+03, sign=0.194, train=1.266e+03, val=1.265e+03]
GNN flow training:  11%|█         | 11/100 [00:49<06:41,  4.51s/epoch, best=1.266e+03, sign=0.194, train=1.266e+03, val=1.265e+03]
GNN flow training:  11%|█         | 11/100 [00:54<06:41,  4.51s/epoch, best=1.265e+03, sign=0.192, train=1.265e+03, val=1.268e+03]
GNN flow training:  12%|█▏        | 12/100 [00:54<06:36,  4.50s/epoch, best=1.265e+03, sign=0.192, train=1.265e+03, val=1.268e+03]
GNN flow training:  12%|█▏        | 12/100 [00:58<06:36,  4.50s/epoch, best=1.265e+03, sign=0.192, train=1.268e+03, val=1.267e+03]
GNN flow training:  13%|█▎        | 13/100 [00:58<06:30,  4.49s/epoch, best=1.265e+03, sign=0.192, train=1.268e+03, val=1.267e+03]
GNN flow training:  13%|█▎        | 13/100 [01:03<06:30,  4.49s/epoch, best=1.265e+03, sign=0.193, train=1.267e+03, val=1.266e+03]
GNN flow training:  14%|█▍        | 14/100 [01:03<06:26,  4.50s/epoch, best=1.265e+03, sign=0.193, train=1.267e+03, val=1.266e+03]
GNN flow training:  14%|█▍        | 14/100 [01:07<06:26,  4.50s/epoch, best=1.265e+03, sign=0.193, train=1.266e+03, val=1.266e+03]
GNN flow training:  15%|█▌        | 15/100 [01:07<06:24,  4.52s/epoch, best=1.265e+03, sign=0.193, train=1.266e+03, val=1.266e+03]
GNN flow training:  15%|█▌        | 15/100 [01:12<06:24,  4.52s/epoch, best=1.265e+03, sign=0.193, train=1.266e+03, val=1.265e+03]
GNN flow training:  16%|█▌        | 16/100 [01:12<06:17,  4.49s/epoch, best=1.265e+03, sign=0.193, train=1.266e+03, val=1.265e+03]
GNN flow training:  16%|█▌        | 16/100 [01:16<06:17,  4.49s/epoch, best=1.265e+03, sign=0.193, train=1.265e+03, val=1.264e+03]
GNN flow training:  17%|█▋        | 17/100 [01:16<06:13,  4.50s/epoch, best=1.265e+03, sign=0.193, train=1.265e+03, val=1.264e+03]
GNN flow training:  17%|█▋        | 17/100 [01:21<06:13,  4.50s/epoch, best=1.264e+03, sign=0.193, train=1.264e+03, val=1.263e+03]
GNN flow training:  18%|█▊        | 18/100 [01:21<06:09,  4.50s/epoch, best=1.264e+03, sign=0.193, train=1.264e+03, val=1.263e+03]
GNN flow training:  18%|█▊        | 18/100 [01:25<06:09,  4.50s/epoch, best=1.263e+03, sign=0.193, train=1.263e+03, val=1.267e+03]
GNN flow training:  19%|█▉        | 19/100 [01:25<06:05,  4.51s/epoch, best=1.263e+03, sign=0.193, train=1.263e+03, val=1.267e+03]
GNN flow training:  19%|█▉        | 19/100 [01:30<06:05,  4.51s/epoch, best=1.263e+03, sign=0.193, train=1.267e+03, val=1.265e+03]
GNN flow training:  20%|██        | 20/100 [01:30<06:00,  4.50s/epoch, best=1.263e+03, sign=0.193, train=1.267e+03, val=1.265e+03]
GNN flow training:  20%|██        | 20/100 [01:34<06:00,  4.50s/epoch, best=1.263e+03, sign=0.193, train=1.265e+03, val=1.264e+03]
GNN flow training:  21%|██        | 21/100 [01:34<05:54,  4.49s/epoch, best=1.263e+03, sign=0.193, train=1.265e+03, val=1.264e+03]
GNN flow training:  21%|██        | 21/100 [01:39<05:54,  4.49s/epoch, best=1.263e+03, sign=0.193, train=1.264e+03, val=1.262e+03]
GNN flow training:  22%|██▏       | 22/100 [01:39<05:51,  4.50s/epoch, best=1.263e+03, sign=0.193, train=1.264e+03, val=1.262e+03]
GNN flow training:  22%|██▏       | 22/100 [01:43<05:51,  4.50s/epoch, best=1.262e+03, sign=0.193, train=1.262e+03, val=1.259e+03]
GNN flow training:  23%|██▎       | 23/100 [01:43<05:45,  4.49s/epoch, best=1.262e+03, sign=0.193, train=1.262e+03, val=1.259e+03]
GNN flow training:  23%|██▎       | 23/100 [01:48<05:45,  4.49s/epoch, best=1.259e+03, sign=0.193, train=1.259e+03, val=1.256e+03]
GNN flow training:  24%|██▍       | 24/100 [01:48<05:40,  4.48s/epoch, best=1.259e+03, sign=0.193, train=1.259e+03, val=1.256e+03]
GNN flow training:  24%|██▍       | 24/100 [01:52<05:40,  4.48s/epoch, best=1.256e+03, sign=0.193, train=1.256e+03, val=1.251e+03]
GNN flow training:  25%|██▌       | 25/100 [01:52<05:36,  4.49s/epoch, best=1.256e+03, sign=0.193, train=1.256e+03, val=1.251e+03]
GNN flow training:  25%|██▌       | 25/100 [01:57<05:36,  4.49s/epoch, best=1.251e+03, sign=0.192, train=1.251e+03, val=1.249e+03]
GNN flow training:  26%|██▌       | 26/100 [01:57<05:32,  4.50s/epoch, best=1.251e+03, sign=0.192, train=1.251e+03, val=1.249e+03]
GNN flow training:  26%|██▌       | 26/100 [02:01<05:32,  4.50s/epoch, best=1.249e+03, sign=0.192, train=1.249e+03, val=1.245e+03]
GNN flow training:  27%|██▋       | 27/100 [02:01<05:28,  4.50s/epoch, best=1.249e+03, sign=0.192, train=1.249e+03, val=1.245e+03]
GNN flow training:  27%|██▋       | 27/100 [02:06<05:28,  4.50s/epoch, best=1.245e+03, sign=0.192, train=1.245e+03, val=1.235e+03]
GNN flow training:  28%|██▊       | 28/100 [02:06<05:24,  4.50s/epoch, best=1.245e+03, sign=0.192, train=1.245e+03, val=1.235e+03]
GNN flow training:  28%|██▊       | 28/100 [02:10<05:24,  4.50s/epoch, best=1.235e+03, sign=0.191, train=1.235e+03, val=1.230e+03]
GNN flow training:  29%|██▉       | 29/100 [02:10<05:20,  4.52s/epoch, best=1.235e+03, sign=0.191, train=1.235e+03, val=1.230e+03]
GNN flow training:  29%|██▉       | 29/100 [02:15<05:20,  4.52s/epoch, best=1.230e+03, sign=0.189, train=1.230e+03, val=1.225e+03]
GNN flow training:  30%|███       | 30/100 [02:15<05:16,  4.51s/epoch, best=1.230e+03, sign=0.189, train=1.230e+03, val=1.225e+03]
GNN flow training:  30%|███       | 30/100 [02:19<05:16,  4.51s/epoch, best=1.225e+03, sign=0.188, train=1.225e+03, val=1.223e+03]
GNN flow training:  31%|███       | 31/100 [02:19<05:11,  4.51s/epoch, best=1.225e+03, sign=0.188, train=1.225e+03, val=1.223e+03]
GNN flow training:  31%|███       | 31/100 [02:24<05:11,  4.51s/epoch, best=1.223e+03, sign=0.187, train=1.223e+03, val=1.221e+03]
GNN flow training:  32%|███▏      | 32/100 [02:24<05:06,  4.51s/epoch, best=1.223e+03, sign=0.187, train=1.223e+03, val=1.221e+03]
GNN flow training:  32%|███▏      | 32/100 [02:28<05:06,  4.51s/epoch, best=1.221e+03, sign=0.187, train=1.221e+03, val=1.218e+03]
GNN flow training:  33%|███▎      | 33/100 [02:28<05:02,  4.52s/epoch, best=1.221e+03, sign=0.187, train=1.221e+03, val=1.218e+03]
GNN flow training:  33%|███▎      | 33/100 [02:33<05:02,  4.52s/epoch, best=1.218e+03, sign=0.186, train=1.218e+03, val=1.216e+03]
GNN flow training:  34%|███▍      | 34/100 [02:33<04:58,  4.52s/epoch, best=1.218e+03, sign=0.186, train=1.218e+03, val=1.216e+03]
GNN flow training:  34%|███▍      | 34/100 [02:37<04:58,  4.52s/epoch, best=1.216e+03, sign=0.186, train=1.216e+03, val=1.209e+03]
GNN flow training:  35%|███▌      | 35/100 [02:37<04:54,  4.53s/epoch, best=1.216e+03, sign=0.186, train=1.216e+03, val=1.209e+03]
GNN flow training:  35%|███▌      | 35/100 [02:42<04:54,  4.53s/epoch, best=1.209e+03, sign=0.186, train=1.209e+03, val=1.203e+03]
GNN flow training:  36%|███▌      | 36/100 [02:42<04:49,  4.53s/epoch, best=1.209e+03, sign=0.186, train=1.209e+03, val=1.203e+03]
GNN flow training:  36%|███▌      | 36/100 [02:46<04:49,  4.53s/epoch, best=1.203e+03, sign=0.185, train=1.203e+03, val=1.194e+03]
GNN flow training:  37%|███▋      | 37/100 [02:46<04:44,  4.52s/epoch, best=1.203e+03, sign=0.185, train=1.203e+03, val=1.194e+03]
GNN flow training:  37%|███▋      | 37/100 [02:51<04:44,  4.52s/epoch, best=1.194e+03, sign=0.184, train=1.194e+03, val=1.190e+03]
GNN flow training:  38%|███▊      | 38/100 [02:51<04:39,  4.51s/epoch, best=1.194e+03, sign=0.184, train=1.194e+03, val=1.190e+03]
GNN flow training:  38%|███▊      | 38/100 [02:55<04:39,  4.51s/epoch, best=1.190e+03, sign=0.184, train=1.190e+03, val=1.183e+03]
GNN flow training:  39%|███▉      | 39/100 [02:55<04:34,  4.50s/epoch, best=1.190e+03, sign=0.184, train=1.190e+03, val=1.183e+03]
GNN flow training:  39%|███▉      | 39/100 [03:00<04:34,  4.50s/epoch, best=1.183e+03, sign=0.184, train=1.183e+03, val=1.178e+03]
GNN flow training:  40%|████      | 40/100 [03:00<04:29,  4.49s/epoch, best=1.183e+03, sign=0.184, train=1.183e+03, val=1.178e+03]
GNN flow training:  40%|████      | 40/100 [03:04<04:29,  4.49s/epoch, best=1.178e+03, sign=0.185, train=1.178e+03, val=1.180e+03]
GNN flow training:  41%|████      | 41/100 [03:04<04:24,  4.49s/epoch, best=1.178e+03, sign=0.185, train=1.178e+03, val=1.180e+03]
GNN flow training:  41%|████      | 41/100 [03:09<04:24,  4.49s/epoch, best=1.178e+03, sign=0.187, train=1.180e+03, val=1.178e+03]
GNN flow training:  42%|████▏     | 42/100 [03:09<04:20,  4.49s/epoch, best=1.178e+03, sign=0.187, train=1.180e+03, val=1.178e+03]
GNN flow training:  42%|████▏     | 42/100 [03:13<04:20,  4.49s/epoch, best=1.178e+03, sign=0.185, train=1.179e+03, val=1.170e+03]
GNN flow training:  43%|████▎     | 43/100 [03:13<04:14,  4.47s/epoch, best=1.178e+03, sign=0.185, train=1.179e+03, val=1.170e+03]
GNN flow training:  43%|████▎     | 43/100 [03:18<04:14,  4.47s/epoch, best=1.170e+03, sign=0.183, train=1.170e+03, val=1.157e+03]
GNN flow training:  44%|████▍     | 44/100 [03:18<04:11,  4.48s/epoch, best=1.170e+03, sign=0.183, train=1.170e+03, val=1.157e+03]
GNN flow training:  44%|████▍     | 44/100 [03:22<04:11,  4.48s/epoch, best=1.157e+03, sign=0.181, train=1.157e+03, val=1.149e+03]
GNN flow training:  45%|████▌     | 45/100 [03:22<04:06,  4.49s/epoch, best=1.157e+03, sign=0.181, train=1.157e+03, val=1.149e+03]
GNN flow training:  45%|████▌     | 45/100 [03:27<04:06,  4.49s/epoch, best=1.149e+03, sign=0.180, train=1.149e+03, val=1.135e+03]
GNN flow training:  46%|████▌     | 46/100 [03:27<04:02,  4.50s/epoch, best=1.149e+03, sign=0.180, train=1.149e+03, val=1.135e+03]
GNN flow training:  46%|████▌     | 46/100 [03:31<04:02,  4.50s/epoch, best=1.135e+03, sign=0.180, train=1.135e+03, val=1.130e+03]
GNN flow training:  47%|████▋     | 47/100 [03:31<03:58,  4.49s/epoch, best=1.135e+03, sign=0.180, train=1.135e+03, val=1.130e+03]
GNN flow training:  47%|████▋     | 47/100 [03:36<03:58,  4.49s/epoch, best=1.130e+03, sign=0.180, train=1.130e+03, val=1.128e+03]
GNN flow training:  48%|████▊     | 48/100 [03:36<03:53,  4.49s/epoch, best=1.130e+03, sign=0.180, train=1.130e+03, val=1.128e+03]
GNN flow training:  48%|████▊     | 48/100 [03:40<03:53,  4.49s/epoch, best=1.128e+03, sign=0.180, train=1.128e+03, val=1.124e+03]
GNN flow training:  49%|████▉     | 49/100 [03:40<03:48,  4.48s/epoch, best=1.128e+03, sign=0.180, train=1.128e+03, val=1.124e+03]
GNN flow training:  49%|████▉     | 49/100 [03:45<03:48,  4.48s/epoch, best=1.124e+03, sign=0.181, train=1.124e+03, val=1.116e+03]
GNN flow training:  50%|█████     | 50/100 [03:45<03:43,  4.48s/epoch, best=1.124e+03, sign=0.181, train=1.124e+03, val=1.116e+03]
GNN flow training:  50%|█████     | 50/100 [03:49<03:43,  4.48s/epoch, best=1.116e+03, sign=0.180, train=1.116e+03, val=1.115e+03]
GNN flow training:  51%|█████     | 51/100 [03:49<03:39,  4.48s/epoch, best=1.116e+03, sign=0.180, train=1.116e+03, val=1.115e+03]
GNN flow training:  51%|█████     | 51/100 [03:54<03:39,  4.48s/epoch, best=1.115e+03, sign=0.181, train=1.115e+03, val=1.112e+03]
GNN flow training:  52%|█████▏    | 52/100 [03:54<03:34,  4.47s/epoch, best=1.115e+03, sign=0.181, train=1.115e+03, val=1.112e+03]
GNN flow training:  52%|█████▏    | 52/100 [03:58<03:34,  4.47s/epoch, best=1.112e+03, sign=0.183, train=1.112e+03, val=1.109e+03]
GNN flow training:  53%|█████▎    | 53/100 [03:58<03:29,  4.47s/epoch, best=1.112e+03, sign=0.183, train=1.112e+03, val=1.109e+03]
GNN flow training:  53%|█████▎    | 53/100 [04:03<03:29,  4.47s/epoch, best=1.109e+03, sign=0.194, train=1.109e+03, val=1.121e+03]
GNN flow training:  54%|█████▍    | 54/100 [04:03<03:25,  4.46s/epoch, best=1.109e+03, sign=0.194, train=1.109e+03, val=1.121e+03]
GNN flow training:  54%|█████▍    | 54/100 [04:07<03:25,  4.46s/epoch, best=1.109e+03, sign=0.191, train=1.121e+03, val=1.114e+03]
GNN flow training:  55%|█████▌    | 55/100 [04:07<03:20,  4.47s/epoch, best=1.109e+03, sign=0.191, train=1.121e+03, val=1.114e+03]
GNN flow training:  55%|█████▌    | 55/100 [04:12<03:20,  4.47s/epoch, best=1.109e+03, sign=0.184, train=1.114e+03, val=1.086e+03]
GNN flow training:  56%|█████▌    | 56/100 [04:12<03:16,  4.47s/epoch, best=1.109e+03, sign=0.184, train=1.114e+03, val=1.086e+03]
GNN flow training:  56%|█████▌    | 56/100 [04:16<03:16,  4.47s/epoch, best=1.086e+03, sign=0.181, train=1.086e+03, val=1.082e+03]
GNN flow training:  57%|█████▋    | 57/100 [04:16<03:12,  4.48s/epoch, best=1.086e+03, sign=0.181, train=1.086e+03, val=1.082e+03]
GNN flow training:  57%|█████▋    | 57/100 [04:21<03:12,  4.48s/epoch, best=1.082e+03, sign=0.179, train=1.082e+03, val=1.084e+03]
GNN flow training:  58%|█████▊    | 58/100 [04:21<03:08,  4.49s/epoch, best=1.082e+03, sign=0.179, train=1.082e+03, val=1.084e+03]
GNN flow training:  58%|█████▊    | 58/100 [04:25<03:08,  4.49s/epoch, best=1.082e+03, sign=0.180, train=1.084e+03, val=1.092e+03]
GNN flow training:  59%|█████▉    | 59/100 [04:25<03:03,  4.48s/epoch, best=1.082e+03, sign=0.180, train=1.084e+03, val=1.092e+03]
GNN flow training:  59%|█████▉    | 59/100 [04:30<03:03,  4.48s/epoch, best=1.082e+03, sign=0.180, train=1.092e+03, val=1.101e+03]
GNN flow training:  60%|██████    | 60/100 [04:30<02:58,  4.47s/epoch, best=1.082e+03, sign=0.180, train=1.092e+03, val=1.101e+03]
GNN flow training:  60%|██████    | 60/100 [04:34<02:58,  4.47s/epoch, best=1.082e+03, sign=0.181, train=1.101e+03, val=1.099e+03]
GNN flow training:  61%|██████    | 61/100 [04:34<02:54,  4.48s/epoch, best=1.082e+03, sign=0.181, train=1.101e+03, val=1.099e+03]
GNN flow training:  61%|██████    | 61/100 [04:38<02:54,  4.48s/epoch, best=1.082e+03, sign=0.180, train=1.099e+03, val=1.097e+03]
GNN flow training:  62%|██████▏   | 62/100 [04:38<02:50,  4.48s/epoch, best=1.082e+03, sign=0.180, train=1.099e+03, val=1.097e+03]
GNN flow training:  62%|██████▏   | 62/100 [04:43<02:50,  4.48s/epoch, best=1.082e+03, sign=0.180, train=1.097e+03, val=1.084e+03]
GNN flow training:  63%|██████▎   | 63/100 [04:43<02:45,  4.47s/epoch, best=1.082e+03, sign=0.180, train=1.097e+03, val=1.084e+03]
GNN flow training:  63%|██████▎   | 63/100 [04:47<02:45,  4.47s/epoch, best=1.082e+03, sign=0.179, train=1.084e+03, val=1.067e+03]
GNN flow training:  64%|██████▍   | 64/100 [04:47<02:40,  4.46s/epoch, best=1.082e+03, sign=0.179, train=1.084e+03, val=1.067e+03]
GNN flow training:  64%|██████▍   | 64/100 [04:52<02:40,  4.46s/epoch, best=1.067e+03, sign=0.179, train=1.067e+03, val=1.052e+03]
GNN flow training:  65%|██████▌   | 65/100 [04:52<02:36,  4.48s/epoch, best=1.067e+03, sign=0.179, train=1.067e+03, val=1.052e+03]
GNN flow training:  65%|██████▌   | 65/100 [04:56<02:36,  4.48s/epoch, best=1.052e+03, sign=0.178, train=1.052e+03, val=1.040e+03]
GNN flow training:  66%|██████▌   | 66/100 [04:56<02:32,  4.48s/epoch, best=1.052e+03, sign=0.178, train=1.052e+03, val=1.040e+03]
GNN flow training:  66%|██████▌   | 66/100 [05:01<02:32,  4.48s/epoch, best=1.040e+03, sign=0.177, train=1.040e+03, val=1.048e+03]
GNN flow training:  67%|██████▋   | 67/100 [05:01<02:27,  4.48s/epoch, best=1.040e+03, sign=0.177, train=1.040e+03, val=1.048e+03]
GNN flow training:  67%|██████▋   | 67/100 [05:05<02:27,  4.48s/epoch, best=1.040e+03, sign=0.180, train=1.048e+03, val=1.056e+03]
GNN flow training:  68%|██████▊   | 68/100 [05:05<02:23,  4.49s/epoch, best=1.040e+03, sign=0.180, train=1.048e+03, val=1.056e+03]
GNN flow training:  68%|██████▊   | 68/100 [05:10<02:23,  4.49s/epoch, best=1.040e+03, sign=0.184, train=1.056e+03, val=1.059e+03]
GNN flow training:  69%|██████▉   | 69/100 [05:10<02:18,  4.48s/epoch, best=1.040e+03, sign=0.184, train=1.056e+03, val=1.059e+03]
GNN flow training:  69%|██████▉   | 69/100 [05:14<02:18,  4.48s/epoch, best=1.040e+03, sign=0.191, train=1.059e+03, val=1.075e+03]
GNN flow training:  70%|███████   | 70/100 [05:14<02:14,  4.48s/epoch, best=1.040e+03, sign=0.191, train=1.059e+03, val=1.075e+03]
GNN flow training:  70%|███████   | 70/100 [05:19<02:14,  4.48s/epoch, best=1.040e+03, sign=0.186, train=1.075e+03, val=1.060e+03]
GNN flow training:  71%|███████   | 71/100 [05:19<02:09,  4.47s/epoch, best=1.040e+03, sign=0.186, train=1.075e+03, val=1.060e+03]
GNN flow training:  71%|███████   | 71/100 [05:23<02:09,  4.47s/epoch, best=1.040e+03, sign=0.186, train=1.060e+03, val=1.063e+03]
GNN flow training:  72%|███████▏  | 72/100 [05:23<02:05,  4.46s/epoch, best=1.040e+03, sign=0.186, train=1.060e+03, val=1.063e+03]
GNN flow training:  72%|███████▏  | 72/100 [05:28<02:05,  4.46s/epoch, best=1.040e+03, sign=0.173, train=1.063e+03, val=1.035e+03]
GNN flow training:  73%|███████▎  | 73/100 [05:28<02:00,  4.47s/epoch, best=1.040e+03, sign=0.173, train=1.063e+03, val=1.035e+03]
GNN flow training:  73%|███████▎  | 73/100 [05:32<02:00,  4.47s/epoch, best=1.035e+03, sign=0.168, train=1.035e+03, val=1.019e+03]
GNN flow training:  74%|███████▍  | 74/100 [05:32<01:55,  4.46s/epoch, best=1.035e+03, sign=0.168, train=1.035e+03, val=1.019e+03]
GNN flow training:  74%|███████▍  | 74/100 [05:37<01:55,  4.46s/epoch, best=1.019e+03, sign=0.166, train=1.019e+03, val=1.014e+03]
GNN flow training:  75%|███████▌  | 75/100 [05:37<01:51,  4.46s/epoch, best=1.019e+03, sign=0.166, train=1.019e+03, val=1.014e+03]
GNN flow training:  75%|███████▌  | 75/100 [05:41<01:51,  4.46s/epoch, best=1.014e+03, sign=0.166, train=1.014e+03, val=1.006e+03]
GNN flow training:  76%|███████▌  | 76/100 [05:41<01:46,  4.45s/epoch, best=1.014e+03, sign=0.166, train=1.014e+03, val=1.006e+03]
GNN flow training:  76%|███████▌  | 76/100 [05:45<01:46,  4.45s/epoch, best=1.006e+03, sign=0.166, train=1.006e+03, val=1.012e+03]
GNN flow training:  77%|███████▋  | 77/100 [05:45<01:42,  4.46s/epoch, best=1.006e+03, sign=0.166, train=1.006e+03, val=1.012e+03]
GNN flow training:  77%|███████▋  | 77/100 [05:50<01:42,  4.46s/epoch, best=1.006e+03, sign=0.169, train=1.012e+03, val=1.020e+03]
GNN flow training:  78%|███████▊  | 78/100 [05:50<01:38,  4.46s/epoch, best=1.006e+03, sign=0.169, train=1.012e+03, val=1.020e+03]
GNN flow training:  78%|███████▊  | 78/100 [05:54<01:38,  4.46s/epoch, best=1.006e+03, sign=0.167, train=1.020e+03, val=1.023e+03]
GNN flow training:  79%|███████▉  | 79/100 [05:54<01:33,  4.47s/epoch, best=1.006e+03, sign=0.167, train=1.020e+03, val=1.023e+03]
GNN flow training:  79%|███████▉  | 79/100 [05:59<01:33,  4.47s/epoch, best=1.006e+03, sign=0.167, train=1.023e+03, val=1.021e+03]
GNN flow training:  80%|████████  | 80/100 [05:59<01:29,  4.48s/epoch, best=1.006e+03, sign=0.167, train=1.023e+03, val=1.021e+03]
GNN flow training:  80%|████████  | 80/100 [06:03<01:29,  4.48s/epoch, best=1.006e+03, sign=0.164, train=1.021e+03, val=1.002e+03]
GNN flow training:  81%|████████  | 81/100 [06:03<01:25,  4.49s/epoch, best=1.006e+03, sign=0.164, train=1.021e+03, val=1.002e+03]
GNN flow training:  81%|████████  | 81/100 [06:08<01:25,  4.49s/epoch, best=1.002e+03, sign=0.161, train=1.002e+03, val=9.862e+02]
GNN flow training:  82%|████████▏ | 82/100 [06:08<01:20,  4.49s/epoch, best=1.002e+03, sign=0.161, train=1.002e+03, val=9.862e+02]
GNN flow training:  82%|████████▏ | 82/100 [06:12<01:20,  4.49s/epoch, best=9.862e+02, sign=0.158, train=9.862e+02, val=9.888e+02]
GNN flow training:  83%|████████▎ | 83/100 [06:12<01:16,  4.48s/epoch, best=9.862e+02, sign=0.158, train=9.862e+02, val=9.888e+02]
GNN flow training:  83%|████████▎ | 83/100 [06:17<01:16,  4.48s/epoch, best=9.862e+02, sign=0.156, train=9.889e+02, val=9.891e+02]
GNN flow training:  84%|████████▍ | 84/100 [06:17<01:11,  4.48s/epoch, best=9.862e+02, sign=0.156, train=9.889e+02, val=9.891e+02]
GNN flow training:  84%|████████▍ | 84/100 [06:21<01:11,  4.48s/epoch, best=9.862e+02, sign=0.157, train=9.891e+02, val=9.773e+02]
GNN flow training:  85%|████████▌ | 85/100 [06:21<01:07,  4.49s/epoch, best=9.862e+02, sign=0.157, train=9.891e+02, val=9.773e+02]
GNN flow training:  85%|████████▌ | 85/100 [06:26<01:07,  4.49s/epoch, best=9.773e+02, sign=0.158, train=9.773e+02, val=9.611e+02]
GNN flow training:  86%|████████▌ | 86/100 [06:26<01:02,  4.49s/epoch, best=9.773e+02, sign=0.158, train=9.773e+02, val=9.611e+02]
GNN flow training:  86%|████████▌ | 86/100 [06:30<01:02,  4.49s/epoch, best=9.611e+02, sign=0.160, train=9.611e+02, val=9.460e+02]
GNN flow training:  87%|████████▋ | 87/100 [06:30<00:58,  4.50s/epoch, best=9.611e+02, sign=0.160, train=9.611e+02, val=9.460e+02]
GNN flow training:  87%|████████▋ | 87/100 [06:35<00:58,  4.50s/epoch, best=9.460e+02, sign=0.163, train=9.460e+02, val=9.300e+02]
GNN flow training:  88%|████████▊ | 88/100 [06:35<00:53,  4.50s/epoch, best=9.460e+02, sign=0.163, train=9.460e+02, val=9.300e+02]
GNN flow training:  88%|████████▊ | 88/100 [06:39<00:53,  4.50s/epoch, best=9.300e+02, sign=0.173, train=9.300e+02, val=9.383e+02]
GNN flow training:  89%|████████▉ | 89/100 [06:39<00:49,  4.49s/epoch, best=9.300e+02, sign=0.173, train=9.300e+02, val=9.383e+02]
GNN flow training:  89%|████████▉ | 89/100 [06:44<00:49,  4.49s/epoch, best=9.300e+02, sign=0.180, train=9.383e+02, val=9.442e+02]
GNN flow training:  90%|█████████ | 90/100 [06:44<00:44,  4.49s/epoch, best=9.300e+02, sign=0.180, train=9.383e+02, val=9.442e+02]
GNN flow training:  90%|█████████ | 90/100 [06:48<00:44,  4.49s/epoch, best=9.300e+02, sign=0.172, train=9.442e+02, val=9.273e+02]
GNN flow training:  91%|█████████ | 91/100 [06:48<00:40,  4.49s/epoch, best=9.300e+02, sign=0.172, train=9.442e+02, val=9.273e+02]
GNN flow training:  91%|█████████ | 91/100 [06:53<00:40,  4.49s/epoch, best=9.273e+02, sign=0.162, train=9.273e+02, val=9.097e+02]
GNN flow training:  92%|█████████▏| 92/100 [06:53<00:36,  4.50s/epoch, best=9.273e+02, sign=0.162, train=9.273e+02, val=9.097e+02]
GNN flow training:  92%|█████████▏| 92/100 [06:57<00:36,  4.50s/epoch, best=9.097e+02, sign=0.157, train=9.097e+02, val=9.086e+02]
GNN flow training:  93%|█████████▎| 93/100 [06:57<00:31,  4.50s/epoch, best=9.097e+02, sign=0.157, train=9.097e+02, val=9.086e+02]
GNN flow training:  93%|█████████▎| 93/100 [07:02<00:31,  4.50s/epoch, best=9.086e+02, sign=0.155, train=9.086e+02, val=9.026e+02]
GNN flow training:  94%|█████████▍| 94/100 [07:02<00:26,  4.49s/epoch, best=9.086e+02, sign=0.155, train=9.086e+02, val=9.026e+02]
GNN flow training:  94%|█████████▍| 94/100 [07:06<00:26,  4.49s/epoch, best=9.026e+02, sign=0.154, train=9.026e+02, val=9.000e+02]
GNN flow training:  95%|█████████▌| 95/100 [07:06<00:22,  4.48s/epoch, best=9.026e+02, sign=0.154, train=9.026e+02, val=9.000e+02]
GNN flow training:  95%|█████████▌| 95/100 [07:11<00:22,  4.48s/epoch, best=9.000e+02, sign=0.158, train=9.000e+02, val=8.938e+02]
GNN flow training:  96%|█████████▌| 96/100 [07:11<00:17,  4.47s/epoch, best=9.000e+02, sign=0.158, train=9.000e+02, val=8.938e+02]
GNN flow training:  96%|█████████▌| 96/100 [07:15<00:17,  4.47s/epoch, best=8.938e+02, sign=0.158, train=8.938e+02, val=8.898e+02]
GNN flow training:  97%|█████████▋| 97/100 [07:15<00:13,  4.46s/epoch, best=8.938e+02, sign=0.158, train=8.938e+02, val=8.898e+02]
GNN flow training:  97%|█████████▋| 97/100 [07:20<00:13,  4.46s/epoch, best=8.898e+02, sign=0.158, train=8.898e+02, val=8.863e+02]
GNN flow training:  98%|█████████▊| 98/100 [07:20<00:08,  4.47s/epoch, best=8.898e+02, sign=0.158, train=8.898e+02, val=8.863e+02]
GNN flow training:  98%|█████████▊| 98/100 [07:24<00:08,  4.47s/epoch, best=8.863e+02, sign=0.156, train=8.863e+02, val=8.893e+02]
GNN flow training:  99%|█████████▉| 99/100 [07:24<00:04,  4.47s/epoch, best=8.863e+02, sign=0.156, train=8.863e+02, val=8.893e+02]
GNN flow training:  99%|█████████▉| 99/100 [07:29<00:04,  4.47s/epoch, best=8.863e+02, sign=0.155, train=8.893e+02, val=8.808e+02]
GNN flow training: 100%|██████████| 100/100 [07:29<00:00,  4.48s/epoch, best=8.863e+02, sign=0.155, train=8.893e+02, val=8.808e+02]
GNN flow training: 100%|██████████| 100/100 [07:29<00:00,  4.49s/epoch, best=8.863e+02, sign=0.155, train=8.893e+02, val=8.808e+02]
Resolved config snapshot:
{'preset': 'solver_QKB_outer_QKBdelta', 'gnn_outer_losses': {'flow': 1.0, 'kirchhoff': 100.0, 'boundary': 100.0, 'delta_l2': 1.0, 'delta_smooth': 0.0, 'pressure_shape': 0.0}, 'physics': {'arterial_flow_mode': 'dataset', 'pressure_constraints': ['equal-a-equal-v'], 'alpha_pa': None, 'use_snr_weights': True, 'use_observed_flow_snr_weighting': True, 'flow_scale_mode': 'median_abs', 'solver_device': 'same', 'pressure_solver_mode': 'reduced-soft-constrained-lstsq', 'pressure_solver_lambda_kirchhoff': 1.0, 'pressure_solver_lambda_pressure_constraints': 100.0, 'pressure_solver_lambda_flow_residual': 1.0, 'pressure_shape_reference': 'delta_zero_reference', 'pressure_detach': False}, 'correction_bounds': {'correction_min': -0.5, 'correction_max': 0.5, 'correction_bound': 0.5, 'correction_parameterization': 'tanh'}, 'optimization': {'learning_rate': 0.001, 'weight_decay': 0.0001, 'gradient_clip_norm': 5.0, 'optimizer': 'adamw', 'epochs': 100, 'patience': 40}}
Shard 30/80: 1 of 80 runs
Command: /mnt/home/sswee/miniforge3/envs/yolk-sac/bin/python /mnt/home/sswee/yolk/Yolk-Sac-Flow-Data-and-Sim/gnn_clean/scripts/python/gnn_flow.py /mnt/home/sswee/yolk/Yolk-Sac-Flow-Data-and-Sim/gnn_clean/datasets/mosaic_graph_canonical_harmonized/mosaic_graph_canonical_harmonized.gpickle --output-dir /mnt/home/sswee/yolk/Yolk-Sac-Flow-Data-and-Sim/gnn_clean/outputs_canonical/dc/02_physics_weight_sweep/gnn --run-name q_1__k_100__delta_1 --preset solver_QKB_outer_QKBdelta --device cuda --epochs 100 --seed 0 --viscosity-pa-s 0.0035 --config /mnt/home/sswee/yolk/Yolk-Sac-Flow-Data-and-Sim/gnn_clean/outputs_canonical/dc/02_physics_weight_sweep/_generated_configs/q_1__k_100__delta_1.yaml --no-pressure-detach
