
GNN flow training:   0%|          | 0/100 [00:00<?, ?epoch/s]
GNN flow training:   0%|          | 0/100 [00:04<?, ?epoch/s, best=1.232e+03, sign=0.199, train=1.231e+03, val=1.232e+03]
GNN flow training:   1%|          | 1/100 [00:04<07:43,  4.69s/epoch, best=1.232e+03, sign=0.199, train=1.231e+03, val=1.232e+03]
GNN flow training:   1%|          | 1/100 [00:09<07:43,  4.69s/epoch, best=1.232e+03, sign=0.200, train=1.232e+03, val=1.234e+03]
GNN flow training:   2%|▏         | 2/100 [00:09<07:28,  4.58s/epoch, best=1.232e+03, sign=0.200, train=1.232e+03, val=1.234e+03]
GNN flow training:   2%|▏         | 2/100 [00:13<07:28,  4.58s/epoch, best=1.232e+03, sign=0.200, train=1.234e+03, val=1.234e+03]
GNN flow training:   3%|▎         | 3/100 [00:13<07:20,  4.54s/epoch, best=1.232e+03, sign=0.200, train=1.234e+03, val=1.234e+03]
GNN flow training:   3%|▎         | 3/100 [00:18<07:20,  4.54s/epoch, best=1.232e+03, sign=0.200, train=1.234e+03, val=1.233e+03]
GNN flow training:   4%|▍         | 4/100 [00:18<07:14,  4.52s/epoch, best=1.232e+03, sign=0.200, train=1.234e+03, val=1.233e+03]
GNN flow training:   4%|▍         | 4/100 [00:22<07:14,  4.52s/epoch, best=1.232e+03, sign=0.200, train=1.233e+03, val=1.233e+03]
GNN flow training:   5%|▌         | 5/100 [00:22<07:08,  4.51s/epoch, best=1.232e+03, sign=0.200, train=1.233e+03, val=1.233e+03]
GNN flow training:   5%|▌         | 5/100 [00:27<07:08,  4.51s/epoch, best=1.232e+03, sign=0.200, train=1.233e+03, val=1.232e+03]
GNN flow training:   6%|▌         | 6/100 [00:27<07:04,  4.52s/epoch, best=1.232e+03, sign=0.200, train=1.233e+03, val=1.232e+03]
GNN flow training:   6%|▌         | 6/100 [00:31<07:04,  4.52s/epoch, best=1.232e+03, sign=0.200, train=1.232e+03, val=1.232e+03]
GNN flow training:   7%|▋         | 7/100 [00:31<07:00,  4.52s/epoch, best=1.232e+03, sign=0.200, train=1.232e+03, val=1.232e+03]
GNN flow training:   7%|▋         | 7/100 [00:36<07:00,  4.52s/epoch, best=1.232e+03, sign=0.200, train=1.232e+03, val=1.231e+03]
GNN flow training:   8%|▊         | 8/100 [00:36<06:56,  4.52s/epoch, best=1.232e+03, sign=0.200, train=1.232e+03, val=1.231e+03]
GNN flow training:   8%|▊         | 8/100 [00:40<06:56,  4.52s/epoch, best=1.231e+03, sign=0.200, train=1.231e+03, val=1.230e+03]
GNN flow training:   9%|▉         | 9/100 [00:40<06:50,  4.51s/epoch, best=1.231e+03, sign=0.200, train=1.231e+03, val=1.230e+03]
GNN flow training:   9%|▉         | 9/100 [00:45<06:50,  4.51s/epoch, best=1.230e+03, sign=0.200, train=1.230e+03, val=1.229e+03]
GNN flow training:  10%|█         | 10/100 [00:45<06:45,  4.50s/epoch, best=1.230e+03, sign=0.200, train=1.230e+03, val=1.229e+03]
GNN flow training:  10%|█         | 10/100 [00:49<06:45,  4.50s/epoch, best=1.229e+03, sign=0.200, train=1.229e+03, val=1.227e+03]
GNN flow training:  11%|█         | 11/100 [00:49<06:41,  4.51s/epoch, best=1.229e+03, sign=0.200, train=1.229e+03, val=1.227e+03]
GNN flow training:  11%|█         | 11/100 [00:54<06:41,  4.51s/epoch, best=1.227e+03, sign=0.200, train=1.227e+03, val=1.225e+03]
GNN flow training:  12%|█▏        | 12/100 [00:54<06:36,  4.50s/epoch, best=1.227e+03, sign=0.200, train=1.227e+03, val=1.225e+03]
GNN flow training:  12%|█▏        | 12/100 [00:58<06:36,  4.50s/epoch, best=1.225e+03, sign=0.200, train=1.225e+03, val=1.224e+03]
GNN flow training:  13%|█▎        | 13/100 [00:58<06:32,  4.51s/epoch, best=1.225e+03, sign=0.200, train=1.225e+03, val=1.224e+03]
GNN flow training:  13%|█▎        | 13/100 [01:03<06:32,  4.51s/epoch, best=1.224e+03, sign=0.200, train=1.224e+03, val=1.222e+03]
GNN flow training:  14%|█▍        | 14/100 [01:03<06:26,  4.50s/epoch, best=1.224e+03, sign=0.200, train=1.224e+03, val=1.222e+03]
GNN flow training:  14%|█▍        | 14/100 [01:07<06:26,  4.50s/epoch, best=1.222e+03, sign=0.200, train=1.222e+03, val=1.222e+03]
GNN flow training:  15%|█▌        | 15/100 [01:07<06:22,  4.49s/epoch, best=1.222e+03, sign=0.200, train=1.222e+03, val=1.222e+03]
GNN flow training:  15%|█▌        | 15/100 [01:12<06:22,  4.49s/epoch, best=1.222e+03, sign=0.199, train=1.222e+03, val=1.219e+03]
GNN flow training:  16%|█▌        | 16/100 [01:12<06:16,  4.48s/epoch, best=1.222e+03, sign=0.199, train=1.222e+03, val=1.219e+03]
GNN flow training:  16%|█▌        | 16/100 [01:16<06:16,  4.48s/epoch, best=1.219e+03, sign=0.200, train=1.219e+03, val=1.217e+03]
GNN flow training:  17%|█▋        | 17/100 [01:16<06:12,  4.48s/epoch, best=1.219e+03, sign=0.200, train=1.219e+03, val=1.217e+03]
GNN flow training:  17%|█▋        | 17/100 [01:21<06:12,  4.48s/epoch, best=1.217e+03, sign=0.199, train=1.217e+03, val=1.213e+03]
GNN flow training:  18%|█▊        | 18/100 [01:21<06:09,  4.50s/epoch, best=1.217e+03, sign=0.199, train=1.217e+03, val=1.213e+03]
GNN flow training:  18%|█▊        | 18/100 [01:25<06:09,  4.50s/epoch, best=1.213e+03, sign=0.199, train=1.213e+03, val=1.211e+03]
GNN flow training:  19%|█▉        | 19/100 [01:25<06:04,  4.50s/epoch, best=1.213e+03, sign=0.199, train=1.213e+03, val=1.211e+03]
GNN flow training:  19%|█▉        | 19/100 [01:30<06:04,  4.50s/epoch, best=1.211e+03, sign=0.198, train=1.211e+03, val=1.206e+03]
GNN flow training:  20%|██        | 20/100 [01:30<06:00,  4.50s/epoch, best=1.211e+03, sign=0.198, train=1.211e+03, val=1.206e+03]
GNN flow training:  20%|██        | 20/100 [01:34<06:00,  4.50s/epoch, best=1.206e+03, sign=0.198, train=1.206e+03, val=1.201e+03]
GNN flow training:  21%|██        | 21/100 [01:34<05:55,  4.51s/epoch, best=1.206e+03, sign=0.198, train=1.206e+03, val=1.201e+03]
GNN flow training:  21%|██        | 21/100 [01:39<05:55,  4.51s/epoch, best=1.201e+03, sign=0.198, train=1.201e+03, val=1.199e+03]
GNN flow training:  22%|██▏       | 22/100 [01:39<05:50,  4.50s/epoch, best=1.201e+03, sign=0.198, train=1.201e+03, val=1.199e+03]
GNN flow training:  22%|██▏       | 22/100 [01:43<05:50,  4.50s/epoch, best=1.199e+03, sign=0.198, train=1.199e+03, val=1.192e+03]
GNN flow training:  23%|██▎       | 23/100 [01:43<05:46,  4.50s/epoch, best=1.199e+03, sign=0.198, train=1.199e+03, val=1.192e+03]
GNN flow training:  23%|██▎       | 23/100 [01:48<05:46,  4.50s/epoch, best=1.192e+03, sign=0.197, train=1.192e+03, val=1.186e+03]
GNN flow training:  24%|██▍       | 24/100 [01:48<05:41,  4.50s/epoch, best=1.192e+03, sign=0.197, train=1.192e+03, val=1.186e+03]
GNN flow training:  24%|██▍       | 24/100 [01:52<05:41,  4.50s/epoch, best=1.186e+03, sign=0.196, train=1.186e+03, val=1.183e+03]
GNN flow training:  25%|██▌       | 25/100 [01:52<05:36,  4.49s/epoch, best=1.186e+03, sign=0.196, train=1.186e+03, val=1.183e+03]
GNN flow training:  25%|██▌       | 25/100 [01:57<05:36,  4.49s/epoch, best=1.183e+03, sign=0.195, train=1.183e+03, val=1.180e+03]
GNN flow training:  26%|██▌       | 26/100 [01:57<05:32,  4.49s/epoch, best=1.183e+03, sign=0.195, train=1.183e+03, val=1.180e+03]
GNN flow training:  26%|██▌       | 26/100 [02:01<05:32,  4.49s/epoch, best=1.180e+03, sign=0.194, train=1.180e+03, val=1.174e+03]
GNN flow training:  27%|██▋       | 27/100 [02:01<05:28,  4.49s/epoch, best=1.180e+03, sign=0.194, train=1.180e+03, val=1.174e+03]
GNN flow training:  27%|██▋       | 27/100 [02:06<05:28,  4.49s/epoch, best=1.174e+03, sign=0.194, train=1.174e+03, val=1.158e+03]
GNN flow training:  28%|██▊       | 28/100 [02:06<05:22,  4.48s/epoch, best=1.174e+03, sign=0.194, train=1.174e+03, val=1.158e+03]
GNN flow training:  28%|██▊       | 28/100 [02:10<05:22,  4.48s/epoch, best=1.158e+03, sign=0.194, train=1.158e+03, val=1.153e+03]
GNN flow training:  29%|██▉       | 29/100 [02:10<05:17,  4.48s/epoch, best=1.158e+03, sign=0.194, train=1.158e+03, val=1.153e+03]
GNN flow training:  29%|██▉       | 29/100 [02:15<05:17,  4.48s/epoch, best=1.153e+03, sign=0.194, train=1.153e+03, val=1.153e+03]
GNN flow training:  30%|███       | 30/100 [02:15<05:13,  4.49s/epoch, best=1.153e+03, sign=0.194, train=1.153e+03, val=1.153e+03]
GNN flow training:  30%|███       | 30/100 [02:19<05:13,  4.49s/epoch, best=1.153e+03, sign=0.195, train=1.153e+03, val=1.143e+03]
GNN flow training:  31%|███       | 31/100 [02:19<05:09,  4.49s/epoch, best=1.153e+03, sign=0.195, train=1.153e+03, val=1.143e+03]
GNN flow training:  31%|███       | 31/100 [02:24<05:09,  4.49s/epoch, best=1.143e+03, sign=0.195, train=1.143e+03, val=1.139e+03]
GNN flow training:  32%|███▏      | 32/100 [02:24<05:05,  4.49s/epoch, best=1.143e+03, sign=0.195, train=1.143e+03, val=1.139e+03]
GNN flow training:  32%|███▏      | 32/100 [02:28<05:05,  4.49s/epoch, best=1.139e+03, sign=0.195, train=1.139e+03, val=1.135e+03]
GNN flow training:  33%|███▎      | 33/100 [02:28<05:01,  4.50s/epoch, best=1.139e+03, sign=0.195, train=1.139e+03, val=1.135e+03]
GNN flow training:  33%|███▎      | 33/100 [02:33<05:01,  4.50s/epoch, best=1.135e+03, sign=0.194, train=1.135e+03, val=1.131e+03]
GNN flow training:  34%|███▍      | 34/100 [02:33<04:56,  4.50s/epoch, best=1.135e+03, sign=0.194, train=1.135e+03, val=1.131e+03]
GNN flow training:  34%|███▍      | 34/100 [02:37<04:56,  4.50s/epoch, best=1.131e+03, sign=0.193, train=1.131e+03, val=1.122e+03]
GNN flow training:  35%|███▌      | 35/100 [02:37<04:53,  4.51s/epoch, best=1.131e+03, sign=0.193, train=1.131e+03, val=1.122e+03]
GNN flow training:  35%|███▌      | 35/100 [02:42<04:53,  4.51s/epoch, best=1.122e+03, sign=0.192, train=1.122e+03, val=1.113e+03]
GNN flow training:  36%|███▌      | 36/100 [02:42<04:47,  4.49s/epoch, best=1.122e+03, sign=0.192, train=1.122e+03, val=1.113e+03]
GNN flow training:  36%|███▌      | 36/100 [02:46<04:47,  4.49s/epoch, best=1.113e+03, sign=0.192, train=1.113e+03, val=1.103e+03]
GNN flow training:  37%|███▋      | 37/100 [02:46<04:43,  4.50s/epoch, best=1.113e+03, sign=0.192, train=1.113e+03, val=1.103e+03]
GNN flow training:  37%|███▋      | 37/100 [02:51<04:43,  4.50s/epoch, best=1.103e+03, sign=0.190, train=1.103e+03, val=1.091e+03]
GNN flow training:  38%|███▊      | 38/100 [02:51<04:38,  4.50s/epoch, best=1.103e+03, sign=0.190, train=1.103e+03, val=1.091e+03]
GNN flow training:  38%|███▊      | 38/100 [02:55<04:38,  4.50s/epoch, best=1.091e+03, sign=0.189, train=1.091e+03, val=1.077e+03]
GNN flow training:  39%|███▉      | 39/100 [02:55<04:33,  4.49s/epoch, best=1.091e+03, sign=0.189, train=1.091e+03, val=1.077e+03]
GNN flow training:  39%|███▉      | 39/100 [03:00<04:33,  4.49s/epoch, best=1.077e+03, sign=0.188, train=1.077e+03, val=1.062e+03]
GNN flow training:  40%|████      | 40/100 [03:00<04:29,  4.48s/epoch, best=1.077e+03, sign=0.188, train=1.077e+03, val=1.062e+03]
GNN flow training:  40%|████      | 40/100 [03:04<04:29,  4.48s/epoch, best=1.062e+03, sign=0.189, train=1.062e+03, val=1.056e+03]
GNN flow training:  41%|████      | 41/100 [03:04<04:24,  4.48s/epoch, best=1.062e+03, sign=0.189, train=1.062e+03, val=1.056e+03]
GNN flow training:  41%|████      | 41/100 [03:08<04:24,  4.48s/epoch, best=1.056e+03, sign=0.188, train=1.056e+03, val=1.061e+03]
GNN flow training:  42%|████▏     | 42/100 [03:08<04:19,  4.47s/epoch, best=1.056e+03, sign=0.188, train=1.056e+03, val=1.061e+03]
GNN flow training:  42%|████▏     | 42/100 [03:13<04:19,  4.47s/epoch, best=1.056e+03, sign=0.189, train=1.061e+03, val=1.073e+03]
GNN flow training:  43%|████▎     | 43/100 [03:13<04:14,  4.46s/epoch, best=1.056e+03, sign=0.189, train=1.061e+03, val=1.073e+03]
GNN flow training:  43%|████▎     | 43/100 [03:17<04:14,  4.46s/epoch, best=1.056e+03, sign=0.189, train=1.073e+03, val=1.069e+03]
GNN flow training:  44%|████▍     | 44/100 [03:17<04:08,  4.44s/epoch, best=1.056e+03, sign=0.189, train=1.073e+03, val=1.069e+03]
GNN flow training:  44%|████▍     | 44/100 [03:22<04:08,  4.44s/epoch, best=1.056e+03, sign=0.189, train=1.069e+03, val=1.069e+03]
GNN flow training:  45%|████▌     | 45/100 [03:22<04:03,  4.44s/epoch, best=1.056e+03, sign=0.189, train=1.069e+03, val=1.069e+03]
GNN flow training:  45%|████▌     | 45/100 [03:26<04:03,  4.44s/epoch, best=1.056e+03, sign=0.190, train=1.069e+03, val=1.054e+03]
GNN flow training:  46%|████▌     | 46/100 [03:26<03:59,  4.44s/epoch, best=1.056e+03, sign=0.190, train=1.069e+03, val=1.054e+03]
GNN flow training:  46%|████▌     | 46/100 [03:31<03:59,  4.44s/epoch, best=1.054e+03, sign=0.190, train=1.054e+03, val=1.042e+03]
GNN flow training:  47%|████▋     | 47/100 [03:31<03:55,  4.44s/epoch, best=1.054e+03, sign=0.190, train=1.054e+03, val=1.042e+03]
GNN flow training:  47%|████▋     | 47/100 [03:35<03:55,  4.44s/epoch, best=1.042e+03, sign=0.191, train=1.042e+03, val=1.030e+03]
GNN flow training:  48%|████▊     | 48/100 [03:35<03:50,  4.44s/epoch, best=1.042e+03, sign=0.191, train=1.042e+03, val=1.030e+03]
GNN flow training:  48%|████▊     | 48/100 [03:40<03:50,  4.44s/epoch, best=1.030e+03, sign=0.191, train=1.030e+03, val=1.031e+03]
GNN flow training:  49%|████▉     | 49/100 [03:40<03:48,  4.48s/epoch, best=1.030e+03, sign=0.191, train=1.030e+03, val=1.031e+03]
GNN flow training:  49%|████▉     | 49/100 [03:44<03:48,  4.48s/epoch, best=1.030e+03, sign=0.191, train=1.031e+03, val=1.026e+03]
GNN flow training:  50%|█████     | 50/100 [03:44<03:44,  4.48s/epoch, best=1.030e+03, sign=0.191, train=1.031e+03, val=1.026e+03]
GNN flow training:  50%|█████     | 50/100 [03:49<03:44,  4.48s/epoch, best=1.026e+03, sign=0.190, train=1.026e+03, val=1.014e+03]
GNN flow training:  51%|█████     | 51/100 [03:49<03:39,  4.48s/epoch, best=1.026e+03, sign=0.190, train=1.026e+03, val=1.014e+03]
GNN flow training:  51%|█████     | 51/100 [03:53<03:39,  4.48s/epoch, best=1.014e+03, sign=0.190, train=1.014e+03, val=1.007e+03]
GNN flow training:  52%|█████▏    | 52/100 [03:53<03:34,  4.47s/epoch, best=1.014e+03, sign=0.190, train=1.014e+03, val=1.007e+03]
GNN flow training:  52%|█████▏    | 52/100 [03:57<03:34,  4.47s/epoch, best=1.007e+03, sign=0.191, train=1.007e+03, val=1.006e+03]
GNN flow training:  53%|█████▎    | 53/100 [03:57<03:29,  4.46s/epoch, best=1.007e+03, sign=0.191, train=1.007e+03, val=1.006e+03]
GNN flow training:  53%|█████▎    | 53/100 [04:02<03:29,  4.46s/epoch, best=1.006e+03, sign=0.192, train=1.006e+03, val=1.003e+03]
GNN flow training:  54%|█████▍    | 54/100 [04:02<03:24,  4.45s/epoch, best=1.006e+03, sign=0.192, train=1.006e+03, val=1.003e+03]
GNN flow training:  54%|█████▍    | 54/100 [04:06<03:24,  4.45s/epoch, best=1.003e+03, sign=0.192, train=1.003e+03, val=9.991e+02]
GNN flow training:  55%|█████▌    | 55/100 [04:06<03:20,  4.46s/epoch, best=1.003e+03, sign=0.192, train=1.003e+03, val=9.991e+02]
GNN flow training:  55%|█████▌    | 55/100 [04:11<03:20,  4.46s/epoch, best=9.991e+02, sign=0.191, train=9.991e+02, val=9.951e+02]
GNN flow training:  56%|█████▌    | 56/100 [04:11<03:15,  4.45s/epoch, best=9.991e+02, sign=0.191, train=9.991e+02, val=9.951e+02]
GNN flow training:  56%|█████▌    | 56/100 [04:15<03:15,  4.45s/epoch, best=9.951e+02, sign=0.188, train=9.951e+02, val=9.922e+02]
GNN flow training:  57%|█████▋    | 57/100 [04:15<03:11,  4.45s/epoch, best=9.951e+02, sign=0.188, train=9.951e+02, val=9.922e+02]
GNN flow training:  57%|█████▋    | 57/100 [04:20<03:11,  4.45s/epoch, best=9.922e+02, sign=0.185, train=9.922e+02, val=9.897e+02]
GNN flow training:  58%|█████▊    | 58/100 [04:20<03:06,  4.44s/epoch, best=9.922e+02, sign=0.185, train=9.922e+02, val=9.897e+02]
GNN flow training:  58%|█████▊    | 58/100 [04:24<03:06,  4.44s/epoch, best=9.897e+02, sign=0.183, train=9.897e+02, val=9.899e+02]
GNN flow training:  59%|█████▉    | 59/100 [04:24<03:02,  4.44s/epoch, best=9.897e+02, sign=0.183, train=9.897e+02, val=9.899e+02]
GNN flow training:  59%|█████▉    | 59/100 [04:29<03:02,  4.44s/epoch, best=9.897e+02, sign=0.182, train=9.899e+02, val=9.799e+02]
GNN flow training:  60%|██████    | 60/100 [04:29<02:57,  4.43s/epoch, best=9.897e+02, sign=0.182, train=9.899e+02, val=9.799e+02]
GNN flow training:  60%|██████    | 60/100 [04:33<02:57,  4.43s/epoch, best=9.799e+02, sign=0.180, train=9.799e+02, val=9.842e+02]
GNN flow training:  61%|██████    | 61/100 [04:33<02:52,  4.43s/epoch, best=9.799e+02, sign=0.180, train=9.799e+02, val=9.842e+02]
GNN flow training:  61%|██████    | 61/100 [04:37<02:52,  4.43s/epoch, best=9.799e+02, sign=0.183, train=9.842e+02, val=9.824e+02]
GNN flow training:  62%|██████▏   | 62/100 [04:37<02:48,  4.42s/epoch, best=9.799e+02, sign=0.183, train=9.842e+02, val=9.824e+02]
GNN flow training:  62%|██████▏   | 62/100 [04:42<02:48,  4.42s/epoch, best=9.799e+02, sign=0.188, train=9.824e+02, val=9.793e+02]
GNN flow training:  63%|██████▎   | 63/100 [04:42<02:43,  4.41s/epoch, best=9.799e+02, sign=0.188, train=9.824e+02, val=9.793e+02]
GNN flow training:  63%|██████▎   | 63/100 [04:46<02:43,  4.41s/epoch, best=9.793e+02, sign=0.188, train=9.793e+02, val=9.791e+02]
GNN flow training:  64%|██████▍   | 64/100 [04:46<02:38,  4.40s/epoch, best=9.793e+02, sign=0.188, train=9.793e+02, val=9.791e+02]
GNN flow training:  64%|██████▍   | 64/100 [04:50<02:38,  4.40s/epoch, best=9.791e+02, sign=0.188, train=9.791e+02, val=9.752e+02]
GNN flow training:  65%|██████▌   | 65/100 [04:50<02:33,  4.39s/epoch, best=9.791e+02, sign=0.188, train=9.791e+02, val=9.752e+02]
GNN flow training:  65%|██████▌   | 65/100 [04:55<02:33,  4.39s/epoch, best=9.752e+02, sign=0.186, train=9.752e+02, val=9.715e+02]
GNN flow training:  66%|██████▌   | 66/100 [04:55<02:29,  4.39s/epoch, best=9.752e+02, sign=0.186, train=9.752e+02, val=9.715e+02]
GNN flow training:  66%|██████▌   | 66/100 [04:59<02:29,  4.39s/epoch, best=9.715e+02, sign=0.184, train=9.715e+02, val=9.703e+02]
GNN flow training:  67%|██████▋   | 67/100 [04:59<02:24,  4.39s/epoch, best=9.715e+02, sign=0.184, train=9.715e+02, val=9.703e+02]
GNN flow training:  67%|██████▋   | 67/100 [05:04<02:24,  4.39s/epoch, best=9.703e+02, sign=0.181, train=9.703e+02, val=9.612e+02]
GNN flow training:  68%|██████▊   | 68/100 [05:04<02:20,  4.40s/epoch, best=9.703e+02, sign=0.181, train=9.703e+02, val=9.612e+02]
GNN flow training:  68%|██████▊   | 68/100 [05:08<02:20,  4.40s/epoch, best=9.612e+02, sign=0.181, train=9.612e+02, val=9.579e+02]
GNN flow training:  69%|██████▉   | 69/100 [05:08<02:16,  4.41s/epoch, best=9.612e+02, sign=0.181, train=9.612e+02, val=9.579e+02]
GNN flow training:  69%|██████▉   | 69/100 [05:13<02:16,  4.41s/epoch, best=9.579e+02, sign=0.181, train=9.579e+02, val=9.536e+02]
GNN flow training:  70%|███████   | 70/100 [05:13<02:12,  4.41s/epoch, best=9.579e+02, sign=0.181, train=9.579e+02, val=9.536e+02]
GNN flow training:  70%|███████   | 70/100 [05:17<02:12,  4.41s/epoch, best=9.536e+02, sign=0.180, train=9.536e+02, val=9.479e+02]
GNN flow training:  71%|███████   | 71/100 [05:17<02:08,  4.42s/epoch, best=9.536e+02, sign=0.180, train=9.536e+02, val=9.479e+02]
GNN flow training:  71%|███████   | 71/100 [05:21<02:08,  4.42s/epoch, best=9.479e+02, sign=0.178, train=9.479e+02, val=9.503e+02]
GNN flow training:  72%|███████▏  | 72/100 [05:21<02:04,  4.43s/epoch, best=9.479e+02, sign=0.178, train=9.479e+02, val=9.503e+02]
GNN flow training:  72%|███████▏  | 72/100 [05:26<02:04,  4.43s/epoch, best=9.479e+02, sign=0.177, train=9.503e+02, val=9.438e+02]
GNN flow training:  73%|███████▎  | 73/100 [05:26<01:59,  4.44s/epoch, best=9.479e+02, sign=0.177, train=9.503e+02, val=9.438e+02]
GNN flow training:  73%|███████▎  | 73/100 [05:30<01:59,  4.44s/epoch, best=9.438e+02, sign=0.172, train=9.438e+02, val=9.343e+02]
GNN flow training:  74%|███████▍  | 74/100 [05:30<01:55,  4.43s/epoch, best=9.438e+02, sign=0.172, train=9.438e+02, val=9.343e+02]
GNN flow training:  74%|███████▍  | 74/100 [05:35<01:55,  4.43s/epoch, best=9.343e+02, sign=0.169, train=9.343e+02, val=9.242e+02]
GNN flow training:  75%|███████▌  | 75/100 [05:35<01:50,  4.42s/epoch, best=9.343e+02, sign=0.169, train=9.343e+02, val=9.242e+02]
GNN flow training:  75%|███████▌  | 75/100 [05:39<01:50,  4.42s/epoch, best=9.242e+02, sign=0.168, train=9.242e+02, val=9.169e+02]
GNN flow training:  76%|███████▌  | 76/100 [05:39<01:46,  4.44s/epoch, best=9.242e+02, sign=0.168, train=9.242e+02, val=9.169e+02]
GNN flow training:  76%|███████▌  | 76/100 [05:44<01:46,  4.44s/epoch, best=9.169e+02, sign=0.163, train=9.169e+02, val=9.092e+02]
GNN flow training:  77%|███████▋  | 77/100 [05:44<01:42,  4.44s/epoch, best=9.169e+02, sign=0.163, train=9.169e+02, val=9.092e+02]
GNN flow training:  77%|███████▋  | 77/100 [05:48<01:42,  4.44s/epoch, best=9.092e+02, sign=0.162, train=9.092e+02, val=9.069e+02]
GNN flow training:  78%|███████▊  | 78/100 [05:48<01:37,  4.43s/epoch, best=9.092e+02, sign=0.162, train=9.092e+02, val=9.069e+02]
GNN flow training:  78%|███████▊  | 78/100 [05:52<01:37,  4.43s/epoch, best=9.069e+02, sign=0.159, train=9.069e+02, val=9.001e+02]
GNN flow training:  79%|███████▉  | 79/100 [05:52<01:32,  4.42s/epoch, best=9.069e+02, sign=0.159, train=9.069e+02, val=9.001e+02]
GNN flow training:  79%|███████▉  | 79/100 [05:57<01:32,  4.42s/epoch, best=9.001e+02, sign=0.158, train=9.001e+02, val=9.038e+02]
GNN flow training:  80%|████████  | 80/100 [05:57<01:28,  4.44s/epoch, best=9.001e+02, sign=0.158, train=9.001e+02, val=9.038e+02]
GNN flow training:  80%|████████  | 80/100 [06:01<01:28,  4.44s/epoch, best=9.001e+02, sign=0.155, train=9.038e+02, val=8.932e+02]
GNN flow training:  81%|████████  | 81/100 [06:01<01:24,  4.44s/epoch, best=9.001e+02, sign=0.155, train=9.038e+02, val=8.932e+02]
GNN flow training:  81%|████████  | 81/100 [06:06<01:24,  4.44s/epoch, best=8.932e+02, sign=0.152, train=8.932e+02, val=8.865e+02]
GNN flow training:  82%|████████▏ | 82/100 [06:06<01:20,  4.45s/epoch, best=8.932e+02, sign=0.152, train=8.932e+02, val=8.865e+02]
GNN flow training:  82%|████████▏ | 82/100 [06:10<01:20,  4.45s/epoch, best=8.865e+02, sign=0.152, train=8.865e+02, val=8.912e+02]
GNN flow training:  83%|████████▎ | 83/100 [06:10<01:15,  4.45s/epoch, best=8.865e+02, sign=0.152, train=8.865e+02, val=8.912e+02]
GNN flow training:  83%|████████▎ | 83/100 [06:15<01:15,  4.45s/epoch, best=8.865e+02, sign=0.151, train=8.912e+02, val=8.878e+02]
GNN flow training:  84%|████████▍ | 84/100 [06:15<01:10,  4.43s/epoch, best=8.865e+02, sign=0.151, train=8.912e+02, val=8.878e+02]
GNN flow training:  84%|████████▍ | 84/100 [06:19<01:10,  4.43s/epoch, best=8.865e+02, sign=0.150, train=8.878e+02, val=8.765e+02]
GNN flow training:  85%|████████▌ | 85/100 [06:19<01:06,  4.43s/epoch, best=8.865e+02, sign=0.150, train=8.878e+02, val=8.765e+02]
GNN flow training:  85%|████████▌ | 85/100 [06:24<01:06,  4.43s/epoch, best=8.765e+02, sign=0.151, train=8.765e+02, val=8.755e+02]
GNN flow training:  86%|████████▌ | 86/100 [06:24<01:02,  4.44s/epoch, best=8.765e+02, sign=0.151, train=8.765e+02, val=8.755e+02]
GNN flow training:  86%|████████▌ | 86/100 [06:28<01:02,  4.44s/epoch, best=8.755e+02, sign=0.152, train=8.755e+02, val=8.776e+02]
GNN flow training:  87%|████████▋ | 87/100 [06:28<00:57,  4.45s/epoch, best=8.755e+02, sign=0.152, train=8.755e+02, val=8.776e+02]
GNN flow training:  87%|████████▋ | 87/100 [06:32<00:57,  4.45s/epoch, best=8.755e+02, sign=0.153, train=8.776e+02, val=8.759e+02]
GNN flow training:  88%|████████▊ | 88/100 [06:32<00:53,  4.44s/epoch, best=8.755e+02, sign=0.153, train=8.776e+02, val=8.759e+02]
GNN flow training:  88%|████████▊ | 88/100 [06:37<00:53,  4.44s/epoch, best=8.755e+02, sign=0.152, train=8.759e+02, val=8.703e+02]
GNN flow training:  89%|████████▉ | 89/100 [06:37<00:48,  4.44s/epoch, best=8.755e+02, sign=0.152, train=8.759e+02, val=8.703e+02]
GNN flow training:  89%|████████▉ | 89/100 [06:41<00:48,  4.44s/epoch, best=8.703e+02, sign=0.151, train=8.703e+02, val=8.674e+02]
GNN flow training:  90%|█████████ | 90/100 [06:41<00:44,  4.44s/epoch, best=8.703e+02, sign=0.151, train=8.703e+02, val=8.674e+02]
GNN flow training:  90%|█████████ | 90/100 [06:46<00:44,  4.44s/epoch, best=8.674e+02, sign=0.149, train=8.674e+02, val=8.592e+02]
GNN flow training:  91%|█████████ | 91/100 [06:46<00:40,  4.46s/epoch, best=8.674e+02, sign=0.149, train=8.674e+02, val=8.592e+02]
GNN flow training:  91%|█████████ | 91/100 [06:50<00:40,  4.46s/epoch, best=8.592e+02, sign=0.148, train=8.592e+02, val=8.506e+02]
GNN flow training:  92%|█████████▏| 92/100 [06:50<00:35,  4.46s/epoch, best=8.592e+02, sign=0.148, train=8.592e+02, val=8.506e+02]
GNN flow training:  92%|█████████▏| 92/100 [06:55<00:35,  4.46s/epoch, best=8.506e+02, sign=0.149, train=8.506e+02, val=8.588e+02]
GNN flow training:  93%|█████████▎| 93/100 [06:55<00:31,  4.45s/epoch, best=8.506e+02, sign=0.149, train=8.506e+02, val=8.588e+02]
GNN flow training:  93%|█████████▎| 93/100 [06:59<00:31,  4.45s/epoch, best=8.506e+02, sign=0.148, train=8.588e+02, val=8.554e+02]
GNN flow training:  94%|█████████▍| 94/100 [06:59<00:26,  4.43s/epoch, best=8.506e+02, sign=0.148, train=8.588e+02, val=8.554e+02]
GNN flow training:  94%|█████████▍| 94/100 [07:04<00:26,  4.43s/epoch, best=8.506e+02, sign=0.145, train=8.554e+02, val=8.498e+02]
GNN flow training:  95%|█████████▌| 95/100 [07:04<00:22,  4.43s/epoch, best=8.506e+02, sign=0.145, train=8.554e+02, val=8.498e+02]
GNN flow training:  95%|█████████▌| 95/100 [07:08<00:22,  4.43s/epoch, best=8.498e+02, sign=0.145, train=8.498e+02, val=8.488e+02]
GNN flow training:  96%|█████████▌| 96/100 [07:08<00:17,  4.44s/epoch, best=8.498e+02, sign=0.145, train=8.498e+02, val=8.488e+02]
GNN flow training:  96%|█████████▌| 96/100 [07:12<00:17,  4.44s/epoch, best=8.488e+02, sign=0.146, train=8.488e+02, val=8.502e+02]
GNN flow training:  97%|█████████▋| 97/100 [07:12<00:13,  4.45s/epoch, best=8.488e+02, sign=0.146, train=8.488e+02, val=8.502e+02]
GNN flow training:  97%|█████████▋| 97/100 [07:17<00:13,  4.45s/epoch, best=8.488e+02, sign=0.145, train=8.502e+02, val=8.464e+02]
GNN flow training:  98%|█████████▊| 98/100 [07:17<00:08,  4.45s/epoch, best=8.488e+02, sign=0.145, train=8.502e+02, val=8.464e+02]
GNN flow training:  98%|█████████▊| 98/100 [07:21<00:08,  4.45s/epoch, best=8.464e+02, sign=0.145, train=8.464e+02, val=8.443e+02]
GNN flow training:  99%|█████████▉| 99/100 [07:21<00:04,  4.44s/epoch, best=8.464e+02, sign=0.145, train=8.464e+02, val=8.443e+02]
GNN flow training:  99%|█████████▉| 99/100 [07:26<00:04,  4.44s/epoch, best=8.443e+02, sign=0.146, train=8.443e+02, val=8.483e+02]
GNN flow training: 100%|██████████| 100/100 [07:26<00:00,  4.45s/epoch, best=8.443e+02, sign=0.146, train=8.443e+02, val=8.483e+02]
GNN flow training: 100%|██████████| 100/100 [07:26<00:00,  4.46s/epoch, best=8.443e+02, sign=0.146, train=8.443e+02, val=8.483e+02]

GNN flow training:   0%|          | 0/100 [00:00<?, ?epoch/s]
GNN flow training:   0%|          | 0/100 [00:04<?, ?epoch/s, best=1.232e+01, sign=0.199, train=1.232e+01, val=1.232e+01]
GNN flow training:   1%|          | 1/100 [00:04<07:42,  4.68s/epoch, best=1.232e+01, sign=0.199, train=1.232e+01, val=1.232e+01]
GNN flow training:   1%|          | 1/100 [00:09<07:42,  4.68s/epoch, best=1.232e+01, sign=0.200, train=1.232e+01, val=1.235e+01]
GNN flow training:   2%|▏         | 2/100 [00:09<07:30,  4.60s/epoch, best=1.232e+01, sign=0.200, train=1.232e+01, val=1.235e+01]
GNN flow training:   2%|▏         | 2/100 [00:13<07:30,  4.60s/epoch, best=1.232e+01, sign=0.200, train=1.235e+01, val=1.235e+01]
GNN flow training:   3%|▎         | 3/100 [00:13<07:19,  4.53s/epoch, best=1.232e+01, sign=0.200, train=1.235e+01, val=1.235e+01]
GNN flow training:   3%|▎         | 3/100 [00:18<07:19,  4.53s/epoch, best=1.232e+01, sign=0.200, train=1.235e+01, val=1.233e+01]
GNN flow training:   4%|▍         | 4/100 [00:18<07:13,  4.52s/epoch, best=1.232e+01, sign=0.200, train=1.235e+01, val=1.233e+01]
GNN flow training:   4%|▍         | 4/100 [00:22<07:13,  4.52s/epoch, best=1.232e+01, sign=0.200, train=1.233e+01, val=1.234e+01]
GNN flow training:   5%|▌         | 5/100 [00:22<07:07,  4.50s/epoch, best=1.232e+01, sign=0.200, train=1.233e+01, val=1.234e+01]
GNN flow training:   5%|▌         | 5/100 [00:27<07:07,  4.50s/epoch, best=1.232e+01, sign=0.199, train=1.234e+01, val=1.231e+01]
GNN flow training:   6%|▌         | 6/100 [00:27<07:02,  4.49s/epoch, best=1.232e+01, sign=0.199, train=1.234e+01, val=1.231e+01]
GNN flow training:   6%|▌         | 6/100 [00:31<07:02,  4.49s/epoch, best=1.231e+01, sign=0.199, train=1.231e+01, val=1.231e+01]
GNN flow training:   7%|▋         | 7/100 [00:31<06:57,  4.49s/epoch, best=1.231e+01, sign=0.199, train=1.231e+01, val=1.231e+01]
GNN flow training:   7%|▋         | 7/100 [00:36<06:57,  4.49s/epoch, best=1.231e+01, sign=0.199, train=1.232e+01, val=1.230e+01]
GNN flow training:   8%|▊         | 8/100 [00:36<06:52,  4.48s/epoch, best=1.231e+01, sign=0.199, train=1.232e+01, val=1.230e+01]
GNN flow training:   8%|▊         | 8/100 [00:40<06:52,  4.48s/epoch, best=1.230e+01, sign=0.199, train=1.231e+01, val=1.229e+01]
GNN flow training:   9%|▉         | 9/100 [00:40<06:49,  4.50s/epoch, best=1.230e+01, sign=0.199, train=1.231e+01, val=1.229e+01]
GNN flow training:   9%|▉         | 9/100 [00:45<06:49,  4.50s/epoch, best=1.229e+01, sign=0.199, train=1.230e+01, val=1.230e+01]
GNN flow training:  10%|█         | 10/100 [00:45<06:45,  4.51s/epoch, best=1.229e+01, sign=0.199, train=1.230e+01, val=1.230e+01]
GNN flow training:  10%|█         | 10/100 [00:49<06:45,  4.51s/epoch, best=1.229e+01, sign=0.199, train=1.230e+01, val=1.229e+01]
GNN flow training:  11%|█         | 11/100 [00:49<06:41,  4.51s/epoch, best=1.229e+01, sign=0.199, train=1.230e+01, val=1.229e+01]
GNN flow training:  11%|█         | 11/100 [00:54<06:41,  4.51s/epoch, best=1.229e+01, sign=0.199, train=1.229e+01, val=1.227e+01]
GNN flow training:  12%|█▏        | 12/100 [00:54<06:36,  4.51s/epoch, best=1.229e+01, sign=0.199, train=1.229e+01, val=1.227e+01]
GNN flow training:  12%|█▏        | 12/100 [00:58<06:36,  4.51s/epoch, best=1.227e+01, sign=0.199, train=1.227e+01, val=1.229e+01]
GNN flow training:  13%|█▎        | 13/100 [00:58<06:32,  4.51s/epoch, best=1.227e+01, sign=0.199, train=1.227e+01, val=1.229e+01]
GNN flow training:  13%|█▎        | 13/100 [01:03<06:32,  4.51s/epoch, best=1.227e+01, sign=0.199, train=1.229e+01, val=1.227e+01]
GNN flow training:  14%|█▍        | 14/100 [01:03<06:26,  4.50s/epoch, best=1.227e+01, sign=0.199, train=1.229e+01, val=1.227e+01]
GNN flow training:  14%|█▍        | 14/100 [01:07<06:26,  4.50s/epoch, best=1.227e+01, sign=0.199, train=1.227e+01, val=1.228e+01]
GNN flow training:  15%|█▌        | 15/100 [01:07<06:24,  4.52s/epoch, best=1.227e+01, sign=0.199, train=1.227e+01, val=1.228e+01]
GNN flow training:  15%|█▌        | 15/100 [01:12<06:24,  4.52s/epoch, best=1.227e+01, sign=0.199, train=1.229e+01, val=1.225e+01]
GNN flow training:  16%|█▌        | 16/100 [01:12<06:18,  4.51s/epoch, best=1.227e+01, sign=0.199, train=1.229e+01, val=1.225e+01]
GNN flow training:  16%|█▌        | 16/100 [01:16<06:18,  4.51s/epoch, best=1.225e+01, sign=0.199, train=1.225e+01, val=1.224e+01]
GNN flow training:  17%|█▋        | 17/100 [01:16<06:14,  4.52s/epoch, best=1.225e+01, sign=0.199, train=1.225e+01, val=1.224e+01]
GNN flow training:  17%|█▋        | 17/100 [01:21<06:14,  4.52s/epoch, best=1.224e+01, sign=0.199, train=1.224e+01, val=1.223e+01]
GNN flow training:  18%|█▊        | 18/100 [01:21<06:11,  4.53s/epoch, best=1.224e+01, sign=0.199, train=1.224e+01, val=1.223e+01]
GNN flow training:  18%|█▊        | 18/100 [01:25<06:11,  4.53s/epoch, best=1.223e+01, sign=0.199, train=1.223e+01, val=1.221e+01]
GNN flow training:  19%|█▉        | 19/100 [01:25<06:05,  4.52s/epoch, best=1.223e+01, sign=0.199, train=1.223e+01, val=1.221e+01]
GNN flow training:  19%|█▉        | 19/100 [01:30<06:05,  4.52s/epoch, best=1.221e+01, sign=0.199, train=1.221e+01, val=1.220e+01]
GNN flow training:  20%|██        | 20/100 [01:30<06:01,  4.51s/epoch, best=1.221e+01, sign=0.199, train=1.221e+01, val=1.220e+01]
GNN flow training:  20%|██        | 20/100 [01:34<06:01,  4.51s/epoch, best=1.220e+01, sign=0.199, train=1.220e+01, val=1.217e+01]
GNN flow training:  21%|██        | 21/100 [01:34<05:58,  4.53s/epoch, best=1.220e+01, sign=0.199, train=1.220e+01, val=1.217e+01]
GNN flow training:  21%|██        | 21/100 [01:39<05:58,  4.53s/epoch, best=1.217e+01, sign=0.198, train=1.217e+01, val=1.214e+01]
GNN flow training:  22%|██▏       | 22/100 [01:39<05:53,  4.53s/epoch, best=1.217e+01, sign=0.198, train=1.217e+01, val=1.214e+01]
GNN flow training:  22%|██▏       | 22/100 [01:43<05:53,  4.53s/epoch, best=1.214e+01, sign=0.198, train=1.214e+01, val=1.208e+01]
GNN flow training:  23%|██▎       | 23/100 [01:43<05:48,  4.53s/epoch, best=1.214e+01, sign=0.198, train=1.214e+01, val=1.208e+01]
GNN flow training:  23%|██▎       | 23/100 [01:48<05:48,  4.53s/epoch, best=1.208e+01, sign=0.198, train=1.208e+01, val=1.206e+01]
GNN flow training:  24%|██▍       | 24/100 [01:48<05:43,  4.52s/epoch, best=1.208e+01, sign=0.198, train=1.208e+01, val=1.206e+01]
GNN flow training:  24%|██▍       | 24/100 [01:52<05:43,  4.52s/epoch, best=1.206e+01, sign=0.198, train=1.206e+01, val=1.200e+01]
GNN flow training:  25%|██▌       | 25/100 [01:52<05:37,  4.51s/epoch, best=1.206e+01, sign=0.198, train=1.206e+01, val=1.200e+01]
GNN flow training:  25%|██▌       | 25/100 [01:57<05:37,  4.51s/epoch, best=1.200e+01, sign=0.198, train=1.200e+01, val=1.197e+01]
GNN flow training:  26%|██▌       | 26/100 [01:57<05:34,  4.52s/epoch, best=1.200e+01, sign=0.198, train=1.200e+01, val=1.197e+01]
GNN flow training:  26%|██▌       | 26/100 [02:01<05:34,  4.52s/epoch, best=1.197e+01, sign=0.198, train=1.197e+01, val=1.190e+01]
GNN flow training:  27%|██▋       | 27/100 [02:01<05:29,  4.51s/epoch, best=1.197e+01, sign=0.198, train=1.197e+01, val=1.190e+01]
GNN flow training:  27%|██▋       | 27/100 [02:06<05:29,  4.51s/epoch, best=1.190e+01, sign=0.197, train=1.190e+01, val=1.185e+01]
GNN flow training:  28%|██▊       | 28/100 [02:06<05:23,  4.50s/epoch, best=1.190e+01, sign=0.197, train=1.190e+01, val=1.185e+01]
GNN flow training:  28%|██▊       | 28/100 [02:10<05:23,  4.50s/epoch, best=1.185e+01, sign=0.197, train=1.185e+01, val=1.179e+01]
GNN flow training:  29%|██▉       | 29/100 [02:10<05:19,  4.50s/epoch, best=1.185e+01, sign=0.197, train=1.185e+01, val=1.179e+01]
GNN flow training:  29%|██▉       | 29/100 [02:15<05:19,  4.50s/epoch, best=1.179e+01, sign=0.195, train=1.179e+01, val=1.171e+01]
GNN flow training:  30%|███       | 30/100 [02:15<05:13,  4.48s/epoch, best=1.179e+01, sign=0.195, train=1.179e+01, val=1.171e+01]
GNN flow training:  30%|███       | 30/100 [02:19<05:13,  4.48s/epoch, best=1.171e+01, sign=0.194, train=1.171e+01, val=1.164e+01]
GNN flow training:  31%|███       | 31/100 [02:19<05:09,  4.49s/epoch, best=1.171e+01, sign=0.194, train=1.171e+01, val=1.164e+01]
GNN flow training:  31%|███       | 31/100 [02:24<05:09,  4.49s/epoch, best=1.164e+01, sign=0.193, train=1.164e+01, val=1.158e+01]
GNN flow training:  32%|███▏      | 32/100 [02:24<05:05,  4.49s/epoch, best=1.164e+01, sign=0.193, train=1.164e+01, val=1.158e+01]
GNN flow training:  32%|███▏      | 32/100 [02:28<05:05,  4.49s/epoch, best=1.158e+01, sign=0.194, train=1.158e+01, val=1.152e+01]
GNN flow training:  33%|███▎      | 33/100 [02:28<05:01,  4.49s/epoch, best=1.158e+01, sign=0.194, train=1.158e+01, val=1.152e+01]
GNN flow training:  33%|███▎      | 33/100 [02:33<05:01,  4.49s/epoch, best=1.152e+01, sign=0.192, train=1.153e+01, val=1.151e+01]
GNN flow training:  34%|███▍      | 34/100 [02:33<04:57,  4.50s/epoch, best=1.152e+01, sign=0.192, train=1.153e+01, val=1.151e+01]
GNN flow training:  34%|███▍      | 34/100 [02:37<04:57,  4.50s/epoch, best=1.151e+01, sign=0.192, train=1.151e+01, val=1.147e+01]
GNN flow training:  35%|███▌      | 35/100 [02:37<04:52,  4.50s/epoch, best=1.151e+01, sign=0.192, train=1.151e+01, val=1.147e+01]
GNN flow training:  35%|███▌      | 35/100 [02:42<04:52,  4.50s/epoch, best=1.147e+01, sign=0.191, train=1.147e+01, val=1.144e+01]
GNN flow training:  36%|███▌      | 36/100 [02:42<04:48,  4.51s/epoch, best=1.147e+01, sign=0.191, train=1.147e+01, val=1.144e+01]
GNN flow training:  36%|███▌      | 36/100 [02:46<04:48,  4.51s/epoch, best=1.144e+01, sign=0.191, train=1.144e+01, val=1.130e+01]
GNN flow training:  37%|███▋      | 37/100 [02:46<04:42,  4.48s/epoch, best=1.144e+01, sign=0.191, train=1.144e+01, val=1.130e+01]
GNN flow training:  37%|███▋      | 37/100 [02:51<04:42,  4.48s/epoch, best=1.130e+01, sign=0.191, train=1.130e+01, val=1.122e+01]
GNN flow training:  38%|███▊      | 38/100 [02:51<04:37,  4.47s/epoch, best=1.130e+01, sign=0.191, train=1.130e+01, val=1.122e+01]
GNN flow training:  38%|███▊      | 38/100 [02:55<04:37,  4.47s/epoch, best=1.122e+01, sign=0.192, train=1.122e+01, val=1.116e+01]
GNN flow training:  39%|███▉      | 39/100 [02:55<04:33,  4.48s/epoch, best=1.122e+01, sign=0.192, train=1.122e+01, val=1.116e+01]
GNN flow training:  39%|███▉      | 39/100 [03:00<04:33,  4.48s/epoch, best=1.116e+01, sign=0.193, train=1.116e+01, val=1.105e+01]
GNN flow training:  40%|████      | 40/100 [03:00<04:28,  4.48s/epoch, best=1.116e+01, sign=0.193, train=1.116e+01, val=1.105e+01]
GNN flow training:  40%|████      | 40/100 [03:04<04:28,  4.48s/epoch, best=1.105e+01, sign=0.194, train=1.105e+01, val=1.101e+01]
GNN flow training:  41%|████      | 41/100 [03:04<04:24,  4.48s/epoch, best=1.105e+01, sign=0.194, train=1.105e+01, val=1.101e+01]
GNN flow training:  41%|████      | 41/100 [03:09<04:24,  4.48s/epoch, best=1.101e+01, sign=0.194, train=1.102e+01, val=1.100e+01]
GNN flow training:  42%|████▏     | 42/100 [03:09<04:18,  4.46s/epoch, best=1.101e+01, sign=0.194, train=1.102e+01, val=1.100e+01]
GNN flow training:  42%|████▏     | 42/100 [03:13<04:18,  4.46s/epoch, best=1.100e+01, sign=0.195, train=1.100e+01, val=1.100e+01]
GNN flow training:  43%|████▎     | 43/100 [03:13<04:16,  4.49s/epoch, best=1.100e+01, sign=0.195, train=1.100e+01, val=1.100e+01]
GNN flow training:  43%|████▎     | 43/100 [03:18<04:16,  4.49s/epoch, best=1.100e+01, sign=0.195, train=1.100e+01, val=1.096e+01]
GNN flow training:  44%|████▍     | 44/100 [03:18<04:11,  4.48s/epoch, best=1.100e+01, sign=0.195, train=1.100e+01, val=1.096e+01]
GNN flow training:  44%|████▍     | 44/100 [03:22<04:11,  4.48s/epoch, best=1.096e+01, sign=0.195, train=1.096e+01, val=1.093e+01]
GNN flow training:  45%|████▌     | 45/100 [03:22<04:06,  4.48s/epoch, best=1.096e+01, sign=0.195, train=1.096e+01, val=1.093e+01]
GNN flow training:  45%|████▌     | 45/100 [03:27<04:06,  4.48s/epoch, best=1.093e+01, sign=0.193, train=1.093e+01, val=1.082e+01]
GNN flow training:  46%|████▌     | 46/100 [03:27<04:02,  4.48s/epoch, best=1.093e+01, sign=0.193, train=1.093e+01, val=1.082e+01]
GNN flow training:  46%|████▌     | 46/100 [03:31<04:02,  4.48s/epoch, best=1.082e+01, sign=0.191, train=1.082e+01, val=1.080e+01]
GNN flow training:  47%|████▋     | 47/100 [03:31<03:57,  4.48s/epoch, best=1.082e+01, sign=0.191, train=1.082e+01, val=1.080e+01]
GNN flow training:  47%|████▋     | 47/100 [03:36<03:57,  4.48s/epoch, best=1.080e+01, sign=0.191, train=1.080e+01, val=1.080e+01]
GNN flow training:  48%|████▊     | 48/100 [03:36<03:52,  4.47s/epoch, best=1.080e+01, sign=0.191, train=1.080e+01, val=1.080e+01]
GNN flow training:  48%|████▊     | 48/100 [03:40<03:52,  4.47s/epoch, best=1.080e+01, sign=0.191, train=1.080e+01, val=1.084e+01]
GNN flow training:  49%|████▉     | 49/100 [03:40<03:47,  4.47s/epoch, best=1.080e+01, sign=0.191, train=1.080e+01, val=1.084e+01]
GNN flow training:  49%|████▉     | 49/100 [03:44<03:47,  4.47s/epoch, best=1.080e+01, sign=0.189, train=1.084e+01, val=1.099e+01]
GNN flow training:  50%|█████     | 50/100 [03:44<03:43,  4.47s/epoch, best=1.080e+01, sign=0.189, train=1.084e+01, val=1.099e+01]
GNN flow training:  50%|█████     | 50/100 [03:49<03:43,  4.47s/epoch, best=1.080e+01, sign=0.192, train=1.099e+01, val=1.083e+01]
GNN flow training:  51%|█████     | 51/100 [03:49<03:38,  4.47s/epoch, best=1.080e+01, sign=0.192, train=1.099e+01, val=1.083e+01]
GNN flow training:  51%|█████     | 51/100 [03:53<03:38,  4.47s/epoch, best=1.080e+01, sign=0.193, train=1.083e+01, val=1.065e+01]
GNN flow training:  52%|█████▏    | 52/100 [03:53<03:34,  4.47s/epoch, best=1.080e+01, sign=0.193, train=1.083e+01, val=1.065e+01]
GNN flow training:  52%|█████▏    | 52/100 [03:58<03:34,  4.47s/epoch, best=1.065e+01, sign=0.195, train=1.065e+01, val=1.059e+01]
GNN flow training:  53%|█████▎    | 53/100 [03:58<03:29,  4.46s/epoch, best=1.065e+01, sign=0.195, train=1.065e+01, val=1.059e+01]
GNN flow training:  53%|█████▎    | 53/100 [04:02<03:29,  4.46s/epoch, best=1.059e+01, sign=0.195, train=1.060e+01, val=1.058e+01]
GNN flow training:  54%|█████▍    | 54/100 [04:02<03:24,  4.45s/epoch, best=1.059e+01, sign=0.195, train=1.060e+01, val=1.058e+01]
GNN flow training:  54%|█████▍    | 54/100 [04:07<03:24,  4.45s/epoch, best=1.058e+01, sign=0.193, train=1.059e+01, val=1.055e+01]
GNN flow training:  55%|█████▌    | 55/100 [04:07<03:20,  4.45s/epoch, best=1.058e+01, sign=0.193, train=1.059e+01, val=1.055e+01]
GNN flow training:  55%|█████▌    | 55/100 [04:11<03:20,  4.45s/epoch, best=1.055e+01, sign=0.193, train=1.055e+01, val=1.050e+01]
GNN flow training:  56%|█████▌    | 56/100 [04:11<03:15,  4.45s/epoch, best=1.055e+01, sign=0.193, train=1.055e+01, val=1.050e+01]
GNN flow training:  56%|█████▌    | 56/100 [04:16<03:15,  4.45s/epoch, best=1.050e+01, sign=0.192, train=1.050e+01, val=1.044e+01]
GNN flow training:  57%|█████▋    | 57/100 [04:16<03:11,  4.45s/epoch, best=1.050e+01, sign=0.192, train=1.050e+01, val=1.044e+01]
GNN flow training:  57%|█████▋    | 57/100 [04:20<03:11,  4.45s/epoch, best=1.044e+01, sign=0.191, train=1.044e+01, val=1.039e+01]
GNN flow training:  58%|█████▊    | 58/100 [04:20<03:06,  4.45s/epoch, best=1.044e+01, sign=0.191, train=1.044e+01, val=1.039e+01]
GNN flow training:  58%|█████▊    | 58/100 [04:25<03:06,  4.45s/epoch, best=1.039e+01, sign=0.190, train=1.040e+01, val=1.032e+01]
GNN flow training:  59%|█████▉    | 59/100 [04:25<03:02,  4.46s/epoch, best=1.039e+01, sign=0.190, train=1.040e+01, val=1.032e+01]
GNN flow training:  59%|█████▉    | 59/100 [04:29<03:02,  4.46s/epoch, best=1.032e+01, sign=0.190, train=1.032e+01, val=1.026e+01]
GNN flow training:  60%|██████    | 60/100 [04:29<02:58,  4.46s/epoch, best=1.032e+01, sign=0.190, train=1.032e+01, val=1.026e+01]
GNN flow training:  60%|██████    | 60/100 [04:34<02:58,  4.46s/epoch, best=1.026e+01, sign=0.190, train=1.026e+01, val=1.019e+01]
GNN flow training:  61%|██████    | 61/100 [04:34<02:54,  4.47s/epoch, best=1.026e+01, sign=0.190, train=1.026e+01, val=1.019e+01]
GNN flow training:  61%|██████    | 61/100 [04:38<02:54,  4.47s/epoch, best=1.019e+01, sign=0.192, train=1.019e+01, val=1.021e+01]
GNN flow training:  62%|██████▏   | 62/100 [04:38<02:49,  4.47s/epoch, best=1.019e+01, sign=0.192, train=1.019e+01, val=1.021e+01]
GNN flow training:  62%|██████▏   | 62/100 [04:42<02:49,  4.47s/epoch, best=1.019e+01, sign=0.191, train=1.021e+01, val=1.025e+01]
GNN flow training:  63%|██████▎   | 63/100 [04:42<02:45,  4.47s/epoch, best=1.019e+01, sign=0.191, train=1.021e+01, val=1.025e+01]
GNN flow training:  63%|██████▎   | 63/100 [04:47<02:45,  4.47s/epoch, best=1.019e+01, sign=0.192, train=1.025e+01, val=1.028e+01]
GNN flow training:  64%|██████▍   | 64/100 [04:47<02:40,  4.46s/epoch, best=1.019e+01, sign=0.192, train=1.025e+01, val=1.028e+01]
GNN flow training:  64%|██████▍   | 64/100 [04:51<02:40,  4.46s/epoch, best=1.019e+01, sign=0.192, train=1.028e+01, val=1.025e+01]
GNN flow training:  65%|██████▌   | 65/100 [04:51<02:36,  4.47s/epoch, best=1.019e+01, sign=0.192, train=1.028e+01, val=1.025e+01]
GNN flow training:  65%|██████▌   | 65/100 [04:56<02:36,  4.47s/epoch, best=1.019e+01, sign=0.189, train=1.025e+01, val=1.026e+01]
GNN flow training:  66%|██████▌   | 66/100 [04:56<02:31,  4.46s/epoch, best=1.019e+01, sign=0.189, train=1.025e+01, val=1.026e+01]
GNN flow training:  66%|██████▌   | 66/100 [05:00<02:31,  4.46s/epoch, best=1.019e+01, sign=0.186, train=1.026e+01, val=1.038e+01]
GNN flow training:  67%|██████▋   | 67/100 [05:00<02:27,  4.46s/epoch, best=1.019e+01, sign=0.186, train=1.026e+01, val=1.038e+01]
GNN flow training:  67%|██████▋   | 67/100 [05:05<02:27,  4.46s/epoch, best=1.019e+01, sign=0.186, train=1.038e+01, val=1.040e+01]
GNN flow training:  68%|██████▊   | 68/100 [05:05<02:22,  4.45s/epoch, best=1.019e+01, sign=0.186, train=1.038e+01, val=1.040e+01]
GNN flow training:  68%|██████▊   | 68/100 [05:09<02:22,  4.45s/epoch, best=1.019e+01, sign=0.188, train=1.040e+01, val=1.025e+01]
GNN flow training:  69%|██████▉   | 69/100 [05:09<02:18,  4.46s/epoch, best=1.019e+01, sign=0.188, train=1.040e+01, val=1.025e+01]
GNN flow training:  69%|██████▉   | 69/100 [05:14<02:18,  4.46s/epoch, best=1.019e+01, sign=0.189, train=1.025e+01, val=1.019e+01]
GNN flow training:  70%|███████   | 70/100 [05:14<02:13,  4.46s/epoch, best=1.019e+01, sign=0.189, train=1.025e+01, val=1.019e+01]
GNN flow training:  70%|███████   | 70/100 [05:18<02:13,  4.46s/epoch, best=1.019e+01, sign=0.189, train=1.019e+01, val=1.017e+01]
GNN flow training:  71%|███████   | 71/100 [05:18<02:09,  4.45s/epoch, best=1.019e+01, sign=0.189, train=1.019e+01, val=1.017e+01]
GNN flow training:  71%|███████   | 71/100 [05:23<02:09,  4.45s/epoch, best=1.017e+01, sign=0.189, train=1.017e+01, val=1.016e+01]
GNN flow training:  72%|███████▏  | 72/100 [05:23<02:04,  4.46s/epoch, best=1.017e+01, sign=0.189, train=1.017e+01, val=1.016e+01]
GNN flow training:  72%|███████▏  | 72/100 [05:27<02:04,  4.46s/epoch, best=1.016e+01, sign=0.187, train=1.017e+01, val=1.010e+01]
GNN flow training:  73%|███████▎  | 73/100 [05:27<02:00,  4.46s/epoch, best=1.016e+01, sign=0.187, train=1.017e+01, val=1.010e+01]
GNN flow training:  73%|███████▎  | 73/100 [05:31<02:00,  4.46s/epoch, best=1.010e+01, sign=0.185, train=1.010e+01, val=1.004e+01]
GNN flow training:  74%|███████▍  | 74/100 [05:31<01:55,  4.46s/epoch, best=1.010e+01, sign=0.185, train=1.010e+01, val=1.004e+01]
GNN flow training:  74%|███████▍  | 74/100 [05:36<01:55,  4.46s/epoch, best=1.004e+01, sign=0.184, train=1.004e+01, val=9.972e+00]
GNN flow training:  75%|███████▌  | 75/100 [05:36<01:51,  4.45s/epoch, best=1.004e+01, sign=0.184, train=1.004e+01, val=9.972e+00]
GNN flow training:  75%|███████▌  | 75/100 [05:40<01:51,  4.45s/epoch, best=9.972e+00, sign=0.183, train=9.974e+00, val=9.933e+00]
GNN flow training:  76%|███████▌  | 76/100 [05:40<01:46,  4.45s/epoch, best=9.972e+00, sign=0.183, train=9.974e+00, val=9.933e+00]
GNN flow training:  76%|███████▌  | 76/100 [05:45<01:46,  4.45s/epoch, best=9.933e+00, sign=0.180, train=9.934e+00, val=9.956e+00]
GNN flow training:  77%|███████▋  | 77/100 [05:45<01:42,  4.45s/epoch, best=9.933e+00, sign=0.180, train=9.934e+00, val=9.956e+00]
GNN flow training:  77%|███████▋  | 77/100 [05:49<01:42,  4.45s/epoch, best=9.933e+00, sign=0.177, train=9.958e+00, val=1.001e+01]
GNN flow training:  78%|███████▊  | 78/100 [05:49<01:37,  4.45s/epoch, best=9.933e+00, sign=0.177, train=9.958e+00, val=1.001e+01]
GNN flow training:  78%|███████▊  | 78/100 [05:54<01:37,  4.45s/epoch, best=9.933e+00, sign=0.179, train=1.001e+01, val=9.879e+00]
GNN flow training:  79%|███████▉  | 79/100 [05:54<01:33,  4.45s/epoch, best=9.933e+00, sign=0.179, train=1.001e+01, val=9.879e+00]
GNN flow training:  79%|███████▉  | 79/100 [05:58<01:33,  4.45s/epoch, best=9.879e+00, sign=0.180, train=9.880e+00, val=9.806e+00]
GNN flow training:  80%|████████  | 80/100 [05:58<01:29,  4.45s/epoch, best=9.879e+00, sign=0.180, train=9.880e+00, val=9.806e+00]
GNN flow training:  80%|████████  | 80/100 [06:03<01:29,  4.45s/epoch, best=9.806e+00, sign=0.182, train=9.808e+00, val=9.805e+00]
GNN flow training:  81%|████████  | 81/100 [06:03<01:24,  4.46s/epoch, best=9.806e+00, sign=0.182, train=9.808e+00, val=9.805e+00]
GNN flow training:  81%|████████  | 81/100 [06:07<01:24,  4.46s/epoch, best=9.805e+00, sign=0.183, train=9.806e+00, val=9.835e+00]
GNN flow training:  82%|████████▏ | 82/100 [06:07<01:20,  4.47s/epoch, best=9.805e+00, sign=0.183, train=9.806e+00, val=9.835e+00]
GNN flow training:  82%|████████▏ | 82/100 [06:12<01:20,  4.47s/epoch, best=9.805e+00, sign=0.183, train=9.836e+00, val=9.779e+00]
GNN flow training:  83%|████████▎ | 83/100 [06:12<01:15,  4.46s/epoch, best=9.805e+00, sign=0.183, train=9.836e+00, val=9.779e+00]
GNN flow training:  83%|████████▎ | 83/100 [06:16<01:15,  4.46s/epoch, best=9.779e+00, sign=0.181, train=9.780e+00, val=9.713e+00]
GNN flow training:  84%|████████▍ | 84/100 [06:16<01:11,  4.45s/epoch, best=9.779e+00, sign=0.181, train=9.780e+00, val=9.713e+00]
GNN flow training:  84%|████████▍ | 84/100 [06:20<01:11,  4.45s/epoch, best=9.713e+00, sign=0.179, train=9.714e+00, val=9.655e+00]
GNN flow training:  85%|████████▌ | 85/100 [06:20<01:06,  4.46s/epoch, best=9.713e+00, sign=0.179, train=9.714e+00, val=9.655e+00]
GNN flow training:  85%|████████▌ | 85/100 [06:25<01:06,  4.46s/epoch, best=9.655e+00, sign=0.177, train=9.656e+00, val=9.636e+00]
GNN flow training:  86%|████████▌ | 86/100 [06:25<01:02,  4.47s/epoch, best=9.655e+00, sign=0.177, train=9.656e+00, val=9.636e+00]
GNN flow training:  86%|████████▌ | 86/100 [06:29<01:02,  4.47s/epoch, best=9.636e+00, sign=0.175, train=9.638e+00, val=9.654e+00]
GNN flow training:  87%|████████▋ | 87/100 [06:29<00:57,  4.46s/epoch, best=9.636e+00, sign=0.175, train=9.638e+00, val=9.654e+00]
GNN flow training:  87%|████████▋ | 87/100 [06:34<00:57,  4.46s/epoch, best=9.636e+00, sign=0.175, train=9.655e+00, val=9.625e+00]
GNN flow training:  88%|████████▊ | 88/100 [06:34<00:53,  4.46s/epoch, best=9.636e+00, sign=0.175, train=9.655e+00, val=9.625e+00]
GNN flow training:  88%|████████▊ | 88/100 [06:38<00:53,  4.46s/epoch, best=9.625e+00, sign=0.175, train=9.627e+00, val=9.654e+00]
GNN flow training:  89%|████████▉ | 89/100 [06:38<00:49,  4.50s/epoch, best=9.625e+00, sign=0.175, train=9.627e+00, val=9.654e+00]
GNN flow training:  89%|████████▉ | 89/100 [06:43<00:49,  4.50s/epoch, best=9.625e+00, sign=0.174, train=9.656e+00, val=9.583e+00]
GNN flow training:  90%|█████████ | 90/100 [06:43<00:44,  4.49s/epoch, best=9.625e+00, sign=0.174, train=9.656e+00, val=9.583e+00]
GNN flow training:  90%|█████████ | 90/100 [06:47<00:44,  4.49s/epoch, best=9.583e+00, sign=0.174, train=9.584e+00, val=9.520e+00]
GNN flow training:  91%|█████████ | 91/100 [06:47<00:40,  4.48s/epoch, best=9.583e+00, sign=0.174, train=9.584e+00, val=9.520e+00]
GNN flow training:  91%|█████████ | 91/100 [06:52<00:40,  4.48s/epoch, best=9.520e+00, sign=0.174, train=9.521e+00, val=9.518e+00]
GNN flow training:  92%|█████████▏| 92/100 [06:52<00:35,  4.48s/epoch, best=9.520e+00, sign=0.174, train=9.521e+00, val=9.518e+00]
GNN flow training:  92%|█████████▏| 92/100 [06:56<00:35,  4.48s/epoch, best=9.518e+00, sign=0.174, train=9.520e+00, val=9.532e+00]
GNN flow training:  93%|█████████▎| 93/100 [06:56<00:31,  4.46s/epoch, best=9.518e+00, sign=0.174, train=9.520e+00, val=9.532e+00]
GNN flow training:  93%|█████████▎| 93/100 [07:01<00:31,  4.46s/epoch, best=9.518e+00, sign=0.174, train=9.533e+00, val=9.471e+00]
GNN flow training:  94%|█████████▍| 94/100 [07:01<00:26,  4.46s/epoch, best=9.518e+00, sign=0.174, train=9.533e+00, val=9.471e+00]
GNN flow training:  94%|█████████▍| 94/100 [07:05<00:26,  4.46s/epoch, best=9.471e+00, sign=0.172, train=9.473e+00, val=9.424e+00]
GNN flow training:  95%|█████████▌| 95/100 [07:05<00:22,  4.46s/epoch, best=9.471e+00, sign=0.172, train=9.473e+00, val=9.424e+00]
GNN flow training:  95%|█████████▌| 95/100 [07:10<00:22,  4.46s/epoch, best=9.424e+00, sign=0.171, train=9.425e+00, val=9.421e+00]
GNN flow training:  96%|█████████▌| 96/100 [07:10<00:17,  4.46s/epoch, best=9.424e+00, sign=0.171, train=9.425e+00, val=9.421e+00]
GNN flow training:  96%|█████████▌| 96/100 [07:14<00:17,  4.46s/epoch, best=9.421e+00, sign=0.171, train=9.422e+00, val=9.405e+00]
GNN flow training:  97%|█████████▋| 97/100 [07:14<00:13,  4.49s/epoch, best=9.421e+00, sign=0.171, train=9.422e+00, val=9.405e+00]
GNN flow training:  97%|█████████▋| 97/100 [07:19<00:13,  4.49s/epoch, best=9.405e+00, sign=0.171, train=9.406e+00, val=9.345e+00]
GNN flow training:  98%|█████████▊| 98/100 [07:19<00:09,  4.50s/epoch, best=9.405e+00, sign=0.171, train=9.406e+00, val=9.345e+00]
GNN flow training:  98%|█████████▊| 98/100 [07:23<00:09,  4.50s/epoch, best=9.345e+00, sign=0.171, train=9.346e+00, val=9.319e+00]
GNN flow training:  99%|█████████▉| 99/100 [07:23<00:04,  4.50s/epoch, best=9.345e+00, sign=0.171, train=9.346e+00, val=9.319e+00]
GNN flow training:  99%|█████████▉| 99/100 [07:28<00:04,  4.50s/epoch, best=9.319e+00, sign=0.172, train=9.320e+00, val=9.260e+00]
GNN flow training: 100%|██████████| 100/100 [07:28<00:00,  4.51s/epoch, best=9.319e+00, sign=0.172, train=9.320e+00, val=9.260e+00]
GNN flow training: 100%|██████████| 100/100 [07:28<00:00,  4.48s/epoch, best=9.319e+00, sign=0.172, train=9.320e+00, val=9.260e+00]
Resolved config snapshot:
{'preset': 'solver_QKB_outer_QKBdelta', 'gnn_outer_losses': {'flow': 0.1, 'kirchhoff': 100.0, 'boundary': 100.0, 'delta_l2': 100.0, 'delta_smooth': 0.0, 'pressure_shape': 0.0}, 'physics': {'arterial_flow_mode': 'dataset', 'pressure_constraints': ['gauge-only'], 'alpha_pa': None, 'use_snr_weights': True, 'use_observed_flow_snr_weighting': True, 'flow_scale_mode': 'median_abs', 'solver_device': 'same', 'pressure_solver_mode': 'reduced-soft-constrained-lstsq', 'pressure_solver_lambda_kirchhoff': 1.0, 'pressure_solver_lambda_pressure_constraints': 100.0, 'pressure_solver_lambda_flow_residual': 1.0, 'pressure_shape_reference': 'delta_zero_reference', 'pressure_detach': False}, 'correction_bounds': {'correction_min': -0.5, 'correction_max': 0.5, 'correction_bound': 0.5, 'correction_parameterization': 'tanh'}, 'optimization': {'learning_rate': 0.001, 'weight_decay': 0.0001, 'gradient_clip_norm': 5.0, 'optimizer': 'adamw', 'epochs': 100, 'patience': 40}}
Resolved config snapshot:
{'preset': 'solver_QKB_outer_QKBdelta', 'gnn_outer_losses': {'flow': 0.1, 'kirchhoff': 1.0, 'boundary': 100.0, 'delta_l2': 10.0, 'delta_smooth': 0.0, 'pressure_shape': 0.0}, 'physics': {'arterial_flow_mode': 'dataset', 'pressure_constraints': ['gauge-only'], 'alpha_pa': None, 'use_snr_weights': True, 'use_observed_flow_snr_weighting': True, 'flow_scale_mode': 'median_abs', 'solver_device': 'same', 'pressure_solver_mode': 'reduced-soft-constrained-lstsq', 'pressure_solver_lambda_kirchhoff': 1.0, 'pressure_solver_lambda_pressure_constraints': 100.0, 'pressure_solver_lambda_flow_residual': 1.0, 'pressure_shape_reference': 'delta_zero_reference', 'pressure_detach': False}, 'correction_bounds': {'correction_min': -0.5, 'correction_max': 0.5, 'correction_bound': 0.5, 'correction_parameterization': 'tanh'}, 'optimization': {'learning_rate': 0.001, 'weight_decay': 0.0001, 'gradient_clip_norm': 5.0, 'optimizer': 'adamw', 'epochs': 100, 'patience': 40}}
Command: /mnt/home/sswee/miniforge3/envs/yolk-sac/bin/python /mnt/home/sswee/yolk/Yolk-Sac-Flow-Data-and-Sim/gnn_clean/scripts/python/gnn_flow.py /mnt/home/sswee/yolk/Yolk-Sac-Flow-Data-and-Sim/gnn_clean/datasets/mosaic_graph_canonical_harmonized/mosaic_graph_canonical_harmonized.gpickle --output-dir /mnt/home/sswee/yolk/Yolk-Sac-Flow-Data-and-Sim/gnn_clean/outputs_canonical/dc/03_pressure_constraint_sensitivity/gnn --run-name q_0p1__k_100__delta_100__constraint_gauge_only --preset solver_QKB_outer_QKBdelta --device cuda --epochs 100 --seed 0 --viscosity-pa-s 0.0035 --config /mnt/home/sswee/yolk/Yolk-Sac-Flow-Data-and-Sim/gnn_clean/outputs_canonical/dc/03_pressure_constraint_sensitivity/_generated_configs/q_0p1__k_100__delta_100__constraint_gauge_only.yaml --no-pressure-detach
Command: /mnt/home/sswee/miniforge3/envs/yolk-sac/bin/python /mnt/home/sswee/yolk/Yolk-Sac-Flow-Data-and-Sim/gnn_clean/scripts/python/gnn_flow.py /mnt/home/sswee/yolk/Yolk-Sac-Flow-Data-and-Sim/gnn_clean/datasets/mosaic_graph_canonical_harmonized/mosaic_graph_canonical_harmonized.gpickle --output-dir /mnt/home/sswee/yolk/Yolk-Sac-Flow-Data-and-Sim/gnn_clean/outputs_canonical/dc/03_pressure_constraint_sensitivity/gnn --run-name q_0p1__k_1__delta_10__constraint_gauge_only --preset solver_QKB_outer_QKBdelta --device cuda --epochs 100 --seed 0 --viscosity-pa-s 0.0035 --config /mnt/home/sswee/yolk/Yolk-Sac-Flow-Data-and-Sim/gnn_clean/outputs_canonical/dc/03_pressure_constraint_sensitivity/_generated_configs/q_0p1__k_1__delta_10__constraint_gauge_only.yaml --no-pressure-detach
Command: /mnt/home/sswee/miniforge3/envs/yolk-sac/bin/python /mnt/home/sswee/yolk/Yolk-Sac-Flow-Data-and-Sim/gnn_clean/scripts/python/poiseuille_only_baseline.py /mnt/home/sswee/yolk/Yolk-Sac-Flow-Data-and-Sim/gnn_clean/datasets/mosaic_graph_canonical_harmonized/mosaic_graph_canonical_harmonized.gpickle --output-dir /mnt/home/sswee/yolk/Yolk-Sac-Flow-Data-and-Sim/gnn_clean/outputs_canonical/dc/03_pressure_constraint_sensitivity/poiseuille --run-name poiseuille__q_1__k_100__constraint_gauge_only --device cpu --viscosity-pa-s 0.0035 --dc-solve-mode reduced-soft-constrained-lstsq --arterial-flow-mode dataset --lambda-kirchhoff 100.0 --lambda-pressure-constraints 100.0 --lambda-flow-residual 1.0 --pressure-constraint gauge_only
