[info] DC Step 2 canonical sweep uses fixed lambda_B=100.0 for both the outer boundary loss and the reduced pressure-solver boundary constraint.

GNN flow training:   0%|          | 0/100 [00:00<?, ?epoch/s]
GNN flow training:   0%|          | 0/100 [00:06<?, ?epoch/s, best=1.777e+01, sign=0.194, train=1.932e+01, val=1.777e+01]
GNN flow training:   1%|          | 1/100 [00:06<10:20,  6.27s/epoch, best=1.777e+01, sign=0.194, train=1.932e+01, val=1.777e+01]
GNN flow training:   1%|          | 1/100 [00:12<10:20,  6.27s/epoch, best=1.777e+01, sign=0.194, train=1.933e+01, val=1.776e+01]
GNN flow training:   2%|▏         | 2/100 [00:12<10:11,  6.24s/epoch, best=1.777e+01, sign=0.194, train=1.933e+01, val=1.776e+01]
GNN flow training:   2%|▏         | 2/100 [00:18<10:11,  6.24s/epoch, best=1.776e+01, sign=0.193, train=1.932e+01, val=1.776e+01]
GNN flow training:   3%|▎         | 3/100 [00:18<10:03,  6.22s/epoch, best=1.776e+01, sign=0.193, train=1.932e+01, val=1.776e+01]
GNN flow training:   3%|▎         | 3/100 [00:24<10:03,  6.22s/epoch, best=1.776e+01, sign=0.193, train=1.932e+01, val=1.773e+01]
GNN flow training:   4%|▍         | 4/100 [00:24<09:53,  6.18s/epoch, best=1.776e+01, sign=0.193, train=1.932e+01, val=1.773e+01]
GNN flow training:   4%|▍         | 4/100 [00:30<09:53,  6.18s/epoch, best=1.773e+01, sign=0.193, train=1.928e+01, val=1.772e+01]
GNN flow training:   5%|▌         | 5/100 [00:30<09:45,  6.16s/epoch, best=1.773e+01, sign=0.193, train=1.928e+01, val=1.772e+01]
GNN flow training:   5%|▌         | 5/100 [00:37<09:45,  6.16s/epoch, best=1.772e+01, sign=0.194, train=1.928e+01, val=1.771e+01]
GNN flow training:   6%|▌         | 6/100 [00:37<09:39,  6.16s/epoch, best=1.772e+01, sign=0.194, train=1.928e+01, val=1.771e+01]
GNN flow training:   6%|▌         | 6/100 [00:43<09:39,  6.16s/epoch, best=1.771e+01, sign=0.194, train=1.927e+01, val=1.767e+01]
GNN flow training:   7%|▋         | 7/100 [00:43<09:32,  6.16s/epoch, best=1.771e+01, sign=0.194, train=1.927e+01, val=1.767e+01]
GNN flow training:   7%|▋         | 7/100 [00:49<09:32,  6.16s/epoch, best=1.767e+01, sign=0.195, train=1.923e+01, val=1.763e+01]
GNN flow training:   8%|▊         | 8/100 [00:49<09:25,  6.15s/epoch, best=1.767e+01, sign=0.195, train=1.923e+01, val=1.763e+01]
GNN flow training:   8%|▊         | 8/100 [00:55<09:25,  6.15s/epoch, best=1.763e+01, sign=0.195, train=1.919e+01, val=1.761e+01]
GNN flow training:   9%|▉         | 9/100 [00:55<09:19,  6.14s/epoch, best=1.763e+01, sign=0.195, train=1.919e+01, val=1.761e+01]
GNN flow training:   9%|▉         | 9/100 [01:01<09:19,  6.14s/epoch, best=1.761e+01, sign=0.194, train=1.917e+01, val=1.758e+01]
GNN flow training:  10%|█         | 10/100 [01:01<09:10,  6.12s/epoch, best=1.761e+01, sign=0.194, train=1.917e+01, val=1.758e+01]
GNN flow training:  10%|█         | 10/100 [01:07<09:10,  6.12s/epoch, best=1.758e+01, sign=0.193, train=1.913e+01, val=1.756e+01]
GNN flow training:  11%|█         | 11/100 [01:07<09:05,  6.12s/epoch, best=1.758e+01, sign=0.193, train=1.913e+01, val=1.756e+01]
GNN flow training:  11%|█         | 11/100 [01:13<09:05,  6.12s/epoch, best=1.756e+01, sign=0.194, train=1.910e+01, val=1.753e+01]
GNN flow training:  12%|█▏        | 12/100 [01:13<09:00,  6.14s/epoch, best=1.756e+01, sign=0.194, train=1.910e+01, val=1.753e+01]
GNN flow training:  12%|█▏        | 12/100 [01:20<09:00,  6.14s/epoch, best=1.753e+01, sign=0.194, train=1.906e+01, val=1.749e+01]
GNN flow training:  13%|█▎        | 13/100 [01:20<08:54,  6.14s/epoch, best=1.753e+01, sign=0.194, train=1.906e+01, val=1.749e+01]
GNN flow training:  13%|█▎        | 13/100 [01:26<08:54,  6.14s/epoch, best=1.749e+01, sign=0.193, train=1.901e+01, val=1.740e+01]
GNN flow training:  14%|█▍        | 14/100 [01:26<08:49,  6.16s/epoch, best=1.749e+01, sign=0.193, train=1.901e+01, val=1.740e+01]
GNN flow training:  14%|█▍        | 14/100 [01:32<08:49,  6.16s/epoch, best=1.740e+01, sign=0.193, train=1.891e+01, val=1.731e+01]
GNN flow training:  15%|█▌        | 15/100 [01:32<08:42,  6.14s/epoch, best=1.740e+01, sign=0.193, train=1.891e+01, val=1.731e+01]
GNN flow training:  15%|█▌        | 15/100 [01:38<08:42,  6.14s/epoch, best=1.731e+01, sign=0.195, train=1.882e+01, val=1.725e+01]
GNN flow training:  16%|█▌        | 16/100 [01:38<08:37,  6.16s/epoch, best=1.731e+01, sign=0.195, train=1.882e+01, val=1.725e+01]
GNN flow training:  16%|█▌        | 16/100 [01:44<08:37,  6.16s/epoch, best=1.725e+01, sign=0.195, train=1.875e+01, val=1.715e+01]
GNN flow training:  17%|█▋        | 17/100 [01:44<08:31,  6.16s/epoch, best=1.725e+01, sign=0.195, train=1.875e+01, val=1.715e+01]
GNN flow training:  17%|█▋        | 17/100 [01:50<08:31,  6.16s/epoch, best=1.715e+01, sign=0.194, train=1.864e+01, val=1.707e+01]
GNN flow training:  18%|█▊        | 18/100 [01:50<08:25,  6.16s/epoch, best=1.715e+01, sign=0.194, train=1.864e+01, val=1.707e+01]
GNN flow training:  18%|█▊        | 18/100 [01:56<08:25,  6.16s/epoch, best=1.707e+01, sign=0.195, train=1.855e+01, val=1.702e+01]
GNN flow training:  19%|█▉        | 19/100 [01:56<08:17,  6.14s/epoch, best=1.707e+01, sign=0.195, train=1.855e+01, val=1.702e+01]
GNN flow training:  19%|█▉        | 19/100 [02:03<08:17,  6.14s/epoch, best=1.702e+01, sign=0.193, train=1.849e+01, val=1.691e+01]
GNN flow training:  20%|██        | 20/100 [02:03<08:10,  6.13s/epoch, best=1.702e+01, sign=0.193, train=1.849e+01, val=1.691e+01]
GNN flow training:  20%|██        | 20/100 [02:09<08:10,  6.13s/epoch, best=1.691e+01, sign=0.192, train=1.836e+01, val=1.682e+01]
GNN flow training:  21%|██        | 21/100 [02:09<08:04,  6.13s/epoch, best=1.691e+01, sign=0.192, train=1.836e+01, val=1.682e+01]
GNN flow training:  21%|██        | 21/100 [02:15<08:04,  6.13s/epoch, best=1.682e+01, sign=0.191, train=1.825e+01, val=1.672e+01]
GNN flow training:  22%|██▏       | 22/100 [02:15<07:58,  6.13s/epoch, best=1.682e+01, sign=0.191, train=1.825e+01, val=1.672e+01]
GNN flow training:  22%|██▏       | 22/100 [02:21<07:58,  6.13s/epoch, best=1.672e+01, sign=0.190, train=1.812e+01, val=1.662e+01]
GNN flow training:  23%|██▎       | 23/100 [02:21<07:52,  6.14s/epoch, best=1.672e+01, sign=0.190, train=1.812e+01, val=1.662e+01]
GNN flow training:  23%|██▎       | 23/100 [02:27<07:52,  6.14s/epoch, best=1.662e+01, sign=0.191, train=1.800e+01, val=1.656e+01]
GNN flow training:  24%|██▍       | 24/100 [02:27<07:45,  6.13s/epoch, best=1.662e+01, sign=0.191, train=1.800e+01, val=1.656e+01]
GNN flow training:  24%|██▍       | 24/100 [02:33<07:45,  6.13s/epoch, best=1.656e+01, sign=0.190, train=1.793e+01, val=1.642e+01]
GNN flow training:  25%|██▌       | 25/100 [02:33<07:38,  6.11s/epoch, best=1.656e+01, sign=0.190, train=1.793e+01, val=1.642e+01]
GNN flow training:  25%|██▌       | 25/100 [02:39<07:38,  6.11s/epoch, best=1.642e+01, sign=0.188, train=1.776e+01, val=1.628e+01]
GNN flow training:  26%|██▌       | 26/100 [02:39<07:31,  6.10s/epoch, best=1.642e+01, sign=0.188, train=1.776e+01, val=1.628e+01]
GNN flow training:  26%|██▌       | 26/100 [02:45<07:31,  6.10s/epoch, best=1.628e+01, sign=0.187, train=1.759e+01, val=1.615e+01]
GNN flow training:  27%|██▋       | 27/100 [02:45<07:25,  6.10s/epoch, best=1.628e+01, sign=0.187, train=1.759e+01, val=1.615e+01]
GNN flow training:  27%|██▋       | 27/100 [02:52<07:25,  6.10s/epoch, best=1.615e+01, sign=0.186, train=1.744e+01, val=1.607e+01]
GNN flow training:  28%|██▊       | 28/100 [02:52<07:21,  6.14s/epoch, best=1.615e+01, sign=0.186, train=1.744e+01, val=1.607e+01]
GNN flow training:  28%|██▊       | 28/100 [02:58<07:21,  6.14s/epoch, best=1.607e+01, sign=0.185, train=1.733e+01, val=1.600e+01]
GNN flow training:  29%|██▉       | 29/100 [02:58<07:15,  6.13s/epoch, best=1.607e+01, sign=0.185, train=1.733e+01, val=1.600e+01]
GNN flow training:  29%|██▉       | 29/100 [03:04<07:15,  6.13s/epoch, best=1.600e+01, sign=0.182, train=1.724e+01, val=1.582e+01]
GNN flow training:  30%|███       | 30/100 [03:04<07:07,  6.11s/epoch, best=1.600e+01, sign=0.182, train=1.724e+01, val=1.582e+01]
GNN flow training:  30%|███       | 30/100 [03:10<07:07,  6.11s/epoch, best=1.582e+01, sign=0.180, train=1.704e+01, val=1.568e+01]
GNN flow training:  31%|███       | 31/100 [03:10<07:01,  6.10s/epoch, best=1.582e+01, sign=0.180, train=1.704e+01, val=1.568e+01]
GNN flow training:  31%|███       | 31/100 [03:16<07:01,  6.10s/epoch, best=1.568e+01, sign=0.178, train=1.690e+01, val=1.540e+01]
GNN flow training:  32%|███▏      | 32/100 [03:16<06:54,  6.10s/epoch, best=1.568e+01, sign=0.178, train=1.690e+01, val=1.540e+01]
GNN flow training:  32%|███▏      | 32/100 [03:22<06:54,  6.10s/epoch, best=1.540e+01, sign=0.177, train=1.659e+01, val=1.511e+01]
GNN flow training:  33%|███▎      | 33/100 [03:22<06:48,  6.10s/epoch, best=1.540e+01, sign=0.177, train=1.659e+01, val=1.511e+01]
GNN flow training:  33%|███▎      | 33/100 [03:28<06:48,  6.10s/epoch, best=1.511e+01, sign=0.170, train=1.630e+01, val=1.472e+01]
GNN flow training:  34%|███▍      | 34/100 [03:28<06:42,  6.10s/epoch, best=1.511e+01, sign=0.170, train=1.630e+01, val=1.472e+01]
GNN flow training:  34%|███▍      | 34/100 [03:34<06:42,  6.10s/epoch, best=1.472e+01, sign=0.166, train=1.580e+01, val=1.456e+01]
GNN flow training:  35%|███▌      | 35/100 [03:34<06:36,  6.11s/epoch, best=1.472e+01, sign=0.166, train=1.580e+01, val=1.456e+01]
GNN flow training:  35%|███▌      | 35/100 [03:40<06:36,  6.11s/epoch, best=1.456e+01, sign=0.166, train=1.558e+01, val=1.437e+01]
GNN flow training:  36%|███▌      | 36/100 [03:40<06:30,  6.11s/epoch, best=1.456e+01, sign=0.166, train=1.558e+01, val=1.437e+01]
GNN flow training:  36%|███▌      | 36/100 [03:46<06:30,  6.11s/epoch, best=1.437e+01, sign=0.164, train=1.535e+01, val=1.423e+01]
GNN flow training:  37%|███▋      | 37/100 [03:46<06:24,  6.10s/epoch, best=1.437e+01, sign=0.164, train=1.535e+01, val=1.423e+01]
GNN flow training:  37%|███▋      | 37/100 [03:53<06:24,  6.10s/epoch, best=1.423e+01, sign=0.163, train=1.517e+01, val=1.405e+01]
GNN flow training:  38%|███▊      | 38/100 [03:53<06:17,  6.09s/epoch, best=1.423e+01, sign=0.163, train=1.517e+01, val=1.405e+01]
GNN flow training:  38%|███▊      | 38/100 [03:59<06:17,  6.09s/epoch, best=1.405e+01, sign=0.163, train=1.494e+01, val=1.382e+01]
GNN flow training:  39%|███▉      | 39/100 [03:59<06:10,  6.08s/epoch, best=1.405e+01, sign=0.163, train=1.494e+01, val=1.382e+01]
GNN flow training:  39%|███▉      | 39/100 [04:05<06:10,  6.08s/epoch, best=1.382e+01, sign=0.167, train=1.466e+01, val=1.364e+01]
GNN flow training:  40%|████      | 40/100 [04:05<06:05,  6.09s/epoch, best=1.382e+01, sign=0.167, train=1.466e+01, val=1.364e+01]
GNN flow training:  40%|████      | 40/100 [04:11<06:05,  6.09s/epoch, best=1.364e+01, sign=0.170, train=1.446e+01, val=1.359e+01]
GNN flow training:  41%|████      | 41/100 [04:11<05:58,  6.07s/epoch, best=1.364e+01, sign=0.170, train=1.446e+01, val=1.359e+01]
GNN flow training:  41%|████      | 41/100 [04:17<05:58,  6.07s/epoch, best=1.359e+01, sign=0.167, train=1.445e+01, val=1.325e+01]
GNN flow training:  42%|████▏     | 42/100 [04:17<05:52,  6.08s/epoch, best=1.359e+01, sign=0.167, train=1.445e+01, val=1.325e+01]
GNN flow training:  42%|████▏     | 42/100 [04:23<05:52,  6.08s/epoch, best=1.325e+01, sign=0.169, train=1.399e+01, val=1.306e+01]
GNN flow training:  43%|████▎     | 43/100 [04:23<05:47,  6.09s/epoch, best=1.325e+01, sign=0.169, train=1.399e+01, val=1.306e+01]
GNN flow training:  43%|████▎     | 43/100 [04:29<05:47,  6.09s/epoch, best=1.306e+01, sign=0.169, train=1.378e+01, val=1.262e+01]
GNN flow training:  44%|████▍     | 44/100 [04:29<05:41,  6.10s/epoch, best=1.306e+01, sign=0.169, train=1.378e+01, val=1.262e+01]
GNN flow training:  44%|████▍     | 44/100 [04:35<05:41,  6.10s/epoch, best=1.262e+01, sign=0.169, train=1.338e+01, val=1.244e+01]
GNN flow training:  45%|████▌     | 45/100 [04:35<05:35,  6.10s/epoch, best=1.262e+01, sign=0.169, train=1.338e+01, val=1.244e+01]
GNN flow training:  45%|████▌     | 45/100 [04:41<05:35,  6.10s/epoch, best=1.244e+01, sign=0.169, train=1.325e+01, val=1.235e+01]
GNN flow training:  46%|████▌     | 46/100 [04:41<05:28,  6.09s/epoch, best=1.244e+01, sign=0.169, train=1.325e+01, val=1.235e+01]
GNN flow training:  46%|████▌     | 46/100 [04:47<05:28,  6.09s/epoch, best=1.235e+01, sign=0.167, train=1.314e+01, val=1.225e+01]
GNN flow training:  47%|████▋     | 47/100 [04:47<05:23,  6.10s/epoch, best=1.235e+01, sign=0.167, train=1.314e+01, val=1.225e+01]
GNN flow training:  47%|████▋     | 47/100 [04:53<05:23,  6.10s/epoch, best=1.225e+01, sign=0.164, train=1.299e+01, val=1.225e+01]
GNN flow training:  48%|████▊     | 48/100 [04:53<05:17,  6.11s/epoch, best=1.225e+01, sign=0.164, train=1.299e+01, val=1.225e+01]
GNN flow training:  48%|████▊     | 48/100 [05:00<05:17,  6.11s/epoch, best=1.225e+01, sign=0.162, train=1.291e+01, val=1.215e+01]
GNN flow training:  49%|████▉     | 49/100 [05:00<05:11,  6.10s/epoch, best=1.225e+01, sign=0.162, train=1.291e+01, val=1.215e+01]
GNN flow training:  49%|████▉     | 49/100 [05:06<05:11,  6.10s/epoch, best=1.215e+01, sign=0.163, train=1.278e+01, val=1.204e+01]
GNN flow training:  50%|█████     | 50/100 [05:06<05:04,  6.10s/epoch, best=1.215e+01, sign=0.163, train=1.278e+01, val=1.204e+01]
GNN flow training:  50%|█████     | 50/100 [05:12<05:04,  6.10s/epoch, best=1.204e+01, sign=0.164, train=1.266e+01, val=1.198e+01]
GNN flow training:  51%|█████     | 51/100 [05:12<04:58,  6.08s/epoch, best=1.204e+01, sign=0.164, train=1.266e+01, val=1.198e+01]
GNN flow training:  51%|█████     | 51/100 [05:18<04:58,  6.08s/epoch, best=1.198e+01, sign=0.164, train=1.258e+01, val=1.211e+01]
GNN flow training:  52%|█████▏    | 52/100 [05:18<04:51,  6.08s/epoch, best=1.198e+01, sign=0.164, train=1.258e+01, val=1.211e+01]
GNN flow training:  52%|█████▏    | 52/100 [05:24<04:51,  6.08s/epoch, best=1.198e+01, sign=0.164, train=1.260e+01, val=1.205e+01]
GNN flow training:  53%|█████▎    | 53/100 [05:24<04:45,  6.08s/epoch, best=1.198e+01, sign=0.164, train=1.260e+01, val=1.205e+01]
GNN flow training:  53%|█████▎    | 53/100 [05:30<04:45,  6.08s/epoch, best=1.198e+01, sign=0.165, train=1.252e+01, val=1.201e+01]
GNN flow training:  54%|█████▍    | 54/100 [05:30<04:39,  6.07s/epoch, best=1.198e+01, sign=0.165, train=1.252e+01, val=1.201e+01]
GNN flow training:  54%|█████▍    | 54/100 [05:36<04:39,  6.07s/epoch, best=1.198e+01, sign=0.169, train=1.254e+01, val=1.209e+01]
GNN flow training:  55%|█████▌    | 55/100 [05:36<04:33,  6.09s/epoch, best=1.198e+01, sign=0.169, train=1.254e+01, val=1.209e+01]
GNN flow training:  55%|█████▌    | 55/100 [05:42<04:33,  6.09s/epoch, best=1.198e+01, sign=0.171, train=1.265e+01, val=1.220e+01]
GNN flow training:  56%|█████▌    | 56/100 [05:42<04:28,  6.11s/epoch, best=1.198e+01, sign=0.171, train=1.265e+01, val=1.220e+01]
GNN flow training:  56%|█████▌    | 56/100 [05:48<04:28,  6.11s/epoch, best=1.198e+01, sign=0.169, train=1.274e+01, val=1.225e+01]
GNN flow training:  57%|█████▋    | 57/100 [05:48<04:22,  6.10s/epoch, best=1.198e+01, sign=0.169, train=1.274e+01, val=1.225e+01]
GNN flow training:  57%|█████▋    | 57/100 [05:54<04:22,  6.10s/epoch, best=1.198e+01, sign=0.163, train=1.275e+01, val=1.226e+01]
GNN flow training:  58%|█████▊    | 58/100 [05:54<04:16,  6.10s/epoch, best=1.198e+01, sign=0.163, train=1.275e+01, val=1.226e+01]
GNN flow training:  58%|█████▊    | 58/100 [06:00<04:16,  6.10s/epoch, best=1.198e+01, sign=0.163, train=1.269e+01, val=1.214e+01]
GNN flow training:  59%|█████▉    | 59/100 [06:00<04:10,  6.11s/epoch, best=1.198e+01, sign=0.163, train=1.269e+01, val=1.214e+01]
GNN flow training:  59%|█████▉    | 59/100 [06:07<04:10,  6.11s/epoch, best=1.198e+01, sign=0.158, train=1.256e+01, val=1.213e+01]
GNN flow training:  60%|██████    | 60/100 [06:07<04:03,  6.09s/epoch, best=1.198e+01, sign=0.158, train=1.256e+01, val=1.213e+01]
GNN flow training:  60%|██████    | 60/100 [06:13<04:03,  6.09s/epoch, best=1.198e+01, sign=0.151, train=1.242e+01, val=1.214e+01]
GNN flow training:  61%|██████    | 61/100 [06:13<03:58,  6.11s/epoch, best=1.198e+01, sign=0.151, train=1.242e+01, val=1.214e+01]
GNN flow training:  61%|██████    | 61/100 [06:19<03:58,  6.11s/epoch, best=1.198e+01, sign=0.146, train=1.265e+01, val=1.243e+01]
GNN flow training:  62%|██████▏   | 62/100 [06:19<03:51,  6.10s/epoch, best=1.198e+01, sign=0.146, train=1.265e+01, val=1.243e+01]
GNN flow training:  62%|██████▏   | 62/100 [06:25<03:51,  6.10s/epoch, best=1.198e+01, sign=0.147, train=1.291e+01, val=1.236e+01]
GNN flow training:  63%|██████▎   | 63/100 [06:25<03:46,  6.11s/epoch, best=1.198e+01, sign=0.147, train=1.291e+01, val=1.236e+01]
GNN flow training:  63%|██████▎   | 63/100 [06:31<03:46,  6.11s/epoch, best=1.198e+01, sign=0.147, train=1.267e+01, val=1.211e+01]
GNN flow training:  64%|██████▍   | 64/100 [06:31<03:39,  6.10s/epoch, best=1.198e+01, sign=0.147, train=1.267e+01, val=1.211e+01]
GNN flow training:  64%|██████▍   | 64/100 [06:37<03:39,  6.10s/epoch, best=1.198e+01, sign=0.140, train=1.240e+01, val=1.198e+01]
GNN flow training:  65%|██████▌   | 65/100 [06:37<03:33,  6.10s/epoch, best=1.198e+01, sign=0.140, train=1.240e+01, val=1.198e+01]
GNN flow training:  65%|██████▌   | 65/100 [06:43<03:33,  6.10s/epoch, best=1.198e+01, sign=0.141, train=1.236e+01, val=1.194e+01]
GNN flow training:  66%|██████▌   | 66/100 [06:43<03:27,  6.10s/epoch, best=1.198e+01, sign=0.141, train=1.236e+01, val=1.194e+01]
GNN flow training:  66%|██████▌   | 66/100 [06:49<03:27,  6.10s/epoch, best=1.194e+01, sign=0.152, train=1.231e+01, val=1.174e+01]
GNN flow training:  67%|██████▋   | 67/100 [06:49<03:21,  6.11s/epoch, best=1.194e+01, sign=0.152, train=1.231e+01, val=1.174e+01]
GNN flow training:  67%|██████▋   | 67/100 [06:55<03:21,  6.11s/epoch, best=1.174e+01, sign=0.160, train=1.215e+01, val=1.170e+01]
GNN flow training:  68%|██████▊   | 68/100 [06:55<03:14,  6.09s/epoch, best=1.174e+01, sign=0.160, train=1.215e+01, val=1.170e+01]
GNN flow training:  68%|██████▊   | 68/100 [07:01<03:14,  6.09s/epoch, best=1.170e+01, sign=0.164, train=1.223e+01, val=1.171e+01]
GNN flow training:  69%|██████▉   | 69/100 [07:01<03:08,  6.07s/epoch, best=1.170e+01, sign=0.164, train=1.223e+01, val=1.171e+01]
GNN flow training:  69%|██████▉   | 69/100 [07:08<03:08,  6.07s/epoch, best=1.170e+01, sign=0.162, train=1.224e+01, val=1.184e+01]
GNN flow training:  70%|███████   | 70/100 [07:08<03:02,  6.09s/epoch, best=1.170e+01, sign=0.162, train=1.224e+01, val=1.184e+01]
GNN flow training:  70%|███████   | 70/100 [07:14<03:02,  6.09s/epoch, best=1.170e+01, sign=0.156, train=1.225e+01, val=1.169e+01]
GNN flow training:  71%|███████   | 71/100 [07:14<02:56,  6.08s/epoch, best=1.170e+01, sign=0.156, train=1.225e+01, val=1.169e+01]
GNN flow training:  71%|███████   | 71/100 [07:20<02:56,  6.08s/epoch, best=1.169e+01, sign=0.142, train=1.210e+01, val=1.176e+01]
GNN flow training:  72%|███████▏  | 72/100 [07:20<02:50,  6.08s/epoch, best=1.169e+01, sign=0.142, train=1.210e+01, val=1.176e+01]
GNN flow training:  72%|███████▏  | 72/100 [07:26<02:50,  6.08s/epoch, best=1.169e+01, sign=0.141, train=1.211e+01, val=1.191e+01]
GNN flow training:  73%|███████▎  | 73/100 [07:26<02:44,  6.08s/epoch, best=1.169e+01, sign=0.141, train=1.211e+01, val=1.191e+01]
GNN flow training:  73%|███████▎  | 73/100 [07:32<02:44,  6.08s/epoch, best=1.169e+01, sign=0.144, train=1.224e+01, val=1.154e+01]
GNN flow training:  74%|███████▍  | 74/100 [07:32<02:38,  6.09s/epoch, best=1.169e+01, sign=0.144, train=1.224e+01, val=1.154e+01]
GNN flow training:  74%|███████▍  | 74/100 [07:38<02:38,  6.09s/epoch, best=1.154e+01, sign=0.148, train=1.202e+01, val=1.147e+01]
GNN flow training:  75%|███████▌  | 75/100 [07:38<02:32,  6.10s/epoch, best=1.154e+01, sign=0.148, train=1.202e+01, val=1.147e+01]
GNN flow training:  75%|███████▌  | 75/100 [07:44<02:32,  6.10s/epoch, best=1.147e+01, sign=0.150, train=1.199e+01, val=1.142e+01]
GNN flow training:  76%|███████▌  | 76/100 [07:44<02:26,  6.09s/epoch, best=1.147e+01, sign=0.150, train=1.199e+01, val=1.142e+01]
GNN flow training:  76%|███████▌  | 76/100 [07:50<02:26,  6.09s/epoch, best=1.142e+01, sign=0.149, train=1.197e+01, val=1.134e+01]
GNN flow training:  77%|███████▋  | 77/100 [07:50<02:20,  6.09s/epoch, best=1.142e+01, sign=0.149, train=1.197e+01, val=1.134e+01]
GNN flow training:  77%|███████▋  | 77/100 [07:56<02:20,  6.09s/epoch, best=1.134e+01, sign=0.145, train=1.196e+01, val=1.142e+01]
GNN flow training:  78%|███████▊  | 78/100 [07:56<02:13,  6.08s/epoch, best=1.134e+01, sign=0.145, train=1.196e+01, val=1.142e+01]
GNN flow training:  78%|███████▊  | 78/100 [08:02<02:13,  6.08s/epoch, best=1.134e+01, sign=0.143, train=1.196e+01, val=1.159e+01]
GNN flow training:  79%|███████▉  | 79/100 [08:02<02:07,  6.06s/epoch, best=1.134e+01, sign=0.143, train=1.196e+01, val=1.159e+01]
GNN flow training:  79%|███████▉  | 79/100 [08:08<02:07,  6.06s/epoch, best=1.134e+01, sign=0.147, train=1.203e+01, val=1.133e+01]
GNN flow training:  80%|████████  | 80/100 [08:08<02:01,  6.07s/epoch, best=1.134e+01, sign=0.147, train=1.203e+01, val=1.133e+01]
GNN flow training:  80%|████████  | 80/100 [08:14<02:01,  6.07s/epoch, best=1.133e+01, sign=0.153, train=1.191e+01, val=1.132e+01]
GNN flow training:  81%|████████  | 81/100 [08:14<01:55,  6.07s/epoch, best=1.133e+01, sign=0.153, train=1.191e+01, val=1.132e+01]
GNN flow training:  81%|████████  | 81/100 [08:20<01:55,  6.07s/epoch, best=1.132e+01, sign=0.148, train=1.185e+01, val=1.131e+01]
GNN flow training:  82%|████████▏ | 82/100 [08:20<01:49,  6.07s/epoch, best=1.132e+01, sign=0.148, train=1.185e+01, val=1.131e+01]
GNN flow training:  82%|████████▏ | 82/100 [08:27<01:49,  6.07s/epoch, best=1.131e+01, sign=0.139, train=1.183e+01, val=1.171e+01]
GNN flow training:  83%|████████▎ | 83/100 [08:27<01:43,  6.08s/epoch, best=1.131e+01, sign=0.139, train=1.183e+01, val=1.171e+01]
GNN flow training:  83%|████████▎ | 83/100 [08:33<01:43,  6.08s/epoch, best=1.131e+01, sign=0.142, train=1.205e+01, val=1.155e+01]
GNN flow training:  84%|████████▍ | 84/100 [08:33<01:37,  6.07s/epoch, best=1.131e+01, sign=0.142, train=1.205e+01, val=1.155e+01]
GNN flow training:  84%|████████▍ | 84/100 [08:39<01:37,  6.07s/epoch, best=1.131e+01, sign=0.155, train=1.192e+01, val=1.127e+01]
GNN flow training:  85%|████████▌ | 85/100 [08:39<01:31,  6.08s/epoch, best=1.131e+01, sign=0.155, train=1.192e+01, val=1.127e+01]
GNN flow training:  85%|████████▌ | 85/100 [08:45<01:31,  6.08s/epoch, best=1.127e+01, sign=0.155, train=1.183e+01, val=1.125e+01]
GNN flow training:  86%|████████▌ | 86/100 [08:45<01:25,  6.08s/epoch, best=1.127e+01, sign=0.155, train=1.183e+01, val=1.125e+01]
GNN flow training:  86%|████████▌ | 86/100 [08:51<01:25,  6.08s/epoch, best=1.125e+01, sign=0.144, train=1.182e+01, val=1.131e+01]
GNN flow training:  87%|████████▋ | 87/100 [08:51<01:19,  6.08s/epoch, best=1.125e+01, sign=0.144, train=1.182e+01, val=1.131e+01]
GNN flow training:  87%|████████▋ | 87/100 [08:57<01:19,  6.08s/epoch, best=1.125e+01, sign=0.145, train=1.180e+01, val=1.126e+01]
GNN flow training:  88%|████████▊ | 88/100 [08:57<01:12,  6.07s/epoch, best=1.125e+01, sign=0.145, train=1.180e+01, val=1.126e+01]
GNN flow training:  88%|████████▊ | 88/100 [09:03<01:12,  6.07s/epoch, best=1.125e+01, sign=0.151, train=1.179e+01, val=1.119e+01]
GNN flow training:  89%|████████▉ | 89/100 [09:03<01:06,  6.07s/epoch, best=1.125e+01, sign=0.151, train=1.179e+01, val=1.119e+01]
GNN flow training:  89%|████████▉ | 89/100 [09:09<01:06,  6.07s/epoch, best=1.119e+01, sign=0.149, train=1.178e+01, val=1.117e+01]
GNN flow training:  90%|█████████ | 90/100 [09:09<01:00,  6.06s/epoch, best=1.119e+01, sign=0.149, train=1.178e+01, val=1.117e+01]
GNN flow training:  90%|█████████ | 90/100 [09:15<01:00,  6.06s/epoch, best=1.117e+01, sign=0.143, train=1.176e+01, val=1.130e+01]
GNN flow training:  91%|█████████ | 91/100 [09:15<00:54,  6.07s/epoch, best=1.117e+01, sign=0.143, train=1.176e+01, val=1.130e+01]
GNN flow training:  91%|█████████ | 91/100 [09:21<00:54,  6.07s/epoch, best=1.117e+01, sign=0.139, train=1.180e+01, val=1.183e+01]
GNN flow training:  92%|█████████▏| 92/100 [09:21<00:48,  6.06s/epoch, best=1.117e+01, sign=0.139, train=1.180e+01, val=1.183e+01]
GNN flow training:  92%|█████████▏| 92/100 [09:27<00:48,  6.06s/epoch, best=1.117e+01, sign=0.142, train=1.230e+01, val=1.185e+01]
GNN flow training:  93%|█████████▎| 93/100 [09:27<00:42,  6.06s/epoch, best=1.117e+01, sign=0.142, train=1.230e+01, val=1.185e+01]
GNN flow training:  93%|█████████▎| 93/100 [09:33<00:42,  6.06s/epoch, best=1.117e+01, sign=0.148, train=1.232e+01, val=1.164e+01]
GNN flow training:  94%|█████████▍| 94/100 [09:33<00:36,  6.06s/epoch, best=1.117e+01, sign=0.148, train=1.232e+01, val=1.164e+01]
GNN flow training:  94%|█████████▍| 94/100 [09:39<00:36,  6.06s/epoch, best=1.117e+01, sign=0.163, train=1.214e+01, val=1.130e+01]
GNN flow training:  95%|█████████▌| 95/100 [09:39<00:30,  6.06s/epoch, best=1.117e+01, sign=0.163, train=1.214e+01, val=1.130e+01]
GNN flow training:  95%|█████████▌| 95/100 [09:45<00:30,  6.06s/epoch, best=1.117e+01, sign=0.165, train=1.196e+01, val=1.153e+01]
GNN flow training:  96%|█████████▌| 96/100 [09:45<00:24,  6.07s/epoch, best=1.117e+01, sign=0.165, train=1.196e+01, val=1.153e+01]
GNN flow training:  96%|█████████▌| 96/100 [09:52<00:24,  6.07s/epoch, best=1.117e+01, sign=0.165, train=1.204e+01, val=1.130e+01]
GNN flow training:  97%|█████████▋| 97/100 [09:52<00:18,  6.08s/epoch, best=1.117e+01, sign=0.165, train=1.204e+01, val=1.130e+01]
GNN flow training:  97%|█████████▋| 97/100 [09:58<00:18,  6.08s/epoch, best=1.117e+01, sign=0.154, train=1.189e+01, val=1.110e+01]
GNN flow training:  98%|█████████▊| 98/100 [09:58<00:12,  6.09s/epoch, best=1.117e+01, sign=0.154, train=1.189e+01, val=1.110e+01]
GNN flow training:  98%|█████████▊| 98/100 [10:04<00:12,  6.09s/epoch, best=1.110e+01, sign=0.142, train=1.173e+01, val=1.134e+01]
GNN flow training:  99%|█████████▉| 99/100 [10:04<00:06,  6.08s/epoch, best=1.110e+01, sign=0.142, train=1.173e+01, val=1.134e+01]
GNN flow training:  99%|█████████▉| 99/100 [10:10<00:06,  6.08s/epoch, best=1.110e+01, sign=0.140, train=1.182e+01, val=1.160e+01]
GNN flow training: 100%|██████████| 100/100 [10:10<00:00,  6.06s/epoch, best=1.110e+01, sign=0.140, train=1.182e+01, val=1.160e+01]
GNN flow training: 100%|██████████| 100/100 [10:10<00:00,  6.10s/epoch, best=1.110e+01, sign=0.140, train=1.182e+01, val=1.160e+01]
Resolved config snapshot:
{'preset': 'solver_QKB_outer_QKBdelta', 'gnn_outer_losses': {'flow': 100.0, 'kirchhoff': 1.0, 'boundary': 100.0, 'delta_l2': 0.1, 'delta_smooth': 0.0, 'pressure_shape': 0.0}, 'physics': {'arterial_flow_mode': 'dataset', 'pressure_constraints': ['equal-a-equal-v'], 'alpha_pa': None, 'use_snr_weights': True, 'use_observed_flow_snr_weighting': True, 'flow_scale_mode': 'median_abs', 'solver_device': 'same', 'pressure_solver_mode': 'reduced-soft-constrained-lstsq', 'pressure_solver_lambda_kirchhoff': 1.0, 'pressure_solver_lambda_pressure_constraints': 100.0, 'pressure_solver_lambda_flow_residual': 1.0, 'pressure_shape_reference': 'delta_zero_reference', 'pressure_detach': False}, 'correction_bounds': {'correction_min': -0.5, 'correction_max': 0.5, 'correction_bound': 0.5, 'correction_parameterization': 'tanh'}, 'optimization': {'learning_rate': 0.001, 'weight_decay': 0.0001, 'gradient_clip_norm': 5.0, 'optimizer': 'adamw', 'epochs': 100, 'patience': 40}}
Shard 53/80: 1 of 80 runs
Command: /mnt/home/sswee/miniforge3/envs/yolk-sac/bin/python /mnt/home/sswee/yolk/Yolk-Sac-Flow-Data-and-Sim/gnn_clean/scripts/python/gnn_flow.py /mnt/home/sswee/yolk/Yolk-Sac-Flow-Data-and-Sim/gnn_clean/datasets/mosaic_graph_canonical_harmonized/mosaic_graph_canonical_harmonized.gpickle --output-dir /mnt/home/sswee/yolk/Yolk-Sac-Flow-Data-and-Sim/gnn_clean/outputs_canonical/dc/02_physics_weight_sweep/gnn --run-name q_100__k_1__delta_0p1 --preset solver_QKB_outer_QKBdelta --device cuda --epochs 100 --seed 0 --viscosity-pa-s 0.0035 --config /mnt/home/sswee/yolk/Yolk-Sac-Flow-Data-and-Sim/gnn_clean/outputs_canonical/dc/02_physics_weight_sweep/_generated_configs/q_100__k_1__delta_0p1.yaml --no-pressure-detach
