
GNN flow training:   0%|          | 0/100 [00:00<?, ?epoch/s]
GNN flow training:   0%|          | 0/100 [00:04<?, ?epoch/s, best=1.271e+03, sign=0.194, train=1.270e+03, val=1.271e+03]
GNN flow training:   1%|          | 1/100 [00:04<07:42,  4.68s/epoch, best=1.271e+03, sign=0.194, train=1.270e+03, val=1.271e+03]
GNN flow training:   1%|          | 1/100 [00:09<07:42,  4.68s/epoch, best=1.271e+03, sign=0.194, train=1.271e+03, val=1.274e+03]
GNN flow training:   2%|▏         | 2/100 [00:09<07:28,  4.57s/epoch, best=1.271e+03, sign=0.194, train=1.271e+03, val=1.274e+03]
GNN flow training:   2%|▏         | 2/100 [00:13<07:28,  4.57s/epoch, best=1.271e+03, sign=0.194, train=1.274e+03, val=1.273e+03]
GNN flow training:   3%|▎         | 3/100 [00:13<07:19,  4.53s/epoch, best=1.271e+03, sign=0.194, train=1.274e+03, val=1.273e+03]
GNN flow training:   3%|▎         | 3/100 [00:18<07:19,  4.53s/epoch, best=1.271e+03, sign=0.194, train=1.273e+03, val=1.269e+03]
GNN flow training:   4%|▍         | 4/100 [00:18<07:12,  4.50s/epoch, best=1.271e+03, sign=0.194, train=1.273e+03, val=1.269e+03]
GNN flow training:   4%|▍         | 4/100 [00:22<07:12,  4.50s/epoch, best=1.269e+03, sign=0.194, train=1.269e+03, val=1.271e+03]
GNN flow training:   5%|▌         | 5/100 [00:22<07:07,  4.50s/epoch, best=1.269e+03, sign=0.194, train=1.269e+03, val=1.271e+03]
GNN flow training:   5%|▌         | 5/100 [00:27<07:07,  4.50s/epoch, best=1.269e+03, sign=0.194, train=1.271e+03, val=1.268e+03]
GNN flow training:   6%|▌         | 6/100 [00:27<07:02,  4.49s/epoch, best=1.269e+03, sign=0.194, train=1.271e+03, val=1.268e+03]
GNN flow training:   6%|▌         | 6/100 [00:31<07:02,  4.49s/epoch, best=1.268e+03, sign=0.194, train=1.268e+03, val=1.269e+03]
GNN flow training:   7%|▋         | 7/100 [00:31<06:59,  4.51s/epoch, best=1.268e+03, sign=0.194, train=1.268e+03, val=1.269e+03]
GNN flow training:   7%|▋         | 7/100 [00:36<06:59,  4.51s/epoch, best=1.268e+03, sign=0.194, train=1.269e+03, val=1.269e+03]
GNN flow training:   8%|▊         | 8/100 [00:36<06:53,  4.49s/epoch, best=1.268e+03, sign=0.194, train=1.269e+03, val=1.269e+03]
GNN flow training:   8%|▊         | 8/100 [00:40<06:53,  4.49s/epoch, best=1.268e+03, sign=0.194, train=1.269e+03, val=1.268e+03]
GNN flow training:   9%|▉         | 9/100 [00:40<06:47,  4.48s/epoch, best=1.268e+03, sign=0.194, train=1.269e+03, val=1.268e+03]
GNN flow training:   9%|▉         | 9/100 [00:45<06:47,  4.48s/epoch, best=1.268e+03, sign=0.194, train=1.268e+03, val=1.266e+03]
GNN flow training:  10%|█         | 10/100 [00:45<06:44,  4.50s/epoch, best=1.268e+03, sign=0.194, train=1.268e+03, val=1.266e+03]
GNN flow training:  10%|█         | 10/100 [00:49<06:44,  4.50s/epoch, best=1.266e+03, sign=0.194, train=1.266e+03, val=1.264e+03]
GNN flow training:  11%|█         | 11/100 [00:49<06:40,  4.50s/epoch, best=1.266e+03, sign=0.194, train=1.266e+03, val=1.264e+03]
GNN flow training:  11%|█         | 11/100 [00:54<06:40,  4.50s/epoch, best=1.264e+03, sign=0.192, train=1.264e+03, val=1.268e+03]
GNN flow training:  12%|█▏        | 12/100 [00:54<06:34,  4.49s/epoch, best=1.264e+03, sign=0.192, train=1.264e+03, val=1.268e+03]
GNN flow training:  12%|█▏        | 12/100 [00:58<06:34,  4.49s/epoch, best=1.264e+03, sign=0.192, train=1.268e+03, val=1.267e+03]
GNN flow training:  13%|█▎        | 13/100 [00:58<06:29,  4.48s/epoch, best=1.264e+03, sign=0.192, train=1.268e+03, val=1.267e+03]
GNN flow training:  13%|█▎        | 13/100 [01:02<06:29,  4.48s/epoch, best=1.264e+03, sign=0.193, train=1.267e+03, val=1.266e+03]
GNN flow training:  14%|█▍        | 14/100 [01:02<06:24,  4.47s/epoch, best=1.264e+03, sign=0.193, train=1.267e+03, val=1.266e+03]
GNN flow training:  14%|█▍        | 14/100 [01:07<06:24,  4.47s/epoch, best=1.264e+03, sign=0.193, train=1.266e+03, val=1.266e+03]
GNN flow training:  15%|█▌        | 15/100 [01:07<06:21,  4.49s/epoch, best=1.264e+03, sign=0.193, train=1.266e+03, val=1.266e+03]
GNN flow training:  15%|█▌        | 15/100 [01:12<06:21,  4.49s/epoch, best=1.264e+03, sign=0.193, train=1.266e+03, val=1.265e+03]
GNN flow training:  16%|█▌        | 16/100 [01:12<06:17,  4.50s/epoch, best=1.264e+03, sign=0.193, train=1.266e+03, val=1.265e+03]
GNN flow training:  16%|█▌        | 16/100 [01:16<06:17,  4.50s/epoch, best=1.264e+03, sign=0.193, train=1.265e+03, val=1.264e+03]
GNN flow training:  17%|█▋        | 17/100 [01:16<06:13,  4.50s/epoch, best=1.264e+03, sign=0.193, train=1.265e+03, val=1.264e+03]
GNN flow training:  17%|█▋        | 17/100 [01:20<06:13,  4.50s/epoch, best=1.264e+03, sign=0.193, train=1.264e+03, val=1.263e+03]
GNN flow training:  18%|█▊        | 18/100 [01:20<06:08,  4.49s/epoch, best=1.264e+03, sign=0.193, train=1.264e+03, val=1.263e+03]
GNN flow training:  18%|█▊        | 18/100 [01:25<06:08,  4.49s/epoch, best=1.263e+03, sign=0.193, train=1.263e+03, val=1.265e+03]
GNN flow training:  19%|█▉        | 19/100 [01:25<06:03,  4.49s/epoch, best=1.263e+03, sign=0.193, train=1.263e+03, val=1.265e+03]
GNN flow training:  19%|█▉        | 19/100 [01:29<06:03,  4.49s/epoch, best=1.263e+03, sign=0.192, train=1.265e+03, val=1.265e+03]
GNN flow training:  20%|██        | 20/100 [01:29<05:58,  4.49s/epoch, best=1.263e+03, sign=0.192, train=1.265e+03, val=1.265e+03]
GNN flow training:  20%|██        | 20/100 [01:34<05:58,  4.49s/epoch, best=1.263e+03, sign=0.192, train=1.265e+03, val=1.263e+03]
GNN flow training:  21%|██        | 21/100 [01:34<05:54,  4.49s/epoch, best=1.263e+03, sign=0.192, train=1.265e+03, val=1.263e+03]
GNN flow training:  21%|██        | 21/100 [01:38<05:54,  4.49s/epoch, best=1.263e+03, sign=0.192, train=1.263e+03, val=1.261e+03]
GNN flow training:  22%|██▏       | 22/100 [01:38<05:49,  4.48s/epoch, best=1.263e+03, sign=0.192, train=1.263e+03, val=1.261e+03]
GNN flow training:  22%|██▏       | 22/100 [01:43<05:49,  4.48s/epoch, best=1.261e+03, sign=0.191, train=1.261e+03, val=1.258e+03]
GNN flow training:  23%|██▎       | 23/100 [01:43<05:45,  4.48s/epoch, best=1.261e+03, sign=0.191, train=1.261e+03, val=1.258e+03]
GNN flow training:  23%|██▎       | 23/100 [01:47<05:45,  4.48s/epoch, best=1.258e+03, sign=0.191, train=1.258e+03, val=1.255e+03]
GNN flow training:  24%|██▍       | 24/100 [01:47<05:40,  4.48s/epoch, best=1.258e+03, sign=0.191, train=1.258e+03, val=1.255e+03]
GNN flow training:  24%|██▍       | 24/100 [01:52<05:40,  4.48s/epoch, best=1.255e+03, sign=0.190, train=1.255e+03, val=1.253e+03]
GNN flow training:  25%|██▌       | 25/100 [01:52<05:37,  4.49s/epoch, best=1.255e+03, sign=0.190, train=1.255e+03, val=1.253e+03]
GNN flow training:  25%|██▌       | 25/100 [01:56<05:37,  4.49s/epoch, best=1.253e+03, sign=0.190, train=1.253e+03, val=1.248e+03]
GNN flow training:  26%|██▌       | 26/100 [01:56<05:32,  4.50s/epoch, best=1.253e+03, sign=0.190, train=1.253e+03, val=1.248e+03]
GNN flow training:  26%|██▌       | 26/100 [02:01<05:32,  4.50s/epoch, best=1.248e+03, sign=0.191, train=1.248e+03, val=1.245e+03]
GNN flow training:  27%|██▋       | 27/100 [02:01<05:28,  4.51s/epoch, best=1.248e+03, sign=0.191, train=1.248e+03, val=1.245e+03]
GNN flow training:  27%|██▋       | 27/100 [02:05<05:28,  4.51s/epoch, best=1.245e+03, sign=0.190, train=1.245e+03, val=1.243e+03]
GNN flow training:  28%|██▊       | 28/100 [02:05<05:24,  4.51s/epoch, best=1.245e+03, sign=0.190, train=1.245e+03, val=1.243e+03]
GNN flow training:  28%|██▊       | 28/100 [02:10<05:24,  4.51s/epoch, best=1.243e+03, sign=0.189, train=1.243e+03, val=1.239e+03]
GNN flow training:  29%|██▉       | 29/100 [02:10<05:20,  4.52s/epoch, best=1.243e+03, sign=0.189, train=1.243e+03, val=1.239e+03]
GNN flow training:  29%|██▉       | 29/100 [02:14<05:20,  4.52s/epoch, best=1.239e+03, sign=0.188, train=1.239e+03, val=1.232e+03]
GNN flow training:  30%|███       | 30/100 [02:14<05:15,  4.51s/epoch, best=1.239e+03, sign=0.188, train=1.239e+03, val=1.232e+03]
GNN flow training:  30%|███       | 30/100 [02:19<05:15,  4.51s/epoch, best=1.232e+03, sign=0.188, train=1.232e+03, val=1.226e+03]
GNN flow training:  31%|███       | 31/100 [02:19<05:10,  4.50s/epoch, best=1.232e+03, sign=0.188, train=1.232e+03, val=1.226e+03]
GNN flow training:  31%|███       | 31/100 [02:23<05:10,  4.50s/epoch, best=1.226e+03, sign=0.186, train=1.226e+03, val=1.220e+03]
GNN flow training:  32%|███▏      | 32/100 [02:23<05:05,  4.49s/epoch, best=1.226e+03, sign=0.186, train=1.226e+03, val=1.220e+03]
GNN flow training:  32%|███▏      | 32/100 [02:28<05:05,  4.49s/epoch, best=1.220e+03, sign=0.184, train=1.220e+03, val=1.210e+03]
GNN flow training:  33%|███▎      | 33/100 [02:28<05:01,  4.49s/epoch, best=1.220e+03, sign=0.184, train=1.220e+03, val=1.210e+03]
GNN flow training:  33%|███▎      | 33/100 [02:32<05:01,  4.49s/epoch, best=1.210e+03, sign=0.182, train=1.210e+03, val=1.204e+03]
GNN flow training:  34%|███▍      | 34/100 [02:32<04:56,  4.50s/epoch, best=1.210e+03, sign=0.182, train=1.210e+03, val=1.204e+03]
GNN flow training:  34%|███▍      | 34/100 [02:37<04:56,  4.50s/epoch, best=1.204e+03, sign=0.182, train=1.204e+03, val=1.198e+03]
GNN flow training:  35%|███▌      | 35/100 [02:37<04:51,  4.49s/epoch, best=1.204e+03, sign=0.182, train=1.204e+03, val=1.198e+03]
GNN flow training:  35%|███▌      | 35/100 [02:41<04:51,  4.49s/epoch, best=1.198e+03, sign=0.181, train=1.198e+03, val=1.200e+03]
GNN flow training:  36%|███▌      | 36/100 [02:41<04:46,  4.48s/epoch, best=1.198e+03, sign=0.181, train=1.198e+03, val=1.200e+03]
GNN flow training:  36%|███▌      | 36/100 [02:46<04:46,  4.48s/epoch, best=1.198e+03, sign=0.180, train=1.200e+03, val=1.192e+03]
GNN flow training:  37%|███▋      | 37/100 [02:46<04:42,  4.48s/epoch, best=1.198e+03, sign=0.180, train=1.200e+03, val=1.192e+03]
GNN flow training:  37%|███▋      | 37/100 [02:50<04:42,  4.48s/epoch, best=1.192e+03, sign=0.179, train=1.192e+03, val=1.185e+03]
GNN flow training:  38%|███▊      | 38/100 [02:50<04:39,  4.50s/epoch, best=1.192e+03, sign=0.179, train=1.192e+03, val=1.185e+03]
GNN flow training:  38%|███▊      | 38/100 [02:55<04:39,  4.50s/epoch, best=1.185e+03, sign=0.178, train=1.185e+03, val=1.175e+03]
GNN flow training:  39%|███▉      | 39/100 [02:55<04:34,  4.50s/epoch, best=1.185e+03, sign=0.178, train=1.185e+03, val=1.175e+03]
GNN flow training:  39%|███▉      | 39/100 [02:59<04:34,  4.50s/epoch, best=1.175e+03, sign=0.179, train=1.175e+03, val=1.158e+03]
GNN flow training:  40%|████      | 40/100 [02:59<04:30,  4.50s/epoch, best=1.175e+03, sign=0.179, train=1.175e+03, val=1.158e+03]
GNN flow training:  40%|████      | 40/100 [03:04<04:30,  4.50s/epoch, best=1.158e+03, sign=0.178, train=1.158e+03, val=1.149e+03]
GNN flow training:  41%|████      | 41/100 [03:04<04:25,  4.50s/epoch, best=1.158e+03, sign=0.178, train=1.158e+03, val=1.149e+03]
GNN flow training:  41%|████      | 41/100 [03:08<04:25,  4.50s/epoch, best=1.149e+03, sign=0.178, train=1.149e+03, val=1.143e+03]
GNN flow training:  42%|████▏     | 42/100 [03:08<04:19,  4.48s/epoch, best=1.149e+03, sign=0.178, train=1.149e+03, val=1.143e+03]
GNN flow training:  42%|████▏     | 42/100 [03:13<04:19,  4.48s/epoch, best=1.143e+03, sign=0.179, train=1.143e+03, val=1.137e+03]
GNN flow training:  43%|████▎     | 43/100 [03:13<04:15,  4.48s/epoch, best=1.143e+03, sign=0.179, train=1.143e+03, val=1.137e+03]
GNN flow training:  43%|████▎     | 43/100 [03:17<04:15,  4.48s/epoch, best=1.137e+03, sign=0.181, train=1.137e+03, val=1.136e+03]
GNN flow training:  44%|████▍     | 44/100 [03:17<04:09,  4.46s/epoch, best=1.137e+03, sign=0.181, train=1.137e+03, val=1.136e+03]
GNN flow training:  44%|████▍     | 44/100 [03:22<04:09,  4.46s/epoch, best=1.136e+03, sign=0.188, train=1.136e+03, val=1.137e+03]
GNN flow training:  45%|████▌     | 45/100 [03:22<04:04,  4.45s/epoch, best=1.136e+03, sign=0.188, train=1.136e+03, val=1.137e+03]
GNN flow training:  45%|████▌     | 45/100 [03:26<04:04,  4.45s/epoch, best=1.136e+03, sign=0.192, train=1.137e+03, val=1.148e+03]
GNN flow training:  46%|████▌     | 46/100 [03:26<03:59,  4.44s/epoch, best=1.136e+03, sign=0.192, train=1.137e+03, val=1.148e+03]
GNN flow training:  46%|████▌     | 46/100 [03:31<03:59,  4.44s/epoch, best=1.136e+03, sign=0.185, train=1.148e+03, val=1.135e+03]
GNN flow training:  47%|████▋     | 47/100 [03:31<03:56,  4.45s/epoch, best=1.136e+03, sign=0.185, train=1.148e+03, val=1.135e+03]
GNN flow training:  47%|████▋     | 47/100 [03:35<03:56,  4.45s/epoch, best=1.135e+03, sign=0.179, train=1.135e+03, val=1.120e+03]
GNN flow training:  48%|████▊     | 48/100 [03:35<03:51,  4.46s/epoch, best=1.135e+03, sign=0.179, train=1.135e+03, val=1.120e+03]
GNN flow training:  48%|████▊     | 48/100 [03:39<03:51,  4.46s/epoch, best=1.120e+03, sign=0.168, train=1.120e+03, val=1.079e+03]
GNN flow training:  49%|████▉     | 49/100 [03:39<03:47,  4.45s/epoch, best=1.120e+03, sign=0.168, train=1.120e+03, val=1.079e+03]
GNN flow training:  49%|████▉     | 49/100 [03:44<03:47,  4.45s/epoch, best=1.079e+03, sign=0.165, train=1.079e+03, val=1.059e+03]
GNN flow training:  50%|█████     | 50/100 [03:44<03:42,  4.45s/epoch, best=1.079e+03, sign=0.165, train=1.079e+03, val=1.059e+03]
GNN flow training:  50%|█████     | 50/100 [03:48<03:42,  4.45s/epoch, best=1.059e+03, sign=0.165, train=1.059e+03, val=1.062e+03]
GNN flow training:  51%|█████     | 51/100 [03:48<03:38,  4.46s/epoch, best=1.059e+03, sign=0.165, train=1.059e+03, val=1.062e+03]
GNN flow training:  51%|█████     | 51/100 [03:53<03:38,  4.46s/epoch, best=1.059e+03, sign=0.164, train=1.062e+03, val=1.057e+03]
GNN flow training:  52%|█████▏    | 52/100 [03:53<03:34,  4.47s/epoch, best=1.059e+03, sign=0.164, train=1.062e+03, val=1.057e+03]
GNN flow training:  52%|█████▏    | 52/100 [03:57<03:34,  4.47s/epoch, best=1.057e+03, sign=0.164, train=1.057e+03, val=1.062e+03]
GNN flow training:  53%|█████▎    | 53/100 [03:57<03:29,  4.46s/epoch, best=1.057e+03, sign=0.164, train=1.057e+03, val=1.062e+03]
GNN flow training:  53%|█████▎    | 53/100 [04:02<03:29,  4.46s/epoch, best=1.057e+03, sign=0.164, train=1.062e+03, val=1.042e+03]
GNN flow training:  54%|█████▍    | 54/100 [04:02<03:24,  4.46s/epoch, best=1.057e+03, sign=0.164, train=1.062e+03, val=1.042e+03]
GNN flow training:  54%|█████▍    | 54/100 [04:06<03:24,  4.46s/epoch, best=1.042e+03, sign=0.164, train=1.042e+03, val=1.039e+03]
GNN flow training:  55%|█████▌    | 55/100 [04:06<03:20,  4.45s/epoch, best=1.042e+03, sign=0.164, train=1.042e+03, val=1.039e+03]
GNN flow training:  55%|█████▌    | 55/100 [04:11<03:20,  4.45s/epoch, best=1.039e+03, sign=0.161, train=1.039e+03, val=1.027e+03]
GNN flow training:  56%|█████▌    | 56/100 [04:11<03:15,  4.45s/epoch, best=1.039e+03, sign=0.161, train=1.039e+03, val=1.027e+03]
GNN flow training:  56%|█████▌    | 56/100 [04:15<03:15,  4.45s/epoch, best=1.027e+03, sign=0.162, train=1.027e+03, val=1.015e+03]
GNN flow training:  57%|█████▋    | 57/100 [04:15<03:11,  4.46s/epoch, best=1.027e+03, sign=0.162, train=1.027e+03, val=1.015e+03]
GNN flow training:  57%|█████▋    | 57/100 [04:20<03:11,  4.46s/epoch, best=1.015e+03, sign=0.162, train=1.015e+03, val=1.007e+03]
GNN flow training:  58%|█████▊    | 58/100 [04:20<03:07,  4.46s/epoch, best=1.015e+03, sign=0.162, train=1.015e+03, val=1.007e+03]
GNN flow training:  58%|█████▊    | 58/100 [04:24<03:07,  4.46s/epoch, best=1.007e+03, sign=0.168, train=1.007e+03, val=9.905e+02]
GNN flow training:  59%|█████▉    | 59/100 [04:24<03:03,  4.46s/epoch, best=1.007e+03, sign=0.168, train=1.007e+03, val=9.905e+02]
GNN flow training:  59%|█████▉    | 59/100 [04:29<03:03,  4.46s/epoch, best=9.905e+02, sign=0.176, train=9.905e+02, val=9.875e+02]
GNN flow training:  60%|██████    | 60/100 [04:29<02:58,  4.46s/epoch, best=9.905e+02, sign=0.176, train=9.905e+02, val=9.875e+02]
GNN flow training:  60%|██████    | 60/100 [04:33<02:58,  4.46s/epoch, best=9.875e+02, sign=0.173, train=9.875e+02, val=9.666e+02]
GNN flow training:  61%|██████    | 61/100 [04:33<02:53,  4.45s/epoch, best=9.875e+02, sign=0.173, train=9.875e+02, val=9.666e+02]
GNN flow training:  61%|██████    | 61/100 [04:37<02:53,  4.45s/epoch, best=9.666e+02, sign=0.174, train=9.666e+02, val=9.607e+02]
GNN flow training:  62%|██████▏   | 62/100 [04:37<02:49,  4.47s/epoch, best=9.666e+02, sign=0.174, train=9.666e+02, val=9.607e+02]
GNN flow training:  62%|██████▏   | 62/100 [04:42<02:49,  4.47s/epoch, best=9.607e+02, sign=0.168, train=9.607e+02, val=9.420e+02]
GNN flow training:  63%|██████▎   | 63/100 [04:42<02:45,  4.48s/epoch, best=9.607e+02, sign=0.168, train=9.607e+02, val=9.420e+02]
GNN flow training:  63%|██████▎   | 63/100 [04:46<02:45,  4.48s/epoch, best=9.420e+02, sign=0.165, train=9.420e+02, val=9.315e+02]
GNN flow training:  64%|██████▍   | 64/100 [04:46<02:41,  4.48s/epoch, best=9.420e+02, sign=0.165, train=9.420e+02, val=9.315e+02]
GNN flow training:  64%|██████▍   | 64/100 [04:51<02:41,  4.48s/epoch, best=9.315e+02, sign=0.163, train=9.315e+02, val=9.276e+02]
GNN flow training:  65%|██████▌   | 65/100 [04:51<02:36,  4.48s/epoch, best=9.315e+02, sign=0.163, train=9.315e+02, val=9.276e+02]
GNN flow training:  65%|██████▌   | 65/100 [04:55<02:36,  4.48s/epoch, best=9.276e+02, sign=0.163, train=9.276e+02, val=9.231e+02]
GNN flow training:  66%|██████▌   | 66/100 [04:55<02:31,  4.46s/epoch, best=9.276e+02, sign=0.163, train=9.276e+02, val=9.231e+02]
GNN flow training:  66%|██████▌   | 66/100 [05:00<02:31,  4.46s/epoch, best=9.231e+02, sign=0.170, train=9.231e+02, val=9.191e+02]
GNN flow training:  67%|██████▋   | 67/100 [05:00<02:27,  4.47s/epoch, best=9.231e+02, sign=0.170, train=9.231e+02, val=9.191e+02]
GNN flow training:  67%|██████▋   | 67/100 [05:04<02:27,  4.47s/epoch, best=9.191e+02, sign=0.170, train=9.191e+02, val=9.208e+02]
GNN flow training:  68%|██████▊   | 68/100 [05:04<02:23,  4.47s/epoch, best=9.191e+02, sign=0.170, train=9.191e+02, val=9.208e+02]
GNN flow training:  68%|██████▊   | 68/100 [05:09<02:23,  4.47s/epoch, best=9.191e+02, sign=0.172, train=9.208e+02, val=9.286e+02]
GNN flow training:  69%|██████▉   | 69/100 [05:09<02:18,  4.46s/epoch, best=9.191e+02, sign=0.172, train=9.208e+02, val=9.286e+02]
GNN flow training:  69%|██████▉   | 69/100 [05:13<02:18,  4.46s/epoch, best=9.191e+02, sign=0.164, train=9.286e+02, val=9.317e+02]
GNN flow training:  70%|███████   | 70/100 [05:13<02:13,  4.46s/epoch, best=9.191e+02, sign=0.164, train=9.286e+02, val=9.317e+02]
GNN flow training:  70%|███████   | 70/100 [05:18<02:13,  4.46s/epoch, best=9.191e+02, sign=0.164, train=9.317e+02, val=9.231e+02]
GNN flow training:  71%|███████   | 71/100 [05:18<02:09,  4.47s/epoch, best=9.191e+02, sign=0.164, train=9.317e+02, val=9.231e+02]
GNN flow training:  71%|███████   | 71/100 [05:22<02:09,  4.47s/epoch, best=9.191e+02, sign=0.170, train=9.231e+02, val=9.087e+02]
GNN flow training:  72%|███████▏  | 72/100 [05:22<02:04,  4.46s/epoch, best=9.191e+02, sign=0.170, train=9.231e+02, val=9.087e+02]
GNN flow training:  72%|███████▏  | 72/100 [05:27<02:04,  4.46s/epoch, best=9.087e+02, sign=0.172, train=9.087e+02, val=9.028e+02]
GNN flow training:  73%|███████▎  | 73/100 [05:27<02:00,  4.46s/epoch, best=9.087e+02, sign=0.172, train=9.087e+02, val=9.028e+02]
GNN flow training:  73%|███████▎  | 73/100 [05:31<02:00,  4.46s/epoch, best=9.028e+02, sign=0.173, train=9.028e+02, val=9.026e+02]
GNN flow training:  74%|███████▍  | 74/100 [05:31<01:56,  4.46s/epoch, best=9.028e+02, sign=0.173, train=9.028e+02, val=9.026e+02]
GNN flow training:  74%|███████▍  | 74/100 [05:36<01:56,  4.46s/epoch, best=9.026e+02, sign=0.165, train=9.026e+02, val=9.039e+02]
GNN flow training:  75%|███████▌  | 75/100 [05:36<01:51,  4.46s/epoch, best=9.026e+02, sign=0.165, train=9.026e+02, val=9.039e+02]
GNN flow training:  75%|███████▌  | 75/100 [05:40<01:51,  4.46s/epoch, best=9.026e+02, sign=0.156, train=9.039e+02, val=9.053e+02]
GNN flow training:  76%|███████▌  | 76/100 [05:40<01:46,  4.45s/epoch, best=9.026e+02, sign=0.156, train=9.039e+02, val=9.053e+02]
GNN flow training:  76%|███████▌  | 76/100 [05:44<01:46,  4.45s/epoch, best=9.026e+02, sign=0.149, train=9.053e+02, val=9.110e+02]
GNN flow training:  77%|███████▋  | 77/100 [05:44<01:42,  4.45s/epoch, best=9.026e+02, sign=0.149, train=9.053e+02, val=9.110e+02]
GNN flow training:  77%|███████▋  | 77/100 [05:49<01:42,  4.45s/epoch, best=9.026e+02, sign=0.151, train=9.110e+02, val=9.070e+02]
GNN flow training:  78%|███████▊  | 78/100 [05:49<01:38,  4.49s/epoch, best=9.026e+02, sign=0.151, train=9.110e+02, val=9.070e+02]
GNN flow training:  78%|███████▊  | 78/100 [05:53<01:38,  4.49s/epoch, best=9.026e+02, sign=0.150, train=9.070e+02, val=9.019e+02]
GNN flow training:  79%|███████▉  | 79/100 [05:53<01:33,  4.47s/epoch, best=9.026e+02, sign=0.150, train=9.070e+02, val=9.019e+02]
GNN flow training:  79%|███████▉  | 79/100 [05:58<01:33,  4.47s/epoch, best=9.019e+02, sign=0.150, train=9.019e+02, val=8.902e+02]
GNN flow training:  80%|████████  | 80/100 [05:58<01:28,  4.44s/epoch, best=9.019e+02, sign=0.150, train=9.019e+02, val=8.902e+02]
GNN flow training:  80%|████████  | 80/100 [06:02<01:28,  4.44s/epoch, best=8.902e+02, sign=0.154, train=8.902e+02, val=8.841e+02]
GNN flow training:  81%|████████  | 81/100 [06:02<01:24,  4.44s/epoch, best=8.902e+02, sign=0.154, train=8.902e+02, val=8.841e+02]
GNN flow training:  81%|████████  | 81/100 [06:07<01:24,  4.44s/epoch, best=8.841e+02, sign=0.159, train=8.841e+02, val=8.762e+02]
GNN flow training:  82%|████████▏ | 82/100 [06:07<01:19,  4.43s/epoch, best=8.841e+02, sign=0.159, train=8.841e+02, val=8.762e+02]
GNN flow training:  82%|████████▏ | 82/100 [06:11<01:19,  4.43s/epoch, best=8.762e+02, sign=0.166, train=8.762e+02, val=8.758e+02]
GNN flow training:  83%|████████▎ | 83/100 [06:11<01:15,  4.44s/epoch, best=8.762e+02, sign=0.166, train=8.762e+02, val=8.758e+02]
GNN flow training:  83%|████████▎ | 83/100 [06:16<01:15,  4.44s/epoch, best=8.758e+02, sign=0.171, train=8.758e+02, val=8.703e+02]
GNN flow training:  84%|████████▍ | 84/100 [06:16<01:11,  4.45s/epoch, best=8.758e+02, sign=0.171, train=8.758e+02, val=8.703e+02]
GNN flow training:  84%|████████▍ | 84/100 [06:20<01:11,  4.45s/epoch, best=8.703e+02, sign=0.175, train=8.703e+02, val=8.784e+02]
GNN flow training:  85%|████████▌ | 85/100 [06:20<01:06,  4.45s/epoch, best=8.703e+02, sign=0.175, train=8.703e+02, val=8.784e+02]
GNN flow training:  85%|████████▌ | 85/100 [06:24<01:06,  4.45s/epoch, best=8.703e+02, sign=0.174, train=8.784e+02, val=8.766e+02]
GNN flow training:  86%|████████▌ | 86/100 [06:24<01:02,  4.45s/epoch, best=8.703e+02, sign=0.174, train=8.784e+02, val=8.766e+02]
GNN flow training:  86%|████████▌ | 86/100 [06:29<01:02,  4.45s/epoch, best=8.703e+02, sign=0.172, train=8.766e+02, val=8.693e+02]
GNN flow training:  87%|████████▋ | 87/100 [06:29<00:57,  4.45s/epoch, best=8.703e+02, sign=0.172, train=8.766e+02, val=8.693e+02]
GNN flow training:  87%|████████▋ | 87/100 [06:33<00:57,  4.45s/epoch, best=8.693e+02, sign=0.169, train=8.693e+02, val=8.646e+02]
GNN flow training:  88%|████████▊ | 88/100 [06:33<00:53,  4.47s/epoch, best=8.693e+02, sign=0.169, train=8.693e+02, val=8.646e+02]
GNN flow training:  88%|████████▊ | 88/100 [06:38<00:53,  4.47s/epoch, best=8.646e+02, sign=0.167, train=8.646e+02, val=8.592e+02]
GNN flow training:  89%|████████▉ | 89/100 [06:38<00:49,  4.46s/epoch, best=8.646e+02, sign=0.167, train=8.646e+02, val=8.592e+02]
GNN flow training:  89%|████████▉ | 89/100 [06:42<00:49,  4.46s/epoch, best=8.592e+02, sign=0.162, train=8.592e+02, val=8.611e+02]
GNN flow training:  90%|█████████ | 90/100 [06:42<00:44,  4.46s/epoch, best=8.592e+02, sign=0.162, train=8.592e+02, val=8.611e+02]
GNN flow training:  90%|█████████ | 90/100 [06:47<00:44,  4.46s/epoch, best=8.592e+02, sign=0.163, train=8.611e+02, val=8.651e+02]
GNN flow training:  91%|█████████ | 91/100 [06:47<00:40,  4.45s/epoch, best=8.592e+02, sign=0.163, train=8.611e+02, val=8.651e+02]
GNN flow training:  91%|█████████ | 91/100 [06:51<00:40,  4.45s/epoch, best=8.592e+02, sign=0.166, train=8.651e+02, val=8.621e+02]
GNN flow training:  92%|█████████▏| 92/100 [06:51<00:35,  4.46s/epoch, best=8.592e+02, sign=0.166, train=8.651e+02, val=8.621e+02]
GNN flow training:  92%|█████████▏| 92/100 [06:56<00:35,  4.46s/epoch, best=8.592e+02, sign=0.169, train=8.621e+02, val=8.592e+02]
GNN flow training:  93%|█████████▎| 93/100 [06:56<00:31,  4.46s/epoch, best=8.592e+02, sign=0.169, train=8.621e+02, val=8.592e+02]
GNN flow training:  93%|█████████▎| 93/100 [07:00<00:31,  4.46s/epoch, best=8.592e+02, sign=0.171, train=8.592e+02, val=8.555e+02]
GNN flow training:  94%|█████████▍| 94/100 [07:00<00:26,  4.45s/epoch, best=8.592e+02, sign=0.171, train=8.592e+02, val=8.555e+02]
GNN flow training:  94%|█████████▍| 94/100 [07:05<00:26,  4.45s/epoch, best=8.555e+02, sign=0.172, train=8.555e+02, val=8.546e+02]
GNN flow training:  95%|█████████▌| 95/100 [07:05<00:22,  4.46s/epoch, best=8.555e+02, sign=0.172, train=8.555e+02, val=8.546e+02]
GNN flow training:  95%|█████████▌| 95/100 [07:09<00:22,  4.46s/epoch, best=8.546e+02, sign=0.171, train=8.546e+02, val=8.591e+02]
GNN flow training:  96%|█████████▌| 96/100 [07:09<00:17,  4.48s/epoch, best=8.546e+02, sign=0.171, train=8.546e+02, val=8.591e+02]
GNN flow training:  96%|█████████▌| 96/100 [07:14<00:17,  4.48s/epoch, best=8.546e+02, sign=0.171, train=8.591e+02, val=8.691e+02]
GNN flow training:  97%|█████████▋| 97/100 [07:14<00:13,  4.46s/epoch, best=8.546e+02, sign=0.171, train=8.591e+02, val=8.691e+02]
GNN flow training:  97%|█████████▋| 97/100 [07:18<00:13,  4.46s/epoch, best=8.546e+02, sign=0.172, train=8.691e+02, val=8.795e+02]
GNN flow training:  98%|█████████▊| 98/100 [07:18<00:08,  4.45s/epoch, best=8.546e+02, sign=0.172, train=8.691e+02, val=8.795e+02]
GNN flow training:  98%|█████████▊| 98/100 [07:22<00:08,  4.45s/epoch, best=8.546e+02, sign=0.172, train=8.795e+02, val=8.670e+02]
GNN flow training:  99%|█████████▉| 99/100 [07:22<00:04,  4.46s/epoch, best=8.546e+02, sign=0.172, train=8.795e+02, val=8.670e+02]
GNN flow training:  99%|█████████▉| 99/100 [07:27<00:04,  4.46s/epoch, best=8.546e+02, sign=0.171, train=8.670e+02, val=8.558e+02]
GNN flow training: 100%|██████████| 100/100 [07:27<00:00,  4.47s/epoch, best=8.546e+02, sign=0.171, train=8.670e+02, val=8.558e+02]
GNN flow training: 100%|██████████| 100/100 [07:27<00:00,  4.47s/epoch, best=8.546e+02, sign=0.171, train=8.670e+02, val=8.558e+02]

GNN flow training:   0%|          | 0/100 [00:00<?, ?epoch/s]
GNN flow training:   0%|          | 0/100 [00:04<?, ?epoch/s, best=1.274e+01, sign=0.194, train=1.274e+01, val=1.274e+01]
GNN flow training:   1%|          | 1/100 [00:04<07:38,  4.63s/epoch, best=1.274e+01, sign=0.194, train=1.274e+01, val=1.274e+01]
GNN flow training:   1%|          | 1/100 [00:09<07:38,  4.63s/epoch, best=1.274e+01, sign=0.194, train=1.275e+01, val=1.277e+01]
GNN flow training:   2%|▏         | 2/100 [00:09<07:23,  4.53s/epoch, best=1.274e+01, sign=0.194, train=1.275e+01, val=1.277e+01]
GNN flow training:   2%|▏         | 2/100 [00:13<07:23,  4.53s/epoch, best=1.274e+01, sign=0.194, train=1.277e+01, val=1.276e+01]
GNN flow training:   3%|▎         | 3/100 [00:13<07:15,  4.49s/epoch, best=1.274e+01, sign=0.194, train=1.277e+01, val=1.276e+01]
GNN flow training:   3%|▎         | 3/100 [00:18<07:15,  4.49s/epoch, best=1.274e+01, sign=0.194, train=1.277e+01, val=1.272e+01]
GNN flow training:   4%|▍         | 4/100 [00:18<07:10,  4.49s/epoch, best=1.274e+01, sign=0.194, train=1.277e+01, val=1.272e+01]
GNN flow training:   4%|▍         | 4/100 [00:22<07:10,  4.49s/epoch, best=1.272e+01, sign=0.194, train=1.272e+01, val=1.273e+01]
GNN flow training:   5%|▌         | 5/100 [00:22<07:04,  4.47s/epoch, best=1.272e+01, sign=0.194, train=1.272e+01, val=1.273e+01]
GNN flow training:   5%|▌         | 5/100 [00:26<07:04,  4.47s/epoch, best=1.272e+01, sign=0.194, train=1.273e+01, val=1.272e+01]
GNN flow training:   6%|▌         | 6/100 [00:26<07:00,  4.47s/epoch, best=1.272e+01, sign=0.194, train=1.273e+01, val=1.272e+01]
GNN flow training:   6%|▌         | 6/100 [00:31<07:00,  4.47s/epoch, best=1.272e+01, sign=0.195, train=1.273e+01, val=1.271e+01]
GNN flow training:   7%|▋         | 7/100 [00:31<06:56,  4.48s/epoch, best=1.272e+01, sign=0.195, train=1.273e+01, val=1.271e+01]
GNN flow training:   7%|▋         | 7/100 [00:35<06:56,  4.48s/epoch, best=1.271e+01, sign=0.195, train=1.271e+01, val=1.270e+01]
GNN flow training:   8%|▊         | 8/100 [00:35<06:52,  4.48s/epoch, best=1.271e+01, sign=0.195, train=1.271e+01, val=1.270e+01]
GNN flow training:   8%|▊         | 8/100 [00:40<06:52,  4.48s/epoch, best=1.270e+01, sign=0.195, train=1.270e+01, val=1.270e+01]
GNN flow training:   9%|▉         | 9/100 [00:40<06:47,  4.48s/epoch, best=1.270e+01, sign=0.195, train=1.270e+01, val=1.270e+01]
GNN flow training:   9%|▉         | 9/100 [00:44<06:47,  4.48s/epoch, best=1.270e+01, sign=0.196, train=1.270e+01, val=1.271e+01]
GNN flow training:  10%|█         | 10/100 [00:44<06:42,  4.47s/epoch, best=1.270e+01, sign=0.196, train=1.270e+01, val=1.271e+01]
GNN flow training:  10%|█         | 10/100 [00:49<06:42,  4.47s/epoch, best=1.270e+01, sign=0.196, train=1.271e+01, val=1.273e+01]
GNN flow training:  11%|█         | 11/100 [00:49<06:38,  4.48s/epoch, best=1.270e+01, sign=0.196, train=1.271e+01, val=1.273e+01]
GNN flow training:  11%|█         | 11/100 [00:53<06:38,  4.48s/epoch, best=1.270e+01, sign=0.196, train=1.273e+01, val=1.269e+01]
GNN flow training:  12%|█▏        | 12/100 [00:53<06:34,  4.49s/epoch, best=1.270e+01, sign=0.196, train=1.273e+01, val=1.269e+01]
GNN flow training:  12%|█▏        | 12/100 [00:58<06:34,  4.49s/epoch, best=1.269e+01, sign=0.196, train=1.269e+01, val=1.268e+01]
GNN flow training:  13%|█▎        | 13/100 [00:58<06:31,  4.49s/epoch, best=1.269e+01, sign=0.196, train=1.269e+01, val=1.268e+01]
GNN flow training:  13%|█▎        | 13/100 [01:02<06:31,  4.49s/epoch, best=1.268e+01, sign=0.196, train=1.268e+01, val=1.266e+01]
GNN flow training:  14%|█▍        | 14/100 [01:02<06:26,  4.49s/epoch, best=1.268e+01, sign=0.196, train=1.268e+01, val=1.266e+01]
GNN flow training:  14%|█▍        | 14/100 [01:07<06:26,  4.49s/epoch, best=1.266e+01, sign=0.196, train=1.266e+01, val=1.264e+01]
GNN flow training:  15%|█▌        | 15/100 [01:07<06:21,  4.48s/epoch, best=1.266e+01, sign=0.196, train=1.266e+01, val=1.264e+01]
GNN flow training:  15%|█▌        | 15/100 [01:11<06:21,  4.48s/epoch, best=1.264e+01, sign=0.196, train=1.264e+01, val=1.264e+01]
GNN flow training:  16%|█▌        | 16/100 [01:11<06:16,  4.49s/epoch, best=1.264e+01, sign=0.196, train=1.264e+01, val=1.264e+01]
GNN flow training:  16%|█▌        | 16/100 [01:16<06:16,  4.49s/epoch, best=1.264e+01, sign=0.195, train=1.265e+01, val=1.265e+01]
GNN flow training:  17%|█▋        | 17/100 [01:16<06:12,  4.49s/epoch, best=1.264e+01, sign=0.195, train=1.265e+01, val=1.265e+01]
GNN flow training:  17%|█▋        | 17/100 [01:20<06:12,  4.49s/epoch, best=1.264e+01, sign=0.195, train=1.265e+01, val=1.264e+01]
GNN flow training:  18%|█▊        | 18/100 [01:20<06:08,  4.49s/epoch, best=1.264e+01, sign=0.195, train=1.265e+01, val=1.264e+01]
GNN flow training:  18%|█▊        | 18/100 [01:25<06:08,  4.49s/epoch, best=1.264e+01, sign=0.195, train=1.264e+01, val=1.259e+01]
GNN flow training:  19%|█▉        | 19/100 [01:25<06:04,  4.50s/epoch, best=1.264e+01, sign=0.195, train=1.264e+01, val=1.259e+01]
GNN flow training:  19%|█▉        | 19/100 [01:29<06:04,  4.50s/epoch, best=1.259e+01, sign=0.194, train=1.259e+01, val=1.254e+01]
GNN flow training:  20%|██        | 20/100 [01:29<05:59,  4.49s/epoch, best=1.259e+01, sign=0.194, train=1.259e+01, val=1.254e+01]
GNN flow training:  20%|██        | 20/100 [01:34<05:59,  4.49s/epoch, best=1.254e+01, sign=0.195, train=1.254e+01, val=1.252e+01]
GNN flow training:  21%|██        | 21/100 [01:34<05:55,  4.49s/epoch, best=1.254e+01, sign=0.195, train=1.254e+01, val=1.252e+01]
GNN flow training:  21%|██        | 21/100 [01:38<05:55,  4.49s/epoch, best=1.252e+01, sign=0.195, train=1.253e+01, val=1.253e+01]
GNN flow training:  22%|██▏       | 22/100 [01:38<05:51,  4.51s/epoch, best=1.252e+01, sign=0.195, train=1.253e+01, val=1.253e+01]
GNN flow training:  22%|██▏       | 22/100 [01:43<05:51,  4.51s/epoch, best=1.252e+01, sign=0.194, train=1.253e+01, val=1.251e+01]
GNN flow training:  23%|██▎       | 23/100 [01:43<05:46,  4.50s/epoch, best=1.252e+01, sign=0.194, train=1.253e+01, val=1.251e+01]
GNN flow training:  23%|██▎       | 23/100 [01:47<05:46,  4.50s/epoch, best=1.251e+01, sign=0.193, train=1.252e+01, val=1.248e+01]
GNN flow training:  24%|██▍       | 24/100 [01:47<05:41,  4.49s/epoch, best=1.251e+01, sign=0.193, train=1.252e+01, val=1.248e+01]
GNN flow training:  24%|██▍       | 24/100 [01:52<05:41,  4.49s/epoch, best=1.248e+01, sign=0.192, train=1.248e+01, val=1.244e+01]
GNN flow training:  25%|██▌       | 25/100 [01:52<05:37,  4.50s/epoch, best=1.248e+01, sign=0.192, train=1.248e+01, val=1.244e+01]
GNN flow training:  25%|██▌       | 25/100 [01:56<05:37,  4.50s/epoch, best=1.244e+01, sign=0.192, train=1.244e+01, val=1.244e+01]
GNN flow training:  26%|██▌       | 26/100 [01:56<05:32,  4.49s/epoch, best=1.244e+01, sign=0.192, train=1.244e+01, val=1.244e+01]
GNN flow training:  26%|██▌       | 26/100 [02:01<05:32,  4.49s/epoch, best=1.244e+01, sign=0.191, train=1.245e+01, val=1.239e+01]
GNN flow training:  27%|██▋       | 27/100 [02:01<05:27,  4.49s/epoch, best=1.244e+01, sign=0.191, train=1.245e+01, val=1.239e+01]
GNN flow training:  27%|██▋       | 27/100 [02:05<05:27,  4.49s/epoch, best=1.239e+01, sign=0.191, train=1.239e+01, val=1.239e+01]
GNN flow training:  28%|██▊       | 28/100 [02:05<05:23,  4.49s/epoch, best=1.239e+01, sign=0.191, train=1.239e+01, val=1.239e+01]
GNN flow training:  28%|██▊       | 28/100 [02:10<05:23,  4.49s/epoch, best=1.239e+01, sign=0.190, train=1.239e+01, val=1.237e+01]
GNN flow training:  29%|██▉       | 29/100 [02:10<05:17,  4.47s/epoch, best=1.239e+01, sign=0.190, train=1.239e+01, val=1.237e+01]
GNN flow training:  29%|██▉       | 29/100 [02:14<05:17,  4.47s/epoch, best=1.237e+01, sign=0.190, train=1.237e+01, val=1.232e+01]
GNN flow training:  30%|███       | 30/100 [02:14<05:13,  4.48s/epoch, best=1.237e+01, sign=0.190, train=1.237e+01, val=1.232e+01]
GNN flow training:  30%|███       | 30/100 [02:19<05:13,  4.48s/epoch, best=1.232e+01, sign=0.189, train=1.232e+01, val=1.230e+01]
GNN flow training:  31%|███       | 31/100 [02:19<05:10,  4.50s/epoch, best=1.232e+01, sign=0.189, train=1.232e+01, val=1.230e+01]
GNN flow training:  31%|███       | 31/100 [02:23<05:10,  4.50s/epoch, best=1.230e+01, sign=0.189, train=1.230e+01, val=1.226e+01]
GNN flow training:  32%|███▏      | 32/100 [02:23<05:05,  4.49s/epoch, best=1.230e+01, sign=0.189, train=1.230e+01, val=1.226e+01]
GNN flow training:  32%|███▏      | 32/100 [02:28<05:05,  4.49s/epoch, best=1.226e+01, sign=0.189, train=1.226e+01, val=1.220e+01]
GNN flow training:  33%|███▎      | 33/100 [02:28<05:00,  4.49s/epoch, best=1.226e+01, sign=0.189, train=1.226e+01, val=1.220e+01]
GNN flow training:  33%|███▎      | 33/100 [02:32<05:00,  4.49s/epoch, best=1.220e+01, sign=0.190, train=1.220e+01, val=1.217e+01]
GNN flow training:  34%|███▍      | 34/100 [02:32<04:56,  4.49s/epoch, best=1.220e+01, sign=0.190, train=1.220e+01, val=1.217e+01]
GNN flow training:  34%|███▍      | 34/100 [02:37<04:56,  4.49s/epoch, best=1.217e+01, sign=0.190, train=1.217e+01, val=1.216e+01]
GNN flow training:  35%|███▌      | 35/100 [02:37<04:51,  4.49s/epoch, best=1.217e+01, sign=0.190, train=1.217e+01, val=1.216e+01]
GNN flow training:  35%|███▌      | 35/100 [02:41<04:51,  4.49s/epoch, best=1.216e+01, sign=0.190, train=1.216e+01, val=1.218e+01]
GNN flow training:  36%|███▌      | 36/100 [02:41<04:46,  4.48s/epoch, best=1.216e+01, sign=0.190, train=1.216e+01, val=1.218e+01]
GNN flow training:  36%|███▌      | 36/100 [02:46<04:46,  4.48s/epoch, best=1.216e+01, sign=0.189, train=1.218e+01, val=1.214e+01]
GNN flow training:  37%|███▋      | 37/100 [02:46<04:42,  4.48s/epoch, best=1.216e+01, sign=0.189, train=1.218e+01, val=1.214e+01]
GNN flow training:  37%|███▋      | 37/100 [02:50<04:42,  4.48s/epoch, best=1.214e+01, sign=0.189, train=1.214e+01, val=1.209e+01]
GNN flow training:  38%|███▊      | 38/100 [02:50<04:38,  4.49s/epoch, best=1.214e+01, sign=0.189, train=1.214e+01, val=1.209e+01]
GNN flow training:  38%|███▊      | 38/100 [02:55<04:38,  4.49s/epoch, best=1.209e+01, sign=0.188, train=1.209e+01, val=1.209e+01]
GNN flow training:  39%|███▉      | 39/100 [02:55<04:33,  4.48s/epoch, best=1.209e+01, sign=0.188, train=1.209e+01, val=1.209e+01]
GNN flow training:  39%|███▉      | 39/100 [02:59<04:33,  4.48s/epoch, best=1.209e+01, sign=0.188, train=1.209e+01, val=1.205e+01]
GNN flow training:  40%|████      | 40/100 [02:59<04:28,  4.48s/epoch, best=1.209e+01, sign=0.188, train=1.209e+01, val=1.205e+01]
GNN flow training:  40%|████      | 40/100 [03:03<04:28,  4.48s/epoch, best=1.205e+01, sign=0.187, train=1.205e+01, val=1.204e+01]
GNN flow training:  41%|████      | 41/100 [03:03<04:24,  4.47s/epoch, best=1.205e+01, sign=0.187, train=1.205e+01, val=1.204e+01]
GNN flow training:  41%|████      | 41/100 [03:08<04:24,  4.47s/epoch, best=1.204e+01, sign=0.187, train=1.205e+01, val=1.199e+01]
GNN flow training:  42%|████▏     | 42/100 [03:08<04:19,  4.48s/epoch, best=1.204e+01, sign=0.187, train=1.205e+01, val=1.199e+01]
GNN flow training:  42%|████▏     | 42/100 [03:12<04:19,  4.48s/epoch, best=1.199e+01, sign=0.186, train=1.199e+01, val=1.196e+01]
GNN flow training:  43%|████▎     | 43/100 [03:12<04:15,  4.48s/epoch, best=1.199e+01, sign=0.186, train=1.199e+01, val=1.196e+01]
GNN flow training:  43%|████▎     | 43/100 [03:17<04:15,  4.48s/epoch, best=1.196e+01, sign=0.185, train=1.196e+01, val=1.187e+01]
GNN flow training:  44%|████▍     | 44/100 [03:17<04:10,  4.48s/epoch, best=1.196e+01, sign=0.185, train=1.196e+01, val=1.187e+01]
GNN flow training:  44%|████▍     | 44/100 [03:21<04:10,  4.48s/epoch, best=1.187e+01, sign=0.185, train=1.187e+01, val=1.183e+01]
GNN flow training:  45%|████▌     | 45/100 [03:21<04:06,  4.48s/epoch, best=1.187e+01, sign=0.185, train=1.187e+01, val=1.183e+01]
GNN flow training:  45%|████▌     | 45/100 [03:26<04:06,  4.48s/epoch, best=1.183e+01, sign=0.186, train=1.184e+01, val=1.178e+01]
GNN flow training:  46%|████▌     | 46/100 [03:26<04:02,  4.49s/epoch, best=1.183e+01, sign=0.186, train=1.184e+01, val=1.178e+01]
GNN flow training:  46%|████▌     | 46/100 [03:30<04:02,  4.49s/epoch, best=1.178e+01, sign=0.186, train=1.178e+01, val=1.178e+01]
GNN flow training:  47%|████▋     | 47/100 [03:30<03:58,  4.49s/epoch, best=1.178e+01, sign=0.186, train=1.178e+01, val=1.178e+01]
GNN flow training:  47%|████▋     | 47/100 [03:35<03:58,  4.49s/epoch, best=1.178e+01, sign=0.186, train=1.178e+01, val=1.175e+01]
GNN flow training:  48%|████▊     | 48/100 [03:35<03:53,  4.49s/epoch, best=1.178e+01, sign=0.186, train=1.178e+01, val=1.175e+01]
GNN flow training:  48%|████▊     | 48/100 [03:39<03:53,  4.49s/epoch, best=1.175e+01, sign=0.185, train=1.175e+01, val=1.174e+01]
GNN flow training:  49%|████▉     | 49/100 [03:39<03:49,  4.50s/epoch, best=1.175e+01, sign=0.185, train=1.175e+01, val=1.174e+01]
GNN flow training:  49%|████▉     | 49/100 [03:44<03:49,  4.50s/epoch, best=1.174e+01, sign=0.183, train=1.174e+01, val=1.169e+01]
GNN flow training:  50%|█████     | 50/100 [03:44<03:45,  4.51s/epoch, best=1.174e+01, sign=0.183, train=1.174e+01, val=1.169e+01]
GNN flow training:  50%|█████     | 50/100 [03:48<03:45,  4.51s/epoch, best=1.169e+01, sign=0.179, train=1.169e+01, val=1.161e+01]
GNN flow training:  51%|█████     | 51/100 [03:48<03:40,  4.50s/epoch, best=1.169e+01, sign=0.179, train=1.169e+01, val=1.161e+01]
GNN flow training:  51%|█████     | 51/100 [03:53<03:40,  4.50s/epoch, best=1.161e+01, sign=0.178, train=1.161e+01, val=1.149e+01]
GNN flow training:  52%|█████▏    | 52/100 [03:53<03:35,  4.49s/epoch, best=1.161e+01, sign=0.178, train=1.161e+01, val=1.149e+01]
GNN flow training:  52%|█████▏    | 52/100 [03:57<03:35,  4.49s/epoch, best=1.149e+01, sign=0.176, train=1.150e+01, val=1.138e+01]
GNN flow training:  53%|█████▎    | 53/100 [03:57<03:31,  4.50s/epoch, best=1.149e+01, sign=0.176, train=1.150e+01, val=1.138e+01]
GNN flow training:  53%|█████▎    | 53/100 [04:02<03:31,  4.50s/epoch, best=1.138e+01, sign=0.175, train=1.138e+01, val=1.133e+01]
GNN flow training:  54%|█████▍    | 54/100 [04:02<03:27,  4.51s/epoch, best=1.138e+01, sign=0.175, train=1.138e+01, val=1.133e+01]
GNN flow training:  54%|█████▍    | 54/100 [04:06<03:27,  4.51s/epoch, best=1.133e+01, sign=0.174, train=1.133e+01, val=1.144e+01]
GNN flow training:  55%|█████▌    | 55/100 [04:06<03:23,  4.51s/epoch, best=1.133e+01, sign=0.174, train=1.133e+01, val=1.144e+01]
GNN flow training:  55%|█████▌    | 55/100 [04:11<03:23,  4.51s/epoch, best=1.133e+01, sign=0.174, train=1.144e+01, val=1.136e+01]
GNN flow training:  56%|█████▌    | 56/100 [04:11<03:18,  4.51s/epoch, best=1.133e+01, sign=0.174, train=1.144e+01, val=1.136e+01]
GNN flow training:  56%|█████▌    | 56/100 [04:16<03:18,  4.51s/epoch, best=1.133e+01, sign=0.174, train=1.137e+01, val=1.132e+01]
GNN flow training:  57%|█████▋    | 57/100 [04:16<03:14,  4.52s/epoch, best=1.133e+01, sign=0.174, train=1.137e+01, val=1.132e+01]
GNN flow training:  57%|█████▋    | 57/100 [04:20<03:14,  4.52s/epoch, best=1.132e+01, sign=0.174, train=1.132e+01, val=1.123e+01]
GNN flow training:  58%|█████▊    | 58/100 [04:20<03:09,  4.50s/epoch, best=1.132e+01, sign=0.174, train=1.132e+01, val=1.123e+01]
GNN flow training:  58%|█████▊    | 58/100 [04:24<03:09,  4.50s/epoch, best=1.123e+01, sign=0.170, train=1.123e+01, val=1.116e+01]
GNN flow training:  59%|█████▉    | 59/100 [04:24<03:04,  4.50s/epoch, best=1.123e+01, sign=0.170, train=1.123e+01, val=1.116e+01]
GNN flow training:  59%|█████▉    | 59/100 [04:29<03:04,  4.50s/epoch, best=1.116e+01, sign=0.168, train=1.116e+01, val=1.110e+01]
GNN flow training:  60%|██████    | 60/100 [04:29<02:59,  4.50s/epoch, best=1.116e+01, sign=0.168, train=1.116e+01, val=1.110e+01]
GNN flow training:  60%|██████    | 60/100 [04:33<02:59,  4.50s/epoch, best=1.110e+01, sign=0.168, train=1.110e+01, val=1.110e+01]
GNN flow training:  61%|██████    | 61/100 [04:33<02:55,  4.50s/epoch, best=1.110e+01, sign=0.168, train=1.110e+01, val=1.110e+01]
GNN flow training:  61%|██████    | 61/100 [04:38<02:55,  4.50s/epoch, best=1.110e+01, sign=0.168, train=1.110e+01, val=1.121e+01]
GNN flow training:  62%|██████▏   | 62/100 [04:38<02:50,  4.49s/epoch, best=1.110e+01, sign=0.168, train=1.110e+01, val=1.121e+01]
GNN flow training:  62%|██████▏   | 62/100 [04:42<02:50,  4.49s/epoch, best=1.110e+01, sign=0.171, train=1.121e+01, val=1.129e+01]
GNN flow training:  63%|██████▎   | 63/100 [04:42<02:46,  4.49s/epoch, best=1.110e+01, sign=0.171, train=1.121e+01, val=1.129e+01]
GNN flow training:  63%|██████▎   | 63/100 [04:47<02:46,  4.49s/epoch, best=1.110e+01, sign=0.172, train=1.130e+01, val=1.129e+01]
GNN flow training:  64%|██████▍   | 64/100 [04:47<02:41,  4.48s/epoch, best=1.110e+01, sign=0.172, train=1.130e+01, val=1.129e+01]
GNN flow training:  64%|██████▍   | 64/100 [04:51<02:41,  4.48s/epoch, best=1.110e+01, sign=0.179, train=1.129e+01, val=1.134e+01]
GNN flow training:  65%|██████▌   | 65/100 [04:51<02:36,  4.48s/epoch, best=1.110e+01, sign=0.179, train=1.129e+01, val=1.134e+01]
GNN flow training:  65%|██████▌   | 65/100 [04:56<02:36,  4.48s/epoch, best=1.110e+01, sign=0.179, train=1.134e+01, val=1.125e+01]
GNN flow training:  66%|██████▌   | 66/100 [04:56<02:32,  4.48s/epoch, best=1.110e+01, sign=0.179, train=1.134e+01, val=1.125e+01]
GNN flow training:  66%|██████▌   | 66/100 [05:00<02:32,  4.48s/epoch, best=1.110e+01, sign=0.179, train=1.125e+01, val=1.111e+01]
GNN flow training:  67%|██████▋   | 67/100 [05:00<02:27,  4.48s/epoch, best=1.110e+01, sign=0.179, train=1.125e+01, val=1.111e+01]
GNN flow training:  67%|██████▋   | 67/100 [05:05<02:27,  4.48s/epoch, best=1.110e+01, sign=0.176, train=1.111e+01, val=1.085e+01]
GNN flow training:  68%|██████▊   | 68/100 [05:05<02:22,  4.46s/epoch, best=1.110e+01, sign=0.176, train=1.111e+01, val=1.085e+01]
GNN flow training:  68%|██████▊   | 68/100 [05:09<02:22,  4.46s/epoch, best=1.085e+01, sign=0.173, train=1.085e+01, val=1.087e+01]
GNN flow training:  69%|██████▉   | 69/100 [05:09<02:18,  4.47s/epoch, best=1.085e+01, sign=0.173, train=1.085e+01, val=1.087e+01]
GNN flow training:  69%|██████▉   | 69/100 [05:14<02:18,  4.47s/epoch, best=1.085e+01, sign=0.172, train=1.087e+01, val=1.117e+01]
GNN flow training:  70%|███████   | 70/100 [05:14<02:14,  4.48s/epoch, best=1.085e+01, sign=0.172, train=1.087e+01, val=1.117e+01]
GNN flow training:  70%|███████   | 70/100 [05:18<02:14,  4.48s/epoch, best=1.085e+01, sign=0.173, train=1.117e+01, val=1.119e+01]
GNN flow training:  71%|███████   | 71/100 [05:18<02:09,  4.47s/epoch, best=1.085e+01, sign=0.173, train=1.117e+01, val=1.119e+01]
GNN flow training:  71%|███████   | 71/100 [05:23<02:09,  4.47s/epoch, best=1.085e+01, sign=0.170, train=1.119e+01, val=1.080e+01]
GNN flow training:  72%|███████▏  | 72/100 [05:23<02:05,  4.49s/epoch, best=1.085e+01, sign=0.170, train=1.119e+01, val=1.080e+01]
GNN flow training:  72%|███████▏  | 72/100 [05:27<02:05,  4.49s/epoch, best=1.080e+01, sign=0.174, train=1.080e+01, val=1.075e+01]
GNN flow training:  73%|███████▎  | 73/100 [05:27<02:01,  4.49s/epoch, best=1.080e+01, sign=0.174, train=1.080e+01, val=1.075e+01]
GNN flow training:  73%|███████▎  | 73/100 [05:32<02:01,  4.49s/epoch, best=1.075e+01, sign=0.172, train=1.075e+01, val=1.079e+01]
GNN flow training:  74%|███████▍  | 74/100 [05:32<01:56,  4.49s/epoch, best=1.075e+01, sign=0.172, train=1.075e+01, val=1.079e+01]
GNN flow training:  74%|███████▍  | 74/100 [05:36<01:56,  4.49s/epoch, best=1.075e+01, sign=0.168, train=1.079e+01, val=1.072e+01]
GNN flow training:  75%|███████▌  | 75/100 [05:36<01:52,  4.51s/epoch, best=1.075e+01, sign=0.168, train=1.079e+01, val=1.072e+01]
GNN flow training:  75%|███████▌  | 75/100 [05:41<01:52,  4.51s/epoch, best=1.072e+01, sign=0.162, train=1.072e+01, val=1.056e+01]
GNN flow training:  76%|███████▌  | 76/100 [05:41<01:48,  4.52s/epoch, best=1.072e+01, sign=0.162, train=1.072e+01, val=1.056e+01]
GNN flow training:  76%|███████▌  | 76/100 [05:45<01:48,  4.52s/epoch, best=1.056e+01, sign=0.157, train=1.056e+01, val=1.053e+01]
GNN flow training:  77%|███████▋  | 77/100 [05:45<01:43,  4.51s/epoch, best=1.056e+01, sign=0.157, train=1.056e+01, val=1.053e+01]
GNN flow training:  77%|███████▋  | 77/100 [05:50<01:43,  4.51s/epoch, best=1.053e+01, sign=0.155, train=1.053e+01, val=1.045e+01]
GNN flow training:  78%|███████▊  | 78/100 [05:50<01:39,  4.51s/epoch, best=1.053e+01, sign=0.155, train=1.053e+01, val=1.045e+01]
GNN flow training:  78%|███████▊  | 78/100 [05:54<01:39,  4.51s/epoch, best=1.045e+01, sign=0.154, train=1.045e+01, val=1.041e+01]
GNN flow training:  79%|███████▉  | 79/100 [05:54<01:34,  4.51s/epoch, best=1.045e+01, sign=0.154, train=1.045e+01, val=1.041e+01]
GNN flow training:  79%|███████▉  | 79/100 [05:59<01:34,  4.51s/epoch, best=1.041e+01, sign=0.152, train=1.041e+01, val=1.039e+01]
GNN flow training:  80%|████████  | 80/100 [05:59<01:30,  4.51s/epoch, best=1.041e+01, sign=0.152, train=1.041e+01, val=1.039e+01]
GNN flow training:  80%|████████  | 80/100 [06:03<01:30,  4.51s/epoch, best=1.039e+01, sign=0.148, train=1.039e+01, val=1.042e+01]
GNN flow training:  81%|████████  | 81/100 [06:03<01:25,  4.51s/epoch, best=1.039e+01, sign=0.148, train=1.039e+01, val=1.042e+01]
GNN flow training:  81%|████████  | 81/100 [06:08<01:25,  4.51s/epoch, best=1.039e+01, sign=0.147, train=1.042e+01, val=1.045e+01]
GNN flow training:  82%|████████▏ | 82/100 [06:08<01:21,  4.50s/epoch, best=1.039e+01, sign=0.147, train=1.042e+01, val=1.045e+01]
GNN flow training:  82%|████████▏ | 82/100 [06:12<01:21,  4.50s/epoch, best=1.039e+01, sign=0.144, train=1.045e+01, val=1.038e+01]
GNN flow training:  83%|████████▎ | 83/100 [06:12<01:16,  4.49s/epoch, best=1.039e+01, sign=0.144, train=1.045e+01, val=1.038e+01]
GNN flow training:  83%|████████▎ | 83/100 [06:17<01:16,  4.49s/epoch, best=1.038e+01, sign=0.143, train=1.038e+01, val=1.029e+01]
GNN flow training:  84%|████████▍ | 84/100 [06:17<01:11,  4.49s/epoch, best=1.038e+01, sign=0.143, train=1.038e+01, val=1.029e+01]
GNN flow training:  84%|████████▍ | 84/100 [06:21<01:11,  4.49s/epoch, best=1.029e+01, sign=0.144, train=1.029e+01, val=1.031e+01]
GNN flow training:  85%|████████▌ | 85/100 [06:21<01:07,  4.48s/epoch, best=1.029e+01, sign=0.144, train=1.029e+01, val=1.031e+01]
GNN flow training:  85%|████████▌ | 85/100 [06:26<01:07,  4.48s/epoch, best=1.029e+01, sign=0.144, train=1.031e+01, val=1.030e+01]
GNN flow training:  86%|████████▌ | 86/100 [06:26<01:02,  4.49s/epoch, best=1.029e+01, sign=0.144, train=1.031e+01, val=1.030e+01]
GNN flow training:  86%|████████▌ | 86/100 [06:30<01:02,  4.49s/epoch, best=1.029e+01, sign=0.144, train=1.030e+01, val=1.025e+01]
GNN flow training:  87%|████████▋ | 87/100 [06:30<00:58,  4.48s/epoch, best=1.029e+01, sign=0.144, train=1.030e+01, val=1.025e+01]
GNN flow training:  87%|████████▋ | 87/100 [06:35<00:58,  4.48s/epoch, best=1.025e+01, sign=0.145, train=1.025e+01, val=1.021e+01]
GNN flow training:  88%|████████▊ | 88/100 [06:35<00:53,  4.48s/epoch, best=1.025e+01, sign=0.145, train=1.025e+01, val=1.021e+01]
GNN flow training:  88%|████████▊ | 88/100 [06:39<00:53,  4.48s/epoch, best=1.021e+01, sign=0.145, train=1.021e+01, val=1.017e+01]
GNN flow training:  89%|████████▉ | 89/100 [06:39<00:49,  4.48s/epoch, best=1.021e+01, sign=0.145, train=1.021e+01, val=1.017e+01]
GNN flow training:  89%|████████▉ | 89/100 [06:44<00:49,  4.48s/epoch, best=1.017e+01, sign=0.146, train=1.017e+01, val=1.011e+01]
GNN flow training:  90%|█████████ | 90/100 [06:44<00:44,  4.47s/epoch, best=1.017e+01, sign=0.146, train=1.017e+01, val=1.011e+01]
GNN flow training:  90%|█████████ | 90/100 [06:48<00:44,  4.47s/epoch, best=1.011e+01, sign=0.147, train=1.011e+01, val=1.012e+01]
GNN flow training:  91%|█████████ | 91/100 [06:48<00:40,  4.48s/epoch, best=1.011e+01, sign=0.147, train=1.011e+01, val=1.012e+01]
GNN flow training:  91%|█████████ | 91/100 [06:53<00:40,  4.48s/epoch, best=1.011e+01, sign=0.145, train=1.012e+01, val=1.008e+01]
GNN flow training:  92%|█████████▏| 92/100 [06:53<00:35,  4.49s/epoch, best=1.011e+01, sign=0.145, train=1.012e+01, val=1.008e+01]
GNN flow training:  92%|█████████▏| 92/100 [06:57<00:35,  4.49s/epoch, best=1.008e+01, sign=0.143, train=1.008e+01, val=1.000e+01]
GNN flow training:  93%|█████████▎| 93/100 [06:57<00:31,  4.49s/epoch, best=1.008e+01, sign=0.143, train=1.008e+01, val=1.000e+01]
GNN flow training:  93%|█████████▎| 93/100 [07:02<00:31,  4.49s/epoch, best=1.000e+01, sign=0.142, train=1.000e+01, val=1.014e+01]
GNN flow training:  94%|█████████▍| 94/100 [07:02<00:26,  4.49s/epoch, best=1.000e+01, sign=0.142, train=1.000e+01, val=1.014e+01]
GNN flow training:  94%|█████████▍| 94/100 [07:06<00:26,  4.49s/epoch, best=1.000e+01, sign=0.142, train=1.014e+01, val=1.015e+01]
GNN flow training:  95%|█████████▌| 95/100 [07:06<00:22,  4.47s/epoch, best=1.000e+01, sign=0.142, train=1.014e+01, val=1.015e+01]
GNN flow training:  95%|█████████▌| 95/100 [07:11<00:22,  4.47s/epoch, best=1.000e+01, sign=0.143, train=1.015e+01, val=1.021e+01]
GNN flow training:  96%|█████████▌| 96/100 [07:11<00:17,  4.47s/epoch, best=1.000e+01, sign=0.143, train=1.015e+01, val=1.021e+01]
GNN flow training:  96%|█████████▌| 96/100 [07:15<00:17,  4.47s/epoch, best=1.000e+01, sign=0.151, train=1.021e+01, val=1.047e+01]
GNN flow training:  97%|█████████▋| 97/100 [07:15<00:13,  4.47s/epoch, best=1.000e+01, sign=0.151, train=1.021e+01, val=1.047e+01]
GNN flow training:  97%|█████████▋| 97/100 [07:19<00:13,  4.47s/epoch, best=1.000e+01, sign=0.153, train=1.047e+01, val=1.050e+01]
GNN flow training:  98%|█████████▊| 98/100 [07:19<00:08,  4.48s/epoch, best=1.000e+01, sign=0.153, train=1.047e+01, val=1.050e+01]
GNN flow training:  98%|█████████▊| 98/100 [07:24<00:08,  4.48s/epoch, best=1.000e+01, sign=0.150, train=1.050e+01, val=1.029e+01]
GNN flow training:  99%|█████████▉| 99/100 [07:24<00:04,  4.49s/epoch, best=1.000e+01, sign=0.150, train=1.050e+01, val=1.029e+01]
GNN flow training:  99%|█████████▉| 99/100 [07:28<00:04,  4.49s/epoch, best=1.000e+01, sign=0.147, train=1.029e+01, val=1.002e+01]
GNN flow training: 100%|██████████| 100/100 [07:28<00:00,  4.49s/epoch, best=1.000e+01, sign=0.147, train=1.029e+01, val=1.002e+01]
GNN flow training: 100%|██████████| 100/100 [07:28<00:00,  4.49s/epoch, best=1.000e+01, sign=0.147, train=1.029e+01, val=1.002e+01]
Resolved config snapshot:
{'preset': 'solver_QKB_outer_QKBdelta', 'gnn_outer_losses': {'flow': 0.1, 'kirchhoff': 100.0, 'boundary': 100.0, 'delta_l2': 100.0, 'delta_smooth': 0.0, 'pressure_shape': 0.0}, 'physics': {'arterial_flow_mode': 'dataset', 'pressure_constraints': ['equal-a-equal-v'], 'alpha_pa': None, 'use_snr_weights': True, 'use_observed_flow_snr_weighting': True, 'flow_scale_mode': 'median_abs', 'solver_device': 'same', 'pressure_solver_mode': 'reduced-soft-constrained-lstsq', 'pressure_solver_lambda_kirchhoff': 1.0, 'pressure_solver_lambda_pressure_constraints': 100.0, 'pressure_solver_lambda_flow_residual': 1.0, 'pressure_shape_reference': 'delta_zero_reference', 'pressure_detach': False}, 'correction_bounds': {'correction_min': -0.5, 'correction_max': 0.5, 'correction_bound': 0.5, 'correction_parameterization': 'tanh'}, 'optimization': {'learning_rate': 0.001, 'weight_decay': 0.0001, 'gradient_clip_norm': 5.0, 'optimizer': 'adamw', 'epochs': 100, 'patience': 40}}
Resolved config snapshot:
{'preset': 'solver_QKB_outer_QKBdelta', 'gnn_outer_losses': {'flow': 0.1, 'kirchhoff': 1.0, 'boundary': 100.0, 'delta_l2': 10.0, 'delta_smooth': 0.0, 'pressure_shape': 0.0}, 'physics': {'arterial_flow_mode': 'dataset', 'pressure_constraints': ['equal-a-equal-v'], 'alpha_pa': None, 'use_snr_weights': True, 'use_observed_flow_snr_weighting': True, 'flow_scale_mode': 'median_abs', 'solver_device': 'same', 'pressure_solver_mode': 'reduced-soft-constrained-lstsq', 'pressure_solver_lambda_kirchhoff': 1.0, 'pressure_solver_lambda_pressure_constraints': 100.0, 'pressure_solver_lambda_flow_residual': 1.0, 'pressure_shape_reference': 'delta_zero_reference', 'pressure_detach': False}, 'correction_bounds': {'correction_min': -0.5, 'correction_max': 0.5, 'correction_bound': 0.5, 'correction_parameterization': 'tanh'}, 'optimization': {'learning_rate': 0.001, 'weight_decay': 0.0001, 'gradient_clip_norm': 5.0, 'optimizer': 'adamw', 'epochs': 100, 'patience': 40}}
Command: /mnt/home/sswee/miniforge3/envs/yolk-sac/bin/python /mnt/home/sswee/yolk/Yolk-Sac-Flow-Data-and-Sim/gnn_clean/scripts/python/gnn_flow.py /mnt/home/sswee/yolk/Yolk-Sac-Flow-Data-and-Sim/gnn_clean/datasets/mosaic_graph_canonical_harmonized/mosaic_graph_canonical_harmonized.gpickle --output-dir /mnt/home/sswee/yolk/Yolk-Sac-Flow-Data-and-Sim/gnn_clean/outputs_canonical/dc/03_pressure_constraint_sensitivity/gnn --run-name q_0p1__k_100__delta_100__constraint_equal_av --preset solver_QKB_outer_QKBdelta --device cuda --epochs 100 --seed 0 --viscosity-pa-s 0.0035 --config /mnt/home/sswee/yolk/Yolk-Sac-Flow-Data-and-Sim/gnn_clean/outputs_canonical/dc/03_pressure_constraint_sensitivity/_generated_configs/q_0p1__k_100__delta_100__constraint_equal_av.yaml --no-pressure-detach
Command: /mnt/home/sswee/miniforge3/envs/yolk-sac/bin/python /mnt/home/sswee/yolk/Yolk-Sac-Flow-Data-and-Sim/gnn_clean/scripts/python/gnn_flow.py /mnt/home/sswee/yolk/Yolk-Sac-Flow-Data-and-Sim/gnn_clean/datasets/mosaic_graph_canonical_harmonized/mosaic_graph_canonical_harmonized.gpickle --output-dir /mnt/home/sswee/yolk/Yolk-Sac-Flow-Data-and-Sim/gnn_clean/outputs_canonical/dc/03_pressure_constraint_sensitivity/gnn --run-name q_0p1__k_1__delta_10__constraint_equal_av --preset solver_QKB_outer_QKBdelta --device cuda --epochs 100 --seed 0 --viscosity-pa-s 0.0035 --config /mnt/home/sswee/yolk/Yolk-Sac-Flow-Data-and-Sim/gnn_clean/outputs_canonical/dc/03_pressure_constraint_sensitivity/_generated_configs/q_0p1__k_1__delta_10__constraint_equal_av.yaml --no-pressure-detach
Command: /mnt/home/sswee/miniforge3/envs/yolk-sac/bin/python /mnt/home/sswee/yolk/Yolk-Sac-Flow-Data-and-Sim/gnn_clean/scripts/python/poiseuille_only_baseline.py /mnt/home/sswee/yolk/Yolk-Sac-Flow-Data-and-Sim/gnn_clean/datasets/mosaic_graph_canonical_harmonized/mosaic_graph_canonical_harmonized.gpickle --output-dir /mnt/home/sswee/yolk/Yolk-Sac-Flow-Data-and-Sim/gnn_clean/outputs_canonical/dc/03_pressure_constraint_sensitivity/poiseuille --run-name poiseuille__q_1__k_100__constraint_equal_av --device cpu --viscosity-pa-s 0.0035 --dc-solve-mode reduced-soft-constrained-lstsq --arterial-flow-mode dataset --lambda-kirchhoff 100.0 --lambda-pressure-constraints 100.0 --lambda-flow-residual 1.0 --pressure-constraint equal-a-equal-v
