[info] DC Step 2 canonical sweep uses fixed lambda_B=100.0 for both the outer boundary loss and the reduced pressure-solver boundary constraint.

GNN flow training:   0%|          | 0/100 [00:00<?, ?epoch/s]
GNN flow training:   0%|          | 0/100 [00:06<?, ?epoch/s, best=1.322e+02, sign=0.194, train=1.337e+02, val=1.322e+02]
GNN flow training:   1%|          | 1/100 [00:06<09:59,  6.06s/epoch, best=1.322e+02, sign=0.194, train=1.337e+02, val=1.322e+02]
GNN flow training:   1%|          | 1/100 [00:12<09:59,  6.06s/epoch, best=1.322e+02, sign=0.194, train=1.337e+02, val=1.324e+02]
GNN flow training:   2%|▏         | 2/100 [00:12<09:49,  6.02s/epoch, best=1.322e+02, sign=0.194, train=1.337e+02, val=1.324e+02]
GNN flow training:   2%|▏         | 2/100 [00:17<09:49,  6.02s/epoch, best=1.322e+02, sign=0.194, train=1.340e+02, val=1.323e+02]
GNN flow training:   3%|▎         | 3/100 [00:17<09:40,  5.98s/epoch, best=1.322e+02, sign=0.194, train=1.340e+02, val=1.323e+02]
GNN flow training:   3%|▎         | 3/100 [00:23<09:40,  5.98s/epoch, best=1.322e+02, sign=0.194, train=1.339e+02, val=1.324e+02]
GNN flow training:   4%|▍         | 4/100 [00:23<09:32,  5.96s/epoch, best=1.322e+02, sign=0.194, train=1.339e+02, val=1.324e+02]
GNN flow training:   4%|▍         | 4/100 [00:29<09:32,  5.96s/epoch, best=1.322e+02, sign=0.194, train=1.340e+02, val=1.322e+02]
GNN flow training:   5%|▌         | 5/100 [00:29<09:25,  5.95s/epoch, best=1.322e+02, sign=0.194, train=1.340e+02, val=1.322e+02]
GNN flow training:   5%|▌         | 5/100 [00:35<09:25,  5.95s/epoch, best=1.322e+02, sign=0.195, train=1.337e+02, val=1.320e+02]
GNN flow training:   6%|▌         | 6/100 [00:35<09:19,  5.95s/epoch, best=1.322e+02, sign=0.195, train=1.337e+02, val=1.320e+02]
GNN flow training:   6%|▌         | 6/100 [00:41<09:19,  5.95s/epoch, best=1.320e+02, sign=0.195, train=1.336e+02, val=1.316e+02]
GNN flow training:   7%|▋         | 7/100 [00:41<09:11,  5.93s/epoch, best=1.320e+02, sign=0.195, train=1.336e+02, val=1.316e+02]
GNN flow training:   7%|▋         | 7/100 [00:47<09:11,  5.93s/epoch, best=1.316e+02, sign=0.195, train=1.332e+02, val=1.317e+02]
GNN flow training:   8%|▊         | 8/100 [00:47<09:07,  5.95s/epoch, best=1.316e+02, sign=0.195, train=1.332e+02, val=1.317e+02]
GNN flow training:   8%|▊         | 8/100 [00:53<09:07,  5.95s/epoch, best=1.316e+02, sign=0.195, train=1.333e+02, val=1.314e+02]
GNN flow training:   9%|▉         | 9/100 [00:53<09:02,  5.96s/epoch, best=1.316e+02, sign=0.195, train=1.333e+02, val=1.314e+02]
GNN flow training:   9%|▉         | 9/100 [00:59<09:02,  5.96s/epoch, best=1.314e+02, sign=0.195, train=1.330e+02, val=1.312e+02]
GNN flow training:  10%|█         | 10/100 [00:59<08:56,  5.96s/epoch, best=1.314e+02, sign=0.195, train=1.330e+02, val=1.312e+02]
GNN flow training:  10%|█         | 10/100 [01:05<08:56,  5.96s/epoch, best=1.312e+02, sign=0.195, train=1.328e+02, val=1.312e+02]
GNN flow training:  11%|█         | 11/100 [01:05<08:50,  5.96s/epoch, best=1.312e+02, sign=0.195, train=1.328e+02, val=1.312e+02]
GNN flow training:  11%|█         | 11/100 [01:11<08:50,  5.96s/epoch, best=1.312e+02, sign=0.195, train=1.328e+02, val=1.313e+02]
GNN flow training:  12%|█▏        | 12/100 [01:11<08:45,  5.97s/epoch, best=1.312e+02, sign=0.195, train=1.328e+02, val=1.313e+02]
GNN flow training:  12%|█▏        | 12/100 [01:17<08:45,  5.97s/epoch, best=1.312e+02, sign=0.195, train=1.329e+02, val=1.314e+02]
GNN flow training:  13%|█▎        | 13/100 [01:17<08:37,  5.95s/epoch, best=1.312e+02, sign=0.195, train=1.329e+02, val=1.314e+02]
GNN flow training:  13%|█▎        | 13/100 [01:23<08:37,  5.95s/epoch, best=1.312e+02, sign=0.195, train=1.330e+02, val=1.309e+02]
GNN flow training:  14%|█▍        | 14/100 [01:23<08:32,  5.96s/epoch, best=1.312e+02, sign=0.195, train=1.330e+02, val=1.309e+02]
GNN flow training:  14%|█▍        | 14/100 [01:29<08:32,  5.96s/epoch, best=1.309e+02, sign=0.195, train=1.325e+02, val=1.301e+02]
GNN flow training:  15%|█▌        | 15/100 [01:29<08:27,  5.97s/epoch, best=1.309e+02, sign=0.195, train=1.325e+02, val=1.301e+02]
GNN flow training:  15%|█▌        | 15/100 [01:35<08:27,  5.97s/epoch, best=1.301e+02, sign=0.196, train=1.317e+02, val=1.295e+02]
GNN flow training:  16%|█▌        | 16/100 [01:35<08:22,  5.98s/epoch, best=1.301e+02, sign=0.196, train=1.317e+02, val=1.295e+02]
GNN flow training:  16%|█▌        | 16/100 [01:41<08:22,  5.98s/epoch, best=1.295e+02, sign=0.196, train=1.311e+02, val=1.299e+02]
GNN flow training:  17%|█▋        | 17/100 [01:41<08:15,  5.97s/epoch, best=1.295e+02, sign=0.196, train=1.311e+02, val=1.299e+02]
GNN flow training:  17%|█▋        | 17/100 [01:47<08:15,  5.97s/epoch, best=1.295e+02, sign=0.196, train=1.314e+02, val=1.294e+02]
GNN flow training:  18%|█▊        | 18/100 [01:47<08:10,  5.98s/epoch, best=1.295e+02, sign=0.196, train=1.314e+02, val=1.294e+02]
GNN flow training:  18%|█▊        | 18/100 [01:53<08:10,  5.98s/epoch, best=1.294e+02, sign=0.195, train=1.310e+02, val=1.288e+02]
GNN flow training:  19%|█▉        | 19/100 [01:53<08:02,  5.95s/epoch, best=1.294e+02, sign=0.195, train=1.310e+02, val=1.288e+02]
GNN flow training:  19%|█▉        | 19/100 [01:59<08:02,  5.95s/epoch, best=1.288e+02, sign=0.195, train=1.304e+02, val=1.287e+02]
GNN flow training:  20%|██        | 20/100 [01:59<07:57,  5.97s/epoch, best=1.288e+02, sign=0.195, train=1.304e+02, val=1.287e+02]
GNN flow training:  20%|██        | 20/100 [02:05<07:57,  5.97s/epoch, best=1.287e+02, sign=0.195, train=1.303e+02, val=1.285e+02]
GNN flow training:  21%|██        | 21/100 [02:05<07:50,  5.96s/epoch, best=1.287e+02, sign=0.195, train=1.303e+02, val=1.285e+02]
GNN flow training:  21%|██        | 21/100 [02:11<07:50,  5.96s/epoch, best=1.285e+02, sign=0.194, train=1.301e+02, val=1.280e+02]
GNN flow training:  22%|██▏       | 22/100 [02:11<07:43,  5.95s/epoch, best=1.285e+02, sign=0.194, train=1.301e+02, val=1.280e+02]
GNN flow training:  22%|██▏       | 22/100 [02:17<07:43,  5.95s/epoch, best=1.280e+02, sign=0.193, train=1.296e+02, val=1.281e+02]
GNN flow training:  23%|██▎       | 23/100 [02:17<07:38,  5.96s/epoch, best=1.280e+02, sign=0.193, train=1.296e+02, val=1.281e+02]
GNN flow training:  23%|██▎       | 23/100 [02:23<07:38,  5.96s/epoch, best=1.280e+02, sign=0.193, train=1.297e+02, val=1.276e+02]
GNN flow training:  24%|██▍       | 24/100 [02:23<07:31,  5.95s/epoch, best=1.280e+02, sign=0.193, train=1.297e+02, val=1.276e+02]
GNN flow training:  24%|██▍       | 24/100 [02:28<07:31,  5.95s/epoch, best=1.276e+02, sign=0.192, train=1.292e+02, val=1.270e+02]
GNN flow training:  25%|██▌       | 25/100 [02:28<07:25,  5.94s/epoch, best=1.276e+02, sign=0.192, train=1.292e+02, val=1.270e+02]
GNN flow training:  25%|██▌       | 25/100 [02:34<07:25,  5.94s/epoch, best=1.270e+02, sign=0.190, train=1.286e+02, val=1.263e+02]
GNN flow training:  26%|██▌       | 26/100 [02:34<07:19,  5.93s/epoch, best=1.270e+02, sign=0.190, train=1.286e+02, val=1.263e+02]
GNN flow training:  26%|██▌       | 26/100 [02:40<07:19,  5.93s/epoch, best=1.263e+02, sign=0.189, train=1.278e+02, val=1.255e+02]
GNN flow training:  27%|██▋       | 27/100 [02:40<07:13,  5.94s/epoch, best=1.263e+02, sign=0.189, train=1.278e+02, val=1.255e+02]
GNN flow training:  27%|██▋       | 27/100 [02:46<07:13,  5.94s/epoch, best=1.255e+02, sign=0.188, train=1.270e+02, val=1.246e+02]
GNN flow training:  28%|██▊       | 28/100 [02:46<07:06,  5.92s/epoch, best=1.255e+02, sign=0.188, train=1.270e+02, val=1.246e+02]
GNN flow training:  28%|██▊       | 28/100 [02:52<07:06,  5.92s/epoch, best=1.246e+02, sign=0.185, train=1.261e+02, val=1.233e+02]
GNN flow training:  29%|██▉       | 29/100 [02:52<07:04,  5.98s/epoch, best=1.246e+02, sign=0.185, train=1.261e+02, val=1.233e+02]
GNN flow training:  29%|██▉       | 29/100 [02:58<07:04,  5.98s/epoch, best=1.233e+02, sign=0.183, train=1.248e+02, val=1.232e+02]
GNN flow training:  30%|███       | 30/100 [02:58<06:58,  5.97s/epoch, best=1.233e+02, sign=0.183, train=1.248e+02, val=1.232e+02]
GNN flow training:  30%|███       | 30/100 [03:04<06:58,  5.97s/epoch, best=1.232e+02, sign=0.179, train=1.247e+02, val=1.229e+02]
GNN flow training:  31%|███       | 31/100 [03:04<06:52,  5.97s/epoch, best=1.232e+02, sign=0.179, train=1.247e+02, val=1.229e+02]
GNN flow training:  31%|███       | 31/100 [03:10<06:52,  5.97s/epoch, best=1.229e+02, sign=0.177, train=1.243e+02, val=1.210e+02]
GNN flow training:  32%|███▏      | 32/100 [03:10<06:44,  5.95s/epoch, best=1.229e+02, sign=0.177, train=1.243e+02, val=1.210e+02]
GNN flow training:  32%|███▏      | 32/100 [03:16<06:44,  5.95s/epoch, best=1.210e+02, sign=0.177, train=1.223e+02, val=1.204e+02]
GNN flow training:  33%|███▎      | 33/100 [03:16<06:37,  5.94s/epoch, best=1.210e+02, sign=0.177, train=1.223e+02, val=1.204e+02]
GNN flow training:  33%|███▎      | 33/100 [03:22<06:37,  5.94s/epoch, best=1.204e+02, sign=0.177, train=1.217e+02, val=1.197e+02]
GNN flow training:  34%|███▍      | 34/100 [03:22<06:32,  5.94s/epoch, best=1.204e+02, sign=0.177, train=1.217e+02, val=1.197e+02]
GNN flow training:  34%|███▍      | 34/100 [03:28<06:32,  5.94s/epoch, best=1.197e+02, sign=0.177, train=1.209e+02, val=1.193e+02]
GNN flow training:  35%|███▌      | 35/100 [03:28<06:26,  5.94s/epoch, best=1.197e+02, sign=0.177, train=1.209e+02, val=1.193e+02]
GNN flow training:  35%|███▌      | 35/100 [03:34<06:26,  5.94s/epoch, best=1.193e+02, sign=0.176, train=1.205e+02, val=1.179e+02]
GNN flow training:  36%|███▌      | 36/100 [03:34<06:21,  5.97s/epoch, best=1.193e+02, sign=0.176, train=1.205e+02, val=1.179e+02]
GNN flow training:  36%|███▌      | 36/100 [03:40<06:21,  5.97s/epoch, best=1.179e+02, sign=0.176, train=1.191e+02, val=1.165e+02]
GNN flow training:  37%|███▋      | 37/100 [03:40<06:15,  5.96s/epoch, best=1.179e+02, sign=0.176, train=1.191e+02, val=1.165e+02]
GNN flow training:  37%|███▋      | 37/100 [03:46<06:15,  5.96s/epoch, best=1.165e+02, sign=0.175, train=1.176e+02, val=1.162e+02]
GNN flow training:  38%|███▊      | 38/100 [03:46<06:09,  5.96s/epoch, best=1.165e+02, sign=0.175, train=1.176e+02, val=1.162e+02]
GNN flow training:  38%|███▊      | 38/100 [03:52<06:09,  5.96s/epoch, best=1.162e+02, sign=0.174, train=1.172e+02, val=1.153e+02]
GNN flow training:  39%|███▉      | 39/100 [03:52<06:03,  5.96s/epoch, best=1.162e+02, sign=0.174, train=1.172e+02, val=1.153e+02]
GNN flow training:  39%|███▉      | 39/100 [03:58<06:03,  5.96s/epoch, best=1.153e+02, sign=0.175, train=1.164e+02, val=1.151e+02]
GNN flow training:  40%|████      | 40/100 [03:58<05:58,  5.97s/epoch, best=1.153e+02, sign=0.175, train=1.164e+02, val=1.151e+02]
GNN flow training:  40%|████      | 40/100 [04:04<05:58,  5.97s/epoch, best=1.151e+02, sign=0.178, train=1.163e+02, val=1.138e+02]
GNN flow training:  41%|████      | 41/100 [04:04<05:51,  5.96s/epoch, best=1.151e+02, sign=0.178, train=1.163e+02, val=1.138e+02]
GNN flow training:  41%|████      | 41/100 [04:10<05:51,  5.96s/epoch, best=1.138e+02, sign=0.174, train=1.150e+02, val=1.117e+02]
GNN flow training:  42%|████▏     | 42/100 [04:10<05:45,  5.96s/epoch, best=1.138e+02, sign=0.174, train=1.150e+02, val=1.117e+02]
GNN flow training:  42%|████▏     | 42/100 [04:16<05:45,  5.96s/epoch, best=1.117e+02, sign=0.171, train=1.127e+02, val=1.118e+02]
GNN flow training:  43%|████▎     | 43/100 [04:16<05:39,  5.96s/epoch, best=1.117e+02, sign=0.171, train=1.127e+02, val=1.118e+02]
GNN flow training:  43%|████▎     | 43/100 [04:22<05:39,  5.96s/epoch, best=1.117e+02, sign=0.170, train=1.127e+02, val=1.112e+02]
GNN flow training:  44%|████▍     | 44/100 [04:22<05:33,  5.96s/epoch, best=1.117e+02, sign=0.170, train=1.127e+02, val=1.112e+02]
GNN flow training:  44%|████▍     | 44/100 [04:28<05:33,  5.96s/epoch, best=1.112e+02, sign=0.172, train=1.119e+02, val=1.135e+02]
GNN flow training:  45%|████▌     | 45/100 [04:28<05:27,  5.96s/epoch, best=1.112e+02, sign=0.172, train=1.119e+02, val=1.135e+02]
GNN flow training:  45%|████▌     | 45/100 [04:34<05:27,  5.96s/epoch, best=1.112e+02, sign=0.172, train=1.141e+02, val=1.159e+02]
GNN flow training:  46%|████▌     | 46/100 [04:34<05:22,  5.97s/epoch, best=1.112e+02, sign=0.172, train=1.141e+02, val=1.159e+02]
GNN flow training:  46%|████▌     | 46/100 [04:40<05:22,  5.97s/epoch, best=1.112e+02, sign=0.172, train=1.166e+02, val=1.201e+02]
GNN flow training:  47%|████▋     | 47/100 [04:40<05:15,  5.95s/epoch, best=1.112e+02, sign=0.172, train=1.166e+02, val=1.201e+02]
GNN flow training:  47%|████▋     | 47/100 [04:46<05:15,  5.95s/epoch, best=1.112e+02, sign=0.174, train=1.208e+02, val=1.230e+02]
GNN flow training:  48%|████▊     | 48/100 [04:46<05:10,  5.96s/epoch, best=1.112e+02, sign=0.174, train=1.208e+02, val=1.230e+02]
GNN flow training:  48%|████▊     | 48/100 [04:51<05:10,  5.96s/epoch, best=1.112e+02, sign=0.173, train=1.238e+02, val=1.214e+02]
GNN flow training:  49%|████▉     | 49/100 [04:51<05:04,  5.97s/epoch, best=1.112e+02, sign=0.173, train=1.238e+02, val=1.214e+02]
GNN flow training:  49%|████▉     | 49/100 [04:57<05:04,  5.97s/epoch, best=1.112e+02, sign=0.170, train=1.222e+02, val=1.197e+02]
GNN flow training:  50%|█████     | 50/100 [04:57<04:58,  5.97s/epoch, best=1.112e+02, sign=0.170, train=1.222e+02, val=1.197e+02]
GNN flow training:  50%|█████     | 50/100 [05:04<04:58,  5.97s/epoch, best=1.112e+02, sign=0.169, train=1.204e+02, val=1.197e+02]
GNN flow training:  51%|█████     | 51/100 [05:04<04:54,  6.00s/epoch, best=1.112e+02, sign=0.169, train=1.204e+02, val=1.197e+02]
GNN flow training:  51%|█████     | 51/100 [05:10<04:54,  6.00s/epoch, best=1.112e+02, sign=0.168, train=1.204e+02, val=1.203e+02]
GNN flow training:  52%|█████▏    | 52/100 [05:10<04:47,  5.99s/epoch, best=1.112e+02, sign=0.168, train=1.204e+02, val=1.203e+02]
GNN flow training:  52%|█████▏    | 52/100 [05:15<04:47,  5.99s/epoch, best=1.112e+02, sign=0.170, train=1.211e+02, val=1.216e+02]
GNN flow training:  53%|█████▎    | 53/100 [05:15<04:41,  5.99s/epoch, best=1.112e+02, sign=0.170, train=1.211e+02, val=1.216e+02]
GNN flow training:  53%|█████▎    | 53/100 [05:21<04:41,  5.99s/epoch, best=1.112e+02, sign=0.171, train=1.225e+02, val=1.232e+02]
GNN flow training:  54%|█████▍    | 54/100 [05:21<04:35,  5.99s/epoch, best=1.112e+02, sign=0.171, train=1.225e+02, val=1.232e+02]
GNN flow training:  54%|█████▍    | 54/100 [05:27<04:35,  5.99s/epoch, best=1.112e+02, sign=0.173, train=1.241e+02, val=1.226e+02]
GNN flow training:  55%|█████▌    | 55/100 [05:27<04:28,  5.98s/epoch, best=1.112e+02, sign=0.173, train=1.241e+02, val=1.226e+02]
GNN flow training:  55%|█████▌    | 55/100 [05:33<04:28,  5.98s/epoch, best=1.112e+02, sign=0.173, train=1.236e+02, val=1.210e+02]
GNN flow training:  56%|█████▌    | 56/100 [05:33<04:22,  5.97s/epoch, best=1.112e+02, sign=0.173, train=1.236e+02, val=1.210e+02]
GNN flow training:  56%|█████▌    | 56/100 [05:39<04:22,  5.97s/epoch, best=1.112e+02, sign=0.172, train=1.220e+02, val=1.185e+02]
GNN flow training:  57%|█████▋    | 57/100 [05:39<04:16,  5.97s/epoch, best=1.112e+02, sign=0.172, train=1.220e+02, val=1.185e+02]
GNN flow training:  57%|█████▋    | 57/100 [05:45<04:16,  5.97s/epoch, best=1.112e+02, sign=0.171, train=1.195e+02, val=1.152e+02]
GNN flow training:  58%|█████▊    | 58/100 [05:45<04:10,  5.97s/epoch, best=1.112e+02, sign=0.171, train=1.195e+02, val=1.152e+02]
GNN flow training:  58%|█████▊    | 58/100 [05:51<04:10,  5.97s/epoch, best=1.112e+02, sign=0.170, train=1.161e+02, val=1.131e+02]
GNN flow training:  59%|█████▉    | 59/100 [05:51<04:04,  5.98s/epoch, best=1.112e+02, sign=0.170, train=1.161e+02, val=1.131e+02]
GNN flow training:  59%|█████▉    | 59/100 [05:57<04:04,  5.98s/epoch, best=1.112e+02, sign=0.177, train=1.141e+02, val=1.115e+02]
GNN flow training:  60%|██████    | 60/100 [05:57<03:58,  5.96s/epoch, best=1.112e+02, sign=0.177, train=1.141e+02, val=1.115e+02]
GNN flow training:  60%|██████    | 60/100 [06:03<03:58,  5.96s/epoch, best=1.112e+02, sign=0.191, train=1.126e+02, val=1.138e+02]
GNN flow training:  61%|██████    | 61/100 [06:03<03:52,  5.95s/epoch, best=1.112e+02, sign=0.191, train=1.126e+02, val=1.138e+02]
GNN flow training:  61%|██████    | 61/100 [06:09<03:52,  5.95s/epoch, best=1.112e+02, sign=0.194, train=1.150e+02, val=1.136e+02]
GNN flow training:  62%|██████▏   | 62/100 [06:09<03:45,  5.95s/epoch, best=1.112e+02, sign=0.194, train=1.150e+02, val=1.136e+02]
GNN flow training:  62%|██████▏   | 62/100 [06:15<03:45,  5.95s/epoch, best=1.112e+02, sign=0.192, train=1.147e+02, val=1.144e+02]
GNN flow training:  63%|██████▎   | 63/100 [06:15<03:40,  5.95s/epoch, best=1.112e+02, sign=0.192, train=1.147e+02, val=1.144e+02]
GNN flow training:  63%|██████▎   | 63/100 [06:21<03:40,  5.95s/epoch, best=1.112e+02, sign=0.189, train=1.155e+02, val=1.132e+02]
GNN flow training:  64%|██████▍   | 64/100 [06:21<03:34,  5.96s/epoch, best=1.112e+02, sign=0.189, train=1.155e+02, val=1.132e+02]
GNN flow training:  64%|██████▍   | 64/100 [06:27<03:34,  5.96s/epoch, best=1.112e+02, sign=0.182, train=1.142e+02, val=1.119e+02]
GNN flow training:  65%|██████▌   | 65/100 [06:27<03:28,  5.94s/epoch, best=1.112e+02, sign=0.182, train=1.142e+02, val=1.119e+02]
GNN flow training:  65%|██████▌   | 65/100 [06:33<03:28,  5.94s/epoch, best=1.112e+02, sign=0.178, train=1.129e+02, val=1.098e+02]
GNN flow training:  66%|██████▌   | 66/100 [06:33<03:21,  5.94s/epoch, best=1.112e+02, sign=0.178, train=1.129e+02, val=1.098e+02]
GNN flow training:  66%|██████▌   | 66/100 [06:39<03:21,  5.94s/epoch, best=1.098e+02, sign=0.177, train=1.108e+02, val=1.089e+02]
GNN flow training:  67%|██████▋   | 67/100 [06:39<03:15,  5.92s/epoch, best=1.098e+02, sign=0.177, train=1.108e+02, val=1.089e+02]
GNN flow training:  67%|██████▋   | 67/100 [06:45<03:15,  5.92s/epoch, best=1.089e+02, sign=0.177, train=1.099e+02, val=1.082e+02]
GNN flow training:  68%|██████▊   | 68/100 [06:45<03:08,  5.90s/epoch, best=1.089e+02, sign=0.177, train=1.099e+02, val=1.082e+02]
GNN flow training:  68%|██████▊   | 68/100 [06:51<03:08,  5.90s/epoch, best=1.082e+02, sign=0.174, train=1.092e+02, val=1.068e+02]
GNN flow training:  69%|██████▉   | 69/100 [06:51<03:03,  5.90s/epoch, best=1.082e+02, sign=0.174, train=1.092e+02, val=1.068e+02]
GNN flow training:  69%|██████▉   | 69/100 [06:57<03:03,  5.90s/epoch, best=1.068e+02, sign=0.172, train=1.077e+02, val=1.064e+02]
GNN flow training:  70%|███████   | 70/100 [06:57<02:57,  5.93s/epoch, best=1.068e+02, sign=0.172, train=1.077e+02, val=1.064e+02]
GNN flow training:  70%|███████   | 70/100 [07:02<02:57,  5.93s/epoch, best=1.064e+02, sign=0.172, train=1.074e+02, val=1.071e+02]
GNN flow training:  71%|███████   | 71/100 [07:02<02:51,  5.92s/epoch, best=1.064e+02, sign=0.172, train=1.074e+02, val=1.071e+02]
GNN flow training:  71%|███████   | 71/100 [07:08<02:51,  5.92s/epoch, best=1.064e+02, sign=0.169, train=1.080e+02, val=1.062e+02]
GNN flow training:  72%|███████▏  | 72/100 [07:08<02:46,  5.94s/epoch, best=1.064e+02, sign=0.169, train=1.080e+02, val=1.062e+02]
GNN flow training:  72%|███████▏  | 72/100 [07:14<02:46,  5.94s/epoch, best=1.062e+02, sign=0.166, train=1.071e+02, val=1.063e+02]
GNN flow training:  73%|███████▎  | 73/100 [07:14<02:40,  5.94s/epoch, best=1.062e+02, sign=0.166, train=1.071e+02, val=1.063e+02]
GNN flow training:  73%|███████▎  | 73/100 [07:20<02:40,  5.94s/epoch, best=1.062e+02, sign=0.165, train=1.071e+02, val=1.048e+02]
GNN flow training:  74%|███████▍  | 74/100 [07:20<02:34,  5.93s/epoch, best=1.062e+02, sign=0.165, train=1.071e+02, val=1.048e+02]
GNN flow training:  74%|███████▍  | 74/100 [07:26<02:34,  5.93s/epoch, best=1.048e+02, sign=0.161, train=1.056e+02, val=1.045e+02]
GNN flow training:  75%|███████▌  | 75/100 [07:26<02:28,  5.93s/epoch, best=1.048e+02, sign=0.161, train=1.056e+02, val=1.045e+02]
GNN flow training:  75%|███████▌  | 75/100 [07:32<02:28,  5.93s/epoch, best=1.045e+02, sign=0.159, train=1.051e+02, val=1.044e+02]
GNN flow training:  76%|███████▌  | 76/100 [07:32<02:22,  5.94s/epoch, best=1.045e+02, sign=0.159, train=1.051e+02, val=1.044e+02]
GNN flow training:  76%|███████▌  | 76/100 [07:38<02:22,  5.94s/epoch, best=1.044e+02, sign=0.158, train=1.050e+02, val=1.043e+02]
GNN flow training:  77%|███████▋  | 77/100 [07:38<02:16,  5.93s/epoch, best=1.044e+02, sign=0.158, train=1.050e+02, val=1.043e+02]
GNN flow training:  77%|███████▋  | 77/100 [07:44<02:16,  5.93s/epoch, best=1.043e+02, sign=0.157, train=1.048e+02, val=1.047e+02]
GNN flow training:  78%|███████▊  | 78/100 [07:44<02:10,  5.92s/epoch, best=1.043e+02, sign=0.157, train=1.048e+02, val=1.047e+02]
GNN flow training:  78%|███████▊  | 78/100 [07:50<02:10,  5.92s/epoch, best=1.043e+02, sign=0.155, train=1.052e+02, val=1.047e+02]
GNN flow training:  79%|███████▉  | 79/100 [07:50<02:04,  5.92s/epoch, best=1.043e+02, sign=0.155, train=1.052e+02, val=1.047e+02]
GNN flow training:  79%|███████▉  | 79/100 [07:56<02:04,  5.92s/epoch, best=1.043e+02, sign=0.157, train=1.052e+02, val=1.048e+02]
GNN flow training:  80%|████████  | 80/100 [07:56<01:58,  5.90s/epoch, best=1.043e+02, sign=0.157, train=1.052e+02, val=1.048e+02]
GNN flow training:  80%|████████  | 80/100 [08:02<01:58,  5.90s/epoch, best=1.043e+02, sign=0.158, train=1.054e+02, val=1.052e+02]
GNN flow training:  81%|████████  | 81/100 [08:02<01:52,  5.95s/epoch, best=1.043e+02, sign=0.158, train=1.054e+02, val=1.052e+02]
GNN flow training:  81%|████████  | 81/100 [08:08<01:52,  5.95s/epoch, best=1.043e+02, sign=0.157, train=1.057e+02, val=1.055e+02]
GNN flow training:  82%|████████▏ | 82/100 [08:08<01:46,  5.94s/epoch, best=1.043e+02, sign=0.157, train=1.057e+02, val=1.055e+02]
GNN flow training:  82%|████████▏ | 82/100 [08:14<01:46,  5.94s/epoch, best=1.043e+02, sign=0.159, train=1.061e+02, val=1.063e+02]
GNN flow training:  83%|████████▎ | 83/100 [08:14<01:40,  5.93s/epoch, best=1.043e+02, sign=0.159, train=1.061e+02, val=1.063e+02]
GNN flow training:  83%|████████▎ | 83/100 [08:20<01:40,  5.93s/epoch, best=1.043e+02, sign=0.162, train=1.069e+02, val=1.074e+02]
GNN flow training:  84%|████████▍ | 84/100 [08:20<01:35,  5.94s/epoch, best=1.043e+02, sign=0.162, train=1.069e+02, val=1.074e+02]
GNN flow training:  84%|████████▍ | 84/100 [08:26<01:35,  5.94s/epoch, best=1.043e+02, sign=0.160, train=1.079e+02, val=1.076e+02]
GNN flow training:  85%|████████▌ | 85/100 [08:26<01:29,  5.94s/epoch, best=1.043e+02, sign=0.160, train=1.079e+02, val=1.076e+02]
GNN flow training:  85%|████████▌ | 85/100 [08:31<01:29,  5.94s/epoch, best=1.043e+02, sign=0.160, train=1.081e+02, val=1.041e+02]
GNN flow training:  86%|████████▌ | 86/100 [08:31<01:23,  5.93s/epoch, best=1.043e+02, sign=0.160, train=1.081e+02, val=1.041e+02]
GNN flow training:  86%|████████▌ | 86/100 [08:37<01:23,  5.93s/epoch, best=1.041e+02, sign=0.158, train=1.047e+02, val=1.018e+02]
GNN flow training:  87%|████████▋ | 87/100 [08:37<01:17,  5.93s/epoch, best=1.041e+02, sign=0.158, train=1.047e+02, val=1.018e+02]
GNN flow training:  87%|████████▋ | 87/100 [08:43<01:17,  5.93s/epoch, best=1.018e+02, sign=0.156, train=1.023e+02, val=9.991e+01]
GNN flow training:  88%|████████▊ | 88/100 [08:43<01:11,  5.92s/epoch, best=1.018e+02, sign=0.156, train=1.023e+02, val=9.991e+01]
GNN flow training:  88%|████████▊ | 88/100 [08:49<01:11,  5.92s/epoch, best=9.991e+01, sign=0.157, train=1.006e+02, val=9.763e+01]
GNN flow training:  89%|████████▉ | 89/100 [08:49<01:05,  5.93s/epoch, best=9.991e+01, sign=0.157, train=1.006e+02, val=9.763e+01]
GNN flow training:  89%|████████▉ | 89/100 [08:55<01:05,  5.93s/epoch, best=9.763e+01, sign=0.159, train=9.849e+01, val=9.843e+01]
GNN flow training:  90%|█████████ | 90/100 [08:55<00:59,  5.95s/epoch, best=9.763e+01, sign=0.159, train=9.849e+01, val=9.843e+01]
GNN flow training:  90%|█████████ | 90/100 [09:01<00:59,  5.95s/epoch, best=9.763e+01, sign=0.159, train=9.939e+01, val=9.795e+01]
GNN flow training:  91%|█████████ | 91/100 [09:01<00:53,  5.94s/epoch, best=9.763e+01, sign=0.159, train=9.939e+01, val=9.795e+01]
GNN flow training:  91%|█████████ | 91/100 [09:07<00:53,  5.94s/epoch, best=9.763e+01, sign=0.157, train=9.892e+01, val=9.680e+01]
GNN flow training:  92%|█████████▏| 92/100 [09:07<00:47,  5.92s/epoch, best=9.763e+01, sign=0.157, train=9.892e+01, val=9.680e+01]
GNN flow training:  92%|█████████▏| 92/100 [09:13<00:47,  5.92s/epoch, best=9.680e+01, sign=0.156, train=9.778e+01, val=9.664e+01]
GNN flow training:  93%|█████████▎| 93/100 [09:13<00:41,  5.91s/epoch, best=9.680e+01, sign=0.156, train=9.778e+01, val=9.664e+01]
GNN flow training:  93%|█████████▎| 93/100 [09:19<00:41,  5.91s/epoch, best=9.664e+01, sign=0.157, train=9.746e+01, val=9.636e+01]
GNN flow training:  94%|█████████▍| 94/100 [09:19<00:35,  5.92s/epoch, best=9.664e+01, sign=0.157, train=9.746e+01, val=9.636e+01]
GNN flow training:  94%|█████████▍| 94/100 [09:25<00:35,  5.92s/epoch, best=9.636e+01, sign=0.156, train=9.718e+01, val=9.529e+01]
GNN flow training:  95%|█████████▌| 95/100 [09:25<00:29,  5.92s/epoch, best=9.636e+01, sign=0.156, train=9.718e+01, val=9.529e+01]
GNN flow training:  95%|█████████▌| 95/100 [09:31<00:29,  5.92s/epoch, best=9.529e+01, sign=0.155, train=9.616e+01, val=9.486e+01]
GNN flow training:  96%|█████████▌| 96/100 [09:31<00:23,  5.90s/epoch, best=9.529e+01, sign=0.155, train=9.616e+01, val=9.486e+01]
GNN flow training:  96%|█████████▌| 96/100 [09:36<00:23,  5.90s/epoch, best=9.486e+01, sign=0.155, train=9.578e+01, val=9.412e+01]
GNN flow training:  97%|█████████▋| 97/100 [09:36<00:17,  5.91s/epoch, best=9.486e+01, sign=0.155, train=9.578e+01, val=9.412e+01]
GNN flow training:  97%|█████████▋| 97/100 [09:42<00:17,  5.91s/epoch, best=9.412e+01, sign=0.154, train=9.505e+01, val=9.416e+01]
GNN flow training:  98%|█████████▊| 98/100 [09:42<00:11,  5.92s/epoch, best=9.412e+01, sign=0.154, train=9.505e+01, val=9.416e+01]
GNN flow training:  98%|█████████▊| 98/100 [09:48<00:11,  5.92s/epoch, best=9.412e+01, sign=0.154, train=9.505e+01, val=9.432e+01]
GNN flow training:  99%|█████████▉| 99/100 [09:48<00:05,  5.92s/epoch, best=9.412e+01, sign=0.154, train=9.505e+01, val=9.432e+01]
GNN flow training:  99%|█████████▉| 99/100 [09:54<00:05,  5.92s/epoch, best=9.412e+01, sign=0.153, train=9.521e+01, val=9.334e+01]
GNN flow training: 100%|██████████| 100/100 [09:54<00:00,  5.92s/epoch, best=9.412e+01, sign=0.153, train=9.521e+01, val=9.334e+01]
GNN flow training: 100%|██████████| 100/100 [09:54<00:00,  5.95s/epoch, best=9.412e+01, sign=0.153, train=9.521e+01, val=9.334e+01]
Resolved config snapshot:
{'preset': 'solver_QKB_outer_QKBdelta', 'gnn_outer_losses': {'flow': 100.0, 'kirchhoff': 10.0, 'boundary': 100.0, 'delta_l2': 1.0, 'delta_smooth': 0.0, 'pressure_shape': 0.0}, 'physics': {'arterial_flow_mode': 'dataset', 'pressure_constraints': ['equal-a-equal-v'], 'alpha_pa': None, 'use_snr_weights': True, 'use_observed_flow_snr_weighting': True, 'flow_scale_mode': 'median_abs', 'solver_device': 'same', 'pressure_solver_mode': 'reduced-soft-constrained-lstsq', 'pressure_solver_lambda_kirchhoff': 1.0, 'pressure_solver_lambda_pressure_constraints': 100.0, 'pressure_solver_lambda_flow_residual': 1.0, 'pressure_shape_reference': 'delta_zero_reference', 'pressure_detach': False}, 'correction_bounds': {'correction_min': -0.5, 'correction_max': 0.5, 'correction_bound': 0.5, 'correction_parameterization': 'tanh'}, 'optimization': {'learning_rate': 0.001, 'weight_decay': 0.0001, 'gradient_clip_norm': 5.0, 'optimizer': 'adamw', 'epochs': 100, 'patience': 40}}
Shard 58/80: 1 of 80 runs
Command: /mnt/home/sswee/miniforge3/envs/yolk-sac/bin/python /mnt/home/sswee/yolk/Yolk-Sac-Flow-Data-and-Sim/gnn_clean/scripts/python/gnn_flow.py /mnt/home/sswee/yolk/Yolk-Sac-Flow-Data-and-Sim/gnn_clean/datasets/mosaic_graph_canonical_harmonized/mosaic_graph_canonical_harmonized.gpickle --output-dir /mnt/home/sswee/yolk/Yolk-Sac-Flow-Data-and-Sim/gnn_clean/outputs_canonical/dc/02_physics_weight_sweep/gnn --run-name q_100__k_10__delta_1 --preset solver_QKB_outer_QKBdelta --device cuda --epochs 100 --seed 0 --viscosity-pa-s 0.0035 --config /mnt/home/sswee/yolk/Yolk-Sac-Flow-Data-and-Sim/gnn_clean/outputs_canonical/dc/02_physics_weight_sweep/_generated_configs/q_100__k_10__delta_1.yaml --no-pressure-detach
