[info] DC Step 2 canonical sweep uses fixed lambda_B=100.0 for both the outer boundary loss and the reduced pressure-solver boundary constraint.

GNN flow training:   0%|          | 0/100 [00:00<?, ?epoch/s]
GNN flow training:   0%|          | 0/100 [00:04<?, ?epoch/s, best=6.309e+00, sign=0.195, train=7.890e+00, val=6.309e+00]
GNN flow training:   1%|          | 1/100 [00:04<07:37,  4.62s/epoch, best=6.309e+00, sign=0.195, train=7.890e+00, val=6.309e+00]
GNN flow training:   1%|          | 1/100 [00:09<07:37,  4.62s/epoch, best=6.309e+00, sign=0.194, train=7.877e+00, val=6.288e+00]
GNN flow training:   2%|▏         | 2/100 [00:09<07:27,  4.56s/epoch, best=6.309e+00, sign=0.194, train=7.877e+00, val=6.288e+00]
GNN flow training:   2%|▏         | 2/100 [00:13<07:27,  4.56s/epoch, best=6.288e+00, sign=0.193, train=7.850e+00, val=6.256e+00]
GNN flow training:   3%|▎         | 3/100 [00:13<07:23,  4.57s/epoch, best=6.288e+00, sign=0.193, train=7.850e+00, val=6.256e+00]
GNN flow training:   3%|▎         | 3/100 [00:18<07:23,  4.57s/epoch, best=6.256e+00, sign=0.192, train=7.805e+00, val=6.209e+00]
GNN flow training:   4%|▍         | 4/100 [00:18<07:16,  4.54s/epoch, best=6.256e+00, sign=0.192, train=7.805e+00, val=6.209e+00]
GNN flow training:   4%|▍         | 4/100 [00:22<07:16,  4.54s/epoch, best=6.209e+00, sign=0.191, train=7.737e+00, val=6.141e+00]
GNN flow training:   5%|▌         | 5/100 [00:22<07:11,  4.54s/epoch, best=6.209e+00, sign=0.191, train=7.737e+00, val=6.141e+00]
GNN flow training:   5%|▌         | 5/100 [00:27<07:11,  4.54s/epoch, best=6.141e+00, sign=0.188, train=7.640e+00, val=6.054e+00]
GNN flow training:   6%|▌         | 6/100 [00:27<07:08,  4.56s/epoch, best=6.141e+00, sign=0.188, train=7.640e+00, val=6.054e+00]
GNN flow training:   6%|▌         | 6/100 [00:31<07:08,  4.56s/epoch, best=6.054e+00, sign=0.184, train=7.511e+00, val=5.952e+00]
GNN flow training:   7%|▋         | 7/100 [00:31<07:01,  4.53s/epoch, best=6.054e+00, sign=0.184, train=7.511e+00, val=5.952e+00]
GNN flow training:   7%|▋         | 7/100 [00:36<07:01,  4.53s/epoch, best=5.952e+00, sign=0.180, train=7.344e+00, val=5.825e+00]
GNN flow training:   8%|▊         | 8/100 [00:36<06:54,  4.51s/epoch, best=5.952e+00, sign=0.180, train=7.344e+00, val=5.825e+00]
GNN flow training:   8%|▊         | 8/100 [00:40<06:54,  4.51s/epoch, best=5.825e+00, sign=0.176, train=7.133e+00, val=5.690e+00]
GNN flow training:   9%|▉         | 9/100 [00:40<06:49,  4.50s/epoch, best=5.825e+00, sign=0.176, train=7.133e+00, val=5.690e+00]
GNN flow training:   9%|▉         | 9/100 [00:45<06:49,  4.50s/epoch, best=5.690e+00, sign=0.169, train=6.885e+00, val=5.558e+00]
GNN flow training:  10%|█         | 10/100 [00:45<06:44,  4.49s/epoch, best=5.690e+00, sign=0.169, train=6.885e+00, val=5.558e+00]
GNN flow training:  10%|█         | 10/100 [00:49<06:44,  4.49s/epoch, best=5.558e+00, sign=0.164, train=6.613e+00, val=5.432e+00]
GNN flow training:  11%|█         | 11/100 [00:49<06:40,  4.50s/epoch, best=5.558e+00, sign=0.164, train=6.613e+00, val=5.432e+00]
GNN flow training:  11%|█         | 11/100 [00:54<06:40,  4.50s/epoch, best=5.432e+00, sign=0.159, train=6.336e+00, val=5.328e+00]
GNN flow training:  12%|█▏        | 12/100 [00:54<06:37,  4.51s/epoch, best=5.432e+00, sign=0.159, train=6.336e+00, val=5.328e+00]
GNN flow training:  12%|█▏        | 12/100 [00:58<06:37,  4.51s/epoch, best=5.328e+00, sign=0.153, train=6.075e+00, val=5.213e+00]
GNN flow training:  13%|█▎        | 13/100 [00:58<06:31,  4.50s/epoch, best=5.328e+00, sign=0.153, train=6.075e+00, val=5.213e+00]
GNN flow training:  13%|█▎        | 13/100 [01:03<06:31,  4.50s/epoch, best=5.213e+00, sign=0.148, train=5.830e+00, val=5.094e+00]
GNN flow training:  14%|█▍        | 14/100 [01:03<06:26,  4.50s/epoch, best=5.213e+00, sign=0.148, train=5.830e+00, val=5.094e+00]
GNN flow training:  14%|█▍        | 14/100 [01:07<06:26,  4.50s/epoch, best=5.094e+00, sign=0.145, train=5.598e+00, val=4.982e+00]
GNN flow training:  15%|█▌        | 15/100 [01:07<06:21,  4.49s/epoch, best=5.094e+00, sign=0.145, train=5.598e+00, val=4.982e+00]
GNN flow training:  15%|█▌        | 15/100 [01:12<06:21,  4.49s/epoch, best=4.982e+00, sign=0.143, train=5.377e+00, val=4.951e+00]
GNN flow training:  16%|█▌        | 16/100 [01:12<06:16,  4.48s/epoch, best=4.982e+00, sign=0.143, train=5.377e+00, val=4.951e+00]
GNN flow training:  16%|█▌        | 16/100 [01:16<06:16,  4.48s/epoch, best=4.951e+00, sign=0.141, train=5.180e+00, val=4.879e+00]
GNN flow training:  17%|█▋        | 17/100 [01:16<06:11,  4.47s/epoch, best=4.951e+00, sign=0.141, train=5.180e+00, val=4.879e+00]
GNN flow training:  17%|█▋        | 17/100 [01:21<06:11,  4.47s/epoch, best=4.879e+00, sign=0.139, train=5.013e+00, val=4.874e+00]
GNN flow training:  18%|█▊        | 18/100 [01:21<06:05,  4.46s/epoch, best=4.879e+00, sign=0.139, train=5.013e+00, val=4.874e+00]
GNN flow training:  18%|█▊        | 18/100 [01:25<06:05,  4.46s/epoch, best=4.874e+00, sign=0.138, train=4.881e+00, val=4.830e+00]
GNN flow training:  19%|█▉        | 19/100 [01:25<06:01,  4.47s/epoch, best=4.874e+00, sign=0.138, train=4.881e+00, val=4.830e+00]
GNN flow training:  19%|█▉        | 19/100 [01:29<06:01,  4.47s/epoch, best=4.830e+00, sign=0.138, train=4.734e+00, val=4.824e+00]
GNN flow training:  20%|██        | 20/100 [01:29<05:56,  4.45s/epoch, best=4.830e+00, sign=0.138, train=4.734e+00, val=4.824e+00]
GNN flow training:  20%|██        | 20/100 [01:34<05:56,  4.45s/epoch, best=4.824e+00, sign=0.136, train=4.743e+00, val=4.834e+00]
GNN flow training:  21%|██        | 21/100 [01:34<05:51,  4.44s/epoch, best=4.824e+00, sign=0.136, train=4.743e+00, val=4.834e+00]
GNN flow training:  21%|██        | 21/100 [01:38<05:51,  4.44s/epoch, best=4.824e+00, sign=0.137, train=4.577e+00, val=4.796e+00]
GNN flow training:  22%|██▏       | 22/100 [01:38<05:46,  4.44s/epoch, best=4.824e+00, sign=0.137, train=4.577e+00, val=4.796e+00]
GNN flow training:  22%|██▏       | 22/100 [01:43<05:46,  4.44s/epoch, best=4.796e+00, sign=0.138, train=4.553e+00, val=4.772e+00]
GNN flow training:  23%|██▎       | 23/100 [01:43<05:41,  4.44s/epoch, best=4.796e+00, sign=0.138, train=4.553e+00, val=4.772e+00]
GNN flow training:  23%|██▎       | 23/100 [01:47<05:41,  4.44s/epoch, best=4.772e+00, sign=0.136, train=4.467e+00, val=4.682e+00]
GNN flow training:  24%|██▍       | 24/100 [01:47<05:37,  4.45s/epoch, best=4.772e+00, sign=0.136, train=4.467e+00, val=4.682e+00]
GNN flow training:  24%|██▍       | 24/100 [01:52<05:37,  4.45s/epoch, best=4.682e+00, sign=0.136, train=4.414e+00, val=4.612e+00]
GNN flow training:  25%|██▌       | 25/100 [01:52<05:33,  4.45s/epoch, best=4.682e+00, sign=0.136, train=4.414e+00, val=4.612e+00]
GNN flow training:  25%|██▌       | 25/100 [01:56<05:33,  4.45s/epoch, best=4.612e+00, sign=0.139, train=4.365e+00, val=4.614e+00]
GNN flow training:  26%|██▌       | 26/100 [01:56<05:28,  4.43s/epoch, best=4.612e+00, sign=0.139, train=4.365e+00, val=4.614e+00]
GNN flow training:  26%|██▌       | 26/100 [02:01<05:28,  4.43s/epoch, best=4.612e+00, sign=0.139, train=4.309e+00, val=4.570e+00]
GNN flow training:  27%|██▋       | 27/100 [02:01<05:23,  4.43s/epoch, best=4.612e+00, sign=0.139, train=4.309e+00, val=4.570e+00]
GNN flow training:  27%|██▋       | 27/100 [02:05<05:23,  4.43s/epoch, best=4.570e+00, sign=0.141, train=4.264e+00, val=4.440e+00]
GNN flow training:  28%|██▊       | 28/100 [02:05<05:21,  4.47s/epoch, best=4.570e+00, sign=0.141, train=4.264e+00, val=4.440e+00]
GNN flow training:  28%|██▊       | 28/100 [02:10<05:21,  4.47s/epoch, best=4.440e+00, sign=0.140, train=4.269e+00, val=4.410e+00]
GNN flow training:  29%|██▉       | 29/100 [02:10<05:16,  4.46s/epoch, best=4.440e+00, sign=0.140, train=4.269e+00, val=4.410e+00]
GNN flow training:  29%|██▉       | 29/100 [02:14<05:16,  4.46s/epoch, best=4.410e+00, sign=0.141, train=4.243e+00, val=4.518e+00]
GNN flow training:  30%|███       | 30/100 [02:14<05:11,  4.44s/epoch, best=4.410e+00, sign=0.141, train=4.243e+00, val=4.518e+00]
GNN flow training:  30%|███       | 30/100 [02:18<05:11,  4.44s/epoch, best=4.410e+00, sign=0.141, train=4.213e+00, val=4.519e+00]
GNN flow training:  31%|███       | 31/100 [02:18<05:06,  4.44s/epoch, best=4.410e+00, sign=0.141, train=4.213e+00, val=4.519e+00]
GNN flow training:  31%|███       | 31/100 [02:23<05:06,  4.44s/epoch, best=4.410e+00, sign=0.139, train=4.210e+00, val=4.499e+00]
GNN flow training:  32%|███▏      | 32/100 [02:23<05:01,  4.43s/epoch, best=4.410e+00, sign=0.139, train=4.210e+00, val=4.499e+00]
GNN flow training:  32%|███▏      | 32/100 [02:27<05:01,  4.43s/epoch, best=4.410e+00, sign=0.140, train=4.184e+00, val=4.532e+00]
GNN flow training:  33%|███▎      | 33/100 [02:27<04:57,  4.43s/epoch, best=4.410e+00, sign=0.140, train=4.184e+00, val=4.532e+00]
GNN flow training:  33%|███▎      | 33/100 [02:32<04:57,  4.43s/epoch, best=4.410e+00, sign=0.138, train=4.159e+00, val=4.506e+00]
GNN flow training:  34%|███▍      | 34/100 [02:32<04:52,  4.44s/epoch, best=4.410e+00, sign=0.138, train=4.159e+00, val=4.506e+00]
GNN flow training:  34%|███▍      | 34/100 [02:36<04:52,  4.44s/epoch, best=4.410e+00, sign=0.142, train=4.117e+00, val=4.504e+00]
GNN flow training:  35%|███▌      | 35/100 [02:36<04:48,  4.44s/epoch, best=4.410e+00, sign=0.142, train=4.117e+00, val=4.504e+00]
GNN flow training:  35%|███▌      | 35/100 [02:41<04:48,  4.44s/epoch, best=4.410e+00, sign=0.140, train=4.117e+00, val=4.373e+00]
GNN flow training:  36%|███▌      | 36/100 [02:41<04:44,  4.44s/epoch, best=4.410e+00, sign=0.140, train=4.117e+00, val=4.373e+00]
GNN flow training:  36%|███▌      | 36/100 [02:45<04:44,  4.44s/epoch, best=4.373e+00, sign=0.140, train=4.042e+00, val=4.133e+00]
GNN flow training:  37%|███▋      | 37/100 [02:45<04:42,  4.49s/epoch, best=4.373e+00, sign=0.140, train=4.042e+00, val=4.133e+00]
GNN flow training:  37%|███▋      | 37/100 [02:50<04:42,  4.49s/epoch, best=4.133e+00, sign=0.143, train=4.117e+00, val=4.133e+00]
GNN flow training:  38%|███▊      | 38/100 [02:50<04:37,  4.48s/epoch, best=4.133e+00, sign=0.143, train=4.117e+00, val=4.133e+00]
GNN flow training:  38%|███▊      | 38/100 [02:54<04:37,  4.48s/epoch, best=4.133e+00, sign=0.145, train=4.051e+00, val=4.318e+00]
GNN flow training:  39%|███▉      | 39/100 [02:54<04:33,  4.48s/epoch, best=4.133e+00, sign=0.145, train=4.051e+00, val=4.318e+00]
GNN flow training:  39%|███▉      | 39/100 [02:59<04:33,  4.48s/epoch, best=4.133e+00, sign=0.146, train=4.062e+00, val=4.401e+00]
GNN flow training:  40%|████      | 40/100 [02:59<04:27,  4.47s/epoch, best=4.133e+00, sign=0.146, train=4.062e+00, val=4.401e+00]
GNN flow training:  40%|████      | 40/100 [03:03<04:27,  4.47s/epoch, best=4.133e+00, sign=0.145, train=4.125e+00, val=4.303e+00]
GNN flow training:  41%|████      | 41/100 [03:03<04:23,  4.46s/epoch, best=4.133e+00, sign=0.145, train=4.125e+00, val=4.303e+00]
GNN flow training:  41%|████      | 41/100 [03:07<04:23,  4.46s/epoch, best=4.133e+00, sign=0.146, train=4.044e+00, val=4.056e+00]
GNN flow training:  42%|████▏     | 42/100 [03:07<04:18,  4.45s/epoch, best=4.133e+00, sign=0.146, train=4.044e+00, val=4.056e+00]
GNN flow training:  42%|████▏     | 42/100 [03:12<04:18,  4.45s/epoch, best=4.056e+00, sign=0.164, train=3.895e+00, val=4.306e+00]
GNN flow training:  43%|████▎     | 43/100 [03:12<04:13,  4.45s/epoch, best=4.056e+00, sign=0.164, train=3.895e+00, val=4.306e+00]
GNN flow training:  43%|████▎     | 43/100 [03:16<04:13,  4.45s/epoch, best=4.056e+00, sign=0.162, train=4.719e+00, val=4.221e+00]
GNN flow training:  44%|████▍     | 44/100 [03:16<04:09,  4.46s/epoch, best=4.056e+00, sign=0.162, train=4.719e+00, val=4.221e+00]
GNN flow training:  44%|████▍     | 44/100 [03:21<04:09,  4.46s/epoch, best=4.056e+00, sign=0.157, train=4.803e+00, val=4.275e+00]
GNN flow training:  45%|████▌     | 45/100 [03:21<04:05,  4.47s/epoch, best=4.056e+00, sign=0.157, train=4.803e+00, val=4.275e+00]
GNN flow training:  45%|████▌     | 45/100 [03:25<04:05,  4.47s/epoch, best=4.056e+00, sign=0.153, train=4.719e+00, val=4.192e+00]
GNN flow training:  46%|████▌     | 46/100 [03:25<04:02,  4.49s/epoch, best=4.056e+00, sign=0.153, train=4.719e+00, val=4.192e+00]
GNN flow training:  46%|████▌     | 46/100 [03:30<04:02,  4.49s/epoch, best=4.056e+00, sign=0.142, train=4.547e+00, val=4.415e+00]
GNN flow training:  47%|████▋     | 47/100 [03:30<03:57,  4.48s/epoch, best=4.056e+00, sign=0.142, train=4.547e+00, val=4.415e+00]
GNN flow training:  47%|████▋     | 47/100 [03:34<03:57,  4.48s/epoch, best=4.056e+00, sign=0.145, train=4.270e+00, val=4.404e+00]
GNN flow training:  48%|████▊     | 48/100 [03:34<03:53,  4.48s/epoch, best=4.056e+00, sign=0.145, train=4.270e+00, val=4.404e+00]
GNN flow training:  48%|████▊     | 48/100 [03:39<03:53,  4.48s/epoch, best=4.056e+00, sign=0.148, train=4.194e+00, val=4.479e+00]
GNN flow training:  49%|████▉     | 49/100 [03:39<03:49,  4.49s/epoch, best=4.056e+00, sign=0.148, train=4.194e+00, val=4.479e+00]
GNN flow training:  49%|████▉     | 49/100 [03:43<03:49,  4.49s/epoch, best=4.056e+00, sign=0.145, train=4.220e+00, val=4.320e+00]
GNN flow training:  50%|█████     | 50/100 [03:43<03:44,  4.49s/epoch, best=4.056e+00, sign=0.145, train=4.220e+00, val=4.320e+00]
GNN flow training:  50%|█████     | 50/100 [03:48<03:44,  4.49s/epoch, best=4.056e+00, sign=0.141, train=4.173e+00, val=4.122e+00]
GNN flow training:  51%|█████     | 51/100 [03:48<03:39,  4.48s/epoch, best=4.056e+00, sign=0.141, train=4.173e+00, val=4.122e+00]
GNN flow training:  51%|█████     | 51/100 [03:52<03:39,  4.48s/epoch, best=4.056e+00, sign=0.141, train=4.098e+00, val=3.864e+00]
GNN flow training:  52%|█████▏    | 52/100 [03:52<03:34,  4.48s/epoch, best=4.056e+00, sign=0.141, train=4.098e+00, val=3.864e+00]
GNN flow training:  52%|█████▏    | 52/100 [03:57<03:34,  4.48s/epoch, best=3.864e+00, sign=0.145, train=4.085e+00, val=3.750e+00]
GNN flow training:  53%|█████▎    | 53/100 [03:57<03:30,  4.49s/epoch, best=3.864e+00, sign=0.145, train=4.085e+00, val=3.750e+00]
GNN flow training:  53%|█████▎    | 53/100 [04:01<03:30,  4.49s/epoch, best=3.750e+00, sign=0.145, train=4.098e+00, val=3.638e+00]
GNN flow training:  54%|█████▍    | 54/100 [04:01<03:26,  4.48s/epoch, best=3.750e+00, sign=0.145, train=4.098e+00, val=3.638e+00]
GNN flow training:  54%|█████▍    | 54/100 [04:06<03:26,  4.48s/epoch, best=3.638e+00, sign=0.145, train=4.045e+00, val=3.762e+00]
GNN flow training:  55%|█████▌    | 55/100 [04:06<03:21,  4.48s/epoch, best=3.638e+00, sign=0.145, train=4.045e+00, val=3.762e+00]
GNN flow training:  55%|█████▌    | 55/100 [04:10<03:21,  4.48s/epoch, best=3.638e+00, sign=0.153, train=3.915e+00, val=3.836e+00]
GNN flow training:  56%|█████▌    | 56/100 [04:10<03:16,  4.48s/epoch, best=3.638e+00, sign=0.153, train=3.915e+00, val=3.836e+00]
GNN flow training:  56%|█████▌    | 56/100 [04:15<03:16,  4.48s/epoch, best=3.638e+00, sign=0.151, train=3.955e+00, val=3.952e+00]
GNN flow training:  57%|█████▋    | 57/100 [04:15<03:12,  4.49s/epoch, best=3.638e+00, sign=0.151, train=3.955e+00, val=3.952e+00]
GNN flow training:  57%|█████▋    | 57/100 [04:19<03:12,  4.49s/epoch, best=3.638e+00, sign=0.146, train=3.982e+00, val=3.997e+00]
GNN flow training:  58%|█████▊    | 58/100 [04:19<03:08,  4.49s/epoch, best=3.638e+00, sign=0.146, train=3.982e+00, val=3.997e+00]
GNN flow training:  58%|█████▊    | 58/100 [04:24<03:08,  4.49s/epoch, best=3.638e+00, sign=0.146, train=3.996e+00, val=4.096e+00]
GNN flow training:  59%|█████▉    | 59/100 [04:24<03:03,  4.48s/epoch, best=3.638e+00, sign=0.146, train=3.996e+00, val=4.096e+00]
GNN flow training:  59%|█████▉    | 59/100 [04:28<03:03,  4.48s/epoch, best=3.638e+00, sign=0.147, train=3.969e+00, val=4.510e+00]
GNN flow training:  60%|██████    | 60/100 [04:28<02:58,  4.46s/epoch, best=3.638e+00, sign=0.147, train=3.969e+00, val=4.510e+00]
GNN flow training:  60%|██████    | 60/100 [04:32<02:58,  4.46s/epoch, best=3.638e+00, sign=0.147, train=4.067e+00, val=4.465e+00]
GNN flow training:  61%|██████    | 61/100 [04:32<02:54,  4.47s/epoch, best=3.638e+00, sign=0.147, train=4.067e+00, val=4.465e+00]
GNN flow training:  61%|██████    | 61/100 [04:37<02:54,  4.47s/epoch, best=3.638e+00, sign=0.146, train=4.033e+00, val=4.104e+00]
GNN flow training:  62%|██████▏   | 62/100 [04:37<02:49,  4.47s/epoch, best=3.638e+00, sign=0.146, train=4.033e+00, val=4.104e+00]
GNN flow training:  62%|██████▏   | 62/100 [04:41<02:49,  4.47s/epoch, best=3.638e+00, sign=0.139, train=3.885e+00, val=3.931e+00]
GNN flow training:  63%|██████▎   | 63/100 [04:41<02:45,  4.46s/epoch, best=3.638e+00, sign=0.139, train=3.885e+00, val=3.931e+00]
GNN flow training:  63%|██████▎   | 63/100 [04:46<02:45,  4.46s/epoch, best=3.638e+00, sign=0.139, train=3.837e+00, val=3.857e+00]
GNN flow training:  64%|██████▍   | 64/100 [04:46<02:40,  4.47s/epoch, best=3.638e+00, sign=0.139, train=3.837e+00, val=3.857e+00]
GNN flow training:  64%|██████▍   | 64/100 [04:50<02:40,  4.47s/epoch, best=3.638e+00, sign=0.139, train=3.845e+00, val=3.816e+00]
GNN flow training:  65%|██████▌   | 65/100 [04:50<02:36,  4.47s/epoch, best=3.638e+00, sign=0.139, train=3.845e+00, val=3.816e+00]
GNN flow training:  65%|██████▌   | 65/100 [04:55<02:36,  4.47s/epoch, best=3.638e+00, sign=0.139, train=3.801e+00, val=3.794e+00]
GNN flow training:  66%|██████▌   | 66/100 [04:55<02:31,  4.46s/epoch, best=3.638e+00, sign=0.139, train=3.801e+00, val=3.794e+00]
GNN flow training:  66%|██████▌   | 66/100 [04:59<02:31,  4.46s/epoch, best=3.638e+00, sign=0.140, train=3.774e+00, val=3.887e+00]
GNN flow training:  67%|██████▋   | 67/100 [04:59<02:27,  4.46s/epoch, best=3.638e+00, sign=0.140, train=3.774e+00, val=3.887e+00]
GNN flow training:  67%|██████▋   | 67/100 [05:04<02:27,  4.46s/epoch, best=3.638e+00, sign=0.141, train=3.752e+00, val=3.790e+00]
GNN flow training:  68%|██████▊   | 68/100 [05:04<02:22,  4.46s/epoch, best=3.638e+00, sign=0.141, train=3.752e+00, val=3.790e+00]
GNN flow training:  68%|██████▊   | 68/100 [05:08<02:22,  4.46s/epoch, best=3.638e+00, sign=0.141, train=3.742e+00, val=3.711e+00]
GNN flow training:  69%|██████▉   | 69/100 [05:08<02:18,  4.46s/epoch, best=3.638e+00, sign=0.141, train=3.742e+00, val=3.711e+00]
GNN flow training:  69%|██████▉   | 69/100 [05:13<02:18,  4.46s/epoch, best=3.638e+00, sign=0.141, train=3.721e+00, val=3.655e+00]
GNN flow training:  70%|███████   | 70/100 [05:13<02:13,  4.47s/epoch, best=3.638e+00, sign=0.141, train=3.721e+00, val=3.655e+00]
GNN flow training:  70%|███████   | 70/100 [05:17<02:13,  4.47s/epoch, best=3.638e+00, sign=0.143, train=3.725e+00, val=3.719e+00]
GNN flow training:  71%|███████   | 71/100 [05:17<02:10,  4.49s/epoch, best=3.638e+00, sign=0.143, train=3.725e+00, val=3.719e+00]
GNN flow training:  71%|███████   | 71/100 [05:22<02:10,  4.49s/epoch, best=3.638e+00, sign=0.142, train=3.712e+00, val=3.787e+00]
GNN flow training:  72%|███████▏  | 72/100 [05:22<02:05,  4.48s/epoch, best=3.638e+00, sign=0.142, train=3.712e+00, val=3.787e+00]
GNN flow training:  72%|███████▏  | 72/100 [05:26<02:05,  4.48s/epoch, best=3.638e+00, sign=0.142, train=3.728e+00, val=3.752e+00]
GNN flow training:  73%|███████▎  | 73/100 [05:26<02:01,  4.49s/epoch, best=3.638e+00, sign=0.142, train=3.728e+00, val=3.752e+00]
GNN flow training:  73%|███████▎  | 73/100 [05:31<02:01,  4.49s/epoch, best=3.638e+00, sign=0.142, train=3.702e+00, val=3.644e+00]
GNN flow training:  74%|███████▍  | 74/100 [05:31<01:56,  4.50s/epoch, best=3.638e+00, sign=0.142, train=3.702e+00, val=3.644e+00]
GNN flow training:  74%|███████▍  | 74/100 [05:35<01:56,  4.50s/epoch, best=3.638e+00, sign=0.140, train=3.669e+00, val=3.660e+00]
GNN flow training:  75%|███████▌  | 75/100 [05:35<01:52,  4.49s/epoch, best=3.638e+00, sign=0.140, train=3.669e+00, val=3.660e+00]
GNN flow training:  75%|███████▌  | 75/100 [05:40<01:52,  4.49s/epoch, best=3.638e+00, sign=0.139, train=3.694e+00, val=3.685e+00]
GNN flow training:  76%|███████▌  | 76/100 [05:40<01:47,  4.48s/epoch, best=3.638e+00, sign=0.139, train=3.694e+00, val=3.685e+00]
GNN flow training:  76%|███████▌  | 76/100 [05:44<01:47,  4.48s/epoch, best=3.638e+00, sign=0.141, train=3.675e+00, val=3.675e+00]
GNN flow training:  77%|███████▋  | 77/100 [05:44<01:43,  4.48s/epoch, best=3.638e+00, sign=0.141, train=3.675e+00, val=3.675e+00]
GNN flow training:  77%|███████▋  | 77/100 [05:49<01:43,  4.48s/epoch, best=3.638e+00, sign=0.141, train=3.698e+00, val=3.674e+00]
GNN flow training:  78%|███████▊  | 78/100 [05:49<01:38,  4.48s/epoch, best=3.638e+00, sign=0.141, train=3.698e+00, val=3.674e+00]
GNN flow training:  78%|███████▊  | 78/100 [05:53<01:38,  4.48s/epoch, best=3.638e+00, sign=0.138, train=3.651e+00, val=3.640e+00]
GNN flow training:  79%|███████▉  | 79/100 [05:53<01:33,  4.47s/epoch, best=3.638e+00, sign=0.138, train=3.651e+00, val=3.640e+00]
GNN flow training:  79%|███████▉  | 79/100 [05:58<01:33,  4.47s/epoch, best=3.638e+00, sign=0.138, train=3.657e+00, val=3.575e+00]
GNN flow training:  80%|████████  | 80/100 [05:58<01:29,  4.47s/epoch, best=3.638e+00, sign=0.138, train=3.657e+00, val=3.575e+00]
GNN flow training:  80%|████████  | 80/100 [06:02<01:29,  4.47s/epoch, best=3.575e+00, sign=0.139, train=3.700e+00, val=3.611e+00]
GNN flow training:  81%|████████  | 81/100 [06:02<01:24,  4.46s/epoch, best=3.575e+00, sign=0.139, train=3.700e+00, val=3.611e+00]
GNN flow training:  81%|████████  | 81/100 [06:06<01:24,  4.46s/epoch, best=3.575e+00, sign=0.137, train=3.727e+00, val=3.513e+00]
GNN flow training:  82%|████████▏ | 82/100 [06:06<01:20,  4.47s/epoch, best=3.575e+00, sign=0.137, train=3.727e+00, val=3.513e+00]
GNN flow training:  82%|████████▏ | 82/100 [06:11<01:20,  4.47s/epoch, best=3.513e+00, sign=0.140, train=3.623e+00, val=3.851e+00]
GNN flow training:  83%|████████▎ | 83/100 [06:11<01:16,  4.48s/epoch, best=3.513e+00, sign=0.140, train=3.623e+00, val=3.851e+00]
GNN flow training:  83%|████████▎ | 83/100 [06:15<01:16,  4.48s/epoch, best=3.513e+00, sign=0.141, train=3.663e+00, val=3.882e+00]
GNN flow training:  84%|████████▍ | 84/100 [06:15<01:12,  4.50s/epoch, best=3.513e+00, sign=0.141, train=3.663e+00, val=3.882e+00]
GNN flow training:  84%|████████▍ | 84/100 [06:20<01:12,  4.50s/epoch, best=3.513e+00, sign=0.141, train=3.681e+00, val=3.847e+00]
GNN flow training:  85%|████████▌ | 85/100 [06:20<01:07,  4.50s/epoch, best=3.513e+00, sign=0.141, train=3.681e+00, val=3.847e+00]
GNN flow training:  85%|████████▌ | 85/100 [06:24<01:07,  4.50s/epoch, best=3.513e+00, sign=0.142, train=3.671e+00, val=3.599e+00]
GNN flow training:  86%|████████▌ | 86/100 [06:24<01:02,  4.48s/epoch, best=3.513e+00, sign=0.142, train=3.671e+00, val=3.599e+00]
GNN flow training:  86%|████████▌ | 86/100 [06:29<01:02,  4.48s/epoch, best=3.513e+00, sign=0.142, train=3.628e+00, val=3.543e+00]
GNN flow training:  87%|████████▋ | 87/100 [06:29<00:58,  4.47s/epoch, best=3.513e+00, sign=0.142, train=3.628e+00, val=3.543e+00]
GNN flow training:  87%|████████▋ | 87/100 [06:33<00:58,  4.47s/epoch, best=3.513e+00, sign=0.138, train=3.631e+00, val=3.585e+00]
GNN flow training:  88%|████████▊ | 88/100 [06:33<00:53,  4.48s/epoch, best=3.513e+00, sign=0.138, train=3.631e+00, val=3.585e+00]
GNN flow training:  88%|████████▊ | 88/100 [06:38<00:53,  4.48s/epoch, best=3.513e+00, sign=0.132, train=3.640e+00, val=3.603e+00]
GNN flow training:  89%|████████▉ | 89/100 [06:38<00:49,  4.47s/epoch, best=3.513e+00, sign=0.132, train=3.640e+00, val=3.603e+00]
GNN flow training:  89%|████████▉ | 89/100 [06:42<00:49,  4.47s/epoch, best=3.513e+00, sign=0.137, train=3.611e+00, val=3.509e+00]
GNN flow training:  90%|█████████ | 90/100 [06:42<00:44,  4.47s/epoch, best=3.513e+00, sign=0.137, train=3.611e+00, val=3.509e+00]
GNN flow training:  90%|█████████ | 90/100 [06:47<00:44,  4.47s/epoch, best=3.509e+00, sign=0.137, train=3.582e+00, val=3.667e+00]
GNN flow training:  91%|█████████ | 91/100 [06:47<00:40,  4.47s/epoch, best=3.509e+00, sign=0.137, train=3.582e+00, val=3.667e+00]
GNN flow training:  91%|█████████ | 91/100 [06:51<00:40,  4.47s/epoch, best=3.509e+00, sign=0.139, train=3.614e+00, val=3.549e+00]
GNN flow training:  92%|█████████▏| 92/100 [06:51<00:35,  4.47s/epoch, best=3.509e+00, sign=0.139, train=3.614e+00, val=3.549e+00]
GNN flow training:  92%|█████████▏| 92/100 [06:56<00:35,  4.47s/epoch, best=3.509e+00, sign=0.135, train=3.599e+00, val=3.452e+00]
GNN flow training:  93%|█████████▎| 93/100 [06:56<00:31,  4.48s/epoch, best=3.509e+00, sign=0.135, train=3.599e+00, val=3.452e+00]
GNN flow training:  93%|█████████▎| 93/100 [07:00<00:31,  4.48s/epoch, best=3.452e+00, sign=0.133, train=3.564e+00, val=3.487e+00]
GNN flow training:  94%|█████████▍| 94/100 [07:00<00:26,  4.48s/epoch, best=3.452e+00, sign=0.133, train=3.564e+00, val=3.487e+00]
GNN flow training:  94%|█████████▍| 94/100 [07:05<00:26,  4.48s/epoch, best=3.452e+00, sign=0.131, train=3.585e+00, val=3.481e+00]
GNN flow training:  95%|█████████▌| 95/100 [07:05<00:22,  4.47s/epoch, best=3.452e+00, sign=0.131, train=3.585e+00, val=3.481e+00]
GNN flow training:  95%|█████████▌| 95/100 [07:09<00:22,  4.47s/epoch, best=3.452e+00, sign=0.135, train=3.562e+00, val=3.433e+00]
GNN flow training:  96%|█████████▌| 96/100 [07:09<00:17,  4.47s/epoch, best=3.452e+00, sign=0.135, train=3.562e+00, val=3.433e+00]
GNN flow training:  96%|█████████▌| 96/100 [07:14<00:17,  4.47s/epoch, best=3.433e+00, sign=0.137, train=3.559e+00, val=3.500e+00]
GNN flow training:  97%|█████████▋| 97/100 [07:14<00:13,  4.47s/epoch, best=3.433e+00, sign=0.137, train=3.559e+00, val=3.500e+00]
GNN flow training:  97%|█████████▋| 97/100 [07:18<00:13,  4.47s/epoch, best=3.433e+00, sign=0.137, train=3.572e+00, val=3.506e+00]
GNN flow training:  98%|█████████▊| 98/100 [07:18<00:08,  4.47s/epoch, best=3.433e+00, sign=0.137, train=3.572e+00, val=3.506e+00]
GNN flow training:  98%|█████████▊| 98/100 [07:23<00:08,  4.47s/epoch, best=3.433e+00, sign=0.136, train=3.562e+00, val=3.487e+00]
GNN flow training:  99%|█████████▉| 99/100 [07:23<00:04,  4.47s/epoch, best=3.433e+00, sign=0.136, train=3.562e+00, val=3.487e+00]
GNN flow training:  99%|█████████▉| 99/100 [07:27<00:04,  4.47s/epoch, best=3.433e+00, sign=0.134, train=3.559e+00, val=3.483e+00]
GNN flow training: 100%|██████████| 100/100 [07:27<00:00,  4.46s/epoch, best=3.433e+00, sign=0.134, train=3.559e+00, val=3.483e+00]
GNN flow training: 100%|██████████| 100/100 [07:27<00:00,  4.47s/epoch, best=3.433e+00, sign=0.134, train=3.559e+00, val=3.483e+00]
Resolved config snapshot:
{'preset': 'solver_QKB_outer_QKBdelta', 'gnn_outer_losses': {'flow': 100.0, 'kirchhoff': 0.1, 'boundary': 100.0, 'delta_l2': 0.1, 'delta_smooth': 0.0, 'pressure_shape': 0.0}, 'physics': {'arterial_flow_mode': 'dataset', 'pressure_constraints': ['equal-a-equal-v'], 'alpha_pa': None, 'use_snr_weights': True, 'use_observed_flow_snr_weighting': True, 'flow_scale_mode': 'median_abs', 'solver_device': 'same', 'pressure_solver_mode': 'reduced-soft-constrained-lstsq', 'pressure_solver_lambda_kirchhoff': 1.0, 'pressure_solver_lambda_pressure_constraints': 100.0, 'pressure_solver_lambda_flow_residual': 1.0, 'pressure_shape_reference': 'delta_zero_reference', 'pressure_detach': False}, 'correction_bounds': {'correction_min': -0.5, 'correction_max': 0.5, 'correction_bound': 0.5, 'correction_parameterization': 'tanh'}, 'optimization': {'learning_rate': 0.001, 'weight_decay': 0.0001, 'gradient_clip_norm': 5.0, 'optimizer': 'adamw', 'epochs': 100, 'patience': 40}}
Shard 49/80: 1 of 80 runs
Command: /mnt/home/sswee/miniforge3/envs/yolk-sac/bin/python /mnt/home/sswee/yolk/Yolk-Sac-Flow-Data-and-Sim/gnn_clean/scripts/python/gnn_flow.py /mnt/home/sswee/yolk/Yolk-Sac-Flow-Data-and-Sim/gnn_clean/datasets/mosaic_graph_canonical_harmonized/mosaic_graph_canonical_harmonized.gpickle --output-dir /mnt/home/sswee/yolk/Yolk-Sac-Flow-Data-and-Sim/gnn_clean/outputs_canonical/dc/02_physics_weight_sweep/gnn --run-name q_100__k_0p1__delta_0p1 --preset solver_QKB_outer_QKBdelta --device cuda --epochs 100 --seed 0 --viscosity-pa-s 0.0035 --config /mnt/home/sswee/yolk/Yolk-Sac-Flow-Data-and-Sim/gnn_clean/outputs_canonical/dc/02_physics_weight_sweep/_generated_configs/q_100__k_0p1__delta_0p1.yaml --no-pressure-detach
