[info] DC Step 2 canonical sweep uses fixed lambda_B=100.0 for both the outer boundary loss and the reduced pressure-solver boundary constraint.

GNN flow training:   0%|          | 0/100 [00:00<?, ?epoch/s]
GNN flow training:   0%|          | 0/100 [00:06<?, ?epoch/s, best=1.276e+03, sign=0.194, train=1.277e+03, val=1.276e+03]
GNN flow training:   1%|          | 1/100 [00:06<10:11,  6.18s/epoch, best=1.276e+03, sign=0.194, train=1.277e+03, val=1.276e+03]
GNN flow training:   1%|          | 1/100 [00:12<10:11,  6.18s/epoch, best=1.276e+03, sign=0.194, train=1.278e+03, val=1.279e+03]
GNN flow training:   2%|▏         | 2/100 [00:12<09:57,  6.09s/epoch, best=1.276e+03, sign=0.194, train=1.278e+03, val=1.279e+03]
GNN flow training:   2%|▏         | 2/100 [00:18<09:57,  6.09s/epoch, best=1.276e+03, sign=0.194, train=1.280e+03, val=1.278e+03]
GNN flow training:   3%|▎         | 3/100 [00:18<09:48,  6.07s/epoch, best=1.276e+03, sign=0.194, train=1.280e+03, val=1.278e+03]
GNN flow training:   3%|▎         | 3/100 [00:24<09:48,  6.07s/epoch, best=1.276e+03, sign=0.194, train=1.279e+03, val=1.274e+03]
GNN flow training:   4%|▍         | 4/100 [00:24<09:42,  6.07s/epoch, best=1.276e+03, sign=0.194, train=1.279e+03, val=1.274e+03]
GNN flow training:   4%|▍         | 4/100 [00:30<09:42,  6.07s/epoch, best=1.274e+03, sign=0.194, train=1.275e+03, val=1.276e+03]
GNN flow training:   5%|▌         | 5/100 [00:30<09:34,  6.04s/epoch, best=1.274e+03, sign=0.194, train=1.275e+03, val=1.276e+03]
GNN flow training:   5%|▌         | 5/100 [00:36<09:34,  6.04s/epoch, best=1.274e+03, sign=0.194, train=1.277e+03, val=1.273e+03]
GNN flow training:   6%|▌         | 6/100 [00:36<09:27,  6.04s/epoch, best=1.274e+03, sign=0.194, train=1.277e+03, val=1.273e+03]
GNN flow training:   6%|▌         | 6/100 [00:42<09:27,  6.04s/epoch, best=1.273e+03, sign=0.194, train=1.274e+03, val=1.274e+03]
GNN flow training:   7%|▋         | 7/100 [00:42<09:21,  6.03s/epoch, best=1.273e+03, sign=0.194, train=1.274e+03, val=1.274e+03]
GNN flow training:   7%|▋         | 7/100 [00:48<09:21,  6.03s/epoch, best=1.273e+03, sign=0.194, train=1.276e+03, val=1.274e+03]
GNN flow training:   8%|▊         | 8/100 [00:48<09:15,  6.03s/epoch, best=1.273e+03, sign=0.194, train=1.276e+03, val=1.274e+03]
GNN flow training:   8%|▊         | 8/100 [00:54<09:15,  6.03s/epoch, best=1.273e+03, sign=0.194, train=1.276e+03, val=1.273e+03]
GNN flow training:   9%|▉         | 9/100 [00:54<09:08,  6.03s/epoch, best=1.273e+03, sign=0.194, train=1.276e+03, val=1.273e+03]
GNN flow training:   9%|▉         | 9/100 [01:00<09:08,  6.03s/epoch, best=1.273e+03, sign=0.194, train=1.274e+03, val=1.273e+03]
GNN flow training:  10%|█         | 10/100 [01:00<09:01,  6.02s/epoch, best=1.273e+03, sign=0.194, train=1.274e+03, val=1.273e+03]
GNN flow training:  10%|█         | 10/100 [01:06<09:01,  6.02s/epoch, best=1.273e+03, sign=0.194, train=1.275e+03, val=1.271e+03]
GNN flow training:  11%|█         | 11/100 [01:06<08:54,  6.00s/epoch, best=1.273e+03, sign=0.194, train=1.275e+03, val=1.271e+03]
GNN flow training:  11%|█         | 11/100 [01:12<08:54,  6.00s/epoch, best=1.271e+03, sign=0.194, train=1.273e+03, val=1.270e+03]
GNN flow training:  12%|█▏        | 12/100 [01:12<08:47,  5.99s/epoch, best=1.271e+03, sign=0.194, train=1.273e+03, val=1.270e+03]
GNN flow training:  12%|█▏        | 12/100 [01:18<08:47,  5.99s/epoch, best=1.270e+03, sign=0.194, train=1.271e+03, val=1.269e+03]
GNN flow training:  13%|█▎        | 13/100 [01:18<08:42,  6.00s/epoch, best=1.270e+03, sign=0.194, train=1.271e+03, val=1.269e+03]
GNN flow training:  13%|█▎        | 13/100 [01:24<08:42,  6.00s/epoch, best=1.269e+03, sign=0.194, train=1.270e+03, val=1.268e+03]
GNN flow training:  14%|█▍        | 14/100 [01:24<08:37,  6.02s/epoch, best=1.269e+03, sign=0.194, train=1.270e+03, val=1.268e+03]
GNN flow training:  14%|█▍        | 14/100 [01:30<08:37,  6.02s/epoch, best=1.268e+03, sign=0.194, train=1.269e+03, val=1.265e+03]
GNN flow training:  15%|█▌        | 15/100 [01:30<08:31,  6.02s/epoch, best=1.268e+03, sign=0.194, train=1.269e+03, val=1.265e+03]
GNN flow training:  15%|█▌        | 15/100 [01:36<08:31,  6.02s/epoch, best=1.265e+03, sign=0.193, train=1.267e+03, val=1.264e+03]
GNN flow training:  16%|█▌        | 16/100 [01:36<08:25,  6.02s/epoch, best=1.265e+03, sign=0.193, train=1.267e+03, val=1.264e+03]
GNN flow training:  16%|█▌        | 16/100 [01:42<08:25,  6.02s/epoch, best=1.264e+03, sign=0.193, train=1.265e+03, val=1.262e+03]
GNN flow training:  17%|█▋        | 17/100 [01:42<08:19,  6.02s/epoch, best=1.264e+03, sign=0.193, train=1.265e+03, val=1.262e+03]
GNN flow training:  17%|█▋        | 17/100 [01:48<08:19,  6.02s/epoch, best=1.262e+03, sign=0.194, train=1.263e+03, val=1.260e+03]
GNN flow training:  18%|█▊        | 18/100 [01:48<08:16,  6.05s/epoch, best=1.262e+03, sign=0.194, train=1.263e+03, val=1.260e+03]
GNN flow training:  18%|█▊        | 18/100 [01:54<08:16,  6.05s/epoch, best=1.260e+03, sign=0.193, train=1.261e+03, val=1.258e+03]
GNN flow training:  19%|█▉        | 19/100 [01:54<08:10,  6.06s/epoch, best=1.260e+03, sign=0.193, train=1.261e+03, val=1.258e+03]
GNN flow training:  19%|█▉        | 19/100 [02:00<08:10,  6.06s/epoch, best=1.258e+03, sign=0.193, train=1.259e+03, val=1.254e+03]
GNN flow training:  20%|██        | 20/100 [02:00<08:03,  6.05s/epoch, best=1.258e+03, sign=0.193, train=1.259e+03, val=1.254e+03]
GNN flow training:  20%|██        | 20/100 [02:06<08:03,  6.05s/epoch, best=1.254e+03, sign=0.193, train=1.255e+03, val=1.252e+03]
GNN flow training:  21%|██        | 21/100 [02:06<07:58,  6.06s/epoch, best=1.254e+03, sign=0.193, train=1.255e+03, val=1.252e+03]
GNN flow training:  21%|██        | 21/100 [02:12<07:58,  6.06s/epoch, best=1.252e+03, sign=0.193, train=1.253e+03, val=1.245e+03]
GNN flow training:  22%|██▏       | 22/100 [02:12<07:51,  6.04s/epoch, best=1.252e+03, sign=0.193, train=1.253e+03, val=1.245e+03]
GNN flow training:  22%|██▏       | 22/100 [02:18<07:51,  6.04s/epoch, best=1.245e+03, sign=0.192, train=1.247e+03, val=1.244e+03]
GNN flow training:  23%|██▎       | 23/100 [02:18<07:44,  6.04s/epoch, best=1.245e+03, sign=0.192, train=1.247e+03, val=1.244e+03]
GNN flow training:  23%|██▎       | 23/100 [02:24<07:44,  6.04s/epoch, best=1.244e+03, sign=0.191, train=1.246e+03, val=1.238e+03]
GNN flow training:  24%|██▍       | 24/100 [02:24<07:39,  6.04s/epoch, best=1.244e+03, sign=0.191, train=1.246e+03, val=1.238e+03]
GNN flow training:  24%|██▍       | 24/100 [02:30<07:39,  6.04s/epoch, best=1.238e+03, sign=0.191, train=1.240e+03, val=1.233e+03]
GNN flow training:  25%|██▌       | 25/100 [02:30<07:34,  6.05s/epoch, best=1.238e+03, sign=0.191, train=1.240e+03, val=1.233e+03]
GNN flow training:  25%|██▌       | 25/100 [02:36<07:34,  6.05s/epoch, best=1.233e+03, sign=0.191, train=1.234e+03, val=1.229e+03]
GNN flow training:  26%|██▌       | 26/100 [02:36<07:26,  6.03s/epoch, best=1.233e+03, sign=0.191, train=1.234e+03, val=1.229e+03]
GNN flow training:  26%|██▌       | 26/100 [02:43<07:26,  6.03s/epoch, best=1.229e+03, sign=0.191, train=1.230e+03, val=1.225e+03]
GNN flow training:  27%|██▋       | 27/100 [02:43<07:21,  6.04s/epoch, best=1.229e+03, sign=0.191, train=1.230e+03, val=1.225e+03]
GNN flow training:  27%|██▋       | 27/100 [02:49<07:21,  6.04s/epoch, best=1.225e+03, sign=0.190, train=1.226e+03, val=1.221e+03]
GNN flow training:  28%|██▊       | 28/100 [02:49<07:14,  6.03s/epoch, best=1.225e+03, sign=0.190, train=1.226e+03, val=1.221e+03]
GNN flow training:  28%|██▊       | 28/100 [02:55<07:14,  6.03s/epoch, best=1.221e+03, sign=0.190, train=1.223e+03, val=1.215e+03]
GNN flow training:  29%|██▉       | 29/100 [02:55<07:08,  6.04s/epoch, best=1.221e+03, sign=0.190, train=1.223e+03, val=1.215e+03]
GNN flow training:  29%|██▉       | 29/100 [03:01<07:08,  6.04s/epoch, best=1.215e+03, sign=0.190, train=1.217e+03, val=1.211e+03]
GNN flow training:  30%|███       | 30/100 [03:01<07:02,  6.03s/epoch, best=1.215e+03, sign=0.190, train=1.217e+03, val=1.211e+03]
GNN flow training:  30%|███       | 30/100 [03:07<07:02,  6.03s/epoch, best=1.211e+03, sign=0.189, train=1.213e+03, val=1.203e+03]
GNN flow training:  31%|███       | 31/100 [03:07<06:55,  6.03s/epoch, best=1.211e+03, sign=0.189, train=1.213e+03, val=1.203e+03]
GNN flow training:  31%|███       | 31/100 [03:13<06:55,  6.03s/epoch, best=1.203e+03, sign=0.188, train=1.205e+03, val=1.194e+03]
GNN flow training:  32%|███▏      | 32/100 [03:13<06:49,  6.02s/epoch, best=1.203e+03, sign=0.188, train=1.205e+03, val=1.194e+03]
GNN flow training:  32%|███▏      | 32/100 [03:19<06:49,  6.02s/epoch, best=1.194e+03, sign=0.188, train=1.196e+03, val=1.187e+03]
GNN flow training:  33%|███▎      | 33/100 [03:19<06:42,  6.01s/epoch, best=1.194e+03, sign=0.188, train=1.196e+03, val=1.187e+03]
GNN flow training:  33%|███▎      | 33/100 [03:25<06:42,  6.01s/epoch, best=1.187e+03, sign=0.187, train=1.189e+03, val=1.184e+03]
GNN flow training:  34%|███▍      | 34/100 [03:25<06:35,  5.99s/epoch, best=1.187e+03, sign=0.187, train=1.189e+03, val=1.184e+03]
GNN flow training:  34%|███▍      | 34/100 [03:31<06:35,  5.99s/epoch, best=1.184e+03, sign=0.186, train=1.186e+03, val=1.173e+03]
GNN flow training:  35%|███▌      | 35/100 [03:31<06:29,  5.99s/epoch, best=1.184e+03, sign=0.186, train=1.186e+03, val=1.173e+03]
GNN flow training:  35%|███▌      | 35/100 [03:37<06:29,  5.99s/epoch, best=1.173e+03, sign=0.185, train=1.174e+03, val=1.166e+03]
GNN flow training:  36%|███▌      | 36/100 [03:37<06:23,  5.99s/epoch, best=1.173e+03, sign=0.185, train=1.174e+03, val=1.166e+03]
GNN flow training:  36%|███▌      | 36/100 [03:43<06:23,  5.99s/epoch, best=1.166e+03, sign=0.184, train=1.167e+03, val=1.154e+03]
GNN flow training:  37%|███▋      | 37/100 [03:43<06:17,  5.99s/epoch, best=1.166e+03, sign=0.184, train=1.167e+03, val=1.154e+03]
GNN flow training:  37%|███▋      | 37/100 [03:49<06:17,  5.99s/epoch, best=1.154e+03, sign=0.184, train=1.155e+03, val=1.146e+03]
GNN flow training:  38%|███▊      | 38/100 [03:49<06:12,  6.00s/epoch, best=1.154e+03, sign=0.184, train=1.155e+03, val=1.146e+03]
GNN flow training:  38%|███▊      | 38/100 [03:55<06:12,  6.00s/epoch, best=1.146e+03, sign=0.183, train=1.147e+03, val=1.136e+03]
GNN flow training:  39%|███▉      | 39/100 [03:55<06:06,  6.00s/epoch, best=1.146e+03, sign=0.183, train=1.147e+03, val=1.136e+03]
GNN flow training:  39%|███▉      | 39/100 [04:01<06:06,  6.00s/epoch, best=1.136e+03, sign=0.182, train=1.138e+03, val=1.124e+03]
GNN flow training:  40%|████      | 40/100 [04:01<06:00,  6.01s/epoch, best=1.136e+03, sign=0.182, train=1.138e+03, val=1.124e+03]
GNN flow training:  40%|████      | 40/100 [04:07<06:00,  6.01s/epoch, best=1.124e+03, sign=0.184, train=1.125e+03, val=1.124e+03]
GNN flow training:  41%|████      | 41/100 [04:07<05:54,  6.01s/epoch, best=1.124e+03, sign=0.184, train=1.125e+03, val=1.124e+03]
GNN flow training:  41%|████      | 41/100 [04:13<05:54,  6.01s/epoch, best=1.124e+03, sign=0.185, train=1.125e+03, val=1.120e+03]
GNN flow training:  42%|████▏     | 42/100 [04:13<05:47,  6.00s/epoch, best=1.124e+03, sign=0.185, train=1.125e+03, val=1.120e+03]
GNN flow training:  42%|████▏     | 42/100 [04:19<05:47,  6.00s/epoch, best=1.120e+03, sign=0.178, train=1.121e+03, val=1.105e+03]
GNN flow training:  43%|████▎     | 43/100 [04:19<05:41,  5.99s/epoch, best=1.120e+03, sign=0.178, train=1.121e+03, val=1.105e+03]
GNN flow training:  43%|████▎     | 43/100 [04:25<05:41,  5.99s/epoch, best=1.105e+03, sign=0.174, train=1.106e+03, val=1.106e+03]
GNN flow training:  44%|████▍     | 44/100 [04:25<05:35,  5.99s/epoch, best=1.105e+03, sign=0.174, train=1.106e+03, val=1.106e+03]
GNN flow training:  44%|████▍     | 44/100 [04:31<05:35,  5.99s/epoch, best=1.105e+03, sign=0.173, train=1.107e+03, val=1.097e+03]
GNN flow training:  45%|████▌     | 45/100 [04:31<05:29,  5.99s/epoch, best=1.105e+03, sign=0.173, train=1.107e+03, val=1.097e+03]
GNN flow training:  45%|████▌     | 45/100 [04:36<05:29,  5.99s/epoch, best=1.097e+03, sign=0.173, train=1.098e+03, val=1.089e+03]
GNN flow training:  46%|████▌     | 46/100 [04:36<05:23,  5.99s/epoch, best=1.097e+03, sign=0.173, train=1.098e+03, val=1.089e+03]
GNN flow training:  46%|████▌     | 46/100 [04:43<05:23,  5.99s/epoch, best=1.089e+03, sign=0.171, train=1.090e+03, val=1.082e+03]
GNN flow training:  47%|████▋     | 47/100 [04:43<05:18,  6.00s/epoch, best=1.089e+03, sign=0.171, train=1.090e+03, val=1.082e+03]
GNN flow training:  47%|████▋     | 47/100 [04:49<05:18,  6.00s/epoch, best=1.082e+03, sign=0.169, train=1.082e+03, val=1.076e+03]
GNN flow training:  48%|████▊     | 48/100 [04:49<05:13,  6.03s/epoch, best=1.082e+03, sign=0.169, train=1.082e+03, val=1.076e+03]
GNN flow training:  48%|████▊     | 48/100 [04:55<05:13,  6.03s/epoch, best=1.076e+03, sign=0.166, train=1.077e+03, val=1.063e+03]
GNN flow training:  49%|████▉     | 49/100 [04:55<05:06,  6.01s/epoch, best=1.076e+03, sign=0.166, train=1.077e+03, val=1.063e+03]
GNN flow training:  49%|████▉     | 49/100 [05:01<05:06,  6.01s/epoch, best=1.063e+03, sign=0.164, train=1.063e+03, val=1.060e+03]
GNN flow training:  50%|█████     | 50/100 [05:01<05:00,  6.01s/epoch, best=1.063e+03, sign=0.164, train=1.063e+03, val=1.060e+03]
GNN flow training:  50%|█████     | 50/100 [05:07<05:00,  6.01s/epoch, best=1.060e+03, sign=0.164, train=1.060e+03, val=1.053e+03]
GNN flow training:  51%|█████     | 51/100 [05:07<04:54,  6.00s/epoch, best=1.060e+03, sign=0.164, train=1.060e+03, val=1.053e+03]
GNN flow training:  51%|█████     | 51/100 [05:13<04:54,  6.00s/epoch, best=1.053e+03, sign=0.164, train=1.054e+03, val=1.067e+03]
GNN flow training:  52%|█████▏    | 52/100 [05:13<04:47,  5.99s/epoch, best=1.053e+03, sign=0.164, train=1.054e+03, val=1.067e+03]
GNN flow training:  52%|█████▏    | 52/100 [05:19<04:47,  5.99s/epoch, best=1.053e+03, sign=0.163, train=1.067e+03, val=1.056e+03]
GNN flow training:  53%|█████▎    | 53/100 [05:19<04:40,  5.98s/epoch, best=1.053e+03, sign=0.163, train=1.067e+03, val=1.056e+03]
GNN flow training:  53%|█████▎    | 53/100 [05:24<04:40,  5.98s/epoch, best=1.053e+03, sign=0.161, train=1.057e+03, val=1.066e+03]
GNN flow training:  54%|█████▍    | 54/100 [05:24<04:34,  5.97s/epoch, best=1.053e+03, sign=0.161, train=1.057e+03, val=1.066e+03]
GNN flow training:  54%|█████▍    | 54/100 [05:30<04:34,  5.97s/epoch, best=1.053e+03, sign=0.161, train=1.067e+03, val=1.081e+03]
GNN flow training:  55%|█████▌    | 55/100 [05:30<04:27,  5.95s/epoch, best=1.053e+03, sign=0.161, train=1.067e+03, val=1.081e+03]
GNN flow training:  55%|█████▌    | 55/100 [05:36<04:27,  5.95s/epoch, best=1.053e+03, sign=0.163, train=1.082e+03, val=1.086e+03]
GNN flow training:  56%|█████▌    | 56/100 [05:36<04:21,  5.95s/epoch, best=1.053e+03, sign=0.163, train=1.082e+03, val=1.086e+03]
GNN flow training:  56%|█████▌    | 56/100 [05:42<04:21,  5.95s/epoch, best=1.053e+03, sign=0.161, train=1.087e+03, val=1.081e+03]
GNN flow training:  57%|█████▋    | 57/100 [05:42<04:15,  5.95s/epoch, best=1.053e+03, sign=0.161, train=1.087e+03, val=1.081e+03]
GNN flow training:  57%|█████▋    | 57/100 [05:48<04:15,  5.95s/epoch, best=1.053e+03, sign=0.163, train=1.081e+03, val=1.072e+03]
GNN flow training:  58%|█████▊    | 58/100 [05:48<04:10,  5.97s/epoch, best=1.053e+03, sign=0.163, train=1.081e+03, val=1.072e+03]
GNN flow training:  58%|█████▊    | 58/100 [05:54<04:10,  5.97s/epoch, best=1.053e+03, sign=0.165, train=1.073e+03, val=1.057e+03]
GNN flow training:  59%|█████▉    | 59/100 [05:54<04:04,  5.97s/epoch, best=1.053e+03, sign=0.165, train=1.073e+03, val=1.057e+03]
GNN flow training:  59%|█████▉    | 59/100 [06:00<04:04,  5.97s/epoch, best=1.053e+03, sign=0.165, train=1.058e+03, val=1.044e+03]
GNN flow training:  60%|██████    | 60/100 [06:00<03:59,  5.99s/epoch, best=1.053e+03, sign=0.165, train=1.058e+03, val=1.044e+03]
GNN flow training:  60%|██████    | 60/100 [06:06<03:59,  5.99s/epoch, best=1.044e+03, sign=0.167, train=1.045e+03, val=1.041e+03]
GNN flow training:  61%|██████    | 61/100 [06:06<03:53,  5.99s/epoch, best=1.044e+03, sign=0.167, train=1.045e+03, val=1.041e+03]
GNN flow training:  61%|██████    | 61/100 [06:12<03:53,  5.99s/epoch, best=1.041e+03, sign=0.168, train=1.042e+03, val=1.037e+03]
GNN flow training:  62%|██████▏   | 62/100 [06:12<03:47,  5.98s/epoch, best=1.041e+03, sign=0.168, train=1.042e+03, val=1.037e+03]
GNN flow training:  62%|██████▏   | 62/100 [06:18<03:47,  5.98s/epoch, best=1.037e+03, sign=0.168, train=1.038e+03, val=1.022e+03]
GNN flow training:  63%|██████▎   | 63/100 [06:18<03:41,  5.99s/epoch, best=1.037e+03, sign=0.168, train=1.038e+03, val=1.022e+03]
GNN flow training:  63%|██████▎   | 63/100 [06:24<03:41,  5.99s/epoch, best=1.022e+03, sign=0.169, train=1.023e+03, val=1.010e+03]
GNN flow training:  64%|██████▍   | 64/100 [06:24<03:36,  6.02s/epoch, best=1.022e+03, sign=0.169, train=1.023e+03, val=1.010e+03]
GNN flow training:  64%|██████▍   | 64/100 [06:30<03:36,  6.02s/epoch, best=1.010e+03, sign=0.168, train=1.011e+03, val=1.001e+03]
GNN flow training:  65%|██████▌   | 65/100 [06:30<03:29,  5.99s/epoch, best=1.010e+03, sign=0.168, train=1.011e+03, val=1.001e+03]
GNN flow training:  65%|██████▌   | 65/100 [06:36<03:29,  5.99s/epoch, best=1.001e+03, sign=0.168, train=1.002e+03, val=9.924e+02]
GNN flow training:  66%|██████▌   | 66/100 [06:36<03:23,  5.98s/epoch, best=1.001e+03, sign=0.168, train=1.002e+03, val=9.924e+02]
GNN flow training:  66%|██████▌   | 66/100 [06:42<03:23,  5.98s/epoch, best=9.924e+02, sign=0.166, train=9.935e+02, val=9.895e+02]
GNN flow training:  67%|██████▋   | 67/100 [06:42<03:16,  5.96s/epoch, best=9.924e+02, sign=0.166, train=9.935e+02, val=9.895e+02]
GNN flow training:  67%|██████▋   | 67/100 [06:48<03:16,  5.96s/epoch, best=9.895e+02, sign=0.165, train=9.906e+02, val=9.978e+02]
GNN flow training:  68%|██████▊   | 68/100 [06:48<03:10,  5.94s/epoch, best=9.895e+02, sign=0.165, train=9.906e+02, val=9.978e+02]
GNN flow training:  68%|██████▊   | 68/100 [06:54<03:10,  5.94s/epoch, best=9.895e+02, sign=0.165, train=9.989e+02, val=9.959e+02]
GNN flow training:  69%|██████▉   | 69/100 [06:54<03:04,  5.94s/epoch, best=9.895e+02, sign=0.165, train=9.989e+02, val=9.959e+02]
GNN flow training:  69%|██████▉   | 69/100 [07:00<03:04,  5.94s/epoch, best=9.895e+02, sign=0.166, train=9.970e+02, val=9.859e+02]
GNN flow training:  70%|███████   | 70/100 [07:00<02:58,  5.93s/epoch, best=9.895e+02, sign=0.166, train=9.970e+02, val=9.859e+02]
GNN flow training:  70%|███████   | 70/100 [07:06<02:58,  5.93s/epoch, best=9.859e+02, sign=0.168, train=9.870e+02, val=9.902e+02]
GNN flow training:  71%|███████   | 71/100 [07:06<02:52,  5.94s/epoch, best=9.859e+02, sign=0.168, train=9.870e+02, val=9.902e+02]
GNN flow training:  71%|███████   | 71/100 [07:12<02:52,  5.94s/epoch, best=9.859e+02, sign=0.169, train=9.913e+02, val=9.954e+02]
GNN flow training:  72%|███████▏  | 72/100 [07:12<02:46,  5.93s/epoch, best=9.859e+02, sign=0.169, train=9.913e+02, val=9.954e+02]
GNN flow training:  72%|███████▏  | 72/100 [07:18<02:46,  5.93s/epoch, best=9.859e+02, sign=0.170, train=9.965e+02, val=9.944e+02]
GNN flow training:  73%|███████▎  | 73/100 [07:18<02:39,  5.92s/epoch, best=9.859e+02, sign=0.170, train=9.965e+02, val=9.944e+02]
GNN flow training:  73%|███████▎  | 73/100 [07:24<02:39,  5.92s/epoch, best=9.859e+02, sign=0.166, train=9.956e+02, val=9.948e+02]
GNN flow training:  74%|███████▍  | 74/100 [07:24<02:33,  5.92s/epoch, best=9.859e+02, sign=0.166, train=9.956e+02, val=9.948e+02]
GNN flow training:  74%|███████▍  | 74/100 [07:29<02:33,  5.92s/epoch, best=9.859e+02, sign=0.161, train=9.960e+02, val=1.031e+03]
GNN flow training:  75%|███████▌  | 75/100 [07:29<02:27,  5.92s/epoch, best=9.859e+02, sign=0.161, train=9.960e+02, val=1.031e+03]
GNN flow training:  75%|███████▌  | 75/100 [07:35<02:27,  5.92s/epoch, best=9.859e+02, sign=0.156, train=1.033e+03, val=1.054e+03]
GNN flow training:  76%|███████▌  | 76/100 [07:35<02:21,  5.91s/epoch, best=9.859e+02, sign=0.156, train=1.033e+03, val=1.054e+03]
GNN flow training:  76%|███████▌  | 76/100 [07:41<02:21,  5.91s/epoch, best=9.859e+02, sign=0.155, train=1.055e+03, val=1.062e+03]
GNN flow training:  77%|███████▋  | 77/100 [07:41<02:15,  5.89s/epoch, best=9.859e+02, sign=0.155, train=1.055e+03, val=1.062e+03]
GNN flow training:  77%|███████▋  | 77/100 [07:47<02:15,  5.89s/epoch, best=9.859e+02, sign=0.160, train=1.063e+03, val=1.033e+03]
GNN flow training:  78%|███████▊  | 78/100 [07:47<02:09,  5.88s/epoch, best=9.859e+02, sign=0.160, train=1.063e+03, val=1.033e+03]
GNN flow training:  78%|███████▊  | 78/100 [07:53<02:09,  5.88s/epoch, best=9.859e+02, sign=0.161, train=1.034e+03, val=1.039e+03]
GNN flow training:  79%|███████▉  | 79/100 [07:53<02:03,  5.88s/epoch, best=9.859e+02, sign=0.161, train=1.034e+03, val=1.039e+03]
GNN flow training:  79%|███████▉  | 79/100 [07:59<02:03,  5.88s/epoch, best=9.859e+02, sign=0.163, train=1.041e+03, val=1.049e+03]
GNN flow training:  80%|████████  | 80/100 [07:59<01:57,  5.89s/epoch, best=9.859e+02, sign=0.163, train=1.041e+03, val=1.049e+03]
GNN flow training:  80%|████████  | 80/100 [08:05<01:57,  5.89s/epoch, best=9.859e+02, sign=0.165, train=1.051e+03, val=1.047e+03]
GNN flow training:  81%|████████  | 81/100 [08:05<01:51,  5.87s/epoch, best=9.859e+02, sign=0.165, train=1.051e+03, val=1.047e+03]
GNN flow training:  81%|████████  | 81/100 [08:11<01:51,  5.87s/epoch, best=9.859e+02, sign=0.171, train=1.048e+03, val=1.046e+03]
GNN flow training:  82%|████████▏ | 82/100 [08:11<01:45,  5.87s/epoch, best=9.859e+02, sign=0.171, train=1.048e+03, val=1.046e+03]
GNN flow training:  82%|████████▏ | 82/100 [08:16<01:45,  5.87s/epoch, best=9.859e+02, sign=0.176, train=1.047e+03, val=1.039e+03]
GNN flow training:  83%|████████▎ | 83/100 [08:16<01:39,  5.85s/epoch, best=9.859e+02, sign=0.176, train=1.047e+03, val=1.039e+03]
GNN flow training:  83%|████████▎ | 83/100 [08:22<01:39,  5.85s/epoch, best=9.859e+02, sign=0.179, train=1.040e+03, val=1.033e+03]
GNN flow training:  84%|████████▍ | 84/100 [08:22<01:33,  5.87s/epoch, best=9.859e+02, sign=0.179, train=1.040e+03, val=1.033e+03]
GNN flow training:  84%|████████▍ | 84/100 [08:28<01:33,  5.87s/epoch, best=9.859e+02, sign=0.183, train=1.034e+03, val=1.028e+03]
GNN flow training:  85%|████████▌ | 85/100 [08:28<01:28,  5.87s/epoch, best=9.859e+02, sign=0.183, train=1.034e+03, val=1.028e+03]
GNN flow training:  85%|████████▌ | 85/100 [08:34<01:28,  5.87s/epoch, best=9.859e+02, sign=0.183, train=1.029e+03, val=1.035e+03]
GNN flow training:  86%|████████▌ | 86/100 [08:34<01:22,  5.89s/epoch, best=9.859e+02, sign=0.183, train=1.029e+03, val=1.035e+03]
GNN flow training:  86%|████████▌ | 86/100 [08:40<01:22,  5.89s/epoch, best=9.859e+02, sign=0.185, train=1.036e+03, val=1.040e+03]
GNN flow training:  87%|████████▋ | 87/100 [08:40<01:16,  5.90s/epoch, best=9.859e+02, sign=0.185, train=1.036e+03, val=1.040e+03]
GNN flow training:  87%|████████▋ | 87/100 [08:46<01:16,  5.90s/epoch, best=9.859e+02, sign=0.185, train=1.041e+03, val=1.027e+03]
GNN flow training:  88%|████████▊ | 88/100 [08:46<01:10,  5.91s/epoch, best=9.859e+02, sign=0.185, train=1.041e+03, val=1.027e+03]
GNN flow training:  88%|████████▊ | 88/100 [08:52<01:10,  5.91s/epoch, best=9.859e+02, sign=0.184, train=1.028e+03, val=1.009e+03]
GNN flow training:  89%|████████▉ | 89/100 [08:52<01:05,  5.93s/epoch, best=9.859e+02, sign=0.184, train=1.028e+03, val=1.009e+03]
GNN flow training:  89%|████████▉ | 89/100 [08:58<01:05,  5.93s/epoch, best=9.859e+02, sign=0.182, train=1.010e+03, val=9.939e+02]
GNN flow training:  90%|█████████ | 90/100 [08:58<00:59,  5.94s/epoch, best=9.859e+02, sign=0.182, train=1.010e+03, val=9.939e+02]
GNN flow training:  90%|█████████ | 90/100 [09:04<00:59,  5.94s/epoch, best=9.859e+02, sign=0.182, train=9.950e+02, val=9.903e+02]
GNN flow training:  91%|█████████ | 91/100 [09:04<00:53,  5.95s/epoch, best=9.859e+02, sign=0.182, train=9.950e+02, val=9.903e+02]
GNN flow training:  91%|█████████ | 91/100 [09:10<00:53,  5.95s/epoch, best=9.859e+02, sign=0.182, train=9.916e+02, val=9.860e+02]
GNN flow training:  92%|█████████▏| 92/100 [09:10<00:47,  5.96s/epoch, best=9.859e+02, sign=0.182, train=9.916e+02, val=9.860e+02]
GNN flow training:  92%|█████████▏| 92/100 [09:16<00:47,  5.96s/epoch, best=9.859e+02, sign=0.183, train=9.874e+02, val=9.856e+02]
GNN flow training:  93%|█████████▎| 93/100 [09:16<00:41,  5.95s/epoch, best=9.859e+02, sign=0.183, train=9.874e+02, val=9.856e+02]
GNN flow training:  93%|█████████▎| 93/100 [09:22<00:41,  5.95s/epoch, best=9.856e+02, sign=0.183, train=9.869e+02, val=9.909e+02]
GNN flow training:  94%|█████████▍| 94/100 [09:22<00:35,  5.96s/epoch, best=9.856e+02, sign=0.183, train=9.869e+02, val=9.909e+02]
GNN flow training:  94%|█████████▍| 94/100 [09:28<00:35,  5.96s/epoch, best=9.856e+02, sign=0.184, train=9.921e+02, val=9.861e+02]
GNN flow training:  95%|█████████▌| 95/100 [09:28<00:29,  5.96s/epoch, best=9.856e+02, sign=0.184, train=9.921e+02, val=9.861e+02]
GNN flow training:  95%|█████████▌| 95/100 [09:34<00:29,  5.96s/epoch, best=9.856e+02, sign=0.184, train=9.873e+02, val=9.751e+02]
GNN flow training:  96%|█████████▌| 96/100 [09:34<00:23,  5.95s/epoch, best=9.856e+02, sign=0.184, train=9.873e+02, val=9.751e+02]
GNN flow training:  96%|█████████▌| 96/100 [09:40<00:23,  5.95s/epoch, best=9.751e+02, sign=0.184, train=9.764e+02, val=9.736e+02]
GNN flow training:  97%|█████████▋| 97/100 [09:40<00:17,  5.94s/epoch, best=9.751e+02, sign=0.184, train=9.764e+02, val=9.736e+02]
GNN flow training:  97%|█████████▋| 97/100 [09:45<00:17,  5.94s/epoch, best=9.736e+02, sign=0.185, train=9.749e+02, val=9.718e+02]
GNN flow training:  98%|█████████▊| 98/100 [09:45<00:11,  5.93s/epoch, best=9.736e+02, sign=0.185, train=9.749e+02, val=9.718e+02]
GNN flow training:  98%|█████████▊| 98/100 [09:51<00:11,  5.93s/epoch, best=9.718e+02, sign=0.184, train=9.731e+02, val=9.743e+02]
GNN flow training:  99%|█████████▉| 99/100 [09:51<00:05,  5.95s/epoch, best=9.718e+02, sign=0.184, train=9.731e+02, val=9.743e+02]
GNN flow training:  99%|█████████▉| 99/100 [09:57<00:05,  5.95s/epoch, best=9.718e+02, sign=0.183, train=9.756e+02, val=9.738e+02]
GNN flow training: 100%|██████████| 100/100 [09:57<00:00,  5.93s/epoch, best=9.718e+02, sign=0.183, train=9.756e+02, val=9.738e+02]
GNN flow training: 100%|██████████| 100/100 [09:57<00:00,  5.98s/epoch, best=9.718e+02, sign=0.183, train=9.756e+02, val=9.738e+02]
Resolved config snapshot:
{'preset': 'solver_QKB_outer_QKBdelta', 'gnn_outer_losses': {'flow': 100.0, 'kirchhoff': 100.0, 'boundary': 100.0, 'delta_l2': 10.0, 'delta_smooth': 0.0, 'pressure_shape': 0.0}, 'physics': {'arterial_flow_mode': 'dataset', 'pressure_constraints': ['equal-a-equal-v'], 'alpha_pa': None, 'use_snr_weights': True, 'use_observed_flow_snr_weighting': True, 'flow_scale_mode': 'median_abs', 'solver_device': 'same', 'pressure_solver_mode': 'reduced-soft-constrained-lstsq', 'pressure_solver_lambda_kirchhoff': 1.0, 'pressure_solver_lambda_pressure_constraints': 100.0, 'pressure_solver_lambda_flow_residual': 1.0, 'pressure_shape_reference': 'delta_zero_reference', 'pressure_detach': False}, 'correction_bounds': {'correction_min': -0.5, 'correction_max': 0.5, 'correction_bound': 0.5, 'correction_parameterization': 'tanh'}, 'optimization': {'learning_rate': 0.001, 'weight_decay': 0.0001, 'gradient_clip_norm': 5.0, 'optimizer': 'adamw', 'epochs': 100, 'patience': 40}}
Shard 63/80: 1 of 80 runs
Command: /mnt/home/sswee/miniforge3/envs/yolk-sac/bin/python /mnt/home/sswee/yolk/Yolk-Sac-Flow-Data-and-Sim/gnn_clean/scripts/python/gnn_flow.py /mnt/home/sswee/yolk/Yolk-Sac-Flow-Data-and-Sim/gnn_clean/datasets/mosaic_graph_canonical_harmonized/mosaic_graph_canonical_harmonized.gpickle --output-dir /mnt/home/sswee/yolk/Yolk-Sac-Flow-Data-and-Sim/gnn_clean/outputs_canonical/dc/02_physics_weight_sweep/gnn --run-name q_100__k_100__delta_10 --preset solver_QKB_outer_QKBdelta --device cuda --epochs 100 --seed 0 --viscosity-pa-s 0.0035 --config /mnt/home/sswee/yolk/Yolk-Sac-Flow-Data-and-Sim/gnn_clean/outputs_canonical/dc/02_physics_weight_sweep/_generated_configs/q_100__k_100__delta_10.yaml --no-pressure-detach
