[info] DC Step 2 canonical sweep uses fixed lambda_B=100.0 for both the outer boundary loss and the reduced pressure-solver boundary constraint.

GNN flow training:   0%|          | 0/100 [00:00<?, ?epoch/s]
GNN flow training:   0%|          | 0/100 [00:06<?, ?epoch/s, best=1.272e+03, sign=0.194, train=1.271e+03, val=1.272e+03]
GNN flow training:   1%|          | 1/100 [00:06<10:15,  6.22s/epoch, best=1.272e+03, sign=0.194, train=1.271e+03, val=1.272e+03]
GNN flow training:   1%|          | 1/100 [00:12<10:15,  6.22s/epoch, best=1.272e+03, sign=0.194, train=1.272e+03, val=1.274e+03]
GNN flow training:   2%|▏         | 2/100 [00:12<10:02,  6.15s/epoch, best=1.272e+03, sign=0.194, train=1.272e+03, val=1.274e+03]
GNN flow training:   2%|▏         | 2/100 [00:18<10:02,  6.15s/epoch, best=1.272e+03, sign=0.194, train=1.274e+03, val=1.273e+03]
GNN flow training:   3%|▎         | 3/100 [00:18<09:50,  6.09s/epoch, best=1.272e+03, sign=0.194, train=1.274e+03, val=1.273e+03]
GNN flow training:   3%|▎         | 3/100 [00:24<09:50,  6.09s/epoch, best=1.272e+03, sign=0.194, train=1.274e+03, val=1.269e+03]
GNN flow training:   4%|▍         | 4/100 [00:24<09:43,  6.08s/epoch, best=1.272e+03, sign=0.194, train=1.274e+03, val=1.269e+03]
GNN flow training:   4%|▍         | 4/100 [00:30<09:43,  6.08s/epoch, best=1.269e+03, sign=0.194, train=1.269e+03, val=1.271e+03]
GNN flow training:   5%|▌         | 5/100 [00:30<09:38,  6.09s/epoch, best=1.269e+03, sign=0.194, train=1.269e+03, val=1.271e+03]
GNN flow training:   5%|▌         | 5/100 [00:36<09:38,  6.09s/epoch, best=1.269e+03, sign=0.194, train=1.271e+03, val=1.268e+03]
GNN flow training:   6%|▌         | 6/100 [00:36<09:33,  6.10s/epoch, best=1.269e+03, sign=0.194, train=1.271e+03, val=1.268e+03]
GNN flow training:   6%|▌         | 6/100 [00:42<09:33,  6.10s/epoch, best=1.268e+03, sign=0.194, train=1.268e+03, val=1.269e+03]
GNN flow training:   7%|▋         | 7/100 [00:42<09:25,  6.08s/epoch, best=1.268e+03, sign=0.194, train=1.268e+03, val=1.269e+03]
GNN flow training:   7%|▋         | 7/100 [00:48<09:25,  6.08s/epoch, best=1.268e+03, sign=0.194, train=1.269e+03, val=1.269e+03]
GNN flow training:   8%|▊         | 8/100 [00:48<09:18,  6.07s/epoch, best=1.268e+03, sign=0.194, train=1.269e+03, val=1.269e+03]
GNN flow training:   8%|▊         | 8/100 [00:54<09:18,  6.07s/epoch, best=1.268e+03, sign=0.194, train=1.269e+03, val=1.269e+03]
GNN flow training:   9%|▉         | 9/100 [00:54<09:12,  6.07s/epoch, best=1.268e+03, sign=0.194, train=1.269e+03, val=1.269e+03]
GNN flow training:   9%|▉         | 9/100 [01:00<09:12,  6.07s/epoch, best=1.268e+03, sign=0.194, train=1.269e+03, val=1.267e+03]
GNN flow training:  10%|█         | 10/100 [01:00<09:05,  6.06s/epoch, best=1.268e+03, sign=0.194, train=1.269e+03, val=1.267e+03]
GNN flow training:  10%|█         | 10/100 [01:06<09:05,  6.06s/epoch, best=1.267e+03, sign=0.194, train=1.267e+03, val=1.265e+03]
GNN flow training:  11%|█         | 11/100 [01:06<08:58,  6.05s/epoch, best=1.267e+03, sign=0.194, train=1.267e+03, val=1.265e+03]
GNN flow training:  11%|█         | 11/100 [01:12<08:58,  6.05s/epoch, best=1.265e+03, sign=0.192, train=1.265e+03, val=1.268e+03]
GNN flow training:  12%|█▏        | 12/100 [01:12<08:52,  6.05s/epoch, best=1.265e+03, sign=0.192, train=1.265e+03, val=1.268e+03]
GNN flow training:  12%|█▏        | 12/100 [01:18<08:52,  6.05s/epoch, best=1.265e+03, sign=0.192, train=1.269e+03, val=1.268e+03]
GNN flow training:  13%|█▎        | 13/100 [01:18<08:47,  6.06s/epoch, best=1.265e+03, sign=0.192, train=1.269e+03, val=1.268e+03]
GNN flow training:  13%|█▎        | 13/100 [01:25<08:47,  6.06s/epoch, best=1.265e+03, sign=0.193, train=1.268e+03, val=1.267e+03]
GNN flow training:  14%|█▍        | 14/100 [01:25<08:41,  6.06s/epoch, best=1.265e+03, sign=0.193, train=1.268e+03, val=1.267e+03]
GNN flow training:  14%|█▍        | 14/100 [01:31<08:41,  6.06s/epoch, best=1.265e+03, sign=0.193, train=1.267e+03, val=1.266e+03]
GNN flow training:  15%|█▌        | 15/100 [01:31<08:35,  6.07s/epoch, best=1.265e+03, sign=0.193, train=1.267e+03, val=1.266e+03]
GNN flow training:  15%|█▌        | 15/100 [01:37<08:35,  6.07s/epoch, best=1.265e+03, sign=0.193, train=1.267e+03, val=1.265e+03]
GNN flow training:  16%|█▌        | 16/100 [01:37<08:28,  6.06s/epoch, best=1.265e+03, sign=0.193, train=1.267e+03, val=1.265e+03]
GNN flow training:  16%|█▌        | 16/100 [01:43<08:28,  6.06s/epoch, best=1.265e+03, sign=0.193, train=1.266e+03, val=1.265e+03]
GNN flow training:  17%|█▋        | 17/100 [01:43<08:23,  6.06s/epoch, best=1.265e+03, sign=0.193, train=1.266e+03, val=1.265e+03]
GNN flow training:  17%|█▋        | 17/100 [01:49<08:23,  6.06s/epoch, best=1.265e+03, sign=0.193, train=1.265e+03, val=1.264e+03]
GNN flow training:  18%|█▊        | 18/100 [01:49<08:18,  6.08s/epoch, best=1.265e+03, sign=0.193, train=1.265e+03, val=1.264e+03]
GNN flow training:  18%|█▊        | 18/100 [01:55<08:18,  6.08s/epoch, best=1.264e+03, sign=0.193, train=1.264e+03, val=1.267e+03]
GNN flow training:  19%|█▉        | 19/100 [01:55<08:12,  6.08s/epoch, best=1.264e+03, sign=0.193, train=1.264e+03, val=1.267e+03]
GNN flow training:  19%|█▉        | 19/100 [02:01<08:12,  6.08s/epoch, best=1.264e+03, sign=0.193, train=1.268e+03, val=1.266e+03]
GNN flow training:  20%|██        | 20/100 [02:01<08:06,  6.08s/epoch, best=1.264e+03, sign=0.193, train=1.268e+03, val=1.266e+03]
GNN flow training:  20%|██        | 20/100 [02:07<08:06,  6.08s/epoch, best=1.264e+03, sign=0.193, train=1.266e+03, val=1.264e+03]
GNN flow training:  21%|██        | 21/100 [02:07<08:01,  6.09s/epoch, best=1.264e+03, sign=0.193, train=1.266e+03, val=1.264e+03]
GNN flow training:  21%|██        | 21/100 [02:13<08:01,  6.09s/epoch, best=1.264e+03, sign=0.193, train=1.264e+03, val=1.262e+03]
GNN flow training:  22%|██▏       | 22/100 [02:13<07:55,  6.09s/epoch, best=1.264e+03, sign=0.193, train=1.264e+03, val=1.262e+03]
GNN flow training:  22%|██▏       | 22/100 [02:19<07:55,  6.09s/epoch, best=1.262e+03, sign=0.193, train=1.262e+03, val=1.260e+03]
GNN flow training:  23%|██▎       | 23/100 [02:19<07:49,  6.10s/epoch, best=1.262e+03, sign=0.193, train=1.262e+03, val=1.260e+03]
GNN flow training:  23%|██▎       | 23/100 [02:25<07:49,  6.10s/epoch, best=1.260e+03, sign=0.193, train=1.260e+03, val=1.257e+03]
GNN flow training:  24%|██▍       | 24/100 [02:25<07:42,  6.09s/epoch, best=1.260e+03, sign=0.193, train=1.260e+03, val=1.257e+03]
GNN flow training:  24%|██▍       | 24/100 [02:32<07:42,  6.09s/epoch, best=1.257e+03, sign=0.193, train=1.257e+03, val=1.251e+03]
GNN flow training:  25%|██▌       | 25/100 [02:32<07:36,  6.08s/epoch, best=1.257e+03, sign=0.193, train=1.257e+03, val=1.251e+03]
GNN flow training:  25%|██▌       | 25/100 [02:38<07:36,  6.08s/epoch, best=1.251e+03, sign=0.192, train=1.252e+03, val=1.250e+03]
GNN flow training:  26%|██▌       | 26/100 [02:38<07:29,  6.07s/epoch, best=1.251e+03, sign=0.192, train=1.252e+03, val=1.250e+03]
GNN flow training:  26%|██▌       | 26/100 [02:44<07:29,  6.07s/epoch, best=1.250e+03, sign=0.192, train=1.250e+03, val=1.245e+03]
GNN flow training:  27%|██▋       | 27/100 [02:44<07:22,  6.07s/epoch, best=1.250e+03, sign=0.192, train=1.250e+03, val=1.245e+03]
GNN flow training:  27%|██▋       | 27/100 [02:50<07:22,  6.07s/epoch, best=1.245e+03, sign=0.191, train=1.245e+03, val=1.235e+03]
GNN flow training:  28%|██▊       | 28/100 [02:50<07:17,  6.08s/epoch, best=1.245e+03, sign=0.191, train=1.245e+03, val=1.235e+03]
GNN flow training:  28%|██▊       | 28/100 [02:56<07:17,  6.08s/epoch, best=1.235e+03, sign=0.191, train=1.236e+03, val=1.232e+03]
GNN flow training:  29%|██▉       | 29/100 [02:56<07:10,  6.06s/epoch, best=1.235e+03, sign=0.191, train=1.236e+03, val=1.232e+03]
GNN flow training:  29%|██▉       | 29/100 [03:02<07:10,  6.06s/epoch, best=1.232e+03, sign=0.189, train=1.232e+03, val=1.226e+03]
GNN flow training:  30%|███       | 30/100 [03:02<07:04,  6.06s/epoch, best=1.232e+03, sign=0.189, train=1.232e+03, val=1.226e+03]
GNN flow training:  30%|███       | 30/100 [03:08<07:04,  6.06s/epoch, best=1.226e+03, sign=0.189, train=1.227e+03, val=1.226e+03]
GNN flow training:  31%|███       | 31/100 [03:08<06:59,  6.07s/epoch, best=1.226e+03, sign=0.189, train=1.227e+03, val=1.226e+03]
GNN flow training:  31%|███       | 31/100 [03:14<06:59,  6.07s/epoch, best=1.226e+03, sign=0.188, train=1.227e+03, val=1.219e+03]
GNN flow training:  32%|███▏      | 32/100 [03:14<06:52,  6.07s/epoch, best=1.226e+03, sign=0.188, train=1.227e+03, val=1.219e+03]
GNN flow training:  32%|███▏      | 32/100 [03:20<06:52,  6.07s/epoch, best=1.219e+03, sign=0.185, train=1.219e+03, val=1.213e+03]
GNN flow training:  33%|███▎      | 33/100 [03:20<06:46,  6.06s/epoch, best=1.219e+03, sign=0.185, train=1.219e+03, val=1.213e+03]
GNN flow training:  33%|███▎      | 33/100 [03:26<06:46,  6.06s/epoch, best=1.213e+03, sign=0.185, train=1.213e+03, val=1.212e+03]
GNN flow training:  34%|███▍      | 34/100 [03:26<06:40,  6.07s/epoch, best=1.213e+03, sign=0.185, train=1.213e+03, val=1.212e+03]
GNN flow training:  34%|███▍      | 34/100 [03:32<06:40,  6.07s/epoch, best=1.212e+03, sign=0.184, train=1.212e+03, val=1.205e+03]
GNN flow training:  35%|███▌      | 35/100 [03:32<06:33,  6.05s/epoch, best=1.212e+03, sign=0.184, train=1.212e+03, val=1.205e+03]
GNN flow training:  35%|███▌      | 35/100 [03:38<06:33,  6.05s/epoch, best=1.205e+03, sign=0.184, train=1.205e+03, val=1.204e+03]
GNN flow training:  36%|███▌      | 36/100 [03:38<06:28,  6.07s/epoch, best=1.205e+03, sign=0.184, train=1.205e+03, val=1.204e+03]
GNN flow training:  36%|███▌      | 36/100 [03:44<06:28,  6.07s/epoch, best=1.204e+03, sign=0.185, train=1.204e+03, val=1.197e+03]
GNN flow training:  37%|███▋      | 37/100 [03:44<06:23,  6.08s/epoch, best=1.204e+03, sign=0.185, train=1.204e+03, val=1.197e+03]
GNN flow training:  37%|███▋      | 37/100 [03:50<06:23,  6.08s/epoch, best=1.197e+03, sign=0.184, train=1.197e+03, val=1.187e+03]
GNN flow training:  38%|███▊      | 38/100 [03:50<06:17,  6.08s/epoch, best=1.197e+03, sign=0.184, train=1.197e+03, val=1.187e+03]
GNN flow training:  38%|███▊      | 38/100 [03:56<06:17,  6.08s/epoch, best=1.187e+03, sign=0.183, train=1.187e+03, val=1.178e+03]
GNN flow training:  39%|███▉      | 39/100 [03:56<06:10,  6.08s/epoch, best=1.187e+03, sign=0.183, train=1.187e+03, val=1.178e+03]
GNN flow training:  39%|███▉      | 39/100 [04:02<06:10,  6.08s/epoch, best=1.178e+03, sign=0.181, train=1.178e+03, val=1.166e+03]
GNN flow training:  40%|████      | 40/100 [04:02<06:03,  6.06s/epoch, best=1.178e+03, sign=0.181, train=1.178e+03, val=1.166e+03]
GNN flow training:  40%|████      | 40/100 [04:09<06:03,  6.06s/epoch, best=1.166e+03, sign=0.180, train=1.166e+03, val=1.167e+03]
GNN flow training:  41%|████      | 41/100 [04:09<05:57,  6.06s/epoch, best=1.166e+03, sign=0.180, train=1.166e+03, val=1.167e+03]
GNN flow training:  41%|████      | 41/100 [04:15<05:57,  6.06s/epoch, best=1.166e+03, sign=0.180, train=1.167e+03, val=1.163e+03]
GNN flow training:  42%|████▏     | 42/100 [04:15<05:50,  6.05s/epoch, best=1.166e+03, sign=0.180, train=1.167e+03, val=1.163e+03]
GNN flow training:  42%|████▏     | 42/100 [04:21<05:50,  6.05s/epoch, best=1.163e+03, sign=0.179, train=1.163e+03, val=1.158e+03]
GNN flow training:  43%|████▎     | 43/100 [04:21<05:45,  6.05s/epoch, best=1.163e+03, sign=0.179, train=1.163e+03, val=1.158e+03]
GNN flow training:  43%|████▎     | 43/100 [04:27<05:45,  6.05s/epoch, best=1.158e+03, sign=0.180, train=1.158e+03, val=1.154e+03]
GNN flow training:  44%|████▍     | 44/100 [04:27<05:39,  6.06s/epoch, best=1.158e+03, sign=0.180, train=1.158e+03, val=1.154e+03]
GNN flow training:  44%|████▍     | 44/100 [04:33<05:39,  6.06s/epoch, best=1.154e+03, sign=0.178, train=1.155e+03, val=1.153e+03]
GNN flow training:  45%|████▌     | 45/100 [04:33<05:32,  6.05s/epoch, best=1.154e+03, sign=0.178, train=1.155e+03, val=1.153e+03]
GNN flow training:  45%|████▌     | 45/100 [04:39<05:32,  6.05s/epoch, best=1.153e+03, sign=0.177, train=1.153e+03, val=1.140e+03]
GNN flow training:  46%|████▌     | 46/100 [04:39<05:26,  6.04s/epoch, best=1.153e+03, sign=0.177, train=1.153e+03, val=1.140e+03]
GNN flow training:  46%|████▌     | 46/100 [04:45<05:26,  6.04s/epoch, best=1.140e+03, sign=0.176, train=1.141e+03, val=1.129e+03]
GNN flow training:  47%|████▋     | 47/100 [04:45<05:19,  6.02s/epoch, best=1.140e+03, sign=0.176, train=1.141e+03, val=1.129e+03]
GNN flow training:  47%|████▋     | 47/100 [04:51<05:19,  6.02s/epoch, best=1.129e+03, sign=0.175, train=1.129e+03, val=1.122e+03]
GNN flow training:  48%|████▊     | 48/100 [04:51<05:12,  6.01s/epoch, best=1.129e+03, sign=0.175, train=1.129e+03, val=1.122e+03]
GNN flow training:  48%|████▊     | 48/100 [04:57<05:12,  6.01s/epoch, best=1.122e+03, sign=0.174, train=1.122e+03, val=1.116e+03]
GNN flow training:  49%|████▉     | 49/100 [04:57<05:06,  6.00s/epoch, best=1.122e+03, sign=0.174, train=1.122e+03, val=1.116e+03]
GNN flow training:  49%|████▉     | 49/100 [05:03<05:06,  6.00s/epoch, best=1.116e+03, sign=0.173, train=1.116e+03, val=1.112e+03]
GNN flow training:  50%|█████     | 50/100 [05:03<05:00,  6.01s/epoch, best=1.116e+03, sign=0.173, train=1.116e+03, val=1.112e+03]
GNN flow training:  50%|█████     | 50/100 [05:09<05:00,  6.01s/epoch, best=1.112e+03, sign=0.172, train=1.112e+03, val=1.102e+03]
GNN flow training:  51%|█████     | 51/100 [05:09<04:55,  6.02s/epoch, best=1.112e+03, sign=0.172, train=1.112e+03, val=1.102e+03]
GNN flow training:  51%|█████     | 51/100 [05:15<04:55,  6.02s/epoch, best=1.102e+03, sign=0.174, train=1.103e+03, val=1.110e+03]
GNN flow training:  52%|█████▏    | 52/100 [05:15<04:48,  6.02s/epoch, best=1.102e+03, sign=0.174, train=1.103e+03, val=1.110e+03]
GNN flow training:  52%|█████▏    | 52/100 [05:21<04:48,  6.02s/epoch, best=1.102e+03, sign=0.173, train=1.110e+03, val=1.116e+03]
GNN flow training:  53%|█████▎    | 53/100 [05:21<04:43,  6.02s/epoch, best=1.102e+03, sign=0.173, train=1.110e+03, val=1.116e+03]
GNN flow training:  53%|█████▎    | 53/100 [05:27<04:43,  6.02s/epoch, best=1.102e+03, sign=0.172, train=1.117e+03, val=1.122e+03]
GNN flow training:  54%|█████▍    | 54/100 [05:27<04:37,  6.04s/epoch, best=1.102e+03, sign=0.172, train=1.117e+03, val=1.122e+03]
GNN flow training:  54%|█████▍    | 54/100 [05:33<04:37,  6.04s/epoch, best=1.102e+03, sign=0.171, train=1.122e+03, val=1.131e+03]
GNN flow training:  55%|█████▌    | 55/100 [05:33<04:31,  6.04s/epoch, best=1.102e+03, sign=0.171, train=1.122e+03, val=1.131e+03]
GNN flow training:  55%|█████▌    | 55/100 [05:39<04:31,  6.04s/epoch, best=1.102e+03, sign=0.171, train=1.131e+03, val=1.103e+03]
GNN flow training:  56%|█████▌    | 56/100 [05:39<04:25,  6.03s/epoch, best=1.102e+03, sign=0.171, train=1.131e+03, val=1.103e+03]
GNN flow training:  56%|█████▌    | 56/100 [05:45<04:25,  6.03s/epoch, best=1.102e+03, sign=0.169, train=1.103e+03, val=1.077e+03]
GNN flow training:  57%|█████▋    | 57/100 [05:45<04:18,  6.02s/epoch, best=1.102e+03, sign=0.169, train=1.103e+03, val=1.077e+03]
GNN flow training:  57%|█████▋    | 57/100 [05:51<04:18,  6.02s/epoch, best=1.077e+03, sign=0.169, train=1.077e+03, val=1.061e+03]
GNN flow training:  58%|█████▊    | 58/100 [05:51<04:12,  6.02s/epoch, best=1.077e+03, sign=0.169, train=1.077e+03, val=1.061e+03]
GNN flow training:  58%|█████▊    | 58/100 [05:57<04:12,  6.02s/epoch, best=1.061e+03, sign=0.169, train=1.061e+03, val=1.065e+03]
GNN flow training:  59%|█████▉    | 59/100 [05:57<04:07,  6.03s/epoch, best=1.061e+03, sign=0.169, train=1.061e+03, val=1.065e+03]
GNN flow training:  59%|█████▉    | 59/100 [06:03<04:07,  6.03s/epoch, best=1.061e+03, sign=0.175, train=1.065e+03, val=1.062e+03]
GNN flow training:  60%|██████    | 60/100 [06:03<04:00,  6.02s/epoch, best=1.061e+03, sign=0.175, train=1.065e+03, val=1.062e+03]
GNN flow training:  60%|██████    | 60/100 [06:09<04:00,  6.02s/epoch, best=1.061e+03, sign=0.177, train=1.062e+03, val=1.058e+03]
GNN flow training:  61%|██████    | 61/100 [06:09<03:54,  6.02s/epoch, best=1.061e+03, sign=0.177, train=1.062e+03, val=1.058e+03]
GNN flow training:  61%|██████    | 61/100 [06:15<03:54,  6.02s/epoch, best=1.058e+03, sign=0.180, train=1.058e+03, val=1.071e+03]
GNN flow training:  62%|██████▏   | 62/100 [06:15<03:48,  6.02s/epoch, best=1.058e+03, sign=0.180, train=1.058e+03, val=1.071e+03]
GNN flow training:  62%|██████▏   | 62/100 [06:21<03:48,  6.02s/epoch, best=1.058e+03, sign=0.180, train=1.071e+03, val=1.082e+03]
GNN flow training:  63%|██████▎   | 63/100 [06:21<03:42,  6.01s/epoch, best=1.058e+03, sign=0.180, train=1.071e+03, val=1.082e+03]
GNN flow training:  63%|██████▎   | 63/100 [06:27<03:42,  6.01s/epoch, best=1.058e+03, sign=0.173, train=1.082e+03, val=1.060e+03]
GNN flow training:  64%|██████▍   | 64/100 [06:27<03:36,  6.02s/epoch, best=1.058e+03, sign=0.173, train=1.082e+03, val=1.060e+03]
GNN flow training:  64%|██████▍   | 64/100 [06:33<03:36,  6.02s/epoch, best=1.058e+03, sign=0.169, train=1.060e+03, val=1.054e+03]
GNN flow training:  65%|██████▌   | 65/100 [06:33<03:31,  6.03s/epoch, best=1.058e+03, sign=0.169, train=1.060e+03, val=1.054e+03]
GNN flow training:  65%|██████▌   | 65/100 [06:39<03:31,  6.03s/epoch, best=1.054e+03, sign=0.168, train=1.054e+03, val=1.046e+03]
GNN flow training:  66%|██████▌   | 66/100 [06:39<03:25,  6.03s/epoch, best=1.054e+03, sign=0.168, train=1.054e+03, val=1.046e+03]
GNN flow training:  66%|██████▌   | 66/100 [06:45<03:25,  6.03s/epoch, best=1.046e+03, sign=0.167, train=1.046e+03, val=1.049e+03]
GNN flow training:  67%|██████▋   | 67/100 [06:45<03:18,  6.02s/epoch, best=1.046e+03, sign=0.167, train=1.046e+03, val=1.049e+03]
GNN flow training:  67%|██████▋   | 67/100 [06:51<03:18,  6.02s/epoch, best=1.046e+03, sign=0.169, train=1.049e+03, val=1.056e+03]
GNN flow training:  68%|██████▊   | 68/100 [06:51<03:12,  6.01s/epoch, best=1.046e+03, sign=0.169, train=1.049e+03, val=1.056e+03]
GNN flow training:  68%|██████▊   | 68/100 [06:57<03:12,  6.01s/epoch, best=1.046e+03, sign=0.174, train=1.056e+03, val=1.060e+03]
GNN flow training:  69%|██████▉   | 69/100 [06:57<03:06,  6.02s/epoch, best=1.046e+03, sign=0.174, train=1.056e+03, val=1.060e+03]
GNN flow training:  69%|██████▉   | 69/100 [07:03<03:06,  6.02s/epoch, best=1.046e+03, sign=0.179, train=1.060e+03, val=1.068e+03]
GNN flow training:  70%|███████   | 70/100 [07:03<03:00,  6.03s/epoch, best=1.046e+03, sign=0.179, train=1.060e+03, val=1.068e+03]
GNN flow training:  70%|███████   | 70/100 [07:09<03:00,  6.03s/epoch, best=1.046e+03, sign=0.183, train=1.068e+03, val=1.070e+03]
GNN flow training:  71%|███████   | 71/100 [07:09<02:54,  6.02s/epoch, best=1.046e+03, sign=0.183, train=1.068e+03, val=1.070e+03]
GNN flow training:  71%|███████   | 71/100 [07:15<02:54,  6.02s/epoch, best=1.046e+03, sign=0.185, train=1.070e+03, val=1.067e+03]
GNN flow training:  72%|███████▏  | 72/100 [07:15<02:48,  6.01s/epoch, best=1.046e+03, sign=0.185, train=1.070e+03, val=1.067e+03]
GNN flow training:  72%|███████▏  | 72/100 [07:21<02:48,  6.01s/epoch, best=1.046e+03, sign=0.183, train=1.067e+03, val=1.067e+03]
GNN flow training:  73%|███████▎  | 73/100 [07:21<02:42,  6.01s/epoch, best=1.046e+03, sign=0.183, train=1.067e+03, val=1.067e+03]
GNN flow training:  73%|███████▎  | 73/100 [07:27<02:42,  6.01s/epoch, best=1.046e+03, sign=0.180, train=1.067e+03, val=1.060e+03]
GNN flow training:  74%|███████▍  | 74/100 [07:27<02:36,  6.00s/epoch, best=1.046e+03, sign=0.180, train=1.067e+03, val=1.060e+03]
GNN flow training:  74%|███████▍  | 74/100 [07:33<02:36,  6.00s/epoch, best=1.046e+03, sign=0.175, train=1.060e+03, val=1.044e+03]
GNN flow training:  75%|███████▌  | 75/100 [07:33<02:31,  6.04s/epoch, best=1.046e+03, sign=0.175, train=1.060e+03, val=1.044e+03]
GNN flow training:  75%|███████▌  | 75/100 [07:39<02:31,  6.04s/epoch, best=1.044e+03, sign=0.169, train=1.044e+03, val=1.038e+03]
GNN flow training:  76%|███████▌  | 76/100 [07:39<02:24,  6.04s/epoch, best=1.044e+03, sign=0.169, train=1.044e+03, val=1.038e+03]
GNN flow training:  76%|███████▌  | 76/100 [07:45<02:24,  6.04s/epoch, best=1.038e+03, sign=0.165, train=1.038e+03, val=1.025e+03]
GNN flow training:  77%|███████▋  | 77/100 [07:45<02:18,  6.04s/epoch, best=1.038e+03, sign=0.165, train=1.038e+03, val=1.025e+03]
GNN flow training:  77%|███████▋  | 77/100 [07:51<02:18,  6.04s/epoch, best=1.025e+03, sign=0.162, train=1.025e+03, val=1.012e+03]
GNN flow training:  78%|███████▊  | 78/100 [07:51<02:12,  6.04s/epoch, best=1.025e+03, sign=0.162, train=1.025e+03, val=1.012e+03]
GNN flow training:  78%|███████▊  | 78/100 [07:57<02:12,  6.04s/epoch, best=1.012e+03, sign=0.161, train=1.013e+03, val=1.007e+03]
GNN flow training:  79%|███████▉  | 79/100 [07:57<02:06,  6.03s/epoch, best=1.012e+03, sign=0.161, train=1.013e+03, val=1.007e+03]
GNN flow training:  79%|███████▉  | 79/100 [08:03<02:06,  6.03s/epoch, best=1.007e+03, sign=0.156, train=1.007e+03, val=1.001e+03]
GNN flow training:  80%|████████  | 80/100 [08:03<02:00,  6.02s/epoch, best=1.007e+03, sign=0.156, train=1.007e+03, val=1.001e+03]
GNN flow training:  80%|████████  | 80/100 [08:09<02:00,  6.02s/epoch, best=1.001e+03, sign=0.153, train=1.001e+03, val=1.008e+03]
GNN flow training:  81%|████████  | 81/100 [08:09<01:54,  6.02s/epoch, best=1.001e+03, sign=0.153, train=1.001e+03, val=1.008e+03]
GNN flow training:  81%|████████  | 81/100 [08:16<01:54,  6.02s/epoch, best=1.001e+03, sign=0.155, train=1.008e+03, val=1.006e+03]
GNN flow training:  82%|████████▏ | 82/100 [08:16<01:48,  6.02s/epoch, best=1.001e+03, sign=0.155, train=1.008e+03, val=1.006e+03]
GNN flow training:  82%|████████▏ | 82/100 [08:21<01:48,  6.02s/epoch, best=1.001e+03, sign=0.159, train=1.006e+03, val=1.009e+03]
GNN flow training:  83%|████████▎ | 83/100 [08:21<01:42,  6.00s/epoch, best=1.001e+03, sign=0.159, train=1.006e+03, val=1.009e+03]
GNN flow training:  83%|████████▎ | 83/100 [08:27<01:42,  6.00s/epoch, best=1.001e+03, sign=0.160, train=1.009e+03, val=1.015e+03]
GNN flow training:  84%|████████▍ | 84/100 [08:27<01:35,  6.00s/epoch, best=1.001e+03, sign=0.160, train=1.009e+03, val=1.015e+03]
GNN flow training:  84%|████████▍ | 84/100 [08:34<01:35,  6.00s/epoch, best=1.001e+03, sign=0.161, train=1.015e+03, val=1.017e+03]
GNN flow training:  85%|████████▌ | 85/100 [08:34<01:30,  6.04s/epoch, best=1.001e+03, sign=0.161, train=1.015e+03, val=1.017e+03]
GNN flow training:  85%|████████▌ | 85/100 [08:40<01:30,  6.04s/epoch, best=1.001e+03, sign=0.160, train=1.017e+03, val=1.016e+03]
GNN flow training:  86%|████████▌ | 86/100 [08:40<01:24,  6.02s/epoch, best=1.001e+03, sign=0.160, train=1.017e+03, val=1.016e+03]
GNN flow training:  86%|████████▌ | 86/100 [08:46<01:24,  6.02s/epoch, best=1.001e+03, sign=0.161, train=1.016e+03, val=1.007e+03]
GNN flow training:  87%|████████▋ | 87/100 [08:46<01:18,  6.01s/epoch, best=1.001e+03, sign=0.161, train=1.016e+03, val=1.007e+03]
GNN flow training:  87%|████████▋ | 87/100 [08:52<01:18,  6.01s/epoch, best=1.001e+03, sign=0.160, train=1.007e+03, val=9.929e+02]
GNN flow training:  88%|████████▊ | 88/100 [08:52<01:11,  6.00s/epoch, best=1.001e+03, sign=0.160, train=1.007e+03, val=9.929e+02]
GNN flow training:  88%|████████▊ | 88/100 [08:58<01:11,  6.00s/epoch, best=9.929e+02, sign=0.157, train=9.930e+02, val=9.791e+02]
GNN flow training:  89%|████████▉ | 89/100 [08:58<01:05,  5.99s/epoch, best=9.929e+02, sign=0.157, train=9.930e+02, val=9.791e+02]
GNN flow training:  89%|████████▉ | 89/100 [09:04<01:05,  5.99s/epoch, best=9.791e+02, sign=0.157, train=9.791e+02, val=9.641e+02]
GNN flow training:  90%|█████████ | 90/100 [09:04<01:00,  6.01s/epoch, best=9.791e+02, sign=0.157, train=9.791e+02, val=9.641e+02]
GNN flow training:  90%|█████████ | 90/100 [09:10<01:00,  6.01s/epoch, best=9.641e+02, sign=0.155, train=9.642e+02, val=9.592e+02]
GNN flow training:  91%|█████████ | 91/100 [09:10<00:54,  6.01s/epoch, best=9.641e+02, sign=0.155, train=9.642e+02, val=9.592e+02]
GNN flow training:  91%|█████████ | 91/100 [09:16<00:54,  6.01s/epoch, best=9.592e+02, sign=0.154, train=9.593e+02, val=9.605e+02]
GNN flow training:  92%|█████████▏| 92/100 [09:16<00:48,  6.01s/epoch, best=9.592e+02, sign=0.154, train=9.593e+02, val=9.605e+02]
GNN flow training:  92%|█████████▏| 92/100 [09:22<00:48,  6.01s/epoch, best=9.592e+02, sign=0.154, train=9.605e+02, val=9.545e+02]
GNN flow training:  93%|█████████▎| 93/100 [09:22<00:41,  6.00s/epoch, best=9.592e+02, sign=0.154, train=9.605e+02, val=9.545e+02]
GNN flow training:  93%|█████████▎| 93/100 [09:28<00:41,  6.00s/epoch, best=9.545e+02, sign=0.155, train=9.546e+02, val=9.442e+02]
GNN flow training:  94%|█████████▍| 94/100 [09:28<00:35,  6.00s/epoch, best=9.545e+02, sign=0.155, train=9.546e+02, val=9.442e+02]
GNN flow training:  94%|█████████▍| 94/100 [09:34<00:35,  6.00s/epoch, best=9.442e+02, sign=0.158, train=9.443e+02, val=9.297e+02]
GNN flow training:  95%|█████████▌| 95/100 [09:34<00:29,  5.99s/epoch, best=9.442e+02, sign=0.158, train=9.443e+02, val=9.297e+02]
GNN flow training:  95%|█████████▌| 95/100 [09:40<00:29,  5.99s/epoch, best=9.297e+02, sign=0.159, train=9.298e+02, val=9.245e+02]
GNN flow training:  96%|█████████▌| 96/100 [09:40<00:23,  5.99s/epoch, best=9.297e+02, sign=0.159, train=9.298e+02, val=9.245e+02]
GNN flow training:  96%|█████████▌| 96/100 [09:46<00:23,  5.99s/epoch, best=9.245e+02, sign=0.159, train=9.246e+02, val=9.210e+02]
GNN flow training:  97%|█████████▋| 97/100 [09:46<00:17,  6.00s/epoch, best=9.245e+02, sign=0.159, train=9.246e+02, val=9.210e+02]
GNN flow training:  97%|█████████▋| 97/100 [09:51<00:17,  6.00s/epoch, best=9.210e+02, sign=0.160, train=9.211e+02, val=9.101e+02]
GNN flow training:  98%|█████████▊| 98/100 [09:51<00:11,  5.99s/epoch, best=9.210e+02, sign=0.160, train=9.211e+02, val=9.101e+02]
GNN flow training:  98%|█████████▊| 98/100 [09:57<00:11,  5.99s/epoch, best=9.101e+02, sign=0.159, train=9.102e+02, val=9.037e+02]
GNN flow training:  99%|█████████▉| 99/100 [09:57<00:05,  5.98s/epoch, best=9.101e+02, sign=0.159, train=9.102e+02, val=9.037e+02]
GNN flow training:  99%|█████████▉| 99/100 [10:03<00:05,  5.98s/epoch, best=9.037e+02, sign=0.157, train=9.037e+02, val=9.016e+02]
GNN flow training: 100%|██████████| 100/100 [10:03<00:00,  5.99s/epoch, best=9.037e+02, sign=0.157, train=9.037e+02, val=9.016e+02]
GNN flow training: 100%|██████████| 100/100 [10:03<00:00,  6.04s/epoch, best=9.037e+02, sign=0.157, train=9.037e+02, val=9.016e+02]
Resolved config snapshot:
{'preset': 'solver_QKB_outer_QKBdelta', 'gnn_outer_losses': {'flow': 10.0, 'kirchhoff': 100.0, 'boundary': 100.0, 'delta_l2': 1.0, 'delta_smooth': 0.0, 'pressure_shape': 0.0}, 'physics': {'arterial_flow_mode': 'dataset', 'pressure_constraints': ['equal-a-equal-v'], 'alpha_pa': None, 'use_snr_weights': True, 'use_observed_flow_snr_weighting': True, 'flow_scale_mode': 'median_abs', 'solver_device': 'same', 'pressure_solver_mode': 'reduced-soft-constrained-lstsq', 'pressure_solver_lambda_kirchhoff': 1.0, 'pressure_solver_lambda_pressure_constraints': 100.0, 'pressure_solver_lambda_flow_residual': 1.0, 'pressure_shape_reference': 'delta_zero_reference', 'pressure_detach': False}, 'correction_bounds': {'correction_min': -0.5, 'correction_max': 0.5, 'correction_bound': 0.5, 'correction_parameterization': 'tanh'}, 'optimization': {'learning_rate': 0.001, 'weight_decay': 0.0001, 'gradient_clip_norm': 5.0, 'optimizer': 'adamw', 'epochs': 100, 'patience': 40}}
Shard 46/80: 1 of 80 runs
Command: /mnt/home/sswee/miniforge3/envs/yolk-sac/bin/python /mnt/home/sswee/yolk/Yolk-Sac-Flow-Data-and-Sim/gnn_clean/scripts/python/gnn_flow.py /mnt/home/sswee/yolk/Yolk-Sac-Flow-Data-and-Sim/gnn_clean/datasets/mosaic_graph_canonical_harmonized/mosaic_graph_canonical_harmonized.gpickle --output-dir /mnt/home/sswee/yolk/Yolk-Sac-Flow-Data-and-Sim/gnn_clean/outputs_canonical/dc/02_physics_weight_sweep/gnn --run-name q_10__k_100__delta_1 --preset solver_QKB_outer_QKBdelta --device cuda --epochs 100 --seed 0 --viscosity-pa-s 0.0035 --config /mnt/home/sswee/yolk/Yolk-Sac-Flow-Data-and-Sim/gnn_clean/outputs_canonical/dc/02_physics_weight_sweep/_generated_configs/q_10__k_100__delta_1.yaml --no-pressure-detach
