[info] DC Step 2 canonical sweep uses fixed lambda_B=100.0 for both the outer boundary loss and the reduced pressure-solver boundary constraint.

GNN flow training:   0%|          | 0/100 [00:00<?, ?epoch/s]
GNN flow training:   0%|          | 0/100 [00:06<?, ?epoch/s, best=1.272e+02, sign=0.194, train=1.271e+02, val=1.272e+02]
GNN flow training:   1%|          | 1/100 [00:06<10:09,  6.16s/epoch, best=1.272e+02, sign=0.194, train=1.271e+02, val=1.272e+02]
GNN flow training:   1%|          | 1/100 [00:12<10:09,  6.16s/epoch, best=1.272e+02, sign=0.194, train=1.272e+02, val=1.274e+02]
GNN flow training:   2%|▏         | 2/100 [00:12<09:59,  6.11s/epoch, best=1.272e+02, sign=0.194, train=1.272e+02, val=1.274e+02]
GNN flow training:   2%|▏         | 2/100 [00:18<09:59,  6.11s/epoch, best=1.272e+02, sign=0.194, train=1.275e+02, val=1.274e+02]
GNN flow training:   3%|▎         | 3/100 [00:18<09:50,  6.08s/epoch, best=1.272e+02, sign=0.194, train=1.275e+02, val=1.274e+02]
GNN flow training:   3%|▎         | 3/100 [00:24<09:50,  6.08s/epoch, best=1.272e+02, sign=0.194, train=1.274e+02, val=1.269e+02]
GNN flow training:   4%|▍         | 4/100 [00:24<09:41,  6.05s/epoch, best=1.272e+02, sign=0.194, train=1.274e+02, val=1.269e+02]
GNN flow training:   4%|▍         | 4/100 [00:30<09:41,  6.05s/epoch, best=1.269e+02, sign=0.194, train=1.270e+02, val=1.271e+02]
GNN flow training:   5%|▌         | 5/100 [00:30<09:33,  6.04s/epoch, best=1.269e+02, sign=0.194, train=1.270e+02, val=1.271e+02]
GNN flow training:   5%|▌         | 5/100 [00:36<09:33,  6.04s/epoch, best=1.269e+02, sign=0.194, train=1.272e+02, val=1.269e+02]
GNN flow training:   6%|▌         | 6/100 [00:36<09:23,  6.00s/epoch, best=1.269e+02, sign=0.194, train=1.272e+02, val=1.269e+02]
GNN flow training:   6%|▌         | 6/100 [00:42<09:23,  6.00s/epoch, best=1.269e+02, sign=0.194, train=1.269e+02, val=1.269e+02]
GNN flow training:   7%|▋         | 7/100 [00:42<09:15,  5.98s/epoch, best=1.269e+02, sign=0.194, train=1.269e+02, val=1.269e+02]
GNN flow training:   7%|▋         | 7/100 [00:48<09:15,  5.98s/epoch, best=1.269e+02, sign=0.194, train=1.270e+02, val=1.269e+02]
GNN flow training:   8%|▊         | 8/100 [00:48<09:10,  5.98s/epoch, best=1.269e+02, sign=0.194, train=1.270e+02, val=1.269e+02]
GNN flow training:   8%|▊         | 8/100 [00:54<09:10,  5.98s/epoch, best=1.269e+02, sign=0.194, train=1.269e+02, val=1.269e+02]
GNN flow training:   9%|▉         | 9/100 [00:54<09:04,  5.98s/epoch, best=1.269e+02, sign=0.194, train=1.269e+02, val=1.269e+02]
GNN flow training:   9%|▉         | 9/100 [01:00<09:04,  5.98s/epoch, best=1.269e+02, sign=0.194, train=1.269e+02, val=1.267e+02]
GNN flow training:  10%|█         | 10/100 [01:00<09:01,  6.02s/epoch, best=1.269e+02, sign=0.194, train=1.269e+02, val=1.267e+02]
GNN flow training:  10%|█         | 10/100 [01:06<09:01,  6.02s/epoch, best=1.267e+02, sign=0.194, train=1.267e+02, val=1.265e+02]
GNN flow training:  11%|█         | 11/100 [01:06<08:53,  5.99s/epoch, best=1.267e+02, sign=0.194, train=1.267e+02, val=1.265e+02]
GNN flow training:  11%|█         | 11/100 [01:12<08:53,  5.99s/epoch, best=1.265e+02, sign=0.192, train=1.265e+02, val=1.269e+02]
GNN flow training:  12%|█▏        | 12/100 [01:12<08:48,  6.00s/epoch, best=1.265e+02, sign=0.192, train=1.265e+02, val=1.269e+02]
GNN flow training:  12%|█▏        | 12/100 [01:18<08:48,  6.00s/epoch, best=1.265e+02, sign=0.192, train=1.269e+02, val=1.270e+02]
GNN flow training:  13%|█▎        | 13/100 [01:18<08:42,  6.01s/epoch, best=1.265e+02, sign=0.192, train=1.269e+02, val=1.270e+02]
GNN flow training:  13%|█▎        | 13/100 [01:24<08:42,  6.01s/epoch, best=1.265e+02, sign=0.192, train=1.270e+02, val=1.270e+02]
GNN flow training:  14%|█▍        | 14/100 [01:24<08:35,  6.00s/epoch, best=1.265e+02, sign=0.192, train=1.270e+02, val=1.270e+02]
GNN flow training:  14%|█▍        | 14/100 [01:30<08:35,  6.00s/epoch, best=1.265e+02, sign=0.192, train=1.270e+02, val=1.269e+02]
GNN flow training:  15%|█▌        | 15/100 [01:30<08:28,  5.98s/epoch, best=1.265e+02, sign=0.192, train=1.270e+02, val=1.269e+02]
GNN flow training:  15%|█▌        | 15/100 [01:36<08:28,  5.98s/epoch, best=1.265e+02, sign=0.191, train=1.270e+02, val=1.269e+02]
GNN flow training:  16%|█▌        | 16/100 [01:36<08:23,  5.99s/epoch, best=1.265e+02, sign=0.191, train=1.270e+02, val=1.269e+02]
GNN flow training:  16%|█▌        | 16/100 [01:42<08:23,  5.99s/epoch, best=1.265e+02, sign=0.190, train=1.269e+02, val=1.272e+02]
GNN flow training:  17%|█▋        | 17/100 [01:42<08:18,  6.01s/epoch, best=1.265e+02, sign=0.190, train=1.269e+02, val=1.272e+02]
GNN flow training:  17%|█▋        | 17/100 [01:48<08:18,  6.01s/epoch, best=1.265e+02, sign=0.190, train=1.273e+02, val=1.268e+02]
GNN flow training:  18%|█▊        | 18/100 [01:48<08:12,  6.01s/epoch, best=1.265e+02, sign=0.190, train=1.273e+02, val=1.268e+02]
GNN flow training:  18%|█▊        | 18/100 [01:54<08:12,  6.01s/epoch, best=1.265e+02, sign=0.189, train=1.268e+02, val=1.267e+02]
GNN flow training:  19%|█▉        | 19/100 [01:54<08:06,  6.01s/epoch, best=1.265e+02, sign=0.189, train=1.268e+02, val=1.267e+02]
GNN flow training:  19%|█▉        | 19/100 [02:00<08:06,  6.01s/epoch, best=1.265e+02, sign=0.187, train=1.267e+02, val=1.272e+02]
GNN flow training:  20%|██        | 20/100 [02:00<08:01,  6.02s/epoch, best=1.265e+02, sign=0.187, train=1.267e+02, val=1.272e+02]
GNN flow training:  20%|██        | 20/100 [02:06<08:01,  6.02s/epoch, best=1.265e+02, sign=0.186, train=1.272e+02, val=1.271e+02]
GNN flow training:  21%|██        | 21/100 [02:06<07:54,  6.01s/epoch, best=1.265e+02, sign=0.186, train=1.272e+02, val=1.271e+02]
GNN flow training:  21%|██        | 21/100 [02:12<07:54,  6.01s/epoch, best=1.265e+02, sign=0.186, train=1.271e+02, val=1.270e+02]
GNN flow training:  22%|██▏       | 22/100 [02:12<07:49,  6.01s/epoch, best=1.265e+02, sign=0.186, train=1.271e+02, val=1.270e+02]
GNN flow training:  22%|██▏       | 22/100 [02:18<07:49,  6.01s/epoch, best=1.265e+02, sign=0.187, train=1.270e+02, val=1.265e+02]
GNN flow training:  23%|██▎       | 23/100 [02:18<07:41,  6.00s/epoch, best=1.265e+02, sign=0.187, train=1.270e+02, val=1.265e+02]
GNN flow training:  23%|██▎       | 23/100 [02:24<07:41,  6.00s/epoch, best=1.265e+02, sign=0.187, train=1.265e+02, val=1.261e+02]
GNN flow training:  24%|██▍       | 24/100 [02:24<07:35,  5.99s/epoch, best=1.265e+02, sign=0.187, train=1.265e+02, val=1.261e+02]
GNN flow training:  24%|██▍       | 24/100 [02:30<07:35,  5.99s/epoch, best=1.261e+02, sign=0.188, train=1.261e+02, val=1.259e+02]
GNN flow training:  25%|██▌       | 25/100 [02:30<07:29,  5.99s/epoch, best=1.261e+02, sign=0.188, train=1.261e+02, val=1.259e+02]
GNN flow training:  25%|██▌       | 25/100 [02:36<07:29,  5.99s/epoch, best=1.259e+02, sign=0.188, train=1.259e+02, val=1.251e+02]
GNN flow training:  26%|██▌       | 26/100 [02:36<07:23,  5.99s/epoch, best=1.259e+02, sign=0.188, train=1.259e+02, val=1.251e+02]
GNN flow training:  26%|██▌       | 26/100 [02:42<07:23,  5.99s/epoch, best=1.251e+02, sign=0.187, train=1.252e+02, val=1.243e+02]
GNN flow training:  27%|██▋       | 27/100 [02:42<07:18,  6.01s/epoch, best=1.251e+02, sign=0.187, train=1.252e+02, val=1.243e+02]
GNN flow training:  27%|██▋       | 27/100 [02:48<07:18,  6.01s/epoch, best=1.243e+02, sign=0.187, train=1.244e+02, val=1.235e+02]
GNN flow training:  28%|██▊       | 28/100 [02:48<07:13,  6.02s/epoch, best=1.243e+02, sign=0.187, train=1.244e+02, val=1.235e+02]
GNN flow training:  28%|██▊       | 28/100 [02:54<07:13,  6.02s/epoch, best=1.235e+02, sign=0.187, train=1.235e+02, val=1.229e+02]
GNN flow training:  29%|██▉       | 29/100 [02:54<07:05,  6.00s/epoch, best=1.235e+02, sign=0.187, train=1.235e+02, val=1.229e+02]
GNN flow training:  29%|██▉       | 29/100 [03:00<07:05,  6.00s/epoch, best=1.229e+02, sign=0.187, train=1.229e+02, val=1.227e+02]
GNN flow training:  30%|███       | 30/100 [03:00<06:59,  6.00s/epoch, best=1.229e+02, sign=0.187, train=1.229e+02, val=1.227e+02]
GNN flow training:  30%|███       | 30/100 [03:06<06:59,  6.00s/epoch, best=1.227e+02, sign=0.186, train=1.227e+02, val=1.220e+02]
GNN flow training:  31%|███       | 31/100 [03:06<06:53,  6.00s/epoch, best=1.227e+02, sign=0.186, train=1.227e+02, val=1.220e+02]
GNN flow training:  31%|███       | 31/100 [03:12<06:53,  6.00s/epoch, best=1.220e+02, sign=0.184, train=1.220e+02, val=1.216e+02]
GNN flow training:  32%|███▏      | 32/100 [03:12<06:47,  5.99s/epoch, best=1.220e+02, sign=0.184, train=1.220e+02, val=1.216e+02]
GNN flow training:  32%|███▏      | 32/100 [03:18<06:47,  5.99s/epoch, best=1.216e+02, sign=0.183, train=1.217e+02, val=1.213e+02]
GNN flow training:  33%|███▎      | 33/100 [03:18<06:42,  6.01s/epoch, best=1.216e+02, sign=0.183, train=1.217e+02, val=1.213e+02]
GNN flow training:  33%|███▎      | 33/100 [03:24<06:42,  6.01s/epoch, best=1.213e+02, sign=0.183, train=1.213e+02, val=1.214e+02]
GNN flow training:  34%|███▍      | 34/100 [03:24<06:37,  6.02s/epoch, best=1.213e+02, sign=0.183, train=1.213e+02, val=1.214e+02]
GNN flow training:  34%|███▍      | 34/100 [03:30<06:37,  6.02s/epoch, best=1.213e+02, sign=0.181, train=1.214e+02, val=1.210e+02]
GNN flow training:  35%|███▌      | 35/100 [03:30<06:30,  6.01s/epoch, best=1.213e+02, sign=0.181, train=1.214e+02, val=1.210e+02]
GNN flow training:  35%|███▌      | 35/100 [03:36<06:30,  6.01s/epoch, best=1.210e+02, sign=0.180, train=1.210e+02, val=1.203e+02]
GNN flow training:  36%|███▌      | 36/100 [03:36<06:23,  6.00s/epoch, best=1.210e+02, sign=0.180, train=1.210e+02, val=1.203e+02]
GNN flow training:  36%|███▌      | 36/100 [03:42<06:23,  6.00s/epoch, best=1.203e+02, sign=0.180, train=1.204e+02, val=1.205e+02]
GNN flow training:  37%|███▋      | 37/100 [03:42<06:16,  5.98s/epoch, best=1.203e+02, sign=0.180, train=1.204e+02, val=1.205e+02]
GNN flow training:  37%|███▋      | 37/100 [03:48<06:16,  5.98s/epoch, best=1.203e+02, sign=0.179, train=1.205e+02, val=1.206e+02]
GNN flow training:  38%|███▊      | 38/100 [03:48<06:13,  6.02s/epoch, best=1.203e+02, sign=0.179, train=1.205e+02, val=1.206e+02]
GNN flow training:  38%|███▊      | 38/100 [03:54<06:13,  6.02s/epoch, best=1.203e+02, sign=0.179, train=1.206e+02, val=1.208e+02]
GNN flow training:  39%|███▉      | 39/100 [03:54<06:07,  6.02s/epoch, best=1.203e+02, sign=0.179, train=1.206e+02, val=1.208e+02]
GNN flow training:  39%|███▉      | 39/100 [04:00<06:07,  6.02s/epoch, best=1.203e+02, sign=0.179, train=1.208e+02, val=1.207e+02]
GNN flow training:  40%|████      | 40/100 [04:00<06:01,  6.03s/epoch, best=1.203e+02, sign=0.179, train=1.208e+02, val=1.207e+02]
GNN flow training:  40%|████      | 40/100 [04:06<06:01,  6.03s/epoch, best=1.203e+02, sign=0.179, train=1.207e+02, val=1.211e+02]
GNN flow training:  41%|████      | 41/100 [04:06<05:55,  6.03s/epoch, best=1.203e+02, sign=0.179, train=1.207e+02, val=1.211e+02]
GNN flow training:  41%|████      | 41/100 [04:12<05:55,  6.03s/epoch, best=1.203e+02, sign=0.178, train=1.211e+02, val=1.199e+02]
GNN flow training:  42%|████▏     | 42/100 [04:12<05:49,  6.03s/epoch, best=1.203e+02, sign=0.178, train=1.211e+02, val=1.199e+02]
GNN flow training:  42%|████▏     | 42/100 [04:18<05:49,  6.03s/epoch, best=1.199e+02, sign=0.178, train=1.200e+02, val=1.182e+02]
GNN flow training:  43%|████▎     | 43/100 [04:18<05:43,  6.02s/epoch, best=1.199e+02, sign=0.178, train=1.200e+02, val=1.182e+02]
GNN flow training:  43%|████▎     | 43/100 [04:24<05:43,  6.02s/epoch, best=1.182e+02, sign=0.177, train=1.182e+02, val=1.175e+02]
GNN flow training:  44%|████▍     | 44/100 [04:24<05:36,  6.02s/epoch, best=1.182e+02, sign=0.177, train=1.182e+02, val=1.175e+02]
GNN flow training:  44%|████▍     | 44/100 [04:30<05:36,  6.02s/epoch, best=1.175e+02, sign=0.176, train=1.175e+02, val=1.162e+02]
GNN flow training:  45%|████▌     | 45/100 [04:30<05:30,  6.01s/epoch, best=1.175e+02, sign=0.176, train=1.175e+02, val=1.162e+02]
GNN flow training:  45%|████▌     | 45/100 [04:36<05:30,  6.01s/epoch, best=1.162e+02, sign=0.176, train=1.162e+02, val=1.149e+02]
GNN flow training:  46%|████▌     | 46/100 [04:36<05:24,  6.02s/epoch, best=1.162e+02, sign=0.176, train=1.162e+02, val=1.149e+02]
GNN flow training:  46%|████▌     | 46/100 [04:42<05:24,  6.02s/epoch, best=1.149e+02, sign=0.175, train=1.149e+02, val=1.132e+02]
GNN flow training:  47%|████▋     | 47/100 [04:42<05:17,  6.00s/epoch, best=1.149e+02, sign=0.175, train=1.149e+02, val=1.132e+02]
GNN flow training:  47%|████▋     | 47/100 [04:48<05:17,  6.00s/epoch, best=1.132e+02, sign=0.174, train=1.132e+02, val=1.117e+02]
GNN flow training:  48%|████▊     | 48/100 [04:48<05:11,  5.99s/epoch, best=1.132e+02, sign=0.174, train=1.132e+02, val=1.117e+02]
GNN flow training:  48%|████▊     | 48/100 [04:54<05:11,  5.99s/epoch, best=1.117e+02, sign=0.173, train=1.117e+02, val=1.109e+02]
GNN flow training:  49%|████▉     | 49/100 [04:54<05:05,  5.99s/epoch, best=1.117e+02, sign=0.173, train=1.117e+02, val=1.109e+02]
GNN flow training:  49%|████▉     | 49/100 [05:00<05:05,  5.99s/epoch, best=1.109e+02, sign=0.172, train=1.109e+02, val=1.107e+02]
GNN flow training:  50%|█████     | 50/100 [05:00<04:59,  5.99s/epoch, best=1.109e+02, sign=0.172, train=1.109e+02, val=1.107e+02]
GNN flow training:  50%|█████     | 50/100 [05:06<04:59,  5.99s/epoch, best=1.107e+02, sign=0.171, train=1.107e+02, val=1.106e+02]
GNN flow training:  51%|█████     | 51/100 [05:06<04:53,  5.98s/epoch, best=1.107e+02, sign=0.171, train=1.107e+02, val=1.106e+02]
GNN flow training:  51%|█████     | 51/100 [05:12<04:53,  5.98s/epoch, best=1.106e+02, sign=0.172, train=1.106e+02, val=1.104e+02]
GNN flow training:  52%|█████▏    | 52/100 [05:12<04:47,  5.98s/epoch, best=1.106e+02, sign=0.172, train=1.106e+02, val=1.104e+02]
GNN flow training:  52%|█████▏    | 52/100 [05:18<04:47,  5.98s/epoch, best=1.104e+02, sign=0.171, train=1.104e+02, val=1.102e+02]
GNN flow training:  53%|█████▎    | 53/100 [05:18<04:40,  5.97s/epoch, best=1.104e+02, sign=0.171, train=1.104e+02, val=1.102e+02]
GNN flow training:  53%|█████▎    | 53/100 [05:24<04:40,  5.97s/epoch, best=1.102e+02, sign=0.170, train=1.102e+02, val=1.106e+02]
GNN flow training:  54%|█████▍    | 54/100 [05:24<04:34,  5.96s/epoch, best=1.102e+02, sign=0.170, train=1.102e+02, val=1.106e+02]
GNN flow training:  54%|█████▍    | 54/100 [05:30<04:34,  5.96s/epoch, best=1.102e+02, sign=0.169, train=1.106e+02, val=1.105e+02]
GNN flow training:  55%|█████▌    | 55/100 [05:30<04:27,  5.95s/epoch, best=1.102e+02, sign=0.169, train=1.106e+02, val=1.105e+02]
GNN flow training:  55%|█████▌    | 55/100 [05:36<04:27,  5.95s/epoch, best=1.102e+02, sign=0.169, train=1.105e+02, val=1.103e+02]
GNN flow training:  56%|█████▌    | 56/100 [05:36<04:21,  5.94s/epoch, best=1.102e+02, sign=0.169, train=1.105e+02, val=1.103e+02]
GNN flow training:  56%|█████▌    | 56/100 [05:42<04:21,  5.94s/epoch, best=1.102e+02, sign=0.168, train=1.103e+02, val=1.104e+02]
GNN flow training:  57%|█████▋    | 57/100 [05:42<04:16,  5.96s/epoch, best=1.102e+02, sign=0.168, train=1.103e+02, val=1.104e+02]
GNN flow training:  57%|█████▋    | 57/100 [05:48<04:16,  5.96s/epoch, best=1.102e+02, sign=0.169, train=1.105e+02, val=1.099e+02]
GNN flow training:  58%|█████▊    | 58/100 [05:48<04:10,  5.96s/epoch, best=1.102e+02, sign=0.169, train=1.105e+02, val=1.099e+02]
GNN flow training:  58%|█████▊    | 58/100 [05:53<04:10,  5.96s/epoch, best=1.099e+02, sign=0.168, train=1.099e+02, val=1.116e+02]
GNN flow training:  59%|█████▉    | 59/100 [05:53<04:04,  5.97s/epoch, best=1.099e+02, sign=0.168, train=1.099e+02, val=1.116e+02]
GNN flow training:  59%|█████▉    | 59/100 [05:59<04:04,  5.97s/epoch, best=1.099e+02, sign=0.169, train=1.116e+02, val=1.112e+02]
GNN flow training:  60%|██████    | 60/100 [05:59<03:59,  5.98s/epoch, best=1.099e+02, sign=0.169, train=1.116e+02, val=1.112e+02]
GNN flow training:  60%|██████    | 60/100 [06:05<03:59,  5.98s/epoch, best=1.099e+02, sign=0.171, train=1.112e+02, val=1.094e+02]
GNN flow training:  61%|██████    | 61/100 [06:05<03:53,  5.98s/epoch, best=1.099e+02, sign=0.171, train=1.112e+02, val=1.094e+02]
GNN flow training:  61%|██████    | 61/100 [06:11<03:53,  5.98s/epoch, best=1.094e+02, sign=0.173, train=1.094e+02, val=1.085e+02]
GNN flow training:  62%|██████▏   | 62/100 [06:11<03:47,  5.98s/epoch, best=1.094e+02, sign=0.173, train=1.094e+02, val=1.085e+02]
GNN flow training:  62%|██████▏   | 62/100 [06:17<03:47,  5.98s/epoch, best=1.085e+02, sign=0.174, train=1.085e+02, val=1.084e+02]
GNN flow training:  63%|██████▎   | 63/100 [06:17<03:40,  5.97s/epoch, best=1.085e+02, sign=0.174, train=1.085e+02, val=1.084e+02]
GNN flow training:  63%|██████▎   | 63/100 [06:23<03:40,  5.97s/epoch, best=1.084e+02, sign=0.175, train=1.084e+02, val=1.084e+02]
GNN flow training:  64%|██████▍   | 64/100 [06:23<03:34,  5.95s/epoch, best=1.084e+02, sign=0.175, train=1.084e+02, val=1.084e+02]
GNN flow training:  64%|██████▍   | 64/100 [06:29<03:34,  5.95s/epoch, best=1.084e+02, sign=0.177, train=1.084e+02, val=1.075e+02]
GNN flow training:  65%|██████▌   | 65/100 [06:29<03:28,  5.95s/epoch, best=1.084e+02, sign=0.177, train=1.084e+02, val=1.075e+02]
GNN flow training:  65%|██████▌   | 65/100 [06:35<03:28,  5.95s/epoch, best=1.075e+02, sign=0.177, train=1.075e+02, val=1.067e+02]
GNN flow training:  66%|██████▌   | 66/100 [06:35<03:21,  5.94s/epoch, best=1.075e+02, sign=0.177, train=1.075e+02, val=1.067e+02]
GNN flow training:  66%|██████▌   | 66/100 [06:41<03:21,  5.94s/epoch, best=1.067e+02, sign=0.176, train=1.067e+02, val=1.059e+02]
GNN flow training:  67%|██████▋   | 67/100 [06:41<03:15,  5.93s/epoch, best=1.067e+02, sign=0.176, train=1.067e+02, val=1.059e+02]
GNN flow training:  67%|██████▋   | 67/100 [06:47<03:15,  5.93s/epoch, best=1.059e+02, sign=0.177, train=1.059e+02, val=1.044e+02]
GNN flow training:  68%|██████▊   | 68/100 [06:47<03:10,  5.95s/epoch, best=1.059e+02, sign=0.177, train=1.059e+02, val=1.044e+02]
GNN flow training:  68%|██████▊   | 68/100 [06:53<03:10,  5.95s/epoch, best=1.044e+02, sign=0.175, train=1.044e+02, val=1.031e+02]
GNN flow training:  69%|██████▉   | 69/100 [06:53<03:04,  5.96s/epoch, best=1.044e+02, sign=0.175, train=1.044e+02, val=1.031e+02]
GNN flow training:  69%|██████▉   | 69/100 [06:59<03:04,  5.96s/epoch, best=1.031e+02, sign=0.175, train=1.031e+02, val=1.018e+02]
GNN flow training:  70%|███████   | 70/100 [06:59<02:59,  5.98s/epoch, best=1.031e+02, sign=0.175, train=1.031e+02, val=1.018e+02]
GNN flow training:  70%|███████   | 70/100 [07:05<02:59,  5.98s/epoch, best=1.018e+02, sign=0.173, train=1.018e+02, val=1.008e+02]
GNN flow training:  71%|███████   | 71/100 [07:05<02:54,  6.01s/epoch, best=1.018e+02, sign=0.173, train=1.018e+02, val=1.008e+02]
GNN flow training:  71%|███████   | 71/100 [07:11<02:54,  6.01s/epoch, best=1.008e+02, sign=0.172, train=1.009e+02, val=1.005e+02]
GNN flow training:  72%|███████▏  | 72/100 [07:11<02:47,  6.00s/epoch, best=1.008e+02, sign=0.172, train=1.009e+02, val=1.005e+02]
GNN flow training:  72%|███████▏  | 72/100 [07:17<02:47,  6.00s/epoch, best=1.005e+02, sign=0.171, train=1.005e+02, val=1.008e+02]
GNN flow training:  73%|███████▎  | 73/100 [07:17<02:41,  5.99s/epoch, best=1.005e+02, sign=0.171, train=1.005e+02, val=1.008e+02]
GNN flow training:  73%|███████▎  | 73/100 [07:23<02:41,  5.99s/epoch, best=1.005e+02, sign=0.170, train=1.008e+02, val=1.011e+02]
GNN flow training:  74%|███████▍  | 74/100 [07:23<02:35,  5.98s/epoch, best=1.005e+02, sign=0.170, train=1.008e+02, val=1.011e+02]
GNN flow training:  74%|███████▍  | 74/100 [07:29<02:35,  5.98s/epoch, best=1.005e+02, sign=0.167, train=1.011e+02, val=1.016e+02]
GNN flow training:  75%|███████▌  | 75/100 [07:29<02:28,  5.96s/epoch, best=1.005e+02, sign=0.167, train=1.011e+02, val=1.016e+02]
GNN flow training:  75%|███████▌  | 75/100 [07:35<02:28,  5.96s/epoch, best=1.005e+02, sign=0.165, train=1.016e+02, val=1.017e+02]
GNN flow training:  76%|███████▌  | 76/100 [07:35<02:22,  5.94s/epoch, best=1.005e+02, sign=0.165, train=1.016e+02, val=1.017e+02]
GNN flow training:  76%|███████▌  | 76/100 [07:41<02:22,  5.94s/epoch, best=1.005e+02, sign=0.169, train=1.017e+02, val=1.007e+02]
GNN flow training:  77%|███████▋  | 77/100 [07:41<02:16,  5.94s/epoch, best=1.005e+02, sign=0.169, train=1.017e+02, val=1.007e+02]
GNN flow training:  77%|███████▋  | 77/100 [07:47<02:16,  5.94s/epoch, best=1.005e+02, sign=0.169, train=1.008e+02, val=1.001e+02]
GNN flow training:  78%|███████▊  | 78/100 [07:47<02:10,  5.94s/epoch, best=1.005e+02, sign=0.169, train=1.008e+02, val=1.001e+02]
GNN flow training:  78%|███████▊  | 78/100 [07:53<02:10,  5.94s/epoch, best=1.001e+02, sign=0.170, train=1.001e+02, val=9.938e+01]
GNN flow training:  79%|███████▉  | 79/100 [07:53<02:04,  5.95s/epoch, best=1.001e+02, sign=0.170, train=1.001e+02, val=9.938e+01]
GNN flow training:  79%|███████▉  | 79/100 [07:59<02:04,  5.95s/epoch, best=9.938e+01, sign=0.173, train=9.939e+01, val=9.921e+01]
GNN flow training:  80%|████████  | 80/100 [07:59<01:59,  5.95s/epoch, best=9.938e+01, sign=0.173, train=9.939e+01, val=9.921e+01]
GNN flow training:  80%|████████  | 80/100 [08:05<01:59,  5.95s/epoch, best=9.921e+01, sign=0.174, train=9.922e+01, val=9.930e+01]
GNN flow training:  81%|████████  | 81/100 [08:05<01:52,  5.94s/epoch, best=9.921e+01, sign=0.174, train=9.922e+01, val=9.930e+01]
GNN flow training:  81%|████████  | 81/100 [08:11<01:52,  5.94s/epoch, best=9.921e+01, sign=0.176, train=9.931e+01, val=1.003e+02]
GNN flow training:  82%|████████▏ | 82/100 [08:11<01:46,  5.94s/epoch, best=9.921e+01, sign=0.176, train=9.931e+01, val=1.003e+02]
GNN flow training:  82%|████████▏ | 82/100 [08:16<01:46,  5.94s/epoch, best=9.921e+01, sign=0.177, train=1.003e+02, val=1.011e+02]
GNN flow training:  83%|████████▎ | 83/100 [08:16<01:40,  5.93s/epoch, best=9.921e+01, sign=0.177, train=1.003e+02, val=1.011e+02]
GNN flow training:  83%|████████▎ | 83/100 [08:22<01:40,  5.93s/epoch, best=9.921e+01, sign=0.176, train=1.012e+02, val=1.017e+02]
GNN flow training:  84%|████████▍ | 84/100 [08:22<01:35,  5.95s/epoch, best=9.921e+01, sign=0.176, train=1.012e+02, val=1.017e+02]
GNN flow training:  84%|████████▍ | 84/100 [08:28<01:35,  5.95s/epoch, best=9.921e+01, sign=0.177, train=1.017e+02, val=1.012e+02]
GNN flow training:  85%|████████▌ | 85/100 [08:28<01:29,  5.94s/epoch, best=9.921e+01, sign=0.177, train=1.017e+02, val=1.012e+02]
GNN flow training:  85%|████████▌ | 85/100 [08:34<01:29,  5.94s/epoch, best=9.921e+01, sign=0.177, train=1.012e+02, val=1.007e+02]
GNN flow training:  86%|████████▌ | 86/100 [08:34<01:23,  5.96s/epoch, best=9.921e+01, sign=0.177, train=1.012e+02, val=1.007e+02]
GNN flow training:  86%|████████▌ | 86/100 [08:40<01:23,  5.96s/epoch, best=9.921e+01, sign=0.177, train=1.007e+02, val=1.006e+02]
GNN flow training:  87%|████████▋ | 87/100 [08:40<01:17,  5.94s/epoch, best=9.921e+01, sign=0.177, train=1.007e+02, val=1.006e+02]
GNN flow training:  87%|████████▋ | 87/100 [08:46<01:17,  5.94s/epoch, best=9.921e+01, sign=0.177, train=1.006e+02, val=9.997e+01]
GNN flow training:  88%|████████▊ | 88/100 [08:46<01:11,  5.97s/epoch, best=9.921e+01, sign=0.177, train=1.006e+02, val=9.997e+01]
GNN flow training:  88%|████████▊ | 88/100 [08:52<01:11,  5.97s/epoch, best=9.921e+01, sign=0.178, train=9.999e+01, val=9.953e+01]
GNN flow training:  89%|████████▉ | 89/100 [08:52<01:05,  5.97s/epoch, best=9.921e+01, sign=0.178, train=9.999e+01, val=9.953e+01]
GNN flow training:  89%|████████▉ | 89/100 [08:58<01:05,  5.97s/epoch, best=9.921e+01, sign=0.177, train=9.954e+01, val=9.874e+01]
GNN flow training:  90%|█████████ | 90/100 [08:58<00:59,  5.97s/epoch, best=9.921e+01, sign=0.177, train=9.954e+01, val=9.874e+01]
GNN flow training:  90%|█████████ | 90/100 [09:04<00:59,  5.97s/epoch, best=9.874e+01, sign=0.177, train=9.875e+01, val=9.840e+01]
GNN flow training:  91%|█████████ | 91/100 [09:04<00:53,  5.99s/epoch, best=9.874e+01, sign=0.177, train=9.875e+01, val=9.840e+01]
GNN flow training:  91%|█████████ | 91/100 [09:10<00:53,  5.99s/epoch, best=9.840e+01, sign=0.177, train=9.842e+01, val=9.793e+01]
GNN flow training:  92%|█████████▏| 92/100 [09:10<00:47,  5.97s/epoch, best=9.840e+01, sign=0.177, train=9.842e+01, val=9.793e+01]
GNN flow training:  92%|█████████▏| 92/100 [09:16<00:47,  5.97s/epoch, best=9.793e+01, sign=0.179, train=9.795e+01, val=9.772e+01]
GNN flow training:  93%|█████████▎| 93/100 [09:16<00:41,  5.98s/epoch, best=9.793e+01, sign=0.179, train=9.795e+01, val=9.772e+01]
GNN flow training:  93%|█████████▎| 93/100 [09:22<00:41,  5.98s/epoch, best=9.772e+01, sign=0.180, train=9.774e+01, val=9.760e+01]
GNN flow training:  94%|█████████▍| 94/100 [09:22<00:35,  5.96s/epoch, best=9.772e+01, sign=0.180, train=9.774e+01, val=9.760e+01]
GNN flow training:  94%|█████████▍| 94/100 [09:28<00:35,  5.96s/epoch, best=9.760e+01, sign=0.182, train=9.761e+01, val=9.694e+01]
GNN flow training:  95%|█████████▌| 95/100 [09:28<00:29,  5.95s/epoch, best=9.760e+01, sign=0.182, train=9.761e+01, val=9.694e+01]
GNN flow training:  95%|█████████▌| 95/100 [09:34<00:29,  5.95s/epoch, best=9.694e+01, sign=0.183, train=9.695e+01, val=9.708e+01]
GNN flow training:  96%|█████████▌| 96/100 [09:34<00:23,  5.95s/epoch, best=9.694e+01, sign=0.183, train=9.695e+01, val=9.708e+01]
GNN flow training:  96%|█████████▌| 96/100 [09:40<00:23,  5.95s/epoch, best=9.694e+01, sign=0.183, train=9.709e+01, val=9.708e+01]
GNN flow training:  97%|█████████▋| 97/100 [09:40<00:17,  5.96s/epoch, best=9.694e+01, sign=0.183, train=9.709e+01, val=9.708e+01]
GNN flow training:  97%|█████████▋| 97/100 [09:46<00:17,  5.96s/epoch, best=9.694e+01, sign=0.183, train=9.709e+01, val=9.612e+01]
GNN flow training:  98%|█████████▊| 98/100 [09:46<00:11,  5.97s/epoch, best=9.694e+01, sign=0.183, train=9.709e+01, val=9.612e+01]
GNN flow training:  98%|█████████▊| 98/100 [09:52<00:11,  5.97s/epoch, best=9.612e+01, sign=0.184, train=9.613e+01, val=9.645e+01]
GNN flow training:  99%|█████████▉| 99/100 [09:52<00:05,  5.95s/epoch, best=9.612e+01, sign=0.184, train=9.613e+01, val=9.645e+01]
GNN flow training:  99%|█████████▉| 99/100 [09:58<00:05,  5.95s/epoch, best=9.612e+01, sign=0.187, train=9.646e+01, val=9.734e+01]
GNN flow training: 100%|██████████| 100/100 [09:58<00:00,  5.95s/epoch, best=9.612e+01, sign=0.187, train=9.646e+01, val=9.734e+01]
GNN flow training: 100%|██████████| 100/100 [09:58<00:00,  5.98s/epoch, best=9.612e+01, sign=0.187, train=9.646e+01, val=9.734e+01]
Resolved config snapshot:
{'preset': 'solver_QKB_outer_QKBdelta', 'gnn_outer_losses': {'flow': 1.0, 'kirchhoff': 10.0, 'boundary': 100.0, 'delta_l2': 1.0, 'delta_smooth': 0.0, 'pressure_shape': 0.0}, 'physics': {'arterial_flow_mode': 'dataset', 'pressure_constraints': ['equal-a-equal-v'], 'alpha_pa': None, 'use_snr_weights': True, 'use_observed_flow_snr_weighting': True, 'flow_scale_mode': 'median_abs', 'solver_device': 'same', 'pressure_solver_mode': 'reduced-soft-constrained-lstsq', 'pressure_solver_lambda_kirchhoff': 1.0, 'pressure_solver_lambda_pressure_constraints': 100.0, 'pressure_solver_lambda_flow_residual': 1.0, 'pressure_shape_reference': 'delta_zero_reference', 'pressure_detach': False}, 'correction_bounds': {'correction_min': -0.5, 'correction_max': 0.5, 'correction_bound': 0.5, 'correction_parameterization': 'tanh'}, 'optimization': {'learning_rate': 0.001, 'weight_decay': 0.0001, 'gradient_clip_norm': 5.0, 'optimizer': 'adamw', 'epochs': 100, 'patience': 40}}
Shard 26/80: 1 of 80 runs
Command: /mnt/home/sswee/miniforge3/envs/yolk-sac/bin/python /mnt/home/sswee/yolk/Yolk-Sac-Flow-Data-and-Sim/gnn_clean/scripts/python/gnn_flow.py /mnt/home/sswee/yolk/Yolk-Sac-Flow-Data-and-Sim/gnn_clean/datasets/mosaic_graph_canonical_harmonized/mosaic_graph_canonical_harmonized.gpickle --output-dir /mnt/home/sswee/yolk/Yolk-Sac-Flow-Data-and-Sim/gnn_clean/outputs_canonical/dc/02_physics_weight_sweep/gnn --run-name q_1__k_10__delta_1 --preset solver_QKB_outer_QKBdelta --device cuda --epochs 100 --seed 0 --viscosity-pa-s 0.0035 --config /mnt/home/sswee/yolk/Yolk-Sac-Flow-Data-and-Sim/gnn_clean/outputs_canonical/dc/02_physics_weight_sweep/_generated_configs/q_1__k_10__delta_1.yaml --no-pressure-detach
