
GNN flow training:   0%|          | 0/100 [00:00<?, ?epoch/s]
GNN flow training:   0%|          | 0/100 [00:04<?, ?epoch/s, best=9.087e+00, sign=0.289, train=9.550e+00, val=9.087e+00]
GNN flow training:   1%|          | 1/100 [00:04<07:35,  4.60s/epoch, best=9.087e+00, sign=0.289, train=9.550e+00, val=9.087e+00]
GNN flow training:   1%|          | 1/100 [00:09<07:35,  4.60s/epoch, best=9.087e+00, sign=0.288, train=9.495e+00, val=8.984e+00]
GNN flow training:   2%|▏         | 2/100 [00:09<07:25,  4.55s/epoch, best=9.087e+00, sign=0.288, train=9.495e+00, val=8.984e+00]
GNN flow training:   2%|▏         | 2/100 [00:13<07:25,  4.55s/epoch, best=8.984e+00, sign=0.285, train=9.399e+00, val=8.831e+00]
GNN flow training:   3%|▎         | 3/100 [00:13<07:20,  4.54s/epoch, best=8.984e+00, sign=0.285, train=9.399e+00, val=8.831e+00]
GNN flow training:   3%|▎         | 3/100 [00:18<07:20,  4.54s/epoch, best=8.831e+00, sign=0.280, train=9.259e+00, val=8.620e+00]
GNN flow training:   4%|▍         | 4/100 [00:18<07:14,  4.52s/epoch, best=8.831e+00, sign=0.280, train=9.259e+00, val=8.620e+00]
GNN flow training:   4%|▍         | 4/100 [00:22<07:14,  4.52s/epoch, best=8.620e+00, sign=0.273, train=9.066e+00, val=8.363e+00]
GNN flow training:   5%|▌         | 5/100 [00:22<07:08,  4.51s/epoch, best=8.620e+00, sign=0.273, train=9.066e+00, val=8.363e+00]
GNN flow training:   5%|▌         | 5/100 [00:27<07:08,  4.51s/epoch, best=8.363e+00, sign=0.268, train=8.832e+00, val=8.067e+00]
GNN flow training:   6%|▌         | 6/100 [00:27<07:04,  4.52s/epoch, best=8.363e+00, sign=0.268, train=8.832e+00, val=8.067e+00]
GNN flow training:   6%|▌         | 6/100 [00:31<07:04,  4.52s/epoch, best=8.067e+00, sign=0.260, train=8.566e+00, val=7.756e+00]
GNN flow training:   7%|▋         | 7/100 [00:31<06:59,  4.51s/epoch, best=8.067e+00, sign=0.260, train=8.566e+00, val=7.756e+00]
GNN flow training:   7%|▋         | 7/100 [00:36<06:59,  4.51s/epoch, best=7.756e+00, sign=0.250, train=8.290e+00, val=7.447e+00]
GNN flow training:   8%|▊         | 8/100 [00:36<06:53,  4.50s/epoch, best=7.756e+00, sign=0.250, train=8.290e+00, val=7.447e+00]
GNN flow training:   8%|▊         | 8/100 [00:40<06:53,  4.50s/epoch, best=7.447e+00, sign=0.241, train=8.022e+00, val=7.155e+00]
GNN flow training:   9%|▉         | 9/100 [00:40<06:47,  4.48s/epoch, best=7.447e+00, sign=0.241, train=8.022e+00, val=7.155e+00]
GNN flow training:   9%|▉         | 9/100 [00:45<06:47,  4.48s/epoch, best=7.155e+00, sign=0.229, train=7.777e+00, val=6.897e+00]
GNN flow training:  10%|█         | 10/100 [00:45<06:43,  4.48s/epoch, best=7.155e+00, sign=0.229, train=7.777e+00, val=6.897e+00]
GNN flow training:  10%|█         | 10/100 [00:49<06:43,  4.48s/epoch, best=6.897e+00, sign=0.215, train=7.567e+00, val=6.681e+00]
GNN flow training:  11%|█         | 11/100 [00:49<06:38,  4.48s/epoch, best=6.897e+00, sign=0.215, train=7.567e+00, val=6.681e+00]
GNN flow training:  11%|█         | 11/100 [00:54<06:38,  4.48s/epoch, best=6.681e+00, sign=0.206, train=7.391e+00, val=6.509e+00]
GNN flow training:  12%|█▏        | 12/100 [00:54<06:34,  4.48s/epoch, best=6.681e+00, sign=0.206, train=7.391e+00, val=6.509e+00]
GNN flow training:  12%|█▏        | 12/100 [00:58<06:34,  4.48s/epoch, best=6.509e+00, sign=0.197, train=7.241e+00, val=6.382e+00]
GNN flow training:  13%|█▎        | 13/100 [00:58<06:28,  4.47s/epoch, best=6.509e+00, sign=0.197, train=7.241e+00, val=6.382e+00]
GNN flow training:  13%|█▎        | 13/100 [01:02<06:28,  4.47s/epoch, best=6.382e+00, sign=0.192, train=7.102e+00, val=6.299e+00]
GNN flow training:  14%|█▍        | 14/100 [01:02<06:24,  4.47s/epoch, best=6.382e+00, sign=0.192, train=7.102e+00, val=6.299e+00]
GNN flow training:  14%|█▍        | 14/100 [01:07<06:24,  4.47s/epoch, best=6.299e+00, sign=0.190, train=6.953e+00, val=6.264e+00]
GNN flow training:  15%|█▌        | 15/100 [01:07<06:20,  4.47s/epoch, best=6.299e+00, sign=0.190, train=6.953e+00, val=6.264e+00]
GNN flow training:  15%|█▌        | 15/100 [01:11<06:20,  4.47s/epoch, best=6.264e+00, sign=0.190, train=6.790e+00, val=6.258e+00]
GNN flow training:  16%|█▌        | 16/100 [01:11<06:15,  4.47s/epoch, best=6.264e+00, sign=0.190, train=6.790e+00, val=6.258e+00]
GNN flow training:  16%|█▌        | 16/100 [01:16<06:15,  4.47s/epoch, best=6.258e+00, sign=0.192, train=6.627e+00, val=6.277e+00]
GNN flow training:  17%|█▋        | 17/100 [01:16<06:11,  4.48s/epoch, best=6.258e+00, sign=0.192, train=6.627e+00, val=6.277e+00]
GNN flow training:  17%|█▋        | 17/100 [01:20<06:11,  4.48s/epoch, best=6.258e+00, sign=0.194, train=6.474e+00, val=6.227e+00]
GNN flow training:  18%|█▊        | 18/100 [01:20<06:06,  4.47s/epoch, best=6.258e+00, sign=0.194, train=6.474e+00, val=6.227e+00]
GNN flow training:  18%|█▊        | 18/100 [01:25<06:06,  4.47s/epoch, best=6.227e+00, sign=0.195, train=6.303e+00, val=6.103e+00]
GNN flow training:  19%|█▉        | 19/100 [01:25<06:01,  4.46s/epoch, best=6.227e+00, sign=0.195, train=6.303e+00, val=6.103e+00]
GNN flow training:  19%|█▉        | 19/100 [01:29<06:01,  4.46s/epoch, best=6.103e+00, sign=0.198, train=6.117e+00, val=6.022e+00]
GNN flow training:  20%|██        | 20/100 [01:29<05:57,  4.47s/epoch, best=6.103e+00, sign=0.198, train=6.117e+00, val=6.022e+00]
GNN flow training:  20%|██        | 20/100 [01:34<05:57,  4.47s/epoch, best=6.022e+00, sign=0.198, train=5.964e+00, val=6.039e+00]
GNN flow training:  21%|██        | 21/100 [01:34<05:51,  4.45s/epoch, best=6.022e+00, sign=0.198, train=5.964e+00, val=6.039e+00]
GNN flow training:  21%|██        | 21/100 [01:38<05:51,  4.45s/epoch, best=6.022e+00, sign=0.201, train=5.839e+00, val=6.086e+00]
GNN flow training:  22%|██▏       | 22/100 [01:38<05:46,  4.44s/epoch, best=6.022e+00, sign=0.201, train=5.839e+00, val=6.086e+00]
GNN flow training:  22%|██▏       | 22/100 [01:42<05:46,  4.44s/epoch, best=6.022e+00, sign=0.203, train=5.727e+00, val=6.122e+00]
GNN flow training:  23%|██▎       | 23/100 [01:42<05:41,  4.43s/epoch, best=6.022e+00, sign=0.203, train=5.727e+00, val=6.122e+00]
GNN flow training:  23%|██▎       | 23/100 [01:47<05:41,  4.43s/epoch, best=6.022e+00, sign=0.205, train=5.642e+00, val=6.142e+00]
GNN flow training:  24%|██▍       | 24/100 [01:47<05:35,  4.41s/epoch, best=6.022e+00, sign=0.205, train=5.642e+00, val=6.142e+00]
GNN flow training:  24%|██▍       | 24/100 [01:51<05:35,  4.41s/epoch, best=6.022e+00, sign=0.207, train=5.564e+00, val=6.130e+00]
GNN flow training:  25%|██▌       | 25/100 [01:51<05:31,  4.42s/epoch, best=6.022e+00, sign=0.207, train=5.564e+00, val=6.130e+00]
GNN flow training:  25%|██▌       | 25/100 [01:56<05:31,  4.42s/epoch, best=6.022e+00, sign=0.207, train=5.481e+00, val=6.124e+00]
GNN flow training:  26%|██▌       | 26/100 [01:56<05:26,  4.42s/epoch, best=6.022e+00, sign=0.207, train=5.481e+00, val=6.124e+00]
GNN flow training:  26%|██▌       | 26/100 [02:00<05:26,  4.42s/epoch, best=6.022e+00, sign=0.210, train=5.439e+00, val=6.140e+00]
GNN flow training:  27%|██▋       | 27/100 [02:00<05:21,  4.40s/epoch, best=6.022e+00, sign=0.210, train=5.439e+00, val=6.140e+00]
GNN flow training:  27%|██▋       | 27/100 [02:04<05:21,  4.40s/epoch, best=6.022e+00, sign=0.211, train=5.413e+00, val=6.144e+00]
GNN flow training:  28%|██▊       | 28/100 [02:04<05:17,  4.41s/epoch, best=6.022e+00, sign=0.211, train=5.413e+00, val=6.144e+00]
GNN flow training:  28%|██▊       | 28/100 [02:09<05:17,  4.41s/epoch, best=6.022e+00, sign=0.210, train=5.384e+00, val=6.151e+00]
GNN flow training:  29%|██▉       | 29/100 [02:09<05:13,  4.42s/epoch, best=6.022e+00, sign=0.210, train=5.384e+00, val=6.151e+00]
GNN flow training:  29%|██▉       | 29/100 [02:13<05:13,  4.42s/epoch, best=6.022e+00, sign=0.212, train=5.347e+00, val=5.942e+00]
GNN flow training:  30%|███       | 30/100 [02:13<05:08,  4.41s/epoch, best=6.022e+00, sign=0.212, train=5.347e+00, val=5.942e+00]
GNN flow training:  30%|███       | 30/100 [02:18<05:08,  4.41s/epoch, best=5.942e+00, sign=0.215, train=5.392e+00, val=6.105e+00]
GNN flow training:  31%|███       | 31/100 [02:18<05:04,  4.41s/epoch, best=5.942e+00, sign=0.215, train=5.392e+00, val=6.105e+00]
GNN flow training:  31%|███       | 31/100 [02:22<05:04,  4.41s/epoch, best=5.942e+00, sign=0.213, train=5.374e+00, val=6.079e+00]
GNN flow training:  32%|███▏      | 32/100 [02:22<04:59,  4.40s/epoch, best=5.942e+00, sign=0.213, train=5.374e+00, val=6.079e+00]
GNN flow training:  32%|███▏      | 32/100 [02:27<04:59,  4.40s/epoch, best=5.942e+00, sign=0.210, train=5.302e+00, val=5.800e+00]
GNN flow training:  33%|███▎      | 33/100 [02:27<04:55,  4.41s/epoch, best=5.942e+00, sign=0.210, train=5.302e+00, val=5.800e+00]
GNN flow training:  33%|███▎      | 33/100 [02:31<04:55,  4.41s/epoch, best=5.800e+00, sign=0.210, train=5.295e+00, val=5.847e+00]
GNN flow training:  34%|███▍      | 34/100 [02:31<04:51,  4.42s/epoch, best=5.800e+00, sign=0.210, train=5.295e+00, val=5.847e+00]
GNN flow training:  34%|███▍      | 34/100 [02:35<04:51,  4.42s/epoch, best=5.800e+00, sign=0.213, train=5.232e+00, val=5.849e+00]
GNN flow training:  35%|███▌      | 35/100 [02:35<04:47,  4.42s/epoch, best=5.800e+00, sign=0.213, train=5.232e+00, val=5.849e+00]
GNN flow training:  35%|███▌      | 35/100 [02:40<04:47,  4.42s/epoch, best=5.800e+00, sign=0.212, train=5.212e+00, val=5.831e+00]
GNN flow training:  36%|███▌      | 36/100 [02:40<04:43,  4.42s/epoch, best=5.800e+00, sign=0.212, train=5.212e+00, val=5.831e+00]
GNN flow training:  36%|███▌      | 36/100 [02:44<04:43,  4.42s/epoch, best=5.800e+00, sign=0.210, train=5.205e+00, val=5.769e+00]
GNN flow training:  37%|███▋      | 37/100 [02:44<04:38,  4.42s/epoch, best=5.800e+00, sign=0.210, train=5.205e+00, val=5.769e+00]
GNN flow training:  37%|███▋      | 37/100 [02:49<04:38,  4.42s/epoch, best=5.769e+00, sign=0.208, train=5.136e+00, val=5.530e+00]
GNN flow training:  38%|███▊      | 38/100 [02:49<04:34,  4.42s/epoch, best=5.769e+00, sign=0.208, train=5.136e+00, val=5.530e+00]
GNN flow training:  38%|███▊      | 38/100 [02:53<04:34,  4.42s/epoch, best=5.530e+00, sign=0.204, train=5.110e+00, val=5.317e+00]
GNN flow training:  39%|███▉      | 39/100 [02:53<04:29,  4.42s/epoch, best=5.530e+00, sign=0.204, train=5.110e+00, val=5.317e+00]
GNN flow training:  39%|███▉      | 39/100 [02:58<04:29,  4.42s/epoch, best=5.317e+00, sign=0.204, train=5.143e+00, val=5.306e+00]
GNN flow training:  40%|████      | 40/100 [02:58<04:25,  4.42s/epoch, best=5.317e+00, sign=0.204, train=5.143e+00, val=5.306e+00]
GNN flow training:  40%|████      | 40/100 [03:02<04:25,  4.42s/epoch, best=5.306e+00, sign=0.209, train=5.124e+00, val=5.395e+00]
GNN flow training:  41%|████      | 41/100 [03:02<04:21,  4.43s/epoch, best=5.306e+00, sign=0.209, train=5.124e+00, val=5.395e+00]
GNN flow training:  41%|████      | 41/100 [03:06<04:21,  4.43s/epoch, best=5.306e+00, sign=0.210, train=5.089e+00, val=5.573e+00]
GNN flow training:  42%|████▏     | 42/100 [03:06<04:16,  4.43s/epoch, best=5.306e+00, sign=0.210, train=5.089e+00, val=5.573e+00]
GNN flow training:  42%|████▏     | 42/100 [03:11<04:16,  4.43s/epoch, best=5.306e+00, sign=0.210, train=5.097e+00, val=5.735e+00]
GNN flow training:  43%|████▎     | 43/100 [03:11<04:12,  4.42s/epoch, best=5.306e+00, sign=0.210, train=5.097e+00, val=5.735e+00]
GNN flow training:  43%|████▎     | 43/100 [03:15<04:12,  4.42s/epoch, best=5.306e+00, sign=0.209, train=5.093e+00, val=5.690e+00]
GNN flow training:  44%|████▍     | 44/100 [03:15<04:07,  4.42s/epoch, best=5.306e+00, sign=0.209, train=5.093e+00, val=5.690e+00]
GNN flow training:  44%|████▍     | 44/100 [03:20<04:07,  4.42s/epoch, best=5.306e+00, sign=0.206, train=5.065e+00, val=5.491e+00]
GNN flow training:  45%|████▌     | 45/100 [03:20<04:03,  4.42s/epoch, best=5.306e+00, sign=0.206, train=5.065e+00, val=5.491e+00]
GNN flow training:  45%|████▌     | 45/100 [03:24<04:03,  4.42s/epoch, best=5.306e+00, sign=0.203, train=5.044e+00, val=5.497e+00]
GNN flow training:  46%|████▌     | 46/100 [03:24<03:59,  4.43s/epoch, best=5.306e+00, sign=0.203, train=5.044e+00, val=5.497e+00]
GNN flow training:  46%|████▌     | 46/100 [03:28<03:59,  4.43s/epoch, best=5.306e+00, sign=0.206, train=5.040e+00, val=5.575e+00]
GNN flow training:  47%|████▋     | 47/100 [03:28<03:54,  4.42s/epoch, best=5.306e+00, sign=0.206, train=5.040e+00, val=5.575e+00]
GNN flow training:  47%|████▋     | 47/100 [03:33<03:54,  4.42s/epoch, best=5.306e+00, sign=0.201, train=5.041e+00, val=5.448e+00]
GNN flow training:  48%|████▊     | 48/100 [03:33<03:49,  4.42s/epoch, best=5.306e+00, sign=0.201, train=5.041e+00, val=5.448e+00]
GNN flow training:  48%|████▊     | 48/100 [03:37<03:49,  4.42s/epoch, best=5.306e+00, sign=0.203, train=5.044e+00, val=5.479e+00]
GNN flow training:  49%|████▉     | 49/100 [03:37<03:44,  4.41s/epoch, best=5.306e+00, sign=0.203, train=5.044e+00, val=5.479e+00]
GNN flow training:  49%|████▉     | 49/100 [03:42<03:44,  4.41s/epoch, best=5.306e+00, sign=0.207, train=5.028e+00, val=5.588e+00]
GNN flow training:  50%|█████     | 50/100 [03:42<03:40,  4.40s/epoch, best=5.306e+00, sign=0.207, train=5.028e+00, val=5.588e+00]
GNN flow training:  50%|█████     | 50/100 [03:46<03:40,  4.40s/epoch, best=5.306e+00, sign=0.205, train=5.029e+00, val=5.496e+00]
GNN flow training:  51%|█████     | 51/100 [03:46<03:35,  4.40s/epoch, best=5.306e+00, sign=0.205, train=5.029e+00, val=5.496e+00]
GNN flow training:  51%|█████     | 51/100 [03:50<03:35,  4.40s/epoch, best=5.306e+00, sign=0.206, train=5.019e+00, val=5.470e+00]
GNN flow training:  52%|█████▏    | 52/100 [03:50<03:31,  4.40s/epoch, best=5.306e+00, sign=0.206, train=5.019e+00, val=5.470e+00]
GNN flow training:  52%|█████▏    | 52/100 [03:55<03:31,  4.40s/epoch, best=5.306e+00, sign=0.207, train=5.006e+00, val=5.478e+00]
GNN flow training:  53%|█████▎    | 53/100 [03:55<03:27,  4.41s/epoch, best=5.306e+00, sign=0.207, train=5.006e+00, val=5.478e+00]
GNN flow training:  53%|█████▎    | 53/100 [03:59<03:27,  4.41s/epoch, best=5.306e+00, sign=0.207, train=4.985e+00, val=5.481e+00]
GNN flow training:  54%|█████▍    | 54/100 [03:59<03:22,  4.39s/epoch, best=5.306e+00, sign=0.207, train=4.985e+00, val=5.481e+00]
GNN flow training:  54%|█████▍    | 54/100 [04:04<03:22,  4.39s/epoch, best=5.306e+00, sign=0.207, train=4.984e+00, val=5.452e+00]
GNN flow training:  55%|█████▌    | 55/100 [04:04<03:17,  4.40s/epoch, best=5.306e+00, sign=0.207, train=4.984e+00, val=5.452e+00]
GNN flow training:  55%|█████▌    | 55/100 [04:08<03:17,  4.40s/epoch, best=5.306e+00, sign=0.207, train=5.010e+00, val=5.477e+00]
GNN flow training:  56%|█████▌    | 56/100 [04:08<03:13,  4.40s/epoch, best=5.306e+00, sign=0.207, train=5.010e+00, val=5.477e+00]
GNN flow training:  56%|█████▌    | 56/100 [04:12<03:13,  4.40s/epoch, best=5.306e+00, sign=0.207, train=4.994e+00, val=5.517e+00]
GNN flow training:  57%|█████▋    | 57/100 [04:12<03:08,  4.38s/epoch, best=5.306e+00, sign=0.207, train=4.994e+00, val=5.517e+00]
GNN flow training:  57%|█████▋    | 57/100 [04:17<03:08,  4.38s/epoch, best=5.306e+00, sign=0.207, train=5.017e+00, val=5.547e+00]
GNN flow training:  58%|█████▊    | 58/100 [04:17<03:04,  4.40s/epoch, best=5.306e+00, sign=0.207, train=5.017e+00, val=5.547e+00]
GNN flow training:  58%|█████▊    | 58/100 [04:21<03:04,  4.40s/epoch, best=5.306e+00, sign=0.207, train=5.025e+00, val=5.497e+00]
GNN flow training:  59%|█████▉    | 59/100 [04:21<03:00,  4.40s/epoch, best=5.306e+00, sign=0.207, train=5.025e+00, val=5.497e+00]
GNN flow training:  59%|█████▉    | 59/100 [04:26<03:00,  4.40s/epoch, best=5.306e+00, sign=0.206, train=5.013e+00, val=5.519e+00]
GNN flow training:  60%|██████    | 60/100 [04:26<02:55,  4.38s/epoch, best=5.306e+00, sign=0.206, train=5.013e+00, val=5.519e+00]
GNN flow training:  60%|██████    | 60/100 [04:30<02:55,  4.38s/epoch, best=5.306e+00, sign=0.205, train=5.010e+00, val=5.481e+00]
GNN flow training:  61%|██████    | 61/100 [04:30<02:51,  4.39s/epoch, best=5.306e+00, sign=0.205, train=5.010e+00, val=5.481e+00]
GNN flow training:  61%|██████    | 61/100 [04:34<02:51,  4.39s/epoch, best=5.306e+00, sign=0.207, train=5.034e+00, val=5.527e+00]
GNN flow training:  62%|██████▏   | 62/100 [04:34<02:47,  4.40s/epoch, best=5.306e+00, sign=0.207, train=5.034e+00, val=5.527e+00]
GNN flow training:  62%|██████▏   | 62/100 [04:39<02:47,  4.40s/epoch, best=5.306e+00, sign=0.208, train=5.010e+00, val=5.504e+00]
GNN flow training:  63%|██████▎   | 63/100 [04:39<02:43,  4.41s/epoch, best=5.306e+00, sign=0.208, train=5.010e+00, val=5.504e+00]
GNN flow training:  63%|██████▎   | 63/100 [04:43<02:43,  4.41s/epoch, best=5.306e+00, sign=0.209, train=4.996e+00, val=5.502e+00]
GNN flow training:  64%|██████▍   | 64/100 [04:43<02:37,  4.39s/epoch, best=5.306e+00, sign=0.209, train=4.996e+00, val=5.502e+00]
GNN flow training:  64%|██████▍   | 64/100 [04:48<02:37,  4.39s/epoch, best=5.306e+00, sign=0.210, train=5.003e+00, val=5.514e+00]
GNN flow training:  65%|██████▌   | 65/100 [04:48<02:33,  4.39s/epoch, best=5.306e+00, sign=0.210, train=5.003e+00, val=5.514e+00]
GNN flow training:  65%|██████▌   | 65/100 [04:52<02:33,  4.39s/epoch, best=5.306e+00, sign=0.209, train=5.008e+00, val=5.500e+00]
GNN flow training:  66%|██████▌   | 66/100 [04:52<02:29,  4.39s/epoch, best=5.306e+00, sign=0.209, train=5.008e+00, val=5.500e+00]
GNN flow training:  66%|██████▌   | 66/100 [04:56<02:29,  4.39s/epoch, best=5.306e+00, sign=0.208, train=4.984e+00, val=5.474e+00]
GNN flow training:  67%|██████▋   | 67/100 [04:56<02:25,  4.42s/epoch, best=5.306e+00, sign=0.208, train=4.984e+00, val=5.474e+00]
GNN flow training:  67%|██████▋   | 67/100 [05:01<02:25,  4.42s/epoch, best=5.306e+00, sign=0.210, train=5.002e+00, val=5.489e+00]
GNN flow training:  68%|██████▊   | 68/100 [05:01<02:21,  4.41s/epoch, best=5.306e+00, sign=0.210, train=5.002e+00, val=5.489e+00]
GNN flow training:  68%|██████▊   | 68/100 [05:05<02:21,  4.41s/epoch, best=5.306e+00, sign=0.209, train=4.972e+00, val=5.492e+00]
GNN flow training:  69%|██████▉   | 69/100 [05:05<02:17,  4.42s/epoch, best=5.306e+00, sign=0.209, train=4.972e+00, val=5.492e+00]
GNN flow training:  69%|██████▉   | 69/100 [05:10<02:17,  4.42s/epoch, best=5.306e+00, sign=0.210, train=4.976e+00, val=5.525e+00]
GNN flow training:  70%|███████   | 70/100 [05:10<02:12,  4.42s/epoch, best=5.306e+00, sign=0.210, train=4.976e+00, val=5.525e+00]
GNN flow training:  70%|███████   | 70/100 [05:14<02:12,  4.42s/epoch, best=5.306e+00, sign=0.209, train=4.985e+00, val=5.535e+00]
GNN flow training:  71%|███████   | 71/100 [05:14<02:08,  4.42s/epoch, best=5.306e+00, sign=0.209, train=4.985e+00, val=5.535e+00]
GNN flow training:  71%|███████   | 71/100 [05:19<02:08,  4.42s/epoch, best=5.306e+00, sign=0.210, train=4.988e+00, val=5.504e+00]
GNN flow training:  72%|███████▏  | 72/100 [05:19<02:03,  4.43s/epoch, best=5.306e+00, sign=0.210, train=4.988e+00, val=5.504e+00]
GNN flow training:  72%|███████▏  | 72/100 [05:23<02:03,  4.43s/epoch, best=5.306e+00, sign=0.209, train=4.978e+00, val=5.487e+00]
GNN flow training:  73%|███████▎  | 73/100 [05:23<01:59,  4.42s/epoch, best=5.306e+00, sign=0.209, train=4.978e+00, val=5.487e+00]
GNN flow training:  73%|███████▎  | 73/100 [05:27<01:59,  4.42s/epoch, best=5.306e+00, sign=0.210, train=4.967e+00, val=5.460e+00]
GNN flow training:  74%|███████▍  | 74/100 [05:27<01:54,  4.41s/epoch, best=5.306e+00, sign=0.210, train=4.967e+00, val=5.460e+00]
GNN flow training:  74%|███████▍  | 74/100 [05:32<01:54,  4.41s/epoch, best=5.306e+00, sign=0.210, train=4.990e+00, val=5.500e+00]
GNN flow training:  75%|███████▌  | 75/100 [05:32<01:50,  4.43s/epoch, best=5.306e+00, sign=0.210, train=4.990e+00, val=5.500e+00]
GNN flow training:  75%|███████▌  | 75/100 [05:36<01:50,  4.43s/epoch, best=5.306e+00, sign=0.210, train=4.972e+00, val=5.542e+00]
GNN flow training:  76%|███████▌  | 76/100 [05:36<01:46,  4.43s/epoch, best=5.306e+00, sign=0.210, train=4.972e+00, val=5.542e+00]
GNN flow training:  76%|███████▌  | 76/100 [05:41<01:46,  4.43s/epoch, best=5.306e+00, sign=0.210, train=4.996e+00, val=5.516e+00]
GNN flow training:  77%|███████▋  | 77/100 [05:41<01:41,  4.43s/epoch, best=5.306e+00, sign=0.210, train=4.996e+00, val=5.516e+00]
GNN flow training:  77%|███████▋  | 77/100 [05:45<01:41,  4.43s/epoch, best=5.306e+00, sign=0.209, train=4.990e+00, val=5.499e+00]
GNN flow training:  78%|███████▊  | 78/100 [05:45<01:37,  4.42s/epoch, best=5.306e+00, sign=0.209, train=4.990e+00, val=5.499e+00]
GNN flow training:  78%|███████▊  | 78/100 [05:50<01:37,  4.42s/epoch, best=5.306e+00, sign=0.210, train=4.968e+00, val=5.511e+00]
GNN flow training:  79%|███████▉  | 79/100 [05:50<01:32,  4.42s/epoch, best=5.306e+00, sign=0.210, train=4.968e+00, val=5.511e+00]
GNN flow training:  79%|███████▉  | 79/100 [05:54<01:32,  4.42s/epoch, best=5.306e+00, sign=0.210, train=4.992e+00, val=5.493e+00]
GNN flow training:  80%|████████  | 80/100 [05:54<01:28,  4.43s/epoch, best=5.306e+00, sign=0.210, train=4.992e+00, val=5.493e+00]
                                                                                                                                  

GNN flow training:  80%|████████  | 80/100 [05:54<01:28,  4.43s/epoch, best=5.306e+00, sign=0.210, train=4.992e+00, val=5.493e+00]
GNN flow training:  80%|████████  | 80/100 [05:54<01:28,  4.43s/epoch, best=5.306e+00, sign=0.210, train=4.992e+00, val=5.493e+00]

GNN flow training:   0%|          | 0/100 [00:00<?, ?epoch/s]
GNN flow training:   0%|          | 0/100 [00:04<?, ?epoch/s, best=1.399e+03, sign=0.290, train=1.399e+03, val=1.399e+03]
GNN flow training:   1%|          | 1/100 [00:04<07:35,  4.60s/epoch, best=1.399e+03, sign=0.290, train=1.399e+03, val=1.399e+03]
GNN flow training:   1%|          | 1/100 [00:09<07:35,  4.60s/epoch, best=1.399e+03, sign=0.289, train=1.399e+03, val=1.399e+03]
GNN flow training:   2%|▏         | 2/100 [00:09<07:25,  4.55s/epoch, best=1.399e+03, sign=0.289, train=1.399e+03, val=1.399e+03]
GNN flow training:   2%|▏         | 2/100 [00:13<07:25,  4.55s/epoch, best=1.399e+03, sign=0.288, train=1.399e+03, val=1.400e+03]
GNN flow training:   3%|▎         | 3/100 [00:13<07:18,  4.52s/epoch, best=1.399e+03, sign=0.288, train=1.399e+03, val=1.400e+03]
GNN flow training:   3%|▎         | 3/100 [00:18<07:18,  4.52s/epoch, best=1.399e+03, sign=0.286, train=1.400e+03, val=1.398e+03]
GNN flow training:   4%|▍         | 4/100 [00:18<07:11,  4.50s/epoch, best=1.399e+03, sign=0.286, train=1.400e+03, val=1.398e+03]
GNN flow training:   4%|▍         | 4/100 [00:22<07:11,  4.50s/epoch, best=1.398e+03, sign=0.286, train=1.398e+03, val=1.392e+03]
GNN flow training:   5%|▌         | 5/100 [00:22<07:06,  4.49s/epoch, best=1.398e+03, sign=0.286, train=1.398e+03, val=1.392e+03]
GNN flow training:   5%|▌         | 5/100 [00:27<07:06,  4.49s/epoch, best=1.392e+03, sign=0.286, train=1.392e+03, val=1.389e+03]
GNN flow training:   6%|▌         | 6/100 [00:27<07:01,  4.48s/epoch, best=1.392e+03, sign=0.286, train=1.392e+03, val=1.389e+03]
GNN flow training:   6%|▌         | 6/100 [00:31<07:01,  4.48s/epoch, best=1.389e+03, sign=0.285, train=1.389e+03, val=1.386e+03]
GNN flow training:   7%|▋         | 7/100 [00:31<06:58,  4.50s/epoch, best=1.389e+03, sign=0.285, train=1.389e+03, val=1.386e+03]
GNN flow training:   7%|▋         | 7/100 [00:36<06:58,  4.50s/epoch, best=1.386e+03, sign=0.285, train=1.386e+03, val=1.385e+03]
GNN flow training:   8%|▊         | 8/100 [00:36<06:54,  4.51s/epoch, best=1.386e+03, sign=0.285, train=1.386e+03, val=1.385e+03]
GNN flow training:   8%|▊         | 8/100 [00:40<06:54,  4.51s/epoch, best=1.385e+03, sign=0.285, train=1.386e+03, val=1.380e+03]
GNN flow training:   9%|▉         | 9/100 [00:40<06:49,  4.50s/epoch, best=1.385e+03, sign=0.285, train=1.386e+03, val=1.380e+03]
GNN flow training:   9%|▉         | 9/100 [00:45<06:49,  4.50s/epoch, best=1.380e+03, sign=0.283, train=1.380e+03, val=1.376e+03]
GNN flow training:  10%|█         | 10/100 [00:45<06:44,  4.50s/epoch, best=1.380e+03, sign=0.283, train=1.380e+03, val=1.376e+03]
GNN flow training:  10%|█         | 10/100 [00:49<06:44,  4.50s/epoch, best=1.376e+03, sign=0.282, train=1.376e+03, val=1.376e+03]
GNN flow training:  11%|█         | 11/100 [00:49<06:42,  4.52s/epoch, best=1.376e+03, sign=0.282, train=1.376e+03, val=1.376e+03]
GNN flow training:  11%|█         | 11/100 [00:54<06:42,  4.52s/epoch, best=1.376e+03, sign=0.280, train=1.376e+03, val=1.375e+03]
GNN flow training:  12%|█▏        | 12/100 [00:54<06:36,  4.50s/epoch, best=1.376e+03, sign=0.280, train=1.376e+03, val=1.375e+03]
GNN flow training:  12%|█▏        | 12/100 [00:58<06:36,  4.50s/epoch, best=1.375e+03, sign=0.280, train=1.375e+03, val=1.370e+03]
GNN flow training:  13%|█▎        | 13/100 [00:58<06:30,  4.49s/epoch, best=1.375e+03, sign=0.280, train=1.375e+03, val=1.370e+03]
GNN flow training:  13%|█▎        | 13/100 [01:03<06:30,  4.49s/epoch, best=1.370e+03, sign=0.278, train=1.370e+03, val=1.360e+03]
GNN flow training:  14%|█▍        | 14/100 [01:03<06:25,  4.49s/epoch, best=1.370e+03, sign=0.278, train=1.370e+03, val=1.360e+03]
GNN flow training:  14%|█▍        | 14/100 [01:07<06:25,  4.49s/epoch, best=1.360e+03, sign=0.277, train=1.360e+03, val=1.354e+03]
GNN flow training:  15%|█▌        | 15/100 [01:07<06:22,  4.50s/epoch, best=1.360e+03, sign=0.277, train=1.360e+03, val=1.354e+03]
GNN flow training:  15%|█▌        | 15/100 [01:12<06:22,  4.50s/epoch, best=1.354e+03, sign=0.276, train=1.355e+03, val=1.351e+03]
GNN flow training:  16%|█▌        | 16/100 [01:12<06:17,  4.49s/epoch, best=1.354e+03, sign=0.276, train=1.355e+03, val=1.351e+03]
GNN flow training:  16%|█▌        | 16/100 [01:16<06:17,  4.49s/epoch, best=1.351e+03, sign=0.274, train=1.351e+03, val=1.350e+03]
GNN flow training:  17%|█▋        | 17/100 [01:16<06:12,  4.49s/epoch, best=1.351e+03, sign=0.274, train=1.351e+03, val=1.350e+03]
GNN flow training:  17%|█▋        | 17/100 [01:21<06:12,  4.49s/epoch, best=1.350e+03, sign=0.272, train=1.350e+03, val=1.341e+03]
GNN flow training:  18%|█▊        | 18/100 [01:21<06:08,  4.49s/epoch, best=1.350e+03, sign=0.272, train=1.350e+03, val=1.341e+03]
GNN flow training:  18%|█▊        | 18/100 [01:25<06:08,  4.49s/epoch, best=1.341e+03, sign=0.269, train=1.341e+03, val=1.339e+03]
GNN flow training:  19%|█▉        | 19/100 [01:25<06:04,  4.50s/epoch, best=1.341e+03, sign=0.269, train=1.341e+03, val=1.339e+03]
GNN flow training:  19%|█▉        | 19/100 [01:29<06:04,  4.50s/epoch, best=1.339e+03, sign=0.267, train=1.339e+03, val=1.331e+03]
GNN flow training:  20%|██        | 20/100 [01:29<05:59,  4.49s/epoch, best=1.339e+03, sign=0.267, train=1.339e+03, val=1.331e+03]
GNN flow training:  20%|██        | 20/100 [01:34<05:59,  4.49s/epoch, best=1.331e+03, sign=0.265, train=1.331e+03, val=1.324e+03]
GNN flow training:  21%|██        | 21/100 [01:34<05:54,  4.49s/epoch, best=1.331e+03, sign=0.265, train=1.331e+03, val=1.324e+03]
GNN flow training:  21%|██        | 21/100 [01:38<05:54,  4.49s/epoch, best=1.324e+03, sign=0.263, train=1.324e+03, val=1.306e+03]
GNN flow training:  22%|██▏       | 22/100 [01:38<05:49,  4.48s/epoch, best=1.324e+03, sign=0.263, train=1.324e+03, val=1.306e+03]
GNN flow training:  22%|██▏       | 22/100 [01:43<05:49,  4.48s/epoch, best=1.306e+03, sign=0.262, train=1.306e+03, val=1.306e+03]
GNN flow training:  23%|██▎       | 23/100 [01:43<05:46,  4.50s/epoch, best=1.306e+03, sign=0.262, train=1.306e+03, val=1.306e+03]
GNN flow training:  23%|██▎       | 23/100 [01:47<05:46,  4.50s/epoch, best=1.306e+03, sign=0.260, train=1.306e+03, val=1.305e+03]
GNN flow training:  24%|██▍       | 24/100 [01:47<05:41,  4.49s/epoch, best=1.306e+03, sign=0.260, train=1.306e+03, val=1.305e+03]
GNN flow training:  24%|██▍       | 24/100 [01:52<05:41,  4.49s/epoch, best=1.305e+03, sign=0.259, train=1.305e+03, val=1.300e+03]
GNN flow training:  25%|██▌       | 25/100 [01:52<05:35,  4.48s/epoch, best=1.305e+03, sign=0.259, train=1.305e+03, val=1.300e+03]
GNN flow training:  25%|██▌       | 25/100 [01:56<05:35,  4.48s/epoch, best=1.300e+03, sign=0.256, train=1.300e+03, val=1.290e+03]
GNN flow training:  26%|██▌       | 26/100 [01:56<05:30,  4.47s/epoch, best=1.300e+03, sign=0.256, train=1.300e+03, val=1.290e+03]
GNN flow training:  26%|██▌       | 26/100 [02:01<05:30,  4.47s/epoch, best=1.290e+03, sign=0.254, train=1.290e+03, val=1.276e+03]
GNN flow training:  27%|██▋       | 27/100 [02:01<05:26,  4.48s/epoch, best=1.290e+03, sign=0.254, train=1.290e+03, val=1.276e+03]
GNN flow training:  27%|██▋       | 27/100 [02:05<05:26,  4.48s/epoch, best=1.276e+03, sign=0.251, train=1.276e+03, val=1.267e+03]
GNN flow training:  28%|██▊       | 28/100 [02:05<05:21,  4.47s/epoch, best=1.276e+03, sign=0.251, train=1.276e+03, val=1.267e+03]
GNN flow training:  28%|██▊       | 28/100 [02:10<05:21,  4.47s/epoch, best=1.267e+03, sign=0.249, train=1.267e+03, val=1.254e+03]
GNN flow training:  29%|██▉       | 29/100 [02:10<05:17,  4.47s/epoch, best=1.267e+03, sign=0.249, train=1.267e+03, val=1.254e+03]
GNN flow training:  29%|██▉       | 29/100 [02:14<05:17,  4.47s/epoch, best=1.254e+03, sign=0.246, train=1.254e+03, val=1.237e+03]
GNN flow training:  30%|███       | 30/100 [02:14<05:13,  4.48s/epoch, best=1.254e+03, sign=0.246, train=1.254e+03, val=1.237e+03]
GNN flow training:  30%|███       | 30/100 [02:19<05:13,  4.48s/epoch, best=1.237e+03, sign=0.243, train=1.237e+03, val=1.234e+03]
GNN flow training:  31%|███       | 31/100 [02:19<05:08,  4.48s/epoch, best=1.237e+03, sign=0.243, train=1.237e+03, val=1.234e+03]
GNN flow training:  31%|███       | 31/100 [02:23<05:08,  4.48s/epoch, best=1.234e+03, sign=0.240, train=1.234e+03, val=1.226e+03]
GNN flow training:  32%|███▏      | 32/100 [02:23<05:04,  4.48s/epoch, best=1.234e+03, sign=0.240, train=1.234e+03, val=1.226e+03]
GNN flow training:  32%|███▏      | 32/100 [02:28<05:04,  4.48s/epoch, best=1.226e+03, sign=0.234, train=1.226e+03, val=1.212e+03]
GNN flow training:  33%|███▎      | 33/100 [02:28<05:00,  4.48s/epoch, best=1.226e+03, sign=0.234, train=1.226e+03, val=1.212e+03]
GNN flow training:  33%|███▎      | 33/100 [02:32<05:00,  4.48s/epoch, best=1.212e+03, sign=0.230, train=1.212e+03, val=1.221e+03]
GNN flow training:  34%|███▍      | 34/100 [02:32<04:56,  4.49s/epoch, best=1.212e+03, sign=0.230, train=1.212e+03, val=1.221e+03]
GNN flow training:  34%|███▍      | 34/100 [02:37<04:56,  4.49s/epoch, best=1.212e+03, sign=0.225, train=1.221e+03, val=1.219e+03]
GNN flow training:  35%|███▌      | 35/100 [02:37<04:51,  4.48s/epoch, best=1.212e+03, sign=0.225, train=1.221e+03, val=1.219e+03]
GNN flow training:  35%|███▌      | 35/100 [02:41<04:51,  4.48s/epoch, best=1.212e+03, sign=0.220, train=1.219e+03, val=1.212e+03]
GNN flow training:  36%|███▌      | 36/100 [02:41<04:46,  4.48s/epoch, best=1.212e+03, sign=0.220, train=1.219e+03, val=1.212e+03]
GNN flow training:  36%|███▌      | 36/100 [02:46<04:46,  4.48s/epoch, best=1.212e+03, sign=0.216, train=1.212e+03, val=1.195e+03]
GNN flow training:  37%|███▋      | 37/100 [02:46<04:41,  4.47s/epoch, best=1.212e+03, sign=0.216, train=1.212e+03, val=1.195e+03]
GNN flow training:  37%|███▋      | 37/100 [02:50<04:41,  4.47s/epoch, best=1.195e+03, sign=0.209, train=1.195e+03, val=1.186e+03]
GNN flow training:  38%|███▊      | 38/100 [02:50<04:35,  4.45s/epoch, best=1.195e+03, sign=0.209, train=1.195e+03, val=1.186e+03]
GNN flow training:  38%|███▊      | 38/100 [02:54<04:35,  4.45s/epoch, best=1.186e+03, sign=0.207, train=1.186e+03, val=1.181e+03]
GNN flow training:  39%|███▉      | 39/100 [02:54<04:31,  4.45s/epoch, best=1.186e+03, sign=0.207, train=1.186e+03, val=1.181e+03]
GNN flow training:  39%|███▉      | 39/100 [02:59<04:31,  4.45s/epoch, best=1.181e+03, sign=0.205, train=1.181e+03, val=1.188e+03]
GNN flow training:  40%|████      | 40/100 [02:59<04:27,  4.46s/epoch, best=1.181e+03, sign=0.205, train=1.181e+03, val=1.188e+03]
GNN flow training:  40%|████      | 40/100 [03:03<04:27,  4.46s/epoch, best=1.181e+03, sign=0.207, train=1.188e+03, val=1.180e+03]
GNN flow training:  41%|████      | 41/100 [03:03<04:22,  4.45s/epoch, best=1.181e+03, sign=0.207, train=1.188e+03, val=1.180e+03]
GNN flow training:  41%|████      | 41/100 [03:08<04:22,  4.45s/epoch, best=1.180e+03, sign=0.207, train=1.180e+03, val=1.182e+03]
GNN flow training:  42%|████▏     | 42/100 [03:08<04:18,  4.45s/epoch, best=1.180e+03, sign=0.207, train=1.180e+03, val=1.182e+03]
GNN flow training:  42%|████▏     | 42/100 [03:12<04:18,  4.45s/epoch, best=1.180e+03, sign=0.213, train=1.182e+03, val=1.178e+03]
GNN flow training:  43%|████▎     | 43/100 [03:12<04:14,  4.46s/epoch, best=1.180e+03, sign=0.213, train=1.182e+03, val=1.178e+03]
GNN flow training:  43%|████▎     | 43/100 [03:17<04:14,  4.46s/epoch, best=1.178e+03, sign=0.217, train=1.178e+03, val=1.176e+03]
GNN flow training:  44%|████▍     | 44/100 [03:17<04:09,  4.46s/epoch, best=1.178e+03, sign=0.217, train=1.178e+03, val=1.176e+03]
GNN flow training:  44%|████▍     | 44/100 [03:21<04:09,  4.46s/epoch, best=1.176e+03, sign=0.226, train=1.176e+03, val=1.190e+03]
GNN flow training:  45%|████▌     | 45/100 [03:21<04:06,  4.47s/epoch, best=1.176e+03, sign=0.226, train=1.176e+03, val=1.190e+03]
GNN flow training:  45%|████▌     | 45/100 [03:26<04:06,  4.47s/epoch, best=1.176e+03, sign=0.230, train=1.190e+03, val=1.176e+03]
GNN flow training:  46%|████▌     | 46/100 [03:26<04:00,  4.46s/epoch, best=1.176e+03, sign=0.230, train=1.190e+03, val=1.176e+03]
GNN flow training:  46%|████▌     | 46/100 [03:30<04:00,  4.46s/epoch, best=1.176e+03, sign=0.234, train=1.176e+03, val=1.181e+03]
GNN flow training:  47%|████▋     | 47/100 [03:30<03:55,  4.45s/epoch, best=1.176e+03, sign=0.234, train=1.176e+03, val=1.181e+03]
GNN flow training:  47%|████▋     | 47/100 [03:35<03:55,  4.45s/epoch, best=1.176e+03, sign=0.232, train=1.181e+03, val=1.184e+03]
GNN flow training:  48%|████▊     | 48/100 [03:35<03:51,  4.46s/epoch, best=1.176e+03, sign=0.232, train=1.181e+03, val=1.184e+03]
GNN flow training:  48%|████▊     | 48/100 [03:39<03:51,  4.46s/epoch, best=1.176e+03, sign=0.229, train=1.184e+03, val=1.202e+03]
GNN flow training:  49%|████▉     | 49/100 [03:39<03:47,  4.47s/epoch, best=1.176e+03, sign=0.229, train=1.184e+03, val=1.202e+03]
GNN flow training:  49%|████▉     | 49/100 [03:44<03:47,  4.47s/epoch, best=1.176e+03, sign=0.225, train=1.202e+03, val=1.218e+03]
GNN flow training:  50%|█████     | 50/100 [03:44<03:43,  4.47s/epoch, best=1.176e+03, sign=0.225, train=1.202e+03, val=1.218e+03]
GNN flow training:  50%|█████     | 50/100 [03:48<03:43,  4.47s/epoch, best=1.176e+03, sign=0.225, train=1.218e+03, val=1.220e+03]
GNN flow training:  51%|█████     | 51/100 [03:48<03:38,  4.46s/epoch, best=1.176e+03, sign=0.225, train=1.218e+03, val=1.220e+03]
GNN flow training:  51%|█████     | 51/100 [03:52<03:38,  4.46s/epoch, best=1.176e+03, sign=0.228, train=1.220e+03, val=1.214e+03]
GNN flow training:  52%|█████▏    | 52/100 [03:52<03:33,  4.45s/epoch, best=1.176e+03, sign=0.228, train=1.220e+03, val=1.214e+03]
GNN flow training:  52%|█████▏    | 52/100 [03:57<03:33,  4.45s/epoch, best=1.176e+03, sign=0.231, train=1.214e+03, val=1.211e+03]
GNN flow training:  53%|█████▎    | 53/100 [03:57<03:29,  4.46s/epoch, best=1.176e+03, sign=0.231, train=1.214e+03, val=1.211e+03]
GNN flow training:  53%|█████▎    | 53/100 [04:01<03:29,  4.46s/epoch, best=1.176e+03, sign=0.234, train=1.211e+03, val=1.205e+03]
GNN flow training:  54%|█████▍    | 54/100 [04:01<03:25,  4.47s/epoch, best=1.176e+03, sign=0.234, train=1.211e+03, val=1.205e+03]
GNN flow training:  54%|█████▍    | 54/100 [04:06<03:25,  4.47s/epoch, best=1.176e+03, sign=0.233, train=1.205e+03, val=1.202e+03]
GNN flow training:  55%|█████▌    | 55/100 [04:06<03:20,  4.45s/epoch, best=1.176e+03, sign=0.233, train=1.205e+03, val=1.202e+03]
GNN flow training:  55%|█████▌    | 55/100 [04:10<03:20,  4.45s/epoch, best=1.176e+03, sign=0.228, train=1.203e+03, val=1.197e+03]
GNN flow training:  56%|█████▌    | 56/100 [04:10<03:16,  4.46s/epoch, best=1.176e+03, sign=0.228, train=1.203e+03, val=1.197e+03]
GNN flow training:  56%|█████▌    | 56/100 [04:15<03:16,  4.46s/epoch, best=1.176e+03, sign=0.225, train=1.197e+03, val=1.189e+03]
GNN flow training:  57%|█████▋    | 57/100 [04:15<03:11,  4.46s/epoch, best=1.176e+03, sign=0.225, train=1.197e+03, val=1.189e+03]
GNN flow training:  57%|█████▋    | 57/100 [04:19<03:11,  4.46s/epoch, best=1.176e+03, sign=0.222, train=1.189e+03, val=1.172e+03]
GNN flow training:  58%|█████▊    | 58/100 [04:19<03:07,  4.46s/epoch, best=1.176e+03, sign=0.222, train=1.189e+03, val=1.172e+03]
GNN flow training:  58%|█████▊    | 58/100 [04:24<03:07,  4.46s/epoch, best=1.172e+03, sign=0.219, train=1.172e+03, val=1.157e+03]
GNN flow training:  59%|█████▉    | 59/100 [04:24<03:02,  4.46s/epoch, best=1.172e+03, sign=0.219, train=1.172e+03, val=1.157e+03]
GNN flow training:  59%|█████▉    | 59/100 [04:28<03:02,  4.46s/epoch, best=1.157e+03, sign=0.221, train=1.157e+03, val=1.137e+03]
GNN flow training:  60%|██████    | 60/100 [04:28<02:57,  4.45s/epoch, best=1.157e+03, sign=0.221, train=1.157e+03, val=1.137e+03]
GNN flow training:  60%|██████    | 60/100 [04:33<02:57,  4.45s/epoch, best=1.137e+03, sign=0.220, train=1.137e+03, val=1.132e+03]
GNN flow training:  61%|██████    | 61/100 [04:33<02:53,  4.45s/epoch, best=1.137e+03, sign=0.220, train=1.137e+03, val=1.132e+03]
GNN flow training:  61%|██████    | 61/100 [04:37<02:53,  4.45s/epoch, best=1.132e+03, sign=0.215, train=1.132e+03, val=1.118e+03]
GNN flow training:  62%|██████▏   | 62/100 [04:37<02:49,  4.45s/epoch, best=1.132e+03, sign=0.215, train=1.132e+03, val=1.118e+03]
GNN flow training:  62%|██████▏   | 62/100 [04:41<02:49,  4.45s/epoch, best=1.118e+03, sign=0.213, train=1.118e+03, val=1.110e+03]
GNN flow training:  63%|██████▎   | 63/100 [04:41<02:44,  4.44s/epoch, best=1.118e+03, sign=0.213, train=1.118e+03, val=1.110e+03]
GNN flow training:  63%|██████▎   | 63/100 [04:46<02:44,  4.44s/epoch, best=1.110e+03, sign=0.210, train=1.110e+03, val=1.113e+03]
GNN flow training:  64%|██████▍   | 64/100 [04:46<02:40,  4.45s/epoch, best=1.110e+03, sign=0.210, train=1.110e+03, val=1.113e+03]
GNN flow training:  64%|██████▍   | 64/100 [04:50<02:40,  4.45s/epoch, best=1.110e+03, sign=0.208, train=1.113e+03, val=1.117e+03]
GNN flow training:  65%|██████▌   | 65/100 [04:50<02:35,  4.46s/epoch, best=1.110e+03, sign=0.208, train=1.113e+03, val=1.117e+03]
GNN flow training:  65%|██████▌   | 65/100 [04:55<02:35,  4.46s/epoch, best=1.110e+03, sign=0.208, train=1.117e+03, val=1.115e+03]
GNN flow training:  66%|██████▌   | 66/100 [04:55<02:31,  4.45s/epoch, best=1.110e+03, sign=0.208, train=1.117e+03, val=1.115e+03]
GNN flow training:  66%|██████▌   | 66/100 [04:59<02:31,  4.45s/epoch, best=1.110e+03, sign=0.212, train=1.115e+03, val=1.109e+03]
GNN flow training:  67%|██████▋   | 67/100 [04:59<02:27,  4.46s/epoch, best=1.110e+03, sign=0.212, train=1.115e+03, val=1.109e+03]
GNN flow training:  67%|██████▋   | 67/100 [05:04<02:27,  4.46s/epoch, best=1.109e+03, sign=0.219, train=1.109e+03, val=1.108e+03]
GNN flow training:  68%|██████▊   | 68/100 [05:04<02:22,  4.47s/epoch, best=1.109e+03, sign=0.219, train=1.109e+03, val=1.108e+03]
GNN flow training:  68%|██████▊   | 68/100 [05:08<02:22,  4.47s/epoch, best=1.108e+03, sign=0.227, train=1.108e+03, val=1.120e+03]
GNN flow training:  69%|██████▉   | 69/100 [05:08<02:18,  4.46s/epoch, best=1.108e+03, sign=0.227, train=1.108e+03, val=1.120e+03]
GNN flow training:  69%|██████▉   | 69/100 [05:13<02:18,  4.46s/epoch, best=1.108e+03, sign=0.227, train=1.120e+03, val=1.127e+03]
GNN flow training:  70%|███████   | 70/100 [05:13<02:13,  4.46s/epoch, best=1.108e+03, sign=0.227, train=1.120e+03, val=1.127e+03]
GNN flow training:  70%|███████   | 70/100 [05:17<02:13,  4.46s/epoch, best=1.108e+03, sign=0.229, train=1.127e+03, val=1.141e+03]
GNN flow training:  71%|███████   | 71/100 [05:17<02:09,  4.46s/epoch, best=1.108e+03, sign=0.229, train=1.127e+03, val=1.141e+03]
GNN flow training:  71%|███████   | 71/100 [05:22<02:09,  4.46s/epoch, best=1.108e+03, sign=0.229, train=1.141e+03, val=1.140e+03]
GNN flow training:  72%|███████▏  | 72/100 [05:22<02:04,  4.45s/epoch, best=1.108e+03, sign=0.229, train=1.141e+03, val=1.140e+03]
GNN flow training:  72%|███████▏  | 72/100 [05:26<02:04,  4.45s/epoch, best=1.108e+03, sign=0.225, train=1.140e+03, val=1.126e+03]
GNN flow training:  73%|███████▎  | 73/100 [05:26<01:59,  4.44s/epoch, best=1.108e+03, sign=0.225, train=1.140e+03, val=1.126e+03]
GNN flow training:  73%|███████▎  | 73/100 [05:30<01:59,  4.44s/epoch, best=1.108e+03, sign=0.221, train=1.126e+03, val=1.116e+03]
GNN flow training:  74%|███████▍  | 74/100 [05:30<01:55,  4.44s/epoch, best=1.108e+03, sign=0.221, train=1.126e+03, val=1.116e+03]
GNN flow training:  74%|███████▍  | 74/100 [05:35<01:55,  4.44s/epoch, best=1.108e+03, sign=0.216, train=1.116e+03, val=1.114e+03]
GNN flow training:  75%|███████▌  | 75/100 [05:35<01:50,  4.43s/epoch, best=1.108e+03, sign=0.216, train=1.116e+03, val=1.114e+03]
GNN flow training:  75%|███████▌  | 75/100 [05:39<01:50,  4.43s/epoch, best=1.108e+03, sign=0.205, train=1.114e+03, val=1.136e+03]
GNN flow training:  76%|███████▌  | 76/100 [05:39<01:46,  4.43s/epoch, best=1.108e+03, sign=0.205, train=1.114e+03, val=1.136e+03]
GNN flow training:  76%|███████▌  | 76/100 [05:44<01:46,  4.43s/epoch, best=1.108e+03, sign=0.201, train=1.136e+03, val=1.160e+03]
GNN flow training:  77%|███████▋  | 77/100 [05:44<01:41,  4.42s/epoch, best=1.108e+03, sign=0.201, train=1.136e+03, val=1.160e+03]
GNN flow training:  77%|███████▋  | 77/100 [05:48<01:41,  4.42s/epoch, best=1.108e+03, sign=0.195, train=1.160e+03, val=1.189e+03]
GNN flow training:  78%|███████▊  | 78/100 [05:48<01:37,  4.43s/epoch, best=1.108e+03, sign=0.195, train=1.160e+03, val=1.189e+03]
GNN flow training:  78%|███████▊  | 78/100 [05:52<01:37,  4.43s/epoch, best=1.108e+03, sign=0.191, train=1.189e+03, val=1.198e+03]
GNN flow training:  79%|███████▉  | 79/100 [05:52<01:32,  4.42s/epoch, best=1.108e+03, sign=0.191, train=1.189e+03, val=1.198e+03]
GNN flow training:  79%|███████▉  | 79/100 [05:57<01:32,  4.42s/epoch, best=1.108e+03, sign=0.192, train=1.198e+03, val=1.196e+03]
GNN flow training:  80%|████████  | 80/100 [05:57<01:28,  4.43s/epoch, best=1.108e+03, sign=0.192, train=1.198e+03, val=1.196e+03]
GNN flow training:  80%|████████  | 80/100 [06:01<01:28,  4.43s/epoch, best=1.108e+03, sign=0.197, train=1.196e+03, val=1.193e+03]
GNN flow training:  81%|████████  | 81/100 [06:01<01:24,  4.43s/epoch, best=1.108e+03, sign=0.197, train=1.196e+03, val=1.193e+03]
GNN flow training:  81%|████████  | 81/100 [06:06<01:24,  4.43s/epoch, best=1.108e+03, sign=0.196, train=1.193e+03, val=1.177e+03]
GNN flow training:  82%|████████▏ | 82/100 [06:06<01:19,  4.43s/epoch, best=1.108e+03, sign=0.196, train=1.193e+03, val=1.177e+03]
GNN flow training:  82%|████████▏ | 82/100 [06:10<01:19,  4.43s/epoch, best=1.108e+03, sign=0.198, train=1.177e+03, val=1.166e+03]
GNN flow training:  83%|████████▎ | 83/100 [06:10<01:15,  4.45s/epoch, best=1.108e+03, sign=0.198, train=1.177e+03, val=1.166e+03]
GNN flow training:  83%|████████▎ | 83/100 [06:15<01:15,  4.45s/epoch, best=1.108e+03, sign=0.206, train=1.166e+03, val=1.159e+03]
GNN flow training:  84%|████████▍ | 84/100 [06:15<01:11,  4.44s/epoch, best=1.108e+03, sign=0.206, train=1.166e+03, val=1.159e+03]
GNN flow training:  84%|████████▍ | 84/100 [06:19<01:11,  4.44s/epoch, best=1.108e+03, sign=0.213, train=1.159e+03, val=1.147e+03]
GNN flow training:  85%|████████▌ | 85/100 [06:19<01:06,  4.43s/epoch, best=1.108e+03, sign=0.213, train=1.159e+03, val=1.147e+03]
GNN flow training:  85%|████████▌ | 85/100 [06:24<01:06,  4.43s/epoch, best=1.108e+03, sign=0.222, train=1.147e+03, val=1.157e+03]
GNN flow training:  86%|████████▌ | 86/100 [06:24<01:02,  4.43s/epoch, best=1.108e+03, sign=0.222, train=1.147e+03, val=1.157e+03]
GNN flow training:  86%|████████▌ | 86/100 [06:28<01:02,  4.43s/epoch, best=1.108e+03, sign=0.226, train=1.157e+03, val=1.151e+03]
GNN flow training:  87%|████████▋ | 87/100 [06:28<00:57,  4.43s/epoch, best=1.108e+03, sign=0.226, train=1.157e+03, val=1.151e+03]
GNN flow training:  87%|████████▋ | 87/100 [06:32<00:57,  4.43s/epoch, best=1.108e+03, sign=0.228, train=1.151e+03, val=1.138e+03]
GNN flow training:  88%|████████▊ | 88/100 [06:32<00:53,  4.43s/epoch, best=1.108e+03, sign=0.228, train=1.151e+03, val=1.138e+03]
GNN flow training:  88%|████████▊ | 88/100 [06:37<00:53,  4.43s/epoch, best=1.108e+03, sign=0.226, train=1.138e+03, val=1.129e+03]
GNN flow training:  89%|████████▉ | 89/100 [06:37<00:48,  4.44s/epoch, best=1.108e+03, sign=0.226, train=1.138e+03, val=1.129e+03]
GNN flow training:  89%|████████▉ | 89/100 [06:41<00:48,  4.44s/epoch, best=1.108e+03, sign=0.221, train=1.129e+03, val=1.104e+03]
GNN flow training:  90%|█████████ | 90/100 [06:41<00:44,  4.43s/epoch, best=1.108e+03, sign=0.221, train=1.129e+03, val=1.104e+03]
GNN flow training:  90%|█████████ | 90/100 [06:46<00:44,  4.43s/epoch, best=1.104e+03, sign=0.215, train=1.104e+03, val=1.114e+03]
GNN flow training:  91%|█████████ | 91/100 [06:46<00:39,  4.43s/epoch, best=1.104e+03, sign=0.215, train=1.104e+03, val=1.114e+03]
GNN flow training:  91%|█████████ | 91/100 [06:50<00:39,  4.43s/epoch, best=1.104e+03, sign=0.215, train=1.114e+03, val=1.119e+03]
GNN flow training:  92%|█████████▏| 92/100 [06:50<00:35,  4.42s/epoch, best=1.104e+03, sign=0.215, train=1.114e+03, val=1.119e+03]
GNN flow training:  92%|█████████▏| 92/100 [06:54<00:35,  4.42s/epoch, best=1.104e+03, sign=0.214, train=1.119e+03, val=1.124e+03]
GNN flow training:  93%|█████████▎| 93/100 [06:54<00:30,  4.41s/epoch, best=1.104e+03, sign=0.214, train=1.119e+03, val=1.124e+03]
GNN flow training:  93%|█████████▎| 93/100 [06:59<00:30,  4.41s/epoch, best=1.104e+03, sign=0.215, train=1.124e+03, val=1.107e+03]
GNN flow training:  94%|█████████▍| 94/100 [06:59<00:26,  4.41s/epoch, best=1.104e+03, sign=0.215, train=1.124e+03, val=1.107e+03]
GNN flow training:  94%|█████████▍| 94/100 [07:03<00:26,  4.41s/epoch, best=1.104e+03, sign=0.218, train=1.107e+03, val=1.090e+03]
GNN flow training:  95%|█████████▌| 95/100 [07:03<00:21,  4.39s/epoch, best=1.104e+03, sign=0.218, train=1.107e+03, val=1.090e+03]
GNN flow training:  95%|█████████▌| 95/100 [07:08<00:21,  4.39s/epoch, best=1.090e+03, sign=0.221, train=1.091e+03, val=1.085e+03]
GNN flow training:  96%|█████████▌| 96/100 [07:08<00:17,  4.41s/epoch, best=1.090e+03, sign=0.221, train=1.091e+03, val=1.085e+03]
GNN flow training:  96%|█████████▌| 96/100 [07:12<00:17,  4.41s/epoch, best=1.085e+03, sign=0.228, train=1.085e+03, val=1.070e+03]
GNN flow training:  97%|█████████▋| 97/100 [07:12<00:13,  4.42s/epoch, best=1.085e+03, sign=0.228, train=1.085e+03, val=1.070e+03]
GNN flow training:  97%|█████████▋| 97/100 [07:17<00:13,  4.42s/epoch, best=1.070e+03, sign=0.228, train=1.070e+03, val=1.072e+03]
GNN flow training:  98%|█████████▊| 98/100 [07:17<00:08,  4.42s/epoch, best=1.070e+03, sign=0.228, train=1.070e+03, val=1.072e+03]
GNN flow training:  98%|█████████▊| 98/100 [07:21<00:08,  4.42s/epoch, best=1.070e+03, sign=0.229, train=1.072e+03, val=1.066e+03]
GNN flow training:  99%|█████████▉| 99/100 [07:21<00:04,  4.40s/epoch, best=1.070e+03, sign=0.229, train=1.072e+03, val=1.066e+03]
GNN flow training:  99%|█████████▉| 99/100 [07:25<00:04,  4.40s/epoch, best=1.066e+03, sign=0.229, train=1.066e+03, val=1.062e+03]
GNN flow training: 100%|██████████| 100/100 [07:25<00:00,  4.41s/epoch, best=1.066e+03, sign=0.229, train=1.066e+03, val=1.062e+03]
GNN flow training: 100%|██████████| 100/100 [07:25<00:00,  4.46s/epoch, best=1.066e+03, sign=0.229, train=1.066e+03, val=1.062e+03]
Resolved config snapshot:
{'preset': 'solver_QKB_outer_QKBdelta', 'gnn_outer_losses': {'flow': 100.0, 'kirchhoff': 0.1, 'boundary': 100.0, 'delta_l2': 0.1, 'delta_smooth': 0.0, 'pressure_shape': 0.0}, 'physics': {'arterial_flow_mode': 'dataset', 'pressure_constraints': ['mean-a-minus-v-alpha-equal-v'], 'alpha_pa': 10.0, 'use_snr_weights': True, 'use_observed_flow_snr_weighting': True, 'flow_scale_mode': 'median_abs', 'solver_device': 'same', 'pressure_solver_mode': 'reduced-soft-constrained-lstsq', 'pressure_solver_lambda_kirchhoff': 1.0, 'pressure_solver_lambda_pressure_constraints': 100.0, 'pressure_solver_lambda_flow_residual': 1.0, 'pressure_shape_reference': 'delta_zero_reference', 'pressure_detach': False}, 'correction_bounds': {'correction_min': -0.5, 'correction_max': 0.5, 'correction_bound': 0.5, 'correction_parameterization': 'tanh'}, 'optimization': {'learning_rate': 0.001, 'weight_decay': 0.0001, 'gradient_clip_norm': 5.0, 'optimizer': 'adamw', 'epochs': 100, 'patience': 40}}
Early stopping at epoch 80 with best validation loss at epoch 40.
Resolved config snapshot:
{'preset': 'solver_QKB_outer_QKBdelta', 'gnn_outer_losses': {'flow': 10.0, 'kirchhoff': 100.0, 'boundary': 100.0, 'delta_l2': 10.0, 'delta_smooth': 0.0, 'pressure_shape': 0.0}, 'physics': {'arterial_flow_mode': 'dataset', 'pressure_constraints': ['mean-a-minus-v-alpha-equal-v'], 'alpha_pa': 10.0, 'use_snr_weights': True, 'use_observed_flow_snr_weighting': True, 'flow_scale_mode': 'median_abs', 'solver_device': 'same', 'pressure_solver_mode': 'reduced-soft-constrained-lstsq', 'pressure_solver_lambda_kirchhoff': 1.0, 'pressure_solver_lambda_pressure_constraints': 100.0, 'pressure_solver_lambda_flow_residual': 1.0, 'pressure_shape_reference': 'delta_zero_reference', 'pressure_detach': False}, 'correction_bounds': {'correction_min': -0.5, 'correction_max': 0.5, 'correction_bound': 0.5, 'correction_parameterization': 'tanh'}, 'optimization': {'learning_rate': 0.001, 'weight_decay': 0.0001, 'gradient_clip_norm': 5.0, 'optimizer': 'adamw', 'epochs': 100, 'patience': 40}}
Command: /mnt/home/sswee/miniforge3/envs/yolk-sac/bin/python /mnt/home/sswee/yolk/Yolk-Sac-Flow-Data-and-Sim/gnn_clean/scripts/python/gnn_flow.py /mnt/home/sswee/yolk/Yolk-Sac-Flow-Data-and-Sim/gnn_clean/datasets/mosaic_graph_canonical_harmonized/mosaic_graph_canonical_harmonized.gpickle --output-dir /mnt/home/sswee/yolk/Yolk-Sac-Flow-Data-and-Sim/gnn_clean/outputs_canonical/dc/03_pressure_constraint_sensitivity/gnn --run-name q_100__k_0p1__delta_0p1__constraint_fixed_drop_10pa --preset solver_QKB_outer_QKBdelta --device cuda --epochs 100 --seed 0 --viscosity-pa-s 0.0035 --config /mnt/home/sswee/yolk/Yolk-Sac-Flow-Data-and-Sim/gnn_clean/outputs_canonical/dc/03_pressure_constraint_sensitivity/_generated_configs/q_100__k_0p1__delta_0p1__constraint_fixed_drop_10pa.yaml --no-pressure-detach
Command: /mnt/home/sswee/miniforge3/envs/yolk-sac/bin/python /mnt/home/sswee/yolk/Yolk-Sac-Flow-Data-and-Sim/gnn_clean/scripts/python/gnn_flow.py /mnt/home/sswee/yolk/Yolk-Sac-Flow-Data-and-Sim/gnn_clean/datasets/mosaic_graph_canonical_harmonized/mosaic_graph_canonical_harmonized.gpickle --output-dir /mnt/home/sswee/yolk/Yolk-Sac-Flow-Data-and-Sim/gnn_clean/outputs_canonical/dc/03_pressure_constraint_sensitivity/gnn --run-name q_10__k_100__delta_10__constraint_fixed_drop_10pa --preset solver_QKB_outer_QKBdelta --device cuda --epochs 100 --seed 0 --viscosity-pa-s 0.0035 --config /mnt/home/sswee/yolk/Yolk-Sac-Flow-Data-and-Sim/gnn_clean/outputs_canonical/dc/03_pressure_constraint_sensitivity/_generated_configs/q_10__k_100__delta_10__constraint_fixed_drop_10pa.yaml --no-pressure-detach
Command: /mnt/home/sswee/miniforge3/envs/yolk-sac/bin/python /mnt/home/sswee/yolk/Yolk-Sac-Flow-Data-and-Sim/gnn_clean/scripts/python/poiseuille_only_baseline.py /mnt/home/sswee/yolk/Yolk-Sac-Flow-Data-and-Sim/gnn_clean/datasets/mosaic_graph_canonical_harmonized/mosaic_graph_canonical_harmonized.gpickle --output-dir /mnt/home/sswee/yolk/Yolk-Sac-Flow-Data-and-Sim/gnn_clean/outputs_canonical/dc/03_pressure_constraint_sensitivity/poiseuille --run-name poiseuille__q_0p1__k_0p1__constraint_fixed_drop_10pa --device cpu --viscosity-pa-s 0.0035 --dc-solve-mode reduced-soft-constrained-lstsq --arterial-flow-mode dataset --lambda-kirchhoff 0.1 --lambda-pressure-constraints 100.0 --lambda-flow-residual 0.1 --pressure-constraint mean-a-minus-v-alpha-equal-v --alpha-pa 10.0
Command: /mnt/home/sswee/miniforge3/envs/yolk-sac/bin/python /mnt/home/sswee/yolk/Yolk-Sac-Flow-Data-and-Sim/gnn_clean/scripts/python/poiseuille_only_baseline.py /mnt/home/sswee/yolk/Yolk-Sac-Flow-Data-and-Sim/gnn_clean/datasets/mosaic_graph_canonical_harmonized/mosaic_graph_canonical_harmonized.gpickle --output-dir /mnt/home/sswee/yolk/Yolk-Sac-Flow-Data-and-Sim/gnn_clean/outputs_canonical/dc/03_pressure_constraint_sensitivity/poiseuille --run-name poiseuille__q_100__k_1__constraint_fixed_drop_10pa --device cpu --viscosity-pa-s 0.0035 --dc-solve-mode reduced-soft-constrained-lstsq --arterial-flow-mode dataset --lambda-kirchhoff 1.0 --lambda-pressure-constraints 100.0 --lambda-flow-residual 100.0 --pressure-constraint mean-a-minus-v-alpha-equal-v --alpha-pa 10.0
