
GNN flow training:   0%|          | 0/100 [00:00<?, ?epoch/s]
GNN flow training:   0%|          | 0/100 [00:04<?, ?epoch/s, best=1.272e+02, sign=0.194, train=1.271e+02, val=1.272e+02]
GNN flow training:   1%|          | 1/100 [00:04<07:38,  4.64s/epoch, best=1.272e+02, sign=0.194, train=1.271e+02, val=1.272e+02]
GNN flow training:   1%|          | 1/100 [00:09<07:38,  4.64s/epoch, best=1.272e+02, sign=0.194, train=1.272e+02, val=1.274e+02]
GNN flow training:   2%|▏         | 2/100 [00:09<07:26,  4.56s/epoch, best=1.272e+02, sign=0.194, train=1.272e+02, val=1.274e+02]
GNN flow training:   2%|▏         | 2/100 [00:13<07:26,  4.56s/epoch, best=1.272e+02, sign=0.194, train=1.275e+02, val=1.274e+02]
GNN flow training:   3%|▎         | 3/100 [00:13<07:19,  4.53s/epoch, best=1.272e+02, sign=0.194, train=1.275e+02, val=1.274e+02]
GNN flow training:   3%|▎         | 3/100 [00:18<07:19,  4.53s/epoch, best=1.272e+02, sign=0.194, train=1.274e+02, val=1.269e+02]
GNN flow training:   4%|▍         | 4/100 [00:18<07:13,  4.51s/epoch, best=1.272e+02, sign=0.194, train=1.274e+02, val=1.269e+02]
GNN flow training:   4%|▍         | 4/100 [00:22<07:13,  4.51s/epoch, best=1.269e+02, sign=0.194, train=1.270e+02, val=1.271e+02]
GNN flow training:   5%|▌         | 5/100 [00:22<07:10,  4.53s/epoch, best=1.269e+02, sign=0.194, train=1.270e+02, val=1.271e+02]
GNN flow training:   5%|▌         | 5/100 [00:27<07:10,  4.53s/epoch, best=1.269e+02, sign=0.194, train=1.272e+02, val=1.269e+02]
GNN flow training:   6%|▌         | 6/100 [00:27<07:04,  4.52s/epoch, best=1.269e+02, sign=0.194, train=1.272e+02, val=1.269e+02]
GNN flow training:   6%|▌         | 6/100 [00:31<07:04,  4.52s/epoch, best=1.269e+02, sign=0.194, train=1.269e+02, val=1.270e+02]
GNN flow training:   7%|▋         | 7/100 [00:31<06:58,  4.50s/epoch, best=1.269e+02, sign=0.194, train=1.269e+02, val=1.270e+02]
GNN flow training:   7%|▋         | 7/100 [00:36<06:58,  4.50s/epoch, best=1.269e+02, sign=0.194, train=1.270e+02, val=1.270e+02]
GNN flow training:   8%|▊         | 8/100 [00:36<06:52,  4.48s/epoch, best=1.269e+02, sign=0.194, train=1.270e+02, val=1.270e+02]
GNN flow training:   8%|▊         | 8/100 [00:40<06:52,  4.48s/epoch, best=1.269e+02, sign=0.194, train=1.270e+02, val=1.269e+02]
GNN flow training:   9%|▉         | 9/100 [00:40<06:47,  4.48s/epoch, best=1.269e+02, sign=0.194, train=1.270e+02, val=1.269e+02]
GNN flow training:   9%|▉         | 9/100 [00:45<06:47,  4.48s/epoch, best=1.269e+02, sign=0.194, train=1.269e+02, val=1.269e+02]
GNN flow training:  10%|█         | 10/100 [00:45<06:43,  4.48s/epoch, best=1.269e+02, sign=0.194, train=1.269e+02, val=1.269e+02]
GNN flow training:  10%|█         | 10/100 [00:49<06:43,  4.48s/epoch, best=1.269e+02, sign=0.194, train=1.269e+02, val=1.266e+02]
GNN flow training:  11%|█         | 11/100 [00:49<06:38,  4.47s/epoch, best=1.269e+02, sign=0.194, train=1.269e+02, val=1.266e+02]
GNN flow training:  11%|█         | 11/100 [00:54<06:38,  4.47s/epoch, best=1.266e+02, sign=0.194, train=1.267e+02, val=1.264e+02]
GNN flow training:  12%|█▏        | 12/100 [00:54<06:34,  4.49s/epoch, best=1.266e+02, sign=0.194, train=1.267e+02, val=1.264e+02]
GNN flow training:  12%|█▏        | 12/100 [00:58<06:34,  4.49s/epoch, best=1.264e+02, sign=0.194, train=1.265e+02, val=1.264e+02]
GNN flow training:  13%|█▎        | 13/100 [00:58<06:30,  4.49s/epoch, best=1.264e+02, sign=0.194, train=1.265e+02, val=1.264e+02]
GNN flow training:  13%|█▎        | 13/100 [01:02<06:30,  4.49s/epoch, best=1.264e+02, sign=0.193, train=1.264e+02, val=1.260e+02]
GNN flow training:  14%|█▍        | 14/100 [01:02<06:25,  4.48s/epoch, best=1.264e+02, sign=0.193, train=1.264e+02, val=1.260e+02]
GNN flow training:  14%|█▍        | 14/100 [01:07<06:25,  4.48s/epoch, best=1.260e+02, sign=0.193, train=1.260e+02, val=1.254e+02]
GNN flow training:  15%|█▌        | 15/100 [01:07<06:22,  4.50s/epoch, best=1.260e+02, sign=0.193, train=1.260e+02, val=1.254e+02]
GNN flow training:  15%|█▌        | 15/100 [01:12<06:22,  4.50s/epoch, best=1.254e+02, sign=0.193, train=1.254e+02, val=1.251e+02]
GNN flow training:  16%|█▌        | 16/100 [01:12<06:17,  4.50s/epoch, best=1.254e+02, sign=0.193, train=1.254e+02, val=1.251e+02]
GNN flow training:  16%|█▌        | 16/100 [01:16<06:17,  4.50s/epoch, best=1.251e+02, sign=0.193, train=1.251e+02, val=1.252e+02]
GNN flow training:  17%|█▋        | 17/100 [01:16<06:12,  4.49s/epoch, best=1.251e+02, sign=0.193, train=1.251e+02, val=1.252e+02]
GNN flow training:  17%|█▋        | 17/100 [01:21<06:12,  4.49s/epoch, best=1.251e+02, sign=0.194, train=1.253e+02, val=1.253e+02]
GNN flow training:  18%|█▊        | 18/100 [01:21<06:08,  4.50s/epoch, best=1.251e+02, sign=0.194, train=1.253e+02, val=1.253e+02]
GNN flow training:  18%|█▊        | 18/100 [01:25<06:08,  4.50s/epoch, best=1.251e+02, sign=0.196, train=1.253e+02, val=1.250e+02]
GNN flow training:  19%|█▉        | 19/100 [01:25<06:04,  4.50s/epoch, best=1.251e+02, sign=0.196, train=1.253e+02, val=1.250e+02]
GNN flow training:  19%|█▉        | 19/100 [01:29<06:04,  4.50s/epoch, best=1.250e+02, sign=0.197, train=1.250e+02, val=1.250e+02]
GNN flow training:  20%|██        | 20/100 [01:29<05:59,  4.49s/epoch, best=1.250e+02, sign=0.197, train=1.250e+02, val=1.250e+02]
GNN flow training:  20%|██        | 20/100 [01:34<05:59,  4.49s/epoch, best=1.250e+02, sign=0.199, train=1.251e+02, val=1.247e+02]
GNN flow training:  21%|██        | 21/100 [01:34<05:55,  4.50s/epoch, best=1.250e+02, sign=0.199, train=1.251e+02, val=1.247e+02]
GNN flow training:  21%|██        | 21/100 [01:38<05:55,  4.50s/epoch, best=1.247e+02, sign=0.201, train=1.247e+02, val=1.250e+02]
GNN flow training:  22%|██▏       | 22/100 [01:38<05:49,  4.48s/epoch, best=1.247e+02, sign=0.201, train=1.247e+02, val=1.250e+02]
GNN flow training:  22%|██▏       | 22/100 [01:43<05:49,  4.48s/epoch, best=1.247e+02, sign=0.202, train=1.250e+02, val=1.243e+02]
GNN flow training:  23%|██▎       | 23/100 [01:43<05:45,  4.48s/epoch, best=1.247e+02, sign=0.202, train=1.250e+02, val=1.243e+02]
GNN flow training:  23%|██▎       | 23/100 [01:47<05:45,  4.48s/epoch, best=1.243e+02, sign=0.202, train=1.243e+02, val=1.232e+02]
GNN flow training:  24%|██▍       | 24/100 [01:47<05:41,  4.49s/epoch, best=1.243e+02, sign=0.202, train=1.243e+02, val=1.232e+02]
GNN flow training:  24%|██▍       | 24/100 [01:52<05:41,  4.49s/epoch, best=1.232e+02, sign=0.200, train=1.232e+02, val=1.229e+02]
GNN flow training:  25%|██▌       | 25/100 [01:52<05:36,  4.49s/epoch, best=1.232e+02, sign=0.200, train=1.232e+02, val=1.229e+02]
GNN flow training:  25%|██▌       | 25/100 [01:56<05:36,  4.49s/epoch, best=1.229e+02, sign=0.198, train=1.229e+02, val=1.225e+02]
GNN flow training:  26%|██▌       | 26/100 [01:56<05:31,  4.48s/epoch, best=1.229e+02, sign=0.198, train=1.229e+02, val=1.225e+02]
GNN flow training:  26%|██▌       | 26/100 [02:01<05:31,  4.48s/epoch, best=1.225e+02, sign=0.196, train=1.225e+02, val=1.217e+02]
GNN flow training:  27%|██▋       | 27/100 [02:01<05:27,  4.49s/epoch, best=1.225e+02, sign=0.196, train=1.225e+02, val=1.217e+02]
GNN flow training:  27%|██▋       | 27/100 [02:05<05:27,  4.49s/epoch, best=1.217e+02, sign=0.196, train=1.217e+02, val=1.209e+02]
GNN flow training:  28%|██▊       | 28/100 [02:05<05:23,  4.49s/epoch, best=1.217e+02, sign=0.196, train=1.217e+02, val=1.209e+02]
GNN flow training:  28%|██▊       | 28/100 [02:10<05:23,  4.49s/epoch, best=1.209e+02, sign=0.195, train=1.209e+02, val=1.200e+02]
GNN flow training:  29%|██▉       | 29/100 [02:10<05:18,  4.48s/epoch, best=1.209e+02, sign=0.195, train=1.209e+02, val=1.200e+02]
GNN flow training:  29%|██▉       | 29/100 [02:14<05:18,  4.48s/epoch, best=1.200e+02, sign=0.196, train=1.201e+02, val=1.187e+02]
GNN flow training:  30%|███       | 30/100 [02:14<05:13,  4.48s/epoch, best=1.200e+02, sign=0.196, train=1.201e+02, val=1.187e+02]
GNN flow training:  30%|███       | 30/100 [02:19<05:13,  4.48s/epoch, best=1.187e+02, sign=0.191, train=1.187e+02, val=1.180e+02]
GNN flow training:  31%|███       | 31/100 [02:19<05:08,  4.47s/epoch, best=1.187e+02, sign=0.191, train=1.187e+02, val=1.180e+02]
GNN flow training:  31%|███       | 31/100 [02:23<05:08,  4.47s/epoch, best=1.180e+02, sign=0.187, train=1.180e+02, val=1.168e+02]
GNN flow training:  32%|███▏      | 32/100 [02:23<05:04,  4.47s/epoch, best=1.180e+02, sign=0.187, train=1.180e+02, val=1.168e+02]
GNN flow training:  32%|███▏      | 32/100 [02:28<05:04,  4.47s/epoch, best=1.168e+02, sign=0.183, train=1.168e+02, val=1.156e+02]
GNN flow training:  33%|███▎      | 33/100 [02:28<04:59,  4.48s/epoch, best=1.168e+02, sign=0.183, train=1.168e+02, val=1.156e+02]
GNN flow training:  33%|███▎      | 33/100 [02:32<04:59,  4.48s/epoch, best=1.156e+02, sign=0.177, train=1.156e+02, val=1.140e+02]
GNN flow training:  34%|███▍      | 34/100 [02:32<04:55,  4.47s/epoch, best=1.156e+02, sign=0.177, train=1.156e+02, val=1.140e+02]
GNN flow training:  34%|███▍      | 34/100 [02:37<04:55,  4.47s/epoch, best=1.140e+02, sign=0.175, train=1.140e+02, val=1.133e+02]
GNN flow training:  35%|███▌      | 35/100 [02:37<04:50,  4.47s/epoch, best=1.140e+02, sign=0.175, train=1.140e+02, val=1.133e+02]
GNN flow training:  35%|███▌      | 35/100 [02:41<04:50,  4.47s/epoch, best=1.133e+02, sign=0.176, train=1.133e+02, val=1.126e+02]
GNN flow training:  36%|███▌      | 36/100 [02:41<04:46,  4.47s/epoch, best=1.133e+02, sign=0.176, train=1.133e+02, val=1.126e+02]
GNN flow training:  36%|███▌      | 36/100 [02:46<04:46,  4.47s/epoch, best=1.126e+02, sign=0.178, train=1.126e+02, val=1.134e+02]
GNN flow training:  37%|███▋      | 37/100 [02:46<04:41,  4.47s/epoch, best=1.126e+02, sign=0.178, train=1.126e+02, val=1.134e+02]
GNN flow training:  37%|███▋      | 37/100 [02:50<04:41,  4.47s/epoch, best=1.126e+02, sign=0.177, train=1.134e+02, val=1.127e+02]
GNN flow training:  38%|███▊      | 38/100 [02:50<04:37,  4.47s/epoch, best=1.126e+02, sign=0.177, train=1.134e+02, val=1.127e+02]
GNN flow training:  38%|███▊      | 38/100 [02:55<04:37,  4.47s/epoch, best=1.126e+02, sign=0.177, train=1.127e+02, val=1.114e+02]
GNN flow training:  39%|███▉      | 39/100 [02:55<04:33,  4.48s/epoch, best=1.126e+02, sign=0.177, train=1.127e+02, val=1.114e+02]
GNN flow training:  39%|███▉      | 39/100 [02:59<04:33,  4.48s/epoch, best=1.114e+02, sign=0.173, train=1.114e+02, val=1.100e+02]
GNN flow training:  40%|████      | 40/100 [02:59<04:28,  4.47s/epoch, best=1.114e+02, sign=0.173, train=1.114e+02, val=1.100e+02]
GNN flow training:  40%|████      | 40/100 [03:03<04:28,  4.47s/epoch, best=1.100e+02, sign=0.169, train=1.100e+02, val=1.098e+02]
GNN flow training:  41%|████      | 41/100 [03:03<04:23,  4.47s/epoch, best=1.100e+02, sign=0.169, train=1.100e+02, val=1.098e+02]
GNN flow training:  41%|████      | 41/100 [03:08<04:23,  4.47s/epoch, best=1.098e+02, sign=0.166, train=1.098e+02, val=1.105e+02]
GNN flow training:  42%|████▏     | 42/100 [03:08<04:19,  4.47s/epoch, best=1.098e+02, sign=0.166, train=1.098e+02, val=1.105e+02]
GNN flow training:  42%|████▏     | 42/100 [03:12<04:19,  4.47s/epoch, best=1.098e+02, sign=0.168, train=1.105e+02, val=1.098e+02]
GNN flow training:  43%|████▎     | 43/100 [03:12<04:14,  4.47s/epoch, best=1.098e+02, sign=0.168, train=1.105e+02, val=1.098e+02]
GNN flow training:  43%|████▎     | 43/100 [03:17<04:14,  4.47s/epoch, best=1.098e+02, sign=0.182, train=1.098e+02, val=1.104e+02]
GNN flow training:  44%|████▍     | 44/100 [03:17<04:09,  4.46s/epoch, best=1.098e+02, sign=0.182, train=1.098e+02, val=1.104e+02]
GNN flow training:  44%|████▍     | 44/100 [03:21<04:09,  4.46s/epoch, best=1.098e+02, sign=0.202, train=1.104e+02, val=1.126e+02]
GNN flow training:  45%|████▌     | 45/100 [03:21<04:05,  4.46s/epoch, best=1.098e+02, sign=0.202, train=1.104e+02, val=1.126e+02]
GNN flow training:  45%|████▌     | 45/100 [03:26<04:05,  4.46s/epoch, best=1.098e+02, sign=0.204, train=1.126e+02, val=1.119e+02]
GNN flow training:  46%|████▌     | 46/100 [03:26<04:01,  4.46s/epoch, best=1.098e+02, sign=0.204, train=1.126e+02, val=1.119e+02]
GNN flow training:  46%|████▌     | 46/100 [03:30<04:01,  4.46s/epoch, best=1.098e+02, sign=0.210, train=1.119e+02, val=1.128e+02]
GNN flow training:  47%|████▋     | 47/100 [03:30<03:56,  4.47s/epoch, best=1.098e+02, sign=0.210, train=1.119e+02, val=1.128e+02]
GNN flow training:  47%|████▋     | 47/100 [03:35<03:56,  4.47s/epoch, best=1.098e+02, sign=0.201, train=1.129e+02, val=1.112e+02]
GNN flow training:  48%|████▊     | 48/100 [03:35<03:52,  4.48s/epoch, best=1.098e+02, sign=0.201, train=1.129e+02, val=1.112e+02]
GNN flow training:  48%|████▊     | 48/100 [03:39<03:52,  4.48s/epoch, best=1.098e+02, sign=0.190, train=1.112e+02, val=1.094e+02]
GNN flow training:  49%|████▉     | 49/100 [03:39<03:48,  4.48s/epoch, best=1.098e+02, sign=0.190, train=1.112e+02, val=1.094e+02]
GNN flow training:  49%|████▉     | 49/100 [03:44<03:48,  4.48s/epoch, best=1.094e+02, sign=0.182, train=1.095e+02, val=1.077e+02]
GNN flow training:  50%|█████     | 50/100 [03:44<03:43,  4.47s/epoch, best=1.094e+02, sign=0.182, train=1.095e+02, val=1.077e+02]
GNN flow training:  50%|█████     | 50/100 [03:48<03:43,  4.47s/epoch, best=1.077e+02, sign=0.178, train=1.077e+02, val=1.070e+02]
GNN flow training:  51%|█████     | 51/100 [03:48<03:38,  4.47s/epoch, best=1.077e+02, sign=0.178, train=1.077e+02, val=1.070e+02]
GNN flow training:  51%|█████     | 51/100 [03:53<03:38,  4.47s/epoch, best=1.070e+02, sign=0.174, train=1.070e+02, val=1.058e+02]
GNN flow training:  52%|█████▏    | 52/100 [03:53<03:34,  4.48s/epoch, best=1.070e+02, sign=0.174, train=1.070e+02, val=1.058e+02]
GNN flow training:  52%|█████▏    | 52/100 [03:57<03:34,  4.48s/epoch, best=1.058e+02, sign=0.171, train=1.058e+02, val=1.051e+02]
GNN flow training:  53%|█████▎    | 53/100 [03:57<03:30,  4.47s/epoch, best=1.058e+02, sign=0.171, train=1.058e+02, val=1.051e+02]
GNN flow training:  53%|█████▎    | 53/100 [04:02<03:30,  4.47s/epoch, best=1.051e+02, sign=0.168, train=1.051e+02, val=1.044e+02]
GNN flow training:  54%|█████▍    | 54/100 [04:02<03:25,  4.48s/epoch, best=1.051e+02, sign=0.168, train=1.051e+02, val=1.044e+02]
GNN flow training:  54%|█████▍    | 54/100 [04:06<03:25,  4.48s/epoch, best=1.044e+02, sign=0.165, train=1.044e+02, val=1.034e+02]
GNN flow training:  55%|█████▌    | 55/100 [04:06<03:21,  4.48s/epoch, best=1.044e+02, sign=0.165, train=1.044e+02, val=1.034e+02]
GNN flow training:  55%|█████▌    | 55/100 [04:11<03:21,  4.48s/epoch, best=1.034e+02, sign=0.166, train=1.034e+02, val=1.026e+02]
GNN flow training:  56%|█████▌    | 56/100 [04:11<03:16,  4.47s/epoch, best=1.034e+02, sign=0.166, train=1.034e+02, val=1.026e+02]
GNN flow training:  56%|█████▌    | 56/100 [04:15<03:16,  4.47s/epoch, best=1.026e+02, sign=0.165, train=1.026e+02, val=1.023e+02]
GNN flow training:  57%|█████▋    | 57/100 [04:15<03:11,  4.46s/epoch, best=1.026e+02, sign=0.165, train=1.026e+02, val=1.023e+02]
GNN flow training:  57%|█████▋    | 57/100 [04:19<03:11,  4.46s/epoch, best=1.023e+02, sign=0.163, train=1.023e+02, val=1.017e+02]
GNN flow training:  58%|█████▊    | 58/100 [04:19<03:07,  4.45s/epoch, best=1.023e+02, sign=0.163, train=1.023e+02, val=1.017e+02]
GNN flow training:  58%|█████▊    | 58/100 [04:24<03:07,  4.45s/epoch, best=1.017e+02, sign=0.163, train=1.017e+02, val=1.014e+02]
GNN flow training:  59%|█████▉    | 59/100 [04:24<03:03,  4.46s/epoch, best=1.017e+02, sign=0.163, train=1.017e+02, val=1.014e+02]
GNN flow training:  59%|█████▉    | 59/100 [04:28<03:03,  4.46s/epoch, best=1.014e+02, sign=0.164, train=1.014e+02, val=1.011e+02]
GNN flow training:  60%|██████    | 60/100 [04:28<02:58,  4.46s/epoch, best=1.014e+02, sign=0.164, train=1.014e+02, val=1.011e+02]
GNN flow training:  60%|██████    | 60/100 [04:33<02:58,  4.46s/epoch, best=1.011e+02, sign=0.163, train=1.012e+02, val=1.013e+02]
GNN flow training:  61%|██████    | 61/100 [04:33<02:53,  4.45s/epoch, best=1.011e+02, sign=0.163, train=1.012e+02, val=1.013e+02]
GNN flow training:  61%|██████    | 61/100 [04:37<02:53,  4.45s/epoch, best=1.011e+02, sign=0.161, train=1.013e+02, val=1.017e+02]
GNN flow training:  62%|██████▏   | 62/100 [04:37<02:49,  4.47s/epoch, best=1.011e+02, sign=0.161, train=1.013e+02, val=1.017e+02]
GNN flow training:  62%|██████▏   | 62/100 [04:42<02:49,  4.47s/epoch, best=1.011e+02, sign=0.160, train=1.017e+02, val=1.012e+02]
GNN flow training:  63%|██████▎   | 63/100 [04:42<02:44,  4.46s/epoch, best=1.011e+02, sign=0.160, train=1.017e+02, val=1.012e+02]
GNN flow training:  63%|██████▎   | 63/100 [04:46<02:44,  4.46s/epoch, best=1.011e+02, sign=0.161, train=1.012e+02, val=1.003e+02]
GNN flow training:  64%|██████▍   | 64/100 [04:46<02:39,  4.44s/epoch, best=1.011e+02, sign=0.161, train=1.012e+02, val=1.003e+02]
GNN flow training:  64%|██████▍   | 64/100 [04:51<02:39,  4.44s/epoch, best=1.003e+02, sign=0.160, train=1.003e+02, val=1.007e+02]
GNN flow training:  65%|██████▌   | 65/100 [04:51<02:35,  4.43s/epoch, best=1.003e+02, sign=0.160, train=1.003e+02, val=1.007e+02]
GNN flow training:  65%|██████▌   | 65/100 [04:55<02:35,  4.43s/epoch, best=1.003e+02, sign=0.159, train=1.007e+02, val=1.002e+02]
GNN flow training:  66%|██████▌   | 66/100 [04:55<02:30,  4.43s/epoch, best=1.003e+02, sign=0.159, train=1.007e+02, val=1.002e+02]
GNN flow training:  66%|██████▌   | 66/100 [04:59<02:30,  4.43s/epoch, best=1.002e+02, sign=0.160, train=1.002e+02, val=9.992e+01]
GNN flow training:  67%|██████▋   | 67/100 [04:59<02:26,  4.44s/epoch, best=1.002e+02, sign=0.160, train=1.002e+02, val=9.992e+01]
GNN flow training:  67%|██████▋   | 67/100 [05:04<02:26,  4.44s/epoch, best=9.992e+01, sign=0.161, train=9.993e+01, val=9.926e+01]
GNN flow training:  68%|██████▊   | 68/100 [05:04<02:22,  4.44s/epoch, best=9.992e+01, sign=0.161, train=9.993e+01, val=9.926e+01]
GNN flow training:  68%|██████▊   | 68/100 [05:08<02:22,  4.44s/epoch, best=9.926e+01, sign=0.158, train=9.926e+01, val=9.926e+01]
GNN flow training:  69%|██████▉   | 69/100 [05:08<02:17,  4.45s/epoch, best=9.926e+01, sign=0.158, train=9.926e+01, val=9.926e+01]
GNN flow training:  69%|██████▉   | 69/100 [05:13<02:17,  4.45s/epoch, best=9.926e+01, sign=0.157, train=9.927e+01, val=1.002e+02]
GNN flow training:  70%|███████   | 70/100 [05:13<02:13,  4.44s/epoch, best=9.926e+01, sign=0.157, train=9.927e+01, val=1.002e+02]
GNN flow training:  70%|███████   | 70/100 [05:17<02:13,  4.44s/epoch, best=9.926e+01, sign=0.156, train=1.002e+02, val=9.937e+01]
GNN flow training:  71%|███████   | 71/100 [05:17<02:08,  4.43s/epoch, best=9.926e+01, sign=0.156, train=1.002e+02, val=9.937e+01]
GNN flow training:  71%|███████   | 71/100 [05:22<02:08,  4.43s/epoch, best=9.926e+01, sign=0.156, train=9.937e+01, val=9.959e+01]
GNN flow training:  72%|███████▏  | 72/100 [05:22<02:04,  4.43s/epoch, best=9.926e+01, sign=0.156, train=9.937e+01, val=9.959e+01]
GNN flow training:  72%|███████▏  | 72/100 [05:26<02:04,  4.43s/epoch, best=9.926e+01, sign=0.154, train=9.959e+01, val=9.982e+01]
GNN flow training:  73%|███████▎  | 73/100 [05:26<01:59,  4.42s/epoch, best=9.926e+01, sign=0.154, train=9.959e+01, val=9.982e+01]
GNN flow training:  73%|███████▎  | 73/100 [05:30<01:59,  4.42s/epoch, best=9.926e+01, sign=0.155, train=9.983e+01, val=1.008e+02]
GNN flow training:  74%|███████▍  | 74/100 [05:30<01:54,  4.42s/epoch, best=9.926e+01, sign=0.155, train=9.983e+01, val=1.008e+02]
GNN flow training:  74%|███████▍  | 74/100 [05:35<01:54,  4.42s/epoch, best=9.926e+01, sign=0.158, train=1.008e+02, val=9.957e+01]
GNN flow training:  75%|███████▌  | 75/100 [05:35<01:50,  4.43s/epoch, best=9.926e+01, sign=0.158, train=1.008e+02, val=9.957e+01]
GNN flow training:  75%|███████▌  | 75/100 [05:39<01:50,  4.43s/epoch, best=9.926e+01, sign=0.159, train=9.958e+01, val=9.964e+01]
GNN flow training:  76%|███████▌  | 76/100 [05:39<01:46,  4.42s/epoch, best=9.926e+01, sign=0.159, train=9.958e+01, val=9.964e+01]
GNN flow training:  76%|███████▌  | 76/100 [05:44<01:46,  4.42s/epoch, best=9.926e+01, sign=0.164, train=9.964e+01, val=1.009e+02]
GNN flow training:  77%|███████▋  | 77/100 [05:44<01:41,  4.41s/epoch, best=9.926e+01, sign=0.164, train=9.964e+01, val=1.009e+02]
GNN flow training:  77%|███████▋  | 77/100 [05:48<01:41,  4.41s/epoch, best=9.926e+01, sign=0.167, train=1.009e+02, val=1.007e+02]
GNN flow training:  78%|███████▊  | 78/100 [05:48<01:36,  4.41s/epoch, best=9.926e+01, sign=0.167, train=1.009e+02, val=1.007e+02]
GNN flow training:  78%|███████▊  | 78/100 [05:52<01:36,  4.41s/epoch, best=9.926e+01, sign=0.168, train=1.007e+02, val=1.003e+02]
GNN flow training:  79%|███████▉  | 79/100 [05:52<01:32,  4.41s/epoch, best=9.926e+01, sign=0.168, train=1.007e+02, val=1.003e+02]
GNN flow training:  79%|███████▉  | 79/100 [05:57<01:32,  4.41s/epoch, best=9.926e+01, sign=0.167, train=1.003e+02, val=9.854e+01]
GNN flow training:  80%|████████  | 80/100 [05:57<01:28,  4.41s/epoch, best=9.926e+01, sign=0.167, train=1.003e+02, val=9.854e+01]
GNN flow training:  80%|████████  | 80/100 [06:01<01:28,  4.41s/epoch, best=9.854e+01, sign=0.165, train=9.854e+01, val=9.660e+01]
GNN flow training:  81%|████████  | 81/100 [06:01<01:23,  4.42s/epoch, best=9.854e+01, sign=0.165, train=9.854e+01, val=9.660e+01]
GNN flow training:  81%|████████  | 81/100 [06:06<01:23,  4.42s/epoch, best=9.660e+01, sign=0.159, train=9.661e+01, val=9.760e+01]
GNN flow training:  82%|████████▏ | 82/100 [06:06<01:19,  4.44s/epoch, best=9.660e+01, sign=0.159, train=9.661e+01, val=9.760e+01]
GNN flow training:  82%|████████▏ | 82/100 [06:10<01:19,  4.44s/epoch, best=9.660e+01, sign=0.161, train=9.761e+01, val=9.747e+01]
GNN flow training:  83%|████████▎ | 83/100 [06:10<01:15,  4.44s/epoch, best=9.660e+01, sign=0.161, train=9.761e+01, val=9.747e+01]
GNN flow training:  83%|████████▎ | 83/100 [06:15<01:15,  4.44s/epoch, best=9.660e+01, sign=0.162, train=9.748e+01, val=9.653e+01]
GNN flow training:  84%|████████▍ | 84/100 [06:15<01:10,  4.43s/epoch, best=9.660e+01, sign=0.162, train=9.748e+01, val=9.653e+01]
GNN flow training:  84%|████████▍ | 84/100 [06:19<01:10,  4.43s/epoch, best=9.653e+01, sign=0.162, train=9.654e+01, val=9.601e+01]
GNN flow training:  85%|████████▌ | 85/100 [06:19<01:06,  4.43s/epoch, best=9.653e+01, sign=0.162, train=9.654e+01, val=9.601e+01]
GNN flow training:  85%|████████▌ | 85/100 [06:24<01:06,  4.43s/epoch, best=9.601e+01, sign=0.164, train=9.602e+01, val=9.526e+01]
GNN flow training:  86%|████████▌ | 86/100 [06:24<01:02,  4.43s/epoch, best=9.601e+01, sign=0.164, train=9.602e+01, val=9.526e+01]
GNN flow training:  86%|████████▌ | 86/100 [06:28<01:02,  4.43s/epoch, best=9.526e+01, sign=0.164, train=9.526e+01, val=9.382e+01]
GNN flow training:  87%|████████▋ | 87/100 [06:28<00:57,  4.44s/epoch, best=9.526e+01, sign=0.164, train=9.526e+01, val=9.382e+01]
GNN flow training:  87%|████████▋ | 87/100 [06:32<00:57,  4.44s/epoch, best=9.382e+01, sign=0.161, train=9.383e+01, val=9.262e+01]
GNN flow training:  88%|████████▊ | 88/100 [06:32<00:53,  4.45s/epoch, best=9.382e+01, sign=0.161, train=9.383e+01, val=9.262e+01]
GNN flow training:  88%|████████▊ | 88/100 [06:37<00:53,  4.45s/epoch, best=9.262e+01, sign=0.162, train=9.263e+01, val=9.221e+01]
GNN flow training:  89%|████████▉ | 89/100 [06:37<00:49,  4.47s/epoch, best=9.262e+01, sign=0.162, train=9.263e+01, val=9.221e+01]
GNN flow training:  89%|████████▉ | 89/100 [06:41<00:49,  4.47s/epoch, best=9.221e+01, sign=0.164, train=9.222e+01, val=9.103e+01]
GNN flow training:  90%|█████████ | 90/100 [06:41<00:44,  4.47s/epoch, best=9.221e+01, sign=0.164, train=9.222e+01, val=9.103e+01]
GNN flow training:  90%|█████████ | 90/100 [06:46<00:44,  4.47s/epoch, best=9.103e+01, sign=0.155, train=9.104e+01, val=9.068e+01]
GNN flow training:  91%|█████████ | 91/100 [06:46<00:40,  4.46s/epoch, best=9.103e+01, sign=0.155, train=9.104e+01, val=9.068e+01]
GNN flow training:  91%|█████████ | 91/100 [06:50<00:40,  4.46s/epoch, best=9.068e+01, sign=0.152, train=9.069e+01, val=9.118e+01]
GNN flow training:  92%|█████████▏| 92/100 [06:50<00:35,  4.44s/epoch, best=9.068e+01, sign=0.152, train=9.069e+01, val=9.118e+01]
GNN flow training:  92%|█████████▏| 92/100 [06:55<00:35,  4.44s/epoch, best=9.068e+01, sign=0.153, train=9.118e+01, val=9.079e+01]
GNN flow training:  93%|█████████▎| 93/100 [06:55<00:31,  4.44s/epoch, best=9.068e+01, sign=0.153, train=9.118e+01, val=9.079e+01]
GNN flow training:  93%|█████████▎| 93/100 [06:59<00:31,  4.44s/epoch, best=9.068e+01, sign=0.147, train=9.080e+01, val=9.080e+01]
GNN flow training:  94%|█████████▍| 94/100 [06:59<00:26,  4.44s/epoch, best=9.068e+01, sign=0.147, train=9.080e+01, val=9.080e+01]
GNN flow training:  94%|█████████▍| 94/100 [07:04<00:26,  4.44s/epoch, best=9.068e+01, sign=0.153, train=9.080e+01, val=9.040e+01]
GNN flow training:  95%|█████████▌| 95/100 [07:04<00:22,  4.43s/epoch, best=9.068e+01, sign=0.153, train=9.080e+01, val=9.040e+01]
GNN flow training:  95%|█████████▌| 95/100 [07:08<00:22,  4.43s/epoch, best=9.040e+01, sign=0.148, train=9.041e+01, val=9.069e+01]
GNN flow training:  96%|█████████▌| 96/100 [07:08<00:17,  4.43s/epoch, best=9.040e+01, sign=0.148, train=9.041e+01, val=9.069e+01]
GNN flow training:  96%|█████████▌| 96/100 [07:12<00:17,  4.43s/epoch, best=9.040e+01, sign=0.149, train=9.069e+01, val=9.115e+01]
GNN flow training:  97%|█████████▋| 97/100 [07:12<00:13,  4.43s/epoch, best=9.040e+01, sign=0.149, train=9.069e+01, val=9.115e+01]
GNN flow training:  97%|█████████▋| 97/100 [07:17<00:13,  4.43s/epoch, best=9.040e+01, sign=0.141, train=9.116e+01, val=9.851e+01]
GNN flow training:  98%|█████████▊| 98/100 [07:17<00:08,  4.42s/epoch, best=9.040e+01, sign=0.141, train=9.116e+01, val=9.851e+01]
GNN flow training:  98%|█████████▊| 98/100 [07:21<00:08,  4.42s/epoch, best=9.040e+01, sign=0.139, train=9.851e+01, val=1.031e+02]
GNN flow training:  99%|█████████▉| 99/100 [07:21<00:04,  4.42s/epoch, best=9.040e+01, sign=0.139, train=9.851e+01, val=1.031e+02]
GNN flow training:  99%|█████████▉| 99/100 [07:26<00:04,  4.42s/epoch, best=9.040e+01, sign=0.141, train=1.031e+02, val=1.059e+02]
GNN flow training: 100%|██████████| 100/100 [07:26<00:00,  4.42s/epoch, best=9.040e+01, sign=0.141, train=1.031e+02, val=1.059e+02]
GNN flow training: 100%|██████████| 100/100 [07:26<00:00,  4.46s/epoch, best=9.040e+01, sign=0.141, train=1.031e+02, val=1.059e+02]

GNN flow training:   0%|          | 0/100 [00:00<?, ?epoch/s]
GNN flow training:   0%|          | 0/100 [00:04<?, ?epoch/s, best=1.306e+00, sign=0.194, train=1.307e+00, val=1.306e+00]
GNN flow training:   1%|          | 1/100 [00:04<07:39,  4.64s/epoch, best=1.306e+00, sign=0.194, train=1.307e+00, val=1.306e+00]
GNN flow training:   1%|          | 1/100 [00:09<07:39,  4.64s/epoch, best=1.306e+00, sign=0.194, train=1.307e+00, val=1.307e+00]
GNN flow training:   2%|▏         | 2/100 [00:09<07:26,  4.55s/epoch, best=1.306e+00, sign=0.194, train=1.307e+00, val=1.307e+00]
GNN flow training:   2%|▏         | 2/100 [00:13<07:26,  4.55s/epoch, best=1.306e+00, sign=0.194, train=1.308e+00, val=1.307e+00]
GNN flow training:   3%|▎         | 3/100 [00:13<07:18,  4.53s/epoch, best=1.306e+00, sign=0.194, train=1.308e+00, val=1.307e+00]
GNN flow training:   3%|▎         | 3/100 [00:18<07:18,  4.53s/epoch, best=1.306e+00, sign=0.194, train=1.308e+00, val=1.304e+00]
GNN flow training:   4%|▍         | 4/100 [00:18<07:13,  4.52s/epoch, best=1.306e+00, sign=0.194, train=1.308e+00, val=1.304e+00]
GNN flow training:   4%|▍         | 4/100 [00:22<07:13,  4.52s/epoch, best=1.304e+00, sign=0.195, train=1.306e+00, val=1.303e+00]
GNN flow training:   5%|▌         | 5/100 [00:22<07:07,  4.50s/epoch, best=1.304e+00, sign=0.195, train=1.306e+00, val=1.303e+00]
GNN flow training:   5%|▌         | 5/100 [00:27<07:07,  4.50s/epoch, best=1.303e+00, sign=0.195, train=1.305e+00, val=1.303e+00]
GNN flow training:   6%|▌         | 6/100 [00:27<07:02,  4.49s/epoch, best=1.303e+00, sign=0.195, train=1.305e+00, val=1.303e+00]
GNN flow training:   6%|▌         | 6/100 [00:31<07:02,  4.49s/epoch, best=1.303e+00, sign=0.195, train=1.304e+00, val=1.303e+00]
GNN flow training:   7%|▋         | 7/100 [00:31<06:58,  4.50s/epoch, best=1.303e+00, sign=0.195, train=1.304e+00, val=1.303e+00]
GNN flow training:   7%|▋         | 7/100 [00:36<06:58,  4.50s/epoch, best=1.303e+00, sign=0.195, train=1.304e+00, val=1.302e+00]
GNN flow training:   8%|▊         | 8/100 [00:36<06:53,  4.49s/epoch, best=1.303e+00, sign=0.195, train=1.304e+00, val=1.302e+00]
GNN flow training:   8%|▊         | 8/100 [00:40<06:53,  4.49s/epoch, best=1.302e+00, sign=0.194, train=1.304e+00, val=1.301e+00]
GNN flow training:   9%|▉         | 9/100 [00:40<06:48,  4.49s/epoch, best=1.302e+00, sign=0.194, train=1.304e+00, val=1.301e+00]
GNN flow training:   9%|▉         | 9/100 [00:45<06:48,  4.49s/epoch, best=1.301e+00, sign=0.194, train=1.302e+00, val=1.300e+00]
GNN flow training:  10%|█         | 10/100 [00:45<06:44,  4.49s/epoch, best=1.301e+00, sign=0.194, train=1.302e+00, val=1.300e+00]
GNN flow training:  10%|█         | 10/100 [00:49<06:44,  4.49s/epoch, best=1.300e+00, sign=0.194, train=1.301e+00, val=1.300e+00]
GNN flow training:  11%|█         | 11/100 [00:49<06:40,  4.50s/epoch, best=1.300e+00, sign=0.194, train=1.301e+00, val=1.300e+00]
GNN flow training:  11%|█         | 11/100 [00:54<06:40,  4.50s/epoch, best=1.300e+00, sign=0.195, train=1.302e+00, val=1.303e+00]
GNN flow training:  12%|█▏        | 12/100 [00:54<06:36,  4.50s/epoch, best=1.300e+00, sign=0.195, train=1.302e+00, val=1.303e+00]
GNN flow training:  12%|█▏        | 12/100 [00:58<06:36,  4.50s/epoch, best=1.300e+00, sign=0.194, train=1.305e+00, val=1.301e+00]
GNN flow training:  13%|█▎        | 13/100 [00:58<06:31,  4.50s/epoch, best=1.300e+00, sign=0.194, train=1.305e+00, val=1.301e+00]
GNN flow training:  13%|█▎        | 13/100 [01:03<06:31,  4.50s/epoch, best=1.300e+00, sign=0.195, train=1.302e+00, val=1.301e+00]
GNN flow training:  14%|█▍        | 14/100 [01:03<06:26,  4.49s/epoch, best=1.300e+00, sign=0.195, train=1.302e+00, val=1.301e+00]
GNN flow training:  14%|█▍        | 14/100 [01:07<06:26,  4.49s/epoch, best=1.300e+00, sign=0.194, train=1.303e+00, val=1.300e+00]
GNN flow training:  15%|█▌        | 15/100 [01:07<06:20,  4.48s/epoch, best=1.300e+00, sign=0.194, train=1.303e+00, val=1.300e+00]
GNN flow training:  15%|█▌        | 15/100 [01:11<06:20,  4.48s/epoch, best=1.300e+00, sign=0.194, train=1.302e+00, val=1.298e+00]
GNN flow training:  16%|█▌        | 16/100 [01:11<06:15,  4.47s/epoch, best=1.300e+00, sign=0.194, train=1.302e+00, val=1.298e+00]
GNN flow training:  16%|█▌        | 16/100 [01:16<06:15,  4.47s/epoch, best=1.298e+00, sign=0.194, train=1.300e+00, val=1.295e+00]
GNN flow training:  17%|█▋        | 17/100 [01:16<06:10,  4.46s/epoch, best=1.298e+00, sign=0.194, train=1.300e+00, val=1.295e+00]
GNN flow training:  17%|█▋        | 17/100 [01:20<06:10,  4.46s/epoch, best=1.295e+00, sign=0.193, train=1.296e+00, val=1.293e+00]
GNN flow training:  18%|█▊        | 18/100 [01:20<06:06,  4.47s/epoch, best=1.295e+00, sign=0.193, train=1.296e+00, val=1.293e+00]
GNN flow training:  18%|█▊        | 18/100 [01:25<06:06,  4.47s/epoch, best=1.293e+00, sign=0.193, train=1.295e+00, val=1.287e+00]
GNN flow training:  19%|█▉        | 19/100 [01:25<06:02,  4.48s/epoch, best=1.293e+00, sign=0.193, train=1.295e+00, val=1.287e+00]
GNN flow training:  19%|█▉        | 19/100 [01:29<06:02,  4.48s/epoch, best=1.287e+00, sign=0.193, train=1.289e+00, val=1.284e+00]
GNN flow training:  20%|██        | 20/100 [01:29<05:58,  4.48s/epoch, best=1.287e+00, sign=0.193, train=1.289e+00, val=1.284e+00]
GNN flow training:  20%|██        | 20/100 [01:34<05:58,  4.48s/epoch, best=1.284e+00, sign=0.193, train=1.285e+00, val=1.283e+00]
GNN flow training:  21%|██        | 21/100 [01:34<05:54,  4.49s/epoch, best=1.284e+00, sign=0.193, train=1.285e+00, val=1.283e+00]
GNN flow training:  21%|██        | 21/100 [01:38<05:54,  4.49s/epoch, best=1.283e+00, sign=0.193, train=1.285e+00, val=1.278e+00]
GNN flow training:  22%|██▏       | 22/100 [01:38<05:49,  4.47s/epoch, best=1.283e+00, sign=0.193, train=1.285e+00, val=1.278e+00]
GNN flow training:  22%|██▏       | 22/100 [01:43<05:49,  4.47s/epoch, best=1.278e+00, sign=0.193, train=1.280e+00, val=1.276e+00]
GNN flow training:  23%|██▎       | 23/100 [01:43<05:44,  4.47s/epoch, best=1.278e+00, sign=0.193, train=1.280e+00, val=1.276e+00]
GNN flow training:  23%|██▎       | 23/100 [01:47<05:44,  4.47s/epoch, best=1.276e+00, sign=0.194, train=1.278e+00, val=1.274e+00]
GNN flow training:  24%|██▍       | 24/100 [01:47<05:40,  4.49s/epoch, best=1.276e+00, sign=0.194, train=1.278e+00, val=1.274e+00]
GNN flow training:  24%|██▍       | 24/100 [01:52<05:40,  4.49s/epoch, best=1.274e+00, sign=0.194, train=1.275e+00, val=1.269e+00]
GNN flow training:  25%|██▌       | 25/100 [01:52<05:37,  4.50s/epoch, best=1.274e+00, sign=0.194, train=1.275e+00, val=1.269e+00]
GNN flow training:  25%|██▌       | 25/100 [01:56<05:37,  4.50s/epoch, best=1.269e+00, sign=0.195, train=1.270e+00, val=1.265e+00]
GNN flow training:  26%|██▌       | 26/100 [01:56<05:32,  4.50s/epoch, best=1.269e+00, sign=0.195, train=1.270e+00, val=1.265e+00]
GNN flow training:  26%|██▌       | 26/100 [02:01<05:32,  4.50s/epoch, best=1.265e+00, sign=0.195, train=1.267e+00, val=1.271e+00]
GNN flow training:  27%|██▋       | 27/100 [02:01<05:28,  4.50s/epoch, best=1.265e+00, sign=0.195, train=1.267e+00, val=1.271e+00]
GNN flow training:  27%|██▋       | 27/100 [02:05<05:28,  4.50s/epoch, best=1.265e+00, sign=0.198, train=1.273e+00, val=1.270e+00]
GNN flow training:  28%|██▊       | 28/100 [02:05<05:23,  4.50s/epoch, best=1.265e+00, sign=0.198, train=1.273e+00, val=1.270e+00]
GNN flow training:  28%|██▊       | 28/100 [02:10<05:23,  4.50s/epoch, best=1.265e+00, sign=0.198, train=1.272e+00, val=1.270e+00]
GNN flow training:  29%|██▉       | 29/100 [02:10<05:19,  4.51s/epoch, best=1.265e+00, sign=0.198, train=1.272e+00, val=1.270e+00]
GNN flow training:  29%|██▉       | 29/100 [02:14<05:19,  4.51s/epoch, best=1.265e+00, sign=0.197, train=1.272e+00, val=1.270e+00]
GNN flow training:  30%|███       | 30/100 [02:14<05:15,  4.51s/epoch, best=1.265e+00, sign=0.197, train=1.272e+00, val=1.270e+00]
GNN flow training:  30%|███       | 30/100 [02:19<05:15,  4.51s/epoch, best=1.265e+00, sign=0.195, train=1.271e+00, val=1.260e+00]
GNN flow training:  31%|███       | 31/100 [02:19<05:10,  4.50s/epoch, best=1.265e+00, sign=0.195, train=1.271e+00, val=1.260e+00]
GNN flow training:  31%|███       | 31/100 [02:23<05:10,  4.50s/epoch, best=1.260e+00, sign=0.194, train=1.262e+00, val=1.256e+00]
GNN flow training:  32%|███▏      | 32/100 [02:23<05:06,  4.51s/epoch, best=1.260e+00, sign=0.194, train=1.262e+00, val=1.256e+00]
GNN flow training:  32%|███▏      | 32/100 [02:28<05:06,  4.51s/epoch, best=1.256e+00, sign=0.192, train=1.257e+00, val=1.254e+00]
GNN flow training:  33%|███▎      | 33/100 [02:28<05:01,  4.50s/epoch, best=1.256e+00, sign=0.192, train=1.257e+00, val=1.254e+00]
GNN flow training:  33%|███▎      | 33/100 [02:32<05:01,  4.50s/epoch, best=1.254e+00, sign=0.190, train=1.255e+00, val=1.259e+00]
GNN flow training:  34%|███▍      | 34/100 [02:32<04:56,  4.49s/epoch, best=1.254e+00, sign=0.190, train=1.255e+00, val=1.259e+00]
GNN flow training:  34%|███▍      | 34/100 [02:37<04:56,  4.49s/epoch, best=1.254e+00, sign=0.188, train=1.261e+00, val=1.258e+00]
GNN flow training:  35%|███▌      | 35/100 [02:37<04:51,  4.48s/epoch, best=1.254e+00, sign=0.188, train=1.261e+00, val=1.258e+00]
GNN flow training:  35%|███▌      | 35/100 [02:41<04:51,  4.48s/epoch, best=1.254e+00, sign=0.187, train=1.259e+00, val=1.258e+00]
GNN flow training:  36%|███▌      | 36/100 [02:41<04:47,  4.50s/epoch, best=1.254e+00, sign=0.187, train=1.259e+00, val=1.258e+00]
GNN flow training:  36%|███▌      | 36/100 [02:46<04:47,  4.50s/epoch, best=1.254e+00, sign=0.186, train=1.260e+00, val=1.254e+00]
GNN flow training:  37%|███▋      | 37/100 [02:46<04:43,  4.50s/epoch, best=1.254e+00, sign=0.186, train=1.260e+00, val=1.254e+00]
GNN flow training:  37%|███▋      | 37/100 [02:50<04:43,  4.50s/epoch, best=1.254e+00, sign=0.187, train=1.256e+00, val=1.253e+00]
GNN flow training:  38%|███▊      | 38/100 [02:50<04:38,  4.49s/epoch, best=1.254e+00, sign=0.187, train=1.256e+00, val=1.253e+00]
GNN flow training:  38%|███▊      | 38/100 [02:55<04:38,  4.49s/epoch, best=1.253e+00, sign=0.190, train=1.254e+00, val=1.255e+00]
GNN flow training:  39%|███▉      | 39/100 [02:55<04:34,  4.50s/epoch, best=1.253e+00, sign=0.190, train=1.254e+00, val=1.255e+00]
GNN flow training:  39%|███▉      | 39/100 [02:59<04:34,  4.50s/epoch, best=1.253e+00, sign=0.192, train=1.257e+00, val=1.252e+00]
GNN flow training:  40%|████      | 40/100 [02:59<04:29,  4.49s/epoch, best=1.253e+00, sign=0.192, train=1.257e+00, val=1.252e+00]
GNN flow training:  40%|████      | 40/100 [03:04<04:29,  4.49s/epoch, best=1.252e+00, sign=0.195, train=1.254e+00, val=1.259e+00]
GNN flow training:  41%|████      | 41/100 [03:04<04:25,  4.49s/epoch, best=1.252e+00, sign=0.195, train=1.254e+00, val=1.259e+00]
GNN flow training:  41%|████      | 41/100 [03:08<04:25,  4.49s/epoch, best=1.252e+00, sign=0.197, train=1.260e+00, val=1.258e+00]
GNN flow training:  42%|████▏     | 42/100 [03:08<04:20,  4.49s/epoch, best=1.252e+00, sign=0.197, train=1.260e+00, val=1.258e+00]
GNN flow training:  42%|████▏     | 42/100 [03:13<04:20,  4.49s/epoch, best=1.252e+00, sign=0.199, train=1.260e+00, val=1.264e+00]
GNN flow training:  43%|████▎     | 43/100 [03:13<04:16,  4.50s/epoch, best=1.252e+00, sign=0.199, train=1.260e+00, val=1.264e+00]
GNN flow training:  43%|████▎     | 43/100 [03:17<04:16,  4.50s/epoch, best=1.252e+00, sign=0.203, train=1.265e+00, val=1.261e+00]
GNN flow training:  44%|████▍     | 44/100 [03:17<04:11,  4.49s/epoch, best=1.252e+00, sign=0.203, train=1.265e+00, val=1.261e+00]
GNN flow training:  44%|████▍     | 44/100 [03:22<04:11,  4.49s/epoch, best=1.252e+00, sign=0.201, train=1.262e+00, val=1.253e+00]
GNN flow training:  45%|████▌     | 45/100 [03:22<04:07,  4.49s/epoch, best=1.252e+00, sign=0.201, train=1.262e+00, val=1.253e+00]
GNN flow training:  45%|████▌     | 45/100 [03:26<04:07,  4.49s/epoch, best=1.252e+00, sign=0.195, train=1.255e+00, val=1.241e+00]
GNN flow training:  46%|████▌     | 46/100 [03:26<04:02,  4.49s/epoch, best=1.252e+00, sign=0.195, train=1.255e+00, val=1.241e+00]
GNN flow training:  46%|████▌     | 46/100 [03:31<04:02,  4.49s/epoch, best=1.241e+00, sign=0.193, train=1.242e+00, val=1.231e+00]
GNN flow training:  47%|████▋     | 47/100 [03:31<03:58,  4.50s/epoch, best=1.241e+00, sign=0.193, train=1.242e+00, val=1.231e+00]
GNN flow training:  47%|████▋     | 47/100 [03:35<03:58,  4.50s/epoch, best=1.231e+00, sign=0.189, train=1.233e+00, val=1.227e+00]
GNN flow training:  48%|████▊     | 48/100 [03:35<03:53,  4.50s/epoch, best=1.231e+00, sign=0.189, train=1.233e+00, val=1.227e+00]
GNN flow training:  48%|████▊     | 48/100 [03:40<03:53,  4.50s/epoch, best=1.227e+00, sign=0.187, train=1.229e+00, val=1.223e+00]
GNN flow training:  49%|████▉     | 49/100 [03:40<03:49,  4.50s/epoch, best=1.227e+00, sign=0.187, train=1.229e+00, val=1.223e+00]
GNN flow training:  49%|████▉     | 49/100 [03:44<03:49,  4.50s/epoch, best=1.223e+00, sign=0.185, train=1.224e+00, val=1.219e+00]
GNN flow training:  50%|█████     | 50/100 [03:44<03:45,  4.51s/epoch, best=1.223e+00, sign=0.185, train=1.224e+00, val=1.219e+00]
GNN flow training:  50%|█████     | 50/100 [03:49<03:45,  4.51s/epoch, best=1.219e+00, sign=0.183, train=1.221e+00, val=1.214e+00]
GNN flow training:  51%|█████     | 51/100 [03:49<03:40,  4.50s/epoch, best=1.219e+00, sign=0.183, train=1.221e+00, val=1.214e+00]
GNN flow training:  51%|█████     | 51/100 [03:53<03:40,  4.50s/epoch, best=1.214e+00, sign=0.181, train=1.216e+00, val=1.205e+00]
GNN flow training:  52%|█████▏    | 52/100 [03:53<03:35,  4.50s/epoch, best=1.214e+00, sign=0.181, train=1.216e+00, val=1.205e+00]
GNN flow training:  52%|█████▏    | 52/100 [03:58<03:35,  4.50s/epoch, best=1.205e+00, sign=0.178, train=1.207e+00, val=1.197e+00]
GNN flow training:  53%|█████▎    | 53/100 [03:58<03:30,  4.48s/epoch, best=1.205e+00, sign=0.178, train=1.207e+00, val=1.197e+00]
GNN flow training:  53%|█████▎    | 53/100 [04:02<03:30,  4.48s/epoch, best=1.197e+00, sign=0.176, train=1.198e+00, val=1.191e+00]
GNN flow training:  54%|█████▍    | 54/100 [04:02<03:26,  4.50s/epoch, best=1.197e+00, sign=0.176, train=1.198e+00, val=1.191e+00]
GNN flow training:  54%|█████▍    | 54/100 [04:07<03:26,  4.50s/epoch, best=1.191e+00, sign=0.176, train=1.193e+00, val=1.184e+00]
GNN flow training:  55%|█████▌    | 55/100 [04:07<03:22,  4.50s/epoch, best=1.191e+00, sign=0.176, train=1.193e+00, val=1.184e+00]
GNN flow training:  55%|█████▌    | 55/100 [04:11<03:22,  4.50s/epoch, best=1.184e+00, sign=0.173, train=1.185e+00, val=1.172e+00]
GNN flow training:  56%|█████▌    | 56/100 [04:11<03:17,  4.50s/epoch, best=1.184e+00, sign=0.173, train=1.185e+00, val=1.172e+00]
GNN flow training:  56%|█████▌    | 56/100 [04:16<03:17,  4.50s/epoch, best=1.172e+00, sign=0.172, train=1.173e+00, val=1.167e+00]
GNN flow training:  57%|█████▋    | 57/100 [04:16<03:13,  4.50s/epoch, best=1.172e+00, sign=0.172, train=1.173e+00, val=1.167e+00]
GNN flow training:  57%|█████▋    | 57/100 [04:20<03:13,  4.50s/epoch, best=1.167e+00, sign=0.172, train=1.168e+00, val=1.162e+00]
GNN flow training:  58%|█████▊    | 58/100 [04:20<03:08,  4.49s/epoch, best=1.167e+00, sign=0.172, train=1.168e+00, val=1.162e+00]
GNN flow training:  58%|█████▊    | 58/100 [04:25<03:08,  4.49s/epoch, best=1.162e+00, sign=0.171, train=1.164e+00, val=1.148e+00]
GNN flow training:  59%|█████▉    | 59/100 [04:25<03:04,  4.51s/epoch, best=1.162e+00, sign=0.171, train=1.164e+00, val=1.148e+00]
GNN flow training:  59%|█████▉    | 59/100 [04:29<03:04,  4.51s/epoch, best=1.148e+00, sign=0.173, train=1.149e+00, val=1.144e+00]
GNN flow training:  60%|██████    | 60/100 [04:29<02:59,  4.49s/epoch, best=1.148e+00, sign=0.173, train=1.149e+00, val=1.144e+00]
GNN flow training:  60%|██████    | 60/100 [04:34<02:59,  4.49s/epoch, best=1.144e+00, sign=0.173, train=1.145e+00, val=1.137e+00]
GNN flow training:  61%|██████    | 61/100 [04:34<02:55,  4.50s/epoch, best=1.144e+00, sign=0.173, train=1.145e+00, val=1.137e+00]
GNN flow training:  61%|██████    | 61/100 [04:38<02:55,  4.50s/epoch, best=1.137e+00, sign=0.173, train=1.138e+00, val=1.132e+00]
GNN flow training:  62%|██████▏   | 62/100 [04:38<02:50,  4.49s/epoch, best=1.137e+00, sign=0.173, train=1.138e+00, val=1.132e+00]
GNN flow training:  62%|██████▏   | 62/100 [04:43<02:50,  4.49s/epoch, best=1.132e+00, sign=0.173, train=1.133e+00, val=1.129e+00]
GNN flow training:  63%|██████▎   | 63/100 [04:43<02:46,  4.50s/epoch, best=1.132e+00, sign=0.173, train=1.133e+00, val=1.129e+00]
GNN flow training:  63%|██████▎   | 63/100 [04:47<02:46,  4.50s/epoch, best=1.129e+00, sign=0.173, train=1.130e+00, val=1.124e+00]
GNN flow training:  64%|██████▍   | 64/100 [04:47<02:41,  4.47s/epoch, best=1.129e+00, sign=0.173, train=1.130e+00, val=1.124e+00]
GNN flow training:  64%|██████▍   | 64/100 [04:52<02:41,  4.47s/epoch, best=1.124e+00, sign=0.172, train=1.125e+00, val=1.119e+00]
GNN flow training:  65%|██████▌   | 65/100 [04:52<02:36,  4.46s/epoch, best=1.124e+00, sign=0.172, train=1.125e+00, val=1.119e+00]
GNN flow training:  65%|██████▌   | 65/100 [04:56<02:36,  4.46s/epoch, best=1.119e+00, sign=0.172, train=1.120e+00, val=1.112e+00]
GNN flow training:  66%|██████▌   | 66/100 [04:56<02:31,  4.46s/epoch, best=1.119e+00, sign=0.172, train=1.120e+00, val=1.112e+00]
GNN flow training:  66%|██████▌   | 66/100 [05:00<02:31,  4.46s/epoch, best=1.112e+00, sign=0.171, train=1.114e+00, val=1.112e+00]
GNN flow training:  67%|██████▋   | 67/100 [05:00<02:27,  4.47s/epoch, best=1.112e+00, sign=0.171, train=1.114e+00, val=1.112e+00]
GNN flow training:  67%|██████▋   | 67/100 [05:05<02:27,  4.47s/epoch, best=1.112e+00, sign=0.171, train=1.113e+00, val=1.108e+00]
GNN flow training:  68%|██████▊   | 68/100 [05:05<02:23,  4.47s/epoch, best=1.112e+00, sign=0.171, train=1.113e+00, val=1.108e+00]
GNN flow training:  68%|██████▊   | 68/100 [05:09<02:23,  4.47s/epoch, best=1.108e+00, sign=0.171, train=1.109e+00, val=1.094e+00]
GNN flow training:  69%|██████▉   | 69/100 [05:09<02:18,  4.47s/epoch, best=1.108e+00, sign=0.171, train=1.109e+00, val=1.094e+00]
GNN flow training:  69%|██████▉   | 69/100 [05:14<02:18,  4.47s/epoch, best=1.094e+00, sign=0.172, train=1.096e+00, val=1.089e+00]
GNN flow training:  70%|███████   | 70/100 [05:14<02:13,  4.46s/epoch, best=1.094e+00, sign=0.172, train=1.096e+00, val=1.089e+00]
GNN flow training:  70%|███████   | 70/100 [05:18<02:13,  4.46s/epoch, best=1.089e+00, sign=0.173, train=1.090e+00, val=1.084e+00]
GNN flow training:  71%|███████   | 71/100 [05:18<02:09,  4.46s/epoch, best=1.089e+00, sign=0.173, train=1.090e+00, val=1.084e+00]
GNN flow training:  71%|███████   | 71/100 [05:23<02:09,  4.46s/epoch, best=1.084e+00, sign=0.172, train=1.085e+00, val=1.080e+00]
GNN flow training:  72%|███████▏  | 72/100 [05:23<02:04,  4.45s/epoch, best=1.084e+00, sign=0.172, train=1.085e+00, val=1.080e+00]
GNN flow training:  72%|███████▏  | 72/100 [05:27<02:04,  4.45s/epoch, best=1.080e+00, sign=0.172, train=1.081e+00, val=1.072e+00]
GNN flow training:  73%|███████▎  | 73/100 [05:27<02:00,  4.45s/epoch, best=1.080e+00, sign=0.172, train=1.081e+00, val=1.072e+00]
GNN flow training:  73%|███████▎  | 73/100 [05:32<02:00,  4.45s/epoch, best=1.072e+00, sign=0.171, train=1.074e+00, val=1.070e+00]
GNN flow training:  74%|███████▍  | 74/100 [05:32<01:55,  4.46s/epoch, best=1.072e+00, sign=0.171, train=1.074e+00, val=1.070e+00]
GNN flow training:  74%|███████▍  | 74/100 [05:36<01:55,  4.46s/epoch, best=1.070e+00, sign=0.172, train=1.071e+00, val=1.057e+00]
GNN flow training:  75%|███████▌  | 75/100 [05:36<01:51,  4.46s/epoch, best=1.070e+00, sign=0.172, train=1.071e+00, val=1.057e+00]
GNN flow training:  75%|███████▌  | 75/100 [05:41<01:51,  4.46s/epoch, best=1.057e+00, sign=0.173, train=1.059e+00, val=1.055e+00]
GNN flow training:  76%|███████▌  | 76/100 [05:41<01:47,  4.47s/epoch, best=1.057e+00, sign=0.173, train=1.059e+00, val=1.055e+00]
GNN flow training:  76%|███████▌  | 76/100 [05:45<01:47,  4.47s/epoch, best=1.055e+00, sign=0.172, train=1.057e+00, val=1.060e+00]
GNN flow training:  77%|███████▋  | 77/100 [05:45<01:42,  4.47s/epoch, best=1.055e+00, sign=0.172, train=1.057e+00, val=1.060e+00]
GNN flow training:  77%|███████▋  | 77/100 [05:50<01:42,  4.47s/epoch, best=1.055e+00, sign=0.172, train=1.062e+00, val=1.063e+00]
GNN flow training:  78%|███████▊  | 78/100 [05:50<01:38,  4.47s/epoch, best=1.055e+00, sign=0.172, train=1.062e+00, val=1.063e+00]
GNN flow training:  78%|███████▊  | 78/100 [05:54<01:38,  4.47s/epoch, best=1.055e+00, sign=0.169, train=1.064e+00, val=1.059e+00]
GNN flow training:  79%|███████▉  | 79/100 [05:54<01:33,  4.46s/epoch, best=1.055e+00, sign=0.169, train=1.064e+00, val=1.059e+00]
GNN flow training:  79%|███████▉  | 79/100 [05:58<01:33,  4.46s/epoch, best=1.055e+00, sign=0.165, train=1.060e+00, val=1.066e+00]
GNN flow training:  80%|████████  | 80/100 [05:58<01:29,  4.46s/epoch, best=1.055e+00, sign=0.165, train=1.060e+00, val=1.066e+00]
GNN flow training:  80%|████████  | 80/100 [06:03<01:29,  4.46s/epoch, best=1.055e+00, sign=0.165, train=1.067e+00, val=1.064e+00]
GNN flow training:  81%|████████  | 81/100 [06:03<01:24,  4.46s/epoch, best=1.055e+00, sign=0.165, train=1.067e+00, val=1.064e+00]
GNN flow training:  81%|████████  | 81/100 [06:08<01:24,  4.46s/epoch, best=1.055e+00, sign=0.165, train=1.065e+00, val=1.059e+00]
GNN flow training:  82%|████████▏ | 82/100 [06:08<01:20,  4.50s/epoch, best=1.055e+00, sign=0.165, train=1.065e+00, val=1.059e+00]
GNN flow training:  82%|████████▏ | 82/100 [06:12<01:20,  4.50s/epoch, best=1.055e+00, sign=0.165, train=1.061e+00, val=1.049e+00]
GNN flow training:  83%|████████▎ | 83/100 [06:12<01:16,  4.48s/epoch, best=1.055e+00, sign=0.165, train=1.061e+00, val=1.049e+00]
GNN flow training:  83%|████████▎ | 83/100 [06:16<01:16,  4.48s/epoch, best=1.049e+00, sign=0.164, train=1.050e+00, val=1.040e+00]
GNN flow training:  84%|████████▍ | 84/100 [06:16<01:11,  4.48s/epoch, best=1.049e+00, sign=0.164, train=1.050e+00, val=1.040e+00]
GNN flow training:  84%|████████▍ | 84/100 [06:21<01:11,  4.48s/epoch, best=1.040e+00, sign=0.163, train=1.041e+00, val=1.042e+00]
GNN flow training:  85%|████████▌ | 85/100 [06:21<01:07,  4.47s/epoch, best=1.040e+00, sign=0.163, train=1.041e+00, val=1.042e+00]
GNN flow training:  85%|████████▌ | 85/100 [06:25<01:07,  4.47s/epoch, best=1.040e+00, sign=0.163, train=1.043e+00, val=1.033e+00]
GNN flow training:  86%|████████▌ | 86/100 [06:25<01:02,  4.48s/epoch, best=1.040e+00, sign=0.163, train=1.043e+00, val=1.033e+00]
GNN flow training:  86%|████████▌ | 86/100 [06:30<01:02,  4.48s/epoch, best=1.033e+00, sign=0.161, train=1.034e+00, val=1.029e+00]
GNN flow training:  87%|████████▋ | 87/100 [06:30<00:58,  4.49s/epoch, best=1.033e+00, sign=0.161, train=1.034e+00, val=1.029e+00]
GNN flow training:  87%|████████▋ | 87/100 [06:34<00:58,  4.49s/epoch, best=1.029e+00, sign=0.161, train=1.030e+00, val=1.029e+00]
GNN flow training:  88%|████████▊ | 88/100 [06:34<00:53,  4.49s/epoch, best=1.029e+00, sign=0.161, train=1.030e+00, val=1.029e+00]
GNN flow training:  88%|████████▊ | 88/100 [06:39<00:53,  4.49s/epoch, best=1.029e+00, sign=0.161, train=1.030e+00, val=1.034e+00]
GNN flow training:  89%|████████▉ | 89/100 [06:39<00:49,  4.48s/epoch, best=1.029e+00, sign=0.161, train=1.030e+00, val=1.034e+00]
GNN flow training:  89%|████████▉ | 89/100 [06:43<00:49,  4.48s/epoch, best=1.029e+00, sign=0.161, train=1.035e+00, val=1.027e+00]
GNN flow training:  90%|█████████ | 90/100 [06:43<00:44,  4.47s/epoch, best=1.029e+00, sign=0.161, train=1.035e+00, val=1.027e+00]
GNN flow training:  90%|█████████ | 90/100 [06:48<00:44,  4.47s/epoch, best=1.027e+00, sign=0.163, train=1.028e+00, val=1.038e+00]
GNN flow training:  91%|█████████ | 91/100 [06:48<00:40,  4.47s/epoch, best=1.027e+00, sign=0.163, train=1.028e+00, val=1.038e+00]
GNN flow training:  91%|█████████ | 91/100 [06:52<00:40,  4.47s/epoch, best=1.027e+00, sign=0.170, train=1.039e+00, val=1.056e+00]
GNN flow training:  92%|█████████▏| 92/100 [06:52<00:35,  4.48s/epoch, best=1.027e+00, sign=0.170, train=1.039e+00, val=1.056e+00]
GNN flow training:  92%|█████████▏| 92/100 [06:57<00:35,  4.48s/epoch, best=1.027e+00, sign=0.184, train=1.057e+00, val=1.101e+00]
GNN flow training:  93%|█████████▎| 93/100 [06:57<00:31,  4.48s/epoch, best=1.027e+00, sign=0.184, train=1.057e+00, val=1.101e+00]
GNN flow training:  93%|█████████▎| 93/100 [07:01<00:31,  4.48s/epoch, best=1.027e+00, sign=0.172, train=1.103e+00, val=1.066e+00]
GNN flow training:  94%|█████████▍| 94/100 [07:01<00:26,  4.49s/epoch, best=1.027e+00, sign=0.172, train=1.103e+00, val=1.066e+00]
GNN flow training:  94%|█████████▍| 94/100 [07:06<00:26,  4.49s/epoch, best=1.027e+00, sign=0.166, train=1.067e+00, val=1.065e+00]
GNN flow training:  95%|█████████▌| 95/100 [07:06<00:22,  4.49s/epoch, best=1.027e+00, sign=0.166, train=1.067e+00, val=1.065e+00]
GNN flow training:  95%|█████████▌| 95/100 [07:10<00:22,  4.49s/epoch, best=1.027e+00, sign=0.161, train=1.066e+00, val=1.064e+00]
GNN flow training:  96%|█████████▌| 96/100 [07:10<00:17,  4.50s/epoch, best=1.027e+00, sign=0.161, train=1.066e+00, val=1.064e+00]
GNN flow training:  96%|█████████▌| 96/100 [07:15<00:17,  4.50s/epoch, best=1.027e+00, sign=0.157, train=1.065e+00, val=1.045e+00]
GNN flow training:  97%|█████████▋| 97/100 [07:15<00:13,  4.49s/epoch, best=1.027e+00, sign=0.157, train=1.065e+00, val=1.045e+00]
GNN flow training:  97%|█████████▋| 97/100 [07:19<00:13,  4.49s/epoch, best=1.027e+00, sign=0.156, train=1.046e+00, val=1.032e+00]
GNN flow training:  98%|█████████▊| 98/100 [07:19<00:08,  4.49s/epoch, best=1.027e+00, sign=0.156, train=1.046e+00, val=1.032e+00]
GNN flow training:  98%|█████████▊| 98/100 [07:24<00:08,  4.49s/epoch, best=1.027e+00, sign=0.154, train=1.033e+00, val=1.026e+00]
GNN flow training:  99%|█████████▉| 99/100 [07:24<00:04,  4.50s/epoch, best=1.027e+00, sign=0.154, train=1.033e+00, val=1.026e+00]
GNN flow training:  99%|█████████▉| 99/100 [07:28<00:04,  4.50s/epoch, best=1.026e+00, sign=0.153, train=1.027e+00, val=1.036e+00]
GNN flow training: 100%|██████████| 100/100 [07:28<00:00,  4.50s/epoch, best=1.026e+00, sign=0.153, train=1.027e+00, val=1.036e+00]
GNN flow training: 100%|██████████| 100/100 [07:28<00:00,  4.49s/epoch, best=1.026e+00, sign=0.153, train=1.027e+00, val=1.036e+00]
Resolved config snapshot:
{'preset': 'solver_QKB_outer_QKBdelta', 'gnn_outer_losses': {'flow': 1.0, 'kirchhoff': 10.0, 'boundary': 100.0, 'delta_l2': 10.0, 'delta_smooth': 0.0, 'pressure_shape': 0.0}, 'physics': {'arterial_flow_mode': 'dataset', 'pressure_constraints': ['equal-a-equal-v'], 'alpha_pa': None, 'use_snr_weights': True, 'use_observed_flow_snr_weighting': True, 'flow_scale_mode': 'median_abs', 'solver_device': 'same', 'pressure_solver_mode': 'reduced-soft-constrained-lstsq', 'pressure_solver_lambda_kirchhoff': 1.0, 'pressure_solver_lambda_pressure_constraints': 100.0, 'pressure_solver_lambda_flow_residual': 1.0, 'pressure_shape_reference': 'delta_zero_reference', 'pressure_detach': False}, 'correction_bounds': {'correction_min': -0.5, 'correction_max': 0.5, 'correction_bound': 0.5, 'correction_parameterization': 'tanh'}, 'optimization': {'learning_rate': 0.001, 'weight_decay': 0.0001, 'gradient_clip_norm': 5.0, 'optimizer': 'adamw', 'epochs': 100, 'patience': 40}}
Resolved config snapshot:
{'preset': 'solver_QKB_outer_QKBdelta', 'gnn_outer_losses': {'flow': 0.1, 'kirchhoff': 0.1, 'boundary': 100.0, 'delta_l2': 1.0, 'delta_smooth': 0.0, 'pressure_shape': 0.0}, 'physics': {'arterial_flow_mode': 'dataset', 'pressure_constraints': ['equal-a-equal-v'], 'alpha_pa': None, 'use_snr_weights': True, 'use_observed_flow_snr_weighting': True, 'flow_scale_mode': 'median_abs', 'solver_device': 'same', 'pressure_solver_mode': 'reduced-soft-constrained-lstsq', 'pressure_solver_lambda_kirchhoff': 1.0, 'pressure_solver_lambda_pressure_constraints': 100.0, 'pressure_solver_lambda_flow_residual': 1.0, 'pressure_shape_reference': 'delta_zero_reference', 'pressure_detach': False}, 'correction_bounds': {'correction_min': -0.5, 'correction_max': 0.5, 'correction_bound': 0.5, 'correction_parameterization': 'tanh'}, 'optimization': {'learning_rate': 0.001, 'weight_decay': 0.0001, 'gradient_clip_norm': 5.0, 'optimizer': 'adamw', 'epochs': 100, 'patience': 40}}
Command: /mnt/home/sswee/miniforge3/envs/yolk-sac/bin/python /mnt/home/sswee/yolk/Yolk-Sac-Flow-Data-and-Sim/gnn_clean/scripts/python/gnn_flow.py /mnt/home/sswee/yolk/Yolk-Sac-Flow-Data-and-Sim/gnn_clean/datasets/mosaic_graph_canonical_harmonized/mosaic_graph_canonical_harmonized.gpickle --output-dir /mnt/home/sswee/yolk/Yolk-Sac-Flow-Data-and-Sim/gnn_clean/outputs_canonical/dc/03_pressure_constraint_sensitivity/gnn --run-name q_1__k_10__delta_10__constraint_equal_av --preset solver_QKB_outer_QKBdelta --device cuda --epochs 100 --seed 0 --viscosity-pa-s 0.0035 --config /mnt/home/sswee/yolk/Yolk-Sac-Flow-Data-and-Sim/gnn_clean/outputs_canonical/dc/03_pressure_constraint_sensitivity/_generated_configs/q_1__k_10__delta_10__constraint_equal_av.yaml --no-pressure-detach
Command: /mnt/home/sswee/miniforge3/envs/yolk-sac/bin/python /mnt/home/sswee/yolk/Yolk-Sac-Flow-Data-and-Sim/gnn_clean/scripts/python/gnn_flow.py /mnt/home/sswee/yolk/Yolk-Sac-Flow-Data-and-Sim/gnn_clean/datasets/mosaic_graph_canonical_harmonized/mosaic_graph_canonical_harmonized.gpickle --output-dir /mnt/home/sswee/yolk/Yolk-Sac-Flow-Data-and-Sim/gnn_clean/outputs_canonical/dc/03_pressure_constraint_sensitivity/gnn --run-name q_0p1__k_0p1__delta_1__constraint_equal_av --preset solver_QKB_outer_QKBdelta --device cuda --epochs 100 --seed 0 --viscosity-pa-s 0.0035 --config /mnt/home/sswee/yolk/Yolk-Sac-Flow-Data-and-Sim/gnn_clean/outputs_canonical/dc/03_pressure_constraint_sensitivity/_generated_configs/q_0p1__k_0p1__delta_1__constraint_equal_av.yaml --no-pressure-detach
Command: /mnt/home/sswee/miniforge3/envs/yolk-sac/bin/python /mnt/home/sswee/yolk/Yolk-Sac-Flow-Data-and-Sim/gnn_clean/scripts/python/poiseuille_only_baseline.py /mnt/home/sswee/yolk/Yolk-Sac-Flow-Data-and-Sim/gnn_clean/datasets/mosaic_graph_canonical_harmonized/mosaic_graph_canonical_harmonized.gpickle --output-dir /mnt/home/sswee/yolk/Yolk-Sac-Flow-Data-and-Sim/gnn_clean/outputs_canonical/dc/03_pressure_constraint_sensitivity/poiseuille --run-name poiseuille__q_10__k_100__constraint_equal_av --device cpu --viscosity-pa-s 0.0035 --dc-solve-mode reduced-soft-constrained-lstsq --arterial-flow-mode dataset --lambda-kirchhoff 100.0 --lambda-pressure-constraints 100.0 --lambda-flow-residual 10.0 --pressure-constraint equal-a-equal-v
