[info] DC Step 2 canonical sweep uses fixed lambda_B=100.0 for both the outer boundary loss and the reduced pressure-solver boundary constraint.

GNN flow training:   0%|          | 0/100 [00:00<?, ?epoch/s]
GNN flow training:   0%|          | 0/100 [00:04<?, ?epoch/s, best=1.803e+00, sign=0.194, train=1.959e+00, val=1.803e+00]
GNN flow training:   1%|          | 1/100 [00:04<07:40,  4.65s/epoch, best=1.803e+00, sign=0.194, train=1.959e+00, val=1.803e+00]
GNN flow training:   1%|          | 1/100 [00:09<07:40,  4.65s/epoch, best=1.803e+00, sign=0.194, train=1.959e+00, val=1.803e+00]
GNN flow training:   2%|▏         | 2/100 [00:09<07:27,  4.56s/epoch, best=1.803e+00, sign=0.194, train=1.959e+00, val=1.803e+00]
GNN flow training:   2%|▏         | 2/100 [00:13<07:27,  4.56s/epoch, best=1.803e+00, sign=0.194, train=1.958e+00, val=1.802e+00]
GNN flow training:   3%|▎         | 3/100 [00:13<07:19,  4.54s/epoch, best=1.803e+00, sign=0.194, train=1.958e+00, val=1.802e+00]
GNN flow training:   3%|▎         | 3/100 [00:18<07:19,  4.54s/epoch, best=1.802e+00, sign=0.193, train=1.957e+00, val=1.802e+00]
GNN flow training:   4%|▍         | 4/100 [00:18<07:15,  4.53s/epoch, best=1.802e+00, sign=0.193, train=1.957e+00, val=1.802e+00]
GNN flow training:   4%|▍         | 4/100 [00:22<07:15,  4.53s/epoch, best=1.802e+00, sign=0.193, train=1.957e+00, val=1.797e+00]
GNN flow training:   5%|▌         | 5/100 [00:22<07:12,  4.56s/epoch, best=1.802e+00, sign=0.193, train=1.957e+00, val=1.797e+00]
GNN flow training:   5%|▌         | 5/100 [00:27<07:12,  4.56s/epoch, best=1.797e+00, sign=0.193, train=1.952e+00, val=1.795e+00]
GNN flow training:   6%|▌         | 6/100 [00:27<07:05,  4.53s/epoch, best=1.797e+00, sign=0.193, train=1.952e+00, val=1.795e+00]
GNN flow training:   6%|▌         | 6/100 [00:31<07:05,  4.53s/epoch, best=1.795e+00, sign=0.193, train=1.951e+00, val=1.792e+00]
GNN flow training:   7%|▋         | 7/100 [00:31<07:01,  4.53s/epoch, best=1.795e+00, sign=0.193, train=1.951e+00, val=1.792e+00]
GNN flow training:   7%|▋         | 7/100 [00:36<07:01,  4.53s/epoch, best=1.792e+00, sign=0.193, train=1.947e+00, val=1.786e+00]
GNN flow training:   8%|▊         | 8/100 [00:36<06:56,  4.53s/epoch, best=1.792e+00, sign=0.193, train=1.947e+00, val=1.786e+00]
GNN flow training:   8%|▊         | 8/100 [00:40<06:56,  4.53s/epoch, best=1.786e+00, sign=0.193, train=1.941e+00, val=1.779e+00]
GNN flow training:   9%|▉         | 9/100 [00:40<06:52,  4.53s/epoch, best=1.786e+00, sign=0.193, train=1.941e+00, val=1.779e+00]
GNN flow training:   9%|▉         | 9/100 [00:45<06:52,  4.53s/epoch, best=1.779e+00, sign=0.192, train=1.934e+00, val=1.774e+00]
GNN flow training:  10%|█         | 10/100 [00:45<06:46,  4.52s/epoch, best=1.779e+00, sign=0.192, train=1.934e+00, val=1.774e+00]
GNN flow training:  10%|█         | 10/100 [00:49<06:46,  4.52s/epoch, best=1.774e+00, sign=0.189, train=1.928e+00, val=1.767e+00]
GNN flow training:  11%|█         | 11/100 [00:49<06:42,  4.52s/epoch, best=1.774e+00, sign=0.189, train=1.928e+00, val=1.767e+00]
GNN flow training:  11%|█         | 11/100 [00:54<06:42,  4.52s/epoch, best=1.767e+00, sign=0.187, train=1.919e+00, val=1.761e+00]
GNN flow training:  12%|█▏        | 12/100 [00:54<06:38,  4.53s/epoch, best=1.767e+00, sign=0.187, train=1.919e+00, val=1.761e+00]
GNN flow training:  12%|█▏        | 12/100 [00:58<06:38,  4.53s/epoch, best=1.761e+00, sign=0.184, train=1.911e+00, val=1.754e+00]
GNN flow training:  13%|█▎        | 13/100 [00:58<06:33,  4.52s/epoch, best=1.761e+00, sign=0.184, train=1.911e+00, val=1.754e+00]
GNN flow training:  13%|█▎        | 13/100 [01:03<06:33,  4.52s/epoch, best=1.754e+00, sign=0.182, train=1.901e+00, val=1.754e+00]
GNN flow training:  14%|█▍        | 14/100 [01:03<06:28,  4.52s/epoch, best=1.754e+00, sign=0.182, train=1.901e+00, val=1.754e+00]
GNN flow training:  14%|█▍        | 14/100 [01:07<06:28,  4.52s/epoch, best=1.754e+00, sign=0.179, train=1.898e+00, val=1.755e+00]
GNN flow training:  15%|█▌        | 15/100 [01:07<06:24,  4.52s/epoch, best=1.754e+00, sign=0.179, train=1.898e+00, val=1.755e+00]
GNN flow training:  15%|█▌        | 15/100 [01:12<06:24,  4.52s/epoch, best=1.754e+00, sign=0.177, train=1.896e+00, val=1.744e+00]
GNN flow training:  16%|█▌        | 16/100 [01:12<06:19,  4.52s/epoch, best=1.754e+00, sign=0.177, train=1.896e+00, val=1.744e+00]
GNN flow training:  16%|█▌        | 16/100 [01:16<06:19,  4.52s/epoch, best=1.744e+00, sign=0.176, train=1.883e+00, val=1.730e+00]
GNN flow training:  17%|█▋        | 17/100 [01:16<06:14,  4.51s/epoch, best=1.744e+00, sign=0.176, train=1.883e+00, val=1.730e+00]
GNN flow training:  17%|█▋        | 17/100 [01:21<06:14,  4.51s/epoch, best=1.730e+00, sign=0.174, train=1.865e+00, val=1.709e+00]
GNN flow training:  18%|█▊        | 18/100 [01:21<06:09,  4.50s/epoch, best=1.730e+00, sign=0.174, train=1.865e+00, val=1.709e+00]
GNN flow training:  18%|█▊        | 18/100 [01:25<06:09,  4.50s/epoch, best=1.709e+00, sign=0.173, train=1.840e+00, val=1.687e+00]
GNN flow training:  19%|█▉        | 19/100 [01:25<06:04,  4.50s/epoch, best=1.709e+00, sign=0.173, train=1.840e+00, val=1.687e+00]
GNN flow training:  19%|█▉        | 19/100 [01:30<06:04,  4.50s/epoch, best=1.687e+00, sign=0.171, train=1.813e+00, val=1.666e+00]
GNN flow training:  20%|██        | 20/100 [01:30<06:00,  4.51s/epoch, best=1.687e+00, sign=0.171, train=1.813e+00, val=1.666e+00]
GNN flow training:  20%|██        | 20/100 [01:35<06:00,  4.51s/epoch, best=1.666e+00, sign=0.169, train=1.786e+00, val=1.651e+00]
GNN flow training:  21%|██        | 21/100 [01:35<05:56,  4.52s/epoch, best=1.666e+00, sign=0.169, train=1.786e+00, val=1.651e+00]
GNN flow training:  21%|██        | 21/100 [01:39<05:56,  4.52s/epoch, best=1.651e+00, sign=0.166, train=1.766e+00, val=1.633e+00]
GNN flow training:  22%|██▏       | 22/100 [01:39<05:51,  4.51s/epoch, best=1.651e+00, sign=0.166, train=1.766e+00, val=1.633e+00]
GNN flow training:  22%|██▏       | 22/100 [01:44<05:51,  4.51s/epoch, best=1.633e+00, sign=0.164, train=1.742e+00, val=1.617e+00]
GNN flow training:  23%|██▎       | 23/100 [01:44<05:47,  4.51s/epoch, best=1.633e+00, sign=0.164, train=1.742e+00, val=1.617e+00]
GNN flow training:  23%|██▎       | 23/100 [01:48<05:47,  4.51s/epoch, best=1.617e+00, sign=0.163, train=1.721e+00, val=1.616e+00]
GNN flow training:  24%|██▍       | 24/100 [01:48<05:43,  4.51s/epoch, best=1.617e+00, sign=0.163, train=1.721e+00, val=1.616e+00]
GNN flow training:  24%|██▍       | 24/100 [01:53<05:43,  4.51s/epoch, best=1.616e+00, sign=0.163, train=1.713e+00, val=1.611e+00]
GNN flow training:  25%|██▌       | 25/100 [01:53<05:37,  4.50s/epoch, best=1.616e+00, sign=0.163, train=1.713e+00, val=1.611e+00]
GNN flow training:  25%|██▌       | 25/100 [01:57<05:37,  4.50s/epoch, best=1.611e+00, sign=0.163, train=1.710e+00, val=1.604e+00]
GNN flow training:  26%|██▌       | 26/100 [01:57<05:35,  4.54s/epoch, best=1.611e+00, sign=0.163, train=1.710e+00, val=1.604e+00]
GNN flow training:  26%|██▌       | 26/100 [02:02<05:35,  4.54s/epoch, best=1.604e+00, sign=0.162, train=1.703e+00, val=1.594e+00]
GNN flow training:  27%|██▋       | 27/100 [02:02<05:30,  4.53s/epoch, best=1.604e+00, sign=0.162, train=1.703e+00, val=1.594e+00]
GNN flow training:  27%|██▋       | 27/100 [02:06<05:30,  4.53s/epoch, best=1.594e+00, sign=0.156, train=1.689e+00, val=1.594e+00]
GNN flow training:  28%|██▊       | 28/100 [02:06<05:24,  4.51s/epoch, best=1.594e+00, sign=0.156, train=1.689e+00, val=1.594e+00]
GNN flow training:  28%|██▊       | 28/100 [02:11<05:24,  4.51s/epoch, best=1.594e+00, sign=0.154, train=1.674e+00, val=1.597e+00]
GNN flow training:  29%|██▉       | 29/100 [02:11<05:19,  4.51s/epoch, best=1.594e+00, sign=0.154, train=1.674e+00, val=1.597e+00]
GNN flow training:  29%|██▉       | 29/100 [02:15<05:19,  4.51s/epoch, best=1.594e+00, sign=0.155, train=1.659e+00, val=1.592e+00]
GNN flow training:  30%|███       | 30/100 [02:15<05:15,  4.51s/epoch, best=1.594e+00, sign=0.155, train=1.659e+00, val=1.592e+00]
GNN flow training:  30%|███       | 30/100 [02:20<05:15,  4.51s/epoch, best=1.592e+00, sign=0.154, train=1.642e+00, val=1.585e+00]
GNN flow training:  31%|███       | 31/100 [02:20<05:11,  4.51s/epoch, best=1.592e+00, sign=0.154, train=1.642e+00, val=1.585e+00]
GNN flow training:  31%|███       | 31/100 [02:24<05:11,  4.51s/epoch, best=1.585e+00, sign=0.154, train=1.628e+00, val=1.595e+00]
GNN flow training:  32%|███▏      | 32/100 [02:24<05:06,  4.50s/epoch, best=1.585e+00, sign=0.154, train=1.628e+00, val=1.595e+00]
GNN flow training:  32%|███▏      | 32/100 [02:29<05:06,  4.50s/epoch, best=1.585e+00, sign=0.156, train=1.635e+00, val=1.600e+00]
GNN flow training:  33%|███▎      | 33/100 [02:29<05:00,  4.49s/epoch, best=1.585e+00, sign=0.156, train=1.635e+00, val=1.600e+00]
GNN flow training:  33%|███▎      | 33/100 [02:33<05:00,  4.49s/epoch, best=1.585e+00, sign=0.157, train=1.642e+00, val=1.585e+00]
GNN flow training:  34%|███▍      | 34/100 [02:33<04:55,  4.48s/epoch, best=1.585e+00, sign=0.157, train=1.642e+00, val=1.585e+00]
GNN flow training:  34%|███▍      | 34/100 [02:38<04:55,  4.48s/epoch, best=1.585e+00, sign=0.157, train=1.628e+00, val=1.566e+00]
GNN flow training:  35%|███▌      | 35/100 [02:38<04:51,  4.49s/epoch, best=1.585e+00, sign=0.157, train=1.628e+00, val=1.566e+00]
GNN flow training:  35%|███▌      | 35/100 [02:42<04:51,  4.49s/epoch, best=1.566e+00, sign=0.156, train=1.604e+00, val=1.539e+00]
GNN flow training:  36%|███▌      | 36/100 [02:42<04:47,  4.49s/epoch, best=1.566e+00, sign=0.156, train=1.604e+00, val=1.539e+00]
GNN flow training:  36%|███▌      | 36/100 [02:47<04:47,  4.49s/epoch, best=1.539e+00, sign=0.156, train=1.570e+00, val=1.531e+00]
GNN flow training:  37%|███▋      | 37/100 [02:47<04:43,  4.50s/epoch, best=1.539e+00, sign=0.156, train=1.570e+00, val=1.531e+00]
GNN flow training:  37%|███▋      | 37/100 [02:51<04:43,  4.50s/epoch, best=1.531e+00, sign=0.154, train=1.556e+00, val=1.516e+00]
GNN flow training:  38%|███▊      | 38/100 [02:51<04:39,  4.50s/epoch, best=1.531e+00, sign=0.154, train=1.556e+00, val=1.516e+00]
GNN flow training:  38%|███▊      | 38/100 [02:55<04:39,  4.50s/epoch, best=1.516e+00, sign=0.154, train=1.538e+00, val=1.505e+00]
GNN flow training:  39%|███▉      | 39/100 [02:55<04:33,  4.49s/epoch, best=1.516e+00, sign=0.154, train=1.538e+00, val=1.505e+00]
GNN flow training:  39%|███▉      | 39/100 [03:00<04:33,  4.49s/epoch, best=1.505e+00, sign=0.157, train=1.531e+00, val=1.517e+00]
GNN flow training:  40%|████      | 40/100 [03:00<04:28,  4.48s/epoch, best=1.505e+00, sign=0.157, train=1.531e+00, val=1.517e+00]
GNN flow training:  40%|████      | 40/100 [03:04<04:28,  4.48s/epoch, best=1.505e+00, sign=0.153, train=1.550e+00, val=1.512e+00]
GNN flow training:  41%|████      | 41/100 [03:04<04:25,  4.49s/epoch, best=1.505e+00, sign=0.153, train=1.550e+00, val=1.512e+00]
GNN flow training:  41%|████      | 41/100 [03:09<04:25,  4.49s/epoch, best=1.505e+00, sign=0.153, train=1.535e+00, val=1.503e+00]
GNN flow training:  42%|████▏     | 42/100 [03:09<04:20,  4.50s/epoch, best=1.505e+00, sign=0.153, train=1.535e+00, val=1.503e+00]
GNN flow training:  42%|████▏     | 42/100 [03:13<04:20,  4.50s/epoch, best=1.503e+00, sign=0.155, train=1.509e+00, val=1.496e+00]
GNN flow training:  43%|████▎     | 43/100 [03:13<04:16,  4.49s/epoch, best=1.503e+00, sign=0.155, train=1.509e+00, val=1.496e+00]
GNN flow training:  43%|████▎     | 43/100 [03:18<04:16,  4.49s/epoch, best=1.496e+00, sign=0.157, train=1.499e+00, val=1.501e+00]
GNN flow training:  44%|████▍     | 44/100 [03:18<04:10,  4.47s/epoch, best=1.496e+00, sign=0.157, train=1.499e+00, val=1.501e+00]
GNN flow training:  44%|████▍     | 44/100 [03:22<04:10,  4.47s/epoch, best=1.496e+00, sign=0.158, train=1.509e+00, val=1.510e+00]
GNN flow training:  45%|████▌     | 45/100 [03:22<04:05,  4.47s/epoch, best=1.496e+00, sign=0.158, train=1.509e+00, val=1.510e+00]
GNN flow training:  45%|████▌     | 45/100 [03:27<04:05,  4.47s/epoch, best=1.496e+00, sign=0.156, train=1.518e+00, val=1.523e+00]
GNN flow training:  46%|████▌     | 46/100 [03:27<04:01,  4.47s/epoch, best=1.496e+00, sign=0.156, train=1.518e+00, val=1.523e+00]
GNN flow training:  46%|████▌     | 46/100 [03:31<04:01,  4.47s/epoch, best=1.496e+00, sign=0.154, train=1.530e+00, val=1.533e+00]
GNN flow training:  47%|████▋     | 47/100 [03:31<03:56,  4.47s/epoch, best=1.496e+00, sign=0.154, train=1.530e+00, val=1.533e+00]
GNN flow training:  47%|████▋     | 47/100 [03:36<03:56,  4.47s/epoch, best=1.496e+00, sign=0.153, train=1.539e+00, val=1.533e+00]
GNN flow training:  48%|████▊     | 48/100 [03:36<03:52,  4.47s/epoch, best=1.496e+00, sign=0.153, train=1.539e+00, val=1.533e+00]
GNN flow training:  48%|████▊     | 48/100 [03:40<03:52,  4.47s/epoch, best=1.496e+00, sign=0.153, train=1.538e+00, val=1.510e+00]
GNN flow training:  49%|████▉     | 49/100 [03:40<03:47,  4.47s/epoch, best=1.496e+00, sign=0.153, train=1.538e+00, val=1.510e+00]
GNN flow training:  49%|████▉     | 49/100 [03:45<03:47,  4.47s/epoch, best=1.496e+00, sign=0.151, train=1.515e+00, val=1.503e+00]
GNN flow training:  50%|█████     | 50/100 [03:45<03:43,  4.46s/epoch, best=1.496e+00, sign=0.151, train=1.515e+00, val=1.503e+00]
GNN flow training:  50%|█████     | 50/100 [03:49<03:43,  4.46s/epoch, best=1.496e+00, sign=0.150, train=1.507e+00, val=1.482e+00]
GNN flow training:  51%|█████     | 51/100 [03:49<03:38,  4.47s/epoch, best=1.496e+00, sign=0.150, train=1.507e+00, val=1.482e+00]
GNN flow training:  51%|█████     | 51/100 [03:54<03:38,  4.47s/epoch, best=1.482e+00, sign=0.150, train=1.481e+00, val=1.468e+00]
GNN flow training:  52%|█████▏    | 52/100 [03:54<03:34,  4.47s/epoch, best=1.482e+00, sign=0.150, train=1.481e+00, val=1.468e+00]
GNN flow training:  52%|█████▏    | 52/100 [03:58<03:34,  4.47s/epoch, best=1.468e+00, sign=0.148, train=1.460e+00, val=1.458e+00]
GNN flow training:  53%|█████▎    | 53/100 [03:58<03:29,  4.46s/epoch, best=1.468e+00, sign=0.148, train=1.460e+00, val=1.458e+00]
GNN flow training:  53%|█████▎    | 53/100 [04:03<03:29,  4.46s/epoch, best=1.458e+00, sign=0.146, train=1.449e+00, val=1.433e+00]
GNN flow training:  54%|█████▍    | 54/100 [04:03<03:25,  4.46s/epoch, best=1.458e+00, sign=0.146, train=1.449e+00, val=1.433e+00]
GNN flow training:  54%|█████▍    | 54/100 [04:07<03:25,  4.46s/epoch, best=1.433e+00, sign=0.144, train=1.438e+00, val=1.425e+00]
GNN flow training:  55%|█████▌    | 55/100 [04:07<03:21,  4.48s/epoch, best=1.433e+00, sign=0.144, train=1.438e+00, val=1.425e+00]
GNN flow training:  55%|█████▌    | 55/100 [04:11<03:21,  4.48s/epoch, best=1.425e+00, sign=0.143, train=1.431e+00, val=1.420e+00]
GNN flow training:  56%|█████▌    | 56/100 [04:11<03:16,  4.47s/epoch, best=1.425e+00, sign=0.143, train=1.431e+00, val=1.420e+00]
GNN flow training:  56%|█████▌    | 56/100 [04:16<03:16,  4.47s/epoch, best=1.420e+00, sign=0.143, train=1.426e+00, val=1.417e+00]
GNN flow training:  57%|█████▋    | 57/100 [04:16<03:12,  4.47s/epoch, best=1.420e+00, sign=0.143, train=1.426e+00, val=1.417e+00]
GNN flow training:  57%|█████▋    | 57/100 [04:20<03:12,  4.47s/epoch, best=1.417e+00, sign=0.141, train=1.430e+00, val=1.407e+00]
GNN flow training:  58%|█████▊    | 58/100 [04:20<03:07,  4.47s/epoch, best=1.417e+00, sign=0.141, train=1.430e+00, val=1.407e+00]
GNN flow training:  58%|█████▊    | 58/100 [04:25<03:07,  4.47s/epoch, best=1.407e+00, sign=0.140, train=1.421e+00, val=1.401e+00]
GNN flow training:  59%|█████▉    | 59/100 [04:25<03:03,  4.47s/epoch, best=1.407e+00, sign=0.140, train=1.421e+00, val=1.401e+00]
GNN flow training:  59%|█████▉    | 59/100 [04:29<03:03,  4.47s/epoch, best=1.401e+00, sign=0.140, train=1.414e+00, val=1.396e+00]
GNN flow training:  60%|██████    | 60/100 [04:29<02:59,  4.48s/epoch, best=1.401e+00, sign=0.140, train=1.414e+00, val=1.396e+00]
GNN flow training:  60%|██████    | 60/100 [04:34<02:59,  4.48s/epoch, best=1.396e+00, sign=0.141, train=1.408e+00, val=1.404e+00]
GNN flow training:  61%|██████    | 61/100 [04:34<02:54,  4.47s/epoch, best=1.396e+00, sign=0.141, train=1.408e+00, val=1.404e+00]
GNN flow training:  61%|██████    | 61/100 [04:38<02:54,  4.47s/epoch, best=1.396e+00, sign=0.141, train=1.417e+00, val=1.413e+00]
GNN flow training:  62%|██████▏   | 62/100 [04:38<02:50,  4.47s/epoch, best=1.396e+00, sign=0.141, train=1.417e+00, val=1.413e+00]
GNN flow training:  62%|██████▏   | 62/100 [04:43<02:50,  4.47s/epoch, best=1.396e+00, sign=0.139, train=1.424e+00, val=1.464e+00]
GNN flow training:  63%|██████▎   | 63/100 [04:43<02:45,  4.47s/epoch, best=1.396e+00, sign=0.139, train=1.424e+00, val=1.464e+00]
GNN flow training:  63%|██████▎   | 63/100 [04:47<02:45,  4.47s/epoch, best=1.396e+00, sign=0.140, train=1.451e+00, val=1.500e+00]
GNN flow training:  64%|██████▍   | 64/100 [04:47<02:40,  4.47s/epoch, best=1.396e+00, sign=0.140, train=1.451e+00, val=1.500e+00]
GNN flow training:  64%|██████▍   | 64/100 [04:52<02:40,  4.47s/epoch, best=1.396e+00, sign=0.140, train=1.487e+00, val=1.532e+00]
GNN flow training:  65%|██████▌   | 65/100 [04:52<02:36,  4.47s/epoch, best=1.396e+00, sign=0.140, train=1.487e+00, val=1.532e+00]
GNN flow training:  65%|██████▌   | 65/100 [04:56<02:36,  4.47s/epoch, best=1.396e+00, sign=0.141, train=1.512e+00, val=1.541e+00]
GNN flow training:  66%|██████▌   | 66/100 [04:56<02:32,  4.47s/epoch, best=1.396e+00, sign=0.141, train=1.512e+00, val=1.541e+00]
GNN flow training:  66%|██████▌   | 66/100 [05:01<02:32,  4.47s/epoch, best=1.396e+00, sign=0.139, train=1.522e+00, val=1.533e+00]
GNN flow training:  67%|██████▋   | 67/100 [05:01<02:27,  4.47s/epoch, best=1.396e+00, sign=0.139, train=1.522e+00, val=1.533e+00]
GNN flow training:  67%|██████▋   | 67/100 [05:05<02:27,  4.47s/epoch, best=1.396e+00, sign=0.140, train=1.510e+00, val=1.512e+00]
GNN flow training:  68%|██████▊   | 68/100 [05:05<02:22,  4.46s/epoch, best=1.396e+00, sign=0.140, train=1.510e+00, val=1.512e+00]
GNN flow training:  68%|██████▊   | 68/100 [05:10<02:22,  4.46s/epoch, best=1.396e+00, sign=0.140, train=1.484e+00, val=1.483e+00]
GNN flow training:  69%|██████▉   | 69/100 [05:10<02:18,  4.46s/epoch, best=1.396e+00, sign=0.140, train=1.484e+00, val=1.483e+00]
GNN flow training:  69%|██████▉   | 69/100 [05:14<02:18,  4.46s/epoch, best=1.396e+00, sign=0.139, train=1.462e+00, val=1.448e+00]
GNN flow training:  70%|███████   | 70/100 [05:14<02:14,  4.47s/epoch, best=1.396e+00, sign=0.139, train=1.462e+00, val=1.448e+00]
GNN flow training:  70%|███████   | 70/100 [05:19<02:14,  4.47s/epoch, best=1.396e+00, sign=0.141, train=1.436e+00, val=1.433e+00]
GNN flow training:  71%|███████   | 71/100 [05:19<02:09,  4.47s/epoch, best=1.396e+00, sign=0.141, train=1.436e+00, val=1.433e+00]
GNN flow training:  71%|███████   | 71/100 [05:23<02:09,  4.47s/epoch, best=1.396e+00, sign=0.146, train=1.421e+00, val=1.434e+00]
GNN flow training:  72%|███████▏  | 72/100 [05:23<02:04,  4.46s/epoch, best=1.396e+00, sign=0.146, train=1.421e+00, val=1.434e+00]
GNN flow training:  72%|███████▏  | 72/100 [05:28<02:04,  4.46s/epoch, best=1.396e+00, sign=0.140, train=1.424e+00, val=1.416e+00]
GNN flow training:  73%|███████▎  | 73/100 [05:28<02:00,  4.48s/epoch, best=1.396e+00, sign=0.140, train=1.424e+00, val=1.416e+00]
GNN flow training:  73%|███████▎  | 73/100 [05:32<02:00,  4.48s/epoch, best=1.396e+00, sign=0.140, train=1.389e+00, val=1.416e+00]
GNN flow training:  74%|███████▍  | 74/100 [05:32<01:56,  4.47s/epoch, best=1.396e+00, sign=0.140, train=1.389e+00, val=1.416e+00]
GNN flow training:  74%|███████▍  | 74/100 [05:36<01:56,  4.47s/epoch, best=1.396e+00, sign=0.140, train=1.391e+00, val=1.419e+00]
GNN flow training:  75%|███████▌  | 75/100 [05:36<01:51,  4.47s/epoch, best=1.396e+00, sign=0.140, train=1.391e+00, val=1.419e+00]
GNN flow training:  75%|███████▌  | 75/100 [05:41<01:51,  4.47s/epoch, best=1.396e+00, sign=0.141, train=1.396e+00, val=1.439e+00]
GNN flow training:  76%|███████▌  | 76/100 [05:41<01:47,  4.46s/epoch, best=1.396e+00, sign=0.141, train=1.396e+00, val=1.439e+00]
GNN flow training:  76%|███████▌  | 76/100 [05:45<01:47,  4.46s/epoch, best=1.396e+00, sign=0.141, train=1.425e+00, val=1.453e+00]
GNN flow training:  77%|███████▋  | 77/100 [05:45<01:42,  4.45s/epoch, best=1.396e+00, sign=0.141, train=1.425e+00, val=1.453e+00]
GNN flow training:  77%|███████▋  | 77/100 [05:50<01:42,  4.45s/epoch, best=1.396e+00, sign=0.143, train=1.441e+00, val=1.451e+00]
GNN flow training:  78%|███████▊  | 78/100 [05:50<01:37,  4.45s/epoch, best=1.396e+00, sign=0.143, train=1.441e+00, val=1.451e+00]
GNN flow training:  78%|███████▊  | 78/100 [05:54<01:37,  4.45s/epoch, best=1.396e+00, sign=0.145, train=1.443e+00, val=1.449e+00]
GNN flow training:  79%|███████▉  | 79/100 [05:54<01:33,  4.44s/epoch, best=1.396e+00, sign=0.145, train=1.443e+00, val=1.449e+00]
GNN flow training:  79%|███████▉  | 79/100 [05:59<01:33,  4.44s/epoch, best=1.396e+00, sign=0.145, train=1.438e+00, val=1.449e+00]
GNN flow training:  80%|████████  | 80/100 [05:59<01:28,  4.45s/epoch, best=1.396e+00, sign=0.145, train=1.438e+00, val=1.449e+00]
GNN flow training:  80%|████████  | 80/100 [06:03<01:28,  4.45s/epoch, best=1.396e+00, sign=0.145, train=1.435e+00, val=1.454e+00]
GNN flow training:  81%|████████  | 81/100 [06:03<01:24,  4.44s/epoch, best=1.396e+00, sign=0.145, train=1.435e+00, val=1.454e+00]
GNN flow training:  81%|████████  | 81/100 [06:07<01:24,  4.44s/epoch, best=1.396e+00, sign=0.144, train=1.436e+00, val=1.453e+00]
GNN flow training:  82%|████████▏ | 82/100 [06:07<01:19,  4.44s/epoch, best=1.396e+00, sign=0.144, train=1.436e+00, val=1.453e+00]
GNN flow training:  82%|████████▏ | 82/100 [06:12<01:19,  4.44s/epoch, best=1.396e+00, sign=0.143, train=1.431e+00, val=1.454e+00]
GNN flow training:  83%|████████▎ | 83/100 [06:12<01:15,  4.45s/epoch, best=1.396e+00, sign=0.143, train=1.431e+00, val=1.454e+00]
GNN flow training:  83%|████████▎ | 83/100 [06:16<01:15,  4.45s/epoch, best=1.396e+00, sign=0.142, train=1.429e+00, val=1.452e+00]
GNN flow training:  84%|████████▍ | 84/100 [06:16<01:11,  4.46s/epoch, best=1.396e+00, sign=0.142, train=1.429e+00, val=1.452e+00]
GNN flow training:  84%|████████▍ | 84/100 [06:21<01:11,  4.46s/epoch, best=1.396e+00, sign=0.141, train=1.425e+00, val=1.443e+00]
GNN flow training:  85%|████████▌ | 85/100 [06:21<01:06,  4.46s/epoch, best=1.396e+00, sign=0.141, train=1.425e+00, val=1.443e+00]
GNN flow training:  85%|████████▌ | 85/100 [06:25<01:06,  4.46s/epoch, best=1.396e+00, sign=0.139, train=1.415e+00, val=1.456e+00]
GNN flow training:  86%|████████▌ | 86/100 [06:25<01:02,  4.46s/epoch, best=1.396e+00, sign=0.139, train=1.415e+00, val=1.456e+00]
GNN flow training:  86%|████████▌ | 86/100 [06:30<01:02,  4.46s/epoch, best=1.396e+00, sign=0.140, train=1.425e+00, val=1.452e+00]
GNN flow training:  87%|████████▋ | 87/100 [06:30<00:57,  4.45s/epoch, best=1.396e+00, sign=0.140, train=1.425e+00, val=1.452e+00]
GNN flow training:  87%|████████▋ | 87/100 [06:34<00:57,  4.45s/epoch, best=1.396e+00, sign=0.143, train=1.423e+00, val=1.419e+00]
GNN flow training:  88%|████████▊ | 88/100 [06:34<00:53,  4.45s/epoch, best=1.396e+00, sign=0.143, train=1.423e+00, val=1.419e+00]
GNN flow training:  88%|████████▊ | 88/100 [06:39<00:53,  4.45s/epoch, best=1.396e+00, sign=0.148, train=1.395e+00, val=1.418e+00]
GNN flow training:  89%|████████▉ | 89/100 [06:39<00:48,  4.45s/epoch, best=1.396e+00, sign=0.148, train=1.395e+00, val=1.418e+00]
GNN flow training:  89%|████████▉ | 89/100 [06:43<00:48,  4.45s/epoch, best=1.396e+00, sign=0.154, train=1.395e+00, val=1.441e+00]
GNN flow training:  90%|█████████ | 90/100 [06:43<00:44,  4.44s/epoch, best=1.396e+00, sign=0.154, train=1.395e+00, val=1.441e+00]
GNN flow training:  90%|█████████ | 90/100 [06:48<00:44,  4.44s/epoch, best=1.396e+00, sign=0.155, train=1.432e+00, val=1.472e+00]
GNN flow training:  91%|█████████ | 91/100 [06:48<00:40,  4.45s/epoch, best=1.396e+00, sign=0.155, train=1.432e+00, val=1.472e+00]
GNN flow training:  91%|█████████ | 91/100 [06:52<00:40,  4.45s/epoch, best=1.396e+00, sign=0.153, train=1.464e+00, val=1.467e+00]
GNN flow training:  92%|█████████▏| 92/100 [06:52<00:35,  4.44s/epoch, best=1.396e+00, sign=0.153, train=1.464e+00, val=1.467e+00]
GNN flow training:  92%|█████████▏| 92/100 [06:56<00:35,  4.44s/epoch, best=1.396e+00, sign=0.149, train=1.453e+00, val=1.461e+00]
GNN flow training:  93%|█████████▎| 93/100 [06:56<00:31,  4.44s/epoch, best=1.396e+00, sign=0.149, train=1.453e+00, val=1.461e+00]
GNN flow training:  93%|█████████▎| 93/100 [07:01<00:31,  4.44s/epoch, best=1.396e+00, sign=0.147, train=1.444e+00, val=1.448e+00]
GNN flow training:  94%|█████████▍| 94/100 [07:01<00:26,  4.46s/epoch, best=1.396e+00, sign=0.147, train=1.444e+00, val=1.448e+00]
GNN flow training:  94%|█████████▍| 94/100 [07:05<00:26,  4.46s/epoch, best=1.396e+00, sign=0.148, train=1.431e+00, val=1.431e+00]
GNN flow training:  95%|█████████▌| 95/100 [07:05<00:22,  4.45s/epoch, best=1.396e+00, sign=0.148, train=1.431e+00, val=1.431e+00]
GNN flow training:  95%|█████████▌| 95/100 [07:10<00:22,  4.45s/epoch, best=1.396e+00, sign=0.148, train=1.417e+00, val=1.418e+00]
GNN flow training:  96%|█████████▌| 96/100 [07:10<00:17,  4.45s/epoch, best=1.396e+00, sign=0.148, train=1.417e+00, val=1.418e+00]
GNN flow training:  96%|█████████▌| 96/100 [07:14<00:17,  4.45s/epoch, best=1.396e+00, sign=0.147, train=1.406e+00, val=1.411e+00]
GNN flow training:  97%|█████████▋| 97/100 [07:14<00:13,  4.46s/epoch, best=1.396e+00, sign=0.147, train=1.406e+00, val=1.411e+00]
GNN flow training:  97%|█████████▋| 97/100 [07:19<00:13,  4.46s/epoch, best=1.396e+00, sign=0.145, train=1.400e+00, val=1.416e+00]
GNN flow training:  98%|█████████▊| 98/100 [07:19<00:08,  4.45s/epoch, best=1.396e+00, sign=0.145, train=1.400e+00, val=1.416e+00]
GNN flow training:  98%|█████████▊| 98/100 [07:23<00:08,  4.45s/epoch, best=1.396e+00, sign=0.142, train=1.406e+00, val=1.418e+00]
GNN flow training:  99%|█████████▉| 99/100 [07:23<00:04,  4.44s/epoch, best=1.396e+00, sign=0.142, train=1.406e+00, val=1.418e+00]
GNN flow training:  99%|█████████▉| 99/100 [07:28<00:04,  4.44s/epoch, best=1.396e+00, sign=0.140, train=1.409e+00, val=1.419e+00]
GNN flow training: 100%|██████████| 100/100 [07:28<00:00,  4.44s/epoch, best=1.396e+00, sign=0.140, train=1.409e+00, val=1.419e+00]
                                                                                                                                   

GNN flow training: 100%|██████████| 100/100 [07:28<00:00,  4.44s/epoch, best=1.396e+00, sign=0.140, train=1.409e+00, val=1.419e+00]
GNN flow training: 100%|██████████| 100/100 [07:28<00:00,  4.48s/epoch, best=1.396e+00, sign=0.140, train=1.409e+00, val=1.419e+00]
Resolved config snapshot:
{'preset': 'solver_QKB_outer_QKBdelta', 'gnn_outer_losses': {'flow': 10.0, 'kirchhoff': 0.1, 'boundary': 100.0, 'delta_l2': 0.1, 'delta_smooth': 0.0, 'pressure_shape': 0.0}, 'physics': {'arterial_flow_mode': 'dataset', 'pressure_constraints': ['equal-a-equal-v'], 'alpha_pa': None, 'use_snr_weights': True, 'use_observed_flow_snr_weighting': True, 'flow_scale_mode': 'median_abs', 'solver_device': 'same', 'pressure_solver_mode': 'reduced-soft-constrained-lstsq', 'pressure_solver_lambda_kirchhoff': 1.0, 'pressure_solver_lambda_pressure_constraints': 100.0, 'pressure_solver_lambda_flow_residual': 1.0, 'pressure_shape_reference': 'delta_zero_reference', 'pressure_detach': False}, 'correction_bounds': {'correction_min': -0.5, 'correction_max': 0.5, 'correction_bound': 0.5, 'correction_parameterization': 'tanh'}, 'optimization': {'learning_rate': 0.001, 'weight_decay': 0.0001, 'gradient_clip_norm': 5.0, 'optimizer': 'adamw', 'epochs': 100, 'patience': 40}}
Early stopping at epoch 100 with best validation loss at epoch 60.
Shard 33/80: 1 of 80 runs
Command: /mnt/home/sswee/miniforge3/envs/yolk-sac/bin/python /mnt/home/sswee/yolk/Yolk-Sac-Flow-Data-and-Sim/gnn_clean/scripts/python/gnn_flow.py /mnt/home/sswee/yolk/Yolk-Sac-Flow-Data-and-Sim/gnn_clean/datasets/mosaic_graph_canonical_harmonized/mosaic_graph_canonical_harmonized.gpickle --output-dir /mnt/home/sswee/yolk/Yolk-Sac-Flow-Data-and-Sim/gnn_clean/outputs_canonical/dc/02_physics_weight_sweep/gnn --run-name q_10__k_0p1__delta_0p1 --preset solver_QKB_outer_QKBdelta --device cuda --epochs 100 --seed 0 --viscosity-pa-s 0.0035 --config /mnt/home/sswee/yolk/Yolk-Sac-Flow-Data-and-Sim/gnn_clean/outputs_canonical/dc/02_physics_weight_sweep/_generated_configs/q_10__k_0p1__delta_0p1.yaml --no-pressure-detach
