[info] DC Step 2 canonical sweep uses fixed lambda_B=100.0 for both the outer boundary loss and the reduced pressure-solver boundary constraint.

GNN flow training:   0%|          | 0/100 [00:00<?, ?epoch/s]
GNN flow training:   0%|          | 0/100 [00:06<?, ?epoch/s, best=1.271e+03, sign=0.194, train=1.270e+03, val=1.271e+03]
GNN flow training:   1%|          | 1/100 [00:06<10:21,  6.27s/epoch, best=1.271e+03, sign=0.194, train=1.270e+03, val=1.271e+03]
GNN flow training:   1%|          | 1/100 [00:12<10:21,  6.27s/epoch, best=1.271e+03, sign=0.194, train=1.271e+03, val=1.274e+03]
GNN flow training:   2%|▏         | 2/100 [00:12<10:10,  6.23s/epoch, best=1.271e+03, sign=0.194, train=1.271e+03, val=1.274e+03]
GNN flow training:   2%|▏         | 2/100 [00:18<10:10,  6.23s/epoch, best=1.271e+03, sign=0.194, train=1.274e+03, val=1.273e+03]
GNN flow training:   3%|▎         | 3/100 [00:18<10:02,  6.21s/epoch, best=1.271e+03, sign=0.194, train=1.274e+03, val=1.273e+03]
GNN flow training:   3%|▎         | 3/100 [00:24<10:02,  6.21s/epoch, best=1.271e+03, sign=0.194, train=1.273e+03, val=1.269e+03]
GNN flow training:   4%|▍         | 4/100 [00:24<09:54,  6.19s/epoch, best=1.271e+03, sign=0.194, train=1.273e+03, val=1.269e+03]
GNN flow training:   4%|▍         | 4/100 [00:31<09:54,  6.19s/epoch, best=1.269e+03, sign=0.194, train=1.269e+03, val=1.271e+03]
GNN flow training:   5%|▌         | 5/100 [00:31<09:48,  6.20s/epoch, best=1.269e+03, sign=0.194, train=1.269e+03, val=1.271e+03]
GNN flow training:   5%|▌         | 5/100 [00:37<09:48,  6.20s/epoch, best=1.269e+03, sign=0.194, train=1.271e+03, val=1.268e+03]
GNN flow training:   6%|▌         | 6/100 [00:37<09:42,  6.20s/epoch, best=1.269e+03, sign=0.194, train=1.271e+03, val=1.268e+03]
GNN flow training:   6%|▌         | 6/100 [00:43<09:42,  6.20s/epoch, best=1.268e+03, sign=0.194, train=1.268e+03, val=1.269e+03]
GNN flow training:   7%|▋         | 7/100 [00:43<09:38,  6.22s/epoch, best=1.268e+03, sign=0.194, train=1.268e+03, val=1.269e+03]
GNN flow training:   7%|▋         | 7/100 [00:49<09:38,  6.22s/epoch, best=1.268e+03, sign=0.194, train=1.269e+03, val=1.269e+03]
GNN flow training:   8%|▊         | 8/100 [00:49<09:30,  6.20s/epoch, best=1.268e+03, sign=0.194, train=1.269e+03, val=1.269e+03]
GNN flow training:   8%|▊         | 8/100 [00:55<09:30,  6.20s/epoch, best=1.268e+03, sign=0.194, train=1.269e+03, val=1.268e+03]
GNN flow training:   9%|▉         | 9/100 [00:55<09:23,  6.19s/epoch, best=1.268e+03, sign=0.194, train=1.269e+03, val=1.268e+03]
GNN flow training:   9%|▉         | 9/100 [01:01<09:23,  6.19s/epoch, best=1.268e+03, sign=0.194, train=1.268e+03, val=1.266e+03]
GNN flow training:  10%|█         | 10/100 [01:01<09:15,  6.17s/epoch, best=1.268e+03, sign=0.194, train=1.268e+03, val=1.266e+03]
GNN flow training:  10%|█         | 10/100 [01:08<09:15,  6.17s/epoch, best=1.266e+03, sign=0.194, train=1.266e+03, val=1.264e+03]
GNN flow training:  11%|█         | 11/100 [01:08<09:09,  6.18s/epoch, best=1.266e+03, sign=0.194, train=1.266e+03, val=1.264e+03]
GNN flow training:  11%|█         | 11/100 [01:14<09:09,  6.18s/epoch, best=1.264e+03, sign=0.192, train=1.264e+03, val=1.268e+03]
GNN flow training:  12%|█▏        | 12/100 [01:14<09:01,  6.16s/epoch, best=1.264e+03, sign=0.192, train=1.264e+03, val=1.268e+03]
GNN flow training:  12%|█▏        | 12/100 [01:20<09:01,  6.16s/epoch, best=1.264e+03, sign=0.192, train=1.268e+03, val=1.267e+03]
GNN flow training:  13%|█▎        | 13/100 [01:20<08:55,  6.16s/epoch, best=1.264e+03, sign=0.192, train=1.268e+03, val=1.267e+03]
GNN flow training:  13%|█▎        | 13/100 [01:26<08:55,  6.16s/epoch, best=1.264e+03, sign=0.193, train=1.267e+03, val=1.266e+03]
GNN flow training:  14%|█▍        | 14/100 [01:26<08:49,  6.16s/epoch, best=1.264e+03, sign=0.193, train=1.267e+03, val=1.266e+03]
GNN flow training:  14%|█▍        | 14/100 [01:32<08:49,  6.16s/epoch, best=1.264e+03, sign=0.193, train=1.266e+03, val=1.266e+03]
GNN flow training:  15%|█▌        | 15/100 [01:32<08:43,  6.15s/epoch, best=1.264e+03, sign=0.193, train=1.266e+03, val=1.266e+03]
GNN flow training:  15%|█▌        | 15/100 [01:38<08:43,  6.15s/epoch, best=1.264e+03, sign=0.193, train=1.266e+03, val=1.265e+03]
GNN flow training:  16%|█▌        | 16/100 [01:38<08:36,  6.15s/epoch, best=1.264e+03, sign=0.193, train=1.266e+03, val=1.265e+03]
GNN flow training:  16%|█▌        | 16/100 [01:44<08:36,  6.15s/epoch, best=1.264e+03, sign=0.193, train=1.265e+03, val=1.264e+03]
GNN flow training:  17%|█▋        | 17/100 [01:44<08:28,  6.13s/epoch, best=1.264e+03, sign=0.193, train=1.265e+03, val=1.264e+03]
GNN flow training:  17%|█▋        | 17/100 [01:51<08:28,  6.13s/epoch, best=1.264e+03, sign=0.193, train=1.264e+03, val=1.263e+03]
GNN flow training:  18%|█▊        | 18/100 [01:51<08:23,  6.14s/epoch, best=1.264e+03, sign=0.193, train=1.264e+03, val=1.263e+03]
GNN flow training:  18%|█▊        | 18/100 [01:57<08:23,  6.14s/epoch, best=1.263e+03, sign=0.193, train=1.263e+03, val=1.266e+03]
GNN flow training:  19%|█▉        | 19/100 [01:57<08:15,  6.12s/epoch, best=1.263e+03, sign=0.193, train=1.263e+03, val=1.266e+03]
GNN flow training:  19%|█▉        | 19/100 [02:03<08:15,  6.12s/epoch, best=1.263e+03, sign=0.192, train=1.266e+03, val=1.267e+03]
GNN flow training:  20%|██        | 20/100 [02:03<08:09,  6.12s/epoch, best=1.263e+03, sign=0.192, train=1.266e+03, val=1.267e+03]
GNN flow training:  20%|██        | 20/100 [02:09<08:09,  6.12s/epoch, best=1.263e+03, sign=0.192, train=1.267e+03, val=1.264e+03]
GNN flow training:  21%|██        | 21/100 [02:09<08:03,  6.12s/epoch, best=1.263e+03, sign=0.192, train=1.267e+03, val=1.264e+03]
GNN flow training:  21%|██        | 21/100 [02:15<08:03,  6.12s/epoch, best=1.263e+03, sign=0.191, train=1.264e+03, val=1.266e+03]
GNN flow training:  22%|██▏       | 22/100 [02:15<07:56,  6.11s/epoch, best=1.263e+03, sign=0.191, train=1.264e+03, val=1.266e+03]
GNN flow training:  22%|██▏       | 22/100 [02:21<07:56,  6.11s/epoch, best=1.263e+03, sign=0.190, train=1.266e+03, val=1.262e+03]
GNN flow training:  23%|██▎       | 23/100 [02:21<07:50,  6.11s/epoch, best=1.263e+03, sign=0.190, train=1.266e+03, val=1.262e+03]
GNN flow training:  23%|██▎       | 23/100 [02:27<07:50,  6.11s/epoch, best=1.262e+03, sign=0.188, train=1.262e+03, val=1.258e+03]
GNN flow training:  24%|██▍       | 24/100 [02:27<07:46,  6.14s/epoch, best=1.262e+03, sign=0.188, train=1.262e+03, val=1.258e+03]
GNN flow training:  24%|██▍       | 24/100 [02:33<07:46,  6.14s/epoch, best=1.258e+03, sign=0.188, train=1.258e+03, val=1.257e+03]
GNN flow training:  25%|██▌       | 25/100 [02:33<07:40,  6.14s/epoch, best=1.258e+03, sign=0.188, train=1.258e+03, val=1.257e+03]
GNN flow training:  25%|██▌       | 25/100 [02:40<07:40,  6.14s/epoch, best=1.257e+03, sign=0.187, train=1.257e+03, val=1.251e+03]
GNN flow training:  26%|██▌       | 26/100 [02:40<07:32,  6.12s/epoch, best=1.257e+03, sign=0.187, train=1.257e+03, val=1.251e+03]
GNN flow training:  26%|██▌       | 26/100 [02:46<07:32,  6.12s/epoch, best=1.251e+03, sign=0.186, train=1.251e+03, val=1.246e+03]
GNN flow training:  27%|██▋       | 27/100 [02:46<07:25,  6.11s/epoch, best=1.251e+03, sign=0.186, train=1.251e+03, val=1.246e+03]
GNN flow training:  27%|██▋       | 27/100 [02:52<07:25,  6.11s/epoch, best=1.246e+03, sign=0.186, train=1.246e+03, val=1.238e+03]
GNN flow training:  28%|██▊       | 28/100 [02:52<07:19,  6.10s/epoch, best=1.246e+03, sign=0.186, train=1.246e+03, val=1.238e+03]
GNN flow training:  28%|██▊       | 28/100 [02:58<07:19,  6.10s/epoch, best=1.238e+03, sign=0.187, train=1.238e+03, val=1.228e+03]
GNN flow training:  29%|██▉       | 29/100 [02:58<07:13,  6.10s/epoch, best=1.238e+03, sign=0.187, train=1.238e+03, val=1.228e+03]
GNN flow training:  29%|██▉       | 29/100 [03:04<07:13,  6.10s/epoch, best=1.228e+03, sign=0.187, train=1.228e+03, val=1.220e+03]
GNN flow training:  30%|███       | 30/100 [03:04<07:09,  6.13s/epoch, best=1.228e+03, sign=0.187, train=1.228e+03, val=1.220e+03]
GNN flow training:  30%|███       | 30/100 [03:10<07:09,  6.13s/epoch, best=1.220e+03, sign=0.187, train=1.220e+03, val=1.215e+03]
GNN flow training:  31%|███       | 31/100 [03:10<07:03,  6.14s/epoch, best=1.220e+03, sign=0.187, train=1.220e+03, val=1.215e+03]
GNN flow training:  31%|███       | 31/100 [03:16<07:03,  6.14s/epoch, best=1.215e+03, sign=0.188, train=1.215e+03, val=1.214e+03]
GNN flow training:  32%|███▏      | 32/100 [03:16<06:57,  6.14s/epoch, best=1.215e+03, sign=0.188, train=1.215e+03, val=1.214e+03]
GNN flow training:  32%|███▏      | 32/100 [03:22<06:57,  6.14s/epoch, best=1.214e+03, sign=0.188, train=1.214e+03, val=1.208e+03]
GNN flow training:  33%|███▎      | 33/100 [03:22<06:51,  6.14s/epoch, best=1.214e+03, sign=0.188, train=1.214e+03, val=1.208e+03]
GNN flow training:  33%|███▎      | 33/100 [03:29<06:51,  6.14s/epoch, best=1.208e+03, sign=0.187, train=1.208e+03, val=1.202e+03]
GNN flow training:  34%|███▍      | 34/100 [03:29<06:45,  6.14s/epoch, best=1.208e+03, sign=0.187, train=1.208e+03, val=1.202e+03]
GNN flow training:  34%|███▍      | 34/100 [03:35<06:45,  6.14s/epoch, best=1.202e+03, sign=0.186, train=1.202e+03, val=1.197e+03]
GNN flow training:  35%|███▌      | 35/100 [03:35<06:38,  6.14s/epoch, best=1.202e+03, sign=0.186, train=1.202e+03, val=1.197e+03]
GNN flow training:  35%|███▌      | 35/100 [03:41<06:38,  6.14s/epoch, best=1.197e+03, sign=0.186, train=1.197e+03, val=1.192e+03]
GNN flow training:  36%|███▌      | 36/100 [03:41<06:32,  6.14s/epoch, best=1.197e+03, sign=0.186, train=1.197e+03, val=1.192e+03]
GNN flow training:  36%|███▌      | 36/100 [03:47<06:32,  6.14s/epoch, best=1.192e+03, sign=0.186, train=1.192e+03, val=1.195e+03]
GNN flow training:  37%|███▋      | 37/100 [03:47<06:25,  6.13s/epoch, best=1.192e+03, sign=0.186, train=1.192e+03, val=1.195e+03]
GNN flow training:  37%|███▋      | 37/100 [03:53<06:25,  6.13s/epoch, best=1.192e+03, sign=0.186, train=1.195e+03, val=1.193e+03]
GNN flow training:  38%|███▊      | 38/100 [03:53<06:18,  6.11s/epoch, best=1.192e+03, sign=0.186, train=1.195e+03, val=1.193e+03]
GNN flow training:  38%|███▊      | 38/100 [03:59<06:18,  6.11s/epoch, best=1.192e+03, sign=0.186, train=1.193e+03, val=1.193e+03]
GNN flow training:  39%|███▉      | 39/100 [03:59<06:12,  6.11s/epoch, best=1.192e+03, sign=0.186, train=1.193e+03, val=1.193e+03]
GNN flow training:  39%|███▉      | 39/100 [04:05<06:12,  6.11s/epoch, best=1.192e+03, sign=0.187, train=1.193e+03, val=1.198e+03]
GNN flow training:  40%|████      | 40/100 [04:05<06:06,  6.10s/epoch, best=1.192e+03, sign=0.187, train=1.193e+03, val=1.198e+03]
GNN flow training:  40%|████      | 40/100 [04:11<06:06,  6.10s/epoch, best=1.192e+03, sign=0.187, train=1.198e+03, val=1.196e+03]
GNN flow training:  41%|████      | 41/100 [04:11<06:00,  6.11s/epoch, best=1.192e+03, sign=0.187, train=1.198e+03, val=1.196e+03]
GNN flow training:  41%|████      | 41/100 [04:18<06:00,  6.11s/epoch, best=1.192e+03, sign=0.186, train=1.196e+03, val=1.192e+03]
GNN flow training:  42%|████▏     | 42/100 [04:18<05:55,  6.12s/epoch, best=1.192e+03, sign=0.186, train=1.196e+03, val=1.192e+03]
GNN flow training:  42%|████▏     | 42/100 [04:24<05:55,  6.12s/epoch, best=1.192e+03, sign=0.186, train=1.192e+03, val=1.184e+03]
GNN flow training:  43%|████▎     | 43/100 [04:24<05:49,  6.13s/epoch, best=1.192e+03, sign=0.186, train=1.192e+03, val=1.184e+03]
GNN flow training:  43%|████▎     | 43/100 [04:30<05:49,  6.13s/epoch, best=1.184e+03, sign=0.185, train=1.184e+03, val=1.172e+03]
GNN flow training:  44%|████▍     | 44/100 [04:30<05:43,  6.14s/epoch, best=1.184e+03, sign=0.185, train=1.184e+03, val=1.172e+03]
GNN flow training:  44%|████▍     | 44/100 [04:36<05:43,  6.14s/epoch, best=1.172e+03, sign=0.184, train=1.172e+03, val=1.158e+03]
GNN flow training:  45%|████▌     | 45/100 [04:36<05:37,  6.14s/epoch, best=1.172e+03, sign=0.184, train=1.172e+03, val=1.158e+03]
GNN flow training:  45%|████▌     | 45/100 [04:42<05:37,  6.14s/epoch, best=1.158e+03, sign=0.182, train=1.158e+03, val=1.149e+03]
GNN flow training:  46%|████▌     | 46/100 [04:42<05:31,  6.14s/epoch, best=1.158e+03, sign=0.182, train=1.158e+03, val=1.149e+03]
GNN flow training:  46%|████▌     | 46/100 [04:48<05:31,  6.14s/epoch, best=1.149e+03, sign=0.182, train=1.149e+03, val=1.153e+03]
GNN flow training:  47%|████▋     | 47/100 [04:48<05:25,  6.15s/epoch, best=1.149e+03, sign=0.182, train=1.149e+03, val=1.153e+03]
GNN flow training:  47%|████▋     | 47/100 [04:54<05:25,  6.15s/epoch, best=1.149e+03, sign=0.183, train=1.153e+03, val=1.159e+03]
GNN flow training:  48%|████▊     | 48/100 [04:54<05:19,  6.14s/epoch, best=1.149e+03, sign=0.183, train=1.153e+03, val=1.159e+03]
GNN flow training:  48%|████▊     | 48/100 [05:01<05:19,  6.14s/epoch, best=1.149e+03, sign=0.184, train=1.159e+03, val=1.158e+03]
GNN flow training:  49%|████▉     | 49/100 [05:01<05:13,  6.15s/epoch, best=1.149e+03, sign=0.184, train=1.159e+03, val=1.158e+03]
GNN flow training:  49%|████▉     | 49/100 [05:07<05:13,  6.15s/epoch, best=1.149e+03, sign=0.182, train=1.158e+03, val=1.163e+03]
GNN flow training:  50%|█████     | 50/100 [05:07<05:06,  6.12s/epoch, best=1.149e+03, sign=0.182, train=1.158e+03, val=1.163e+03]
GNN flow training:  50%|█████     | 50/100 [05:13<05:06,  6.12s/epoch, best=1.149e+03, sign=0.179, train=1.163e+03, val=1.147e+03]
GNN flow training:  51%|█████     | 51/100 [05:13<04:59,  6.12s/epoch, best=1.149e+03, sign=0.179, train=1.163e+03, val=1.147e+03]
GNN flow training:  51%|█████     | 51/100 [05:19<04:59,  6.12s/epoch, best=1.147e+03, sign=0.177, train=1.147e+03, val=1.140e+03]
GNN flow training:  52%|█████▏    | 52/100 [05:19<04:53,  6.12s/epoch, best=1.147e+03, sign=0.177, train=1.147e+03, val=1.140e+03]
GNN flow training:  52%|█████▏    | 52/100 [05:25<04:53,  6.12s/epoch, best=1.140e+03, sign=0.174, train=1.140e+03, val=1.129e+03]
GNN flow training:  53%|█████▎    | 53/100 [05:25<04:47,  6.12s/epoch, best=1.140e+03, sign=0.174, train=1.140e+03, val=1.129e+03]
GNN flow training:  53%|█████▎    | 53/100 [05:31<04:47,  6.12s/epoch, best=1.129e+03, sign=0.172, train=1.129e+03, val=1.117e+03]
GNN flow training:  54%|█████▍    | 54/100 [05:31<04:41,  6.12s/epoch, best=1.129e+03, sign=0.172, train=1.129e+03, val=1.117e+03]
GNN flow training:  54%|█████▍    | 54/100 [05:37<04:41,  6.12s/epoch, best=1.117e+03, sign=0.172, train=1.117e+03, val=1.109e+03]
GNN flow training:  55%|█████▌    | 55/100 [05:37<04:34,  6.11s/epoch, best=1.117e+03, sign=0.172, train=1.117e+03, val=1.109e+03]
GNN flow training:  55%|█████▌    | 55/100 [05:43<04:34,  6.11s/epoch, best=1.109e+03, sign=0.174, train=1.109e+03, val=1.098e+03]
GNN flow training:  56%|█████▌    | 56/100 [05:43<04:28,  6.10s/epoch, best=1.109e+03, sign=0.174, train=1.109e+03, val=1.098e+03]
GNN flow training:  56%|█████▌    | 56/100 [05:49<04:28,  6.10s/epoch, best=1.098e+03, sign=0.173, train=1.098e+03, val=1.089e+03]
GNN flow training:  57%|█████▋    | 57/100 [05:49<04:22,  6.10s/epoch, best=1.098e+03, sign=0.173, train=1.098e+03, val=1.089e+03]
GNN flow training:  57%|█████▋    | 57/100 [05:55<04:22,  6.10s/epoch, best=1.089e+03, sign=0.174, train=1.089e+03, val=1.091e+03]
GNN flow training:  58%|█████▊    | 58/100 [05:55<04:15,  6.09s/epoch, best=1.089e+03, sign=0.174, train=1.089e+03, val=1.091e+03]
GNN flow training:  58%|█████▊    | 58/100 [06:01<04:15,  6.09s/epoch, best=1.089e+03, sign=0.172, train=1.091e+03, val=1.107e+03]
GNN flow training:  59%|█████▉    | 59/100 [06:01<04:09,  6.07s/epoch, best=1.089e+03, sign=0.172, train=1.091e+03, val=1.107e+03]
GNN flow training:  59%|█████▉    | 59/100 [06:08<04:09,  6.07s/epoch, best=1.089e+03, sign=0.171, train=1.107e+03, val=1.110e+03]
GNN flow training:  60%|██████    | 60/100 [06:08<04:02,  6.07s/epoch, best=1.089e+03, sign=0.171, train=1.107e+03, val=1.110e+03]
GNN flow training:  60%|██████    | 60/100 [06:14<04:02,  6.07s/epoch, best=1.089e+03, sign=0.169, train=1.110e+03, val=1.110e+03]
GNN flow training:  61%|██████    | 61/100 [06:14<03:57,  6.09s/epoch, best=1.089e+03, sign=0.169, train=1.110e+03, val=1.110e+03]
GNN flow training:  61%|██████    | 61/100 [06:20<03:57,  6.09s/epoch, best=1.089e+03, sign=0.168, train=1.110e+03, val=1.108e+03]
GNN flow training:  62%|██████▏   | 62/100 [06:20<03:51,  6.10s/epoch, best=1.089e+03, sign=0.168, train=1.110e+03, val=1.108e+03]
GNN flow training:  62%|██████▏   | 62/100 [06:26<03:51,  6.10s/epoch, best=1.089e+03, sign=0.169, train=1.108e+03, val=1.097e+03]
GNN flow training:  63%|██████▎   | 63/100 [06:26<03:45,  6.10s/epoch, best=1.089e+03, sign=0.169, train=1.108e+03, val=1.097e+03]
GNN flow training:  63%|██████▎   | 63/100 [06:32<03:45,  6.10s/epoch, best=1.089e+03, sign=0.169, train=1.097e+03, val=1.084e+03]
GNN flow training:  64%|██████▍   | 64/100 [06:32<03:38,  6.08s/epoch, best=1.089e+03, sign=0.169, train=1.097e+03, val=1.084e+03]
GNN flow training:  64%|██████▍   | 64/100 [06:38<03:38,  6.08s/epoch, best=1.084e+03, sign=0.168, train=1.084e+03, val=1.066e+03]
GNN flow training:  65%|██████▌   | 65/100 [06:38<03:32,  6.08s/epoch, best=1.084e+03, sign=0.168, train=1.084e+03, val=1.066e+03]
GNN flow training:  65%|██████▌   | 65/100 [06:44<03:32,  6.08s/epoch, best=1.066e+03, sign=0.167, train=1.066e+03, val=1.052e+03]
GNN flow training:  66%|██████▌   | 66/100 [06:44<03:25,  6.06s/epoch, best=1.066e+03, sign=0.167, train=1.066e+03, val=1.052e+03]
GNN flow training:  66%|██████▌   | 66/100 [06:50<03:25,  6.06s/epoch, best=1.052e+03, sign=0.165, train=1.052e+03, val=1.046e+03]
GNN flow training:  67%|██████▋   | 67/100 [06:50<03:20,  6.07s/epoch, best=1.052e+03, sign=0.165, train=1.052e+03, val=1.046e+03]
GNN flow training:  67%|██████▋   | 67/100 [06:56<03:20,  6.07s/epoch, best=1.046e+03, sign=0.166, train=1.046e+03, val=1.042e+03]
GNN flow training:  68%|██████▊   | 68/100 [06:56<03:13,  6.06s/epoch, best=1.046e+03, sign=0.166, train=1.046e+03, val=1.042e+03]
GNN flow training:  68%|██████▊   | 68/100 [07:02<03:13,  6.06s/epoch, best=1.042e+03, sign=0.166, train=1.042e+03, val=1.040e+03]
GNN flow training:  69%|██████▉   | 69/100 [07:02<03:08,  6.08s/epoch, best=1.042e+03, sign=0.166, train=1.042e+03, val=1.040e+03]
GNN flow training:  69%|██████▉   | 69/100 [07:08<03:08,  6.08s/epoch, best=1.040e+03, sign=0.167, train=1.040e+03, val=1.032e+03]
GNN flow training:  70%|███████   | 70/100 [07:08<03:02,  6.08s/epoch, best=1.040e+03, sign=0.167, train=1.040e+03, val=1.032e+03]
GNN flow training:  70%|███████   | 70/100 [07:14<03:02,  6.08s/epoch, best=1.032e+03, sign=0.168, train=1.032e+03, val=1.014e+03]
GNN flow training:  71%|███████   | 71/100 [07:14<02:56,  6.08s/epoch, best=1.032e+03, sign=0.168, train=1.032e+03, val=1.014e+03]
GNN flow training:  71%|███████   | 71/100 [07:20<02:56,  6.08s/epoch, best=1.014e+03, sign=0.171, train=1.014e+03, val=1.027e+03]
GNN flow training:  72%|███████▏  | 72/100 [07:20<02:50,  6.07s/epoch, best=1.014e+03, sign=0.171, train=1.014e+03, val=1.027e+03]
GNN flow training:  72%|███████▏  | 72/100 [07:27<02:50,  6.07s/epoch, best=1.014e+03, sign=0.170, train=1.027e+03, val=1.038e+03]
GNN flow training:  73%|███████▎  | 73/100 [07:27<02:44,  6.10s/epoch, best=1.014e+03, sign=0.170, train=1.027e+03, val=1.038e+03]
GNN flow training:  73%|███████▎  | 73/100 [07:33<02:44,  6.10s/epoch, best=1.014e+03, sign=0.171, train=1.038e+03, val=1.044e+03]
GNN flow training:  74%|███████▍  | 74/100 [07:33<02:38,  6.11s/epoch, best=1.014e+03, sign=0.171, train=1.038e+03, val=1.044e+03]
GNN flow training:  74%|███████▍  | 74/100 [07:39<02:38,  6.11s/epoch, best=1.014e+03, sign=0.169, train=1.044e+03, val=1.039e+03]
GNN flow training:  75%|███████▌  | 75/100 [07:39<02:32,  6.09s/epoch, best=1.014e+03, sign=0.169, train=1.044e+03, val=1.039e+03]
GNN flow training:  75%|███████▌  | 75/100 [07:45<02:32,  6.09s/epoch, best=1.014e+03, sign=0.168, train=1.039e+03, val=1.022e+03]
GNN flow training:  76%|███████▌  | 76/100 [07:45<02:26,  6.11s/epoch, best=1.014e+03, sign=0.168, train=1.039e+03, val=1.022e+03]
GNN flow training:  76%|███████▌  | 76/100 [07:51<02:26,  6.11s/epoch, best=1.014e+03, sign=0.166, train=1.022e+03, val=1.006e+03]
GNN flow training:  77%|███████▋  | 77/100 [07:51<02:21,  6.13s/epoch, best=1.014e+03, sign=0.166, train=1.022e+03, val=1.006e+03]
GNN flow training:  77%|███████▋  | 77/100 [07:57<02:21,  6.13s/epoch, best=1.006e+03, sign=0.165, train=1.006e+03, val=9.997e+02]
GNN flow training:  78%|███████▊  | 78/100 [07:57<02:14,  6.12s/epoch, best=1.006e+03, sign=0.165, train=1.006e+03, val=9.997e+02]
GNN flow training:  78%|███████▊  | 78/100 [08:03<02:14,  6.12s/epoch, best=9.997e+02, sign=0.165, train=9.997e+02, val=9.925e+02]
GNN flow training:  79%|███████▉  | 79/100 [08:03<02:08,  6.10s/epoch, best=9.997e+02, sign=0.165, train=9.997e+02, val=9.925e+02]
GNN flow training:  79%|███████▉  | 79/100 [08:09<02:08,  6.10s/epoch, best=9.925e+02, sign=0.164, train=9.925e+02, val=9.869e+02]
GNN flow training:  80%|████████  | 80/100 [08:09<02:02,  6.11s/epoch, best=9.925e+02, sign=0.164, train=9.925e+02, val=9.869e+02]
GNN flow training:  80%|████████  | 80/100 [08:16<02:02,  6.11s/epoch, best=9.869e+02, sign=0.165, train=9.869e+02, val=9.807e+02]
GNN flow training:  81%|████████  | 81/100 [08:16<01:56,  6.11s/epoch, best=9.869e+02, sign=0.165, train=9.869e+02, val=9.807e+02]
GNN flow training:  81%|████████  | 81/100 [08:22<01:56,  6.11s/epoch, best=9.807e+02, sign=0.165, train=9.807e+02, val=9.741e+02]
GNN flow training:  82%|████████▏ | 82/100 [08:22<01:49,  6.09s/epoch, best=9.807e+02, sign=0.165, train=9.807e+02, val=9.741e+02]
GNN flow training:  82%|████████▏ | 82/100 [08:28<01:49,  6.09s/epoch, best=9.741e+02, sign=0.165, train=9.741e+02, val=9.579e+02]
GNN flow training:  83%|████████▎ | 83/100 [08:28<01:43,  6.11s/epoch, best=9.741e+02, sign=0.165, train=9.741e+02, val=9.579e+02]
GNN flow training:  83%|████████▎ | 83/100 [08:34<01:43,  6.11s/epoch, best=9.579e+02, sign=0.171, train=9.579e+02, val=9.425e+02]
GNN flow training:  84%|████████▍ | 84/100 [08:34<01:37,  6.09s/epoch, best=9.579e+02, sign=0.171, train=9.579e+02, val=9.425e+02]
GNN flow training:  84%|████████▍ | 84/100 [08:40<01:37,  6.09s/epoch, best=9.425e+02, sign=0.173, train=9.425e+02, val=9.256e+02]
GNN flow training:  85%|████████▌ | 85/100 [08:40<01:31,  6.08s/epoch, best=9.425e+02, sign=0.173, train=9.425e+02, val=9.256e+02]
GNN flow training:  85%|████████▌ | 85/100 [08:46<01:31,  6.08s/epoch, best=9.256e+02, sign=0.178, train=9.256e+02, val=9.200e+02]
GNN flow training:  86%|████████▌ | 86/100 [08:46<01:25,  6.10s/epoch, best=9.256e+02, sign=0.178, train=9.256e+02, val=9.200e+02]
GNN flow training:  86%|████████▌ | 86/100 [08:52<01:25,  6.10s/epoch, best=9.200e+02, sign=0.184, train=9.200e+02, val=9.272e+02]
GNN flow training:  87%|████████▋ | 87/100 [08:52<01:18,  6.07s/epoch, best=9.200e+02, sign=0.184, train=9.200e+02, val=9.272e+02]
GNN flow training:  87%|████████▋ | 87/100 [08:58<01:18,  6.07s/epoch, best=9.200e+02, sign=0.194, train=9.272e+02, val=9.427e+02]
GNN flow training:  88%|████████▊ | 88/100 [08:58<01:12,  6.06s/epoch, best=9.200e+02, sign=0.194, train=9.272e+02, val=9.427e+02]
GNN flow training:  88%|████████▊ | 88/100 [09:04<01:12,  6.06s/epoch, best=9.200e+02, sign=0.203, train=9.427e+02, val=9.763e+02]
GNN flow training:  89%|████████▉ | 89/100 [09:04<01:06,  6.09s/epoch, best=9.200e+02, sign=0.203, train=9.427e+02, val=9.763e+02]
GNN flow training:  89%|████████▉ | 89/100 [09:10<01:06,  6.09s/epoch, best=9.200e+02, sign=0.211, train=9.763e+02, val=9.934e+02]
GNN flow training:  90%|█████████ | 90/100 [09:10<01:00,  6.08s/epoch, best=9.200e+02, sign=0.211, train=9.763e+02, val=9.934e+02]
GNN flow training:  90%|█████████ | 90/100 [09:16<01:00,  6.08s/epoch, best=9.200e+02, sign=0.213, train=9.934e+02, val=9.994e+02]
GNN flow training:  91%|█████████ | 91/100 [09:16<00:54,  6.08s/epoch, best=9.200e+02, sign=0.213, train=9.934e+02, val=9.994e+02]
GNN flow training:  91%|█████████ | 91/100 [09:22<00:54,  6.08s/epoch, best=9.200e+02, sign=0.213, train=9.994e+02, val=9.958e+02]
GNN flow training:  92%|█████████▏| 92/100 [09:22<00:48,  6.07s/epoch, best=9.200e+02, sign=0.213, train=9.994e+02, val=9.958e+02]
GNN flow training:  92%|█████████▏| 92/100 [09:28<00:48,  6.07s/epoch, best=9.200e+02, sign=0.217, train=9.958e+02, val=9.884e+02]
GNN flow training:  93%|█████████▎| 93/100 [09:28<00:42,  6.09s/epoch, best=9.200e+02, sign=0.217, train=9.958e+02, val=9.884e+02]
GNN flow training:  93%|█████████▎| 93/100 [09:35<00:42,  6.09s/epoch, best=9.200e+02, sign=0.219, train=9.884e+02, val=1.000e+03]
GNN flow training:  94%|█████████▍| 94/100 [09:35<00:36,  6.08s/epoch, best=9.200e+02, sign=0.219, train=9.884e+02, val=1.000e+03]
GNN flow training:  94%|█████████▍| 94/100 [09:41<00:36,  6.08s/epoch, best=9.200e+02, sign=0.220, train=1.000e+03, val=9.915e+02]
GNN flow training:  95%|█████████▌| 95/100 [09:41<00:30,  6.07s/epoch, best=9.200e+02, sign=0.220, train=1.000e+03, val=9.915e+02]
GNN flow training:  95%|█████████▌| 95/100 [09:47<00:30,  6.07s/epoch, best=9.200e+02, sign=0.217, train=9.915e+02, val=9.858e+02]
GNN flow training:  96%|█████████▌| 96/100 [09:47<00:24,  6.07s/epoch, best=9.200e+02, sign=0.217, train=9.915e+02, val=9.858e+02]
GNN flow training:  96%|█████████▌| 96/100 [09:53<00:24,  6.07s/epoch, best=9.200e+02, sign=0.218, train=9.858e+02, val=9.909e+02]
GNN flow training:  97%|█████████▋| 97/100 [09:53<00:18,  6.08s/epoch, best=9.200e+02, sign=0.218, train=9.858e+02, val=9.909e+02]
GNN flow training:  97%|█████████▋| 97/100 [09:59<00:18,  6.08s/epoch, best=9.200e+02, sign=0.218, train=9.909e+02, val=9.890e+02]
GNN flow training:  98%|█████████▊| 98/100 [09:59<00:12,  6.08s/epoch, best=9.200e+02, sign=0.218, train=9.909e+02, val=9.890e+02]
GNN flow training:  98%|█████████▊| 98/100 [10:05<00:12,  6.08s/epoch, best=9.200e+02, sign=0.208, train=9.890e+02, val=9.845e+02]
GNN flow training:  99%|█████████▉| 99/100 [10:05<00:06,  6.08s/epoch, best=9.200e+02, sign=0.208, train=9.890e+02, val=9.845e+02]
GNN flow training:  99%|█████████▉| 99/100 [10:11<00:06,  6.08s/epoch, best=9.200e+02, sign=0.197, train=9.845e+02, val=9.774e+02]
GNN flow training: 100%|██████████| 100/100 [10:11<00:00,  6.07s/epoch, best=9.200e+02, sign=0.197, train=9.845e+02, val=9.774e+02]
GNN flow training: 100%|██████████| 100/100 [10:11<00:00,  6.11s/epoch, best=9.200e+02, sign=0.197, train=9.845e+02, val=9.774e+02]
Resolved config snapshot:
{'preset': 'solver_QKB_outer_QKBdelta', 'gnn_outer_losses': {'flow': 0.1, 'kirchhoff': 100.0, 'boundary': 100.0, 'delta_l2': 10.0, 'delta_smooth': 0.0, 'pressure_shape': 0.0}, 'physics': {'arterial_flow_mode': 'dataset', 'pressure_constraints': ['equal-a-equal-v'], 'alpha_pa': None, 'use_snr_weights': True, 'use_observed_flow_snr_weighting': True, 'flow_scale_mode': 'median_abs', 'solver_device': 'same', 'pressure_solver_mode': 'reduced-soft-constrained-lstsq', 'pressure_solver_lambda_kirchhoff': 1.0, 'pressure_solver_lambda_pressure_constraints': 100.0, 'pressure_solver_lambda_flow_residual': 1.0, 'pressure_shape_reference': 'delta_zero_reference', 'pressure_detach': False}, 'correction_bounds': {'correction_min': -0.5, 'correction_max': 0.5, 'correction_bound': 0.5, 'correction_parameterization': 'tanh'}, 'optimization': {'learning_rate': 0.001, 'weight_decay': 0.0001, 'gradient_clip_norm': 5.0, 'optimizer': 'adamw', 'epochs': 100, 'patience': 40}}
Shard 15/80: 1 of 80 runs
Command: /mnt/home/sswee/miniforge3/envs/yolk-sac/bin/python /mnt/home/sswee/yolk/Yolk-Sac-Flow-Data-and-Sim/gnn_clean/scripts/python/gnn_flow.py /mnt/home/sswee/yolk/Yolk-Sac-Flow-Data-and-Sim/gnn_clean/datasets/mosaic_graph_canonical_harmonized/mosaic_graph_canonical_harmonized.gpickle --output-dir /mnt/home/sswee/yolk/Yolk-Sac-Flow-Data-and-Sim/gnn_clean/outputs_canonical/dc/02_physics_weight_sweep/gnn --run-name q_0p1__k_100__delta_10 --preset solver_QKB_outer_QKBdelta --device cuda --epochs 100 --seed 0 --viscosity-pa-s 0.0035 --config /mnt/home/sswee/yolk/Yolk-Sac-Flow-Data-and-Sim/gnn_clean/outputs_canonical/dc/02_physics_weight_sweep/_generated_configs/q_0p1__k_100__delta_10.yaml --no-pressure-detach
