[info] DC Step 2 canonical sweep uses fixed lambda_B=100.0 for both the outer boundary loss and the reduced pressure-solver boundary constraint.

GNN flow training:   0%|          | 0/100 [00:00<?, ?epoch/s]
GNN flow training:   0%|          | 0/100 [00:04<?, ?epoch/s, best=1.322e+02, sign=0.194, train=1.337e+02, val=1.322e+02]
GNN flow training:   1%|          | 1/100 [00:04<07:48,  4.73s/epoch, best=1.322e+02, sign=0.194, train=1.337e+02, val=1.322e+02]
GNN flow training:   1%|          | 1/100 [00:09<07:48,  4.73s/epoch, best=1.322e+02, sign=0.194, train=1.337e+02, val=1.324e+02]
GNN flow training:   2%|▏         | 2/100 [00:09<07:32,  4.61s/epoch, best=1.322e+02, sign=0.194, train=1.337e+02, val=1.324e+02]
GNN flow training:   2%|▏         | 2/100 [00:13<07:32,  4.61s/epoch, best=1.322e+02, sign=0.194, train=1.340e+02, val=1.323e+02]
GNN flow training:   3%|▎         | 3/100 [00:13<07:24,  4.58s/epoch, best=1.322e+02, sign=0.194, train=1.340e+02, val=1.323e+02]
GNN flow training:   3%|▎         | 3/100 [00:18<07:24,  4.58s/epoch, best=1.322e+02, sign=0.194, train=1.339e+02, val=1.324e+02]
GNN flow training:   4%|▍         | 4/100 [00:18<07:14,  4.53s/epoch, best=1.322e+02, sign=0.194, train=1.339e+02, val=1.324e+02]
GNN flow training:   4%|▍         | 4/100 [00:22<07:14,  4.53s/epoch, best=1.322e+02, sign=0.194, train=1.340e+02, val=1.322e+02]
GNN flow training:   5%|▌         | 5/100 [00:22<07:11,  4.54s/epoch, best=1.322e+02, sign=0.194, train=1.340e+02, val=1.322e+02]
GNN flow training:   5%|▌         | 5/100 [00:27<07:11,  4.54s/epoch, best=1.322e+02, sign=0.195, train=1.337e+02, val=1.320e+02]
GNN flow training:   6%|▌         | 6/100 [00:27<07:04,  4.52s/epoch, best=1.322e+02, sign=0.195, train=1.337e+02, val=1.320e+02]
GNN flow training:   6%|▌         | 6/100 [00:31<07:04,  4.52s/epoch, best=1.320e+02, sign=0.195, train=1.336e+02, val=1.316e+02]
GNN flow training:   7%|▋         | 7/100 [00:31<06:58,  4.50s/epoch, best=1.320e+02, sign=0.195, train=1.336e+02, val=1.316e+02]
GNN flow training:   7%|▋         | 7/100 [00:36<06:58,  4.50s/epoch, best=1.316e+02, sign=0.195, train=1.332e+02, val=1.317e+02]
GNN flow training:   8%|▊         | 8/100 [00:36<06:54,  4.50s/epoch, best=1.316e+02, sign=0.195, train=1.332e+02, val=1.317e+02]
GNN flow training:   8%|▊         | 8/100 [00:40<06:54,  4.50s/epoch, best=1.316e+02, sign=0.195, train=1.333e+02, val=1.315e+02]
GNN flow training:   9%|▉         | 9/100 [00:40<06:49,  4.50s/epoch, best=1.316e+02, sign=0.195, train=1.333e+02, val=1.315e+02]
GNN flow training:   9%|▉         | 9/100 [00:45<06:49,  4.50s/epoch, best=1.315e+02, sign=0.196, train=1.331e+02, val=1.315e+02]
GNN flow training:  10%|█         | 10/100 [00:45<06:44,  4.50s/epoch, best=1.315e+02, sign=0.196, train=1.331e+02, val=1.315e+02]
GNN flow training:  10%|█         | 10/100 [00:49<06:44,  4.50s/epoch, best=1.315e+02, sign=0.197, train=1.331e+02, val=1.318e+02]
GNN flow training:  11%|█         | 11/100 [00:49<06:40,  4.50s/epoch, best=1.315e+02, sign=0.197, train=1.331e+02, val=1.318e+02]
GNN flow training:  11%|█         | 11/100 [00:54<06:40,  4.50s/epoch, best=1.315e+02, sign=0.199, train=1.334e+02, val=1.323e+02]
GNN flow training:  12%|█▏        | 12/100 [00:54<06:36,  4.50s/epoch, best=1.315e+02, sign=0.199, train=1.334e+02, val=1.323e+02]
GNN flow training:  12%|█▏        | 12/100 [00:58<06:36,  4.50s/epoch, best=1.315e+02, sign=0.200, train=1.340e+02, val=1.323e+02]
GNN flow training:  13%|█▎        | 13/100 [00:58<06:31,  4.50s/epoch, best=1.315e+02, sign=0.200, train=1.340e+02, val=1.323e+02]
GNN flow training:  13%|█▎        | 13/100 [01:03<06:31,  4.50s/epoch, best=1.315e+02, sign=0.199, train=1.339e+02, val=1.320e+02]
GNN flow training:  14%|█▍        | 14/100 [01:03<06:27,  4.51s/epoch, best=1.315e+02, sign=0.199, train=1.339e+02, val=1.320e+02]
GNN flow training:  14%|█▍        | 14/100 [01:07<06:27,  4.51s/epoch, best=1.315e+02, sign=0.199, train=1.336e+02, val=1.312e+02]
GNN flow training:  15%|█▌        | 15/100 [01:07<06:23,  4.51s/epoch, best=1.315e+02, sign=0.199, train=1.336e+02, val=1.312e+02]
GNN flow training:  15%|█▌        | 15/100 [01:12<06:23,  4.51s/epoch, best=1.312e+02, sign=0.198, train=1.329e+02, val=1.305e+02]
GNN flow training:  16%|█▌        | 16/100 [01:12<06:18,  4.50s/epoch, best=1.312e+02, sign=0.198, train=1.329e+02, val=1.305e+02]
GNN flow training:  16%|█▌        | 16/100 [01:16<06:18,  4.50s/epoch, best=1.305e+02, sign=0.197, train=1.322e+02, val=1.307e+02]
GNN flow training:  17%|█▋        | 17/100 [01:16<06:13,  4.50s/epoch, best=1.305e+02, sign=0.197, train=1.322e+02, val=1.307e+02]
GNN flow training:  17%|█▋        | 17/100 [01:21<06:13,  4.50s/epoch, best=1.305e+02, sign=0.196, train=1.323e+02, val=1.302e+02]
GNN flow training:  18%|█▊        | 18/100 [01:21<06:08,  4.50s/epoch, best=1.305e+02, sign=0.196, train=1.323e+02, val=1.302e+02]
GNN flow training:  18%|█▊        | 18/100 [01:25<06:08,  4.50s/epoch, best=1.302e+02, sign=0.195, train=1.318e+02, val=1.299e+02]
GNN flow training:  19%|█▉        | 19/100 [01:25<06:04,  4.50s/epoch, best=1.302e+02, sign=0.195, train=1.318e+02, val=1.299e+02]
GNN flow training:  19%|█▉        | 19/100 [01:30<06:04,  4.50s/epoch, best=1.299e+02, sign=0.195, train=1.315e+02, val=1.295e+02]
GNN flow training:  20%|██        | 20/100 [01:30<05:59,  4.49s/epoch, best=1.299e+02, sign=0.195, train=1.315e+02, val=1.295e+02]
GNN flow training:  20%|██        | 20/100 [01:34<05:59,  4.49s/epoch, best=1.295e+02, sign=0.195, train=1.311e+02, val=1.292e+02]
GNN flow training:  21%|██        | 21/100 [01:34<05:54,  4.49s/epoch, best=1.295e+02, sign=0.195, train=1.311e+02, val=1.292e+02]
GNN flow training:  21%|██        | 21/100 [01:39<05:54,  4.49s/epoch, best=1.292e+02, sign=0.194, train=1.308e+02, val=1.291e+02]
GNN flow training:  22%|██▏       | 22/100 [01:39<05:50,  4.50s/epoch, best=1.292e+02, sign=0.194, train=1.308e+02, val=1.291e+02]
GNN flow training:  22%|██▏       | 22/100 [01:43<05:50,  4.50s/epoch, best=1.291e+02, sign=0.194, train=1.307e+02, val=1.287e+02]
GNN flow training:  23%|██▎       | 23/100 [01:43<05:45,  4.49s/epoch, best=1.291e+02, sign=0.194, train=1.307e+02, val=1.287e+02]
GNN flow training:  23%|██▎       | 23/100 [01:48<05:45,  4.49s/epoch, best=1.287e+02, sign=0.194, train=1.303e+02, val=1.283e+02]
GNN flow training:  24%|██▍       | 24/100 [01:48<05:42,  4.50s/epoch, best=1.287e+02, sign=0.194, train=1.303e+02, val=1.283e+02]
GNN flow training:  24%|██▍       | 24/100 [01:52<05:42,  4.50s/epoch, best=1.283e+02, sign=0.193, train=1.299e+02, val=1.280e+02]
GNN flow training:  25%|██▌       | 25/100 [01:52<05:37,  4.50s/epoch, best=1.283e+02, sign=0.193, train=1.299e+02, val=1.280e+02]
GNN flow training:  25%|██▌       | 25/100 [01:57<05:37,  4.50s/epoch, best=1.280e+02, sign=0.194, train=1.295e+02, val=1.274e+02]
GNN flow training:  26%|██▌       | 26/100 [01:57<05:32,  4.49s/epoch, best=1.280e+02, sign=0.194, train=1.295e+02, val=1.274e+02]
GNN flow training:  26%|██▌       | 26/100 [02:01<05:32,  4.49s/epoch, best=1.274e+02, sign=0.194, train=1.290e+02, val=1.272e+02]
GNN flow training:  27%|██▋       | 27/100 [02:01<05:28,  4.50s/epoch, best=1.274e+02, sign=0.194, train=1.290e+02, val=1.272e+02]
GNN flow training:  27%|██▋       | 27/100 [02:06<05:28,  4.50s/epoch, best=1.272e+02, sign=0.195, train=1.288e+02, val=1.268e+02]
GNN flow training:  28%|██▊       | 28/100 [02:06<05:24,  4.50s/epoch, best=1.272e+02, sign=0.195, train=1.288e+02, val=1.268e+02]
GNN flow training:  28%|██▊       | 28/100 [02:10<05:24,  4.50s/epoch, best=1.268e+02, sign=0.195, train=1.283e+02, val=1.266e+02]
GNN flow training:  29%|██▉       | 29/100 [02:10<05:20,  4.52s/epoch, best=1.268e+02, sign=0.195, train=1.283e+02, val=1.266e+02]
GNN flow training:  29%|██▉       | 29/100 [02:15<05:20,  4.52s/epoch, best=1.266e+02, sign=0.195, train=1.281e+02, val=1.265e+02]
GNN flow training:  30%|███       | 30/100 [02:15<05:15,  4.50s/epoch, best=1.266e+02, sign=0.195, train=1.281e+02, val=1.265e+02]
GNN flow training:  30%|███       | 30/100 [02:19<05:15,  4.50s/epoch, best=1.265e+02, sign=0.195, train=1.280e+02, val=1.267e+02]
GNN flow training:  31%|███       | 31/100 [02:19<05:10,  4.50s/epoch, best=1.265e+02, sign=0.195, train=1.280e+02, val=1.267e+02]
GNN flow training:  31%|███       | 31/100 [02:24<05:10,  4.50s/epoch, best=1.265e+02, sign=0.194, train=1.282e+02, val=1.267e+02]
GNN flow training:  32%|███▏      | 32/100 [02:24<05:05,  4.50s/epoch, best=1.265e+02, sign=0.194, train=1.282e+02, val=1.267e+02]
GNN flow training:  32%|███▏      | 32/100 [02:28<05:05,  4.50s/epoch, best=1.265e+02, sign=0.194, train=1.282e+02, val=1.264e+02]
GNN flow training:  33%|███▎      | 33/100 [02:28<05:03,  4.54s/epoch, best=1.265e+02, sign=0.194, train=1.282e+02, val=1.264e+02]
GNN flow training:  33%|███▎      | 33/100 [02:33<05:03,  4.54s/epoch, best=1.264e+02, sign=0.193, train=1.279e+02, val=1.260e+02]
GNN flow training:  34%|███▍      | 34/100 [02:33<04:58,  4.52s/epoch, best=1.264e+02, sign=0.193, train=1.279e+02, val=1.260e+02]
GNN flow training:  34%|███▍      | 34/100 [02:38<04:58,  4.52s/epoch, best=1.260e+02, sign=0.192, train=1.275e+02, val=1.260e+02]
GNN flow training:  35%|███▌      | 35/100 [02:38<04:56,  4.55s/epoch, best=1.260e+02, sign=0.192, train=1.275e+02, val=1.260e+02]
GNN flow training:  35%|███▌      | 35/100 [02:42<04:56,  4.55s/epoch, best=1.260e+02, sign=0.192, train=1.274e+02, val=1.254e+02]
GNN flow training:  36%|███▌      | 36/100 [02:42<04:50,  4.54s/epoch, best=1.260e+02, sign=0.192, train=1.274e+02, val=1.254e+02]
GNN flow training:  36%|███▌      | 36/100 [02:46<04:50,  4.54s/epoch, best=1.254e+02, sign=0.192, train=1.269e+02, val=1.251e+02]
GNN flow training:  37%|███▋      | 37/100 [02:46<04:44,  4.51s/epoch, best=1.254e+02, sign=0.192, train=1.269e+02, val=1.251e+02]
GNN flow training:  37%|███▋      | 37/100 [02:51<04:44,  4.51s/epoch, best=1.251e+02, sign=0.191, train=1.265e+02, val=1.245e+02]
GNN flow training:  38%|███▊      | 38/100 [02:51<04:40,  4.52s/epoch, best=1.251e+02, sign=0.191, train=1.265e+02, val=1.245e+02]
GNN flow training:  38%|███▊      | 38/100 [02:56<04:40,  4.52s/epoch, best=1.245e+02, sign=0.190, train=1.259e+02, val=1.235e+02]
GNN flow training:  39%|███▉      | 39/100 [02:56<04:35,  4.52s/epoch, best=1.245e+02, sign=0.190, train=1.259e+02, val=1.235e+02]
GNN flow training:  39%|███▉      | 39/100 [03:00<04:35,  4.52s/epoch, best=1.235e+02, sign=0.188, train=1.249e+02, val=1.227e+02]
GNN flow training:  40%|████      | 40/100 [03:00<04:30,  4.51s/epoch, best=1.235e+02, sign=0.188, train=1.249e+02, val=1.227e+02]
GNN flow training:  40%|████      | 40/100 [03:04<04:30,  4.51s/epoch, best=1.227e+02, sign=0.188, train=1.241e+02, val=1.215e+02]
GNN flow training:  41%|████      | 41/100 [03:04<04:25,  4.50s/epoch, best=1.227e+02, sign=0.188, train=1.241e+02, val=1.215e+02]
GNN flow training:  41%|████      | 41/100 [03:09<04:25,  4.50s/epoch, best=1.215e+02, sign=0.186, train=1.229e+02, val=1.209e+02]
GNN flow training:  42%|████▏     | 42/100 [03:09<04:20,  4.50s/epoch, best=1.215e+02, sign=0.186, train=1.229e+02, val=1.209e+02]
GNN flow training:  42%|████▏     | 42/100 [03:13<04:20,  4.50s/epoch, best=1.209e+02, sign=0.184, train=1.221e+02, val=1.197e+02]
GNN flow training:  43%|████▎     | 43/100 [03:13<04:16,  4.50s/epoch, best=1.209e+02, sign=0.184, train=1.221e+02, val=1.197e+02]
GNN flow training:  43%|████▎     | 43/100 [03:18<04:16,  4.50s/epoch, best=1.197e+02, sign=0.185, train=1.210e+02, val=1.202e+02]
GNN flow training:  44%|████▍     | 44/100 [03:18<04:12,  4.50s/epoch, best=1.197e+02, sign=0.185, train=1.210e+02, val=1.202e+02]
GNN flow training:  44%|████▍     | 44/100 [03:22<04:12,  4.50s/epoch, best=1.197e+02, sign=0.184, train=1.214e+02, val=1.195e+02]
GNN flow training:  45%|████▌     | 45/100 [03:22<04:07,  4.50s/epoch, best=1.197e+02, sign=0.184, train=1.214e+02, val=1.195e+02]
GNN flow training:  45%|████▌     | 45/100 [03:27<04:07,  4.50s/epoch, best=1.195e+02, sign=0.184, train=1.207e+02, val=1.185e+02]
GNN flow training:  46%|████▌     | 46/100 [03:27<04:02,  4.50s/epoch, best=1.195e+02, sign=0.184, train=1.207e+02, val=1.185e+02]
GNN flow training:  46%|████▌     | 46/100 [03:31<04:02,  4.50s/epoch, best=1.185e+02, sign=0.182, train=1.197e+02, val=1.178e+02]
GNN flow training:  47%|████▋     | 47/100 [03:31<03:58,  4.50s/epoch, best=1.185e+02, sign=0.182, train=1.197e+02, val=1.178e+02]
GNN flow training:  47%|████▋     | 47/100 [03:36<03:58,  4.50s/epoch, best=1.178e+02, sign=0.181, train=1.189e+02, val=1.166e+02]
GNN flow training:  48%|████▊     | 48/100 [03:36<03:53,  4.50s/epoch, best=1.178e+02, sign=0.181, train=1.189e+02, val=1.166e+02]
GNN flow training:  48%|████▊     | 48/100 [03:40<03:53,  4.50s/epoch, best=1.166e+02, sign=0.177, train=1.177e+02, val=1.154e+02]
GNN flow training:  49%|████▉     | 49/100 [03:40<03:49,  4.50s/epoch, best=1.166e+02, sign=0.177, train=1.177e+02, val=1.154e+02]
GNN flow training:  49%|████▉     | 49/100 [03:45<03:49,  4.50s/epoch, best=1.154e+02, sign=0.175, train=1.165e+02, val=1.151e+02]
GNN flow training:  50%|█████     | 50/100 [03:45<03:44,  4.49s/epoch, best=1.154e+02, sign=0.175, train=1.165e+02, val=1.151e+02]
GNN flow training:  50%|█████     | 50/100 [03:49<03:44,  4.49s/epoch, best=1.151e+02, sign=0.175, train=1.161e+02, val=1.147e+02]
GNN flow training:  51%|█████     | 51/100 [03:49<03:39,  4.49s/epoch, best=1.151e+02, sign=0.175, train=1.161e+02, val=1.147e+02]
GNN flow training:  51%|█████     | 51/100 [03:54<03:39,  4.49s/epoch, best=1.147e+02, sign=0.176, train=1.158e+02, val=1.146e+02]
GNN flow training:  52%|█████▏    | 52/100 [03:54<03:35,  4.49s/epoch, best=1.147e+02, sign=0.176, train=1.158e+02, val=1.146e+02]
GNN flow training:  52%|█████▏    | 52/100 [03:58<03:35,  4.49s/epoch, best=1.146e+02, sign=0.175, train=1.156e+02, val=1.141e+02]
GNN flow training:  53%|█████▎    | 53/100 [03:58<03:31,  4.49s/epoch, best=1.146e+02, sign=0.175, train=1.156e+02, val=1.141e+02]
GNN flow training:  53%|█████▎    | 53/100 [04:03<03:31,  4.49s/epoch, best=1.141e+02, sign=0.176, train=1.151e+02, val=1.133e+02]
GNN flow training:  54%|█████▍    | 54/100 [04:03<03:26,  4.49s/epoch, best=1.141e+02, sign=0.176, train=1.151e+02, val=1.133e+02]
GNN flow training:  54%|█████▍    | 54/100 [04:07<03:26,  4.49s/epoch, best=1.133e+02, sign=0.176, train=1.144e+02, val=1.123e+02]
GNN flow training:  55%|█████▌    | 55/100 [04:07<03:21,  4.47s/epoch, best=1.133e+02, sign=0.176, train=1.144e+02, val=1.123e+02]
GNN flow training:  55%|█████▌    | 55/100 [04:12<03:21,  4.47s/epoch, best=1.123e+02, sign=0.176, train=1.133e+02, val=1.117e+02]
GNN flow training:  56%|█████▌    | 56/100 [04:12<03:16,  4.47s/epoch, best=1.123e+02, sign=0.176, train=1.133e+02, val=1.117e+02]
GNN flow training:  56%|█████▌    | 56/100 [04:16<03:16,  4.47s/epoch, best=1.117e+02, sign=0.176, train=1.128e+02, val=1.112e+02]
GNN flow training:  57%|█████▋    | 57/100 [04:16<03:12,  4.47s/epoch, best=1.117e+02, sign=0.176, train=1.128e+02, val=1.112e+02]
GNN flow training:  57%|█████▋    | 57/100 [04:21<03:12,  4.47s/epoch, best=1.112e+02, sign=0.175, train=1.122e+02, val=1.108e+02]
GNN flow training:  58%|█████▊    | 58/100 [04:21<03:07,  4.47s/epoch, best=1.112e+02, sign=0.175, train=1.122e+02, val=1.108e+02]
GNN flow training:  58%|█████▊    | 58/100 [04:25<03:07,  4.47s/epoch, best=1.108e+02, sign=0.174, train=1.118e+02, val=1.108e+02]
GNN flow training:  59%|█████▉    | 59/100 [04:25<03:03,  4.47s/epoch, best=1.108e+02, sign=0.174, train=1.118e+02, val=1.108e+02]
GNN flow training:  59%|█████▉    | 59/100 [04:30<03:03,  4.47s/epoch, best=1.108e+02, sign=0.171, train=1.118e+02, val=1.100e+02]
GNN flow training:  60%|██████    | 60/100 [04:30<02:58,  4.46s/epoch, best=1.108e+02, sign=0.171, train=1.118e+02, val=1.100e+02]
GNN flow training:  60%|██████    | 60/100 [04:34<02:58,  4.46s/epoch, best=1.100e+02, sign=0.167, train=1.110e+02, val=1.099e+02]
GNN flow training:  61%|██████    | 61/100 [04:34<02:54,  4.48s/epoch, best=1.100e+02, sign=0.167, train=1.110e+02, val=1.099e+02]
GNN flow training:  61%|██████    | 61/100 [04:39<02:54,  4.48s/epoch, best=1.099e+02, sign=0.166, train=1.108e+02, val=1.100e+02]
GNN flow training:  62%|██████▏   | 62/100 [04:39<02:50,  4.48s/epoch, best=1.099e+02, sign=0.166, train=1.108e+02, val=1.100e+02]
GNN flow training:  62%|██████▏   | 62/100 [04:43<02:50,  4.48s/epoch, best=1.099e+02, sign=0.165, train=1.109e+02, val=1.085e+02]
GNN flow training:  63%|██████▎   | 63/100 [04:43<02:45,  4.47s/epoch, best=1.099e+02, sign=0.165, train=1.109e+02, val=1.085e+02]
GNN flow training:  63%|██████▎   | 63/100 [04:48<02:45,  4.47s/epoch, best=1.085e+02, sign=0.164, train=1.094e+02, val=1.084e+02]
GNN flow training:  64%|██████▍   | 64/100 [04:48<02:40,  4.47s/epoch, best=1.085e+02, sign=0.164, train=1.094e+02, val=1.084e+02]
GNN flow training:  64%|██████▍   | 64/100 [04:52<02:40,  4.47s/epoch, best=1.084e+02, sign=0.165, train=1.093e+02, val=1.083e+02]
GNN flow training:  65%|██████▌   | 65/100 [04:52<02:36,  4.46s/epoch, best=1.084e+02, sign=0.165, train=1.093e+02, val=1.083e+02]
GNN flow training:  65%|██████▌   | 65/100 [04:56<02:36,  4.46s/epoch, best=1.083e+02, sign=0.168, train=1.092e+02, val=1.088e+02]
GNN flow training:  66%|██████▌   | 66/100 [04:56<02:32,  4.47s/epoch, best=1.083e+02, sign=0.168, train=1.092e+02, val=1.088e+02]
GNN flow training:  66%|██████▌   | 66/100 [05:01<02:32,  4.47s/epoch, best=1.083e+02, sign=0.169, train=1.096e+02, val=1.082e+02]
GNN flow training:  67%|██████▋   | 67/100 [05:01<02:27,  4.47s/epoch, best=1.083e+02, sign=0.169, train=1.096e+02, val=1.082e+02]
GNN flow training:  67%|██████▋   | 67/100 [05:05<02:27,  4.47s/epoch, best=1.082e+02, sign=0.166, train=1.090e+02, val=1.071e+02]
GNN flow training:  68%|██████▊   | 68/100 [05:05<02:22,  4.47s/epoch, best=1.082e+02, sign=0.166, train=1.090e+02, val=1.071e+02]
GNN flow training:  68%|██████▊   | 68/100 [05:10<02:22,  4.47s/epoch, best=1.071e+02, sign=0.163, train=1.079e+02, val=1.057e+02]
GNN flow training:  69%|██████▉   | 69/100 [05:10<02:18,  4.46s/epoch, best=1.071e+02, sign=0.163, train=1.079e+02, val=1.057e+02]
GNN flow training:  69%|██████▉   | 69/100 [05:14<02:18,  4.46s/epoch, best=1.057e+02, sign=0.162, train=1.065e+02, val=1.051e+02]
GNN flow training:  70%|███████   | 70/100 [05:14<02:13,  4.45s/epoch, best=1.057e+02, sign=0.162, train=1.065e+02, val=1.051e+02]
GNN flow training:  70%|███████   | 70/100 [05:19<02:13,  4.45s/epoch, best=1.051e+02, sign=0.165, train=1.059e+02, val=1.061e+02]
GNN flow training:  71%|███████   | 71/100 [05:19<02:09,  4.45s/epoch, best=1.051e+02, sign=0.165, train=1.059e+02, val=1.061e+02]
GNN flow training:  71%|███████   | 71/100 [05:23<02:09,  4.45s/epoch, best=1.051e+02, sign=0.163, train=1.070e+02, val=1.049e+02]
GNN flow training:  72%|███████▏  | 72/100 [05:23<02:04,  4.46s/epoch, best=1.051e+02, sign=0.163, train=1.070e+02, val=1.049e+02]
GNN flow training:  72%|███████▏  | 72/100 [05:28<02:04,  4.46s/epoch, best=1.049e+02, sign=0.158, train=1.058e+02, val=1.036e+02]
GNN flow training:  73%|███████▎  | 73/100 [05:28<02:00,  4.46s/epoch, best=1.049e+02, sign=0.158, train=1.058e+02, val=1.036e+02]
GNN flow training:  73%|███████▎  | 73/100 [05:32<02:00,  4.46s/epoch, best=1.036e+02, sign=0.157, train=1.043e+02, val=1.035e+02]
GNN flow training:  74%|███████▍  | 74/100 [05:32<01:55,  4.45s/epoch, best=1.036e+02, sign=0.157, train=1.043e+02, val=1.035e+02]
GNN flow training:  74%|███████▍  | 74/100 [05:37<01:55,  4.45s/epoch, best=1.035e+02, sign=0.157, train=1.042e+02, val=1.030e+02]
GNN flow training:  75%|███████▌  | 75/100 [05:37<01:51,  4.45s/epoch, best=1.035e+02, sign=0.157, train=1.042e+02, val=1.030e+02]
GNN flow training:  75%|███████▌  | 75/100 [05:41<01:51,  4.45s/epoch, best=1.030e+02, sign=0.160, train=1.037e+02, val=1.026e+02]
GNN flow training:  76%|███████▌  | 76/100 [05:41<01:46,  4.44s/epoch, best=1.030e+02, sign=0.160, train=1.037e+02, val=1.026e+02]
GNN flow training:  76%|███████▌  | 76/100 [05:45<01:46,  4.44s/epoch, best=1.026e+02, sign=0.159, train=1.034e+02, val=1.029e+02]
GNN flow training:  77%|███████▋  | 77/100 [05:45<01:41,  4.43s/epoch, best=1.026e+02, sign=0.159, train=1.034e+02, val=1.029e+02]
GNN flow training:  77%|███████▋  | 77/100 [05:50<01:41,  4.43s/epoch, best=1.026e+02, sign=0.159, train=1.037e+02, val=1.017e+02]
GNN flow training:  78%|███████▊  | 78/100 [05:50<01:37,  4.44s/epoch, best=1.026e+02, sign=0.159, train=1.037e+02, val=1.017e+02]
GNN flow training:  78%|███████▊  | 78/100 [05:54<01:37,  4.44s/epoch, best=1.017e+02, sign=0.158, train=1.026e+02, val=1.002e+02]
GNN flow training:  79%|███████▉  | 79/100 [05:54<01:33,  4.47s/epoch, best=1.017e+02, sign=0.158, train=1.026e+02, val=1.002e+02]
GNN flow training:  79%|███████▉  | 79/100 [05:59<01:33,  4.47s/epoch, best=1.002e+02, sign=0.155, train=1.010e+02, val=9.922e+01]
GNN flow training:  80%|████████  | 80/100 [05:59<01:28,  4.45s/epoch, best=1.002e+02, sign=0.155, train=1.010e+02, val=9.922e+01]
GNN flow training:  80%|████████  | 80/100 [06:03<01:28,  4.45s/epoch, best=9.922e+01, sign=0.150, train=9.985e+01, val=1.004e+02]
GNN flow training:  81%|████████  | 81/100 [06:03<01:24,  4.44s/epoch, best=9.922e+01, sign=0.150, train=9.985e+01, val=1.004e+02]
GNN flow training:  81%|████████  | 81/100 [06:08<01:24,  4.44s/epoch, best=9.922e+01, sign=0.148, train=1.009e+02, val=1.024e+02]
GNN flow training:  82%|████████▏ | 82/100 [06:08<01:20,  4.45s/epoch, best=9.922e+01, sign=0.148, train=1.009e+02, val=1.024e+02]
GNN flow training:  82%|████████▏ | 82/100 [06:12<01:20,  4.45s/epoch, best=9.922e+01, sign=0.149, train=1.028e+02, val=1.070e+02]
GNN flow training:  83%|████████▎ | 83/100 [06:12<01:15,  4.45s/epoch, best=9.922e+01, sign=0.149, train=1.028e+02, val=1.070e+02]
GNN flow training:  83%|████████▎ | 83/100 [06:17<01:15,  4.45s/epoch, best=9.922e+01, sign=0.149, train=1.073e+02, val=1.111e+02]
GNN flow training:  84%|████████▍ | 84/100 [06:17<01:11,  4.44s/epoch, best=9.922e+01, sign=0.149, train=1.073e+02, val=1.111e+02]
GNN flow training:  84%|████████▍ | 84/100 [06:21<01:11,  4.44s/epoch, best=9.922e+01, sign=0.157, train=1.115e+02, val=1.092e+02]
GNN flow training:  85%|████████▌ | 85/100 [06:21<01:06,  4.45s/epoch, best=9.922e+01, sign=0.157, train=1.115e+02, val=1.092e+02]
GNN flow training:  85%|████████▌ | 85/100 [06:25<01:06,  4.45s/epoch, best=9.922e+01, sign=0.162, train=1.096e+02, val=1.087e+02]
GNN flow training:  86%|████████▌ | 86/100 [06:25<01:02,  4.45s/epoch, best=9.922e+01, sign=0.162, train=1.096e+02, val=1.087e+02]
GNN flow training:  86%|████████▌ | 86/100 [06:30<01:02,  4.45s/epoch, best=9.922e+01, sign=0.165, train=1.091e+02, val=1.048e+02]
GNN flow training:  87%|████████▋ | 87/100 [06:30<00:57,  4.43s/epoch, best=9.922e+01, sign=0.165, train=1.091e+02, val=1.048e+02]
GNN flow training:  87%|████████▋ | 87/100 [06:34<00:57,  4.43s/epoch, best=9.922e+01, sign=0.168, train=1.052e+02, val=1.016e+02]
GNN flow training:  88%|████████▊ | 88/100 [06:34<00:53,  4.44s/epoch, best=9.922e+01, sign=0.168, train=1.052e+02, val=1.016e+02]
GNN flow training:  88%|████████▊ | 88/100 [06:39<00:53,  4.44s/epoch, best=9.922e+01, sign=0.170, train=1.020e+02, val=1.009e+02]
GNN flow training:  89%|████████▉ | 89/100 [06:39<00:48,  4.44s/epoch, best=9.922e+01, sign=0.170, train=1.020e+02, val=1.009e+02]
GNN flow training:  89%|████████▉ | 89/100 [06:43<00:48,  4.44s/epoch, best=9.922e+01, sign=0.170, train=1.013e+02, val=1.002e+02]
GNN flow training:  90%|█████████ | 90/100 [06:43<00:44,  4.44s/epoch, best=9.922e+01, sign=0.170, train=1.013e+02, val=1.002e+02]
GNN flow training:  90%|█████████ | 90/100 [06:48<00:44,  4.44s/epoch, best=9.922e+01, sign=0.169, train=1.005e+02, val=9.967e+01]
GNN flow training:  91%|█████████ | 91/100 [06:48<00:39,  4.44s/epoch, best=9.922e+01, sign=0.169, train=1.005e+02, val=9.967e+01]
GNN flow training:  91%|█████████ | 91/100 [06:52<00:39,  4.44s/epoch, best=9.922e+01, sign=0.169, train=1.000e+02, val=9.781e+01]
GNN flow training:  92%|█████████▏| 92/100 [06:52<00:35,  4.44s/epoch, best=9.922e+01, sign=0.169, train=1.000e+02, val=9.781e+01]
GNN flow training:  92%|█████████▏| 92/100 [06:57<00:35,  4.44s/epoch, best=9.781e+01, sign=0.169, train=9.814e+01, val=9.642e+01]
GNN flow training:  93%|█████████▎| 93/100 [06:57<00:31,  4.46s/epoch, best=9.781e+01, sign=0.169, train=9.814e+01, val=9.642e+01]
GNN flow training:  93%|█████████▎| 93/100 [07:01<00:31,  4.46s/epoch, best=9.642e+01, sign=0.170, train=9.675e+01, val=9.414e+01]
GNN flow training:  94%|█████████▍| 94/100 [07:01<00:26,  4.46s/epoch, best=9.642e+01, sign=0.170, train=9.675e+01, val=9.414e+01]
GNN flow training:  94%|█████████▍| 94/100 [07:06<00:26,  4.46s/epoch, best=9.414e+01, sign=0.168, train=9.448e+01, val=9.266e+01]
GNN flow training:  95%|█████████▌| 95/100 [07:06<00:22,  4.47s/epoch, best=9.414e+01, sign=0.168, train=9.448e+01, val=9.266e+01]
GNN flow training:  95%|█████████▌| 95/100 [07:10<00:22,  4.47s/epoch, best=9.266e+01, sign=0.167, train=9.309e+01, val=9.323e+01]
GNN flow training:  96%|█████████▌| 96/100 [07:10<00:17,  4.47s/epoch, best=9.266e+01, sign=0.167, train=9.309e+01, val=9.323e+01]
GNN flow training:  96%|█████████▌| 96/100 [07:14<00:17,  4.47s/epoch, best=9.266e+01, sign=0.163, train=9.372e+01, val=9.435e+01]
GNN flow training:  97%|█████████▋| 97/100 [07:14<00:13,  4.47s/epoch, best=9.266e+01, sign=0.163, train=9.372e+01, val=9.435e+01]
GNN flow training:  97%|█████████▋| 97/100 [07:19<00:13,  4.47s/epoch, best=9.266e+01, sign=0.161, train=9.488e+01, val=9.512e+01]
GNN flow training:  98%|█████████▊| 98/100 [07:19<00:08,  4.47s/epoch, best=9.266e+01, sign=0.161, train=9.488e+01, val=9.512e+01]
GNN flow training:  98%|█████████▊| 98/100 [07:23<00:08,  4.47s/epoch, best=9.266e+01, sign=0.159, train=9.567e+01, val=9.635e+01]
GNN flow training:  99%|█████████▉| 99/100 [07:23<00:04,  4.47s/epoch, best=9.266e+01, sign=0.159, train=9.567e+01, val=9.635e+01]
GNN flow training:  99%|█████████▉| 99/100 [07:28<00:04,  4.47s/epoch, best=9.266e+01, sign=0.156, train=9.685e+01, val=9.632e+01]
GNN flow training: 100%|██████████| 100/100 [07:28<00:00,  4.50s/epoch, best=9.266e+01, sign=0.156, train=9.685e+01, val=9.632e+01]
GNN flow training: 100%|██████████| 100/100 [07:28<00:00,  4.48s/epoch, best=9.266e+01, sign=0.156, train=9.685e+01, val=9.632e+01]
Resolved config snapshot:
{'preset': 'solver_QKB_outer_QKBdelta', 'gnn_outer_losses': {'flow': 100.0, 'kirchhoff': 10.0, 'boundary': 100.0, 'delta_l2': 10.0, 'delta_smooth': 0.0, 'pressure_shape': 0.0}, 'physics': {'arterial_flow_mode': 'dataset', 'pressure_constraints': ['equal-a-equal-v'], 'alpha_pa': None, 'use_snr_weights': True, 'use_observed_flow_snr_weighting': True, 'flow_scale_mode': 'median_abs', 'solver_device': 'same', 'pressure_solver_mode': 'reduced-soft-constrained-lstsq', 'pressure_solver_lambda_kirchhoff': 1.0, 'pressure_solver_lambda_pressure_constraints': 100.0, 'pressure_solver_lambda_flow_residual': 1.0, 'pressure_shape_reference': 'delta_zero_reference', 'pressure_detach': False}, 'correction_bounds': {'correction_min': -0.5, 'correction_max': 0.5, 'correction_bound': 0.5, 'correction_parameterization': 'tanh'}, 'optimization': {'learning_rate': 0.001, 'weight_decay': 0.0001, 'gradient_clip_norm': 5.0, 'optimizer': 'adamw', 'epochs': 100, 'patience': 40}}
Shard 59/80: 1 of 80 runs
Command: /mnt/home/sswee/miniforge3/envs/yolk-sac/bin/python /mnt/home/sswee/yolk/Yolk-Sac-Flow-Data-and-Sim/gnn_clean/scripts/python/gnn_flow.py /mnt/home/sswee/yolk/Yolk-Sac-Flow-Data-and-Sim/gnn_clean/datasets/mosaic_graph_canonical_harmonized/mosaic_graph_canonical_harmonized.gpickle --output-dir /mnt/home/sswee/yolk/Yolk-Sac-Flow-Data-and-Sim/gnn_clean/outputs_canonical/dc/02_physics_weight_sweep/gnn --run-name q_100__k_10__delta_10 --preset solver_QKB_outer_QKBdelta --device cuda --epochs 100 --seed 0 --viscosity-pa-s 0.0035 --config /mnt/home/sswee/yolk/Yolk-Sac-Flow-Data-and-Sim/gnn_clean/outputs_canonical/dc/02_physics_weight_sweep/_generated_configs/q_100__k_10__delta_10.yaml --no-pressure-detach
