[info] DC Step 2 canonical sweep uses fixed lambda_B=100.0 for both the outer boundary loss and the reduced pressure-solver boundary constraint.

GNN flow training:   0%|          | 0/100 [00:00<?, ?epoch/s]
GNN flow training:   0%|          | 0/100 [00:06<?, ?epoch/s, best=1.271e+02, sign=0.194, train=1.271e+02, val=1.271e+02]
GNN flow training:   1%|          | 1/100 [00:06<10:25,  6.32s/epoch, best=1.271e+02, sign=0.194, train=1.271e+02, val=1.271e+02]
GNN flow training:   1%|          | 1/100 [00:12<10:25,  6.32s/epoch, best=1.271e+02, sign=0.194, train=1.271e+02, val=1.274e+02]
GNN flow training:   2%|▏         | 2/100 [00:12<10:04,  6.16s/epoch, best=1.271e+02, sign=0.194, train=1.271e+02, val=1.274e+02]
GNN flow training:   2%|▏         | 2/100 [00:18<10:04,  6.16s/epoch, best=1.271e+02, sign=0.194, train=1.274e+02, val=1.273e+02]
GNN flow training:   3%|▎         | 3/100 [00:18<09:49,  6.08s/epoch, best=1.271e+02, sign=0.194, train=1.274e+02, val=1.273e+02]
GNN flow training:   3%|▎         | 3/100 [00:24<09:49,  6.08s/epoch, best=1.271e+02, sign=0.194, train=1.273e+02, val=1.269e+02]
GNN flow training:   4%|▍         | 4/100 [00:24<09:39,  6.04s/epoch, best=1.271e+02, sign=0.194, train=1.273e+02, val=1.269e+02]
GNN flow training:   4%|▍         | 4/100 [00:30<09:39,  6.04s/epoch, best=1.269e+02, sign=0.194, train=1.269e+02, val=1.271e+02]
GNN flow training:   5%|▌         | 5/100 [00:30<09:34,  6.05s/epoch, best=1.269e+02, sign=0.194, train=1.269e+02, val=1.271e+02]
GNN flow training:   5%|▌         | 5/100 [00:36<09:34,  6.05s/epoch, best=1.269e+02, sign=0.194, train=1.271e+02, val=1.268e+02]
GNN flow training:   6%|▌         | 6/100 [00:36<09:27,  6.04s/epoch, best=1.269e+02, sign=0.194, train=1.271e+02, val=1.268e+02]
GNN flow training:   6%|▌         | 6/100 [00:42<09:27,  6.04s/epoch, best=1.268e+02, sign=0.194, train=1.268e+02, val=1.269e+02]
GNN flow training:   7%|▋         | 7/100 [00:42<09:21,  6.04s/epoch, best=1.268e+02, sign=0.194, train=1.268e+02, val=1.269e+02]
GNN flow training:   7%|▋         | 7/100 [00:48<09:21,  6.04s/epoch, best=1.268e+02, sign=0.194, train=1.269e+02, val=1.269e+02]
GNN flow training:   8%|▊         | 8/100 [00:48<09:14,  6.03s/epoch, best=1.268e+02, sign=0.194, train=1.269e+02, val=1.269e+02]
GNN flow training:   8%|▊         | 8/100 [00:54<09:14,  6.03s/epoch, best=1.268e+02, sign=0.194, train=1.269e+02, val=1.269e+02]
GNN flow training:   9%|▉         | 9/100 [00:54<09:08,  6.03s/epoch, best=1.268e+02, sign=0.194, train=1.269e+02, val=1.269e+02]
GNN flow training:   9%|▉         | 9/100 [01:00<09:08,  6.03s/epoch, best=1.268e+02, sign=0.194, train=1.269e+02, val=1.266e+02]
GNN flow training:  10%|█         | 10/100 [01:00<09:01,  6.02s/epoch, best=1.268e+02, sign=0.194, train=1.269e+02, val=1.266e+02]
GNN flow training:  10%|█         | 10/100 [01:06<09:01,  6.02s/epoch, best=1.266e+02, sign=0.194, train=1.266e+02, val=1.265e+02]
GNN flow training:  11%|█         | 11/100 [01:06<08:58,  6.05s/epoch, best=1.266e+02, sign=0.194, train=1.266e+02, val=1.265e+02]
GNN flow training:  11%|█         | 11/100 [01:12<08:58,  6.05s/epoch, best=1.265e+02, sign=0.192, train=1.265e+02, val=1.268e+02]
GNN flow training:  12%|█▏        | 12/100 [01:12<08:50,  6.03s/epoch, best=1.265e+02, sign=0.192, train=1.265e+02, val=1.268e+02]
GNN flow training:  12%|█▏        | 12/100 [01:18<08:50,  6.03s/epoch, best=1.265e+02, sign=0.192, train=1.268e+02, val=1.269e+02]
GNN flow training:  13%|█▎        | 13/100 [01:18<08:44,  6.02s/epoch, best=1.265e+02, sign=0.192, train=1.268e+02, val=1.269e+02]
GNN flow training:  13%|█▎        | 13/100 [01:24<08:44,  6.02s/epoch, best=1.265e+02, sign=0.192, train=1.269e+02, val=1.269e+02]
GNN flow training:  14%|█▍        | 14/100 [01:24<08:38,  6.03s/epoch, best=1.265e+02, sign=0.192, train=1.269e+02, val=1.269e+02]
GNN flow training:  14%|█▍        | 14/100 [01:30<08:38,  6.03s/epoch, best=1.265e+02, sign=0.192, train=1.269e+02, val=1.269e+02]
GNN flow training:  15%|█▌        | 15/100 [01:30<08:33,  6.04s/epoch, best=1.265e+02, sign=0.192, train=1.269e+02, val=1.269e+02]
GNN flow training:  15%|█▌        | 15/100 [01:36<08:33,  6.04s/epoch, best=1.265e+02, sign=0.191, train=1.269e+02, val=1.269e+02]
GNN flow training:  16%|█▌        | 16/100 [01:36<08:25,  6.02s/epoch, best=1.265e+02, sign=0.191, train=1.269e+02, val=1.269e+02]
GNN flow training:  16%|█▌        | 16/100 [01:42<08:25,  6.02s/epoch, best=1.265e+02, sign=0.190, train=1.269e+02, val=1.272e+02]
GNN flow training:  17%|█▋        | 17/100 [01:42<08:20,  6.03s/epoch, best=1.265e+02, sign=0.190, train=1.269e+02, val=1.272e+02]
GNN flow training:  17%|█▋        | 17/100 [01:48<08:20,  6.03s/epoch, best=1.265e+02, sign=0.190, train=1.272e+02, val=1.267e+02]
GNN flow training:  18%|█▊        | 18/100 [01:48<08:13,  6.01s/epoch, best=1.265e+02, sign=0.190, train=1.272e+02, val=1.267e+02]
GNN flow training:  18%|█▊        | 18/100 [01:54<08:13,  6.01s/epoch, best=1.265e+02, sign=0.189, train=1.267e+02, val=1.267e+02]
GNN flow training:  19%|█▉        | 19/100 [01:54<08:06,  6.00s/epoch, best=1.265e+02, sign=0.189, train=1.267e+02, val=1.267e+02]
GNN flow training:  19%|█▉        | 19/100 [02:00<08:06,  6.00s/epoch, best=1.265e+02, sign=0.187, train=1.267e+02, val=1.271e+02]
GNN flow training:  20%|██        | 20/100 [02:00<08:00,  6.01s/epoch, best=1.265e+02, sign=0.187, train=1.267e+02, val=1.271e+02]
GNN flow training:  20%|██        | 20/100 [02:06<08:00,  6.01s/epoch, best=1.265e+02, sign=0.186, train=1.271e+02, val=1.270e+02]
GNN flow training:  21%|██        | 21/100 [02:06<07:54,  6.00s/epoch, best=1.265e+02, sign=0.186, train=1.271e+02, val=1.270e+02]
GNN flow training:  21%|██        | 21/100 [02:12<07:54,  6.00s/epoch, best=1.265e+02, sign=0.186, train=1.270e+02, val=1.269e+02]
GNN flow training:  22%|██▏       | 22/100 [02:12<07:47,  6.00s/epoch, best=1.265e+02, sign=0.186, train=1.270e+02, val=1.269e+02]
GNN flow training:  22%|██▏       | 22/100 [02:18<07:47,  6.00s/epoch, best=1.265e+02, sign=0.187, train=1.269e+02, val=1.264e+02]
GNN flow training:  23%|██▎       | 23/100 [02:18<07:41,  5.99s/epoch, best=1.265e+02, sign=0.187, train=1.269e+02, val=1.264e+02]
GNN flow training:  23%|██▎       | 23/100 [02:24<07:41,  5.99s/epoch, best=1.264e+02, sign=0.187, train=1.264e+02, val=1.260e+02]
GNN flow training:  24%|██▍       | 24/100 [02:24<07:35,  5.99s/epoch, best=1.264e+02, sign=0.187, train=1.264e+02, val=1.260e+02]
GNN flow training:  24%|██▍       | 24/100 [02:30<07:35,  5.99s/epoch, best=1.260e+02, sign=0.188, train=1.260e+02, val=1.258e+02]
GNN flow training:  25%|██▌       | 25/100 [02:30<07:29,  6.00s/epoch, best=1.260e+02, sign=0.188, train=1.260e+02, val=1.258e+02]
GNN flow training:  25%|██▌       | 25/100 [02:36<07:29,  6.00s/epoch, best=1.258e+02, sign=0.188, train=1.258e+02, val=1.251e+02]
GNN flow training:  26%|██▌       | 26/100 [02:36<07:24,  6.00s/epoch, best=1.258e+02, sign=0.188, train=1.258e+02, val=1.251e+02]
GNN flow training:  26%|██▌       | 26/100 [02:42<07:24,  6.00s/epoch, best=1.251e+02, sign=0.187, train=1.251e+02, val=1.243e+02]
GNN flow training:  27%|██▋       | 27/100 [02:42<07:17,  5.99s/epoch, best=1.251e+02, sign=0.187, train=1.251e+02, val=1.243e+02]
GNN flow training:  27%|██▋       | 27/100 [02:48<07:17,  5.99s/epoch, best=1.243e+02, sign=0.187, train=1.243e+02, val=1.235e+02]
GNN flow training:  28%|██▊       | 28/100 [02:48<07:10,  5.98s/epoch, best=1.243e+02, sign=0.187, train=1.243e+02, val=1.235e+02]
GNN flow training:  28%|██▊       | 28/100 [02:54<07:10,  5.98s/epoch, best=1.235e+02, sign=0.187, train=1.235e+02, val=1.228e+02]
GNN flow training:  29%|██▉       | 29/100 [02:54<07:05,  5.99s/epoch, best=1.235e+02, sign=0.187, train=1.235e+02, val=1.228e+02]
GNN flow training:  29%|██▉       | 29/100 [03:00<07:05,  5.99s/epoch, best=1.228e+02, sign=0.187, train=1.228e+02, val=1.226e+02]
GNN flow training:  30%|███       | 30/100 [03:00<07:01,  6.02s/epoch, best=1.228e+02, sign=0.187, train=1.228e+02, val=1.226e+02]
GNN flow training:  30%|███       | 30/100 [03:06<07:01,  6.02s/epoch, best=1.226e+02, sign=0.186, train=1.226e+02, val=1.220e+02]
GNN flow training:  31%|███       | 31/100 [03:06<06:55,  6.03s/epoch, best=1.226e+02, sign=0.186, train=1.226e+02, val=1.220e+02]
GNN flow training:  31%|███       | 31/100 [03:12<06:55,  6.03s/epoch, best=1.220e+02, sign=0.184, train=1.220e+02, val=1.216e+02]
GNN flow training:  32%|███▏      | 32/100 [03:12<06:49,  6.02s/epoch, best=1.220e+02, sign=0.184, train=1.220e+02, val=1.216e+02]
GNN flow training:  32%|███▏      | 32/100 [03:18<06:49,  6.02s/epoch, best=1.216e+02, sign=0.183, train=1.216e+02, val=1.212e+02]
GNN flow training:  33%|███▎      | 33/100 [03:18<06:43,  6.02s/epoch, best=1.216e+02, sign=0.183, train=1.216e+02, val=1.212e+02]
GNN flow training:  33%|███▎      | 33/100 [03:24<06:43,  6.02s/epoch, best=1.212e+02, sign=0.183, train=1.212e+02, val=1.213e+02]
GNN flow training:  34%|███▍      | 34/100 [03:24<06:36,  6.01s/epoch, best=1.212e+02, sign=0.183, train=1.212e+02, val=1.213e+02]
GNN flow training:  34%|███▍      | 34/100 [03:30<06:36,  6.01s/epoch, best=1.212e+02, sign=0.181, train=1.213e+02, val=1.209e+02]
GNN flow training:  35%|███▌      | 35/100 [03:30<06:31,  6.03s/epoch, best=1.212e+02, sign=0.181, train=1.213e+02, val=1.209e+02]
GNN flow training:  35%|███▌      | 35/100 [03:36<06:31,  6.03s/epoch, best=1.209e+02, sign=0.180, train=1.209e+02, val=1.203e+02]
GNN flow training:  36%|███▌      | 36/100 [03:36<06:25,  6.02s/epoch, best=1.209e+02, sign=0.180, train=1.209e+02, val=1.203e+02]
GNN flow training:  36%|███▌      | 36/100 [03:42<06:25,  6.02s/epoch, best=1.203e+02, sign=0.179, train=1.203e+02, val=1.204e+02]
GNN flow training:  37%|███▋      | 37/100 [03:42<06:18,  6.01s/epoch, best=1.203e+02, sign=0.179, train=1.203e+02, val=1.204e+02]
GNN flow training:  37%|███▋      | 37/100 [03:48<06:18,  6.01s/epoch, best=1.203e+02, sign=0.179, train=1.204e+02, val=1.206e+02]
GNN flow training:  38%|███▊      | 38/100 [03:48<06:11,  5.99s/epoch, best=1.203e+02, sign=0.179, train=1.204e+02, val=1.206e+02]
GNN flow training:  38%|███▊      | 38/100 [03:54<06:11,  5.99s/epoch, best=1.203e+02, sign=0.179, train=1.206e+02, val=1.209e+02]
GNN flow training:  39%|███▉      | 39/100 [03:54<06:05,  5.99s/epoch, best=1.203e+02, sign=0.179, train=1.206e+02, val=1.209e+02]
GNN flow training:  39%|███▉      | 39/100 [04:00<06:05,  5.99s/epoch, best=1.203e+02, sign=0.179, train=1.209e+02, val=1.211e+02]
GNN flow training:  40%|████      | 40/100 [04:00<06:00,  6.01s/epoch, best=1.203e+02, sign=0.179, train=1.209e+02, val=1.211e+02]
GNN flow training:  40%|████      | 40/100 [04:06<06:00,  6.01s/epoch, best=1.203e+02, sign=0.179, train=1.211e+02, val=1.213e+02]
GNN flow training:  41%|████      | 41/100 [04:06<05:55,  6.02s/epoch, best=1.203e+02, sign=0.179, train=1.211e+02, val=1.213e+02]
GNN flow training:  41%|████      | 41/100 [04:12<05:55,  6.02s/epoch, best=1.203e+02, sign=0.178, train=1.213e+02, val=1.202e+02]
GNN flow training:  42%|████▏     | 42/100 [04:12<05:49,  6.02s/epoch, best=1.203e+02, sign=0.178, train=1.213e+02, val=1.202e+02]
GNN flow training:  42%|████▏     | 42/100 [04:18<05:49,  6.02s/epoch, best=1.202e+02, sign=0.179, train=1.202e+02, val=1.196e+02]
GNN flow training:  43%|████▎     | 43/100 [04:18<05:43,  6.02s/epoch, best=1.202e+02, sign=0.179, train=1.202e+02, val=1.196e+02]
GNN flow training:  43%|████▎     | 43/100 [04:24<05:43,  6.02s/epoch, best=1.196e+02, sign=0.179, train=1.196e+02, val=1.183e+02]
GNN flow training:  44%|████▍     | 44/100 [04:24<05:36,  6.00s/epoch, best=1.196e+02, sign=0.179, train=1.196e+02, val=1.183e+02]
GNN flow training:  44%|████▍     | 44/100 [04:30<05:36,  6.00s/epoch, best=1.183e+02, sign=0.179, train=1.183e+02, val=1.174e+02]
GNN flow training:  45%|████▌     | 45/100 [04:30<05:29,  6.00s/epoch, best=1.183e+02, sign=0.179, train=1.183e+02, val=1.174e+02]
GNN flow training:  45%|████▌     | 45/100 [04:36<05:29,  6.00s/epoch, best=1.174e+02, sign=0.177, train=1.174e+02, val=1.167e+02]
GNN flow training:  46%|████▌     | 46/100 [04:36<05:24,  6.01s/epoch, best=1.174e+02, sign=0.177, train=1.174e+02, val=1.167e+02]
GNN flow training:  46%|████▌     | 46/100 [04:42<05:24,  6.01s/epoch, best=1.167e+02, sign=0.176, train=1.167e+02, val=1.160e+02]
GNN flow training:  47%|████▋     | 47/100 [04:42<05:18,  6.01s/epoch, best=1.167e+02, sign=0.176, train=1.167e+02, val=1.160e+02]
GNN flow training:  47%|████▋     | 47/100 [04:48<05:18,  6.01s/epoch, best=1.160e+02, sign=0.175, train=1.160e+02, val=1.152e+02]
GNN flow training:  48%|████▊     | 48/100 [04:48<05:12,  6.02s/epoch, best=1.160e+02, sign=0.175, train=1.160e+02, val=1.152e+02]
GNN flow training:  48%|████▊     | 48/100 [04:54<05:12,  6.02s/epoch, best=1.152e+02, sign=0.174, train=1.152e+02, val=1.140e+02]
GNN flow training:  49%|████▉     | 49/100 [04:54<05:06,  6.01s/epoch, best=1.152e+02, sign=0.174, train=1.152e+02, val=1.140e+02]
GNN flow training:  49%|████▉     | 49/100 [05:00<05:06,  6.01s/epoch, best=1.140e+02, sign=0.174, train=1.140e+02, val=1.135e+02]
GNN flow training:  50%|█████     | 50/100 [05:00<05:00,  6.01s/epoch, best=1.140e+02, sign=0.174, train=1.140e+02, val=1.135e+02]
GNN flow training:  50%|█████     | 50/100 [05:06<05:00,  6.01s/epoch, best=1.135e+02, sign=0.173, train=1.135e+02, val=1.126e+02]
GNN flow training:  51%|█████     | 51/100 [05:06<04:54,  6.01s/epoch, best=1.135e+02, sign=0.173, train=1.135e+02, val=1.126e+02]
GNN flow training:  51%|█████     | 51/100 [05:13<04:54,  6.01s/epoch, best=1.126e+02, sign=0.172, train=1.126e+02, val=1.118e+02]
GNN flow training:  52%|█████▏    | 52/100 [05:13<04:49,  6.04s/epoch, best=1.126e+02, sign=0.172, train=1.126e+02, val=1.118e+02]
GNN flow training:  52%|█████▏    | 52/100 [05:19<04:49,  6.04s/epoch, best=1.118e+02, sign=0.172, train=1.118e+02, val=1.118e+02]
GNN flow training:  53%|█████▎    | 53/100 [05:19<04:43,  6.03s/epoch, best=1.118e+02, sign=0.172, train=1.118e+02, val=1.118e+02]
GNN flow training:  53%|█████▎    | 53/100 [05:25<04:43,  6.03s/epoch, best=1.118e+02, sign=0.172, train=1.118e+02, val=1.120e+02]
GNN flow training:  54%|█████▍    | 54/100 [05:25<04:37,  6.04s/epoch, best=1.118e+02, sign=0.172, train=1.118e+02, val=1.120e+02]
GNN flow training:  54%|█████▍    | 54/100 [05:31<04:37,  6.04s/epoch, best=1.118e+02, sign=0.171, train=1.120e+02, val=1.113e+02]
GNN flow training:  55%|█████▌    | 55/100 [05:31<04:31,  6.03s/epoch, best=1.118e+02, sign=0.171, train=1.120e+02, val=1.113e+02]
GNN flow training:  55%|█████▌    | 55/100 [05:37<04:31,  6.03s/epoch, best=1.113e+02, sign=0.171, train=1.113e+02, val=1.104e+02]
GNN flow training:  56%|█████▌    | 56/100 [05:37<04:25,  6.03s/epoch, best=1.113e+02, sign=0.171, train=1.113e+02, val=1.104e+02]
GNN flow training:  56%|█████▌    | 56/100 [05:43<04:25,  6.03s/epoch, best=1.104e+02, sign=0.169, train=1.104e+02, val=1.096e+02]
GNN flow training:  57%|█████▋    | 57/100 [05:43<04:18,  6.02s/epoch, best=1.104e+02, sign=0.169, train=1.104e+02, val=1.096e+02]
GNN flow training:  57%|█████▋    | 57/100 [05:49<04:18,  6.02s/epoch, best=1.096e+02, sign=0.167, train=1.096e+02, val=1.088e+02]
GNN flow training:  58%|█████▊    | 58/100 [05:49<04:12,  6.01s/epoch, best=1.096e+02, sign=0.167, train=1.096e+02, val=1.088e+02]
GNN flow training:  58%|█████▊    | 58/100 [05:55<04:12,  6.01s/epoch, best=1.088e+02, sign=0.166, train=1.088e+02, val=1.080e+02]
GNN flow training:  59%|█████▉    | 59/100 [05:55<04:06,  6.02s/epoch, best=1.088e+02, sign=0.166, train=1.088e+02, val=1.080e+02]
GNN flow training:  59%|█████▉    | 59/100 [06:01<04:06,  6.02s/epoch, best=1.080e+02, sign=0.164, train=1.080e+02, val=1.075e+02]
GNN flow training:  60%|██████    | 60/100 [06:01<03:59,  5.99s/epoch, best=1.080e+02, sign=0.164, train=1.080e+02, val=1.075e+02]
GNN flow training:  60%|██████    | 60/100 [06:07<03:59,  5.99s/epoch, best=1.075e+02, sign=0.165, train=1.075e+02, val=1.071e+02]
GNN flow training:  61%|██████    | 61/100 [06:07<03:52,  5.97s/epoch, best=1.075e+02, sign=0.165, train=1.075e+02, val=1.071e+02]
GNN flow training:  61%|██████    | 61/100 [06:13<03:52,  5.97s/epoch, best=1.071e+02, sign=0.164, train=1.071e+02, val=1.061e+02]
GNN flow training:  62%|██████▏   | 62/100 [06:13<03:47,  5.97s/epoch, best=1.071e+02, sign=0.164, train=1.071e+02, val=1.061e+02]
GNN flow training:  62%|██████▏   | 62/100 [06:18<03:47,  5.97s/epoch, best=1.061e+02, sign=0.165, train=1.061e+02, val=1.053e+02]
GNN flow training:  63%|██████▎   | 63/100 [06:18<03:41,  5.97s/epoch, best=1.061e+02, sign=0.165, train=1.061e+02, val=1.053e+02]
GNN flow training:  63%|██████▎   | 63/100 [06:24<03:41,  5.97s/epoch, best=1.053e+02, sign=0.165, train=1.053e+02, val=1.055e+02]
GNN flow training:  64%|██████▍   | 64/100 [06:24<03:34,  5.96s/epoch, best=1.053e+02, sign=0.165, train=1.053e+02, val=1.055e+02]
GNN flow training:  64%|██████▍   | 64/100 [06:30<03:34,  5.96s/epoch, best=1.053e+02, sign=0.166, train=1.055e+02, val=1.047e+02]
GNN flow training:  65%|██████▌   | 65/100 [06:30<03:28,  5.96s/epoch, best=1.053e+02, sign=0.166, train=1.055e+02, val=1.047e+02]
GNN flow training:  65%|██████▌   | 65/100 [06:36<03:28,  5.96s/epoch, best=1.047e+02, sign=0.167, train=1.047e+02, val=1.033e+02]
GNN flow training:  66%|██████▌   | 66/100 [06:36<03:23,  5.98s/epoch, best=1.047e+02, sign=0.167, train=1.047e+02, val=1.033e+02]
GNN flow training:  66%|██████▌   | 66/100 [06:42<03:23,  5.98s/epoch, best=1.033e+02, sign=0.168, train=1.033e+02, val=1.038e+02]
GNN flow training:  67%|██████▋   | 67/100 [06:42<03:17,  5.98s/epoch, best=1.033e+02, sign=0.168, train=1.033e+02, val=1.038e+02]
GNN flow training:  67%|██████▋   | 67/100 [06:48<03:17,  5.98s/epoch, best=1.033e+02, sign=0.168, train=1.038e+02, val=1.047e+02]
GNN flow training:  68%|██████▊   | 68/100 [06:48<03:11,  5.98s/epoch, best=1.033e+02, sign=0.168, train=1.038e+02, val=1.047e+02]
GNN flow training:  68%|██████▊   | 68/100 [06:54<03:11,  5.98s/epoch, best=1.033e+02, sign=0.169, train=1.047e+02, val=1.051e+02]
GNN flow training:  69%|██████▉   | 69/100 [06:54<03:05,  5.97s/epoch, best=1.033e+02, sign=0.169, train=1.047e+02, val=1.051e+02]
GNN flow training:  69%|██████▉   | 69/100 [07:00<03:05,  5.97s/epoch, best=1.033e+02, sign=0.170, train=1.051e+02, val=1.037e+02]
GNN flow training:  70%|███████   | 70/100 [07:00<02:58,  5.95s/epoch, best=1.033e+02, sign=0.170, train=1.051e+02, val=1.037e+02]
GNN flow training:  70%|███████   | 70/100 [07:06<02:58,  5.95s/epoch, best=1.033e+02, sign=0.171, train=1.037e+02, val=1.010e+02]
GNN flow training:  71%|███████   | 71/100 [07:06<02:52,  5.96s/epoch, best=1.033e+02, sign=0.171, train=1.037e+02, val=1.010e+02]
GNN flow training:  71%|███████   | 71/100 [07:12<02:52,  5.96s/epoch, best=1.010e+02, sign=0.171, train=1.010e+02, val=9.974e+01]
GNN flow training:  72%|███████▏  | 72/100 [07:12<02:46,  5.95s/epoch, best=1.010e+02, sign=0.171, train=1.010e+02, val=9.974e+01]
GNN flow training:  72%|███████▏  | 72/100 [07:18<02:46,  5.95s/epoch, best=9.974e+01, sign=0.169, train=9.974e+01, val=1.001e+02]
GNN flow training:  73%|███████▎  | 73/100 [07:18<02:41,  5.97s/epoch, best=9.974e+01, sign=0.169, train=9.974e+01, val=1.001e+02]
GNN flow training:  73%|███████▎  | 73/100 [07:24<02:41,  5.97s/epoch, best=9.974e+01, sign=0.172, train=1.001e+02, val=1.024e+02]
GNN flow training:  74%|███████▍  | 74/100 [07:24<02:34,  5.96s/epoch, best=9.974e+01, sign=0.172, train=1.001e+02, val=1.024e+02]
GNN flow training:  74%|███████▍  | 74/100 [07:30<02:34,  5.96s/epoch, best=9.974e+01, sign=0.175, train=1.024e+02, val=1.064e+02]
GNN flow training:  75%|███████▌  | 75/100 [07:30<02:28,  5.95s/epoch, best=9.974e+01, sign=0.175, train=1.024e+02, val=1.064e+02]
GNN flow training:  75%|███████▌  | 75/100 [07:36<02:28,  5.95s/epoch, best=9.974e+01, sign=0.179, train=1.064e+02, val=1.112e+02]
GNN flow training:  76%|███████▌  | 76/100 [07:36<02:22,  5.95s/epoch, best=9.974e+01, sign=0.179, train=1.064e+02, val=1.112e+02]
GNN flow training:  76%|███████▌  | 76/100 [07:42<02:22,  5.95s/epoch, best=9.974e+01, sign=0.185, train=1.112e+02, val=1.151e+02]
GNN flow training:  77%|███████▋  | 77/100 [07:42<02:16,  5.92s/epoch, best=9.974e+01, sign=0.185, train=1.112e+02, val=1.151e+02]
GNN flow training:  77%|███████▋  | 77/100 [07:48<02:16,  5.92s/epoch, best=9.974e+01, sign=0.186, train=1.151e+02, val=1.155e+02]
GNN flow training:  78%|███████▊  | 78/100 [07:48<02:10,  5.94s/epoch, best=9.974e+01, sign=0.186, train=1.151e+02, val=1.155e+02]
GNN flow training:  78%|███████▊  | 78/100 [07:54<02:10,  5.94s/epoch, best=9.974e+01, sign=0.184, train=1.155e+02, val=1.148e+02]
GNN flow training:  79%|███████▉  | 79/100 [07:54<02:03,  5.90s/epoch, best=9.974e+01, sign=0.184, train=1.155e+02, val=1.148e+02]
GNN flow training:  79%|███████▉  | 79/100 [07:59<02:03,  5.90s/epoch, best=9.974e+01, sign=0.174, train=1.148e+02, val=1.095e+02]
GNN flow training:  80%|████████  | 80/100 [07:59<01:57,  5.88s/epoch, best=9.974e+01, sign=0.174, train=1.148e+02, val=1.095e+02]
GNN flow training:  80%|████████  | 80/100 [08:05<01:57,  5.88s/epoch, best=9.974e+01, sign=0.175, train=1.095e+02, val=1.082e+02]
GNN flow training:  81%|████████  | 81/100 [08:05<01:51,  5.88s/epoch, best=9.974e+01, sign=0.175, train=1.095e+02, val=1.082e+02]
GNN flow training:  81%|████████  | 81/100 [08:11<01:51,  5.88s/epoch, best=9.974e+01, sign=0.176, train=1.082e+02, val=1.076e+02]
GNN flow training:  82%|████████▏ | 82/100 [08:11<01:46,  5.89s/epoch, best=9.974e+01, sign=0.176, train=1.082e+02, val=1.076e+02]
GNN flow training:  82%|████████▏ | 82/100 [08:17<01:46,  5.89s/epoch, best=9.974e+01, sign=0.175, train=1.076e+02, val=1.069e+02]
GNN flow training:  83%|████████▎ | 83/100 [08:17<01:40,  5.89s/epoch, best=9.974e+01, sign=0.175, train=1.076e+02, val=1.069e+02]
GNN flow training:  83%|████████▎ | 83/100 [08:23<01:40,  5.89s/epoch, best=9.974e+01, sign=0.175, train=1.069e+02, val=1.069e+02]
GNN flow training:  84%|████████▍ | 84/100 [08:23<01:34,  5.90s/epoch, best=9.974e+01, sign=0.175, train=1.069e+02, val=1.069e+02]
GNN flow training:  84%|████████▍ | 84/100 [08:29<01:34,  5.90s/epoch, best=9.974e+01, sign=0.173, train=1.069e+02, val=1.081e+02]
GNN flow training:  85%|████████▌ | 85/100 [08:29<01:28,  5.90s/epoch, best=9.974e+01, sign=0.173, train=1.069e+02, val=1.081e+02]
GNN flow training:  85%|████████▌ | 85/100 [08:35<01:28,  5.90s/epoch, best=9.974e+01, sign=0.177, train=1.081e+02, val=1.061e+02]
GNN flow training:  86%|████████▌ | 86/100 [08:35<01:22,  5.90s/epoch, best=9.974e+01, sign=0.177, train=1.081e+02, val=1.061e+02]
GNN flow training:  86%|████████▌ | 86/100 [08:41<01:22,  5.90s/epoch, best=9.974e+01, sign=0.177, train=1.061e+02, val=1.030e+02]
GNN flow training:  87%|████████▋ | 87/100 [08:41<01:16,  5.90s/epoch, best=9.974e+01, sign=0.177, train=1.061e+02, val=1.030e+02]
GNN flow training:  87%|████████▋ | 87/100 [08:47<01:16,  5.90s/epoch, best=9.974e+01, sign=0.177, train=1.030e+02, val=1.011e+02]
GNN flow training:  88%|████████▊ | 88/100 [08:47<01:10,  5.90s/epoch, best=9.974e+01, sign=0.177, train=1.030e+02, val=1.011e+02]
GNN flow training:  88%|████████▊ | 88/100 [08:53<01:10,  5.90s/epoch, best=9.974e+01, sign=0.179, train=1.011e+02, val=1.015e+02]
GNN flow training:  89%|████████▉ | 89/100 [08:53<01:05,  5.92s/epoch, best=9.974e+01, sign=0.179, train=1.011e+02, val=1.015e+02]
GNN flow training:  89%|████████▉ | 89/100 [08:59<01:05,  5.92s/epoch, best=9.974e+01, sign=0.180, train=1.015e+02, val=1.014e+02]
GNN flow training:  90%|█████████ | 90/100 [08:59<00:59,  5.95s/epoch, best=9.974e+01, sign=0.180, train=1.015e+02, val=1.014e+02]
GNN flow training:  90%|█████████ | 90/100 [09:05<00:59,  5.95s/epoch, best=9.974e+01, sign=0.182, train=1.014e+02, val=1.015e+02]
GNN flow training:  91%|█████████ | 91/100 [09:05<00:53,  5.94s/epoch, best=9.974e+01, sign=0.182, train=1.014e+02, val=1.015e+02]
GNN flow training:  91%|█████████ | 91/100 [09:10<00:53,  5.94s/epoch, best=9.974e+01, sign=0.180, train=1.015e+02, val=1.032e+02]
GNN flow training:  92%|█████████▏| 92/100 [09:10<00:47,  5.94s/epoch, best=9.974e+01, sign=0.180, train=1.015e+02, val=1.032e+02]
GNN flow training:  92%|█████████▏| 92/100 [09:16<00:47,  5.94s/epoch, best=9.974e+01, sign=0.178, train=1.032e+02, val=1.038e+02]
GNN flow training:  93%|█████████▎| 93/100 [09:16<00:41,  5.95s/epoch, best=9.974e+01, sign=0.178, train=1.032e+02, val=1.038e+02]
GNN flow training:  93%|█████████▎| 93/100 [09:22<00:41,  5.95s/epoch, best=9.974e+01, sign=0.178, train=1.038e+02, val=1.030e+02]
GNN flow training:  94%|█████████▍| 94/100 [09:22<00:35,  5.95s/epoch, best=9.974e+01, sign=0.178, train=1.038e+02, val=1.030e+02]
GNN flow training:  94%|█████████▍| 94/100 [09:28<00:35,  5.95s/epoch, best=9.974e+01, sign=0.178, train=1.030e+02, val=1.020e+02]
GNN flow training:  95%|█████████▌| 95/100 [09:28<00:29,  5.98s/epoch, best=9.974e+01, sign=0.178, train=1.030e+02, val=1.020e+02]
GNN flow training:  95%|█████████▌| 95/100 [09:34<00:29,  5.98s/epoch, best=9.974e+01, sign=0.177, train=1.020e+02, val=1.008e+02]
GNN flow training:  96%|█████████▌| 96/100 [09:34<00:23,  5.99s/epoch, best=9.974e+01, sign=0.177, train=1.020e+02, val=1.008e+02]
GNN flow training:  96%|█████████▌| 96/100 [09:40<00:23,  5.99s/epoch, best=9.974e+01, sign=0.178, train=1.008e+02, val=9.887e+01]
GNN flow training:  97%|█████████▋| 97/100 [09:40<00:17,  5.99s/epoch, best=9.974e+01, sign=0.178, train=1.008e+02, val=9.887e+01]
GNN flow training:  97%|█████████▋| 97/100 [09:46<00:17,  5.99s/epoch, best=9.887e+01, sign=0.178, train=9.888e+01, val=9.892e+01]
GNN flow training:  98%|█████████▊| 98/100 [09:46<00:11,  5.99s/epoch, best=9.887e+01, sign=0.178, train=9.888e+01, val=9.892e+01]
GNN flow training:  98%|█████████▊| 98/100 [09:52<00:11,  5.99s/epoch, best=9.887e+01, sign=0.176, train=9.892e+01, val=9.823e+01]
GNN flow training:  99%|█████████▉| 99/100 [09:52<00:05,  5.99s/epoch, best=9.887e+01, sign=0.176, train=9.892e+01, val=9.823e+01]
GNN flow training:  99%|█████████▉| 99/100 [09:58<00:05,  5.99s/epoch, best=9.823e+01, sign=0.181, train=9.823e+01, val=9.840e+01]
GNN flow training: 100%|██████████| 100/100 [09:58<00:00,  5.98s/epoch, best=9.823e+01, sign=0.181, train=9.823e+01, val=9.840e+01]
GNN flow training: 100%|██████████| 100/100 [09:58<00:00,  5.99s/epoch, best=9.823e+01, sign=0.181, train=9.823e+01, val=9.840e+01]
Resolved config snapshot:
{'preset': 'solver_QKB_outer_QKBdelta', 'gnn_outer_losses': {'flow': 0.1, 'kirchhoff': 10.0, 'boundary': 100.0, 'delta_l2': 1.0, 'delta_smooth': 0.0, 'pressure_shape': 0.0}, 'physics': {'arterial_flow_mode': 'dataset', 'pressure_constraints': ['equal-a-equal-v'], 'alpha_pa': None, 'use_snr_weights': True, 'use_observed_flow_snr_weighting': True, 'flow_scale_mode': 'median_abs', 'solver_device': 'same', 'pressure_solver_mode': 'reduced-soft-constrained-lstsq', 'pressure_solver_lambda_kirchhoff': 1.0, 'pressure_solver_lambda_pressure_constraints': 100.0, 'pressure_solver_lambda_flow_residual': 1.0, 'pressure_shape_reference': 'delta_zero_reference', 'pressure_detach': False}, 'correction_bounds': {'correction_min': -0.5, 'correction_max': 0.5, 'correction_bound': 0.5, 'correction_parameterization': 'tanh'}, 'optimization': {'learning_rate': 0.001, 'weight_decay': 0.0001, 'gradient_clip_norm': 5.0, 'optimizer': 'adamw', 'epochs': 100, 'patience': 40}}
Shard 10/80: 1 of 80 runs
Command: /mnt/home/sswee/miniforge3/envs/yolk-sac/bin/python /mnt/home/sswee/yolk/Yolk-Sac-Flow-Data-and-Sim/gnn_clean/scripts/python/gnn_flow.py /mnt/home/sswee/yolk/Yolk-Sac-Flow-Data-and-Sim/gnn_clean/datasets/mosaic_graph_canonical_harmonized/mosaic_graph_canonical_harmonized.gpickle --output-dir /mnt/home/sswee/yolk/Yolk-Sac-Flow-Data-and-Sim/gnn_clean/outputs_canonical/dc/02_physics_weight_sweep/gnn --run-name q_0p1__k_10__delta_1 --preset solver_QKB_outer_QKBdelta --device cuda --epochs 100 --seed 0 --viscosity-pa-s 0.0035 --config /mnt/home/sswee/yolk/Yolk-Sac-Flow-Data-and-Sim/gnn_clean/outputs_canonical/dc/02_physics_weight_sweep/_generated_configs/q_0p1__k_10__delta_1.yaml --no-pressure-detach
