[info] DC Step 2 canonical sweep uses fixed lambda_B=100.0 for both the outer boundary loss and the reduced pressure-solver boundary constraint.

GNN flow training:   0%|          | 0/100 [00:00<?, ?epoch/s]
GNN flow training:   0%|          | 0/100 [00:06<?, ?epoch/s, best=1.803e+00, sign=0.194, train=1.959e+00, val=1.803e+00]
GNN flow training:   1%|          | 1/100 [00:06<10:08,  6.14s/epoch, best=1.803e+00, sign=0.194, train=1.959e+00, val=1.803e+00]
GNN flow training:   1%|          | 1/100 [00:12<10:08,  6.14s/epoch, best=1.803e+00, sign=0.194, train=1.959e+00, val=1.803e+00]
GNN flow training:   2%|▏         | 2/100 [00:12<09:55,  6.08s/epoch, best=1.803e+00, sign=0.194, train=1.959e+00, val=1.803e+00]
GNN flow training:   2%|▏         | 2/100 [00:18<09:55,  6.08s/epoch, best=1.803e+00, sign=0.192, train=1.959e+00, val=1.805e+00]
GNN flow training:   3%|▎         | 3/100 [00:18<09:46,  6.05s/epoch, best=1.803e+00, sign=0.192, train=1.959e+00, val=1.805e+00]
GNN flow training:   3%|▎         | 3/100 [00:24<09:46,  6.05s/epoch, best=1.803e+00, sign=0.191, train=1.959e+00, val=1.802e+00]
GNN flow training:   4%|▍         | 4/100 [00:24<09:42,  6.06s/epoch, best=1.803e+00, sign=0.191, train=1.959e+00, val=1.802e+00]
GNN flow training:   4%|▍         | 4/100 [00:30<09:42,  6.06s/epoch, best=1.802e+00, sign=0.191, train=1.955e+00, val=1.800e+00]
GNN flow training:   5%|▌         | 5/100 [00:30<09:35,  6.06s/epoch, best=1.802e+00, sign=0.191, train=1.955e+00, val=1.800e+00]
GNN flow training:   5%|▌         | 5/100 [00:36<09:35,  6.06s/epoch, best=1.800e+00, sign=0.190, train=1.953e+00, val=1.797e+00]
GNN flow training:   6%|▌         | 6/100 [00:36<09:27,  6.04s/epoch, best=1.800e+00, sign=0.190, train=1.953e+00, val=1.797e+00]
GNN flow training:   6%|▌         | 6/100 [00:42<09:27,  6.04s/epoch, best=1.797e+00, sign=0.188, train=1.950e+00, val=1.794e+00]
GNN flow training:   7%|▋         | 7/100 [00:42<09:19,  6.01s/epoch, best=1.797e+00, sign=0.188, train=1.950e+00, val=1.794e+00]
GNN flow training:   7%|▋         | 7/100 [00:48<09:19,  6.01s/epoch, best=1.794e+00, sign=0.188, train=1.945e+00, val=1.788e+00]
GNN flow training:   8%|▊         | 8/100 [00:48<09:13,  6.02s/epoch, best=1.794e+00, sign=0.188, train=1.945e+00, val=1.788e+00]
GNN flow training:   8%|▊         | 8/100 [00:54<09:13,  6.02s/epoch, best=1.788e+00, sign=0.188, train=1.940e+00, val=1.788e+00]
GNN flow training:   9%|▉         | 9/100 [00:54<09:08,  6.02s/epoch, best=1.788e+00, sign=0.188, train=1.940e+00, val=1.788e+00]
GNN flow training:   9%|▉         | 9/100 [01:00<09:08,  6.02s/epoch, best=1.788e+00, sign=0.186, train=1.939e+00, val=1.784e+00]
GNN flow training:  10%|█         | 10/100 [01:00<09:02,  6.03s/epoch, best=1.788e+00, sign=0.186, train=1.939e+00, val=1.784e+00]
GNN flow training:  10%|█         | 10/100 [01:06<09:02,  6.03s/epoch, best=1.784e+00, sign=0.187, train=1.934e+00, val=1.780e+00]
GNN flow training:  11%|█         | 11/100 [01:06<08:55,  6.02s/epoch, best=1.784e+00, sign=0.187, train=1.934e+00, val=1.780e+00]
GNN flow training:  11%|█         | 11/100 [01:12<08:55,  6.02s/epoch, best=1.780e+00, sign=0.187, train=1.928e+00, val=1.769e+00]
GNN flow training:  12%|█▏        | 12/100 [01:12<08:50,  6.03s/epoch, best=1.780e+00, sign=0.187, train=1.928e+00, val=1.769e+00]
GNN flow training:  12%|█▏        | 12/100 [01:18<08:50,  6.03s/epoch, best=1.769e+00, sign=0.185, train=1.918e+00, val=1.768e+00]
GNN flow training:  13%|█▎        | 13/100 [01:18<08:44,  6.03s/epoch, best=1.769e+00, sign=0.185, train=1.918e+00, val=1.768e+00]
GNN flow training:  13%|█▎        | 13/100 [01:24<08:44,  6.03s/epoch, best=1.768e+00, sign=0.185, train=1.915e+00, val=1.767e+00]
GNN flow training:  14%|█▍        | 14/100 [01:24<08:37,  6.02s/epoch, best=1.768e+00, sign=0.185, train=1.915e+00, val=1.767e+00]
GNN flow training:  14%|█▍        | 14/100 [01:30<08:37,  6.02s/epoch, best=1.767e+00, sign=0.183, train=1.912e+00, val=1.762e+00]
GNN flow training:  15%|█▌        | 15/100 [01:30<08:32,  6.03s/epoch, best=1.767e+00, sign=0.183, train=1.912e+00, val=1.762e+00]
GNN flow training:  15%|█▌        | 15/100 [01:36<08:32,  6.03s/epoch, best=1.762e+00, sign=0.179, train=1.903e+00, val=1.764e+00]
GNN flow training:  16%|█▌        | 16/100 [01:36<08:27,  6.04s/epoch, best=1.762e+00, sign=0.179, train=1.903e+00, val=1.764e+00]
GNN flow training:  16%|█▌        | 16/100 [01:42<08:27,  6.04s/epoch, best=1.762e+00, sign=0.177, train=1.900e+00, val=1.759e+00]
GNN flow training:  17%|█▋        | 17/100 [01:42<08:22,  6.05s/epoch, best=1.762e+00, sign=0.177, train=1.900e+00, val=1.759e+00]
GNN flow training:  17%|█▋        | 17/100 [01:48<08:22,  6.05s/epoch, best=1.759e+00, sign=0.177, train=1.892e+00, val=1.754e+00]
GNN flow training:  18%|█▊        | 18/100 [01:48<08:14,  6.04s/epoch, best=1.759e+00, sign=0.177, train=1.892e+00, val=1.754e+00]
GNN flow training:  18%|█▊        | 18/100 [01:54<08:14,  6.04s/epoch, best=1.754e+00, sign=0.177, train=1.886e+00, val=1.746e+00]
GNN flow training:  19%|█▉        | 19/100 [01:54<08:07,  6.02s/epoch, best=1.754e+00, sign=0.177, train=1.886e+00, val=1.746e+00]
GNN flow training:  19%|█▉        | 19/100 [02:00<08:07,  6.02s/epoch, best=1.746e+00, sign=0.177, train=1.878e+00, val=1.734e+00]
GNN flow training:  20%|██        | 20/100 [02:00<08:01,  6.02s/epoch, best=1.746e+00, sign=0.177, train=1.878e+00, val=1.734e+00]
GNN flow training:  20%|██        | 20/100 [02:06<08:01,  6.02s/epoch, best=1.734e+00, sign=0.178, train=1.866e+00, val=1.726e+00]
GNN flow training:  21%|██        | 21/100 [02:06<07:54,  6.00s/epoch, best=1.734e+00, sign=0.178, train=1.866e+00, val=1.726e+00]
GNN flow training:  21%|██        | 21/100 [02:12<07:54,  6.00s/epoch, best=1.726e+00, sign=0.178, train=1.857e+00, val=1.721e+00]
GNN flow training:  22%|██▏       | 22/100 [02:12<07:49,  6.01s/epoch, best=1.726e+00, sign=0.178, train=1.857e+00, val=1.721e+00]
GNN flow training:  22%|██▏       | 22/100 [02:18<07:49,  6.01s/epoch, best=1.721e+00, sign=0.177, train=1.851e+00, val=1.713e+00]
GNN flow training:  23%|██▎       | 23/100 [02:18<07:42,  6.00s/epoch, best=1.721e+00, sign=0.177, train=1.851e+00, val=1.713e+00]
GNN flow training:  23%|██▎       | 23/100 [02:24<07:42,  6.00s/epoch, best=1.713e+00, sign=0.177, train=1.841e+00, val=1.706e+00]
GNN flow training:  24%|██▍       | 24/100 [02:24<07:35,  5.99s/epoch, best=1.713e+00, sign=0.177, train=1.841e+00, val=1.706e+00]
GNN flow training:  24%|██▍       | 24/100 [02:30<07:35,  5.99s/epoch, best=1.706e+00, sign=0.176, train=1.833e+00, val=1.702e+00]
GNN flow training:  25%|██▌       | 25/100 [02:30<07:30,  6.00s/epoch, best=1.706e+00, sign=0.176, train=1.833e+00, val=1.702e+00]
GNN flow training:  25%|██▌       | 25/100 [02:36<07:30,  6.00s/epoch, best=1.702e+00, sign=0.176, train=1.829e+00, val=1.705e+00]
GNN flow training:  26%|██▌       | 26/100 [02:36<07:23,  5.99s/epoch, best=1.702e+00, sign=0.176, train=1.829e+00, val=1.705e+00]
GNN flow training:  26%|██▌       | 26/100 [02:42<07:23,  5.99s/epoch, best=1.702e+00, sign=0.176, train=1.836e+00, val=1.714e+00]
GNN flow training:  27%|██▋       | 27/100 [02:42<07:16,  5.98s/epoch, best=1.702e+00, sign=0.176, train=1.836e+00, val=1.714e+00]
GNN flow training:  27%|██▋       | 27/100 [02:48<07:16,  5.98s/epoch, best=1.702e+00, sign=0.171, train=1.849e+00, val=1.701e+00]
GNN flow training:  28%|██▊       | 28/100 [02:48<07:09,  5.97s/epoch, best=1.702e+00, sign=0.171, train=1.849e+00, val=1.701e+00]
GNN flow training:  28%|██▊       | 28/100 [02:54<07:09,  5.97s/epoch, best=1.701e+00, sign=0.166, train=1.827e+00, val=1.693e+00]
GNN flow training:  29%|██▉       | 29/100 [02:54<07:05,  5.99s/epoch, best=1.701e+00, sign=0.166, train=1.827e+00, val=1.693e+00]
GNN flow training:  29%|██▉       | 29/100 [03:00<07:05,  5.99s/epoch, best=1.693e+00, sign=0.164, train=1.809e+00, val=1.687e+00]
GNN flow training:  30%|███       | 30/100 [03:00<06:58,  5.97s/epoch, best=1.693e+00, sign=0.164, train=1.809e+00, val=1.687e+00]
GNN flow training:  30%|███       | 30/100 [03:06<06:58,  5.97s/epoch, best=1.687e+00, sign=0.163, train=1.794e+00, val=1.688e+00]
GNN flow training:  31%|███       | 31/100 [03:06<06:52,  5.98s/epoch, best=1.687e+00, sign=0.163, train=1.794e+00, val=1.688e+00]
GNN flow training:  31%|███       | 31/100 [03:12<06:52,  5.98s/epoch, best=1.687e+00, sign=0.163, train=1.787e+00, val=1.697e+00]
GNN flow training:  32%|███▏      | 32/100 [03:12<06:48,  6.01s/epoch, best=1.687e+00, sign=0.163, train=1.787e+00, val=1.697e+00]
GNN flow training:  32%|███▏      | 32/100 [03:18<06:48,  6.01s/epoch, best=1.687e+00, sign=0.162, train=1.788e+00, val=1.697e+00]
GNN flow training:  33%|███▎      | 33/100 [03:18<06:42,  6.01s/epoch, best=1.687e+00, sign=0.162, train=1.788e+00, val=1.697e+00]
GNN flow training:  33%|███▎      | 33/100 [03:24<06:42,  6.01s/epoch, best=1.687e+00, sign=0.160, train=1.782e+00, val=1.696e+00]
GNN flow training:  34%|███▍      | 34/100 [03:24<06:36,  6.01s/epoch, best=1.687e+00, sign=0.160, train=1.782e+00, val=1.696e+00]
GNN flow training:  34%|███▍      | 34/100 [03:30<06:36,  6.01s/epoch, best=1.687e+00, sign=0.159, train=1.777e+00, val=1.687e+00]
GNN flow training:  35%|███▌      | 35/100 [03:30<06:30,  6.01s/epoch, best=1.687e+00, sign=0.159, train=1.777e+00, val=1.687e+00]
GNN flow training:  35%|███▌      | 35/100 [03:36<06:30,  6.01s/epoch, best=1.687e+00, sign=0.159, train=1.767e+00, val=1.675e+00]
GNN flow training:  36%|███▌      | 36/100 [03:36<06:23,  5.99s/epoch, best=1.687e+00, sign=0.159, train=1.767e+00, val=1.675e+00]
GNN flow training:  36%|███▌      | 36/100 [03:42<06:23,  5.99s/epoch, best=1.675e+00, sign=0.159, train=1.755e+00, val=1.670e+00]
GNN flow training:  37%|███▋      | 37/100 [03:42<06:17,  5.99s/epoch, best=1.675e+00, sign=0.159, train=1.755e+00, val=1.670e+00]
GNN flow training:  37%|███▋      | 37/100 [03:48<06:17,  5.99s/epoch, best=1.670e+00, sign=0.158, train=1.752e+00, val=1.664e+00]
GNN flow training:  38%|███▊      | 38/100 [03:48<06:11,  5.99s/epoch, best=1.670e+00, sign=0.158, train=1.752e+00, val=1.664e+00]
GNN flow training:  38%|███▊      | 38/100 [03:54<06:11,  5.99s/epoch, best=1.664e+00, sign=0.158, train=1.748e+00, val=1.651e+00]
GNN flow training:  39%|███▉      | 39/100 [03:54<06:05,  5.99s/epoch, best=1.664e+00, sign=0.158, train=1.748e+00, val=1.651e+00]
GNN flow training:  39%|███▉      | 39/100 [04:00<06:05,  5.99s/epoch, best=1.651e+00, sign=0.157, train=1.735e+00, val=1.642e+00]
GNN flow training:  40%|████      | 40/100 [04:00<05:59,  5.98s/epoch, best=1.651e+00, sign=0.157, train=1.735e+00, val=1.642e+00]
GNN flow training:  40%|████      | 40/100 [04:06<05:59,  5.98s/epoch, best=1.642e+00, sign=0.156, train=1.724e+00, val=1.636e+00]
GNN flow training:  41%|████      | 41/100 [04:06<05:52,  5.98s/epoch, best=1.642e+00, sign=0.156, train=1.724e+00, val=1.636e+00]
GNN flow training:  41%|████      | 41/100 [04:12<05:52,  5.98s/epoch, best=1.636e+00, sign=0.154, train=1.713e+00, val=1.631e+00]
GNN flow training:  42%|████▏     | 42/100 [04:12<05:46,  5.97s/epoch, best=1.636e+00, sign=0.154, train=1.713e+00, val=1.631e+00]
GNN flow training:  42%|████▏     | 42/100 [04:18<05:46,  5.97s/epoch, best=1.631e+00, sign=0.153, train=1.703e+00, val=1.634e+00]
GNN flow training:  43%|████▎     | 43/100 [04:18<05:41,  6.00s/epoch, best=1.631e+00, sign=0.153, train=1.703e+00, val=1.634e+00]
GNN flow training:  43%|████▎     | 43/100 [04:24<05:41,  6.00s/epoch, best=1.631e+00, sign=0.153, train=1.704e+00, val=1.634e+00]
GNN flow training:  44%|████▍     | 44/100 [04:24<05:35,  6.00s/epoch, best=1.631e+00, sign=0.153, train=1.704e+00, val=1.634e+00]
GNN flow training:  44%|████▍     | 44/100 [04:30<05:35,  6.00s/epoch, best=1.631e+00, sign=0.152, train=1.703e+00, val=1.635e+00]
GNN flow training:  45%|████▌     | 45/100 [04:30<05:28,  5.98s/epoch, best=1.631e+00, sign=0.152, train=1.703e+00, val=1.635e+00]
GNN flow training:  45%|████▌     | 45/100 [04:36<05:28,  5.98s/epoch, best=1.631e+00, sign=0.152, train=1.703e+00, val=1.628e+00]
GNN flow training:  46%|████▌     | 46/100 [04:36<05:22,  5.97s/epoch, best=1.631e+00, sign=0.152, train=1.703e+00, val=1.628e+00]
GNN flow training:  46%|████▌     | 46/100 [04:42<05:22,  5.97s/epoch, best=1.628e+00, sign=0.151, train=1.694e+00, val=1.621e+00]
GNN flow training:  47%|████▋     | 47/100 [04:42<05:16,  5.97s/epoch, best=1.628e+00, sign=0.151, train=1.694e+00, val=1.621e+00]
GNN flow training:  47%|████▋     | 47/100 [04:48<05:16,  5.97s/epoch, best=1.621e+00, sign=0.152, train=1.686e+00, val=1.621e+00]
GNN flow training:  48%|████▊     | 48/100 [04:48<05:10,  5.97s/epoch, best=1.621e+00, sign=0.152, train=1.686e+00, val=1.621e+00]
GNN flow training:  48%|████▊     | 48/100 [04:54<05:10,  5.97s/epoch, best=1.621e+00, sign=0.151, train=1.684e+00, val=1.624e+00]
GNN flow training:  49%|████▉     | 49/100 [04:54<05:04,  5.98s/epoch, best=1.621e+00, sign=0.151, train=1.684e+00, val=1.624e+00]
GNN flow training:  49%|████▉     | 49/100 [05:00<05:04,  5.98s/epoch, best=1.621e+00, sign=0.151, train=1.685e+00, val=1.613e+00]
GNN flow training:  50%|█████     | 50/100 [05:00<04:59,  5.98s/epoch, best=1.621e+00, sign=0.151, train=1.685e+00, val=1.613e+00]
GNN flow training:  50%|█████     | 50/100 [05:06<04:59,  5.98s/epoch, best=1.613e+00, sign=0.150, train=1.671e+00, val=1.606e+00]
GNN flow training:  51%|█████     | 51/100 [05:06<04:52,  5.97s/epoch, best=1.613e+00, sign=0.150, train=1.671e+00, val=1.606e+00]
GNN flow training:  51%|█████     | 51/100 [05:12<04:52,  5.97s/epoch, best=1.606e+00, sign=0.150, train=1.667e+00, val=1.611e+00]
GNN flow training:  52%|█████▏    | 52/100 [05:12<04:46,  5.96s/epoch, best=1.606e+00, sign=0.150, train=1.667e+00, val=1.611e+00]
GNN flow training:  52%|█████▏    | 52/100 [05:18<04:46,  5.96s/epoch, best=1.606e+00, sign=0.153, train=1.681e+00, val=1.611e+00]
GNN flow training:  53%|█████▎    | 53/100 [05:18<04:40,  5.98s/epoch, best=1.606e+00, sign=0.153, train=1.681e+00, val=1.611e+00]
GNN flow training:  53%|█████▎    | 53/100 [05:24<04:40,  5.98s/epoch, best=1.606e+00, sign=0.153, train=1.686e+00, val=1.604e+00]
GNN flow training:  54%|█████▍    | 54/100 [05:24<04:34,  5.97s/epoch, best=1.606e+00, sign=0.153, train=1.686e+00, val=1.604e+00]
GNN flow training:  54%|█████▍    | 54/100 [05:30<04:34,  5.97s/epoch, best=1.604e+00, sign=0.151, train=1.676e+00, val=1.597e+00]
GNN flow training:  55%|█████▌    | 55/100 [05:30<04:28,  5.97s/epoch, best=1.604e+00, sign=0.151, train=1.676e+00, val=1.597e+00]
GNN flow training:  55%|█████▌    | 55/100 [05:36<04:28,  5.97s/epoch, best=1.597e+00, sign=0.151, train=1.662e+00, val=1.593e+00]
GNN flow training:  56%|█████▌    | 56/100 [05:36<04:22,  5.97s/epoch, best=1.597e+00, sign=0.151, train=1.662e+00, val=1.593e+00]
GNN flow training:  56%|█████▌    | 56/100 [05:42<04:22,  5.97s/epoch, best=1.593e+00, sign=0.151, train=1.651e+00, val=1.592e+00]
GNN flow training:  57%|█████▋    | 57/100 [05:42<04:17,  5.99s/epoch, best=1.593e+00, sign=0.151, train=1.651e+00, val=1.592e+00]
GNN flow training:  57%|█████▋    | 57/100 [05:48<04:17,  5.99s/epoch, best=1.592e+00, sign=0.152, train=1.646e+00, val=1.603e+00]
GNN flow training:  58%|█████▊    | 58/100 [05:48<04:11,  5.99s/epoch, best=1.592e+00, sign=0.152, train=1.646e+00, val=1.603e+00]
GNN flow training:  58%|█████▊    | 58/100 [05:54<04:11,  5.99s/epoch, best=1.592e+00, sign=0.152, train=1.652e+00, val=1.621e+00]
GNN flow training:  59%|█████▉    | 59/100 [05:54<04:06,  6.00s/epoch, best=1.592e+00, sign=0.152, train=1.652e+00, val=1.621e+00]
GNN flow training:  59%|█████▉    | 59/100 [06:00<04:06,  6.00s/epoch, best=1.592e+00, sign=0.150, train=1.667e+00, val=1.633e+00]
GNN flow training:  60%|██████    | 60/100 [06:00<03:59,  5.99s/epoch, best=1.592e+00, sign=0.150, train=1.667e+00, val=1.633e+00]
GNN flow training:  60%|██████    | 60/100 [06:06<03:59,  5.99s/epoch, best=1.592e+00, sign=0.149, train=1.676e+00, val=1.636e+00]
GNN flow training:  61%|██████    | 61/100 [06:06<03:53,  6.00s/epoch, best=1.592e+00, sign=0.149, train=1.676e+00, val=1.636e+00]
GNN flow training:  61%|██████    | 61/100 [06:12<03:53,  6.00s/epoch, best=1.592e+00, sign=0.149, train=1.677e+00, val=1.628e+00]
GNN flow training:  62%|██████▏   | 62/100 [06:12<03:48,  6.02s/epoch, best=1.592e+00, sign=0.149, train=1.677e+00, val=1.628e+00]
GNN flow training:  62%|██████▏   | 62/100 [06:18<03:48,  6.02s/epoch, best=1.592e+00, sign=0.150, train=1.668e+00, val=1.616e+00]
GNN flow training:  63%|██████▎   | 63/100 [06:18<03:42,  6.02s/epoch, best=1.592e+00, sign=0.150, train=1.668e+00, val=1.616e+00]
GNN flow training:  63%|██████▎   | 63/100 [06:24<03:42,  6.02s/epoch, best=1.592e+00, sign=0.150, train=1.657e+00, val=1.592e+00]
GNN flow training:  64%|██████▍   | 64/100 [06:24<03:36,  6.00s/epoch, best=1.592e+00, sign=0.150, train=1.657e+00, val=1.592e+00]
GNN flow training:  64%|██████▍   | 64/100 [06:30<03:36,  6.00s/epoch, best=1.592e+00, sign=0.152, train=1.635e+00, val=1.568e+00]
GNN flow training:  65%|██████▌   | 65/100 [06:30<03:29,  5.99s/epoch, best=1.592e+00, sign=0.152, train=1.635e+00, val=1.568e+00]
GNN flow training:  65%|██████▌   | 65/100 [06:36<03:29,  5.99s/epoch, best=1.568e+00, sign=0.151, train=1.615e+00, val=1.564e+00]
GNN flow training:  66%|██████▌   | 66/100 [06:36<03:23,  5.98s/epoch, best=1.568e+00, sign=0.151, train=1.615e+00, val=1.564e+00]
GNN flow training:  66%|██████▌   | 66/100 [06:42<03:23,  5.98s/epoch, best=1.564e+00, sign=0.148, train=1.613e+00, val=1.561e+00]
GNN flow training:  67%|██████▋   | 67/100 [06:42<03:17,  5.99s/epoch, best=1.564e+00, sign=0.148, train=1.613e+00, val=1.561e+00]
GNN flow training:  67%|██████▋   | 67/100 [06:48<03:17,  5.99s/epoch, best=1.561e+00, sign=0.148, train=1.604e+00, val=1.564e+00]
GNN flow training:  68%|██████▊   | 68/100 [06:48<03:11,  6.00s/epoch, best=1.561e+00, sign=0.148, train=1.604e+00, val=1.564e+00]
GNN flow training:  68%|██████▊   | 68/100 [06:54<03:11,  6.00s/epoch, best=1.561e+00, sign=0.149, train=1.604e+00, val=1.569e+00]
GNN flow training:  69%|██████▉   | 69/100 [06:54<03:06,  6.00s/epoch, best=1.561e+00, sign=0.149, train=1.604e+00, val=1.569e+00]
GNN flow training:  69%|██████▉   | 69/100 [07:00<03:06,  6.00s/epoch, best=1.561e+00, sign=0.149, train=1.610e+00, val=1.571e+00]
GNN flow training:  70%|███████   | 70/100 [07:00<02:59,  5.99s/epoch, best=1.561e+00, sign=0.149, train=1.610e+00, val=1.571e+00]
GNN flow training:  70%|███████   | 70/100 [07:05<02:59,  5.99s/epoch, best=1.561e+00, sign=0.147, train=1.611e+00, val=1.565e+00]
GNN flow training:  71%|███████   | 71/100 [07:05<02:53,  5.97s/epoch, best=1.561e+00, sign=0.147, train=1.611e+00, val=1.565e+00]
GNN flow training:  71%|███████   | 71/100 [07:11<02:53,  5.97s/epoch, best=1.561e+00, sign=0.148, train=1.602e+00, val=1.561e+00]
GNN flow training:  72%|███████▏  | 72/100 [07:11<02:46,  5.96s/epoch, best=1.561e+00, sign=0.148, train=1.602e+00, val=1.561e+00]
GNN flow training:  72%|███████▏  | 72/100 [07:17<02:46,  5.96s/epoch, best=1.561e+00, sign=0.148, train=1.600e+00, val=1.561e+00]
GNN flow training:  73%|███████▎  | 73/100 [07:17<02:41,  5.97s/epoch, best=1.561e+00, sign=0.148, train=1.600e+00, val=1.561e+00]
GNN flow training:  73%|███████▎  | 73/100 [07:23<02:41,  5.97s/epoch, best=1.561e+00, sign=0.148, train=1.602e+00, val=1.560e+00]
GNN flow training:  74%|███████▍  | 74/100 [07:23<02:35,  5.98s/epoch, best=1.561e+00, sign=0.148, train=1.602e+00, val=1.560e+00]
GNN flow training:  74%|███████▍  | 74/100 [07:29<02:35,  5.98s/epoch, best=1.560e+00, sign=0.147, train=1.603e+00, val=1.555e+00]
GNN flow training:  75%|███████▌  | 75/100 [07:29<02:29,  5.98s/epoch, best=1.560e+00, sign=0.147, train=1.603e+00, val=1.555e+00]
GNN flow training:  75%|███████▌  | 75/100 [07:35<02:29,  5.98s/epoch, best=1.555e+00, sign=0.145, train=1.597e+00, val=1.553e+00]
GNN flow training:  76%|███████▌  | 76/100 [07:35<02:23,  5.98s/epoch, best=1.555e+00, sign=0.145, train=1.597e+00, val=1.553e+00]
GNN flow training:  76%|███████▌  | 76/100 [07:41<02:23,  5.98s/epoch, best=1.553e+00, sign=0.144, train=1.587e+00, val=1.554e+00]
GNN flow training:  77%|███████▋  | 77/100 [07:41<02:17,  5.98s/epoch, best=1.553e+00, sign=0.144, train=1.587e+00, val=1.554e+00]
GNN flow training:  77%|███████▋  | 77/100 [07:47<02:17,  5.98s/epoch, best=1.553e+00, sign=0.143, train=1.587e+00, val=1.556e+00]
GNN flow training:  78%|███████▊  | 78/100 [07:47<02:11,  5.99s/epoch, best=1.553e+00, sign=0.143, train=1.587e+00, val=1.556e+00]
GNN flow training:  78%|███████▊  | 78/100 [07:53<02:11,  5.99s/epoch, best=1.553e+00, sign=0.144, train=1.589e+00, val=1.556e+00]
GNN flow training:  79%|███████▉  | 79/100 [07:53<02:05,  5.98s/epoch, best=1.553e+00, sign=0.144, train=1.589e+00, val=1.556e+00]
GNN flow training:  79%|███████▉  | 79/100 [07:59<02:05,  5.98s/epoch, best=1.553e+00, sign=0.144, train=1.588e+00, val=1.546e+00]
GNN flow training:  80%|████████  | 80/100 [07:59<01:59,  5.98s/epoch, best=1.553e+00, sign=0.144, train=1.588e+00, val=1.546e+00]
GNN flow training:  80%|████████  | 80/100 [08:05<01:59,  5.98s/epoch, best=1.546e+00, sign=0.142, train=1.577e+00, val=1.540e+00]
GNN flow training:  81%|████████  | 81/100 [08:05<01:53,  5.96s/epoch, best=1.546e+00, sign=0.142, train=1.577e+00, val=1.540e+00]
GNN flow training:  81%|████████  | 81/100 [08:11<01:53,  5.96s/epoch, best=1.540e+00, sign=0.141, train=1.568e+00, val=1.535e+00]
GNN flow training:  82%|████████▏ | 82/100 [08:11<01:47,  5.98s/epoch, best=1.540e+00, sign=0.141, train=1.568e+00, val=1.535e+00]
GNN flow training:  82%|████████▏ | 82/100 [08:17<01:47,  5.98s/epoch, best=1.535e+00, sign=0.141, train=1.560e+00, val=1.528e+00]
GNN flow training:  83%|████████▎ | 83/100 [08:17<01:41,  5.98s/epoch, best=1.535e+00, sign=0.141, train=1.560e+00, val=1.528e+00]
GNN flow training:  83%|████████▎ | 83/100 [08:23<01:41,  5.98s/epoch, best=1.528e+00, sign=0.142, train=1.551e+00, val=1.524e+00]
GNN flow training:  84%|████████▍ | 84/100 [08:23<01:35,  5.98s/epoch, best=1.528e+00, sign=0.142, train=1.551e+00, val=1.524e+00]
GNN flow training:  84%|████████▍ | 84/100 [08:29<01:35,  5.98s/epoch, best=1.524e+00, sign=0.142, train=1.547e+00, val=1.519e+00]
GNN flow training:  85%|████████▌ | 85/100 [08:29<01:29,  5.96s/epoch, best=1.524e+00, sign=0.142, train=1.547e+00, val=1.519e+00]
GNN flow training:  85%|████████▌ | 85/100 [08:35<01:29,  5.96s/epoch, best=1.519e+00, sign=0.142, train=1.542e+00, val=1.513e+00]
GNN flow training:  86%|████████▌ | 86/100 [08:35<01:23,  5.97s/epoch, best=1.519e+00, sign=0.142, train=1.542e+00, val=1.513e+00]
GNN flow training:  86%|████████▌ | 86/100 [08:41<01:23,  5.97s/epoch, best=1.513e+00, sign=0.142, train=1.536e+00, val=1.506e+00]
GNN flow training:  87%|████████▋ | 87/100 [08:41<01:17,  5.97s/epoch, best=1.513e+00, sign=0.142, train=1.536e+00, val=1.506e+00]
GNN flow training:  87%|████████▋ | 87/100 [08:47<01:17,  5.97s/epoch, best=1.506e+00, sign=0.141, train=1.528e+00, val=1.500e+00]
GNN flow training:  88%|████████▊ | 88/100 [08:47<01:11,  5.96s/epoch, best=1.506e+00, sign=0.141, train=1.528e+00, val=1.500e+00]
GNN flow training:  88%|████████▊ | 88/100 [08:53<01:11,  5.96s/epoch, best=1.500e+00, sign=0.141, train=1.521e+00, val=1.492e+00]
GNN flow training:  89%|████████▉ | 89/100 [08:53<01:05,  5.95s/epoch, best=1.500e+00, sign=0.141, train=1.521e+00, val=1.492e+00]
GNN flow training:  89%|████████▉ | 89/100 [08:59<01:05,  5.95s/epoch, best=1.492e+00, sign=0.141, train=1.514e+00, val=1.488e+00]
GNN flow training:  90%|█████████ | 90/100 [08:59<00:59,  5.98s/epoch, best=1.492e+00, sign=0.141, train=1.514e+00, val=1.488e+00]
GNN flow training:  90%|█████████ | 90/100 [09:05<00:59,  5.98s/epoch, best=1.488e+00, sign=0.141, train=1.511e+00, val=1.482e+00]
GNN flow training:  91%|█████████ | 91/100 [09:05<00:53,  5.99s/epoch, best=1.488e+00, sign=0.141, train=1.511e+00, val=1.482e+00]
GNN flow training:  91%|█████████ | 91/100 [09:11<00:53,  5.99s/epoch, best=1.482e+00, sign=0.141, train=1.505e+00, val=1.478e+00]
GNN flow training:  92%|█████████▏| 92/100 [09:11<00:47,  5.97s/epoch, best=1.482e+00, sign=0.141, train=1.505e+00, val=1.478e+00]
GNN flow training:  92%|█████████▏| 92/100 [09:17<00:47,  5.97s/epoch, best=1.478e+00, sign=0.141, train=1.502e+00, val=1.475e+00]
GNN flow training:  93%|█████████▎| 93/100 [09:17<00:41,  5.99s/epoch, best=1.478e+00, sign=0.141, train=1.502e+00, val=1.475e+00]
GNN flow training:  93%|█████████▎| 93/100 [09:23<00:41,  5.99s/epoch, best=1.475e+00, sign=0.141, train=1.498e+00, val=1.473e+00]
GNN flow training:  94%|█████████▍| 94/100 [09:23<00:36,  6.00s/epoch, best=1.475e+00, sign=0.141, train=1.498e+00, val=1.473e+00]
GNN flow training:  94%|█████████▍| 94/100 [09:29<00:36,  6.00s/epoch, best=1.473e+00, sign=0.141, train=1.497e+00, val=1.473e+00]
GNN flow training:  95%|█████████▌| 95/100 [09:29<00:29,  5.98s/epoch, best=1.473e+00, sign=0.141, train=1.497e+00, val=1.473e+00]
GNN flow training:  95%|█████████▌| 95/100 [09:35<00:29,  5.98s/epoch, best=1.473e+00, sign=0.142, train=1.503e+00, val=1.476e+00]
GNN flow training:  96%|█████████▌| 96/100 [09:35<00:23,  5.97s/epoch, best=1.473e+00, sign=0.142, train=1.503e+00, val=1.476e+00]
GNN flow training:  96%|█████████▌| 96/100 [09:41<00:23,  5.97s/epoch, best=1.473e+00, sign=0.142, train=1.505e+00, val=1.488e+00]
GNN flow training:  97%|█████████▋| 97/100 [09:41<00:17,  5.97s/epoch, best=1.473e+00, sign=0.142, train=1.505e+00, val=1.488e+00]
GNN flow training:  97%|█████████▋| 97/100 [09:47<00:17,  5.97s/epoch, best=1.473e+00, sign=0.141, train=1.503e+00, val=1.489e+00]
GNN flow training:  98%|█████████▊| 98/100 [09:47<00:11,  5.99s/epoch, best=1.473e+00, sign=0.141, train=1.503e+00, val=1.489e+00]
GNN flow training:  98%|█████████▊| 98/100 [09:53<00:11,  5.99s/epoch, best=1.473e+00, sign=0.143, train=1.506e+00, val=1.497e+00]
GNN flow training:  99%|█████████▉| 99/100 [09:53<00:05,  5.97s/epoch, best=1.473e+00, sign=0.143, train=1.506e+00, val=1.497e+00]
GNN flow training:  99%|█████████▉| 99/100 [09:59<00:05,  5.97s/epoch, best=1.473e+00, sign=0.145, train=1.517e+00, val=1.503e+00]
GNN flow training: 100%|██████████| 100/100 [09:59<00:00,  5.98s/epoch, best=1.473e+00, sign=0.145, train=1.517e+00, val=1.503e+00]
GNN flow training: 100%|██████████| 100/100 [09:59<00:00,  5.99s/epoch, best=1.473e+00, sign=0.145, train=1.517e+00, val=1.503e+00]
Resolved config snapshot:
{'preset': 'solver_QKB_outer_QKBdelta', 'gnn_outer_losses': {'flow': 10.0, 'kirchhoff': 0.1, 'boundary': 100.0, 'delta_l2': 10.0, 'delta_smooth': 0.0, 'pressure_shape': 0.0}, 'physics': {'arterial_flow_mode': 'dataset', 'pressure_constraints': ['equal-a-equal-v'], 'alpha_pa': None, 'use_snr_weights': True, 'use_observed_flow_snr_weighting': True, 'flow_scale_mode': 'median_abs', 'solver_device': 'same', 'pressure_solver_mode': 'reduced-soft-constrained-lstsq', 'pressure_solver_lambda_kirchhoff': 1.0, 'pressure_solver_lambda_pressure_constraints': 100.0, 'pressure_solver_lambda_flow_residual': 1.0, 'pressure_shape_reference': 'delta_zero_reference', 'pressure_detach': False}, 'correction_bounds': {'correction_min': -0.5, 'correction_max': 0.5, 'correction_bound': 0.5, 'correction_parameterization': 'tanh'}, 'optimization': {'learning_rate': 0.001, 'weight_decay': 0.0001, 'gradient_clip_norm': 5.0, 'optimizer': 'adamw', 'epochs': 100, 'patience': 40}}
Shard 35/80: 1 of 80 runs
Command: /mnt/home/sswee/miniforge3/envs/yolk-sac/bin/python /mnt/home/sswee/yolk/Yolk-Sac-Flow-Data-and-Sim/gnn_clean/scripts/python/gnn_flow.py /mnt/home/sswee/yolk/Yolk-Sac-Flow-Data-and-Sim/gnn_clean/datasets/mosaic_graph_canonical_harmonized/mosaic_graph_canonical_harmonized.gpickle --output-dir /mnt/home/sswee/yolk/Yolk-Sac-Flow-Data-and-Sim/gnn_clean/outputs_canonical/dc/02_physics_weight_sweep/gnn --run-name q_10__k_0p1__delta_10 --preset solver_QKB_outer_QKBdelta --device cuda --epochs 100 --seed 0 --viscosity-pa-s 0.0035 --config /mnt/home/sswee/yolk/Yolk-Sac-Flow-Data-and-Sim/gnn_clean/outputs_canonical/dc/02_physics_weight_sweep/_generated_configs/q_10__k_0p1__delta_10.yaml --no-pressure-detach
