
GNN flow training:   0%|          | 0/100 [00:00<?, ?epoch/s]
GNN flow training:   0%|          | 0/100 [00:04<?, ?epoch/s, best=1.417e+02, sign=0.290, train=1.416e+02, val=1.417e+02]
GNN flow training:   1%|          | 1/100 [00:04<07:33,  4.58s/epoch, best=1.417e+02, sign=0.290, train=1.416e+02, val=1.417e+02]
GNN flow training:   1%|          | 1/100 [00:09<07:33,  4.58s/epoch, best=1.417e+02, sign=0.289, train=1.417e+02, val=1.416e+02]
GNN flow training:   2%|▏         | 2/100 [00:09<07:24,  4.53s/epoch, best=1.417e+02, sign=0.289, train=1.417e+02, val=1.416e+02]
GNN flow training:   2%|▏         | 2/100 [00:13<07:24,  4.53s/epoch, best=1.416e+02, sign=0.288, train=1.416e+02, val=1.414e+02]
GNN flow training:   3%|▎         | 3/100 [00:13<07:17,  4.51s/epoch, best=1.416e+02, sign=0.288, train=1.416e+02, val=1.414e+02]
GNN flow training:   3%|▎         | 3/100 [00:18<07:17,  4.51s/epoch, best=1.414e+02, sign=0.288, train=1.415e+02, val=1.411e+02]
GNN flow training:   4%|▍         | 4/100 [00:18<07:11,  4.49s/epoch, best=1.414e+02, sign=0.288, train=1.415e+02, val=1.411e+02]
GNN flow training:   4%|▍         | 4/100 [00:22<07:11,  4.49s/epoch, best=1.411e+02, sign=0.287, train=1.411e+02, val=1.407e+02]
GNN flow training:   5%|▌         | 5/100 [00:22<07:07,  4.50s/epoch, best=1.411e+02, sign=0.287, train=1.411e+02, val=1.407e+02]
GNN flow training:   5%|▌         | 5/100 [00:27<07:07,  4.50s/epoch, best=1.407e+02, sign=0.285, train=1.408e+02, val=1.405e+02]
GNN flow training:   6%|▌         | 6/100 [00:27<07:02,  4.49s/epoch, best=1.407e+02, sign=0.285, train=1.408e+02, val=1.405e+02]
GNN flow training:   6%|▌         | 6/100 [00:31<07:02,  4.49s/epoch, best=1.405e+02, sign=0.285, train=1.406e+02, val=1.402e+02]
GNN flow training:   7%|▋         | 7/100 [00:31<06:57,  4.49s/epoch, best=1.405e+02, sign=0.285, train=1.406e+02, val=1.402e+02]
GNN flow training:   7%|▋         | 7/100 [00:35<06:57,  4.49s/epoch, best=1.402e+02, sign=0.284, train=1.403e+02, val=1.401e+02]
GNN flow training:   8%|▊         | 8/100 [00:35<06:52,  4.48s/epoch, best=1.402e+02, sign=0.284, train=1.403e+02, val=1.401e+02]
GNN flow training:   8%|▊         | 8/100 [00:40<06:52,  4.48s/epoch, best=1.401e+02, sign=0.281, train=1.401e+02, val=1.398e+02]
GNN flow training:   9%|▉         | 9/100 [00:40<06:46,  4.47s/epoch, best=1.401e+02, sign=0.281, train=1.401e+02, val=1.398e+02]
GNN flow training:   9%|▉         | 9/100 [00:44<06:46,  4.47s/epoch, best=1.398e+02, sign=0.279, train=1.399e+02, val=1.393e+02]
GNN flow training:  10%|█         | 10/100 [00:44<06:42,  4.48s/epoch, best=1.398e+02, sign=0.279, train=1.399e+02, val=1.393e+02]
GNN flow training:  10%|█         | 10/100 [00:49<06:42,  4.48s/epoch, best=1.393e+02, sign=0.275, train=1.393e+02, val=1.392e+02]
GNN flow training:  11%|█         | 11/100 [00:49<06:40,  4.50s/epoch, best=1.393e+02, sign=0.275, train=1.393e+02, val=1.392e+02]
GNN flow training:  11%|█         | 11/100 [00:53<06:40,  4.50s/epoch, best=1.392e+02, sign=0.271, train=1.393e+02, val=1.383e+02]
GNN flow training:  12%|█▏        | 12/100 [00:53<06:35,  4.49s/epoch, best=1.392e+02, sign=0.271, train=1.393e+02, val=1.383e+02]
GNN flow training:  12%|█▏        | 12/100 [00:58<06:35,  4.49s/epoch, best=1.383e+02, sign=0.270, train=1.384e+02, val=1.375e+02]
GNN flow training:  13%|█▎        | 13/100 [00:58<06:29,  4.48s/epoch, best=1.383e+02, sign=0.270, train=1.384e+02, val=1.375e+02]
GNN flow training:  13%|█▎        | 13/100 [01:02<06:29,  4.48s/epoch, best=1.375e+02, sign=0.267, train=1.375e+02, val=1.377e+02]
GNN flow training:  14%|█▍        | 14/100 [01:02<06:25,  4.48s/epoch, best=1.375e+02, sign=0.267, train=1.375e+02, val=1.377e+02]
GNN flow training:  14%|█▍        | 14/100 [01:07<06:25,  4.48s/epoch, best=1.375e+02, sign=0.266, train=1.377e+02, val=1.363e+02]
GNN flow training:  15%|█▌        | 15/100 [01:07<06:21,  4.48s/epoch, best=1.375e+02, sign=0.266, train=1.377e+02, val=1.363e+02]
GNN flow training:  15%|█▌        | 15/100 [01:11<06:21,  4.48s/epoch, best=1.363e+02, sign=0.264, train=1.364e+02, val=1.355e+02]
GNN flow training:  16%|█▌        | 16/100 [01:11<06:17,  4.49s/epoch, best=1.363e+02, sign=0.264, train=1.364e+02, val=1.355e+02]
GNN flow training:  16%|█▌        | 16/100 [01:16<06:17,  4.49s/epoch, best=1.355e+02, sign=0.261, train=1.356e+02, val=1.353e+02]
GNN flow training:  17%|█▋        | 17/100 [01:16<06:14,  4.51s/epoch, best=1.355e+02, sign=0.261, train=1.356e+02, val=1.353e+02]
GNN flow training:  17%|█▋        | 17/100 [01:20<06:14,  4.51s/epoch, best=1.353e+02, sign=0.257, train=1.354e+02, val=1.345e+02]
GNN flow training:  18%|█▊        | 18/100 [01:20<06:10,  4.52s/epoch, best=1.353e+02, sign=0.257, train=1.354e+02, val=1.345e+02]
GNN flow training:  18%|█▊        | 18/100 [01:25<06:10,  4.52s/epoch, best=1.345e+02, sign=0.254, train=1.346e+02, val=1.335e+02]
GNN flow training:  19%|█▉        | 19/100 [01:25<06:05,  4.51s/epoch, best=1.345e+02, sign=0.254, train=1.346e+02, val=1.335e+02]
GNN flow training:  19%|█▉        | 19/100 [01:29<06:05,  4.51s/epoch, best=1.335e+02, sign=0.250, train=1.335e+02, val=1.319e+02]
GNN flow training:  20%|██        | 20/100 [01:29<05:59,  4.50s/epoch, best=1.335e+02, sign=0.250, train=1.335e+02, val=1.319e+02]
GNN flow training:  20%|██        | 20/100 [01:34<05:59,  4.50s/epoch, best=1.319e+02, sign=0.249, train=1.320e+02, val=1.305e+02]
GNN flow training:  21%|██        | 21/100 [01:34<05:54,  4.49s/epoch, best=1.319e+02, sign=0.249, train=1.320e+02, val=1.305e+02]
GNN flow training:  21%|██        | 21/100 [01:38<05:54,  4.49s/epoch, best=1.305e+02, sign=0.243, train=1.306e+02, val=1.297e+02]
GNN flow training:  22%|██▏       | 22/100 [01:38<05:49,  4.49s/epoch, best=1.305e+02, sign=0.243, train=1.306e+02, val=1.297e+02]
GNN flow training:  22%|██▏       | 22/100 [01:43<05:49,  4.49s/epoch, best=1.297e+02, sign=0.235, train=1.298e+02, val=1.286e+02]
GNN flow training:  23%|██▎       | 23/100 [01:43<05:45,  4.48s/epoch, best=1.297e+02, sign=0.235, train=1.298e+02, val=1.286e+02]
GNN flow training:  23%|██▎       | 23/100 [01:47<05:45,  4.48s/epoch, best=1.286e+02, sign=0.230, train=1.287e+02, val=1.277e+02]
GNN flow training:  24%|██▍       | 24/100 [01:47<05:41,  4.50s/epoch, best=1.286e+02, sign=0.230, train=1.287e+02, val=1.277e+02]
GNN flow training:  24%|██▍       | 24/100 [01:52<05:41,  4.50s/epoch, best=1.277e+02, sign=0.225, train=1.278e+02, val=1.262e+02]
GNN flow training:  25%|██▌       | 25/100 [01:52<05:36,  4.49s/epoch, best=1.277e+02, sign=0.225, train=1.278e+02, val=1.262e+02]
GNN flow training:  25%|██▌       | 25/100 [01:56<05:36,  4.49s/epoch, best=1.262e+02, sign=0.220, train=1.263e+02, val=1.251e+02]
GNN flow training:  26%|██▌       | 26/100 [01:56<05:31,  4.48s/epoch, best=1.262e+02, sign=0.220, train=1.263e+02, val=1.251e+02]
GNN flow training:  26%|██▌       | 26/100 [02:01<05:31,  4.48s/epoch, best=1.251e+02, sign=0.213, train=1.252e+02, val=1.241e+02]
GNN flow training:  27%|██▋       | 27/100 [02:01<05:26,  4.48s/epoch, best=1.251e+02, sign=0.213, train=1.252e+02, val=1.241e+02]
GNN flow training:  27%|██▋       | 27/100 [02:05<05:26,  4.48s/epoch, best=1.241e+02, sign=0.207, train=1.242e+02, val=1.226e+02]
GNN flow training:  28%|██▊       | 28/100 [02:05<05:22,  4.48s/epoch, best=1.241e+02, sign=0.207, train=1.242e+02, val=1.226e+02]
GNN flow training:  28%|██▊       | 28/100 [02:10<05:22,  4.48s/epoch, best=1.226e+02, sign=0.200, train=1.227e+02, val=1.217e+02]
GNN flow training:  29%|██▉       | 29/100 [02:10<05:17,  4.48s/epoch, best=1.226e+02, sign=0.200, train=1.227e+02, val=1.217e+02]
GNN flow training:  29%|██▉       | 29/100 [02:14<05:17,  4.48s/epoch, best=1.217e+02, sign=0.193, train=1.217e+02, val=1.203e+02]
GNN flow training:  30%|███       | 30/100 [02:14<05:14,  4.49s/epoch, best=1.217e+02, sign=0.193, train=1.217e+02, val=1.203e+02]
GNN flow training:  30%|███       | 30/100 [02:19<05:14,  4.49s/epoch, best=1.203e+02, sign=0.187, train=1.204e+02, val=1.198e+02]
GNN flow training:  31%|███       | 31/100 [02:19<05:09,  4.48s/epoch, best=1.203e+02, sign=0.187, train=1.204e+02, val=1.198e+02]
GNN flow training:  31%|███       | 31/100 [02:23<05:09,  4.48s/epoch, best=1.198e+02, sign=0.186, train=1.199e+02, val=1.192e+02]
GNN flow training:  32%|███▏      | 32/100 [02:23<05:05,  4.49s/epoch, best=1.198e+02, sign=0.186, train=1.199e+02, val=1.192e+02]
GNN flow training:  32%|███▏      | 32/100 [02:28<05:05,  4.49s/epoch, best=1.192e+02, sign=0.183, train=1.193e+02, val=1.189e+02]
GNN flow training:  33%|███▎      | 33/100 [02:28<05:01,  4.49s/epoch, best=1.192e+02, sign=0.183, train=1.193e+02, val=1.189e+02]
GNN flow training:  33%|███▎      | 33/100 [02:32<05:01,  4.49s/epoch, best=1.189e+02, sign=0.181, train=1.189e+02, val=1.187e+02]
GNN flow training:  34%|███▍      | 34/100 [02:32<04:57,  4.50s/epoch, best=1.189e+02, sign=0.181, train=1.189e+02, val=1.187e+02]
GNN flow training:  34%|███▍      | 34/100 [02:37<04:57,  4.50s/epoch, best=1.187e+02, sign=0.181, train=1.188e+02, val=1.182e+02]
GNN flow training:  35%|███▌      | 35/100 [02:37<04:51,  4.49s/epoch, best=1.187e+02, sign=0.181, train=1.188e+02, val=1.182e+02]
GNN flow training:  35%|███▌      | 35/100 [02:41<04:51,  4.49s/epoch, best=1.182e+02, sign=0.180, train=1.182e+02, val=1.181e+02]
GNN flow training:  36%|███▌      | 36/100 [02:41<04:47,  4.50s/epoch, best=1.182e+02, sign=0.180, train=1.182e+02, val=1.181e+02]
GNN flow training:  36%|███▌      | 36/100 [02:46<04:47,  4.50s/epoch, best=1.181e+02, sign=0.181, train=1.182e+02, val=1.199e+02]
GNN flow training:  37%|███▋      | 37/100 [02:46<04:43,  4.50s/epoch, best=1.181e+02, sign=0.181, train=1.182e+02, val=1.199e+02]
GNN flow training:  37%|███▋      | 37/100 [02:50<04:43,  4.50s/epoch, best=1.181e+02, sign=0.180, train=1.200e+02, val=1.202e+02]
GNN flow training:  38%|███▊      | 38/100 [02:50<04:38,  4.49s/epoch, best=1.181e+02, sign=0.180, train=1.200e+02, val=1.202e+02]
GNN flow training:  38%|███▊      | 38/100 [02:55<04:38,  4.49s/epoch, best=1.181e+02, sign=0.180, train=1.203e+02, val=1.211e+02]
GNN flow training:  39%|███▉      | 39/100 [02:55<04:33,  4.48s/epoch, best=1.181e+02, sign=0.180, train=1.203e+02, val=1.211e+02]
GNN flow training:  39%|███▉      | 39/100 [02:59<04:33,  4.48s/epoch, best=1.181e+02, sign=0.181, train=1.212e+02, val=1.207e+02]
GNN flow training:  40%|████      | 40/100 [02:59<04:30,  4.50s/epoch, best=1.181e+02, sign=0.181, train=1.212e+02, val=1.207e+02]
GNN flow training:  40%|████      | 40/100 [03:04<04:30,  4.50s/epoch, best=1.181e+02, sign=0.182, train=1.208e+02, val=1.211e+02]
GNN flow training:  41%|████      | 41/100 [03:04<04:24,  4.49s/epoch, best=1.181e+02, sign=0.182, train=1.208e+02, val=1.211e+02]
GNN flow training:  41%|████      | 41/100 [03:08<04:24,  4.49s/epoch, best=1.181e+02, sign=0.181, train=1.212e+02, val=1.208e+02]
GNN flow training:  42%|████▏     | 42/100 [03:08<04:20,  4.48s/epoch, best=1.181e+02, sign=0.181, train=1.212e+02, val=1.208e+02]
GNN flow training:  42%|████▏     | 42/100 [03:13<04:20,  4.48s/epoch, best=1.181e+02, sign=0.182, train=1.209e+02, val=1.204e+02]
GNN flow training:  43%|████▎     | 43/100 [03:13<04:15,  4.47s/epoch, best=1.181e+02, sign=0.182, train=1.209e+02, val=1.204e+02]
GNN flow training:  43%|████▎     | 43/100 [03:17<04:15,  4.47s/epoch, best=1.181e+02, sign=0.185, train=1.205e+02, val=1.203e+02]
GNN flow training:  44%|████▍     | 44/100 [03:17<04:10,  4.48s/epoch, best=1.181e+02, sign=0.185, train=1.205e+02, val=1.203e+02]
GNN flow training:  44%|████▍     | 44/100 [03:22<04:10,  4.48s/epoch, best=1.181e+02, sign=0.186, train=1.204e+02, val=1.197e+02]
GNN flow training:  45%|████▌     | 45/100 [03:22<04:05,  4.47s/epoch, best=1.181e+02, sign=0.186, train=1.204e+02, val=1.197e+02]
GNN flow training:  45%|████▌     | 45/100 [03:26<04:05,  4.47s/epoch, best=1.181e+02, sign=0.188, train=1.198e+02, val=1.195e+02]
GNN flow training:  46%|████▌     | 46/100 [03:26<04:01,  4.48s/epoch, best=1.181e+02, sign=0.188, train=1.198e+02, val=1.195e+02]
GNN flow training:  46%|████▌     | 46/100 [03:31<04:01,  4.48s/epoch, best=1.181e+02, sign=0.192, train=1.196e+02, val=1.204e+02]
GNN flow training:  47%|████▋     | 47/100 [03:31<03:57,  4.48s/epoch, best=1.181e+02, sign=0.192, train=1.196e+02, val=1.204e+02]
GNN flow training:  47%|████▋     | 47/100 [03:35<03:57,  4.48s/epoch, best=1.181e+02, sign=0.194, train=1.205e+02, val=1.202e+02]
GNN flow training:  48%|████▊     | 48/100 [03:35<03:52,  4.47s/epoch, best=1.181e+02, sign=0.194, train=1.205e+02, val=1.202e+02]
GNN flow training:  48%|████▊     | 48/100 [03:39<03:52,  4.47s/epoch, best=1.181e+02, sign=0.195, train=1.203e+02, val=1.205e+02]
GNN flow training:  49%|████▉     | 49/100 [03:39<03:48,  4.48s/epoch, best=1.181e+02, sign=0.195, train=1.203e+02, val=1.205e+02]
GNN flow training:  49%|████▉     | 49/100 [03:44<03:48,  4.48s/epoch, best=1.181e+02, sign=0.193, train=1.206e+02, val=1.200e+02]
GNN flow training:  50%|█████     | 50/100 [03:44<03:43,  4.48s/epoch, best=1.181e+02, sign=0.193, train=1.206e+02, val=1.200e+02]
GNN flow training:  50%|█████     | 50/100 [03:48<03:43,  4.48s/epoch, best=1.181e+02, sign=0.191, train=1.201e+02, val=1.199e+02]
GNN flow training:  51%|█████     | 51/100 [03:48<03:39,  4.49s/epoch, best=1.181e+02, sign=0.191, train=1.201e+02, val=1.199e+02]
GNN flow training:  51%|█████     | 51/100 [03:53<03:39,  4.49s/epoch, best=1.181e+02, sign=0.191, train=1.200e+02, val=1.198e+02]
GNN flow training:  52%|█████▏    | 52/100 [03:53<03:34,  4.47s/epoch, best=1.181e+02, sign=0.191, train=1.200e+02, val=1.198e+02]
GNN flow training:  52%|█████▏    | 52/100 [03:57<03:34,  4.47s/epoch, best=1.181e+02, sign=0.189, train=1.199e+02, val=1.199e+02]
GNN flow training:  53%|█████▎    | 53/100 [03:57<03:31,  4.49s/epoch, best=1.181e+02, sign=0.189, train=1.199e+02, val=1.199e+02]
GNN flow training:  53%|█████▎    | 53/100 [04:02<03:31,  4.49s/epoch, best=1.181e+02, sign=0.188, train=1.200e+02, val=1.196e+02]
GNN flow training:  54%|█████▍    | 54/100 [04:02<03:26,  4.49s/epoch, best=1.181e+02, sign=0.188, train=1.200e+02, val=1.196e+02]
GNN flow training:  54%|█████▍    | 54/100 [04:06<03:26,  4.49s/epoch, best=1.181e+02, sign=0.187, train=1.197e+02, val=1.194e+02]
GNN flow training:  55%|█████▌    | 55/100 [04:06<03:22,  4.49s/epoch, best=1.181e+02, sign=0.187, train=1.197e+02, val=1.194e+02]
GNN flow training:  55%|█████▌    | 55/100 [04:11<03:22,  4.49s/epoch, best=1.181e+02, sign=0.186, train=1.195e+02, val=1.197e+02]
GNN flow training:  56%|█████▌    | 56/100 [04:11<03:17,  4.49s/epoch, best=1.181e+02, sign=0.186, train=1.195e+02, val=1.197e+02]
GNN flow training:  56%|█████▌    | 56/100 [04:15<03:17,  4.49s/epoch, best=1.181e+02, sign=0.184, train=1.198e+02, val=1.191e+02]
GNN flow training:  57%|█████▋    | 57/100 [04:15<03:12,  4.48s/epoch, best=1.181e+02, sign=0.184, train=1.198e+02, val=1.191e+02]
GNN flow training:  57%|█████▋    | 57/100 [04:20<03:12,  4.48s/epoch, best=1.181e+02, sign=0.180, train=1.192e+02, val=1.187e+02]
GNN flow training:  58%|█████▊    | 58/100 [04:20<03:08,  4.49s/epoch, best=1.181e+02, sign=0.180, train=1.192e+02, val=1.187e+02]
GNN flow training:  58%|█████▊    | 58/100 [04:24<03:08,  4.49s/epoch, best=1.181e+02, sign=0.179, train=1.188e+02, val=1.183e+02]
GNN flow training:  59%|█████▉    | 59/100 [04:24<03:04,  4.49s/epoch, best=1.181e+02, sign=0.179, train=1.188e+02, val=1.183e+02]
GNN flow training:  59%|█████▉    | 59/100 [04:29<03:04,  4.49s/epoch, best=1.181e+02, sign=0.178, train=1.184e+02, val=1.180e+02]
GNN flow training:  60%|██████    | 60/100 [04:29<02:59,  4.48s/epoch, best=1.181e+02, sign=0.178, train=1.184e+02, val=1.180e+02]
GNN flow training:  60%|██████    | 60/100 [04:33<02:59,  4.48s/epoch, best=1.180e+02, sign=0.178, train=1.181e+02, val=1.178e+02]
GNN flow training:  61%|██████    | 61/100 [04:33<02:54,  4.47s/epoch, best=1.180e+02, sign=0.178, train=1.181e+02, val=1.178e+02]
GNN flow training:  61%|██████    | 61/100 [04:38<02:54,  4.47s/epoch, best=1.178e+02, sign=0.177, train=1.180e+02, val=1.173e+02]
GNN flow training:  62%|██████▏   | 62/100 [04:38<02:49,  4.47s/epoch, best=1.178e+02, sign=0.177, train=1.180e+02, val=1.173e+02]
GNN flow training:  62%|██████▏   | 62/100 [04:42<02:49,  4.47s/epoch, best=1.173e+02, sign=0.178, train=1.174e+02, val=1.171e+02]
GNN flow training:  63%|██████▎   | 63/100 [04:42<02:45,  4.46s/epoch, best=1.173e+02, sign=0.178, train=1.174e+02, val=1.171e+02]
GNN flow training:  63%|██████▎   | 63/100 [04:47<02:45,  4.46s/epoch, best=1.171e+02, sign=0.180, train=1.172e+02, val=1.176e+02]
GNN flow training:  64%|██████▍   | 64/100 [04:47<02:41,  4.48s/epoch, best=1.171e+02, sign=0.180, train=1.172e+02, val=1.176e+02]
GNN flow training:  64%|██████▍   | 64/100 [04:51<02:41,  4.48s/epoch, best=1.171e+02, sign=0.183, train=1.177e+02, val=1.180e+02]
GNN flow training:  65%|██████▌   | 65/100 [04:51<02:36,  4.46s/epoch, best=1.171e+02, sign=0.183, train=1.177e+02, val=1.180e+02]
GNN flow training:  65%|██████▌   | 65/100 [04:56<02:36,  4.46s/epoch, best=1.171e+02, sign=0.184, train=1.181e+02, val=1.188e+02]
GNN flow training:  66%|██████▌   | 66/100 [04:56<02:31,  4.46s/epoch, best=1.171e+02, sign=0.184, train=1.181e+02, val=1.188e+02]
GNN flow training:  66%|██████▌   | 66/100 [05:00<02:31,  4.46s/epoch, best=1.171e+02, sign=0.184, train=1.189e+02, val=1.187e+02]
GNN flow training:  67%|██████▋   | 67/100 [05:00<02:27,  4.47s/epoch, best=1.171e+02, sign=0.184, train=1.189e+02, val=1.187e+02]
GNN flow training:  67%|██████▋   | 67/100 [05:05<02:27,  4.47s/epoch, best=1.171e+02, sign=0.184, train=1.188e+02, val=1.186e+02]
GNN flow training:  68%|██████▊   | 68/100 [05:05<02:24,  4.50s/epoch, best=1.171e+02, sign=0.184, train=1.188e+02, val=1.186e+02]
GNN flow training:  68%|██████▊   | 68/100 [05:09<02:24,  4.50s/epoch, best=1.171e+02, sign=0.185, train=1.187e+02, val=1.182e+02]
GNN flow training:  69%|██████▉   | 69/100 [05:09<02:19,  4.49s/epoch, best=1.171e+02, sign=0.185, train=1.187e+02, val=1.182e+02]
GNN flow training:  69%|██████▉   | 69/100 [05:14<02:19,  4.49s/epoch, best=1.171e+02, sign=0.184, train=1.183e+02, val=1.176e+02]
GNN flow training:  70%|███████   | 70/100 [05:14<02:14,  4.50s/epoch, best=1.171e+02, sign=0.184, train=1.183e+02, val=1.176e+02]
GNN flow training:  70%|███████   | 70/100 [05:18<02:14,  4.50s/epoch, best=1.171e+02, sign=0.184, train=1.177e+02, val=1.168e+02]
GNN flow training:  71%|███████   | 71/100 [05:18<02:10,  4.50s/epoch, best=1.171e+02, sign=0.184, train=1.177e+02, val=1.168e+02]
GNN flow training:  71%|███████   | 71/100 [05:23<02:10,  4.50s/epoch, best=1.168e+02, sign=0.182, train=1.169e+02, val=1.169e+02]
GNN flow training:  72%|███████▏  | 72/100 [05:23<02:05,  4.49s/epoch, best=1.168e+02, sign=0.182, train=1.169e+02, val=1.169e+02]
GNN flow training:  72%|███████▏  | 72/100 [05:27<02:05,  4.49s/epoch, best=1.168e+02, sign=0.178, train=1.170e+02, val=1.168e+02]
GNN flow training:  73%|███████▎  | 73/100 [05:27<02:01,  4.49s/epoch, best=1.168e+02, sign=0.178, train=1.170e+02, val=1.168e+02]
GNN flow training:  73%|███████▎  | 73/100 [05:32<02:01,  4.49s/epoch, best=1.168e+02, sign=0.174, train=1.169e+02, val=1.174e+02]
GNN flow training:  74%|███████▍  | 74/100 [05:32<01:56,  4.48s/epoch, best=1.168e+02, sign=0.174, train=1.169e+02, val=1.174e+02]
GNN flow training:  74%|███████▍  | 74/100 [05:36<01:56,  4.48s/epoch, best=1.168e+02, sign=0.172, train=1.175e+02, val=1.168e+02]
GNN flow training:  75%|███████▌  | 75/100 [05:36<01:51,  4.46s/epoch, best=1.168e+02, sign=0.172, train=1.175e+02, val=1.168e+02]
GNN flow training:  75%|███████▌  | 75/100 [05:40<01:51,  4.46s/epoch, best=1.168e+02, sign=0.172, train=1.169e+02, val=1.169e+02]
GNN flow training:  76%|███████▌  | 76/100 [05:40<01:47,  4.47s/epoch, best=1.168e+02, sign=0.172, train=1.169e+02, val=1.169e+02]
GNN flow training:  76%|███████▌  | 76/100 [05:45<01:47,  4.47s/epoch, best=1.168e+02, sign=0.172, train=1.171e+02, val=1.167e+02]
GNN flow training:  77%|███████▋  | 77/100 [05:45<01:42,  4.48s/epoch, best=1.168e+02, sign=0.172, train=1.171e+02, val=1.167e+02]
GNN flow training:  77%|███████▋  | 77/100 [05:50<01:42,  4.48s/epoch, best=1.167e+02, sign=0.171, train=1.168e+02, val=1.168e+02]
GNN flow training:  78%|███████▊  | 78/100 [05:50<01:39,  4.51s/epoch, best=1.167e+02, sign=0.171, train=1.168e+02, val=1.168e+02]
GNN flow training:  78%|███████▊  | 78/100 [05:54<01:39,  4.51s/epoch, best=1.167e+02, sign=0.170, train=1.169e+02, val=1.167e+02]
GNN flow training:  79%|███████▉  | 79/100 [05:54<01:34,  4.51s/epoch, best=1.167e+02, sign=0.170, train=1.169e+02, val=1.167e+02]
GNN flow training:  79%|███████▉  | 79/100 [05:59<01:34,  4.51s/epoch, best=1.167e+02, sign=0.170, train=1.168e+02, val=1.170e+02]
GNN flow training:  80%|████████  | 80/100 [05:59<01:30,  4.50s/epoch, best=1.167e+02, sign=0.170, train=1.168e+02, val=1.170e+02]
GNN flow training:  80%|████████  | 80/100 [06:03<01:30,  4.50s/epoch, best=1.167e+02, sign=0.169, train=1.171e+02, val=1.166e+02]
GNN flow training:  81%|████████  | 81/100 [06:03<01:25,  4.50s/epoch, best=1.167e+02, sign=0.169, train=1.171e+02, val=1.166e+02]
GNN flow training:  81%|████████  | 81/100 [06:07<01:25,  4.50s/epoch, best=1.166e+02, sign=0.168, train=1.167e+02, val=1.164e+02]
GNN flow training:  82%|████████▏ | 82/100 [06:07<01:20,  4.49s/epoch, best=1.166e+02, sign=0.168, train=1.167e+02, val=1.164e+02]
GNN flow training:  82%|████████▏ | 82/100 [06:12<01:20,  4.49s/epoch, best=1.164e+02, sign=0.167, train=1.165e+02, val=1.161e+02]
GNN flow training:  83%|████████▎ | 83/100 [06:12<01:16,  4.48s/epoch, best=1.164e+02, sign=0.167, train=1.165e+02, val=1.161e+02]
GNN flow training:  83%|████████▎ | 83/100 [06:16<01:16,  4.48s/epoch, best=1.161e+02, sign=0.166, train=1.162e+02, val=1.158e+02]
GNN flow training:  84%|████████▍ | 84/100 [06:16<01:11,  4.48s/epoch, best=1.161e+02, sign=0.166, train=1.162e+02, val=1.158e+02]
GNN flow training:  84%|████████▍ | 84/100 [06:21<01:11,  4.48s/epoch, best=1.158e+02, sign=0.165, train=1.159e+02, val=1.165e+02]
GNN flow training:  85%|████████▌ | 85/100 [06:21<01:07,  4.47s/epoch, best=1.158e+02, sign=0.165, train=1.159e+02, val=1.165e+02]
GNN flow training:  85%|████████▌ | 85/100 [06:25<01:07,  4.47s/epoch, best=1.158e+02, sign=0.165, train=1.166e+02, val=1.172e+02]
GNN flow training:  86%|████████▌ | 86/100 [06:25<01:02,  4.48s/epoch, best=1.158e+02, sign=0.165, train=1.166e+02, val=1.172e+02]
GNN flow training:  86%|████████▌ | 86/100 [06:30<01:02,  4.48s/epoch, best=1.158e+02, sign=0.165, train=1.173e+02, val=1.169e+02]
GNN flow training:  87%|████████▋ | 87/100 [06:30<00:58,  4.48s/epoch, best=1.158e+02, sign=0.165, train=1.173e+02, val=1.169e+02]
GNN flow training:  87%|████████▋ | 87/100 [06:34<00:58,  4.48s/epoch, best=1.158e+02, sign=0.164, train=1.170e+02, val=1.157e+02]
GNN flow training:  88%|████████▊ | 88/100 [06:34<00:53,  4.47s/epoch, best=1.158e+02, sign=0.164, train=1.170e+02, val=1.157e+02]
GNN flow training:  88%|████████▊ | 88/100 [06:39<00:53,  4.47s/epoch, best=1.157e+02, sign=0.164, train=1.158e+02, val=1.144e+02]
GNN flow training:  89%|████████▉ | 89/100 [06:39<00:49,  4.47s/epoch, best=1.157e+02, sign=0.164, train=1.158e+02, val=1.144e+02]
GNN flow training:  89%|████████▉ | 89/100 [06:43<00:49,  4.47s/epoch, best=1.144e+02, sign=0.164, train=1.145e+02, val=1.141e+02]
GNN flow training:  90%|█████████ | 90/100 [06:43<00:44,  4.47s/epoch, best=1.144e+02, sign=0.164, train=1.145e+02, val=1.141e+02]
GNN flow training:  90%|█████████ | 90/100 [06:48<00:44,  4.47s/epoch, best=1.141e+02, sign=0.164, train=1.142e+02, val=1.144e+02]
GNN flow training:  91%|█████████ | 91/100 [06:48<00:40,  4.47s/epoch, best=1.141e+02, sign=0.164, train=1.142e+02, val=1.144e+02]
GNN flow training:  91%|█████████ | 91/100 [06:52<00:40,  4.47s/epoch, best=1.141e+02, sign=0.164, train=1.145e+02, val=1.140e+02]
GNN flow training:  92%|█████████▏| 92/100 [06:52<00:35,  4.48s/epoch, best=1.141e+02, sign=0.164, train=1.145e+02, val=1.140e+02]
GNN flow training:  92%|█████████▏| 92/100 [06:57<00:35,  4.48s/epoch, best=1.140e+02, sign=0.164, train=1.141e+02, val=1.134e+02]
GNN flow training:  93%|█████████▎| 93/100 [06:57<00:31,  4.49s/epoch, best=1.140e+02, sign=0.164, train=1.141e+02, val=1.134e+02]
GNN flow training:  93%|█████████▎| 93/100 [07:01<00:31,  4.49s/epoch, best=1.134e+02, sign=0.165, train=1.135e+02, val=1.137e+02]
GNN flow training:  94%|█████████▍| 94/100 [07:01<00:26,  4.48s/epoch, best=1.134e+02, sign=0.165, train=1.135e+02, val=1.137e+02]
GNN flow training:  94%|█████████▍| 94/100 [07:06<00:26,  4.48s/epoch, best=1.134e+02, sign=0.166, train=1.138e+02, val=1.137e+02]
GNN flow training:  95%|█████████▌| 95/100 [07:06<00:22,  4.48s/epoch, best=1.134e+02, sign=0.166, train=1.138e+02, val=1.137e+02]
GNN flow training:  95%|█████████▌| 95/100 [07:10<00:22,  4.48s/epoch, best=1.134e+02, sign=0.166, train=1.138e+02, val=1.140e+02]
GNN flow training:  96%|█████████▌| 96/100 [07:10<00:17,  4.48s/epoch, best=1.134e+02, sign=0.166, train=1.138e+02, val=1.140e+02]
GNN flow training:  96%|█████████▌| 96/100 [07:15<00:17,  4.48s/epoch, best=1.134e+02, sign=0.166, train=1.141e+02, val=1.135e+02]
GNN flow training:  97%|█████████▋| 97/100 [07:15<00:13,  4.47s/epoch, best=1.134e+02, sign=0.166, train=1.141e+02, val=1.135e+02]
GNN flow training:  97%|█████████▋| 97/100 [07:19<00:13,  4.47s/epoch, best=1.134e+02, sign=0.166, train=1.136e+02, val=1.133e+02]
GNN flow training:  98%|█████████▊| 98/100 [07:19<00:08,  4.47s/epoch, best=1.134e+02, sign=0.166, train=1.136e+02, val=1.133e+02]
GNN flow training:  98%|█████████▊| 98/100 [07:23<00:08,  4.47s/epoch, best=1.133e+02, sign=0.167, train=1.134e+02, val=1.124e+02]
GNN flow training:  99%|█████████▉| 99/100 [07:23<00:04,  4.47s/epoch, best=1.133e+02, sign=0.167, train=1.134e+02, val=1.124e+02]
GNN flow training:  99%|█████████▉| 99/100 [07:28<00:04,  4.47s/epoch, best=1.124e+02, sign=0.167, train=1.125e+02, val=1.122e+02]
GNN flow training: 100%|██████████| 100/100 [07:28<00:00,  4.48s/epoch, best=1.124e+02, sign=0.167, train=1.125e+02, val=1.122e+02]
GNN flow training: 100%|██████████| 100/100 [07:28<00:00,  4.49s/epoch, best=1.124e+02, sign=0.167, train=1.125e+02, val=1.122e+02]

GNN flow training:   0%|          | 0/100 [00:00<?, ?epoch/s]
GNN flow training:   0%|          | 0/100 [00:04<?, ?epoch/s, best=1.411e+02, sign=0.290, train=1.410e+02, val=1.411e+02]
GNN flow training:   1%|          | 1/100 [00:04<07:33,  4.59s/epoch, best=1.411e+02, sign=0.290, train=1.410e+02, val=1.411e+02]
GNN flow training:   1%|          | 1/100 [00:09<07:33,  4.59s/epoch, best=1.411e+02, sign=0.289, train=1.411e+02, val=1.410e+02]
GNN flow training:   2%|▏         | 2/100 [00:09<07:25,  4.54s/epoch, best=1.411e+02, sign=0.289, train=1.411e+02, val=1.410e+02]
GNN flow training:   2%|▏         | 2/100 [00:13<07:25,  4.54s/epoch, best=1.410e+02, sign=0.289, train=1.410e+02, val=1.408e+02]
GNN flow training:   3%|▎         | 3/100 [00:13<07:19,  4.53s/epoch, best=1.410e+02, sign=0.289, train=1.410e+02, val=1.408e+02]
GNN flow training:   3%|▎         | 3/100 [00:18<07:19,  4.53s/epoch, best=1.408e+02, sign=0.289, train=1.408e+02, val=1.408e+02]
GNN flow training:   4%|▍         | 4/100 [00:18<07:12,  4.51s/epoch, best=1.408e+02, sign=0.289, train=1.408e+02, val=1.408e+02]
GNN flow training:   4%|▍         | 4/100 [00:22<07:12,  4.51s/epoch, best=1.408e+02, sign=0.289, train=1.408e+02, val=1.404e+02]
GNN flow training:   5%|▌         | 5/100 [00:22<07:08,  4.51s/epoch, best=1.408e+02, sign=0.289, train=1.408e+02, val=1.404e+02]
GNN flow training:   5%|▌         | 5/100 [00:27<07:08,  4.51s/epoch, best=1.404e+02, sign=0.288, train=1.404e+02, val=1.402e+02]
GNN flow training:   6%|▌         | 6/100 [00:27<07:03,  4.50s/epoch, best=1.404e+02, sign=0.288, train=1.404e+02, val=1.402e+02]
GNN flow training:   6%|▌         | 6/100 [00:31<07:03,  4.50s/epoch, best=1.402e+02, sign=0.289, train=1.402e+02, val=1.400e+02]
GNN flow training:   7%|▋         | 7/100 [00:31<06:58,  4.50s/epoch, best=1.402e+02, sign=0.289, train=1.402e+02, val=1.400e+02]
GNN flow training:   7%|▋         | 7/100 [00:36<06:58,  4.50s/epoch, best=1.400e+02, sign=0.287, train=1.400e+02, val=1.398e+02]
GNN flow training:   8%|▊         | 8/100 [00:36<06:54,  4.50s/epoch, best=1.400e+02, sign=0.287, train=1.400e+02, val=1.398e+02]
GNN flow training:   8%|▊         | 8/100 [00:40<06:54,  4.50s/epoch, best=1.398e+02, sign=0.287, train=1.398e+02, val=1.396e+02]
GNN flow training:   9%|▉         | 9/100 [00:40<06:49,  4.50s/epoch, best=1.398e+02, sign=0.287, train=1.398e+02, val=1.396e+02]
GNN flow training:   9%|▉         | 9/100 [00:45<06:49,  4.50s/epoch, best=1.396e+02, sign=0.285, train=1.396e+02, val=1.393e+02]
GNN flow training:  10%|█         | 10/100 [00:45<06:45,  4.50s/epoch, best=1.396e+02, sign=0.285, train=1.396e+02, val=1.393e+02]
GNN flow training:  10%|█         | 10/100 [00:49<06:45,  4.50s/epoch, best=1.393e+02, sign=0.285, train=1.393e+02, val=1.388e+02]
GNN flow training:  11%|█         | 11/100 [00:49<06:39,  4.49s/epoch, best=1.393e+02, sign=0.285, train=1.393e+02, val=1.388e+02]
GNN flow training:  11%|█         | 11/100 [00:54<06:39,  4.49s/epoch, best=1.388e+02, sign=0.283, train=1.389e+02, val=1.383e+02]
GNN flow training:  12%|█▏        | 12/100 [00:54<06:35,  4.49s/epoch, best=1.388e+02, sign=0.283, train=1.389e+02, val=1.383e+02]
GNN flow training:  12%|█▏        | 12/100 [00:58<06:35,  4.49s/epoch, best=1.383e+02, sign=0.281, train=1.383e+02, val=1.384e+02]
GNN flow training:  13%|█▎        | 13/100 [00:58<06:29,  4.48s/epoch, best=1.383e+02, sign=0.281, train=1.383e+02, val=1.384e+02]
GNN flow training:  13%|█▎        | 13/100 [01:02<06:29,  4.48s/epoch, best=1.383e+02, sign=0.279, train=1.384e+02, val=1.380e+02]
GNN flow training:  14%|█▍        | 14/100 [01:02<06:24,  4.47s/epoch, best=1.383e+02, sign=0.279, train=1.384e+02, val=1.380e+02]
GNN flow training:  14%|█▍        | 14/100 [01:07<06:24,  4.47s/epoch, best=1.380e+02, sign=0.277, train=1.380e+02, val=1.373e+02]
GNN flow training:  15%|█▌        | 15/100 [01:07<06:19,  4.47s/epoch, best=1.380e+02, sign=0.277, train=1.380e+02, val=1.373e+02]
GNN flow training:  15%|█▌        | 15/100 [01:11<06:19,  4.47s/epoch, best=1.373e+02, sign=0.275, train=1.373e+02, val=1.366e+02]
GNN flow training:  16%|█▌        | 16/100 [01:11<06:15,  4.48s/epoch, best=1.373e+02, sign=0.275, train=1.373e+02, val=1.366e+02]
GNN flow training:  16%|█▌        | 16/100 [01:16<06:15,  4.48s/epoch, best=1.366e+02, sign=0.274, train=1.366e+02, val=1.359e+02]
GNN flow training:  17%|█▋        | 17/100 [01:16<06:12,  4.49s/epoch, best=1.366e+02, sign=0.274, train=1.366e+02, val=1.359e+02]
GNN flow training:  17%|█▋        | 17/100 [01:20<06:12,  4.49s/epoch, best=1.359e+02, sign=0.271, train=1.360e+02, val=1.359e+02]
GNN flow training:  18%|█▊        | 18/100 [01:20<06:08,  4.49s/epoch, best=1.359e+02, sign=0.271, train=1.360e+02, val=1.359e+02]
GNN flow training:  18%|█▊        | 18/100 [01:25<06:08,  4.49s/epoch, best=1.359e+02, sign=0.269, train=1.359e+02, val=1.355e+02]
GNN flow training:  19%|█▉        | 19/100 [01:25<06:03,  4.49s/epoch, best=1.359e+02, sign=0.269, train=1.359e+02, val=1.355e+02]
GNN flow training:  19%|█▉        | 19/100 [01:29<06:03,  4.49s/epoch, best=1.355e+02, sign=0.267, train=1.355e+02, val=1.354e+02]
GNN flow training:  20%|██        | 20/100 [01:29<05:59,  4.50s/epoch, best=1.355e+02, sign=0.267, train=1.355e+02, val=1.354e+02]
GNN flow training:  20%|██        | 20/100 [01:34<05:59,  4.50s/epoch, best=1.354e+02, sign=0.264, train=1.354e+02, val=1.350e+02]
GNN flow training:  21%|██        | 21/100 [01:34<05:54,  4.49s/epoch, best=1.354e+02, sign=0.264, train=1.354e+02, val=1.350e+02]
GNN flow training:  21%|██        | 21/100 [01:38<05:54,  4.49s/epoch, best=1.350e+02, sign=0.262, train=1.350e+02, val=1.345e+02]
GNN flow training:  22%|██▏       | 22/100 [01:38<05:50,  4.49s/epoch, best=1.350e+02, sign=0.262, train=1.350e+02, val=1.345e+02]
GNN flow training:  22%|██▏       | 22/100 [01:43<05:50,  4.49s/epoch, best=1.345e+02, sign=0.258, train=1.346e+02, val=1.341e+02]
GNN flow training:  23%|██▎       | 23/100 [01:43<05:44,  4.48s/epoch, best=1.345e+02, sign=0.258, train=1.346e+02, val=1.341e+02]
GNN flow training:  23%|██▎       | 23/100 [01:47<05:44,  4.48s/epoch, best=1.341e+02, sign=0.256, train=1.341e+02, val=1.335e+02]
GNN flow training:  24%|██▍       | 24/100 [01:47<05:40,  4.48s/epoch, best=1.341e+02, sign=0.256, train=1.341e+02, val=1.335e+02]
GNN flow training:  24%|██▍       | 24/100 [01:52<05:40,  4.48s/epoch, best=1.335e+02, sign=0.254, train=1.335e+02, val=1.330e+02]
GNN flow training:  25%|██▌       | 25/100 [01:52<05:35,  4.47s/epoch, best=1.335e+02, sign=0.254, train=1.335e+02, val=1.330e+02]
GNN flow training:  25%|██▌       | 25/100 [01:56<05:35,  4.47s/epoch, best=1.330e+02, sign=0.252, train=1.330e+02, val=1.327e+02]
GNN flow training:  26%|██▌       | 26/100 [01:56<05:31,  4.48s/epoch, best=1.330e+02, sign=0.252, train=1.330e+02, val=1.327e+02]
GNN flow training:  26%|██▌       | 26/100 [02:01<05:31,  4.48s/epoch, best=1.327e+02, sign=0.251, train=1.327e+02, val=1.324e+02]
GNN flow training:  27%|██▋       | 27/100 [02:01<05:27,  4.48s/epoch, best=1.327e+02, sign=0.251, train=1.327e+02, val=1.324e+02]
GNN flow training:  27%|██▋       | 27/100 [02:05<05:27,  4.48s/epoch, best=1.324e+02, sign=0.251, train=1.324e+02, val=1.319e+02]
GNN flow training:  28%|██▊       | 28/100 [02:05<05:23,  4.49s/epoch, best=1.324e+02, sign=0.251, train=1.324e+02, val=1.319e+02]
GNN flow training:  28%|██▊       | 28/100 [02:10<05:23,  4.49s/epoch, best=1.319e+02, sign=0.249, train=1.319e+02, val=1.319e+02]
GNN flow training:  29%|██▉       | 29/100 [02:10<05:18,  4.49s/epoch, best=1.319e+02, sign=0.249, train=1.319e+02, val=1.319e+02]
GNN flow training:  29%|██▉       | 29/100 [02:14<05:18,  4.49s/epoch, best=1.319e+02, sign=0.248, train=1.319e+02, val=1.314e+02]
GNN flow training:  30%|███       | 30/100 [02:14<05:13,  4.48s/epoch, best=1.319e+02, sign=0.248, train=1.319e+02, val=1.314e+02]
GNN flow training:  30%|███       | 30/100 [02:19<05:13,  4.48s/epoch, best=1.314e+02, sign=0.246, train=1.314e+02, val=1.311e+02]
GNN flow training:  31%|███       | 31/100 [02:19<05:09,  4.48s/epoch, best=1.314e+02, sign=0.246, train=1.314e+02, val=1.311e+02]
GNN flow training:  31%|███       | 31/100 [02:23<05:09,  4.48s/epoch, best=1.311e+02, sign=0.245, train=1.311e+02, val=1.304e+02]
GNN flow training:  32%|███▏      | 32/100 [02:23<05:04,  4.47s/epoch, best=1.311e+02, sign=0.245, train=1.311e+02, val=1.304e+02]
GNN flow training:  32%|███▏      | 32/100 [02:28<05:04,  4.47s/epoch, best=1.304e+02, sign=0.243, train=1.304e+02, val=1.299e+02]
GNN flow training:  33%|███▎      | 33/100 [02:28<04:59,  4.47s/epoch, best=1.304e+02, sign=0.243, train=1.304e+02, val=1.299e+02]
GNN flow training:  33%|███▎      | 33/100 [02:32<04:59,  4.47s/epoch, best=1.299e+02, sign=0.241, train=1.299e+02, val=1.294e+02]
GNN flow training:  34%|███▍      | 34/100 [02:32<04:55,  4.48s/epoch, best=1.299e+02, sign=0.241, train=1.299e+02, val=1.294e+02]
GNN flow training:  34%|███▍      | 34/100 [02:37<04:55,  4.48s/epoch, best=1.294e+02, sign=0.239, train=1.294e+02, val=1.290e+02]
GNN flow training:  35%|███▌      | 35/100 [02:37<04:50,  4.47s/epoch, best=1.294e+02, sign=0.239, train=1.294e+02, val=1.290e+02]
GNN flow training:  35%|███▌      | 35/100 [02:41<04:50,  4.47s/epoch, best=1.290e+02, sign=0.237, train=1.290e+02, val=1.282e+02]
GNN flow training:  36%|███▌      | 36/100 [02:41<04:46,  4.47s/epoch, best=1.290e+02, sign=0.237, train=1.290e+02, val=1.282e+02]
GNN flow training:  36%|███▌      | 36/100 [02:46<04:46,  4.47s/epoch, best=1.282e+02, sign=0.236, train=1.282e+02, val=1.277e+02]
GNN flow training:  37%|███▋      | 37/100 [02:46<04:41,  4.47s/epoch, best=1.282e+02, sign=0.236, train=1.282e+02, val=1.277e+02]
GNN flow training:  37%|███▋      | 37/100 [02:50<04:41,  4.47s/epoch, best=1.277e+02, sign=0.236, train=1.277e+02, val=1.272e+02]
GNN flow training:  38%|███▊      | 38/100 [02:50<04:37,  4.48s/epoch, best=1.277e+02, sign=0.236, train=1.277e+02, val=1.272e+02]
GNN flow training:  38%|███▊      | 38/100 [02:54<04:37,  4.48s/epoch, best=1.272e+02, sign=0.236, train=1.272e+02, val=1.266e+02]
GNN flow training:  39%|███▉      | 39/100 [02:54<04:32,  4.47s/epoch, best=1.272e+02, sign=0.236, train=1.272e+02, val=1.266e+02]
GNN flow training:  39%|███▉      | 39/100 [02:59<04:32,  4.47s/epoch, best=1.266e+02, sign=0.238, train=1.266e+02, val=1.264e+02]
GNN flow training:  40%|████      | 40/100 [02:59<04:29,  4.48s/epoch, best=1.266e+02, sign=0.238, train=1.266e+02, val=1.264e+02]
GNN flow training:  40%|████      | 40/100 [03:03<04:29,  4.48s/epoch, best=1.264e+02, sign=0.243, train=1.264e+02, val=1.257e+02]
GNN flow training:  41%|████      | 41/100 [03:03<04:23,  4.47s/epoch, best=1.264e+02, sign=0.243, train=1.264e+02, val=1.257e+02]
GNN flow training:  41%|████      | 41/100 [03:08<04:23,  4.47s/epoch, best=1.257e+02, sign=0.245, train=1.257e+02, val=1.249e+02]
GNN flow training:  42%|████▏     | 42/100 [03:08<04:19,  4.48s/epoch, best=1.257e+02, sign=0.245, train=1.257e+02, val=1.249e+02]
GNN flow training:  42%|████▏     | 42/100 [03:12<04:19,  4.48s/epoch, best=1.249e+02, sign=0.247, train=1.249e+02, val=1.249e+02]
GNN flow training:  43%|████▎     | 43/100 [03:12<04:15,  4.48s/epoch, best=1.249e+02, sign=0.247, train=1.249e+02, val=1.249e+02]
GNN flow training:  43%|████▎     | 43/100 [03:17<04:15,  4.48s/epoch, best=1.249e+02, sign=0.249, train=1.249e+02, val=1.246e+02]
GNN flow training:  44%|████▍     | 44/100 [03:17<04:11,  4.49s/epoch, best=1.249e+02, sign=0.249, train=1.249e+02, val=1.246e+02]
GNN flow training:  44%|████▍     | 44/100 [03:21<04:11,  4.49s/epoch, best=1.246e+02, sign=0.250, train=1.246e+02, val=1.240e+02]
GNN flow training:  45%|████▌     | 45/100 [03:21<04:06,  4.48s/epoch, best=1.246e+02, sign=0.250, train=1.246e+02, val=1.240e+02]
GNN flow training:  45%|████▌     | 45/100 [03:26<04:06,  4.48s/epoch, best=1.240e+02, sign=0.250, train=1.240e+02, val=1.233e+02]
GNN flow training:  46%|████▌     | 46/100 [03:26<04:01,  4.48s/epoch, best=1.240e+02, sign=0.250, train=1.240e+02, val=1.233e+02]
GNN flow training:  46%|████▌     | 46/100 [03:30<04:01,  4.48s/epoch, best=1.233e+02, sign=0.248, train=1.233e+02, val=1.222e+02]
GNN flow training:  47%|████▋     | 47/100 [03:30<03:58,  4.49s/epoch, best=1.233e+02, sign=0.248, train=1.233e+02, val=1.222e+02]
GNN flow training:  47%|████▋     | 47/100 [03:35<03:58,  4.49s/epoch, best=1.222e+02, sign=0.245, train=1.222e+02, val=1.217e+02]
GNN flow training:  48%|████▊     | 48/100 [03:35<03:52,  4.48s/epoch, best=1.222e+02, sign=0.245, train=1.222e+02, val=1.217e+02]
GNN flow training:  48%|████▊     | 48/100 [03:39<03:52,  4.48s/epoch, best=1.217e+02, sign=0.239, train=1.217e+02, val=1.211e+02]
GNN flow training:  49%|████▉     | 49/100 [03:39<03:48,  4.48s/epoch, best=1.217e+02, sign=0.239, train=1.217e+02, val=1.211e+02]
GNN flow training:  49%|████▉     | 49/100 [03:44<03:48,  4.48s/epoch, best=1.211e+02, sign=0.237, train=1.211e+02, val=1.205e+02]
GNN flow training:  50%|█████     | 50/100 [03:44<03:43,  4.48s/epoch, best=1.211e+02, sign=0.237, train=1.211e+02, val=1.205e+02]
GNN flow training:  50%|█████     | 50/100 [03:48<03:43,  4.48s/epoch, best=1.205e+02, sign=0.234, train=1.205e+02, val=1.197e+02]
GNN flow training:  51%|█████     | 51/100 [03:48<03:39,  4.48s/epoch, best=1.205e+02, sign=0.234, train=1.205e+02, val=1.197e+02]
GNN flow training:  51%|█████     | 51/100 [03:53<03:39,  4.48s/epoch, best=1.197e+02, sign=0.227, train=1.197e+02, val=1.201e+02]
GNN flow training:  52%|█████▏    | 52/100 [03:53<03:34,  4.47s/epoch, best=1.197e+02, sign=0.227, train=1.197e+02, val=1.201e+02]
GNN flow training:  52%|█████▏    | 52/100 [03:57<03:34,  4.47s/epoch, best=1.197e+02, sign=0.222, train=1.201e+02, val=1.209e+02]
GNN flow training:  53%|█████▎    | 53/100 [03:57<03:29,  4.45s/epoch, best=1.197e+02, sign=0.222, train=1.201e+02, val=1.209e+02]
GNN flow training:  53%|█████▎    | 53/100 [04:02<03:29,  4.45s/epoch, best=1.197e+02, sign=0.217, train=1.209e+02, val=1.223e+02]
GNN flow training:  54%|█████▍    | 54/100 [04:02<03:24,  4.45s/epoch, best=1.197e+02, sign=0.217, train=1.209e+02, val=1.223e+02]
GNN flow training:  54%|█████▍    | 54/100 [04:06<03:24,  4.45s/epoch, best=1.197e+02, sign=0.219, train=1.223e+02, val=1.205e+02]
GNN flow training:  55%|█████▌    | 55/100 [04:06<03:20,  4.45s/epoch, best=1.197e+02, sign=0.219, train=1.223e+02, val=1.205e+02]
GNN flow training:  55%|█████▌    | 55/100 [04:10<03:20,  4.45s/epoch, best=1.197e+02, sign=0.222, train=1.205e+02, val=1.193e+02]
GNN flow training:  56%|█████▌    | 56/100 [04:10<03:15,  4.45s/epoch, best=1.197e+02, sign=0.222, train=1.205e+02, val=1.193e+02]
GNN flow training:  56%|█████▌    | 56/100 [04:15<03:15,  4.45s/epoch, best=1.193e+02, sign=0.224, train=1.193e+02, val=1.182e+02]
GNN flow training:  57%|█████▋    | 57/100 [04:15<03:11,  4.44s/epoch, best=1.193e+02, sign=0.224, train=1.193e+02, val=1.182e+02]
GNN flow training:  57%|█████▋    | 57/100 [04:19<03:11,  4.44s/epoch, best=1.182e+02, sign=0.231, train=1.182e+02, val=1.171e+02]
GNN flow training:  58%|█████▊    | 58/100 [04:19<03:06,  4.44s/epoch, best=1.182e+02, sign=0.231, train=1.182e+02, val=1.171e+02]
GNN flow training:  58%|█████▊    | 58/100 [04:24<03:06,  4.44s/epoch, best=1.171e+02, sign=0.236, train=1.171e+02, val=1.172e+02]
GNN flow training:  59%|█████▉    | 59/100 [04:24<03:01,  4.44s/epoch, best=1.171e+02, sign=0.236, train=1.171e+02, val=1.172e+02]
GNN flow training:  59%|█████▉    | 59/100 [04:28<03:01,  4.44s/epoch, best=1.171e+02, sign=0.237, train=1.172e+02, val=1.166e+02]
GNN flow training:  60%|██████    | 60/100 [04:28<02:57,  4.44s/epoch, best=1.171e+02, sign=0.237, train=1.172e+02, val=1.166e+02]
GNN flow training:  60%|██████    | 60/100 [04:33<02:57,  4.44s/epoch, best=1.166e+02, sign=0.233, train=1.166e+02, val=1.161e+02]
GNN flow training:  61%|██████    | 61/100 [04:33<02:53,  4.44s/epoch, best=1.166e+02, sign=0.233, train=1.166e+02, val=1.161e+02]
GNN flow training:  61%|██████    | 61/100 [04:37<02:53,  4.44s/epoch, best=1.161e+02, sign=0.225, train=1.161e+02, val=1.163e+02]
GNN flow training:  62%|██████▏   | 62/100 [04:37<02:48,  4.45s/epoch, best=1.161e+02, sign=0.225, train=1.161e+02, val=1.163e+02]
GNN flow training:  62%|██████▏   | 62/100 [04:42<02:48,  4.45s/epoch, best=1.161e+02, sign=0.220, train=1.163e+02, val=1.172e+02]
GNN flow training:  63%|██████▎   | 63/100 [04:42<02:44,  4.45s/epoch, best=1.161e+02, sign=0.220, train=1.163e+02, val=1.172e+02]
GNN flow training:  63%|██████▎   | 63/100 [04:46<02:44,  4.45s/epoch, best=1.161e+02, sign=0.215, train=1.172e+02, val=1.180e+02]
GNN flow training:  64%|██████▍   | 64/100 [04:46<02:40,  4.45s/epoch, best=1.161e+02, sign=0.215, train=1.172e+02, val=1.180e+02]
GNN flow training:  64%|██████▍   | 64/100 [04:50<02:40,  4.45s/epoch, best=1.161e+02, sign=0.215, train=1.180e+02, val=1.185e+02]
GNN flow training:  65%|██████▌   | 65/100 [04:50<02:35,  4.44s/epoch, best=1.161e+02, sign=0.215, train=1.180e+02, val=1.185e+02]
GNN flow training:  65%|██████▌   | 65/100 [04:55<02:35,  4.44s/epoch, best=1.161e+02, sign=0.217, train=1.185e+02, val=1.181e+02]
GNN flow training:  66%|██████▌   | 66/100 [04:55<02:30,  4.43s/epoch, best=1.161e+02, sign=0.217, train=1.185e+02, val=1.181e+02]
GNN flow training:  66%|██████▌   | 66/100 [04:59<02:30,  4.43s/epoch, best=1.161e+02, sign=0.220, train=1.181e+02, val=1.166e+02]
GNN flow training:  67%|██████▋   | 67/100 [04:59<02:26,  4.43s/epoch, best=1.161e+02, sign=0.220, train=1.181e+02, val=1.166e+02]
GNN flow training:  67%|██████▋   | 67/100 [05:04<02:26,  4.43s/epoch, best=1.161e+02, sign=0.225, train=1.166e+02, val=1.158e+02]
GNN flow training:  68%|██████▊   | 68/100 [05:04<02:22,  4.44s/epoch, best=1.161e+02, sign=0.225, train=1.166e+02, val=1.158e+02]
GNN flow training:  68%|██████▊   | 68/100 [05:08<02:22,  4.44s/epoch, best=1.158e+02, sign=0.235, train=1.158e+02, val=1.150e+02]
GNN flow training:  69%|██████▉   | 69/100 [05:08<02:17,  4.45s/epoch, best=1.158e+02, sign=0.235, train=1.158e+02, val=1.150e+02]
GNN flow training:  69%|██████▉   | 69/100 [05:13<02:17,  4.45s/epoch, best=1.150e+02, sign=0.240, train=1.150e+02, val=1.145e+02]
GNN flow training:  70%|███████   | 70/100 [05:13<02:13,  4.45s/epoch, best=1.150e+02, sign=0.240, train=1.150e+02, val=1.145e+02]
GNN flow training:  70%|███████   | 70/100 [05:17<02:13,  4.45s/epoch, best=1.145e+02, sign=0.241, train=1.145e+02, val=1.147e+02]
GNN flow training:  71%|███████   | 71/100 [05:17<02:08,  4.44s/epoch, best=1.145e+02, sign=0.241, train=1.145e+02, val=1.147e+02]
GNN flow training:  71%|███████   | 71/100 [05:22<02:08,  4.44s/epoch, best=1.145e+02, sign=0.245, train=1.147e+02, val=1.142e+02]
GNN flow training:  72%|███████▏  | 72/100 [05:22<02:04,  4.44s/epoch, best=1.145e+02, sign=0.245, train=1.147e+02, val=1.142e+02]
GNN flow training:  72%|███████▏  | 72/100 [05:26<02:04,  4.44s/epoch, best=1.142e+02, sign=0.246, train=1.142e+02, val=1.139e+02]
GNN flow training:  73%|███████▎  | 73/100 [05:26<01:59,  4.44s/epoch, best=1.142e+02, sign=0.246, train=1.142e+02, val=1.139e+02]
GNN flow training:  73%|███████▎  | 73/100 [05:30<01:59,  4.44s/epoch, best=1.139e+02, sign=0.246, train=1.139e+02, val=1.136e+02]
GNN flow training:  74%|███████▍  | 74/100 [05:30<01:55,  4.44s/epoch, best=1.139e+02, sign=0.246, train=1.139e+02, val=1.136e+02]
GNN flow training:  74%|███████▍  | 74/100 [05:35<01:55,  4.44s/epoch, best=1.136e+02, sign=0.245, train=1.136e+02, val=1.131e+02]
GNN flow training:  75%|███████▌  | 75/100 [05:35<01:51,  4.45s/epoch, best=1.136e+02, sign=0.245, train=1.136e+02, val=1.131e+02]
GNN flow training:  75%|███████▌  | 75/100 [05:39<01:51,  4.45s/epoch, best=1.131e+02, sign=0.239, train=1.131e+02, val=1.134e+02]
GNN flow training:  76%|███████▌  | 76/100 [05:39<01:46,  4.45s/epoch, best=1.131e+02, sign=0.239, train=1.131e+02, val=1.134e+02]
GNN flow training:  76%|███████▌  | 76/100 [05:44<01:46,  4.45s/epoch, best=1.131e+02, sign=0.229, train=1.134e+02, val=1.138e+02]
GNN flow training:  77%|███████▋  | 77/100 [05:44<01:42,  4.45s/epoch, best=1.131e+02, sign=0.229, train=1.134e+02, val=1.138e+02]
GNN flow training:  77%|███████▋  | 77/100 [05:48<01:42,  4.45s/epoch, best=1.131e+02, sign=0.214, train=1.138e+02, val=1.156e+02]
GNN flow training:  78%|███████▊  | 78/100 [05:48<01:37,  4.44s/epoch, best=1.131e+02, sign=0.214, train=1.138e+02, val=1.156e+02]
GNN flow training:  78%|███████▊  | 78/100 [05:53<01:37,  4.44s/epoch, best=1.131e+02, sign=0.205, train=1.156e+02, val=1.187e+02]
GNN flow training:  79%|███████▉  | 79/100 [05:53<01:33,  4.43s/epoch, best=1.131e+02, sign=0.205, train=1.156e+02, val=1.187e+02]
GNN flow training:  79%|███████▉  | 79/100 [05:57<01:33,  4.43s/epoch, best=1.131e+02, sign=0.202, train=1.187e+02, val=1.193e+02]
GNN flow training:  80%|████████  | 80/100 [05:57<01:28,  4.43s/epoch, best=1.131e+02, sign=0.202, train=1.187e+02, val=1.193e+02]
GNN flow training:  80%|████████  | 80/100 [06:01<01:28,  4.43s/epoch, best=1.131e+02, sign=0.199, train=1.193e+02, val=1.209e+02]
GNN flow training:  81%|████████  | 81/100 [06:01<01:24,  4.43s/epoch, best=1.131e+02, sign=0.199, train=1.193e+02, val=1.209e+02]
GNN flow training:  81%|████████  | 81/100 [06:06<01:24,  4.43s/epoch, best=1.131e+02, sign=0.199, train=1.209e+02, val=1.208e+02]
GNN flow training:  82%|████████▏ | 82/100 [06:06<01:19,  4.43s/epoch, best=1.131e+02, sign=0.199, train=1.209e+02, val=1.208e+02]
GNN flow training:  82%|████████▏ | 82/100 [06:10<01:19,  4.43s/epoch, best=1.131e+02, sign=0.202, train=1.208e+02, val=1.179e+02]
GNN flow training:  83%|████████▎ | 83/100 [06:10<01:15,  4.42s/epoch, best=1.131e+02, sign=0.202, train=1.208e+02, val=1.179e+02]
GNN flow training:  83%|████████▎ | 83/100 [06:15<01:15,  4.42s/epoch, best=1.131e+02, sign=0.207, train=1.179e+02, val=1.128e+02]
GNN flow training:  84%|████████▍ | 84/100 [06:15<01:10,  4.41s/epoch, best=1.131e+02, sign=0.207, train=1.179e+02, val=1.128e+02]
GNN flow training:  84%|████████▍ | 84/100 [06:19<01:10,  4.41s/epoch, best=1.128e+02, sign=0.224, train=1.128e+02, val=1.100e+02]
GNN flow training:  85%|████████▌ | 85/100 [06:19<01:06,  4.43s/epoch, best=1.128e+02, sign=0.224, train=1.128e+02, val=1.100e+02]
GNN flow training:  85%|████████▌ | 85/100 [06:24<01:06,  4.43s/epoch, best=1.100e+02, sign=0.238, train=1.100e+02, val=1.117e+02]
GNN flow training:  86%|████████▌ | 86/100 [06:24<01:02,  4.43s/epoch, best=1.100e+02, sign=0.238, train=1.100e+02, val=1.117e+02]
GNN flow training:  86%|████████▌ | 86/100 [06:28<01:02,  4.43s/epoch, best=1.100e+02, sign=0.250, train=1.117e+02, val=1.126e+02]
GNN flow training:  87%|████████▋ | 87/100 [06:28<00:57,  4.43s/epoch, best=1.100e+02, sign=0.250, train=1.117e+02, val=1.126e+02]
GNN flow training:  87%|████████▋ | 87/100 [06:32<00:57,  4.43s/epoch, best=1.100e+02, sign=0.260, train=1.126e+02, val=1.134e+02]
GNN flow training:  88%|████████▊ | 88/100 [06:32<00:53,  4.42s/epoch, best=1.100e+02, sign=0.260, train=1.126e+02, val=1.134e+02]
GNN flow training:  88%|████████▊ | 88/100 [06:37<00:53,  4.42s/epoch, best=1.100e+02, sign=0.266, train=1.134e+02, val=1.147e+02]
GNN flow training:  89%|████████▉ | 89/100 [06:37<00:48,  4.43s/epoch, best=1.100e+02, sign=0.266, train=1.134e+02, val=1.147e+02]
GNN flow training:  89%|████████▉ | 89/100 [06:41<00:48,  4.43s/epoch, best=1.100e+02, sign=0.268, train=1.147e+02, val=1.159e+02]
GNN flow training:  90%|█████████ | 90/100 [06:41<00:44,  4.45s/epoch, best=1.100e+02, sign=0.268, train=1.147e+02, val=1.159e+02]
GNN flow training:  90%|█████████ | 90/100 [06:46<00:44,  4.45s/epoch, best=1.100e+02, sign=0.270, train=1.159e+02, val=1.172e+02]
GNN flow training:  91%|█████████ | 91/100 [06:46<00:40,  4.46s/epoch, best=1.100e+02, sign=0.270, train=1.159e+02, val=1.172e+02]
GNN flow training:  91%|█████████ | 91/100 [06:50<00:40,  4.46s/epoch, best=1.100e+02, sign=0.268, train=1.172e+02, val=1.173e+02]
GNN flow training:  92%|█████████▏| 92/100 [06:50<00:35,  4.47s/epoch, best=1.100e+02, sign=0.268, train=1.172e+02, val=1.173e+02]
GNN flow training:  92%|█████████▏| 92/100 [06:55<00:35,  4.47s/epoch, best=1.100e+02, sign=0.268, train=1.173e+02, val=1.166e+02]
GNN flow training:  93%|█████████▎| 93/100 [06:55<00:31,  4.47s/epoch, best=1.100e+02, sign=0.268, train=1.173e+02, val=1.166e+02]
GNN flow training:  93%|█████████▎| 93/100 [06:59<00:31,  4.47s/epoch, best=1.100e+02, sign=0.266, train=1.166e+02, val=1.148e+02]
GNN flow training:  94%|█████████▍| 94/100 [06:59<00:26,  4.48s/epoch, best=1.100e+02, sign=0.266, train=1.166e+02, val=1.148e+02]
GNN flow training:  94%|█████████▍| 94/100 [07:04<00:26,  4.48s/epoch, best=1.100e+02, sign=0.264, train=1.148e+02, val=1.135e+02]
GNN flow training:  95%|█████████▌| 95/100 [07:04<00:22,  4.48s/epoch, best=1.100e+02, sign=0.264, train=1.148e+02, val=1.135e+02]
GNN flow training:  95%|█████████▌| 95/100 [07:08<00:22,  4.48s/epoch, best=1.100e+02, sign=0.259, train=1.135e+02, val=1.109e+02]
GNN flow training:  96%|█████████▌| 96/100 [07:08<00:17,  4.47s/epoch, best=1.100e+02, sign=0.259, train=1.135e+02, val=1.109e+02]
GNN flow training:  96%|█████████▌| 96/100 [07:13<00:17,  4.47s/epoch, best=1.100e+02, sign=0.250, train=1.109e+02, val=1.076e+02]
GNN flow training:  97%|█████████▋| 97/100 [07:13<00:13,  4.49s/epoch, best=1.100e+02, sign=0.250, train=1.109e+02, val=1.076e+02]
GNN flow training:  97%|█████████▋| 97/100 [07:17<00:13,  4.49s/epoch, best=1.076e+02, sign=0.240, train=1.076e+02, val=1.042e+02]
GNN flow training:  98%|█████████▊| 98/100 [07:17<00:08,  4.49s/epoch, best=1.076e+02, sign=0.240, train=1.076e+02, val=1.042e+02]
GNN flow training:  98%|█████████▊| 98/100 [07:22<00:08,  4.49s/epoch, best=1.042e+02, sign=0.228, train=1.042e+02, val=1.038e+02]
GNN flow training:  99%|█████████▉| 99/100 [07:22<00:04,  4.47s/epoch, best=1.042e+02, sign=0.228, train=1.042e+02, val=1.038e+02]
GNN flow training:  99%|█████████▉| 99/100 [07:26<00:04,  4.47s/epoch, best=1.038e+02, sign=0.223, train=1.038e+02, val=1.047e+02]
GNN flow training: 100%|██████████| 100/100 [07:26<00:00,  4.45s/epoch, best=1.038e+02, sign=0.223, train=1.038e+02, val=1.047e+02]
GNN flow training: 100%|██████████| 100/100 [07:26<00:00,  4.47s/epoch, best=1.038e+02, sign=0.223, train=1.038e+02, val=1.047e+02]
Resolved config snapshot:
{'preset': 'solver_QKB_outer_QKBdelta', 'gnn_outer_losses': {'flow': 10.0, 'kirchhoff': 10.0, 'boundary': 100.0, 'delta_l2': 0.1, 'delta_smooth': 0.0, 'pressure_shape': 0.0}, 'physics': {'arterial_flow_mode': 'dataset', 'pressure_constraints': ['mean-a-minus-v-alpha-equal-v'], 'alpha_pa': 10.0, 'use_snr_weights': True, 'use_observed_flow_snr_weighting': True, 'flow_scale_mode': 'median_abs', 'solver_device': 'same', 'pressure_solver_mode': 'reduced-soft-constrained-lstsq', 'pressure_solver_lambda_kirchhoff': 1.0, 'pressure_solver_lambda_pressure_constraints': 100.0, 'pressure_solver_lambda_flow_residual': 1.0, 'pressure_shape_reference': 'delta_zero_reference', 'pressure_detach': False}, 'correction_bounds': {'correction_min': -0.5, 'correction_max': 0.5, 'correction_bound': 0.5, 'correction_parameterization': 'tanh'}, 'optimization': {'learning_rate': 0.001, 'weight_decay': 0.0001, 'gradient_clip_norm': 5.0, 'optimizer': 'adamw', 'epochs': 100, 'patience': 40}}
Resolved config snapshot:
{'preset': 'solver_QKB_outer_QKBdelta', 'gnn_outer_losses': {'flow': 1.0, 'kirchhoff': 10.0, 'boundary': 100.0, 'delta_l2': 100.0, 'delta_smooth': 0.0, 'pressure_shape': 0.0}, 'physics': {'arterial_flow_mode': 'dataset', 'pressure_constraints': ['mean-a-minus-v-alpha-equal-v'], 'alpha_pa': 10.0, 'use_snr_weights': True, 'use_observed_flow_snr_weighting': True, 'flow_scale_mode': 'median_abs', 'solver_device': 'same', 'pressure_solver_mode': 'reduced-soft-constrained-lstsq', 'pressure_solver_lambda_kirchhoff': 1.0, 'pressure_solver_lambda_pressure_constraints': 100.0, 'pressure_solver_lambda_flow_residual': 1.0, 'pressure_shape_reference': 'delta_zero_reference', 'pressure_detach': False}, 'correction_bounds': {'correction_min': -0.5, 'correction_max': 0.5, 'correction_bound': 0.5, 'correction_parameterization': 'tanh'}, 'optimization': {'learning_rate': 0.001, 'weight_decay': 0.0001, 'gradient_clip_norm': 5.0, 'optimizer': 'adamw', 'epochs': 100, 'patience': 40}}
Command: /mnt/home/sswee/miniforge3/envs/yolk-sac/bin/python /mnt/home/sswee/yolk/Yolk-Sac-Flow-Data-and-Sim/gnn_clean/scripts/python/gnn_flow.py /mnt/home/sswee/yolk/Yolk-Sac-Flow-Data-and-Sim/gnn_clean/datasets/mosaic_graph_canonical_harmonized/mosaic_graph_canonical_harmonized.gpickle --output-dir /mnt/home/sswee/yolk/Yolk-Sac-Flow-Data-and-Sim/gnn_clean/outputs_canonical/dc/03_pressure_constraint_sensitivity/gnn --run-name q_10__k_10__delta_0p1__constraint_fixed_drop_10pa --preset solver_QKB_outer_QKBdelta --device cuda --epochs 100 --seed 0 --viscosity-pa-s 0.0035 --config /mnt/home/sswee/yolk/Yolk-Sac-Flow-Data-and-Sim/gnn_clean/outputs_canonical/dc/03_pressure_constraint_sensitivity/_generated_configs/q_10__k_10__delta_0p1__constraint_fixed_drop_10pa.yaml --no-pressure-detach
Command: /mnt/home/sswee/miniforge3/envs/yolk-sac/bin/python /mnt/home/sswee/yolk/Yolk-Sac-Flow-Data-and-Sim/gnn_clean/scripts/python/gnn_flow.py /mnt/home/sswee/yolk/Yolk-Sac-Flow-Data-and-Sim/gnn_clean/datasets/mosaic_graph_canonical_harmonized/mosaic_graph_canonical_harmonized.gpickle --output-dir /mnt/home/sswee/yolk/Yolk-Sac-Flow-Data-and-Sim/gnn_clean/outputs_canonical/dc/03_pressure_constraint_sensitivity/gnn --run-name q_1__k_10__delta_100__constraint_fixed_drop_10pa --preset solver_QKB_outer_QKBdelta --device cuda --epochs 100 --seed 0 --viscosity-pa-s 0.0035 --config /mnt/home/sswee/yolk/Yolk-Sac-Flow-Data-and-Sim/gnn_clean/outputs_canonical/dc/03_pressure_constraint_sensitivity/_generated_configs/q_1__k_10__delta_100__constraint_fixed_drop_10pa.yaml --no-pressure-detach
Command: /mnt/home/sswee/miniforge3/envs/yolk-sac/bin/python /mnt/home/sswee/yolk/Yolk-Sac-Flow-Data-and-Sim/gnn_clean/scripts/python/poiseuille_only_baseline.py /mnt/home/sswee/yolk/Yolk-Sac-Flow-Data-and-Sim/gnn_clean/datasets/mosaic_graph_canonical_harmonized/mosaic_graph_canonical_harmonized.gpickle --output-dir /mnt/home/sswee/yolk/Yolk-Sac-Flow-Data-and-Sim/gnn_clean/outputs_canonical/dc/03_pressure_constraint_sensitivity/poiseuille --run-name poiseuille__q_10__k_10__constraint_fixed_drop_10pa --device cpu --viscosity-pa-s 0.0035 --dc-solve-mode reduced-soft-constrained-lstsq --arterial-flow-mode dataset --lambda-kirchhoff 10.0 --lambda-pressure-constraints 100.0 --lambda-flow-residual 10.0 --pressure-constraint mean-a-minus-v-alpha-equal-v --alpha-pa 10.0
