
GNN flow training:   0%|          | 0/100 [00:00<?, ?epoch/s]
GNN flow training:   0%|          | 0/100 [00:04<?, ?epoch/s, best=1.281e+01, sign=0.188, train=1.281e+01, val=1.281e+01]
GNN flow training:   1%|          | 1/100 [00:04<07:28,  4.53s/epoch, best=1.281e+01, sign=0.188, train=1.281e+01, val=1.281e+01]
GNN flow training:   1%|          | 1/100 [00:08<07:28,  4.53s/epoch, best=1.281e+01, sign=0.187, train=1.281e+01, val=1.283e+01]
GNN flow training:   2%|▏         | 2/100 [00:08<07:16,  4.46s/epoch, best=1.281e+01, sign=0.187, train=1.281e+01, val=1.283e+01]
GNN flow training:   2%|▏         | 2/100 [00:13<07:16,  4.46s/epoch, best=1.281e+01, sign=0.187, train=1.284e+01, val=1.283e+01]
GNN flow training:   3%|▎         | 3/100 [00:13<07:11,  4.45s/epoch, best=1.281e+01, sign=0.187, train=1.284e+01, val=1.283e+01]
GNN flow training:   3%|▎         | 3/100 [00:17<07:11,  4.45s/epoch, best=1.281e+01, sign=0.187, train=1.283e+01, val=1.285e+01]
GNN flow training:   4%|▍         | 4/100 [00:17<07:05,  4.44s/epoch, best=1.281e+01, sign=0.187, train=1.283e+01, val=1.285e+01]
GNN flow training:   4%|▍         | 4/100 [00:22<07:05,  4.44s/epoch, best=1.281e+01, sign=0.188, train=1.285e+01, val=1.282e+01]
GNN flow training:   5%|▌         | 5/100 [00:22<07:01,  4.44s/epoch, best=1.281e+01, sign=0.188, train=1.285e+01, val=1.282e+01]
GNN flow training:   5%|▌         | 5/100 [00:26<07:01,  4.44s/epoch, best=1.281e+01, sign=0.188, train=1.282e+01, val=1.278e+01]
GNN flow training:   6%|▌         | 6/100 [00:26<06:57,  4.44s/epoch, best=1.281e+01, sign=0.188, train=1.282e+01, val=1.278e+01]
GNN flow training:   6%|▌         | 6/100 [00:31<06:57,  4.44s/epoch, best=1.278e+01, sign=0.188, train=1.278e+01, val=1.277e+01]
GNN flow training:   7%|▋         | 7/100 [00:31<06:53,  4.45s/epoch, best=1.278e+01, sign=0.188, train=1.278e+01, val=1.277e+01]
GNN flow training:   7%|▋         | 7/100 [00:35<06:53,  4.45s/epoch, best=1.277e+01, sign=0.188, train=1.277e+01, val=1.277e+01]
GNN flow training:   8%|▊         | 8/100 [00:35<06:48,  4.44s/epoch, best=1.277e+01, sign=0.188, train=1.277e+01, val=1.277e+01]
GNN flow training:   8%|▊         | 8/100 [00:39<06:48,  4.44s/epoch, best=1.277e+01, sign=0.188, train=1.277e+01, val=1.276e+01]
GNN flow training:   9%|▉         | 9/100 [00:39<06:43,  4.43s/epoch, best=1.277e+01, sign=0.188, train=1.277e+01, val=1.276e+01]
GNN flow training:   9%|▉         | 9/100 [00:44<06:43,  4.43s/epoch, best=1.276e+01, sign=0.188, train=1.276e+01, val=1.276e+01]
GNN flow training:  10%|█         | 10/100 [00:44<06:37,  4.42s/epoch, best=1.276e+01, sign=0.188, train=1.276e+01, val=1.276e+01]
GNN flow training:  10%|█         | 10/100 [00:48<06:37,  4.42s/epoch, best=1.276e+01, sign=0.188, train=1.276e+01, val=1.274e+01]
GNN flow training:  11%|█         | 11/100 [00:48<06:34,  4.43s/epoch, best=1.276e+01, sign=0.188, train=1.276e+01, val=1.274e+01]
GNN flow training:  11%|█         | 11/100 [00:53<06:34,  4.43s/epoch, best=1.274e+01, sign=0.188, train=1.274e+01, val=1.273e+01]
GNN flow training:  12%|█▏        | 12/100 [00:53<06:29,  4.43s/epoch, best=1.274e+01, sign=0.188, train=1.274e+01, val=1.273e+01]
GNN flow training:  12%|█▏        | 12/100 [00:57<06:29,  4.43s/epoch, best=1.273e+01, sign=0.187, train=1.274e+01, val=1.270e+01]
GNN flow training:  13%|█▎        | 13/100 [00:57<06:26,  4.44s/epoch, best=1.273e+01, sign=0.187, train=1.274e+01, val=1.270e+01]
GNN flow training:  13%|█▎        | 13/100 [01:02<06:26,  4.44s/epoch, best=1.270e+01, sign=0.187, train=1.270e+01, val=1.269e+01]
GNN flow training:  14%|█▍        | 14/100 [01:02<06:21,  4.43s/epoch, best=1.270e+01, sign=0.187, train=1.270e+01, val=1.269e+01]
GNN flow training:  14%|█▍        | 14/100 [01:06<06:21,  4.43s/epoch, best=1.269e+01, sign=0.187, train=1.269e+01, val=1.267e+01]
GNN flow training:  15%|█▌        | 15/100 [01:06<06:15,  4.42s/epoch, best=1.269e+01, sign=0.187, train=1.269e+01, val=1.267e+01]
GNN flow training:  15%|█▌        | 15/100 [01:10<06:15,  4.42s/epoch, best=1.267e+01, sign=0.186, train=1.267e+01, val=1.269e+01]
GNN flow training:  16%|█▌        | 16/100 [01:10<06:10,  4.42s/epoch, best=1.267e+01, sign=0.186, train=1.267e+01, val=1.269e+01]
GNN flow training:  16%|█▌        | 16/100 [01:15<06:10,  4.42s/epoch, best=1.267e+01, sign=0.186, train=1.269e+01, val=1.271e+01]
GNN flow training:  17%|█▋        | 17/100 [01:15<06:07,  4.43s/epoch, best=1.267e+01, sign=0.186, train=1.269e+01, val=1.271e+01]
GNN flow training:  17%|█▋        | 17/100 [01:19<06:07,  4.43s/epoch, best=1.267e+01, sign=0.186, train=1.271e+01, val=1.267e+01]
GNN flow training:  18%|█▊        | 18/100 [01:19<06:02,  4.42s/epoch, best=1.267e+01, sign=0.186, train=1.271e+01, val=1.267e+01]
GNN flow training:  18%|█▊        | 18/100 [01:24<06:02,  4.42s/epoch, best=1.267e+01, sign=0.186, train=1.267e+01, val=1.271e+01]
GNN flow training:  19%|█▉        | 19/100 [01:24<05:57,  4.42s/epoch, best=1.267e+01, sign=0.186, train=1.267e+01, val=1.271e+01]
GNN flow training:  19%|█▉        | 19/100 [01:28<05:57,  4.42s/epoch, best=1.267e+01, sign=0.186, train=1.271e+01, val=1.269e+01]
GNN flow training:  20%|██        | 20/100 [01:28<05:53,  4.42s/epoch, best=1.267e+01, sign=0.186, train=1.271e+01, val=1.269e+01]
GNN flow training:  20%|██        | 20/100 [01:33<05:53,  4.42s/epoch, best=1.267e+01, sign=0.186, train=1.269e+01, val=1.267e+01]
GNN flow training:  21%|██        | 21/100 [01:33<05:49,  4.42s/epoch, best=1.267e+01, sign=0.186, train=1.269e+01, val=1.267e+01]
GNN flow training:  21%|██        | 21/100 [01:37<05:49,  4.42s/epoch, best=1.267e+01, sign=0.186, train=1.267e+01, val=1.267e+01]
GNN flow training:  22%|██▏       | 22/100 [01:37<05:44,  4.42s/epoch, best=1.267e+01, sign=0.186, train=1.267e+01, val=1.267e+01]
GNN flow training:  22%|██▏       | 22/100 [01:41<05:44,  4.42s/epoch, best=1.267e+01, sign=0.186, train=1.267e+01, val=1.266e+01]
GNN flow training:  23%|██▎       | 23/100 [01:41<05:40,  4.42s/epoch, best=1.267e+01, sign=0.186, train=1.267e+01, val=1.266e+01]
GNN flow training:  23%|██▎       | 23/100 [01:46<05:40,  4.42s/epoch, best=1.266e+01, sign=0.186, train=1.266e+01, val=1.258e+01]
GNN flow training:  24%|██▍       | 24/100 [01:46<05:35,  4.41s/epoch, best=1.266e+01, sign=0.186, train=1.266e+01, val=1.258e+01]
GNN flow training:  24%|██▍       | 24/100 [01:50<05:35,  4.41s/epoch, best=1.258e+01, sign=0.185, train=1.258e+01, val=1.253e+01]
GNN flow training:  25%|██▌       | 25/100 [01:50<05:30,  4.41s/epoch, best=1.258e+01, sign=0.185, train=1.258e+01, val=1.253e+01]
GNN flow training:  25%|██▌       | 25/100 [01:55<05:30,  4.41s/epoch, best=1.253e+01, sign=0.185, train=1.253e+01, val=1.253e+01]
GNN flow training:  26%|██▌       | 26/100 [01:55<05:27,  4.42s/epoch, best=1.253e+01, sign=0.185, train=1.253e+01, val=1.253e+01]
GNN flow training:  26%|██▌       | 26/100 [01:59<05:27,  4.42s/epoch, best=1.253e+01, sign=0.185, train=1.253e+01, val=1.248e+01]
GNN flow training:  27%|██▋       | 27/100 [01:59<05:23,  4.43s/epoch, best=1.253e+01, sign=0.185, train=1.253e+01, val=1.248e+01]
GNN flow training:  27%|██▋       | 27/100 [02:04<05:23,  4.43s/epoch, best=1.248e+01, sign=0.184, train=1.248e+01, val=1.245e+01]
GNN flow training:  28%|██▊       | 28/100 [02:04<05:19,  4.43s/epoch, best=1.248e+01, sign=0.184, train=1.248e+01, val=1.245e+01]
GNN flow training:  28%|██▊       | 28/100 [02:08<05:19,  4.43s/epoch, best=1.245e+01, sign=0.184, train=1.245e+01, val=1.246e+01]
GNN flow training:  29%|██▉       | 29/100 [02:08<05:13,  4.42s/epoch, best=1.245e+01, sign=0.184, train=1.245e+01, val=1.246e+01]
GNN flow training:  29%|██▉       | 29/100 [02:12<05:13,  4.42s/epoch, best=1.245e+01, sign=0.183, train=1.246e+01, val=1.241e+01]
GNN flow training:  30%|███       | 30/100 [02:12<05:09,  4.42s/epoch, best=1.245e+01, sign=0.183, train=1.246e+01, val=1.241e+01]
GNN flow training:  30%|███       | 30/100 [02:17<05:09,  4.42s/epoch, best=1.241e+01, sign=0.183, train=1.241e+01, val=1.240e+01]
GNN flow training:  31%|███       | 31/100 [02:17<05:04,  4.42s/epoch, best=1.241e+01, sign=0.183, train=1.241e+01, val=1.240e+01]
GNN flow training:  31%|███       | 31/100 [02:21<05:04,  4.42s/epoch, best=1.240e+01, sign=0.183, train=1.240e+01, val=1.236e+01]
GNN flow training:  32%|███▏      | 32/100 [02:21<05:00,  4.42s/epoch, best=1.240e+01, sign=0.183, train=1.240e+01, val=1.236e+01]
GNN flow training:  32%|███▏      | 32/100 [02:26<05:00,  4.42s/epoch, best=1.236e+01, sign=0.182, train=1.236e+01, val=1.232e+01]
GNN flow training:  33%|███▎      | 33/100 [02:26<04:55,  4.41s/epoch, best=1.236e+01, sign=0.182, train=1.236e+01, val=1.232e+01]
GNN flow training:  33%|███▎      | 33/100 [02:30<04:55,  4.41s/epoch, best=1.232e+01, sign=0.183, train=1.232e+01, val=1.222e+01]
GNN flow training:  34%|███▍      | 34/100 [02:30<04:50,  4.41s/epoch, best=1.232e+01, sign=0.183, train=1.232e+01, val=1.222e+01]
GNN flow training:  34%|███▍      | 34/100 [02:34<04:50,  4.41s/epoch, best=1.222e+01, sign=0.182, train=1.222e+01, val=1.217e+01]
GNN flow training:  35%|███▌      | 35/100 [02:34<04:47,  4.42s/epoch, best=1.222e+01, sign=0.182, train=1.222e+01, val=1.217e+01]
GNN flow training:  35%|███▌      | 35/100 [02:39<04:47,  4.42s/epoch, best=1.217e+01, sign=0.182, train=1.217e+01, val=1.213e+01]
GNN flow training:  36%|███▌      | 36/100 [02:39<04:42,  4.41s/epoch, best=1.217e+01, sign=0.182, train=1.217e+01, val=1.213e+01]
GNN flow training:  36%|███▌      | 36/100 [02:43<04:42,  4.41s/epoch, best=1.213e+01, sign=0.183, train=1.213e+01, val=1.207e+01]
GNN flow training:  37%|███▋      | 37/100 [02:43<04:38,  4.42s/epoch, best=1.213e+01, sign=0.183, train=1.213e+01, val=1.207e+01]
GNN flow training:  37%|███▋      | 37/100 [02:48<04:38,  4.42s/epoch, best=1.207e+01, sign=0.182, train=1.207e+01, val=1.202e+01]
GNN flow training:  38%|███▊      | 38/100 [02:48<04:35,  4.44s/epoch, best=1.207e+01, sign=0.182, train=1.207e+01, val=1.202e+01]
GNN flow training:  38%|███▊      | 38/100 [02:52<04:35,  4.44s/epoch, best=1.202e+01, sign=0.183, train=1.202e+01, val=1.199e+01]
GNN flow training:  39%|███▉      | 39/100 [02:52<04:30,  4.44s/epoch, best=1.202e+01, sign=0.183, train=1.202e+01, val=1.199e+01]
GNN flow training:  39%|███▉      | 39/100 [02:57<04:30,  4.44s/epoch, best=1.199e+01, sign=0.182, train=1.199e+01, val=1.194e+01]
GNN flow training:  40%|████      | 40/100 [02:57<04:25,  4.43s/epoch, best=1.199e+01, sign=0.182, train=1.199e+01, val=1.194e+01]
GNN flow training:  40%|████      | 40/100 [03:01<04:25,  4.43s/epoch, best=1.194e+01, sign=0.181, train=1.194e+01, val=1.188e+01]
GNN flow training:  41%|████      | 41/100 [03:01<04:23,  4.46s/epoch, best=1.194e+01, sign=0.181, train=1.194e+01, val=1.188e+01]
GNN flow training:  41%|████      | 41/100 [03:06<04:23,  4.46s/epoch, best=1.188e+01, sign=0.180, train=1.189e+01, val=1.188e+01]
GNN flow training:  42%|████▏     | 42/100 [03:06<04:17,  4.44s/epoch, best=1.188e+01, sign=0.180, train=1.189e+01, val=1.188e+01]
GNN flow training:  42%|████▏     | 42/100 [03:10<04:17,  4.44s/epoch, best=1.188e+01, sign=0.180, train=1.188e+01, val=1.185e+01]
GNN flow training:  43%|████▎     | 43/100 [03:10<04:12,  4.42s/epoch, best=1.188e+01, sign=0.180, train=1.188e+01, val=1.185e+01]
GNN flow training:  43%|████▎     | 43/100 [03:14<04:12,  4.42s/epoch, best=1.185e+01, sign=0.179, train=1.185e+01, val=1.177e+01]
GNN flow training:  44%|████▍     | 44/100 [03:14<04:07,  4.42s/epoch, best=1.185e+01, sign=0.179, train=1.185e+01, val=1.177e+01]
GNN flow training:  44%|████▍     | 44/100 [03:19<04:07,  4.42s/epoch, best=1.177e+01, sign=0.179, train=1.177e+01, val=1.168e+01]
GNN flow training:  45%|████▌     | 45/100 [03:19<04:02,  4.41s/epoch, best=1.177e+01, sign=0.179, train=1.177e+01, val=1.168e+01]
GNN flow training:  45%|████▌     | 45/100 [03:23<04:02,  4.41s/epoch, best=1.168e+01, sign=0.179, train=1.168e+01, val=1.152e+01]
GNN flow training:  46%|████▌     | 46/100 [03:23<03:57,  4.40s/epoch, best=1.168e+01, sign=0.179, train=1.168e+01, val=1.152e+01]
GNN flow training:  46%|████▌     | 46/100 [03:27<03:57,  4.40s/epoch, best=1.152e+01, sign=0.178, train=1.152e+01, val=1.145e+01]
GNN flow training:  47%|████▋     | 47/100 [03:27<03:53,  4.41s/epoch, best=1.152e+01, sign=0.178, train=1.152e+01, val=1.145e+01]
GNN flow training:  47%|████▋     | 47/100 [03:32<03:53,  4.41s/epoch, best=1.145e+01, sign=0.178, train=1.145e+01, val=1.134e+01]
GNN flow training:  48%|████▊     | 48/100 [03:32<03:49,  4.42s/epoch, best=1.145e+01, sign=0.178, train=1.145e+01, val=1.134e+01]
GNN flow training:  48%|████▊     | 48/100 [03:36<03:49,  4.42s/epoch, best=1.134e+01, sign=0.177, train=1.134e+01, val=1.123e+01]
GNN flow training:  49%|████▉     | 49/100 [03:36<03:46,  4.44s/epoch, best=1.134e+01, sign=0.177, train=1.134e+01, val=1.123e+01]
GNN flow training:  49%|████▉     | 49/100 [03:41<03:46,  4.44s/epoch, best=1.123e+01, sign=0.174, train=1.123e+01, val=1.123e+01]
GNN flow training:  50%|█████     | 50/100 [03:41<03:41,  4.44s/epoch, best=1.123e+01, sign=0.174, train=1.123e+01, val=1.123e+01]
GNN flow training:  50%|█████     | 50/100 [03:45<03:41,  4.44s/epoch, best=1.123e+01, sign=0.173, train=1.123e+01, val=1.119e+01]
GNN flow training:  51%|█████     | 51/100 [03:45<03:37,  4.43s/epoch, best=1.123e+01, sign=0.173, train=1.123e+01, val=1.119e+01]
GNN flow training:  51%|█████     | 51/100 [03:50<03:37,  4.43s/epoch, best=1.119e+01, sign=0.170, train=1.119e+01, val=1.116e+01]
GNN flow training:  52%|█████▏    | 52/100 [03:50<03:33,  4.44s/epoch, best=1.119e+01, sign=0.170, train=1.119e+01, val=1.116e+01]
GNN flow training:  52%|█████▏    | 52/100 [03:54<03:33,  4.44s/epoch, best=1.116e+01, sign=0.167, train=1.116e+01, val=1.111e+01]
GNN flow training:  53%|█████▎    | 53/100 [03:54<03:28,  4.44s/epoch, best=1.116e+01, sign=0.167, train=1.116e+01, val=1.111e+01]
GNN flow training:  53%|█████▎    | 53/100 [03:59<03:28,  4.44s/epoch, best=1.111e+01, sign=0.166, train=1.111e+01, val=1.109e+01]
GNN flow training:  54%|█████▍    | 54/100 [03:59<03:23,  4.43s/epoch, best=1.111e+01, sign=0.166, train=1.111e+01, val=1.109e+01]
GNN flow training:  54%|█████▍    | 54/100 [04:03<03:23,  4.43s/epoch, best=1.109e+01, sign=0.167, train=1.110e+01, val=1.098e+01]
GNN flow training:  55%|█████▌    | 55/100 [04:03<03:19,  4.43s/epoch, best=1.109e+01, sign=0.167, train=1.110e+01, val=1.098e+01]
GNN flow training:  55%|█████▌    | 55/100 [04:07<03:19,  4.43s/epoch, best=1.098e+01, sign=0.170, train=1.098e+01, val=1.079e+01]
GNN flow training:  56%|█████▌    | 56/100 [04:07<03:14,  4.42s/epoch, best=1.098e+01, sign=0.170, train=1.098e+01, val=1.079e+01]
GNN flow training:  56%|█████▌    | 56/100 [04:12<03:14,  4.42s/epoch, best=1.079e+01, sign=0.170, train=1.079e+01, val=1.058e+01]
GNN flow training:  57%|█████▋    | 57/100 [04:12<03:10,  4.42s/epoch, best=1.079e+01, sign=0.170, train=1.079e+01, val=1.058e+01]
GNN flow training:  57%|█████▋    | 57/100 [04:16<03:10,  4.42s/epoch, best=1.058e+01, sign=0.172, train=1.058e+01, val=1.043e+01]
GNN flow training:  58%|█████▊    | 58/100 [04:16<03:05,  4.42s/epoch, best=1.058e+01, sign=0.172, train=1.058e+01, val=1.043e+01]
GNN flow training:  58%|█████▊    | 58/100 [04:21<03:05,  4.42s/epoch, best=1.043e+01, sign=0.176, train=1.043e+01, val=1.037e+01]
GNN flow training:  59%|█████▉    | 59/100 [04:21<03:01,  4.42s/epoch, best=1.043e+01, sign=0.176, train=1.043e+01, val=1.037e+01]
GNN flow training:  59%|█████▉    | 59/100 [04:25<03:01,  4.42s/epoch, best=1.037e+01, sign=0.175, train=1.037e+01, val=1.034e+01]
GNN flow training:  60%|██████    | 60/100 [04:25<02:56,  4.41s/epoch, best=1.037e+01, sign=0.175, train=1.037e+01, val=1.034e+01]
GNN flow training:  60%|██████    | 60/100 [04:30<02:56,  4.41s/epoch, best=1.034e+01, sign=0.174, train=1.035e+01, val=1.023e+01]
GNN flow training:  61%|██████    | 61/100 [04:30<02:52,  4.42s/epoch, best=1.034e+01, sign=0.174, train=1.035e+01, val=1.023e+01]
GNN flow training:  61%|██████    | 61/100 [04:34<02:52,  4.42s/epoch, best=1.023e+01, sign=0.172, train=1.023e+01, val=1.011e+01]
GNN flow training:  62%|██████▏   | 62/100 [04:34<02:48,  4.43s/epoch, best=1.023e+01, sign=0.172, train=1.023e+01, val=1.011e+01]
GNN flow training:  62%|██████▏   | 62/100 [04:38<02:48,  4.43s/epoch, best=1.011e+01, sign=0.175, train=1.011e+01, val=1.008e+01]
GNN flow training:  63%|██████▎   | 63/100 [04:38<02:43,  4.43s/epoch, best=1.011e+01, sign=0.175, train=1.011e+01, val=1.008e+01]
GNN flow training:  63%|██████▎   | 63/100 [04:43<02:43,  4.43s/epoch, best=1.008e+01, sign=0.177, train=1.008e+01, val=1.003e+01]
GNN flow training:  64%|██████▍   | 64/100 [04:43<02:39,  4.42s/epoch, best=1.008e+01, sign=0.177, train=1.008e+01, val=1.003e+01]
GNN flow training:  64%|██████▍   | 64/100 [04:47<02:39,  4.42s/epoch, best=1.003e+01, sign=0.178, train=1.003e+01, val=9.991e+00]
GNN flow training:  65%|██████▌   | 65/100 [04:47<02:34,  4.43s/epoch, best=1.003e+01, sign=0.178, train=1.003e+01, val=9.991e+00]
GNN flow training:  65%|██████▌   | 65/100 [04:52<02:34,  4.43s/epoch, best=9.991e+00, sign=0.179, train=9.992e+00, val=9.969e+00]
GNN flow training:  66%|██████▌   | 66/100 [04:52<02:29,  4.40s/epoch, best=9.991e+00, sign=0.179, train=9.992e+00, val=9.969e+00]
GNN flow training:  66%|██████▌   | 66/100 [04:56<02:29,  4.40s/epoch, best=9.969e+00, sign=0.179, train=9.970e+00, val=9.914e+00]
GNN flow training:  67%|██████▋   | 67/100 [04:56<02:26,  4.43s/epoch, best=9.969e+00, sign=0.179, train=9.970e+00, val=9.914e+00]
GNN flow training:  67%|██████▋   | 67/100 [05:01<02:26,  4.43s/epoch, best=9.914e+00, sign=0.178, train=9.915e+00, val=9.961e+00]
GNN flow training:  68%|██████▊   | 68/100 [05:01<02:21,  4.43s/epoch, best=9.914e+00, sign=0.178, train=9.915e+00, val=9.961e+00]
GNN flow training:  68%|██████▊   | 68/100 [05:05<02:21,  4.43s/epoch, best=9.914e+00, sign=0.179, train=9.962e+00, val=1.001e+01]
GNN flow training:  69%|██████▉   | 69/100 [05:05<02:17,  4.43s/epoch, best=9.914e+00, sign=0.179, train=9.962e+00, val=1.001e+01]
GNN flow training:  69%|██████▉   | 69/100 [05:09<02:17,  4.43s/epoch, best=9.914e+00, sign=0.179, train=1.001e+01, val=9.967e+00]
GNN flow training:  70%|███████   | 70/100 [05:09<02:12,  4.42s/epoch, best=9.914e+00, sign=0.179, train=1.001e+01, val=9.967e+00]
GNN flow training:  70%|███████   | 70/100 [05:14<02:12,  4.42s/epoch, best=9.914e+00, sign=0.181, train=9.968e+00, val=1.017e+01]
GNN flow training:  71%|███████   | 71/100 [05:14<02:07,  4.41s/epoch, best=9.914e+00, sign=0.181, train=9.968e+00, val=1.017e+01]
GNN flow training:  71%|███████   | 71/100 [05:18<02:07,  4.41s/epoch, best=9.914e+00, sign=0.183, train=1.017e+01, val=1.018e+01]
GNN flow training:  72%|███████▏  | 72/100 [05:18<02:03,  4.41s/epoch, best=9.914e+00, sign=0.183, train=1.017e+01, val=1.018e+01]
GNN flow training:  72%|███████▏  | 72/100 [05:23<02:03,  4.41s/epoch, best=9.914e+00, sign=0.185, train=1.018e+01, val=1.020e+01]
GNN flow training:  73%|███████▎  | 73/100 [05:23<01:58,  4.41s/epoch, best=9.914e+00, sign=0.185, train=1.018e+01, val=1.020e+01]
GNN flow training:  73%|███████▎  | 73/100 [05:27<01:58,  4.41s/epoch, best=9.914e+00, sign=0.183, train=1.020e+01, val=1.004e+01]
GNN flow training:  74%|███████▍  | 74/100 [05:27<01:54,  4.41s/epoch, best=9.914e+00, sign=0.183, train=1.020e+01, val=1.004e+01]
GNN flow training:  74%|███████▍  | 74/100 [05:31<01:54,  4.41s/epoch, best=9.914e+00, sign=0.180, train=1.004e+01, val=9.829e+00]
GNN flow training:  75%|███████▌  | 75/100 [05:31<01:50,  4.41s/epoch, best=9.914e+00, sign=0.180, train=1.004e+01, val=9.829e+00]
GNN flow training:  75%|███████▌  | 75/100 [05:36<01:50,  4.41s/epoch, best=9.829e+00, sign=0.178, train=9.830e+00, val=9.705e+00]
GNN flow training:  76%|███████▌  | 76/100 [05:36<01:45,  4.41s/epoch, best=9.829e+00, sign=0.178, train=9.830e+00, val=9.705e+00]
GNN flow training:  76%|███████▌  | 76/100 [05:40<01:45,  4.41s/epoch, best=9.705e+00, sign=0.181, train=9.706e+00, val=9.931e+00]
GNN flow training:  77%|███████▋  | 77/100 [05:40<01:41,  4.42s/epoch, best=9.705e+00, sign=0.181, train=9.706e+00, val=9.931e+00]
GNN flow training:  77%|███████▋  | 77/100 [05:45<01:41,  4.42s/epoch, best=9.705e+00, sign=0.183, train=9.933e+00, val=9.960e+00]
GNN flow training:  78%|███████▊  | 78/100 [05:45<01:37,  4.44s/epoch, best=9.705e+00, sign=0.183, train=9.933e+00, val=9.960e+00]
GNN flow training:  78%|███████▊  | 78/100 [05:49<01:37,  4.44s/epoch, best=9.705e+00, sign=0.180, train=9.962e+00, val=9.577e+00]
GNN flow training:  79%|███████▉  | 79/100 [05:49<01:32,  4.42s/epoch, best=9.705e+00, sign=0.180, train=9.962e+00, val=9.577e+00]
GNN flow training:  79%|███████▉  | 79/100 [05:54<01:32,  4.42s/epoch, best=9.577e+00, sign=0.178, train=9.578e+00, val=9.333e+00]
GNN flow training:  80%|████████  | 80/100 [05:54<01:28,  4.42s/epoch, best=9.577e+00, sign=0.178, train=9.578e+00, val=9.333e+00]
GNN flow training:  80%|████████  | 80/100 [05:58<01:28,  4.42s/epoch, best=9.333e+00, sign=0.175, train=9.334e+00, val=9.297e+00]
GNN flow training:  81%|████████  | 81/100 [05:58<01:23,  4.42s/epoch, best=9.333e+00, sign=0.175, train=9.334e+00, val=9.297e+00]
GNN flow training:  81%|████████  | 81/100 [06:02<01:23,  4.42s/epoch, best=9.297e+00, sign=0.173, train=9.298e+00, val=9.339e+00]
GNN flow training:  82%|████████▏ | 82/100 [06:02<01:19,  4.41s/epoch, best=9.297e+00, sign=0.173, train=9.298e+00, val=9.339e+00]
GNN flow training:  82%|████████▏ | 82/100 [06:07<01:19,  4.41s/epoch, best=9.297e+00, sign=0.172, train=9.340e+00, val=9.264e+00]
GNN flow training:  83%|████████▎ | 83/100 [06:07<01:14,  4.41s/epoch, best=9.297e+00, sign=0.172, train=9.340e+00, val=9.264e+00]
GNN flow training:  83%|████████▎ | 83/100 [06:11<01:14,  4.41s/epoch, best=9.264e+00, sign=0.171, train=9.265e+00, val=9.173e+00]
GNN flow training:  84%|████████▍ | 84/100 [06:11<01:10,  4.40s/epoch, best=9.264e+00, sign=0.171, train=9.265e+00, val=9.173e+00]
GNN flow training:  84%|████████▍ | 84/100 [06:15<01:10,  4.40s/epoch, best=9.173e+00, sign=0.171, train=9.174e+00, val=9.054e+00]
GNN flow training:  85%|████████▌ | 85/100 [06:15<01:05,  4.39s/epoch, best=9.173e+00, sign=0.171, train=9.174e+00, val=9.054e+00]
GNN flow training:  85%|████████▌ | 85/100 [06:20<01:05,  4.39s/epoch, best=9.054e+00, sign=0.170, train=9.055e+00, val=8.906e+00]
GNN flow training:  86%|████████▌ | 86/100 [06:20<01:01,  4.39s/epoch, best=9.054e+00, sign=0.170, train=9.055e+00, val=8.906e+00]
GNN flow training:  86%|████████▌ | 86/100 [06:24<01:01,  4.39s/epoch, best=8.906e+00, sign=0.172, train=8.907e+00, val=8.905e+00]
GNN flow training:  87%|████████▋ | 87/100 [06:24<00:57,  4.39s/epoch, best=8.906e+00, sign=0.172, train=8.907e+00, val=8.905e+00]
GNN flow training:  87%|████████▋ | 87/100 [06:29<00:57,  4.39s/epoch, best=8.905e+00, sign=0.171, train=8.906e+00, val=8.856e+00]
GNN flow training:  88%|████████▊ | 88/100 [06:29<00:52,  4.41s/epoch, best=8.905e+00, sign=0.171, train=8.906e+00, val=8.856e+00]
GNN flow training:  88%|████████▊ | 88/100 [06:33<00:52,  4.41s/epoch, best=8.856e+00, sign=0.171, train=8.856e+00, val=8.835e+00]
GNN flow training:  89%|████████▉ | 89/100 [06:33<00:48,  4.41s/epoch, best=8.856e+00, sign=0.171, train=8.856e+00, val=8.835e+00]
GNN flow training:  89%|████████▉ | 89/100 [06:38<00:48,  4.41s/epoch, best=8.835e+00, sign=0.168, train=8.836e+00, val=8.838e+00]
GNN flow training:  90%|█████████ | 90/100 [06:38<00:44,  4.41s/epoch, best=8.835e+00, sign=0.168, train=8.836e+00, val=8.838e+00]
GNN flow training:  90%|█████████ | 90/100 [06:42<00:44,  4.41s/epoch, best=8.835e+00, sign=0.165, train=8.839e+00, val=8.879e+00]
GNN flow training:  91%|█████████ | 91/100 [06:42<00:39,  4.41s/epoch, best=8.835e+00, sign=0.165, train=8.839e+00, val=8.879e+00]
GNN flow training:  91%|█████████ | 91/100 [06:46<00:39,  4.41s/epoch, best=8.835e+00, sign=0.163, train=8.880e+00, val=8.904e+00]
GNN flow training:  92%|█████████▏| 92/100 [06:46<00:35,  4.40s/epoch, best=8.835e+00, sign=0.163, train=8.880e+00, val=8.904e+00]
GNN flow training:  92%|█████████▏| 92/100 [06:51<00:35,  4.40s/epoch, best=8.835e+00, sign=0.161, train=8.905e+00, val=8.945e+00]
GNN flow training:  93%|█████████▎| 93/100 [06:51<00:30,  4.40s/epoch, best=8.835e+00, sign=0.161, train=8.905e+00, val=8.945e+00]
GNN flow training:  93%|█████████▎| 93/100 [06:55<00:30,  4.40s/epoch, best=8.835e+00, sign=0.163, train=8.945e+00, val=8.921e+00]
GNN flow training:  94%|█████████▍| 94/100 [06:55<00:26,  4.40s/epoch, best=8.835e+00, sign=0.163, train=8.945e+00, val=8.921e+00]
GNN flow training:  94%|█████████▍| 94/100 [06:59<00:26,  4.40s/epoch, best=8.835e+00, sign=0.164, train=8.922e+00, val=8.879e+00]
GNN flow training:  95%|█████████▌| 95/100 [06:59<00:22,  4.40s/epoch, best=8.835e+00, sign=0.164, train=8.922e+00, val=8.879e+00]
GNN flow training:  95%|█████████▌| 95/100 [07:04<00:22,  4.40s/epoch, best=8.835e+00, sign=0.167, train=8.880e+00, val=8.840e+00]
GNN flow training:  96%|█████████▌| 96/100 [07:04<00:17,  4.39s/epoch, best=8.835e+00, sign=0.167, train=8.880e+00, val=8.840e+00]
GNN flow training:  96%|█████████▌| 96/100 [07:08<00:17,  4.39s/epoch, best=8.835e+00, sign=0.170, train=8.841e+00, val=8.781e+00]
GNN flow training:  97%|█████████▋| 97/100 [07:08<00:13,  4.39s/epoch, best=8.835e+00, sign=0.170, train=8.841e+00, val=8.781e+00]
GNN flow training:  97%|█████████▋| 97/100 [07:13<00:13,  4.39s/epoch, best=8.781e+00, sign=0.173, train=8.781e+00, val=8.719e+00]
GNN flow training:  98%|█████████▊| 98/100 [07:13<00:08,  4.39s/epoch, best=8.781e+00, sign=0.173, train=8.781e+00, val=8.719e+00]
GNN flow training:  98%|█████████▊| 98/100 [07:17<00:08,  4.39s/epoch, best=8.719e+00, sign=0.174, train=8.720e+00, val=8.613e+00]
GNN flow training:  99%|█████████▉| 99/100 [07:17<00:04,  4.39s/epoch, best=8.719e+00, sign=0.174, train=8.720e+00, val=8.613e+00]
GNN flow training:  99%|█████████▉| 99/100 [07:21<00:04,  4.39s/epoch, best=8.613e+00, sign=0.175, train=8.614e+00, val=8.507e+00]
GNN flow training: 100%|██████████| 100/100 [07:21<00:00,  4.39s/epoch, best=8.613e+00, sign=0.175, train=8.614e+00, val=8.507e+00]
GNN flow training: 100%|██████████| 100/100 [07:21<00:00,  4.42s/epoch, best=8.613e+00, sign=0.175, train=8.614e+00, val=8.507e+00]

GNN flow training:   0%|          | 0/100 [00:00<?, ?epoch/s]
GNN flow training:   0%|          | 0/100 [00:04<?, ?epoch/s, best=1.284e+02, sign=0.188, train=1.285e+02, val=1.284e+02]
GNN flow training:   1%|          | 1/100 [00:04<07:32,  4.57s/epoch, best=1.284e+02, sign=0.188, train=1.285e+02, val=1.284e+02]
GNN flow training:   1%|          | 1/100 [00:09<07:32,  4.57s/epoch, best=1.284e+02, sign=0.187, train=1.286e+02, val=1.286e+02]
GNN flow training:   2%|▏         | 2/100 [00:09<07:21,  4.51s/epoch, best=1.284e+02, sign=0.187, train=1.286e+02, val=1.286e+02]
GNN flow training:   2%|▏         | 2/100 [00:13<07:21,  4.51s/epoch, best=1.284e+02, sign=0.187, train=1.288e+02, val=1.286e+02]
GNN flow training:   3%|▎         | 3/100 [00:13<07:13,  4.47s/epoch, best=1.284e+02, sign=0.187, train=1.288e+02, val=1.286e+02]
GNN flow training:   3%|▎         | 3/100 [00:17<07:13,  4.47s/epoch, best=1.284e+02, sign=0.187, train=1.287e+02, val=1.288e+02]
GNN flow training:   4%|▍         | 4/100 [00:17<07:07,  4.45s/epoch, best=1.284e+02, sign=0.187, train=1.287e+02, val=1.288e+02]
GNN flow training:   4%|▍         | 4/100 [00:22<07:07,  4.45s/epoch, best=1.284e+02, sign=0.188, train=1.289e+02, val=1.285e+02]
GNN flow training:   5%|▌         | 5/100 [00:22<07:01,  4.44s/epoch, best=1.284e+02, sign=0.188, train=1.289e+02, val=1.285e+02]
GNN flow training:   5%|▌         | 5/100 [00:26<07:01,  4.44s/epoch, best=1.284e+02, sign=0.188, train=1.286e+02, val=1.281e+02]
GNN flow training:   6%|▌         | 6/100 [00:26<06:56,  4.43s/epoch, best=1.284e+02, sign=0.188, train=1.286e+02, val=1.281e+02]
GNN flow training:   6%|▌         | 6/100 [00:31<06:56,  4.43s/epoch, best=1.281e+02, sign=0.188, train=1.282e+02, val=1.280e+02]
GNN flow training:   7%|▋         | 7/100 [00:31<06:53,  4.45s/epoch, best=1.281e+02, sign=0.188, train=1.282e+02, val=1.280e+02]
GNN flow training:   7%|▋         | 7/100 [00:35<06:53,  4.45s/epoch, best=1.280e+02, sign=0.188, train=1.281e+02, val=1.281e+02]
GNN flow training:   8%|▊         | 8/100 [00:35<06:48,  4.44s/epoch, best=1.280e+02, sign=0.188, train=1.281e+02, val=1.281e+02]
GNN flow training:   8%|▊         | 8/100 [00:39<06:48,  4.44s/epoch, best=1.280e+02, sign=0.188, train=1.282e+02, val=1.281e+02]
GNN flow training:   9%|▉         | 9/100 [00:39<06:42,  4.42s/epoch, best=1.280e+02, sign=0.188, train=1.282e+02, val=1.281e+02]
GNN flow training:   9%|▉         | 9/100 [00:44<06:42,  4.42s/epoch, best=1.280e+02, sign=0.188, train=1.283e+02, val=1.280e+02]
GNN flow training:  10%|█         | 10/100 [00:44<06:38,  4.42s/epoch, best=1.280e+02, sign=0.188, train=1.283e+02, val=1.280e+02]
GNN flow training:  10%|█         | 10/100 [00:48<06:38,  4.42s/epoch, best=1.280e+02, sign=0.188, train=1.282e+02, val=1.277e+02]
GNN flow training:  11%|█         | 11/100 [00:48<06:34,  4.43s/epoch, best=1.280e+02, sign=0.188, train=1.282e+02, val=1.277e+02]
GNN flow training:  11%|█         | 11/100 [00:53<06:34,  4.43s/epoch, best=1.277e+02, sign=0.188, train=1.278e+02, val=1.278e+02]
GNN flow training:  12%|█▏        | 12/100 [00:53<06:30,  4.43s/epoch, best=1.277e+02, sign=0.188, train=1.278e+02, val=1.278e+02]
GNN flow training:  12%|█▏        | 12/100 [00:57<06:30,  4.43s/epoch, best=1.277e+02, sign=0.187, train=1.279e+02, val=1.278e+02]
GNN flow training:  13%|█▎        | 13/100 [00:57<06:24,  4.42s/epoch, best=1.277e+02, sign=0.187, train=1.279e+02, val=1.278e+02]
GNN flow training:  13%|█▎        | 13/100 [01:02<06:24,  4.42s/epoch, best=1.277e+02, sign=0.187, train=1.280e+02, val=1.277e+02]
GNN flow training:  14%|█▍        | 14/100 [01:02<06:20,  4.43s/epoch, best=1.277e+02, sign=0.187, train=1.280e+02, val=1.277e+02]
GNN flow training:  14%|█▍        | 14/100 [01:06<06:20,  4.43s/epoch, best=1.277e+02, sign=0.187, train=1.278e+02, val=1.276e+02]
GNN flow training:  15%|█▌        | 15/100 [01:06<06:15,  4.42s/epoch, best=1.277e+02, sign=0.187, train=1.278e+02, val=1.276e+02]
GNN flow training:  15%|█▌        | 15/100 [01:11<06:15,  4.42s/epoch, best=1.276e+02, sign=0.188, train=1.277e+02, val=1.274e+02]
GNN flow training:  16%|█▌        | 16/100 [01:11<06:12,  4.43s/epoch, best=1.276e+02, sign=0.188, train=1.277e+02, val=1.274e+02]
GNN flow training:  16%|█▌        | 16/100 [01:15<06:12,  4.43s/epoch, best=1.274e+02, sign=0.188, train=1.275e+02, val=1.273e+02]
GNN flow training:  17%|█▋        | 17/100 [01:15<06:08,  4.44s/epoch, best=1.274e+02, sign=0.188, train=1.275e+02, val=1.273e+02]
GNN flow training:  17%|█▋        | 17/100 [01:19<06:08,  4.44s/epoch, best=1.273e+02, sign=0.187, train=1.274e+02, val=1.274e+02]
GNN flow training:  18%|█▊        | 18/100 [01:19<06:03,  4.43s/epoch, best=1.273e+02, sign=0.187, train=1.274e+02, val=1.274e+02]
GNN flow training:  18%|█▊        | 18/100 [01:24<06:03,  4.43s/epoch, best=1.273e+02, sign=0.186, train=1.275e+02, val=1.273e+02]
GNN flow training:  19%|█▉        | 19/100 [01:24<05:59,  4.44s/epoch, best=1.273e+02, sign=0.186, train=1.275e+02, val=1.273e+02]
GNN flow training:  19%|█▉        | 19/100 [01:28<05:59,  4.44s/epoch, best=1.273e+02, sign=0.186, train=1.274e+02, val=1.272e+02]
GNN flow training:  20%|██        | 20/100 [01:28<05:55,  4.44s/epoch, best=1.273e+02, sign=0.186, train=1.274e+02, val=1.272e+02]
GNN flow training:  20%|██        | 20/100 [01:33<05:55,  4.44s/epoch, best=1.272e+02, sign=0.186, train=1.273e+02, val=1.269e+02]
GNN flow training:  21%|██        | 21/100 [01:33<05:50,  4.44s/epoch, best=1.272e+02, sign=0.186, train=1.273e+02, val=1.269e+02]
GNN flow training:  21%|██        | 21/100 [01:37<05:50,  4.44s/epoch, best=1.269e+02, sign=0.186, train=1.270e+02, val=1.269e+02]
GNN flow training:  22%|██▏       | 22/100 [01:37<05:45,  4.43s/epoch, best=1.269e+02, sign=0.186, train=1.270e+02, val=1.269e+02]
GNN flow training:  22%|██▏       | 22/100 [01:42<05:45,  4.43s/epoch, best=1.269e+02, sign=0.186, train=1.270e+02, val=1.267e+02]
GNN flow training:  23%|██▎       | 23/100 [01:42<05:41,  4.43s/epoch, best=1.269e+02, sign=0.186, train=1.270e+02, val=1.267e+02]
GNN flow training:  23%|██▎       | 23/100 [01:46<05:41,  4.43s/epoch, best=1.267e+02, sign=0.186, train=1.268e+02, val=1.266e+02]
GNN flow training:  24%|██▍       | 24/100 [01:46<05:37,  4.44s/epoch, best=1.267e+02, sign=0.186, train=1.268e+02, val=1.266e+02]
GNN flow training:  24%|██▍       | 24/100 [01:50<05:37,  4.44s/epoch, best=1.266e+02, sign=0.185, train=1.267e+02, val=1.263e+02]
GNN flow training:  25%|██▌       | 25/100 [01:50<05:33,  4.44s/epoch, best=1.266e+02, sign=0.185, train=1.267e+02, val=1.263e+02]
GNN flow training:  25%|██▌       | 25/100 [01:55<05:33,  4.44s/epoch, best=1.263e+02, sign=0.185, train=1.264e+02, val=1.260e+02]
GNN flow training:  26%|██▌       | 26/100 [01:55<05:28,  4.44s/epoch, best=1.263e+02, sign=0.185, train=1.264e+02, val=1.260e+02]
GNN flow training:  26%|██▌       | 26/100 [01:59<05:28,  4.44s/epoch, best=1.260e+02, sign=0.185, train=1.262e+02, val=1.260e+02]
GNN flow training:  27%|██▋       | 27/100 [01:59<05:25,  4.45s/epoch, best=1.260e+02, sign=0.185, train=1.262e+02, val=1.260e+02]
GNN flow training:  27%|██▋       | 27/100 [02:04<05:25,  4.45s/epoch, best=1.260e+02, sign=0.184, train=1.261e+02, val=1.258e+02]
GNN flow training:  28%|██▊       | 28/100 [02:04<05:20,  4.45s/epoch, best=1.260e+02, sign=0.184, train=1.261e+02, val=1.258e+02]
GNN flow training:  28%|██▊       | 28/100 [02:08<05:20,  4.45s/epoch, best=1.258e+02, sign=0.183, train=1.259e+02, val=1.257e+02]
GNN flow training:  29%|██▉       | 29/100 [02:08<05:15,  4.44s/epoch, best=1.258e+02, sign=0.183, train=1.259e+02, val=1.257e+02]
GNN flow training:  29%|██▉       | 29/100 [02:13<05:15,  4.44s/epoch, best=1.257e+02, sign=0.184, train=1.258e+02, val=1.257e+02]
GNN flow training:  30%|███       | 30/100 [02:13<05:10,  4.44s/epoch, best=1.257e+02, sign=0.184, train=1.258e+02, val=1.257e+02]
GNN flow training:  30%|███       | 30/100 [02:17<05:10,  4.44s/epoch, best=1.257e+02, sign=0.183, train=1.258e+02, val=1.254e+02]
GNN flow training:  31%|███       | 31/100 [02:17<05:06,  4.44s/epoch, best=1.257e+02, sign=0.183, train=1.258e+02, val=1.254e+02]
GNN flow training:  31%|███       | 31/100 [02:22<05:06,  4.44s/epoch, best=1.254e+02, sign=0.182, train=1.255e+02, val=1.253e+02]
GNN flow training:  32%|███▏      | 32/100 [02:22<05:01,  4.44s/epoch, best=1.254e+02, sign=0.182, train=1.255e+02, val=1.253e+02]
GNN flow training:  32%|███▏      | 32/100 [02:26<05:01,  4.44s/epoch, best=1.253e+02, sign=0.182, train=1.254e+02, val=1.251e+02]
GNN flow training:  33%|███▎      | 33/100 [02:26<04:57,  4.45s/epoch, best=1.253e+02, sign=0.182, train=1.254e+02, val=1.251e+02]
GNN flow training:  33%|███▎      | 33/100 [02:30<04:57,  4.45s/epoch, best=1.251e+02, sign=0.183, train=1.252e+02, val=1.247e+02]
GNN flow training:  34%|███▍      | 34/100 [02:30<04:52,  4.44s/epoch, best=1.251e+02, sign=0.183, train=1.252e+02, val=1.247e+02]
GNN flow training:  34%|███▍      | 34/100 [02:35<04:52,  4.44s/epoch, best=1.247e+02, sign=0.182, train=1.248e+02, val=1.240e+02]
GNN flow training:  35%|███▌      | 35/100 [02:35<04:48,  4.44s/epoch, best=1.247e+02, sign=0.182, train=1.248e+02, val=1.240e+02]
GNN flow training:  35%|███▌      | 35/100 [02:39<04:48,  4.44s/epoch, best=1.240e+02, sign=0.182, train=1.241e+02, val=1.230e+02]
GNN flow training:  36%|███▌      | 36/100 [02:39<04:43,  4.44s/epoch, best=1.240e+02, sign=0.182, train=1.241e+02, val=1.230e+02]
GNN flow training:  36%|███▌      | 36/100 [02:44<04:43,  4.44s/epoch, best=1.230e+02, sign=0.181, train=1.232e+02, val=1.224e+02]
GNN flow training:  37%|███▋      | 37/100 [02:44<04:39,  4.44s/epoch, best=1.230e+02, sign=0.181, train=1.232e+02, val=1.224e+02]
GNN flow training:  37%|███▋      | 37/100 [02:48<04:39,  4.44s/epoch, best=1.224e+02, sign=0.179, train=1.225e+02, val=1.217e+02]
GNN flow training:  38%|███▊      | 38/100 [02:48<04:35,  4.44s/epoch, best=1.224e+02, sign=0.179, train=1.225e+02, val=1.217e+02]
GNN flow training:  38%|███▊      | 38/100 [02:53<04:35,  4.44s/epoch, best=1.217e+02, sign=0.179, train=1.218e+02, val=1.209e+02]
GNN flow training:  39%|███▉      | 39/100 [02:53<04:31,  4.45s/epoch, best=1.217e+02, sign=0.179, train=1.218e+02, val=1.209e+02]
GNN flow training:  39%|███▉      | 39/100 [02:57<04:31,  4.45s/epoch, best=1.209e+02, sign=0.178, train=1.210e+02, val=1.202e+02]
GNN flow training:  40%|████      | 40/100 [02:57<04:26,  4.45s/epoch, best=1.209e+02, sign=0.178, train=1.210e+02, val=1.202e+02]
GNN flow training:  40%|████      | 40/100 [03:02<04:26,  4.45s/epoch, best=1.202e+02, sign=0.177, train=1.203e+02, val=1.198e+02]
GNN flow training:  41%|████      | 41/100 [03:02<04:23,  4.47s/epoch, best=1.202e+02, sign=0.177, train=1.203e+02, val=1.198e+02]
GNN flow training:  41%|████      | 41/100 [03:06<04:23,  4.47s/epoch, best=1.198e+02, sign=0.178, train=1.199e+02, val=1.187e+02]
GNN flow training:  42%|████▏     | 42/100 [03:06<04:17,  4.45s/epoch, best=1.198e+02, sign=0.178, train=1.199e+02, val=1.187e+02]
GNN flow training:  42%|████▏     | 42/100 [03:10<04:17,  4.45s/epoch, best=1.187e+02, sign=0.177, train=1.189e+02, val=1.181e+02]
GNN flow training:  43%|████▎     | 43/100 [03:10<04:13,  4.44s/epoch, best=1.187e+02, sign=0.177, train=1.189e+02, val=1.181e+02]
GNN flow training:  43%|████▎     | 43/100 [03:15<04:13,  4.44s/epoch, best=1.181e+02, sign=0.176, train=1.182e+02, val=1.173e+02]
GNN flow training:  44%|████▍     | 44/100 [03:15<04:08,  4.44s/epoch, best=1.181e+02, sign=0.176, train=1.182e+02, val=1.173e+02]
GNN flow training:  44%|████▍     | 44/100 [03:19<04:08,  4.44s/epoch, best=1.173e+02, sign=0.176, train=1.174e+02, val=1.164e+02]
GNN flow training:  45%|████▌     | 45/100 [03:19<04:03,  4.43s/epoch, best=1.173e+02, sign=0.176, train=1.174e+02, val=1.164e+02]
GNN flow training:  45%|████▌     | 45/100 [03:24<04:03,  4.43s/epoch, best=1.164e+02, sign=0.177, train=1.165e+02, val=1.158e+02]
GNN flow training:  46%|████▌     | 46/100 [03:24<03:58,  4.42s/epoch, best=1.164e+02, sign=0.177, train=1.165e+02, val=1.158e+02]
GNN flow training:  46%|████▌     | 46/100 [03:28<03:58,  4.42s/epoch, best=1.158e+02, sign=0.176, train=1.159e+02, val=1.155e+02]
GNN flow training:  47%|████▋     | 47/100 [03:28<03:54,  4.42s/epoch, best=1.158e+02, sign=0.176, train=1.159e+02, val=1.155e+02]
GNN flow training:  47%|████▋     | 47/100 [03:33<03:54,  4.42s/epoch, best=1.155e+02, sign=0.175, train=1.156e+02, val=1.150e+02]
GNN flow training:  48%|████▊     | 48/100 [03:33<03:50,  4.43s/epoch, best=1.155e+02, sign=0.175, train=1.156e+02, val=1.150e+02]
GNN flow training:  48%|████▊     | 48/100 [03:37<03:50,  4.43s/epoch, best=1.150e+02, sign=0.172, train=1.151e+02, val=1.142e+02]
GNN flow training:  49%|████▉     | 49/100 [03:37<03:46,  4.45s/epoch, best=1.150e+02, sign=0.172, train=1.151e+02, val=1.142e+02]
GNN flow training:  49%|████▉     | 49/100 [03:41<03:46,  4.45s/epoch, best=1.142e+02, sign=0.172, train=1.143e+02, val=1.139e+02]
GNN flow training:  50%|█████     | 50/100 [03:41<03:41,  4.44s/epoch, best=1.142e+02, sign=0.172, train=1.143e+02, val=1.139e+02]
GNN flow training:  50%|█████     | 50/100 [03:46<03:41,  4.44s/epoch, best=1.139e+02, sign=0.171, train=1.140e+02, val=1.134e+02]
GNN flow training:  51%|█████     | 51/100 [03:46<03:37,  4.43s/epoch, best=1.139e+02, sign=0.171, train=1.140e+02, val=1.134e+02]
GNN flow training:  51%|█████     | 51/100 [03:50<03:37,  4.43s/epoch, best=1.134e+02, sign=0.171, train=1.135e+02, val=1.128e+02]
GNN flow training:  52%|█████▏    | 52/100 [03:50<03:32,  4.44s/epoch, best=1.134e+02, sign=0.171, train=1.135e+02, val=1.128e+02]
GNN flow training:  52%|█████▏    | 52/100 [03:55<03:32,  4.44s/epoch, best=1.128e+02, sign=0.170, train=1.129e+02, val=1.126e+02]
GNN flow training:  53%|█████▎    | 53/100 [03:55<03:28,  4.43s/epoch, best=1.128e+02, sign=0.170, train=1.129e+02, val=1.126e+02]
GNN flow training:  53%|█████▎    | 53/100 [03:59<03:28,  4.43s/epoch, best=1.126e+02, sign=0.169, train=1.127e+02, val=1.123e+02]
GNN flow training:  54%|█████▍    | 54/100 [03:59<03:23,  4.43s/epoch, best=1.126e+02, sign=0.169, train=1.127e+02, val=1.123e+02]
GNN flow training:  54%|█████▍    | 54/100 [04:04<03:23,  4.43s/epoch, best=1.123e+02, sign=0.169, train=1.124e+02, val=1.115e+02]
GNN flow training:  55%|█████▌    | 55/100 [04:04<03:19,  4.43s/epoch, best=1.123e+02, sign=0.169, train=1.124e+02, val=1.115e+02]
GNN flow training:  55%|█████▌    | 55/100 [04:08<03:19,  4.43s/epoch, best=1.115e+02, sign=0.170, train=1.116e+02, val=1.112e+02]
GNN flow training:  56%|█████▌    | 56/100 [04:08<03:14,  4.43s/epoch, best=1.115e+02, sign=0.170, train=1.116e+02, val=1.112e+02]
GNN flow training:  56%|█████▌    | 56/100 [04:12<03:14,  4.43s/epoch, best=1.112e+02, sign=0.169, train=1.113e+02, val=1.113e+02]
GNN flow training:  57%|█████▋    | 57/100 [04:12<03:09,  4.41s/epoch, best=1.112e+02, sign=0.169, train=1.113e+02, val=1.113e+02]
GNN flow training:  57%|█████▋    | 57/100 [04:17<03:09,  4.41s/epoch, best=1.112e+02, sign=0.168, train=1.114e+02, val=1.108e+02]
GNN flow training:  58%|█████▊    | 58/100 [04:17<03:05,  4.41s/epoch, best=1.112e+02, sign=0.168, train=1.114e+02, val=1.108e+02]
GNN flow training:  58%|█████▊    | 58/100 [04:21<03:05,  4.41s/epoch, best=1.108e+02, sign=0.170, train=1.109e+02, val=1.103e+02]
GNN flow training:  59%|█████▉    | 59/100 [04:21<03:01,  4.42s/epoch, best=1.108e+02, sign=0.170, train=1.109e+02, val=1.103e+02]
GNN flow training:  59%|█████▉    | 59/100 [04:26<03:01,  4.42s/epoch, best=1.103e+02, sign=0.171, train=1.104e+02, val=1.098e+02]
GNN flow training:  60%|██████    | 60/100 [04:26<02:56,  4.42s/epoch, best=1.103e+02, sign=0.171, train=1.104e+02, val=1.098e+02]
GNN flow training:  60%|██████    | 60/100 [04:30<02:56,  4.42s/epoch, best=1.098e+02, sign=0.173, train=1.099e+02, val=1.096e+02]
GNN flow training:  61%|██████    | 61/100 [04:30<02:52,  4.42s/epoch, best=1.098e+02, sign=0.173, train=1.099e+02, val=1.096e+02]
GNN flow training:  61%|██████    | 61/100 [04:35<02:52,  4.42s/epoch, best=1.096e+02, sign=0.173, train=1.097e+02, val=1.097e+02]
GNN flow training:  62%|██████▏   | 62/100 [04:35<02:48,  4.42s/epoch, best=1.096e+02, sign=0.173, train=1.097e+02, val=1.097e+02]
GNN flow training:  62%|██████▏   | 62/100 [04:39<02:48,  4.42s/epoch, best=1.096e+02, sign=0.174, train=1.098e+02, val=1.102e+02]
GNN flow training:  63%|██████▎   | 63/100 [04:39<02:43,  4.42s/epoch, best=1.096e+02, sign=0.174, train=1.098e+02, val=1.102e+02]
GNN flow training:  63%|██████▎   | 63/100 [04:43<02:43,  4.42s/epoch, best=1.096e+02, sign=0.173, train=1.103e+02, val=1.097e+02]
GNN flow training:  64%|██████▍   | 64/100 [04:43<02:38,  4.41s/epoch, best=1.096e+02, sign=0.173, train=1.103e+02, val=1.097e+02]
GNN flow training:  64%|██████▍   | 64/100 [04:48<02:38,  4.41s/epoch, best=1.096e+02, sign=0.171, train=1.098e+02, val=1.091e+02]
GNN flow training:  65%|██████▌   | 65/100 [04:48<02:34,  4.43s/epoch, best=1.096e+02, sign=0.171, train=1.098e+02, val=1.091e+02]
GNN flow training:  65%|██████▌   | 65/100 [04:52<02:34,  4.43s/epoch, best=1.091e+02, sign=0.170, train=1.092e+02, val=1.079e+02]
GNN flow training:  66%|██████▌   | 66/100 [04:52<02:30,  4.42s/epoch, best=1.091e+02, sign=0.170, train=1.092e+02, val=1.079e+02]
GNN flow training:  66%|██████▌   | 66/100 [04:57<02:30,  4.42s/epoch, best=1.079e+02, sign=0.167, train=1.080e+02, val=1.070e+02]
GNN flow training:  67%|██████▋   | 67/100 [04:57<02:25,  4.42s/epoch, best=1.079e+02, sign=0.167, train=1.080e+02, val=1.070e+02]
GNN flow training:  67%|██████▋   | 67/100 [05:01<02:25,  4.42s/epoch, best=1.070e+02, sign=0.164, train=1.071e+02, val=1.066e+02]
GNN flow training:  68%|██████▊   | 68/100 [05:01<02:21,  4.41s/epoch, best=1.070e+02, sign=0.164, train=1.071e+02, val=1.066e+02]
GNN flow training:  68%|██████▊   | 68/100 [05:05<02:21,  4.41s/epoch, best=1.066e+02, sign=0.163, train=1.067e+02, val=1.066e+02]
GNN flow training:  69%|██████▉   | 69/100 [05:05<02:16,  4.41s/epoch, best=1.066e+02, sign=0.163, train=1.067e+02, val=1.066e+02]
GNN flow training:  69%|██████▉   | 69/100 [05:10<02:16,  4.41s/epoch, best=1.066e+02, sign=0.160, train=1.067e+02, val=1.068e+02]
GNN flow training:  70%|███████   | 70/100 [05:10<02:12,  4.41s/epoch, best=1.066e+02, sign=0.160, train=1.067e+02, val=1.068e+02]
GNN flow training:  70%|███████   | 70/100 [05:14<02:12,  4.41s/epoch, best=1.066e+02, sign=0.160, train=1.069e+02, val=1.066e+02]
GNN flow training:  71%|███████   | 71/100 [05:14<02:08,  4.41s/epoch, best=1.066e+02, sign=0.160, train=1.069e+02, val=1.066e+02]
GNN flow training:  71%|███████   | 71/100 [05:19<02:08,  4.41s/epoch, best=1.066e+02, sign=0.161, train=1.067e+02, val=1.057e+02]
GNN flow training:  72%|███████▏  | 72/100 [05:19<02:03,  4.40s/epoch, best=1.066e+02, sign=0.161, train=1.067e+02, val=1.057e+02]
GNN flow training:  72%|███████▏  | 72/100 [05:23<02:03,  4.40s/epoch, best=1.057e+02, sign=0.164, train=1.058e+02, val=1.041e+02]
GNN flow training:  73%|███████▎  | 73/100 [05:23<01:58,  4.40s/epoch, best=1.057e+02, sign=0.164, train=1.058e+02, val=1.041e+02]
GNN flow training:  73%|███████▎  | 73/100 [05:27<01:58,  4.40s/epoch, best=1.041e+02, sign=0.166, train=1.042e+02, val=1.027e+02]
GNN flow training:  74%|███████▍  | 74/100 [05:27<01:53,  4.37s/epoch, best=1.041e+02, sign=0.166, train=1.042e+02, val=1.027e+02]
GNN flow training:  74%|███████▍  | 74/100 [05:32<01:53,  4.37s/epoch, best=1.027e+02, sign=0.168, train=1.029e+02, val=1.012e+02]
GNN flow training:  75%|███████▌  | 75/100 [05:32<01:49,  4.37s/epoch, best=1.027e+02, sign=0.168, train=1.029e+02, val=1.012e+02]
GNN flow training:  75%|███████▌  | 75/100 [05:36<01:49,  4.37s/epoch, best=1.012e+02, sign=0.170, train=1.013e+02, val=1.011e+02]
GNN flow training:  76%|███████▌  | 76/100 [05:36<01:44,  4.36s/epoch, best=1.012e+02, sign=0.170, train=1.013e+02, val=1.011e+02]
GNN flow training:  76%|███████▌  | 76/100 [05:40<01:44,  4.36s/epoch, best=1.011e+02, sign=0.170, train=1.012e+02, val=1.011e+02]
GNN flow training:  77%|███████▋  | 77/100 [05:40<01:40,  4.37s/epoch, best=1.011e+02, sign=0.170, train=1.012e+02, val=1.011e+02]
GNN flow training:  77%|███████▋  | 77/100 [05:45<01:40,  4.37s/epoch, best=1.011e+02, sign=0.171, train=1.012e+02, val=1.005e+02]
GNN flow training:  78%|███████▊  | 78/100 [05:45<01:36,  4.37s/epoch, best=1.011e+02, sign=0.171, train=1.012e+02, val=1.005e+02]
GNN flow training:  78%|███████▊  | 78/100 [05:49<01:36,  4.37s/epoch, best=1.005e+02, sign=0.171, train=1.006e+02, val=1.001e+02]
GNN flow training:  79%|███████▉  | 79/100 [05:49<01:31,  4.37s/epoch, best=1.005e+02, sign=0.171, train=1.006e+02, val=1.001e+02]
GNN flow training:  79%|███████▉  | 79/100 [05:54<01:31,  4.37s/epoch, best=1.001e+02, sign=0.170, train=1.002e+02, val=9.954e+01]
GNN flow training:  80%|████████  | 80/100 [05:54<01:27,  4.38s/epoch, best=1.001e+02, sign=0.170, train=1.002e+02, val=9.954e+01]
GNN flow training:  80%|████████  | 80/100 [05:58<01:27,  4.38s/epoch, best=9.954e+01, sign=0.169, train=9.965e+01, val=9.915e+01]
GNN flow training:  81%|████████  | 81/100 [05:58<01:23,  4.39s/epoch, best=9.954e+01, sign=0.169, train=9.965e+01, val=9.915e+01]
GNN flow training:  81%|████████  | 81/100 [06:02<01:23,  4.39s/epoch, best=9.915e+01, sign=0.168, train=9.927e+01, val=9.835e+01]
GNN flow training:  82%|████████▏ | 82/100 [06:02<01:18,  4.38s/epoch, best=9.915e+01, sign=0.168, train=9.927e+01, val=9.835e+01]
GNN flow training:  82%|████████▏ | 82/100 [06:07<01:18,  4.38s/epoch, best=9.835e+01, sign=0.165, train=9.846e+01, val=9.800e+01]
GNN flow training:  83%|████████▎ | 83/100 [06:07<01:14,  4.38s/epoch, best=9.835e+01, sign=0.165, train=9.846e+01, val=9.800e+01]
GNN flow training:  83%|████████▎ | 83/100 [06:11<01:14,  4.38s/epoch, best=9.800e+01, sign=0.162, train=9.811e+01, val=9.812e+01]
GNN flow training:  84%|████████▍ | 84/100 [06:11<01:10,  4.39s/epoch, best=9.800e+01, sign=0.162, train=9.811e+01, val=9.812e+01]
GNN flow training:  84%|████████▍ | 84/100 [06:16<01:10,  4.39s/epoch, best=9.800e+01, sign=0.162, train=9.823e+01, val=9.712e+01]
GNN flow training:  85%|████████▌ | 85/100 [06:16<01:05,  4.39s/epoch, best=9.800e+01, sign=0.162, train=9.823e+01, val=9.712e+01]
GNN flow training:  85%|████████▌ | 85/100 [06:20<01:05,  4.39s/epoch, best=9.712e+01, sign=0.163, train=9.723e+01, val=9.610e+01]
GNN flow training:  86%|████████▌ | 86/100 [06:20<01:01,  4.39s/epoch, best=9.712e+01, sign=0.163, train=9.723e+01, val=9.610e+01]
GNN flow training:  86%|████████▌ | 86/100 [06:24<01:01,  4.39s/epoch, best=9.610e+01, sign=0.165, train=9.621e+01, val=9.501e+01]
GNN flow training:  87%|████████▋ | 87/100 [06:24<00:57,  4.39s/epoch, best=9.610e+01, sign=0.165, train=9.621e+01, val=9.501e+01]
GNN flow training:  87%|████████▋ | 87/100 [06:29<00:57,  4.39s/epoch, best=9.501e+01, sign=0.166, train=9.513e+01, val=9.451e+01]
GNN flow training:  88%|████████▊ | 88/100 [06:29<00:52,  4.39s/epoch, best=9.501e+01, sign=0.166, train=9.513e+01, val=9.451e+01]
GNN flow training:  88%|████████▊ | 88/100 [06:33<00:52,  4.39s/epoch, best=9.451e+01, sign=0.166, train=9.463e+01, val=9.362e+01]
GNN flow training:  89%|████████▉ | 89/100 [06:33<00:48,  4.38s/epoch, best=9.451e+01, sign=0.166, train=9.463e+01, val=9.362e+01]
GNN flow training:  89%|████████▉ | 89/100 [06:37<00:48,  4.38s/epoch, best=9.362e+01, sign=0.166, train=9.373e+01, val=9.339e+01]
GNN flow training:  90%|█████████ | 90/100 [06:37<00:43,  4.39s/epoch, best=9.362e+01, sign=0.166, train=9.373e+01, val=9.339e+01]
GNN flow training:  90%|█████████ | 90/100 [06:42<00:43,  4.39s/epoch, best=9.339e+01, sign=0.167, train=9.350e+01, val=9.316e+01]
GNN flow training:  91%|█████████ | 91/100 [06:42<00:39,  4.40s/epoch, best=9.339e+01, sign=0.167, train=9.350e+01, val=9.316e+01]
GNN flow training:  91%|█████████ | 91/100 [06:46<00:39,  4.40s/epoch, best=9.316e+01, sign=0.166, train=9.327e+01, val=9.363e+01]
GNN flow training:  92%|█████████▏| 92/100 [06:46<00:35,  4.42s/epoch, best=9.316e+01, sign=0.166, train=9.327e+01, val=9.363e+01]
GNN flow training:  92%|█████████▏| 92/100 [06:51<00:35,  4.42s/epoch, best=9.316e+01, sign=0.165, train=9.374e+01, val=9.326e+01]
GNN flow training:  93%|█████████▎| 93/100 [06:51<00:30,  4.42s/epoch, best=9.316e+01, sign=0.165, train=9.374e+01, val=9.326e+01]
GNN flow training:  93%|█████████▎| 93/100 [06:55<00:30,  4.42s/epoch, best=9.316e+01, sign=0.165, train=9.336e+01, val=9.141e+01]
GNN flow training:  94%|█████████▍| 94/100 [06:55<00:26,  4.41s/epoch, best=9.316e+01, sign=0.165, train=9.336e+01, val=9.141e+01]
GNN flow training:  94%|█████████▍| 94/100 [07:00<00:26,  4.41s/epoch, best=9.141e+01, sign=0.166, train=9.151e+01, val=9.203e+01]
GNN flow training:  95%|█████████▌| 95/100 [07:00<00:22,  4.41s/epoch, best=9.141e+01, sign=0.166, train=9.151e+01, val=9.203e+01]
GNN flow training:  95%|█████████▌| 95/100 [07:04<00:22,  4.41s/epoch, best=9.141e+01, sign=0.167, train=9.213e+01, val=9.211e+01]
GNN flow training:  96%|█████████▌| 96/100 [07:04<00:17,  4.40s/epoch, best=9.141e+01, sign=0.167, train=9.213e+01, val=9.211e+01]
GNN flow training:  96%|█████████▌| 96/100 [07:08<00:17,  4.40s/epoch, best=9.141e+01, sign=0.168, train=9.221e+01, val=9.327e+01]
GNN flow training:  97%|█████████▋| 97/100 [07:08<00:13,  4.41s/epoch, best=9.141e+01, sign=0.168, train=9.221e+01, val=9.327e+01]
GNN flow training:  97%|█████████▋| 97/100 [07:13<00:13,  4.41s/epoch, best=9.141e+01, sign=0.169, train=9.337e+01, val=9.277e+01]
GNN flow training:  98%|█████████▊| 98/100 [07:13<00:08,  4.41s/epoch, best=9.141e+01, sign=0.169, train=9.337e+01, val=9.277e+01]
GNN flow training:  98%|█████████▊| 98/100 [07:17<00:08,  4.41s/epoch, best=9.141e+01, sign=0.170, train=9.287e+01, val=9.269e+01]
GNN flow training:  99%|█████████▉| 99/100 [07:17<00:04,  4.41s/epoch, best=9.141e+01, sign=0.170, train=9.287e+01, val=9.269e+01]
GNN flow training:  99%|█████████▉| 99/100 [07:22<00:04,  4.41s/epoch, best=9.141e+01, sign=0.172, train=9.278e+01, val=9.164e+01]
GNN flow training: 100%|██████████| 100/100 [07:22<00:00,  4.42s/epoch, best=9.141e+01, sign=0.172, train=9.278e+01, val=9.164e+01]
GNN flow training: 100%|██████████| 100/100 [07:22<00:00,  4.42s/epoch, best=9.141e+01, sign=0.172, train=9.278e+01, val=9.164e+01]
Resolved config snapshot:
{'preset': 'solver_QKB_outer_QKBdelta', 'gnn_outer_losses': {'flow': 0.1, 'kirchhoff': 1.0, 'boundary': 100.0, 'delta_l2': 1.0, 'delta_smooth': 0.0, 'pressure_shape': 0.0}, 'physics': {'arterial_flow_mode': 'dataset', 'pressure_constraints': ['equal-av-pressure-drop'], 'alpha_pa': None, 'use_snr_weights': True, 'use_observed_flow_snr_weighting': True, 'flow_scale_mode': 'median_abs', 'solver_device': 'same', 'pressure_solver_mode': 'reduced-soft-constrained-lstsq', 'pressure_solver_lambda_kirchhoff': 1.0, 'pressure_solver_lambda_pressure_constraints': 100.0, 'pressure_solver_lambda_flow_residual': 1.0, 'pressure_shape_reference': 'delta_zero_reference', 'pressure_detach': False}, 'correction_bounds': {'correction_min': -0.5, 'correction_max': 0.5, 'correction_bound': 0.5, 'correction_parameterization': 'tanh'}, 'optimization': {'learning_rate': 0.001, 'weight_decay': 0.0001, 'gradient_clip_norm': 5.0, 'optimizer': 'adamw', 'epochs': 100, 'patience': 40}}
Resolved config snapshot:
{'preset': 'solver_QKB_outer_QKBdelta', 'gnn_outer_losses': {'flow': 10.0, 'kirchhoff': 10.0, 'boundary': 100.0, 'delta_l2': 100.0, 'delta_smooth': 0.0, 'pressure_shape': 0.0}, 'physics': {'arterial_flow_mode': 'dataset', 'pressure_constraints': ['equal-av-pressure-drop'], 'alpha_pa': None, 'use_snr_weights': True, 'use_observed_flow_snr_weighting': True, 'flow_scale_mode': 'median_abs', 'solver_device': 'same', 'pressure_solver_mode': 'reduced-soft-constrained-lstsq', 'pressure_solver_lambda_kirchhoff': 1.0, 'pressure_solver_lambda_pressure_constraints': 100.0, 'pressure_solver_lambda_flow_residual': 1.0, 'pressure_shape_reference': 'delta_zero_reference', 'pressure_detach': False}, 'correction_bounds': {'correction_min': -0.5, 'correction_max': 0.5, 'correction_bound': 0.5, 'correction_parameterization': 'tanh'}, 'optimization': {'learning_rate': 0.001, 'weight_decay': 0.0001, 'gradient_clip_norm': 5.0, 'optimizer': 'adamw', 'epochs': 100, 'patience': 40}}
Command: /mnt/home/sswee/miniforge3/envs/yolk-sac/bin/python /mnt/home/sswee/yolk/Yolk-Sac-Flow-Data-and-Sim/gnn_clean/scripts/python/gnn_flow.py /mnt/home/sswee/yolk/Yolk-Sac-Flow-Data-and-Sim/gnn_clean/datasets/mosaic_graph_canonical_harmonized/mosaic_graph_canonical_harmonized.gpickle --output-dir /mnt/home/sswee/yolk/Yolk-Sac-Flow-Data-and-Sim/gnn_clean/outputs_canonical/dc/03_pressure_constraint_sensitivity/gnn --run-name q_0p1__k_1__delta_1__constraint_equal_drop --preset solver_QKB_outer_QKBdelta --device cuda --epochs 100 --seed 0 --viscosity-pa-s 0.0035 --config /mnt/home/sswee/yolk/Yolk-Sac-Flow-Data-and-Sim/gnn_clean/outputs_canonical/dc/03_pressure_constraint_sensitivity/_generated_configs/q_0p1__k_1__delta_1__constraint_equal_drop.yaml --no-pressure-detach
Command: /mnt/home/sswee/miniforge3/envs/yolk-sac/bin/python /mnt/home/sswee/yolk/Yolk-Sac-Flow-Data-and-Sim/gnn_clean/scripts/python/gnn_flow.py /mnt/home/sswee/yolk/Yolk-Sac-Flow-Data-and-Sim/gnn_clean/datasets/mosaic_graph_canonical_harmonized/mosaic_graph_canonical_harmonized.gpickle --output-dir /mnt/home/sswee/yolk/Yolk-Sac-Flow-Data-and-Sim/gnn_clean/outputs_canonical/dc/03_pressure_constraint_sensitivity/gnn --run-name q_10__k_10__delta_100__constraint_equal_drop --preset solver_QKB_outer_QKBdelta --device cuda --epochs 100 --seed 0 --viscosity-pa-s 0.0035 --config /mnt/home/sswee/yolk/Yolk-Sac-Flow-Data-and-Sim/gnn_clean/outputs_canonical/dc/03_pressure_constraint_sensitivity/_generated_configs/q_10__k_10__delta_100__constraint_equal_drop.yaml --no-pressure-detach
Command: /mnt/home/sswee/miniforge3/envs/yolk-sac/bin/python /mnt/home/sswee/yolk/Yolk-Sac-Flow-Data-and-Sim/gnn_clean/scripts/python/poiseuille_only_baseline.py /mnt/home/sswee/yolk/Yolk-Sac-Flow-Data-and-Sim/gnn_clean/datasets/mosaic_graph_canonical_harmonized/mosaic_graph_canonical_harmonized.gpickle --output-dir /mnt/home/sswee/yolk/Yolk-Sac-Flow-Data-and-Sim/gnn_clean/outputs_canonical/dc/03_pressure_constraint_sensitivity/poiseuille --run-name poiseuille__q_100__k_0p1__constraint_equal_drop --device cpu --viscosity-pa-s 0.0035 --dc-solve-mode reduced-soft-constrained-lstsq --arterial-flow-mode dataset --lambda-kirchhoff 0.1 --lambda-pressure-constraints 100.0 --lambda-flow-residual 100.0 --pressure-constraint equal-av-pressure-drop
