
GNN flow training:   0%|          | 0/100 [00:00<?, ?epoch/s]
GNN flow training:   0%|          | 0/100 [00:04<?, ?epoch/s, best=1.276e+02, sign=0.194, train=1.277e+02, val=1.276e+02]
GNN flow training:   1%|          | 1/100 [00:04<07:39,  4.65s/epoch, best=1.276e+02, sign=0.194, train=1.277e+02, val=1.276e+02]
GNN flow training:   1%|          | 1/100 [00:09<07:39,  4.65s/epoch, best=1.276e+02, sign=0.194, train=1.278e+02, val=1.279e+02]
GNN flow training:   2%|▏         | 2/100 [00:09<07:25,  4.54s/epoch, best=1.276e+02, sign=0.194, train=1.278e+02, val=1.279e+02]
GNN flow training:   2%|▏         | 2/100 [00:13<07:25,  4.54s/epoch, best=1.276e+02, sign=0.194, train=1.281e+02, val=1.278e+02]
GNN flow training:   3%|▎         | 3/100 [00:13<07:16,  4.50s/epoch, best=1.276e+02, sign=0.194, train=1.281e+02, val=1.278e+02]
GNN flow training:   3%|▎         | 3/100 [00:18<07:16,  4.50s/epoch, best=1.276e+02, sign=0.194, train=1.280e+02, val=1.274e+02]
GNN flow training:   4%|▍         | 4/100 [00:18<07:10,  4.49s/epoch, best=1.276e+02, sign=0.194, train=1.280e+02, val=1.274e+02]
GNN flow training:   4%|▍         | 4/100 [00:22<07:10,  4.49s/epoch, best=1.274e+02, sign=0.194, train=1.276e+02, val=1.276e+02]
GNN flow training:   5%|▌         | 5/100 [00:22<07:07,  4.50s/epoch, best=1.274e+02, sign=0.194, train=1.276e+02, val=1.276e+02]
GNN flow training:   5%|▌         | 5/100 [00:27<07:07,  4.50s/epoch, best=1.274e+02, sign=0.194, train=1.278e+02, val=1.273e+02]
GNN flow training:   6%|▌         | 6/100 [00:27<07:02,  4.50s/epoch, best=1.274e+02, sign=0.194, train=1.278e+02, val=1.273e+02]
GNN flow training:   6%|▌         | 6/100 [00:31<07:02,  4.50s/epoch, best=1.273e+02, sign=0.194, train=1.275e+02, val=1.275e+02]
GNN flow training:   7%|▋         | 7/100 [00:31<06:57,  4.49s/epoch, best=1.273e+02, sign=0.194, train=1.275e+02, val=1.275e+02]
GNN flow training:   7%|▋         | 7/100 [00:36<06:57,  4.49s/epoch, best=1.273e+02, sign=0.194, train=1.276e+02, val=1.275e+02]
GNN flow training:   8%|▊         | 8/100 [00:36<06:54,  4.50s/epoch, best=1.273e+02, sign=0.194, train=1.276e+02, val=1.275e+02]
GNN flow training:   8%|▊         | 8/100 [00:40<06:54,  4.50s/epoch, best=1.273e+02, sign=0.194, train=1.276e+02, val=1.273e+02]
GNN flow training:   9%|▉         | 9/100 [00:40<06:49,  4.50s/epoch, best=1.273e+02, sign=0.194, train=1.276e+02, val=1.273e+02]
GNN flow training:   9%|▉         | 9/100 [00:45<06:49,  4.50s/epoch, best=1.273e+02, sign=0.194, train=1.275e+02, val=1.273e+02]
GNN flow training:  10%|█         | 10/100 [00:45<06:45,  4.50s/epoch, best=1.273e+02, sign=0.194, train=1.275e+02, val=1.273e+02]
GNN flow training:  10%|█         | 10/100 [00:49<06:45,  4.50s/epoch, best=1.273e+02, sign=0.194, train=1.275e+02, val=1.271e+02]
GNN flow training:  11%|█         | 11/100 [00:49<06:41,  4.51s/epoch, best=1.273e+02, sign=0.194, train=1.275e+02, val=1.271e+02]
GNN flow training:  11%|█         | 11/100 [00:54<06:41,  4.51s/epoch, best=1.271e+02, sign=0.194, train=1.273e+02, val=1.269e+02]
GNN flow training:  12%|█▏        | 12/100 [00:54<06:37,  4.51s/epoch, best=1.271e+02, sign=0.194, train=1.273e+02, val=1.269e+02]
GNN flow training:  12%|█▏        | 12/100 [00:58<06:37,  4.51s/epoch, best=1.269e+02, sign=0.194, train=1.270e+02, val=1.268e+02]
GNN flow training:  13%|█▎        | 13/100 [00:58<06:31,  4.50s/epoch, best=1.269e+02, sign=0.194, train=1.270e+02, val=1.268e+02]
GNN flow training:  13%|█▎        | 13/100 [01:03<06:31,  4.50s/epoch, best=1.268e+02, sign=0.193, train=1.270e+02, val=1.265e+02]
GNN flow training:  14%|█▍        | 14/100 [01:03<06:27,  4.51s/epoch, best=1.268e+02, sign=0.193, train=1.270e+02, val=1.265e+02]
GNN flow training:  14%|█▍        | 14/100 [01:07<06:27,  4.51s/epoch, best=1.265e+02, sign=0.193, train=1.266e+02, val=1.259e+02]
GNN flow training:  15%|█▌        | 15/100 [01:07<06:23,  4.51s/epoch, best=1.265e+02, sign=0.193, train=1.266e+02, val=1.259e+02]
GNN flow training:  15%|█▌        | 15/100 [01:12<06:23,  4.51s/epoch, best=1.259e+02, sign=0.193, train=1.260e+02, val=1.255e+02]
GNN flow training:  16%|█▌        | 16/100 [01:12<06:18,  4.50s/epoch, best=1.259e+02, sign=0.193, train=1.260e+02, val=1.255e+02]
GNN flow training:  16%|█▌        | 16/100 [01:16<06:18,  4.50s/epoch, best=1.255e+02, sign=0.193, train=1.257e+02, val=1.255e+02]
GNN flow training:  17%|█▋        | 17/100 [01:16<06:14,  4.51s/epoch, best=1.255e+02, sign=0.193, train=1.257e+02, val=1.255e+02]
GNN flow training:  17%|█▋        | 17/100 [01:21<06:14,  4.51s/epoch, best=1.255e+02, sign=0.195, train=1.257e+02, val=1.256e+02]
GNN flow training:  18%|█▊        | 18/100 [01:21<06:09,  4.50s/epoch, best=1.255e+02, sign=0.195, train=1.257e+02, val=1.256e+02]
GNN flow training:  18%|█▊        | 18/100 [01:25<06:09,  4.50s/epoch, best=1.255e+02, sign=0.196, train=1.258e+02, val=1.257e+02]
GNN flow training:  19%|█▉        | 19/100 [01:25<06:05,  4.51s/epoch, best=1.255e+02, sign=0.196, train=1.258e+02, val=1.257e+02]
GNN flow training:  19%|█▉        | 19/100 [01:30<06:05,  4.51s/epoch, best=1.255e+02, sign=0.197, train=1.259e+02, val=1.259e+02]
GNN flow training:  20%|██        | 20/100 [01:30<06:01,  4.51s/epoch, best=1.255e+02, sign=0.197, train=1.259e+02, val=1.259e+02]
GNN flow training:  20%|██        | 20/100 [01:34<06:01,  4.51s/epoch, best=1.255e+02, sign=0.198, train=1.260e+02, val=1.259e+02]
GNN flow training:  21%|██        | 21/100 [01:34<05:56,  4.51s/epoch, best=1.255e+02, sign=0.198, train=1.260e+02, val=1.259e+02]
GNN flow training:  21%|██        | 21/100 [01:39<05:56,  4.51s/epoch, best=1.255e+02, sign=0.199, train=1.261e+02, val=1.253e+02]
GNN flow training:  22%|██▏       | 22/100 [01:39<05:52,  4.52s/epoch, best=1.255e+02, sign=0.199, train=1.261e+02, val=1.253e+02]
GNN flow training:  22%|██▏       | 22/100 [01:43<05:52,  4.52s/epoch, best=1.253e+02, sign=0.201, train=1.254e+02, val=1.248e+02]
GNN flow training:  23%|██▎       | 23/100 [01:43<05:47,  4.51s/epoch, best=1.253e+02, sign=0.201, train=1.254e+02, val=1.248e+02]
GNN flow training:  23%|██▎       | 23/100 [01:48<05:47,  4.51s/epoch, best=1.248e+02, sign=0.200, train=1.250e+02, val=1.245e+02]
GNN flow training:  24%|██▍       | 24/100 [01:48<05:42,  4.51s/epoch, best=1.248e+02, sign=0.200, train=1.250e+02, val=1.245e+02]
GNN flow training:  24%|██▍       | 24/100 [01:52<05:42,  4.51s/epoch, best=1.245e+02, sign=0.199, train=1.247e+02, val=1.240e+02]
GNN flow training:  25%|██▌       | 25/100 [01:52<05:38,  4.51s/epoch, best=1.245e+02, sign=0.199, train=1.247e+02, val=1.240e+02]
GNN flow training:  25%|██▌       | 25/100 [01:57<05:38,  4.51s/epoch, best=1.240e+02, sign=0.197, train=1.241e+02, val=1.232e+02]
GNN flow training:  26%|██▌       | 26/100 [01:57<05:33,  4.51s/epoch, best=1.240e+02, sign=0.197, train=1.241e+02, val=1.232e+02]
GNN flow training:  26%|██▌       | 26/100 [02:01<05:33,  4.51s/epoch, best=1.232e+02, sign=0.196, train=1.234e+02, val=1.228e+02]
GNN flow training:  27%|██▋       | 27/100 [02:01<05:29,  4.51s/epoch, best=1.232e+02, sign=0.196, train=1.234e+02, val=1.228e+02]
GNN flow training:  27%|██▋       | 27/100 [02:06<05:29,  4.51s/epoch, best=1.228e+02, sign=0.194, train=1.230e+02, val=1.228e+02]
GNN flow training:  28%|██▊       | 28/100 [02:06<05:24,  4.51s/epoch, best=1.228e+02, sign=0.194, train=1.230e+02, val=1.228e+02]
GNN flow training:  28%|██▊       | 28/100 [02:10<05:24,  4.51s/epoch, best=1.228e+02, sign=0.191, train=1.229e+02, val=1.221e+02]
GNN flow training:  29%|██▉       | 29/100 [02:10<05:20,  4.51s/epoch, best=1.228e+02, sign=0.191, train=1.229e+02, val=1.221e+02]
GNN flow training:  29%|██▉       | 29/100 [02:15<05:20,  4.51s/epoch, best=1.221e+02, sign=0.189, train=1.223e+02, val=1.219e+02]
GNN flow training:  30%|███       | 30/100 [02:15<05:16,  4.52s/epoch, best=1.221e+02, sign=0.189, train=1.223e+02, val=1.219e+02]
GNN flow training:  30%|███       | 30/100 [02:19<05:16,  4.52s/epoch, best=1.219e+02, sign=0.187, train=1.220e+02, val=1.214e+02]
GNN flow training:  31%|███       | 31/100 [02:19<05:11,  4.51s/epoch, best=1.219e+02, sign=0.187, train=1.220e+02, val=1.214e+02]
GNN flow training:  31%|███       | 31/100 [02:24<05:11,  4.51s/epoch, best=1.214e+02, sign=0.186, train=1.215e+02, val=1.213e+02]
GNN flow training:  32%|███▏      | 32/100 [02:24<05:05,  4.49s/epoch, best=1.214e+02, sign=0.186, train=1.215e+02, val=1.213e+02]
GNN flow training:  32%|███▏      | 32/100 [02:28<05:05,  4.49s/epoch, best=1.213e+02, sign=0.185, train=1.214e+02, val=1.209e+02]
GNN flow training:  33%|███▎      | 33/100 [02:28<05:01,  4.49s/epoch, best=1.213e+02, sign=0.185, train=1.214e+02, val=1.209e+02]
GNN flow training:  33%|███▎      | 33/100 [02:33<05:01,  4.49s/epoch, best=1.209e+02, sign=0.184, train=1.210e+02, val=1.206e+02]
GNN flow training:  34%|███▍      | 34/100 [02:33<04:57,  4.51s/epoch, best=1.209e+02, sign=0.184, train=1.210e+02, val=1.206e+02]
GNN flow training:  34%|███▍      | 34/100 [02:37<04:57,  4.51s/epoch, best=1.206e+02, sign=0.183, train=1.208e+02, val=1.202e+02]
GNN flow training:  35%|███▌      | 35/100 [02:37<04:52,  4.50s/epoch, best=1.206e+02, sign=0.183, train=1.208e+02, val=1.202e+02]
GNN flow training:  35%|███▌      | 35/100 [02:42<04:52,  4.50s/epoch, best=1.202e+02, sign=0.182, train=1.203e+02, val=1.192e+02]
GNN flow training:  36%|███▌      | 36/100 [02:42<04:47,  4.50s/epoch, best=1.202e+02, sign=0.182, train=1.203e+02, val=1.192e+02]
GNN flow training:  36%|███▌      | 36/100 [02:46<04:47,  4.50s/epoch, best=1.192e+02, sign=0.181, train=1.194e+02, val=1.188e+02]
GNN flow training:  37%|███▋      | 37/100 [02:46<04:43,  4.49s/epoch, best=1.192e+02, sign=0.181, train=1.194e+02, val=1.188e+02]
GNN flow training:  37%|███▋      | 37/100 [02:51<04:43,  4.49s/epoch, best=1.188e+02, sign=0.182, train=1.189e+02, val=1.183e+02]
GNN flow training:  38%|███▊      | 38/100 [02:51<04:38,  4.49s/epoch, best=1.188e+02, sign=0.182, train=1.189e+02, val=1.183e+02]
GNN flow training:  38%|███▊      | 38/100 [02:55<04:38,  4.49s/epoch, best=1.183e+02, sign=0.184, train=1.184e+02, val=1.173e+02]
GNN flow training:  39%|███▉      | 39/100 [02:55<04:34,  4.50s/epoch, best=1.183e+02, sign=0.184, train=1.184e+02, val=1.173e+02]
GNN flow training:  39%|███▉      | 39/100 [03:00<04:34,  4.50s/epoch, best=1.173e+02, sign=0.187, train=1.174e+02, val=1.180e+02]
GNN flow training:  40%|████      | 40/100 [03:00<04:29,  4.49s/epoch, best=1.173e+02, sign=0.187, train=1.174e+02, val=1.180e+02]
GNN flow training:  40%|████      | 40/100 [03:04<04:29,  4.49s/epoch, best=1.173e+02, sign=0.194, train=1.181e+02, val=1.190e+02]
GNN flow training:  41%|████      | 41/100 [03:04<04:24,  4.48s/epoch, best=1.173e+02, sign=0.194, train=1.181e+02, val=1.190e+02]
GNN flow training:  41%|████      | 41/100 [03:09<04:24,  4.48s/epoch, best=1.173e+02, sign=0.195, train=1.192e+02, val=1.179e+02]
GNN flow training:  42%|████▏     | 42/100 [03:09<04:19,  4.48s/epoch, best=1.173e+02, sign=0.195, train=1.192e+02, val=1.179e+02]
GNN flow training:  42%|████▏     | 42/100 [03:13<04:19,  4.48s/epoch, best=1.173e+02, sign=0.191, train=1.180e+02, val=1.170e+02]
GNN flow training:  43%|████▎     | 43/100 [03:13<04:15,  4.48s/epoch, best=1.173e+02, sign=0.191, train=1.180e+02, val=1.170e+02]
GNN flow training:  43%|████▎     | 43/100 [03:18<04:15,  4.48s/epoch, best=1.170e+02, sign=0.185, train=1.171e+02, val=1.156e+02]
GNN flow training:  44%|████▍     | 44/100 [03:18<04:10,  4.47s/epoch, best=1.170e+02, sign=0.185, train=1.171e+02, val=1.156e+02]
GNN flow training:  44%|████▍     | 44/100 [03:22<04:10,  4.47s/epoch, best=1.156e+02, sign=0.178, train=1.157e+02, val=1.147e+02]
GNN flow training:  45%|████▌     | 45/100 [03:22<04:06,  4.48s/epoch, best=1.156e+02, sign=0.178, train=1.157e+02, val=1.147e+02]
GNN flow training:  45%|████▌     | 45/100 [03:27<04:06,  4.48s/epoch, best=1.147e+02, sign=0.175, train=1.148e+02, val=1.137e+02]
GNN flow training:  46%|████▌     | 46/100 [03:27<04:01,  4.48s/epoch, best=1.147e+02, sign=0.175, train=1.148e+02, val=1.137e+02]
GNN flow training:  46%|████▌     | 46/100 [03:31<04:01,  4.48s/epoch, best=1.137e+02, sign=0.173, train=1.138e+02, val=1.137e+02]
GNN flow training:  47%|████▋     | 47/100 [03:31<03:57,  4.48s/epoch, best=1.137e+02, sign=0.173, train=1.138e+02, val=1.137e+02]
GNN flow training:  47%|████▋     | 47/100 [03:36<03:57,  4.48s/epoch, best=1.137e+02, sign=0.170, train=1.138e+02, val=1.130e+02]
GNN flow training:  48%|████▊     | 48/100 [03:36<03:53,  4.50s/epoch, best=1.137e+02, sign=0.170, train=1.138e+02, val=1.130e+02]
GNN flow training:  48%|████▊     | 48/100 [03:40<03:53,  4.50s/epoch, best=1.130e+02, sign=0.167, train=1.131e+02, val=1.123e+02]
GNN flow training:  49%|████▉     | 49/100 [03:40<03:49,  4.50s/epoch, best=1.130e+02, sign=0.167, train=1.131e+02, val=1.123e+02]
GNN flow training:  49%|████▉     | 49/100 [03:45<03:49,  4.50s/epoch, best=1.123e+02, sign=0.166, train=1.124e+02, val=1.121e+02]
GNN flow training:  50%|█████     | 50/100 [03:45<03:44,  4.49s/epoch, best=1.123e+02, sign=0.166, train=1.124e+02, val=1.121e+02]
GNN flow training:  50%|█████     | 50/100 [03:49<03:44,  4.49s/epoch, best=1.121e+02, sign=0.165, train=1.122e+02, val=1.118e+02]
GNN flow training:  51%|█████     | 51/100 [03:49<03:39,  4.48s/epoch, best=1.121e+02, sign=0.165, train=1.122e+02, val=1.118e+02]
GNN flow training:  51%|█████     | 51/100 [03:54<03:39,  4.48s/epoch, best=1.118e+02, sign=0.162, train=1.119e+02, val=1.110e+02]
GNN flow training:  52%|█████▏    | 52/100 [03:54<03:36,  4.51s/epoch, best=1.118e+02, sign=0.162, train=1.119e+02, val=1.110e+02]
GNN flow training:  52%|█████▏    | 52/100 [03:58<03:36,  4.51s/epoch, best=1.110e+02, sign=0.162, train=1.112e+02, val=1.102e+02]
GNN flow training:  53%|█████▎    | 53/100 [03:58<03:31,  4.49s/epoch, best=1.110e+02, sign=0.162, train=1.112e+02, val=1.102e+02]
GNN flow training:  53%|█████▎    | 53/100 [04:02<03:31,  4.49s/epoch, best=1.102e+02, sign=0.161, train=1.103e+02, val=1.088e+02]
GNN flow training:  54%|█████▍    | 54/100 [04:02<03:25,  4.47s/epoch, best=1.102e+02, sign=0.161, train=1.103e+02, val=1.088e+02]
GNN flow training:  54%|█████▍    | 54/100 [04:07<03:25,  4.47s/epoch, best=1.088e+02, sign=0.161, train=1.089e+02, val=1.079e+02]
GNN flow training:  55%|█████▌    | 55/100 [04:07<03:21,  4.49s/epoch, best=1.088e+02, sign=0.161, train=1.089e+02, val=1.079e+02]
GNN flow training:  55%|█████▌    | 55/100 [04:11<03:21,  4.49s/epoch, best=1.079e+02, sign=0.160, train=1.080e+02, val=1.071e+02]
GNN flow training:  56%|█████▌    | 56/100 [04:11<03:17,  4.49s/epoch, best=1.079e+02, sign=0.160, train=1.080e+02, val=1.071e+02]
GNN flow training:  56%|█████▌    | 56/100 [04:16<03:17,  4.49s/epoch, best=1.071e+02, sign=0.159, train=1.072e+02, val=1.065e+02]
GNN flow training:  57%|█████▋    | 57/100 [04:16<03:12,  4.48s/epoch, best=1.071e+02, sign=0.159, train=1.072e+02, val=1.065e+02]
GNN flow training:  57%|█████▋    | 57/100 [04:20<03:12,  4.48s/epoch, best=1.065e+02, sign=0.159, train=1.066e+02, val=1.049e+02]
GNN flow training:  58%|█████▊    | 58/100 [04:20<03:08,  4.50s/epoch, best=1.065e+02, sign=0.159, train=1.066e+02, val=1.049e+02]
GNN flow training:  58%|█████▊    | 58/100 [04:25<03:08,  4.50s/epoch, best=1.049e+02, sign=0.162, train=1.050e+02, val=1.047e+02]
GNN flow training:  59%|█████▉    | 59/100 [04:25<03:03,  4.49s/epoch, best=1.049e+02, sign=0.162, train=1.050e+02, val=1.047e+02]
GNN flow training:  59%|█████▉    | 59/100 [04:29<03:03,  4.49s/epoch, best=1.047e+02, sign=0.164, train=1.048e+02, val=1.046e+02]
GNN flow training:  60%|██████    | 60/100 [04:29<02:59,  4.48s/epoch, best=1.047e+02, sign=0.164, train=1.048e+02, val=1.046e+02]
GNN flow training:  60%|██████    | 60/100 [04:34<02:59,  4.48s/epoch, best=1.046e+02, sign=0.165, train=1.047e+02, val=1.042e+02]
GNN flow training:  61%|██████    | 61/100 [04:34<02:55,  4.49s/epoch, best=1.046e+02, sign=0.165, train=1.047e+02, val=1.042e+02]
GNN flow training:  61%|██████    | 61/100 [04:38<02:55,  4.49s/epoch, best=1.042e+02, sign=0.165, train=1.043e+02, val=1.042e+02]
GNN flow training:  62%|██████▏   | 62/100 [04:38<02:50,  4.49s/epoch, best=1.042e+02, sign=0.165, train=1.043e+02, val=1.042e+02]
GNN flow training:  62%|██████▏   | 62/100 [04:43<02:50,  4.49s/epoch, best=1.042e+02, sign=0.166, train=1.043e+02, val=1.036e+02]
GNN flow training:  63%|██████▎   | 63/100 [04:43<02:46,  4.49s/epoch, best=1.042e+02, sign=0.166, train=1.043e+02, val=1.036e+02]
GNN flow training:  63%|██████▎   | 63/100 [04:47<02:46,  4.49s/epoch, best=1.036e+02, sign=0.165, train=1.037e+02, val=1.026e+02]
GNN flow training:  64%|██████▍   | 64/100 [04:47<02:41,  4.50s/epoch, best=1.036e+02, sign=0.165, train=1.037e+02, val=1.026e+02]
GNN flow training:  64%|██████▍   | 64/100 [04:52<02:41,  4.50s/epoch, best=1.026e+02, sign=0.165, train=1.027e+02, val=1.010e+02]
GNN flow training:  65%|██████▌   | 65/100 [04:52<02:37,  4.50s/epoch, best=1.026e+02, sign=0.165, train=1.027e+02, val=1.010e+02]
GNN flow training:  65%|██████▌   | 65/100 [04:56<02:37,  4.50s/epoch, best=1.010e+02, sign=0.162, train=1.011e+02, val=9.911e+01]
GNN flow training:  66%|██████▌   | 66/100 [04:56<02:32,  4.49s/epoch, best=1.010e+02, sign=0.162, train=1.011e+02, val=9.911e+01]
GNN flow training:  66%|██████▌   | 66/100 [05:01<02:32,  4.49s/epoch, best=9.911e+01, sign=0.160, train=9.920e+01, val=9.873e+01]
GNN flow training:  67%|██████▋   | 67/100 [05:01<02:28,  4.51s/epoch, best=9.911e+01, sign=0.160, train=9.920e+01, val=9.873e+01]
GNN flow training:  67%|██████▋   | 67/100 [05:05<02:28,  4.51s/epoch, best=9.873e+01, sign=0.158, train=9.880e+01, val=9.836e+01]
GNN flow training:  68%|██████▊   | 68/100 [05:05<02:23,  4.50s/epoch, best=9.873e+01, sign=0.158, train=9.880e+01, val=9.836e+01]
GNN flow training:  68%|██████▊   | 68/100 [05:10<02:23,  4.50s/epoch, best=9.836e+01, sign=0.159, train=9.842e+01, val=9.739e+01]
GNN flow training:  69%|██████▉   | 69/100 [05:10<02:19,  4.51s/epoch, best=9.836e+01, sign=0.159, train=9.842e+01, val=9.739e+01]
GNN flow training:  69%|██████▉   | 69/100 [05:14<02:19,  4.51s/epoch, best=9.739e+01, sign=0.161, train=9.745e+01, val=9.636e+01]
GNN flow training:  70%|███████   | 70/100 [05:14<02:15,  4.50s/epoch, best=9.739e+01, sign=0.161, train=9.745e+01, val=9.636e+01]
GNN flow training:  70%|███████   | 70/100 [05:19<02:15,  4.50s/epoch, best=9.636e+01, sign=0.167, train=9.643e+01, val=9.641e+01]
GNN flow training:  71%|███████   | 71/100 [05:19<02:10,  4.50s/epoch, best=9.636e+01, sign=0.167, train=9.643e+01, val=9.641e+01]
GNN flow training:  71%|███████   | 71/100 [05:23<02:10,  4.50s/epoch, best=9.636e+01, sign=0.172, train=9.649e+01, val=9.613e+01]
GNN flow training:  72%|███████▏  | 72/100 [05:23<02:05,  4.48s/epoch, best=9.636e+01, sign=0.172, train=9.649e+01, val=9.613e+01]
GNN flow training:  72%|███████▏  | 72/100 [05:28<02:05,  4.48s/epoch, best=9.613e+01, sign=0.172, train=9.622e+01, val=9.545e+01]
GNN flow training:  73%|███████▎  | 73/100 [05:28<02:01,  4.50s/epoch, best=9.613e+01, sign=0.172, train=9.622e+01, val=9.545e+01]
GNN flow training:  73%|███████▎  | 73/100 [05:32<02:01,  4.50s/epoch, best=9.545e+01, sign=0.173, train=9.554e+01, val=9.426e+01]
GNN flow training:  74%|███████▍  | 74/100 [05:32<01:56,  4.49s/epoch, best=9.545e+01, sign=0.173, train=9.554e+01, val=9.426e+01]
GNN flow training:  74%|███████▍  | 74/100 [05:37<01:56,  4.49s/epoch, best=9.426e+01, sign=0.172, train=9.435e+01, val=9.363e+01]
GNN flow training:  75%|███████▌  | 75/100 [05:37<01:52,  4.49s/epoch, best=9.426e+01, sign=0.172, train=9.435e+01, val=9.363e+01]
GNN flow training:  75%|███████▌  | 75/100 [05:41<01:52,  4.49s/epoch, best=9.363e+01, sign=0.170, train=9.372e+01, val=9.251e+01]
GNN flow training:  76%|███████▌  | 76/100 [05:41<01:47,  4.50s/epoch, best=9.363e+01, sign=0.170, train=9.372e+01, val=9.251e+01]
GNN flow training:  76%|███████▌  | 76/100 [05:46<01:47,  4.50s/epoch, best=9.251e+01, sign=0.164, train=9.259e+01, val=9.078e+01]
GNN flow training:  77%|███████▋  | 77/100 [05:46<01:43,  4.48s/epoch, best=9.251e+01, sign=0.164, train=9.259e+01, val=9.078e+01]
GNN flow training:  77%|███████▋  | 77/100 [05:50<01:43,  4.48s/epoch, best=9.078e+01, sign=0.162, train=9.084e+01, val=8.985e+01]
GNN flow training:  78%|███████▊  | 78/100 [05:50<01:38,  4.48s/epoch, best=9.078e+01, sign=0.162, train=9.084e+01, val=8.985e+01]
GNN flow training:  78%|███████▊  | 78/100 [05:55<01:38,  4.48s/epoch, best=8.985e+01, sign=0.162, train=8.990e+01, val=8.817e+01]
GNN flow training:  79%|███████▉  | 79/100 [05:55<01:34,  4.49s/epoch, best=8.985e+01, sign=0.162, train=8.990e+01, val=8.817e+01]
GNN flow training:  79%|███████▉  | 79/100 [05:59<01:34,  4.49s/epoch, best=8.817e+01, sign=0.164, train=8.821e+01, val=8.691e+01]
GNN flow training:  80%|████████  | 80/100 [05:59<01:29,  4.48s/epoch, best=8.817e+01, sign=0.164, train=8.821e+01, val=8.691e+01]
GNN flow training:  80%|████████  | 80/100 [06:04<01:29,  4.48s/epoch, best=8.691e+01, sign=0.172, train=8.697e+01, val=8.773e+01]
GNN flow training:  81%|████████  | 81/100 [06:04<01:25,  4.49s/epoch, best=8.691e+01, sign=0.172, train=8.697e+01, val=8.773e+01]
GNN flow training:  81%|████████  | 81/100 [06:08<01:25,  4.49s/epoch, best=8.691e+01, sign=0.171, train=8.778e+01, val=8.697e+01]
GNN flow training:  82%|████████▏ | 82/100 [06:08<01:20,  4.48s/epoch, best=8.691e+01, sign=0.171, train=8.778e+01, val=8.697e+01]
GNN flow training:  82%|████████▏ | 82/100 [06:13<01:20,  4.48s/epoch, best=8.691e+01, sign=0.167, train=8.702e+01, val=8.705e+01]
GNN flow training:  83%|████████▎ | 83/100 [06:13<01:16,  4.48s/epoch, best=8.691e+01, sign=0.167, train=8.702e+01, val=8.705e+01]
GNN flow training:  83%|████████▎ | 83/100 [06:17<01:16,  4.48s/epoch, best=8.691e+01, sign=0.167, train=8.711e+01, val=8.664e+01]
GNN flow training:  84%|████████▍ | 84/100 [06:17<01:11,  4.47s/epoch, best=8.691e+01, sign=0.167, train=8.711e+01, val=8.664e+01]
GNN flow training:  84%|████████▍ | 84/100 [06:22<01:11,  4.47s/epoch, best=8.664e+01, sign=0.169, train=8.670e+01, val=8.606e+01]
GNN flow training:  85%|████████▌ | 85/100 [06:22<01:07,  4.47s/epoch, best=8.664e+01, sign=0.169, train=8.670e+01, val=8.606e+01]
GNN flow training:  85%|████████▌ | 85/100 [06:26<01:07,  4.47s/epoch, best=8.606e+01, sign=0.167, train=8.610e+01, val=8.580e+01]
GNN flow training:  86%|████████▌ | 86/100 [06:26<01:02,  4.46s/epoch, best=8.606e+01, sign=0.167, train=8.610e+01, val=8.580e+01]
GNN flow training:  86%|████████▌ | 86/100 [06:31<01:02,  4.46s/epoch, best=8.580e+01, sign=0.165, train=8.585e+01, val=8.558e+01]
GNN flow training:  87%|████████▋ | 87/100 [06:31<00:57,  4.46s/epoch, best=8.580e+01, sign=0.165, train=8.585e+01, val=8.558e+01]
GNN flow training:  87%|████████▋ | 87/100 [06:35<00:57,  4.46s/epoch, best=8.558e+01, sign=0.164, train=8.563e+01, val=8.562e+01]
GNN flow training:  88%|████████▊ | 88/100 [06:35<00:53,  4.47s/epoch, best=8.558e+01, sign=0.164, train=8.563e+01, val=8.562e+01]
GNN flow training:  88%|████████▊ | 88/100 [06:39<00:53,  4.47s/epoch, best=8.558e+01, sign=0.164, train=8.567e+01, val=8.587e+01]
GNN flow training:  89%|████████▉ | 89/100 [06:39<00:49,  4.46s/epoch, best=8.558e+01, sign=0.164, train=8.567e+01, val=8.587e+01]
GNN flow training:  89%|████████▉ | 89/100 [06:44<00:49,  4.46s/epoch, best=8.558e+01, sign=0.164, train=8.591e+01, val=8.590e+01]
GNN flow training:  90%|█████████ | 90/100 [06:44<00:44,  4.47s/epoch, best=8.558e+01, sign=0.164, train=8.591e+01, val=8.590e+01]
GNN flow training:  90%|█████████ | 90/100 [06:48<00:44,  4.47s/epoch, best=8.558e+01, sign=0.164, train=8.595e+01, val=8.599e+01]
GNN flow training:  91%|█████████ | 91/100 [06:48<00:40,  4.47s/epoch, best=8.558e+01, sign=0.164, train=8.595e+01, val=8.599e+01]
GNN flow training:  91%|█████████ | 91/100 [06:53<00:40,  4.47s/epoch, best=8.558e+01, sign=0.164, train=8.605e+01, val=8.615e+01]
GNN flow training:  92%|█████████▏| 92/100 [06:53<00:35,  4.48s/epoch, best=8.558e+01, sign=0.164, train=8.605e+01, val=8.615e+01]
GNN flow training:  92%|█████████▏| 92/100 [06:57<00:35,  4.48s/epoch, best=8.558e+01, sign=0.165, train=8.621e+01, val=8.621e+01]
GNN flow training:  93%|█████████▎| 93/100 [06:57<00:31,  4.47s/epoch, best=8.558e+01, sign=0.165, train=8.621e+01, val=8.621e+01]
GNN flow training:  93%|█████████▎| 93/100 [07:02<00:31,  4.47s/epoch, best=8.558e+01, sign=0.165, train=8.629e+01, val=8.637e+01]
GNN flow training:  94%|█████████▍| 94/100 [07:02<00:26,  4.47s/epoch, best=8.558e+01, sign=0.165, train=8.629e+01, val=8.637e+01]
GNN flow training:  94%|█████████▍| 94/100 [07:06<00:26,  4.47s/epoch, best=8.558e+01, sign=0.165, train=8.644e+01, val=8.598e+01]
GNN flow training:  95%|█████████▌| 95/100 [07:06<00:22,  4.48s/epoch, best=8.558e+01, sign=0.165, train=8.644e+01, val=8.598e+01]
GNN flow training:  95%|█████████▌| 95/100 [07:11<00:22,  4.48s/epoch, best=8.558e+01, sign=0.167, train=8.605e+01, val=8.555e+01]
GNN flow training:  96%|█████████▌| 96/100 [07:11<00:17,  4.47s/epoch, best=8.558e+01, sign=0.167, train=8.605e+01, val=8.555e+01]
GNN flow training:  96%|█████████▌| 96/100 [07:15<00:17,  4.47s/epoch, best=8.555e+01, sign=0.166, train=8.561e+01, val=8.510e+01]
GNN flow training:  97%|█████████▋| 97/100 [07:15<00:13,  4.47s/epoch, best=8.555e+01, sign=0.166, train=8.561e+01, val=8.510e+01]
GNN flow training:  97%|█████████▋| 97/100 [07:20<00:13,  4.47s/epoch, best=8.510e+01, sign=0.167, train=8.516e+01, val=8.466e+01]
GNN flow training:  98%|█████████▊| 98/100 [07:20<00:08,  4.47s/epoch, best=8.510e+01, sign=0.167, train=8.516e+01, val=8.466e+01]
GNN flow training:  98%|█████████▊| 98/100 [07:24<00:08,  4.47s/epoch, best=8.466e+01, sign=0.162, train=8.471e+01, val=8.550e+01]
GNN flow training:  99%|█████████▉| 99/100 [07:24<00:04,  4.47s/epoch, best=8.466e+01, sign=0.162, train=8.471e+01, val=8.550e+01]
GNN flow training:  99%|█████████▉| 99/100 [07:29<00:04,  4.47s/epoch, best=8.466e+01, sign=0.165, train=8.555e+01, val=8.509e+01]
GNN flow training: 100%|██████████| 100/100 [07:29<00:00,  4.48s/epoch, best=8.466e+01, sign=0.165, train=8.555e+01, val=8.509e+01]
GNN flow training: 100%|██████████| 100/100 [07:29<00:00,  4.49s/epoch, best=8.466e+01, sign=0.165, train=8.555e+01, val=8.509e+01]

GNN flow training:   0%|          | 0/100 [00:00<?, ?epoch/s]
GNN flow training:   0%|          | 0/100 [00:04<?, ?epoch/s, best=1.272e+02, sign=0.194, train=1.271e+02, val=1.272e+02]
GNN flow training:   1%|          | 1/100 [00:04<07:39,  4.64s/epoch, best=1.272e+02, sign=0.194, train=1.271e+02, val=1.272e+02]
GNN flow training:   1%|          | 1/100 [00:09<07:39,  4.64s/epoch, best=1.272e+02, sign=0.194, train=1.272e+02, val=1.274e+02]
GNN flow training:   2%|▏         | 2/100 [00:09<07:24,  4.53s/epoch, best=1.272e+02, sign=0.194, train=1.272e+02, val=1.274e+02]
GNN flow training:   2%|▏         | 2/100 [00:13<07:24,  4.53s/epoch, best=1.272e+02, sign=0.194, train=1.275e+02, val=1.274e+02]
GNN flow training:   3%|▎         | 3/100 [00:13<07:16,  4.50s/epoch, best=1.272e+02, sign=0.194, train=1.275e+02, val=1.274e+02]
GNN flow training:   3%|▎         | 3/100 [00:18<07:16,  4.50s/epoch, best=1.272e+02, sign=0.194, train=1.274e+02, val=1.270e+02]
GNN flow training:   4%|▍         | 4/100 [00:18<07:10,  4.49s/epoch, best=1.272e+02, sign=0.194, train=1.274e+02, val=1.270e+02]
GNN flow training:   4%|▍         | 4/100 [00:22<07:10,  4.49s/epoch, best=1.270e+02, sign=0.194, train=1.270e+02, val=1.271e+02]
GNN flow training:   5%|▌         | 5/100 [00:22<07:06,  4.49s/epoch, best=1.270e+02, sign=0.194, train=1.270e+02, val=1.271e+02]
GNN flow training:   5%|▌         | 5/100 [00:27<07:06,  4.49s/epoch, best=1.270e+02, sign=0.194, train=1.272e+02, val=1.268e+02]
GNN flow training:   6%|▌         | 6/100 [00:27<07:02,  4.49s/epoch, best=1.270e+02, sign=0.194, train=1.272e+02, val=1.268e+02]
GNN flow training:   6%|▌         | 6/100 [00:31<07:02,  4.49s/epoch, best=1.268e+02, sign=0.194, train=1.269e+02, val=1.270e+02]
GNN flow training:   7%|▋         | 7/100 [00:31<06:59,  4.51s/epoch, best=1.268e+02, sign=0.194, train=1.269e+02, val=1.270e+02]
GNN flow training:   7%|▋         | 7/100 [00:36<06:59,  4.51s/epoch, best=1.268e+02, sign=0.194, train=1.270e+02, val=1.270e+02]
GNN flow training:   8%|▊         | 8/100 [00:36<06:54,  4.50s/epoch, best=1.268e+02, sign=0.194, train=1.270e+02, val=1.270e+02]
GNN flow training:   8%|▊         | 8/100 [00:40<06:54,  4.50s/epoch, best=1.268e+02, sign=0.194, train=1.270e+02, val=1.269e+02]
GNN flow training:   9%|▉         | 9/100 [00:40<06:50,  4.51s/epoch, best=1.268e+02, sign=0.194, train=1.270e+02, val=1.269e+02]
GNN flow training:   9%|▉         | 9/100 [00:45<06:50,  4.51s/epoch, best=1.268e+02, sign=0.194, train=1.269e+02, val=1.268e+02]
GNN flow training:  10%|█         | 10/100 [00:45<06:45,  4.50s/epoch, best=1.268e+02, sign=0.194, train=1.269e+02, val=1.268e+02]
GNN flow training:  10%|█         | 10/100 [00:49<06:45,  4.50s/epoch, best=1.268e+02, sign=0.195, train=1.269e+02, val=1.268e+02]
GNN flow training:  11%|█         | 11/100 [00:49<06:40,  4.50s/epoch, best=1.268e+02, sign=0.195, train=1.269e+02, val=1.268e+02]
GNN flow training:  11%|█         | 11/100 [00:54<06:40,  4.50s/epoch, best=1.268e+02, sign=0.195, train=1.269e+02, val=1.265e+02]
GNN flow training:  12%|█▏        | 12/100 [00:54<06:36,  4.50s/epoch, best=1.268e+02, sign=0.195, train=1.269e+02, val=1.265e+02]
GNN flow training:  12%|█▏        | 12/100 [00:58<06:36,  4.50s/epoch, best=1.265e+02, sign=0.195, train=1.266e+02, val=1.261e+02]
GNN flow training:  13%|█▎        | 13/100 [00:58<06:32,  4.51s/epoch, best=1.265e+02, sign=0.195, train=1.266e+02, val=1.261e+02]
GNN flow training:  13%|█▎        | 13/100 [01:03<06:32,  4.51s/epoch, best=1.261e+02, sign=0.195, train=1.261e+02, val=1.259e+02]
GNN flow training:  14%|█▍        | 14/100 [01:03<06:27,  4.51s/epoch, best=1.261e+02, sign=0.195, train=1.261e+02, val=1.259e+02]
GNN flow training:  14%|█▍        | 14/100 [01:07<06:27,  4.51s/epoch, best=1.259e+02, sign=0.196, train=1.259e+02, val=1.257e+02]
GNN flow training:  15%|█▌        | 15/100 [01:07<06:23,  4.51s/epoch, best=1.259e+02, sign=0.196, train=1.259e+02, val=1.257e+02]
GNN flow training:  15%|█▌        | 15/100 [01:12<06:23,  4.51s/epoch, best=1.257e+02, sign=0.195, train=1.257e+02, val=1.253e+02]
GNN flow training:  16%|█▌        | 16/100 [01:12<06:18,  4.50s/epoch, best=1.257e+02, sign=0.195, train=1.257e+02, val=1.253e+02]
GNN flow training:  16%|█▌        | 16/100 [01:16<06:18,  4.50s/epoch, best=1.253e+02, sign=0.195, train=1.253e+02, val=1.249e+02]
GNN flow training:  17%|█▋        | 17/100 [01:16<06:13,  4.50s/epoch, best=1.253e+02, sign=0.195, train=1.253e+02, val=1.249e+02]
GNN flow training:  17%|█▋        | 17/100 [01:21<06:13,  4.50s/epoch, best=1.249e+02, sign=0.195, train=1.249e+02, val=1.254e+02]
GNN flow training:  18%|█▊        | 18/100 [01:21<06:10,  4.51s/epoch, best=1.249e+02, sign=0.195, train=1.249e+02, val=1.254e+02]
GNN flow training:  18%|█▊        | 18/100 [01:25<06:10,  4.51s/epoch, best=1.249e+02, sign=0.195, train=1.254e+02, val=1.253e+02]
GNN flow training:  19%|█▉        | 19/100 [01:25<06:06,  4.52s/epoch, best=1.249e+02, sign=0.195, train=1.254e+02, val=1.253e+02]
GNN flow training:  19%|█▉        | 19/100 [01:30<06:06,  4.52s/epoch, best=1.249e+02, sign=0.195, train=1.253e+02, val=1.252e+02]
GNN flow training:  20%|██        | 20/100 [01:30<06:02,  4.53s/epoch, best=1.249e+02, sign=0.195, train=1.253e+02, val=1.252e+02]
GNN flow training:  20%|██        | 20/100 [01:34<06:02,  4.53s/epoch, best=1.249e+02, sign=0.194, train=1.252e+02, val=1.250e+02]
GNN flow training:  21%|██        | 21/100 [01:34<05:57,  4.52s/epoch, best=1.249e+02, sign=0.194, train=1.252e+02, val=1.250e+02]
GNN flow training:  21%|██        | 21/100 [01:39<05:57,  4.52s/epoch, best=1.249e+02, sign=0.194, train=1.251e+02, val=1.244e+02]
GNN flow training:  22%|██▏       | 22/100 [01:39<05:52,  4.52s/epoch, best=1.249e+02, sign=0.194, train=1.251e+02, val=1.244e+02]
GNN flow training:  22%|██▏       | 22/100 [01:43<05:52,  4.52s/epoch, best=1.244e+02, sign=0.193, train=1.244e+02, val=1.245e+02]
GNN flow training:  23%|██▎       | 23/100 [01:43<05:47,  4.51s/epoch, best=1.244e+02, sign=0.193, train=1.244e+02, val=1.245e+02]
GNN flow training:  23%|██▎       | 23/100 [01:48<05:47,  4.51s/epoch, best=1.244e+02, sign=0.193, train=1.246e+02, val=1.243e+02]
GNN flow training:  24%|██▍       | 24/100 [01:48<05:42,  4.51s/epoch, best=1.244e+02, sign=0.193, train=1.246e+02, val=1.243e+02]
GNN flow training:  24%|██▍       | 24/100 [01:52<05:42,  4.51s/epoch, best=1.243e+02, sign=0.194, train=1.244e+02, val=1.242e+02]
GNN flow training:  25%|██▌       | 25/100 [01:52<05:37,  4.50s/epoch, best=1.243e+02, sign=0.194, train=1.244e+02, val=1.242e+02]
GNN flow training:  25%|██▌       | 25/100 [01:57<05:37,  4.50s/epoch, best=1.242e+02, sign=0.194, train=1.242e+02, val=1.235e+02]
GNN flow training:  26%|██▌       | 26/100 [01:57<05:34,  4.52s/epoch, best=1.242e+02, sign=0.194, train=1.242e+02, val=1.235e+02]
GNN flow training:  26%|██▌       | 26/100 [02:01<05:34,  4.52s/epoch, best=1.235e+02, sign=0.195, train=1.235e+02, val=1.235e+02]
GNN flow training:  27%|██▋       | 27/100 [02:01<05:29,  4.51s/epoch, best=1.235e+02, sign=0.195, train=1.235e+02, val=1.235e+02]
GNN flow training:  27%|██▋       | 27/100 [02:06<05:29,  4.51s/epoch, best=1.235e+02, sign=0.195, train=1.235e+02, val=1.235e+02]
GNN flow training:  28%|██▊       | 28/100 [02:06<05:24,  4.50s/epoch, best=1.235e+02, sign=0.195, train=1.235e+02, val=1.235e+02]
GNN flow training:  28%|██▊       | 28/100 [02:10<05:24,  4.50s/epoch, best=1.235e+02, sign=0.196, train=1.235e+02, val=1.236e+02]
GNN flow training:  29%|██▉       | 29/100 [02:10<05:18,  4.49s/epoch, best=1.235e+02, sign=0.196, train=1.235e+02, val=1.236e+02]
GNN flow training:  29%|██▉       | 29/100 [02:15<05:18,  4.49s/epoch, best=1.235e+02, sign=0.196, train=1.236e+02, val=1.234e+02]
GNN flow training:  30%|███       | 30/100 [02:15<05:14,  4.49s/epoch, best=1.235e+02, sign=0.196, train=1.236e+02, val=1.234e+02]
GNN flow training:  30%|███       | 30/100 [02:19<05:14,  4.49s/epoch, best=1.234e+02, sign=0.197, train=1.234e+02, val=1.232e+02]
GNN flow training:  31%|███       | 31/100 [02:19<05:10,  4.50s/epoch, best=1.234e+02, sign=0.197, train=1.234e+02, val=1.232e+02]
GNN flow training:  31%|███       | 31/100 [02:24<05:10,  4.50s/epoch, best=1.232e+02, sign=0.198, train=1.232e+02, val=1.232e+02]
GNN flow training:  32%|███▏      | 32/100 [02:24<05:06,  4.50s/epoch, best=1.232e+02, sign=0.198, train=1.232e+02, val=1.232e+02]
GNN flow training:  32%|███▏      | 32/100 [02:28<05:06,  4.50s/epoch, best=1.232e+02, sign=0.199, train=1.232e+02, val=1.231e+02]
GNN flow training:  33%|███▎      | 33/100 [02:28<05:01,  4.49s/epoch, best=1.232e+02, sign=0.199, train=1.232e+02, val=1.231e+02]
GNN flow training:  33%|███▎      | 33/100 [02:33<05:01,  4.49s/epoch, best=1.231e+02, sign=0.202, train=1.231e+02, val=1.236e+02]
GNN flow training:  34%|███▍      | 34/100 [02:33<04:56,  4.49s/epoch, best=1.231e+02, sign=0.202, train=1.231e+02, val=1.236e+02]
GNN flow training:  34%|███▍      | 34/100 [02:37<04:56,  4.49s/epoch, best=1.231e+02, sign=0.203, train=1.236e+02, val=1.234e+02]
GNN flow training:  35%|███▌      | 35/100 [02:37<04:51,  4.48s/epoch, best=1.231e+02, sign=0.203, train=1.236e+02, val=1.234e+02]
GNN flow training:  35%|███▌      | 35/100 [02:42<04:51,  4.48s/epoch, best=1.231e+02, sign=0.203, train=1.234e+02, val=1.233e+02]
GNN flow training:  36%|███▌      | 36/100 [02:42<04:47,  4.49s/epoch, best=1.231e+02, sign=0.203, train=1.234e+02, val=1.233e+02]
GNN flow training:  36%|███▌      | 36/100 [02:46<04:47,  4.49s/epoch, best=1.231e+02, sign=0.201, train=1.233e+02, val=1.226e+02]
GNN flow training:  37%|███▋      | 37/100 [02:46<04:43,  4.50s/epoch, best=1.231e+02, sign=0.201, train=1.233e+02, val=1.226e+02]
GNN flow training:  37%|███▋      | 37/100 [02:51<04:43,  4.50s/epoch, best=1.226e+02, sign=0.199, train=1.226e+02, val=1.220e+02]
GNN flow training:  38%|███▊      | 38/100 [02:51<04:38,  4.49s/epoch, best=1.226e+02, sign=0.199, train=1.226e+02, val=1.220e+02]
GNN flow training:  38%|███▊      | 38/100 [02:55<04:38,  4.49s/epoch, best=1.220e+02, sign=0.198, train=1.220e+02, val=1.214e+02]
GNN flow training:  39%|███▉      | 39/100 [02:55<04:33,  4.48s/epoch, best=1.220e+02, sign=0.198, train=1.220e+02, val=1.214e+02]
GNN flow training:  39%|███▉      | 39/100 [03:00<04:33,  4.48s/epoch, best=1.214e+02, sign=0.196, train=1.214e+02, val=1.207e+02]
GNN flow training:  40%|████      | 40/100 [03:00<04:28,  4.48s/epoch, best=1.214e+02, sign=0.196, train=1.214e+02, val=1.207e+02]
GNN flow training:  40%|████      | 40/100 [03:04<04:28,  4.48s/epoch, best=1.207e+02, sign=0.194, train=1.207e+02, val=1.204e+02]
GNN flow training:  41%|████      | 41/100 [03:04<04:25,  4.50s/epoch, best=1.207e+02, sign=0.194, train=1.207e+02, val=1.204e+02]
GNN flow training:  41%|████      | 41/100 [03:09<04:25,  4.50s/epoch, best=1.204e+02, sign=0.192, train=1.204e+02, val=1.198e+02]
GNN flow training:  42%|████▏     | 42/100 [03:09<04:20,  4.50s/epoch, best=1.204e+02, sign=0.192, train=1.204e+02, val=1.198e+02]
GNN flow training:  42%|████▏     | 42/100 [03:13<04:20,  4.50s/epoch, best=1.198e+02, sign=0.191, train=1.198e+02, val=1.192e+02]
GNN flow training:  43%|████▎     | 43/100 [03:13<04:15,  4.49s/epoch, best=1.198e+02, sign=0.191, train=1.198e+02, val=1.192e+02]
GNN flow training:  43%|████▎     | 43/100 [03:18<04:15,  4.49s/epoch, best=1.192e+02, sign=0.191, train=1.192e+02, val=1.190e+02]
GNN flow training:  44%|████▍     | 44/100 [03:18<04:11,  4.49s/epoch, best=1.192e+02, sign=0.191, train=1.192e+02, val=1.190e+02]
GNN flow training:  44%|████▍     | 44/100 [03:22<04:11,  4.49s/epoch, best=1.190e+02, sign=0.190, train=1.190e+02, val=1.188e+02]
GNN flow training:  45%|████▌     | 45/100 [03:22<04:07,  4.49s/epoch, best=1.190e+02, sign=0.190, train=1.190e+02, val=1.188e+02]
GNN flow training:  45%|████▌     | 45/100 [03:27<04:07,  4.49s/epoch, best=1.188e+02, sign=0.189, train=1.188e+02, val=1.184e+02]
GNN flow training:  46%|████▌     | 46/100 [03:27<04:02,  4.50s/epoch, best=1.188e+02, sign=0.189, train=1.188e+02, val=1.184e+02]
GNN flow training:  46%|████▌     | 46/100 [03:31<04:02,  4.50s/epoch, best=1.184e+02, sign=0.187, train=1.184e+02, val=1.180e+02]
GNN flow training:  47%|████▋     | 47/100 [03:31<03:58,  4.50s/epoch, best=1.184e+02, sign=0.187, train=1.184e+02, val=1.180e+02]
GNN flow training:  47%|████▋     | 47/100 [03:36<03:58,  4.50s/epoch, best=1.180e+02, sign=0.186, train=1.181e+02, val=1.173e+02]
GNN flow training:  48%|████▊     | 48/100 [03:36<03:53,  4.49s/epoch, best=1.180e+02, sign=0.186, train=1.181e+02, val=1.173e+02]
GNN flow training:  48%|████▊     | 48/100 [03:40<03:53,  4.49s/epoch, best=1.173e+02, sign=0.185, train=1.173e+02, val=1.162e+02]
GNN flow training:  49%|████▉     | 49/100 [03:40<03:48,  4.49s/epoch, best=1.173e+02, sign=0.185, train=1.173e+02, val=1.162e+02]
GNN flow training:  49%|████▉     | 49/100 [03:45<03:48,  4.49s/epoch, best=1.162e+02, sign=0.184, train=1.162e+02, val=1.160e+02]
GNN flow training:  50%|█████     | 50/100 [03:45<03:44,  4.49s/epoch, best=1.162e+02, sign=0.184, train=1.162e+02, val=1.160e+02]
GNN flow training:  50%|█████     | 50/100 [03:49<03:44,  4.49s/epoch, best=1.160e+02, sign=0.183, train=1.160e+02, val=1.152e+02]
GNN flow training:  51%|█████     | 51/100 [03:49<03:39,  4.48s/epoch, best=1.160e+02, sign=0.183, train=1.160e+02, val=1.152e+02]
GNN flow training:  51%|█████     | 51/100 [03:54<03:39,  4.48s/epoch, best=1.152e+02, sign=0.183, train=1.152e+02, val=1.147e+02]
GNN flow training:  52%|█████▏    | 52/100 [03:54<03:35,  4.48s/epoch, best=1.152e+02, sign=0.183, train=1.152e+02, val=1.147e+02]
GNN flow training:  52%|█████▏    | 52/100 [03:58<03:35,  4.48s/epoch, best=1.147e+02, sign=0.182, train=1.148e+02, val=1.142e+02]
GNN flow training:  53%|█████▎    | 53/100 [03:58<03:30,  4.48s/epoch, best=1.147e+02, sign=0.182, train=1.148e+02, val=1.142e+02]
GNN flow training:  53%|█████▎    | 53/100 [04:02<03:30,  4.48s/epoch, best=1.142e+02, sign=0.182, train=1.142e+02, val=1.137e+02]
GNN flow training:  54%|█████▍    | 54/100 [04:02<03:26,  4.48s/epoch, best=1.142e+02, sign=0.182, train=1.142e+02, val=1.137e+02]
GNN flow training:  54%|█████▍    | 54/100 [04:07<03:26,  4.48s/epoch, best=1.137e+02, sign=0.182, train=1.137e+02, val=1.130e+02]
GNN flow training:  55%|█████▌    | 55/100 [04:07<03:21,  4.48s/epoch, best=1.137e+02, sign=0.182, train=1.137e+02, val=1.130e+02]
GNN flow training:  55%|█████▌    | 55/100 [04:11<03:21,  4.48s/epoch, best=1.130e+02, sign=0.180, train=1.130e+02, val=1.122e+02]
GNN flow training:  56%|█████▌    | 56/100 [04:11<03:17,  4.49s/epoch, best=1.130e+02, sign=0.180, train=1.130e+02, val=1.122e+02]
GNN flow training:  56%|█████▌    | 56/100 [04:16<03:17,  4.49s/epoch, best=1.122e+02, sign=0.180, train=1.122e+02, val=1.115e+02]
GNN flow training:  57%|█████▋    | 57/100 [04:16<03:13,  4.49s/epoch, best=1.122e+02, sign=0.180, train=1.122e+02, val=1.115e+02]
GNN flow training:  57%|█████▋    | 57/100 [04:20<03:13,  4.49s/epoch, best=1.115e+02, sign=0.177, train=1.115e+02, val=1.116e+02]
GNN flow training:  58%|█████▊    | 58/100 [04:20<03:08,  4.49s/epoch, best=1.115e+02, sign=0.177, train=1.115e+02, val=1.116e+02]
GNN flow training:  58%|█████▊    | 58/100 [04:25<03:08,  4.49s/epoch, best=1.115e+02, sign=0.173, train=1.116e+02, val=1.124e+02]
GNN flow training:  59%|█████▉    | 59/100 [04:25<03:03,  4.49s/epoch, best=1.115e+02, sign=0.173, train=1.116e+02, val=1.124e+02]
GNN flow training:  59%|█████▉    | 59/100 [04:29<03:03,  4.49s/epoch, best=1.115e+02, sign=0.171, train=1.124e+02, val=1.118e+02]
GNN flow training:  60%|██████    | 60/100 [04:29<02:59,  4.49s/epoch, best=1.115e+02, sign=0.171, train=1.124e+02, val=1.118e+02]
GNN flow training:  60%|██████    | 60/100 [04:34<02:59,  4.49s/epoch, best=1.115e+02, sign=0.169, train=1.118e+02, val=1.112e+02]
GNN flow training:  61%|██████    | 61/100 [04:34<02:54,  4.48s/epoch, best=1.115e+02, sign=0.169, train=1.118e+02, val=1.112e+02]
GNN flow training:  61%|██████    | 61/100 [04:38<02:54,  4.48s/epoch, best=1.112e+02, sign=0.166, train=1.112e+02, val=1.095e+02]
GNN flow training:  62%|██████▏   | 62/100 [04:38<02:49,  4.47s/epoch, best=1.112e+02, sign=0.166, train=1.112e+02, val=1.095e+02]
GNN flow training:  62%|██████▏   | 62/100 [04:43<02:49,  4.47s/epoch, best=1.095e+02, sign=0.164, train=1.095e+02, val=1.092e+02]
GNN flow training:  63%|██████▎   | 63/100 [04:43<02:45,  4.49s/epoch, best=1.095e+02, sign=0.164, train=1.095e+02, val=1.092e+02]
GNN flow training:  63%|██████▎   | 63/100 [04:47<02:45,  4.49s/epoch, best=1.092e+02, sign=0.159, train=1.092e+02, val=1.087e+02]
GNN flow training:  64%|██████▍   | 64/100 [04:47<02:41,  4.50s/epoch, best=1.092e+02, sign=0.159, train=1.092e+02, val=1.087e+02]
GNN flow training:  64%|██████▍   | 64/100 [04:52<02:41,  4.50s/epoch, best=1.087e+02, sign=0.158, train=1.087e+02, val=1.091e+02]
GNN flow training:  65%|██████▌   | 65/100 [04:52<02:37,  4.51s/epoch, best=1.087e+02, sign=0.158, train=1.087e+02, val=1.091e+02]
GNN flow training:  65%|██████▌   | 65/100 [04:56<02:37,  4.51s/epoch, best=1.087e+02, sign=0.155, train=1.091e+02, val=1.089e+02]
GNN flow training:  66%|██████▌   | 66/100 [04:56<02:33,  4.51s/epoch, best=1.087e+02, sign=0.155, train=1.091e+02, val=1.089e+02]
GNN flow training:  66%|██████▌   | 66/100 [05:01<02:33,  4.51s/epoch, best=1.087e+02, sign=0.155, train=1.089e+02, val=1.082e+02]
GNN flow training:  67%|██████▋   | 67/100 [05:01<02:28,  4.50s/epoch, best=1.087e+02, sign=0.155, train=1.089e+02, val=1.082e+02]
GNN flow training:  67%|██████▋   | 67/100 [05:05<02:28,  4.50s/epoch, best=1.082e+02, sign=0.154, train=1.082e+02, val=1.095e+02]
GNN flow training:  68%|██████▊   | 68/100 [05:05<02:24,  4.50s/epoch, best=1.082e+02, sign=0.154, train=1.082e+02, val=1.095e+02]
GNN flow training:  68%|██████▊   | 68/100 [05:10<02:24,  4.50s/epoch, best=1.082e+02, sign=0.155, train=1.095e+02, val=1.105e+02]
GNN flow training:  69%|██████▉   | 69/100 [05:10<02:20,  4.52s/epoch, best=1.082e+02, sign=0.155, train=1.095e+02, val=1.105e+02]
GNN flow training:  69%|██████▉   | 69/100 [05:14<02:20,  4.52s/epoch, best=1.082e+02, sign=0.155, train=1.105e+02, val=1.095e+02]
GNN flow training:  70%|███████   | 70/100 [05:14<02:15,  4.51s/epoch, best=1.082e+02, sign=0.155, train=1.105e+02, val=1.095e+02]
GNN flow training:  70%|███████   | 70/100 [05:19<02:15,  4.51s/epoch, best=1.082e+02, sign=0.157, train=1.095e+02, val=1.103e+02]
GNN flow training:  71%|███████   | 71/100 [05:19<02:10,  4.51s/epoch, best=1.082e+02, sign=0.157, train=1.095e+02, val=1.103e+02]
GNN flow training:  71%|███████   | 71/100 [05:23<02:10,  4.51s/epoch, best=1.082e+02, sign=0.159, train=1.104e+02, val=1.103e+02]
GNN flow training:  72%|███████▏  | 72/100 [05:23<02:06,  4.51s/epoch, best=1.082e+02, sign=0.159, train=1.104e+02, val=1.103e+02]
GNN flow training:  72%|███████▏  | 72/100 [05:28<02:06,  4.51s/epoch, best=1.082e+02, sign=0.163, train=1.103e+02, val=1.106e+02]
GNN flow training:  73%|███████▎  | 73/100 [05:28<02:01,  4.50s/epoch, best=1.082e+02, sign=0.163, train=1.103e+02, val=1.106e+02]
GNN flow training:  73%|███████▎  | 73/100 [05:32<02:01,  4.50s/epoch, best=1.082e+02, sign=0.165, train=1.106e+02, val=1.112e+02]
GNN flow training:  74%|███████▍  | 74/100 [05:32<01:56,  4.50s/epoch, best=1.082e+02, sign=0.165, train=1.106e+02, val=1.112e+02]
GNN flow training:  74%|███████▍  | 74/100 [05:37<01:56,  4.50s/epoch, best=1.082e+02, sign=0.169, train=1.112e+02, val=1.119e+02]
GNN flow training:  75%|███████▌  | 75/100 [05:37<01:52,  4.49s/epoch, best=1.082e+02, sign=0.169, train=1.112e+02, val=1.119e+02]
GNN flow training:  75%|███████▌  | 75/100 [05:41<01:52,  4.49s/epoch, best=1.082e+02, sign=0.163, train=1.119e+02, val=1.108e+02]
GNN flow training:  76%|███████▌  | 76/100 [05:41<01:47,  4.49s/epoch, best=1.082e+02, sign=0.163, train=1.119e+02, val=1.108e+02]
GNN flow training:  76%|███████▌  | 76/100 [05:46<01:47,  4.49s/epoch, best=1.082e+02, sign=0.159, train=1.108e+02, val=1.094e+02]
GNN flow training:  77%|███████▋  | 77/100 [05:46<01:43,  4.48s/epoch, best=1.082e+02, sign=0.159, train=1.108e+02, val=1.094e+02]
GNN flow training:  77%|███████▋  | 77/100 [05:50<01:43,  4.48s/epoch, best=1.082e+02, sign=0.159, train=1.094e+02, val=1.093e+02]
GNN flow training:  78%|███████▊  | 78/100 [05:50<01:38,  4.48s/epoch, best=1.082e+02, sign=0.159, train=1.094e+02, val=1.093e+02]
GNN flow training:  78%|███████▊  | 78/100 [05:55<01:38,  4.48s/epoch, best=1.082e+02, sign=0.159, train=1.093e+02, val=1.099e+02]
GNN flow training:  79%|███████▉  | 79/100 [05:55<01:34,  4.48s/epoch, best=1.082e+02, sign=0.159, train=1.093e+02, val=1.099e+02]
GNN flow training:  79%|███████▉  | 79/100 [05:59<01:34,  4.48s/epoch, best=1.082e+02, sign=0.158, train=1.099e+02, val=1.094e+02]
GNN flow training:  80%|████████  | 80/100 [05:59<01:29,  4.49s/epoch, best=1.082e+02, sign=0.158, train=1.099e+02, val=1.094e+02]
GNN flow training:  80%|████████  | 80/100 [06:04<01:29,  4.49s/epoch, best=1.082e+02, sign=0.159, train=1.094e+02, val=1.091e+02]
GNN flow training:  81%|████████  | 81/100 [06:04<01:25,  4.48s/epoch, best=1.082e+02, sign=0.159, train=1.094e+02, val=1.091e+02]
GNN flow training:  81%|████████  | 81/100 [06:08<01:25,  4.48s/epoch, best=1.082e+02, sign=0.156, train=1.091e+02, val=1.095e+02]
GNN flow training:  82%|████████▏ | 82/100 [06:08<01:20,  4.49s/epoch, best=1.082e+02, sign=0.156, train=1.091e+02, val=1.095e+02]
GNN flow training:  82%|████████▏ | 82/100 [06:13<01:20,  4.49s/epoch, best=1.082e+02, sign=0.153, train=1.095e+02, val=1.072e+02]
GNN flow training:  83%|████████▎ | 83/100 [06:13<01:16,  4.47s/epoch, best=1.082e+02, sign=0.153, train=1.095e+02, val=1.072e+02]
GNN flow training:  83%|████████▎ | 83/100 [06:17<01:16,  4.47s/epoch, best=1.072e+02, sign=0.152, train=1.073e+02, val=1.075e+02]
GNN flow training:  84%|████████▍ | 84/100 [06:17<01:11,  4.47s/epoch, best=1.072e+02, sign=0.152, train=1.073e+02, val=1.075e+02]
GNN flow training:  84%|████████▍ | 84/100 [06:22<01:11,  4.47s/epoch, best=1.072e+02, sign=0.153, train=1.076e+02, val=1.077e+02]
GNN flow training:  85%|████████▌ | 85/100 [06:22<01:07,  4.48s/epoch, best=1.072e+02, sign=0.153, train=1.076e+02, val=1.077e+02]
GNN flow training:  85%|████████▌ | 85/100 [06:26<01:07,  4.48s/epoch, best=1.072e+02, sign=0.151, train=1.077e+02, val=1.076e+02]
GNN flow training:  86%|████████▌ | 86/100 [06:26<01:02,  4.49s/epoch, best=1.072e+02, sign=0.151, train=1.077e+02, val=1.076e+02]
GNN flow training:  86%|████████▌ | 86/100 [06:31<01:02,  4.49s/epoch, best=1.072e+02, sign=0.149, train=1.076e+02, val=1.069e+02]
GNN flow training:  87%|████████▋ | 87/100 [06:31<00:58,  4.49s/epoch, best=1.072e+02, sign=0.149, train=1.076e+02, val=1.069e+02]
GNN flow training:  87%|████████▋ | 87/100 [06:35<00:58,  4.49s/epoch, best=1.069e+02, sign=0.148, train=1.069e+02, val=1.071e+02]
GNN flow training:  88%|████████▊ | 88/100 [06:35<00:53,  4.49s/epoch, best=1.069e+02, sign=0.148, train=1.069e+02, val=1.071e+02]
GNN flow training:  88%|████████▊ | 88/100 [06:40<00:53,  4.49s/epoch, best=1.069e+02, sign=0.149, train=1.071e+02, val=1.073e+02]
GNN flow training:  89%|████████▉ | 89/100 [06:40<00:49,  4.48s/epoch, best=1.069e+02, sign=0.149, train=1.071e+02, val=1.073e+02]
GNN flow training:  89%|████████▉ | 89/100 [06:44<00:49,  4.48s/epoch, best=1.069e+02, sign=0.148, train=1.073e+02, val=1.072e+02]
GNN flow training:  90%|█████████ | 90/100 [06:44<00:44,  4.48s/epoch, best=1.069e+02, sign=0.148, train=1.073e+02, val=1.072e+02]
GNN flow training:  90%|█████████ | 90/100 [06:49<00:44,  4.48s/epoch, best=1.069e+02, sign=0.149, train=1.073e+02, val=1.075e+02]
GNN flow training:  91%|█████████ | 91/100 [06:49<00:40,  4.49s/epoch, best=1.069e+02, sign=0.149, train=1.073e+02, val=1.075e+02]
GNN flow training:  91%|█████████ | 91/100 [06:53<00:40,  4.49s/epoch, best=1.069e+02, sign=0.146, train=1.075e+02, val=1.062e+02]
GNN flow training:  92%|█████████▏| 92/100 [06:53<00:35,  4.48s/epoch, best=1.069e+02, sign=0.146, train=1.075e+02, val=1.062e+02]
GNN flow training:  92%|█████████▏| 92/100 [06:58<00:35,  4.48s/epoch, best=1.062e+02, sign=0.148, train=1.062e+02, val=1.044e+02]
GNN flow training:  93%|█████████▎| 93/100 [06:58<00:31,  4.47s/epoch, best=1.062e+02, sign=0.148, train=1.062e+02, val=1.044e+02]
GNN flow training:  93%|█████████▎| 93/100 [07:02<00:31,  4.47s/epoch, best=1.044e+02, sign=0.151, train=1.044e+02, val=1.051e+02]
GNN flow training:  94%|█████████▍| 94/100 [07:02<00:26,  4.46s/epoch, best=1.044e+02, sign=0.151, train=1.044e+02, val=1.051e+02]
GNN flow training:  94%|█████████▍| 94/100 [07:06<00:26,  4.46s/epoch, best=1.044e+02, sign=0.151, train=1.051e+02, val=1.053e+02]
GNN flow training:  95%|█████████▌| 95/100 [07:06<00:22,  4.47s/epoch, best=1.044e+02, sign=0.151, train=1.051e+02, val=1.053e+02]
GNN flow training:  95%|█████████▌| 95/100 [07:11<00:22,  4.47s/epoch, best=1.044e+02, sign=0.148, train=1.053e+02, val=1.041e+02]
GNN flow training:  96%|█████████▌| 96/100 [07:11<00:17,  4.46s/epoch, best=1.044e+02, sign=0.148, train=1.053e+02, val=1.041e+02]
GNN flow training:  96%|█████████▌| 96/100 [07:15<00:17,  4.46s/epoch, best=1.041e+02, sign=0.146, train=1.041e+02, val=1.041e+02]
GNN flow training:  97%|█████████▋| 97/100 [07:15<00:13,  4.46s/epoch, best=1.041e+02, sign=0.146, train=1.041e+02, val=1.041e+02]
GNN flow training:  97%|█████████▋| 97/100 [07:20<00:13,  4.46s/epoch, best=1.041e+02, sign=0.145, train=1.041e+02, val=1.047e+02]
GNN flow training:  98%|█████████▊| 98/100 [07:20<00:08,  4.47s/epoch, best=1.041e+02, sign=0.145, train=1.041e+02, val=1.047e+02]
GNN flow training:  98%|█████████▊| 98/100 [07:24<00:08,  4.47s/epoch, best=1.041e+02, sign=0.144, train=1.047e+02, val=1.052e+02]
GNN flow training:  99%|█████████▉| 99/100 [07:24<00:04,  4.47s/epoch, best=1.041e+02, sign=0.144, train=1.047e+02, val=1.052e+02]
GNN flow training:  99%|█████████▉| 99/100 [07:29<00:04,  4.47s/epoch, best=1.041e+02, sign=0.146, train=1.052e+02, val=1.061e+02]
GNN flow training: 100%|██████████| 100/100 [07:29<00:00,  4.48s/epoch, best=1.041e+02, sign=0.146, train=1.052e+02, val=1.061e+02]
GNN flow training: 100%|██████████| 100/100 [07:29<00:00,  4.49s/epoch, best=1.041e+02, sign=0.146, train=1.052e+02, val=1.061e+02]
Resolved config snapshot:
{'preset': 'solver_QKB_outer_QKBdelta', 'gnn_outer_losses': {'flow': 10.0, 'kirchhoff': 10.0, 'boundary': 100.0, 'delta_l2': 0.1, 'delta_smooth': 0.0, 'pressure_shape': 0.0}, 'physics': {'arterial_flow_mode': 'dataset', 'pressure_constraints': ['equal-a-equal-v'], 'alpha_pa': None, 'use_snr_weights': True, 'use_observed_flow_snr_weighting': True, 'flow_scale_mode': 'median_abs', 'solver_device': 'same', 'pressure_solver_mode': 'reduced-soft-constrained-lstsq', 'pressure_solver_lambda_kirchhoff': 1.0, 'pressure_solver_lambda_pressure_constraints': 100.0, 'pressure_solver_lambda_flow_residual': 1.0, 'pressure_shape_reference': 'delta_zero_reference', 'pressure_detach': False}, 'correction_bounds': {'correction_min': -0.5, 'correction_max': 0.5, 'correction_bound': 0.5, 'correction_parameterization': 'tanh'}, 'optimization': {'learning_rate': 0.001, 'weight_decay': 0.0001, 'gradient_clip_norm': 5.0, 'optimizer': 'adamw', 'epochs': 100, 'patience': 40}}
Resolved config snapshot:
{'preset': 'solver_QKB_outer_QKBdelta', 'gnn_outer_losses': {'flow': 1.0, 'kirchhoff': 10.0, 'boundary': 100.0, 'delta_l2': 100.0, 'delta_smooth': 0.0, 'pressure_shape': 0.0}, 'physics': {'arterial_flow_mode': 'dataset', 'pressure_constraints': ['equal-a-equal-v'], 'alpha_pa': None, 'use_snr_weights': True, 'use_observed_flow_snr_weighting': True, 'flow_scale_mode': 'median_abs', 'solver_device': 'same', 'pressure_solver_mode': 'reduced-soft-constrained-lstsq', 'pressure_solver_lambda_kirchhoff': 1.0, 'pressure_solver_lambda_pressure_constraints': 100.0, 'pressure_solver_lambda_flow_residual': 1.0, 'pressure_shape_reference': 'delta_zero_reference', 'pressure_detach': False}, 'correction_bounds': {'correction_min': -0.5, 'correction_max': 0.5, 'correction_bound': 0.5, 'correction_parameterization': 'tanh'}, 'optimization': {'learning_rate': 0.001, 'weight_decay': 0.0001, 'gradient_clip_norm': 5.0, 'optimizer': 'adamw', 'epochs': 100, 'patience': 40}}
Command: /mnt/home/sswee/miniforge3/envs/yolk-sac/bin/python /mnt/home/sswee/yolk/Yolk-Sac-Flow-Data-and-Sim/gnn_clean/scripts/python/gnn_flow.py /mnt/home/sswee/yolk/Yolk-Sac-Flow-Data-and-Sim/gnn_clean/datasets/mosaic_graph_canonical_harmonized/mosaic_graph_canonical_harmonized.gpickle --output-dir /mnt/home/sswee/yolk/Yolk-Sac-Flow-Data-and-Sim/gnn_clean/outputs_canonical/dc/03_pressure_constraint_sensitivity/gnn --run-name q_10__k_10__delta_0p1__constraint_equal_av --preset solver_QKB_outer_QKBdelta --device cuda --epochs 100 --seed 0 --viscosity-pa-s 0.0035 --config /mnt/home/sswee/yolk/Yolk-Sac-Flow-Data-and-Sim/gnn_clean/outputs_canonical/dc/03_pressure_constraint_sensitivity/_generated_configs/q_10__k_10__delta_0p1__constraint_equal_av.yaml --no-pressure-detach
Command: /mnt/home/sswee/miniforge3/envs/yolk-sac/bin/python /mnt/home/sswee/yolk/Yolk-Sac-Flow-Data-and-Sim/gnn_clean/scripts/python/gnn_flow.py /mnt/home/sswee/yolk/Yolk-Sac-Flow-Data-and-Sim/gnn_clean/datasets/mosaic_graph_canonical_harmonized/mosaic_graph_canonical_harmonized.gpickle --output-dir /mnt/home/sswee/yolk/Yolk-Sac-Flow-Data-and-Sim/gnn_clean/outputs_canonical/dc/03_pressure_constraint_sensitivity/gnn --run-name q_1__k_10__delta_100__constraint_equal_av --preset solver_QKB_outer_QKBdelta --device cuda --epochs 100 --seed 0 --viscosity-pa-s 0.0035 --config /mnt/home/sswee/yolk/Yolk-Sac-Flow-Data-and-Sim/gnn_clean/outputs_canonical/dc/03_pressure_constraint_sensitivity/_generated_configs/q_1__k_10__delta_100__constraint_equal_av.yaml --no-pressure-detach
Command: /mnt/home/sswee/miniforge3/envs/yolk-sac/bin/python /mnt/home/sswee/yolk/Yolk-Sac-Flow-Data-and-Sim/gnn_clean/scripts/python/poiseuille_only_baseline.py /mnt/home/sswee/yolk/Yolk-Sac-Flow-Data-and-Sim/gnn_clean/datasets/mosaic_graph_canonical_harmonized/mosaic_graph_canonical_harmonized.gpickle --output-dir /mnt/home/sswee/yolk/Yolk-Sac-Flow-Data-and-Sim/gnn_clean/outputs_canonical/dc/03_pressure_constraint_sensitivity/poiseuille --run-name poiseuille__q_10__k_10__constraint_equal_av --device cpu --viscosity-pa-s 0.0035 --dc-solve-mode reduced-soft-constrained-lstsq --arterial-flow-mode dataset --lambda-kirchhoff 10.0 --lambda-pressure-constraints 100.0 --lambda-flow-residual 10.0 --pressure-constraint equal-a-equal-v
