
GNN flow training:   0%|          | 0/100 [00:00<?, ?epoch/s]
GNN flow training:   0%|          | 0/100 [00:04<?, ?epoch/s, best=1.522e+01, sign=0.289, train=1.524e+01, val=1.522e+01]
GNN flow training:   1%|          | 1/100 [00:04<07:42,  4.67s/epoch, best=1.522e+01, sign=0.289, train=1.524e+01, val=1.522e+01]
GNN flow training:   1%|          | 1/100 [00:09<07:42,  4.67s/epoch, best=1.522e+01, sign=0.288, train=1.522e+01, val=1.517e+01]
GNN flow training:   2%|▏         | 2/100 [00:09<07:31,  4.60s/epoch, best=1.522e+01, sign=0.288, train=1.522e+01, val=1.517e+01]
GNN flow training:   2%|▏         | 2/100 [00:13<07:31,  4.60s/epoch, best=1.517e+01, sign=0.288, train=1.517e+01, val=1.510e+01]
GNN flow training:   3%|▎         | 3/100 [00:13<07:21,  4.55s/epoch, best=1.517e+01, sign=0.288, train=1.517e+01, val=1.510e+01]
GNN flow training:   3%|▎         | 3/100 [00:18<07:21,  4.55s/epoch, best=1.510e+01, sign=0.287, train=1.510e+01, val=1.503e+01]
GNN flow training:   4%|▍         | 4/100 [00:18<07:14,  4.53s/epoch, best=1.510e+01, sign=0.287, train=1.510e+01, val=1.503e+01]
GNN flow training:   4%|▍         | 4/100 [00:22<07:14,  4.53s/epoch, best=1.503e+01, sign=0.285, train=1.503e+01, val=1.495e+01]
GNN flow training:   5%|▌         | 5/100 [00:22<07:09,  4.52s/epoch, best=1.503e+01, sign=0.285, train=1.503e+01, val=1.495e+01]
GNN flow training:   5%|▌         | 5/100 [00:27<07:09,  4.52s/epoch, best=1.495e+01, sign=0.285, train=1.495e+01, val=1.490e+01]
GNN flow training:   6%|▌         | 6/100 [00:27<07:04,  4.52s/epoch, best=1.495e+01, sign=0.285, train=1.495e+01, val=1.490e+01]
GNN flow training:   6%|▌         | 6/100 [00:31<07:04,  4.52s/epoch, best=1.490e+01, sign=0.283, train=1.490e+01, val=1.484e+01]
GNN flow training:   7%|▋         | 7/100 [00:31<06:58,  4.50s/epoch, best=1.490e+01, sign=0.283, train=1.490e+01, val=1.484e+01]
GNN flow training:   7%|▋         | 7/100 [00:36<06:58,  4.50s/epoch, best=1.484e+01, sign=0.280, train=1.484e+01, val=1.477e+01]
GNN flow training:   8%|▊         | 8/100 [00:36<06:52,  4.49s/epoch, best=1.484e+01, sign=0.280, train=1.484e+01, val=1.477e+01]
GNN flow training:   8%|▊         | 8/100 [00:40<06:52,  4.49s/epoch, best=1.477e+01, sign=0.277, train=1.477e+01, val=1.463e+01]
GNN flow training:   9%|▉         | 9/100 [00:40<06:48,  4.49s/epoch, best=1.477e+01, sign=0.277, train=1.477e+01, val=1.463e+01]
GNN flow training:   9%|▉         | 9/100 [00:45<06:48,  4.49s/epoch, best=1.463e+01, sign=0.274, train=1.463e+01, val=1.451e+01]
GNN flow training:  10%|█         | 10/100 [00:45<06:45,  4.50s/epoch, best=1.463e+01, sign=0.274, train=1.463e+01, val=1.451e+01]
GNN flow training:  10%|█         | 10/100 [00:49<06:45,  4.50s/epoch, best=1.451e+01, sign=0.271, train=1.451e+01, val=1.439e+01]
GNN flow training:  11%|█         | 11/100 [00:49<06:39,  4.49s/epoch, best=1.451e+01, sign=0.271, train=1.451e+01, val=1.439e+01]
GNN flow training:  11%|█         | 11/100 [00:54<06:39,  4.49s/epoch, best=1.439e+01, sign=0.270, train=1.439e+01, val=1.420e+01]
GNN flow training:  12%|█▏        | 12/100 [00:54<06:36,  4.51s/epoch, best=1.439e+01, sign=0.270, train=1.439e+01, val=1.420e+01]
GNN flow training:  12%|█▏        | 12/100 [00:58<06:36,  4.51s/epoch, best=1.420e+01, sign=0.268, train=1.420e+01, val=1.404e+01]
GNN flow training:  13%|█▎        | 13/100 [00:58<06:31,  4.50s/epoch, best=1.420e+01, sign=0.268, train=1.420e+01, val=1.404e+01]
GNN flow training:  13%|█▎        | 13/100 [01:03<06:31,  4.50s/epoch, best=1.404e+01, sign=0.264, train=1.404e+01, val=1.388e+01]
GNN flow training:  14%|█▍        | 14/100 [01:03<06:26,  4.50s/epoch, best=1.404e+01, sign=0.264, train=1.404e+01, val=1.388e+01]
GNN flow training:  14%|█▍        | 14/100 [01:07<06:26,  4.50s/epoch, best=1.388e+01, sign=0.258, train=1.388e+01, val=1.370e+01]
GNN flow training:  15%|█▌        | 15/100 [01:07<06:22,  4.50s/epoch, best=1.388e+01, sign=0.258, train=1.388e+01, val=1.370e+01]
GNN flow training:  15%|█▌        | 15/100 [01:12<06:22,  4.50s/epoch, best=1.370e+01, sign=0.254, train=1.370e+01, val=1.360e+01]
GNN flow training:  16%|█▌        | 16/100 [01:12<06:18,  4.51s/epoch, best=1.370e+01, sign=0.254, train=1.370e+01, val=1.360e+01]
GNN flow training:  16%|█▌        | 16/100 [01:16<06:18,  4.51s/epoch, best=1.360e+01, sign=0.249, train=1.360e+01, val=1.344e+01]
GNN flow training:  17%|█▋        | 17/100 [01:16<06:14,  4.51s/epoch, best=1.360e+01, sign=0.249, train=1.360e+01, val=1.344e+01]
GNN flow training:  17%|█▋        | 17/100 [01:21<06:14,  4.51s/epoch, best=1.344e+01, sign=0.245, train=1.344e+01, val=1.331e+01]
GNN flow training:  18%|█▊        | 18/100 [01:21<06:08,  4.49s/epoch, best=1.344e+01, sign=0.245, train=1.344e+01, val=1.331e+01]
GNN flow training:  18%|█▊        | 18/100 [01:25<06:08,  4.49s/epoch, best=1.331e+01, sign=0.238, train=1.331e+01, val=1.311e+01]
GNN flow training:  19%|█▉        | 19/100 [01:25<06:03,  4.49s/epoch, best=1.331e+01, sign=0.238, train=1.331e+01, val=1.311e+01]
GNN flow training:  19%|█▉        | 19/100 [01:30<06:03,  4.49s/epoch, best=1.311e+01, sign=0.228, train=1.311e+01, val=1.297e+01]
GNN flow training:  20%|██        | 20/100 [01:30<06:01,  4.51s/epoch, best=1.311e+01, sign=0.228, train=1.311e+01, val=1.297e+01]
GNN flow training:  20%|██        | 20/100 [01:34<06:01,  4.51s/epoch, best=1.297e+01, sign=0.217, train=1.297e+01, val=1.279e+01]
GNN flow training:  21%|██        | 21/100 [01:34<05:55,  4.50s/epoch, best=1.297e+01, sign=0.217, train=1.297e+01, val=1.279e+01]
GNN flow training:  21%|██        | 21/100 [01:39<05:55,  4.50s/epoch, best=1.279e+01, sign=0.211, train=1.279e+01, val=1.267e+01]
GNN flow training:  22%|██▏       | 22/100 [01:39<05:51,  4.50s/epoch, best=1.279e+01, sign=0.211, train=1.279e+01, val=1.267e+01]
GNN flow training:  22%|██▏       | 22/100 [01:43<05:51,  4.50s/epoch, best=1.267e+01, sign=0.205, train=1.267e+01, val=1.258e+01]
GNN flow training:  23%|██▎       | 23/100 [01:43<05:46,  4.50s/epoch, best=1.267e+01, sign=0.205, train=1.267e+01, val=1.258e+01]
GNN flow training:  23%|██▎       | 23/100 [01:48<05:46,  4.50s/epoch, best=1.258e+01, sign=0.199, train=1.258e+01, val=1.250e+01]
GNN flow training:  24%|██▍       | 24/100 [01:48<05:42,  4.50s/epoch, best=1.258e+01, sign=0.199, train=1.258e+01, val=1.250e+01]
GNN flow training:  24%|██▍       | 24/100 [01:52<05:42,  4.50s/epoch, best=1.250e+01, sign=0.193, train=1.250e+01, val=1.242e+01]
GNN flow training:  25%|██▌       | 25/100 [01:52<05:37,  4.51s/epoch, best=1.250e+01, sign=0.193, train=1.250e+01, val=1.242e+01]
GNN flow training:  25%|██▌       | 25/100 [01:57<05:37,  4.51s/epoch, best=1.242e+01, sign=0.188, train=1.242e+01, val=1.236e+01]
GNN flow training:  26%|██▌       | 26/100 [01:57<05:32,  4.50s/epoch, best=1.242e+01, sign=0.188, train=1.242e+01, val=1.236e+01]
GNN flow training:  26%|██▌       | 26/100 [02:01<05:32,  4.50s/epoch, best=1.236e+01, sign=0.184, train=1.236e+01, val=1.230e+01]
GNN flow training:  27%|██▋       | 27/100 [02:01<05:28,  4.50s/epoch, best=1.236e+01, sign=0.184, train=1.236e+01, val=1.230e+01]
GNN flow training:  27%|██▋       | 27/100 [02:06<05:28,  4.50s/epoch, best=1.230e+01, sign=0.182, train=1.230e+01, val=1.227e+01]
GNN flow training:  28%|██▊       | 28/100 [02:06<05:23,  4.49s/epoch, best=1.230e+01, sign=0.182, train=1.230e+01, val=1.227e+01]
GNN flow training:  28%|██▊       | 28/100 [02:10<05:23,  4.49s/epoch, best=1.227e+01, sign=0.180, train=1.227e+01, val=1.224e+01]
GNN flow training:  29%|██▉       | 29/100 [02:10<05:18,  4.49s/epoch, best=1.227e+01, sign=0.180, train=1.227e+01, val=1.224e+01]
GNN flow training:  29%|██▉       | 29/100 [02:15<05:18,  4.49s/epoch, best=1.224e+01, sign=0.179, train=1.224e+01, val=1.219e+01]
GNN flow training:  30%|███       | 30/100 [02:15<05:13,  4.48s/epoch, best=1.224e+01, sign=0.179, train=1.224e+01, val=1.219e+01]
GNN flow training:  30%|███       | 30/100 [02:19<05:13,  4.48s/epoch, best=1.219e+01, sign=0.177, train=1.219e+01, val=1.216e+01]
GNN flow training:  31%|███       | 31/100 [02:19<05:09,  4.49s/epoch, best=1.219e+01, sign=0.177, train=1.219e+01, val=1.216e+01]
GNN flow training:  31%|███       | 31/100 [02:24<05:09,  4.49s/epoch, best=1.216e+01, sign=0.176, train=1.216e+01, val=1.214e+01]
GNN flow training:  32%|███▏      | 32/100 [02:24<05:04,  4.48s/epoch, best=1.216e+01, sign=0.176, train=1.216e+01, val=1.214e+01]
GNN flow training:  32%|███▏      | 32/100 [02:28<05:04,  4.48s/epoch, best=1.214e+01, sign=0.175, train=1.214e+01, val=1.210e+01]
GNN flow training:  33%|███▎      | 33/100 [02:28<05:01,  4.49s/epoch, best=1.214e+01, sign=0.175, train=1.214e+01, val=1.210e+01]
GNN flow training:  33%|███▎      | 33/100 [02:33<05:01,  4.49s/epoch, best=1.210e+01, sign=0.174, train=1.210e+01, val=1.205e+01]
GNN flow training:  34%|███▍      | 34/100 [02:33<04:57,  4.50s/epoch, best=1.210e+01, sign=0.174, train=1.210e+01, val=1.205e+01]
GNN flow training:  34%|███▍      | 34/100 [02:37<04:57,  4.50s/epoch, best=1.205e+01, sign=0.174, train=1.206e+01, val=1.204e+01]
GNN flow training:  35%|███▌      | 35/100 [02:37<04:52,  4.50s/epoch, best=1.205e+01, sign=0.174, train=1.206e+01, val=1.204e+01]
GNN flow training:  35%|███▌      | 35/100 [02:42<04:52,  4.50s/epoch, best=1.204e+01, sign=0.174, train=1.204e+01, val=1.203e+01]
GNN flow training:  36%|███▌      | 36/100 [02:42<04:48,  4.51s/epoch, best=1.204e+01, sign=0.174, train=1.204e+01, val=1.203e+01]
GNN flow training:  36%|███▌      | 36/100 [02:46<04:48,  4.51s/epoch, best=1.203e+01, sign=0.173, train=1.203e+01, val=1.198e+01]
GNN flow training:  37%|███▋      | 37/100 [02:46<04:43,  4.50s/epoch, best=1.203e+01, sign=0.173, train=1.203e+01, val=1.198e+01]
GNN flow training:  37%|███▋      | 37/100 [02:51<04:43,  4.50s/epoch, best=1.198e+01, sign=0.172, train=1.198e+01, val=1.195e+01]
GNN flow training:  38%|███▊      | 38/100 [02:51<04:38,  4.49s/epoch, best=1.198e+01, sign=0.172, train=1.198e+01, val=1.195e+01]
GNN flow training:  38%|███▊      | 38/100 [02:55<04:38,  4.49s/epoch, best=1.195e+01, sign=0.171, train=1.196e+01, val=1.193e+01]
GNN flow training:  39%|███▉      | 39/100 [02:55<04:33,  4.49s/epoch, best=1.195e+01, sign=0.171, train=1.196e+01, val=1.193e+01]
GNN flow training:  39%|███▉      | 39/100 [03:00<04:33,  4.49s/epoch, best=1.193e+01, sign=0.171, train=1.193e+01, val=1.190e+01]
GNN flow training:  40%|████      | 40/100 [03:00<04:29,  4.49s/epoch, best=1.193e+01, sign=0.171, train=1.193e+01, val=1.190e+01]
GNN flow training:  40%|████      | 40/100 [03:04<04:29,  4.49s/epoch, best=1.190e+01, sign=0.171, train=1.190e+01, val=1.189e+01]
GNN flow training:  41%|████      | 41/100 [03:04<04:25,  4.51s/epoch, best=1.190e+01, sign=0.171, train=1.190e+01, val=1.189e+01]
GNN flow training:  41%|████      | 41/100 [03:09<04:25,  4.51s/epoch, best=1.189e+01, sign=0.171, train=1.189e+01, val=1.188e+01]
GNN flow training:  42%|████▏     | 42/100 [03:09<04:21,  4.50s/epoch, best=1.189e+01, sign=0.171, train=1.189e+01, val=1.188e+01]
GNN flow training:  42%|████▏     | 42/100 [03:13<04:21,  4.50s/epoch, best=1.188e+01, sign=0.171, train=1.188e+01, val=1.187e+01]
GNN flow training:  43%|████▎     | 43/100 [03:13<04:16,  4.49s/epoch, best=1.188e+01, sign=0.171, train=1.188e+01, val=1.187e+01]
GNN flow training:  43%|████▎     | 43/100 [03:18<04:16,  4.49s/epoch, best=1.187e+01, sign=0.170, train=1.187e+01, val=1.185e+01]
GNN flow training:  44%|████▍     | 44/100 [03:18<04:11,  4.50s/epoch, best=1.187e+01, sign=0.170, train=1.187e+01, val=1.185e+01]
GNN flow training:  44%|████▍     | 44/100 [03:22<04:11,  4.50s/epoch, best=1.185e+01, sign=0.170, train=1.185e+01, val=1.184e+01]
GNN flow training:  45%|████▌     | 45/100 [03:22<04:07,  4.50s/epoch, best=1.185e+01, sign=0.170, train=1.185e+01, val=1.184e+01]
GNN flow training:  45%|████▌     | 45/100 [03:27<04:07,  4.50s/epoch, best=1.184e+01, sign=0.170, train=1.184e+01, val=1.184e+01]
GNN flow training:  46%|████▌     | 46/100 [03:27<04:02,  4.49s/epoch, best=1.184e+01, sign=0.170, train=1.184e+01, val=1.184e+01]
GNN flow training:  46%|████▌     | 46/100 [03:31<04:02,  4.49s/epoch, best=1.184e+01, sign=0.170, train=1.184e+01, val=1.184e+01]
GNN flow training:  47%|████▋     | 47/100 [03:31<03:58,  4.49s/epoch, best=1.184e+01, sign=0.170, train=1.184e+01, val=1.184e+01]
GNN flow training:  47%|████▋     | 47/100 [03:36<03:58,  4.49s/epoch, best=1.184e+01, sign=0.169, train=1.184e+01, val=1.183e+01]
GNN flow training:  48%|████▊     | 48/100 [03:36<03:53,  4.50s/epoch, best=1.184e+01, sign=0.169, train=1.184e+01, val=1.183e+01]
GNN flow training:  48%|████▊     | 48/100 [03:40<03:53,  4.50s/epoch, best=1.183e+01, sign=0.169, train=1.183e+01, val=1.183e+01]
GNN flow training:  49%|████▉     | 49/100 [03:40<03:49,  4.50s/epoch, best=1.183e+01, sign=0.169, train=1.183e+01, val=1.183e+01]
GNN flow training:  49%|████▉     | 49/100 [03:45<03:49,  4.50s/epoch, best=1.183e+01, sign=0.169, train=1.183e+01, val=1.183e+01]
GNN flow training:  50%|█████     | 50/100 [03:45<03:45,  4.51s/epoch, best=1.183e+01, sign=0.169, train=1.183e+01, val=1.183e+01]
GNN flow training:  50%|█████     | 50/100 [03:49<03:45,  4.51s/epoch, best=1.183e+01, sign=0.169, train=1.183e+01, val=1.183e+01]
GNN flow training:  51%|█████     | 51/100 [03:49<03:40,  4.51s/epoch, best=1.183e+01, sign=0.169, train=1.183e+01, val=1.183e+01]
GNN flow training:  51%|█████     | 51/100 [03:54<03:40,  4.51s/epoch, best=1.183e+01, sign=0.169, train=1.183e+01, val=1.183e+01]
GNN flow training:  52%|█████▏    | 52/100 [03:54<03:36,  4.50s/epoch, best=1.183e+01, sign=0.169, train=1.183e+01, val=1.183e+01]
GNN flow training:  52%|█████▏    | 52/100 [03:58<03:36,  4.50s/epoch, best=1.183e+01, sign=0.169, train=1.183e+01, val=1.183e+01]
GNN flow training:  53%|█████▎    | 53/100 [03:58<03:31,  4.50s/epoch, best=1.183e+01, sign=0.169, train=1.183e+01, val=1.183e+01]
GNN flow training:  53%|█████▎    | 53/100 [04:03<03:31,  4.50s/epoch, best=1.183e+01, sign=0.169, train=1.183e+01, val=1.183e+01]
GNN flow training:  54%|█████▍    | 54/100 [04:03<03:27,  4.50s/epoch, best=1.183e+01, sign=0.169, train=1.183e+01, val=1.183e+01]
GNN flow training:  54%|█████▍    | 54/100 [04:07<03:27,  4.50s/epoch, best=1.183e+01, sign=0.169, train=1.183e+01, val=1.183e+01]
GNN flow training:  55%|█████▌    | 55/100 [04:07<03:22,  4.50s/epoch, best=1.183e+01, sign=0.169, train=1.183e+01, val=1.183e+01]
GNN flow training:  55%|█████▌    | 55/100 [04:12<03:22,  4.50s/epoch, best=1.183e+01, sign=0.169, train=1.183e+01, val=1.183e+01]
GNN flow training:  56%|█████▌    | 56/100 [04:12<03:17,  4.49s/epoch, best=1.183e+01, sign=0.169, train=1.183e+01, val=1.183e+01]
GNN flow training:  56%|█████▌    | 56/100 [04:16<03:17,  4.49s/epoch, best=1.183e+01, sign=0.169, train=1.183e+01, val=1.183e+01]
GNN flow training:  57%|█████▋    | 57/100 [04:16<03:13,  4.51s/epoch, best=1.183e+01, sign=0.169, train=1.183e+01, val=1.183e+01]
GNN flow training:  57%|█████▋    | 57/100 [04:21<03:13,  4.51s/epoch, best=1.183e+01, sign=0.169, train=1.183e+01, val=1.182e+01]
GNN flow training:  58%|█████▊    | 58/100 [04:21<03:08,  4.50s/epoch, best=1.183e+01, sign=0.169, train=1.183e+01, val=1.182e+01]
GNN flow training:  58%|█████▊    | 58/100 [04:25<03:08,  4.50s/epoch, best=1.182e+01, sign=0.168, train=1.182e+01, val=1.179e+01]
GNN flow training:  59%|█████▉    | 59/100 [04:25<03:04,  4.50s/epoch, best=1.182e+01, sign=0.168, train=1.182e+01, val=1.179e+01]
GNN flow training:  59%|█████▉    | 59/100 [04:30<03:04,  4.50s/epoch, best=1.179e+01, sign=0.168, train=1.179e+01, val=1.179e+01]
GNN flow training:  60%|██████    | 60/100 [04:30<03:00,  4.51s/epoch, best=1.179e+01, sign=0.168, train=1.179e+01, val=1.179e+01]
GNN flow training:  60%|██████    | 60/100 [04:34<03:00,  4.51s/epoch, best=1.179e+01, sign=0.168, train=1.179e+01, val=1.178e+01]
GNN flow training:  61%|██████    | 61/100 [04:34<02:55,  4.50s/epoch, best=1.179e+01, sign=0.168, train=1.179e+01, val=1.178e+01]
GNN flow training:  61%|██████    | 61/100 [04:39<02:55,  4.50s/epoch, best=1.178e+01, sign=0.169, train=1.178e+01, val=1.179e+01]
GNN flow training:  62%|██████▏   | 62/100 [04:39<02:51,  4.50s/epoch, best=1.178e+01, sign=0.169, train=1.178e+01, val=1.179e+01]
GNN flow training:  62%|██████▏   | 62/100 [04:43<02:51,  4.50s/epoch, best=1.178e+01, sign=0.169, train=1.179e+01, val=1.179e+01]
GNN flow training:  63%|██████▎   | 63/100 [04:43<02:46,  4.51s/epoch, best=1.178e+01, sign=0.169, train=1.179e+01, val=1.179e+01]
GNN flow training:  63%|██████▎   | 63/100 [04:48<02:46,  4.51s/epoch, best=1.178e+01, sign=0.169, train=1.179e+01, val=1.179e+01]
GNN flow training:  64%|██████▍   | 64/100 [04:48<02:42,  4.51s/epoch, best=1.178e+01, sign=0.169, train=1.179e+01, val=1.179e+01]
GNN flow training:  64%|██████▍   | 64/100 [04:52<02:42,  4.51s/epoch, best=1.178e+01, sign=0.168, train=1.179e+01, val=1.178e+01]
GNN flow training:  65%|██████▌   | 65/100 [04:52<02:37,  4.50s/epoch, best=1.178e+01, sign=0.168, train=1.179e+01, val=1.178e+01]
GNN flow training:  65%|██████▌   | 65/100 [04:57<02:37,  4.50s/epoch, best=1.178e+01, sign=0.168, train=1.178e+01, val=1.177e+01]
GNN flow training:  66%|██████▌   | 66/100 [04:57<02:32,  4.50s/epoch, best=1.178e+01, sign=0.168, train=1.178e+01, val=1.177e+01]
GNN flow training:  66%|██████▌   | 66/100 [05:01<02:32,  4.50s/epoch, best=1.177e+01, sign=0.167, train=1.177e+01, val=1.177e+01]
GNN flow training:  67%|██████▋   | 67/100 [05:01<02:28,  4.49s/epoch, best=1.177e+01, sign=0.167, train=1.177e+01, val=1.177e+01]
GNN flow training:  67%|██████▋   | 67/100 [05:06<02:28,  4.49s/epoch, best=1.177e+01, sign=0.161, train=1.177e+01, val=1.127e+01]
GNN flow training:  68%|██████▊   | 68/100 [05:06<02:23,  4.50s/epoch, best=1.177e+01, sign=0.161, train=1.177e+01, val=1.127e+01]
GNN flow training:  68%|██████▊   | 68/100 [05:10<02:23,  4.50s/epoch, best=1.127e+01, sign=0.176, train=1.127e+01, val=1.162e+01]
GNN flow training:  69%|██████▉   | 69/100 [05:10<02:19,  4.50s/epoch, best=1.127e+01, sign=0.176, train=1.127e+01, val=1.162e+01]
GNN flow training:  69%|██████▉   | 69/100 [05:15<02:19,  4.50s/epoch, best=1.127e+01, sign=0.180, train=1.162e+01, val=1.182e+01]
GNN flow training:  70%|███████   | 70/100 [05:15<02:14,  4.49s/epoch, best=1.127e+01, sign=0.180, train=1.162e+01, val=1.182e+01]
GNN flow training:  70%|███████   | 70/100 [05:19<02:14,  4.49s/epoch, best=1.127e+01, sign=0.175, train=1.182e+01, val=1.109e+01]
GNN flow training:  71%|███████   | 71/100 [05:19<02:09,  4.47s/epoch, best=1.127e+01, sign=0.175, train=1.182e+01, val=1.109e+01]
GNN flow training:  71%|███████   | 71/100 [05:23<02:09,  4.47s/epoch, best=1.109e+01, sign=0.163, train=1.109e+01, val=1.121e+01]
GNN flow training:  72%|███████▏  | 72/100 [05:23<02:05,  4.48s/epoch, best=1.109e+01, sign=0.163, train=1.109e+01, val=1.121e+01]
GNN flow training:  72%|███████▏  | 72/100 [05:28<02:05,  4.48s/epoch, best=1.109e+01, sign=0.163, train=1.121e+01, val=1.130e+01]
GNN flow training:  73%|███████▎  | 73/100 [05:28<02:01,  4.49s/epoch, best=1.109e+01, sign=0.163, train=1.121e+01, val=1.130e+01]
GNN flow training:  73%|███████▎  | 73/100 [05:32<02:01,  4.49s/epoch, best=1.109e+01, sign=0.167, train=1.130e+01, val=1.109e+01]
GNN flow training:  74%|███████▍  | 74/100 [05:32<01:56,  4.48s/epoch, best=1.109e+01, sign=0.167, train=1.130e+01, val=1.109e+01]
GNN flow training:  74%|███████▍  | 74/100 [05:37<01:56,  4.48s/epoch, best=1.109e+01, sign=0.178, train=1.110e+01, val=1.104e+01]
GNN flow training:  75%|███████▌  | 75/100 [05:37<01:52,  4.49s/epoch, best=1.109e+01, sign=0.178, train=1.110e+01, val=1.104e+01]
GNN flow training:  75%|███████▌  | 75/100 [05:41<01:52,  4.49s/epoch, best=1.104e+01, sign=0.187, train=1.104e+01, val=1.153e+01]
GNN flow training:  76%|███████▌  | 76/100 [05:41<01:47,  4.50s/epoch, best=1.104e+01, sign=0.187, train=1.104e+01, val=1.153e+01]
GNN flow training:  76%|███████▌  | 76/100 [05:46<01:47,  4.50s/epoch, best=1.104e+01, sign=0.190, train=1.153e+01, val=1.194e+01]
GNN flow training:  77%|███████▋  | 77/100 [05:46<01:43,  4.48s/epoch, best=1.104e+01, sign=0.190, train=1.153e+01, val=1.194e+01]
GNN flow training:  77%|███████▋  | 77/100 [05:50<01:43,  4.48s/epoch, best=1.104e+01, sign=0.191, train=1.194e+01, val=1.203e+01]
GNN flow training:  78%|███████▊  | 78/100 [05:50<01:37,  4.45s/epoch, best=1.104e+01, sign=0.191, train=1.194e+01, val=1.203e+01]
GNN flow training:  78%|███████▊  | 78/100 [05:55<01:37,  4.45s/epoch, best=1.104e+01, sign=0.191, train=1.203e+01, val=1.169e+01]
GNN flow training:  79%|███████▉  | 79/100 [05:55<01:33,  4.44s/epoch, best=1.104e+01, sign=0.191, train=1.203e+01, val=1.169e+01]
GNN flow training:  79%|███████▉  | 79/100 [05:59<01:33,  4.44s/epoch, best=1.104e+01, sign=0.188, train=1.169e+01, val=1.146e+01]
GNN flow training:  80%|████████  | 80/100 [05:59<01:28,  4.43s/epoch, best=1.104e+01, sign=0.188, train=1.169e+01, val=1.146e+01]
GNN flow training:  80%|████████  | 80/100 [06:04<01:28,  4.43s/epoch, best=1.104e+01, sign=0.187, train=1.146e+01, val=1.132e+01]
GNN flow training:  81%|████████  | 81/100 [06:04<01:24,  4.44s/epoch, best=1.104e+01, sign=0.187, train=1.146e+01, val=1.132e+01]
GNN flow training:  81%|████████  | 81/100 [06:08<01:24,  4.44s/epoch, best=1.104e+01, sign=0.184, train=1.132e+01, val=1.128e+01]
GNN flow training:  82%|████████▏ | 82/100 [06:08<01:20,  4.45s/epoch, best=1.104e+01, sign=0.184, train=1.132e+01, val=1.128e+01]
GNN flow training:  82%|████████▏ | 82/100 [06:13<01:20,  4.45s/epoch, best=1.104e+01, sign=0.184, train=1.128e+01, val=1.107e+01]
GNN flow training:  83%|████████▎ | 83/100 [06:13<01:15,  4.45s/epoch, best=1.104e+01, sign=0.184, train=1.128e+01, val=1.107e+01]
GNN flow training:  83%|████████▎ | 83/100 [06:17<01:15,  4.45s/epoch, best=1.104e+01, sign=0.184, train=1.107e+01, val=1.115e+01]
GNN flow training:  84%|████████▍ | 84/100 [06:17<01:10,  4.43s/epoch, best=1.104e+01, sign=0.184, train=1.107e+01, val=1.115e+01]
GNN flow training:  84%|████████▍ | 84/100 [06:21<01:10,  4.43s/epoch, best=1.104e+01, sign=0.185, train=1.115e+01, val=1.110e+01]
GNN flow training:  85%|████████▌ | 85/100 [06:21<01:06,  4.44s/epoch, best=1.104e+01, sign=0.185, train=1.115e+01, val=1.110e+01]
GNN flow training:  85%|████████▌ | 85/100 [06:26<01:06,  4.44s/epoch, best=1.104e+01, sign=0.187, train=1.110e+01, val=1.116e+01]
GNN flow training:  86%|████████▌ | 86/100 [06:26<01:02,  4.44s/epoch, best=1.104e+01, sign=0.187, train=1.110e+01, val=1.116e+01]
GNN flow training:  86%|████████▌ | 86/100 [06:30<01:02,  4.44s/epoch, best=1.104e+01, sign=0.190, train=1.116e+01, val=1.154e+01]
GNN flow training:  87%|████████▋ | 87/100 [06:30<00:57,  4.44s/epoch, best=1.104e+01, sign=0.190, train=1.116e+01, val=1.154e+01]
GNN flow training:  87%|████████▋ | 87/100 [06:35<00:57,  4.44s/epoch, best=1.104e+01, sign=0.190, train=1.154e+01, val=1.140e+01]
GNN flow training:  88%|████████▊ | 88/100 [06:35<00:53,  4.43s/epoch, best=1.104e+01, sign=0.190, train=1.154e+01, val=1.140e+01]
GNN flow training:  88%|████████▊ | 88/100 [06:39<00:53,  4.43s/epoch, best=1.104e+01, sign=0.191, train=1.140e+01, val=1.150e+01]
GNN flow training:  89%|████████▉ | 89/100 [06:39<00:48,  4.43s/epoch, best=1.104e+01, sign=0.191, train=1.140e+01, val=1.150e+01]
GNN flow training:  89%|████████▉ | 89/100 [06:44<00:48,  4.43s/epoch, best=1.104e+01, sign=0.190, train=1.150e+01, val=1.168e+01]
GNN flow training:  90%|█████████ | 90/100 [06:44<00:44,  4.43s/epoch, best=1.104e+01, sign=0.190, train=1.150e+01, val=1.168e+01]
GNN flow training:  90%|█████████ | 90/100 [06:48<00:44,  4.43s/epoch, best=1.104e+01, sign=0.190, train=1.168e+01, val=1.205e+01]
GNN flow training:  91%|█████████ | 91/100 [06:48<00:39,  4.42s/epoch, best=1.104e+01, sign=0.190, train=1.168e+01, val=1.205e+01]
GNN flow training:  91%|█████████ | 91/100 [06:52<00:39,  4.42s/epoch, best=1.104e+01, sign=0.192, train=1.205e+01, val=1.219e+01]
GNN flow training:  92%|█████████▏| 92/100 [06:52<00:35,  4.42s/epoch, best=1.104e+01, sign=0.192, train=1.205e+01, val=1.219e+01]
GNN flow training:  92%|█████████▏| 92/100 [06:57<00:35,  4.42s/epoch, best=1.104e+01, sign=0.192, train=1.219e+01, val=1.229e+01]
GNN flow training:  93%|█████████▎| 93/100 [06:57<00:30,  4.42s/epoch, best=1.104e+01, sign=0.192, train=1.219e+01, val=1.229e+01]
GNN flow training:  93%|█████████▎| 93/100 [07:01<00:30,  4.42s/epoch, best=1.104e+01, sign=0.196, train=1.229e+01, val=1.205e+01]
GNN flow training:  94%|█████████▍| 94/100 [07:01<00:26,  4.42s/epoch, best=1.104e+01, sign=0.196, train=1.229e+01, val=1.205e+01]
GNN flow training:  94%|█████████▍| 94/100 [07:06<00:26,  4.42s/epoch, best=1.104e+01, sign=0.198, train=1.205e+01, val=1.198e+01]
GNN flow training:  95%|█████████▌| 95/100 [07:06<00:22,  4.44s/epoch, best=1.104e+01, sign=0.198, train=1.205e+01, val=1.198e+01]
GNN flow training:  95%|█████████▌| 95/100 [07:10<00:22,  4.44s/epoch, best=1.104e+01, sign=0.199, train=1.198e+01, val=1.190e+01]
GNN flow training:  96%|█████████▌| 96/100 [07:10<00:17,  4.44s/epoch, best=1.104e+01, sign=0.199, train=1.198e+01, val=1.190e+01]
GNN flow training:  96%|█████████▌| 96/100 [07:14<00:17,  4.44s/epoch, best=1.104e+01, sign=0.198, train=1.190e+01, val=1.178e+01]
GNN flow training:  97%|█████████▋| 97/100 [07:14<00:13,  4.43s/epoch, best=1.104e+01, sign=0.198, train=1.190e+01, val=1.178e+01]
GNN flow training:  97%|█████████▋| 97/100 [07:19<00:13,  4.43s/epoch, best=1.104e+01, sign=0.197, train=1.178e+01, val=1.161e+01]
GNN flow training:  98%|█████████▊| 98/100 [07:19<00:08,  4.42s/epoch, best=1.104e+01, sign=0.197, train=1.178e+01, val=1.161e+01]
GNN flow training:  98%|█████████▊| 98/100 [07:23<00:08,  4.42s/epoch, best=1.104e+01, sign=0.198, train=1.161e+01, val=1.157e+01]
GNN flow training:  99%|█████████▉| 99/100 [07:23<00:04,  4.43s/epoch, best=1.104e+01, sign=0.198, train=1.161e+01, val=1.157e+01]
GNN flow training:  99%|█████████▉| 99/100 [07:28<00:04,  4.43s/epoch, best=1.104e+01, sign=0.200, train=1.157e+01, val=1.134e+01]
GNN flow training: 100%|██████████| 100/100 [07:28<00:00,  4.43s/epoch, best=1.104e+01, sign=0.200, train=1.157e+01, val=1.134e+01]
GNN flow training: 100%|██████████| 100/100 [07:28<00:00,  4.48s/epoch, best=1.104e+01, sign=0.200, train=1.157e+01, val=1.134e+01]

GNN flow training:   0%|          | 0/100 [00:00<?, ?epoch/s]
GNN flow training:   0%|          | 0/100 [00:04<?, ?epoch/s, best=1.417e+02, sign=0.290, train=1.416e+02, val=1.417e+02]
GNN flow training:   1%|          | 1/100 [00:04<07:34,  4.59s/epoch, best=1.417e+02, sign=0.290, train=1.416e+02, val=1.417e+02]
GNN flow training:   1%|          | 1/100 [00:09<07:34,  4.59s/epoch, best=1.417e+02, sign=0.289, train=1.417e+02, val=1.416e+02]
GNN flow training:   2%|▏         | 2/100 [00:09<07:24,  4.53s/epoch, best=1.417e+02, sign=0.289, train=1.417e+02, val=1.416e+02]
GNN flow training:   2%|▏         | 2/100 [00:13<07:24,  4.53s/epoch, best=1.416e+02, sign=0.289, train=1.416e+02, val=1.414e+02]
GNN flow training:   3%|▎         | 3/100 [00:13<07:17,  4.51s/epoch, best=1.416e+02, sign=0.289, train=1.416e+02, val=1.414e+02]
GNN flow training:   3%|▎         | 3/100 [00:18<07:17,  4.51s/epoch, best=1.414e+02, sign=0.289, train=1.414e+02, val=1.414e+02]
GNN flow training:   4%|▍         | 4/100 [00:18<07:13,  4.51s/epoch, best=1.414e+02, sign=0.289, train=1.414e+02, val=1.414e+02]
GNN flow training:   4%|▍         | 4/100 [00:22<07:13,  4.51s/epoch, best=1.414e+02, sign=0.289, train=1.414e+02, val=1.410e+02]
GNN flow training:   5%|▌         | 5/100 [00:22<07:08,  4.51s/epoch, best=1.414e+02, sign=0.289, train=1.414e+02, val=1.410e+02]
GNN flow training:   5%|▌         | 5/100 [00:27<07:08,  4.51s/epoch, best=1.410e+02, sign=0.288, train=1.411e+02, val=1.408e+02]
GNN flow training:   6%|▌         | 6/100 [00:27<07:03,  4.50s/epoch, best=1.410e+02, sign=0.288, train=1.411e+02, val=1.408e+02]
GNN flow training:   6%|▌         | 6/100 [00:31<07:03,  4.50s/epoch, best=1.408e+02, sign=0.289, train=1.408e+02, val=1.405e+02]
GNN flow training:   7%|▋         | 7/100 [00:31<06:58,  4.50s/epoch, best=1.408e+02, sign=0.289, train=1.408e+02, val=1.405e+02]
GNN flow training:   7%|▋         | 7/100 [00:36<06:58,  4.50s/epoch, best=1.405e+02, sign=0.287, train=1.406e+02, val=1.403e+02]
GNN flow training:   8%|▊         | 8/100 [00:36<06:53,  4.49s/epoch, best=1.405e+02, sign=0.287, train=1.406e+02, val=1.403e+02]
GNN flow training:   8%|▊         | 8/100 [00:40<06:53,  4.49s/epoch, best=1.403e+02, sign=0.287, train=1.404e+02, val=1.402e+02]
GNN flow training:   9%|▉         | 9/100 [00:40<06:49,  4.50s/epoch, best=1.403e+02, sign=0.287, train=1.404e+02, val=1.402e+02]
GNN flow training:   9%|▉         | 9/100 [00:45<06:49,  4.50s/epoch, best=1.402e+02, sign=0.286, train=1.402e+02, val=1.402e+02]
GNN flow training:  10%|█         | 10/100 [00:45<06:45,  4.50s/epoch, best=1.402e+02, sign=0.286, train=1.402e+02, val=1.402e+02]
GNN flow training:  10%|█         | 10/100 [00:49<06:45,  4.50s/epoch, best=1.402e+02, sign=0.285, train=1.402e+02, val=1.403e+02]
GNN flow training:  11%|█         | 11/100 [00:49<06:40,  4.50s/epoch, best=1.402e+02, sign=0.285, train=1.402e+02, val=1.403e+02]
GNN flow training:  11%|█         | 11/100 [00:54<06:40,  4.50s/epoch, best=1.402e+02, sign=0.284, train=1.403e+02, val=1.399e+02]
GNN flow training:  12%|█▏        | 12/100 [00:54<06:35,  4.50s/epoch, best=1.402e+02, sign=0.284, train=1.403e+02, val=1.399e+02]
GNN flow training:  12%|█▏        | 12/100 [00:58<06:35,  4.50s/epoch, best=1.399e+02, sign=0.284, train=1.400e+02, val=1.396e+02]
GNN flow training:  13%|█▎        | 13/100 [00:58<06:31,  4.50s/epoch, best=1.399e+02, sign=0.284, train=1.400e+02, val=1.396e+02]
GNN flow training:  13%|█▎        | 13/100 [01:03<06:31,  4.50s/epoch, best=1.396e+02, sign=0.284, train=1.396e+02, val=1.395e+02]
GNN flow training:  14%|█▍        | 14/100 [01:03<06:26,  4.49s/epoch, best=1.396e+02, sign=0.284, train=1.396e+02, val=1.395e+02]
GNN flow training:  14%|█▍        | 14/100 [01:07<06:26,  4.49s/epoch, best=1.395e+02, sign=0.282, train=1.395e+02, val=1.395e+02]
GNN flow training:  15%|█▌        | 15/100 [01:07<06:22,  4.50s/epoch, best=1.395e+02, sign=0.282, train=1.395e+02, val=1.395e+02]
GNN flow training:  15%|█▌        | 15/100 [01:12<06:22,  4.50s/epoch, best=1.395e+02, sign=0.280, train=1.396e+02, val=1.395e+02]
GNN flow training:  16%|█▌        | 16/100 [01:12<06:16,  4.49s/epoch, best=1.395e+02, sign=0.280, train=1.396e+02, val=1.395e+02]
GNN flow training:  16%|█▌        | 16/100 [01:16<06:16,  4.49s/epoch, best=1.395e+02, sign=0.280, train=1.395e+02, val=1.393e+02]
GNN flow training:  17%|█▋        | 17/100 [01:16<06:12,  4.49s/epoch, best=1.395e+02, sign=0.280, train=1.395e+02, val=1.393e+02]
GNN flow training:  17%|█▋        | 17/100 [01:20<06:12,  4.49s/epoch, best=1.393e+02, sign=0.279, train=1.394e+02, val=1.389e+02]
GNN flow training:  18%|█▊        | 18/100 [01:20<06:08,  4.49s/epoch, best=1.393e+02, sign=0.279, train=1.394e+02, val=1.389e+02]
GNN flow training:  18%|█▊        | 18/100 [01:25<06:08,  4.49s/epoch, best=1.389e+02, sign=0.278, train=1.390e+02, val=1.386e+02]
GNN flow training:  19%|█▉        | 19/100 [01:25<06:03,  4.48s/epoch, best=1.389e+02, sign=0.278, train=1.390e+02, val=1.386e+02]
GNN flow training:  19%|█▉        | 19/100 [01:29<06:03,  4.48s/epoch, best=1.386e+02, sign=0.275, train=1.386e+02, val=1.381e+02]
GNN flow training:  20%|██        | 20/100 [01:29<05:57,  4.47s/epoch, best=1.386e+02, sign=0.275, train=1.386e+02, val=1.381e+02]
GNN flow training:  20%|██        | 20/100 [01:34<05:57,  4.47s/epoch, best=1.381e+02, sign=0.273, train=1.381e+02, val=1.378e+02]
GNN flow training:  21%|██        | 21/100 [01:34<05:53,  4.47s/epoch, best=1.381e+02, sign=0.273, train=1.381e+02, val=1.378e+02]
GNN flow training:  21%|██        | 21/100 [01:38<05:53,  4.47s/epoch, best=1.378e+02, sign=0.272, train=1.378e+02, val=1.372e+02]
GNN flow training:  22%|██▏       | 22/100 [01:38<05:49,  4.48s/epoch, best=1.378e+02, sign=0.272, train=1.378e+02, val=1.372e+02]
GNN flow training:  22%|██▏       | 22/100 [01:43<05:49,  4.48s/epoch, best=1.372e+02, sign=0.271, train=1.372e+02, val=1.366e+02]
GNN flow training:  23%|██▎       | 23/100 [01:43<05:45,  4.49s/epoch, best=1.372e+02, sign=0.271, train=1.372e+02, val=1.366e+02]
GNN flow training:  23%|██▎       | 23/100 [01:47<05:45,  4.49s/epoch, best=1.366e+02, sign=0.270, train=1.366e+02, val=1.361e+02]
GNN flow training:  24%|██▍       | 24/100 [01:47<05:40,  4.49s/epoch, best=1.366e+02, sign=0.270, train=1.366e+02, val=1.361e+02]
GNN flow training:  24%|██▍       | 24/100 [01:52<05:40,  4.49s/epoch, best=1.361e+02, sign=0.266, train=1.362e+02, val=1.354e+02]
GNN flow training:  25%|██▌       | 25/100 [01:52<05:35,  4.48s/epoch, best=1.361e+02, sign=0.266, train=1.362e+02, val=1.354e+02]
GNN flow training:  25%|██▌       | 25/100 [01:56<05:35,  4.48s/epoch, best=1.354e+02, sign=0.263, train=1.354e+02, val=1.343e+02]
GNN flow training:  26%|██▌       | 26/100 [01:56<05:32,  4.50s/epoch, best=1.354e+02, sign=0.263, train=1.354e+02, val=1.343e+02]
GNN flow training:  26%|██▌       | 26/100 [02:01<05:32,  4.50s/epoch, best=1.343e+02, sign=0.258, train=1.344e+02, val=1.334e+02]
GNN flow training:  27%|██▋       | 27/100 [02:01<05:27,  4.49s/epoch, best=1.343e+02, sign=0.258, train=1.344e+02, val=1.334e+02]
GNN flow training:  27%|██▋       | 27/100 [02:05<05:27,  4.49s/epoch, best=1.334e+02, sign=0.256, train=1.334e+02, val=1.328e+02]
GNN flow training:  28%|██▊       | 28/100 [02:05<05:23,  4.49s/epoch, best=1.334e+02, sign=0.256, train=1.334e+02, val=1.328e+02]
GNN flow training:  28%|██▊       | 28/100 [02:10<05:23,  4.49s/epoch, best=1.328e+02, sign=0.253, train=1.328e+02, val=1.321e+02]
GNN flow training:  29%|██▉       | 29/100 [02:10<05:19,  4.49s/epoch, best=1.328e+02, sign=0.253, train=1.328e+02, val=1.321e+02]
GNN flow training:  29%|██▉       | 29/100 [02:14<05:19,  4.49s/epoch, best=1.321e+02, sign=0.251, train=1.321e+02, val=1.311e+02]
GNN flow training:  30%|███       | 30/100 [02:14<05:15,  4.50s/epoch, best=1.321e+02, sign=0.251, train=1.321e+02, val=1.311e+02]
GNN flow training:  30%|███       | 30/100 [02:19<05:15,  4.50s/epoch, best=1.311e+02, sign=0.247, train=1.311e+02, val=1.300e+02]
GNN flow training:  31%|███       | 31/100 [02:19<05:09,  4.49s/epoch, best=1.311e+02, sign=0.247, train=1.311e+02, val=1.300e+02]
GNN flow training:  31%|███       | 31/100 [02:23<05:09,  4.49s/epoch, best=1.300e+02, sign=0.242, train=1.300e+02, val=1.290e+02]
GNN flow training:  32%|███▏      | 32/100 [02:23<05:05,  4.49s/epoch, best=1.300e+02, sign=0.242, train=1.300e+02, val=1.290e+02]
GNN flow training:  32%|███▏      | 32/100 [02:28<05:05,  4.49s/epoch, best=1.290e+02, sign=0.235, train=1.291e+02, val=1.277e+02]
GNN flow training:  33%|███▎      | 33/100 [02:28<05:00,  4.49s/epoch, best=1.290e+02, sign=0.235, train=1.291e+02, val=1.277e+02]
GNN flow training:  33%|███▎      | 33/100 [02:32<05:00,  4.49s/epoch, best=1.277e+02, sign=0.234, train=1.277e+02, val=1.267e+02]
GNN flow training:  34%|███▍      | 34/100 [02:32<04:56,  4.50s/epoch, best=1.277e+02, sign=0.234, train=1.277e+02, val=1.267e+02]
GNN flow training:  34%|███▍      | 34/100 [02:37<04:56,  4.50s/epoch, best=1.267e+02, sign=0.231, train=1.267e+02, val=1.264e+02]
GNN flow training:  35%|███▌      | 35/100 [02:37<04:52,  4.50s/epoch, best=1.267e+02, sign=0.231, train=1.267e+02, val=1.264e+02]
GNN flow training:  35%|███▌      | 35/100 [02:41<04:52,  4.50s/epoch, best=1.264e+02, sign=0.230, train=1.264e+02, val=1.263e+02]
GNN flow training:  36%|███▌      | 36/100 [02:41<04:47,  4.49s/epoch, best=1.264e+02, sign=0.230, train=1.264e+02, val=1.263e+02]
GNN flow training:  36%|███▌      | 36/100 [02:46<04:47,  4.49s/epoch, best=1.263e+02, sign=0.231, train=1.264e+02, val=1.250e+02]
GNN flow training:  37%|███▋      | 37/100 [02:46<04:42,  4.49s/epoch, best=1.263e+02, sign=0.231, train=1.264e+02, val=1.250e+02]
GNN flow training:  37%|███▋      | 37/100 [02:50<04:42,  4.49s/epoch, best=1.250e+02, sign=0.232, train=1.251e+02, val=1.233e+02]
GNN flow training:  38%|███▊      | 38/100 [02:50<04:38,  4.48s/epoch, best=1.250e+02, sign=0.232, train=1.251e+02, val=1.233e+02]
GNN flow training:  38%|███▊      | 38/100 [02:55<04:38,  4.48s/epoch, best=1.233e+02, sign=0.231, train=1.233e+02, val=1.216e+02]
GNN flow training:  39%|███▉      | 39/100 [02:55<04:34,  4.49s/epoch, best=1.233e+02, sign=0.231, train=1.233e+02, val=1.216e+02]
GNN flow training:  39%|███▉      | 39/100 [02:59<04:34,  4.49s/epoch, best=1.216e+02, sign=0.231, train=1.216e+02, val=1.203e+02]
GNN flow training:  40%|████      | 40/100 [02:59<04:30,  4.50s/epoch, best=1.216e+02, sign=0.231, train=1.216e+02, val=1.203e+02]
GNN flow training:  40%|████      | 40/100 [03:04<04:30,  4.50s/epoch, best=1.203e+02, sign=0.230, train=1.203e+02, val=1.208e+02]
GNN flow training:  41%|████      | 41/100 [03:04<04:24,  4.48s/epoch, best=1.203e+02, sign=0.230, train=1.203e+02, val=1.208e+02]
GNN flow training:  41%|████      | 41/100 [03:08<04:24,  4.48s/epoch, best=1.203e+02, sign=0.229, train=1.208e+02, val=1.240e+02]
GNN flow training:  42%|████▏     | 42/100 [03:08<04:19,  4.47s/epoch, best=1.203e+02, sign=0.229, train=1.208e+02, val=1.240e+02]
GNN flow training:  42%|████▏     | 42/100 [03:13<04:19,  4.47s/epoch, best=1.203e+02, sign=0.233, train=1.239e+02, val=1.281e+02]
GNN flow training:  43%|████▎     | 43/100 [03:13<04:13,  4.46s/epoch, best=1.203e+02, sign=0.233, train=1.239e+02, val=1.281e+02]
GNN flow training:  43%|████▎     | 43/100 [03:17<04:13,  4.46s/epoch, best=1.203e+02, sign=0.234, train=1.281e+02, val=1.294e+02]
GNN flow training:  44%|████▍     | 44/100 [03:17<04:10,  4.47s/epoch, best=1.203e+02, sign=0.234, train=1.281e+02, val=1.294e+02]
GNN flow training:  44%|████▍     | 44/100 [03:22<04:10,  4.47s/epoch, best=1.203e+02, sign=0.232, train=1.294e+02, val=1.287e+02]
GNN flow training:  45%|████▌     | 45/100 [03:22<04:07,  4.50s/epoch, best=1.203e+02, sign=0.232, train=1.294e+02, val=1.287e+02]
GNN flow training:  45%|████▌     | 45/100 [03:26<04:07,  4.50s/epoch, best=1.203e+02, sign=0.228, train=1.287e+02, val=1.269e+02]
GNN flow training:  46%|████▌     | 46/100 [03:26<04:02,  4.50s/epoch, best=1.203e+02, sign=0.228, train=1.287e+02, val=1.269e+02]
GNN flow training:  46%|████▌     | 46/100 [03:31<04:02,  4.50s/epoch, best=1.203e+02, sign=0.224, train=1.268e+02, val=1.274e+02]
GNN flow training:  47%|████▋     | 47/100 [03:31<03:58,  4.50s/epoch, best=1.203e+02, sign=0.224, train=1.268e+02, val=1.274e+02]
GNN flow training:  47%|████▋     | 47/100 [03:35<03:58,  4.50s/epoch, best=1.203e+02, sign=0.224, train=1.273e+02, val=1.257e+02]
GNN flow training:  48%|████▊     | 48/100 [03:35<03:53,  4.48s/epoch, best=1.203e+02, sign=0.224, train=1.273e+02, val=1.257e+02]
GNN flow training:  48%|████▊     | 48/100 [03:40<03:53,  4.48s/epoch, best=1.203e+02, sign=0.224, train=1.257e+02, val=1.254e+02]
GNN flow training:  49%|████▉     | 49/100 [03:40<03:48,  4.48s/epoch, best=1.203e+02, sign=0.224, train=1.257e+02, val=1.254e+02]
GNN flow training:  49%|████▉     | 49/100 [03:44<03:48,  4.48s/epoch, best=1.203e+02, sign=0.225, train=1.254e+02, val=1.244e+02]
GNN flow training:  50%|█████     | 50/100 [03:44<03:43,  4.47s/epoch, best=1.203e+02, sign=0.225, train=1.254e+02, val=1.244e+02]
GNN flow training:  50%|█████     | 50/100 [03:48<03:43,  4.47s/epoch, best=1.203e+02, sign=0.225, train=1.244e+02, val=1.245e+02]
GNN flow training:  51%|█████     | 51/100 [03:48<03:38,  4.46s/epoch, best=1.203e+02, sign=0.225, train=1.244e+02, val=1.245e+02]
GNN flow training:  51%|█████     | 51/100 [03:53<03:38,  4.46s/epoch, best=1.203e+02, sign=0.227, train=1.245e+02, val=1.226e+02]
GNN flow training:  52%|█████▏    | 52/100 [03:53<03:33,  4.45s/epoch, best=1.203e+02, sign=0.227, train=1.245e+02, val=1.226e+02]
GNN flow training:  52%|█████▏    | 52/100 [03:57<03:33,  4.45s/epoch, best=1.203e+02, sign=0.228, train=1.226e+02, val=1.202e+02]
GNN flow training:  53%|█████▎    | 53/100 [03:57<03:29,  4.46s/epoch, best=1.203e+02, sign=0.228, train=1.226e+02, val=1.202e+02]
GNN flow training:  53%|█████▎    | 53/100 [04:02<03:29,  4.46s/epoch, best=1.202e+02, sign=0.228, train=1.202e+02, val=1.178e+02]
GNN flow training:  54%|█████▍    | 54/100 [04:02<03:24,  4.45s/epoch, best=1.202e+02, sign=0.228, train=1.202e+02, val=1.178e+02]
GNN flow training:  54%|█████▍    | 54/100 [04:06<03:24,  4.45s/epoch, best=1.178e+02, sign=0.226, train=1.178e+02, val=1.171e+02]
GNN flow training:  55%|█████▌    | 55/100 [04:06<03:20,  4.45s/epoch, best=1.178e+02, sign=0.226, train=1.178e+02, val=1.171e+02]
GNN flow training:  55%|█████▌    | 55/100 [04:11<03:20,  4.45s/epoch, best=1.171e+02, sign=0.224, train=1.171e+02, val=1.159e+02]
GNN flow training:  56%|█████▌    | 56/100 [04:11<03:15,  4.44s/epoch, best=1.171e+02, sign=0.224, train=1.171e+02, val=1.159e+02]
GNN flow training:  56%|█████▌    | 56/100 [04:15<03:15,  4.44s/epoch, best=1.159e+02, sign=0.220, train=1.159e+02, val=1.151e+02]
GNN flow training:  57%|█████▋    | 57/100 [04:15<03:11,  4.44s/epoch, best=1.159e+02, sign=0.220, train=1.159e+02, val=1.151e+02]
GNN flow training:  57%|█████▋    | 57/100 [04:20<03:11,  4.44s/epoch, best=1.151e+02, sign=0.217, train=1.151e+02, val=1.151e+02]
GNN flow training:  58%|█████▊    | 58/100 [04:20<03:07,  4.46s/epoch, best=1.151e+02, sign=0.217, train=1.151e+02, val=1.151e+02]
GNN flow training:  58%|█████▊    | 58/100 [04:24<03:07,  4.46s/epoch, best=1.151e+02, sign=0.213, train=1.150e+02, val=1.147e+02]
GNN flow training:  59%|█████▉    | 59/100 [04:24<03:02,  4.45s/epoch, best=1.151e+02, sign=0.213, train=1.150e+02, val=1.147e+02]
GNN flow training:  59%|█████▉    | 59/100 [04:29<03:02,  4.45s/epoch, best=1.147e+02, sign=0.212, train=1.147e+02, val=1.147e+02]
GNN flow training:  60%|██████    | 60/100 [04:29<02:58,  4.46s/epoch, best=1.147e+02, sign=0.212, train=1.147e+02, val=1.147e+02]
GNN flow training:  60%|██████    | 60/100 [04:33<02:58,  4.46s/epoch, best=1.147e+02, sign=0.210, train=1.147e+02, val=1.143e+02]
GNN flow training:  61%|██████    | 61/100 [04:33<02:53,  4.46s/epoch, best=1.147e+02, sign=0.210, train=1.147e+02, val=1.143e+02]
GNN flow training:  61%|██████    | 61/100 [04:37<02:53,  4.46s/epoch, best=1.143e+02, sign=0.210, train=1.143e+02, val=1.151e+02]
GNN flow training:  62%|██████▏   | 62/100 [04:37<02:49,  4.47s/epoch, best=1.143e+02, sign=0.210, train=1.143e+02, val=1.151e+02]
GNN flow training:  62%|██████▏   | 62/100 [04:42<02:49,  4.47s/epoch, best=1.143e+02, sign=0.208, train=1.151e+02, val=1.145e+02]
GNN flow training:  63%|██████▎   | 63/100 [04:42<02:45,  4.49s/epoch, best=1.143e+02, sign=0.208, train=1.151e+02, val=1.145e+02]
GNN flow training:  63%|██████▎   | 63/100 [04:46<02:45,  4.49s/epoch, best=1.143e+02, sign=0.208, train=1.145e+02, val=1.142e+02]
GNN flow training:  64%|██████▍   | 64/100 [04:46<02:41,  4.48s/epoch, best=1.143e+02, sign=0.208, train=1.145e+02, val=1.142e+02]
GNN flow training:  64%|██████▍   | 64/100 [04:51<02:41,  4.48s/epoch, best=1.142e+02, sign=0.208, train=1.141e+02, val=1.143e+02]
GNN flow training:  65%|██████▌   | 65/100 [04:51<02:36,  4.47s/epoch, best=1.142e+02, sign=0.208, train=1.141e+02, val=1.143e+02]
GNN flow training:  65%|██████▌   | 65/100 [04:55<02:36,  4.47s/epoch, best=1.142e+02, sign=0.206, train=1.142e+02, val=1.140e+02]
GNN flow training:  66%|██████▌   | 66/100 [04:55<02:31,  4.47s/epoch, best=1.142e+02, sign=0.206, train=1.142e+02, val=1.140e+02]
GNN flow training:  66%|██████▌   | 66/100 [05:00<02:31,  4.47s/epoch, best=1.140e+02, sign=0.204, train=1.140e+02, val=1.141e+02]
GNN flow training:  67%|██████▋   | 67/100 [05:00<02:26,  4.45s/epoch, best=1.140e+02, sign=0.204, train=1.140e+02, val=1.141e+02]
GNN flow training:  67%|██████▋   | 67/100 [05:04<02:26,  4.45s/epoch, best=1.140e+02, sign=0.204, train=1.141e+02, val=1.147e+02]
GNN flow training:  68%|██████▊   | 68/100 [05:04<02:22,  4.45s/epoch, best=1.140e+02, sign=0.204, train=1.141e+02, val=1.147e+02]
GNN flow training:  68%|██████▊   | 68/100 [05:09<02:22,  4.45s/epoch, best=1.140e+02, sign=0.203, train=1.146e+02, val=1.151e+02]
GNN flow training:  69%|██████▉   | 69/100 [05:09<02:17,  4.45s/epoch, best=1.140e+02, sign=0.203, train=1.146e+02, val=1.151e+02]
GNN flow training:  69%|██████▉   | 69/100 [05:13<02:17,  4.45s/epoch, best=1.140e+02, sign=0.202, train=1.151e+02, val=1.157e+02]
GNN flow training:  70%|███████   | 70/100 [05:13<02:13,  4.44s/epoch, best=1.140e+02, sign=0.202, train=1.151e+02, val=1.157e+02]
GNN flow training:  70%|███████   | 70/100 [05:18<02:13,  4.44s/epoch, best=1.140e+02, sign=0.206, train=1.157e+02, val=1.145e+02]
GNN flow training:  71%|███████   | 71/100 [05:18<02:08,  4.44s/epoch, best=1.140e+02, sign=0.206, train=1.157e+02, val=1.145e+02]
GNN flow training:  71%|███████   | 71/100 [05:22<02:08,  4.44s/epoch, best=1.140e+02, sign=0.210, train=1.145e+02, val=1.131e+02]
GNN flow training:  72%|███████▏  | 72/100 [05:22<02:04,  4.44s/epoch, best=1.140e+02, sign=0.210, train=1.145e+02, val=1.131e+02]
GNN flow training:  72%|███████▏  | 72/100 [05:26<02:04,  4.44s/epoch, best=1.131e+02, sign=0.214, train=1.130e+02, val=1.129e+02]
GNN flow training:  73%|███████▎  | 73/100 [05:26<02:00,  4.44s/epoch, best=1.131e+02, sign=0.214, train=1.130e+02, val=1.129e+02]
GNN flow training:  73%|███████▎  | 73/100 [05:31<02:00,  4.44s/epoch, best=1.129e+02, sign=0.214, train=1.129e+02, val=1.169e+02]
GNN flow training:  74%|███████▍  | 74/100 [05:31<01:55,  4.44s/epoch, best=1.129e+02, sign=0.214, train=1.129e+02, val=1.169e+02]
GNN flow training:  74%|███████▍  | 74/100 [05:35<01:55,  4.44s/epoch, best=1.129e+02, sign=0.215, train=1.169e+02, val=1.199e+02]
GNN flow training:  75%|███████▌  | 75/100 [05:35<01:51,  4.45s/epoch, best=1.129e+02, sign=0.215, train=1.169e+02, val=1.199e+02]
GNN flow training:  75%|███████▌  | 75/100 [05:40<01:51,  4.45s/epoch, best=1.129e+02, sign=0.215, train=1.199e+02, val=1.189e+02]
GNN flow training:  76%|███████▌  | 76/100 [05:40<01:46,  4.45s/epoch, best=1.129e+02, sign=0.215, train=1.199e+02, val=1.189e+02]
GNN flow training:  76%|███████▌  | 76/100 [05:44<01:46,  4.45s/epoch, best=1.129e+02, sign=0.220, train=1.189e+02, val=1.151e+02]
GNN flow training:  77%|███████▋  | 77/100 [05:44<01:42,  4.44s/epoch, best=1.129e+02, sign=0.220, train=1.189e+02, val=1.151e+02]
GNN flow training:  77%|███████▋  | 77/100 [05:49<01:42,  4.44s/epoch, best=1.129e+02, sign=0.224, train=1.151e+02, val=1.120e+02]
GNN flow training:  78%|███████▊  | 78/100 [05:49<01:37,  4.43s/epoch, best=1.129e+02, sign=0.224, train=1.151e+02, val=1.120e+02]
GNN flow training:  78%|███████▊  | 78/100 [05:53<01:37,  4.43s/epoch, best=1.120e+02, sign=0.228, train=1.120e+02, val=1.110e+02]
GNN flow training:  79%|███████▉  | 79/100 [05:53<01:33,  4.43s/epoch, best=1.120e+02, sign=0.228, train=1.120e+02, val=1.110e+02]
GNN flow training:  79%|███████▉  | 79/100 [05:58<01:33,  4.43s/epoch, best=1.110e+02, sign=0.235, train=1.110e+02, val=1.100e+02]
GNN flow training:  80%|████████  | 80/100 [05:58<01:29,  4.45s/epoch, best=1.110e+02, sign=0.235, train=1.110e+02, val=1.100e+02]
GNN flow training:  80%|████████  | 80/100 [06:02<01:29,  4.45s/epoch, best=1.100e+02, sign=0.245, train=1.100e+02, val=1.099e+02]
GNN flow training:  81%|████████  | 81/100 [06:02<01:24,  4.45s/epoch, best=1.100e+02, sign=0.245, train=1.100e+02, val=1.099e+02]
GNN flow training:  81%|████████  | 81/100 [06:06<01:24,  4.45s/epoch, best=1.099e+02, sign=0.250, train=1.098e+02, val=1.095e+02]
GNN flow training:  82%|████████▏ | 82/100 [06:06<01:19,  4.44s/epoch, best=1.099e+02, sign=0.250, train=1.098e+02, val=1.095e+02]
GNN flow training:  82%|████████▏ | 82/100 [06:11<01:19,  4.44s/epoch, best=1.095e+02, sign=0.252, train=1.094e+02, val=1.096e+02]
GNN flow training:  83%|████████▎ | 83/100 [06:11<01:15,  4.45s/epoch, best=1.095e+02, sign=0.252, train=1.094e+02, val=1.096e+02]
GNN flow training:  83%|████████▎ | 83/100 [06:15<01:15,  4.45s/epoch, best=1.095e+02, sign=0.247, train=1.096e+02, val=1.108e+02]
GNN flow training:  84%|████████▍ | 84/100 [06:15<01:11,  4.45s/epoch, best=1.095e+02, sign=0.247, train=1.096e+02, val=1.108e+02]
GNN flow training:  84%|████████▍ | 84/100 [06:20<01:11,  4.45s/epoch, best=1.095e+02, sign=0.251, train=1.108e+02, val=1.108e+02]
GNN flow training:  85%|████████▌ | 85/100 [06:20<01:06,  4.45s/epoch, best=1.095e+02, sign=0.251, train=1.108e+02, val=1.108e+02]
GNN flow training:  85%|████████▌ | 85/100 [06:24<01:06,  4.45s/epoch, best=1.095e+02, sign=0.247, train=1.108e+02, val=1.113e+02]
GNN flow training:  86%|████████▌ | 86/100 [06:24<01:02,  4.46s/epoch, best=1.095e+02, sign=0.247, train=1.108e+02, val=1.113e+02]
GNN flow training:  86%|████████▌ | 86/100 [06:29<01:02,  4.46s/epoch, best=1.095e+02, sign=0.242, train=1.113e+02, val=1.105e+02]
GNN flow training:  87%|████████▋ | 87/100 [06:29<00:57,  4.46s/epoch, best=1.095e+02, sign=0.242, train=1.113e+02, val=1.105e+02]
GNN flow training:  87%|████████▋ | 87/100 [06:33<00:57,  4.46s/epoch, best=1.095e+02, sign=0.232, train=1.105e+02, val=1.096e+02]
GNN flow training:  88%|████████▊ | 88/100 [06:33<00:53,  4.46s/epoch, best=1.095e+02, sign=0.232, train=1.105e+02, val=1.096e+02]
GNN flow training:  88%|████████▊ | 88/100 [06:38<00:53,  4.46s/epoch, best=1.095e+02, sign=0.222, train=1.096e+02, val=1.090e+02]
GNN flow training:  89%|████████▉ | 89/100 [06:38<00:49,  4.48s/epoch, best=1.095e+02, sign=0.222, train=1.096e+02, val=1.090e+02]
GNN flow training:  89%|████████▉ | 89/100 [06:42<00:49,  4.48s/epoch, best=1.090e+02, sign=0.217, train=1.090e+02, val=1.076e+02]
GNN flow training:  90%|█████████ | 90/100 [06:42<00:44,  4.47s/epoch, best=1.090e+02, sign=0.217, train=1.090e+02, val=1.076e+02]
GNN flow training:  90%|█████████ | 90/100 [06:47<00:44,  4.47s/epoch, best=1.076e+02, sign=0.213, train=1.076e+02, val=1.075e+02]
GNN flow training:  91%|█████████ | 91/100 [06:47<00:40,  4.46s/epoch, best=1.076e+02, sign=0.213, train=1.076e+02, val=1.075e+02]
GNN flow training:  91%|█████████ | 91/100 [06:51<00:40,  4.46s/epoch, best=1.075e+02, sign=0.213, train=1.075e+02, val=1.064e+02]
GNN flow training:  92%|█████████▏| 92/100 [06:51<00:35,  4.45s/epoch, best=1.075e+02, sign=0.213, train=1.075e+02, val=1.064e+02]
GNN flow training:  92%|█████████▏| 92/100 [06:55<00:35,  4.45s/epoch, best=1.064e+02, sign=0.213, train=1.064e+02, val=1.057e+02]
GNN flow training:  93%|█████████▎| 93/100 [06:55<00:31,  4.43s/epoch, best=1.064e+02, sign=0.213, train=1.064e+02, val=1.057e+02]
GNN flow training:  93%|█████████▎| 93/100 [07:00<00:31,  4.43s/epoch, best=1.057e+02, sign=0.212, train=1.056e+02, val=1.052e+02]
GNN flow training:  94%|█████████▍| 94/100 [07:00<00:26,  4.41s/epoch, best=1.057e+02, sign=0.212, train=1.056e+02, val=1.052e+02]
GNN flow training:  94%|█████████▍| 94/100 [07:04<00:26,  4.41s/epoch, best=1.052e+02, sign=0.212, train=1.052e+02, val=1.051e+02]
GNN flow training:  95%|█████████▌| 95/100 [07:04<00:22,  4.42s/epoch, best=1.052e+02, sign=0.212, train=1.052e+02, val=1.051e+02]
GNN flow training:  95%|█████████▌| 95/100 [07:09<00:22,  4.42s/epoch, best=1.051e+02, sign=0.213, train=1.051e+02, val=1.049e+02]
GNN flow training:  96%|█████████▌| 96/100 [07:09<00:17,  4.43s/epoch, best=1.051e+02, sign=0.213, train=1.051e+02, val=1.049e+02]
GNN flow training:  96%|█████████▌| 96/100 [07:13<00:17,  4.43s/epoch, best=1.049e+02, sign=0.212, train=1.048e+02, val=1.051e+02]
GNN flow training:  97%|█████████▋| 97/100 [07:13<00:13,  4.44s/epoch, best=1.049e+02, sign=0.212, train=1.048e+02, val=1.051e+02]
GNN flow training:  97%|█████████▋| 97/100 [07:18<00:13,  4.44s/epoch, best=1.049e+02, sign=0.213, train=1.051e+02, val=1.047e+02]
GNN flow training:  98%|█████████▊| 98/100 [07:18<00:08,  4.43s/epoch, best=1.049e+02, sign=0.213, train=1.051e+02, val=1.047e+02]
GNN flow training:  98%|█████████▊| 98/100 [07:22<00:08,  4.43s/epoch, best=1.047e+02, sign=0.214, train=1.047e+02, val=1.045e+02]
GNN flow training:  99%|█████████▉| 99/100 [07:22<00:04,  4.44s/epoch, best=1.047e+02, sign=0.214, train=1.047e+02, val=1.045e+02]
GNN flow training:  99%|█████████▉| 99/100 [07:26<00:04,  4.44s/epoch, best=1.045e+02, sign=0.215, train=1.045e+02, val=1.040e+02]
GNN flow training: 100%|██████████| 100/100 [07:26<00:00,  4.43s/epoch, best=1.045e+02, sign=0.215, train=1.045e+02, val=1.040e+02]
GNN flow training: 100%|██████████| 100/100 [07:26<00:00,  4.47s/epoch, best=1.045e+02, sign=0.215, train=1.045e+02, val=1.040e+02]
Resolved config snapshot:
{'preset': 'solver_QKB_outer_QKBdelta', 'gnn_outer_losses': {'flow': 0.1, 'kirchhoff': 1.0, 'boundary': 100.0, 'delta_l2': 1.0, 'delta_smooth': 0.0, 'pressure_shape': 0.0}, 'physics': {'arterial_flow_mode': 'dataset', 'pressure_constraints': ['mean-a-minus-v-alpha-equal-v'], 'alpha_pa': 10.0, 'use_snr_weights': True, 'use_observed_flow_snr_weighting': True, 'flow_scale_mode': 'median_abs', 'solver_device': 'same', 'pressure_solver_mode': 'reduced-soft-constrained-lstsq', 'pressure_solver_lambda_kirchhoff': 1.0, 'pressure_solver_lambda_pressure_constraints': 100.0, 'pressure_solver_lambda_flow_residual': 1.0, 'pressure_shape_reference': 'delta_zero_reference', 'pressure_detach': False}, 'correction_bounds': {'correction_min': -0.5, 'correction_max': 0.5, 'correction_bound': 0.5, 'correction_parameterization': 'tanh'}, 'optimization': {'learning_rate': 0.001, 'weight_decay': 0.0001, 'gradient_clip_norm': 5.0, 'optimizer': 'adamw', 'epochs': 100, 'patience': 40}}
Resolved config snapshot:
{'preset': 'solver_QKB_outer_QKBdelta', 'gnn_outer_losses': {'flow': 10.0, 'kirchhoff': 10.0, 'boundary': 100.0, 'delta_l2': 100.0, 'delta_smooth': 0.0, 'pressure_shape': 0.0}, 'physics': {'arterial_flow_mode': 'dataset', 'pressure_constraints': ['mean-a-minus-v-alpha-equal-v'], 'alpha_pa': 10.0, 'use_snr_weights': True, 'use_observed_flow_snr_weighting': True, 'flow_scale_mode': 'median_abs', 'solver_device': 'same', 'pressure_solver_mode': 'reduced-soft-constrained-lstsq', 'pressure_solver_lambda_kirchhoff': 1.0, 'pressure_solver_lambda_pressure_constraints': 100.0, 'pressure_solver_lambda_flow_residual': 1.0, 'pressure_shape_reference': 'delta_zero_reference', 'pressure_detach': False}, 'correction_bounds': {'correction_min': -0.5, 'correction_max': 0.5, 'correction_bound': 0.5, 'correction_parameterization': 'tanh'}, 'optimization': {'learning_rate': 0.001, 'weight_decay': 0.0001, 'gradient_clip_norm': 5.0, 'optimizer': 'adamw', 'epochs': 100, 'patience': 40}}
Command: /mnt/home/sswee/miniforge3/envs/yolk-sac/bin/python /mnt/home/sswee/yolk/Yolk-Sac-Flow-Data-and-Sim/gnn_clean/scripts/python/gnn_flow.py /mnt/home/sswee/yolk/Yolk-Sac-Flow-Data-and-Sim/gnn_clean/datasets/mosaic_graph_canonical_harmonized/mosaic_graph_canonical_harmonized.gpickle --output-dir /mnt/home/sswee/yolk/Yolk-Sac-Flow-Data-and-Sim/gnn_clean/outputs_canonical/dc/03_pressure_constraint_sensitivity/gnn --run-name q_0p1__k_1__delta_1__constraint_fixed_drop_10pa --preset solver_QKB_outer_QKBdelta --device cuda --epochs 100 --seed 0 --viscosity-pa-s 0.0035 --config /mnt/home/sswee/yolk/Yolk-Sac-Flow-Data-and-Sim/gnn_clean/outputs_canonical/dc/03_pressure_constraint_sensitivity/_generated_configs/q_0p1__k_1__delta_1__constraint_fixed_drop_10pa.yaml --no-pressure-detach
Command: /mnt/home/sswee/miniforge3/envs/yolk-sac/bin/python /mnt/home/sswee/yolk/Yolk-Sac-Flow-Data-and-Sim/gnn_clean/scripts/python/gnn_flow.py /mnt/home/sswee/yolk/Yolk-Sac-Flow-Data-and-Sim/gnn_clean/datasets/mosaic_graph_canonical_harmonized/mosaic_graph_canonical_harmonized.gpickle --output-dir /mnt/home/sswee/yolk/Yolk-Sac-Flow-Data-and-Sim/gnn_clean/outputs_canonical/dc/03_pressure_constraint_sensitivity/gnn --run-name q_10__k_10__delta_100__constraint_fixed_drop_10pa --preset solver_QKB_outer_QKBdelta --device cuda --epochs 100 --seed 0 --viscosity-pa-s 0.0035 --config /mnt/home/sswee/yolk/Yolk-Sac-Flow-Data-and-Sim/gnn_clean/outputs_canonical/dc/03_pressure_constraint_sensitivity/_generated_configs/q_10__k_10__delta_100__constraint_fixed_drop_10pa.yaml --no-pressure-detach
Command: /mnt/home/sswee/miniforge3/envs/yolk-sac/bin/python /mnt/home/sswee/yolk/Yolk-Sac-Flow-Data-and-Sim/gnn_clean/scripts/python/poiseuille_only_baseline.py /mnt/home/sswee/yolk/Yolk-Sac-Flow-Data-and-Sim/gnn_clean/datasets/mosaic_graph_canonical_harmonized/mosaic_graph_canonical_harmonized.gpickle --output-dir /mnt/home/sswee/yolk/Yolk-Sac-Flow-Data-and-Sim/gnn_clean/outputs_canonical/dc/03_pressure_constraint_sensitivity/poiseuille --run-name poiseuille__q_100__k_0p1__constraint_fixed_drop_10pa --device cpu --viscosity-pa-s 0.0035 --dc-solve-mode reduced-soft-constrained-lstsq --arterial-flow-mode dataset --lambda-kirchhoff 0.1 --lambda-pressure-constraints 100.0 --lambda-flow-residual 100.0 --pressure-constraint mean-a-minus-v-alpha-equal-v --alpha-pa 10.0
