[info] DC Step 2 canonical sweep uses fixed lambda_B=100.0 for both the outer boundary loss and the reduced pressure-solver boundary constraint.

GNN flow training:   0%|          | 0/100 [00:00<?, ?epoch/s]
GNN flow training:   0%|          | 0/100 [00:06<?, ?epoch/s, best=1.274e+01, sign=0.194, train=1.274e+01, val=1.274e+01]
GNN flow training:   1%|          | 1/100 [00:06<10:29,  6.36s/epoch, best=1.274e+01, sign=0.194, train=1.274e+01, val=1.274e+01]
GNN flow training:   1%|          | 1/100 [00:12<10:29,  6.36s/epoch, best=1.274e+01, sign=0.194, train=1.275e+01, val=1.277e+01]
GNN flow training:   2%|▏         | 2/100 [00:12<10:09,  6.22s/epoch, best=1.274e+01, sign=0.194, train=1.275e+01, val=1.277e+01]
GNN flow training:   2%|▏         | 2/100 [00:18<10:09,  6.22s/epoch, best=1.274e+01, sign=0.194, train=1.277e+01, val=1.277e+01]
GNN flow training:   3%|▎         | 3/100 [00:18<09:59,  6.18s/epoch, best=1.274e+01, sign=0.194, train=1.277e+01, val=1.277e+01]
GNN flow training:   3%|▎         | 3/100 [00:24<09:59,  6.18s/epoch, best=1.274e+01, sign=0.194, train=1.277e+01, val=1.272e+01]
GNN flow training:   4%|▍         | 4/100 [00:24<09:55,  6.21s/epoch, best=1.274e+01, sign=0.194, train=1.277e+01, val=1.272e+01]
GNN flow training:   4%|▍         | 4/100 [00:31<09:55,  6.21s/epoch, best=1.272e+01, sign=0.194, train=1.272e+01, val=1.273e+01]
GNN flow training:   5%|▌         | 5/100 [00:31<09:48,  6.20s/epoch, best=1.272e+01, sign=0.194, train=1.272e+01, val=1.273e+01]
GNN flow training:   5%|▌         | 5/100 [00:37<09:48,  6.20s/epoch, best=1.272e+01, sign=0.194, train=1.273e+01, val=1.272e+01]
GNN flow training:   6%|▌         | 6/100 [00:37<09:41,  6.18s/epoch, best=1.272e+01, sign=0.194, train=1.273e+01, val=1.272e+01]
GNN flow training:   6%|▌         | 6/100 [00:43<09:41,  6.18s/epoch, best=1.272e+01, sign=0.195, train=1.273e+01, val=1.272e+01]
GNN flow training:   7%|▋         | 7/100 [00:43<09:35,  6.19s/epoch, best=1.272e+01, sign=0.195, train=1.273e+01, val=1.272e+01]
GNN flow training:   7%|▋         | 7/100 [00:49<09:35,  6.19s/epoch, best=1.272e+01, sign=0.195, train=1.272e+01, val=1.269e+01]
GNN flow training:   8%|▊         | 8/100 [00:49<09:32,  6.22s/epoch, best=1.272e+01, sign=0.195, train=1.272e+01, val=1.269e+01]
GNN flow training:   8%|▊         | 8/100 [00:55<09:32,  6.22s/epoch, best=1.269e+01, sign=0.196, train=1.269e+01, val=1.270e+01]
GNN flow training:   9%|▉         | 9/100 [00:55<09:27,  6.24s/epoch, best=1.269e+01, sign=0.196, train=1.269e+01, val=1.270e+01]
GNN flow training:   9%|▉         | 9/100 [01:02<09:27,  6.24s/epoch, best=1.269e+01, sign=0.197, train=1.270e+01, val=1.268e+01]
GNN flow training:  10%|█         | 10/100 [01:02<09:19,  6.22s/epoch, best=1.269e+01, sign=0.197, train=1.270e+01, val=1.268e+01]
GNN flow training:  10%|█         | 10/100 [01:08<09:19,  6.22s/epoch, best=1.268e+01, sign=0.198, train=1.269e+01, val=1.272e+01]
GNN flow training:  11%|█         | 11/100 [01:08<09:14,  6.23s/epoch, best=1.268e+01, sign=0.198, train=1.269e+01, val=1.272e+01]
GNN flow training:  11%|█         | 11/100 [01:14<09:14,  6.23s/epoch, best=1.268e+01, sign=0.199, train=1.273e+01, val=1.271e+01]
GNN flow training:  12%|█▏        | 12/100 [01:14<09:06,  6.21s/epoch, best=1.268e+01, sign=0.199, train=1.273e+01, val=1.271e+01]
GNN flow training:  12%|█▏        | 12/100 [01:20<09:06,  6.21s/epoch, best=1.268e+01, sign=0.199, train=1.271e+01, val=1.269e+01]
GNN flow training:  13%|█▎        | 13/100 [01:20<08:58,  6.19s/epoch, best=1.268e+01, sign=0.199, train=1.271e+01, val=1.269e+01]
GNN flow training:  13%|█▎        | 13/100 [01:26<08:58,  6.19s/epoch, best=1.268e+01, sign=0.199, train=1.269e+01, val=1.270e+01]
GNN flow training:  14%|█▍        | 14/100 [01:26<08:51,  6.17s/epoch, best=1.268e+01, sign=0.199, train=1.269e+01, val=1.270e+01]
GNN flow training:  14%|█▍        | 14/100 [01:32<08:51,  6.17s/epoch, best=1.268e+01, sign=0.201, train=1.270e+01, val=1.267e+01]
GNN flow training:  15%|█▌        | 15/100 [01:32<08:43,  6.16s/epoch, best=1.268e+01, sign=0.201, train=1.270e+01, val=1.267e+01]
GNN flow training:  15%|█▌        | 15/100 [01:39<08:43,  6.16s/epoch, best=1.267e+01, sign=0.201, train=1.268e+01, val=1.266e+01]
GNN flow training:  16%|█▌        | 16/100 [01:39<08:36,  6.15s/epoch, best=1.267e+01, sign=0.201, train=1.268e+01, val=1.266e+01]
GNN flow training:  16%|█▌        | 16/100 [01:45<08:36,  6.15s/epoch, best=1.266e+01, sign=0.200, train=1.266e+01, val=1.258e+01]
GNN flow training:  17%|█▋        | 17/100 [01:45<08:29,  6.14s/epoch, best=1.266e+01, sign=0.200, train=1.266e+01, val=1.258e+01]
GNN flow training:  17%|█▋        | 17/100 [01:51<08:29,  6.14s/epoch, best=1.258e+01, sign=0.199, train=1.259e+01, val=1.258e+01]
GNN flow training:  18%|█▊        | 18/100 [01:51<08:22,  6.13s/epoch, best=1.258e+01, sign=0.199, train=1.259e+01, val=1.258e+01]
GNN flow training:  18%|█▊        | 18/100 [01:57<08:22,  6.13s/epoch, best=1.258e+01, sign=0.199, train=1.258e+01, val=1.253e+01]
GNN flow training:  19%|█▉        | 19/100 [01:57<08:16,  6.13s/epoch, best=1.258e+01, sign=0.199, train=1.258e+01, val=1.253e+01]
GNN flow training:  19%|█▉        | 19/100 [02:03<08:16,  6.13s/epoch, best=1.253e+01, sign=0.199, train=1.253e+01, val=1.245e+01]
GNN flow training:  20%|██        | 20/100 [02:03<08:09,  6.12s/epoch, best=1.253e+01, sign=0.199, train=1.253e+01, val=1.245e+01]
GNN flow training:  20%|██        | 20/100 [02:09<08:09,  6.12s/epoch, best=1.245e+01, sign=0.198, train=1.245e+01, val=1.243e+01]
GNN flow training:  21%|██        | 21/100 [02:09<08:04,  6.13s/epoch, best=1.245e+01, sign=0.198, train=1.245e+01, val=1.243e+01]
GNN flow training:  21%|██        | 21/100 [02:15<08:04,  6.13s/epoch, best=1.243e+01, sign=0.197, train=1.243e+01, val=1.234e+01]
GNN flow training:  22%|██▏       | 22/100 [02:15<07:58,  6.14s/epoch, best=1.243e+01, sign=0.197, train=1.243e+01, val=1.234e+01]
GNN flow training:  22%|██▏       | 22/100 [02:22<07:58,  6.14s/epoch, best=1.234e+01, sign=0.195, train=1.235e+01, val=1.232e+01]
GNN flow training:  23%|██▎       | 23/100 [02:22<07:53,  6.15s/epoch, best=1.234e+01, sign=0.195, train=1.235e+01, val=1.232e+01]
GNN flow training:  23%|██▎       | 23/100 [02:28<07:53,  6.15s/epoch, best=1.232e+01, sign=0.194, train=1.232e+01, val=1.231e+01]
GNN flow training:  24%|██▍       | 24/100 [02:28<07:46,  6.14s/epoch, best=1.232e+01, sign=0.194, train=1.232e+01, val=1.231e+01]
GNN flow training:  24%|██▍       | 24/100 [02:34<07:46,  6.14s/epoch, best=1.231e+01, sign=0.193, train=1.231e+01, val=1.222e+01]
GNN flow training:  25%|██▌       | 25/100 [02:34<07:39,  6.13s/epoch, best=1.231e+01, sign=0.193, train=1.231e+01, val=1.222e+01]
GNN flow training:  25%|██▌       | 25/100 [02:40<07:39,  6.13s/epoch, best=1.222e+01, sign=0.193, train=1.223e+01, val=1.213e+01]
GNN flow training:  26%|██▌       | 26/100 [02:40<07:33,  6.12s/epoch, best=1.222e+01, sign=0.193, train=1.223e+01, val=1.213e+01]
GNN flow training:  26%|██▌       | 26/100 [02:46<07:33,  6.12s/epoch, best=1.213e+01, sign=0.191, train=1.213e+01, val=1.206e+01]
GNN flow training:  27%|██▋       | 27/100 [02:46<07:29,  6.16s/epoch, best=1.213e+01, sign=0.191, train=1.213e+01, val=1.206e+01]
GNN flow training:  27%|██▋       | 27/100 [02:52<07:29,  6.16s/epoch, best=1.206e+01, sign=0.189, train=1.206e+01, val=1.198e+01]
GNN flow training:  28%|██▊       | 28/100 [02:52<07:24,  6.17s/epoch, best=1.206e+01, sign=0.189, train=1.206e+01, val=1.198e+01]
GNN flow training:  28%|██▊       | 28/100 [02:58<07:24,  6.17s/epoch, best=1.198e+01, sign=0.187, train=1.198e+01, val=1.189e+01]
GNN flow training:  29%|██▉       | 29/100 [02:58<07:17,  6.17s/epoch, best=1.198e+01, sign=0.187, train=1.198e+01, val=1.189e+01]
GNN flow training:  29%|██▉       | 29/100 [03:05<07:17,  6.17s/epoch, best=1.189e+01, sign=0.185, train=1.189e+01, val=1.180e+01]
GNN flow training:  30%|███       | 30/100 [03:05<07:10,  6.16s/epoch, best=1.189e+01, sign=0.185, train=1.189e+01, val=1.180e+01]
GNN flow training:  30%|███       | 30/100 [03:11<07:10,  6.16s/epoch, best=1.180e+01, sign=0.184, train=1.180e+01, val=1.172e+01]
GNN flow training:  31%|███       | 31/100 [03:11<07:04,  6.15s/epoch, best=1.180e+01, sign=0.184, train=1.180e+01, val=1.172e+01]
GNN flow training:  31%|███       | 31/100 [03:17<07:04,  6.15s/epoch, best=1.172e+01, sign=0.183, train=1.172e+01, val=1.166e+01]
GNN flow training:  32%|███▏      | 32/100 [03:17<06:57,  6.14s/epoch, best=1.172e+01, sign=0.183, train=1.172e+01, val=1.166e+01]
GNN flow training:  32%|███▏      | 32/100 [03:23<06:57,  6.14s/epoch, best=1.166e+01, sign=0.180, train=1.166e+01, val=1.151e+01]
GNN flow training:  33%|███▎      | 33/100 [03:23<06:51,  6.14s/epoch, best=1.166e+01, sign=0.180, train=1.166e+01, val=1.151e+01]
GNN flow training:  33%|███▎      | 33/100 [03:29<06:51,  6.14s/epoch, best=1.151e+01, sign=0.178, train=1.151e+01, val=1.151e+01]
GNN flow training:  34%|███▍      | 34/100 [03:29<06:45,  6.14s/epoch, best=1.151e+01, sign=0.178, train=1.151e+01, val=1.151e+01]
GNN flow training:  34%|███▍      | 34/100 [03:35<06:45,  6.14s/epoch, best=1.151e+01, sign=0.177, train=1.151e+01, val=1.141e+01]
GNN flow training:  35%|███▌      | 35/100 [03:35<06:40,  6.15s/epoch, best=1.151e+01, sign=0.177, train=1.151e+01, val=1.141e+01]
GNN flow training:  35%|███▌      | 35/100 [03:41<06:40,  6.15s/epoch, best=1.141e+01, sign=0.178, train=1.142e+01, val=1.128e+01]
GNN flow training:  36%|███▌      | 36/100 [03:41<06:33,  6.15s/epoch, best=1.141e+01, sign=0.178, train=1.142e+01, val=1.128e+01]
GNN flow training:  36%|███▌      | 36/100 [03:48<06:33,  6.15s/epoch, best=1.128e+01, sign=0.179, train=1.129e+01, val=1.118e+01]
GNN flow training:  37%|███▋      | 37/100 [03:48<06:26,  6.14s/epoch, best=1.128e+01, sign=0.179, train=1.129e+01, val=1.118e+01]
GNN flow training:  37%|███▋      | 37/100 [03:54<06:26,  6.14s/epoch, best=1.118e+01, sign=0.181, train=1.118e+01, val=1.114e+01]
GNN flow training:  38%|███▊      | 38/100 [03:54<06:21,  6.15s/epoch, best=1.118e+01, sign=0.181, train=1.118e+01, val=1.114e+01]
GNN flow training:  38%|███▊      | 38/100 [04:00<06:21,  6.15s/epoch, best=1.114e+01, sign=0.180, train=1.114e+01, val=1.103e+01]
GNN flow training:  39%|███▉      | 39/100 [04:00<06:14,  6.14s/epoch, best=1.114e+01, sign=0.180, train=1.114e+01, val=1.103e+01]
GNN flow training:  39%|███▉      | 39/100 [04:06<06:14,  6.14s/epoch, best=1.103e+01, sign=0.174, train=1.103e+01, val=1.090e+01]
GNN flow training:  40%|████      | 40/100 [04:06<06:08,  6.15s/epoch, best=1.103e+01, sign=0.174, train=1.103e+01, val=1.090e+01]
GNN flow training:  40%|████      | 40/100 [04:12<06:08,  6.15s/epoch, best=1.090e+01, sign=0.170, train=1.091e+01, val=1.071e+01]
GNN flow training:  41%|████      | 41/100 [04:12<06:02,  6.14s/epoch, best=1.090e+01, sign=0.170, train=1.091e+01, val=1.071e+01]
GNN flow training:  41%|████      | 41/100 [04:18<06:02,  6.14s/epoch, best=1.071e+01, sign=0.169, train=1.071e+01, val=1.058e+01]
GNN flow training:  42%|████▏     | 42/100 [04:18<05:55,  6.14s/epoch, best=1.071e+01, sign=0.169, train=1.071e+01, val=1.058e+01]
GNN flow training:  42%|████▏     | 42/100 [04:24<05:55,  6.14s/epoch, best=1.058e+01, sign=0.166, train=1.058e+01, val=1.055e+01]
GNN flow training:  43%|████▎     | 43/100 [04:24<05:49,  6.14s/epoch, best=1.058e+01, sign=0.166, train=1.058e+01, val=1.055e+01]
GNN flow training:  43%|████▎     | 43/100 [04:31<05:49,  6.14s/epoch, best=1.055e+01, sign=0.166, train=1.055e+01, val=1.059e+01]
GNN flow training:  44%|████▍     | 44/100 [04:31<05:43,  6.13s/epoch, best=1.055e+01, sign=0.166, train=1.055e+01, val=1.059e+01]
GNN flow training:  44%|████▍     | 44/100 [04:37<05:43,  6.13s/epoch, best=1.055e+01, sign=0.165, train=1.059e+01, val=1.060e+01]
GNN flow training:  45%|████▌     | 45/100 [04:37<05:38,  6.15s/epoch, best=1.055e+01, sign=0.165, train=1.059e+01, val=1.060e+01]
GNN flow training:  45%|████▌     | 45/100 [04:43<05:38,  6.15s/epoch, best=1.055e+01, sign=0.163, train=1.060e+01, val=1.071e+01]
GNN flow training:  46%|████▌     | 46/100 [04:43<05:32,  6.16s/epoch, best=1.055e+01, sign=0.163, train=1.060e+01, val=1.071e+01]
GNN flow training:  46%|████▌     | 46/100 [04:49<05:32,  6.16s/epoch, best=1.055e+01, sign=0.163, train=1.071e+01, val=1.071e+01]
GNN flow training:  47%|████▋     | 47/100 [04:49<05:26,  6.16s/epoch, best=1.055e+01, sign=0.163, train=1.071e+01, val=1.071e+01]
GNN flow training:  47%|████▋     | 47/100 [04:55<05:26,  6.16s/epoch, best=1.055e+01, sign=0.161, train=1.071e+01, val=1.061e+01]
GNN flow training:  48%|████▊     | 48/100 [04:55<05:19,  6.15s/epoch, best=1.055e+01, sign=0.161, train=1.071e+01, val=1.061e+01]
GNN flow training:  48%|████▊     | 48/100 [05:01<05:19,  6.15s/epoch, best=1.055e+01, sign=0.160, train=1.061e+01, val=1.049e+01]
GNN flow training:  49%|████▉     | 49/100 [05:01<05:14,  6.16s/epoch, best=1.055e+01, sign=0.160, train=1.061e+01, val=1.049e+01]
GNN flow training:  49%|████▉     | 49/100 [05:08<05:14,  6.16s/epoch, best=1.049e+01, sign=0.165, train=1.049e+01, val=1.055e+01]
GNN flow training:  50%|█████     | 50/100 [05:08<05:07,  6.15s/epoch, best=1.049e+01, sign=0.165, train=1.049e+01, val=1.055e+01]
GNN flow training:  50%|█████     | 50/100 [05:14<05:07,  6.15s/epoch, best=1.049e+01, sign=0.171, train=1.055e+01, val=1.060e+01]
GNN flow training:  51%|█████     | 51/100 [05:14<05:00,  6.14s/epoch, best=1.049e+01, sign=0.171, train=1.055e+01, val=1.060e+01]
GNN flow training:  51%|█████     | 51/100 [05:20<05:00,  6.14s/epoch, best=1.049e+01, sign=0.175, train=1.060e+01, val=1.061e+01]
GNN flow training:  52%|█████▏    | 52/100 [05:20<04:54,  6.13s/epoch, best=1.049e+01, sign=0.175, train=1.060e+01, val=1.061e+01]
GNN flow training:  52%|█████▏    | 52/100 [05:26<04:54,  6.13s/epoch, best=1.049e+01, sign=0.175, train=1.061e+01, val=1.064e+01]
GNN flow training:  53%|█████▎    | 53/100 [05:26<04:47,  6.12s/epoch, best=1.049e+01, sign=0.175, train=1.061e+01, val=1.064e+01]
GNN flow training:  53%|█████▎    | 53/100 [05:32<04:47,  6.12s/epoch, best=1.049e+01, sign=0.173, train=1.064e+01, val=1.061e+01]
GNN flow training:  54%|█████▍    | 54/100 [05:32<04:41,  6.13s/epoch, best=1.049e+01, sign=0.173, train=1.064e+01, val=1.061e+01]
GNN flow training:  54%|█████▍    | 54/100 [05:38<04:41,  6.13s/epoch, best=1.049e+01, sign=0.173, train=1.061e+01, val=1.052e+01]
GNN flow training:  55%|█████▌    | 55/100 [05:38<04:36,  6.14s/epoch, best=1.049e+01, sign=0.173, train=1.061e+01, val=1.052e+01]
GNN flow training:  55%|█████▌    | 55/100 [05:44<04:36,  6.14s/epoch, best=1.049e+01, sign=0.172, train=1.053e+01, val=1.053e+01]
GNN flow training:  56%|█████▌    | 56/100 [05:44<04:29,  6.12s/epoch, best=1.049e+01, sign=0.172, train=1.053e+01, val=1.053e+01]
GNN flow training:  56%|█████▌    | 56/100 [05:50<04:29,  6.12s/epoch, best=1.049e+01, sign=0.172, train=1.053e+01, val=1.062e+01]
GNN flow training:  57%|█████▋    | 57/100 [05:50<04:23,  6.14s/epoch, best=1.049e+01, sign=0.172, train=1.053e+01, val=1.062e+01]
GNN flow training:  57%|█████▋    | 57/100 [05:57<04:23,  6.14s/epoch, best=1.049e+01, sign=0.168, train=1.062e+01, val=1.052e+01]
GNN flow training:  58%|█████▊    | 58/100 [05:57<04:18,  6.15s/epoch, best=1.049e+01, sign=0.168, train=1.062e+01, val=1.052e+01]
GNN flow training:  58%|█████▊    | 58/100 [06:03<04:18,  6.15s/epoch, best=1.049e+01, sign=0.165, train=1.052e+01, val=1.048e+01]
GNN flow training:  59%|█████▉    | 59/100 [06:03<04:12,  6.17s/epoch, best=1.049e+01, sign=0.165, train=1.052e+01, val=1.048e+01]
GNN flow training:  59%|█████▉    | 59/100 [06:09<04:12,  6.17s/epoch, best=1.048e+01, sign=0.164, train=1.048e+01, val=1.061e+01]
GNN flow training:  60%|██████    | 60/100 [06:09<04:06,  6.16s/epoch, best=1.048e+01, sign=0.164, train=1.048e+01, val=1.061e+01]
GNN flow training:  60%|██████    | 60/100 [06:15<04:06,  6.16s/epoch, best=1.048e+01, sign=0.162, train=1.061e+01, val=1.057e+01]
GNN flow training:  61%|██████    | 61/100 [06:15<04:00,  6.16s/epoch, best=1.048e+01, sign=0.162, train=1.061e+01, val=1.057e+01]
GNN flow training:  61%|██████    | 61/100 [06:21<04:00,  6.16s/epoch, best=1.048e+01, sign=0.159, train=1.057e+01, val=1.052e+01]
GNN flow training:  62%|██████▏   | 62/100 [06:21<03:53,  6.15s/epoch, best=1.048e+01, sign=0.159, train=1.057e+01, val=1.052e+01]
GNN flow training:  62%|██████▏   | 62/100 [06:27<03:53,  6.15s/epoch, best=1.048e+01, sign=0.159, train=1.052e+01, val=1.041e+01]
GNN flow training:  63%|██████▎   | 63/100 [06:27<03:46,  6.13s/epoch, best=1.048e+01, sign=0.159, train=1.052e+01, val=1.041e+01]
GNN flow training:  63%|██████▎   | 63/100 [06:33<03:46,  6.13s/epoch, best=1.041e+01, sign=0.159, train=1.041e+01, val=1.040e+01]
GNN flow training:  64%|██████▍   | 64/100 [06:33<03:40,  6.13s/epoch, best=1.041e+01, sign=0.159, train=1.041e+01, val=1.040e+01]
GNN flow training:  64%|██████▍   | 64/100 [06:40<03:40,  6.13s/epoch, best=1.040e+01, sign=0.162, train=1.040e+01, val=1.056e+01]
GNN flow training:  65%|██████▌   | 65/100 [06:40<03:34,  6.13s/epoch, best=1.040e+01, sign=0.162, train=1.040e+01, val=1.056e+01]
GNN flow training:  65%|██████▌   | 65/100 [06:46<03:34,  6.13s/epoch, best=1.040e+01, sign=0.173, train=1.056e+01, val=1.108e+01]
GNN flow training:  66%|██████▌   | 66/100 [06:46<03:28,  6.12s/epoch, best=1.040e+01, sign=0.173, train=1.056e+01, val=1.108e+01]
GNN flow training:  66%|██████▌   | 66/100 [06:52<03:28,  6.12s/epoch, best=1.040e+01, sign=0.177, train=1.108e+01, val=1.136e+01]
GNN flow training:  67%|██████▋   | 67/100 [06:52<03:21,  6.11s/epoch, best=1.040e+01, sign=0.177, train=1.108e+01, val=1.136e+01]
GNN flow training:  67%|██████▋   | 67/100 [06:58<03:21,  6.11s/epoch, best=1.040e+01, sign=0.177, train=1.136e+01, val=1.164e+01]
GNN flow training:  68%|██████▊   | 68/100 [06:58<03:15,  6.10s/epoch, best=1.040e+01, sign=0.177, train=1.136e+01, val=1.164e+01]
GNN flow training:  68%|██████▊   | 68/100 [07:04<03:15,  6.10s/epoch, best=1.040e+01, sign=0.169, train=1.165e+01, val=1.146e+01]
GNN flow training:  69%|██████▉   | 69/100 [07:04<03:08,  6.09s/epoch, best=1.040e+01, sign=0.169, train=1.165e+01, val=1.146e+01]
GNN flow training:  69%|██████▉   | 69/100 [07:10<03:08,  6.09s/epoch, best=1.040e+01, sign=0.165, train=1.146e+01, val=1.114e+01]
GNN flow training:  70%|███████   | 70/100 [07:10<03:02,  6.09s/epoch, best=1.040e+01, sign=0.165, train=1.146e+01, val=1.114e+01]
GNN flow training:  70%|███████   | 70/100 [07:16<03:02,  6.09s/epoch, best=1.040e+01, sign=0.167, train=1.114e+01, val=1.086e+01]
GNN flow training:  71%|███████   | 71/100 [07:16<02:56,  6.09s/epoch, best=1.040e+01, sign=0.167, train=1.114e+01, val=1.086e+01]
GNN flow training:  71%|███████   | 71/100 [07:22<02:56,  6.09s/epoch, best=1.040e+01, sign=0.169, train=1.086e+01, val=1.062e+01]
GNN flow training:  72%|███████▏  | 72/100 [07:22<02:50,  6.08s/epoch, best=1.040e+01, sign=0.169, train=1.086e+01, val=1.062e+01]
GNN flow training:  72%|███████▏  | 72/100 [07:28<02:50,  6.08s/epoch, best=1.040e+01, sign=0.171, train=1.063e+01, val=1.055e+01]
GNN flow training:  73%|███████▎  | 73/100 [07:28<02:43,  6.07s/epoch, best=1.040e+01, sign=0.171, train=1.063e+01, val=1.055e+01]
GNN flow training:  73%|███████▎  | 73/100 [07:34<02:43,  6.07s/epoch, best=1.040e+01, sign=0.170, train=1.055e+01, val=1.063e+01]
GNN flow training:  74%|███████▍  | 74/100 [07:34<02:37,  6.07s/epoch, best=1.040e+01, sign=0.170, train=1.055e+01, val=1.063e+01]
GNN flow training:  74%|███████▍  | 74/100 [07:40<02:37,  6.07s/epoch, best=1.040e+01, sign=0.167, train=1.063e+01, val=1.076e+01]
GNN flow training:  75%|███████▌  | 75/100 [07:40<02:32,  6.08s/epoch, best=1.040e+01, sign=0.167, train=1.063e+01, val=1.076e+01]
GNN flow training:  75%|███████▌  | 75/100 [07:47<02:32,  6.08s/epoch, best=1.040e+01, sign=0.167, train=1.076e+01, val=1.082e+01]
GNN flow training:  76%|███████▌  | 76/100 [07:47<02:26,  6.10s/epoch, best=1.040e+01, sign=0.167, train=1.076e+01, val=1.082e+01]
GNN flow training:  76%|███████▌  | 76/100 [07:53<02:26,  6.10s/epoch, best=1.040e+01, sign=0.167, train=1.082e+01, val=1.074e+01]
GNN flow training:  77%|███████▋  | 77/100 [07:53<02:20,  6.10s/epoch, best=1.040e+01, sign=0.167, train=1.082e+01, val=1.074e+01]
GNN flow training:  77%|███████▋  | 77/100 [07:59<02:20,  6.10s/epoch, best=1.040e+01, sign=0.168, train=1.074e+01, val=1.066e+01]
GNN flow training:  78%|███████▊  | 78/100 [07:59<02:14,  6.10s/epoch, best=1.040e+01, sign=0.168, train=1.074e+01, val=1.066e+01]
GNN flow training:  78%|███████▊  | 78/100 [08:05<02:14,  6.10s/epoch, best=1.040e+01, sign=0.169, train=1.066e+01, val=1.064e+01]
GNN flow training:  79%|███████▉  | 79/100 [08:05<02:08,  6.10s/epoch, best=1.040e+01, sign=0.169, train=1.066e+01, val=1.064e+01]
GNN flow training:  79%|███████▉  | 79/100 [08:11<02:08,  6.10s/epoch, best=1.040e+01, sign=0.169, train=1.064e+01, val=1.059e+01]
GNN flow training:  80%|████████  | 80/100 [08:11<02:02,  6.10s/epoch, best=1.040e+01, sign=0.169, train=1.064e+01, val=1.059e+01]
GNN flow training:  80%|████████  | 80/100 [08:17<02:02,  6.10s/epoch, best=1.040e+01, sign=0.168, train=1.060e+01, val=1.059e+01]
GNN flow training:  81%|████████  | 81/100 [08:17<01:55,  6.10s/epoch, best=1.040e+01, sign=0.168, train=1.060e+01, val=1.059e+01]
GNN flow training:  81%|████████  | 81/100 [08:23<01:55,  6.10s/epoch, best=1.040e+01, sign=0.167, train=1.059e+01, val=1.057e+01]
GNN flow training:  82%|████████▏ | 82/100 [08:23<01:49,  6.09s/epoch, best=1.040e+01, sign=0.167, train=1.059e+01, val=1.057e+01]
GNN flow training:  82%|████████▏ | 82/100 [08:29<01:49,  6.09s/epoch, best=1.040e+01, sign=0.165, train=1.057e+01, val=1.048e+01]
GNN flow training:  83%|████████▎ | 83/100 [08:29<01:43,  6.08s/epoch, best=1.040e+01, sign=0.165, train=1.057e+01, val=1.048e+01]
GNN flow training:  83%|████████▎ | 83/100 [08:35<01:43,  6.08s/epoch, best=1.040e+01, sign=0.165, train=1.048e+01, val=1.047e+01]
GNN flow training:  84%|████████▍ | 84/100 [08:35<01:37,  6.08s/epoch, best=1.040e+01, sign=0.165, train=1.048e+01, val=1.047e+01]
GNN flow training:  84%|████████▍ | 84/100 [08:41<01:37,  6.08s/epoch, best=1.040e+01, sign=0.166, train=1.047e+01, val=1.041e+01]
GNN flow training:  85%|████████▌ | 85/100 [08:41<01:31,  6.08s/epoch, best=1.040e+01, sign=0.166, train=1.047e+01, val=1.041e+01]
GNN flow training:  85%|████████▌ | 85/100 [08:47<01:31,  6.08s/epoch, best=1.040e+01, sign=0.168, train=1.041e+01, val=1.024e+01]
GNN flow training:  86%|████████▌ | 86/100 [08:47<01:25,  6.08s/epoch, best=1.040e+01, sign=0.168, train=1.041e+01, val=1.024e+01]
GNN flow training:  86%|████████▌ | 86/100 [08:53<01:25,  6.08s/epoch, best=1.024e+01, sign=0.167, train=1.024e+01, val=1.016e+01]
GNN flow training:  87%|████████▋ | 87/100 [08:53<01:19,  6.08s/epoch, best=1.024e+01, sign=0.167, train=1.024e+01, val=1.016e+01]
GNN flow training:  87%|████████▋ | 87/100 [09:00<01:19,  6.08s/epoch, best=1.016e+01, sign=0.160, train=1.016e+01, val=1.054e+01]
GNN flow training:  88%|████████▊ | 88/100 [09:00<01:12,  6.08s/epoch, best=1.016e+01, sign=0.160, train=1.016e+01, val=1.054e+01]
GNN flow training:  88%|████████▊ | 88/100 [09:06<01:12,  6.08s/epoch, best=1.016e+01, sign=0.159, train=1.054e+01, val=1.070e+01]
GNN flow training:  89%|████████▉ | 89/100 [09:06<01:06,  6.07s/epoch, best=1.016e+01, sign=0.159, train=1.054e+01, val=1.070e+01]
GNN flow training:  89%|████████▉ | 89/100 [09:12<01:06,  6.07s/epoch, best=1.016e+01, sign=0.161, train=1.070e+01, val=1.066e+01]
GNN flow training:  90%|█████████ | 90/100 [09:12<01:00,  6.04s/epoch, best=1.016e+01, sign=0.161, train=1.070e+01, val=1.066e+01]
GNN flow training:  90%|█████████ | 90/100 [09:18<01:00,  6.04s/epoch, best=1.016e+01, sign=0.164, train=1.066e+01, val=1.058e+01]
GNN flow training:  91%|█████████ | 91/100 [09:18<00:54,  6.04s/epoch, best=1.016e+01, sign=0.164, train=1.066e+01, val=1.058e+01]
GNN flow training:  91%|█████████ | 91/100 [09:24<00:54,  6.04s/epoch, best=1.016e+01, sign=0.164, train=1.058e+01, val=1.049e+01]
GNN flow training:  92%|█████████▏| 92/100 [09:24<00:48,  6.01s/epoch, best=1.016e+01, sign=0.164, train=1.058e+01, val=1.049e+01]
GNN flow training:  92%|█████████▏| 92/100 [09:30<00:48,  6.01s/epoch, best=1.016e+01, sign=0.163, train=1.049e+01, val=1.062e+01]
GNN flow training:  93%|█████████▎| 93/100 [09:30<00:42,  6.01s/epoch, best=1.016e+01, sign=0.163, train=1.049e+01, val=1.062e+01]
GNN flow training:  93%|█████████▎| 93/100 [09:36<00:42,  6.01s/epoch, best=1.016e+01, sign=0.162, train=1.062e+01, val=1.053e+01]
GNN flow training:  94%|█████████▍| 94/100 [09:36<00:36,  6.00s/epoch, best=1.016e+01, sign=0.162, train=1.062e+01, val=1.053e+01]
GNN flow training:  94%|█████████▍| 94/100 [09:42<00:36,  6.00s/epoch, best=1.016e+01, sign=0.164, train=1.053e+01, val=1.027e+01]
GNN flow training:  95%|█████████▌| 95/100 [09:42<00:30,  6.01s/epoch, best=1.016e+01, sign=0.164, train=1.053e+01, val=1.027e+01]
GNN flow training:  95%|█████████▌| 95/100 [09:48<00:30,  6.01s/epoch, best=1.016e+01, sign=0.165, train=1.027e+01, val=1.017e+01]
GNN flow training:  96%|█████████▌| 96/100 [09:48<00:24,  6.02s/epoch, best=1.016e+01, sign=0.165, train=1.027e+01, val=1.017e+01]
GNN flow training:  96%|█████████▌| 96/100 [09:54<00:24,  6.02s/epoch, best=1.016e+01, sign=0.169, train=1.017e+01, val=1.022e+01]
GNN flow training:  97%|█████████▋| 97/100 [09:54<00:18,  6.02s/epoch, best=1.016e+01, sign=0.169, train=1.017e+01, val=1.022e+01]
GNN flow training:  97%|█████████▋| 97/100 [10:00<00:18,  6.02s/epoch, best=1.016e+01, sign=0.169, train=1.023e+01, val=1.024e+01]
GNN flow training:  98%|█████████▊| 98/100 [10:00<00:12,  6.02s/epoch, best=1.016e+01, sign=0.169, train=1.023e+01, val=1.024e+01]
GNN flow training:  98%|█████████▊| 98/100 [10:06<00:12,  6.02s/epoch, best=1.016e+01, sign=0.170, train=1.024e+01, val=1.021e+01]
GNN flow training:  99%|█████████▉| 99/100 [10:06<00:06,  6.05s/epoch, best=1.016e+01, sign=0.170, train=1.024e+01, val=1.021e+01]
GNN flow training:  99%|█████████▉| 99/100 [10:12<00:06,  6.05s/epoch, best=1.016e+01, sign=0.171, train=1.021e+01, val=1.024e+01]
GNN flow training: 100%|██████████| 100/100 [10:12<00:00,  6.07s/epoch, best=1.016e+01, sign=0.171, train=1.021e+01, val=1.024e+01]
GNN flow training: 100%|██████████| 100/100 [10:12<00:00,  6.12s/epoch, best=1.016e+01, sign=0.171, train=1.021e+01, val=1.024e+01]
Resolved config snapshot:
{'preset': 'solver_QKB_outer_QKBdelta', 'gnn_outer_losses': {'flow': 0.1, 'kirchhoff': 1.0, 'boundary': 100.0, 'delta_l2': 0.1, 'delta_smooth': 0.0, 'pressure_shape': 0.0}, 'physics': {'arterial_flow_mode': 'dataset', 'pressure_constraints': ['equal-a-equal-v'], 'alpha_pa': None, 'use_snr_weights': True, 'use_observed_flow_snr_weighting': True, 'flow_scale_mode': 'median_abs', 'solver_device': 'same', 'pressure_solver_mode': 'reduced-soft-constrained-lstsq', 'pressure_solver_lambda_kirchhoff': 1.0, 'pressure_solver_lambda_pressure_constraints': 100.0, 'pressure_solver_lambda_flow_residual': 1.0, 'pressure_shape_reference': 'delta_zero_reference', 'pressure_detach': False}, 'correction_bounds': {'correction_min': -0.5, 'correction_max': 0.5, 'correction_bound': 0.5, 'correction_parameterization': 'tanh'}, 'optimization': {'learning_rate': 0.001, 'weight_decay': 0.0001, 'gradient_clip_norm': 5.0, 'optimizer': 'adamw', 'epochs': 100, 'patience': 40}}
Shard 5/80: 1 of 80 runs
Command: /mnt/home/sswee/miniforge3/envs/yolk-sac/bin/python /mnt/home/sswee/yolk/Yolk-Sac-Flow-Data-and-Sim/gnn_clean/scripts/python/gnn_flow.py /mnt/home/sswee/yolk/Yolk-Sac-Flow-Data-and-Sim/gnn_clean/datasets/mosaic_graph_canonical_harmonized/mosaic_graph_canonical_harmonized.gpickle --output-dir /mnt/home/sswee/yolk/Yolk-Sac-Flow-Data-and-Sim/gnn_clean/outputs_canonical/dc/02_physics_weight_sweep/gnn --run-name q_0p1__k_1__delta_0p1 --preset solver_QKB_outer_QKBdelta --device cuda --epochs 100 --seed 0 --viscosity-pa-s 0.0035 --config /mnt/home/sswee/yolk/Yolk-Sac-Flow-Data-and-Sim/gnn_clean/outputs_canonical/dc/02_physics_weight_sweep/_generated_configs/q_0p1__k_1__delta_0p1.yaml --no-pressure-detach
