
GNN flow training:   0%|          | 0/100 [00:00<?, ?epoch/s]
GNN flow training:   0%|          | 0/100 [00:04<?, ?epoch/s, best=1.284e+02, sign=0.188, train=1.285e+02, val=1.284e+02]
GNN flow training:   1%|          | 1/100 [00:04<07:25,  4.50s/epoch, best=1.284e+02, sign=0.188, train=1.285e+02, val=1.284e+02]
GNN flow training:   1%|          | 1/100 [00:08<07:25,  4.50s/epoch, best=1.284e+02, sign=0.187, train=1.286e+02, val=1.286e+02]
GNN flow training:   2%|▏         | 2/100 [00:08<07:15,  4.44s/epoch, best=1.284e+02, sign=0.187, train=1.286e+02, val=1.286e+02]
GNN flow training:   2%|▏         | 2/100 [00:13<07:15,  4.44s/epoch, best=1.284e+02, sign=0.187, train=1.288e+02, val=1.286e+02]
GNN flow training:   3%|▎         | 3/100 [00:13<07:09,  4.43s/epoch, best=1.284e+02, sign=0.187, train=1.288e+02, val=1.286e+02]
GNN flow training:   3%|▎         | 3/100 [00:17<07:09,  4.43s/epoch, best=1.284e+02, sign=0.187, train=1.287e+02, val=1.288e+02]
GNN flow training:   4%|▍         | 4/100 [00:17<07:04,  4.42s/epoch, best=1.284e+02, sign=0.187, train=1.287e+02, val=1.288e+02]
GNN flow training:   4%|▍         | 4/100 [00:22<07:04,  4.42s/epoch, best=1.284e+02, sign=0.188, train=1.289e+02, val=1.285e+02]
GNN flow training:   5%|▌         | 5/100 [00:22<06:58,  4.41s/epoch, best=1.284e+02, sign=0.188, train=1.289e+02, val=1.285e+02]
GNN flow training:   5%|▌         | 5/100 [00:26<06:58,  4.41s/epoch, best=1.284e+02, sign=0.188, train=1.286e+02, val=1.281e+02]
GNN flow training:   6%|▌         | 6/100 [00:26<06:54,  4.41s/epoch, best=1.284e+02, sign=0.188, train=1.286e+02, val=1.281e+02]
GNN flow training:   6%|▌         | 6/100 [00:30<06:54,  4.41s/epoch, best=1.281e+02, sign=0.188, train=1.282e+02, val=1.280e+02]
GNN flow training:   7%|▋         | 7/100 [00:30<06:49,  4.40s/epoch, best=1.281e+02, sign=0.188, train=1.282e+02, val=1.280e+02]
GNN flow training:   7%|▋         | 7/100 [00:35<06:49,  4.40s/epoch, best=1.280e+02, sign=0.188, train=1.281e+02, val=1.280e+02]
GNN flow training:   8%|▊         | 8/100 [00:35<06:45,  4.41s/epoch, best=1.280e+02, sign=0.188, train=1.281e+02, val=1.280e+02]
GNN flow training:   8%|▊         | 8/100 [00:39<06:45,  4.41s/epoch, best=1.280e+02, sign=0.188, train=1.281e+02, val=1.279e+02]
GNN flow training:   9%|▉         | 9/100 [00:39<06:41,  4.41s/epoch, best=1.280e+02, sign=0.188, train=1.281e+02, val=1.279e+02]
GNN flow training:   9%|▉         | 9/100 [00:44<06:41,  4.41s/epoch, best=1.279e+02, sign=0.188, train=1.280e+02, val=1.278e+02]
GNN flow training:  10%|█         | 10/100 [00:44<06:36,  4.41s/epoch, best=1.279e+02, sign=0.188, train=1.280e+02, val=1.278e+02]
GNN flow training:  10%|█         | 10/100 [00:48<06:36,  4.41s/epoch, best=1.278e+02, sign=0.188, train=1.279e+02, val=1.279e+02]
GNN flow training:  11%|█         | 11/100 [00:48<06:33,  4.43s/epoch, best=1.278e+02, sign=0.188, train=1.279e+02, val=1.279e+02]
GNN flow training:  11%|█         | 11/100 [00:53<06:33,  4.43s/epoch, best=1.278e+02, sign=0.188, train=1.280e+02, val=1.276e+02]
GNN flow training:  12%|█▏        | 12/100 [00:53<06:29,  4.42s/epoch, best=1.278e+02, sign=0.188, train=1.280e+02, val=1.276e+02]
GNN flow training:  12%|█▏        | 12/100 [00:57<06:29,  4.42s/epoch, best=1.276e+02, sign=0.187, train=1.277e+02, val=1.275e+02]
GNN flow training:  13%|█▎        | 13/100 [00:57<06:24,  4.42s/epoch, best=1.276e+02, sign=0.187, train=1.277e+02, val=1.275e+02]
GNN flow training:  13%|█▎        | 13/100 [01:01<06:24,  4.42s/epoch, best=1.275e+02, sign=0.188, train=1.276e+02, val=1.270e+02]
GNN flow training:  14%|█▍        | 14/100 [01:01<06:20,  4.43s/epoch, best=1.275e+02, sign=0.188, train=1.276e+02, val=1.270e+02]
GNN flow training:  14%|█▍        | 14/100 [01:06<06:20,  4.43s/epoch, best=1.270e+02, sign=0.188, train=1.272e+02, val=1.266e+02]
GNN flow training:  15%|█▌        | 15/100 [01:06<06:15,  4.42s/epoch, best=1.270e+02, sign=0.188, train=1.272e+02, val=1.266e+02]
GNN flow training:  15%|█▌        | 15/100 [01:10<06:15,  4.42s/epoch, best=1.266e+02, sign=0.190, train=1.267e+02, val=1.267e+02]
GNN flow training:  16%|█▌        | 16/100 [01:10<06:11,  4.42s/epoch, best=1.266e+02, sign=0.190, train=1.267e+02, val=1.267e+02]
GNN flow training:  16%|█▌        | 16/100 [01:15<06:11,  4.42s/epoch, best=1.266e+02, sign=0.189, train=1.268e+02, val=1.266e+02]
GNN flow training:  17%|█▋        | 17/100 [01:15<06:06,  4.42s/epoch, best=1.266e+02, sign=0.189, train=1.268e+02, val=1.266e+02]
GNN flow training:  17%|█▋        | 17/100 [01:19<06:06,  4.42s/epoch, best=1.266e+02, sign=0.189, train=1.267e+02, val=1.261e+02]
GNN flow training:  18%|█▊        | 18/100 [01:19<06:02,  4.42s/epoch, best=1.266e+02, sign=0.189, train=1.267e+02, val=1.261e+02]
GNN flow training:  18%|█▊        | 18/100 [01:23<06:02,  4.42s/epoch, best=1.261e+02, sign=0.189, train=1.263e+02, val=1.256e+02]
GNN flow training:  19%|█▉        | 19/100 [01:23<05:58,  4.42s/epoch, best=1.261e+02, sign=0.189, train=1.263e+02, val=1.256e+02]
GNN flow training:  19%|█▉        | 19/100 [01:28<05:58,  4.42s/epoch, best=1.256e+02, sign=0.188, train=1.257e+02, val=1.252e+02]
GNN flow training:  20%|██        | 20/100 [01:28<05:54,  4.43s/epoch, best=1.256e+02, sign=0.188, train=1.257e+02, val=1.252e+02]
GNN flow training:  20%|██        | 20/100 [01:32<05:54,  4.43s/epoch, best=1.252e+02, sign=0.187, train=1.254e+02, val=1.255e+02]
GNN flow training:  21%|██        | 21/100 [01:32<05:51,  4.45s/epoch, best=1.252e+02, sign=0.187, train=1.254e+02, val=1.255e+02]
GNN flow training:  21%|██        | 21/100 [01:37<05:51,  4.45s/epoch, best=1.252e+02, sign=0.187, train=1.256e+02, val=1.257e+02]
GNN flow training:  22%|██▏       | 22/100 [01:37<05:45,  4.43s/epoch, best=1.252e+02, sign=0.187, train=1.256e+02, val=1.257e+02]
GNN flow training:  22%|██▏       | 22/100 [01:41<05:45,  4.43s/epoch, best=1.252e+02, sign=0.184, train=1.258e+02, val=1.247e+02]
GNN flow training:  23%|██▎       | 23/100 [01:41<05:40,  4.43s/epoch, best=1.252e+02, sign=0.184, train=1.258e+02, val=1.247e+02]
GNN flow training:  23%|██▎       | 23/100 [01:46<05:40,  4.43s/epoch, best=1.247e+02, sign=0.183, train=1.248e+02, val=1.245e+02]
GNN flow training:  24%|██▍       | 24/100 [01:46<05:36,  4.43s/epoch, best=1.247e+02, sign=0.183, train=1.248e+02, val=1.245e+02]
GNN flow training:  24%|██▍       | 24/100 [01:50<05:36,  4.43s/epoch, best=1.245e+02, sign=0.183, train=1.246e+02, val=1.241e+02]
GNN flow training:  25%|██▌       | 25/100 [01:50<05:32,  4.43s/epoch, best=1.245e+02, sign=0.183, train=1.246e+02, val=1.241e+02]
GNN flow training:  25%|██▌       | 25/100 [01:55<05:32,  4.43s/epoch, best=1.241e+02, sign=0.183, train=1.243e+02, val=1.235e+02]
GNN flow training:  26%|██▌       | 26/100 [01:55<05:28,  4.44s/epoch, best=1.241e+02, sign=0.183, train=1.243e+02, val=1.235e+02]
GNN flow training:  26%|██▌       | 26/100 [01:59<05:28,  4.44s/epoch, best=1.235e+02, sign=0.183, train=1.236e+02, val=1.224e+02]
GNN flow training:  27%|██▋       | 27/100 [01:59<05:24,  4.44s/epoch, best=1.235e+02, sign=0.183, train=1.236e+02, val=1.224e+02]
GNN flow training:  27%|██▋       | 27/100 [02:03<05:24,  4.44s/epoch, best=1.224e+02, sign=0.181, train=1.226e+02, val=1.222e+02]
GNN flow training:  28%|██▊       | 28/100 [02:03<05:19,  4.43s/epoch, best=1.224e+02, sign=0.181, train=1.226e+02, val=1.222e+02]
GNN flow training:  28%|██▊       | 28/100 [02:08<05:19,  4.43s/epoch, best=1.222e+02, sign=0.180, train=1.223e+02, val=1.211e+02]
GNN flow training:  29%|██▉       | 29/100 [02:08<05:14,  4.43s/epoch, best=1.222e+02, sign=0.180, train=1.223e+02, val=1.211e+02]
GNN flow training:  29%|██▉       | 29/100 [02:12<05:14,  4.43s/epoch, best=1.211e+02, sign=0.178, train=1.212e+02, val=1.202e+02]
GNN flow training:  30%|███       | 30/100 [02:12<05:10,  4.43s/epoch, best=1.211e+02, sign=0.178, train=1.212e+02, val=1.202e+02]
GNN flow training:  30%|███       | 30/100 [02:17<05:10,  4.43s/epoch, best=1.202e+02, sign=0.176, train=1.203e+02, val=1.198e+02]
GNN flow training:  31%|███       | 31/100 [02:17<05:05,  4.42s/epoch, best=1.202e+02, sign=0.176, train=1.203e+02, val=1.198e+02]
GNN flow training:  31%|███       | 31/100 [02:21<05:05,  4.42s/epoch, best=1.198e+02, sign=0.173, train=1.199e+02, val=1.195e+02]
GNN flow training:  32%|███▏      | 32/100 [02:21<05:01,  4.43s/epoch, best=1.198e+02, sign=0.173, train=1.199e+02, val=1.195e+02]
GNN flow training:  32%|███▏      | 32/100 [02:26<05:01,  4.43s/epoch, best=1.195e+02, sign=0.172, train=1.197e+02, val=1.190e+02]
GNN flow training:  33%|███▎      | 33/100 [02:26<04:56,  4.42s/epoch, best=1.195e+02, sign=0.172, train=1.197e+02, val=1.190e+02]
GNN flow training:  33%|███▎      | 33/100 [02:30<04:56,  4.42s/epoch, best=1.190e+02, sign=0.171, train=1.191e+02, val=1.181e+02]
GNN flow training:  34%|███▍      | 34/100 [02:30<04:51,  4.42s/epoch, best=1.190e+02, sign=0.171, train=1.191e+02, val=1.181e+02]
GNN flow training:  34%|███▍      | 34/100 [02:34<04:51,  4.42s/epoch, best=1.181e+02, sign=0.170, train=1.183e+02, val=1.171e+02]
GNN flow training:  35%|███▌      | 35/100 [02:34<04:47,  4.42s/epoch, best=1.181e+02, sign=0.170, train=1.183e+02, val=1.171e+02]
GNN flow training:  35%|███▌      | 35/100 [02:39<04:47,  4.42s/epoch, best=1.171e+02, sign=0.170, train=1.172e+02, val=1.161e+02]
GNN flow training:  36%|███▌      | 36/100 [02:39<04:43,  4.42s/epoch, best=1.171e+02, sign=0.170, train=1.172e+02, val=1.161e+02]
GNN flow training:  36%|███▌      | 36/100 [02:43<04:43,  4.42s/epoch, best=1.161e+02, sign=0.169, train=1.162e+02, val=1.158e+02]
GNN flow training:  37%|███▋      | 37/100 [02:43<04:39,  4.43s/epoch, best=1.161e+02, sign=0.169, train=1.162e+02, val=1.158e+02]
GNN flow training:  37%|███▋      | 37/100 [02:48<04:39,  4.43s/epoch, best=1.158e+02, sign=0.167, train=1.159e+02, val=1.158e+02]
GNN flow training:  38%|███▊      | 38/100 [02:48<04:34,  4.42s/epoch, best=1.158e+02, sign=0.167, train=1.159e+02, val=1.158e+02]
GNN flow training:  38%|███▊      | 38/100 [02:52<04:34,  4.42s/epoch, best=1.158e+02, sign=0.165, train=1.159e+02, val=1.155e+02]
GNN flow training:  39%|███▉      | 39/100 [02:52<04:29,  4.42s/epoch, best=1.158e+02, sign=0.165, train=1.159e+02, val=1.155e+02]
GNN flow training:  39%|███▉      | 39/100 [02:56<04:29,  4.42s/epoch, best=1.155e+02, sign=0.164, train=1.156e+02, val=1.149e+02]
GNN flow training:  40%|████      | 40/100 [02:56<04:25,  4.42s/epoch, best=1.155e+02, sign=0.164, train=1.156e+02, val=1.149e+02]
GNN flow training:  40%|████      | 40/100 [03:01<04:25,  4.42s/epoch, best=1.149e+02, sign=0.163, train=1.150e+02, val=1.141e+02]
GNN flow training:  41%|████      | 41/100 [03:01<04:20,  4.42s/epoch, best=1.149e+02, sign=0.163, train=1.150e+02, val=1.141e+02]
GNN flow training:  41%|████      | 41/100 [03:05<04:20,  4.42s/epoch, best=1.141e+02, sign=0.162, train=1.143e+02, val=1.130e+02]
GNN flow training:  42%|████▏     | 42/100 [03:05<04:15,  4.40s/epoch, best=1.141e+02, sign=0.162, train=1.143e+02, val=1.130e+02]
GNN flow training:  42%|████▏     | 42/100 [03:10<04:15,  4.40s/epoch, best=1.130e+02, sign=0.159, train=1.131e+02, val=1.117e+02]
GNN flow training:  43%|████▎     | 43/100 [03:10<04:10,  4.40s/epoch, best=1.130e+02, sign=0.159, train=1.131e+02, val=1.117e+02]
GNN flow training:  43%|████▎     | 43/100 [03:14<04:10,  4.40s/epoch, best=1.117e+02, sign=0.158, train=1.118e+02, val=1.110e+02]
GNN flow training:  44%|████▍     | 44/100 [03:14<04:05,  4.39s/epoch, best=1.117e+02, sign=0.158, train=1.118e+02, val=1.110e+02]
GNN flow training:  44%|████▍     | 44/100 [03:18<04:05,  4.39s/epoch, best=1.110e+02, sign=0.158, train=1.111e+02, val=1.097e+02]
GNN flow training:  45%|████▌     | 45/100 [03:18<04:01,  4.39s/epoch, best=1.110e+02, sign=0.158, train=1.111e+02, val=1.097e+02]
GNN flow training:  45%|████▌     | 45/100 [03:23<04:01,  4.39s/epoch, best=1.097e+02, sign=0.157, train=1.098e+02, val=1.087e+02]
GNN flow training:  46%|████▌     | 46/100 [03:23<03:56,  4.38s/epoch, best=1.097e+02, sign=0.157, train=1.098e+02, val=1.087e+02]
GNN flow training:  46%|████▌     | 46/100 [03:27<03:56,  4.38s/epoch, best=1.087e+02, sign=0.157, train=1.088e+02, val=1.084e+02]
GNN flow training:  47%|████▋     | 47/100 [03:27<03:52,  4.39s/epoch, best=1.087e+02, sign=0.157, train=1.088e+02, val=1.084e+02]
GNN flow training:  47%|████▋     | 47/100 [03:32<03:52,  4.39s/epoch, best=1.084e+02, sign=0.158, train=1.085e+02, val=1.085e+02]
GNN flow training:  48%|████▊     | 48/100 [03:32<03:48,  4.39s/epoch, best=1.084e+02, sign=0.158, train=1.085e+02, val=1.085e+02]
GNN flow training:  48%|████▊     | 48/100 [03:36<03:48,  4.39s/epoch, best=1.084e+02, sign=0.159, train=1.086e+02, val=1.095e+02]
GNN flow training:  49%|████▉     | 49/100 [03:36<03:43,  4.39s/epoch, best=1.084e+02, sign=0.159, train=1.086e+02, val=1.095e+02]
GNN flow training:  49%|████▉     | 49/100 [03:40<03:43,  4.39s/epoch, best=1.084e+02, sign=0.162, train=1.096e+02, val=1.116e+02]
GNN flow training:  50%|█████     | 50/100 [03:40<03:39,  4.39s/epoch, best=1.084e+02, sign=0.162, train=1.096e+02, val=1.116e+02]
GNN flow training:  50%|█████     | 50/100 [03:45<03:39,  4.39s/epoch, best=1.084e+02, sign=0.162, train=1.117e+02, val=1.125e+02]
GNN flow training:  51%|█████     | 51/100 [03:45<03:34,  4.38s/epoch, best=1.084e+02, sign=0.162, train=1.117e+02, val=1.125e+02]
GNN flow training:  51%|█████     | 51/100 [03:49<03:34,  4.38s/epoch, best=1.084e+02, sign=0.161, train=1.126e+02, val=1.108e+02]
GNN flow training:  52%|█████▏    | 52/100 [03:49<03:30,  4.39s/epoch, best=1.084e+02, sign=0.161, train=1.126e+02, val=1.108e+02]
GNN flow training:  52%|█████▏    | 52/100 [03:54<03:30,  4.39s/epoch, best=1.084e+02, sign=0.161, train=1.109e+02, val=1.096e+02]
GNN flow training:  53%|█████▎    | 53/100 [03:54<03:26,  4.39s/epoch, best=1.084e+02, sign=0.161, train=1.109e+02, val=1.096e+02]
GNN flow training:  53%|█████▎    | 53/100 [03:58<03:26,  4.39s/epoch, best=1.084e+02, sign=0.161, train=1.097e+02, val=1.094e+02]
GNN flow training:  54%|█████▍    | 54/100 [03:58<03:22,  4.40s/epoch, best=1.084e+02, sign=0.161, train=1.097e+02, val=1.094e+02]
GNN flow training:  54%|█████▍    | 54/100 [04:02<03:22,  4.40s/epoch, best=1.084e+02, sign=0.158, train=1.095e+02, val=1.082e+02]
GNN flow training:  55%|█████▌    | 55/100 [04:02<03:18,  4.42s/epoch, best=1.084e+02, sign=0.158, train=1.095e+02, val=1.082e+02]
GNN flow training:  55%|█████▌    | 55/100 [04:07<03:18,  4.42s/epoch, best=1.082e+02, sign=0.159, train=1.083e+02, val=1.085e+02]
GNN flow training:  56%|█████▌    | 56/100 [04:07<03:14,  4.42s/epoch, best=1.082e+02, sign=0.159, train=1.083e+02, val=1.085e+02]
GNN flow training:  56%|█████▌    | 56/100 [04:11<03:14,  4.42s/epoch, best=1.082e+02, sign=0.158, train=1.086e+02, val=1.076e+02]
GNN flow training:  57%|█████▋    | 57/100 [04:11<03:09,  4.42s/epoch, best=1.082e+02, sign=0.158, train=1.086e+02, val=1.076e+02]
GNN flow training:  57%|█████▋    | 57/100 [04:16<03:09,  4.42s/epoch, best=1.076e+02, sign=0.156, train=1.077e+02, val=1.070e+02]
GNN flow training:  58%|█████▊    | 58/100 [04:16<03:05,  4.43s/epoch, best=1.076e+02, sign=0.156, train=1.077e+02, val=1.070e+02]
GNN flow training:  58%|█████▊    | 58/100 [04:20<03:05,  4.43s/epoch, best=1.070e+02, sign=0.153, train=1.070e+02, val=1.063e+02]
GNN flow training:  59%|█████▉    | 59/100 [04:20<03:01,  4.42s/epoch, best=1.070e+02, sign=0.153, train=1.070e+02, val=1.063e+02]
GNN flow training:  59%|█████▉    | 59/100 [04:24<03:01,  4.42s/epoch, best=1.063e+02, sign=0.153, train=1.064e+02, val=1.058e+02]
GNN flow training:  60%|██████    | 60/100 [04:24<02:56,  4.40s/epoch, best=1.063e+02, sign=0.153, train=1.064e+02, val=1.058e+02]
GNN flow training:  60%|██████    | 60/100 [04:29<02:56,  4.40s/epoch, best=1.058e+02, sign=0.152, train=1.058e+02, val=1.043e+02]
GNN flow training:  61%|██████    | 61/100 [04:29<02:51,  4.41s/epoch, best=1.058e+02, sign=0.152, train=1.058e+02, val=1.043e+02]
GNN flow training:  61%|██████    | 61/100 [04:33<02:51,  4.41s/epoch, best=1.043e+02, sign=0.149, train=1.043e+02, val=1.028e+02]
GNN flow training:  62%|██████▏   | 62/100 [04:33<02:47,  4.41s/epoch, best=1.043e+02, sign=0.149, train=1.043e+02, val=1.028e+02]
GNN flow training:  62%|██████▏   | 62/100 [04:38<02:47,  4.41s/epoch, best=1.028e+02, sign=0.147, train=1.029e+02, val=1.029e+02]
GNN flow training:  63%|██████▎   | 63/100 [04:38<02:43,  4.42s/epoch, best=1.028e+02, sign=0.147, train=1.029e+02, val=1.029e+02]
GNN flow training:  63%|██████▎   | 63/100 [04:42<02:43,  4.42s/epoch, best=1.028e+02, sign=0.146, train=1.030e+02, val=1.022e+02]
GNN flow training:  64%|██████▍   | 64/100 [04:42<02:39,  4.43s/epoch, best=1.028e+02, sign=0.146, train=1.030e+02, val=1.022e+02]
GNN flow training:  64%|██████▍   | 64/100 [04:47<02:39,  4.43s/epoch, best=1.022e+02, sign=0.146, train=1.023e+02, val=1.017e+02]
GNN flow training:  65%|██████▌   | 65/100 [04:47<02:35,  4.45s/epoch, best=1.022e+02, sign=0.146, train=1.023e+02, val=1.017e+02]
GNN flow training:  65%|██████▌   | 65/100 [04:51<02:35,  4.45s/epoch, best=1.017e+02, sign=0.146, train=1.018e+02, val=1.007e+02]
GNN flow training:  66%|██████▌   | 66/100 [04:51<02:30,  4.44s/epoch, best=1.017e+02, sign=0.146, train=1.018e+02, val=1.007e+02]
GNN flow training:  66%|██████▌   | 66/100 [04:56<02:30,  4.44s/epoch, best=1.007e+02, sign=0.147, train=1.008e+02, val=9.990e+01]
GNN flow training:  67%|██████▋   | 67/100 [04:56<02:26,  4.44s/epoch, best=1.007e+02, sign=0.147, train=1.008e+02, val=9.990e+01]
GNN flow training:  67%|██████▋   | 67/100 [05:00<02:26,  4.44s/epoch, best=9.990e+01, sign=0.146, train=9.999e+01, val=9.931e+01]
GNN flow training:  68%|██████▊   | 68/100 [05:00<02:22,  4.44s/epoch, best=9.990e+01, sign=0.146, train=9.999e+01, val=9.931e+01]
GNN flow training:  68%|██████▊   | 68/100 [05:04<02:22,  4.44s/epoch, best=9.931e+01, sign=0.145, train=9.940e+01, val=9.982e+01]
GNN flow training:  69%|██████▉   | 69/100 [05:04<02:17,  4.44s/epoch, best=9.931e+01, sign=0.145, train=9.940e+01, val=9.982e+01]
GNN flow training:  69%|██████▉   | 69/100 [05:09<02:17,  4.44s/epoch, best=9.931e+01, sign=0.149, train=9.991e+01, val=1.013e+02]
GNN flow training:  70%|███████   | 70/100 [05:09<02:13,  4.45s/epoch, best=9.931e+01, sign=0.149, train=9.991e+01, val=1.013e+02]
GNN flow training:  70%|███████   | 70/100 [05:13<02:13,  4.45s/epoch, best=9.931e+01, sign=0.151, train=1.014e+02, val=1.013e+02]
GNN flow training:  71%|███████   | 71/100 [05:13<02:08,  4.43s/epoch, best=9.931e+01, sign=0.151, train=1.014e+02, val=1.013e+02]
GNN flow training:  71%|███████   | 71/100 [05:18<02:08,  4.43s/epoch, best=9.931e+01, sign=0.150, train=1.014e+02, val=1.015e+02]
GNN flow training:  72%|███████▏  | 72/100 [05:18<02:03,  4.43s/epoch, best=9.931e+01, sign=0.150, train=1.014e+02, val=1.015e+02]
GNN flow training:  72%|███████▏  | 72/100 [05:22<02:03,  4.43s/epoch, best=9.931e+01, sign=0.149, train=1.016e+02, val=1.009e+02]
GNN flow training:  73%|███████▎  | 73/100 [05:22<01:59,  4.43s/epoch, best=9.931e+01, sign=0.149, train=1.016e+02, val=1.009e+02]
GNN flow training:  73%|███████▎  | 73/100 [05:26<01:59,  4.43s/epoch, best=9.931e+01, sign=0.147, train=1.010e+02, val=1.004e+02]
GNN flow training:  74%|███████▍  | 74/100 [05:26<01:54,  4.42s/epoch, best=9.931e+01, sign=0.147, train=1.010e+02, val=1.004e+02]
GNN flow training:  74%|███████▍  | 74/100 [05:31<01:54,  4.42s/epoch, best=9.931e+01, sign=0.145, train=1.005e+02, val=1.007e+02]
GNN flow training:  75%|███████▌  | 75/100 [05:31<01:50,  4.41s/epoch, best=9.931e+01, sign=0.145, train=1.005e+02, val=1.007e+02]
GNN flow training:  75%|███████▌  | 75/100 [05:35<01:50,  4.41s/epoch, best=9.931e+01, sign=0.147, train=1.008e+02, val=1.009e+02]
GNN flow training:  76%|███████▌  | 76/100 [05:35<01:45,  4.40s/epoch, best=9.931e+01, sign=0.147, train=1.008e+02, val=1.009e+02]
GNN flow training:  76%|███████▌  | 76/100 [05:40<01:45,  4.40s/epoch, best=9.931e+01, sign=0.147, train=1.011e+02, val=1.006e+02]
GNN flow training:  77%|███████▋  | 77/100 [05:40<01:41,  4.39s/epoch, best=9.931e+01, sign=0.147, train=1.011e+02, val=1.006e+02]
GNN flow training:  77%|███████▋  | 77/100 [05:44<01:41,  4.39s/epoch, best=9.931e+01, sign=0.146, train=1.007e+02, val=1.006e+02]
GNN flow training:  78%|███████▊  | 78/100 [05:44<01:36,  4.39s/epoch, best=9.931e+01, sign=0.146, train=1.007e+02, val=1.006e+02]
GNN flow training:  78%|███████▊  | 78/100 [05:48<01:36,  4.39s/epoch, best=9.931e+01, sign=0.145, train=1.007e+02, val=9.993e+01]
GNN flow training:  79%|███████▉  | 79/100 [05:48<01:32,  4.40s/epoch, best=9.931e+01, sign=0.145, train=1.007e+02, val=9.993e+01]
GNN flow training:  79%|███████▉  | 79/100 [05:53<01:32,  4.40s/epoch, best=9.931e+01, sign=0.141, train=1.000e+02, val=9.924e+01]
GNN flow training:  80%|████████  | 80/100 [05:53<01:27,  4.39s/epoch, best=9.931e+01, sign=0.141, train=1.000e+02, val=9.924e+01]
GNN flow training:  80%|████████  | 80/100 [05:57<01:27,  4.39s/epoch, best=9.924e+01, sign=0.141, train=9.934e+01, val=9.837e+01]
GNN flow training:  81%|████████  | 81/100 [05:57<01:23,  4.38s/epoch, best=9.924e+01, sign=0.141, train=9.934e+01, val=9.837e+01]
GNN flow training:  81%|████████  | 81/100 [06:02<01:23,  4.38s/epoch, best=9.837e+01, sign=0.140, train=9.847e+01, val=9.744e+01]
GNN flow training:  82%|████████▏ | 82/100 [06:02<01:18,  4.38s/epoch, best=9.837e+01, sign=0.140, train=9.847e+01, val=9.744e+01]
GNN flow training:  82%|████████▏ | 82/100 [06:06<01:18,  4.38s/epoch, best=9.744e+01, sign=0.140, train=9.753e+01, val=9.719e+01]
GNN flow training:  83%|████████▎ | 83/100 [06:06<01:14,  4.39s/epoch, best=9.744e+01, sign=0.140, train=9.753e+01, val=9.719e+01]
GNN flow training:  83%|████████▎ | 83/100 [06:10<01:14,  4.39s/epoch, best=9.719e+01, sign=0.140, train=9.727e+01, val=9.674e+01]
GNN flow training:  84%|████████▍ | 84/100 [06:10<01:10,  4.40s/epoch, best=9.719e+01, sign=0.140, train=9.727e+01, val=9.674e+01]
GNN flow training:  84%|████████▍ | 84/100 [06:15<01:10,  4.40s/epoch, best=9.674e+01, sign=0.140, train=9.681e+01, val=9.635e+01]
GNN flow training:  85%|████████▌ | 85/100 [06:15<01:05,  4.40s/epoch, best=9.674e+01, sign=0.140, train=9.681e+01, val=9.635e+01]
GNN flow training:  85%|████████▌ | 85/100 [06:19<01:05,  4.40s/epoch, best=9.635e+01, sign=0.140, train=9.642e+01, val=9.613e+01]
GNN flow training:  86%|████████▌ | 86/100 [06:19<01:01,  4.41s/epoch, best=9.635e+01, sign=0.140, train=9.642e+01, val=9.613e+01]
GNN flow training:  86%|████████▌ | 86/100 [06:24<01:01,  4.41s/epoch, best=9.613e+01, sign=0.140, train=9.619e+01, val=9.547e+01]
GNN flow training:  87%|████████▋ | 87/100 [06:24<00:57,  4.40s/epoch, best=9.613e+01, sign=0.140, train=9.619e+01, val=9.547e+01]
GNN flow training:  87%|████████▋ | 87/100 [06:28<00:57,  4.40s/epoch, best=9.547e+01, sign=0.139, train=9.553e+01, val=9.467e+01]
GNN flow training:  88%|████████▊ | 88/100 [06:28<00:52,  4.40s/epoch, best=9.547e+01, sign=0.139, train=9.553e+01, val=9.467e+01]
GNN flow training:  88%|████████▊ | 88/100 [06:32<00:52,  4.40s/epoch, best=9.467e+01, sign=0.139, train=9.473e+01, val=9.383e+01]
GNN flow training:  89%|████████▉ | 89/100 [06:32<00:48,  4.39s/epoch, best=9.467e+01, sign=0.139, train=9.473e+01, val=9.383e+01]
GNN flow training:  89%|████████▉ | 89/100 [06:37<00:48,  4.39s/epoch, best=9.383e+01, sign=0.139, train=9.389e+01, val=9.315e+01]
GNN flow training:  90%|█████████ | 90/100 [06:37<00:43,  4.39s/epoch, best=9.383e+01, sign=0.139, train=9.389e+01, val=9.315e+01]
GNN flow training:  90%|█████████ | 90/100 [06:41<00:43,  4.39s/epoch, best=9.315e+01, sign=0.139, train=9.322e+01, val=9.263e+01]
GNN flow training:  91%|█████████ | 91/100 [06:41<00:39,  4.39s/epoch, best=9.315e+01, sign=0.139, train=9.322e+01, val=9.263e+01]
GNN flow training:  91%|█████████ | 91/100 [06:46<00:39,  4.39s/epoch, best=9.263e+01, sign=0.138, train=9.269e+01, val=9.237e+01]
GNN flow training:  92%|█████████▏| 92/100 [06:46<00:35,  4.40s/epoch, best=9.263e+01, sign=0.138, train=9.269e+01, val=9.237e+01]
GNN flow training:  92%|█████████▏| 92/100 [06:50<00:35,  4.40s/epoch, best=9.237e+01, sign=0.139, train=9.242e+01, val=9.243e+01]
GNN flow training:  93%|█████████▎| 93/100 [06:50<00:30,  4.39s/epoch, best=9.237e+01, sign=0.139, train=9.242e+01, val=9.243e+01]
GNN flow training:  93%|█████████▎| 93/100 [06:54<00:30,  4.39s/epoch, best=9.237e+01, sign=0.142, train=9.248e+01, val=9.223e+01]
GNN flow training:  94%|█████████▍| 94/100 [06:54<00:26,  4.40s/epoch, best=9.237e+01, sign=0.142, train=9.248e+01, val=9.223e+01]
GNN flow training:  94%|█████████▍| 94/100 [06:59<00:26,  4.40s/epoch, best=9.223e+01, sign=0.141, train=9.228e+01, val=9.061e+01]
GNN flow training:  95%|█████████▌| 95/100 [06:59<00:21,  4.40s/epoch, best=9.223e+01, sign=0.141, train=9.228e+01, val=9.061e+01]
GNN flow training:  95%|█████████▌| 95/100 [07:03<00:21,  4.40s/epoch, best=9.061e+01, sign=0.141, train=9.065e+01, val=9.041e+01]
GNN flow training:  96%|█████████▌| 96/100 [07:03<00:17,  4.40s/epoch, best=9.061e+01, sign=0.141, train=9.065e+01, val=9.041e+01]
GNN flow training:  96%|█████████▌| 96/100 [07:08<00:17,  4.40s/epoch, best=9.041e+01, sign=0.142, train=9.045e+01, val=9.002e+01]
GNN flow training:  97%|█████████▋| 97/100 [07:08<00:13,  4.40s/epoch, best=9.041e+01, sign=0.142, train=9.045e+01, val=9.002e+01]
GNN flow training:  97%|█████████▋| 97/100 [07:12<00:13,  4.40s/epoch, best=9.002e+01, sign=0.141, train=9.005e+01, val=9.020e+01]
GNN flow training:  98%|█████████▊| 98/100 [07:12<00:08,  4.40s/epoch, best=9.002e+01, sign=0.141, train=9.005e+01, val=9.020e+01]
GNN flow training:  98%|█████████▊| 98/100 [07:16<00:08,  4.40s/epoch, best=9.002e+01, sign=0.141, train=9.024e+01, val=9.030e+01]
GNN flow training:  99%|█████████▉| 99/100 [07:16<00:04,  4.40s/epoch, best=9.002e+01, sign=0.141, train=9.024e+01, val=9.030e+01]
GNN flow training:  99%|█████████▉| 99/100 [07:21<00:04,  4.40s/epoch, best=9.002e+01, sign=0.140, train=9.034e+01, val=8.966e+01]
GNN flow training: 100%|██████████| 100/100 [07:21<00:00,  4.40s/epoch, best=9.002e+01, sign=0.140, train=9.034e+01, val=8.966e+01]
GNN flow training: 100%|██████████| 100/100 [07:21<00:00,  4.41s/epoch, best=9.002e+01, sign=0.140, train=9.034e+01, val=8.966e+01]

GNN flow training:   0%|          | 0/100 [00:00<?, ?epoch/s]
GNN flow training:   0%|          | 0/100 [00:04<?, ?epoch/s, best=1.280e+02, sign=0.188, train=1.279e+02, val=1.280e+02]
GNN flow training:   1%|          | 1/100 [00:04<07:28,  4.53s/epoch, best=1.280e+02, sign=0.188, train=1.279e+02, val=1.280e+02]
GNN flow training:   1%|          | 1/100 [00:08<07:28,  4.53s/epoch, best=1.280e+02, sign=0.187, train=1.280e+02, val=1.282e+02]
GNN flow training:   2%|▏         | 2/100 [00:08<07:18,  4.47s/epoch, best=1.280e+02, sign=0.187, train=1.280e+02, val=1.282e+02]
GNN flow training:   2%|▏         | 2/100 [00:13<07:18,  4.47s/epoch, best=1.280e+02, sign=0.187, train=1.282e+02, val=1.281e+02]
GNN flow training:   3%|▎         | 3/100 [00:13<07:11,  4.45s/epoch, best=1.280e+02, sign=0.187, train=1.282e+02, val=1.281e+02]
GNN flow training:   3%|▎         | 3/100 [00:17<07:11,  4.45s/epoch, best=1.280e+02, sign=0.187, train=1.281e+02, val=1.283e+02]
GNN flow training:   4%|▍         | 4/100 [00:17<07:06,  4.44s/epoch, best=1.280e+02, sign=0.187, train=1.281e+02, val=1.283e+02]
GNN flow training:   4%|▍         | 4/100 [00:22<07:06,  4.44s/epoch, best=1.280e+02, sign=0.188, train=1.284e+02, val=1.280e+02]
GNN flow training:   5%|▌         | 5/100 [00:22<07:00,  4.42s/epoch, best=1.280e+02, sign=0.188, train=1.284e+02, val=1.280e+02]
GNN flow training:   5%|▌         | 5/100 [00:26<07:00,  4.42s/epoch, best=1.280e+02, sign=0.188, train=1.280e+02, val=1.276e+02]
GNN flow training:   6%|▌         | 6/100 [00:26<06:55,  4.42s/epoch, best=1.280e+02, sign=0.188, train=1.280e+02, val=1.276e+02]
GNN flow training:   6%|▌         | 6/100 [00:31<06:55,  4.42s/epoch, best=1.276e+02, sign=0.188, train=1.276e+02, val=1.275e+02]
GNN flow training:   7%|▋         | 7/100 [00:31<06:52,  4.43s/epoch, best=1.276e+02, sign=0.188, train=1.276e+02, val=1.275e+02]
GNN flow training:   7%|▋         | 7/100 [00:35<06:52,  4.43s/epoch, best=1.275e+02, sign=0.188, train=1.276e+02, val=1.275e+02]
GNN flow training:   8%|▊         | 8/100 [00:35<06:48,  4.44s/epoch, best=1.275e+02, sign=0.188, train=1.276e+02, val=1.275e+02]
GNN flow training:   8%|▊         | 8/100 [00:39<06:48,  4.44s/epoch, best=1.275e+02, sign=0.188, train=1.275e+02, val=1.275e+02]
GNN flow training:   9%|▉         | 9/100 [00:39<06:43,  4.43s/epoch, best=1.275e+02, sign=0.188, train=1.275e+02, val=1.275e+02]
GNN flow training:   9%|▉         | 9/100 [00:44<06:43,  4.43s/epoch, best=1.275e+02, sign=0.188, train=1.275e+02, val=1.275e+02]
GNN flow training:  10%|█         | 10/100 [00:44<06:37,  4.42s/epoch, best=1.275e+02, sign=0.188, train=1.275e+02, val=1.275e+02]
GNN flow training:  10%|█         | 10/100 [00:48<06:37,  4.42s/epoch, best=1.275e+02, sign=0.188, train=1.275e+02, val=1.273e+02]
GNN flow training:  11%|█         | 11/100 [00:48<06:34,  4.43s/epoch, best=1.275e+02, sign=0.188, train=1.275e+02, val=1.273e+02]
GNN flow training:  11%|█         | 11/100 [00:53<06:34,  4.43s/epoch, best=1.273e+02, sign=0.188, train=1.273e+02, val=1.273e+02]
GNN flow training:  12%|█▏        | 12/100 [00:53<06:28,  4.42s/epoch, best=1.273e+02, sign=0.188, train=1.273e+02, val=1.273e+02]
GNN flow training:  12%|█▏        | 12/100 [00:57<06:28,  4.42s/epoch, best=1.273e+02, sign=0.188, train=1.273e+02, val=1.270e+02]
GNN flow training:  13%|█▎        | 13/100 [00:57<06:23,  4.41s/epoch, best=1.273e+02, sign=0.188, train=1.273e+02, val=1.270e+02]
GNN flow training:  13%|█▎        | 13/100 [01:01<06:23,  4.41s/epoch, best=1.270e+02, sign=0.187, train=1.270e+02, val=1.269e+02]
GNN flow training:  14%|█▍        | 14/100 [01:01<06:19,  4.41s/epoch, best=1.270e+02, sign=0.187, train=1.270e+02, val=1.269e+02]
GNN flow training:  14%|█▍        | 14/100 [01:06<06:19,  4.41s/epoch, best=1.269e+02, sign=0.187, train=1.269e+02, val=1.268e+02]
GNN flow training:  15%|█▌        | 15/100 [01:06<06:14,  4.41s/epoch, best=1.269e+02, sign=0.187, train=1.269e+02, val=1.268e+02]
GNN flow training:  15%|█▌        | 15/100 [01:10<06:14,  4.41s/epoch, best=1.268e+02, sign=0.187, train=1.268e+02, val=1.264e+02]
GNN flow training:  16%|█▌        | 16/100 [01:10<06:10,  4.41s/epoch, best=1.268e+02, sign=0.187, train=1.268e+02, val=1.264e+02]
GNN flow training:  16%|█▌        | 16/100 [01:15<06:10,  4.41s/epoch, best=1.264e+02, sign=0.186, train=1.264e+02, val=1.263e+02]
GNN flow training:  17%|█▋        | 17/100 [01:15<06:06,  4.41s/epoch, best=1.264e+02, sign=0.186, train=1.264e+02, val=1.263e+02]
GNN flow training:  17%|█▋        | 17/100 [01:19<06:06,  4.41s/epoch, best=1.263e+02, sign=0.187, train=1.264e+02, val=1.266e+02]
GNN flow training:  18%|█▊        | 18/100 [01:19<06:01,  4.41s/epoch, best=1.263e+02, sign=0.187, train=1.264e+02, val=1.266e+02]
GNN flow training:  18%|█▊        | 18/100 [01:24<06:01,  4.41s/epoch, best=1.263e+02, sign=0.187, train=1.266e+02, val=1.270e+02]
GNN flow training:  19%|█▉        | 19/100 [01:24<05:57,  4.42s/epoch, best=1.263e+02, sign=0.187, train=1.266e+02, val=1.270e+02]
GNN flow training:  19%|█▉        | 19/100 [01:28<05:57,  4.42s/epoch, best=1.263e+02, sign=0.187, train=1.270e+02, val=1.270e+02]
GNN flow training:  20%|██        | 20/100 [01:28<05:52,  4.41s/epoch, best=1.263e+02, sign=0.187, train=1.270e+02, val=1.270e+02]
GNN flow training:  20%|██        | 20/100 [01:32<05:52,  4.41s/epoch, best=1.263e+02, sign=0.186, train=1.270e+02, val=1.266e+02]
GNN flow training:  21%|██        | 21/100 [01:32<05:48,  4.41s/epoch, best=1.263e+02, sign=0.186, train=1.270e+02, val=1.266e+02]
GNN flow training:  21%|██        | 21/100 [01:37<05:48,  4.41s/epoch, best=1.263e+02, sign=0.185, train=1.267e+02, val=1.263e+02]
GNN flow training:  22%|██▏       | 22/100 [01:37<05:43,  4.40s/epoch, best=1.263e+02, sign=0.185, train=1.267e+02, val=1.263e+02]
GNN flow training:  22%|██▏       | 22/100 [01:41<05:43,  4.40s/epoch, best=1.263e+02, sign=0.184, train=1.263e+02, val=1.261e+02]
GNN flow training:  23%|██▎       | 23/100 [01:41<05:40,  4.42s/epoch, best=1.263e+02, sign=0.184, train=1.263e+02, val=1.261e+02]
GNN flow training:  23%|██▎       | 23/100 [01:46<05:40,  4.42s/epoch, best=1.261e+02, sign=0.185, train=1.261e+02, val=1.256e+02]
GNN flow training:  24%|██▍       | 24/100 [01:46<05:36,  4.42s/epoch, best=1.261e+02, sign=0.185, train=1.261e+02, val=1.256e+02]
GNN flow training:  24%|██▍       | 24/100 [01:50<05:36,  4.42s/epoch, best=1.256e+02, sign=0.184, train=1.256e+02, val=1.252e+02]
GNN flow training:  25%|██▌       | 25/100 [01:50<05:32,  4.43s/epoch, best=1.256e+02, sign=0.184, train=1.256e+02, val=1.252e+02]
GNN flow training:  25%|██▌       | 25/100 [01:55<05:32,  4.43s/epoch, best=1.252e+02, sign=0.183, train=1.252e+02, val=1.250e+02]
GNN flow training:  26%|██▌       | 26/100 [01:55<05:27,  4.43s/epoch, best=1.252e+02, sign=0.183, train=1.252e+02, val=1.250e+02]
GNN flow training:  26%|██▌       | 26/100 [01:59<05:27,  4.43s/epoch, best=1.250e+02, sign=0.182, train=1.250e+02, val=1.249e+02]
GNN flow training:  27%|██▋       | 27/100 [01:59<05:22,  4.42s/epoch, best=1.250e+02, sign=0.182, train=1.250e+02, val=1.249e+02]
GNN flow training:  27%|██▋       | 27/100 [02:03<05:22,  4.42s/epoch, best=1.249e+02, sign=0.182, train=1.249e+02, val=1.246e+02]
GNN flow training:  28%|██▊       | 28/100 [02:03<05:19,  4.43s/epoch, best=1.249e+02, sign=0.182, train=1.249e+02, val=1.246e+02]
GNN flow training:  28%|██▊       | 28/100 [02:08<05:19,  4.43s/epoch, best=1.246e+02, sign=0.182, train=1.246e+02, val=1.240e+02]
GNN flow training:  29%|██▉       | 29/100 [02:08<05:14,  4.43s/epoch, best=1.246e+02, sign=0.182, train=1.246e+02, val=1.240e+02]
GNN flow training:  29%|██▉       | 29/100 [02:12<05:14,  4.43s/epoch, best=1.240e+02, sign=0.181, train=1.240e+02, val=1.234e+02]
GNN flow training:  30%|███       | 30/100 [02:12<05:09,  4.42s/epoch, best=1.240e+02, sign=0.181, train=1.240e+02, val=1.234e+02]
GNN flow training:  30%|███       | 30/100 [02:17<05:09,  4.42s/epoch, best=1.234e+02, sign=0.179, train=1.234e+02, val=1.230e+02]
GNN flow training:  31%|███       | 31/100 [02:17<05:04,  4.41s/epoch, best=1.234e+02, sign=0.179, train=1.234e+02, val=1.230e+02]
GNN flow training:  31%|███       | 31/100 [02:21<05:04,  4.41s/epoch, best=1.230e+02, sign=0.177, train=1.230e+02, val=1.226e+02]
GNN flow training:  32%|███▏      | 32/100 [02:21<04:59,  4.41s/epoch, best=1.230e+02, sign=0.177, train=1.230e+02, val=1.226e+02]
GNN flow training:  32%|███▏      | 32/100 [02:25<04:59,  4.41s/epoch, best=1.226e+02, sign=0.176, train=1.226e+02, val=1.221e+02]
GNN flow training:  33%|███▎      | 33/100 [02:25<04:55,  4.42s/epoch, best=1.226e+02, sign=0.176, train=1.226e+02, val=1.221e+02]
GNN flow training:  33%|███▎      | 33/100 [02:30<04:55,  4.42s/epoch, best=1.221e+02, sign=0.176, train=1.221e+02, val=1.215e+02]
GNN flow training:  34%|███▍      | 34/100 [02:30<04:50,  4.41s/epoch, best=1.221e+02, sign=0.176, train=1.221e+02, val=1.215e+02]
GNN flow training:  34%|███▍      | 34/100 [02:34<04:50,  4.41s/epoch, best=1.215e+02, sign=0.176, train=1.215e+02, val=1.210e+02]
GNN flow training:  35%|███▌      | 35/100 [02:34<04:46,  4.40s/epoch, best=1.215e+02, sign=0.176, train=1.215e+02, val=1.210e+02]
GNN flow training:  35%|███▌      | 35/100 [02:39<04:46,  4.40s/epoch, best=1.210e+02, sign=0.176, train=1.210e+02, val=1.206e+02]
GNN flow training:  36%|███▌      | 36/100 [02:39<04:40,  4.38s/epoch, best=1.210e+02, sign=0.176, train=1.210e+02, val=1.206e+02]
GNN flow training:  36%|███▌      | 36/100 [02:43<04:40,  4.38s/epoch, best=1.206e+02, sign=0.175, train=1.206e+02, val=1.199e+02]
GNN flow training:  37%|███▋      | 37/100 [02:43<04:36,  4.39s/epoch, best=1.206e+02, sign=0.175, train=1.206e+02, val=1.199e+02]
GNN flow training:  37%|███▋      | 37/100 [02:47<04:36,  4.39s/epoch, best=1.199e+02, sign=0.175, train=1.199e+02, val=1.191e+02]
GNN flow training:  38%|███▊      | 38/100 [02:47<04:32,  4.40s/epoch, best=1.199e+02, sign=0.175, train=1.199e+02, val=1.191e+02]
GNN flow training:  38%|███▊      | 38/100 [02:52<04:32,  4.40s/epoch, best=1.191e+02, sign=0.175, train=1.191e+02, val=1.182e+02]
GNN flow training:  39%|███▉      | 39/100 [02:52<04:28,  4.40s/epoch, best=1.191e+02, sign=0.175, train=1.191e+02, val=1.182e+02]
GNN flow training:  39%|███▉      | 39/100 [02:56<04:28,  4.40s/epoch, best=1.182e+02, sign=0.174, train=1.182e+02, val=1.177e+02]
GNN flow training:  40%|████      | 40/100 [02:56<04:25,  4.42s/epoch, best=1.182e+02, sign=0.174, train=1.182e+02, val=1.177e+02]
GNN flow training:  40%|████      | 40/100 [03:01<04:25,  4.42s/epoch, best=1.177e+02, sign=0.174, train=1.177e+02, val=1.166e+02]
GNN flow training:  41%|████      | 41/100 [03:01<04:20,  4.42s/epoch, best=1.177e+02, sign=0.174, train=1.177e+02, val=1.166e+02]
GNN flow training:  41%|████      | 41/100 [03:05<04:20,  4.42s/epoch, best=1.166e+02, sign=0.173, train=1.166e+02, val=1.154e+02]
GNN flow training:  42%|████▏     | 42/100 [03:05<04:16,  4.43s/epoch, best=1.166e+02, sign=0.173, train=1.166e+02, val=1.154e+02]
GNN flow training:  42%|████▏     | 42/100 [03:10<04:16,  4.43s/epoch, best=1.154e+02, sign=0.173, train=1.154e+02, val=1.144e+02]
GNN flow training:  43%|████▎     | 43/100 [03:10<04:12,  4.43s/epoch, best=1.154e+02, sign=0.173, train=1.154e+02, val=1.144e+02]
GNN flow training:  43%|████▎     | 43/100 [03:14<04:12,  4.43s/epoch, best=1.144e+02, sign=0.173, train=1.144e+02, val=1.138e+02]
GNN flow training:  44%|████▍     | 44/100 [03:14<04:07,  4.42s/epoch, best=1.144e+02, sign=0.173, train=1.144e+02, val=1.138e+02]
GNN flow training:  44%|████▍     | 44/100 [03:18<04:07,  4.42s/epoch, best=1.138e+02, sign=0.172, train=1.138e+02, val=1.131e+02]
GNN flow training:  45%|████▌     | 45/100 [03:18<04:03,  4.42s/epoch, best=1.138e+02, sign=0.172, train=1.138e+02, val=1.131e+02]
GNN flow training:  45%|████▌     | 45/100 [03:23<04:03,  4.42s/epoch, best=1.131e+02, sign=0.171, train=1.131e+02, val=1.121e+02]
GNN flow training:  46%|████▌     | 46/100 [03:23<03:58,  4.42s/epoch, best=1.131e+02, sign=0.171, train=1.131e+02, val=1.121e+02]
GNN flow training:  46%|████▌     | 46/100 [03:27<03:58,  4.42s/epoch, best=1.121e+02, sign=0.169, train=1.121e+02, val=1.109e+02]
GNN flow training:  47%|████▋     | 47/100 [03:27<03:53,  4.41s/epoch, best=1.121e+02, sign=0.169, train=1.121e+02, val=1.109e+02]
GNN flow training:  47%|████▋     | 47/100 [03:32<03:53,  4.41s/epoch, best=1.109e+02, sign=0.168, train=1.109e+02, val=1.105e+02]
GNN flow training:  48%|████▊     | 48/100 [03:32<03:48,  4.40s/epoch, best=1.109e+02, sign=0.168, train=1.109e+02, val=1.105e+02]
GNN flow training:  48%|████▊     | 48/100 [03:36<03:48,  4.40s/epoch, best=1.105e+02, sign=0.168, train=1.105e+02, val=1.095e+02]
GNN flow training:  49%|████▉     | 49/100 [03:36<03:45,  4.42s/epoch, best=1.105e+02, sign=0.168, train=1.105e+02, val=1.095e+02]
GNN flow training:  49%|████▉     | 49/100 [03:40<03:45,  4.42s/epoch, best=1.095e+02, sign=0.166, train=1.096e+02, val=1.092e+02]
GNN flow training:  50%|█████     | 50/100 [03:40<03:41,  4.44s/epoch, best=1.095e+02, sign=0.166, train=1.096e+02, val=1.092e+02]
GNN flow training:  50%|█████     | 50/100 [03:45<03:41,  4.44s/epoch, best=1.092e+02, sign=0.166, train=1.093e+02, val=1.085e+02]
GNN flow training:  51%|█████     | 51/100 [03:45<03:37,  4.44s/epoch, best=1.092e+02, sign=0.166, train=1.093e+02, val=1.085e+02]
GNN flow training:  51%|█████     | 51/100 [03:49<03:37,  4.44s/epoch, best=1.085e+02, sign=0.165, train=1.086e+02, val=1.081e+02]
GNN flow training:  52%|█████▏    | 52/100 [03:49<03:32,  4.42s/epoch, best=1.085e+02, sign=0.165, train=1.086e+02, val=1.081e+02]
GNN flow training:  52%|█████▏    | 52/100 [03:54<03:32,  4.42s/epoch, best=1.081e+02, sign=0.166, train=1.081e+02, val=1.077e+02]
GNN flow training:  53%|█████▎    | 53/100 [03:54<03:27,  4.42s/epoch, best=1.081e+02, sign=0.166, train=1.081e+02, val=1.077e+02]
GNN flow training:  53%|█████▎    | 53/100 [03:58<03:27,  4.42s/epoch, best=1.077e+02, sign=0.165, train=1.077e+02, val=1.077e+02]
GNN flow training:  54%|█████▍    | 54/100 [03:58<03:23,  4.42s/epoch, best=1.077e+02, sign=0.165, train=1.077e+02, val=1.077e+02]
GNN flow training:  54%|█████▍    | 54/100 [04:03<03:23,  4.42s/epoch, best=1.077e+02, sign=0.163, train=1.077e+02, val=1.099e+02]
GNN flow training:  55%|█████▌    | 55/100 [04:03<03:18,  4.41s/epoch, best=1.077e+02, sign=0.163, train=1.077e+02, val=1.099e+02]
GNN flow training:  55%|█████▌    | 55/100 [04:07<03:18,  4.41s/epoch, best=1.077e+02, sign=0.162, train=1.099e+02, val=1.103e+02]
GNN flow training:  56%|█████▌    | 56/100 [04:07<03:13,  4.39s/epoch, best=1.077e+02, sign=0.162, train=1.099e+02, val=1.103e+02]
GNN flow training:  56%|█████▌    | 56/100 [04:11<03:13,  4.39s/epoch, best=1.077e+02, sign=0.163, train=1.103e+02, val=1.082e+02]
GNN flow training:  57%|█████▋    | 57/100 [04:11<03:08,  4.38s/epoch, best=1.077e+02, sign=0.163, train=1.103e+02, val=1.082e+02]
GNN flow training:  57%|█████▋    | 57/100 [04:16<03:08,  4.38s/epoch, best=1.077e+02, sign=0.165, train=1.082e+02, val=1.066e+02]
GNN flow training:  58%|█████▊    | 58/100 [04:16<03:03,  4.38s/epoch, best=1.077e+02, sign=0.165, train=1.082e+02, val=1.066e+02]
GNN flow training:  58%|█████▊    | 58/100 [04:20<03:03,  4.38s/epoch, best=1.066e+02, sign=0.164, train=1.066e+02, val=1.055e+02]
GNN flow training:  59%|█████▉    | 59/100 [04:20<02:59,  4.37s/epoch, best=1.066e+02, sign=0.164, train=1.066e+02, val=1.055e+02]
GNN flow training:  59%|█████▉    | 59/100 [04:24<02:59,  4.37s/epoch, best=1.055e+02, sign=0.165, train=1.055e+02, val=1.052e+02]
GNN flow training:  60%|██████    | 60/100 [04:24<02:55,  4.38s/epoch, best=1.055e+02, sign=0.165, train=1.055e+02, val=1.052e+02]
GNN flow training:  60%|██████    | 60/100 [04:29<02:55,  4.38s/epoch, best=1.052e+02, sign=0.165, train=1.052e+02, val=1.044e+02]
GNN flow training:  61%|██████    | 61/100 [04:29<02:50,  4.38s/epoch, best=1.052e+02, sign=0.165, train=1.052e+02, val=1.044e+02]
GNN flow training:  61%|██████    | 61/100 [04:33<02:50,  4.38s/epoch, best=1.044e+02, sign=0.164, train=1.044e+02, val=1.039e+02]
GNN flow training:  62%|██████▏   | 62/100 [04:33<02:46,  4.39s/epoch, best=1.044e+02, sign=0.164, train=1.044e+02, val=1.039e+02]
GNN flow training:  62%|██████▏   | 62/100 [04:38<02:46,  4.39s/epoch, best=1.039e+02, sign=0.164, train=1.039e+02, val=1.057e+02]
GNN flow training:  63%|██████▎   | 63/100 [04:38<02:42,  4.39s/epoch, best=1.039e+02, sign=0.164, train=1.039e+02, val=1.057e+02]
GNN flow training:  63%|██████▎   | 63/100 [04:42<02:42,  4.39s/epoch, best=1.039e+02, sign=0.165, train=1.057e+02, val=1.035e+02]
GNN flow training:  64%|██████▍   | 64/100 [04:42<02:37,  4.38s/epoch, best=1.039e+02, sign=0.165, train=1.057e+02, val=1.035e+02]
GNN flow training:  64%|██████▍   | 64/100 [04:46<02:37,  4.38s/epoch, best=1.035e+02, sign=0.165, train=1.035e+02, val=1.029e+02]
GNN flow training:  65%|██████▌   | 65/100 [04:46<02:33,  4.38s/epoch, best=1.035e+02, sign=0.165, train=1.035e+02, val=1.029e+02]
GNN flow training:  65%|██████▌   | 65/100 [04:51<02:33,  4.38s/epoch, best=1.029e+02, sign=0.166, train=1.030e+02, val=1.010e+02]
GNN flow training:  66%|██████▌   | 66/100 [04:51<02:28,  4.37s/epoch, best=1.029e+02, sign=0.166, train=1.030e+02, val=1.010e+02]
GNN flow training:  66%|██████▌   | 66/100 [04:55<02:28,  4.37s/epoch, best=1.010e+02, sign=0.167, train=1.010e+02, val=1.001e+02]
GNN flow training:  67%|██████▋   | 67/100 [04:55<02:24,  4.38s/epoch, best=1.010e+02, sign=0.167, train=1.010e+02, val=1.001e+02]
GNN flow training:  67%|██████▋   | 67/100 [04:59<02:24,  4.38s/epoch, best=1.001e+02, sign=0.166, train=1.001e+02, val=9.936e+01]
GNN flow training:  68%|██████▊   | 68/100 [04:59<02:20,  4.39s/epoch, best=1.001e+02, sign=0.166, train=1.001e+02, val=9.936e+01]
GNN flow training:  68%|██████▊   | 68/100 [05:04<02:20,  4.39s/epoch, best=9.936e+01, sign=0.167, train=9.937e+01, val=9.924e+01]
GNN flow training:  69%|██████▉   | 69/100 [05:04<02:15,  4.38s/epoch, best=9.936e+01, sign=0.167, train=9.937e+01, val=9.924e+01]
GNN flow training:  69%|██████▉   | 69/100 [05:08<02:15,  4.38s/epoch, best=9.924e+01, sign=0.165, train=9.925e+01, val=9.963e+01]
GNN flow training:  70%|███████   | 70/100 [05:08<02:11,  4.40s/epoch, best=9.924e+01, sign=0.165, train=9.925e+01, val=9.963e+01]
GNN flow training:  70%|███████   | 70/100 [05:13<02:11,  4.40s/epoch, best=9.924e+01, sign=0.162, train=9.964e+01, val=1.024e+02]
GNN flow training:  71%|███████   | 71/100 [05:13<02:07,  4.39s/epoch, best=9.924e+01, sign=0.162, train=9.964e+01, val=1.024e+02]
GNN flow training:  71%|███████   | 71/100 [05:17<02:07,  4.39s/epoch, best=9.924e+01, sign=0.159, train=1.024e+02, val=1.059e+02]
GNN flow training:  72%|███████▏  | 72/100 [05:17<02:02,  4.39s/epoch, best=9.924e+01, sign=0.159, train=1.024e+02, val=1.059e+02]
GNN flow training:  72%|███████▏  | 72/100 [05:21<02:02,  4.39s/epoch, best=9.924e+01, sign=0.159, train=1.059e+02, val=1.054e+02]
GNN flow training:  73%|███████▎  | 73/100 [05:21<01:58,  4.39s/epoch, best=9.924e+01, sign=0.159, train=1.059e+02, val=1.054e+02]
GNN flow training:  73%|███████▎  | 73/100 [05:26<01:58,  4.39s/epoch, best=9.924e+01, sign=0.161, train=1.054e+02, val=1.024e+02]
GNN flow training:  74%|███████▍  | 74/100 [05:26<01:53,  4.38s/epoch, best=9.924e+01, sign=0.161, train=1.054e+02, val=1.024e+02]
GNN flow training:  74%|███████▍  | 74/100 [05:30<01:53,  4.38s/epoch, best=9.924e+01, sign=0.162, train=1.024e+02, val=1.015e+02]
GNN flow training:  75%|███████▌  | 75/100 [05:30<01:49,  4.38s/epoch, best=9.924e+01, sign=0.162, train=1.024e+02, val=1.015e+02]
GNN flow training:  75%|███████▌  | 75/100 [05:35<01:49,  4.38s/epoch, best=9.924e+01, sign=0.164, train=1.016e+02, val=1.012e+02]
GNN flow training:  76%|███████▌  | 76/100 [05:35<01:45,  4.38s/epoch, best=9.924e+01, sign=0.164, train=1.016e+02, val=1.012e+02]
GNN flow training:  76%|███████▌  | 76/100 [05:39<01:45,  4.38s/epoch, best=9.924e+01, sign=0.164, train=1.012e+02, val=1.009e+02]
GNN flow training:  77%|███████▋  | 77/100 [05:39<01:40,  4.38s/epoch, best=9.924e+01, sign=0.164, train=1.012e+02, val=1.009e+02]
GNN flow training:  77%|███████▋  | 77/100 [05:43<01:40,  4.38s/epoch, best=9.924e+01, sign=0.166, train=1.009e+02, val=1.007e+02]
GNN flow training:  78%|███████▊  | 78/100 [05:43<01:36,  4.39s/epoch, best=9.924e+01, sign=0.166, train=1.009e+02, val=1.007e+02]
GNN flow training:  78%|███████▊  | 78/100 [05:48<01:36,  4.39s/epoch, best=9.924e+01, sign=0.165, train=1.007e+02, val=1.009e+02]
GNN flow training:  79%|███████▉  | 79/100 [05:48<01:32,  4.38s/epoch, best=9.924e+01, sign=0.165, train=1.007e+02, val=1.009e+02]
GNN flow training:  79%|███████▉  | 79/100 [05:52<01:32,  4.38s/epoch, best=9.924e+01, sign=0.165, train=1.010e+02, val=1.005e+02]
GNN flow training:  80%|████████  | 80/100 [05:52<01:27,  4.38s/epoch, best=9.924e+01, sign=0.165, train=1.010e+02, val=1.005e+02]
GNN flow training:  80%|████████  | 80/100 [05:56<01:27,  4.38s/epoch, best=9.924e+01, sign=0.168, train=1.005e+02, val=1.001e+02]
GNN flow training:  81%|████████  | 81/100 [05:56<01:23,  4.39s/epoch, best=9.924e+01, sign=0.168, train=1.005e+02, val=1.001e+02]
GNN flow training:  81%|████████  | 81/100 [06:01<01:23,  4.39s/epoch, best=9.924e+01, sign=0.167, train=1.001e+02, val=1.001e+02]
GNN flow training:  82%|████████▏ | 82/100 [06:01<01:18,  4.38s/epoch, best=9.924e+01, sign=0.167, train=1.001e+02, val=1.001e+02]
GNN flow training:  82%|████████▏ | 82/100 [06:05<01:18,  4.38s/epoch, best=9.924e+01, sign=0.166, train=1.001e+02, val=9.979e+01]
GNN flow training:  83%|████████▎ | 83/100 [06:05<01:14,  4.38s/epoch, best=9.924e+01, sign=0.166, train=1.001e+02, val=9.979e+01]
GNN flow training:  83%|████████▎ | 83/100 [06:10<01:14,  4.38s/epoch, best=9.924e+01, sign=0.165, train=9.980e+01, val=9.993e+01]
GNN flow training:  84%|████████▍ | 84/100 [06:10<01:10,  4.38s/epoch, best=9.924e+01, sign=0.165, train=9.980e+01, val=9.993e+01]
GNN flow training:  84%|████████▍ | 84/100 [06:14<01:10,  4.38s/epoch, best=9.924e+01, sign=0.162, train=9.994e+01, val=1.016e+02]
GNN flow training:  85%|████████▌ | 85/100 [06:14<01:05,  4.39s/epoch, best=9.924e+01, sign=0.162, train=9.994e+01, val=1.016e+02]
GNN flow training:  85%|████████▌ | 85/100 [06:18<01:05,  4.39s/epoch, best=9.924e+01, sign=0.159, train=1.016e+02, val=1.032e+02]
GNN flow training:  86%|████████▌ | 86/100 [06:18<01:01,  4.37s/epoch, best=9.924e+01, sign=0.159, train=1.016e+02, val=1.032e+02]
GNN flow training:  86%|████████▌ | 86/100 [06:23<01:01,  4.37s/epoch, best=9.924e+01, sign=0.165, train=1.033e+02, val=1.097e+02]
GNN flow training:  87%|████████▋ | 87/100 [06:23<00:56,  4.38s/epoch, best=9.924e+01, sign=0.165, train=1.033e+02, val=1.097e+02]
GNN flow training:  87%|████████▋ | 87/100 [06:27<00:56,  4.38s/epoch, best=9.924e+01, sign=0.176, train=1.097e+02, val=1.134e+02]
GNN flow training:  88%|████████▊ | 88/100 [06:27<00:52,  4.38s/epoch, best=9.924e+01, sign=0.176, train=1.097e+02, val=1.134e+02]
GNN flow training:  88%|████████▊ | 88/100 [06:31<00:52,  4.38s/epoch, best=9.924e+01, sign=0.181, train=1.134e+02, val=1.143e+02]
GNN flow training:  89%|████████▉ | 89/100 [06:31<00:48,  4.37s/epoch, best=9.924e+01, sign=0.181, train=1.134e+02, val=1.143e+02]
GNN flow training:  89%|████████▉ | 89/100 [06:36<00:48,  4.37s/epoch, best=9.924e+01, sign=0.190, train=1.143e+02, val=1.185e+02]
GNN flow training:  90%|█████████ | 90/100 [06:36<00:43,  4.38s/epoch, best=9.924e+01, sign=0.190, train=1.143e+02, val=1.185e+02]
GNN flow training:  90%|█████████ | 90/100 [06:40<00:43,  4.38s/epoch, best=9.924e+01, sign=0.191, train=1.185e+02, val=1.178e+02]
GNN flow training:  91%|█████████ | 91/100 [06:40<00:39,  4.37s/epoch, best=9.924e+01, sign=0.191, train=1.185e+02, val=1.178e+02]
GNN flow training:  91%|█████████ | 91/100 [06:45<00:39,  4.37s/epoch, best=9.924e+01, sign=0.191, train=1.178e+02, val=1.148e+02]
GNN flow training:  92%|█████████▏| 92/100 [06:45<00:35,  4.38s/epoch, best=9.924e+01, sign=0.191, train=1.178e+02, val=1.148e+02]
GNN flow training:  92%|█████████▏| 92/100 [06:49<00:35,  4.38s/epoch, best=9.924e+01, sign=0.181, train=1.148e+02, val=1.136e+02]
GNN flow training:  93%|█████████▎| 93/100 [06:49<00:30,  4.38s/epoch, best=9.924e+01, sign=0.181, train=1.148e+02, val=1.136e+02]
GNN flow training:  93%|█████████▎| 93/100 [06:53<00:30,  4.38s/epoch, best=9.924e+01, sign=0.166, train=1.136e+02, val=1.127e+02]
GNN flow training:  94%|█████████▍| 94/100 [06:53<00:26,  4.38s/epoch, best=9.924e+01, sign=0.166, train=1.136e+02, val=1.127e+02]
GNN flow training:  94%|█████████▍| 94/100 [06:58<00:26,  4.38s/epoch, best=9.924e+01, sign=0.157, train=1.127e+02, val=1.110e+02]
GNN flow training:  95%|█████████▌| 95/100 [06:58<00:21,  4.39s/epoch, best=9.924e+01, sign=0.157, train=1.127e+02, val=1.110e+02]
GNN flow training:  95%|█████████▌| 95/100 [07:02<00:21,  4.39s/epoch, best=9.924e+01, sign=0.153, train=1.110e+02, val=1.088e+02]
GNN flow training:  96%|█████████▌| 96/100 [07:02<00:17,  4.38s/epoch, best=9.924e+01, sign=0.153, train=1.110e+02, val=1.088e+02]
GNN flow training:  96%|█████████▌| 96/100 [07:07<00:17,  4.38s/epoch, best=9.924e+01, sign=0.154, train=1.088e+02, val=1.080e+02]
GNN flow training:  97%|█████████▋| 97/100 [07:07<00:13,  4.39s/epoch, best=9.924e+01, sign=0.154, train=1.088e+02, val=1.080e+02]
GNN flow training:  97%|█████████▋| 97/100 [07:11<00:13,  4.39s/epoch, best=9.924e+01, sign=0.154, train=1.081e+02, val=1.084e+02]
GNN flow training:  98%|█████████▊| 98/100 [07:11<00:08,  4.39s/epoch, best=9.924e+01, sign=0.154, train=1.081e+02, val=1.084e+02]
GNN flow training:  98%|█████████▊| 98/100 [07:15<00:08,  4.39s/epoch, best=9.924e+01, sign=0.157, train=1.084e+02, val=1.099e+02]
GNN flow training:  99%|█████████▉| 99/100 [07:15<00:04,  4.39s/epoch, best=9.924e+01, sign=0.157, train=1.084e+02, val=1.099e+02]
GNN flow training:  99%|█████████▉| 99/100 [07:20<00:04,  4.39s/epoch, best=9.924e+01, sign=0.163, train=1.099e+02, val=1.105e+02]
GNN flow training: 100%|██████████| 100/100 [07:20<00:00,  4.39s/epoch, best=9.924e+01, sign=0.163, train=1.099e+02, val=1.105e+02]
GNN flow training: 100%|██████████| 100/100 [07:20<00:00,  4.40s/epoch, best=9.924e+01, sign=0.163, train=1.099e+02, val=1.105e+02]
Resolved config snapshot:
{'preset': 'solver_QKB_outer_QKBdelta', 'gnn_outer_losses': {'flow': 10.0, 'kirchhoff': 10.0, 'boundary': 100.0, 'delta_l2': 0.1, 'delta_smooth': 0.0, 'pressure_shape': 0.0}, 'physics': {'arterial_flow_mode': 'dataset', 'pressure_constraints': ['equal-av-pressure-drop'], 'alpha_pa': None, 'use_snr_weights': True, 'use_observed_flow_snr_weighting': True, 'flow_scale_mode': 'median_abs', 'solver_device': 'same', 'pressure_solver_mode': 'reduced-soft-constrained-lstsq', 'pressure_solver_lambda_kirchhoff': 1.0, 'pressure_solver_lambda_pressure_constraints': 100.0, 'pressure_solver_lambda_flow_residual': 1.0, 'pressure_shape_reference': 'delta_zero_reference', 'pressure_detach': False}, 'correction_bounds': {'correction_min': -0.5, 'correction_max': 0.5, 'correction_bound': 0.5, 'correction_parameterization': 'tanh'}, 'optimization': {'learning_rate': 0.001, 'weight_decay': 0.0001, 'gradient_clip_norm': 5.0, 'optimizer': 'adamw', 'epochs': 100, 'patience': 40}}
Resolved config snapshot:
{'preset': 'solver_QKB_outer_QKBdelta', 'gnn_outer_losses': {'flow': 1.0, 'kirchhoff': 10.0, 'boundary': 100.0, 'delta_l2': 100.0, 'delta_smooth': 0.0, 'pressure_shape': 0.0}, 'physics': {'arterial_flow_mode': 'dataset', 'pressure_constraints': ['equal-av-pressure-drop'], 'alpha_pa': None, 'use_snr_weights': True, 'use_observed_flow_snr_weighting': True, 'flow_scale_mode': 'median_abs', 'solver_device': 'same', 'pressure_solver_mode': 'reduced-soft-constrained-lstsq', 'pressure_solver_lambda_kirchhoff': 1.0, 'pressure_solver_lambda_pressure_constraints': 100.0, 'pressure_solver_lambda_flow_residual': 1.0, 'pressure_shape_reference': 'delta_zero_reference', 'pressure_detach': False}, 'correction_bounds': {'correction_min': -0.5, 'correction_max': 0.5, 'correction_bound': 0.5, 'correction_parameterization': 'tanh'}, 'optimization': {'learning_rate': 0.001, 'weight_decay': 0.0001, 'gradient_clip_norm': 5.0, 'optimizer': 'adamw', 'epochs': 100, 'patience': 40}}
Command: /mnt/home/sswee/miniforge3/envs/yolk-sac/bin/python /mnt/home/sswee/yolk/Yolk-Sac-Flow-Data-and-Sim/gnn_clean/scripts/python/gnn_flow.py /mnt/home/sswee/yolk/Yolk-Sac-Flow-Data-and-Sim/gnn_clean/datasets/mosaic_graph_canonical_harmonized/mosaic_graph_canonical_harmonized.gpickle --output-dir /mnt/home/sswee/yolk/Yolk-Sac-Flow-Data-and-Sim/gnn_clean/outputs_canonical/dc/03_pressure_constraint_sensitivity/gnn --run-name q_10__k_10__delta_0p1__constraint_equal_drop --preset solver_QKB_outer_QKBdelta --device cuda --epochs 100 --seed 0 --viscosity-pa-s 0.0035 --config /mnt/home/sswee/yolk/Yolk-Sac-Flow-Data-and-Sim/gnn_clean/outputs_canonical/dc/03_pressure_constraint_sensitivity/_generated_configs/q_10__k_10__delta_0p1__constraint_equal_drop.yaml --no-pressure-detach
Command: /mnt/home/sswee/miniforge3/envs/yolk-sac/bin/python /mnt/home/sswee/yolk/Yolk-Sac-Flow-Data-and-Sim/gnn_clean/scripts/python/gnn_flow.py /mnt/home/sswee/yolk/Yolk-Sac-Flow-Data-and-Sim/gnn_clean/datasets/mosaic_graph_canonical_harmonized/mosaic_graph_canonical_harmonized.gpickle --output-dir /mnt/home/sswee/yolk/Yolk-Sac-Flow-Data-and-Sim/gnn_clean/outputs_canonical/dc/03_pressure_constraint_sensitivity/gnn --run-name q_1__k_10__delta_100__constraint_equal_drop --preset solver_QKB_outer_QKBdelta --device cuda --epochs 100 --seed 0 --viscosity-pa-s 0.0035 --config /mnt/home/sswee/yolk/Yolk-Sac-Flow-Data-and-Sim/gnn_clean/outputs_canonical/dc/03_pressure_constraint_sensitivity/_generated_configs/q_1__k_10__delta_100__constraint_equal_drop.yaml --no-pressure-detach
Command: /mnt/home/sswee/miniforge3/envs/yolk-sac/bin/python /mnt/home/sswee/yolk/Yolk-Sac-Flow-Data-and-Sim/gnn_clean/scripts/python/poiseuille_only_baseline.py /mnt/home/sswee/yolk/Yolk-Sac-Flow-Data-and-Sim/gnn_clean/datasets/mosaic_graph_canonical_harmonized/mosaic_graph_canonical_harmonized.gpickle --output-dir /mnt/home/sswee/yolk/Yolk-Sac-Flow-Data-and-Sim/gnn_clean/outputs_canonical/dc/03_pressure_constraint_sensitivity/poiseuille --run-name poiseuille__q_10__k_10__constraint_equal_drop --device cpu --viscosity-pa-s 0.0035 --dc-solve-mode reduced-soft-constrained-lstsq --arterial-flow-mode dataset --lambda-kirchhoff 10.0 --lambda-pressure-constraints 100.0 --lambda-flow-residual 10.0 --pressure-constraint equal-av-pressure-drop
