[info] DC Step 2 canonical sweep uses fixed lambda_B=100.0 for both the outer boundary loss and the reduced pressure-solver boundary constraint.

GNN flow training:   0%|          | 0/100 [00:00<?, ?epoch/s]
GNN flow training:   0%|          | 0/100 [00:06<?, ?epoch/s, best=1.777e+01, sign=0.194, train=1.932e+01, val=1.777e+01]
GNN flow training:   1%|          | 1/100 [00:06<10:08,  6.14s/epoch, best=1.777e+01, sign=0.194, train=1.932e+01, val=1.777e+01]
GNN flow training:   1%|          | 1/100 [00:12<10:08,  6.14s/epoch, best=1.777e+01, sign=0.194, train=1.933e+01, val=1.776e+01]
GNN flow training:   2%|▏         | 2/100 [00:12<09:56,  6.09s/epoch, best=1.777e+01, sign=0.194, train=1.933e+01, val=1.776e+01]
GNN flow training:   2%|▏         | 2/100 [00:18<09:56,  6.09s/epoch, best=1.776e+01, sign=0.193, train=1.932e+01, val=1.776e+01]
GNN flow training:   3%|▎         | 3/100 [00:18<09:49,  6.08s/epoch, best=1.776e+01, sign=0.193, train=1.932e+01, val=1.776e+01]
GNN flow training:   3%|▎         | 3/100 [00:24<09:49,  6.08s/epoch, best=1.776e+01, sign=0.193, train=1.932e+01, val=1.773e+01]
GNN flow training:   4%|▍         | 4/100 [00:24<09:41,  6.06s/epoch, best=1.776e+01, sign=0.193, train=1.932e+01, val=1.773e+01]
GNN flow training:   4%|▍         | 4/100 [00:30<09:41,  6.06s/epoch, best=1.773e+01, sign=0.193, train=1.928e+01, val=1.772e+01]
GNN flow training:   5%|▌         | 5/100 [00:30<09:32,  6.03s/epoch, best=1.773e+01, sign=0.193, train=1.928e+01, val=1.772e+01]
GNN flow training:   5%|▌         | 5/100 [00:36<09:32,  6.03s/epoch, best=1.772e+01, sign=0.194, train=1.928e+01, val=1.771e+01]
GNN flow training:   6%|▌         | 6/100 [00:36<09:26,  6.03s/epoch, best=1.772e+01, sign=0.194, train=1.928e+01, val=1.771e+01]
GNN flow training:   6%|▌         | 6/100 [00:42<09:26,  6.03s/epoch, best=1.771e+01, sign=0.194, train=1.927e+01, val=1.767e+01]
GNN flow training:   7%|▋         | 7/100 [00:42<09:21,  6.04s/epoch, best=1.771e+01, sign=0.194, train=1.927e+01, val=1.767e+01]
GNN flow training:   7%|▋         | 7/100 [00:48<09:21,  6.04s/epoch, best=1.767e+01, sign=0.195, train=1.923e+01, val=1.763e+01]
GNN flow training:   8%|▊         | 8/100 [00:48<09:15,  6.04s/epoch, best=1.767e+01, sign=0.195, train=1.923e+01, val=1.763e+01]
GNN flow training:   8%|▊         | 8/100 [00:54<09:15,  6.04s/epoch, best=1.763e+01, sign=0.195, train=1.919e+01, val=1.761e+01]
GNN flow training:   9%|▉         | 9/100 [00:54<09:08,  6.03s/epoch, best=1.763e+01, sign=0.195, train=1.919e+01, val=1.761e+01]
GNN flow training:   9%|▉         | 9/100 [01:00<09:08,  6.03s/epoch, best=1.761e+01, sign=0.194, train=1.917e+01, val=1.758e+01]
GNN flow training:  10%|█         | 10/100 [01:00<09:02,  6.02s/epoch, best=1.761e+01, sign=0.194, train=1.917e+01, val=1.758e+01]
GNN flow training:  10%|█         | 10/100 [01:06<09:02,  6.02s/epoch, best=1.758e+01, sign=0.193, train=1.913e+01, val=1.756e+01]
GNN flow training:  11%|█         | 11/100 [01:06<08:56,  6.03s/epoch, best=1.758e+01, sign=0.193, train=1.913e+01, val=1.756e+01]
GNN flow training:  11%|█         | 11/100 [01:12<08:56,  6.03s/epoch, best=1.756e+01, sign=0.194, train=1.910e+01, val=1.753e+01]
GNN flow training:  12%|█▏        | 12/100 [01:12<08:51,  6.04s/epoch, best=1.756e+01, sign=0.194, train=1.910e+01, val=1.753e+01]
GNN flow training:  12%|█▏        | 12/100 [01:18<08:51,  6.04s/epoch, best=1.753e+01, sign=0.194, train=1.906e+01, val=1.749e+01]
GNN flow training:  13%|█▎        | 13/100 [01:18<08:44,  6.03s/epoch, best=1.753e+01, sign=0.194, train=1.906e+01, val=1.749e+01]
GNN flow training:  13%|█▎        | 13/100 [01:24<08:44,  6.03s/epoch, best=1.749e+01, sign=0.193, train=1.901e+01, val=1.740e+01]
GNN flow training:  14%|█▍        | 14/100 [01:24<08:38,  6.03s/epoch, best=1.749e+01, sign=0.193, train=1.901e+01, val=1.740e+01]
GNN flow training:  14%|█▍        | 14/100 [01:30<08:38,  6.03s/epoch, best=1.740e+01, sign=0.193, train=1.891e+01, val=1.731e+01]
GNN flow training:  15%|█▌        | 15/100 [01:30<08:30,  6.01s/epoch, best=1.740e+01, sign=0.193, train=1.891e+01, val=1.731e+01]
GNN flow training:  15%|█▌        | 15/100 [01:36<08:30,  6.01s/epoch, best=1.731e+01, sign=0.195, train=1.882e+01, val=1.725e+01]
GNN flow training:  16%|█▌        | 16/100 [01:36<08:25,  6.01s/epoch, best=1.731e+01, sign=0.195, train=1.882e+01, val=1.725e+01]
GNN flow training:  16%|█▌        | 16/100 [01:42<08:25,  6.01s/epoch, best=1.725e+01, sign=0.195, train=1.875e+01, val=1.715e+01]
GNN flow training:  17%|█▋        | 17/100 [01:42<08:18,  6.00s/epoch, best=1.725e+01, sign=0.195, train=1.875e+01, val=1.715e+01]
GNN flow training:  17%|█▋        | 17/100 [01:48<08:18,  6.00s/epoch, best=1.715e+01, sign=0.194, train=1.865e+01, val=1.707e+01]
GNN flow training:  18%|█▊        | 18/100 [01:48<08:12,  6.01s/epoch, best=1.715e+01, sign=0.194, train=1.865e+01, val=1.707e+01]
GNN flow training:  18%|█▊        | 18/100 [01:54<08:12,  6.01s/epoch, best=1.707e+01, sign=0.194, train=1.856e+01, val=1.703e+01]
GNN flow training:  19%|█▉        | 19/100 [01:54<08:06,  6.01s/epoch, best=1.707e+01, sign=0.194, train=1.856e+01, val=1.703e+01]
GNN flow training:  19%|█▉        | 19/100 [02:00<08:06,  6.01s/epoch, best=1.703e+01, sign=0.193, train=1.850e+01, val=1.690e+01]
GNN flow training:  20%|██        | 20/100 [02:00<08:02,  6.03s/epoch, best=1.703e+01, sign=0.193, train=1.850e+01, val=1.690e+01]
GNN flow training:  20%|██        | 20/100 [02:06<08:02,  6.03s/epoch, best=1.690e+01, sign=0.190, train=1.834e+01, val=1.676e+01]
GNN flow training:  21%|██        | 21/100 [02:06<07:55,  6.02s/epoch, best=1.690e+01, sign=0.190, train=1.834e+01, val=1.676e+01]
GNN flow training:  21%|██        | 21/100 [02:12<07:55,  6.02s/epoch, best=1.676e+01, sign=0.189, train=1.815e+01, val=1.670e+01]
GNN flow training:  22%|██▏       | 22/100 [02:12<07:48,  6.01s/epoch, best=1.676e+01, sign=0.189, train=1.815e+01, val=1.670e+01]
GNN flow training:  22%|██▏       | 22/100 [02:18<07:48,  6.01s/epoch, best=1.670e+01, sign=0.186, train=1.805e+01, val=1.670e+01]
GNN flow training:  23%|██▎       | 23/100 [02:18<07:43,  6.02s/epoch, best=1.670e+01, sign=0.186, train=1.805e+01, val=1.670e+01]
GNN flow training:  23%|██▎       | 23/100 [02:24<07:43,  6.02s/epoch, best=1.670e+01, sign=0.184, train=1.800e+01, val=1.678e+01]
GNN flow training:  24%|██▍       | 24/100 [02:24<07:36,  6.01s/epoch, best=1.670e+01, sign=0.184, train=1.800e+01, val=1.678e+01]
GNN flow training:  24%|██▍       | 24/100 [02:30<07:36,  6.01s/epoch, best=1.670e+01, sign=0.183, train=1.806e+01, val=1.680e+01]
GNN flow training:  25%|██▌       | 25/100 [02:30<07:29,  5.99s/epoch, best=1.670e+01, sign=0.183, train=1.806e+01, val=1.680e+01]
GNN flow training:  25%|██▌       | 25/100 [02:36<07:29,  5.99s/epoch, best=1.670e+01, sign=0.181, train=1.805e+01, val=1.677e+01]
GNN flow training:  26%|██▌       | 26/100 [02:36<07:22,  5.98s/epoch, best=1.670e+01, sign=0.181, train=1.805e+01, val=1.677e+01]
GNN flow training:  26%|██▌       | 26/100 [02:42<07:22,  5.98s/epoch, best=1.670e+01, sign=0.179, train=1.799e+01, val=1.665e+01]
GNN flow training:  27%|██▋       | 27/100 [02:42<07:16,  5.97s/epoch, best=1.670e+01, sign=0.179, train=1.799e+01, val=1.665e+01]
GNN flow training:  27%|██▋       | 27/100 [02:48<07:16,  5.97s/epoch, best=1.665e+01, sign=0.178, train=1.783e+01, val=1.650e+01]
GNN flow training:  28%|██▊       | 28/100 [02:48<07:10,  5.97s/epoch, best=1.665e+01, sign=0.178, train=1.783e+01, val=1.650e+01]
GNN flow training:  28%|██▊       | 28/100 [02:54<07:10,  5.97s/epoch, best=1.650e+01, sign=0.178, train=1.761e+01, val=1.631e+01]
GNN flow training:  29%|██▉       | 29/100 [02:54<07:03,  5.97s/epoch, best=1.650e+01, sign=0.178, train=1.761e+01, val=1.631e+01]
GNN flow training:  29%|██▉       | 29/100 [03:00<07:03,  5.97s/epoch, best=1.631e+01, sign=0.178, train=1.733e+01, val=1.624e+01]
GNN flow training:  30%|███       | 30/100 [03:00<06:58,  5.98s/epoch, best=1.631e+01, sign=0.178, train=1.733e+01, val=1.624e+01]
GNN flow training:  30%|███       | 30/100 [03:06<06:58,  5.98s/epoch, best=1.624e+01, sign=0.176, train=1.717e+01, val=1.619e+01]
GNN flow training:  31%|███       | 31/100 [03:06<06:52,  5.98s/epoch, best=1.624e+01, sign=0.176, train=1.717e+01, val=1.619e+01]
GNN flow training:  31%|███       | 31/100 [03:12<06:52,  5.98s/epoch, best=1.619e+01, sign=0.174, train=1.703e+01, val=1.613e+01]
GNN flow training:  32%|███▏      | 32/100 [03:12<06:46,  5.98s/epoch, best=1.619e+01, sign=0.174, train=1.703e+01, val=1.613e+01]
GNN flow training:  32%|███▏      | 32/100 [03:18<06:46,  5.98s/epoch, best=1.613e+01, sign=0.173, train=1.692e+01, val=1.605e+01]
GNN flow training:  33%|███▎      | 33/100 [03:18<06:40,  5.98s/epoch, best=1.613e+01, sign=0.173, train=1.692e+01, val=1.605e+01]
GNN flow training:  33%|███▎      | 33/100 [03:24<06:40,  5.98s/epoch, best=1.605e+01, sign=0.172, train=1.687e+01, val=1.606e+01]
GNN flow training:  34%|███▍      | 34/100 [03:24<06:34,  5.97s/epoch, best=1.605e+01, sign=0.172, train=1.687e+01, val=1.606e+01]
GNN flow training:  34%|███▍      | 34/100 [03:30<06:34,  5.97s/epoch, best=1.605e+01, sign=0.170, train=1.686e+01, val=1.613e+01]
GNN flow training:  35%|███▌      | 35/100 [03:30<06:27,  5.97s/epoch, best=1.605e+01, sign=0.170, train=1.686e+01, val=1.613e+01]
GNN flow training:  35%|███▌      | 35/100 [03:36<06:27,  5.97s/epoch, best=1.605e+01, sign=0.166, train=1.690e+01, val=1.596e+01]
GNN flow training:  36%|███▌      | 36/100 [03:36<06:22,  5.97s/epoch, best=1.605e+01, sign=0.166, train=1.690e+01, val=1.596e+01]
GNN flow training:  36%|███▌      | 36/100 [03:42<06:22,  5.97s/epoch, best=1.596e+01, sign=0.162, train=1.668e+01, val=1.559e+01]
GNN flow training:  37%|███▋      | 37/100 [03:42<06:14,  5.95s/epoch, best=1.596e+01, sign=0.162, train=1.668e+01, val=1.559e+01]
GNN flow training:  37%|███▋      | 37/100 [03:48<06:14,  5.95s/epoch, best=1.559e+01, sign=0.158, train=1.627e+01, val=1.533e+01]
GNN flow training:  38%|███▊      | 38/100 [03:48<06:07,  5.93s/epoch, best=1.559e+01, sign=0.158, train=1.627e+01, val=1.533e+01]
GNN flow training:  38%|███▊      | 38/100 [03:53<06:07,  5.93s/epoch, best=1.533e+01, sign=0.155, train=1.599e+01, val=1.518e+01]
GNN flow training:  39%|███▉      | 39/100 [03:53<06:01,  5.93s/epoch, best=1.533e+01, sign=0.155, train=1.599e+01, val=1.518e+01]
GNN flow training:  39%|███▉      | 39/100 [03:59<06:01,  5.93s/epoch, best=1.518e+01, sign=0.153, train=1.585e+01, val=1.511e+01]
GNN flow training:  40%|████      | 40/100 [03:59<05:54,  5.90s/epoch, best=1.518e+01, sign=0.153, train=1.585e+01, val=1.511e+01]
GNN flow training:  40%|████      | 40/100 [04:05<05:54,  5.90s/epoch, best=1.511e+01, sign=0.155, train=1.574e+01, val=1.517e+01]
GNN flow training:  41%|████      | 41/100 [04:05<05:48,  5.91s/epoch, best=1.511e+01, sign=0.155, train=1.574e+01, val=1.517e+01]
GNN flow training:  41%|████      | 41/100 [04:11<05:48,  5.91s/epoch, best=1.511e+01, sign=0.154, train=1.586e+01, val=1.525e+01]
GNN flow training:  42%|████▏     | 42/100 [04:11<05:43,  5.93s/epoch, best=1.511e+01, sign=0.154, train=1.586e+01, val=1.525e+01]
GNN flow training:  42%|████▏     | 42/100 [04:17<05:43,  5.93s/epoch, best=1.511e+01, sign=0.152, train=1.590e+01, val=1.530e+01]
GNN flow training:  43%|████▎     | 43/100 [04:17<05:36,  5.91s/epoch, best=1.511e+01, sign=0.152, train=1.590e+01, val=1.530e+01]
GNN flow training:  43%|████▎     | 43/100 [04:23<05:36,  5.91s/epoch, best=1.511e+01, sign=0.147, train=1.584e+01, val=1.536e+01]
GNN flow training:  44%|████▍     | 44/100 [04:23<05:30,  5.90s/epoch, best=1.511e+01, sign=0.147, train=1.584e+01, val=1.536e+01]
GNN flow training:  44%|████▍     | 44/100 [04:29<05:30,  5.90s/epoch, best=1.511e+01, sign=0.147, train=1.575e+01, val=1.534e+01]
GNN flow training:  45%|████▌     | 45/100 [04:29<05:24,  5.90s/epoch, best=1.511e+01, sign=0.147, train=1.575e+01, val=1.534e+01]
GNN flow training:  45%|████▌     | 45/100 [04:35<05:24,  5.90s/epoch, best=1.511e+01, sign=0.148, train=1.569e+01, val=1.508e+01]
GNN flow training:  46%|████▌     | 46/100 [04:35<05:18,  5.90s/epoch, best=1.511e+01, sign=0.148, train=1.569e+01, val=1.508e+01]
GNN flow training:  46%|████▌     | 46/100 [04:41<05:18,  5.90s/epoch, best=1.508e+01, sign=0.149, train=1.554e+01, val=1.496e+01]
GNN flow training:  47%|████▋     | 47/100 [04:41<05:12,  5.90s/epoch, best=1.508e+01, sign=0.149, train=1.554e+01, val=1.496e+01]
GNN flow training:  47%|████▋     | 47/100 [04:47<05:12,  5.90s/epoch, best=1.496e+01, sign=0.149, train=1.548e+01, val=1.484e+01]
GNN flow training:  48%|████▊     | 48/100 [04:47<05:07,  5.92s/epoch, best=1.496e+01, sign=0.149, train=1.548e+01, val=1.484e+01]
GNN flow training:  48%|████▊     | 48/100 [04:53<05:07,  5.92s/epoch, best=1.484e+01, sign=0.149, train=1.534e+01, val=1.475e+01]
GNN flow training:  49%|████▉     | 49/100 [04:53<05:02,  5.93s/epoch, best=1.484e+01, sign=0.149, train=1.534e+01, val=1.475e+01]
GNN flow training:  49%|████▉     | 49/100 [04:58<05:02,  5.93s/epoch, best=1.475e+01, sign=0.149, train=1.515e+01, val=1.507e+01]
GNN flow training:  50%|█████     | 50/100 [04:58<04:56,  5.92s/epoch, best=1.475e+01, sign=0.149, train=1.515e+01, val=1.507e+01]
GNN flow training:  50%|█████     | 50/100 [05:04<04:56,  5.92s/epoch, best=1.475e+01, sign=0.148, train=1.535e+01, val=1.513e+01]
GNN flow training:  51%|█████     | 51/100 [05:04<04:49,  5.92s/epoch, best=1.475e+01, sign=0.148, train=1.535e+01, val=1.513e+01]
GNN flow training:  51%|█████     | 51/100 [05:10<04:49,  5.92s/epoch, best=1.475e+01, sign=0.148, train=1.541e+01, val=1.500e+01]
GNN flow training:  52%|█████▏    | 52/100 [05:10<04:43,  5.92s/epoch, best=1.475e+01, sign=0.148, train=1.541e+01, val=1.500e+01]
GNN flow training:  52%|█████▏    | 52/100 [05:16<04:43,  5.92s/epoch, best=1.475e+01, sign=0.147, train=1.526e+01, val=1.485e+01]
GNN flow training:  53%|█████▎    | 53/100 [05:16<04:38,  5.94s/epoch, best=1.475e+01, sign=0.147, train=1.526e+01, val=1.485e+01]
GNN flow training:  53%|█████▎    | 53/100 [05:22<04:38,  5.94s/epoch, best=1.475e+01, sign=0.147, train=1.511e+01, val=1.468e+01]
GNN flow training:  54%|█████▍    | 54/100 [05:22<04:32,  5.92s/epoch, best=1.475e+01, sign=0.147, train=1.511e+01, val=1.468e+01]
GNN flow training:  54%|█████▍    | 54/100 [05:28<04:32,  5.92s/epoch, best=1.468e+01, sign=0.147, train=1.497e+01, val=1.457e+01]
GNN flow training:  55%|█████▌    | 55/100 [05:28<04:25,  5.90s/epoch, best=1.468e+01, sign=0.147, train=1.497e+01, val=1.457e+01]
GNN flow training:  55%|█████▌    | 55/100 [05:34<04:25,  5.90s/epoch, best=1.457e+01, sign=0.146, train=1.492e+01, val=1.420e+01]
GNN flow training:  56%|█████▌    | 56/100 [05:34<04:21,  5.95s/epoch, best=1.457e+01, sign=0.146, train=1.492e+01, val=1.420e+01]
GNN flow training:  56%|█████▌    | 56/100 [05:40<04:21,  5.95s/epoch, best=1.420e+01, sign=0.144, train=1.458e+01, val=1.402e+01]
GNN flow training:  57%|█████▋    | 57/100 [05:40<04:15,  5.95s/epoch, best=1.420e+01, sign=0.144, train=1.458e+01, val=1.402e+01]
GNN flow training:  57%|█████▋    | 57/100 [05:46<04:15,  5.95s/epoch, best=1.402e+01, sign=0.148, train=1.443e+01, val=1.400e+01]
GNN flow training:  58%|█████▊    | 58/100 [05:46<04:09,  5.95s/epoch, best=1.402e+01, sign=0.148, train=1.443e+01, val=1.400e+01]
GNN flow training:  58%|█████▊    | 58/100 [05:52<04:09,  5.95s/epoch, best=1.400e+01, sign=0.148, train=1.458e+01, val=1.378e+01]
GNN flow training:  59%|█████▉    | 59/100 [05:52<04:04,  5.95s/epoch, best=1.400e+01, sign=0.148, train=1.458e+01, val=1.378e+01]
GNN flow training:  59%|█████▉    | 59/100 [05:58<04:04,  5.95s/epoch, best=1.378e+01, sign=0.143, train=1.444e+01, val=1.339e+01]
GNN flow training:  60%|██████    | 60/100 [05:58<03:58,  5.95s/epoch, best=1.378e+01, sign=0.143, train=1.444e+01, val=1.339e+01]
GNN flow training:  60%|██████    | 60/100 [06:04<03:58,  5.95s/epoch, best=1.339e+01, sign=0.139, train=1.394e+01, val=1.324e+01]
GNN flow training:  61%|██████    | 61/100 [06:04<03:51,  5.94s/epoch, best=1.339e+01, sign=0.139, train=1.394e+01, val=1.324e+01]
GNN flow training:  61%|██████    | 61/100 [06:10<03:51,  5.94s/epoch, best=1.324e+01, sign=0.139, train=1.370e+01, val=1.333e+01]
GNN flow training:  62%|██████▏   | 62/100 [06:10<03:46,  5.96s/epoch, best=1.324e+01, sign=0.139, train=1.370e+01, val=1.333e+01]
GNN flow training:  62%|██████▏   | 62/100 [06:16<03:46,  5.96s/epoch, best=1.324e+01, sign=0.141, train=1.378e+01, val=1.342e+01]
GNN flow training:  63%|██████▎   | 63/100 [06:16<03:39,  5.94s/epoch, best=1.324e+01, sign=0.141, train=1.378e+01, val=1.342e+01]
GNN flow training:  63%|██████▎   | 63/100 [06:22<03:39,  5.94s/epoch, best=1.324e+01, sign=0.141, train=1.390e+01, val=1.336e+01]
GNN flow training:  64%|██████▍   | 64/100 [06:22<03:34,  5.95s/epoch, best=1.324e+01, sign=0.141, train=1.390e+01, val=1.336e+01]
GNN flow training:  64%|██████▍   | 64/100 [06:28<03:34,  5.95s/epoch, best=1.324e+01, sign=0.140, train=1.384e+01, val=1.320e+01]
GNN flow training:  65%|██████▌   | 65/100 [06:28<03:27,  5.94s/epoch, best=1.324e+01, sign=0.140, train=1.384e+01, val=1.320e+01]
GNN flow training:  65%|██████▌   | 65/100 [06:34<03:27,  5.94s/epoch, best=1.320e+01, sign=0.141, train=1.364e+01, val=1.312e+01]
GNN flow training:  66%|██████▌   | 66/100 [06:34<03:21,  5.94s/epoch, best=1.320e+01, sign=0.141, train=1.364e+01, val=1.312e+01]
GNN flow training:  66%|██████▌   | 66/100 [06:40<03:21,  5.94s/epoch, best=1.312e+01, sign=0.141, train=1.351e+01, val=1.318e+01]
GNN flow training:  67%|██████▋   | 67/100 [06:40<03:16,  5.96s/epoch, best=1.312e+01, sign=0.141, train=1.351e+01, val=1.318e+01]
GNN flow training:  67%|██████▋   | 67/100 [06:46<03:16,  5.96s/epoch, best=1.312e+01, sign=0.141, train=1.353e+01, val=1.325e+01]
GNN flow training:  68%|██████▊   | 68/100 [06:46<03:11,  5.97s/epoch, best=1.312e+01, sign=0.141, train=1.353e+01, val=1.325e+01]
GNN flow training:  68%|██████▊   | 68/100 [06:51<03:11,  5.97s/epoch, best=1.312e+01, sign=0.141, train=1.354e+01, val=1.326e+01]
GNN flow training:  69%|██████▉   | 69/100 [06:51<03:04,  5.96s/epoch, best=1.312e+01, sign=0.141, train=1.354e+01, val=1.326e+01]
GNN flow training:  69%|██████▉   | 69/100 [06:57<03:04,  5.96s/epoch, best=1.312e+01, sign=0.143, train=1.349e+01, val=1.323e+01]
GNN flow training:  70%|███████   | 70/100 [06:57<02:58,  5.96s/epoch, best=1.312e+01, sign=0.143, train=1.349e+01, val=1.323e+01]
GNN flow training:  70%|███████   | 70/100 [07:04<02:58,  5.96s/epoch, best=1.312e+01, sign=0.143, train=1.345e+01, val=1.316e+01]
GNN flow training:  71%|███████   | 71/100 [07:04<02:54,  6.00s/epoch, best=1.312e+01, sign=0.143, train=1.345e+01, val=1.316e+01]
GNN flow training:  71%|███████   | 71/100 [07:09<02:54,  6.00s/epoch, best=1.312e+01, sign=0.143, train=1.341e+01, val=1.307e+01]
GNN flow training:  72%|███████▏  | 72/100 [07:09<02:47,  6.00s/epoch, best=1.312e+01, sign=0.143, train=1.341e+01, val=1.307e+01]
GNN flow training:  72%|███████▏  | 72/100 [07:15<02:47,  6.00s/epoch, best=1.307e+01, sign=0.144, train=1.338e+01, val=1.306e+01]
GNN flow training:  73%|███████▎  | 73/100 [07:15<02:41,  5.97s/epoch, best=1.307e+01, sign=0.144, train=1.338e+01, val=1.306e+01]
GNN flow training:  73%|███████▎  | 73/100 [07:21<02:41,  5.97s/epoch, best=1.306e+01, sign=0.146, train=1.346e+01, val=1.302e+01]
GNN flow training:  74%|███████▍  | 74/100 [07:21<02:34,  5.94s/epoch, best=1.306e+01, sign=0.146, train=1.346e+01, val=1.302e+01]
GNN flow training:  74%|███████▍  | 74/100 [07:27<02:34,  5.94s/epoch, best=1.302e+01, sign=0.146, train=1.349e+01, val=1.298e+01]
GNN flow training:  75%|███████▌  | 75/100 [07:27<02:28,  5.93s/epoch, best=1.302e+01, sign=0.146, train=1.349e+01, val=1.298e+01]
GNN flow training:  75%|███████▌  | 75/100 [07:33<02:28,  5.93s/epoch, best=1.298e+01, sign=0.147, train=1.348e+01, val=1.296e+01]
GNN flow training:  76%|███████▌  | 76/100 [07:33<02:22,  5.93s/epoch, best=1.298e+01, sign=0.147, train=1.348e+01, val=1.296e+01]
GNN flow training:  76%|███████▌  | 76/100 [07:39<02:22,  5.93s/epoch, best=1.296e+01, sign=0.148, train=1.349e+01, val=1.287e+01]
GNN flow training:  77%|███████▋  | 77/100 [07:39<02:16,  5.94s/epoch, best=1.296e+01, sign=0.148, train=1.349e+01, val=1.287e+01]
GNN flow training:  77%|███████▋  | 77/100 [07:45<02:16,  5.94s/epoch, best=1.287e+01, sign=0.149, train=1.337e+01, val=1.281e+01]
GNN flow training:  78%|███████▊  | 78/100 [07:45<02:10,  5.93s/epoch, best=1.287e+01, sign=0.149, train=1.337e+01, val=1.281e+01]
GNN flow training:  78%|███████▊  | 78/100 [07:51<02:10,  5.93s/epoch, best=1.281e+01, sign=0.151, train=1.318e+01, val=1.297e+01]
GNN flow training:  79%|███████▉  | 79/100 [07:51<02:05,  5.96s/epoch, best=1.281e+01, sign=0.151, train=1.318e+01, val=1.297e+01]
GNN flow training:  79%|███████▉  | 79/100 [07:57<02:05,  5.96s/epoch, best=1.281e+01, sign=0.152, train=1.320e+01, val=1.321e+01]
GNN flow training:  80%|████████  | 80/100 [07:57<01:59,  5.96s/epoch, best=1.281e+01, sign=0.152, train=1.320e+01, val=1.321e+01]
GNN flow training:  80%|████████  | 80/100 [08:03<01:59,  5.96s/epoch, best=1.281e+01, sign=0.155, train=1.334e+01, val=1.346e+01]
GNN flow training:  81%|████████  | 81/100 [08:03<01:53,  5.96s/epoch, best=1.281e+01, sign=0.155, train=1.334e+01, val=1.346e+01]
GNN flow training:  81%|████████  | 81/100 [08:09<01:53,  5.96s/epoch, best=1.281e+01, sign=0.157, train=1.358e+01, val=1.352e+01]
GNN flow training:  82%|████████▏ | 82/100 [08:09<01:47,  5.99s/epoch, best=1.281e+01, sign=0.157, train=1.358e+01, val=1.352e+01]
GNN flow training:  82%|████████▏ | 82/100 [08:15<01:47,  5.99s/epoch, best=1.281e+01, sign=0.153, train=1.365e+01, val=1.317e+01]
GNN flow training:  83%|████████▎ | 83/100 [08:15<01:41,  5.98s/epoch, best=1.281e+01, sign=0.153, train=1.365e+01, val=1.317e+01]
GNN flow training:  83%|████████▎ | 83/100 [08:21<01:41,  5.98s/epoch, best=1.281e+01, sign=0.151, train=1.327e+01, val=1.298e+01]
GNN flow training:  84%|████████▍ | 84/100 [08:21<01:35,  5.98s/epoch, best=1.281e+01, sign=0.151, train=1.327e+01, val=1.298e+01]
GNN flow training:  84%|████████▍ | 84/100 [08:27<01:35,  5.98s/epoch, best=1.281e+01, sign=0.151, train=1.314e+01, val=1.311e+01]
GNN flow training:  85%|████████▌ | 85/100 [08:27<01:29,  5.97s/epoch, best=1.281e+01, sign=0.151, train=1.314e+01, val=1.311e+01]
GNN flow training:  85%|████████▌ | 85/100 [08:33<01:29,  5.97s/epoch, best=1.281e+01, sign=0.150, train=1.338e+01, val=1.309e+01]
GNN flow training:  86%|████████▌ | 86/100 [08:33<01:23,  5.96s/epoch, best=1.281e+01, sign=0.150, train=1.338e+01, val=1.309e+01]
GNN flow training:  86%|████████▌ | 86/100 [08:39<01:23,  5.96s/epoch, best=1.281e+01, sign=0.148, train=1.335e+01, val=1.296e+01]
GNN flow training:  87%|████████▋ | 87/100 [08:39<01:17,  5.96s/epoch, best=1.281e+01, sign=0.148, train=1.335e+01, val=1.296e+01]
GNN flow training:  87%|████████▋ | 87/100 [08:45<01:17,  5.96s/epoch, best=1.281e+01, sign=0.146, train=1.320e+01, val=1.313e+01]
GNN flow training:  88%|████████▊ | 88/100 [08:45<01:11,  5.97s/epoch, best=1.281e+01, sign=0.146, train=1.320e+01, val=1.313e+01]
GNN flow training:  88%|████████▊ | 88/100 [08:51<01:11,  5.97s/epoch, best=1.281e+01, sign=0.146, train=1.341e+01, val=1.292e+01]
GNN flow training:  89%|████████▉ | 89/100 [08:51<01:05,  5.95s/epoch, best=1.281e+01, sign=0.146, train=1.341e+01, val=1.292e+01]
GNN flow training:  89%|████████▉ | 89/100 [08:57<01:05,  5.95s/epoch, best=1.281e+01, sign=0.146, train=1.317e+01, val=1.277e+01]
GNN flow training:  90%|█████████ | 90/100 [08:57<00:59,  5.97s/epoch, best=1.281e+01, sign=0.146, train=1.317e+01, val=1.277e+01]
GNN flow training:  90%|█████████ | 90/100 [09:03<00:59,  5.97s/epoch, best=1.277e+01, sign=0.146, train=1.302e+01, val=1.278e+01]
GNN flow training:  91%|█████████ | 91/100 [09:03<00:53,  5.97s/epoch, best=1.277e+01, sign=0.146, train=1.302e+01, val=1.278e+01]
GNN flow training:  91%|█████████ | 91/100 [09:09<00:53,  5.97s/epoch, best=1.277e+01, sign=0.144, train=1.305e+01, val=1.276e+01]
GNN flow training:  92%|█████████▏| 92/100 [09:09<00:47,  5.98s/epoch, best=1.277e+01, sign=0.144, train=1.305e+01, val=1.276e+01]
GNN flow training:  92%|█████████▏| 92/100 [09:15<00:47,  5.98s/epoch, best=1.276e+01, sign=0.144, train=1.301e+01, val=1.280e+01]
GNN flow training:  93%|█████████▎| 93/100 [09:15<00:41,  5.96s/epoch, best=1.276e+01, sign=0.144, train=1.301e+01, val=1.280e+01]
GNN flow training:  93%|█████████▎| 93/100 [09:21<00:41,  5.96s/epoch, best=1.276e+01, sign=0.143, train=1.304e+01, val=1.282e+01]
GNN flow training:  94%|█████████▍| 94/100 [09:21<00:35,  5.96s/epoch, best=1.276e+01, sign=0.143, train=1.304e+01, val=1.282e+01]
GNN flow training:  94%|█████████▍| 94/100 [09:26<00:35,  5.96s/epoch, best=1.276e+01, sign=0.143, train=1.306e+01, val=1.277e+01]
GNN flow training:  95%|█████████▌| 95/100 [09:26<00:29,  5.94s/epoch, best=1.276e+01, sign=0.143, train=1.306e+01, val=1.277e+01]
GNN flow training:  95%|█████████▌| 95/100 [09:32<00:29,  5.94s/epoch, best=1.276e+01, sign=0.144, train=1.289e+01, val=1.270e+01]
GNN flow training:  96%|█████████▌| 96/100 [09:32<00:23,  5.93s/epoch, best=1.276e+01, sign=0.144, train=1.289e+01, val=1.270e+01]
GNN flow training:  96%|█████████▌| 96/100 [09:38<00:23,  5.93s/epoch, best=1.270e+01, sign=0.144, train=1.275e+01, val=1.267e+01]
GNN flow training:  97%|█████████▋| 97/100 [09:38<00:17,  5.93s/epoch, best=1.270e+01, sign=0.144, train=1.275e+01, val=1.267e+01]
GNN flow training:  97%|█████████▋| 97/100 [09:44<00:17,  5.93s/epoch, best=1.267e+01, sign=0.145, train=1.269e+01, val=1.262e+01]
GNN flow training:  98%|█████████▊| 98/100 [09:44<00:11,  5.97s/epoch, best=1.267e+01, sign=0.145, train=1.269e+01, val=1.262e+01]
GNN flow training:  98%|█████████▊| 98/100 [09:50<00:11,  5.97s/epoch, best=1.262e+01, sign=0.146, train=1.264e+01, val=1.248e+01]
GNN flow training:  99%|█████████▉| 99/100 [09:50<00:05,  5.96s/epoch, best=1.262e+01, sign=0.146, train=1.264e+01, val=1.248e+01]
GNN flow training:  99%|█████████▉| 99/100 [09:56<00:05,  5.96s/epoch, best=1.248e+01, sign=0.146, train=1.248e+01, val=1.255e+01]
GNN flow training: 100%|██████████| 100/100 [09:56<00:00,  5.96s/epoch, best=1.248e+01, sign=0.146, train=1.248e+01, val=1.255e+01]
GNN flow training: 100%|██████████| 100/100 [09:56<00:00,  5.97s/epoch, best=1.248e+01, sign=0.146, train=1.248e+01, val=1.255e+01]
Resolved config snapshot:
{'preset': 'solver_QKB_outer_QKBdelta', 'gnn_outer_losses': {'flow': 100.0, 'kirchhoff': 1.0, 'boundary': 100.0, 'delta_l2': 1.0, 'delta_smooth': 0.0, 'pressure_shape': 0.0}, 'physics': {'arterial_flow_mode': 'dataset', 'pressure_constraints': ['equal-a-equal-v'], 'alpha_pa': None, 'use_snr_weights': True, 'use_observed_flow_snr_weighting': True, 'flow_scale_mode': 'median_abs', 'solver_device': 'same', 'pressure_solver_mode': 'reduced-soft-constrained-lstsq', 'pressure_solver_lambda_kirchhoff': 1.0, 'pressure_solver_lambda_pressure_constraints': 100.0, 'pressure_solver_lambda_flow_residual': 1.0, 'pressure_shape_reference': 'delta_zero_reference', 'pressure_detach': False}, 'correction_bounds': {'correction_min': -0.5, 'correction_max': 0.5, 'correction_bound': 0.5, 'correction_parameterization': 'tanh'}, 'optimization': {'learning_rate': 0.001, 'weight_decay': 0.0001, 'gradient_clip_norm': 5.0, 'optimizer': 'adamw', 'epochs': 100, 'patience': 40}}
Shard 54/80: 1 of 80 runs
Command: /mnt/home/sswee/miniforge3/envs/yolk-sac/bin/python /mnt/home/sswee/yolk/Yolk-Sac-Flow-Data-and-Sim/gnn_clean/scripts/python/gnn_flow.py /mnt/home/sswee/yolk/Yolk-Sac-Flow-Data-and-Sim/gnn_clean/datasets/mosaic_graph_canonical_harmonized/mosaic_graph_canonical_harmonized.gpickle --output-dir /mnt/home/sswee/yolk/Yolk-Sac-Flow-Data-and-Sim/gnn_clean/outputs_canonical/dc/02_physics_weight_sweep/gnn --run-name q_100__k_1__delta_1 --preset solver_QKB_outer_QKBdelta --device cuda --epochs 100 --seed 0 --viscosity-pa-s 0.0035 --config /mnt/home/sswee/yolk/Yolk-Sac-Flow-Data-and-Sim/gnn_clean/outputs_canonical/dc/02_physics_weight_sweep/_generated_configs/q_100__k_1__delta_1.yaml --no-pressure-detach
