
GNN flow training:   0%|          | 0/100 [00:00<?, ?epoch/s]
GNN flow training:   0%|          | 0/100 [00:04<?, ?epoch/s, best=1.232e+01, sign=0.199, train=1.232e+01, val=1.232e+01]
GNN flow training:   1%|          | 1/100 [00:04<07:40,  4.66s/epoch, best=1.232e+01, sign=0.199, train=1.232e+01, val=1.232e+01]
GNN flow training:   1%|          | 1/100 [00:09<07:40,  4.66s/epoch, best=1.232e+01, sign=0.200, train=1.232e+01, val=1.235e+01]
GNN flow training:   2%|▏         | 2/100 [00:09<07:28,  4.57s/epoch, best=1.232e+01, sign=0.200, train=1.232e+01, val=1.235e+01]
GNN flow training:   2%|▏         | 2/100 [00:13<07:28,  4.57s/epoch, best=1.232e+01, sign=0.200, train=1.235e+01, val=1.235e+01]
GNN flow training:   3%|▎         | 3/100 [00:13<07:18,  4.52s/epoch, best=1.232e+01, sign=0.200, train=1.235e+01, val=1.235e+01]
GNN flow training:   3%|▎         | 3/100 [00:18<07:18,  4.52s/epoch, best=1.232e+01, sign=0.200, train=1.235e+01, val=1.233e+01]
GNN flow training:   4%|▍         | 4/100 [00:18<07:12,  4.51s/epoch, best=1.232e+01, sign=0.200, train=1.235e+01, val=1.233e+01]
GNN flow training:   4%|▍         | 4/100 [00:22<07:12,  4.51s/epoch, best=1.232e+01, sign=0.200, train=1.233e+01, val=1.234e+01]
GNN flow training:   5%|▌         | 5/100 [00:22<07:08,  4.51s/epoch, best=1.232e+01, sign=0.200, train=1.233e+01, val=1.234e+01]
GNN flow training:   5%|▌         | 5/100 [00:27<07:08,  4.51s/epoch, best=1.232e+01, sign=0.199, train=1.234e+01, val=1.231e+01]
GNN flow training:   6%|▌         | 6/100 [00:27<07:03,  4.50s/epoch, best=1.232e+01, sign=0.199, train=1.234e+01, val=1.231e+01]
GNN flow training:   6%|▌         | 6/100 [00:31<07:03,  4.50s/epoch, best=1.231e+01, sign=0.199, train=1.231e+01, val=1.231e+01]
GNN flow training:   7%|▋         | 7/100 [00:31<06:58,  4.50s/epoch, best=1.231e+01, sign=0.199, train=1.231e+01, val=1.231e+01]
GNN flow training:   7%|▋         | 7/100 [00:36<06:58,  4.50s/epoch, best=1.231e+01, sign=0.199, train=1.232e+01, val=1.232e+01]
GNN flow training:   8%|▊         | 8/100 [00:36<06:53,  4.49s/epoch, best=1.231e+01, sign=0.199, train=1.232e+01, val=1.232e+01]
GNN flow training:   8%|▊         | 8/100 [00:40<06:53,  4.49s/epoch, best=1.231e+01, sign=0.199, train=1.232e+01, val=1.232e+01]
GNN flow training:   9%|▉         | 9/100 [00:40<06:48,  4.48s/epoch, best=1.231e+01, sign=0.199, train=1.232e+01, val=1.232e+01]
GNN flow training:   9%|▉         | 9/100 [00:45<06:48,  4.48s/epoch, best=1.231e+01, sign=0.199, train=1.232e+01, val=1.230e+01]
GNN flow training:  10%|█         | 10/100 [00:45<06:45,  4.50s/epoch, best=1.231e+01, sign=0.199, train=1.232e+01, val=1.230e+01]
GNN flow training:  10%|█         | 10/100 [00:49<06:45,  4.50s/epoch, best=1.230e+01, sign=0.199, train=1.231e+01, val=1.233e+01]
GNN flow training:  11%|█         | 11/100 [00:49<06:39,  4.49s/epoch, best=1.230e+01, sign=0.199, train=1.231e+01, val=1.233e+01]
GNN flow training:  11%|█         | 11/100 [00:54<06:39,  4.49s/epoch, best=1.230e+01, sign=0.199, train=1.233e+01, val=1.230e+01]
GNN flow training:  12%|█▏        | 12/100 [00:54<06:34,  4.48s/epoch, best=1.230e+01, sign=0.199, train=1.233e+01, val=1.230e+01]
GNN flow training:  12%|█▏        | 12/100 [00:58<06:34,  4.48s/epoch, best=1.230e+01, sign=0.199, train=1.230e+01, val=1.229e+01]
GNN flow training:  13%|█▎        | 13/100 [00:58<06:29,  4.48s/epoch, best=1.230e+01, sign=0.199, train=1.230e+01, val=1.229e+01]
GNN flow training:  13%|█▎        | 13/100 [01:02<06:29,  4.48s/epoch, best=1.229e+01, sign=0.199, train=1.229e+01, val=1.226e+01]
GNN flow training:  14%|█▍        | 14/100 [01:02<06:23,  4.46s/epoch, best=1.229e+01, sign=0.199, train=1.229e+01, val=1.226e+01]
GNN flow training:  14%|█▍        | 14/100 [01:07<06:23,  4.46s/epoch, best=1.226e+01, sign=0.199, train=1.226e+01, val=1.224e+01]
GNN flow training:  15%|█▌        | 15/100 [01:07<06:20,  4.48s/epoch, best=1.226e+01, sign=0.199, train=1.226e+01, val=1.224e+01]
GNN flow training:  15%|█▌        | 15/100 [01:11<06:20,  4.48s/epoch, best=1.224e+01, sign=0.199, train=1.225e+01, val=1.222e+01]
GNN flow training:  16%|█▌        | 16/100 [01:11<06:16,  4.48s/epoch, best=1.224e+01, sign=0.199, train=1.225e+01, val=1.222e+01]
GNN flow training:  16%|█▌        | 16/100 [01:16<06:16,  4.48s/epoch, best=1.222e+01, sign=0.199, train=1.222e+01, val=1.220e+01]
GNN flow training:  17%|█▋        | 17/100 [01:16<06:13,  4.50s/epoch, best=1.222e+01, sign=0.199, train=1.222e+01, val=1.220e+01]
GNN flow training:  17%|█▋        | 17/100 [01:20<06:13,  4.50s/epoch, best=1.220e+01, sign=0.199, train=1.221e+01, val=1.222e+01]
GNN flow training:  18%|█▊        | 18/100 [01:20<06:07,  4.48s/epoch, best=1.220e+01, sign=0.199, train=1.221e+01, val=1.222e+01]
GNN flow training:  18%|█▊        | 18/100 [01:25<06:07,  4.48s/epoch, best=1.220e+01, sign=0.199, train=1.222e+01, val=1.218e+01]
GNN flow training:  19%|█▉        | 19/100 [01:25<06:03,  4.49s/epoch, best=1.220e+01, sign=0.199, train=1.222e+01, val=1.218e+01]
GNN flow training:  19%|█▉        | 19/100 [01:29<06:03,  4.49s/epoch, best=1.218e+01, sign=0.199, train=1.218e+01, val=1.219e+01]
GNN flow training:  20%|██        | 20/100 [01:29<06:00,  4.50s/epoch, best=1.218e+01, sign=0.199, train=1.218e+01, val=1.219e+01]
GNN flow training:  20%|██        | 20/100 [01:34<06:00,  4.50s/epoch, best=1.218e+01, sign=0.199, train=1.219e+01, val=1.218e+01]
GNN flow training:  21%|██        | 21/100 [01:34<05:55,  4.49s/epoch, best=1.218e+01, sign=0.199, train=1.219e+01, val=1.218e+01]
GNN flow training:  21%|██        | 21/100 [01:38<05:55,  4.49s/epoch, best=1.218e+01, sign=0.199, train=1.218e+01, val=1.216e+01]
GNN flow training:  22%|██▏       | 22/100 [01:38<05:49,  4.48s/epoch, best=1.218e+01, sign=0.199, train=1.218e+01, val=1.216e+01]
GNN flow training:  22%|██▏       | 22/100 [01:43<05:49,  4.48s/epoch, best=1.216e+01, sign=0.199, train=1.216e+01, val=1.214e+01]
GNN flow training:  23%|██▎       | 23/100 [01:43<05:45,  4.48s/epoch, best=1.216e+01, sign=0.199, train=1.216e+01, val=1.214e+01]
GNN flow training:  23%|██▎       | 23/100 [01:47<05:45,  4.48s/epoch, best=1.214e+01, sign=0.198, train=1.214e+01, val=1.207e+01]
GNN flow training:  24%|██▍       | 24/100 [01:47<05:40,  4.49s/epoch, best=1.214e+01, sign=0.198, train=1.214e+01, val=1.207e+01]
GNN flow training:  24%|██▍       | 24/100 [01:52<05:40,  4.49s/epoch, best=1.207e+01, sign=0.198, train=1.207e+01, val=1.201e+01]
GNN flow training:  25%|██▌       | 25/100 [01:52<05:36,  4.49s/epoch, best=1.207e+01, sign=0.198, train=1.207e+01, val=1.201e+01]
GNN flow training:  25%|██▌       | 25/100 [01:56<05:36,  4.49s/epoch, best=1.201e+01, sign=0.197, train=1.202e+01, val=1.191e+01]
GNN flow training:  26%|██▌       | 26/100 [01:56<05:32,  4.50s/epoch, best=1.201e+01, sign=0.197, train=1.202e+01, val=1.191e+01]
GNN flow training:  26%|██▌       | 26/100 [02:01<05:32,  4.50s/epoch, best=1.191e+01, sign=0.196, train=1.191e+01, val=1.185e+01]
GNN flow training:  27%|██▋       | 27/100 [02:01<05:28,  4.50s/epoch, best=1.191e+01, sign=0.196, train=1.191e+01, val=1.185e+01]
GNN flow training:  27%|██▋       | 27/100 [02:05<05:28,  4.50s/epoch, best=1.185e+01, sign=0.196, train=1.186e+01, val=1.173e+01]
GNN flow training:  28%|██▊       | 28/100 [02:05<05:24,  4.50s/epoch, best=1.185e+01, sign=0.196, train=1.186e+01, val=1.173e+01]
GNN flow training:  28%|██▊       | 28/100 [02:10<05:24,  4.50s/epoch, best=1.173e+01, sign=0.196, train=1.173e+01, val=1.167e+01]
GNN flow training:  29%|██▉       | 29/100 [02:10<05:19,  4.50s/epoch, best=1.173e+01, sign=0.196, train=1.173e+01, val=1.167e+01]
GNN flow training:  29%|██▉       | 29/100 [02:14<05:19,  4.50s/epoch, best=1.167e+01, sign=0.195, train=1.167e+01, val=1.159e+01]
GNN flow training:  30%|███       | 30/100 [02:14<05:15,  4.51s/epoch, best=1.167e+01, sign=0.195, train=1.167e+01, val=1.159e+01]
GNN flow training:  30%|███       | 30/100 [02:19<05:15,  4.51s/epoch, best=1.159e+01, sign=0.196, train=1.159e+01, val=1.156e+01]
GNN flow training:  31%|███       | 31/100 [02:19<05:10,  4.50s/epoch, best=1.159e+01, sign=0.196, train=1.159e+01, val=1.156e+01]
GNN flow training:  31%|███       | 31/100 [02:23<05:10,  4.50s/epoch, best=1.156e+01, sign=0.196, train=1.156e+01, val=1.149e+01]
GNN flow training:  32%|███▏      | 32/100 [02:23<05:05,  4.49s/epoch, best=1.156e+01, sign=0.196, train=1.156e+01, val=1.149e+01]
GNN flow training:  32%|███▏      | 32/100 [02:28<05:05,  4.49s/epoch, best=1.149e+01, sign=0.197, train=1.149e+01, val=1.143e+01]
GNN flow training:  33%|███▎      | 33/100 [02:28<05:02,  4.51s/epoch, best=1.149e+01, sign=0.197, train=1.149e+01, val=1.143e+01]
GNN flow training:  33%|███▎      | 33/100 [02:32<05:02,  4.51s/epoch, best=1.143e+01, sign=0.198, train=1.143e+01, val=1.142e+01]
GNN flow training:  34%|███▍      | 34/100 [02:32<04:56,  4.50s/epoch, best=1.143e+01, sign=0.198, train=1.143e+01, val=1.142e+01]
GNN flow training:  34%|███▍      | 34/100 [02:37<04:56,  4.50s/epoch, best=1.142e+01, sign=0.198, train=1.142e+01, val=1.137e+01]
GNN flow training:  35%|███▌      | 35/100 [02:37<04:52,  4.51s/epoch, best=1.142e+01, sign=0.198, train=1.142e+01, val=1.137e+01]
GNN flow training:  35%|███▌      | 35/100 [02:41<04:52,  4.51s/epoch, best=1.137e+01, sign=0.199, train=1.137e+01, val=1.138e+01]
GNN flow training:  36%|███▌      | 36/100 [02:41<04:49,  4.53s/epoch, best=1.137e+01, sign=0.199, train=1.137e+01, val=1.138e+01]
GNN flow training:  36%|███▌      | 36/100 [02:46<04:49,  4.53s/epoch, best=1.137e+01, sign=0.198, train=1.138e+01, val=1.146e+01]
GNN flow training:  37%|███▋      | 37/100 [02:46<04:43,  4.51s/epoch, best=1.137e+01, sign=0.198, train=1.138e+01, val=1.146e+01]
GNN flow training:  37%|███▋      | 37/100 [02:50<04:43,  4.51s/epoch, best=1.137e+01, sign=0.198, train=1.146e+01, val=1.141e+01]
GNN flow training:  38%|███▊      | 38/100 [02:50<04:38,  4.50s/epoch, best=1.137e+01, sign=0.198, train=1.146e+01, val=1.141e+01]
GNN flow training:  38%|███▊      | 38/100 [02:55<04:38,  4.50s/epoch, best=1.137e+01, sign=0.197, train=1.141e+01, val=1.140e+01]
GNN flow training:  39%|███▉      | 39/100 [02:55<04:33,  4.49s/epoch, best=1.137e+01, sign=0.197, train=1.141e+01, val=1.140e+01]
GNN flow training:  39%|███▉      | 39/100 [02:59<04:33,  4.49s/epoch, best=1.137e+01, sign=0.194, train=1.140e+01, val=1.122e+01]
GNN flow training:  40%|████      | 40/100 [02:59<04:29,  4.48s/epoch, best=1.137e+01, sign=0.194, train=1.140e+01, val=1.122e+01]
GNN flow training:  40%|████      | 40/100 [03:04<04:29,  4.48s/epoch, best=1.122e+01, sign=0.194, train=1.122e+01, val=1.103e+01]
GNN flow training:  41%|████      | 41/100 [03:04<04:24,  4.48s/epoch, best=1.122e+01, sign=0.194, train=1.122e+01, val=1.103e+01]
GNN flow training:  41%|████      | 41/100 [03:08<04:24,  4.48s/epoch, best=1.103e+01, sign=0.192, train=1.103e+01, val=1.096e+01]
GNN flow training:  42%|████▏     | 42/100 [03:08<04:19,  4.48s/epoch, best=1.103e+01, sign=0.192, train=1.103e+01, val=1.096e+01]
GNN flow training:  42%|████▏     | 42/100 [03:13<04:19,  4.48s/epoch, best=1.096e+01, sign=0.192, train=1.096e+01, val=1.099e+01]
GNN flow training:  43%|████▎     | 43/100 [03:13<04:16,  4.49s/epoch, best=1.096e+01, sign=0.192, train=1.096e+01, val=1.099e+01]
GNN flow training:  43%|████▎     | 43/100 [03:17<04:16,  4.49s/epoch, best=1.096e+01, sign=0.190, train=1.099e+01, val=1.086e+01]
GNN flow training:  44%|████▍     | 44/100 [03:17<04:11,  4.49s/epoch, best=1.096e+01, sign=0.190, train=1.099e+01, val=1.086e+01]
GNN flow training:  44%|████▍     | 44/100 [03:22<04:11,  4.49s/epoch, best=1.086e+01, sign=0.190, train=1.086e+01, val=1.080e+01]
GNN flow training:  45%|████▌     | 45/100 [03:22<04:05,  4.47s/epoch, best=1.086e+01, sign=0.190, train=1.086e+01, val=1.080e+01]
GNN flow training:  45%|████▌     | 45/100 [03:26<04:05,  4.47s/epoch, best=1.080e+01, sign=0.189, train=1.081e+01, val=1.088e+01]
GNN flow training:  46%|████▌     | 46/100 [03:26<04:00,  4.45s/epoch, best=1.080e+01, sign=0.189, train=1.081e+01, val=1.088e+01]
GNN flow training:  46%|████▌     | 46/100 [03:31<04:00,  4.45s/epoch, best=1.080e+01, sign=0.189, train=1.088e+01, val=1.100e+01]
GNN flow training:  47%|████▋     | 47/100 [03:31<03:55,  4.44s/epoch, best=1.080e+01, sign=0.189, train=1.088e+01, val=1.100e+01]
GNN flow training:  47%|████▋     | 47/100 [03:35<03:55,  4.44s/epoch, best=1.080e+01, sign=0.188, train=1.100e+01, val=1.087e+01]
GNN flow training:  48%|████▊     | 48/100 [03:35<03:50,  4.43s/epoch, best=1.080e+01, sign=0.188, train=1.100e+01, val=1.087e+01]
GNN flow training:  48%|████▊     | 48/100 [03:39<03:50,  4.43s/epoch, best=1.080e+01, sign=0.187, train=1.087e+01, val=1.082e+01]
GNN flow training:  49%|████▉     | 49/100 [03:39<03:46,  4.43s/epoch, best=1.080e+01, sign=0.187, train=1.087e+01, val=1.082e+01]
GNN flow training:  49%|████▉     | 49/100 [03:44<03:46,  4.43s/epoch, best=1.080e+01, sign=0.188, train=1.082e+01, val=1.063e+01]
GNN flow training:  50%|█████     | 50/100 [03:44<03:42,  4.45s/epoch, best=1.080e+01, sign=0.188, train=1.082e+01, val=1.063e+01]
GNN flow training:  50%|█████     | 50/100 [03:48<03:42,  4.45s/epoch, best=1.063e+01, sign=0.189, train=1.063e+01, val=1.051e+01]
GNN flow training:  51%|█████     | 51/100 [03:48<03:37,  4.44s/epoch, best=1.063e+01, sign=0.189, train=1.063e+01, val=1.051e+01]
GNN flow training:  51%|█████     | 51/100 [03:53<03:37,  4.44s/epoch, best=1.051e+01, sign=0.189, train=1.051e+01, val=1.045e+01]
GNN flow training:  52%|█████▏    | 52/100 [03:53<03:33,  4.44s/epoch, best=1.051e+01, sign=0.189, train=1.051e+01, val=1.045e+01]
GNN flow training:  52%|█████▏    | 52/100 [03:57<03:33,  4.44s/epoch, best=1.045e+01, sign=0.189, train=1.045e+01, val=1.042e+01]
GNN flow training:  53%|█████▎    | 53/100 [03:57<03:29,  4.45s/epoch, best=1.045e+01, sign=0.189, train=1.045e+01, val=1.042e+01]
GNN flow training:  53%|█████▎    | 53/100 [04:02<03:29,  4.45s/epoch, best=1.042e+01, sign=0.188, train=1.043e+01, val=1.041e+01]
GNN flow training:  54%|█████▍    | 54/100 [04:02<03:24,  4.44s/epoch, best=1.042e+01, sign=0.188, train=1.043e+01, val=1.041e+01]
GNN flow training:  54%|█████▍    | 54/100 [04:06<03:24,  4.44s/epoch, best=1.041e+01, sign=0.185, train=1.041e+01, val=1.040e+01]
GNN flow training:  55%|█████▌    | 55/100 [04:06<03:19,  4.42s/epoch, best=1.041e+01, sign=0.185, train=1.041e+01, val=1.040e+01]
GNN flow training:  55%|█████▌    | 55/100 [04:10<03:19,  4.42s/epoch, best=1.040e+01, sign=0.179, train=1.040e+01, val=1.064e+01]
GNN flow training:  56%|█████▌    | 56/100 [04:10<03:14,  4.42s/epoch, best=1.040e+01, sign=0.179, train=1.040e+01, val=1.064e+01]
GNN flow training:  56%|█████▌    | 56/100 [04:15<03:14,  4.42s/epoch, best=1.040e+01, sign=0.172, train=1.064e+01, val=1.103e+01]
GNN flow training:  57%|█████▋    | 57/100 [04:15<03:09,  4.41s/epoch, best=1.040e+01, sign=0.172, train=1.064e+01, val=1.103e+01]
GNN flow training:  57%|█████▋    | 57/100 [04:19<03:09,  4.41s/epoch, best=1.040e+01, sign=0.172, train=1.103e+01, val=1.102e+01]
GNN flow training:  58%|█████▊    | 58/100 [04:19<03:05,  4.41s/epoch, best=1.040e+01, sign=0.172, train=1.103e+01, val=1.102e+01]
GNN flow training:  58%|█████▊    | 58/100 [04:24<03:05,  4.41s/epoch, best=1.040e+01, sign=0.175, train=1.102e+01, val=1.093e+01]
GNN flow training:  59%|█████▉    | 59/100 [04:24<03:00,  4.41s/epoch, best=1.040e+01, sign=0.175, train=1.102e+01, val=1.093e+01]
GNN flow training:  59%|█████▉    | 59/100 [04:28<03:00,  4.41s/epoch, best=1.040e+01, sign=0.180, train=1.093e+01, val=1.050e+01]
GNN flow training:  60%|██████    | 60/100 [04:28<02:56,  4.41s/epoch, best=1.040e+01, sign=0.180, train=1.093e+01, val=1.050e+01]
GNN flow training:  60%|██████    | 60/100 [04:32<02:56,  4.41s/epoch, best=1.040e+01, sign=0.186, train=1.050e+01, val=1.030e+01]
GNN flow training:  61%|██████    | 61/100 [04:32<02:51,  4.40s/epoch, best=1.040e+01, sign=0.186, train=1.050e+01, val=1.030e+01]
GNN flow training:  61%|██████    | 61/100 [04:37<02:51,  4.40s/epoch, best=1.030e+01, sign=0.190, train=1.031e+01, val=1.021e+01]
GNN flow training:  62%|██████▏   | 62/100 [04:37<02:47,  4.41s/epoch, best=1.030e+01, sign=0.190, train=1.031e+01, val=1.021e+01]
GNN flow training:  62%|██████▏   | 62/100 [04:41<02:47,  4.41s/epoch, best=1.021e+01, sign=0.190, train=1.021e+01, val=1.021e+01]
GNN flow training:  63%|██████▎   | 63/100 [04:41<02:43,  4.41s/epoch, best=1.021e+01, sign=0.190, train=1.021e+01, val=1.021e+01]
GNN flow training:  63%|██████▎   | 63/100 [04:46<02:43,  4.41s/epoch, best=1.021e+01, sign=0.190, train=1.021e+01, val=1.018e+01]
GNN flow training:  64%|██████▍   | 64/100 [04:46<02:39,  4.42s/epoch, best=1.021e+01, sign=0.190, train=1.021e+01, val=1.018e+01]
GNN flow training:  64%|██████▍   | 64/100 [04:50<02:39,  4.42s/epoch, best=1.018e+01, sign=0.192, train=1.018e+01, val=1.018e+01]
GNN flow training:  65%|██████▌   | 65/100 [04:50<02:34,  4.42s/epoch, best=1.018e+01, sign=0.192, train=1.018e+01, val=1.018e+01]
GNN flow training:  65%|██████▌   | 65/100 [04:55<02:34,  4.42s/epoch, best=1.018e+01, sign=0.191, train=1.018e+01, val=1.005e+01]
GNN flow training:  66%|██████▌   | 66/100 [04:55<02:31,  4.44s/epoch, best=1.018e+01, sign=0.191, train=1.018e+01, val=1.005e+01]
GNN flow training:  66%|██████▌   | 66/100 [04:59<02:31,  4.44s/epoch, best=1.005e+01, sign=0.191, train=1.005e+01, val=1.000e+01]
GNN flow training:  67%|██████▋   | 67/100 [04:59<02:26,  4.44s/epoch, best=1.005e+01, sign=0.191, train=1.005e+01, val=1.000e+01]
GNN flow training:  67%|██████▋   | 67/100 [05:04<02:26,  4.44s/epoch, best=1.000e+01, sign=0.192, train=1.000e+01, val=9.976e+00]
GNN flow training:  68%|██████▊   | 68/100 [05:04<02:22,  4.44s/epoch, best=1.000e+01, sign=0.192, train=1.000e+01, val=9.976e+00]
GNN flow training:  68%|██████▊   | 68/100 [05:08<02:22,  4.44s/epoch, best=9.976e+00, sign=0.190, train=9.977e+00, val=9.943e+00]
GNN flow training:  69%|██████▉   | 69/100 [05:08<02:17,  4.44s/epoch, best=9.976e+00, sign=0.190, train=9.977e+00, val=9.943e+00]
GNN flow training:  69%|██████▉   | 69/100 [05:12<02:17,  4.44s/epoch, best=9.943e+00, sign=0.189, train=9.944e+00, val=9.889e+00]
GNN flow training:  70%|███████   | 70/100 [05:12<02:13,  4.45s/epoch, best=9.943e+00, sign=0.189, train=9.944e+00, val=9.889e+00]
GNN flow training:  70%|███████   | 70/100 [05:17<02:13,  4.45s/epoch, best=9.889e+00, sign=0.189, train=9.890e+00, val=9.860e+00]
GNN flow training:  71%|███████   | 71/100 [05:17<02:09,  4.45s/epoch, best=9.889e+00, sign=0.189, train=9.890e+00, val=9.860e+00]
GNN flow training:  71%|███████   | 71/100 [05:21<02:09,  4.45s/epoch, best=9.860e+00, sign=0.189, train=9.861e+00, val=9.772e+00]
GNN flow training:  72%|███████▏  | 72/100 [05:21<02:04,  4.44s/epoch, best=9.860e+00, sign=0.189, train=9.861e+00, val=9.772e+00]
GNN flow training:  72%|███████▏  | 72/100 [05:26<02:04,  4.44s/epoch, best=9.772e+00, sign=0.188, train=9.773e+00, val=9.831e+00]
GNN flow training:  73%|███████▎  | 73/100 [05:26<01:59,  4.43s/epoch, best=9.772e+00, sign=0.188, train=9.773e+00, val=9.831e+00]
GNN flow training:  73%|███████▎  | 73/100 [05:30<01:59,  4.43s/epoch, best=9.772e+00, sign=0.188, train=9.832e+00, val=9.814e+00]
GNN flow training:  74%|███████▍  | 74/100 [05:30<01:55,  4.42s/epoch, best=9.772e+00, sign=0.188, train=9.832e+00, val=9.814e+00]
GNN flow training:  74%|███████▍  | 74/100 [05:35<01:55,  4.42s/epoch, best=9.772e+00, sign=0.186, train=9.814e+00, val=9.798e+00]
GNN flow training:  75%|███████▌  | 75/100 [05:35<01:50,  4.44s/epoch, best=9.772e+00, sign=0.186, train=9.814e+00, val=9.798e+00]
GNN flow training:  75%|███████▌  | 75/100 [05:39<01:50,  4.44s/epoch, best=9.772e+00, sign=0.186, train=9.798e+00, val=9.733e+00]
GNN flow training:  76%|███████▌  | 76/100 [05:39<01:46,  4.43s/epoch, best=9.772e+00, sign=0.186, train=9.798e+00, val=9.733e+00]
GNN flow training:  76%|███████▌  | 76/100 [05:43<01:46,  4.43s/epoch, best=9.733e+00, sign=0.186, train=9.734e+00, val=9.696e+00]
GNN flow training:  77%|███████▋  | 77/100 [05:43<01:41,  4.43s/epoch, best=9.733e+00, sign=0.186, train=9.734e+00, val=9.696e+00]
GNN flow training:  77%|███████▋  | 77/100 [05:48<01:41,  4.43s/epoch, best=9.696e+00, sign=0.186, train=9.697e+00, val=9.649e+00]
GNN flow training:  78%|███████▊  | 78/100 [05:48<01:37,  4.43s/epoch, best=9.696e+00, sign=0.186, train=9.697e+00, val=9.649e+00]
GNN flow training:  78%|███████▊  | 78/100 [05:52<01:37,  4.43s/epoch, best=9.649e+00, sign=0.187, train=9.650e+00, val=9.614e+00]
GNN flow training:  79%|███████▉  | 79/100 [05:52<01:33,  4.43s/epoch, best=9.649e+00, sign=0.187, train=9.650e+00, val=9.614e+00]
GNN flow training:  79%|███████▉  | 79/100 [05:57<01:33,  4.43s/epoch, best=9.614e+00, sign=0.187, train=9.615e+00, val=9.526e+00]
GNN flow training:  80%|████████  | 80/100 [05:57<01:28,  4.43s/epoch, best=9.614e+00, sign=0.187, train=9.615e+00, val=9.526e+00]
GNN flow training:  80%|████████  | 80/100 [06:01<01:28,  4.43s/epoch, best=9.526e+00, sign=0.188, train=9.527e+00, val=9.479e+00]
GNN flow training:  81%|████████  | 81/100 [06:01<01:23,  4.42s/epoch, best=9.526e+00, sign=0.188, train=9.527e+00, val=9.479e+00]
GNN flow training:  81%|████████  | 81/100 [06:05<01:23,  4.42s/epoch, best=9.479e+00, sign=0.188, train=9.480e+00, val=9.460e+00]
GNN flow training:  82%|████████▏ | 82/100 [06:05<01:19,  4.41s/epoch, best=9.479e+00, sign=0.188, train=9.480e+00, val=9.460e+00]
GNN flow training:  82%|████████▏ | 82/100 [06:10<01:19,  4.41s/epoch, best=9.460e+00, sign=0.188, train=9.461e+00, val=9.456e+00]
GNN flow training:  83%|████████▎ | 83/100 [06:10<01:15,  4.42s/epoch, best=9.460e+00, sign=0.188, train=9.461e+00, val=9.456e+00]
GNN flow training:  83%|████████▎ | 83/100 [06:14<01:15,  4.42s/epoch, best=9.456e+00, sign=0.188, train=9.457e+00, val=9.481e+00]
GNN flow training:  84%|████████▍ | 84/100 [06:14<01:10,  4.41s/epoch, best=9.456e+00, sign=0.188, train=9.457e+00, val=9.481e+00]
GNN flow training:  84%|████████▍ | 84/100 [06:19<01:10,  4.41s/epoch, best=9.456e+00, sign=0.186, train=9.482e+00, val=9.465e+00]
GNN flow training:  85%|████████▌ | 85/100 [06:19<01:06,  4.41s/epoch, best=9.456e+00, sign=0.186, train=9.482e+00, val=9.465e+00]
GNN flow training:  85%|████████▌ | 85/100 [06:23<01:06,  4.41s/epoch, best=9.456e+00, sign=0.184, train=9.466e+00, val=9.487e+00]
GNN flow training:  86%|████████▌ | 86/100 [06:23<01:01,  4.39s/epoch, best=9.456e+00, sign=0.184, train=9.466e+00, val=9.487e+00]
GNN flow training:  86%|████████▌ | 86/100 [06:27<01:01,  4.39s/epoch, best=9.456e+00, sign=0.184, train=9.488e+00, val=9.501e+00]
GNN flow training:  87%|████████▋ | 87/100 [06:27<00:57,  4.40s/epoch, best=9.456e+00, sign=0.184, train=9.488e+00, val=9.501e+00]
GNN flow training:  87%|████████▋ | 87/100 [06:32<00:57,  4.40s/epoch, best=9.456e+00, sign=0.182, train=9.502e+00, val=9.607e+00]
GNN flow training:  88%|████████▊ | 88/100 [06:32<00:52,  4.40s/epoch, best=9.456e+00, sign=0.182, train=9.502e+00, val=9.607e+00]
GNN flow training:  88%|████████▊ | 88/100 [06:36<00:52,  4.40s/epoch, best=9.456e+00, sign=0.180, train=9.608e+00, val=9.679e+00]
GNN flow training:  89%|████████▉ | 89/100 [06:36<00:48,  4.40s/epoch, best=9.456e+00, sign=0.180, train=9.608e+00, val=9.679e+00]
GNN flow training:  89%|████████▉ | 89/100 [06:41<00:48,  4.40s/epoch, best=9.456e+00, sign=0.179, train=9.680e+00, val=9.659e+00]
GNN flow training:  90%|█████████ | 90/100 [06:41<00:44,  4.40s/epoch, best=9.456e+00, sign=0.179, train=9.680e+00, val=9.659e+00]
GNN flow training:  90%|█████████ | 90/100 [06:45<00:44,  4.40s/epoch, best=9.456e+00, sign=0.176, train=9.661e+00, val=9.656e+00]
GNN flow training:  91%|█████████ | 91/100 [06:45<00:39,  4.40s/epoch, best=9.456e+00, sign=0.176, train=9.661e+00, val=9.656e+00]
GNN flow training:  91%|█████████ | 91/100 [06:49<00:39,  4.40s/epoch, best=9.456e+00, sign=0.176, train=9.657e+00, val=9.684e+00]
GNN flow training:  92%|█████████▏| 92/100 [06:49<00:35,  4.40s/epoch, best=9.456e+00, sign=0.176, train=9.657e+00, val=9.684e+00]
GNN flow training:  92%|█████████▏| 92/100 [06:54<00:35,  4.40s/epoch, best=9.456e+00, sign=0.177, train=9.686e+00, val=9.716e+00]
GNN flow training:  93%|█████████▎| 93/100 [06:54<00:30,  4.39s/epoch, best=9.456e+00, sign=0.177, train=9.686e+00, val=9.716e+00]
GNN flow training:  93%|█████████▎| 93/100 [06:58<00:30,  4.39s/epoch, best=9.456e+00, sign=0.176, train=9.717e+00, val=9.564e+00]
GNN flow training:  94%|█████████▍| 94/100 [06:58<00:26,  4.41s/epoch, best=9.456e+00, sign=0.176, train=9.717e+00, val=9.564e+00]
GNN flow training:  94%|█████████▍| 94/100 [07:03<00:26,  4.41s/epoch, best=9.456e+00, sign=0.177, train=9.566e+00, val=9.392e+00]
GNN flow training:  95%|█████████▌| 95/100 [07:03<00:22,  4.42s/epoch, best=9.456e+00, sign=0.177, train=9.566e+00, val=9.392e+00]
GNN flow training:  95%|█████████▌| 95/100 [07:07<00:22,  4.42s/epoch, best=9.392e+00, sign=0.176, train=9.393e+00, val=9.264e+00]
GNN flow training:  96%|█████████▌| 96/100 [07:07<00:17,  4.42s/epoch, best=9.392e+00, sign=0.176, train=9.393e+00, val=9.264e+00]
GNN flow training:  96%|█████████▌| 96/100 [07:12<00:17,  4.42s/epoch, best=9.264e+00, sign=0.175, train=9.266e+00, val=9.244e+00]
GNN flow training:  97%|█████████▋| 97/100 [07:12<00:13,  4.41s/epoch, best=9.264e+00, sign=0.175, train=9.266e+00, val=9.244e+00]
GNN flow training:  97%|█████████▋| 97/100 [07:16<00:13,  4.41s/epoch, best=9.244e+00, sign=0.173, train=9.246e+00, val=9.298e+00]
GNN flow training:  98%|█████████▊| 98/100 [07:16<00:08,  4.41s/epoch, best=9.244e+00, sign=0.173, train=9.246e+00, val=9.298e+00]
GNN flow training:  98%|█████████▊| 98/100 [07:20<00:08,  4.41s/epoch, best=9.244e+00, sign=0.170, train=9.299e+00, val=9.317e+00]
GNN flow training:  99%|█████████▉| 99/100 [07:20<00:04,  4.40s/epoch, best=9.244e+00, sign=0.170, train=9.299e+00, val=9.317e+00]
GNN flow training:  99%|█████████▉| 99/100 [07:25<00:04,  4.40s/epoch, best=9.244e+00, sign=0.171, train=9.318e+00, val=9.231e+00]
GNN flow training: 100%|██████████| 100/100 [07:25<00:00,  4.40s/epoch, best=9.244e+00, sign=0.171, train=9.318e+00, val=9.231e+00]
GNN flow training: 100%|██████████| 100/100 [07:25<00:00,  4.45s/epoch, best=9.244e+00, sign=0.171, train=9.318e+00, val=9.231e+00]

GNN flow training:   0%|          | 0/100 [00:00<?, ?epoch/s]
GNN flow training:   0%|          | 0/100 [00:04<?, ?epoch/s, best=1.237e+02, sign=0.199, train=1.238e+02, val=1.237e+02]
GNN flow training:   1%|          | 1/100 [00:04<07:42,  4.67s/epoch, best=1.237e+02, sign=0.199, train=1.238e+02, val=1.237e+02]
GNN flow training:   1%|          | 1/100 [00:09<07:42,  4.67s/epoch, best=1.237e+02, sign=0.200, train=1.238e+02, val=1.239e+02]
GNN flow training:   2%|▏         | 2/100 [00:09<07:26,  4.56s/epoch, best=1.237e+02, sign=0.200, train=1.238e+02, val=1.239e+02]
GNN flow training:   2%|▏         | 2/100 [00:13<07:26,  4.56s/epoch, best=1.237e+02, sign=0.200, train=1.241e+02, val=1.240e+02]
GNN flow training:   3%|▎         | 3/100 [00:13<07:18,  4.52s/epoch, best=1.237e+02, sign=0.200, train=1.241e+02, val=1.240e+02]
GNN flow training:   3%|▎         | 3/100 [00:18<07:18,  4.52s/epoch, best=1.237e+02, sign=0.200, train=1.241e+02, val=1.238e+02]
GNN flow training:   4%|▍         | 4/100 [00:18<07:13,  4.51s/epoch, best=1.237e+02, sign=0.200, train=1.241e+02, val=1.238e+02]
GNN flow training:   4%|▍         | 4/100 [00:22<07:13,  4.51s/epoch, best=1.237e+02, sign=0.200, train=1.239e+02, val=1.238e+02]
GNN flow training:   5%|▌         | 5/100 [00:22<07:09,  4.52s/epoch, best=1.237e+02, sign=0.200, train=1.239e+02, val=1.238e+02]
GNN flow training:   5%|▌         | 5/100 [00:27<07:09,  4.52s/epoch, best=1.237e+02, sign=0.200, train=1.239e+02, val=1.237e+02]
GNN flow training:   6%|▌         | 6/100 [00:27<07:04,  4.51s/epoch, best=1.237e+02, sign=0.200, train=1.239e+02, val=1.237e+02]
GNN flow training:   6%|▌         | 6/100 [00:31<07:04,  4.51s/epoch, best=1.237e+02, sign=0.200, train=1.238e+02, val=1.236e+02]
GNN flow training:   7%|▋         | 7/100 [00:31<06:58,  4.50s/epoch, best=1.237e+02, sign=0.200, train=1.238e+02, val=1.236e+02]
GNN flow training:   7%|▋         | 7/100 [00:36<06:58,  4.50s/epoch, best=1.236e+02, sign=0.200, train=1.237e+02, val=1.234e+02]
GNN flow training:   8%|▊         | 8/100 [00:36<06:53,  4.49s/epoch, best=1.236e+02, sign=0.200, train=1.237e+02, val=1.234e+02]
GNN flow training:   8%|▊         | 8/100 [00:40<06:53,  4.49s/epoch, best=1.234e+02, sign=0.200, train=1.236e+02, val=1.235e+02]
GNN flow training:   9%|▉         | 9/100 [00:40<06:48,  4.49s/epoch, best=1.234e+02, sign=0.200, train=1.236e+02, val=1.235e+02]
GNN flow training:   9%|▉         | 9/100 [00:45<06:48,  4.49s/epoch, best=1.234e+02, sign=0.199, train=1.236e+02, val=1.235e+02]
GNN flow training:  10%|█         | 10/100 [00:45<06:43,  4.48s/epoch, best=1.234e+02, sign=0.199, train=1.236e+02, val=1.235e+02]
GNN flow training:  10%|█         | 10/100 [00:49<06:43,  4.48s/epoch, best=1.234e+02, sign=0.199, train=1.236e+02, val=1.235e+02]
GNN flow training:  11%|█         | 11/100 [00:49<06:38,  4.48s/epoch, best=1.234e+02, sign=0.199, train=1.236e+02, val=1.235e+02]
GNN flow training:  11%|█         | 11/100 [00:53<06:38,  4.48s/epoch, best=1.234e+02, sign=0.199, train=1.236e+02, val=1.234e+02]
GNN flow training:  12%|█▏        | 12/100 [00:53<06:32,  4.46s/epoch, best=1.234e+02, sign=0.199, train=1.236e+02, val=1.234e+02]
GNN flow training:  12%|█▏        | 12/100 [00:58<06:32,  4.46s/epoch, best=1.234e+02, sign=0.199, train=1.235e+02, val=1.230e+02]
GNN flow training:  13%|█▎        | 13/100 [00:58<06:28,  4.47s/epoch, best=1.234e+02, sign=0.199, train=1.235e+02, val=1.230e+02]
GNN flow training:  13%|█▎        | 13/100 [01:02<06:28,  4.47s/epoch, best=1.230e+02, sign=0.199, train=1.231e+02, val=1.226e+02]
GNN flow training:  14%|█▍        | 14/100 [01:02<06:25,  4.48s/epoch, best=1.230e+02, sign=0.199, train=1.231e+02, val=1.226e+02]
GNN flow training:  14%|█▍        | 14/100 [01:07<06:25,  4.48s/epoch, best=1.226e+02, sign=0.199, train=1.228e+02, val=1.221e+02]
GNN flow training:  15%|█▌        | 15/100 [01:07<06:21,  4.49s/epoch, best=1.226e+02, sign=0.199, train=1.228e+02, val=1.221e+02]
GNN flow training:  15%|█▌        | 15/100 [01:11<06:21,  4.49s/epoch, best=1.221e+02, sign=0.199, train=1.222e+02, val=1.222e+02]
GNN flow training:  16%|█▌        | 16/100 [01:11<06:16,  4.48s/epoch, best=1.221e+02, sign=0.199, train=1.222e+02, val=1.222e+02]
GNN flow training:  16%|█▌        | 16/100 [01:16<06:16,  4.48s/epoch, best=1.221e+02, sign=0.198, train=1.223e+02, val=1.219e+02]
GNN flow training:  17%|█▋        | 17/100 [01:16<06:12,  4.49s/epoch, best=1.221e+02, sign=0.198, train=1.223e+02, val=1.219e+02]
GNN flow training:  17%|█▋        | 17/100 [01:20<06:12,  4.49s/epoch, best=1.219e+02, sign=0.199, train=1.220e+02, val=1.216e+02]
GNN flow training:  18%|█▊        | 18/100 [01:20<06:07,  4.48s/epoch, best=1.219e+02, sign=0.199, train=1.220e+02, val=1.216e+02]
GNN flow training:  18%|█▊        | 18/100 [01:25<06:07,  4.48s/epoch, best=1.216e+02, sign=0.199, train=1.217e+02, val=1.211e+02]
GNN flow training:  19%|█▉        | 19/100 [01:25<06:02,  4.48s/epoch, best=1.216e+02, sign=0.199, train=1.217e+02, val=1.211e+02]
GNN flow training:  19%|█▉        | 19/100 [01:29<06:02,  4.48s/epoch, best=1.211e+02, sign=0.198, train=1.212e+02, val=1.211e+02]
GNN flow training:  20%|██        | 20/100 [01:29<05:58,  4.48s/epoch, best=1.211e+02, sign=0.198, train=1.212e+02, val=1.211e+02]
GNN flow training:  20%|██        | 20/100 [01:34<05:58,  4.48s/epoch, best=1.211e+02, sign=0.199, train=1.212e+02, val=1.206e+02]
GNN flow training:  21%|██        | 21/100 [01:34<05:54,  4.49s/epoch, best=1.211e+02, sign=0.199, train=1.212e+02, val=1.206e+02]
GNN flow training:  21%|██        | 21/100 [01:38<05:54,  4.49s/epoch, best=1.206e+02, sign=0.199, train=1.208e+02, val=1.204e+02]
GNN flow training:  22%|██▏       | 22/100 [01:38<05:50,  4.50s/epoch, best=1.206e+02, sign=0.199, train=1.208e+02, val=1.204e+02]
GNN flow training:  22%|██▏       | 22/100 [01:43<05:50,  4.50s/epoch, best=1.204e+02, sign=0.199, train=1.205e+02, val=1.209e+02]
GNN flow training:  23%|██▎       | 23/100 [01:43<05:46,  4.50s/epoch, best=1.204e+02, sign=0.199, train=1.205e+02, val=1.209e+02]
GNN flow training:  23%|██▎       | 23/100 [01:47<05:46,  4.50s/epoch, best=1.204e+02, sign=0.201, train=1.210e+02, val=1.221e+02]
GNN flow training:  24%|██▍       | 24/100 [01:47<05:41,  4.49s/epoch, best=1.204e+02, sign=0.201, train=1.210e+02, val=1.221e+02]
GNN flow training:  24%|██▍       | 24/100 [01:52<05:41,  4.49s/epoch, best=1.204e+02, sign=0.201, train=1.222e+02, val=1.228e+02]
GNN flow training:  25%|██▌       | 25/100 [01:52<05:36,  4.49s/epoch, best=1.204e+02, sign=0.201, train=1.222e+02, val=1.228e+02]
GNN flow training:  25%|██▌       | 25/100 [01:56<05:36,  4.49s/epoch, best=1.204e+02, sign=0.201, train=1.229e+02, val=1.227e+02]
GNN flow training:  26%|██▌       | 26/100 [01:56<05:31,  4.48s/epoch, best=1.204e+02, sign=0.201, train=1.229e+02, val=1.227e+02]
GNN flow training:  26%|██▌       | 26/100 [02:01<05:31,  4.48s/epoch, best=1.204e+02, sign=0.201, train=1.228e+02, val=1.225e+02]
GNN flow training:  27%|██▋       | 27/100 [02:01<05:28,  4.49s/epoch, best=1.204e+02, sign=0.201, train=1.228e+02, val=1.225e+02]
GNN flow training:  27%|██▋       | 27/100 [02:05<05:28,  4.49s/epoch, best=1.204e+02, sign=0.201, train=1.226e+02, val=1.221e+02]
GNN flow training:  28%|██▊       | 28/100 [02:05<05:22,  4.48s/epoch, best=1.204e+02, sign=0.201, train=1.226e+02, val=1.221e+02]
GNN flow training:  28%|██▊       | 28/100 [02:10<05:22,  4.48s/epoch, best=1.204e+02, sign=0.200, train=1.222e+02, val=1.212e+02]
GNN flow training:  29%|██▉       | 29/100 [02:10<05:19,  4.50s/epoch, best=1.204e+02, sign=0.200, train=1.222e+02, val=1.212e+02]
GNN flow training:  29%|██▉       | 29/100 [02:14<05:19,  4.50s/epoch, best=1.204e+02, sign=0.201, train=1.213e+02, val=1.198e+02]
GNN flow training:  30%|███       | 30/100 [02:14<05:14,  4.49s/epoch, best=1.204e+02, sign=0.201, train=1.213e+02, val=1.198e+02]
GNN flow training:  30%|███       | 30/100 [02:19<05:14,  4.49s/epoch, best=1.198e+02, sign=0.200, train=1.199e+02, val=1.187e+02]
GNN flow training:  31%|███       | 31/100 [02:19<05:09,  4.49s/epoch, best=1.198e+02, sign=0.200, train=1.199e+02, val=1.187e+02]
GNN flow training:  31%|███       | 31/100 [02:23<05:09,  4.49s/epoch, best=1.187e+02, sign=0.200, train=1.189e+02, val=1.182e+02]
GNN flow training:  32%|███▏      | 32/100 [02:23<05:04,  4.48s/epoch, best=1.187e+02, sign=0.200, train=1.189e+02, val=1.182e+02]
GNN flow training:  32%|███▏      | 32/100 [02:28<05:04,  4.48s/epoch, best=1.182e+02, sign=0.199, train=1.183e+02, val=1.181e+02]
GNN flow training:  33%|███▎      | 33/100 [02:28<04:59,  4.48s/epoch, best=1.182e+02, sign=0.199, train=1.183e+02, val=1.181e+02]
GNN flow training:  33%|███▎      | 33/100 [02:32<04:59,  4.48s/epoch, best=1.181e+02, sign=0.198, train=1.182e+02, val=1.179e+02]
GNN flow training:  34%|███▍      | 34/100 [02:32<04:54,  4.47s/epoch, best=1.181e+02, sign=0.198, train=1.182e+02, val=1.179e+02]
GNN flow training:  34%|███▍      | 34/100 [02:37<04:54,  4.47s/epoch, best=1.179e+02, sign=0.197, train=1.180e+02, val=1.179e+02]
GNN flow training:  35%|███▌      | 35/100 [02:37<04:50,  4.47s/epoch, best=1.179e+02, sign=0.197, train=1.180e+02, val=1.179e+02]
GNN flow training:  35%|███▌      | 35/100 [02:41<04:50,  4.47s/epoch, best=1.179e+02, sign=0.197, train=1.180e+02, val=1.177e+02]
GNN flow training:  36%|███▌      | 36/100 [02:41<04:46,  4.47s/epoch, best=1.179e+02, sign=0.197, train=1.180e+02, val=1.177e+02]
GNN flow training:  36%|███▌      | 36/100 [02:46<04:46,  4.47s/epoch, best=1.177e+02, sign=0.196, train=1.178e+02, val=1.179e+02]
GNN flow training:  37%|███▋      | 37/100 [02:46<04:41,  4.46s/epoch, best=1.177e+02, sign=0.196, train=1.178e+02, val=1.179e+02]
GNN flow training:  37%|███▋      | 37/100 [02:50<04:41,  4.46s/epoch, best=1.177e+02, sign=0.195, train=1.180e+02, val=1.180e+02]
GNN flow training:  38%|███▊      | 38/100 [02:50<04:37,  4.48s/epoch, best=1.177e+02, sign=0.195, train=1.180e+02, val=1.180e+02]
GNN flow training:  38%|███▊      | 38/100 [02:54<04:37,  4.48s/epoch, best=1.177e+02, sign=0.195, train=1.181e+02, val=1.188e+02]
GNN flow training:  39%|███▉      | 39/100 [02:54<04:32,  4.47s/epoch, best=1.177e+02, sign=0.195, train=1.181e+02, val=1.188e+02]
GNN flow training:  39%|███▉      | 39/100 [02:59<04:32,  4.47s/epoch, best=1.177e+02, sign=0.194, train=1.189e+02, val=1.190e+02]
GNN flow training:  40%|████      | 40/100 [02:59<04:27,  4.46s/epoch, best=1.177e+02, sign=0.194, train=1.189e+02, val=1.190e+02]
GNN flow training:  40%|████      | 40/100 [03:03<04:27,  4.46s/epoch, best=1.177e+02, sign=0.193, train=1.191e+02, val=1.185e+02]
GNN flow training:  41%|████      | 41/100 [03:03<04:23,  4.47s/epoch, best=1.177e+02, sign=0.193, train=1.191e+02, val=1.185e+02]
GNN flow training:  41%|████      | 41/100 [03:08<04:23,  4.47s/epoch, best=1.177e+02, sign=0.193, train=1.186e+02, val=1.183e+02]
GNN flow training:  42%|████▏     | 42/100 [03:08<04:19,  4.47s/epoch, best=1.177e+02, sign=0.193, train=1.186e+02, val=1.183e+02]
GNN flow training:  42%|████▏     | 42/100 [03:12<04:19,  4.47s/epoch, best=1.177e+02, sign=0.193, train=1.184e+02, val=1.172e+02]
GNN flow training:  43%|████▎     | 43/100 [03:12<04:14,  4.46s/epoch, best=1.177e+02, sign=0.193, train=1.184e+02, val=1.172e+02]
GNN flow training:  43%|████▎     | 43/100 [03:17<04:14,  4.46s/epoch, best=1.172e+02, sign=0.193, train=1.173e+02, val=1.169e+02]
GNN flow training:  44%|████▍     | 44/100 [03:17<04:09,  4.46s/epoch, best=1.172e+02, sign=0.193, train=1.173e+02, val=1.169e+02]
GNN flow training:  44%|████▍     | 44/100 [03:21<04:09,  4.46s/epoch, best=1.169e+02, sign=0.193, train=1.170e+02, val=1.163e+02]
GNN flow training:  45%|████▌     | 45/100 [03:21<04:05,  4.46s/epoch, best=1.169e+02, sign=0.193, train=1.170e+02, val=1.163e+02]
GNN flow training:  45%|████▌     | 45/100 [03:26<04:05,  4.46s/epoch, best=1.163e+02, sign=0.194, train=1.164e+02, val=1.156e+02]
GNN flow training:  46%|████▌     | 46/100 [03:26<04:00,  4.46s/epoch, best=1.163e+02, sign=0.194, train=1.164e+02, val=1.156e+02]
GNN flow training:  46%|████▌     | 46/100 [03:30<04:00,  4.46s/epoch, best=1.156e+02, sign=0.194, train=1.157e+02, val=1.146e+02]
GNN flow training:  47%|████▋     | 47/100 [03:30<03:56,  4.46s/epoch, best=1.156e+02, sign=0.194, train=1.157e+02, val=1.146e+02]
GNN flow training:  47%|████▋     | 47/100 [03:35<03:56,  4.46s/epoch, best=1.146e+02, sign=0.193, train=1.147e+02, val=1.136e+02]
GNN flow training:  48%|████▊     | 48/100 [03:35<03:51,  4.45s/epoch, best=1.146e+02, sign=0.193, train=1.147e+02, val=1.136e+02]
GNN flow training:  48%|████▊     | 48/100 [03:39<03:51,  4.45s/epoch, best=1.136e+02, sign=0.194, train=1.137e+02, val=1.128e+02]
GNN flow training:  49%|████▉     | 49/100 [03:39<03:47,  4.45s/epoch, best=1.136e+02, sign=0.194, train=1.137e+02, val=1.128e+02]
GNN flow training:  49%|████▉     | 49/100 [03:43<03:47,  4.45s/epoch, best=1.128e+02, sign=0.192, train=1.129e+02, val=1.119e+02]
GNN flow training:  50%|█████     | 50/100 [03:43<03:42,  4.45s/epoch, best=1.128e+02, sign=0.192, train=1.129e+02, val=1.119e+02]
GNN flow training:  50%|█████     | 50/100 [03:48<03:42,  4.45s/epoch, best=1.119e+02, sign=0.192, train=1.120e+02, val=1.113e+02]
GNN flow training:  51%|█████     | 51/100 [03:48<03:38,  4.46s/epoch, best=1.119e+02, sign=0.192, train=1.120e+02, val=1.113e+02]
GNN flow training:  51%|█████     | 51/100 [03:52<03:38,  4.46s/epoch, best=1.113e+02, sign=0.191, train=1.114e+02, val=1.102e+02]
GNN flow training:  52%|█████▏    | 52/100 [03:52<03:33,  4.45s/epoch, best=1.113e+02, sign=0.191, train=1.114e+02, val=1.102e+02]
GNN flow training:  52%|█████▏    | 52/100 [03:57<03:33,  4.45s/epoch, best=1.102e+02, sign=0.189, train=1.103e+02, val=1.094e+02]
GNN flow training:  53%|█████▎    | 53/100 [03:57<03:29,  4.47s/epoch, best=1.102e+02, sign=0.189, train=1.103e+02, val=1.094e+02]
GNN flow training:  53%|█████▎    | 53/100 [04:01<03:29,  4.47s/epoch, best=1.094e+02, sign=0.188, train=1.095e+02, val=1.092e+02]
GNN flow training:  54%|█████▍    | 54/100 [04:01<03:25,  4.47s/epoch, best=1.094e+02, sign=0.188, train=1.095e+02, val=1.092e+02]
GNN flow training:  54%|█████▍    | 54/100 [04:06<03:25,  4.47s/epoch, best=1.092e+02, sign=0.191, train=1.093e+02, val=1.087e+02]
GNN flow training:  55%|█████▌    | 55/100 [04:06<03:20,  4.46s/epoch, best=1.092e+02, sign=0.191, train=1.093e+02, val=1.087e+02]
GNN flow training:  55%|█████▌    | 55/100 [04:10<03:20,  4.46s/epoch, best=1.087e+02, sign=0.194, train=1.088e+02, val=1.085e+02]
GNN flow training:  56%|█████▌    | 56/100 [04:10<03:16,  4.46s/epoch, best=1.087e+02, sign=0.194, train=1.088e+02, val=1.085e+02]
GNN flow training:  56%|█████▌    | 56/100 [04:15<03:16,  4.46s/epoch, best=1.085e+02, sign=0.194, train=1.086e+02, val=1.082e+02]
GNN flow training:  57%|█████▋    | 57/100 [04:15<03:11,  4.46s/epoch, best=1.085e+02, sign=0.194, train=1.086e+02, val=1.082e+02]
GNN flow training:  57%|█████▋    | 57/100 [04:19<03:11,  4.46s/epoch, best=1.082e+02, sign=0.195, train=1.083e+02, val=1.081e+02]
GNN flow training:  58%|█████▊    | 58/100 [04:19<03:07,  4.46s/epoch, best=1.082e+02, sign=0.195, train=1.083e+02, val=1.081e+02]
GNN flow training:  58%|█████▊    | 58/100 [04:24<03:07,  4.46s/epoch, best=1.081e+02, sign=0.196, train=1.082e+02, val=1.076e+02]
GNN flow training:  59%|█████▉    | 59/100 [04:24<03:03,  4.47s/epoch, best=1.081e+02, sign=0.196, train=1.082e+02, val=1.076e+02]
GNN flow training:  59%|█████▉    | 59/100 [04:28<03:03,  4.47s/epoch, best=1.076e+02, sign=0.196, train=1.077e+02, val=1.070e+02]
GNN flow training:  60%|██████    | 60/100 [04:28<02:58,  4.46s/epoch, best=1.076e+02, sign=0.196, train=1.077e+02, val=1.070e+02]
GNN flow training:  60%|██████    | 60/100 [04:33<02:58,  4.46s/epoch, best=1.070e+02, sign=0.197, train=1.071e+02, val=1.069e+02]
GNN flow training:  61%|██████    | 61/100 [04:33<02:54,  4.47s/epoch, best=1.070e+02, sign=0.197, train=1.071e+02, val=1.069e+02]
GNN flow training:  61%|██████    | 61/100 [04:37<02:54,  4.47s/epoch, best=1.069e+02, sign=0.197, train=1.070e+02, val=1.064e+02]
GNN flow training:  62%|██████▏   | 62/100 [04:37<02:49,  4.46s/epoch, best=1.069e+02, sign=0.197, train=1.070e+02, val=1.064e+02]
GNN flow training:  62%|██████▏   | 62/100 [04:42<02:49,  4.46s/epoch, best=1.064e+02, sign=0.196, train=1.065e+02, val=1.060e+02]
GNN flow training:  63%|██████▎   | 63/100 [04:42<02:45,  4.46s/epoch, best=1.064e+02, sign=0.196, train=1.065e+02, val=1.060e+02]
GNN flow training:  63%|██████▎   | 63/100 [04:46<02:45,  4.46s/epoch, best=1.060e+02, sign=0.198, train=1.061e+02, val=1.057e+02]
GNN flow training:  64%|██████▍   | 64/100 [04:46<02:41,  4.48s/epoch, best=1.060e+02, sign=0.198, train=1.061e+02, val=1.057e+02]
GNN flow training:  64%|██████▍   | 64/100 [04:51<02:41,  4.48s/epoch, best=1.057e+02, sign=0.198, train=1.058e+02, val=1.051e+02]
GNN flow training:  65%|██████▌   | 65/100 [04:51<02:36,  4.47s/epoch, best=1.057e+02, sign=0.198, train=1.058e+02, val=1.051e+02]
GNN flow training:  65%|██████▌   | 65/100 [04:55<02:36,  4.47s/epoch, best=1.051e+02, sign=0.198, train=1.052e+02, val=1.045e+02]
GNN flow training:  66%|██████▌   | 66/100 [04:55<02:32,  4.48s/epoch, best=1.051e+02, sign=0.198, train=1.052e+02, val=1.045e+02]
GNN flow training:  66%|██████▌   | 66/100 [04:59<02:32,  4.48s/epoch, best=1.045e+02, sign=0.198, train=1.046e+02, val=1.040e+02]
GNN flow training:  67%|██████▋   | 67/100 [04:59<02:27,  4.47s/epoch, best=1.045e+02, sign=0.198, train=1.046e+02, val=1.040e+02]
GNN flow training:  67%|██████▋   | 67/100 [05:04<02:27,  4.47s/epoch, best=1.040e+02, sign=0.198, train=1.042e+02, val=1.037e+02]
GNN flow training:  68%|██████▊   | 68/100 [05:04<02:22,  4.46s/epoch, best=1.040e+02, sign=0.198, train=1.042e+02, val=1.037e+02]
GNN flow training:  68%|██████▊   | 68/100 [05:08<02:22,  4.46s/epoch, best=1.037e+02, sign=0.199, train=1.038e+02, val=1.032e+02]
GNN flow training:  69%|██████▉   | 69/100 [05:08<02:18,  4.46s/epoch, best=1.037e+02, sign=0.199, train=1.038e+02, val=1.032e+02]
GNN flow training:  69%|██████▉   | 69/100 [05:13<02:18,  4.46s/epoch, best=1.032e+02, sign=0.196, train=1.033e+02, val=1.031e+02]
GNN flow training:  70%|███████   | 70/100 [05:13<02:13,  4.45s/epoch, best=1.032e+02, sign=0.196, train=1.033e+02, val=1.031e+02]
GNN flow training:  70%|███████   | 70/100 [05:17<02:13,  4.45s/epoch, best=1.031e+02, sign=0.196, train=1.032e+02, val=1.024e+02]
GNN flow training:  71%|███████   | 71/100 [05:17<02:09,  4.47s/epoch, best=1.031e+02, sign=0.196, train=1.032e+02, val=1.024e+02]
GNN flow training:  71%|███████   | 71/100 [05:22<02:09,  4.47s/epoch, best=1.024e+02, sign=0.196, train=1.025e+02, val=1.015e+02]
GNN flow training:  72%|███████▏  | 72/100 [05:22<02:05,  4.47s/epoch, best=1.024e+02, sign=0.196, train=1.025e+02, val=1.015e+02]
GNN flow training:  72%|███████▏  | 72/100 [05:26<02:05,  4.47s/epoch, best=1.015e+02, sign=0.196, train=1.017e+02, val=1.009e+02]
GNN flow training:  73%|███████▎  | 73/100 [05:26<02:00,  4.47s/epoch, best=1.015e+02, sign=0.196, train=1.017e+02, val=1.009e+02]
GNN flow training:  73%|███████▎  | 73/100 [05:31<02:00,  4.47s/epoch, best=1.009e+02, sign=0.197, train=1.010e+02, val=1.008e+02]
GNN flow training:  74%|███████▍  | 74/100 [05:31<01:55,  4.45s/epoch, best=1.009e+02, sign=0.197, train=1.010e+02, val=1.008e+02]
GNN flow training:  74%|███████▍  | 74/100 [05:35<01:55,  4.45s/epoch, best=1.008e+02, sign=0.196, train=1.009e+02, val=9.980e+01]
GNN flow training:  75%|███████▌  | 75/100 [05:35<01:51,  4.47s/epoch, best=1.008e+02, sign=0.196, train=1.009e+02, val=9.980e+01]
GNN flow training:  75%|███████▌  | 75/100 [05:40<01:51,  4.47s/epoch, best=9.980e+01, sign=0.197, train=9.993e+01, val=9.907e+01]
GNN flow training:  76%|███████▌  | 76/100 [05:40<01:47,  4.47s/epoch, best=9.980e+01, sign=0.197, train=9.993e+01, val=9.907e+01]
GNN flow training:  76%|███████▌  | 76/100 [05:44<01:47,  4.47s/epoch, best=9.907e+01, sign=0.198, train=9.920e+01, val=9.894e+01]
GNN flow training:  77%|███████▋  | 77/100 [05:44<01:42,  4.46s/epoch, best=9.907e+01, sign=0.198, train=9.920e+01, val=9.894e+01]
GNN flow training:  77%|███████▋  | 77/100 [05:49<01:42,  4.46s/epoch, best=9.894e+01, sign=0.199, train=9.907e+01, val=9.892e+01]
GNN flow training:  78%|███████▊  | 78/100 [05:49<01:38,  4.46s/epoch, best=9.894e+01, sign=0.199, train=9.907e+01, val=9.892e+01]
GNN flow training:  78%|███████▊  | 78/100 [05:53<01:38,  4.46s/epoch, best=9.892e+01, sign=0.199, train=9.905e+01, val=9.885e+01]
GNN flow training:  79%|███████▉  | 79/100 [05:53<01:33,  4.46s/epoch, best=9.892e+01, sign=0.199, train=9.905e+01, val=9.885e+01]
GNN flow training:  79%|███████▉  | 79/100 [05:58<01:33,  4.46s/epoch, best=9.885e+01, sign=0.200, train=9.898e+01, val=9.777e+01]
GNN flow training:  80%|████████  | 80/100 [05:58<01:29,  4.48s/epoch, best=9.885e+01, sign=0.200, train=9.898e+01, val=9.777e+01]
GNN flow training:  80%|████████  | 80/100 [06:02<01:29,  4.48s/epoch, best=9.777e+01, sign=0.200, train=9.790e+01, val=9.718e+01]
GNN flow training:  81%|████████  | 81/100 [06:02<01:25,  4.48s/epoch, best=9.777e+01, sign=0.200, train=9.790e+01, val=9.718e+01]
GNN flow training:  81%|████████  | 81/100 [06:06<01:25,  4.48s/epoch, best=9.718e+01, sign=0.200, train=9.730e+01, val=9.670e+01]
GNN flow training:  82%|████████▏ | 82/100 [06:06<01:20,  4.47s/epoch, best=9.718e+01, sign=0.200, train=9.730e+01, val=9.670e+01]
GNN flow training:  82%|████████▏ | 82/100 [06:11<01:20,  4.47s/epoch, best=9.670e+01, sign=0.200, train=9.682e+01, val=9.666e+01]
GNN flow training:  83%|████████▎ | 83/100 [06:11<01:16,  4.47s/epoch, best=9.670e+01, sign=0.200, train=9.682e+01, val=9.666e+01]
GNN flow training:  83%|████████▎ | 83/100 [06:15<01:16,  4.47s/epoch, best=9.666e+01, sign=0.201, train=9.678e+01, val=9.622e+01]
GNN flow training:  84%|████████▍ | 84/100 [06:15<01:11,  4.47s/epoch, best=9.666e+01, sign=0.201, train=9.678e+01, val=9.622e+01]
GNN flow training:  84%|████████▍ | 84/100 [06:20<01:11,  4.47s/epoch, best=9.622e+01, sign=0.201, train=9.634e+01, val=9.643e+01]
GNN flow training:  85%|████████▌ | 85/100 [06:20<01:07,  4.47s/epoch, best=9.622e+01, sign=0.201, train=9.634e+01, val=9.643e+01]
GNN flow training:  85%|████████▌ | 85/100 [06:24<01:07,  4.47s/epoch, best=9.622e+01, sign=0.200, train=9.654e+01, val=9.679e+01]
GNN flow training:  86%|████████▌ | 86/100 [06:24<01:02,  4.48s/epoch, best=9.622e+01, sign=0.200, train=9.654e+01, val=9.679e+01]
GNN flow training:  86%|████████▌ | 86/100 [06:29<01:02,  4.48s/epoch, best=9.622e+01, sign=0.201, train=9.691e+01, val=9.707e+01]
GNN flow training:  87%|████████▋ | 87/100 [06:29<00:58,  4.47s/epoch, best=9.622e+01, sign=0.201, train=9.691e+01, val=9.707e+01]
GNN flow training:  87%|████████▋ | 87/100 [06:33<00:58,  4.47s/epoch, best=9.622e+01, sign=0.201, train=9.719e+01, val=9.760e+01]
GNN flow training:  88%|████████▊ | 88/100 [06:33<00:53,  4.47s/epoch, best=9.622e+01, sign=0.201, train=9.719e+01, val=9.760e+01]
GNN flow training:  88%|████████▊ | 88/100 [06:38<00:53,  4.47s/epoch, best=9.622e+01, sign=0.201, train=9.772e+01, val=9.748e+01]
GNN flow training:  89%|████████▉ | 89/100 [06:38<00:49,  4.46s/epoch, best=9.622e+01, sign=0.201, train=9.772e+01, val=9.748e+01]
GNN flow training:  89%|████████▉ | 89/100 [06:42<00:49,  4.46s/epoch, best=9.622e+01, sign=0.202, train=9.760e+01, val=9.782e+01]
GNN flow training:  90%|█████████ | 90/100 [06:42<00:44,  4.45s/epoch, best=9.622e+01, sign=0.202, train=9.760e+01, val=9.782e+01]
GNN flow training:  90%|█████████ | 90/100 [06:47<00:44,  4.45s/epoch, best=9.622e+01, sign=0.202, train=9.795e+01, val=9.888e+01]
GNN flow training:  91%|█████████ | 91/100 [06:47<00:40,  4.45s/epoch, best=9.622e+01, sign=0.202, train=9.795e+01, val=9.888e+01]
GNN flow training:  91%|█████████ | 91/100 [06:51<00:40,  4.45s/epoch, best=9.622e+01, sign=0.200, train=9.901e+01, val=9.941e+01]
GNN flow training:  92%|█████████▏| 92/100 [06:51<00:35,  4.44s/epoch, best=9.622e+01, sign=0.200, train=9.901e+01, val=9.941e+01]
GNN flow training:  92%|█████████▏| 92/100 [06:55<00:35,  4.44s/epoch, best=9.622e+01, sign=0.197, train=9.956e+01, val=9.943e+01]
GNN flow training:  93%|█████████▎| 93/100 [06:55<00:31,  4.44s/epoch, best=9.622e+01, sign=0.197, train=9.956e+01, val=9.943e+01]
GNN flow training:  93%|█████████▎| 93/100 [07:00<00:31,  4.44s/epoch, best=9.622e+01, sign=0.194, train=9.958e+01, val=1.001e+02]
GNN flow training:  94%|█████████▍| 94/100 [07:00<00:26,  4.44s/epoch, best=9.622e+01, sign=0.194, train=9.958e+01, val=1.001e+02]
GNN flow training:  94%|█████████▍| 94/100 [07:04<00:26,  4.44s/epoch, best=9.622e+01, sign=0.193, train=1.002e+02, val=9.879e+01]
GNN flow training:  95%|█████████▌| 95/100 [07:04<00:22,  4.43s/epoch, best=9.622e+01, sign=0.193, train=1.002e+02, val=9.879e+01]
GNN flow training:  95%|█████████▌| 95/100 [07:09<00:22,  4.43s/epoch, best=9.622e+01, sign=0.193, train=9.895e+01, val=9.824e+01]
GNN flow training:  96%|█████████▌| 96/100 [07:09<00:17,  4.44s/epoch, best=9.622e+01, sign=0.193, train=9.895e+01, val=9.824e+01]
GNN flow training:  96%|█████████▌| 96/100 [07:13<00:17,  4.44s/epoch, best=9.622e+01, sign=0.193, train=9.840e+01, val=9.704e+01]
GNN flow training:  97%|█████████▋| 97/100 [07:13<00:13,  4.43s/epoch, best=9.622e+01, sign=0.193, train=9.840e+01, val=9.704e+01]
GNN flow training:  97%|█████████▋| 97/100 [07:18<00:13,  4.43s/epoch, best=9.622e+01, sign=0.195, train=9.720e+01, val=9.477e+01]
GNN flow training:  98%|█████████▊| 98/100 [07:18<00:08,  4.43s/epoch, best=9.622e+01, sign=0.195, train=9.720e+01, val=9.477e+01]
GNN flow training:  98%|█████████▊| 98/100 [07:22<00:08,  4.43s/epoch, best=9.477e+01, sign=0.194, train=9.493e+01, val=9.234e+01]
GNN flow training:  99%|█████████▉| 99/100 [07:22<00:04,  4.44s/epoch, best=9.477e+01, sign=0.194, train=9.493e+01, val=9.234e+01]
GNN flow training:  99%|█████████▉| 99/100 [07:27<00:04,  4.44s/epoch, best=9.234e+01, sign=0.193, train=9.249e+01, val=9.155e+01]
GNN flow training: 100%|██████████| 100/100 [07:27<00:00,  4.44s/epoch, best=9.234e+01, sign=0.193, train=9.249e+01, val=9.155e+01]
GNN flow training: 100%|██████████| 100/100 [07:27<00:00,  4.47s/epoch, best=9.234e+01, sign=0.193, train=9.249e+01, val=9.155e+01]
Resolved config snapshot:
{'preset': 'solver_QKB_outer_QKBdelta', 'gnn_outer_losses': {'flow': 0.1, 'kirchhoff': 1.0, 'boundary': 100.0, 'delta_l2': 1.0, 'delta_smooth': 0.0, 'pressure_shape': 0.0}, 'physics': {'arterial_flow_mode': 'dataset', 'pressure_constraints': ['gauge-only'], 'alpha_pa': None, 'use_snr_weights': True, 'use_observed_flow_snr_weighting': True, 'flow_scale_mode': 'median_abs', 'solver_device': 'same', 'pressure_solver_mode': 'reduced-soft-constrained-lstsq', 'pressure_solver_lambda_kirchhoff': 1.0, 'pressure_solver_lambda_pressure_constraints': 100.0, 'pressure_solver_lambda_flow_residual': 1.0, 'pressure_shape_reference': 'delta_zero_reference', 'pressure_detach': False}, 'correction_bounds': {'correction_min': -0.5, 'correction_max': 0.5, 'correction_bound': 0.5, 'correction_parameterization': 'tanh'}, 'optimization': {'learning_rate': 0.001, 'weight_decay': 0.0001, 'gradient_clip_norm': 5.0, 'optimizer': 'adamw', 'epochs': 100, 'patience': 40}}
Resolved config snapshot:
{'preset': 'solver_QKB_outer_QKBdelta', 'gnn_outer_losses': {'flow': 10.0, 'kirchhoff': 10.0, 'boundary': 100.0, 'delta_l2': 100.0, 'delta_smooth': 0.0, 'pressure_shape': 0.0}, 'physics': {'arterial_flow_mode': 'dataset', 'pressure_constraints': ['gauge-only'], 'alpha_pa': None, 'use_snr_weights': True, 'use_observed_flow_snr_weighting': True, 'flow_scale_mode': 'median_abs', 'solver_device': 'same', 'pressure_solver_mode': 'reduced-soft-constrained-lstsq', 'pressure_solver_lambda_kirchhoff': 1.0, 'pressure_solver_lambda_pressure_constraints': 100.0, 'pressure_solver_lambda_flow_residual': 1.0, 'pressure_shape_reference': 'delta_zero_reference', 'pressure_detach': False}, 'correction_bounds': {'correction_min': -0.5, 'correction_max': 0.5, 'correction_bound': 0.5, 'correction_parameterization': 'tanh'}, 'optimization': {'learning_rate': 0.001, 'weight_decay': 0.0001, 'gradient_clip_norm': 5.0, 'optimizer': 'adamw', 'epochs': 100, 'patience': 40}}
Command: /mnt/home/sswee/miniforge3/envs/yolk-sac/bin/python /mnt/home/sswee/yolk/Yolk-Sac-Flow-Data-and-Sim/gnn_clean/scripts/python/gnn_flow.py /mnt/home/sswee/yolk/Yolk-Sac-Flow-Data-and-Sim/gnn_clean/datasets/mosaic_graph_canonical_harmonized/mosaic_graph_canonical_harmonized.gpickle --output-dir /mnt/home/sswee/yolk/Yolk-Sac-Flow-Data-and-Sim/gnn_clean/outputs_canonical/dc/03_pressure_constraint_sensitivity/gnn --run-name q_0p1__k_1__delta_1__constraint_gauge_only --preset solver_QKB_outer_QKBdelta --device cuda --epochs 100 --seed 0 --viscosity-pa-s 0.0035 --config /mnt/home/sswee/yolk/Yolk-Sac-Flow-Data-and-Sim/gnn_clean/outputs_canonical/dc/03_pressure_constraint_sensitivity/_generated_configs/q_0p1__k_1__delta_1__constraint_gauge_only.yaml --no-pressure-detach
Command: /mnt/home/sswee/miniforge3/envs/yolk-sac/bin/python /mnt/home/sswee/yolk/Yolk-Sac-Flow-Data-and-Sim/gnn_clean/scripts/python/gnn_flow.py /mnt/home/sswee/yolk/Yolk-Sac-Flow-Data-and-Sim/gnn_clean/datasets/mosaic_graph_canonical_harmonized/mosaic_graph_canonical_harmonized.gpickle --output-dir /mnt/home/sswee/yolk/Yolk-Sac-Flow-Data-and-Sim/gnn_clean/outputs_canonical/dc/03_pressure_constraint_sensitivity/gnn --run-name q_10__k_10__delta_100__constraint_gauge_only --preset solver_QKB_outer_QKBdelta --device cuda --epochs 100 --seed 0 --viscosity-pa-s 0.0035 --config /mnt/home/sswee/yolk/Yolk-Sac-Flow-Data-and-Sim/gnn_clean/outputs_canonical/dc/03_pressure_constraint_sensitivity/_generated_configs/q_10__k_10__delta_100__constraint_gauge_only.yaml --no-pressure-detach
Command: /mnt/home/sswee/miniforge3/envs/yolk-sac/bin/python /mnt/home/sswee/yolk/Yolk-Sac-Flow-Data-and-Sim/gnn_clean/scripts/python/poiseuille_only_baseline.py /mnt/home/sswee/yolk/Yolk-Sac-Flow-Data-and-Sim/gnn_clean/datasets/mosaic_graph_canonical_harmonized/mosaic_graph_canonical_harmonized.gpickle --output-dir /mnt/home/sswee/yolk/Yolk-Sac-Flow-Data-and-Sim/gnn_clean/outputs_canonical/dc/03_pressure_constraint_sensitivity/poiseuille --run-name poiseuille__q_100__k_0p1__constraint_gauge_only --device cpu --viscosity-pa-s 0.0035 --dc-solve-mode reduced-soft-constrained-lstsq --arterial-flow-mode dataset --lambda-kirchhoff 0.1 --lambda-pressure-constraints 100.0 --lambda-flow-residual 100.0 --pressure-constraint gauge_only
