[info] DC Step 2 canonical sweep uses fixed lambda_B=100.0 for both the outer boundary loss and the reduced pressure-solver boundary constraint.

GNN flow training:   0%|          | 0/100 [00:00<?, ?epoch/s]
GNN flow training:   0%|          | 0/100 [00:06<?, ?epoch/s, best=1.324e+01, sign=0.194, train=1.339e+01, val=1.324e+01]
GNN flow training:   1%|          | 1/100 [00:06<10:40,  6.47s/epoch, best=1.324e+01, sign=0.194, train=1.339e+01, val=1.324e+01]
GNN flow training:   1%|          | 1/100 [00:12<10:40,  6.47s/epoch, best=1.324e+01, sign=0.194, train=1.340e+01, val=1.327e+01]
GNN flow training:   2%|▏         | 2/100 [00:12<10:33,  6.47s/epoch, best=1.324e+01, sign=0.194, train=1.340e+01, val=1.327e+01]
GNN flow training:   2%|▏         | 2/100 [00:19<10:33,  6.47s/epoch, best=1.324e+01, sign=0.194, train=1.342e+01, val=1.326e+01]
GNN flow training:   3%|▎         | 3/100 [00:19<10:18,  6.37s/epoch, best=1.324e+01, sign=0.194, train=1.342e+01, val=1.326e+01]
GNN flow training:   3%|▎         | 3/100 [00:25<10:18,  6.37s/epoch, best=1.324e+01, sign=0.194, train=1.341e+01, val=1.322e+01]
GNN flow training:   4%|▍         | 4/100 [00:25<10:09,  6.35s/epoch, best=1.324e+01, sign=0.194, train=1.341e+01, val=1.322e+01]
GNN flow training:   4%|▍         | 4/100 [00:31<10:09,  6.35s/epoch, best=1.322e+01, sign=0.194, train=1.337e+01, val=1.322e+01]
GNN flow training:   5%|▌         | 5/100 [00:31<10:02,  6.34s/epoch, best=1.322e+01, sign=0.194, train=1.337e+01, val=1.322e+01]
GNN flow training:   5%|▌         | 5/100 [00:38<10:02,  6.34s/epoch, best=1.322e+01, sign=0.194, train=1.338e+01, val=1.321e+01]
GNN flow training:   6%|▌         | 6/100 [00:38<09:53,  6.31s/epoch, best=1.322e+01, sign=0.194, train=1.338e+01, val=1.321e+01]
GNN flow training:   6%|▌         | 6/100 [00:44<09:53,  6.31s/epoch, best=1.321e+01, sign=0.195, train=1.337e+01, val=1.322e+01]
GNN flow training:   7%|▋         | 7/100 [00:44<09:45,  6.30s/epoch, best=1.321e+01, sign=0.195, train=1.337e+01, val=1.322e+01]
GNN flow training:   7%|▋         | 7/100 [00:50<09:45,  6.30s/epoch, best=1.321e+01, sign=0.195, train=1.338e+01, val=1.319e+01]
GNN flow training:   8%|▊         | 8/100 [00:50<09:39,  6.30s/epoch, best=1.321e+01, sign=0.195, train=1.338e+01, val=1.319e+01]
GNN flow training:   8%|▊         | 8/100 [00:56<09:39,  6.30s/epoch, best=1.319e+01, sign=0.195, train=1.335e+01, val=1.319e+01]
GNN flow training:   9%|▉         | 9/100 [00:56<09:33,  6.31s/epoch, best=1.319e+01, sign=0.195, train=1.335e+01, val=1.319e+01]
GNN flow training:   9%|▉         | 9/100 [01:03<09:33,  6.31s/epoch, best=1.319e+01, sign=0.194, train=1.334e+01, val=1.318e+01]
GNN flow training:  10%|█         | 10/100 [01:03<09:27,  6.30s/epoch, best=1.319e+01, sign=0.194, train=1.334e+01, val=1.318e+01]
GNN flow training:  10%|█         | 10/100 [01:09<09:27,  6.30s/epoch, best=1.318e+01, sign=0.194, train=1.334e+01, val=1.317e+01]
GNN flow training:  11%|█         | 11/100 [01:09<09:21,  6.31s/epoch, best=1.318e+01, sign=0.194, train=1.334e+01, val=1.317e+01]
GNN flow training:  11%|█         | 11/100 [01:15<09:21,  6.31s/epoch, best=1.317e+01, sign=0.194, train=1.332e+01, val=1.314e+01]
GNN flow training:  12%|█▏        | 12/100 [01:15<09:14,  6.30s/epoch, best=1.317e+01, sign=0.194, train=1.332e+01, val=1.314e+01]
GNN flow training:  12%|█▏        | 12/100 [01:22<09:14,  6.30s/epoch, best=1.314e+01, sign=0.194, train=1.330e+01, val=1.311e+01]
GNN flow training:  13%|█▎        | 13/100 [01:22<09:08,  6.30s/epoch, best=1.314e+01, sign=0.194, train=1.330e+01, val=1.311e+01]
GNN flow training:  13%|█▎        | 13/100 [01:28<09:08,  6.30s/epoch, best=1.311e+01, sign=0.194, train=1.327e+01, val=1.313e+01]
GNN flow training:  14%|█▍        | 14/100 [01:28<09:02,  6.31s/epoch, best=1.311e+01, sign=0.194, train=1.327e+01, val=1.313e+01]
GNN flow training:  14%|█▍        | 14/100 [01:34<09:02,  6.31s/epoch, best=1.311e+01, sign=0.193, train=1.328e+01, val=1.311e+01]
GNN flow training:  15%|█▌        | 15/100 [01:34<08:55,  6.31s/epoch, best=1.311e+01, sign=0.193, train=1.328e+01, val=1.311e+01]
GNN flow training:  15%|█▌        | 15/100 [01:41<08:55,  6.31s/epoch, best=1.311e+01, sign=0.193, train=1.326e+01, val=1.310e+01]
GNN flow training:  16%|█▌        | 16/100 [01:41<08:49,  6.31s/epoch, best=1.311e+01, sign=0.193, train=1.326e+01, val=1.310e+01]
GNN flow training:  16%|█▌        | 16/100 [01:47<08:49,  6.31s/epoch, best=1.310e+01, sign=0.193, train=1.325e+01, val=1.306e+01]
GNN flow training:  17%|█▋        | 17/100 [01:47<08:44,  6.32s/epoch, best=1.310e+01, sign=0.193, train=1.325e+01, val=1.306e+01]
GNN flow training:  17%|█▋        | 17/100 [01:53<08:44,  6.32s/epoch, best=1.306e+01, sign=0.193, train=1.322e+01, val=1.304e+01]
GNN flow training:  18%|█▊        | 18/100 [01:53<08:37,  6.31s/epoch, best=1.306e+01, sign=0.193, train=1.322e+01, val=1.304e+01]
GNN flow training:  18%|█▊        | 18/100 [02:00<08:37,  6.31s/epoch, best=1.304e+01, sign=0.193, train=1.320e+01, val=1.302e+01]
GNN flow training:  19%|█▉        | 19/100 [02:00<08:31,  6.32s/epoch, best=1.304e+01, sign=0.193, train=1.320e+01, val=1.302e+01]
GNN flow training:  19%|█▉        | 19/100 [02:06<08:31,  6.32s/epoch, best=1.302e+01, sign=0.193, train=1.317e+01, val=1.301e+01]
GNN flow training:  20%|██        | 20/100 [02:06<08:23,  6.29s/epoch, best=1.302e+01, sign=0.193, train=1.317e+01, val=1.301e+01]
GNN flow training:  20%|██        | 20/100 [02:12<08:23,  6.29s/epoch, best=1.301e+01, sign=0.193, train=1.316e+01, val=1.297e+01]
GNN flow training:  21%|██        | 21/100 [02:12<08:18,  6.32s/epoch, best=1.301e+01, sign=0.193, train=1.316e+01, val=1.297e+01]
GNN flow training:  21%|██        | 21/100 [02:19<08:18,  6.32s/epoch, best=1.297e+01, sign=0.193, train=1.313e+01, val=1.292e+01]
GNN flow training:  22%|██▏       | 22/100 [02:19<08:12,  6.31s/epoch, best=1.297e+01, sign=0.193, train=1.313e+01, val=1.292e+01]
GNN flow training:  22%|██▏       | 22/100 [02:25<08:12,  6.31s/epoch, best=1.292e+01, sign=0.192, train=1.307e+01, val=1.286e+01]
GNN flow training:  23%|██▎       | 23/100 [02:25<08:05,  6.30s/epoch, best=1.292e+01, sign=0.192, train=1.307e+01, val=1.286e+01]
GNN flow training:  23%|██▎       | 23/100 [02:31<08:05,  6.30s/epoch, best=1.286e+01, sign=0.191, train=1.301e+01, val=1.281e+01]
GNN flow training:  24%|██▍       | 24/100 [02:31<07:58,  6.30s/epoch, best=1.286e+01, sign=0.191, train=1.301e+01, val=1.281e+01]
GNN flow training:  24%|██▍       | 24/100 [02:37<07:58,  6.30s/epoch, best=1.281e+01, sign=0.189, train=1.296e+01, val=1.277e+01]
GNN flow training:  25%|██▌       | 25/100 [02:37<07:51,  6.29s/epoch, best=1.281e+01, sign=0.189, train=1.296e+01, val=1.277e+01]
GNN flow training:  25%|██▌       | 25/100 [02:44<07:51,  6.29s/epoch, best=1.277e+01, sign=0.186, train=1.292e+01, val=1.270e+01]
GNN flow training:  26%|██▌       | 26/100 [02:44<07:43,  6.27s/epoch, best=1.277e+01, sign=0.186, train=1.292e+01, val=1.270e+01]
GNN flow training:  26%|██▌       | 26/100 [02:50<07:43,  6.27s/epoch, best=1.270e+01, sign=0.184, train=1.284e+01, val=1.267e+01]
GNN flow training:  27%|██▋       | 27/100 [02:50<07:37,  6.27s/epoch, best=1.270e+01, sign=0.184, train=1.284e+01, val=1.267e+01]
GNN flow training:  27%|██▋       | 27/100 [02:56<07:37,  6.27s/epoch, best=1.267e+01, sign=0.184, train=1.281e+01, val=1.268e+01]
GNN flow training:  28%|██▊       | 28/100 [02:56<07:31,  6.27s/epoch, best=1.267e+01, sign=0.184, train=1.281e+01, val=1.268e+01]
GNN flow training:  28%|██▊       | 28/100 [03:02<07:31,  6.27s/epoch, best=1.267e+01, sign=0.184, train=1.282e+01, val=1.265e+01]
GNN flow training:  29%|██▉       | 29/100 [03:02<07:25,  6.28s/epoch, best=1.267e+01, sign=0.184, train=1.282e+01, val=1.265e+01]
GNN flow training:  29%|██▉       | 29/100 [03:09<07:25,  6.28s/epoch, best=1.265e+01, sign=0.184, train=1.279e+01, val=1.264e+01]
GNN flow training:  30%|███       | 30/100 [03:09<07:20,  6.29s/epoch, best=1.265e+01, sign=0.184, train=1.279e+01, val=1.264e+01]
GNN flow training:  30%|███       | 30/100 [03:15<07:20,  6.29s/epoch, best=1.264e+01, sign=0.184, train=1.278e+01, val=1.264e+01]
GNN flow training:  31%|███       | 31/100 [03:15<07:14,  6.30s/epoch, best=1.264e+01, sign=0.184, train=1.278e+01, val=1.264e+01]
GNN flow training:  31%|███       | 31/100 [03:21<07:14,  6.30s/epoch, best=1.264e+01, sign=0.183, train=1.278e+01, val=1.263e+01]
GNN flow training:  32%|███▏      | 32/100 [03:21<07:08,  6.31s/epoch, best=1.264e+01, sign=0.183, train=1.278e+01, val=1.263e+01]
GNN flow training:  32%|███▏      | 32/100 [03:28<07:08,  6.31s/epoch, best=1.263e+01, sign=0.182, train=1.276e+01, val=1.252e+01]
GNN flow training:  33%|███▎      | 33/100 [03:28<07:03,  6.33s/epoch, best=1.263e+01, sign=0.182, train=1.276e+01, val=1.252e+01]
GNN flow training:  33%|███▎      | 33/100 [03:34<07:03,  6.33s/epoch, best=1.252e+01, sign=0.181, train=1.265e+01, val=1.249e+01]
GNN flow training:  34%|███▍      | 34/100 [03:34<06:57,  6.32s/epoch, best=1.252e+01, sign=0.181, train=1.265e+01, val=1.249e+01]
GNN flow training:  34%|███▍      | 34/100 [03:40<06:57,  6.32s/epoch, best=1.249e+01, sign=0.180, train=1.262e+01, val=1.232e+01]
GNN flow training:  35%|███▌      | 35/100 [03:40<06:49,  6.31s/epoch, best=1.249e+01, sign=0.180, train=1.262e+01, val=1.232e+01]
GNN flow training:  35%|███▌      | 35/100 [03:47<06:49,  6.31s/epoch, best=1.232e+01, sign=0.178, train=1.243e+01, val=1.216e+01]
GNN flow training:  36%|███▌      | 36/100 [03:47<06:43,  6.30s/epoch, best=1.232e+01, sign=0.178, train=1.243e+01, val=1.216e+01]
GNN flow training:  36%|███▌      | 36/100 [03:53<06:43,  6.30s/epoch, best=1.216e+01, sign=0.175, train=1.227e+01, val=1.190e+01]
GNN flow training:  37%|███▋      | 37/100 [03:53<06:36,  6.29s/epoch, best=1.216e+01, sign=0.175, train=1.227e+01, val=1.190e+01]
GNN flow training:  37%|███▋      | 37/100 [03:59<06:36,  6.29s/epoch, best=1.190e+01, sign=0.174, train=1.200e+01, val=1.175e+01]
GNN flow training:  38%|███▊      | 38/100 [03:59<06:29,  6.28s/epoch, best=1.190e+01, sign=0.174, train=1.200e+01, val=1.175e+01]
GNN flow training:  38%|███▊      | 38/100 [04:05<06:29,  6.28s/epoch, best=1.175e+01, sign=0.174, train=1.185e+01, val=1.169e+01]
GNN flow training:  39%|███▉      | 39/100 [04:05<06:22,  6.27s/epoch, best=1.175e+01, sign=0.174, train=1.185e+01, val=1.169e+01]
GNN flow training:  39%|███▉      | 39/100 [04:12<06:22,  6.27s/epoch, best=1.169e+01, sign=0.174, train=1.178e+01, val=1.160e+01]
GNN flow training:  40%|████      | 40/100 [04:12<06:16,  6.28s/epoch, best=1.169e+01, sign=0.174, train=1.178e+01, val=1.160e+01]
GNN flow training:  40%|████      | 40/100 [04:18<06:16,  6.28s/epoch, best=1.160e+01, sign=0.173, train=1.169e+01, val=1.155e+01]
GNN flow training:  41%|████      | 41/100 [04:18<06:09,  6.27s/epoch, best=1.160e+01, sign=0.173, train=1.169e+01, val=1.155e+01]
GNN flow training:  41%|████      | 41/100 [04:24<06:09,  6.27s/epoch, best=1.155e+01, sign=0.175, train=1.164e+01, val=1.156e+01]
GNN flow training:  42%|████▏     | 42/100 [04:24<06:03,  6.26s/epoch, best=1.155e+01, sign=0.175, train=1.164e+01, val=1.156e+01]
GNN flow training:  42%|████▏     | 42/100 [04:30<06:03,  6.26s/epoch, best=1.155e+01, sign=0.177, train=1.165e+01, val=1.160e+01]
GNN flow training:  43%|████▎     | 43/100 [04:30<05:57,  6.27s/epoch, best=1.155e+01, sign=0.177, train=1.165e+01, val=1.160e+01]
GNN flow training:  43%|████▎     | 43/100 [04:37<05:57,  6.27s/epoch, best=1.155e+01, sign=0.174, train=1.169e+01, val=1.150e+01]
GNN flow training:  44%|████▍     | 44/100 [04:37<05:50,  6.26s/epoch, best=1.155e+01, sign=0.174, train=1.169e+01, val=1.150e+01]
GNN flow training:  44%|████▍     | 44/100 [04:43<05:50,  6.26s/epoch, best=1.150e+01, sign=0.168, train=1.159e+01, val=1.128e+01]
GNN flow training:  45%|████▌     | 45/100 [04:43<05:43,  6.25s/epoch, best=1.150e+01, sign=0.168, train=1.159e+01, val=1.128e+01]
GNN flow training:  45%|████▌     | 45/100 [04:49<05:43,  6.25s/epoch, best=1.128e+01, sign=0.164, train=1.135e+01, val=1.129e+01]
GNN flow training:  46%|████▌     | 46/100 [04:49<05:36,  6.24s/epoch, best=1.128e+01, sign=0.164, train=1.135e+01, val=1.129e+01]
GNN flow training:  46%|████▌     | 46/100 [04:55<05:36,  6.24s/epoch, best=1.128e+01, sign=0.165, train=1.135e+01, val=1.138e+01]
GNN flow training:  47%|████▋     | 47/100 [04:55<05:31,  6.25s/epoch, best=1.128e+01, sign=0.165, train=1.135e+01, val=1.138e+01]
GNN flow training:  47%|████▋     | 47/100 [05:02<05:31,  6.25s/epoch, best=1.128e+01, sign=0.162, train=1.144e+01, val=1.145e+01]
GNN flow training:  48%|████▊     | 48/100 [05:02<05:24,  6.24s/epoch, best=1.128e+01, sign=0.162, train=1.144e+01, val=1.145e+01]
GNN flow training:  48%|████▊     | 48/100 [05:08<05:24,  6.24s/epoch, best=1.128e+01, sign=0.162, train=1.151e+01, val=1.152e+01]
GNN flow training:  49%|████▉     | 49/100 [05:08<05:19,  6.26s/epoch, best=1.128e+01, sign=0.162, train=1.151e+01, val=1.152e+01]
GNN flow training:  49%|████▉     | 49/100 [05:14<05:19,  6.26s/epoch, best=1.128e+01, sign=0.162, train=1.158e+01, val=1.160e+01]
GNN flow training:  50%|█████     | 50/100 [05:14<05:12,  6.25s/epoch, best=1.128e+01, sign=0.162, train=1.158e+01, val=1.160e+01]
GNN flow training:  50%|█████     | 50/100 [05:20<05:12,  6.25s/epoch, best=1.128e+01, sign=0.162, train=1.166e+01, val=1.155e+01]
GNN flow training:  51%|█████     | 51/100 [05:20<05:05,  6.23s/epoch, best=1.128e+01, sign=0.162, train=1.166e+01, val=1.155e+01]
GNN flow training:  51%|█████     | 51/100 [05:27<05:05,  6.23s/epoch, best=1.128e+01, sign=0.163, train=1.161e+01, val=1.135e+01]
GNN flow training:  52%|█████▏    | 52/100 [05:27<04:59,  6.24s/epoch, best=1.128e+01, sign=0.163, train=1.161e+01, val=1.135e+01]
GNN flow training:  52%|█████▏    | 52/100 [05:33<04:59,  6.24s/epoch, best=1.128e+01, sign=0.164, train=1.141e+01, val=1.131e+01]
GNN flow training:  53%|█████▎    | 53/100 [05:33<04:53,  6.24s/epoch, best=1.128e+01, sign=0.164, train=1.141e+01, val=1.131e+01]
GNN flow training:  53%|█████▎    | 53/100 [05:39<04:53,  6.24s/epoch, best=1.128e+01, sign=0.164, train=1.138e+01, val=1.125e+01]
GNN flow training:  54%|█████▍    | 54/100 [05:39<04:47,  6.25s/epoch, best=1.128e+01, sign=0.164, train=1.138e+01, val=1.125e+01]
GNN flow training:  54%|█████▍    | 54/100 [05:45<04:47,  6.25s/epoch, best=1.125e+01, sign=0.165, train=1.133e+01, val=1.119e+01]
GNN flow training:  55%|█████▌    | 55/100 [05:45<04:40,  6.24s/epoch, best=1.125e+01, sign=0.165, train=1.133e+01, val=1.119e+01]
GNN flow training:  55%|█████▌    | 55/100 [05:52<04:40,  6.24s/epoch, best=1.119e+01, sign=0.165, train=1.126e+01, val=1.117e+01]
GNN flow training:  56%|█████▌    | 56/100 [05:52<04:34,  6.24s/epoch, best=1.119e+01, sign=0.165, train=1.126e+01, val=1.117e+01]
GNN flow training:  56%|█████▌    | 56/100 [05:58<04:34,  6.24s/epoch, best=1.117e+01, sign=0.165, train=1.125e+01, val=1.117e+01]
GNN flow training:  57%|█████▋    | 57/100 [05:58<04:28,  6.24s/epoch, best=1.117e+01, sign=0.165, train=1.125e+01, val=1.117e+01]
GNN flow training:  57%|█████▋    | 57/100 [06:04<04:28,  6.24s/epoch, best=1.117e+01, sign=0.163, train=1.124e+01, val=1.118e+01]
GNN flow training:  58%|█████▊    | 58/100 [06:04<04:22,  6.25s/epoch, best=1.117e+01, sign=0.163, train=1.124e+01, val=1.118e+01]
GNN flow training:  58%|█████▊    | 58/100 [06:10<04:22,  6.25s/epoch, best=1.117e+01, sign=0.163, train=1.125e+01, val=1.109e+01]
GNN flow training:  59%|█████▉    | 59/100 [06:10<04:16,  6.25s/epoch, best=1.117e+01, sign=0.163, train=1.125e+01, val=1.109e+01]
GNN flow training:  59%|█████▉    | 59/100 [06:17<04:16,  6.25s/epoch, best=1.109e+01, sign=0.162, train=1.115e+01, val=1.114e+01]
GNN flow training:  60%|██████    | 60/100 [06:17<04:09,  6.25s/epoch, best=1.109e+01, sign=0.162, train=1.115e+01, val=1.114e+01]
GNN flow training:  60%|██████    | 60/100 [06:23<04:09,  6.25s/epoch, best=1.109e+01, sign=0.164, train=1.120e+01, val=1.118e+01]
GNN flow training:  61%|██████    | 61/100 [06:23<04:03,  6.25s/epoch, best=1.109e+01, sign=0.164, train=1.120e+01, val=1.118e+01]
GNN flow training:  61%|██████    | 61/100 [06:29<04:03,  6.25s/epoch, best=1.109e+01, sign=0.163, train=1.125e+01, val=1.121e+01]
GNN flow training:  62%|██████▏   | 62/100 [06:29<03:56,  6.23s/epoch, best=1.109e+01, sign=0.163, train=1.125e+01, val=1.121e+01]
GNN flow training:  62%|██████▏   | 62/100 [06:35<03:56,  6.23s/epoch, best=1.109e+01, sign=0.164, train=1.128e+01, val=1.126e+01]
GNN flow training:  63%|██████▎   | 63/100 [06:35<03:51,  6.24s/epoch, best=1.109e+01, sign=0.164, train=1.128e+01, val=1.126e+01]
GNN flow training:  63%|██████▎   | 63/100 [06:42<03:51,  6.24s/epoch, best=1.109e+01, sign=0.163, train=1.133e+01, val=1.116e+01]
GNN flow training:  64%|██████▍   | 64/100 [06:42<03:44,  6.24s/epoch, best=1.109e+01, sign=0.163, train=1.133e+01, val=1.116e+01]
GNN flow training:  64%|██████▍   | 64/100 [06:48<03:44,  6.24s/epoch, best=1.109e+01, sign=0.163, train=1.122e+01, val=1.111e+01]
GNN flow training:  65%|██████▌   | 65/100 [06:48<03:38,  6.24s/epoch, best=1.109e+01, sign=0.163, train=1.122e+01, val=1.111e+01]
GNN flow training:  65%|██████▌   | 65/100 [06:54<03:38,  6.24s/epoch, best=1.109e+01, sign=0.161, train=1.116e+01, val=1.102e+01]
GNN flow training:  66%|██████▌   | 66/100 [06:54<03:32,  6.25s/epoch, best=1.109e+01, sign=0.161, train=1.116e+01, val=1.102e+01]
GNN flow training:  66%|██████▌   | 66/100 [07:00<03:32,  6.25s/epoch, best=1.102e+01, sign=0.159, train=1.107e+01, val=1.098e+01]
GNN flow training:  67%|██████▋   | 67/100 [07:00<03:26,  6.27s/epoch, best=1.102e+01, sign=0.159, train=1.107e+01, val=1.098e+01]
GNN flow training:  67%|██████▋   | 67/100 [07:07<03:26,  6.27s/epoch, best=1.098e+01, sign=0.156, train=1.102e+01, val=1.082e+01]
GNN flow training:  68%|██████▊   | 68/100 [07:07<03:20,  6.26s/epoch, best=1.098e+01, sign=0.156, train=1.102e+01, val=1.082e+01]
GNN flow training:  68%|██████▊   | 68/100 [07:13<03:20,  6.26s/epoch, best=1.082e+01, sign=0.158, train=1.087e+01, val=1.105e+01]
GNN flow training:  69%|██████▉   | 69/100 [07:13<03:13,  6.25s/epoch, best=1.082e+01, sign=0.158, train=1.087e+01, val=1.105e+01]
GNN flow training:  69%|██████▉   | 69/100 [07:19<03:13,  6.25s/epoch, best=1.082e+01, sign=0.165, train=1.113e+01, val=1.125e+01]
GNN flow training:  70%|███████   | 70/100 [07:19<03:06,  6.23s/epoch, best=1.082e+01, sign=0.165, train=1.113e+01, val=1.125e+01]
GNN flow training:  70%|███████   | 70/100 [07:25<03:06,  6.23s/epoch, best=1.082e+01, sign=0.169, train=1.135e+01, val=1.135e+01]
GNN flow training:  71%|███████   | 71/100 [07:25<03:00,  6.22s/epoch, best=1.082e+01, sign=0.169, train=1.135e+01, val=1.135e+01]
GNN flow training:  71%|███████   | 71/100 [07:31<03:00,  6.22s/epoch, best=1.082e+01, sign=0.169, train=1.146e+01, val=1.130e+01]
GNN flow training:  72%|███████▏  | 72/100 [07:31<02:53,  6.21s/epoch, best=1.082e+01, sign=0.169, train=1.146e+01, val=1.130e+01]
GNN flow training:  72%|███████▏  | 72/100 [07:38<02:53,  6.21s/epoch, best=1.082e+01, sign=0.166, train=1.141e+01, val=1.111e+01]
GNN flow training:  73%|███████▎  | 73/100 [07:38<02:48,  6.24s/epoch, best=1.082e+01, sign=0.166, train=1.141e+01, val=1.111e+01]
GNN flow training:  73%|███████▎  | 73/100 [07:44<02:48,  6.24s/epoch, best=1.082e+01, sign=0.158, train=1.122e+01, val=1.074e+01]
GNN flow training:  74%|███████▍  | 74/100 [07:44<02:42,  6.24s/epoch, best=1.082e+01, sign=0.158, train=1.122e+01, val=1.074e+01]
GNN flow training:  74%|███████▍  | 74/100 [07:50<02:42,  6.24s/epoch, best=1.074e+01, sign=0.146, train=1.083e+01, val=1.047e+01]
GNN flow training:  75%|███████▌  | 75/100 [07:50<02:36,  6.26s/epoch, best=1.074e+01, sign=0.146, train=1.083e+01, val=1.047e+01]
GNN flow training:  75%|███████▌  | 75/100 [07:57<02:36,  6.26s/epoch, best=1.047e+01, sign=0.144, train=1.054e+01, val=1.049e+01]
GNN flow training:  76%|███████▌  | 76/100 [07:57<02:30,  6.28s/epoch, best=1.047e+01, sign=0.144, train=1.054e+01, val=1.049e+01]
GNN flow training:  76%|███████▌  | 76/100 [08:03<02:30,  6.28s/epoch, best=1.047e+01, sign=0.144, train=1.055e+01, val=1.051e+01]
GNN flow training:  77%|███████▋  | 77/100 [08:03<02:23,  6.26s/epoch, best=1.047e+01, sign=0.144, train=1.055e+01, val=1.051e+01]
GNN flow training:  77%|███████▋  | 77/100 [08:09<02:23,  6.26s/epoch, best=1.047e+01, sign=0.145, train=1.056e+01, val=1.050e+01]
GNN flow training:  78%|███████▊  | 78/100 [08:09<02:17,  6.26s/epoch, best=1.047e+01, sign=0.145, train=1.056e+01, val=1.050e+01]
GNN flow training:  78%|███████▊  | 78/100 [08:15<02:17,  6.26s/epoch, best=1.047e+01, sign=0.147, train=1.056e+01, val=1.044e+01]
GNN flow training:  79%|███████▉  | 79/100 [08:15<02:11,  6.25s/epoch, best=1.047e+01, sign=0.147, train=1.056e+01, val=1.044e+01]
GNN flow training:  79%|███████▉  | 79/100 [08:22<02:11,  6.25s/epoch, best=1.044e+01, sign=0.149, train=1.050e+01, val=1.048e+01]
GNN flow training:  80%|████████  | 80/100 [08:22<02:05,  6.26s/epoch, best=1.044e+01, sign=0.149, train=1.050e+01, val=1.048e+01]
GNN flow training:  80%|████████  | 80/100 [08:28<02:05,  6.26s/epoch, best=1.044e+01, sign=0.150, train=1.054e+01, val=1.053e+01]
GNN flow training:  81%|████████  | 81/100 [08:28<01:59,  6.27s/epoch, best=1.044e+01, sign=0.150, train=1.054e+01, val=1.053e+01]
GNN flow training:  81%|████████  | 81/100 [08:34<01:59,  6.27s/epoch, best=1.044e+01, sign=0.149, train=1.059e+01, val=1.039e+01]
GNN flow training:  82%|████████▏ | 82/100 [08:34<01:52,  6.26s/epoch, best=1.044e+01, sign=0.149, train=1.059e+01, val=1.039e+01]
GNN flow training:  82%|████████▏ | 82/100 [08:40<01:52,  6.26s/epoch, best=1.039e+01, sign=0.149, train=1.045e+01, val=1.036e+01]
GNN flow training:  83%|████████▎ | 83/100 [08:40<01:47,  6.29s/epoch, best=1.039e+01, sign=0.149, train=1.045e+01, val=1.036e+01]
GNN flow training:  83%|████████▎ | 83/100 [08:47<01:47,  6.29s/epoch, best=1.036e+01, sign=0.151, train=1.042e+01, val=1.027e+01]
GNN flow training:  84%|████████▍ | 84/100 [08:47<01:40,  6.30s/epoch, best=1.036e+01, sign=0.151, train=1.042e+01, val=1.027e+01]
GNN flow training:  84%|████████▍ | 84/100 [08:53<01:40,  6.30s/epoch, best=1.027e+01, sign=0.151, train=1.034e+01, val=1.036e+01]
GNN flow training:  85%|████████▌ | 85/100 [08:53<01:34,  6.29s/epoch, best=1.027e+01, sign=0.151, train=1.034e+01, val=1.036e+01]
GNN flow training:  85%|████████▌ | 85/100 [08:59<01:34,  6.29s/epoch, best=1.027e+01, sign=0.155, train=1.043e+01, val=1.040e+01]
GNN flow training:  86%|████████▌ | 86/100 [08:59<01:28,  6.31s/epoch, best=1.027e+01, sign=0.155, train=1.043e+01, val=1.040e+01]
GNN flow training:  86%|████████▌ | 86/100 [09:06<01:28,  6.31s/epoch, best=1.027e+01, sign=0.159, train=1.047e+01, val=1.046e+01]
GNN flow training:  87%|████████▋ | 87/100 [09:06<01:21,  6.28s/epoch, best=1.027e+01, sign=0.159, train=1.047e+01, val=1.046e+01]
GNN flow training:  87%|████████▋ | 87/100 [09:12<01:21,  6.28s/epoch, best=1.027e+01, sign=0.163, train=1.053e+01, val=1.053e+01]
GNN flow training:  88%|████████▊ | 88/100 [09:12<01:15,  6.26s/epoch, best=1.027e+01, sign=0.163, train=1.053e+01, val=1.053e+01]
GNN flow training:  88%|████████▊ | 88/100 [09:18<01:15,  6.26s/epoch, best=1.027e+01, sign=0.164, train=1.060e+01, val=1.046e+01]
GNN flow training:  89%|████████▉ | 89/100 [09:18<01:08,  6.26s/epoch, best=1.027e+01, sign=0.164, train=1.060e+01, val=1.046e+01]
GNN flow training:  89%|████████▉ | 89/100 [09:24<01:08,  6.26s/epoch, best=1.027e+01, sign=0.170, train=1.054e+01, val=1.055e+01]
GNN flow training:  90%|█████████ | 90/100 [09:24<01:02,  6.25s/epoch, best=1.027e+01, sign=0.170, train=1.054e+01, val=1.055e+01]
GNN flow training:  90%|█████████ | 90/100 [09:31<01:02,  6.25s/epoch, best=1.027e+01, sign=0.170, train=1.064e+01, val=1.034e+01]
GNN flow training:  91%|█████████ | 91/100 [09:31<00:56,  6.25s/epoch, best=1.027e+01, sign=0.170, train=1.064e+01, val=1.034e+01]
GNN flow training:  91%|█████████ | 91/100 [09:37<00:56,  6.25s/epoch, best=1.027e+01, sign=0.168, train=1.042e+01, val=1.020e+01]
GNN flow training:  92%|█████████▏| 92/100 [09:37<00:50,  6.26s/epoch, best=1.027e+01, sign=0.168, train=1.042e+01, val=1.020e+01]
GNN flow training:  92%|█████████▏| 92/100 [09:43<00:50,  6.26s/epoch, best=1.020e+01, sign=0.166, train=1.027e+01, val=1.003e+01]
GNN flow training:  93%|█████████▎| 93/100 [09:43<00:43,  6.24s/epoch, best=1.020e+01, sign=0.166, train=1.027e+01, val=1.003e+01]
GNN flow training:  93%|█████████▎| 93/100 [09:49<00:43,  6.24s/epoch, best=1.003e+01, sign=0.159, train=1.009e+01, val=9.993e+00]
GNN flow training:  94%|█████████▍| 94/100 [09:49<00:37,  6.25s/epoch, best=1.003e+01, sign=0.159, train=1.009e+01, val=9.993e+00]
GNN flow training:  94%|█████████▍| 94/100 [09:56<00:37,  6.25s/epoch, best=9.993e+00, sign=0.157, train=1.007e+01, val=9.945e+00]
GNN flow training:  95%|█████████▌| 95/100 [09:56<00:31,  6.28s/epoch, best=9.993e+00, sign=0.157, train=1.007e+01, val=9.945e+00]
GNN flow training:  95%|█████████▌| 95/100 [10:02<00:31,  6.28s/epoch, best=9.945e+00, sign=0.157, train=1.002e+01, val=9.861e+00]
GNN flow training:  96%|█████████▌| 96/100 [10:02<00:25,  6.27s/epoch, best=9.945e+00, sign=0.157, train=1.002e+01, val=9.861e+00]
GNN flow training:  96%|█████████▌| 96/100 [10:08<00:25,  6.27s/epoch, best=9.861e+00, sign=0.157, train=9.938e+00, val=9.709e+00]
GNN flow training:  97%|█████████▋| 97/100 [10:08<00:18,  6.28s/epoch, best=9.861e+00, sign=0.157, train=9.938e+00, val=9.709e+00]
GNN flow training:  97%|█████████▋| 97/100 [10:14<00:18,  6.28s/epoch, best=9.709e+00, sign=0.159, train=9.784e+00, val=9.553e+00]
GNN flow training:  98%|█████████▊| 98/100 [10:14<00:12,  6.28s/epoch, best=9.709e+00, sign=0.159, train=9.784e+00, val=9.553e+00]
GNN flow training:  98%|█████████▊| 98/100 [10:21<00:12,  6.28s/epoch, best=9.553e+00, sign=0.169, train=9.627e+00, val=9.550e+00]
GNN flow training:  99%|█████████▉| 99/100 [10:21<00:06,  6.29s/epoch, best=9.553e+00, sign=0.169, train=9.627e+00, val=9.550e+00]
GNN flow training:  99%|█████████▉| 99/100 [10:27<00:06,  6.29s/epoch, best=9.550e+00, sign=0.169, train=9.627e+00, val=9.563e+00]
GNN flow training: 100%|██████████| 100/100 [10:27<00:00,  6.29s/epoch, best=9.550e+00, sign=0.169, train=9.627e+00, val=9.563e+00]
GNN flow training: 100%|██████████| 100/100 [10:27<00:00,  6.28s/epoch, best=9.550e+00, sign=0.169, train=9.627e+00, val=9.563e+00]
Resolved config snapshot:
{'preset': 'solver_QKB_outer_QKBdelta', 'gnn_outer_losses': {'flow': 10.0, 'kirchhoff': 1.0, 'boundary': 100.0, 'delta_l2': 0.1, 'delta_smooth': 0.0, 'pressure_shape': 0.0}, 'physics': {'arterial_flow_mode': 'dataset', 'pressure_constraints': ['equal-a-equal-v'], 'alpha_pa': None, 'use_snr_weights': True, 'use_observed_flow_snr_weighting': True, 'flow_scale_mode': 'median_abs', 'solver_device': 'same', 'pressure_solver_mode': 'reduced-soft-constrained-lstsq', 'pressure_solver_lambda_kirchhoff': 1.0, 'pressure_solver_lambda_pressure_constraints': 100.0, 'pressure_solver_lambda_flow_residual': 1.0, 'pressure_shape_reference': 'delta_zero_reference', 'pressure_detach': False}, 'correction_bounds': {'correction_min': -0.5, 'correction_max': 0.5, 'correction_bound': 0.5, 'correction_parameterization': 'tanh'}, 'optimization': {'learning_rate': 0.001, 'weight_decay': 0.0001, 'gradient_clip_norm': 5.0, 'optimizer': 'adamw', 'epochs': 100, 'patience': 40}}
Shard 37/80: 1 of 80 runs
Command: /mnt/home/sswee/miniforge3/envs/yolk-sac/bin/python /mnt/home/sswee/yolk/Yolk-Sac-Flow-Data-and-Sim/gnn_clean/scripts/python/gnn_flow.py /mnt/home/sswee/yolk/Yolk-Sac-Flow-Data-and-Sim/gnn_clean/datasets/mosaic_graph_canonical_harmonized/mosaic_graph_canonical_harmonized.gpickle --output-dir /mnt/home/sswee/yolk/Yolk-Sac-Flow-Data-and-Sim/gnn_clean/outputs_canonical/dc/02_physics_weight_sweep/gnn --run-name q_10__k_1__delta_0p1 --preset solver_QKB_outer_QKBdelta --device cuda --epochs 100 --seed 0 --viscosity-pa-s 0.0035 --config /mnt/home/sswee/yolk/Yolk-Sac-Flow-Data-and-Sim/gnn_clean/outputs_canonical/dc/02_physics_weight_sweep/_generated_configs/q_10__k_1__delta_0p1.yaml --no-pressure-detach
