[info] DC Step 2 canonical sweep uses fixed lambda_B=100.0 for both the outer boundary loss and the reduced pressure-solver boundary constraint.

GNN flow training:   0%|          | 0/100 [00:00<?, ?epoch/s]
GNN flow training:   0%|          | 0/100 [00:06<?, ?epoch/s, best=1.777e+01, sign=0.194, train=1.932e+01, val=1.777e+01]
GNN flow training:   1%|          | 1/100 [00:06<10:38,  6.45s/epoch, best=1.777e+01, sign=0.194, train=1.932e+01, val=1.777e+01]
GNN flow training:   1%|          | 1/100 [00:12<10:38,  6.45s/epoch, best=1.777e+01, sign=0.194, train=1.933e+01, val=1.777e+01]
GNN flow training:   2%|▏         | 2/100 [00:12<10:29,  6.42s/epoch, best=1.777e+01, sign=0.194, train=1.933e+01, val=1.777e+01]
GNN flow training:   2%|▏         | 2/100 [00:19<10:29,  6.42s/epoch, best=1.777e+01, sign=0.193, train=1.933e+01, val=1.776e+01]
GNN flow training:   3%|▎         | 3/100 [00:19<10:22,  6.41s/epoch, best=1.777e+01, sign=0.193, train=1.933e+01, val=1.776e+01]
GNN flow training:   3%|▎         | 3/100 [00:25<10:22,  6.41s/epoch, best=1.776e+01, sign=0.193, train=1.932e+01, val=1.777e+01]
GNN flow training:   4%|▍         | 4/100 [00:25<10:13,  6.39s/epoch, best=1.776e+01, sign=0.193, train=1.932e+01, val=1.777e+01]
GNN flow training:   4%|▍         | 4/100 [00:31<10:13,  6.39s/epoch, best=1.776e+01, sign=0.193, train=1.933e+01, val=1.773e+01]
GNN flow training:   5%|▌         | 5/100 [00:31<10:03,  6.36s/epoch, best=1.776e+01, sign=0.193, train=1.933e+01, val=1.773e+01]
GNN flow training:   5%|▌         | 5/100 [00:38<10:03,  6.36s/epoch, best=1.773e+01, sign=0.193, train=1.929e+01, val=1.769e+01]
GNN flow training:   6%|▌         | 6/100 [00:38<09:55,  6.34s/epoch, best=1.773e+01, sign=0.193, train=1.929e+01, val=1.769e+01]
GNN flow training:   6%|▌         | 6/100 [00:44<09:55,  6.34s/epoch, best=1.769e+01, sign=0.193, train=1.924e+01, val=1.770e+01]
GNN flow training:   7%|▋         | 7/100 [00:44<09:47,  6.31s/epoch, best=1.769e+01, sign=0.193, train=1.924e+01, val=1.770e+01]
GNN flow training:   7%|▋         | 7/100 [00:50<09:47,  6.31s/epoch, best=1.769e+01, sign=0.192, train=1.926e+01, val=1.767e+01]
GNN flow training:   8%|▊         | 8/100 [00:50<09:39,  6.30s/epoch, best=1.769e+01, sign=0.192, train=1.926e+01, val=1.767e+01]
GNN flow training:   8%|▊         | 8/100 [00:57<09:39,  6.30s/epoch, best=1.767e+01, sign=0.191, train=1.922e+01, val=1.763e+01]
GNN flow training:   9%|▉         | 9/100 [00:57<09:31,  6.28s/epoch, best=1.767e+01, sign=0.191, train=1.922e+01, val=1.763e+01]
GNN flow training:   9%|▉         | 9/100 [01:03<09:31,  6.28s/epoch, best=1.763e+01, sign=0.190, train=1.918e+01, val=1.757e+01]
GNN flow training:  10%|█         | 10/100 [01:03<09:26,  6.30s/epoch, best=1.763e+01, sign=0.190, train=1.918e+01, val=1.757e+01]
GNN flow training:  10%|█         | 10/100 [01:09<09:26,  6.30s/epoch, best=1.757e+01, sign=0.189, train=1.911e+01, val=1.753e+01]
GNN flow training:  11%|█         | 11/100 [01:09<09:19,  6.28s/epoch, best=1.757e+01, sign=0.189, train=1.911e+01, val=1.753e+01]
GNN flow training:  11%|█         | 11/100 [01:15<09:19,  6.28s/epoch, best=1.753e+01, sign=0.189, train=1.904e+01, val=1.744e+01]
GNN flow training:  12%|█▏        | 12/100 [01:15<09:11,  6.27s/epoch, best=1.753e+01, sign=0.189, train=1.904e+01, val=1.744e+01]
GNN flow training:  12%|█▏        | 12/100 [01:22<09:11,  6.27s/epoch, best=1.744e+01, sign=0.187, train=1.894e+01, val=1.738e+01]
GNN flow training:  13%|█▎        | 13/100 [01:22<09:05,  6.27s/epoch, best=1.744e+01, sign=0.187, train=1.894e+01, val=1.738e+01]
GNN flow training:  13%|█▎        | 13/100 [01:28<09:05,  6.27s/epoch, best=1.738e+01, sign=0.185, train=1.886e+01, val=1.733e+01]
GNN flow training:  14%|█▍        | 14/100 [01:28<08:59,  6.27s/epoch, best=1.738e+01, sign=0.185, train=1.886e+01, val=1.733e+01]
GNN flow training:  14%|█▍        | 14/100 [01:34<08:59,  6.27s/epoch, best=1.733e+01, sign=0.184, train=1.880e+01, val=1.722e+01]
GNN flow training:  15%|█▌        | 15/100 [01:34<08:53,  6.28s/epoch, best=1.733e+01, sign=0.184, train=1.880e+01, val=1.722e+01]
GNN flow training:  15%|█▌        | 15/100 [01:40<08:53,  6.28s/epoch, best=1.722e+01, sign=0.183, train=1.867e+01, val=1.713e+01]
GNN flow training:  16%|█▌        | 16/100 [01:40<08:48,  6.29s/epoch, best=1.722e+01, sign=0.183, train=1.867e+01, val=1.713e+01]
GNN flow training:  16%|█▌        | 16/100 [01:47<08:48,  6.29s/epoch, best=1.713e+01, sign=0.180, train=1.856e+01, val=1.703e+01]
GNN flow training:  17%|█▋        | 17/100 [01:47<08:41,  6.28s/epoch, best=1.713e+01, sign=0.180, train=1.856e+01, val=1.703e+01]
GNN flow training:  17%|█▋        | 17/100 [01:53<08:41,  6.28s/epoch, best=1.703e+01, sign=0.178, train=1.842e+01, val=1.704e+01]
GNN flow training:  18%|█▊        | 18/100 [01:53<08:35,  6.29s/epoch, best=1.703e+01, sign=0.178, train=1.842e+01, val=1.704e+01]
GNN flow training:  18%|█▊        | 18/100 [01:59<08:35,  6.29s/epoch, best=1.703e+01, sign=0.176, train=1.840e+01, val=1.705e+01]
GNN flow training:  19%|█▉        | 19/100 [01:59<08:33,  6.33s/epoch, best=1.703e+01, sign=0.176, train=1.840e+01, val=1.705e+01]
GNN flow training:  19%|█▉        | 19/100 [02:06<08:33,  6.33s/epoch, best=1.703e+01, sign=0.174, train=1.838e+01, val=1.718e+01]
GNN flow training:  20%|██        | 20/100 [02:06<08:27,  6.34s/epoch, best=1.703e+01, sign=0.174, train=1.838e+01, val=1.718e+01]
GNN flow training:  20%|██        | 20/100 [02:12<08:27,  6.34s/epoch, best=1.703e+01, sign=0.173, train=1.848e+01, val=1.713e+01]
GNN flow training:  21%|██        | 21/100 [02:12<08:20,  6.33s/epoch, best=1.703e+01, sign=0.173, train=1.848e+01, val=1.713e+01]
GNN flow training:  21%|██        | 21/100 [02:18<08:20,  6.33s/epoch, best=1.703e+01, sign=0.173, train=1.839e+01, val=1.696e+01]
GNN flow training:  22%|██▏       | 22/100 [02:18<08:11,  6.30s/epoch, best=1.703e+01, sign=0.173, train=1.839e+01, val=1.696e+01]
GNN flow training:  22%|██▏       | 22/100 [02:25<08:11,  6.30s/epoch, best=1.696e+01, sign=0.172, train=1.820e+01, val=1.683e+01]
GNN flow training:  23%|██▎       | 23/100 [02:25<08:04,  6.30s/epoch, best=1.696e+01, sign=0.172, train=1.820e+01, val=1.683e+01]
GNN flow training:  23%|██▎       | 23/100 [02:31<08:04,  6.30s/epoch, best=1.683e+01, sign=0.171, train=1.804e+01, val=1.674e+01]
GNN flow training:  24%|██▍       | 24/100 [02:31<07:58,  6.30s/epoch, best=1.683e+01, sign=0.171, train=1.804e+01, val=1.674e+01]
GNN flow training:  24%|██▍       | 24/100 [02:37<07:58,  6.30s/epoch, best=1.674e+01, sign=0.170, train=1.792e+01, val=1.673e+01]
GNN flow training:  25%|██▌       | 25/100 [02:37<07:53,  6.31s/epoch, best=1.674e+01, sign=0.170, train=1.792e+01, val=1.673e+01]
GNN flow training:  25%|██▌       | 25/100 [02:44<07:53,  6.31s/epoch, best=1.673e+01, sign=0.170, train=1.790e+01, val=1.667e+01]
GNN flow training:  26%|██▌       | 26/100 [02:44<07:47,  6.32s/epoch, best=1.673e+01, sign=0.170, train=1.790e+01, val=1.667e+01]
GNN flow training:  26%|██▌       | 26/100 [02:50<07:47,  6.32s/epoch, best=1.667e+01, sign=0.170, train=1.782e+01, val=1.666e+01]
GNN flow training:  27%|██▋       | 27/100 [02:50<07:40,  6.31s/epoch, best=1.667e+01, sign=0.170, train=1.782e+01, val=1.666e+01]
GNN flow training:  27%|██▋       | 27/100 [02:56<07:40,  6.31s/epoch, best=1.666e+01, sign=0.166, train=1.779e+01, val=1.662e+01]
GNN flow training:  28%|██▊       | 28/100 [02:56<07:33,  6.30s/epoch, best=1.666e+01, sign=0.166, train=1.779e+01, val=1.662e+01]
GNN flow training:  28%|██▊       | 28/100 [03:02<07:33,  6.30s/epoch, best=1.662e+01, sign=0.163, train=1.768e+01, val=1.659e+01]
GNN flow training:  29%|██▉       | 29/100 [03:02<07:26,  6.28s/epoch, best=1.662e+01, sign=0.163, train=1.768e+01, val=1.659e+01]
GNN flow training:  29%|██▉       | 29/100 [03:09<07:26,  6.28s/epoch, best=1.659e+01, sign=0.163, train=1.757e+01, val=1.665e+01]
GNN flow training:  30%|███       | 30/100 [03:09<07:20,  6.29s/epoch, best=1.659e+01, sign=0.163, train=1.757e+01, val=1.665e+01]
GNN flow training:  30%|███       | 30/100 [03:15<07:20,  6.29s/epoch, best=1.659e+01, sign=0.160, train=1.756e+01, val=1.673e+01]
GNN flow training:  31%|███       | 31/100 [03:15<07:13,  6.28s/epoch, best=1.659e+01, sign=0.160, train=1.756e+01, val=1.673e+01]
GNN flow training:  31%|███       | 31/100 [03:21<07:13,  6.28s/epoch, best=1.659e+01, sign=0.159, train=1.762e+01, val=1.664e+01]
GNN flow training:  32%|███▏      | 32/100 [03:21<07:06,  6.28s/epoch, best=1.659e+01, sign=0.159, train=1.762e+01, val=1.664e+01]
GNN flow training:  32%|███▏      | 32/100 [03:28<07:06,  6.28s/epoch, best=1.659e+01, sign=0.158, train=1.749e+01, val=1.662e+01]
GNN flow training:  33%|███▎      | 33/100 [03:28<07:00,  6.28s/epoch, best=1.659e+01, sign=0.158, train=1.749e+01, val=1.662e+01]
GNN flow training:  33%|███▎      | 33/100 [03:34<07:00,  6.28s/epoch, best=1.659e+01, sign=0.158, train=1.744e+01, val=1.653e+01]
GNN flow training:  34%|███▍      | 34/100 [03:34<06:53,  6.27s/epoch, best=1.659e+01, sign=0.158, train=1.744e+01, val=1.653e+01]
GNN flow training:  34%|███▍      | 34/100 [03:40<06:53,  6.27s/epoch, best=1.653e+01, sign=0.159, train=1.735e+01, val=1.647e+01]
GNN flow training:  35%|███▌      | 35/100 [03:40<06:47,  6.27s/epoch, best=1.653e+01, sign=0.159, train=1.735e+01, val=1.647e+01]
GNN flow training:  35%|███▌      | 35/100 [03:46<06:47,  6.27s/epoch, best=1.647e+01, sign=0.158, train=1.729e+01, val=1.640e+01]
GNN flow training:  36%|███▌      | 36/100 [03:46<06:41,  6.27s/epoch, best=1.647e+01, sign=0.158, train=1.729e+01, val=1.640e+01]
GNN flow training:  36%|███▌      | 36/100 [03:53<06:41,  6.27s/epoch, best=1.640e+01, sign=0.157, train=1.720e+01, val=1.633e+01]
GNN flow training:  37%|███▋      | 37/100 [03:53<06:33,  6.25s/epoch, best=1.640e+01, sign=0.157, train=1.720e+01, val=1.633e+01]
GNN flow training:  37%|███▋      | 37/100 [03:59<06:33,  6.25s/epoch, best=1.633e+01, sign=0.156, train=1.708e+01, val=1.628e+01]
GNN flow training:  38%|███▊      | 38/100 [03:59<06:27,  6.26s/epoch, best=1.633e+01, sign=0.156, train=1.708e+01, val=1.628e+01]
GNN flow training:  38%|███▊      | 38/100 [04:05<06:27,  6.26s/epoch, best=1.628e+01, sign=0.154, train=1.701e+01, val=1.619e+01]
GNN flow training:  39%|███▉      | 39/100 [04:05<06:21,  6.26s/epoch, best=1.628e+01, sign=0.154, train=1.701e+01, val=1.619e+01]
GNN flow training:  39%|███▉      | 39/100 [04:11<06:21,  6.26s/epoch, best=1.619e+01, sign=0.152, train=1.688e+01, val=1.611e+01]
GNN flow training:  40%|████      | 40/100 [04:11<06:15,  6.27s/epoch, best=1.619e+01, sign=0.152, train=1.688e+01, val=1.611e+01]
GNN flow training:  40%|████      | 40/100 [04:18<06:15,  6.27s/epoch, best=1.611e+01, sign=0.150, train=1.674e+01, val=1.612e+01]
GNN flow training:  41%|████      | 41/100 [04:18<06:08,  6.25s/epoch, best=1.611e+01, sign=0.150, train=1.674e+01, val=1.612e+01]
GNN flow training:  41%|████      | 41/100 [04:24<06:08,  6.25s/epoch, best=1.611e+01, sign=0.148, train=1.668e+01, val=1.608e+01]
GNN flow training:  42%|████▏     | 42/100 [04:24<06:03,  6.26s/epoch, best=1.611e+01, sign=0.148, train=1.668e+01, val=1.608e+01]
GNN flow training:  42%|████▏     | 42/100 [04:30<06:03,  6.26s/epoch, best=1.608e+01, sign=0.146, train=1.661e+01, val=1.605e+01]
GNN flow training:  43%|████▎     | 43/100 [04:30<05:57,  6.27s/epoch, best=1.608e+01, sign=0.146, train=1.661e+01, val=1.605e+01]
GNN flow training:  43%|████▎     | 43/100 [04:36<05:57,  6.27s/epoch, best=1.605e+01, sign=0.146, train=1.656e+01, val=1.600e+01]
GNN flow training:  44%|████▍     | 44/100 [04:36<05:51,  6.28s/epoch, best=1.605e+01, sign=0.146, train=1.656e+01, val=1.600e+01]
GNN flow training:  44%|████▍     | 44/100 [04:43<05:51,  6.28s/epoch, best=1.600e+01, sign=0.146, train=1.650e+01, val=1.597e+01]
GNN flow training:  45%|████▌     | 45/100 [04:43<05:46,  6.29s/epoch, best=1.600e+01, sign=0.146, train=1.650e+01, val=1.597e+01]
GNN flow training:  45%|████▌     | 45/100 [04:49<05:46,  6.29s/epoch, best=1.597e+01, sign=0.147, train=1.645e+01, val=1.593e+01]
GNN flow training:  46%|████▌     | 46/100 [04:49<05:39,  6.29s/epoch, best=1.597e+01, sign=0.147, train=1.645e+01, val=1.593e+01]
GNN flow training:  46%|████▌     | 46/100 [04:55<05:39,  6.29s/epoch, best=1.593e+01, sign=0.147, train=1.640e+01, val=1.590e+01]
GNN flow training:  47%|████▋     | 47/100 [04:55<05:33,  6.29s/epoch, best=1.593e+01, sign=0.147, train=1.640e+01, val=1.590e+01]
GNN flow training:  47%|████▋     | 47/100 [05:02<05:33,  6.29s/epoch, best=1.590e+01, sign=0.147, train=1.636e+01, val=1.583e+01]
GNN flow training:  48%|████▊     | 48/100 [05:02<05:25,  6.26s/epoch, best=1.590e+01, sign=0.147, train=1.636e+01, val=1.583e+01]
GNN flow training:  48%|████▊     | 48/100 [05:08<05:25,  6.26s/epoch, best=1.583e+01, sign=0.146, train=1.628e+01, val=1.577e+01]
GNN flow training:  49%|████▉     | 49/100 [05:08<05:19,  6.26s/epoch, best=1.583e+01, sign=0.146, train=1.628e+01, val=1.577e+01]
GNN flow training:  49%|████▉     | 49/100 [05:14<05:19,  6.26s/epoch, best=1.577e+01, sign=0.146, train=1.622e+01, val=1.577e+01]
GNN flow training:  50%|█████     | 50/100 [05:14<05:12,  6.25s/epoch, best=1.577e+01, sign=0.146, train=1.622e+01, val=1.577e+01]
GNN flow training:  50%|█████     | 50/100 [05:20<05:12,  6.25s/epoch, best=1.577e+01, sign=0.146, train=1.621e+01, val=1.571e+01]
GNN flow training:  51%|█████     | 51/100 [05:20<05:05,  6.24s/epoch, best=1.577e+01, sign=0.146, train=1.621e+01, val=1.571e+01]
GNN flow training:  51%|█████     | 51/100 [05:27<05:05,  6.24s/epoch, best=1.571e+01, sign=0.146, train=1.614e+01, val=1.563e+01]
GNN flow training:  52%|█████▏    | 52/100 [05:27<05:00,  6.26s/epoch, best=1.571e+01, sign=0.146, train=1.614e+01, val=1.563e+01]
GNN flow training:  52%|█████▏    | 52/100 [05:33<05:00,  6.26s/epoch, best=1.563e+01, sign=0.145, train=1.604e+01, val=1.563e+01]
GNN flow training:  53%|█████▎    | 53/100 [05:33<04:55,  6.28s/epoch, best=1.563e+01, sign=0.145, train=1.604e+01, val=1.563e+01]
GNN flow training:  53%|█████▎    | 53/100 [05:39<04:55,  6.28s/epoch, best=1.563e+01, sign=0.145, train=1.598e+01, val=1.558e+01]
GNN flow training:  54%|█████▍    | 54/100 [05:39<04:48,  6.28s/epoch, best=1.563e+01, sign=0.145, train=1.598e+01, val=1.558e+01]
GNN flow training:  54%|█████▍    | 54/100 [05:45<04:48,  6.28s/epoch, best=1.558e+01, sign=0.144, train=1.591e+01, val=1.547e+01]
GNN flow training:  55%|█████▌    | 55/100 [05:45<04:41,  6.25s/epoch, best=1.558e+01, sign=0.144, train=1.591e+01, val=1.547e+01]
GNN flow training:  55%|█████▌    | 55/100 [05:52<04:41,  6.25s/epoch, best=1.547e+01, sign=0.145, train=1.579e+01, val=1.533e+01]
GNN flow training:  56%|█████▌    | 56/100 [05:52<04:35,  6.26s/epoch, best=1.547e+01, sign=0.145, train=1.579e+01, val=1.533e+01]
GNN flow training:  56%|█████▌    | 56/100 [05:58<04:35,  6.26s/epoch, best=1.533e+01, sign=0.145, train=1.568e+01, val=1.532e+01]
GNN flow training:  57%|█████▋    | 57/100 [05:58<04:29,  6.27s/epoch, best=1.533e+01, sign=0.145, train=1.568e+01, val=1.532e+01]
GNN flow training:  57%|█████▋    | 57/100 [06:04<04:29,  6.27s/epoch, best=1.532e+01, sign=0.143, train=1.570e+01, val=1.530e+01]
GNN flow training:  58%|█████▊    | 58/100 [06:04<04:23,  6.27s/epoch, best=1.532e+01, sign=0.143, train=1.570e+01, val=1.530e+01]
GNN flow training:  58%|█████▊    | 58/100 [06:10<04:23,  6.27s/epoch, best=1.530e+01, sign=0.142, train=1.560e+01, val=1.527e+01]
GNN flow training:  59%|█████▉    | 59/100 [06:10<04:17,  6.27s/epoch, best=1.530e+01, sign=0.142, train=1.560e+01, val=1.527e+01]
GNN flow training:  59%|█████▉    | 59/100 [06:17<04:17,  6.27s/epoch, best=1.527e+01, sign=0.141, train=1.549e+01, val=1.524e+01]
GNN flow training:  60%|██████    | 60/100 [06:17<04:11,  6.28s/epoch, best=1.527e+01, sign=0.141, train=1.549e+01, val=1.524e+01]
GNN flow training:  60%|██████    | 60/100 [06:23<04:11,  6.28s/epoch, best=1.524e+01, sign=0.141, train=1.541e+01, val=1.516e+01]
GNN flow training:  61%|██████    | 61/100 [06:23<04:04,  6.27s/epoch, best=1.524e+01, sign=0.141, train=1.541e+01, val=1.516e+01]
GNN flow training:  61%|██████    | 61/100 [06:29<04:04,  6.27s/epoch, best=1.516e+01, sign=0.141, train=1.530e+01, val=1.505e+01]
GNN flow training:  62%|██████▏   | 62/100 [06:29<03:58,  6.27s/epoch, best=1.516e+01, sign=0.141, train=1.530e+01, val=1.505e+01]
GNN flow training:  62%|██████▏   | 62/100 [06:36<03:58,  6.27s/epoch, best=1.505e+01, sign=0.141, train=1.517e+01, val=1.501e+01]
GNN flow training:  63%|██████▎   | 63/100 [06:36<03:52,  6.27s/epoch, best=1.505e+01, sign=0.141, train=1.517e+01, val=1.501e+01]
GNN flow training:  63%|██████▎   | 63/100 [06:42<03:52,  6.27s/epoch, best=1.501e+01, sign=0.141, train=1.513e+01, val=1.494e+01]
GNN flow training:  64%|██████▍   | 64/100 [06:42<03:46,  6.28s/epoch, best=1.501e+01, sign=0.141, train=1.513e+01, val=1.494e+01]
GNN flow training:  64%|██████▍   | 64/100 [06:48<03:46,  6.28s/epoch, best=1.494e+01, sign=0.140, train=1.503e+01, val=1.484e+01]
GNN flow training:  65%|██████▌   | 65/100 [06:48<03:40,  6.29s/epoch, best=1.494e+01, sign=0.140, train=1.503e+01, val=1.484e+01]
GNN flow training:  65%|██████▌   | 65/100 [06:55<03:40,  6.29s/epoch, best=1.484e+01, sign=0.141, train=1.489e+01, val=1.480e+01]
GNN flow training:  66%|██████▌   | 66/100 [06:55<03:34,  6.30s/epoch, best=1.484e+01, sign=0.141, train=1.489e+01, val=1.480e+01]
GNN flow training:  66%|██████▌   | 66/100 [07:01<03:34,  6.30s/epoch, best=1.480e+01, sign=0.140, train=1.485e+01, val=1.472e+01]
GNN flow training:  67%|██████▋   | 67/100 [07:01<03:27,  6.30s/epoch, best=1.480e+01, sign=0.140, train=1.485e+01, val=1.472e+01]
GNN flow training:  67%|██████▋   | 67/100 [07:07<03:27,  6.30s/epoch, best=1.472e+01, sign=0.142, train=1.479e+01, val=1.461e+01]
GNN flow training:  68%|██████▊   | 68/100 [07:07<03:21,  6.29s/epoch, best=1.472e+01, sign=0.142, train=1.479e+01, val=1.461e+01]
GNN flow training:  68%|██████▊   | 68/100 [07:13<03:21,  6.29s/epoch, best=1.461e+01, sign=0.142, train=1.474e+01, val=1.446e+01]
GNN flow training:  69%|██████▉   | 69/100 [07:13<03:14,  6.29s/epoch, best=1.461e+01, sign=0.142, train=1.474e+01, val=1.446e+01]
GNN flow training:  69%|██████▉   | 69/100 [07:20<03:14,  6.29s/epoch, best=1.446e+01, sign=0.141, train=1.464e+01, val=1.431e+01]
GNN flow training:  70%|███████   | 70/100 [07:20<03:08,  6.30s/epoch, best=1.446e+01, sign=0.141, train=1.464e+01, val=1.431e+01]
GNN flow training:  70%|███████   | 70/100 [07:26<03:08,  6.30s/epoch, best=1.431e+01, sign=0.140, train=1.452e+01, val=1.420e+01]
GNN flow training:  71%|███████   | 71/100 [07:26<03:02,  6.31s/epoch, best=1.431e+01, sign=0.140, train=1.452e+01, val=1.420e+01]
GNN flow training:  71%|███████   | 71/100 [07:32<03:02,  6.31s/epoch, best=1.420e+01, sign=0.141, train=1.440e+01, val=1.428e+01]
GNN flow training:  72%|███████▏  | 72/100 [07:32<02:56,  6.31s/epoch, best=1.420e+01, sign=0.141, train=1.440e+01, val=1.428e+01]
GNN flow training:  72%|███████▏  | 72/100 [07:39<02:56,  6.31s/epoch, best=1.420e+01, sign=0.141, train=1.448e+01, val=1.426e+01]
GNN flow training:  73%|███████▎  | 73/100 [07:39<02:50,  6.30s/epoch, best=1.420e+01, sign=0.141, train=1.448e+01, val=1.426e+01]
GNN flow training:  73%|███████▎  | 73/100 [07:45<02:50,  6.30s/epoch, best=1.420e+01, sign=0.139, train=1.440e+01, val=1.412e+01]
GNN flow training:  74%|███████▍  | 74/100 [07:45<02:43,  6.29s/epoch, best=1.420e+01, sign=0.139, train=1.440e+01, val=1.412e+01]
GNN flow training:  74%|███████▍  | 74/100 [07:51<02:43,  6.29s/epoch, best=1.412e+01, sign=0.139, train=1.422e+01, val=1.407e+01]
GNN flow training:  75%|███████▌  | 75/100 [07:51<02:37,  6.29s/epoch, best=1.412e+01, sign=0.139, train=1.422e+01, val=1.407e+01]
GNN flow training:  75%|███████▌  | 75/100 [07:58<02:37,  6.29s/epoch, best=1.407e+01, sign=0.138, train=1.421e+01, val=1.419e+01]
GNN flow training:  76%|███████▌  | 76/100 [07:58<02:31,  6.30s/epoch, best=1.407e+01, sign=0.138, train=1.421e+01, val=1.419e+01]
GNN flow training:  76%|███████▌  | 76/100 [08:04<02:31,  6.30s/epoch, best=1.407e+01, sign=0.140, train=1.439e+01, val=1.443e+01]
GNN flow training:  77%|███████▋  | 77/100 [08:04<02:25,  6.31s/epoch, best=1.407e+01, sign=0.140, train=1.439e+01, val=1.443e+01]
GNN flow training:  77%|███████▋  | 77/100 [08:10<02:25,  6.31s/epoch, best=1.407e+01, sign=0.140, train=1.463e+01, val=1.440e+01]
GNN flow training:  78%|███████▊  | 78/100 [08:10<02:18,  6.30s/epoch, best=1.407e+01, sign=0.140, train=1.463e+01, val=1.440e+01]
GNN flow training:  78%|███████▊  | 78/100 [08:16<02:18,  6.30s/epoch, best=1.407e+01, sign=0.138, train=1.454e+01, val=1.418e+01]
GNN flow training:  79%|███████▉  | 79/100 [08:16<02:12,  6.30s/epoch, best=1.407e+01, sign=0.138, train=1.454e+01, val=1.418e+01]
GNN flow training:  79%|███████▉  | 79/100 [08:23<02:12,  6.30s/epoch, best=1.407e+01, sign=0.139, train=1.427e+01, val=1.398e+01]
GNN flow training:  80%|████████  | 80/100 [08:23<02:05,  6.28s/epoch, best=1.407e+01, sign=0.139, train=1.427e+01, val=1.398e+01]
GNN flow training:  80%|████████  | 80/100 [08:29<02:05,  6.28s/epoch, best=1.398e+01, sign=0.139, train=1.409e+01, val=1.419e+01]
GNN flow training:  81%|████████  | 81/100 [08:29<01:59,  6.29s/epoch, best=1.398e+01, sign=0.139, train=1.409e+01, val=1.419e+01]
GNN flow training:  81%|████████  | 81/100 [08:35<01:59,  6.29s/epoch, best=1.398e+01, sign=0.140, train=1.438e+01, val=1.427e+01]
GNN flow training:  82%|████████▏ | 82/100 [08:35<01:53,  6.28s/epoch, best=1.398e+01, sign=0.140, train=1.438e+01, val=1.427e+01]
GNN flow training:  82%|████████▏ | 82/100 [08:42<01:53,  6.28s/epoch, best=1.398e+01, sign=0.141, train=1.451e+01, val=1.446e+01]
GNN flow training:  83%|████████▎ | 83/100 [08:42<01:47,  6.30s/epoch, best=1.398e+01, sign=0.141, train=1.451e+01, val=1.446e+01]
GNN flow training:  83%|████████▎ | 83/100 [08:48<01:47,  6.30s/epoch, best=1.398e+01, sign=0.142, train=1.471e+01, val=1.443e+01]
GNN flow training:  84%|████████▍ | 84/100 [08:48<01:40,  6.31s/epoch, best=1.398e+01, sign=0.142, train=1.471e+01, val=1.443e+01]
GNN flow training:  84%|████████▍ | 84/100 [08:54<01:40,  6.31s/epoch, best=1.398e+01, sign=0.141, train=1.457e+01, val=1.426e+01]
GNN flow training:  85%|████████▌ | 85/100 [08:54<01:34,  6.29s/epoch, best=1.398e+01, sign=0.141, train=1.457e+01, val=1.426e+01]
GNN flow training:  85%|████████▌ | 85/100 [09:00<01:34,  6.29s/epoch, best=1.398e+01, sign=0.139, train=1.428e+01, val=1.407e+01]
GNN flow training:  86%|████████▌ | 86/100 [09:00<01:28,  6.30s/epoch, best=1.398e+01, sign=0.139, train=1.428e+01, val=1.407e+01]
GNN flow training:  86%|████████▌ | 86/100 [09:07<01:28,  6.30s/epoch, best=1.398e+01, sign=0.138, train=1.409e+01, val=1.395e+01]
GNN flow training:  87%|████████▋ | 87/100 [09:07<01:21,  6.30s/epoch, best=1.398e+01, sign=0.138, train=1.409e+01, val=1.395e+01]
GNN flow training:  87%|████████▋ | 87/100 [09:13<01:21,  6.30s/epoch, best=1.395e+01, sign=0.137, train=1.402e+01, val=1.374e+01]
GNN flow training:  88%|████████▊ | 88/100 [09:13<01:15,  6.30s/epoch, best=1.395e+01, sign=0.137, train=1.402e+01, val=1.374e+01]
GNN flow training:  88%|████████▊ | 88/100 [09:19<01:15,  6.30s/epoch, best=1.374e+01, sign=0.137, train=1.392e+01, val=1.380e+01]
GNN flow training:  89%|████████▉ | 89/100 [09:19<01:09,  6.29s/epoch, best=1.374e+01, sign=0.137, train=1.392e+01, val=1.380e+01]
GNN flow training:  89%|████████▉ | 89/100 [09:26<01:09,  6.29s/epoch, best=1.374e+01, sign=0.137, train=1.399e+01, val=1.369e+01]
GNN flow training:  90%|█████████ | 90/100 [09:26<01:02,  6.29s/epoch, best=1.374e+01, sign=0.137, train=1.399e+01, val=1.369e+01]
GNN flow training:  90%|█████████ | 90/100 [09:32<01:02,  6.29s/epoch, best=1.369e+01, sign=0.138, train=1.390e+01, val=1.359e+01]
GNN flow training:  91%|█████████ | 91/100 [09:32<00:56,  6.27s/epoch, best=1.369e+01, sign=0.138, train=1.390e+01, val=1.359e+01]
GNN flow training:  91%|█████████ | 91/100 [09:38<00:56,  6.27s/epoch, best=1.359e+01, sign=0.136, train=1.382e+01, val=1.367e+01]
GNN flow training:  92%|█████████▏| 92/100 [09:38<00:50,  6.27s/epoch, best=1.359e+01, sign=0.136, train=1.382e+01, val=1.367e+01]
GNN flow training:  92%|█████████▏| 92/100 [09:44<00:50,  6.27s/epoch, best=1.359e+01, sign=0.136, train=1.391e+01, val=1.347e+01]
GNN flow training:  93%|█████████▎| 93/100 [09:44<00:43,  6.27s/epoch, best=1.359e+01, sign=0.136, train=1.391e+01, val=1.347e+01]
GNN flow training:  93%|█████████▎| 93/100 [09:51<00:43,  6.27s/epoch, best=1.347e+01, sign=0.136, train=1.379e+01, val=1.336e+01]
GNN flow training:  94%|█████████▍| 94/100 [09:51<00:37,  6.29s/epoch, best=1.347e+01, sign=0.136, train=1.379e+01, val=1.336e+01]
GNN flow training:  94%|█████████▍| 94/100 [09:57<00:37,  6.29s/epoch, best=1.336e+01, sign=0.137, train=1.375e+01, val=1.329e+01]
GNN flow training:  95%|█████████▌| 95/100 [09:57<00:31,  6.30s/epoch, best=1.336e+01, sign=0.137, train=1.375e+01, val=1.329e+01]
GNN flow training:  95%|█████████▌| 95/100 [10:03<00:31,  6.30s/epoch, best=1.329e+01, sign=0.142, train=1.381e+01, val=1.336e+01]
GNN flow training:  96%|█████████▌| 96/100 [10:03<00:25,  6.29s/epoch, best=1.329e+01, sign=0.142, train=1.381e+01, val=1.336e+01]
GNN flow training:  96%|█████████▌| 96/100 [10:10<00:25,  6.29s/epoch, best=1.329e+01, sign=0.138, train=1.407e+01, val=1.323e+01]
GNN flow training:  97%|█████████▋| 97/100 [10:10<00:18,  6.31s/epoch, best=1.329e+01, sign=0.138, train=1.407e+01, val=1.323e+01]
GNN flow training:  97%|█████████▋| 97/100 [10:16<00:18,  6.31s/epoch, best=1.323e+01, sign=0.137, train=1.379e+01, val=1.321e+01]
GNN flow training:  98%|█████████▊| 98/100 [10:16<00:12,  6.30s/epoch, best=1.323e+01, sign=0.137, train=1.379e+01, val=1.321e+01]
GNN flow training:  98%|█████████▊| 98/100 [10:22<00:12,  6.30s/epoch, best=1.321e+01, sign=0.137, train=1.369e+01, val=1.319e+01]
GNN flow training:  99%|█████████▉| 99/100 [10:22<00:06,  6.30s/epoch, best=1.321e+01, sign=0.137, train=1.369e+01, val=1.319e+01]
GNN flow training:  99%|█████████▉| 99/100 [10:29<00:06,  6.30s/epoch, best=1.319e+01, sign=0.138, train=1.361e+01, val=1.331e+01]
GNN flow training: 100%|██████████| 100/100 [10:29<00:00,  6.30s/epoch, best=1.319e+01, sign=0.138, train=1.361e+01, val=1.331e+01]
GNN flow training: 100%|██████████| 100/100 [10:29<00:00,  6.29s/epoch, best=1.319e+01, sign=0.138, train=1.361e+01, val=1.331e+01]
Resolved config snapshot:
{'preset': 'solver_QKB_outer_QKBdelta', 'gnn_outer_losses': {'flow': 100.0, 'kirchhoff': 1.0, 'boundary': 100.0, 'delta_l2': 100.0, 'delta_smooth': 0.0, 'pressure_shape': 0.0}, 'physics': {'arterial_flow_mode': 'dataset', 'pressure_constraints': ['equal-a-equal-v'], 'alpha_pa': None, 'use_snr_weights': True, 'use_observed_flow_snr_weighting': True, 'flow_scale_mode': 'median_abs', 'solver_device': 'same', 'pressure_solver_mode': 'reduced-soft-constrained-lstsq', 'pressure_solver_lambda_kirchhoff': 1.0, 'pressure_solver_lambda_pressure_constraints': 100.0, 'pressure_solver_lambda_flow_residual': 1.0, 'pressure_shape_reference': 'delta_zero_reference', 'pressure_detach': False}, 'correction_bounds': {'correction_min': -0.5, 'correction_max': 0.5, 'correction_bound': 0.5, 'correction_parameterization': 'tanh'}, 'optimization': {'learning_rate': 0.001, 'weight_decay': 0.0001, 'gradient_clip_norm': 5.0, 'optimizer': 'adamw', 'epochs': 100, 'patience': 40}}
Shard 56/80: 1 of 80 runs
Command: /mnt/home/sswee/miniforge3/envs/yolk-sac/bin/python /mnt/home/sswee/yolk/Yolk-Sac-Flow-Data-and-Sim/gnn_clean/scripts/python/gnn_flow.py /mnt/home/sswee/yolk/Yolk-Sac-Flow-Data-and-Sim/gnn_clean/datasets/mosaic_graph_canonical_harmonized/mosaic_graph_canonical_harmonized.gpickle --output-dir /mnt/home/sswee/yolk/Yolk-Sac-Flow-Data-and-Sim/gnn_clean/outputs_canonical/dc/02_physics_weight_sweep/gnn --run-name q_100__k_1__delta_100 --preset solver_QKB_outer_QKBdelta --device cuda --epochs 100 --seed 0 --viscosity-pa-s 0.0035 --config /mnt/home/sswee/yolk/Yolk-Sac-Flow-Data-and-Sim/gnn_clean/outputs_canonical/dc/02_physics_weight_sweep/_generated_configs/q_100__k_1__delta_100.yaml --no-pressure-detach
