[info] DC Step 2 canonical sweep uses fixed lambda_B=100.0 for both the outer boundary loss and the reduced pressure-solver boundary constraint.

GNN flow training:   0%|          | 0/100 [00:00<?, ?epoch/s]
GNN flow training:   0%|          | 0/100 [00:06<?, ?epoch/s, best=1.351e+00, sign=0.194, train=1.366e+00, val=1.351e+00]
GNN flow training:   1%|          | 1/100 [00:06<10:12,  6.18s/epoch, best=1.351e+00, sign=0.194, train=1.366e+00, val=1.351e+00]
GNN flow training:   1%|          | 1/100 [00:12<10:12,  6.18s/epoch, best=1.351e+00, sign=0.194, train=1.366e+00, val=1.354e+00]
GNN flow training:   2%|▏         | 2/100 [00:12<10:00,  6.13s/epoch, best=1.351e+00, sign=0.194, train=1.366e+00, val=1.354e+00]
GNN flow training:   2%|▏         | 2/100 [00:18<10:00,  6.13s/epoch, best=1.351e+00, sign=0.193, train=1.369e+00, val=1.353e+00]
GNN flow training:   3%|▎         | 3/100 [00:18<09:51,  6.10s/epoch, best=1.351e+00, sign=0.193, train=1.369e+00, val=1.353e+00]
GNN flow training:   3%|▎         | 3/100 [00:24<09:51,  6.10s/epoch, best=1.351e+00, sign=0.193, train=1.369e+00, val=1.357e+00]
GNN flow training:   4%|▍         | 4/100 [00:24<09:44,  6.09s/epoch, best=1.351e+00, sign=0.193, train=1.369e+00, val=1.357e+00]
GNN flow training:   4%|▍         | 4/100 [00:30<09:44,  6.09s/epoch, best=1.351e+00, sign=0.193, train=1.373e+00, val=1.351e+00]
GNN flow training:   5%|▌         | 5/100 [00:30<09:36,  6.07s/epoch, best=1.351e+00, sign=0.193, train=1.373e+00, val=1.351e+00]
GNN flow training:   5%|▌         | 5/100 [00:36<09:36,  6.07s/epoch, best=1.351e+00, sign=0.194, train=1.367e+00, val=1.351e+00]
GNN flow training:   6%|▌         | 6/100 [00:36<09:30,  6.07s/epoch, best=1.351e+00, sign=0.194, train=1.367e+00, val=1.351e+00]
GNN flow training:   6%|▌         | 6/100 [00:42<09:30,  6.07s/epoch, best=1.351e+00, sign=0.194, train=1.366e+00, val=1.350e+00]
GNN flow training:   7%|▋         | 7/100 [00:42<09:23,  6.06s/epoch, best=1.351e+00, sign=0.194, train=1.366e+00, val=1.350e+00]
GNN flow training:   7%|▋         | 7/100 [00:48<09:23,  6.06s/epoch, best=1.350e+00, sign=0.194, train=1.366e+00, val=1.349e+00]
GNN flow training:   8%|▊         | 8/100 [00:48<09:17,  6.06s/epoch, best=1.350e+00, sign=0.194, train=1.366e+00, val=1.349e+00]
GNN flow training:   8%|▊         | 8/100 [00:54<09:17,  6.06s/epoch, best=1.349e+00, sign=0.194, train=1.364e+00, val=1.346e+00]
GNN flow training:   9%|▉         | 9/100 [00:54<09:13,  6.08s/epoch, best=1.349e+00, sign=0.194, train=1.364e+00, val=1.346e+00]
GNN flow training:   9%|▉         | 9/100 [01:00<09:13,  6.08s/epoch, best=1.346e+00, sign=0.194, train=1.362e+00, val=1.348e+00]
GNN flow training:  10%|█         | 10/100 [01:00<09:05,  6.06s/epoch, best=1.346e+00, sign=0.194, train=1.362e+00, val=1.348e+00]
GNN flow training:  10%|█         | 10/100 [01:06<09:05,  6.06s/epoch, best=1.346e+00, sign=0.194, train=1.363e+00, val=1.351e+00]
GNN flow training:  11%|█         | 11/100 [01:06<08:57,  6.04s/epoch, best=1.346e+00, sign=0.194, train=1.363e+00, val=1.351e+00]
GNN flow training:  11%|█         | 11/100 [01:12<08:57,  6.04s/epoch, best=1.346e+00, sign=0.194, train=1.366e+00, val=1.354e+00]
GNN flow training:  12%|█▏        | 12/100 [01:12<08:50,  6.03s/epoch, best=1.346e+00, sign=0.194, train=1.366e+00, val=1.354e+00]
GNN flow training:  12%|█▏        | 12/100 [01:18<08:50,  6.03s/epoch, best=1.346e+00, sign=0.194, train=1.369e+00, val=1.355e+00]
GNN flow training:  13%|█▎        | 13/100 [01:18<08:45,  6.04s/epoch, best=1.346e+00, sign=0.194, train=1.369e+00, val=1.355e+00]
GNN flow training:  13%|█▎        | 13/100 [01:24<08:45,  6.04s/epoch, best=1.346e+00, sign=0.194, train=1.370e+00, val=1.354e+00]
GNN flow training:  14%|█▍        | 14/100 [01:24<08:39,  6.04s/epoch, best=1.346e+00, sign=0.194, train=1.370e+00, val=1.354e+00]
GNN flow training:  14%|█▍        | 14/100 [01:30<08:39,  6.04s/epoch, best=1.346e+00, sign=0.194, train=1.369e+00, val=1.353e+00]
GNN flow training:  15%|█▌        | 15/100 [01:30<08:33,  6.05s/epoch, best=1.346e+00, sign=0.194, train=1.369e+00, val=1.353e+00]
GNN flow training:  15%|█▌        | 15/100 [01:36<08:33,  6.05s/epoch, best=1.346e+00, sign=0.193, train=1.369e+00, val=1.347e+00]
GNN flow training:  16%|█▌        | 16/100 [01:36<08:27,  6.04s/epoch, best=1.346e+00, sign=0.193, train=1.369e+00, val=1.347e+00]
GNN flow training:  16%|█▌        | 16/100 [01:42<08:27,  6.04s/epoch, best=1.346e+00, sign=0.192, train=1.363e+00, val=1.345e+00]
GNN flow training:  17%|█▋        | 17/100 [01:42<08:21,  6.04s/epoch, best=1.346e+00, sign=0.192, train=1.363e+00, val=1.345e+00]
GNN flow training:  17%|█▋        | 17/100 [01:49<08:21,  6.04s/epoch, best=1.345e+00, sign=0.192, train=1.360e+00, val=1.347e+00]
GNN flow training:  18%|█▊        | 18/100 [01:49<08:15,  6.04s/epoch, best=1.345e+00, sign=0.192, train=1.360e+00, val=1.347e+00]
GNN flow training:  18%|█▊        | 18/100 [01:55<08:15,  6.04s/epoch, best=1.345e+00, sign=0.192, train=1.363e+00, val=1.345e+00]
GNN flow training:  19%|█▉        | 19/100 [01:55<08:10,  6.05s/epoch, best=1.345e+00, sign=0.192, train=1.363e+00, val=1.345e+00]
GNN flow training:  19%|█▉        | 19/100 [02:01<08:10,  6.05s/epoch, best=1.345e+00, sign=0.192, train=1.361e+00, val=1.341e+00]
GNN flow training:  20%|██        | 20/100 [02:01<08:03,  6.04s/epoch, best=1.345e+00, sign=0.192, train=1.361e+00, val=1.341e+00]
GNN flow training:  20%|██        | 20/100 [02:07<08:03,  6.04s/epoch, best=1.341e+00, sign=0.191, train=1.356e+00, val=1.341e+00]
GNN flow training:  21%|██        | 21/100 [02:07<07:57,  6.05s/epoch, best=1.341e+00, sign=0.191, train=1.356e+00, val=1.341e+00]
GNN flow training:  21%|██        | 21/100 [02:13<07:57,  6.05s/epoch, best=1.341e+00, sign=0.191, train=1.356e+00, val=1.343e+00]
GNN flow training:  22%|██▏       | 22/100 [02:13<07:52,  6.06s/epoch, best=1.341e+00, sign=0.191, train=1.356e+00, val=1.343e+00]
GNN flow training:  22%|██▏       | 22/100 [02:19<07:52,  6.06s/epoch, best=1.341e+00, sign=0.191, train=1.359e+00, val=1.343e+00]
GNN flow training:  23%|██▎       | 23/100 [02:19<07:46,  6.05s/epoch, best=1.341e+00, sign=0.191, train=1.359e+00, val=1.343e+00]
GNN flow training:  23%|██▎       | 23/100 [02:25<07:46,  6.05s/epoch, best=1.341e+00, sign=0.191, train=1.359e+00, val=1.347e+00]
GNN flow training:  24%|██▍       | 24/100 [02:25<07:39,  6.04s/epoch, best=1.341e+00, sign=0.191, train=1.359e+00, val=1.347e+00]
GNN flow training:  24%|██▍       | 24/100 [02:31<07:39,  6.04s/epoch, best=1.341e+00, sign=0.190, train=1.362e+00, val=1.341e+00]
GNN flow training:  25%|██▌       | 25/100 [02:31<07:33,  6.05s/epoch, best=1.341e+00, sign=0.190, train=1.362e+00, val=1.341e+00]
GNN flow training:  25%|██▌       | 25/100 [02:37<07:33,  6.05s/epoch, best=1.341e+00, sign=0.190, train=1.356e+00, val=1.337e+00]
GNN flow training:  26%|██▌       | 26/100 [02:37<07:28,  6.06s/epoch, best=1.341e+00, sign=0.190, train=1.356e+00, val=1.337e+00]
GNN flow training:  26%|██▌       | 26/100 [02:43<07:28,  6.06s/epoch, best=1.337e+00, sign=0.190, train=1.353e+00, val=1.332e+00]
GNN flow training:  27%|██▋       | 27/100 [02:43<07:21,  6.05s/epoch, best=1.337e+00, sign=0.190, train=1.353e+00, val=1.332e+00]
GNN flow training:  27%|██▋       | 27/100 [02:49<07:21,  6.05s/epoch, best=1.332e+00, sign=0.189, train=1.347e+00, val=1.330e+00]
GNN flow training:  28%|██▊       | 28/100 [02:49<07:15,  6.05s/epoch, best=1.332e+00, sign=0.189, train=1.347e+00, val=1.330e+00]
GNN flow training:  28%|██▊       | 28/100 [02:55<07:15,  6.05s/epoch, best=1.330e+00, sign=0.189, train=1.345e+00, val=1.330e+00]
GNN flow training:  29%|██▉       | 29/100 [02:55<07:09,  6.05s/epoch, best=1.330e+00, sign=0.189, train=1.345e+00, val=1.330e+00]
GNN flow training:  29%|██▉       | 29/100 [03:01<07:09,  6.05s/epoch, best=1.330e+00, sign=0.189, train=1.345e+00, val=1.322e+00]
GNN flow training:  30%|███       | 30/100 [03:01<07:02,  6.04s/epoch, best=1.330e+00, sign=0.189, train=1.345e+00, val=1.322e+00]
GNN flow training:  30%|███       | 30/100 [03:07<07:02,  6.04s/epoch, best=1.322e+00, sign=0.189, train=1.337e+00, val=1.317e+00]
GNN flow training:  31%|███       | 31/100 [03:07<06:57,  6.05s/epoch, best=1.322e+00, sign=0.189, train=1.337e+00, val=1.317e+00]
GNN flow training:  31%|███       | 31/100 [03:13<06:57,  6.05s/epoch, best=1.317e+00, sign=0.190, train=1.332e+00, val=1.312e+00]
GNN flow training:  32%|███▏      | 32/100 [03:13<06:50,  6.03s/epoch, best=1.317e+00, sign=0.190, train=1.332e+00, val=1.312e+00]
GNN flow training:  32%|███▏      | 32/100 [03:19<06:50,  6.03s/epoch, best=1.312e+00, sign=0.189, train=1.327e+00, val=1.316e+00]
GNN flow training:  33%|███▎      | 33/100 [03:19<06:44,  6.04s/epoch, best=1.312e+00, sign=0.189, train=1.327e+00, val=1.316e+00]
GNN flow training:  33%|███▎      | 33/100 [03:25<06:44,  6.04s/epoch, best=1.312e+00, sign=0.188, train=1.331e+00, val=1.318e+00]
GNN flow training:  34%|███▍      | 34/100 [03:25<06:39,  6.05s/epoch, best=1.312e+00, sign=0.188, train=1.331e+00, val=1.318e+00]
GNN flow training:  34%|███▍      | 34/100 [03:31<06:39,  6.05s/epoch, best=1.312e+00, sign=0.188, train=1.333e+00, val=1.315e+00]
GNN flow training:  35%|███▌      | 35/100 [03:31<06:33,  6.06s/epoch, best=1.312e+00, sign=0.188, train=1.333e+00, val=1.315e+00]
GNN flow training:  35%|███▌      | 35/100 [03:38<06:33,  6.06s/epoch, best=1.312e+00, sign=0.187, train=1.330e+00, val=1.309e+00]
GNN flow training:  36%|███▌      | 36/100 [03:38<06:29,  6.08s/epoch, best=1.312e+00, sign=0.187, train=1.330e+00, val=1.309e+00]
GNN flow training:  36%|███▌      | 36/100 [03:44<06:29,  6.08s/epoch, best=1.309e+00, sign=0.186, train=1.324e+00, val=1.305e+00]
GNN flow training:  37%|███▋      | 37/100 [03:44<06:22,  6.08s/epoch, best=1.309e+00, sign=0.186, train=1.324e+00, val=1.305e+00]
GNN flow training:  37%|███▋      | 37/100 [03:50<06:22,  6.08s/epoch, best=1.305e+00, sign=0.185, train=1.320e+00, val=1.300e+00]
GNN flow training:  38%|███▊      | 38/100 [03:50<06:15,  6.06s/epoch, best=1.305e+00, sign=0.185, train=1.320e+00, val=1.300e+00]
GNN flow training:  38%|███▊      | 38/100 [03:56<06:15,  6.06s/epoch, best=1.300e+00, sign=0.185, train=1.314e+00, val=1.300e+00]
GNN flow training:  39%|███▉      | 39/100 [03:56<06:09,  6.06s/epoch, best=1.300e+00, sign=0.185, train=1.314e+00, val=1.300e+00]
GNN flow training:  39%|███▉      | 39/100 [04:02<06:09,  6.06s/epoch, best=1.300e+00, sign=0.185, train=1.314e+00, val=1.299e+00]
GNN flow training:  40%|████      | 40/100 [04:02<06:03,  6.06s/epoch, best=1.300e+00, sign=0.185, train=1.314e+00, val=1.299e+00]
GNN flow training:  40%|████      | 40/100 [04:08<06:03,  6.06s/epoch, best=1.299e+00, sign=0.185, train=1.313e+00, val=1.294e+00]
GNN flow training:  41%|████      | 41/100 [04:08<05:57,  6.06s/epoch, best=1.299e+00, sign=0.185, train=1.313e+00, val=1.294e+00]
GNN flow training:  41%|████      | 41/100 [04:14<05:57,  6.06s/epoch, best=1.294e+00, sign=0.183, train=1.308e+00, val=1.290e+00]
GNN flow training:  42%|████▏     | 42/100 [04:14<05:51,  6.06s/epoch, best=1.294e+00, sign=0.183, train=1.308e+00, val=1.290e+00]
GNN flow training:  42%|████▏     | 42/100 [04:20<05:51,  6.06s/epoch, best=1.290e+00, sign=0.182, train=1.304e+00, val=1.285e+00]
GNN flow training:  43%|████▎     | 43/100 [04:20<05:45,  6.06s/epoch, best=1.290e+00, sign=0.182, train=1.304e+00, val=1.285e+00]
GNN flow training:  43%|████▎     | 43/100 [04:26<05:45,  6.06s/epoch, best=1.285e+00, sign=0.180, train=1.298e+00, val=1.283e+00]
GNN flow training:  44%|████▍     | 44/100 [04:26<05:38,  6.04s/epoch, best=1.285e+00, sign=0.180, train=1.298e+00, val=1.283e+00]
GNN flow training:  44%|████▍     | 44/100 [04:32<05:38,  6.04s/epoch, best=1.283e+00, sign=0.179, train=1.296e+00, val=1.285e+00]
GNN flow training:  45%|████▌     | 45/100 [04:32<05:31,  6.03s/epoch, best=1.283e+00, sign=0.179, train=1.296e+00, val=1.285e+00]
GNN flow training:  45%|████▌     | 45/100 [04:38<05:31,  6.03s/epoch, best=1.283e+00, sign=0.177, train=1.298e+00, val=1.275e+00]
GNN flow training:  46%|████▌     | 46/100 [04:38<05:24,  6.01s/epoch, best=1.283e+00, sign=0.177, train=1.298e+00, val=1.275e+00]
GNN flow training:  46%|████▌     | 46/100 [04:44<05:24,  6.01s/epoch, best=1.275e+00, sign=0.177, train=1.287e+00, val=1.270e+00]
GNN flow training:  47%|████▋     | 47/100 [04:44<05:18,  6.01s/epoch, best=1.275e+00, sign=0.177, train=1.287e+00, val=1.270e+00]
GNN flow training:  47%|████▋     | 47/100 [04:50<05:18,  6.01s/epoch, best=1.270e+00, sign=0.176, train=1.281e+00, val=1.280e+00]
GNN flow training:  48%|████▊     | 48/100 [04:50<05:13,  6.03s/epoch, best=1.270e+00, sign=0.176, train=1.281e+00, val=1.280e+00]
GNN flow training:  48%|████▊     | 48/100 [04:56<05:13,  6.03s/epoch, best=1.270e+00, sign=0.177, train=1.291e+00, val=1.310e+00]
GNN flow training:  49%|████▉     | 49/100 [04:56<05:07,  6.02s/epoch, best=1.270e+00, sign=0.177, train=1.291e+00, val=1.310e+00]
GNN flow training:  49%|████▉     | 49/100 [05:02<05:07,  6.02s/epoch, best=1.270e+00, sign=0.178, train=1.322e+00, val=1.330e+00]
GNN flow training:  50%|█████     | 50/100 [05:02<05:01,  6.03s/epoch, best=1.270e+00, sign=0.178, train=1.322e+00, val=1.330e+00]
GNN flow training:  50%|█████     | 50/100 [05:08<05:01,  6.03s/epoch, best=1.270e+00, sign=0.177, train=1.343e+00, val=1.335e+00]
GNN flow training:  51%|█████     | 51/100 [05:08<04:56,  6.04s/epoch, best=1.270e+00, sign=0.177, train=1.343e+00, val=1.335e+00]
GNN flow training:  51%|█████     | 51/100 [05:14<04:56,  6.04s/epoch, best=1.270e+00, sign=0.176, train=1.347e+00, val=1.333e+00]
GNN flow training:  52%|█████▏    | 52/100 [05:14<04:50,  6.05s/epoch, best=1.270e+00, sign=0.176, train=1.347e+00, val=1.333e+00]
GNN flow training:  52%|█████▏    | 52/100 [05:20<04:50,  6.05s/epoch, best=1.270e+00, sign=0.176, train=1.345e+00, val=1.322e+00]
GNN flow training:  53%|█████▎    | 53/100 [05:20<04:43,  6.04s/epoch, best=1.270e+00, sign=0.176, train=1.345e+00, val=1.322e+00]
GNN flow training:  53%|█████▎    | 53/100 [05:26<04:43,  6.04s/epoch, best=1.270e+00, sign=0.174, train=1.334e+00, val=1.311e+00]
GNN flow training:  54%|█████▍    | 54/100 [05:26<04:37,  6.03s/epoch, best=1.270e+00, sign=0.174, train=1.334e+00, val=1.311e+00]
GNN flow training:  54%|█████▍    | 54/100 [05:32<04:37,  6.03s/epoch, best=1.270e+00, sign=0.174, train=1.323e+00, val=1.299e+00]
GNN flow training:  55%|█████▌    | 55/100 [05:32<04:30,  6.02s/epoch, best=1.270e+00, sign=0.174, train=1.323e+00, val=1.299e+00]
GNN flow training:  55%|█████▌    | 55/100 [05:38<04:30,  6.02s/epoch, best=1.270e+00, sign=0.173, train=1.310e+00, val=1.278e+00]
GNN flow training:  56%|█████▌    | 56/100 [05:38<04:25,  6.03s/epoch, best=1.270e+00, sign=0.173, train=1.310e+00, val=1.278e+00]
GNN flow training:  56%|█████▌    | 56/100 [05:44<04:25,  6.03s/epoch, best=1.270e+00, sign=0.173, train=1.289e+00, val=1.270e+00]
GNN flow training:  57%|█████▋    | 57/100 [05:44<04:20,  6.05s/epoch, best=1.270e+00, sign=0.173, train=1.289e+00, val=1.270e+00]
GNN flow training:  57%|█████▋    | 57/100 [05:50<04:20,  6.05s/epoch, best=1.270e+00, sign=0.173, train=1.281e+00, val=1.263e+00]
GNN flow training:  58%|█████▊    | 58/100 [05:50<04:14,  6.05s/epoch, best=1.270e+00, sign=0.173, train=1.281e+00, val=1.263e+00]
GNN flow training:  58%|█████▊    | 58/100 [05:56<04:14,  6.05s/epoch, best=1.263e+00, sign=0.175, train=1.274e+00, val=1.267e+00]
GNN flow training:  59%|█████▉    | 59/100 [05:56<04:09,  6.07s/epoch, best=1.263e+00, sign=0.175, train=1.274e+00, val=1.267e+00]
GNN flow training:  59%|█████▉    | 59/100 [06:03<04:09,  6.07s/epoch, best=1.263e+00, sign=0.177, train=1.279e+00, val=1.277e+00]
GNN flow training:  60%|██████    | 60/100 [06:03<04:02,  6.05s/epoch, best=1.263e+00, sign=0.177, train=1.279e+00, val=1.277e+00]
GNN flow training:  60%|██████    | 60/100 [06:09<04:02,  6.05s/epoch, best=1.263e+00, sign=0.183, train=1.289e+00, val=1.298e+00]
GNN flow training:  61%|██████    | 61/100 [06:09<03:55,  6.04s/epoch, best=1.263e+00, sign=0.183, train=1.289e+00, val=1.298e+00]
GNN flow training:  61%|██████    | 61/100 [06:15<03:55,  6.04s/epoch, best=1.263e+00, sign=0.183, train=1.310e+00, val=1.294e+00]
GNN flow training:  62%|██████▏   | 62/100 [06:15<03:49,  6.04s/epoch, best=1.263e+00, sign=0.183, train=1.310e+00, val=1.294e+00]
GNN flow training:  62%|██████▏   | 62/100 [06:21<03:49,  6.04s/epoch, best=1.263e+00, sign=0.175, train=1.306e+00, val=1.264e+00]
GNN flow training:  63%|██████▎   | 63/100 [06:21<03:43,  6.03s/epoch, best=1.263e+00, sign=0.175, train=1.306e+00, val=1.264e+00]
GNN flow training:  63%|██████▎   | 63/100 [06:27<03:43,  6.03s/epoch, best=1.263e+00, sign=0.172, train=1.275e+00, val=1.248e+00]
GNN flow training:  64%|██████▍   | 64/100 [06:27<03:36,  6.02s/epoch, best=1.263e+00, sign=0.172, train=1.275e+00, val=1.248e+00]
GNN flow training:  64%|██████▍   | 64/100 [06:33<03:36,  6.02s/epoch, best=1.248e+00, sign=0.170, train=1.259e+00, val=1.233e+00]
GNN flow training:  65%|██████▌   | 65/100 [06:33<03:31,  6.03s/epoch, best=1.248e+00, sign=0.170, train=1.259e+00, val=1.233e+00]
GNN flow training:  65%|██████▌   | 65/100 [06:39<03:31,  6.03s/epoch, best=1.233e+00, sign=0.171, train=1.244e+00, val=1.229e+00]
GNN flow training:  66%|██████▌   | 66/100 [06:39<03:24,  6.02s/epoch, best=1.233e+00, sign=0.171, train=1.244e+00, val=1.229e+00]
GNN flow training:  66%|██████▌   | 66/100 [06:45<03:24,  6.02s/epoch, best=1.229e+00, sign=0.174, train=1.241e+00, val=1.235e+00]
GNN flow training:  67%|██████▋   | 67/100 [06:45<03:19,  6.04s/epoch, best=1.229e+00, sign=0.174, train=1.241e+00, val=1.235e+00]
GNN flow training:  67%|██████▋   | 67/100 [06:51<03:19,  6.04s/epoch, best=1.229e+00, sign=0.177, train=1.246e+00, val=1.241e+00]
GNN flow training:  68%|██████▊   | 68/100 [06:51<03:13,  6.04s/epoch, best=1.229e+00, sign=0.177, train=1.246e+00, val=1.241e+00]
GNN flow training:  68%|██████▊   | 68/100 [06:57<03:13,  6.04s/epoch, best=1.229e+00, sign=0.178, train=1.253e+00, val=1.245e+00]
GNN flow training:  69%|██████▉   | 69/100 [06:57<03:07,  6.05s/epoch, best=1.229e+00, sign=0.178, train=1.253e+00, val=1.245e+00]
GNN flow training:  69%|██████▉   | 69/100 [07:03<03:07,  6.05s/epoch, best=1.229e+00, sign=0.178, train=1.257e+00, val=1.242e+00]
GNN flow training:  70%|███████   | 70/100 [07:03<03:01,  6.04s/epoch, best=1.229e+00, sign=0.178, train=1.257e+00, val=1.242e+00]
GNN flow training:  70%|███████   | 70/100 [07:09<03:01,  6.04s/epoch, best=1.229e+00, sign=0.178, train=1.254e+00, val=1.239e+00]
GNN flow training:  71%|███████   | 71/100 [07:09<02:54,  6.03s/epoch, best=1.229e+00, sign=0.178, train=1.254e+00, val=1.239e+00]
GNN flow training:  71%|███████   | 71/100 [07:15<02:54,  6.03s/epoch, best=1.229e+00, sign=0.177, train=1.251e+00, val=1.233e+00]
GNN flow training:  72%|███████▏  | 72/100 [07:15<02:48,  6.02s/epoch, best=1.229e+00, sign=0.177, train=1.251e+00, val=1.233e+00]
GNN flow training:  72%|███████▏  | 72/100 [07:21<02:48,  6.02s/epoch, best=1.229e+00, sign=0.177, train=1.245e+00, val=1.226e+00]
GNN flow training:  73%|███████▎  | 73/100 [07:21<02:42,  6.03s/epoch, best=1.229e+00, sign=0.177, train=1.245e+00, val=1.226e+00]
GNN flow training:  73%|███████▎  | 73/100 [07:27<02:42,  6.03s/epoch, best=1.226e+00, sign=0.175, train=1.239e+00, val=1.216e+00]
GNN flow training:  74%|███████▍  | 74/100 [07:27<02:36,  6.03s/epoch, best=1.226e+00, sign=0.175, train=1.239e+00, val=1.216e+00]
GNN flow training:  74%|███████▍  | 74/100 [07:33<02:36,  6.03s/epoch, best=1.216e+00, sign=0.172, train=1.229e+00, val=1.209e+00]
GNN flow training:  75%|███████▌  | 75/100 [07:33<02:31,  6.06s/epoch, best=1.216e+00, sign=0.172, train=1.229e+00, val=1.209e+00]
GNN flow training:  75%|███████▌  | 75/100 [07:39<02:31,  6.06s/epoch, best=1.209e+00, sign=0.170, train=1.221e+00, val=1.204e+00]
GNN flow training:  76%|███████▌  | 76/100 [07:39<02:25,  6.06s/epoch, best=1.209e+00, sign=0.170, train=1.221e+00, val=1.204e+00]
GNN flow training:  76%|███████▌  | 76/100 [07:45<02:25,  6.06s/epoch, best=1.204e+00, sign=0.168, train=1.217e+00, val=1.201e+00]
GNN flow training:  77%|███████▋  | 77/100 [07:45<02:20,  6.09s/epoch, best=1.204e+00, sign=0.168, train=1.217e+00, val=1.201e+00]
GNN flow training:  77%|███████▋  | 77/100 [07:51<02:20,  6.09s/epoch, best=1.201e+00, sign=0.166, train=1.213e+00, val=1.196e+00]
GNN flow training:  78%|███████▊  | 78/100 [07:51<02:13,  6.09s/epoch, best=1.201e+00, sign=0.166, train=1.213e+00, val=1.196e+00]
GNN flow training:  78%|███████▊  | 78/100 [07:57<02:13,  6.09s/epoch, best=1.196e+00, sign=0.165, train=1.207e+00, val=1.192e+00]
GNN flow training:  79%|███████▉  | 79/100 [07:57<02:08,  6.10s/epoch, best=1.196e+00, sign=0.165, train=1.207e+00, val=1.192e+00]
GNN flow training:  79%|███████▉  | 79/100 [08:04<02:08,  6.10s/epoch, best=1.192e+00, sign=0.164, train=1.203e+00, val=1.192e+00]
GNN flow training:  80%|████████  | 80/100 [08:04<02:01,  6.09s/epoch, best=1.192e+00, sign=0.164, train=1.203e+00, val=1.192e+00]
GNN flow training:  80%|████████  | 80/100 [08:10<02:01,  6.09s/epoch, best=1.192e+00, sign=0.165, train=1.202e+00, val=1.196e+00]
GNN flow training:  81%|████████  | 81/100 [08:10<01:55,  6.06s/epoch, best=1.192e+00, sign=0.165, train=1.202e+00, val=1.196e+00]
GNN flow training:  81%|████████  | 81/100 [08:16<01:55,  6.06s/epoch, best=1.192e+00, sign=0.165, train=1.206e+00, val=1.193e+00]
GNN flow training:  82%|████████▏ | 82/100 [08:16<01:49,  6.07s/epoch, best=1.192e+00, sign=0.165, train=1.206e+00, val=1.193e+00]
GNN flow training:  82%|████████▏ | 82/100 [08:22<01:49,  6.07s/epoch, best=1.192e+00, sign=0.165, train=1.203e+00, val=1.190e+00]
GNN flow training:  83%|████████▎ | 83/100 [08:22<01:43,  6.09s/epoch, best=1.192e+00, sign=0.165, train=1.203e+00, val=1.190e+00]
GNN flow training:  83%|████████▎ | 83/100 [08:28<01:43,  6.09s/epoch, best=1.190e+00, sign=0.165, train=1.199e+00, val=1.190e+00]
GNN flow training:  84%|████████▍ | 84/100 [08:28<01:37,  6.08s/epoch, best=1.190e+00, sign=0.165, train=1.199e+00, val=1.190e+00]
GNN flow training:  84%|████████▍ | 84/100 [08:34<01:37,  6.08s/epoch, best=1.190e+00, sign=0.166, train=1.199e+00, val=1.194e+00]
GNN flow training:  85%|████████▌ | 85/100 [08:34<01:30,  6.06s/epoch, best=1.190e+00, sign=0.166, train=1.199e+00, val=1.194e+00]
GNN flow training:  85%|████████▌ | 85/100 [08:40<01:30,  6.06s/epoch, best=1.190e+00, sign=0.166, train=1.203e+00, val=1.193e+00]
GNN flow training:  86%|████████▌ | 86/100 [08:40<01:24,  6.06s/epoch, best=1.190e+00, sign=0.166, train=1.203e+00, val=1.193e+00]
GNN flow training:  86%|████████▌ | 86/100 [08:46<01:24,  6.06s/epoch, best=1.190e+00, sign=0.165, train=1.202e+00, val=1.198e+00]
GNN flow training:  87%|████████▋ | 87/100 [08:46<01:18,  6.06s/epoch, best=1.190e+00, sign=0.165, train=1.202e+00, val=1.198e+00]
GNN flow training:  87%|████████▋ | 87/100 [08:52<01:18,  6.06s/epoch, best=1.190e+00, sign=0.165, train=1.208e+00, val=1.196e+00]
GNN flow training:  88%|████████▊ | 88/100 [08:52<01:12,  6.06s/epoch, best=1.190e+00, sign=0.165, train=1.208e+00, val=1.196e+00]
GNN flow training:  88%|████████▊ | 88/100 [08:58<01:12,  6.06s/epoch, best=1.190e+00, sign=0.165, train=1.206e+00, val=1.194e+00]
GNN flow training:  89%|████████▉ | 89/100 [08:58<01:06,  6.07s/epoch, best=1.190e+00, sign=0.165, train=1.206e+00, val=1.194e+00]
GNN flow training:  89%|████████▉ | 89/100 [09:04<01:06,  6.07s/epoch, best=1.190e+00, sign=0.165, train=1.204e+00, val=1.187e+00]
GNN flow training:  90%|█████████ | 90/100 [09:04<01:00,  6.07s/epoch, best=1.190e+00, sign=0.165, train=1.204e+00, val=1.187e+00]
GNN flow training:  90%|█████████ | 90/100 [09:10<01:00,  6.07s/epoch, best=1.187e+00, sign=0.165, train=1.197e+00, val=1.177e+00]
GNN flow training:  91%|█████████ | 91/100 [09:10<00:54,  6.07s/epoch, best=1.187e+00, sign=0.165, train=1.197e+00, val=1.177e+00]
GNN flow training:  91%|█████████ | 91/100 [09:16<00:54,  6.07s/epoch, best=1.177e+00, sign=0.165, train=1.188e+00, val=1.168e+00]
GNN flow training:  92%|█████████▏| 92/100 [09:16<00:48,  6.07s/epoch, best=1.177e+00, sign=0.165, train=1.188e+00, val=1.168e+00]
GNN flow training:  92%|█████████▏| 92/100 [09:22<00:48,  6.07s/epoch, best=1.168e+00, sign=0.165, train=1.179e+00, val=1.155e+00]
GNN flow training:  93%|█████████▎| 93/100 [09:22<00:42,  6.04s/epoch, best=1.168e+00, sign=0.165, train=1.179e+00, val=1.155e+00]
GNN flow training:  93%|█████████▎| 93/100 [09:28<00:42,  6.04s/epoch, best=1.155e+00, sign=0.165, train=1.166e+00, val=1.143e+00]
GNN flow training:  94%|█████████▍| 94/100 [09:28<00:36,  6.05s/epoch, best=1.155e+00, sign=0.165, train=1.166e+00, val=1.143e+00]
GNN flow training:  94%|█████████▍| 94/100 [09:34<00:36,  6.05s/epoch, best=1.143e+00, sign=0.164, train=1.154e+00, val=1.137e+00]
GNN flow training:  95%|█████████▌| 95/100 [09:34<00:30,  6.06s/epoch, best=1.143e+00, sign=0.164, train=1.154e+00, val=1.137e+00]
GNN flow training:  95%|█████████▌| 95/100 [09:41<00:30,  6.06s/epoch, best=1.137e+00, sign=0.164, train=1.148e+00, val=1.139e+00]
GNN flow training:  96%|█████████▌| 96/100 [09:41<00:24,  6.06s/epoch, best=1.137e+00, sign=0.164, train=1.148e+00, val=1.139e+00]
GNN flow training:  96%|█████████▌| 96/100 [09:47<00:24,  6.06s/epoch, best=1.137e+00, sign=0.165, train=1.150e+00, val=1.130e+00]
GNN flow training:  97%|█████████▋| 97/100 [09:47<00:18,  6.05s/epoch, best=1.137e+00, sign=0.165, train=1.150e+00, val=1.130e+00]
GNN flow training:  97%|█████████▋| 97/100 [09:53<00:18,  6.05s/epoch, best=1.130e+00, sign=0.165, train=1.142e+00, val=1.127e+00]
GNN flow training:  98%|█████████▊| 98/100 [09:53<00:12,  6.05s/epoch, best=1.130e+00, sign=0.165, train=1.142e+00, val=1.127e+00]
GNN flow training:  98%|█████████▊| 98/100 [09:59<00:12,  6.05s/epoch, best=1.127e+00, sign=0.164, train=1.139e+00, val=1.122e+00]
GNN flow training:  99%|█████████▉| 99/100 [09:59<00:06,  6.05s/epoch, best=1.127e+00, sign=0.164, train=1.139e+00, val=1.122e+00]
GNN flow training:  99%|█████████▉| 99/100 [10:05<00:06,  6.05s/epoch, best=1.122e+00, sign=0.163, train=1.134e+00, val=1.114e+00]
GNN flow training: 100%|██████████| 100/100 [10:05<00:00,  6.06s/epoch, best=1.122e+00, sign=0.163, train=1.134e+00, val=1.114e+00]
GNN flow training: 100%|██████████| 100/100 [10:05<00:00,  6.05s/epoch, best=1.122e+00, sign=0.163, train=1.134e+00, val=1.114e+00]
Resolved config snapshot:
{'preset': 'solver_QKB_outer_QKBdelta', 'gnn_outer_losses': {'flow': 1.0, 'kirchhoff': 0.1, 'boundary': 100.0, 'delta_l2': 10.0, 'delta_smooth': 0.0, 'pressure_shape': 0.0}, 'physics': {'arterial_flow_mode': 'dataset', 'pressure_constraints': ['equal-a-equal-v'], 'alpha_pa': None, 'use_snr_weights': True, 'use_observed_flow_snr_weighting': True, 'flow_scale_mode': 'median_abs', 'solver_device': 'same', 'pressure_solver_mode': 'reduced-soft-constrained-lstsq', 'pressure_solver_lambda_kirchhoff': 1.0, 'pressure_solver_lambda_pressure_constraints': 100.0, 'pressure_solver_lambda_flow_residual': 1.0, 'pressure_shape_reference': 'delta_zero_reference', 'pressure_detach': False}, 'correction_bounds': {'correction_min': -0.5, 'correction_max': 0.5, 'correction_bound': 0.5, 'correction_parameterization': 'tanh'}, 'optimization': {'learning_rate': 0.001, 'weight_decay': 0.0001, 'gradient_clip_norm': 5.0, 'optimizer': 'adamw', 'epochs': 100, 'patience': 40}}
Shard 19/80: 1 of 80 runs
Command: /mnt/home/sswee/miniforge3/envs/yolk-sac/bin/python /mnt/home/sswee/yolk/Yolk-Sac-Flow-Data-and-Sim/gnn_clean/scripts/python/gnn_flow.py /mnt/home/sswee/yolk/Yolk-Sac-Flow-Data-and-Sim/gnn_clean/datasets/mosaic_graph_canonical_harmonized/mosaic_graph_canonical_harmonized.gpickle --output-dir /mnt/home/sswee/yolk/Yolk-Sac-Flow-Data-and-Sim/gnn_clean/outputs_canonical/dc/02_physics_weight_sweep/gnn --run-name q_1__k_0p1__delta_10 --preset solver_QKB_outer_QKBdelta --device cuda --epochs 100 --seed 0 --viscosity-pa-s 0.0035 --config /mnt/home/sswee/yolk/Yolk-Sac-Flow-Data-and-Sim/gnn_clean/outputs_canonical/dc/02_physics_weight_sweep/_generated_configs/q_1__k_0p1__delta_10.yaml --no-pressure-detach
