[info] DC Step 2 canonical sweep uses fixed lambda_B=100.0 for both the outer boundary loss and the reduced pressure-solver boundary constraint.

GNN flow training:   0%|          | 0/100 [00:00<?, ?epoch/s]
GNN flow training:   0%|          | 0/100 [00:06<?, ?epoch/s, best=1.324e+01, sign=0.194, train=1.339e+01, val=1.324e+01]
GNN flow training:   1%|          | 1/100 [00:06<10:11,  6.17s/epoch, best=1.324e+01, sign=0.194, train=1.339e+01, val=1.324e+01]
GNN flow training:   1%|          | 1/100 [00:12<10:11,  6.17s/epoch, best=1.324e+01, sign=0.194, train=1.340e+01, val=1.327e+01]
GNN flow training:   2%|▏         | 2/100 [00:12<09:57,  6.09s/epoch, best=1.324e+01, sign=0.194, train=1.340e+01, val=1.327e+01]
GNN flow training:   2%|▏         | 2/100 [00:18<09:57,  6.09s/epoch, best=1.324e+01, sign=0.194, train=1.342e+01, val=1.326e+01]
GNN flow training:   3%|▎         | 3/100 [00:18<09:47,  6.06s/epoch, best=1.324e+01, sign=0.194, train=1.342e+01, val=1.326e+01]
GNN flow training:   3%|▎         | 3/100 [00:24<09:47,  6.06s/epoch, best=1.324e+01, sign=0.194, train=1.341e+01, val=1.322e+01]
GNN flow training:   4%|▍         | 4/100 [00:24<09:39,  6.04s/epoch, best=1.324e+01, sign=0.194, train=1.341e+01, val=1.322e+01]
GNN flow training:   4%|▍         | 4/100 [00:30<09:39,  6.04s/epoch, best=1.322e+01, sign=0.194, train=1.337e+01, val=1.322e+01]
GNN flow training:   5%|▌         | 5/100 [00:30<09:32,  6.02s/epoch, best=1.322e+01, sign=0.194, train=1.337e+01, val=1.322e+01]
GNN flow training:   5%|▌         | 5/100 [00:36<09:32,  6.02s/epoch, best=1.322e+01, sign=0.194, train=1.338e+01, val=1.321e+01]
GNN flow training:   6%|▌         | 6/100 [00:36<09:26,  6.02s/epoch, best=1.322e+01, sign=0.194, train=1.338e+01, val=1.321e+01]
GNN flow training:   6%|▌         | 6/100 [00:42<09:26,  6.02s/epoch, best=1.321e+01, sign=0.195, train=1.337e+01, val=1.322e+01]
GNN flow training:   7%|▋         | 7/100 [00:42<09:20,  6.02s/epoch, best=1.321e+01, sign=0.195, train=1.337e+01, val=1.322e+01]
GNN flow training:   7%|▋         | 7/100 [00:48<09:20,  6.02s/epoch, best=1.321e+01, sign=0.195, train=1.338e+01, val=1.319e+01]
GNN flow training:   8%|▊         | 8/100 [00:48<09:17,  6.06s/epoch, best=1.321e+01, sign=0.195, train=1.338e+01, val=1.319e+01]
GNN flow training:   8%|▊         | 8/100 [00:54<09:17,  6.06s/epoch, best=1.319e+01, sign=0.195, train=1.335e+01, val=1.319e+01]
GNN flow training:   9%|▉         | 9/100 [00:54<09:11,  6.06s/epoch, best=1.319e+01, sign=0.195, train=1.335e+01, val=1.319e+01]
GNN flow training:   9%|▉         | 9/100 [01:00<09:11,  6.06s/epoch, best=1.319e+01, sign=0.194, train=1.334e+01, val=1.318e+01]
GNN flow training:  10%|█         | 10/100 [01:00<09:04,  6.05s/epoch, best=1.319e+01, sign=0.194, train=1.334e+01, val=1.318e+01]
GNN flow training:  10%|█         | 10/100 [01:06<09:04,  6.05s/epoch, best=1.318e+01, sign=0.194, train=1.333e+01, val=1.317e+01]
GNN flow training:  11%|█         | 11/100 [01:06<08:58,  6.05s/epoch, best=1.318e+01, sign=0.194, train=1.333e+01, val=1.317e+01]
GNN flow training:  11%|█         | 11/100 [01:12<08:58,  6.05s/epoch, best=1.317e+01, sign=0.194, train=1.332e+01, val=1.314e+01]
GNN flow training:  12%|█▏        | 12/100 [01:12<08:53,  6.06s/epoch, best=1.317e+01, sign=0.194, train=1.332e+01, val=1.314e+01]
GNN flow training:  12%|█▏        | 12/100 [01:18<08:53,  6.06s/epoch, best=1.314e+01, sign=0.194, train=1.330e+01, val=1.311e+01]
GNN flow training:  13%|█▎        | 13/100 [01:18<08:48,  6.07s/epoch, best=1.314e+01, sign=0.194, train=1.330e+01, val=1.311e+01]
GNN flow training:  13%|█▎        | 13/100 [01:24<08:48,  6.07s/epoch, best=1.311e+01, sign=0.194, train=1.327e+01, val=1.313e+01]
GNN flow training:  14%|█▍        | 14/100 [01:24<08:44,  6.10s/epoch, best=1.311e+01, sign=0.194, train=1.327e+01, val=1.313e+01]
GNN flow training:  14%|█▍        | 14/100 [01:30<08:44,  6.10s/epoch, best=1.311e+01, sign=0.193, train=1.328e+01, val=1.311e+01]
GNN flow training:  15%|█▌        | 15/100 [01:30<08:37,  6.08s/epoch, best=1.311e+01, sign=0.193, train=1.328e+01, val=1.311e+01]
GNN flow training:  15%|█▌        | 15/100 [01:37<08:37,  6.08s/epoch, best=1.311e+01, sign=0.193, train=1.326e+01, val=1.310e+01]
GNN flow training:  16%|█▌        | 16/100 [01:37<08:30,  6.08s/epoch, best=1.311e+01, sign=0.193, train=1.326e+01, val=1.310e+01]
GNN flow training:  16%|█▌        | 16/100 [01:43<08:30,  6.08s/epoch, best=1.310e+01, sign=0.193, train=1.326e+01, val=1.306e+01]
GNN flow training:  17%|█▋        | 17/100 [01:43<08:24,  6.08s/epoch, best=1.310e+01, sign=0.193, train=1.326e+01, val=1.306e+01]
GNN flow training:  17%|█▋        | 17/100 [01:49<08:24,  6.08s/epoch, best=1.306e+01, sign=0.193, train=1.322e+01, val=1.304e+01]
GNN flow training:  18%|█▊        | 18/100 [01:49<08:17,  6.07s/epoch, best=1.306e+01, sign=0.193, train=1.322e+01, val=1.304e+01]
GNN flow training:  18%|█▊        | 18/100 [01:55<08:17,  6.07s/epoch, best=1.304e+01, sign=0.193, train=1.320e+01, val=1.302e+01]
GNN flow training:  19%|█▉        | 19/100 [01:55<08:12,  6.08s/epoch, best=1.304e+01, sign=0.193, train=1.320e+01, val=1.302e+01]
GNN flow training:  19%|█▉        | 19/100 [02:01<08:12,  6.08s/epoch, best=1.302e+01, sign=0.193, train=1.317e+01, val=1.301e+01]
GNN flow training:  20%|██        | 20/100 [02:01<08:05,  6.07s/epoch, best=1.302e+01, sign=0.193, train=1.317e+01, val=1.301e+01]
GNN flow training:  20%|██        | 20/100 [02:07<08:05,  6.07s/epoch, best=1.301e+01, sign=0.193, train=1.316e+01, val=1.297e+01]
GNN flow training:  21%|██        | 21/100 [02:07<08:00,  6.08s/epoch, best=1.301e+01, sign=0.193, train=1.316e+01, val=1.297e+01]
GNN flow training:  21%|██        | 21/100 [02:13<08:00,  6.08s/epoch, best=1.297e+01, sign=0.193, train=1.313e+01, val=1.292e+01]
GNN flow training:  22%|██▏       | 22/100 [02:13<07:54,  6.09s/epoch, best=1.297e+01, sign=0.193, train=1.313e+01, val=1.292e+01]
GNN flow training:  22%|██▏       | 22/100 [02:19<07:54,  6.09s/epoch, best=1.292e+01, sign=0.192, train=1.307e+01, val=1.286e+01]
GNN flow training:  23%|██▎       | 23/100 [02:19<07:50,  6.11s/epoch, best=1.292e+01, sign=0.192, train=1.307e+01, val=1.286e+01]
GNN flow training:  23%|██▎       | 23/100 [02:25<07:50,  6.11s/epoch, best=1.286e+01, sign=0.191, train=1.301e+01, val=1.281e+01]
GNN flow training:  24%|██▍       | 24/100 [02:25<07:42,  6.09s/epoch, best=1.286e+01, sign=0.191, train=1.301e+01, val=1.281e+01]
GNN flow training:  24%|██▍       | 24/100 [02:31<07:42,  6.09s/epoch, best=1.281e+01, sign=0.189, train=1.296e+01, val=1.277e+01]
GNN flow training:  25%|██▌       | 25/100 [02:31<07:37,  6.09s/epoch, best=1.281e+01, sign=0.189, train=1.296e+01, val=1.277e+01]
GNN flow training:  25%|██▌       | 25/100 [02:37<07:37,  6.09s/epoch, best=1.277e+01, sign=0.186, train=1.292e+01, val=1.271e+01]
GNN flow training:  26%|██▌       | 26/100 [02:37<07:30,  6.08s/epoch, best=1.277e+01, sign=0.186, train=1.292e+01, val=1.271e+01]
GNN flow training:  26%|██▌       | 26/100 [02:43<07:30,  6.08s/epoch, best=1.271e+01, sign=0.184, train=1.285e+01, val=1.265e+01]
GNN flow training:  27%|██▋       | 27/100 [02:43<07:21,  6.05s/epoch, best=1.271e+01, sign=0.184, train=1.285e+01, val=1.265e+01]
GNN flow training:  27%|██▋       | 27/100 [02:49<07:21,  6.05s/epoch, best=1.265e+01, sign=0.184, train=1.279e+01, val=1.245e+01]
GNN flow training:  28%|██▊       | 28/100 [02:49<07:16,  6.06s/epoch, best=1.265e+01, sign=0.184, train=1.279e+01, val=1.245e+01]
GNN flow training:  28%|██▊       | 28/100 [02:55<07:16,  6.06s/epoch, best=1.245e+01, sign=0.183, train=1.258e+01, val=1.234e+01]
GNN flow training:  29%|██▉       | 29/100 [02:55<07:08,  6.04s/epoch, best=1.245e+01, sign=0.183, train=1.258e+01, val=1.234e+01]
GNN flow training:  29%|██▉       | 29/100 [03:01<07:08,  6.04s/epoch, best=1.234e+01, sign=0.183, train=1.247e+01, val=1.238e+01]
GNN flow training:  30%|███       | 30/100 [03:01<07:01,  6.02s/epoch, best=1.234e+01, sign=0.183, train=1.247e+01, val=1.238e+01]
GNN flow training:  30%|███       | 30/100 [03:07<07:01,  6.02s/epoch, best=1.234e+01, sign=0.184, train=1.251e+01, val=1.230e+01]
GNN flow training:  31%|███       | 31/100 [03:07<06:55,  6.02s/epoch, best=1.234e+01, sign=0.184, train=1.251e+01, val=1.230e+01]
GNN flow training:  31%|███       | 31/100 [03:13<06:55,  6.02s/epoch, best=1.230e+01, sign=0.184, train=1.243e+01, val=1.236e+01]
GNN flow training:  32%|███▏      | 32/100 [03:13<06:49,  6.02s/epoch, best=1.230e+01, sign=0.184, train=1.243e+01, val=1.236e+01]
GNN flow training:  32%|███▏      | 32/100 [03:19<06:49,  6.02s/epoch, best=1.230e+01, sign=0.184, train=1.249e+01, val=1.256e+01]
GNN flow training:  33%|███▎      | 33/100 [03:19<06:43,  6.03s/epoch, best=1.230e+01, sign=0.184, train=1.249e+01, val=1.256e+01]
GNN flow training:  33%|███▎      | 33/100 [03:25<06:43,  6.03s/epoch, best=1.230e+01, sign=0.185, train=1.270e+01, val=1.268e+01]
GNN flow training:  34%|███▍      | 34/100 [03:25<06:37,  6.03s/epoch, best=1.230e+01, sign=0.185, train=1.270e+01, val=1.268e+01]
GNN flow training:  34%|███▍      | 34/100 [03:32<06:37,  6.03s/epoch, best=1.230e+01, sign=0.186, train=1.283e+01, val=1.271e+01]
GNN flow training:  35%|███▌      | 35/100 [03:32<06:33,  6.05s/epoch, best=1.230e+01, sign=0.186, train=1.283e+01, val=1.271e+01]
GNN flow training:  35%|███▌      | 35/100 [03:38<06:33,  6.05s/epoch, best=1.230e+01, sign=0.185, train=1.285e+01, val=1.269e+01]
GNN flow training:  36%|███▌      | 36/100 [03:38<06:26,  6.04s/epoch, best=1.230e+01, sign=0.185, train=1.285e+01, val=1.269e+01]
GNN flow training:  36%|███▌      | 36/100 [03:44<06:26,  6.04s/epoch, best=1.230e+01, sign=0.184, train=1.284e+01, val=1.269e+01]
GNN flow training:  37%|███▋      | 37/100 [03:44<06:21,  6.05s/epoch, best=1.230e+01, sign=0.184, train=1.284e+01, val=1.269e+01]
GNN flow training:  37%|███▋      | 37/100 [03:50<06:21,  6.05s/epoch, best=1.230e+01, sign=0.184, train=1.283e+01, val=1.253e+01]
GNN flow training:  38%|███▊      | 38/100 [03:50<06:15,  6.06s/epoch, best=1.230e+01, sign=0.184, train=1.283e+01, val=1.253e+01]
GNN flow training:  38%|███▊      | 38/100 [03:56<06:15,  6.06s/epoch, best=1.230e+01, sign=0.183, train=1.268e+01, val=1.234e+01]
GNN flow training:  39%|███▉      | 39/100 [03:56<06:08,  6.04s/epoch, best=1.230e+01, sign=0.183, train=1.268e+01, val=1.234e+01]
GNN flow training:  39%|███▉      | 39/100 [04:02<06:08,  6.04s/epoch, best=1.230e+01, sign=0.182, train=1.248e+01, val=1.214e+01]
GNN flow training:  40%|████      | 40/100 [04:02<06:04,  6.08s/epoch, best=1.230e+01, sign=0.182, train=1.248e+01, val=1.214e+01]
GNN flow training:  40%|████      | 40/100 [04:08<06:04,  6.08s/epoch, best=1.214e+01, sign=0.181, train=1.228e+01, val=1.201e+01]
GNN flow training:  41%|████      | 41/100 [04:08<05:57,  6.07s/epoch, best=1.214e+01, sign=0.181, train=1.228e+01, val=1.201e+01]
GNN flow training:  41%|████      | 41/100 [04:14<05:57,  6.07s/epoch, best=1.201e+01, sign=0.177, train=1.214e+01, val=1.179e+01]
GNN flow training:  42%|████▏     | 42/100 [04:14<05:50,  6.05s/epoch, best=1.201e+01, sign=0.177, train=1.214e+01, val=1.179e+01]
GNN flow training:  42%|████▏     | 42/100 [04:20<05:50,  6.05s/epoch, best=1.179e+01, sign=0.175, train=1.191e+01, val=1.179e+01]
GNN flow training:  43%|████▎     | 43/100 [04:20<05:45,  6.06s/epoch, best=1.179e+01, sign=0.175, train=1.191e+01, val=1.179e+01]
GNN flow training:  43%|████▎     | 43/100 [04:26<05:45,  6.06s/epoch, best=1.179e+01, sign=0.174, train=1.190e+01, val=1.170e+01]
GNN flow training:  44%|████▍     | 44/100 [04:26<05:39,  6.06s/epoch, best=1.179e+01, sign=0.174, train=1.190e+01, val=1.170e+01]
GNN flow training:  44%|████▍     | 44/100 [04:32<05:39,  6.06s/epoch, best=1.170e+01, sign=0.171, train=1.181e+01, val=1.166e+01]
GNN flow training:  45%|████▌     | 45/100 [04:32<05:31,  6.04s/epoch, best=1.170e+01, sign=0.171, train=1.181e+01, val=1.166e+01]
GNN flow training:  45%|████▌     | 45/100 [04:38<05:31,  6.04s/epoch, best=1.166e+01, sign=0.172, train=1.177e+01, val=1.170e+01]
GNN flow training:  46%|████▌     | 46/100 [04:38<05:25,  6.02s/epoch, best=1.166e+01, sign=0.172, train=1.177e+01, val=1.170e+01]
GNN flow training:  46%|████▌     | 46/100 [04:44<05:25,  6.02s/epoch, best=1.166e+01, sign=0.172, train=1.182e+01, val=1.164e+01]
GNN flow training:  47%|████▋     | 47/100 [04:44<05:19,  6.03s/epoch, best=1.166e+01, sign=0.172, train=1.182e+01, val=1.164e+01]
GNN flow training:  47%|████▋     | 47/100 [04:50<05:19,  6.03s/epoch, best=1.164e+01, sign=0.171, train=1.177e+01, val=1.159e+01]
GNN flow training:  48%|████▊     | 48/100 [04:50<05:13,  6.02s/epoch, best=1.164e+01, sign=0.171, train=1.177e+01, val=1.159e+01]
GNN flow training:  48%|████▊     | 48/100 [04:56<05:13,  6.02s/epoch, best=1.159e+01, sign=0.168, train=1.171e+01, val=1.157e+01]
GNN flow training:  49%|████▉     | 49/100 [04:56<05:07,  6.02s/epoch, best=1.159e+01, sign=0.168, train=1.171e+01, val=1.157e+01]
GNN flow training:  49%|████▉     | 49/100 [05:02<05:07,  6.02s/epoch, best=1.157e+01, sign=0.164, train=1.170e+01, val=1.145e+01]
GNN flow training:  50%|█████     | 50/100 [05:02<05:00,  6.02s/epoch, best=1.157e+01, sign=0.164, train=1.170e+01, val=1.145e+01]
GNN flow training:  50%|█████     | 50/100 [05:08<05:00,  6.02s/epoch, best=1.145e+01, sign=0.162, train=1.156e+01, val=1.136e+01]
GNN flow training:  51%|█████     | 51/100 [05:08<04:54,  6.01s/epoch, best=1.145e+01, sign=0.162, train=1.156e+01, val=1.136e+01]
GNN flow training:  51%|█████     | 51/100 [05:14<04:54,  6.01s/epoch, best=1.136e+01, sign=0.160, train=1.147e+01, val=1.135e+01]
GNN flow training:  52%|█████▏    | 52/100 [05:14<04:49,  6.02s/epoch, best=1.136e+01, sign=0.160, train=1.147e+01, val=1.135e+01]
GNN flow training:  52%|█████▏    | 52/100 [05:20<04:49,  6.02s/epoch, best=1.135e+01, sign=0.157, train=1.145e+01, val=1.125e+01]
GNN flow training:  53%|█████▎    | 53/100 [05:20<04:42,  6.02s/epoch, best=1.135e+01, sign=0.157, train=1.145e+01, val=1.125e+01]
GNN flow training:  53%|█████▎    | 53/100 [05:26<04:42,  6.02s/epoch, best=1.125e+01, sign=0.155, train=1.135e+01, val=1.124e+01]
GNN flow training:  54%|█████▍    | 54/100 [05:26<04:37,  6.03s/epoch, best=1.125e+01, sign=0.155, train=1.135e+01, val=1.124e+01]
GNN flow training:  54%|█████▍    | 54/100 [05:32<04:37,  6.03s/epoch, best=1.124e+01, sign=0.153, train=1.134e+01, val=1.120e+01]
GNN flow training:  55%|█████▌    | 55/100 [05:32<04:31,  6.04s/epoch, best=1.124e+01, sign=0.153, train=1.134e+01, val=1.120e+01]
GNN flow training:  55%|█████▌    | 55/100 [05:38<04:31,  6.04s/epoch, best=1.120e+01, sign=0.153, train=1.130e+01, val=1.109e+01]
GNN flow training:  56%|█████▌    | 56/100 [05:38<04:25,  6.02s/epoch, best=1.120e+01, sign=0.153, train=1.130e+01, val=1.109e+01]
GNN flow training:  56%|█████▌    | 56/100 [05:44<04:25,  6.02s/epoch, best=1.109e+01, sign=0.155, train=1.119e+01, val=1.106e+01]
GNN flow training:  57%|█████▋    | 57/100 [05:44<04:18,  6.02s/epoch, best=1.109e+01, sign=0.155, train=1.119e+01, val=1.106e+01]
GNN flow training:  57%|█████▋    | 57/100 [05:50<04:18,  6.02s/epoch, best=1.106e+01, sign=0.154, train=1.116e+01, val=1.105e+01]
GNN flow training:  58%|█████▊    | 58/100 [05:50<04:13,  6.03s/epoch, best=1.106e+01, sign=0.154, train=1.116e+01, val=1.105e+01]
GNN flow training:  58%|█████▊    | 58/100 [05:56<04:13,  6.03s/epoch, best=1.105e+01, sign=0.154, train=1.116e+01, val=1.102e+01]
GNN flow training:  59%|█████▉    | 59/100 [05:56<04:07,  6.03s/epoch, best=1.105e+01, sign=0.154, train=1.116e+01, val=1.102e+01]
GNN flow training:  59%|█████▉    | 59/100 [06:02<04:07,  6.03s/epoch, best=1.102e+01, sign=0.148, train=1.112e+01, val=1.089e+01]
GNN flow training:  60%|██████    | 60/100 [06:02<04:01,  6.03s/epoch, best=1.102e+01, sign=0.148, train=1.112e+01, val=1.089e+01]
GNN flow training:  60%|██████    | 60/100 [06:09<04:01,  6.03s/epoch, best=1.089e+01, sign=0.144, train=1.098e+01, val=1.090e+01]
GNN flow training:  61%|██████    | 61/100 [06:09<03:56,  6.05s/epoch, best=1.089e+01, sign=0.144, train=1.098e+01, val=1.090e+01]
GNN flow training:  61%|██████    | 61/100 [06:15<03:56,  6.05s/epoch, best=1.089e+01, sign=0.145, train=1.098e+01, val=1.090e+01]
GNN flow training:  62%|██████▏   | 62/100 [06:15<03:49,  6.03s/epoch, best=1.089e+01, sign=0.145, train=1.098e+01, val=1.090e+01]
GNN flow training:  62%|██████▏   | 62/100 [06:21<03:49,  6.03s/epoch, best=1.089e+01, sign=0.144, train=1.098e+01, val=1.079e+01]
GNN flow training:  63%|██████▎   | 63/100 [06:21<03:42,  6.03s/epoch, best=1.089e+01, sign=0.144, train=1.098e+01, val=1.079e+01]
GNN flow training:  63%|██████▎   | 63/100 [06:27<03:42,  6.03s/epoch, best=1.079e+01, sign=0.144, train=1.088e+01, val=1.078e+01]
GNN flow training:  64%|██████▍   | 64/100 [06:27<03:36,  6.02s/epoch, best=1.079e+01, sign=0.144, train=1.088e+01, val=1.078e+01]
GNN flow training:  64%|██████▍   | 64/100 [06:33<03:36,  6.02s/epoch, best=1.078e+01, sign=0.144, train=1.087e+01, val=1.058e+01]
GNN flow training:  65%|██████▌   | 65/100 [06:33<03:30,  6.02s/epoch, best=1.078e+01, sign=0.144, train=1.087e+01, val=1.058e+01]
GNN flow training:  65%|██████▌   | 65/100 [06:39<03:30,  6.02s/epoch, best=1.058e+01, sign=0.146, train=1.067e+01, val=1.034e+01]
GNN flow training:  66%|██████▌   | 66/100 [06:39<03:24,  6.02s/epoch, best=1.058e+01, sign=0.146, train=1.067e+01, val=1.034e+01]
GNN flow training:  66%|██████▌   | 66/100 [06:45<03:24,  6.02s/epoch, best=1.034e+01, sign=0.150, train=1.044e+01, val=1.028e+01]
GNN flow training:  67%|██████▋   | 67/100 [06:45<03:19,  6.04s/epoch, best=1.034e+01, sign=0.150, train=1.044e+01, val=1.028e+01]
GNN flow training:  67%|██████▋   | 67/100 [06:51<03:19,  6.04s/epoch, best=1.028e+01, sign=0.155, train=1.038e+01, val=1.030e+01]
GNN flow training:  68%|██████▊   | 68/100 [06:51<03:12,  6.02s/epoch, best=1.028e+01, sign=0.155, train=1.038e+01, val=1.030e+01]
GNN flow training:  68%|██████▊   | 68/100 [06:57<03:12,  6.02s/epoch, best=1.028e+01, sign=0.158, train=1.039e+01, val=1.028e+01]
GNN flow training:  69%|██████▉   | 69/100 [06:57<03:07,  6.03s/epoch, best=1.028e+01, sign=0.158, train=1.039e+01, val=1.028e+01]
GNN flow training:  69%|██████▉   | 69/100 [07:03<03:07,  6.03s/epoch, best=1.028e+01, sign=0.154, train=1.038e+01, val=1.020e+01]
GNN flow training:  70%|███████   | 70/100 [07:03<03:01,  6.04s/epoch, best=1.028e+01, sign=0.154, train=1.038e+01, val=1.020e+01]
GNN flow training:  70%|███████   | 70/100 [07:09<03:01,  6.04s/epoch, best=1.020e+01, sign=0.150, train=1.029e+01, val=1.017e+01]
GNN flow training:  71%|███████   | 71/100 [07:09<02:54,  6.03s/epoch, best=1.020e+01, sign=0.150, train=1.029e+01, val=1.017e+01]
GNN flow training:  71%|███████   | 71/100 [07:15<02:54,  6.03s/epoch, best=1.017e+01, sign=0.149, train=1.025e+01, val=1.017e+01]
GNN flow training:  72%|███████▏  | 72/100 [07:15<02:49,  6.05s/epoch, best=1.017e+01, sign=0.149, train=1.025e+01, val=1.017e+01]
GNN flow training:  72%|███████▏  | 72/100 [07:21<02:49,  6.05s/epoch, best=1.017e+01, sign=0.145, train=1.025e+01, val=1.014e+01]
GNN flow training:  73%|███████▎  | 73/100 [07:21<02:43,  6.04s/epoch, best=1.017e+01, sign=0.145, train=1.025e+01, val=1.014e+01]
GNN flow training:  73%|███████▎  | 73/100 [07:27<02:43,  6.04s/epoch, best=1.014e+01, sign=0.144, train=1.023e+01, val=1.016e+01]
GNN flow training:  74%|███████▍  | 74/100 [07:27<02:36,  6.04s/epoch, best=1.014e+01, sign=0.144, train=1.023e+01, val=1.016e+01]
GNN flow training:  74%|███████▍  | 74/100 [07:33<02:36,  6.04s/epoch, best=1.014e+01, sign=0.146, train=1.024e+01, val=1.016e+01]
GNN flow training:  75%|███████▌  | 75/100 [07:33<02:30,  6.04s/epoch, best=1.014e+01, sign=0.146, train=1.024e+01, val=1.016e+01]
GNN flow training:  75%|███████▌  | 75/100 [07:39<02:30,  6.04s/epoch, best=1.014e+01, sign=0.146, train=1.024e+01, val=1.021e+01]
GNN flow training:  76%|███████▌  | 76/100 [07:39<02:24,  6.03s/epoch, best=1.014e+01, sign=0.146, train=1.024e+01, val=1.021e+01]
GNN flow training:  76%|███████▌  | 76/100 [07:45<02:24,  6.03s/epoch, best=1.014e+01, sign=0.148, train=1.029e+01, val=1.020e+01]
GNN flow training:  77%|███████▋  | 77/100 [07:45<02:18,  6.03s/epoch, best=1.014e+01, sign=0.148, train=1.029e+01, val=1.020e+01]
GNN flow training:  77%|███████▋  | 77/100 [07:51<02:18,  6.03s/epoch, best=1.014e+01, sign=0.147, train=1.028e+01, val=1.023e+01]
GNN flow training:  78%|███████▊  | 78/100 [07:51<02:12,  6.04s/epoch, best=1.014e+01, sign=0.147, train=1.028e+01, val=1.023e+01]
GNN flow training:  78%|███████▊  | 78/100 [07:57<02:12,  6.04s/epoch, best=1.014e+01, sign=0.145, train=1.031e+01, val=1.020e+01]
GNN flow training:  79%|███████▉  | 79/100 [07:57<02:06,  6.04s/epoch, best=1.014e+01, sign=0.145, train=1.031e+01, val=1.020e+01]
GNN flow training:  79%|███████▉  | 79/100 [08:03<02:06,  6.04s/epoch, best=1.014e+01, sign=0.143, train=1.028e+01, val=1.009e+01]
GNN flow training:  80%|████████  | 80/100 [08:03<02:00,  6.02s/epoch, best=1.014e+01, sign=0.143, train=1.028e+01, val=1.009e+01]
GNN flow training:  80%|████████  | 80/100 [08:09<02:00,  6.02s/epoch, best=1.009e+01, sign=0.142, train=1.017e+01, val=1.001e+01]
GNN flow training:  81%|████████  | 81/100 [08:09<01:54,  6.03s/epoch, best=1.009e+01, sign=0.142, train=1.017e+01, val=1.001e+01]
GNN flow training:  81%|████████  | 81/100 [08:15<01:54,  6.03s/epoch, best=1.001e+01, sign=0.139, train=1.009e+01, val=1.002e+01]
GNN flow training:  82%|████████▏ | 82/100 [08:15<01:48,  6.02s/epoch, best=1.001e+01, sign=0.139, train=1.009e+01, val=1.002e+01]
GNN flow training:  82%|████████▏ | 82/100 [08:21<01:48,  6.02s/epoch, best=1.001e+01, sign=0.140, train=1.010e+01, val=1.010e+01]
GNN flow training:  83%|████████▎ | 83/100 [08:21<01:42,  6.01s/epoch, best=1.001e+01, sign=0.140, train=1.010e+01, val=1.010e+01]
GNN flow training:  83%|████████▎ | 83/100 [08:27<01:42,  6.01s/epoch, best=1.001e+01, sign=0.138, train=1.017e+01, val=1.019e+01]
GNN flow training:  84%|████████▍ | 84/100 [08:27<01:36,  6.03s/epoch, best=1.001e+01, sign=0.138, train=1.017e+01, val=1.019e+01]
GNN flow training:  84%|████████▍ | 84/100 [08:33<01:36,  6.03s/epoch, best=1.001e+01, sign=0.139, train=1.027e+01, val=1.024e+01]
GNN flow training:  85%|████████▌ | 85/100 [08:33<01:30,  6.02s/epoch, best=1.001e+01, sign=0.139, train=1.027e+01, val=1.024e+01]
GNN flow training:  85%|████████▌ | 85/100 [08:39<01:30,  6.02s/epoch, best=1.001e+01, sign=0.139, train=1.031e+01, val=1.017e+01]
GNN flow training:  86%|████████▌ | 86/100 [08:39<01:24,  6.03s/epoch, best=1.001e+01, sign=0.139, train=1.031e+01, val=1.017e+01]
GNN flow training:  86%|████████▌ | 86/100 [08:45<01:24,  6.03s/epoch, best=1.001e+01, sign=0.139, train=1.025e+01, val=1.005e+01]
GNN flow training:  87%|████████▋ | 87/100 [08:45<01:18,  6.01s/epoch, best=1.001e+01, sign=0.139, train=1.025e+01, val=1.005e+01]
GNN flow training:  87%|████████▋ | 87/100 [08:51<01:18,  6.01s/epoch, best=1.001e+01, sign=0.140, train=1.011e+01, val=1.000e+01]
GNN flow training:  88%|████████▊ | 88/100 [08:51<01:12,  6.02s/epoch, best=1.001e+01, sign=0.140, train=1.011e+01, val=1.000e+01]
GNN flow training:  88%|████████▊ | 88/100 [08:57<01:12,  6.02s/epoch, best=1.000e+01, sign=0.140, train=1.006e+01, val=9.935e+00]
GNN flow training:  89%|████████▉ | 89/100 [08:57<01:06,  6.01s/epoch, best=1.000e+01, sign=0.140, train=1.006e+01, val=9.935e+00]
GNN flow training:  89%|████████▉ | 89/100 [09:03<01:06,  6.01s/epoch, best=9.935e+00, sign=0.141, train=9.997e+00, val=9.958e+00]
GNN flow training:  90%|█████████ | 90/100 [09:03<01:00,  6.03s/epoch, best=9.935e+00, sign=0.141, train=9.997e+00, val=9.958e+00]
GNN flow training:  90%|█████████ | 90/100 [09:09<01:00,  6.03s/epoch, best=9.935e+00, sign=0.141, train=1.002e+01, val=9.965e+00]
GNN flow training:  91%|█████████ | 91/100 [09:09<00:54,  6.02s/epoch, best=9.935e+00, sign=0.141, train=1.002e+01, val=9.965e+00]
GNN flow training:  91%|█████████ | 91/100 [09:15<00:54,  6.02s/epoch, best=9.935e+00, sign=0.142, train=1.003e+01, val=9.997e+00]
GNN flow training:  92%|█████████▏| 92/100 [09:15<00:48,  6.00s/epoch, best=9.935e+00, sign=0.142, train=1.003e+01, val=9.997e+00]
GNN flow training:  92%|█████████▏| 92/100 [09:21<00:48,  6.00s/epoch, best=9.935e+00, sign=0.141, train=1.007e+01, val=9.922e+00]
GNN flow training:  93%|█████████▎| 93/100 [09:21<00:42,  6.03s/epoch, best=9.935e+00, sign=0.141, train=1.007e+01, val=9.922e+00]
GNN flow training:  93%|█████████▎| 93/100 [09:27<00:42,  6.03s/epoch, best=9.922e+00, sign=0.140, train=9.987e+00, val=9.840e+00]
GNN flow training:  94%|█████████▍| 94/100 [09:27<00:36,  6.02s/epoch, best=9.922e+00, sign=0.140, train=9.987e+00, val=9.840e+00]
GNN flow training:  94%|█████████▍| 94/100 [09:33<00:36,  6.02s/epoch, best=9.840e+00, sign=0.138, train=9.899e+00, val=9.737e+00]
GNN flow training:  95%|█████████▌| 95/100 [09:33<00:30,  6.04s/epoch, best=9.840e+00, sign=0.138, train=9.899e+00, val=9.737e+00]
GNN flow training:  95%|█████████▌| 95/100 [09:40<00:30,  6.04s/epoch, best=9.737e+00, sign=0.138, train=9.793e+00, val=9.683e+00]
GNN flow training:  96%|█████████▌| 96/100 [09:40<00:24,  6.05s/epoch, best=9.737e+00, sign=0.138, train=9.793e+00, val=9.683e+00]
GNN flow training:  96%|█████████▌| 96/100 [09:46<00:24,  6.05s/epoch, best=9.683e+00, sign=0.139, train=9.738e+00, val=9.650e+00]
GNN flow training:  97%|█████████▋| 97/100 [09:46<00:18,  6.05s/epoch, best=9.683e+00, sign=0.139, train=9.738e+00, val=9.650e+00]
GNN flow training:  97%|█████████▋| 97/100 [09:52<00:18,  6.05s/epoch, best=9.650e+00, sign=0.139, train=9.705e+00, val=9.613e+00]
GNN flow training:  98%|█████████▊| 98/100 [09:52<00:12,  6.05s/epoch, best=9.650e+00, sign=0.139, train=9.705e+00, val=9.613e+00]
GNN flow training:  98%|█████████▊| 98/100 [09:58<00:12,  6.05s/epoch, best=9.613e+00, sign=0.139, train=9.668e+00, val=9.597e+00]
GNN flow training:  99%|█████████▉| 99/100 [09:58<00:06,  6.05s/epoch, best=9.613e+00, sign=0.139, train=9.668e+00, val=9.597e+00]
GNN flow training:  99%|█████████▉| 99/100 [10:04<00:06,  6.05s/epoch, best=9.597e+00, sign=0.142, train=9.651e+00, val=9.542e+00]
GNN flow training: 100%|██████████| 100/100 [10:04<00:00,  6.05s/epoch, best=9.597e+00, sign=0.142, train=9.651e+00, val=9.542e+00]
GNN flow training: 100%|██████████| 100/100 [10:04<00:00,  6.04s/epoch, best=9.597e+00, sign=0.142, train=9.651e+00, val=9.542e+00]
Resolved config snapshot:
{'preset': 'solver_QKB_outer_QKBdelta', 'gnn_outer_losses': {'flow': 10.0, 'kirchhoff': 1.0, 'boundary': 100.0, 'delta_l2': 1.0, 'delta_smooth': 0.0, 'pressure_shape': 0.0}, 'physics': {'arterial_flow_mode': 'dataset', 'pressure_constraints': ['equal-a-equal-v'], 'alpha_pa': None, 'use_snr_weights': True, 'use_observed_flow_snr_weighting': True, 'flow_scale_mode': 'median_abs', 'solver_device': 'same', 'pressure_solver_mode': 'reduced-soft-constrained-lstsq', 'pressure_solver_lambda_kirchhoff': 1.0, 'pressure_solver_lambda_pressure_constraints': 100.0, 'pressure_solver_lambda_flow_residual': 1.0, 'pressure_shape_reference': 'delta_zero_reference', 'pressure_detach': False}, 'correction_bounds': {'correction_min': -0.5, 'correction_max': 0.5, 'correction_bound': 0.5, 'correction_parameterization': 'tanh'}, 'optimization': {'learning_rate': 0.001, 'weight_decay': 0.0001, 'gradient_clip_norm': 5.0, 'optimizer': 'adamw', 'epochs': 100, 'patience': 40}}
Shard 38/80: 1 of 80 runs
Command: /mnt/home/sswee/miniforge3/envs/yolk-sac/bin/python /mnt/home/sswee/yolk/Yolk-Sac-Flow-Data-and-Sim/gnn_clean/scripts/python/gnn_flow.py /mnt/home/sswee/yolk/Yolk-Sac-Flow-Data-and-Sim/gnn_clean/datasets/mosaic_graph_canonical_harmonized/mosaic_graph_canonical_harmonized.gpickle --output-dir /mnt/home/sswee/yolk/Yolk-Sac-Flow-Data-and-Sim/gnn_clean/outputs_canonical/dc/02_physics_weight_sweep/gnn --run-name q_10__k_1__delta_1 --preset solver_QKB_outer_QKBdelta --device cuda --epochs 100 --seed 0 --viscosity-pa-s 0.0035 --config /mnt/home/sswee/yolk/Yolk-Sac-Flow-Data-and-Sim/gnn_clean/outputs_canonical/dc/02_physics_weight_sweep/_generated_configs/q_10__k_1__delta_1.yaml --no-pressure-detach
