[info] DC Step 2 canonical sweep uses fixed lambda_B=100.0 for both the outer boundary loss and the reduced pressure-solver boundary constraint.

GNN flow training:   0%|          | 0/100 [00:00<?, ?epoch/s]
GNN flow training:   0%|          | 0/100 [00:04<?, ?epoch/s, best=1.272e+03, sign=0.194, train=1.271e+03, val=1.272e+03]
GNN flow training:   1%|          | 1/100 [00:04<07:38,  4.63s/epoch, best=1.272e+03, sign=0.194, train=1.271e+03, val=1.272e+03]
GNN flow training:   1%|          | 1/100 [00:09<07:38,  4.63s/epoch, best=1.272e+03, sign=0.194, train=1.272e+03, val=1.274e+03]
GNN flow training:   2%|▏         | 2/100 [00:09<07:25,  4.55s/epoch, best=1.272e+03, sign=0.194, train=1.272e+03, val=1.274e+03]
GNN flow training:   2%|▏         | 2/100 [00:13<07:25,  4.55s/epoch, best=1.272e+03, sign=0.194, train=1.274e+03, val=1.273e+03]
GNN flow training:   3%|▎         | 3/100 [00:13<07:18,  4.52s/epoch, best=1.272e+03, sign=0.194, train=1.274e+03, val=1.273e+03]
GNN flow training:   3%|▎         | 3/100 [00:18<07:18,  4.52s/epoch, best=1.272e+03, sign=0.194, train=1.274e+03, val=1.269e+03]
GNN flow training:   4%|▍         | 4/100 [00:18<07:13,  4.52s/epoch, best=1.272e+03, sign=0.194, train=1.274e+03, val=1.269e+03]
GNN flow training:   4%|▍         | 4/100 [00:22<07:13,  4.52s/epoch, best=1.269e+03, sign=0.194, train=1.269e+03, val=1.271e+03]
GNN flow training:   5%|▌         | 5/100 [00:22<07:08,  4.51s/epoch, best=1.269e+03, sign=0.194, train=1.269e+03, val=1.271e+03]
GNN flow training:   5%|▌         | 5/100 [00:27<07:08,  4.51s/epoch, best=1.269e+03, sign=0.194, train=1.271e+03, val=1.268e+03]
GNN flow training:   6%|▌         | 6/100 [00:27<07:03,  4.50s/epoch, best=1.269e+03, sign=0.194, train=1.271e+03, val=1.268e+03]
GNN flow training:   6%|▌         | 6/100 [00:31<07:03,  4.50s/epoch, best=1.268e+03, sign=0.194, train=1.268e+03, val=1.270e+03]
GNN flow training:   7%|▋         | 7/100 [00:31<06:58,  4.50s/epoch, best=1.268e+03, sign=0.194, train=1.268e+03, val=1.270e+03]
GNN flow training:   7%|▋         | 7/100 [00:36<06:58,  4.50s/epoch, best=1.268e+03, sign=0.194, train=1.270e+03, val=1.270e+03]
GNN flow training:   8%|▊         | 8/100 [00:36<06:52,  4.48s/epoch, best=1.268e+03, sign=0.194, train=1.270e+03, val=1.270e+03]
GNN flow training:   8%|▊         | 8/100 [00:40<06:52,  4.48s/epoch, best=1.268e+03, sign=0.194, train=1.270e+03, val=1.268e+03]
GNN flow training:   9%|▉         | 9/100 [00:40<06:47,  4.48s/epoch, best=1.268e+03, sign=0.194, train=1.270e+03, val=1.268e+03]
GNN flow training:   9%|▉         | 9/100 [00:45<06:47,  4.48s/epoch, best=1.268e+03, sign=0.194, train=1.269e+03, val=1.268e+03]
GNN flow training:  10%|█         | 10/100 [00:45<06:43,  4.49s/epoch, best=1.268e+03, sign=0.194, train=1.269e+03, val=1.268e+03]
GNN flow training:  10%|█         | 10/100 [00:49<06:43,  4.49s/epoch, best=1.268e+03, sign=0.194, train=1.268e+03, val=1.268e+03]
GNN flow training:  11%|█         | 11/100 [00:49<06:38,  4.48s/epoch, best=1.268e+03, sign=0.194, train=1.268e+03, val=1.268e+03]
GNN flow training:  11%|█         | 11/100 [00:53<06:38,  4.48s/epoch, best=1.268e+03, sign=0.194, train=1.268e+03, val=1.266e+03]
GNN flow training:  12%|█▏        | 12/100 [00:53<06:34,  4.48s/epoch, best=1.268e+03, sign=0.194, train=1.268e+03, val=1.266e+03]
GNN flow training:  12%|█▏        | 12/100 [00:58<06:34,  4.48s/epoch, best=1.266e+03, sign=0.194, train=1.266e+03, val=1.264e+03]
GNN flow training:  13%|█▎        | 13/100 [00:58<06:29,  4.48s/epoch, best=1.266e+03, sign=0.194, train=1.266e+03, val=1.264e+03]
GNN flow training:  13%|█▎        | 13/100 [01:02<06:29,  4.48s/epoch, best=1.264e+03, sign=0.193, train=1.264e+03, val=1.261e+03]
GNN flow training:  14%|█▍        | 14/100 [01:02<06:24,  4.48s/epoch, best=1.264e+03, sign=0.193, train=1.264e+03, val=1.261e+03]
GNN flow training:  14%|█▍        | 14/100 [01:07<06:24,  4.48s/epoch, best=1.261e+03, sign=0.193, train=1.261e+03, val=1.258e+03]
GNN flow training:  15%|█▌        | 15/100 [01:07<06:21,  4.48s/epoch, best=1.261e+03, sign=0.193, train=1.261e+03, val=1.258e+03]
GNN flow training:  15%|█▌        | 15/100 [01:11<06:21,  4.48s/epoch, best=1.258e+03, sign=0.193, train=1.259e+03, val=1.256e+03]
GNN flow training:  16%|█▌        | 16/100 [01:11<06:18,  4.50s/epoch, best=1.258e+03, sign=0.193, train=1.259e+03, val=1.256e+03]
GNN flow training:  16%|█▌        | 16/100 [01:16<06:18,  4.50s/epoch, best=1.256e+03, sign=0.193, train=1.256e+03, val=1.255e+03]
GNN flow training:  17%|█▋        | 17/100 [01:16<06:13,  4.49s/epoch, best=1.256e+03, sign=0.193, train=1.256e+03, val=1.255e+03]
GNN flow training:  17%|█▋        | 17/100 [01:20<06:13,  4.49s/epoch, best=1.255e+03, sign=0.193, train=1.255e+03, val=1.251e+03]
GNN flow training:  18%|█▊        | 18/100 [01:20<06:09,  4.51s/epoch, best=1.255e+03, sign=0.193, train=1.255e+03, val=1.251e+03]
GNN flow training:  18%|█▊        | 18/100 [01:25<06:09,  4.51s/epoch, best=1.251e+03, sign=0.193, train=1.251e+03, val=1.249e+03]
GNN flow training:  19%|█▉        | 19/100 [01:25<06:05,  4.51s/epoch, best=1.251e+03, sign=0.193, train=1.251e+03, val=1.249e+03]
GNN flow training:  19%|█▉        | 19/100 [01:29<06:05,  4.51s/epoch, best=1.249e+03, sign=0.192, train=1.249e+03, val=1.243e+03]
GNN flow training:  20%|██        | 20/100 [01:29<06:00,  4.50s/epoch, best=1.249e+03, sign=0.192, train=1.249e+03, val=1.243e+03]
GNN flow training:  20%|██        | 20/100 [01:34<06:00,  4.50s/epoch, best=1.243e+03, sign=0.192, train=1.243e+03, val=1.237e+03]
GNN flow training:  21%|██        | 21/100 [01:34<05:54,  4.49s/epoch, best=1.243e+03, sign=0.192, train=1.243e+03, val=1.237e+03]
GNN flow training:  21%|██        | 21/100 [01:38<05:54,  4.49s/epoch, best=1.237e+03, sign=0.194, train=1.237e+03, val=1.237e+03]
GNN flow training:  22%|██▏       | 22/100 [01:38<05:50,  4.50s/epoch, best=1.237e+03, sign=0.194, train=1.237e+03, val=1.237e+03]
GNN flow training:  22%|██▏       | 22/100 [01:43<05:50,  4.50s/epoch, best=1.237e+03, sign=0.194, train=1.237e+03, val=1.232e+03]
GNN flow training:  23%|██▎       | 23/100 [01:43<05:45,  4.49s/epoch, best=1.237e+03, sign=0.194, train=1.237e+03, val=1.232e+03]
GNN flow training:  23%|██▎       | 23/100 [01:47<05:45,  4.49s/epoch, best=1.232e+03, sign=0.194, train=1.232e+03, val=1.227e+03]
GNN flow training:  24%|██▍       | 24/100 [01:47<05:41,  4.49s/epoch, best=1.232e+03, sign=0.194, train=1.232e+03, val=1.227e+03]
GNN flow training:  24%|██▍       | 24/100 [01:52<05:41,  4.49s/epoch, best=1.227e+03, sign=0.194, train=1.227e+03, val=1.223e+03]
GNN flow training:  25%|██▌       | 25/100 [01:52<05:37,  4.50s/epoch, best=1.227e+03, sign=0.194, train=1.227e+03, val=1.223e+03]
GNN flow training:  25%|██▌       | 25/100 [01:56<05:37,  4.50s/epoch, best=1.223e+03, sign=0.194, train=1.224e+03, val=1.224e+03]
GNN flow training:  26%|██▌       | 26/100 [01:56<05:33,  4.51s/epoch, best=1.223e+03, sign=0.194, train=1.224e+03, val=1.224e+03]
GNN flow training:  26%|██▌       | 26/100 [02:01<05:33,  4.51s/epoch, best=1.223e+03, sign=0.195, train=1.224e+03, val=1.219e+03]
GNN flow training:  27%|██▋       | 27/100 [02:01<05:28,  4.51s/epoch, best=1.223e+03, sign=0.195, train=1.224e+03, val=1.219e+03]
GNN flow training:  27%|██▋       | 27/100 [02:05<05:28,  4.51s/epoch, best=1.219e+03, sign=0.195, train=1.220e+03, val=1.214e+03]
GNN flow training:  28%|██▊       | 28/100 [02:05<05:24,  4.50s/epoch, best=1.219e+03, sign=0.195, train=1.220e+03, val=1.214e+03]
GNN flow training:  28%|██▊       | 28/100 [02:10<05:24,  4.50s/epoch, best=1.214e+03, sign=0.195, train=1.214e+03, val=1.208e+03]
GNN flow training:  29%|██▉       | 29/100 [02:10<05:18,  4.49s/epoch, best=1.214e+03, sign=0.195, train=1.214e+03, val=1.208e+03]
GNN flow training:  29%|██▉       | 29/100 [02:14<05:18,  4.49s/epoch, best=1.208e+03, sign=0.194, train=1.208e+03, val=1.204e+03]
GNN flow training:  30%|███       | 30/100 [02:14<05:13,  4.48s/epoch, best=1.208e+03, sign=0.194, train=1.208e+03, val=1.204e+03]
GNN flow training:  30%|███       | 30/100 [02:19<05:13,  4.48s/epoch, best=1.204e+03, sign=0.194, train=1.204e+03, val=1.196e+03]
GNN flow training:  31%|███       | 31/100 [02:19<05:09,  4.49s/epoch, best=1.204e+03, sign=0.194, train=1.204e+03, val=1.196e+03]
GNN flow training:  31%|███       | 31/100 [02:23<05:09,  4.49s/epoch, best=1.196e+03, sign=0.193, train=1.196e+03, val=1.193e+03]
GNN flow training:  32%|███▏      | 32/100 [02:23<05:06,  4.50s/epoch, best=1.196e+03, sign=0.193, train=1.196e+03, val=1.193e+03]
GNN flow training:  32%|███▏      | 32/100 [02:28<05:06,  4.50s/epoch, best=1.193e+03, sign=0.193, train=1.193e+03, val=1.190e+03]
GNN flow training:  33%|███▎      | 33/100 [02:28<05:00,  4.49s/epoch, best=1.193e+03, sign=0.193, train=1.193e+03, val=1.190e+03]
GNN flow training:  33%|███▎      | 33/100 [02:32<05:00,  4.49s/epoch, best=1.190e+03, sign=0.193, train=1.190e+03, val=1.191e+03]
GNN flow training:  34%|███▍      | 34/100 [02:32<04:56,  4.49s/epoch, best=1.190e+03, sign=0.193, train=1.190e+03, val=1.191e+03]
GNN flow training:  34%|███▍      | 34/100 [02:37<04:56,  4.49s/epoch, best=1.190e+03, sign=0.193, train=1.191e+03, val=1.188e+03]
GNN flow training:  35%|███▌      | 35/100 [02:37<04:51,  4.48s/epoch, best=1.190e+03, sign=0.193, train=1.191e+03, val=1.188e+03]
GNN flow training:  35%|███▌      | 35/100 [02:41<04:51,  4.48s/epoch, best=1.188e+03, sign=0.193, train=1.188e+03, val=1.182e+03]
GNN flow training:  36%|███▌      | 36/100 [02:41<04:46,  4.48s/epoch, best=1.188e+03, sign=0.193, train=1.188e+03, val=1.182e+03]
GNN flow training:  36%|███▌      | 36/100 [02:46<04:46,  4.48s/epoch, best=1.182e+03, sign=0.193, train=1.182e+03, val=1.180e+03]
GNN flow training:  37%|███▋      | 37/100 [02:46<04:41,  4.47s/epoch, best=1.182e+03, sign=0.193, train=1.182e+03, val=1.180e+03]
GNN flow training:  37%|███▋      | 37/100 [02:50<04:41,  4.47s/epoch, best=1.180e+03, sign=0.192, train=1.180e+03, val=1.176e+03]
GNN flow training:  38%|███▊      | 38/100 [02:50<04:37,  4.48s/epoch, best=1.180e+03, sign=0.192, train=1.180e+03, val=1.176e+03]
GNN flow training:  38%|███▊      | 38/100 [02:55<04:37,  4.48s/epoch, best=1.176e+03, sign=0.193, train=1.176e+03, val=1.164e+03]
GNN flow training:  39%|███▉      | 39/100 [02:55<04:32,  4.47s/epoch, best=1.176e+03, sign=0.193, train=1.176e+03, val=1.164e+03]
GNN flow training:  39%|███▉      | 39/100 [02:59<04:32,  4.47s/epoch, best=1.164e+03, sign=0.192, train=1.164e+03, val=1.161e+03]
GNN flow training:  40%|████      | 40/100 [02:59<04:28,  4.48s/epoch, best=1.164e+03, sign=0.192, train=1.164e+03, val=1.161e+03]
GNN flow training:  40%|████      | 40/100 [03:04<04:28,  4.48s/epoch, best=1.161e+03, sign=0.191, train=1.161e+03, val=1.154e+03]
GNN flow training:  41%|████      | 41/100 [03:04<04:24,  4.48s/epoch, best=1.161e+03, sign=0.191, train=1.161e+03, val=1.154e+03]
GNN flow training:  41%|████      | 41/100 [03:08<04:24,  4.48s/epoch, best=1.154e+03, sign=0.190, train=1.155e+03, val=1.138e+03]
GNN flow training:  42%|████▏     | 42/100 [03:08<04:19,  4.48s/epoch, best=1.154e+03, sign=0.190, train=1.155e+03, val=1.138e+03]
GNN flow training:  42%|████▏     | 42/100 [03:13<04:19,  4.48s/epoch, best=1.138e+03, sign=0.188, train=1.138e+03, val=1.129e+03]
GNN flow training:  43%|████▎     | 43/100 [03:13<04:15,  4.47s/epoch, best=1.138e+03, sign=0.188, train=1.138e+03, val=1.129e+03]
GNN flow training:  43%|████▎     | 43/100 [03:17<04:15,  4.47s/epoch, best=1.129e+03, sign=0.185, train=1.129e+03, val=1.123e+03]
GNN flow training:  44%|████▍     | 44/100 [03:17<04:10,  4.47s/epoch, best=1.129e+03, sign=0.185, train=1.129e+03, val=1.123e+03]
GNN flow training:  44%|████▍     | 44/100 [03:22<04:10,  4.47s/epoch, best=1.123e+03, sign=0.182, train=1.123e+03, val=1.112e+03]
GNN flow training:  45%|████▌     | 45/100 [03:22<04:06,  4.48s/epoch, best=1.123e+03, sign=0.182, train=1.123e+03, val=1.112e+03]
GNN flow training:  45%|████▌     | 45/100 [03:26<04:06,  4.48s/epoch, best=1.112e+03, sign=0.181, train=1.112e+03, val=1.108e+03]
GNN flow training:  46%|████▌     | 46/100 [03:26<04:02,  4.49s/epoch, best=1.112e+03, sign=0.181, train=1.112e+03, val=1.108e+03]
GNN flow training:  46%|████▌     | 46/100 [03:31<04:02,  4.49s/epoch, best=1.108e+03, sign=0.180, train=1.108e+03, val=1.103e+03]
GNN flow training:  47%|████▋     | 47/100 [03:31<03:57,  4.49s/epoch, best=1.108e+03, sign=0.180, train=1.108e+03, val=1.103e+03]
GNN flow training:  47%|████▋     | 47/100 [03:35<03:57,  4.49s/epoch, best=1.103e+03, sign=0.180, train=1.103e+03, val=1.107e+03]
GNN flow training:  48%|████▊     | 48/100 [03:35<03:54,  4.50s/epoch, best=1.103e+03, sign=0.180, train=1.103e+03, val=1.107e+03]
GNN flow training:  48%|████▊     | 48/100 [03:40<03:54,  4.50s/epoch, best=1.103e+03, sign=0.179, train=1.107e+03, val=1.104e+03]
GNN flow training:  49%|████▉     | 49/100 [03:40<03:49,  4.49s/epoch, best=1.103e+03, sign=0.179, train=1.107e+03, val=1.104e+03]
GNN flow training:  49%|████▉     | 49/100 [03:44<03:49,  4.49s/epoch, best=1.103e+03, sign=0.177, train=1.104e+03, val=1.092e+03]
GNN flow training:  50%|█████     | 50/100 [03:44<03:44,  4.50s/epoch, best=1.103e+03, sign=0.177, train=1.104e+03, val=1.092e+03]
GNN flow training:  50%|█████     | 50/100 [03:49<03:44,  4.50s/epoch, best=1.092e+03, sign=0.176, train=1.093e+03, val=1.098e+03]
GNN flow training:  51%|█████     | 51/100 [03:49<03:40,  4.50s/epoch, best=1.092e+03, sign=0.176, train=1.093e+03, val=1.098e+03]
GNN flow training:  51%|█████     | 51/100 [03:53<03:40,  4.50s/epoch, best=1.092e+03, sign=0.174, train=1.098e+03, val=1.089e+03]
GNN flow training:  52%|█████▏    | 52/100 [03:53<03:36,  4.50s/epoch, best=1.092e+03, sign=0.174, train=1.098e+03, val=1.089e+03]
GNN flow training:  52%|█████▏    | 52/100 [03:58<03:36,  4.50s/epoch, best=1.089e+03, sign=0.177, train=1.089e+03, val=1.095e+03]
GNN flow training:  53%|█████▎    | 53/100 [03:58<03:31,  4.50s/epoch, best=1.089e+03, sign=0.177, train=1.089e+03, val=1.095e+03]
GNN flow training:  53%|█████▎    | 53/100 [04:02<03:31,  4.50s/epoch, best=1.089e+03, sign=0.179, train=1.095e+03, val=1.101e+03]
GNN flow training:  54%|█████▍    | 54/100 [04:02<03:26,  4.49s/epoch, best=1.089e+03, sign=0.179, train=1.095e+03, val=1.101e+03]
GNN flow training:  54%|█████▍    | 54/100 [04:07<03:26,  4.49s/epoch, best=1.089e+03, sign=0.177, train=1.101e+03, val=1.105e+03]
GNN flow training:  55%|█████▌    | 55/100 [04:07<03:22,  4.49s/epoch, best=1.089e+03, sign=0.177, train=1.101e+03, val=1.105e+03]
GNN flow training:  55%|█████▌    | 55/100 [04:11<03:22,  4.49s/epoch, best=1.089e+03, sign=0.176, train=1.105e+03, val=1.085e+03]
GNN flow training:  56%|█████▌    | 56/100 [04:11<03:17,  4.50s/epoch, best=1.089e+03, sign=0.176, train=1.105e+03, val=1.085e+03]
GNN flow training:  56%|█████▌    | 56/100 [04:16<03:17,  4.50s/epoch, best=1.085e+03, sign=0.175, train=1.085e+03, val=1.068e+03]
GNN flow training:  57%|█████▋    | 57/100 [04:16<03:13,  4.50s/epoch, best=1.085e+03, sign=0.175, train=1.085e+03, val=1.068e+03]
GNN flow training:  57%|█████▋    | 57/100 [04:20<03:13,  4.50s/epoch, best=1.068e+03, sign=0.176, train=1.068e+03, val=1.059e+03]
GNN flow training:  58%|█████▊    | 58/100 [04:20<03:08,  4.49s/epoch, best=1.068e+03, sign=0.176, train=1.068e+03, val=1.059e+03]
GNN flow training:  58%|█████▊    | 58/100 [04:25<03:08,  4.49s/epoch, best=1.059e+03, sign=0.176, train=1.059e+03, val=1.056e+03]
GNN flow training:  59%|█████▉    | 59/100 [04:25<03:03,  4.49s/epoch, best=1.059e+03, sign=0.176, train=1.059e+03, val=1.056e+03]
GNN flow training:  59%|█████▉    | 59/100 [04:29<03:03,  4.49s/epoch, best=1.056e+03, sign=0.179, train=1.056e+03, val=1.061e+03]
GNN flow training:  60%|██████    | 60/100 [04:29<02:59,  4.48s/epoch, best=1.056e+03, sign=0.179, train=1.056e+03, val=1.061e+03]
GNN flow training:  60%|██████    | 60/100 [04:33<02:59,  4.48s/epoch, best=1.056e+03, sign=0.183, train=1.061e+03, val=1.076e+03]
GNN flow training:  61%|██████    | 61/100 [04:33<02:54,  4.47s/epoch, best=1.056e+03, sign=0.183, train=1.061e+03, val=1.076e+03]
GNN flow training:  61%|██████    | 61/100 [04:38<02:54,  4.47s/epoch, best=1.056e+03, sign=0.184, train=1.076e+03, val=1.100e+03]
GNN flow training:  62%|██████▏   | 62/100 [04:38<02:48,  4.44s/epoch, best=1.056e+03, sign=0.184, train=1.076e+03, val=1.100e+03]
GNN flow training:  62%|██████▏   | 62/100 [04:42<02:48,  4.44s/epoch, best=1.056e+03, sign=0.184, train=1.101e+03, val=1.118e+03]
GNN flow training:  63%|██████▎   | 63/100 [04:42<02:44,  4.44s/epoch, best=1.056e+03, sign=0.184, train=1.101e+03, val=1.118e+03]
GNN flow training:  63%|██████▎   | 63/100 [04:47<02:44,  4.44s/epoch, best=1.056e+03, sign=0.180, train=1.118e+03, val=1.114e+03]
GNN flow training:  64%|██████▍   | 64/100 [04:47<02:40,  4.45s/epoch, best=1.056e+03, sign=0.180, train=1.118e+03, val=1.114e+03]
GNN flow training:  64%|██████▍   | 64/100 [04:51<02:40,  4.45s/epoch, best=1.056e+03, sign=0.172, train=1.114e+03, val=1.092e+03]
GNN flow training:  65%|██████▌   | 65/100 [04:51<02:35,  4.45s/epoch, best=1.056e+03, sign=0.172, train=1.114e+03, val=1.092e+03]
GNN flow training:  65%|██████▌   | 65/100 [04:56<02:35,  4.45s/epoch, best=1.056e+03, sign=0.169, train=1.092e+03, val=1.068e+03]
GNN flow training:  66%|██████▌   | 66/100 [04:56<02:31,  4.44s/epoch, best=1.056e+03, sign=0.169, train=1.092e+03, val=1.068e+03]
GNN flow training:  66%|██████▌   | 66/100 [05:00<02:31,  4.44s/epoch, best=1.056e+03, sign=0.169, train=1.068e+03, val=1.062e+03]
GNN flow training:  67%|██████▋   | 67/100 [05:00<02:26,  4.43s/epoch, best=1.056e+03, sign=0.169, train=1.068e+03, val=1.062e+03]
GNN flow training:  67%|██████▋   | 67/100 [05:04<02:26,  4.43s/epoch, best=1.056e+03, sign=0.167, train=1.062e+03, val=1.056e+03]
GNN flow training:  68%|██████▊   | 68/100 [05:04<02:21,  4.43s/epoch, best=1.056e+03, sign=0.167, train=1.062e+03, val=1.056e+03]
GNN flow training:  68%|██████▊   | 68/100 [05:09<02:21,  4.43s/epoch, best=1.056e+03, sign=0.169, train=1.056e+03, val=1.048e+03]
GNN flow training:  69%|██████▉   | 69/100 [05:09<02:17,  4.43s/epoch, best=1.056e+03, sign=0.169, train=1.056e+03, val=1.048e+03]
GNN flow training:  69%|██████▉   | 69/100 [05:13<02:17,  4.43s/epoch, best=1.048e+03, sign=0.170, train=1.048e+03, val=1.050e+03]
GNN flow training:  70%|███████   | 70/100 [05:13<02:12,  4.42s/epoch, best=1.048e+03, sign=0.170, train=1.048e+03, val=1.050e+03]
GNN flow training:  70%|███████   | 70/100 [05:18<02:12,  4.42s/epoch, best=1.048e+03, sign=0.170, train=1.050e+03, val=1.050e+03]
GNN flow training:  71%|███████   | 71/100 [05:18<02:08,  4.42s/epoch, best=1.048e+03, sign=0.170, train=1.050e+03, val=1.050e+03]
GNN flow training:  71%|███████   | 71/100 [05:22<02:08,  4.42s/epoch, best=1.048e+03, sign=0.169, train=1.050e+03, val=1.042e+03]
GNN flow training:  72%|███████▏  | 72/100 [05:22<02:03,  4.42s/epoch, best=1.048e+03, sign=0.169, train=1.050e+03, val=1.042e+03]
GNN flow training:  72%|███████▏  | 72/100 [05:27<02:03,  4.42s/epoch, best=1.042e+03, sign=0.168, train=1.042e+03, val=1.035e+03]
GNN flow training:  73%|███████▎  | 73/100 [05:27<01:59,  4.43s/epoch, best=1.042e+03, sign=0.168, train=1.042e+03, val=1.035e+03]
GNN flow training:  73%|███████▎  | 73/100 [05:31<01:59,  4.43s/epoch, best=1.035e+03, sign=0.169, train=1.035e+03, val=1.031e+03]
GNN flow training:  74%|███████▍  | 74/100 [05:31<01:54,  4.42s/epoch, best=1.035e+03, sign=0.169, train=1.035e+03, val=1.031e+03]
GNN flow training:  74%|███████▍  | 74/100 [05:35<01:54,  4.42s/epoch, best=1.031e+03, sign=0.170, train=1.031e+03, val=1.022e+03]
GNN flow training:  75%|███████▌  | 75/100 [05:35<01:51,  4.45s/epoch, best=1.031e+03, sign=0.170, train=1.031e+03, val=1.022e+03]
GNN flow training:  75%|███████▌  | 75/100 [05:40<01:51,  4.45s/epoch, best=1.022e+03, sign=0.172, train=1.022e+03, val=1.018e+03]
GNN flow training:  76%|███████▌  | 76/100 [05:40<01:46,  4.43s/epoch, best=1.022e+03, sign=0.172, train=1.022e+03, val=1.018e+03]
GNN flow training:  76%|███████▌  | 76/100 [05:44<01:46,  4.43s/epoch, best=1.018e+03, sign=0.172, train=1.018e+03, val=1.015e+03]
GNN flow training:  77%|███████▋  | 77/100 [05:44<01:41,  4.43s/epoch, best=1.018e+03, sign=0.172, train=1.018e+03, val=1.015e+03]
GNN flow training:  77%|███████▋  | 77/100 [05:49<01:41,  4.43s/epoch, best=1.015e+03, sign=0.173, train=1.015e+03, val=1.009e+03]
GNN flow training:  78%|███████▊  | 78/100 [05:49<01:37,  4.45s/epoch, best=1.015e+03, sign=0.173, train=1.015e+03, val=1.009e+03]
GNN flow training:  78%|███████▊  | 78/100 [05:53<01:37,  4.45s/epoch, best=1.009e+03, sign=0.175, train=1.010e+03, val=1.009e+03]
GNN flow training:  79%|███████▉  | 79/100 [05:53<01:33,  4.46s/epoch, best=1.009e+03, sign=0.175, train=1.010e+03, val=1.009e+03]
GNN flow training:  79%|███████▉  | 79/100 [05:58<01:33,  4.46s/epoch, best=1.009e+03, sign=0.176, train=1.009e+03, val=1.007e+03]
GNN flow training:  80%|████████  | 80/100 [05:58<01:29,  4.46s/epoch, best=1.009e+03, sign=0.176, train=1.009e+03, val=1.007e+03]
GNN flow training:  80%|████████  | 80/100 [06:02<01:29,  4.46s/epoch, best=1.007e+03, sign=0.174, train=1.007e+03, val=9.990e+02]
GNN flow training:  81%|████████  | 81/100 [06:02<01:24,  4.46s/epoch, best=1.007e+03, sign=0.174, train=1.007e+03, val=9.990e+02]
GNN flow training:  81%|████████  | 81/100 [06:07<01:24,  4.46s/epoch, best=9.990e+02, sign=0.176, train=9.991e+02, val=1.009e+03]
GNN flow training:  82%|████████▏ | 82/100 [06:07<01:20,  4.47s/epoch, best=9.990e+02, sign=0.176, train=9.991e+02, val=1.009e+03]
GNN flow training:  82%|████████▏ | 82/100 [06:11<01:20,  4.47s/epoch, best=9.990e+02, sign=0.175, train=1.010e+03, val=1.013e+03]
GNN flow training:  83%|████████▎ | 83/100 [06:11<01:16,  4.47s/epoch, best=9.990e+02, sign=0.175, train=1.010e+03, val=1.013e+03]
GNN flow training:  83%|████████▎ | 83/100 [06:16<01:16,  4.47s/epoch, best=9.990e+02, sign=0.176, train=1.013e+03, val=1.016e+03]
GNN flow training:  84%|████████▍ | 84/100 [06:16<01:11,  4.48s/epoch, best=9.990e+02, sign=0.176, train=1.013e+03, val=1.016e+03]
GNN flow training:  84%|████████▍ | 84/100 [06:20<01:11,  4.48s/epoch, best=9.990e+02, sign=0.176, train=1.016e+03, val=1.011e+03]
GNN flow training:  85%|████████▌ | 85/100 [06:20<01:06,  4.46s/epoch, best=9.990e+02, sign=0.176, train=1.016e+03, val=1.011e+03]
GNN flow training:  85%|████████▌ | 85/100 [06:25<01:06,  4.46s/epoch, best=9.990e+02, sign=0.175, train=1.011e+03, val=1.007e+03]
GNN flow training:  86%|████████▌ | 86/100 [06:25<01:02,  4.47s/epoch, best=9.990e+02, sign=0.175, train=1.011e+03, val=1.007e+03]
GNN flow training:  86%|████████▌ | 86/100 [06:29<01:02,  4.47s/epoch, best=9.990e+02, sign=0.176, train=1.007e+03, val=1.002e+03]
GNN flow training:  87%|████████▋ | 87/100 [06:29<00:58,  4.47s/epoch, best=9.990e+02, sign=0.176, train=1.007e+03, val=1.002e+03]
GNN flow training:  87%|████████▋ | 87/100 [06:34<00:58,  4.47s/epoch, best=9.990e+02, sign=0.175, train=1.002e+03, val=1.000e+03]
GNN flow training:  88%|████████▊ | 88/100 [06:34<00:53,  4.48s/epoch, best=9.990e+02, sign=0.175, train=1.002e+03, val=1.000e+03]
GNN flow training:  88%|████████▊ | 88/100 [06:38<00:53,  4.48s/epoch, best=9.990e+02, sign=0.177, train=1.000e+03, val=1.005e+03]
GNN flow training:  89%|████████▉ | 89/100 [06:38<00:49,  4.47s/epoch, best=9.990e+02, sign=0.177, train=1.000e+03, val=1.005e+03]
GNN flow training:  89%|████████▉ | 89/100 [06:43<00:49,  4.47s/epoch, best=9.990e+02, sign=0.179, train=1.005e+03, val=9.978e+02]
GNN flow training:  90%|█████████ | 90/100 [06:43<00:44,  4.49s/epoch, best=9.990e+02, sign=0.179, train=1.005e+03, val=9.978e+02]
GNN flow training:  90%|█████████ | 90/100 [06:47<00:44,  4.49s/epoch, best=9.978e+02, sign=0.180, train=9.979e+02, val=9.928e+02]
GNN flow training:  91%|█████████ | 91/100 [06:47<00:40,  4.48s/epoch, best=9.978e+02, sign=0.180, train=9.979e+02, val=9.928e+02]
GNN flow training:  91%|█████████ | 91/100 [06:51<00:40,  4.48s/epoch, best=9.928e+02, sign=0.181, train=9.929e+02, val=9.918e+02]
GNN flow training:  92%|█████████▏| 92/100 [06:51<00:35,  4.47s/epoch, best=9.928e+02, sign=0.181, train=9.929e+02, val=9.918e+02]
GNN flow training:  92%|█████████▏| 92/100 [06:56<00:35,  4.47s/epoch, best=9.918e+02, sign=0.180, train=9.919e+02, val=9.913e+02]
GNN flow training:  93%|█████████▎| 93/100 [06:56<00:31,  4.45s/epoch, best=9.918e+02, sign=0.180, train=9.919e+02, val=9.913e+02]
GNN flow training:  93%|█████████▎| 93/100 [07:00<00:31,  4.45s/epoch, best=9.913e+02, sign=0.179, train=9.914e+02, val=1.001e+03]
GNN flow training:  94%|█████████▍| 94/100 [07:00<00:26,  4.45s/epoch, best=9.913e+02, sign=0.179, train=9.914e+02, val=1.001e+03]
GNN flow training:  94%|█████████▍| 94/100 [07:05<00:26,  4.45s/epoch, best=9.913e+02, sign=0.181, train=1.002e+03, val=1.002e+03]
GNN flow training:  95%|█████████▌| 95/100 [07:05<00:22,  4.44s/epoch, best=9.913e+02, sign=0.181, train=1.002e+03, val=1.002e+03]
GNN flow training:  95%|█████████▌| 95/100 [07:09<00:22,  4.44s/epoch, best=9.913e+02, sign=0.182, train=1.002e+03, val=1.012e+03]
GNN flow training:  96%|█████████▌| 96/100 [07:09<00:17,  4.43s/epoch, best=9.913e+02, sign=0.182, train=1.002e+03, val=1.012e+03]
GNN flow training:  96%|█████████▌| 96/100 [07:14<00:17,  4.43s/epoch, best=9.913e+02, sign=0.182, train=1.013e+03, val=1.019e+03]
GNN flow training:  97%|█████████▋| 97/100 [07:14<00:13,  4.43s/epoch, best=9.913e+02, sign=0.182, train=1.013e+03, val=1.019e+03]
GNN flow training:  97%|█████████▋| 97/100 [07:18<00:13,  4.43s/epoch, best=9.913e+02, sign=0.177, train=1.019e+03, val=1.026e+03]
GNN flow training:  98%|█████████▊| 98/100 [07:18<00:08,  4.43s/epoch, best=9.913e+02, sign=0.177, train=1.019e+03, val=1.026e+03]
GNN flow training:  98%|█████████▊| 98/100 [07:22<00:08,  4.43s/epoch, best=9.913e+02, sign=0.177, train=1.026e+03, val=1.052e+03]
GNN flow training:  99%|█████████▉| 99/100 [07:22<00:04,  4.42s/epoch, best=9.913e+02, sign=0.177, train=1.026e+03, val=1.052e+03]
GNN flow training:  99%|█████████▉| 99/100 [07:27<00:04,  4.42s/epoch, best=9.913e+02, sign=0.175, train=1.052e+03, val=1.054e+03]
GNN flow training: 100%|██████████| 100/100 [07:27<00:00,  4.42s/epoch, best=9.913e+02, sign=0.175, train=1.052e+03, val=1.054e+03]
GNN flow training: 100%|██████████| 100/100 [07:27<00:00,  4.47s/epoch, best=9.913e+02, sign=0.175, train=1.052e+03, val=1.054e+03]
Resolved config snapshot:
{'preset': 'solver_QKB_outer_QKBdelta', 'gnn_outer_losses': {'flow': 10.0, 'kirchhoff': 100.0, 'boundary': 100.0, 'delta_l2': 100.0, 'delta_smooth': 0.0, 'pressure_shape': 0.0}, 'physics': {'arterial_flow_mode': 'dataset', 'pressure_constraints': ['equal-a-equal-v'], 'alpha_pa': None, 'use_snr_weights': True, 'use_observed_flow_snr_weighting': True, 'flow_scale_mode': 'median_abs', 'solver_device': 'same', 'pressure_solver_mode': 'reduced-soft-constrained-lstsq', 'pressure_solver_lambda_kirchhoff': 1.0, 'pressure_solver_lambda_pressure_constraints': 100.0, 'pressure_solver_lambda_flow_residual': 1.0, 'pressure_shape_reference': 'delta_zero_reference', 'pressure_detach': False}, 'correction_bounds': {'correction_min': -0.5, 'correction_max': 0.5, 'correction_bound': 0.5, 'correction_parameterization': 'tanh'}, 'optimization': {'learning_rate': 0.001, 'weight_decay': 0.0001, 'gradient_clip_norm': 5.0, 'optimizer': 'adamw', 'epochs': 100, 'patience': 40}}
Shard 48/80: 1 of 80 runs
Command: /mnt/home/sswee/miniforge3/envs/yolk-sac/bin/python /mnt/home/sswee/yolk/Yolk-Sac-Flow-Data-and-Sim/gnn_clean/scripts/python/gnn_flow.py /mnt/home/sswee/yolk/Yolk-Sac-Flow-Data-and-Sim/gnn_clean/datasets/mosaic_graph_canonical_harmonized/mosaic_graph_canonical_harmonized.gpickle --output-dir /mnt/home/sswee/yolk/Yolk-Sac-Flow-Data-and-Sim/gnn_clean/outputs_canonical/dc/02_physics_weight_sweep/gnn --run-name q_10__k_100__delta_100 --preset solver_QKB_outer_QKBdelta --device cuda --epochs 100 --seed 0 --viscosity-pa-s 0.0035 --config /mnt/home/sswee/yolk/Yolk-Sac-Flow-Data-and-Sim/gnn_clean/outputs_canonical/dc/02_physics_weight_sweep/_generated_configs/q_10__k_100__delta_100.yaml --no-pressure-detach
