[info] DC Step 2 canonical sweep uses fixed lambda_B=100.0 for both the outer boundary loss and the reduced pressure-solver boundary constraint.

GNN flow training:   0%|          | 0/100 [00:00<?, ?epoch/s]
GNN flow training:   0%|          | 0/100 [00:06<?, ?epoch/s, best=1.352e+00, sign=0.194, train=1.366e+00, val=1.352e+00]
GNN flow training:   1%|          | 1/100 [00:06<10:02,  6.08s/epoch, best=1.352e+00, sign=0.194, train=1.366e+00, val=1.352e+00]
GNN flow training:   1%|          | 1/100 [00:12<10:02,  6.08s/epoch, best=1.352e+00, sign=0.194, train=1.367e+00, val=1.357e+00]
GNN flow training:   2%|▏         | 2/100 [00:12<09:52,  6.05s/epoch, best=1.352e+00, sign=0.194, train=1.367e+00, val=1.357e+00]
GNN flow training:   2%|▏         | 2/100 [00:18<09:52,  6.05s/epoch, best=1.352e+00, sign=0.194, train=1.373e+00, val=1.356e+00]
GNN flow training:   3%|▎         | 3/100 [00:18<09:42,  6.01s/epoch, best=1.352e+00, sign=0.194, train=1.373e+00, val=1.356e+00]
GNN flow training:   3%|▎         | 3/100 [00:23<09:42,  6.01s/epoch, best=1.352e+00, sign=0.193, train=1.372e+00, val=1.355e+00]
GNN flow training:   4%|▍         | 4/100 [00:23<09:31,  5.95s/epoch, best=1.352e+00, sign=0.193, train=1.372e+00, val=1.355e+00]
GNN flow training:   4%|▍         | 4/100 [00:29<09:31,  5.95s/epoch, best=1.352e+00, sign=0.194, train=1.371e+00, val=1.353e+00]
GNN flow training:   5%|▌         | 5/100 [00:29<09:24,  5.95s/epoch, best=1.352e+00, sign=0.194, train=1.371e+00, val=1.353e+00]
GNN flow training:   5%|▌         | 5/100 [00:35<09:24,  5.95s/epoch, best=1.352e+00, sign=0.194, train=1.369e+00, val=1.351e+00]
GNN flow training:   6%|▌         | 6/100 [00:35<09:18,  5.94s/epoch, best=1.352e+00, sign=0.194, train=1.369e+00, val=1.351e+00]
GNN flow training:   6%|▌         | 6/100 [00:41<09:18,  5.94s/epoch, best=1.351e+00, sign=0.195, train=1.366e+00, val=1.349e+00]
GNN flow training:   7%|▋         | 7/100 [00:41<09:13,  5.95s/epoch, best=1.351e+00, sign=0.195, train=1.366e+00, val=1.349e+00]
GNN flow training:   7%|▋         | 7/100 [00:47<09:13,  5.95s/epoch, best=1.349e+00, sign=0.195, train=1.365e+00, val=1.350e+00]
GNN flow training:   8%|▊         | 8/100 [00:47<09:07,  5.95s/epoch, best=1.349e+00, sign=0.195, train=1.365e+00, val=1.350e+00]
GNN flow training:   8%|▊         | 8/100 [00:53<09:07,  5.95s/epoch, best=1.349e+00, sign=0.195, train=1.365e+00, val=1.349e+00]
GNN flow training:   9%|▉         | 9/100 [00:53<08:59,  5.93s/epoch, best=1.349e+00, sign=0.195, train=1.365e+00, val=1.349e+00]
GNN flow training:   9%|▉         | 9/100 [00:59<08:59,  5.93s/epoch, best=1.349e+00, sign=0.195, train=1.365e+00, val=1.349e+00]
GNN flow training:  10%|█         | 10/100 [00:59<08:54,  5.94s/epoch, best=1.349e+00, sign=0.195, train=1.365e+00, val=1.349e+00]
GNN flow training:  10%|█         | 10/100 [01:05<08:54,  5.94s/epoch, best=1.349e+00, sign=0.195, train=1.364e+00, val=1.350e+00]
GNN flow training:  11%|█         | 11/100 [01:05<08:52,  5.98s/epoch, best=1.349e+00, sign=0.195, train=1.364e+00, val=1.350e+00]
GNN flow training:  11%|█         | 11/100 [01:11<08:52,  5.98s/epoch, best=1.349e+00, sign=0.195, train=1.365e+00, val=1.348e+00]
GNN flow training:  12%|█▏        | 12/100 [01:11<08:44,  5.96s/epoch, best=1.349e+00, sign=0.195, train=1.365e+00, val=1.348e+00]
GNN flow training:  12%|█▏        | 12/100 [01:17<08:44,  5.96s/epoch, best=1.348e+00, sign=0.194, train=1.363e+00, val=1.346e+00]
GNN flow training:  13%|█▎        | 13/100 [01:17<08:37,  5.95s/epoch, best=1.348e+00, sign=0.194, train=1.363e+00, val=1.346e+00]
GNN flow training:  13%|█▎        | 13/100 [01:23<08:37,  5.95s/epoch, best=1.346e+00, sign=0.195, train=1.362e+00, val=1.347e+00]
GNN flow training:  14%|█▍        | 14/100 [01:23<08:32,  5.96s/epoch, best=1.346e+00, sign=0.195, train=1.362e+00, val=1.347e+00]
GNN flow training:  14%|█▍        | 14/100 [01:29<08:32,  5.96s/epoch, best=1.346e+00, sign=0.195, train=1.363e+00, val=1.348e+00]
GNN flow training:  15%|█▌        | 15/100 [01:29<08:26,  5.96s/epoch, best=1.346e+00, sign=0.195, train=1.363e+00, val=1.348e+00]
GNN flow training:  15%|█▌        | 15/100 [01:35<08:26,  5.96s/epoch, best=1.346e+00, sign=0.194, train=1.364e+00, val=1.348e+00]
GNN flow training:  16%|█▌        | 16/100 [01:35<08:19,  5.95s/epoch, best=1.346e+00, sign=0.194, train=1.364e+00, val=1.348e+00]
GNN flow training:  16%|█▌        | 16/100 [01:41<08:19,  5.95s/epoch, best=1.346e+00, sign=0.194, train=1.364e+00, val=1.348e+00]
GNN flow training:  17%|█▋        | 17/100 [01:41<08:13,  5.95s/epoch, best=1.346e+00, sign=0.194, train=1.364e+00, val=1.348e+00]
GNN flow training:  17%|█▋        | 17/100 [01:47<08:13,  5.95s/epoch, best=1.346e+00, sign=0.194, train=1.363e+00, val=1.348e+00]
GNN flow training:  18%|█▊        | 18/100 [01:47<08:07,  5.95s/epoch, best=1.346e+00, sign=0.194, train=1.363e+00, val=1.348e+00]
GNN flow training:  18%|█▊        | 18/100 [01:53<08:07,  5.95s/epoch, best=1.346e+00, sign=0.194, train=1.363e+00, val=1.347e+00]
GNN flow training:  19%|█▉        | 19/100 [01:53<08:01,  5.95s/epoch, best=1.346e+00, sign=0.194, train=1.363e+00, val=1.347e+00]
GNN flow training:  19%|█▉        | 19/100 [01:59<08:01,  5.95s/epoch, best=1.346e+00, sign=0.194, train=1.363e+00, val=1.347e+00]
GNN flow training:  20%|██        | 20/100 [01:59<07:55,  5.94s/epoch, best=1.346e+00, sign=0.194, train=1.363e+00, val=1.347e+00]
GNN flow training:  20%|██        | 20/100 [02:05<07:55,  5.94s/epoch, best=1.346e+00, sign=0.194, train=1.362e+00, val=1.345e+00]
GNN flow training:  21%|██        | 21/100 [02:05<07:50,  5.95s/epoch, best=1.346e+00, sign=0.194, train=1.362e+00, val=1.345e+00]
GNN flow training:  21%|██        | 21/100 [02:11<07:50,  5.95s/epoch, best=1.345e+00, sign=0.194, train=1.361e+00, val=1.345e+00]
GNN flow training:  22%|██▏       | 22/100 [02:11<07:44,  5.96s/epoch, best=1.345e+00, sign=0.194, train=1.361e+00, val=1.345e+00]
GNN flow training:  22%|██▏       | 22/100 [02:17<07:44,  5.96s/epoch, best=1.345e+00, sign=0.193, train=1.360e+00, val=1.345e+00]
GNN flow training:  23%|██▎       | 23/100 [02:17<07:40,  5.98s/epoch, best=1.345e+00, sign=0.193, train=1.360e+00, val=1.345e+00]
GNN flow training:  23%|██▎       | 23/100 [02:22<07:40,  5.98s/epoch, best=1.345e+00, sign=0.193, train=1.360e+00, val=1.344e+00]
GNN flow training:  24%|██▍       | 24/100 [02:22<07:32,  5.95s/epoch, best=1.345e+00, sign=0.193, train=1.360e+00, val=1.344e+00]
GNN flow training:  24%|██▍       | 24/100 [02:28<07:32,  5.95s/epoch, best=1.344e+00, sign=0.193, train=1.359e+00, val=1.343e+00]
GNN flow training:  25%|██▌       | 25/100 [02:28<07:27,  5.96s/epoch, best=1.344e+00, sign=0.193, train=1.359e+00, val=1.343e+00]
GNN flow training:  25%|██▌       | 25/100 [02:34<07:27,  5.96s/epoch, best=1.343e+00, sign=0.193, train=1.359e+00, val=1.342e+00]
GNN flow training:  26%|██▌       | 26/100 [02:34<07:21,  5.97s/epoch, best=1.343e+00, sign=0.193, train=1.359e+00, val=1.342e+00]
GNN flow training:  26%|██▌       | 26/100 [02:40<07:21,  5.97s/epoch, best=1.342e+00, sign=0.193, train=1.358e+00, val=1.341e+00]
GNN flow training:  27%|██▋       | 27/100 [02:40<07:14,  5.95s/epoch, best=1.342e+00, sign=0.193, train=1.358e+00, val=1.341e+00]
GNN flow training:  27%|██▋       | 27/100 [02:46<07:14,  5.95s/epoch, best=1.341e+00, sign=0.193, train=1.357e+00, val=1.341e+00]
GNN flow training:  28%|██▊       | 28/100 [02:46<07:08,  5.95s/epoch, best=1.341e+00, sign=0.193, train=1.357e+00, val=1.341e+00]
GNN flow training:  28%|██▊       | 28/100 [02:52<07:08,  5.95s/epoch, best=1.341e+00, sign=0.193, train=1.356e+00, val=1.339e+00]
GNN flow training:  29%|██▉       | 29/100 [02:52<07:02,  5.95s/epoch, best=1.341e+00, sign=0.193, train=1.356e+00, val=1.339e+00]
GNN flow training:  29%|██▉       | 29/100 [02:58<07:02,  5.95s/epoch, best=1.339e+00, sign=0.193, train=1.355e+00, val=1.338e+00]
GNN flow training:  30%|███       | 30/100 [02:58<06:57,  5.97s/epoch, best=1.339e+00, sign=0.193, train=1.355e+00, val=1.338e+00]
GNN flow training:  30%|███       | 30/100 [03:04<06:57,  5.97s/epoch, best=1.338e+00, sign=0.193, train=1.354e+00, val=1.337e+00]
GNN flow training:  31%|███       | 31/100 [03:04<06:52,  5.98s/epoch, best=1.338e+00, sign=0.193, train=1.354e+00, val=1.337e+00]
GNN flow training:  31%|███       | 31/100 [03:10<06:52,  5.98s/epoch, best=1.337e+00, sign=0.193, train=1.352e+00, val=1.335e+00]
GNN flow training:  32%|███▏      | 32/100 [03:10<06:46,  5.98s/epoch, best=1.337e+00, sign=0.193, train=1.352e+00, val=1.335e+00]
GNN flow training:  32%|███▏      | 32/100 [03:16<06:46,  5.98s/epoch, best=1.335e+00, sign=0.192, train=1.351e+00, val=1.337e+00]
GNN flow training:  33%|███▎      | 33/100 [03:16<06:39,  5.96s/epoch, best=1.335e+00, sign=0.192, train=1.351e+00, val=1.337e+00]
GNN flow training:  33%|███▎      | 33/100 [03:22<06:39,  5.96s/epoch, best=1.335e+00, sign=0.192, train=1.352e+00, val=1.336e+00]
GNN flow training:  34%|███▍      | 34/100 [03:22<06:33,  5.96s/epoch, best=1.335e+00, sign=0.192, train=1.352e+00, val=1.336e+00]
GNN flow training:  34%|███▍      | 34/100 [03:28<06:33,  5.96s/epoch, best=1.335e+00, sign=0.192, train=1.351e+00, val=1.333e+00]
GNN flow training:  35%|███▌      | 35/100 [03:28<06:27,  5.96s/epoch, best=1.335e+00, sign=0.192, train=1.351e+00, val=1.333e+00]
GNN flow training:  35%|███▌      | 35/100 [03:34<06:27,  5.96s/epoch, best=1.333e+00, sign=0.192, train=1.348e+00, val=1.333e+00]
GNN flow training:  36%|███▌      | 36/100 [03:34<06:20,  5.95s/epoch, best=1.333e+00, sign=0.192, train=1.348e+00, val=1.333e+00]
GNN flow training:  36%|███▌      | 36/100 [03:40<06:20,  5.95s/epoch, best=1.333e+00, sign=0.192, train=1.348e+00, val=1.330e+00]
GNN flow training:  37%|███▋      | 37/100 [03:40<06:14,  5.94s/epoch, best=1.333e+00, sign=0.192, train=1.348e+00, val=1.330e+00]
GNN flow training:  37%|███▋      | 37/100 [03:46<06:14,  5.94s/epoch, best=1.330e+00, sign=0.191, train=1.345e+00, val=1.330e+00]
GNN flow training:  38%|███▊      | 38/100 [03:46<06:08,  5.95s/epoch, best=1.330e+00, sign=0.191, train=1.345e+00, val=1.330e+00]
GNN flow training:  38%|███▊      | 38/100 [03:52<06:08,  5.95s/epoch, best=1.330e+00, sign=0.191, train=1.345e+00, val=1.327e+00]
GNN flow training:  39%|███▉      | 39/100 [03:52<06:03,  5.95s/epoch, best=1.330e+00, sign=0.191, train=1.345e+00, val=1.327e+00]
GNN flow training:  39%|███▉      | 39/100 [03:58<06:03,  5.95s/epoch, best=1.327e+00, sign=0.190, train=1.342e+00, val=1.325e+00]
GNN flow training:  40%|████      | 40/100 [03:58<05:56,  5.94s/epoch, best=1.327e+00, sign=0.190, train=1.342e+00, val=1.325e+00]
GNN flow training:  40%|████      | 40/100 [04:04<05:56,  5.94s/epoch, best=1.325e+00, sign=0.190, train=1.340e+00, val=1.325e+00]
GNN flow training:  41%|████      | 41/100 [04:04<05:50,  5.94s/epoch, best=1.325e+00, sign=0.190, train=1.340e+00, val=1.325e+00]
GNN flow training:  41%|████      | 41/100 [04:10<05:50,  5.94s/epoch, best=1.325e+00, sign=0.190, train=1.340e+00, val=1.325e+00]
GNN flow training:  42%|████▏     | 42/100 [04:10<05:46,  5.98s/epoch, best=1.325e+00, sign=0.190, train=1.340e+00, val=1.325e+00]
GNN flow training:  42%|████▏     | 42/100 [04:16<05:46,  5.98s/epoch, best=1.325e+00, sign=0.190, train=1.339e+00, val=1.329e+00]
GNN flow training:  43%|████▎     | 43/100 [04:16<05:40,  5.98s/epoch, best=1.325e+00, sign=0.190, train=1.339e+00, val=1.329e+00]
GNN flow training:  43%|████▎     | 43/100 [04:22<05:40,  5.98s/epoch, best=1.325e+00, sign=0.190, train=1.343e+00, val=1.323e+00]
GNN flow training:  44%|████▍     | 44/100 [04:22<05:34,  5.97s/epoch, best=1.325e+00, sign=0.190, train=1.343e+00, val=1.323e+00]
GNN flow training:  44%|████▍     | 44/100 [04:28<05:34,  5.97s/epoch, best=1.323e+00, sign=0.190, train=1.337e+00, val=1.318e+00]
GNN flow training:  45%|████▌     | 45/100 [04:28<05:28,  5.97s/epoch, best=1.323e+00, sign=0.190, train=1.337e+00, val=1.318e+00]
GNN flow training:  45%|████▌     | 45/100 [04:34<05:28,  5.97s/epoch, best=1.318e+00, sign=0.189, train=1.332e+00, val=1.313e+00]
GNN flow training:  46%|████▌     | 46/100 [04:34<05:22,  5.98s/epoch, best=1.318e+00, sign=0.189, train=1.332e+00, val=1.313e+00]
GNN flow training:  46%|████▌     | 46/100 [04:40<05:22,  5.98s/epoch, best=1.313e+00, sign=0.189, train=1.328e+00, val=1.308e+00]
GNN flow training:  47%|████▋     | 47/100 [04:40<05:16,  5.97s/epoch, best=1.313e+00, sign=0.189, train=1.328e+00, val=1.308e+00]
GNN flow training:  47%|████▋     | 47/100 [04:46<05:16,  5.97s/epoch, best=1.308e+00, sign=0.188, train=1.323e+00, val=1.303e+00]
GNN flow training:  48%|████▊     | 48/100 [04:46<05:10,  5.97s/epoch, best=1.308e+00, sign=0.188, train=1.323e+00, val=1.303e+00]
GNN flow training:  48%|████▊     | 48/100 [04:51<05:10,  5.97s/epoch, best=1.303e+00, sign=0.187, train=1.318e+00, val=1.299e+00]
GNN flow training:  49%|████▉     | 49/100 [04:51<05:03,  5.95s/epoch, best=1.303e+00, sign=0.187, train=1.318e+00, val=1.299e+00]
GNN flow training:  49%|████▉     | 49/100 [04:57<05:03,  5.95s/epoch, best=1.299e+00, sign=0.186, train=1.313e+00, val=1.294e+00]
GNN flow training:  50%|█████     | 50/100 [04:57<04:56,  5.93s/epoch, best=1.299e+00, sign=0.186, train=1.313e+00, val=1.294e+00]
GNN flow training:  50%|█████     | 50/100 [05:03<04:56,  5.93s/epoch, best=1.294e+00, sign=0.185, train=1.308e+00, val=1.293e+00]
GNN flow training:  51%|█████     | 51/100 [05:03<04:50,  5.93s/epoch, best=1.294e+00, sign=0.185, train=1.308e+00, val=1.293e+00]
GNN flow training:  51%|█████     | 51/100 [05:09<04:50,  5.93s/epoch, best=1.293e+00, sign=0.185, train=1.307e+00, val=1.288e+00]
GNN flow training:  52%|█████▏    | 52/100 [05:09<04:45,  5.95s/epoch, best=1.293e+00, sign=0.185, train=1.307e+00, val=1.288e+00]
GNN flow training:  52%|█████▏    | 52/100 [05:15<04:45,  5.95s/epoch, best=1.288e+00, sign=0.185, train=1.302e+00, val=1.285e+00]
GNN flow training:  53%|█████▎    | 53/100 [05:15<04:39,  5.96s/epoch, best=1.288e+00, sign=0.185, train=1.302e+00, val=1.285e+00]
GNN flow training:  53%|█████▎    | 53/100 [05:21<04:39,  5.96s/epoch, best=1.285e+00, sign=0.185, train=1.299e+00, val=1.285e+00]
GNN flow training:  54%|█████▍    | 54/100 [05:21<04:33,  5.94s/epoch, best=1.285e+00, sign=0.185, train=1.299e+00, val=1.285e+00]
GNN flow training:  54%|█████▍    | 54/100 [05:27<04:33,  5.94s/epoch, best=1.285e+00, sign=0.185, train=1.298e+00, val=1.282e+00]
GNN flow training:  55%|█████▌    | 55/100 [05:27<04:27,  5.94s/epoch, best=1.285e+00, sign=0.185, train=1.298e+00, val=1.282e+00]
GNN flow training:  55%|█████▌    | 55/100 [05:33<04:27,  5.94s/epoch, best=1.282e+00, sign=0.185, train=1.296e+00, val=1.276e+00]
GNN flow training:  56%|█████▌    | 56/100 [05:33<04:20,  5.93s/epoch, best=1.282e+00, sign=0.185, train=1.296e+00, val=1.276e+00]
GNN flow training:  56%|█████▌    | 56/100 [05:39<04:20,  5.93s/epoch, best=1.276e+00, sign=0.185, train=1.289e+00, val=1.274e+00]
GNN flow training:  57%|█████▋    | 57/100 [05:39<04:15,  5.93s/epoch, best=1.276e+00, sign=0.185, train=1.289e+00, val=1.274e+00]
GNN flow training:  57%|█████▋    | 57/100 [05:45<04:15,  5.93s/epoch, best=1.274e+00, sign=0.186, train=1.289e+00, val=1.268e+00]
GNN flow training:  58%|█████▊    | 58/100 [05:45<04:09,  5.93s/epoch, best=1.274e+00, sign=0.186, train=1.289e+00, val=1.268e+00]
GNN flow training:  58%|█████▊    | 58/100 [05:51<04:09,  5.93s/epoch, best=1.268e+00, sign=0.185, train=1.283e+00, val=1.268e+00]
GNN flow training:  59%|█████▉    | 59/100 [05:51<04:03,  5.94s/epoch, best=1.268e+00, sign=0.185, train=1.283e+00, val=1.268e+00]
GNN flow training:  59%|█████▉    | 59/100 [05:57<04:03,  5.94s/epoch, best=1.268e+00, sign=0.185, train=1.282e+00, val=1.264e+00]
GNN flow training:  60%|██████    | 60/100 [05:57<03:57,  5.93s/epoch, best=1.268e+00, sign=0.185, train=1.282e+00, val=1.264e+00]
GNN flow training:  60%|██████    | 60/100 [06:03<03:57,  5.93s/epoch, best=1.264e+00, sign=0.185, train=1.278e+00, val=1.259e+00]
GNN flow training:  61%|██████    | 61/100 [06:03<03:51,  5.93s/epoch, best=1.264e+00, sign=0.185, train=1.278e+00, val=1.259e+00]
GNN flow training:  61%|██████    | 61/100 [06:09<03:51,  5.93s/epoch, best=1.259e+00, sign=0.185, train=1.274e+00, val=1.256e+00]
GNN flow training:  62%|██████▏   | 62/100 [06:09<03:46,  5.96s/epoch, best=1.259e+00, sign=0.185, train=1.274e+00, val=1.256e+00]
GNN flow training:  62%|██████▏   | 62/100 [06:15<03:46,  5.96s/epoch, best=1.256e+00, sign=0.184, train=1.271e+00, val=1.254e+00]
GNN flow training:  63%|██████▎   | 63/100 [06:15<03:40,  5.95s/epoch, best=1.256e+00, sign=0.184, train=1.271e+00, val=1.254e+00]
GNN flow training:  63%|██████▎   | 63/100 [06:21<03:40,  5.95s/epoch, best=1.254e+00, sign=0.183, train=1.268e+00, val=1.252e+00]
GNN flow training:  64%|██████▍   | 64/100 [06:21<03:34,  5.95s/epoch, best=1.254e+00, sign=0.183, train=1.268e+00, val=1.252e+00]
GNN flow training:  64%|██████▍   | 64/100 [06:26<03:34,  5.95s/epoch, best=1.252e+00, sign=0.184, train=1.266e+00, val=1.249e+00]
GNN flow training:  65%|██████▌   | 65/100 [06:26<03:27,  5.93s/epoch, best=1.252e+00, sign=0.184, train=1.266e+00, val=1.249e+00]
GNN flow training:  65%|██████▌   | 65/100 [06:32<03:27,  5.93s/epoch, best=1.249e+00, sign=0.184, train=1.264e+00, val=1.247e+00]
GNN flow training:  66%|██████▌   | 66/100 [06:32<03:21,  5.92s/epoch, best=1.249e+00, sign=0.184, train=1.264e+00, val=1.247e+00]
GNN flow training:  66%|██████▌   | 66/100 [06:38<03:21,  5.92s/epoch, best=1.247e+00, sign=0.184, train=1.262e+00, val=1.246e+00]
GNN flow training:  67%|██████▋   | 67/100 [06:38<03:15,  5.91s/epoch, best=1.247e+00, sign=0.184, train=1.262e+00, val=1.246e+00]
GNN flow training:  67%|██████▋   | 67/100 [06:44<03:15,  5.91s/epoch, best=1.246e+00, sign=0.184, train=1.260e+00, val=1.244e+00]
GNN flow training:  68%|██████▊   | 68/100 [06:44<03:08,  5.89s/epoch, best=1.246e+00, sign=0.184, train=1.260e+00, val=1.244e+00]
GNN flow training:  68%|██████▊   | 68/100 [06:50<03:08,  5.89s/epoch, best=1.244e+00, sign=0.184, train=1.258e+00, val=1.243e+00]
GNN flow training:  69%|██████▉   | 69/100 [06:50<03:03,  5.91s/epoch, best=1.244e+00, sign=0.184, train=1.258e+00, val=1.243e+00]
GNN flow training:  69%|██████▉   | 69/100 [06:56<03:03,  5.91s/epoch, best=1.243e+00, sign=0.183, train=1.258e+00, val=1.240e+00]
GNN flow training:  70%|███████   | 70/100 [06:56<02:57,  5.91s/epoch, best=1.243e+00, sign=0.183, train=1.258e+00, val=1.240e+00]
GNN flow training:  70%|███████   | 70/100 [07:02<02:57,  5.91s/epoch, best=1.240e+00, sign=0.183, train=1.256e+00, val=1.243e+00]
GNN flow training:  71%|███████   | 71/100 [07:02<02:51,  5.92s/epoch, best=1.240e+00, sign=0.183, train=1.256e+00, val=1.243e+00]
GNN flow training:  71%|███████   | 71/100 [07:08<02:51,  5.92s/epoch, best=1.240e+00, sign=0.183, train=1.258e+00, val=1.245e+00]
GNN flow training:  72%|███████▏  | 72/100 [07:08<02:45,  5.92s/epoch, best=1.240e+00, sign=0.183, train=1.258e+00, val=1.245e+00]
GNN flow training:  72%|███████▏  | 72/100 [07:14<02:45,  5.92s/epoch, best=1.240e+00, sign=0.183, train=1.261e+00, val=1.238e+00]
GNN flow training:  73%|███████▎  | 73/100 [07:14<02:40,  5.94s/epoch, best=1.240e+00, sign=0.183, train=1.261e+00, val=1.238e+00]
GNN flow training:  73%|███████▎  | 73/100 [07:20<02:40,  5.94s/epoch, best=1.238e+00, sign=0.184, train=1.253e+00, val=1.247e+00]
GNN flow training:  74%|███████▍  | 74/100 [07:20<02:34,  5.94s/epoch, best=1.238e+00, sign=0.184, train=1.253e+00, val=1.247e+00]
GNN flow training:  74%|███████▍  | 74/100 [07:26<02:34,  5.94s/epoch, best=1.238e+00, sign=0.183, train=1.262e+00, val=1.240e+00]
GNN flow training:  75%|███████▌  | 75/100 [07:26<02:28,  5.93s/epoch, best=1.238e+00, sign=0.183, train=1.262e+00, val=1.240e+00]
GNN flow training:  75%|███████▌  | 75/100 [07:32<02:28,  5.93s/epoch, best=1.238e+00, sign=0.183, train=1.255e+00, val=1.245e+00]
GNN flow training:  76%|███████▌  | 76/100 [07:32<02:22,  5.94s/epoch, best=1.238e+00, sign=0.183, train=1.255e+00, val=1.245e+00]
GNN flow training:  76%|███████▌  | 76/100 [07:38<02:22,  5.94s/epoch, best=1.238e+00, sign=0.183, train=1.261e+00, val=1.238e+00]
GNN flow training:  77%|███████▋  | 77/100 [07:38<02:16,  5.94s/epoch, best=1.238e+00, sign=0.183, train=1.261e+00, val=1.238e+00]
GNN flow training:  77%|███████▋  | 77/100 [07:43<02:16,  5.94s/epoch, best=1.238e+00, sign=0.184, train=1.254e+00, val=1.239e+00]
GNN flow training:  78%|███████▊  | 78/100 [07:43<02:10,  5.94s/epoch, best=1.238e+00, sign=0.184, train=1.254e+00, val=1.239e+00]
GNN flow training:  78%|███████▊  | 78/100 [07:49<02:10,  5.94s/epoch, best=1.238e+00, sign=0.183, train=1.254e+00, val=1.240e+00]
GNN flow training:  79%|███████▉  | 79/100 [07:49<02:04,  5.93s/epoch, best=1.238e+00, sign=0.183, train=1.254e+00, val=1.240e+00]
GNN flow training:  79%|███████▉  | 79/100 [07:55<02:04,  5.93s/epoch, best=1.238e+00, sign=0.182, train=1.255e+00, val=1.235e+00]
GNN flow training:  80%|████████  | 80/100 [07:55<01:58,  5.94s/epoch, best=1.238e+00, sign=0.182, train=1.255e+00, val=1.235e+00]
GNN flow training:  80%|████████  | 80/100 [08:01<01:58,  5.94s/epoch, best=1.235e+00, sign=0.181, train=1.250e+00, val=1.239e+00]
GNN flow training:  81%|████████  | 81/100 [08:01<01:52,  5.94s/epoch, best=1.235e+00, sign=0.181, train=1.250e+00, val=1.239e+00]
GNN flow training:  81%|████████  | 81/100 [08:07<01:52,  5.94s/epoch, best=1.235e+00, sign=0.182, train=1.255e+00, val=1.233e+00]
GNN flow training:  82%|████████▏ | 82/100 [08:07<01:47,  5.95s/epoch, best=1.235e+00, sign=0.182, train=1.255e+00, val=1.233e+00]
GNN flow training:  82%|████████▏ | 82/100 [08:13<01:47,  5.95s/epoch, best=1.233e+00, sign=0.183, train=1.248e+00, val=1.235e+00]
GNN flow training:  83%|████████▎ | 83/100 [08:13<01:41,  5.96s/epoch, best=1.233e+00, sign=0.183, train=1.248e+00, val=1.235e+00]
GNN flow training:  83%|████████▎ | 83/100 [08:19<01:41,  5.96s/epoch, best=1.233e+00, sign=0.182, train=1.250e+00, val=1.233e+00]
GNN flow training:  84%|████████▍ | 84/100 [08:19<01:35,  5.96s/epoch, best=1.233e+00, sign=0.182, train=1.250e+00, val=1.233e+00]
GNN flow training:  84%|████████▍ | 84/100 [08:25<01:35,  5.96s/epoch, best=1.233e+00, sign=0.181, train=1.248e+00, val=1.230e+00]
GNN flow training:  85%|████████▌ | 85/100 [08:25<01:29,  5.95s/epoch, best=1.233e+00, sign=0.181, train=1.248e+00, val=1.230e+00]
GNN flow training:  85%|████████▌ | 85/100 [08:31<01:29,  5.95s/epoch, best=1.230e+00, sign=0.180, train=1.245e+00, val=1.231e+00]
GNN flow training:  86%|████████▌ | 86/100 [08:31<01:23,  5.94s/epoch, best=1.230e+00, sign=0.180, train=1.245e+00, val=1.231e+00]
GNN flow training:  86%|████████▌ | 86/100 [08:37<01:23,  5.94s/epoch, best=1.230e+00, sign=0.181, train=1.247e+00, val=1.228e+00]
GNN flow training:  87%|████████▋ | 87/100 [08:37<01:17,  5.94s/epoch, best=1.230e+00, sign=0.181, train=1.247e+00, val=1.228e+00]
GNN flow training:  87%|████████▋ | 87/100 [08:43<01:17,  5.94s/epoch, best=1.228e+00, sign=0.182, train=1.244e+00, val=1.229e+00]
GNN flow training:  88%|████████▊ | 88/100 [08:43<01:11,  5.94s/epoch, best=1.228e+00, sign=0.182, train=1.244e+00, val=1.229e+00]
GNN flow training:  88%|████████▊ | 88/100 [08:49<01:11,  5.94s/epoch, best=1.228e+00, sign=0.181, train=1.244e+00, val=1.225e+00]
GNN flow training:  89%|████████▉ | 89/100 [08:49<01:05,  5.93s/epoch, best=1.228e+00, sign=0.181, train=1.244e+00, val=1.225e+00]
GNN flow training:  89%|████████▉ | 89/100 [08:55<01:05,  5.93s/epoch, best=1.225e+00, sign=0.180, train=1.241e+00, val=1.226e+00]
GNN flow training:  90%|█████████ | 90/100 [08:55<00:59,  5.95s/epoch, best=1.225e+00, sign=0.180, train=1.241e+00, val=1.226e+00]
GNN flow training:  90%|█████████ | 90/100 [09:01<00:59,  5.95s/epoch, best=1.225e+00, sign=0.180, train=1.242e+00, val=1.225e+00]
GNN flow training:  91%|█████████ | 91/100 [09:01<00:53,  5.94s/epoch, best=1.225e+00, sign=0.180, train=1.242e+00, val=1.225e+00]
GNN flow training:  91%|█████████ | 91/100 [09:07<00:53,  5.94s/epoch, best=1.225e+00, sign=0.180, train=1.240e+00, val=1.223e+00]
GNN flow training:  92%|█████████▏| 92/100 [09:07<00:47,  5.95s/epoch, best=1.225e+00, sign=0.180, train=1.240e+00, val=1.223e+00]
GNN flow training:  92%|█████████▏| 92/100 [09:13<00:47,  5.95s/epoch, best=1.223e+00, sign=0.181, train=1.238e+00, val=1.222e+00]
GNN flow training:  93%|█████████▎| 93/100 [09:13<00:41,  5.96s/epoch, best=1.223e+00, sign=0.181, train=1.238e+00, val=1.222e+00]
GNN flow training:  93%|█████████▎| 93/100 [09:19<00:41,  5.96s/epoch, best=1.222e+00, sign=0.180, train=1.238e+00, val=1.223e+00]
GNN flow training:  94%|█████████▍| 94/100 [09:19<00:35,  5.95s/epoch, best=1.222e+00, sign=0.180, train=1.238e+00, val=1.223e+00]
GNN flow training:  94%|█████████▍| 94/100 [09:25<00:35,  5.95s/epoch, best=1.222e+00, sign=0.180, train=1.239e+00, val=1.223e+00]
GNN flow training:  95%|█████████▌| 95/100 [09:25<00:29,  5.94s/epoch, best=1.222e+00, sign=0.180, train=1.239e+00, val=1.223e+00]
GNN flow training:  95%|█████████▌| 95/100 [09:30<00:29,  5.94s/epoch, best=1.222e+00, sign=0.180, train=1.239e+00, val=1.224e+00]
GNN flow training:  96%|█████████▌| 96/100 [09:30<00:23,  5.93s/epoch, best=1.222e+00, sign=0.180, train=1.239e+00, val=1.224e+00]
GNN flow training:  96%|█████████▌| 96/100 [09:36<00:23,  5.93s/epoch, best=1.222e+00, sign=0.180, train=1.239e+00, val=1.223e+00]
GNN flow training:  97%|█████████▋| 97/100 [09:36<00:17,  5.94s/epoch, best=1.222e+00, sign=0.180, train=1.239e+00, val=1.223e+00]
GNN flow training:  97%|█████████▋| 97/100 [09:42<00:17,  5.94s/epoch, best=1.222e+00, sign=0.180, train=1.238e+00, val=1.224e+00]
GNN flow training:  98%|█████████▊| 98/100 [09:42<00:11,  5.94s/epoch, best=1.222e+00, sign=0.180, train=1.238e+00, val=1.224e+00]
GNN flow training:  98%|█████████▊| 98/100 [09:48<00:11,  5.94s/epoch, best=1.222e+00, sign=0.180, train=1.239e+00, val=1.223e+00]
GNN flow training:  99%|█████████▉| 99/100 [09:48<00:05,  5.94s/epoch, best=1.222e+00, sign=0.180, train=1.239e+00, val=1.223e+00]
GNN flow training:  99%|█████████▉| 99/100 [09:54<00:05,  5.94s/epoch, best=1.222e+00, sign=0.180, train=1.238e+00, val=1.221e+00]
GNN flow training: 100%|██████████| 100/100 [09:54<00:00,  5.95s/epoch, best=1.222e+00, sign=0.180, train=1.238e+00, val=1.221e+00]
GNN flow training: 100%|██████████| 100/100 [09:54<00:00,  5.95s/epoch, best=1.222e+00, sign=0.180, train=1.238e+00, val=1.221e+00]
Resolved config snapshot:
{'preset': 'solver_QKB_outer_QKBdelta', 'gnn_outer_losses': {'flow': 1.0, 'kirchhoff': 0.1, 'boundary': 100.0, 'delta_l2': 100.0, 'delta_smooth': 0.0, 'pressure_shape': 0.0}, 'physics': {'arterial_flow_mode': 'dataset', 'pressure_constraints': ['equal-a-equal-v'], 'alpha_pa': None, 'use_snr_weights': True, 'use_observed_flow_snr_weighting': True, 'flow_scale_mode': 'median_abs', 'solver_device': 'same', 'pressure_solver_mode': 'reduced-soft-constrained-lstsq', 'pressure_solver_lambda_kirchhoff': 1.0, 'pressure_solver_lambda_pressure_constraints': 100.0, 'pressure_solver_lambda_flow_residual': 1.0, 'pressure_shape_reference': 'delta_zero_reference', 'pressure_detach': False}, 'correction_bounds': {'correction_min': -0.5, 'correction_max': 0.5, 'correction_bound': 0.5, 'correction_parameterization': 'tanh'}, 'optimization': {'learning_rate': 0.001, 'weight_decay': 0.0001, 'gradient_clip_norm': 5.0, 'optimizer': 'adamw', 'epochs': 100, 'patience': 40}}
Shard 20/80: 1 of 80 runs
Command: /mnt/home/sswee/miniforge3/envs/yolk-sac/bin/python /mnt/home/sswee/yolk/Yolk-Sac-Flow-Data-and-Sim/gnn_clean/scripts/python/gnn_flow.py /mnt/home/sswee/yolk/Yolk-Sac-Flow-Data-and-Sim/gnn_clean/datasets/mosaic_graph_canonical_harmonized/mosaic_graph_canonical_harmonized.gpickle --output-dir /mnt/home/sswee/yolk/Yolk-Sac-Flow-Data-and-Sim/gnn_clean/outputs_canonical/dc/02_physics_weight_sweep/gnn --run-name q_1__k_0p1__delta_100 --preset solver_QKB_outer_QKBdelta --device cuda --epochs 100 --seed 0 --viscosity-pa-s 0.0035 --config /mnt/home/sswee/yolk/Yolk-Sac-Flow-Data-and-Sim/gnn_clean/outputs_canonical/dc/02_physics_weight_sweep/_generated_configs/q_1__k_0p1__delta_100.yaml --no-pressure-detach
