
GNN flow training:   0%|          | 0/100 [00:00<?, ?epoch/s]
GNN flow training:   0%|          | 0/100 [00:04<?, ?epoch/s, best=6.284e+00, sign=0.200, train=7.705e+00, val=6.284e+00]
GNN flow training:   1%|          | 1/100 [00:04<07:53,  4.78s/epoch, best=6.284e+00, sign=0.200, train=7.705e+00, val=6.284e+00]
GNN flow training:   1%|          | 1/100 [00:09<07:53,  4.78s/epoch, best=6.284e+00, sign=0.200, train=7.691e+00, val=6.270e+00]
GNN flow training:   2%|▏         | 2/100 [00:09<07:29,  4.59s/epoch, best=6.284e+00, sign=0.200, train=7.691e+00, val=6.270e+00]
GNN flow training:   2%|▏         | 2/100 [00:13<07:29,  4.59s/epoch, best=6.270e+00, sign=0.199, train=7.664e+00, val=6.242e+00]
GNN flow training:   3%|▎         | 3/100 [00:13<07:21,  4.55s/epoch, best=6.270e+00, sign=0.199, train=7.664e+00, val=6.242e+00]
GNN flow training:   3%|▎         | 3/100 [00:18<07:21,  4.55s/epoch, best=6.242e+00, sign=0.199, train=7.618e+00, val=6.201e+00]
GNN flow training:   4%|▍         | 4/100 [00:18<07:13,  4.51s/epoch, best=6.242e+00, sign=0.199, train=7.618e+00, val=6.201e+00]
GNN flow training:   4%|▍         | 4/100 [00:22<07:13,  4.51s/epoch, best=6.201e+00, sign=0.198, train=7.551e+00, val=6.145e+00]
GNN flow training:   5%|▌         | 5/100 [00:22<07:08,  4.51s/epoch, best=6.201e+00, sign=0.198, train=7.551e+00, val=6.145e+00]
GNN flow training:   5%|▌         | 5/100 [00:27<07:08,  4.51s/epoch, best=6.145e+00, sign=0.197, train=7.459e+00, val=6.075e+00]
GNN flow training:   6%|▌         | 6/100 [00:27<07:04,  4.51s/epoch, best=6.145e+00, sign=0.197, train=7.459e+00, val=6.075e+00]
GNN flow training:   6%|▌         | 6/100 [00:31<07:04,  4.51s/epoch, best=6.075e+00, sign=0.196, train=7.343e+00, val=5.993e+00]
GNN flow training:   7%|▋         | 7/100 [00:31<06:58,  4.50s/epoch, best=6.075e+00, sign=0.196, train=7.343e+00, val=5.993e+00]
GNN flow training:   7%|▋         | 7/100 [00:36<06:58,  4.50s/epoch, best=5.993e+00, sign=0.194, train=7.202e+00, val=5.901e+00]
GNN flow training:   8%|▊         | 8/100 [00:36<06:52,  4.48s/epoch, best=5.993e+00, sign=0.194, train=7.202e+00, val=5.901e+00]
GNN flow training:   8%|▊         | 8/100 [00:40<06:52,  4.48s/epoch, best=5.901e+00, sign=0.190, train=7.037e+00, val=5.811e+00]
GNN flow training:   9%|▉         | 9/100 [00:40<06:46,  4.47s/epoch, best=5.901e+00, sign=0.190, train=7.037e+00, val=5.811e+00]
GNN flow training:   9%|▉         | 9/100 [00:45<06:46,  4.47s/epoch, best=5.811e+00, sign=0.186, train=6.858e+00, val=5.729e+00]
GNN flow training:  10%|█         | 10/100 [00:45<06:41,  4.46s/epoch, best=5.811e+00, sign=0.186, train=6.858e+00, val=5.729e+00]
GNN flow training:  10%|█         | 10/100 [00:49<06:41,  4.46s/epoch, best=5.729e+00, sign=0.183, train=6.670e+00, val=5.653e+00]
GNN flow training:  11%|█         | 11/100 [00:49<06:37,  4.47s/epoch, best=5.729e+00, sign=0.183, train=6.670e+00, val=5.653e+00]
GNN flow training:  11%|█         | 11/100 [00:53<06:37,  4.47s/epoch, best=5.653e+00, sign=0.179, train=6.483e+00, val=5.566e+00]
GNN flow training:  12%|█▏        | 12/100 [00:53<06:31,  4.45s/epoch, best=5.653e+00, sign=0.179, train=6.483e+00, val=5.566e+00]
GNN flow training:  12%|█▏        | 12/100 [00:58<06:31,  4.45s/epoch, best=5.566e+00, sign=0.172, train=6.297e+00, val=5.484e+00]
GNN flow training:  13%|█▎        | 13/100 [00:58<06:28,  4.46s/epoch, best=5.566e+00, sign=0.172, train=6.297e+00, val=5.484e+00]
GNN flow training:  13%|█▎        | 13/100 [01:02<06:28,  4.46s/epoch, best=5.484e+00, sign=0.166, train=6.109e+00, val=5.399e+00]
GNN flow training:  14%|█▍        | 14/100 [01:02<06:24,  4.47s/epoch, best=5.484e+00, sign=0.166, train=6.109e+00, val=5.399e+00]
GNN flow training:  14%|█▍        | 14/100 [01:07<06:24,  4.47s/epoch, best=5.399e+00, sign=0.161, train=5.918e+00, val=5.304e+00]
GNN flow training:  15%|█▌        | 15/100 [01:07<06:20,  4.47s/epoch, best=5.399e+00, sign=0.161, train=5.918e+00, val=5.304e+00]
GNN flow training:  15%|█▌        | 15/100 [01:11<06:20,  4.47s/epoch, best=5.304e+00, sign=0.155, train=5.753e+00, val=5.269e+00]
GNN flow training:  16%|█▌        | 16/100 [01:11<06:15,  4.47s/epoch, best=5.304e+00, sign=0.155, train=5.753e+00, val=5.269e+00]
GNN flow training:  16%|█▌        | 16/100 [01:16<06:15,  4.47s/epoch, best=5.269e+00, sign=0.149, train=5.608e+00, val=5.195e+00]
GNN flow training:  17%|█▋        | 17/100 [01:16<06:10,  4.46s/epoch, best=5.269e+00, sign=0.149, train=5.608e+00, val=5.195e+00]
GNN flow training:  17%|█▋        | 17/100 [01:20<06:10,  4.46s/epoch, best=5.195e+00, sign=0.144, train=5.490e+00, val=5.110e+00]
GNN flow training:  18%|█▊        | 18/100 [01:20<06:06,  4.47s/epoch, best=5.195e+00, sign=0.144, train=5.490e+00, val=5.110e+00]
GNN flow training:  18%|█▊        | 18/100 [01:25<06:06,  4.47s/epoch, best=5.110e+00, sign=0.141, train=5.420e+00, val=5.085e+00]
GNN flow training:  19%|█▉        | 19/100 [01:25<06:01,  4.47s/epoch, best=5.110e+00, sign=0.141, train=5.420e+00, val=5.085e+00]
GNN flow training:  19%|█▉        | 19/100 [01:29<06:01,  4.47s/epoch, best=5.085e+00, sign=0.138, train=5.356e+00, val=5.065e+00]
GNN flow training:  20%|██        | 20/100 [01:29<05:57,  4.47s/epoch, best=5.085e+00, sign=0.138, train=5.356e+00, val=5.065e+00]
GNN flow training:  20%|██        | 20/100 [01:34<05:57,  4.47s/epoch, best=5.065e+00, sign=0.136, train=5.307e+00, val=4.990e+00]
GNN flow training:  21%|██        | 21/100 [01:34<05:53,  4.48s/epoch, best=5.065e+00, sign=0.136, train=5.307e+00, val=4.990e+00]
GNN flow training:  21%|██        | 21/100 [01:38<05:53,  4.48s/epoch, best=4.990e+00, sign=0.135, train=5.248e+00, val=4.887e+00]
GNN flow training:  22%|██▏       | 22/100 [01:38<05:48,  4.47s/epoch, best=4.990e+00, sign=0.135, train=5.248e+00, val=4.887e+00]
GNN flow training:  22%|██▏       | 22/100 [01:43<05:48,  4.47s/epoch, best=4.887e+00, sign=0.134, train=5.198e+00, val=4.840e+00]
GNN flow training:  23%|██▎       | 23/100 [01:43<05:44,  4.47s/epoch, best=4.887e+00, sign=0.134, train=5.198e+00, val=4.840e+00]
GNN flow training:  23%|██▎       | 23/100 [01:47<05:44,  4.47s/epoch, best=4.840e+00, sign=0.133, train=5.136e+00, val=4.833e+00]
GNN flow training:  24%|██▍       | 24/100 [01:47<05:40,  4.48s/epoch, best=4.840e+00, sign=0.133, train=5.136e+00, val=4.833e+00]
GNN flow training:  24%|██▍       | 24/100 [01:52<05:40,  4.48s/epoch, best=4.833e+00, sign=0.132, train=5.088e+00, val=4.761e+00]
GNN flow training:  25%|██▌       | 25/100 [01:52<05:36,  4.48s/epoch, best=4.833e+00, sign=0.132, train=5.088e+00, val=4.761e+00]
GNN flow training:  25%|██▌       | 25/100 [01:56<05:36,  4.48s/epoch, best=4.761e+00, sign=0.132, train=5.031e+00, val=4.669e+00]
GNN flow training:  26%|██▌       | 26/100 [01:56<05:31,  4.48s/epoch, best=4.761e+00, sign=0.132, train=5.031e+00, val=4.669e+00]
GNN flow training:  26%|██▌       | 26/100 [02:01<05:31,  4.48s/epoch, best=4.669e+00, sign=0.130, train=4.984e+00, val=4.625e+00]
GNN flow training:  27%|██▋       | 27/100 [02:01<05:26,  4.48s/epoch, best=4.669e+00, sign=0.130, train=4.984e+00, val=4.625e+00]
GNN flow training:  27%|██▋       | 27/100 [02:05<05:26,  4.48s/epoch, best=4.625e+00, sign=0.130, train=4.942e+00, val=4.636e+00]
GNN flow training:  28%|██▊       | 28/100 [02:05<05:22,  4.47s/epoch, best=4.625e+00, sign=0.130, train=4.942e+00, val=4.636e+00]
GNN flow training:  28%|██▊       | 28/100 [02:10<05:22,  4.47s/epoch, best=4.625e+00, sign=0.130, train=4.891e+00, val=4.611e+00]
GNN flow training:  29%|██▉       | 29/100 [02:10<05:17,  4.47s/epoch, best=4.625e+00, sign=0.130, train=4.891e+00, val=4.611e+00]
GNN flow training:  29%|██▉       | 29/100 [02:14<05:17,  4.47s/epoch, best=4.611e+00, sign=0.130, train=4.843e+00, val=4.541e+00]
GNN flow training:  30%|███       | 30/100 [02:14<05:12,  4.46s/epoch, best=4.611e+00, sign=0.130, train=4.843e+00, val=4.541e+00]
GNN flow training:  30%|███       | 30/100 [02:18<05:12,  4.46s/epoch, best=4.541e+00, sign=0.130, train=4.799e+00, val=4.521e+00]
GNN flow training:  31%|███       | 31/100 [02:18<05:08,  4.47s/epoch, best=4.541e+00, sign=0.130, train=4.799e+00, val=4.521e+00]
GNN flow training:  31%|███       | 31/100 [02:23<05:08,  4.47s/epoch, best=4.521e+00, sign=0.130, train=4.763e+00, val=4.574e+00]
GNN flow training:  32%|███▏      | 32/100 [02:23<05:05,  4.49s/epoch, best=4.521e+00, sign=0.130, train=4.763e+00, val=4.574e+00]
GNN flow training:  32%|███▏      | 32/100 [02:27<05:05,  4.49s/epoch, best=4.521e+00, sign=0.130, train=4.718e+00, val=4.587e+00]
GNN flow training:  33%|███▎      | 33/100 [02:27<05:01,  4.50s/epoch, best=4.521e+00, sign=0.130, train=4.718e+00, val=4.587e+00]
GNN flow training:  33%|███▎      | 33/100 [02:32<05:01,  4.50s/epoch, best=4.521e+00, sign=0.131, train=4.687e+00, val=4.539e+00]
GNN flow training:  34%|███▍      | 34/100 [02:32<04:55,  4.48s/epoch, best=4.521e+00, sign=0.131, train=4.687e+00, val=4.539e+00]
GNN flow training:  34%|███▍      | 34/100 [02:36<04:55,  4.48s/epoch, best=4.521e+00, sign=0.131, train=4.656e+00, val=4.511e+00]
GNN flow training:  35%|███▌      | 35/100 [02:36<04:51,  4.49s/epoch, best=4.521e+00, sign=0.131, train=4.656e+00, val=4.511e+00]
GNN flow training:  35%|███▌      | 35/100 [02:41<04:51,  4.49s/epoch, best=4.511e+00, sign=0.131, train=4.614e+00, val=4.509e+00]
GNN flow training:  36%|███▌      | 36/100 [02:41<04:46,  4.48s/epoch, best=4.511e+00, sign=0.131, train=4.614e+00, val=4.509e+00]
GNN flow training:  36%|███▌      | 36/100 [02:45<04:46,  4.48s/epoch, best=4.509e+00, sign=0.131, train=4.587e+00, val=4.475e+00]
GNN flow training:  37%|███▋      | 37/100 [02:45<04:43,  4.49s/epoch, best=4.509e+00, sign=0.131, train=4.587e+00, val=4.475e+00]
GNN flow training:  37%|███▋      | 37/100 [02:50<04:43,  4.49s/epoch, best=4.475e+00, sign=0.130, train=4.565e+00, val=4.419e+00]
GNN flow training:  38%|███▊      | 38/100 [02:50<04:38,  4.50s/epoch, best=4.475e+00, sign=0.130, train=4.565e+00, val=4.419e+00]
GNN flow training:  38%|███▊      | 38/100 [02:54<04:38,  4.50s/epoch, best=4.419e+00, sign=0.130, train=4.533e+00, val=4.432e+00]
GNN flow training:  39%|███▉      | 39/100 [02:54<04:33,  4.49s/epoch, best=4.419e+00, sign=0.130, train=4.533e+00, val=4.432e+00]
GNN flow training:  39%|███▉      | 39/100 [02:59<04:33,  4.49s/epoch, best=4.419e+00, sign=0.131, train=4.518e+00, val=4.747e+00]
GNN flow training:  40%|████      | 40/100 [02:59<04:28,  4.48s/epoch, best=4.419e+00, sign=0.131, train=4.518e+00, val=4.747e+00]
GNN flow training:  40%|████      | 40/100 [03:03<04:28,  4.48s/epoch, best=4.419e+00, sign=0.130, train=4.556e+00, val=4.687e+00]
GNN flow training:  41%|████      | 41/100 [03:03<04:24,  4.48s/epoch, best=4.419e+00, sign=0.130, train=4.556e+00, val=4.687e+00]
GNN flow training:  41%|████      | 41/100 [03:08<04:24,  4.48s/epoch, best=4.419e+00, sign=0.130, train=4.514e+00, val=4.491e+00]
GNN flow training:  42%|████▏     | 42/100 [03:08<04:19,  4.48s/epoch, best=4.419e+00, sign=0.130, train=4.514e+00, val=4.491e+00]
GNN flow training:  42%|████▏     | 42/100 [03:12<04:19,  4.48s/epoch, best=4.419e+00, sign=0.129, train=4.469e+00, val=4.377e+00]
GNN flow training:  43%|████▎     | 43/100 [03:12<04:16,  4.49s/epoch, best=4.419e+00, sign=0.129, train=4.469e+00, val=4.377e+00]
GNN flow training:  43%|████▎     | 43/100 [03:17<04:16,  4.49s/epoch, best=4.377e+00, sign=0.129, train=4.469e+00, val=4.335e+00]
GNN flow training:  44%|████▍     | 44/100 [03:17<04:11,  4.49s/epoch, best=4.377e+00, sign=0.129, train=4.469e+00, val=4.335e+00]
GNN flow training:  44%|████▍     | 44/100 [03:21<04:11,  4.49s/epoch, best=4.335e+00, sign=0.129, train=4.474e+00, val=4.427e+00]
GNN flow training:  45%|████▌     | 45/100 [03:21<04:06,  4.49s/epoch, best=4.335e+00, sign=0.129, train=4.474e+00, val=4.427e+00]
GNN flow training:  45%|████▌     | 45/100 [03:26<04:06,  4.49s/epoch, best=4.335e+00, sign=0.130, train=4.439e+00, val=4.467e+00]
GNN flow training:  46%|████▌     | 46/100 [03:26<04:01,  4.47s/epoch, best=4.335e+00, sign=0.130, train=4.439e+00, val=4.467e+00]
GNN flow training:  46%|████▌     | 46/100 [03:30<04:01,  4.47s/epoch, best=4.335e+00, sign=0.131, train=4.414e+00, val=4.618e+00]
GNN flow training:  47%|████▋     | 47/100 [03:30<03:56,  4.47s/epoch, best=4.335e+00, sign=0.131, train=4.414e+00, val=4.618e+00]
GNN flow training:  47%|████▋     | 47/100 [03:35<03:56,  4.47s/epoch, best=4.335e+00, sign=0.131, train=4.406e+00, val=4.726e+00]
GNN flow training:  48%|████▊     | 48/100 [03:35<03:52,  4.47s/epoch, best=4.335e+00, sign=0.131, train=4.406e+00, val=4.726e+00]
GNN flow training:  48%|████▊     | 48/100 [03:39<03:52,  4.47s/epoch, best=4.335e+00, sign=0.129, train=4.401e+00, val=4.617e+00]
GNN flow training:  49%|████▉     | 49/100 [03:39<03:47,  4.47s/epoch, best=4.335e+00, sign=0.129, train=4.401e+00, val=4.617e+00]
GNN flow training:  49%|████▉     | 49/100 [03:44<03:47,  4.47s/epoch, best=4.335e+00, sign=0.129, train=4.373e+00, val=4.405e+00]
GNN flow training:  50%|█████     | 50/100 [03:44<03:43,  4.47s/epoch, best=4.335e+00, sign=0.129, train=4.373e+00, val=4.405e+00]
GNN flow training:  50%|█████     | 50/100 [03:48<03:43,  4.47s/epoch, best=4.335e+00, sign=0.129, train=4.355e+00, val=4.348e+00]
GNN flow training:  51%|█████     | 51/100 [03:48<03:39,  4.48s/epoch, best=4.335e+00, sign=0.129, train=4.355e+00, val=4.348e+00]
GNN flow training:  51%|█████     | 51/100 [03:53<03:39,  4.48s/epoch, best=4.335e+00, sign=0.129, train=4.357e+00, val=4.331e+00]
GNN flow training:  52%|█████▏    | 52/100 [03:53<03:34,  4.48s/epoch, best=4.335e+00, sign=0.129, train=4.357e+00, val=4.331e+00]
GNN flow training:  52%|█████▏    | 52/100 [03:57<03:34,  4.48s/epoch, best=4.331e+00, sign=0.129, train=4.348e+00, val=4.328e+00]
GNN flow training:  53%|█████▎    | 53/100 [03:57<03:30,  4.48s/epoch, best=4.331e+00, sign=0.129, train=4.348e+00, val=4.328e+00]
GNN flow training:  53%|█████▎    | 53/100 [04:01<03:30,  4.48s/epoch, best=4.328e+00, sign=0.128, train=4.320e+00, val=4.340e+00]
GNN flow training:  54%|█████▍    | 54/100 [04:01<03:25,  4.47s/epoch, best=4.328e+00, sign=0.128, train=4.320e+00, val=4.340e+00]
GNN flow training:  54%|█████▍    | 54/100 [04:06<03:25,  4.47s/epoch, best=4.328e+00, sign=0.129, train=4.282e+00, val=4.536e+00]
GNN flow training:  55%|█████▌    | 55/100 [04:06<03:21,  4.47s/epoch, best=4.328e+00, sign=0.129, train=4.282e+00, val=4.536e+00]
GNN flow training:  55%|█████▌    | 55/100 [04:11<03:21,  4.47s/epoch, best=4.328e+00, sign=0.128, train=4.293e+00, val=4.537e+00]
GNN flow training:  56%|█████▌    | 56/100 [04:11<03:17,  4.50s/epoch, best=4.328e+00, sign=0.128, train=4.293e+00, val=4.537e+00]
GNN flow training:  56%|█████▌    | 56/100 [04:15<03:17,  4.50s/epoch, best=4.328e+00, sign=0.129, train=4.278e+00, val=4.372e+00]
GNN flow training:  57%|█████▋    | 57/100 [04:15<03:12,  4.48s/epoch, best=4.328e+00, sign=0.129, train=4.278e+00, val=4.372e+00]
GNN flow training:  57%|█████▋    | 57/100 [04:19<03:12,  4.48s/epoch, best=4.328e+00, sign=0.127, train=4.244e+00, val=4.255e+00]
GNN flow training:  58%|█████▊    | 58/100 [04:19<03:08,  4.48s/epoch, best=4.328e+00, sign=0.127, train=4.244e+00, val=4.255e+00]
GNN flow training:  58%|█████▊    | 58/100 [04:24<03:08,  4.48s/epoch, best=4.255e+00, sign=0.126, train=4.240e+00, val=4.242e+00]
GNN flow training:  59%|█████▉    | 59/100 [04:24<03:03,  4.48s/epoch, best=4.255e+00, sign=0.126, train=4.240e+00, val=4.242e+00]
GNN flow training:  59%|█████▉    | 59/100 [04:28<03:03,  4.48s/epoch, best=4.242e+00, sign=0.126, train=4.240e+00, val=4.132e+00]
GNN flow training:  60%|██████    | 60/100 [04:28<02:58,  4.47s/epoch, best=4.242e+00, sign=0.126, train=4.240e+00, val=4.132e+00]
GNN flow training:  60%|██████    | 60/100 [04:33<02:58,  4.47s/epoch, best=4.132e+00, sign=0.125, train=4.235e+00, val=4.290e+00]
GNN flow training:  61%|██████    | 61/100 [04:33<02:54,  4.48s/epoch, best=4.132e+00, sign=0.125, train=4.235e+00, val=4.290e+00]
GNN flow training:  61%|██████    | 61/100 [04:37<02:54,  4.48s/epoch, best=4.132e+00, sign=0.125, train=4.240e+00, val=4.193e+00]
GNN flow training:  62%|██████▏   | 62/100 [04:37<02:50,  4.48s/epoch, best=4.132e+00, sign=0.125, train=4.240e+00, val=4.193e+00]
GNN flow training:  62%|██████▏   | 62/100 [04:42<02:50,  4.48s/epoch, best=4.132e+00, sign=0.130, train=4.203e+00, val=4.124e+00]
GNN flow training:  63%|██████▎   | 63/100 [04:42<02:45,  4.48s/epoch, best=4.132e+00, sign=0.130, train=4.203e+00, val=4.124e+00]
GNN flow training:  63%|██████▎   | 63/100 [04:46<02:45,  4.48s/epoch, best=4.124e+00, sign=0.128, train=4.339e+00, val=4.249e+00]
GNN flow training:  64%|██████▍   | 64/100 [04:46<02:41,  4.48s/epoch, best=4.124e+00, sign=0.128, train=4.339e+00, val=4.249e+00]
GNN flow training:  64%|██████▍   | 64/100 [04:51<02:41,  4.48s/epoch, best=4.124e+00, sign=0.127, train=4.160e+00, val=4.339e+00]
GNN flow training:  65%|██████▌   | 65/100 [04:51<02:36,  4.47s/epoch, best=4.124e+00, sign=0.127, train=4.160e+00, val=4.339e+00]
GNN flow training:  65%|██████▌   | 65/100 [04:55<02:36,  4.47s/epoch, best=4.124e+00, sign=0.126, train=4.169e+00, val=4.260e+00]
GNN flow training:  66%|██████▌   | 66/100 [04:55<02:31,  4.47s/epoch, best=4.124e+00, sign=0.126, train=4.169e+00, val=4.260e+00]
GNN flow training:  66%|██████▌   | 66/100 [05:00<02:31,  4.47s/epoch, best=4.124e+00, sign=0.126, train=4.152e+00, val=4.126e+00]
GNN flow training:  67%|██████▋   | 67/100 [05:00<02:28,  4.49s/epoch, best=4.124e+00, sign=0.126, train=4.152e+00, val=4.126e+00]
GNN flow training:  67%|██████▋   | 67/100 [05:04<02:28,  4.49s/epoch, best=4.124e+00, sign=0.126, train=4.152e+00, val=4.059e+00]
GNN flow training:  68%|██████▊   | 68/100 [05:04<02:23,  4.48s/epoch, best=4.124e+00, sign=0.126, train=4.152e+00, val=4.059e+00]
GNN flow training:  68%|██████▊   | 68/100 [05:09<02:23,  4.48s/epoch, best=4.059e+00, sign=0.126, train=4.145e+00, val=4.099e+00]
GNN flow training:  69%|██████▉   | 69/100 [05:09<02:18,  4.48s/epoch, best=4.059e+00, sign=0.126, train=4.145e+00, val=4.099e+00]
GNN flow training:  69%|██████▉   | 69/100 [05:13<02:18,  4.48s/epoch, best=4.059e+00, sign=0.126, train=4.123e+00, val=4.118e+00]
GNN flow training:  70%|███████   | 70/100 [05:13<02:14,  4.48s/epoch, best=4.059e+00, sign=0.126, train=4.123e+00, val=4.118e+00]
GNN flow training:  70%|███████   | 70/100 [05:18<02:14,  4.48s/epoch, best=4.059e+00, sign=0.126, train=4.099e+00, val=4.162e+00]
GNN flow training:  71%|███████   | 71/100 [05:18<02:09,  4.48s/epoch, best=4.059e+00, sign=0.126, train=4.099e+00, val=4.162e+00]
GNN flow training:  71%|███████   | 71/100 [05:22<02:09,  4.48s/epoch, best=4.059e+00, sign=0.128, train=4.092e+00, val=4.176e+00]
GNN flow training:  72%|███████▏  | 72/100 [05:22<02:05,  4.47s/epoch, best=4.059e+00, sign=0.128, train=4.092e+00, val=4.176e+00]
GNN flow training:  72%|███████▏  | 72/100 [05:27<02:05,  4.47s/epoch, best=4.059e+00, sign=0.129, train=4.100e+00, val=4.310e+00]
GNN flow training:  73%|███████▎  | 73/100 [05:27<02:00,  4.47s/epoch, best=4.059e+00, sign=0.129, train=4.100e+00, val=4.310e+00]
GNN flow training:  73%|███████▎  | 73/100 [05:31<02:00,  4.47s/epoch, best=4.059e+00, sign=0.129, train=4.069e+00, val=4.297e+00]
GNN flow training:  74%|███████▍  | 74/100 [05:31<01:56,  4.47s/epoch, best=4.059e+00, sign=0.129, train=4.069e+00, val=4.297e+00]
GNN flow training:  74%|███████▍  | 74/100 [05:36<01:56,  4.47s/epoch, best=4.059e+00, sign=0.128, train=4.057e+00, val=4.212e+00]
GNN flow training:  75%|███████▌  | 75/100 [05:36<01:51,  4.47s/epoch, best=4.059e+00, sign=0.128, train=4.057e+00, val=4.212e+00]
GNN flow training:  75%|███████▌  | 75/100 [05:40<01:51,  4.47s/epoch, best=4.059e+00, sign=0.127, train=4.048e+00, val=4.091e+00]
GNN flow training:  76%|███████▌  | 76/100 [05:40<01:46,  4.46s/epoch, best=4.059e+00, sign=0.127, train=4.048e+00, val=4.091e+00]
GNN flow training:  76%|███████▌  | 76/100 [05:44<01:46,  4.46s/epoch, best=4.059e+00, sign=0.126, train=4.041e+00, val=3.952e+00]
GNN flow training:  77%|███████▋  | 77/100 [05:44<01:42,  4.47s/epoch, best=4.059e+00, sign=0.126, train=4.041e+00, val=3.952e+00]
GNN flow training:  77%|███████▋  | 77/100 [05:49<01:42,  4.47s/epoch, best=3.952e+00, sign=0.126, train=4.023e+00, val=3.989e+00]
GNN flow training:  78%|███████▊  | 78/100 [05:49<01:38,  4.49s/epoch, best=3.952e+00, sign=0.126, train=4.023e+00, val=3.989e+00]
GNN flow training:  78%|███████▊  | 78/100 [05:53<01:38,  4.49s/epoch, best=3.952e+00, sign=0.127, train=4.021e+00, val=3.980e+00]
GNN flow training:  79%|███████▉  | 79/100 [05:53<01:34,  4.49s/epoch, best=3.952e+00, sign=0.127, train=4.021e+00, val=3.980e+00]
GNN flow training:  79%|███████▉  | 79/100 [05:58<01:34,  4.49s/epoch, best=3.952e+00, sign=0.128, train=4.032e+00, val=3.870e+00]
GNN flow training:  80%|████████  | 80/100 [05:58<01:29,  4.49s/epoch, best=3.952e+00, sign=0.128, train=4.032e+00, val=3.870e+00]
GNN flow training:  80%|████████  | 80/100 [06:02<01:29,  4.49s/epoch, best=3.870e+00, sign=0.128, train=4.019e+00, val=3.925e+00]
GNN flow training:  81%|████████  | 81/100 [06:02<01:25,  4.50s/epoch, best=3.870e+00, sign=0.128, train=4.019e+00, val=3.925e+00]
GNN flow training:  81%|████████  | 81/100 [06:07<01:25,  4.50s/epoch, best=3.870e+00, sign=0.127, train=3.978e+00, val=4.033e+00]
GNN flow training:  82%|████████▏ | 82/100 [06:07<01:20,  4.50s/epoch, best=3.870e+00, sign=0.127, train=3.978e+00, val=4.033e+00]
GNN flow training:  82%|████████▏ | 82/100 [06:11<01:20,  4.50s/epoch, best=3.870e+00, sign=0.128, train=3.998e+00, val=3.984e+00]
GNN flow training:  83%|████████▎ | 83/100 [06:11<01:16,  4.49s/epoch, best=3.870e+00, sign=0.128, train=3.998e+00, val=3.984e+00]
GNN flow training:  83%|████████▎ | 83/100 [06:16<01:16,  4.49s/epoch, best=3.870e+00, sign=0.127, train=3.993e+00, val=3.859e+00]
GNN flow training:  84%|████████▍ | 84/100 [06:16<01:11,  4.48s/epoch, best=3.870e+00, sign=0.127, train=3.993e+00, val=3.859e+00]
GNN flow training:  84%|████████▍ | 84/100 [06:20<01:11,  4.48s/epoch, best=3.859e+00, sign=0.126, train=3.973e+00, val=3.821e+00]
GNN flow training:  85%|████████▌ | 85/100 [06:20<01:07,  4.50s/epoch, best=3.859e+00, sign=0.126, train=3.973e+00, val=3.821e+00]
GNN flow training:  85%|████████▌ | 85/100 [06:25<01:07,  4.50s/epoch, best=3.821e+00, sign=0.126, train=3.958e+00, val=3.852e+00]
GNN flow training:  86%|████████▌ | 86/100 [06:25<01:02,  4.49s/epoch, best=3.821e+00, sign=0.126, train=3.958e+00, val=3.852e+00]
GNN flow training:  86%|████████▌ | 86/100 [06:29<01:02,  4.49s/epoch, best=3.821e+00, sign=0.126, train=3.962e+00, val=3.819e+00]
GNN flow training:  87%|████████▋ | 87/100 [06:29<00:58,  4.48s/epoch, best=3.821e+00, sign=0.126, train=3.962e+00, val=3.819e+00]
GNN flow training:  87%|████████▋ | 87/100 [06:34<00:58,  4.48s/epoch, best=3.819e+00, sign=0.127, train=3.947e+00, val=3.698e+00]
GNN flow training:  88%|████████▊ | 88/100 [06:34<00:53,  4.49s/epoch, best=3.819e+00, sign=0.127, train=3.947e+00, val=3.698e+00]
GNN flow training:  88%|████████▊ | 88/100 [06:38<00:53,  4.49s/epoch, best=3.698e+00, sign=0.126, train=3.945e+00, val=3.734e+00]
GNN flow training:  89%|████████▉ | 89/100 [06:38<00:49,  4.49s/epoch, best=3.698e+00, sign=0.126, train=3.945e+00, val=3.734e+00]
GNN flow training:  89%|████████▉ | 89/100 [06:43<00:49,  4.49s/epoch, best=3.698e+00, sign=0.127, train=3.925e+00, val=3.878e+00]
GNN flow training:  90%|█████████ | 90/100 [06:43<00:44,  4.48s/epoch, best=3.698e+00, sign=0.127, train=3.925e+00, val=3.878e+00]
GNN flow training:  90%|█████████ | 90/100 [06:47<00:44,  4.48s/epoch, best=3.698e+00, sign=0.128, train=3.993e+00, val=3.862e+00]
GNN flow training:  91%|█████████ | 91/100 [06:47<00:40,  4.48s/epoch, best=3.698e+00, sign=0.128, train=3.993e+00, val=3.862e+00]
GNN flow training:  91%|█████████ | 91/100 [06:52<00:40,  4.48s/epoch, best=3.698e+00, sign=0.127, train=3.976e+00, val=3.754e+00]
GNN flow training:  92%|█████████▏| 92/100 [06:52<00:36,  4.51s/epoch, best=3.698e+00, sign=0.127, train=3.976e+00, val=3.754e+00]
GNN flow training:  92%|█████████▏| 92/100 [06:56<00:36,  4.51s/epoch, best=3.698e+00, sign=0.126, train=3.944e+00, val=3.763e+00]
GNN flow training:  93%|█████████▎| 93/100 [06:56<00:31,  4.48s/epoch, best=3.698e+00, sign=0.126, train=3.944e+00, val=3.763e+00]
GNN flow training:  93%|█████████▎| 93/100 [07:01<00:31,  4.48s/epoch, best=3.698e+00, sign=0.125, train=3.938e+00, val=3.756e+00]
GNN flow training:  94%|█████████▍| 94/100 [07:01<00:26,  4.48s/epoch, best=3.698e+00, sign=0.125, train=3.938e+00, val=3.756e+00]
GNN flow training:  94%|█████████▍| 94/100 [07:05<00:26,  4.48s/epoch, best=3.698e+00, sign=0.125, train=3.937e+00, val=3.768e+00]
GNN flow training:  95%|█████████▌| 95/100 [07:05<00:22,  4.49s/epoch, best=3.698e+00, sign=0.125, train=3.937e+00, val=3.768e+00]
GNN flow training:  95%|█████████▌| 95/100 [07:10<00:22,  4.49s/epoch, best=3.698e+00, sign=0.125, train=3.919e+00, val=3.791e+00]
GNN flow training:  96%|█████████▌| 96/100 [07:10<00:17,  4.49s/epoch, best=3.698e+00, sign=0.125, train=3.919e+00, val=3.791e+00]
GNN flow training:  96%|█████████▌| 96/100 [07:14<00:17,  4.49s/epoch, best=3.698e+00, sign=0.127, train=3.906e+00, val=3.761e+00]
GNN flow training:  97%|█████████▋| 97/100 [07:14<00:13,  4.49s/epoch, best=3.698e+00, sign=0.127, train=3.906e+00, val=3.761e+00]
GNN flow training:  97%|█████████▋| 97/100 [07:19<00:13,  4.49s/epoch, best=3.698e+00, sign=0.127, train=3.906e+00, val=3.746e+00]
GNN flow training:  98%|█████████▊| 98/100 [07:19<00:08,  4.50s/epoch, best=3.698e+00, sign=0.127, train=3.906e+00, val=3.746e+00]
GNN flow training:  98%|█████████▊| 98/100 [07:23<00:08,  4.50s/epoch, best=3.698e+00, sign=0.126, train=3.896e+00, val=3.739e+00]
GNN flow training:  99%|█████████▉| 99/100 [07:23<00:04,  4.51s/epoch, best=3.698e+00, sign=0.126, train=3.896e+00, val=3.739e+00]
GNN flow training:  99%|█████████▉| 99/100 [07:28<00:04,  4.51s/epoch, best=3.698e+00, sign=0.125, train=3.881e+00, val=3.743e+00]
GNN flow training: 100%|██████████| 100/100 [07:28<00:00,  4.51s/epoch, best=3.698e+00, sign=0.125, train=3.881e+00, val=3.743e+00]
GNN flow training: 100%|██████████| 100/100 [07:28<00:00,  4.48s/epoch, best=3.698e+00, sign=0.125, train=3.881e+00, val=3.743e+00]

GNN flow training:   0%|          | 0/100 [00:00<?, ?epoch/s]
GNN flow training:   0%|          | 0/100 [00:04<?, ?epoch/s, best=1.232e+03, sign=0.199, train=1.231e+03, val=1.232e+03]
GNN flow training:   1%|          | 1/100 [00:04<07:41,  4.66s/epoch, best=1.232e+03, sign=0.199, train=1.231e+03, val=1.232e+03]
GNN flow training:   1%|          | 1/100 [00:09<07:41,  4.66s/epoch, best=1.232e+03, sign=0.200, train=1.232e+03, val=1.234e+03]
GNN flow training:   2%|▏         | 2/100 [00:09<07:26,  4.56s/epoch, best=1.232e+03, sign=0.200, train=1.232e+03, val=1.234e+03]
GNN flow training:   2%|▏         | 2/100 [00:13<07:26,  4.56s/epoch, best=1.232e+03, sign=0.200, train=1.234e+03, val=1.234e+03]
GNN flow training:   3%|▎         | 3/100 [00:13<07:17,  4.51s/epoch, best=1.232e+03, sign=0.200, train=1.234e+03, val=1.234e+03]
GNN flow training:   3%|▎         | 3/100 [00:18<07:17,  4.51s/epoch, best=1.232e+03, sign=0.200, train=1.234e+03, val=1.233e+03]
GNN flow training:   4%|▍         | 4/100 [00:18<07:13,  4.51s/epoch, best=1.232e+03, sign=0.200, train=1.234e+03, val=1.233e+03]
GNN flow training:   4%|▍         | 4/100 [00:22<07:13,  4.51s/epoch, best=1.232e+03, sign=0.200, train=1.233e+03, val=1.233e+03]
GNN flow training:   5%|▌         | 5/100 [00:22<07:07,  4.51s/epoch, best=1.232e+03, sign=0.200, train=1.233e+03, val=1.233e+03]
GNN flow training:   5%|▌         | 5/100 [00:27<07:07,  4.51s/epoch, best=1.232e+03, sign=0.200, train=1.233e+03, val=1.232e+03]
GNN flow training:   6%|▌         | 6/100 [00:27<07:04,  4.51s/epoch, best=1.232e+03, sign=0.200, train=1.233e+03, val=1.232e+03]
GNN flow training:   6%|▌         | 6/100 [00:31<07:04,  4.51s/epoch, best=1.232e+03, sign=0.200, train=1.232e+03, val=1.232e+03]
GNN flow training:   7%|▋         | 7/100 [00:31<06:59,  4.51s/epoch, best=1.232e+03, sign=0.200, train=1.232e+03, val=1.232e+03]
GNN flow training:   7%|▋         | 7/100 [00:36<06:59,  4.51s/epoch, best=1.232e+03, sign=0.200, train=1.232e+03, val=1.231e+03]
GNN flow training:   8%|▊         | 8/100 [00:36<06:54,  4.51s/epoch, best=1.232e+03, sign=0.200, train=1.232e+03, val=1.231e+03]
GNN flow training:   8%|▊         | 8/100 [00:40<06:54,  4.51s/epoch, best=1.231e+03, sign=0.200, train=1.231e+03, val=1.230e+03]
GNN flow training:   9%|▉         | 9/100 [00:40<06:51,  4.52s/epoch, best=1.231e+03, sign=0.200, train=1.231e+03, val=1.230e+03]
GNN flow training:   9%|▉         | 9/100 [00:45<06:51,  4.52s/epoch, best=1.230e+03, sign=0.200, train=1.230e+03, val=1.229e+03]
GNN flow training:  10%|█         | 10/100 [00:45<06:45,  4.51s/epoch, best=1.230e+03, sign=0.200, train=1.230e+03, val=1.229e+03]
GNN flow training:  10%|█         | 10/100 [00:49<06:45,  4.51s/epoch, best=1.229e+03, sign=0.200, train=1.229e+03, val=1.227e+03]
GNN flow training:  11%|█         | 11/100 [00:49<06:41,  4.51s/epoch, best=1.229e+03, sign=0.200, train=1.229e+03, val=1.227e+03]
GNN flow training:  11%|█         | 11/100 [00:54<06:41,  4.51s/epoch, best=1.227e+03, sign=0.200, train=1.227e+03, val=1.225e+03]
GNN flow training:  12%|█▏        | 12/100 [00:54<06:36,  4.50s/epoch, best=1.227e+03, sign=0.200, train=1.227e+03, val=1.225e+03]
GNN flow training:  12%|█▏        | 12/100 [00:58<06:36,  4.50s/epoch, best=1.225e+03, sign=0.200, train=1.225e+03, val=1.224e+03]
GNN flow training:  13%|█▎        | 13/100 [00:58<06:31,  4.50s/epoch, best=1.225e+03, sign=0.200, train=1.225e+03, val=1.224e+03]
GNN flow training:  13%|█▎        | 13/100 [01:03<06:31,  4.50s/epoch, best=1.224e+03, sign=0.200, train=1.224e+03, val=1.222e+03]
GNN flow training:  14%|█▍        | 14/100 [01:03<06:27,  4.51s/epoch, best=1.224e+03, sign=0.200, train=1.224e+03, val=1.222e+03]
GNN flow training:  14%|█▍        | 14/100 [01:07<06:27,  4.51s/epoch, best=1.222e+03, sign=0.200, train=1.222e+03, val=1.222e+03]
GNN flow training:  15%|█▌        | 15/100 [01:07<06:22,  4.51s/epoch, best=1.222e+03, sign=0.200, train=1.222e+03, val=1.222e+03]
GNN flow training:  15%|█▌        | 15/100 [01:12<06:22,  4.51s/epoch, best=1.222e+03, sign=0.199, train=1.222e+03, val=1.219e+03]
GNN flow training:  16%|█▌        | 16/100 [01:12<06:18,  4.51s/epoch, best=1.222e+03, sign=0.199, train=1.222e+03, val=1.219e+03]
GNN flow training:  16%|█▌        | 16/100 [01:16<06:18,  4.51s/epoch, best=1.219e+03, sign=0.200, train=1.219e+03, val=1.217e+03]
GNN flow training:  17%|█▋        | 17/100 [01:16<06:15,  4.52s/epoch, best=1.219e+03, sign=0.200, train=1.219e+03, val=1.217e+03]
GNN flow training:  17%|█▋        | 17/100 [01:21<06:15,  4.52s/epoch, best=1.217e+03, sign=0.199, train=1.217e+03, val=1.213e+03]
GNN flow training:  18%|█▊        | 18/100 [01:21<06:11,  4.53s/epoch, best=1.217e+03, sign=0.199, train=1.217e+03, val=1.213e+03]
GNN flow training:  18%|█▊        | 18/100 [01:25<06:11,  4.53s/epoch, best=1.213e+03, sign=0.199, train=1.213e+03, val=1.210e+03]
GNN flow training:  19%|█▉        | 19/100 [01:25<06:06,  4.52s/epoch, best=1.213e+03, sign=0.199, train=1.213e+03, val=1.210e+03]
GNN flow training:  19%|█▉        | 19/100 [01:30<06:06,  4.52s/epoch, best=1.210e+03, sign=0.198, train=1.210e+03, val=1.205e+03]
GNN flow training:  20%|██        | 20/100 [01:30<06:00,  4.51s/epoch, best=1.210e+03, sign=0.198, train=1.210e+03, val=1.205e+03]
GNN flow training:  20%|██        | 20/100 [01:34<06:00,  4.51s/epoch, best=1.205e+03, sign=0.198, train=1.205e+03, val=1.199e+03]
GNN flow training:  21%|██        | 21/100 [01:34<05:55,  4.50s/epoch, best=1.205e+03, sign=0.198, train=1.205e+03, val=1.199e+03]
GNN flow training:  21%|██        | 21/100 [01:39<05:55,  4.50s/epoch, best=1.199e+03, sign=0.197, train=1.199e+03, val=1.196e+03]
GNN flow training:  22%|██▏       | 22/100 [01:39<05:50,  4.49s/epoch, best=1.199e+03, sign=0.197, train=1.199e+03, val=1.196e+03]
GNN flow training:  22%|██▏       | 22/100 [01:43<05:50,  4.49s/epoch, best=1.196e+03, sign=0.196, train=1.196e+03, val=1.191e+03]
GNN flow training:  23%|██▎       | 23/100 [01:43<05:45,  4.49s/epoch, best=1.196e+03, sign=0.196, train=1.196e+03, val=1.191e+03]
GNN flow training:  23%|██▎       | 23/100 [01:48<05:45,  4.49s/epoch, best=1.191e+03, sign=0.195, train=1.191e+03, val=1.180e+03]
GNN flow training:  24%|██▍       | 24/100 [01:48<05:41,  4.49s/epoch, best=1.191e+03, sign=0.195, train=1.191e+03, val=1.180e+03]
GNN flow training:  24%|██▍       | 24/100 [01:52<05:41,  4.49s/epoch, best=1.180e+03, sign=0.194, train=1.180e+03, val=1.173e+03]
GNN flow training:  25%|██▌       | 25/100 [01:52<05:36,  4.48s/epoch, best=1.180e+03, sign=0.194, train=1.180e+03, val=1.173e+03]
GNN flow training:  25%|██▌       | 25/100 [01:57<05:36,  4.48s/epoch, best=1.173e+03, sign=0.193, train=1.173e+03, val=1.166e+03]
GNN flow training:  26%|██▌       | 26/100 [01:57<05:32,  4.49s/epoch, best=1.173e+03, sign=0.193, train=1.173e+03, val=1.166e+03]
GNN flow training:  26%|██▌       | 26/100 [02:01<05:32,  4.49s/epoch, best=1.166e+03, sign=0.194, train=1.166e+03, val=1.157e+03]
GNN flow training:  27%|██▋       | 27/100 [02:01<05:28,  4.49s/epoch, best=1.166e+03, sign=0.194, train=1.166e+03, val=1.157e+03]
GNN flow training:  27%|██▋       | 27/100 [02:06<05:28,  4.49s/epoch, best=1.157e+03, sign=0.195, train=1.157e+03, val=1.148e+03]
GNN flow training:  28%|██▊       | 28/100 [02:06<05:23,  4.49s/epoch, best=1.157e+03, sign=0.195, train=1.157e+03, val=1.148e+03]
GNN flow training:  28%|██▊       | 28/100 [02:10<05:23,  4.49s/epoch, best=1.148e+03, sign=0.195, train=1.148e+03, val=1.144e+03]
GNN flow training:  29%|██▉       | 29/100 [02:10<05:19,  4.49s/epoch, best=1.148e+03, sign=0.195, train=1.148e+03, val=1.144e+03]
GNN flow training:  29%|██▉       | 29/100 [02:15<05:19,  4.49s/epoch, best=1.144e+03, sign=0.195, train=1.144e+03, val=1.139e+03]
GNN flow training:  30%|███       | 30/100 [02:15<05:14,  4.50s/epoch, best=1.144e+03, sign=0.195, train=1.144e+03, val=1.139e+03]
GNN flow training:  30%|███       | 30/100 [02:19<05:14,  4.50s/epoch, best=1.139e+03, sign=0.194, train=1.139e+03, val=1.127e+03]
GNN flow training:  31%|███       | 31/100 [02:19<05:09,  4.49s/epoch, best=1.139e+03, sign=0.194, train=1.139e+03, val=1.127e+03]
GNN flow training:  31%|███       | 31/100 [02:24<05:09,  4.49s/epoch, best=1.127e+03, sign=0.194, train=1.127e+03, val=1.119e+03]
GNN flow training:  32%|███▏      | 32/100 [02:24<05:05,  4.49s/epoch, best=1.127e+03, sign=0.194, train=1.127e+03, val=1.119e+03]
GNN flow training:  32%|███▏      | 32/100 [02:28<05:05,  4.49s/epoch, best=1.119e+03, sign=0.192, train=1.119e+03, val=1.105e+03]
GNN flow training:  33%|███▎      | 33/100 [02:28<05:00,  4.49s/epoch, best=1.119e+03, sign=0.192, train=1.119e+03, val=1.105e+03]
GNN flow training:  33%|███▎      | 33/100 [02:33<05:00,  4.49s/epoch, best=1.105e+03, sign=0.189, train=1.105e+03, val=1.097e+03]
GNN flow training:  34%|███▍      | 34/100 [02:33<04:56,  4.49s/epoch, best=1.105e+03, sign=0.189, train=1.105e+03, val=1.097e+03]
GNN flow training:  34%|███▍      | 34/100 [02:37<04:56,  4.49s/epoch, best=1.097e+03, sign=0.188, train=1.097e+03, val=1.092e+03]
GNN flow training:  35%|███▌      | 35/100 [02:37<04:52,  4.49s/epoch, best=1.097e+03, sign=0.188, train=1.097e+03, val=1.092e+03]
GNN flow training:  35%|███▌      | 35/100 [02:42<04:52,  4.49s/epoch, best=1.092e+03, sign=0.189, train=1.092e+03, val=1.081e+03]
GNN flow training:  36%|███▌      | 36/100 [02:42<04:47,  4.49s/epoch, best=1.092e+03, sign=0.189, train=1.092e+03, val=1.081e+03]
GNN flow training:  36%|███▌      | 36/100 [02:46<04:47,  4.49s/epoch, best=1.081e+03, sign=0.190, train=1.081e+03, val=1.067e+03]
GNN flow training:  37%|███▋      | 37/100 [02:46<04:42,  4.49s/epoch, best=1.081e+03, sign=0.190, train=1.081e+03, val=1.067e+03]
GNN flow training:  37%|███▋      | 37/100 [02:51<04:42,  4.49s/epoch, best=1.067e+03, sign=0.189, train=1.067e+03, val=1.052e+03]
GNN flow training:  38%|███▊      | 38/100 [02:51<04:37,  4.48s/epoch, best=1.067e+03, sign=0.189, train=1.067e+03, val=1.052e+03]
GNN flow training:  38%|███▊      | 38/100 [02:55<04:37,  4.48s/epoch, best=1.052e+03, sign=0.190, train=1.052e+03, val=1.041e+03]
GNN flow training:  39%|███▉      | 39/100 [02:55<04:34,  4.49s/epoch, best=1.052e+03, sign=0.190, train=1.052e+03, val=1.041e+03]
GNN flow training:  39%|███▉      | 39/100 [03:00<04:34,  4.49s/epoch, best=1.041e+03, sign=0.191, train=1.041e+03, val=1.035e+03]
GNN flow training:  40%|████      | 40/100 [03:00<04:29,  4.48s/epoch, best=1.041e+03, sign=0.191, train=1.041e+03, val=1.035e+03]
GNN flow training:  40%|████      | 40/100 [03:04<04:29,  4.48s/epoch, best=1.035e+03, sign=0.191, train=1.035e+03, val=1.026e+03]
GNN flow training:  41%|████      | 41/100 [03:04<04:24,  4.48s/epoch, best=1.035e+03, sign=0.191, train=1.035e+03, val=1.026e+03]
GNN flow training:  41%|████      | 41/100 [03:08<04:24,  4.48s/epoch, best=1.026e+03, sign=0.191, train=1.026e+03, val=1.017e+03]
GNN flow training:  42%|████▏     | 42/100 [03:08<04:18,  4.46s/epoch, best=1.026e+03, sign=0.191, train=1.026e+03, val=1.017e+03]
GNN flow training:  42%|████▏     | 42/100 [03:13<04:18,  4.46s/epoch, best=1.017e+03, sign=0.191, train=1.017e+03, val=1.004e+03]
GNN flow training:  43%|████▎     | 43/100 [03:13<04:14,  4.46s/epoch, best=1.017e+03, sign=0.191, train=1.017e+03, val=1.004e+03]
GNN flow training:  43%|████▎     | 43/100 [03:17<04:14,  4.46s/epoch, best=1.004e+03, sign=0.192, train=1.004e+03, val=1.000e+03]
GNN flow training:  44%|████▍     | 44/100 [03:17<04:10,  4.47s/epoch, best=1.004e+03, sign=0.192, train=1.004e+03, val=1.000e+03]
GNN flow training:  44%|████▍     | 44/100 [03:22<04:10,  4.47s/epoch, best=1.000e+03, sign=0.192, train=1.000e+03, val=9.918e+02]
GNN flow training:  45%|████▌     | 45/100 [03:22<04:05,  4.46s/epoch, best=1.000e+03, sign=0.192, train=1.000e+03, val=9.918e+02]
GNN flow training:  45%|████▌     | 45/100 [03:26<04:05,  4.46s/epoch, best=9.918e+02, sign=0.191, train=9.918e+02, val=9.852e+02]
GNN flow training:  46%|████▌     | 46/100 [03:26<04:00,  4.46s/epoch, best=9.918e+02, sign=0.191, train=9.918e+02, val=9.852e+02]
GNN flow training:  46%|████▌     | 46/100 [03:31<04:00,  4.46s/epoch, best=9.852e+02, sign=0.191, train=9.852e+02, val=9.807e+02]
GNN flow training:  47%|████▋     | 47/100 [03:31<03:56,  4.47s/epoch, best=9.852e+02, sign=0.191, train=9.852e+02, val=9.807e+02]
GNN flow training:  47%|████▋     | 47/100 [03:35<03:56,  4.47s/epoch, best=9.807e+02, sign=0.190, train=9.807e+02, val=9.771e+02]
GNN flow training:  48%|████▊     | 48/100 [03:35<03:52,  4.46s/epoch, best=9.807e+02, sign=0.190, train=9.807e+02, val=9.771e+02]
GNN flow training:  48%|████▊     | 48/100 [03:40<03:52,  4.46s/epoch, best=9.771e+02, sign=0.189, train=9.771e+02, val=9.743e+02]
GNN flow training:  49%|████▉     | 49/100 [03:40<03:47,  4.46s/epoch, best=9.771e+02, sign=0.189, train=9.771e+02, val=9.743e+02]
GNN flow training:  49%|████▉     | 49/100 [03:44<03:47,  4.46s/epoch, best=9.743e+02, sign=0.190, train=9.743e+02, val=9.660e+02]
GNN flow training:  50%|█████     | 50/100 [03:44<03:43,  4.46s/epoch, best=9.743e+02, sign=0.190, train=9.743e+02, val=9.660e+02]
GNN flow training:  50%|█████     | 50/100 [03:49<03:43,  4.46s/epoch, best=9.660e+02, sign=0.190, train=9.660e+02, val=9.600e+02]
GNN flow training:  51%|█████     | 51/100 [03:49<03:38,  4.45s/epoch, best=9.660e+02, sign=0.190, train=9.660e+02, val=9.600e+02]
GNN flow training:  51%|█████     | 51/100 [03:53<03:38,  4.45s/epoch, best=9.600e+02, sign=0.189, train=9.600e+02, val=9.575e+02]
GNN flow training:  52%|█████▏    | 52/100 [03:53<03:33,  4.45s/epoch, best=9.600e+02, sign=0.189, train=9.600e+02, val=9.575e+02]
GNN flow training:  52%|█████▏    | 52/100 [03:57<03:33,  4.45s/epoch, best=9.575e+02, sign=0.189, train=9.575e+02, val=9.523e+02]
GNN flow training:  53%|█████▎    | 53/100 [03:57<03:29,  4.45s/epoch, best=9.575e+02, sign=0.189, train=9.575e+02, val=9.523e+02]
GNN flow training:  53%|█████▎    | 53/100 [04:02<03:29,  4.45s/epoch, best=9.523e+02, sign=0.192, train=9.523e+02, val=9.511e+02]
GNN flow training:  54%|█████▍    | 54/100 [04:02<03:24,  4.45s/epoch, best=9.523e+02, sign=0.192, train=9.523e+02, val=9.511e+02]
GNN flow training:  54%|█████▍    | 54/100 [04:06<03:24,  4.45s/epoch, best=9.511e+02, sign=0.193, train=9.511e+02, val=9.473e+02]
GNN flow training:  55%|█████▌    | 55/100 [04:06<03:19,  4.44s/epoch, best=9.511e+02, sign=0.193, train=9.511e+02, val=9.473e+02]
GNN flow training:  55%|█████▌    | 55/100 [04:11<03:19,  4.44s/epoch, best=9.473e+02, sign=0.193, train=9.473e+02, val=9.507e+02]
GNN flow training:  56%|█████▌    | 56/100 [04:11<03:16,  4.46s/epoch, best=9.473e+02, sign=0.193, train=9.473e+02, val=9.507e+02]
GNN flow training:  56%|█████▌    | 56/100 [04:15<03:16,  4.46s/epoch, best=9.473e+02, sign=0.192, train=9.507e+02, val=9.484e+02]
GNN flow training:  57%|█████▋    | 57/100 [04:15<03:11,  4.45s/epoch, best=9.473e+02, sign=0.192, train=9.507e+02, val=9.484e+02]
GNN flow training:  57%|█████▋    | 57/100 [04:20<03:11,  4.45s/epoch, best=9.473e+02, sign=0.193, train=9.484e+02, val=9.430e+02]
GNN flow training:  58%|█████▊    | 58/100 [04:20<03:08,  4.49s/epoch, best=9.473e+02, sign=0.193, train=9.484e+02, val=9.430e+02]
GNN flow training:  58%|█████▊    | 58/100 [04:24<03:08,  4.49s/epoch, best=9.430e+02, sign=0.192, train=9.430e+02, val=9.366e+02]
GNN flow training:  59%|█████▉    | 59/100 [04:24<03:03,  4.47s/epoch, best=9.430e+02, sign=0.192, train=9.430e+02, val=9.366e+02]
GNN flow training:  59%|█████▉    | 59/100 [04:29<03:03,  4.47s/epoch, best=9.366e+02, sign=0.192, train=9.366e+02, val=9.461e+02]
GNN flow training:  60%|██████    | 60/100 [04:29<02:59,  4.49s/epoch, best=9.366e+02, sign=0.192, train=9.366e+02, val=9.461e+02]
GNN flow training:  60%|██████    | 60/100 [04:33<02:59,  4.49s/epoch, best=9.366e+02, sign=0.191, train=9.461e+02, val=9.520e+02]
GNN flow training:  61%|██████    | 61/100 [04:33<02:54,  4.47s/epoch, best=9.366e+02, sign=0.191, train=9.461e+02, val=9.520e+02]
GNN flow training:  61%|██████    | 61/100 [04:38<02:54,  4.47s/epoch, best=9.366e+02, sign=0.191, train=9.520e+02, val=9.473e+02]
GNN flow training:  62%|██████▏   | 62/100 [04:38<02:49,  4.45s/epoch, best=9.366e+02, sign=0.191, train=9.520e+02, val=9.473e+02]
GNN flow training:  62%|██████▏   | 62/100 [04:42<02:49,  4.45s/epoch, best=9.366e+02, sign=0.192, train=9.473e+02, val=9.392e+02]
GNN flow training:  63%|██████▎   | 63/100 [04:42<02:44,  4.44s/epoch, best=9.366e+02, sign=0.192, train=9.473e+02, val=9.392e+02]
GNN flow training:  63%|██████▎   | 63/100 [04:46<02:44,  4.44s/epoch, best=9.366e+02, sign=0.192, train=9.392e+02, val=9.423e+02]
GNN flow training:  64%|██████▍   | 64/100 [04:46<02:39,  4.43s/epoch, best=9.366e+02, sign=0.192, train=9.392e+02, val=9.423e+02]
GNN flow training:  64%|██████▍   | 64/100 [04:51<02:39,  4.43s/epoch, best=9.366e+02, sign=0.190, train=9.423e+02, val=9.425e+02]
GNN flow training:  65%|██████▌   | 65/100 [04:51<02:34,  4.41s/epoch, best=9.366e+02, sign=0.190, train=9.423e+02, val=9.425e+02]
GNN flow training:  65%|██████▌   | 65/100 [04:55<02:34,  4.41s/epoch, best=9.366e+02, sign=0.190, train=9.425e+02, val=9.425e+02]
GNN flow training:  66%|██████▌   | 66/100 [04:55<02:30,  4.41s/epoch, best=9.366e+02, sign=0.190, train=9.425e+02, val=9.425e+02]
GNN flow training:  66%|██████▌   | 66/100 [05:00<02:30,  4.41s/epoch, best=9.366e+02, sign=0.188, train=9.425e+02, val=9.437e+02]
GNN flow training:  67%|██████▋   | 67/100 [05:00<02:24,  4.39s/epoch, best=9.366e+02, sign=0.188, train=9.425e+02, val=9.437e+02]
GNN flow training:  67%|██████▋   | 67/100 [05:04<02:24,  4.39s/epoch, best=9.366e+02, sign=0.187, train=9.437e+02, val=9.412e+02]
GNN flow training:  68%|██████▊   | 68/100 [05:04<02:21,  4.41s/epoch, best=9.366e+02, sign=0.187, train=9.437e+02, val=9.412e+02]
GNN flow training:  68%|██████▊   | 68/100 [05:08<02:21,  4.41s/epoch, best=9.366e+02, sign=0.187, train=9.412e+02, val=9.344e+02]
GNN flow training:  69%|██████▉   | 69/100 [05:08<02:16,  4.41s/epoch, best=9.366e+02, sign=0.187, train=9.412e+02, val=9.344e+02]
GNN flow training:  69%|██████▉   | 69/100 [05:13<02:16,  4.41s/epoch, best=9.344e+02, sign=0.186, train=9.344e+02, val=9.293e+02]
GNN flow training:  70%|███████   | 70/100 [05:13<02:11,  4.40s/epoch, best=9.344e+02, sign=0.186, train=9.344e+02, val=9.293e+02]
GNN flow training:  70%|███████   | 70/100 [05:17<02:11,  4.40s/epoch, best=9.293e+02, sign=0.186, train=9.293e+02, val=9.216e+02]
GNN flow training:  71%|███████   | 71/100 [05:17<02:07,  4.41s/epoch, best=9.293e+02, sign=0.186, train=9.293e+02, val=9.216e+02]
GNN flow training:  71%|███████   | 71/100 [05:22<02:07,  4.41s/epoch, best=9.216e+02, sign=0.184, train=9.216e+02, val=9.134e+02]
GNN flow training:  72%|███████▏  | 72/100 [05:22<02:03,  4.40s/epoch, best=9.216e+02, sign=0.184, train=9.216e+02, val=9.134e+02]
GNN flow training:  72%|███████▏  | 72/100 [05:26<02:03,  4.40s/epoch, best=9.134e+02, sign=0.182, train=9.134e+02, val=9.068e+02]
GNN flow training:  73%|███████▎  | 73/100 [05:26<01:59,  4.42s/epoch, best=9.134e+02, sign=0.182, train=9.134e+02, val=9.068e+02]
GNN flow training:  73%|███████▎  | 73/100 [05:31<01:59,  4.42s/epoch, best=9.068e+02, sign=0.182, train=9.068e+02, val=8.992e+02]
GNN flow training:  74%|███████▍  | 74/100 [05:31<01:55,  4.43s/epoch, best=9.068e+02, sign=0.182, train=9.068e+02, val=8.992e+02]
GNN flow training:  74%|███████▍  | 74/100 [05:35<01:55,  4.43s/epoch, best=8.992e+02, sign=0.182, train=8.992e+02, val=8.893e+02]
GNN flow training:  75%|███████▌  | 75/100 [05:35<01:50,  4.41s/epoch, best=8.992e+02, sign=0.182, train=8.992e+02, val=8.893e+02]
GNN flow training:  75%|███████▌  | 75/100 [05:39<01:50,  4.41s/epoch, best=8.893e+02, sign=0.180, train=8.893e+02, val=8.859e+02]
GNN flow training:  76%|███████▌  | 76/100 [05:39<01:45,  4.42s/epoch, best=8.893e+02, sign=0.180, train=8.893e+02, val=8.859e+02]
GNN flow training:  76%|███████▌  | 76/100 [05:44<01:45,  4.42s/epoch, best=8.859e+02, sign=0.177, train=8.859e+02, val=8.904e+02]
GNN flow training:  77%|███████▋  | 77/100 [05:44<01:41,  4.41s/epoch, best=8.859e+02, sign=0.177, train=8.859e+02, val=8.904e+02]
GNN flow training:  77%|███████▋  | 77/100 [05:48<01:41,  4.41s/epoch, best=8.859e+02, sign=0.176, train=8.904e+02, val=8.902e+02]
GNN flow training:  78%|███████▊  | 78/100 [05:48<01:36,  4.39s/epoch, best=8.859e+02, sign=0.176, train=8.904e+02, val=8.902e+02]
GNN flow training:  78%|███████▊  | 78/100 [05:52<01:36,  4.39s/epoch, best=8.859e+02, sign=0.175, train=8.902e+02, val=8.915e+02]
GNN flow training:  79%|███████▉  | 79/100 [05:52<01:32,  4.39s/epoch, best=8.859e+02, sign=0.175, train=8.902e+02, val=8.915e+02]
GNN flow training:  79%|███████▉  | 79/100 [05:57<01:32,  4.39s/epoch, best=8.859e+02, sign=0.179, train=8.915e+02, val=8.790e+02]
GNN flow training:  80%|████████  | 80/100 [05:57<01:27,  4.40s/epoch, best=8.859e+02, sign=0.179, train=8.915e+02, val=8.790e+02]
GNN flow training:  80%|████████  | 80/100 [06:01<01:27,  4.40s/epoch, best=8.790e+02, sign=0.182, train=8.790e+02, val=8.737e+02]
GNN flow training:  81%|████████  | 81/100 [06:01<01:23,  4.41s/epoch, best=8.790e+02, sign=0.182, train=8.790e+02, val=8.737e+02]
GNN flow training:  81%|████████  | 81/100 [06:06<01:23,  4.41s/epoch, best=8.737e+02, sign=0.184, train=8.737e+02, val=8.703e+02]
GNN flow training:  82%|████████▏ | 82/100 [06:06<01:19,  4.42s/epoch, best=8.737e+02, sign=0.184, train=8.737e+02, val=8.703e+02]
GNN flow training:  82%|████████▏ | 82/100 [06:10<01:19,  4.42s/epoch, best=8.703e+02, sign=0.185, train=8.703e+02, val=8.682e+02]
GNN flow training:  83%|████████▎ | 83/100 [06:10<01:15,  4.43s/epoch, best=8.703e+02, sign=0.185, train=8.703e+02, val=8.682e+02]
GNN flow training:  83%|████████▎ | 83/100 [06:15<01:15,  4.43s/epoch, best=8.682e+02, sign=0.185, train=8.682e+02, val=8.766e+02]
GNN flow training:  84%|████████▍ | 84/100 [06:15<01:11,  4.44s/epoch, best=8.682e+02, sign=0.185, train=8.682e+02, val=8.766e+02]
GNN flow training:  84%|████████▍ | 84/100 [06:19<01:11,  4.44s/epoch, best=8.682e+02, sign=0.185, train=8.766e+02, val=8.895e+02]
GNN flow training:  85%|████████▌ | 85/100 [06:19<01:06,  4.45s/epoch, best=8.682e+02, sign=0.185, train=8.766e+02, val=8.895e+02]
GNN flow training:  85%|████████▌ | 85/100 [06:24<01:06,  4.45s/epoch, best=8.682e+02, sign=0.182, train=8.895e+02, val=9.137e+02]
GNN flow training:  86%|████████▌ | 86/100 [06:24<01:02,  4.44s/epoch, best=8.682e+02, sign=0.182, train=8.895e+02, val=9.137e+02]
GNN flow training:  86%|████████▌ | 86/100 [06:28<01:02,  4.44s/epoch, best=8.682e+02, sign=0.183, train=9.137e+02, val=9.138e+02]
GNN flow training:  87%|████████▋ | 87/100 [06:28<00:57,  4.45s/epoch, best=8.682e+02, sign=0.183, train=9.137e+02, val=9.138e+02]
GNN flow training:  87%|████████▋ | 87/100 [06:33<00:57,  4.45s/epoch, best=8.682e+02, sign=0.179, train=9.138e+02, val=9.280e+02]
GNN flow training:  88%|████████▊ | 88/100 [06:33<00:53,  4.45s/epoch, best=8.682e+02, sign=0.179, train=9.138e+02, val=9.280e+02]
GNN flow training:  88%|████████▊ | 88/100 [06:37<00:53,  4.45s/epoch, best=8.682e+02, sign=0.174, train=9.280e+02, val=9.562e+02]
GNN flow training:  89%|████████▉ | 89/100 [06:37<00:48,  4.43s/epoch, best=8.682e+02, sign=0.174, train=9.280e+02, val=9.562e+02]
GNN flow training:  89%|████████▉ | 89/100 [06:41<00:48,  4.43s/epoch, best=8.682e+02, sign=0.171, train=9.562e+02, val=9.802e+02]
GNN flow training:  90%|█████████ | 90/100 [06:41<00:44,  4.42s/epoch, best=8.682e+02, sign=0.171, train=9.562e+02, val=9.802e+02]
GNN flow training:  90%|█████████ | 90/100 [06:46<00:44,  4.42s/epoch, best=8.682e+02, sign=0.174, train=9.802e+02, val=9.656e+02]
GNN flow training:  91%|█████████ | 91/100 [06:46<00:39,  4.42s/epoch, best=8.682e+02, sign=0.174, train=9.802e+02, val=9.656e+02]
GNN flow training:  91%|█████████ | 91/100 [06:50<00:39,  4.42s/epoch, best=8.682e+02, sign=0.175, train=9.656e+02, val=9.397e+02]
GNN flow training:  92%|█████████▏| 92/100 [06:50<00:35,  4.42s/epoch, best=8.682e+02, sign=0.175, train=9.656e+02, val=9.397e+02]
GNN flow training:  92%|█████████▏| 92/100 [06:55<00:35,  4.42s/epoch, best=8.682e+02, sign=0.181, train=9.397e+02, val=9.117e+02]
GNN flow training:  93%|█████████▎| 93/100 [06:55<00:30,  4.41s/epoch, best=8.682e+02, sign=0.181, train=9.397e+02, val=9.117e+02]
GNN flow training:  93%|█████████▎| 93/100 [06:59<00:30,  4.41s/epoch, best=8.682e+02, sign=0.187, train=9.117e+02, val=8.742e+02]
GNN flow training:  94%|█████████▍| 94/100 [06:59<00:26,  4.43s/epoch, best=8.682e+02, sign=0.187, train=9.117e+02, val=8.742e+02]
GNN flow training:  94%|█████████▍| 94/100 [07:03<00:26,  4.43s/epoch, best=8.682e+02, sign=0.190, train=8.742e+02, val=8.614e+02]
GNN flow training:  95%|█████████▌| 95/100 [07:03<00:22,  4.44s/epoch, best=8.682e+02, sign=0.190, train=8.742e+02, val=8.614e+02]
GNN flow training:  95%|█████████▌| 95/100 [07:08<00:22,  4.44s/epoch, best=8.614e+02, sign=0.191, train=8.614e+02, val=8.562e+02]
GNN flow training:  96%|█████████▌| 96/100 [07:08<00:17,  4.46s/epoch, best=8.614e+02, sign=0.191, train=8.614e+02, val=8.562e+02]
GNN flow training:  96%|█████████▌| 96/100 [07:12<00:17,  4.46s/epoch, best=8.562e+02, sign=0.190, train=8.562e+02, val=8.511e+02]
GNN flow training:  97%|█████████▋| 97/100 [07:12<00:13,  4.47s/epoch, best=8.562e+02, sign=0.190, train=8.562e+02, val=8.511e+02]
GNN flow training:  97%|█████████▋| 97/100 [07:17<00:13,  4.47s/epoch, best=8.511e+02, sign=0.189, train=8.511e+02, val=8.433e+02]
GNN flow training:  98%|█████████▊| 98/100 [07:17<00:08,  4.48s/epoch, best=8.511e+02, sign=0.189, train=8.511e+02, val=8.433e+02]
GNN flow training:  98%|█████████▊| 98/100 [07:21<00:08,  4.48s/epoch, best=8.433e+02, sign=0.188, train=8.434e+02, val=8.343e+02]
GNN flow training:  99%|█████████▉| 99/100 [07:21<00:04,  4.48s/epoch, best=8.433e+02, sign=0.188, train=8.434e+02, val=8.343e+02]
GNN flow training:  99%|█████████▉| 99/100 [07:26<00:04,  4.48s/epoch, best=8.343e+02, sign=0.184, train=8.343e+02, val=8.327e+02]
GNN flow training: 100%|██████████| 100/100 [07:26<00:00,  4.49s/epoch, best=8.343e+02, sign=0.184, train=8.343e+02, val=8.327e+02]
GNN flow training: 100%|██████████| 100/100 [07:26<00:00,  4.46s/epoch, best=8.343e+02, sign=0.184, train=8.343e+02, val=8.327e+02]
Resolved config snapshot:
{'preset': 'solver_QKB_outer_QKBdelta', 'gnn_outer_losses': {'flow': 100.0, 'kirchhoff': 0.1, 'boundary': 100.0, 'delta_l2': 10.0, 'delta_smooth': 0.0, 'pressure_shape': 0.0}, 'physics': {'arterial_flow_mode': 'dataset', 'pressure_constraints': ['gauge-only'], 'alpha_pa': None, 'use_snr_weights': True, 'use_observed_flow_snr_weighting': True, 'flow_scale_mode': 'median_abs', 'solver_device': 'same', 'pressure_solver_mode': 'reduced-soft-constrained-lstsq', 'pressure_solver_lambda_kirchhoff': 1.0, 'pressure_solver_lambda_pressure_constraints': 100.0, 'pressure_solver_lambda_flow_residual': 1.0, 'pressure_shape_reference': 'delta_zero_reference', 'pressure_detach': False}, 'correction_bounds': {'correction_min': -0.5, 'correction_max': 0.5, 'correction_bound': 0.5, 'correction_parameterization': 'tanh'}, 'optimization': {'learning_rate': 0.001, 'weight_decay': 0.0001, 'gradient_clip_norm': 5.0, 'optimizer': 'adamw', 'epochs': 100, 'patience': 40}}
Resolved config snapshot:
{'preset': 'solver_QKB_outer_QKBdelta', 'gnn_outer_losses': {'flow': 0.1, 'kirchhoff': 100.0, 'boundary': 100.0, 'delta_l2': 0.1, 'delta_smooth': 0.0, 'pressure_shape': 0.0}, 'physics': {'arterial_flow_mode': 'dataset', 'pressure_constraints': ['gauge-only'], 'alpha_pa': None, 'use_snr_weights': True, 'use_observed_flow_snr_weighting': True, 'flow_scale_mode': 'median_abs', 'solver_device': 'same', 'pressure_solver_mode': 'reduced-soft-constrained-lstsq', 'pressure_solver_lambda_kirchhoff': 1.0, 'pressure_solver_lambda_pressure_constraints': 100.0, 'pressure_solver_lambda_flow_residual': 1.0, 'pressure_shape_reference': 'delta_zero_reference', 'pressure_detach': False}, 'correction_bounds': {'correction_min': -0.5, 'correction_max': 0.5, 'correction_bound': 0.5, 'correction_parameterization': 'tanh'}, 'optimization': {'learning_rate': 0.001, 'weight_decay': 0.0001, 'gradient_clip_norm': 5.0, 'optimizer': 'adamw', 'epochs': 100, 'patience': 40}}
Command: /mnt/home/sswee/miniforge3/envs/yolk-sac/bin/python /mnt/home/sswee/yolk/Yolk-Sac-Flow-Data-and-Sim/gnn_clean/scripts/python/gnn_flow.py /mnt/home/sswee/yolk/Yolk-Sac-Flow-Data-and-Sim/gnn_clean/datasets/mosaic_graph_canonical_harmonized/mosaic_graph_canonical_harmonized.gpickle --output-dir /mnt/home/sswee/yolk/Yolk-Sac-Flow-Data-and-Sim/gnn_clean/outputs_canonical/dc/03_pressure_constraint_sensitivity/gnn --run-name q_100__k_0p1__delta_10__constraint_gauge_only --preset solver_QKB_outer_QKBdelta --device cuda --epochs 100 --seed 0 --viscosity-pa-s 0.0035 --config /mnt/home/sswee/yolk/Yolk-Sac-Flow-Data-and-Sim/gnn_clean/outputs_canonical/dc/03_pressure_constraint_sensitivity/_generated_configs/q_100__k_0p1__delta_10__constraint_gauge_only.yaml --no-pressure-detach
Command: /mnt/home/sswee/miniforge3/envs/yolk-sac/bin/python /mnt/home/sswee/yolk/Yolk-Sac-Flow-Data-and-Sim/gnn_clean/scripts/python/gnn_flow.py /mnt/home/sswee/yolk/Yolk-Sac-Flow-Data-and-Sim/gnn_clean/datasets/mosaic_graph_canonical_harmonized/mosaic_graph_canonical_harmonized.gpickle --output-dir /mnt/home/sswee/yolk/Yolk-Sac-Flow-Data-and-Sim/gnn_clean/outputs_canonical/dc/03_pressure_constraint_sensitivity/gnn --run-name q_0p1__k_100__delta_0p1__constraint_gauge_only --preset solver_QKB_outer_QKBdelta --device cuda --epochs 100 --seed 0 --viscosity-pa-s 0.0035 --config /mnt/home/sswee/yolk/Yolk-Sac-Flow-Data-and-Sim/gnn_clean/outputs_canonical/dc/03_pressure_constraint_sensitivity/_generated_configs/q_0p1__k_100__delta_0p1__constraint_gauge_only.yaml --no-pressure-detach
Command: /mnt/home/sswee/miniforge3/envs/yolk-sac/bin/python /mnt/home/sswee/yolk/Yolk-Sac-Flow-Data-and-Sim/gnn_clean/scripts/python/poiseuille_only_baseline.py /mnt/home/sswee/yolk/Yolk-Sac-Flow-Data-and-Sim/gnn_clean/datasets/mosaic_graph_canonical_harmonized/mosaic_graph_canonical_harmonized.gpickle --output-dir /mnt/home/sswee/yolk/Yolk-Sac-Flow-Data-and-Sim/gnn_clean/outputs_canonical/dc/03_pressure_constraint_sensitivity/poiseuille --run-name poiseuille__q_0p1__k_100__constraint_gauge_only --device cpu --viscosity-pa-s 0.0035 --dc-solve-mode reduced-soft-constrained-lstsq --arterial-flow-mode dataset --lambda-kirchhoff 100.0 --lambda-pressure-constraints 100.0 --lambda-flow-residual 0.1 --pressure-constraint gauge_only
