[info] DC Step 2 canonical sweep uses fixed lambda_B=100.0 for both the outer boundary loss and the reduced pressure-solver boundary constraint.

GNN flow training:   0%|          | 0/100 [00:00<?, ?epoch/s]
GNN flow training:   0%|          | 0/100 [00:06<?, ?epoch/s, best=1.324e+01, sign=0.194, train=1.339e+01, val=1.324e+01]
GNN flow training:   1%|          | 1/100 [00:06<09:59,  6.06s/epoch, best=1.324e+01, sign=0.194, train=1.339e+01, val=1.324e+01]
GNN flow training:   1%|          | 1/100 [00:11<09:59,  6.06s/epoch, best=1.324e+01, sign=0.194, train=1.340e+01, val=1.327e+01]
GNN flow training:   2%|▏         | 2/100 [00:11<09:45,  5.97s/epoch, best=1.324e+01, sign=0.194, train=1.340e+01, val=1.327e+01]
GNN flow training:   2%|▏         | 2/100 [00:17<09:45,  5.97s/epoch, best=1.324e+01, sign=0.194, train=1.342e+01, val=1.326e+01]
GNN flow training:   3%|▎         | 3/100 [00:17<09:36,  5.94s/epoch, best=1.324e+01, sign=0.194, train=1.342e+01, val=1.326e+01]
GNN flow training:   3%|▎         | 3/100 [00:23<09:36,  5.94s/epoch, best=1.324e+01, sign=0.194, train=1.341e+01, val=1.322e+01]
GNN flow training:   4%|▍         | 4/100 [00:23<09:32,  5.96s/epoch, best=1.324e+01, sign=0.194, train=1.341e+01, val=1.322e+01]
GNN flow training:   4%|▍         | 4/100 [00:29<09:32,  5.96s/epoch, best=1.322e+01, sign=0.194, train=1.337e+01, val=1.324e+01]
GNN flow training:   5%|▌         | 5/100 [00:29<09:24,  5.94s/epoch, best=1.322e+01, sign=0.194, train=1.337e+01, val=1.324e+01]
GNN flow training:   5%|▌         | 5/100 [00:35<09:24,  5.94s/epoch, best=1.322e+01, sign=0.194, train=1.339e+01, val=1.321e+01]
GNN flow training:   6%|▌         | 6/100 [00:35<09:17,  5.93s/epoch, best=1.322e+01, sign=0.194, train=1.339e+01, val=1.321e+01]
GNN flow training:   6%|▌         | 6/100 [00:41<09:17,  5.93s/epoch, best=1.321e+01, sign=0.194, train=1.337e+01, val=1.322e+01]
GNN flow training:   7%|▋         | 7/100 [00:41<09:10,  5.92s/epoch, best=1.321e+01, sign=0.194, train=1.337e+01, val=1.322e+01]
GNN flow training:   7%|▋         | 7/100 [00:47<09:10,  5.92s/epoch, best=1.321e+01, sign=0.194, train=1.338e+01, val=1.322e+01]
GNN flow training:   8%|▊         | 8/100 [00:47<09:04,  5.91s/epoch, best=1.321e+01, sign=0.194, train=1.338e+01, val=1.322e+01]
GNN flow training:   8%|▊         | 8/100 [00:53<09:04,  5.91s/epoch, best=1.321e+01, sign=0.194, train=1.338e+01, val=1.321e+01]
GNN flow training:   9%|▉         | 9/100 [00:53<08:58,  5.92s/epoch, best=1.321e+01, sign=0.194, train=1.338e+01, val=1.321e+01]
GNN flow training:   9%|▉         | 9/100 [00:59<08:58,  5.92s/epoch, best=1.321e+01, sign=0.194, train=1.336e+01, val=1.319e+01]
GNN flow training:  10%|█         | 10/100 [00:59<08:53,  5.92s/epoch, best=1.321e+01, sign=0.194, train=1.336e+01, val=1.319e+01]
GNN flow training:  10%|█         | 10/100 [01:05<08:53,  5.92s/epoch, best=1.319e+01, sign=0.193, train=1.334e+01, val=1.317e+01]
GNN flow training:  11%|█         | 11/100 [01:05<08:47,  5.93s/epoch, best=1.319e+01, sign=0.193, train=1.334e+01, val=1.317e+01]
GNN flow training:  11%|█         | 11/100 [01:11<08:47,  5.93s/epoch, best=1.317e+01, sign=0.194, train=1.333e+01, val=1.318e+01]
GNN flow training:  12%|█▏        | 12/100 [01:11<08:40,  5.92s/epoch, best=1.317e+01, sign=0.194, train=1.333e+01, val=1.318e+01]
GNN flow training:  12%|█▏        | 12/100 [01:17<08:40,  5.92s/epoch, best=1.317e+01, sign=0.193, train=1.333e+01, val=1.320e+01]
GNN flow training:  13%|█▎        | 13/100 [01:17<08:34,  5.92s/epoch, best=1.317e+01, sign=0.193, train=1.333e+01, val=1.320e+01]
GNN flow training:  13%|█▎        | 13/100 [01:23<08:34,  5.92s/epoch, best=1.317e+01, sign=0.192, train=1.335e+01, val=1.323e+01]
GNN flow training:  14%|█▍        | 14/100 [01:23<08:29,  5.92s/epoch, best=1.317e+01, sign=0.192, train=1.335e+01, val=1.323e+01]
GNN flow training:  14%|█▍        | 14/100 [01:28<08:29,  5.92s/epoch, best=1.317e+01, sign=0.193, train=1.338e+01, val=1.322e+01]
GNN flow training:  15%|█▌        | 15/100 [01:28<08:23,  5.93s/epoch, best=1.317e+01, sign=0.193, train=1.338e+01, val=1.322e+01]
GNN flow training:  15%|█▌        | 15/100 [01:34<08:23,  5.93s/epoch, best=1.317e+01, sign=0.193, train=1.338e+01, val=1.321e+01]
GNN flow training:  16%|█▌        | 16/100 [01:34<08:16,  5.91s/epoch, best=1.317e+01, sign=0.193, train=1.338e+01, val=1.321e+01]
GNN flow training:  16%|█▌        | 16/100 [01:40<08:16,  5.91s/epoch, best=1.317e+01, sign=0.192, train=1.336e+01, val=1.318e+01]
GNN flow training:  17%|█▋        | 17/100 [01:40<08:09,  5.89s/epoch, best=1.317e+01, sign=0.192, train=1.336e+01, val=1.318e+01]
GNN flow training:  17%|█▋        | 17/100 [01:46<08:09,  5.89s/epoch, best=1.317e+01, sign=0.191, train=1.333e+01, val=1.314e+01]
GNN flow training:  18%|█▊        | 18/100 [01:46<08:04,  5.90s/epoch, best=1.317e+01, sign=0.191, train=1.333e+01, val=1.314e+01]
GNN flow training:  18%|█▊        | 18/100 [01:52<08:04,  5.90s/epoch, best=1.314e+01, sign=0.191, train=1.329e+01, val=1.312e+01]
GNN flow training:  19%|█▉        | 19/100 [01:52<07:57,  5.90s/epoch, best=1.314e+01, sign=0.191, train=1.329e+01, val=1.312e+01]
GNN flow training:  19%|█▉        | 19/100 [01:58<07:57,  5.90s/epoch, best=1.312e+01, sign=0.189, train=1.327e+01, val=1.309e+01]
GNN flow training:  20%|██        | 20/100 [01:58<07:51,  5.90s/epoch, best=1.312e+01, sign=0.189, train=1.327e+01, val=1.309e+01]
GNN flow training:  20%|██        | 20/100 [02:04<07:51,  5.90s/epoch, best=1.309e+01, sign=0.188, train=1.324e+01, val=1.309e+01]
GNN flow training:  21%|██        | 21/100 [02:04<07:47,  5.91s/epoch, best=1.309e+01, sign=0.188, train=1.324e+01, val=1.309e+01]
GNN flow training:  21%|██        | 21/100 [02:10<07:47,  5.91s/epoch, best=1.309e+01, sign=0.188, train=1.323e+01, val=1.310e+01]
GNN flow training:  22%|██▏       | 22/100 [02:10<07:42,  5.93s/epoch, best=1.309e+01, sign=0.188, train=1.323e+01, val=1.310e+01]
GNN flow training:  22%|██▏       | 22/100 [02:16<07:42,  5.93s/epoch, best=1.309e+01, sign=0.188, train=1.325e+01, val=1.302e+01]
GNN flow training:  23%|██▎       | 23/100 [02:16<07:37,  5.94s/epoch, best=1.309e+01, sign=0.188, train=1.325e+01, val=1.302e+01]
GNN flow training:  23%|██▎       | 23/100 [02:22<07:37,  5.94s/epoch, best=1.302e+01, sign=0.188, train=1.317e+01, val=1.296e+01]
GNN flow training:  24%|██▍       | 24/100 [02:22<07:33,  5.96s/epoch, best=1.302e+01, sign=0.188, train=1.317e+01, val=1.296e+01]
GNN flow training:  24%|██▍       | 24/100 [02:28<07:33,  5.96s/epoch, best=1.296e+01, sign=0.189, train=1.310e+01, val=1.299e+01]
GNN flow training:  25%|██▌       | 25/100 [02:28<07:26,  5.95s/epoch, best=1.296e+01, sign=0.189, train=1.310e+01, val=1.299e+01]
GNN flow training:  25%|██▌       | 25/100 [02:34<07:26,  5.95s/epoch, best=1.296e+01, sign=0.189, train=1.313e+01, val=1.294e+01]
GNN flow training:  26%|██▌       | 26/100 [02:34<07:20,  5.95s/epoch, best=1.296e+01, sign=0.189, train=1.313e+01, val=1.294e+01]
GNN flow training:  26%|██▌       | 26/100 [02:40<07:20,  5.95s/epoch, best=1.294e+01, sign=0.189, train=1.308e+01, val=1.288e+01]
GNN flow training:  27%|██▋       | 27/100 [02:40<07:13,  5.93s/epoch, best=1.294e+01, sign=0.189, train=1.308e+01, val=1.288e+01]
GNN flow training:  27%|██▋       | 27/100 [02:45<07:13,  5.93s/epoch, best=1.288e+01, sign=0.188, train=1.302e+01, val=1.287e+01]
GNN flow training:  28%|██▊       | 28/100 [02:45<07:06,  5.93s/epoch, best=1.288e+01, sign=0.188, train=1.302e+01, val=1.287e+01]
GNN flow training:  28%|██▊       | 28/100 [02:51<07:06,  5.93s/epoch, best=1.287e+01, sign=0.186, train=1.301e+01, val=1.281e+01]
GNN flow training:  29%|██▉       | 29/100 [02:51<07:01,  5.93s/epoch, best=1.287e+01, sign=0.186, train=1.301e+01, val=1.281e+01]
GNN flow training:  29%|██▉       | 29/100 [02:57<07:01,  5.93s/epoch, best=1.281e+01, sign=0.184, train=1.294e+01, val=1.278e+01]
GNN flow training:  30%|███       | 30/100 [02:57<06:55,  5.93s/epoch, best=1.281e+01, sign=0.184, train=1.294e+01, val=1.278e+01]
GNN flow training:  30%|███       | 30/100 [03:03<06:55,  5.93s/epoch, best=1.278e+01, sign=0.184, train=1.291e+01, val=1.272e+01]
GNN flow training:  31%|███       | 31/100 [03:03<06:49,  5.93s/epoch, best=1.278e+01, sign=0.184, train=1.291e+01, val=1.272e+01]
GNN flow training:  31%|███       | 31/100 [03:09<06:49,  5.93s/epoch, best=1.272e+01, sign=0.183, train=1.285e+01, val=1.267e+01]
GNN flow training:  32%|███▏      | 32/100 [03:09<06:44,  5.95s/epoch, best=1.272e+01, sign=0.183, train=1.285e+01, val=1.267e+01]
GNN flow training:  32%|███▏      | 32/100 [03:15<06:44,  5.95s/epoch, best=1.267e+01, sign=0.182, train=1.280e+01, val=1.265e+01]
GNN flow training:  33%|███▎      | 33/100 [03:15<06:38,  5.95s/epoch, best=1.267e+01, sign=0.182, train=1.280e+01, val=1.265e+01]
GNN flow training:  33%|███▎      | 33/100 [03:21<06:38,  5.95s/epoch, best=1.265e+01, sign=0.182, train=1.278e+01, val=1.264e+01]
GNN flow training:  34%|███▍      | 34/100 [03:21<06:31,  5.94s/epoch, best=1.265e+01, sign=0.182, train=1.278e+01, val=1.264e+01]
GNN flow training:  34%|███▍      | 34/100 [03:27<06:31,  5.94s/epoch, best=1.264e+01, sign=0.181, train=1.276e+01, val=1.256e+01]
GNN flow training:  35%|███▌      | 35/100 [03:27<06:26,  5.95s/epoch, best=1.264e+01, sign=0.181, train=1.276e+01, val=1.256e+01]
GNN flow training:  35%|███▌      | 35/100 [03:33<06:26,  5.95s/epoch, best=1.256e+01, sign=0.179, train=1.268e+01, val=1.251e+01]
GNN flow training:  36%|███▌      | 36/100 [03:33<06:21,  5.96s/epoch, best=1.256e+01, sign=0.179, train=1.268e+01, val=1.251e+01]
GNN flow training:  36%|███▌      | 36/100 [03:39<06:21,  5.96s/epoch, best=1.251e+01, sign=0.180, train=1.263e+01, val=1.247e+01]
GNN flow training:  37%|███▋      | 37/100 [03:39<06:14,  5.95s/epoch, best=1.251e+01, sign=0.180, train=1.263e+01, val=1.247e+01]
GNN flow training:  37%|███▋      | 37/100 [03:45<06:14,  5.95s/epoch, best=1.247e+01, sign=0.177, train=1.258e+01, val=1.242e+01]
GNN flow training:  38%|███▊      | 38/100 [03:45<06:08,  5.95s/epoch, best=1.247e+01, sign=0.177, train=1.258e+01, val=1.242e+01]
GNN flow training:  38%|███▊      | 38/100 [03:51<06:08,  5.95s/epoch, best=1.242e+01, sign=0.175, train=1.253e+01, val=1.241e+01]
GNN flow training:  39%|███▉      | 39/100 [03:51<06:01,  5.93s/epoch, best=1.242e+01, sign=0.175, train=1.253e+01, val=1.241e+01]
GNN flow training:  39%|███▉      | 39/100 [03:57<06:01,  5.93s/epoch, best=1.241e+01, sign=0.175, train=1.251e+01, val=1.241e+01]
GNN flow training:  40%|████      | 40/100 [03:57<05:55,  5.93s/epoch, best=1.241e+01, sign=0.175, train=1.251e+01, val=1.241e+01]
GNN flow training:  40%|████      | 40/100 [04:03<05:55,  5.93s/epoch, best=1.241e+01, sign=0.174, train=1.250e+01, val=1.251e+01]
GNN flow training:  41%|████      | 41/100 [04:03<05:48,  5.91s/epoch, best=1.241e+01, sign=0.174, train=1.250e+01, val=1.251e+01]
GNN flow training:  41%|████      | 41/100 [04:09<05:48,  5.91s/epoch, best=1.241e+01, sign=0.172, train=1.261e+01, val=1.259e+01]
GNN flow training:  42%|████▏     | 42/100 [04:09<05:42,  5.91s/epoch, best=1.241e+01, sign=0.172, train=1.261e+01, val=1.259e+01]
GNN flow training:  42%|████▏     | 42/100 [04:14<05:42,  5.91s/epoch, best=1.241e+01, sign=0.172, train=1.269e+01, val=1.264e+01]
GNN flow training:  43%|████▎     | 43/100 [04:14<05:36,  5.91s/epoch, best=1.241e+01, sign=0.172, train=1.269e+01, val=1.264e+01]
GNN flow training:  43%|████▎     | 43/100 [04:20<05:36,  5.91s/epoch, best=1.241e+01, sign=0.171, train=1.273e+01, val=1.259e+01]
GNN flow training:  44%|████▍     | 44/100 [04:20<05:30,  5.91s/epoch, best=1.241e+01, sign=0.171, train=1.273e+01, val=1.259e+01]
GNN flow training:  44%|████▍     | 44/100 [04:26<05:30,  5.91s/epoch, best=1.241e+01, sign=0.170, train=1.268e+01, val=1.256e+01]
GNN flow training:  45%|████▌     | 45/100 [04:26<05:25,  5.91s/epoch, best=1.241e+01, sign=0.170, train=1.268e+01, val=1.256e+01]
GNN flow training:  45%|████▌     | 45/100 [04:32<05:25,  5.91s/epoch, best=1.241e+01, sign=0.168, train=1.265e+01, val=1.251e+01]
GNN flow training:  46%|████▌     | 46/100 [04:32<05:19,  5.92s/epoch, best=1.241e+01, sign=0.168, train=1.265e+01, val=1.251e+01]
GNN flow training:  46%|████▌     | 46/100 [04:38<05:19,  5.92s/epoch, best=1.241e+01, sign=0.170, train=1.259e+01, val=1.227e+01]
GNN flow training:  47%|████▋     | 47/100 [04:38<05:13,  5.92s/epoch, best=1.241e+01, sign=0.170, train=1.259e+01, val=1.227e+01]
GNN flow training:  47%|████▋     | 47/100 [04:44<05:13,  5.92s/epoch, best=1.227e+01, sign=0.171, train=1.236e+01, val=1.218e+01]
GNN flow training:  48%|████▊     | 48/100 [04:44<05:07,  5.92s/epoch, best=1.227e+01, sign=0.171, train=1.236e+01, val=1.218e+01]
GNN flow training:  48%|████▊     | 48/100 [04:50<05:07,  5.92s/epoch, best=1.218e+01, sign=0.171, train=1.226e+01, val=1.214e+01]
GNN flow training:  49%|████▉     | 49/100 [04:50<05:01,  5.92s/epoch, best=1.218e+01, sign=0.171, train=1.226e+01, val=1.214e+01]
GNN flow training:  49%|████▉     | 49/100 [04:56<05:01,  5.92s/epoch, best=1.214e+01, sign=0.171, train=1.222e+01, val=1.212e+01]
GNN flow training:  50%|█████     | 50/100 [04:56<04:55,  5.90s/epoch, best=1.214e+01, sign=0.171, train=1.222e+01, val=1.212e+01]
GNN flow training:  50%|█████     | 50/100 [05:02<04:55,  5.90s/epoch, best=1.212e+01, sign=0.172, train=1.220e+01, val=1.225e+01]
GNN flow training:  51%|█████     | 51/100 [05:02<04:49,  5.91s/epoch, best=1.212e+01, sign=0.172, train=1.220e+01, val=1.225e+01]
GNN flow training:  51%|█████     | 51/100 [05:08<04:49,  5.91s/epoch, best=1.212e+01, sign=0.174, train=1.233e+01, val=1.228e+01]
GNN flow training:  52%|█████▏    | 52/100 [05:08<04:42,  5.89s/epoch, best=1.212e+01, sign=0.174, train=1.233e+01, val=1.228e+01]
GNN flow training:  52%|█████▏    | 52/100 [05:13<04:42,  5.89s/epoch, best=1.212e+01, sign=0.176, train=1.237e+01, val=1.229e+01]
GNN flow training:  53%|█████▎    | 53/100 [05:13<04:36,  5.88s/epoch, best=1.212e+01, sign=0.176, train=1.237e+01, val=1.229e+01]
GNN flow training:  53%|█████▎    | 53/100 [05:19<04:36,  5.88s/epoch, best=1.212e+01, sign=0.177, train=1.238e+01, val=1.253e+01]
GNN flow training:  54%|█████▍    | 54/100 [05:19<04:30,  5.87s/epoch, best=1.212e+01, sign=0.177, train=1.238e+01, val=1.253e+01]
GNN flow training:  54%|█████▍    | 54/100 [05:25<04:30,  5.87s/epoch, best=1.212e+01, sign=0.179, train=1.263e+01, val=1.266e+01]
GNN flow training:  55%|█████▌    | 55/100 [05:25<04:24,  5.88s/epoch, best=1.212e+01, sign=0.179, train=1.263e+01, val=1.266e+01]
GNN flow training:  55%|█████▌    | 55/100 [05:31<04:24,  5.88s/epoch, best=1.212e+01, sign=0.184, train=1.277e+01, val=1.271e+01]
GNN flow training:  56%|█████▌    | 56/100 [05:31<04:18,  5.88s/epoch, best=1.212e+01, sign=0.184, train=1.277e+01, val=1.271e+01]
GNN flow training:  56%|█████▌    | 56/100 [05:37<04:18,  5.88s/epoch, best=1.212e+01, sign=0.194, train=1.282e+01, val=1.288e+01]
GNN flow training:  57%|█████▋    | 57/100 [05:37<04:13,  5.89s/epoch, best=1.212e+01, sign=0.194, train=1.282e+01, val=1.288e+01]
GNN flow training:  57%|█████▋    | 57/100 [05:43<04:13,  5.89s/epoch, best=1.212e+01, sign=0.195, train=1.301e+01, val=1.288e+01]
GNN flow training:  58%|█████▊    | 58/100 [05:43<04:06,  5.88s/epoch, best=1.212e+01, sign=0.195, train=1.301e+01, val=1.288e+01]
GNN flow training:  58%|█████▊    | 58/100 [05:49<04:06,  5.88s/epoch, best=1.212e+01, sign=0.201, train=1.301e+01, val=1.290e+01]
GNN flow training:  59%|█████▉    | 59/100 [05:49<04:00,  5.88s/epoch, best=1.212e+01, sign=0.201, train=1.301e+01, val=1.290e+01]
GNN flow training:  59%|█████▉    | 59/100 [05:55<04:00,  5.88s/epoch, best=1.212e+01, sign=0.204, train=1.304e+01, val=1.299e+01]
GNN flow training:  60%|██████    | 60/100 [05:55<03:54,  5.87s/epoch, best=1.212e+01, sign=0.204, train=1.304e+01, val=1.299e+01]
GNN flow training:  60%|██████    | 60/100 [06:00<03:54,  5.87s/epoch, best=1.212e+01, sign=0.205, train=1.313e+01, val=1.298e+01]
GNN flow training:  61%|██████    | 61/100 [06:00<03:49,  5.88s/epoch, best=1.212e+01, sign=0.205, train=1.313e+01, val=1.298e+01]
GNN flow training:  61%|██████    | 61/100 [06:06<03:49,  5.88s/epoch, best=1.212e+01, sign=0.204, train=1.313e+01, val=1.275e+01]
GNN flow training:  62%|██████▏   | 62/100 [06:06<03:43,  5.89s/epoch, best=1.212e+01, sign=0.204, train=1.313e+01, val=1.275e+01]
GNN flow training:  62%|██████▏   | 62/100 [06:12<03:43,  5.89s/epoch, best=1.212e+01, sign=0.203, train=1.289e+01, val=1.259e+01]
GNN flow training:  63%|██████▎   | 63/100 [06:12<03:37,  5.88s/epoch, best=1.212e+01, sign=0.203, train=1.289e+01, val=1.259e+01]
GNN flow training:  63%|██████▎   | 63/100 [06:18<03:37,  5.88s/epoch, best=1.212e+01, sign=0.201, train=1.274e+01, val=1.246e+01]
GNN flow training:  64%|██████▍   | 64/100 [06:18<03:31,  5.87s/epoch, best=1.212e+01, sign=0.201, train=1.274e+01, val=1.246e+01]
GNN flow training:  64%|██████▍   | 64/100 [06:24<03:31,  5.87s/epoch, best=1.212e+01, sign=0.199, train=1.260e+01, val=1.222e+01]
GNN flow training:  65%|██████▌   | 65/100 [06:24<03:25,  5.87s/epoch, best=1.212e+01, sign=0.199, train=1.260e+01, val=1.222e+01]
GNN flow training:  65%|██████▌   | 65/100 [06:30<03:25,  5.87s/epoch, best=1.212e+01, sign=0.195, train=1.236e+01, val=1.212e+01]
GNN flow training:  66%|██████▌   | 66/100 [06:30<03:19,  5.86s/epoch, best=1.212e+01, sign=0.195, train=1.236e+01, val=1.212e+01]
GNN flow training:  66%|██████▌   | 66/100 [06:36<03:19,  5.86s/epoch, best=1.212e+01, sign=0.194, train=1.226e+01, val=1.199e+01]
GNN flow training:  67%|██████▋   | 67/100 [06:36<03:13,  5.87s/epoch, best=1.212e+01, sign=0.194, train=1.226e+01, val=1.199e+01]
GNN flow training:  67%|██████▋   | 67/100 [06:42<03:13,  5.87s/epoch, best=1.199e+01, sign=0.191, train=1.213e+01, val=1.194e+01]
GNN flow training:  68%|██████▊   | 68/100 [06:42<03:07,  5.87s/epoch, best=1.199e+01, sign=0.191, train=1.213e+01, val=1.194e+01]
GNN flow training:  68%|██████▊   | 68/100 [06:47<03:07,  5.87s/epoch, best=1.194e+01, sign=0.192, train=1.208e+01, val=1.197e+01]
GNN flow training:  69%|██████▉   | 69/100 [06:47<03:02,  5.88s/epoch, best=1.194e+01, sign=0.192, train=1.208e+01, val=1.197e+01]
GNN flow training:  69%|██████▉   | 69/100 [06:53<03:02,  5.88s/epoch, best=1.194e+01, sign=0.191, train=1.211e+01, val=1.197e+01]
GNN flow training:  70%|███████   | 70/100 [06:53<02:56,  5.89s/epoch, best=1.194e+01, sign=0.191, train=1.211e+01, val=1.197e+01]
GNN flow training:  70%|███████   | 70/100 [06:59<02:56,  5.89s/epoch, best=1.194e+01, sign=0.192, train=1.211e+01, val=1.189e+01]
GNN flow training:  71%|███████   | 71/100 [06:59<02:50,  5.89s/epoch, best=1.194e+01, sign=0.192, train=1.211e+01, val=1.189e+01]
GNN flow training:  71%|███████   | 71/100 [07:05<02:50,  5.89s/epoch, best=1.189e+01, sign=0.192, train=1.203e+01, val=1.184e+01]
GNN flow training:  72%|███████▏  | 72/100 [07:05<02:45,  5.90s/epoch, best=1.189e+01, sign=0.192, train=1.203e+01, val=1.184e+01]
GNN flow training:  72%|███████▏  | 72/100 [07:11<02:45,  5.90s/epoch, best=1.184e+01, sign=0.191, train=1.197e+01, val=1.176e+01]
GNN flow training:  73%|███████▎  | 73/100 [07:11<02:39,  5.89s/epoch, best=1.184e+01, sign=0.191, train=1.197e+01, val=1.176e+01]
GNN flow training:  73%|███████▎  | 73/100 [07:17<02:39,  5.89s/epoch, best=1.176e+01, sign=0.189, train=1.189e+01, val=1.172e+01]
GNN flow training:  74%|███████▍  | 74/100 [07:17<02:33,  5.91s/epoch, best=1.176e+01, sign=0.189, train=1.189e+01, val=1.172e+01]
GNN flow training:  74%|███████▍  | 74/100 [07:23<02:33,  5.91s/epoch, best=1.172e+01, sign=0.190, train=1.185e+01, val=1.180e+01]
GNN flow training:  75%|███████▌  | 75/100 [07:23<02:27,  5.89s/epoch, best=1.172e+01, sign=0.190, train=1.185e+01, val=1.180e+01]
GNN flow training:  75%|███████▌  | 75/100 [07:29<02:27,  5.89s/epoch, best=1.172e+01, sign=0.190, train=1.192e+01, val=1.177e+01]
GNN flow training:  76%|███████▌  | 76/100 [07:29<02:21,  5.89s/epoch, best=1.172e+01, sign=0.190, train=1.192e+01, val=1.177e+01]
GNN flow training:  76%|███████▌  | 76/100 [07:35<02:21,  5.89s/epoch, best=1.172e+01, sign=0.190, train=1.190e+01, val=1.182e+01]
GNN flow training:  77%|███████▋  | 77/100 [07:35<02:15,  5.88s/epoch, best=1.172e+01, sign=0.190, train=1.190e+01, val=1.182e+01]
GNN flow training:  77%|███████▋  | 77/100 [07:40<02:15,  5.88s/epoch, best=1.172e+01, sign=0.189, train=1.194e+01, val=1.180e+01]
GNN flow training:  78%|███████▊  | 78/100 [07:40<02:09,  5.87s/epoch, best=1.172e+01, sign=0.189, train=1.194e+01, val=1.180e+01]
GNN flow training:  78%|███████▊  | 78/100 [07:46<02:09,  5.87s/epoch, best=1.172e+01, sign=0.189, train=1.193e+01, val=1.172e+01]
GNN flow training:  79%|███████▉  | 79/100 [07:46<02:03,  5.86s/epoch, best=1.172e+01, sign=0.189, train=1.193e+01, val=1.172e+01]
GNN flow training:  79%|███████▉  | 79/100 [07:52<02:03,  5.86s/epoch, best=1.172e+01, sign=0.187, train=1.185e+01, val=1.168e+01]
GNN flow training:  80%|████████  | 80/100 [07:52<01:57,  5.87s/epoch, best=1.172e+01, sign=0.187, train=1.185e+01, val=1.168e+01]
GNN flow training:  80%|████████  | 80/100 [07:58<01:57,  5.87s/epoch, best=1.168e+01, sign=0.184, train=1.181e+01, val=1.161e+01]
GNN flow training:  81%|████████  | 81/100 [07:58<01:51,  5.87s/epoch, best=1.168e+01, sign=0.184, train=1.181e+01, val=1.161e+01]
GNN flow training:  81%|████████  | 81/100 [08:04<01:51,  5.87s/epoch, best=1.161e+01, sign=0.181, train=1.173e+01, val=1.155e+01]
GNN flow training:  82%|████████▏ | 82/100 [08:04<01:45,  5.88s/epoch, best=1.161e+01, sign=0.181, train=1.173e+01, val=1.155e+01]
GNN flow training:  82%|████████▏ | 82/100 [08:10<01:45,  5.88s/epoch, best=1.155e+01, sign=0.179, train=1.167e+01, val=1.145e+01]
GNN flow training:  83%|████████▎ | 83/100 [08:10<01:39,  5.87s/epoch, best=1.155e+01, sign=0.179, train=1.167e+01, val=1.145e+01]
GNN flow training:  83%|████████▎ | 83/100 [08:16<01:39,  5.87s/epoch, best=1.145e+01, sign=0.178, train=1.156e+01, val=1.139e+01]
GNN flow training:  84%|████████▍ | 84/100 [08:16<01:34,  5.88s/epoch, best=1.145e+01, sign=0.178, train=1.156e+01, val=1.139e+01]
GNN flow training:  84%|████████▍ | 84/100 [08:22<01:34,  5.88s/epoch, best=1.139e+01, sign=0.176, train=1.151e+01, val=1.130e+01]
GNN flow training:  85%|████████▌ | 85/100 [08:22<01:28,  5.88s/epoch, best=1.139e+01, sign=0.176, train=1.151e+01, val=1.130e+01]
GNN flow training:  85%|████████▌ | 85/100 [08:27<01:28,  5.88s/epoch, best=1.130e+01, sign=0.175, train=1.141e+01, val=1.135e+01]
GNN flow training:  86%|████████▌ | 86/100 [08:27<01:22,  5.86s/epoch, best=1.130e+01, sign=0.175, train=1.141e+01, val=1.135e+01]
GNN flow training:  86%|████████▌ | 86/100 [08:33<01:22,  5.86s/epoch, best=1.130e+01, sign=0.173, train=1.145e+01, val=1.130e+01]
GNN flow training:  87%|████████▋ | 87/100 [08:33<01:16,  5.86s/epoch, best=1.130e+01, sign=0.173, train=1.145e+01, val=1.130e+01]
GNN flow training:  87%|████████▋ | 87/100 [08:39<01:16,  5.86s/epoch, best=1.130e+01, sign=0.173, train=1.141e+01, val=1.123e+01]
GNN flow training:  88%|████████▊ | 88/100 [08:39<01:10,  5.85s/epoch, best=1.130e+01, sign=0.173, train=1.141e+01, val=1.123e+01]
GNN flow training:  88%|████████▊ | 88/100 [08:45<01:10,  5.85s/epoch, best=1.123e+01, sign=0.173, train=1.134e+01, val=1.113e+01]
GNN flow training:  89%|████████▉ | 89/100 [08:45<01:04,  5.85s/epoch, best=1.123e+01, sign=0.173, train=1.134e+01, val=1.113e+01]
GNN flow training:  89%|████████▉ | 89/100 [08:51<01:04,  5.85s/epoch, best=1.113e+01, sign=0.174, train=1.124e+01, val=1.108e+01]
GNN flow training:  90%|█████████ | 90/100 [08:51<00:58,  5.84s/epoch, best=1.113e+01, sign=0.174, train=1.124e+01, val=1.108e+01]
GNN flow training:  90%|█████████ | 90/100 [08:57<00:58,  5.84s/epoch, best=1.108e+01, sign=0.175, train=1.119e+01, val=1.100e+01]
GNN flow training:  91%|█████████ | 91/100 [08:57<00:52,  5.84s/epoch, best=1.108e+01, sign=0.175, train=1.119e+01, val=1.100e+01]
GNN flow training:  91%|█████████ | 91/100 [09:02<00:52,  5.84s/epoch, best=1.100e+01, sign=0.176, train=1.111e+01, val=1.091e+01]
GNN flow training:  92%|█████████▏| 92/100 [09:02<00:46,  5.84s/epoch, best=1.100e+01, sign=0.176, train=1.111e+01, val=1.091e+01]
GNN flow training:  92%|█████████▏| 92/100 [09:08<00:46,  5.84s/epoch, best=1.091e+01, sign=0.179, train=1.102e+01, val=1.081e+01]
GNN flow training:  93%|█████████▎| 93/100 [09:08<00:40,  5.85s/epoch, best=1.091e+01, sign=0.179, train=1.102e+01, val=1.081e+01]
GNN flow training:  93%|█████████▎| 93/100 [09:14<00:40,  5.85s/epoch, best=1.081e+01, sign=0.183, train=1.093e+01, val=1.076e+01]
GNN flow training:  94%|█████████▍| 94/100 [09:14<00:35,  5.85s/epoch, best=1.081e+01, sign=0.183, train=1.093e+01, val=1.076e+01]
GNN flow training:  94%|█████████▍| 94/100 [09:20<00:35,  5.85s/epoch, best=1.076e+01, sign=0.185, train=1.088e+01, val=1.074e+01]
GNN flow training:  95%|█████████▌| 95/100 [09:20<00:29,  5.86s/epoch, best=1.076e+01, sign=0.185, train=1.088e+01, val=1.074e+01]
GNN flow training:  95%|█████████▌| 95/100 [09:26<00:29,  5.86s/epoch, best=1.074e+01, sign=0.186, train=1.086e+01, val=1.082e+01]
GNN flow training:  96%|█████████▌| 96/100 [09:26<00:23,  5.89s/epoch, best=1.074e+01, sign=0.186, train=1.086e+01, val=1.082e+01]
GNN flow training:  96%|█████████▌| 96/100 [09:32<00:23,  5.89s/epoch, best=1.074e+01, sign=0.186, train=1.094e+01, val=1.073e+01]
GNN flow training:  97%|█████████▋| 97/100 [09:32<00:17,  5.89s/epoch, best=1.074e+01, sign=0.186, train=1.094e+01, val=1.073e+01]
GNN flow training:  97%|█████████▋| 97/100 [09:38<00:17,  5.89s/epoch, best=1.073e+01, sign=0.186, train=1.085e+01, val=1.059e+01]
GNN flow training:  98%|█████████▊| 98/100 [09:38<00:11,  5.90s/epoch, best=1.073e+01, sign=0.186, train=1.085e+01, val=1.059e+01]
GNN flow training:  98%|█████████▊| 98/100 [09:44<00:11,  5.90s/epoch, best=1.059e+01, sign=0.184, train=1.071e+01, val=1.045e+01]
GNN flow training:  99%|█████████▉| 99/100 [09:44<00:05,  5.91s/epoch, best=1.059e+01, sign=0.184, train=1.071e+01, val=1.045e+01]
GNN flow training:  99%|█████████▉| 99/100 [09:50<00:05,  5.91s/epoch, best=1.045e+01, sign=0.178, train=1.057e+01, val=1.040e+01]
GNN flow training: 100%|██████████| 100/100 [09:50<00:00,  5.90s/epoch, best=1.045e+01, sign=0.178, train=1.057e+01, val=1.040e+01]
GNN flow training: 100%|██████████| 100/100 [09:50<00:00,  5.90s/epoch, best=1.045e+01, sign=0.178, train=1.057e+01, val=1.040e+01]
Resolved config snapshot:
{'preset': 'solver_QKB_outer_QKBdelta', 'gnn_outer_losses': {'flow': 10.0, 'kirchhoff': 1.0, 'boundary': 100.0, 'delta_l2': 10.0, 'delta_smooth': 0.0, 'pressure_shape': 0.0}, 'physics': {'arterial_flow_mode': 'dataset', 'pressure_constraints': ['equal-a-equal-v'], 'alpha_pa': None, 'use_snr_weights': True, 'use_observed_flow_snr_weighting': True, 'flow_scale_mode': 'median_abs', 'solver_device': 'same', 'pressure_solver_mode': 'reduced-soft-constrained-lstsq', 'pressure_solver_lambda_kirchhoff': 1.0, 'pressure_solver_lambda_pressure_constraints': 100.0, 'pressure_solver_lambda_flow_residual': 1.0, 'pressure_shape_reference': 'delta_zero_reference', 'pressure_detach': False}, 'correction_bounds': {'correction_min': -0.5, 'correction_max': 0.5, 'correction_bound': 0.5, 'correction_parameterization': 'tanh'}, 'optimization': {'learning_rate': 0.001, 'weight_decay': 0.0001, 'gradient_clip_norm': 5.0, 'optimizer': 'adamw', 'epochs': 100, 'patience': 40}}
Shard 39/80: 1 of 80 runs
Command: /mnt/home/sswee/miniforge3/envs/yolk-sac/bin/python /mnt/home/sswee/yolk/Yolk-Sac-Flow-Data-and-Sim/gnn_clean/scripts/python/gnn_flow.py /mnt/home/sswee/yolk/Yolk-Sac-Flow-Data-and-Sim/gnn_clean/datasets/mosaic_graph_canonical_harmonized/mosaic_graph_canonical_harmonized.gpickle --output-dir /mnt/home/sswee/yolk/Yolk-Sac-Flow-Data-and-Sim/gnn_clean/outputs_canonical/dc/02_physics_weight_sweep/gnn --run-name q_10__k_1__delta_10 --preset solver_QKB_outer_QKBdelta --device cuda --epochs 100 --seed 0 --viscosity-pa-s 0.0035 --config /mnt/home/sswee/yolk/Yolk-Sac-Flow-Data-and-Sim/gnn_clean/outputs_canonical/dc/02_physics_weight_sweep/_generated_configs/q_10__k_1__delta_10.yaml --no-pressure-detach
