[info] DC Step 2 canonical sweep uses fixed lambda_B=100.0 for both the outer boundary loss and the reduced pressure-solver boundary constraint.

GNN flow training:   0%|          | 0/100 [00:00<?, ?epoch/s]
GNN flow training:   0%|          | 0/100 [00:06<?, ?epoch/s, best=6.309e+00, sign=0.195, train=7.890e+00, val=6.309e+00]
GNN flow training:   1%|          | 1/100 [00:06<10:16,  6.22s/epoch, best=6.309e+00, sign=0.195, train=7.890e+00, val=6.309e+00]
GNN flow training:   1%|          | 1/100 [00:12<10:16,  6.22s/epoch, best=6.309e+00, sign=0.194, train=7.877e+00, val=6.288e+00]
GNN flow training:   2%|▏         | 2/100 [00:12<10:05,  6.18s/epoch, best=6.309e+00, sign=0.194, train=7.877e+00, val=6.288e+00]
GNN flow training:   2%|▏         | 2/100 [00:18<10:05,  6.18s/epoch, best=6.288e+00, sign=0.193, train=7.850e+00, val=6.256e+00]
GNN flow training:   3%|▎         | 3/100 [00:18<09:56,  6.15s/epoch, best=6.288e+00, sign=0.193, train=7.850e+00, val=6.256e+00]
GNN flow training:   3%|▎         | 3/100 [00:24<09:56,  6.15s/epoch, best=6.256e+00, sign=0.192, train=7.805e+00, val=6.209e+00]
GNN flow training:   4%|▍         | 4/100 [00:24<09:47,  6.12s/epoch, best=6.256e+00, sign=0.192, train=7.805e+00, val=6.209e+00]
GNN flow training:   4%|▍         | 4/100 [00:30<09:47,  6.12s/epoch, best=6.209e+00, sign=0.191, train=7.737e+00, val=6.142e+00]
GNN flow training:   5%|▌         | 5/100 [00:30<09:42,  6.13s/epoch, best=6.209e+00, sign=0.191, train=7.737e+00, val=6.142e+00]
GNN flow training:   5%|▌         | 5/100 [00:36<09:42,  6.13s/epoch, best=6.142e+00, sign=0.188, train=7.641e+00, val=6.056e+00]
GNN flow training:   6%|▌         | 6/100 [00:36<09:36,  6.13s/epoch, best=6.142e+00, sign=0.188, train=7.641e+00, val=6.056e+00]
GNN flow training:   6%|▌         | 6/100 [00:42<09:36,  6.13s/epoch, best=6.056e+00, sign=0.184, train=7.513e+00, val=5.956e+00]
GNN flow training:   7%|▋         | 7/100 [00:42<09:29,  6.13s/epoch, best=6.056e+00, sign=0.184, train=7.513e+00, val=5.956e+00]
GNN flow training:   7%|▋         | 7/100 [00:49<09:29,  6.13s/epoch, best=5.956e+00, sign=0.181, train=7.347e+00, val=5.830e+00]
GNN flow training:   8%|▊         | 8/100 [00:49<09:23,  6.12s/epoch, best=5.956e+00, sign=0.181, train=7.347e+00, val=5.830e+00]
GNN flow training:   8%|▊         | 8/100 [00:55<09:23,  6.12s/epoch, best=5.830e+00, sign=0.176, train=7.139e+00, val=5.698e+00]
GNN flow training:   9%|▉         | 9/100 [00:55<09:15,  6.10s/epoch, best=5.830e+00, sign=0.176, train=7.139e+00, val=5.698e+00]
GNN flow training:   9%|▉         | 9/100 [01:01<09:15,  6.10s/epoch, best=5.698e+00, sign=0.169, train=6.894e+00, val=5.571e+00]
GNN flow training:  10%|█         | 10/100 [01:01<09:08,  6.10s/epoch, best=5.698e+00, sign=0.169, train=6.894e+00, val=5.571e+00]
GNN flow training:  10%|█         | 10/100 [01:07<09:08,  6.10s/epoch, best=5.571e+00, sign=0.164, train=6.628e+00, val=5.454e+00]
GNN flow training:  11%|█         | 11/100 [01:07<09:01,  6.08s/epoch, best=5.571e+00, sign=0.164, train=6.628e+00, val=5.454e+00]
GNN flow training:  11%|█         | 11/100 [01:13<09:01,  6.08s/epoch, best=5.454e+00, sign=0.159, train=6.360e+00, val=5.326e+00]
GNN flow training:  12%|█▏        | 12/100 [01:13<08:55,  6.08s/epoch, best=5.454e+00, sign=0.159, train=6.360e+00, val=5.326e+00]
GNN flow training:  12%|█▏        | 12/100 [01:19<08:55,  6.08s/epoch, best=5.326e+00, sign=0.150, train=6.106e+00, val=5.215e+00]
GNN flow training:  13%|█▎        | 13/100 [01:19<08:48,  6.08s/epoch, best=5.326e+00, sign=0.150, train=6.106e+00, val=5.215e+00]
GNN flow training:  13%|█▎        | 13/100 [01:25<08:48,  6.08s/epoch, best=5.215e+00, sign=0.147, train=5.864e+00, val=5.116e+00]
GNN flow training:  14%|█▍        | 14/100 [01:25<08:44,  6.10s/epoch, best=5.215e+00, sign=0.147, train=5.864e+00, val=5.116e+00]
GNN flow training:  14%|█▍        | 14/100 [01:31<08:44,  6.10s/epoch, best=5.116e+00, sign=0.144, train=5.631e+00, val=5.002e+00]
GNN flow training:  15%|█▌        | 15/100 [01:31<08:37,  6.08s/epoch, best=5.116e+00, sign=0.144, train=5.631e+00, val=5.002e+00]
GNN flow training:  15%|█▌        | 15/100 [01:37<08:37,  6.08s/epoch, best=5.002e+00, sign=0.140, train=5.411e+00, val=4.964e+00]
GNN flow training:  16%|█▌        | 16/100 [01:37<08:32,  6.10s/epoch, best=5.002e+00, sign=0.140, train=5.411e+00, val=4.964e+00]
GNN flow training:  16%|█▌        | 16/100 [01:43<08:32,  6.10s/epoch, best=4.964e+00, sign=0.139, train=5.212e+00, val=4.903e+00]
GNN flow training:  17%|█▋        | 17/100 [01:43<08:25,  6.09s/epoch, best=4.964e+00, sign=0.139, train=5.212e+00, val=4.903e+00]
GNN flow training:  17%|█▋        | 17/100 [01:49<08:25,  6.09s/epoch, best=4.903e+00, sign=0.136, train=5.043e+00, val=4.914e+00]
GNN flow training:  18%|█▊        | 18/100 [01:49<08:18,  6.08s/epoch, best=4.903e+00, sign=0.136, train=5.043e+00, val=4.914e+00]
GNN flow training:  18%|█▊        | 18/100 [01:55<08:18,  6.08s/epoch, best=4.903e+00, sign=0.134, train=4.918e+00, val=4.876e+00]
GNN flow training:  19%|█▉        | 19/100 [01:55<08:11,  6.07s/epoch, best=4.903e+00, sign=0.134, train=4.918e+00, val=4.876e+00]
GNN flow training:  19%|█▉        | 19/100 [02:01<08:11,  6.07s/epoch, best=4.876e+00, sign=0.133, train=4.802e+00, val=4.850e+00]
GNN flow training:  20%|██        | 20/100 [02:01<08:05,  6.07s/epoch, best=4.876e+00, sign=0.133, train=4.802e+00, val=4.850e+00]
GNN flow training:  20%|██        | 20/100 [02:08<08:05,  6.07s/epoch, best=4.850e+00, sign=0.131, train=4.723e+00, val=4.822e+00]
GNN flow training:  21%|██        | 21/100 [02:08<08:00,  6.09s/epoch, best=4.850e+00, sign=0.131, train=4.723e+00, val=4.822e+00]
GNN flow training:  21%|██        | 21/100 [02:14<08:00,  6.09s/epoch, best=4.822e+00, sign=0.131, train=4.649e+00, val=4.751e+00]
GNN flow training:  22%|██▏       | 22/100 [02:14<07:55,  6.10s/epoch, best=4.822e+00, sign=0.131, train=4.649e+00, val=4.751e+00]
GNN flow training:  22%|██▏       | 22/100 [02:20<07:55,  6.10s/epoch, best=4.751e+00, sign=0.134, train=4.578e+00, val=4.644e+00]
GNN flow training:  23%|██▎       | 23/100 [02:20<07:48,  6.08s/epoch, best=4.751e+00, sign=0.134, train=4.578e+00, val=4.644e+00]
GNN flow training:  23%|██▎       | 23/100 [02:26<07:48,  6.08s/epoch, best=4.644e+00, sign=0.133, train=4.508e+00, val=4.585e+00]
GNN flow training:  24%|██▍       | 24/100 [02:26<07:40,  6.06s/epoch, best=4.644e+00, sign=0.133, train=4.508e+00, val=4.585e+00]
GNN flow training:  24%|██▍       | 24/100 [02:32<07:40,  6.06s/epoch, best=4.585e+00, sign=0.136, train=4.454e+00, val=4.595e+00]
GNN flow training:  25%|██▌       | 25/100 [02:32<07:34,  6.06s/epoch, best=4.585e+00, sign=0.136, train=4.454e+00, val=4.595e+00]
GNN flow training:  25%|██▌       | 25/100 [02:38<07:34,  6.06s/epoch, best=4.585e+00, sign=0.135, train=4.425e+00, val=4.439e+00]
GNN flow training:  26%|██▌       | 26/100 [02:38<07:26,  6.04s/epoch, best=4.585e+00, sign=0.135, train=4.425e+00, val=4.439e+00]
GNN flow training:  26%|██▌       | 26/100 [02:44<07:26,  6.04s/epoch, best=4.439e+00, sign=0.133, train=4.421e+00, val=4.405e+00]
GNN flow training:  27%|██▋       | 27/100 [02:44<07:23,  6.07s/epoch, best=4.439e+00, sign=0.133, train=4.421e+00, val=4.405e+00]
GNN flow training:  27%|██▋       | 27/100 [02:50<07:23,  6.07s/epoch, best=4.405e+00, sign=0.133, train=4.377e+00, val=4.403e+00]
GNN flow training:  28%|██▊       | 28/100 [02:50<07:16,  6.07s/epoch, best=4.405e+00, sign=0.133, train=4.377e+00, val=4.403e+00]
GNN flow training:  28%|██▊       | 28/100 [02:56<07:16,  6.07s/epoch, best=4.403e+00, sign=0.132, train=4.328e+00, val=4.394e+00]
GNN flow training:  29%|██▉       | 29/100 [02:56<07:10,  6.07s/epoch, best=4.403e+00, sign=0.132, train=4.328e+00, val=4.394e+00]
GNN flow training:  29%|██▉       | 29/100 [03:02<07:10,  6.07s/epoch, best=4.394e+00, sign=0.133, train=4.291e+00, val=4.392e+00]
GNN flow training:  30%|███       | 30/100 [03:02<07:03,  6.05s/epoch, best=4.394e+00, sign=0.133, train=4.291e+00, val=4.392e+00]
GNN flow training:  30%|███       | 30/100 [03:08<07:03,  6.05s/epoch, best=4.392e+00, sign=0.144, train=4.245e+00, val=4.518e+00]
GNN flow training:  31%|███       | 31/100 [03:08<06:57,  6.05s/epoch, best=4.392e+00, sign=0.144, train=4.245e+00, val=4.518e+00]
GNN flow training:  31%|███       | 31/100 [03:14<06:57,  6.05s/epoch, best=4.392e+00, sign=0.136, train=4.657e+00, val=4.438e+00]
GNN flow training:  32%|███▏      | 32/100 [03:14<06:51,  6.05s/epoch, best=4.392e+00, sign=0.136, train=4.657e+00, val=4.438e+00]
GNN flow training:  32%|███▏      | 32/100 [03:20<06:51,  6.05s/epoch, best=4.392e+00, sign=0.135, train=4.217e+00, val=4.442e+00]
GNN flow training:  33%|███▎      | 33/100 [03:20<06:46,  6.06s/epoch, best=4.392e+00, sign=0.135, train=4.217e+00, val=4.442e+00]
GNN flow training:  33%|███▎      | 33/100 [03:26<06:46,  6.06s/epoch, best=4.392e+00, sign=0.133, train=4.151e+00, val=4.485e+00]
GNN flow training:  34%|███▍      | 34/100 [03:26<06:40,  6.07s/epoch, best=4.392e+00, sign=0.133, train=4.151e+00, val=4.485e+00]
GNN flow training:  34%|███▍      | 34/100 [03:32<06:40,  6.07s/epoch, best=4.392e+00, sign=0.132, train=4.207e+00, val=4.533e+00]
GNN flow training:  35%|███▌      | 35/100 [03:32<06:34,  6.08s/epoch, best=4.392e+00, sign=0.132, train=4.207e+00, val=4.533e+00]
GNN flow training:  35%|███▌      | 35/100 [03:39<06:34,  6.08s/epoch, best=4.392e+00, sign=0.134, train=4.189e+00, val=4.454e+00]
GNN flow training:  36%|███▌      | 36/100 [03:39<06:28,  6.07s/epoch, best=4.392e+00, sign=0.134, train=4.189e+00, val=4.454e+00]
GNN flow training:  36%|███▌      | 36/100 [03:45<06:28,  6.07s/epoch, best=4.392e+00, sign=0.137, train=4.096e+00, val=4.363e+00]
GNN flow training:  37%|███▋      | 37/100 [03:45<06:21,  6.06s/epoch, best=4.392e+00, sign=0.137, train=4.096e+00, val=4.363e+00]
GNN flow training:  37%|███▋      | 37/100 [03:51<06:21,  6.06s/epoch, best=4.363e+00, sign=0.136, train=4.187e+00, val=4.302e+00]
GNN flow training:  38%|███▊      | 38/100 [03:51<06:15,  6.06s/epoch, best=4.363e+00, sign=0.136, train=4.187e+00, val=4.302e+00]
GNN flow training:  38%|███▊      | 38/100 [03:57<06:15,  6.06s/epoch, best=4.302e+00, sign=0.141, train=4.166e+00, val=4.295e+00]
GNN flow training:  39%|███▉      | 39/100 [03:57<06:09,  6.06s/epoch, best=4.302e+00, sign=0.141, train=4.166e+00, val=4.295e+00]
GNN flow training:  39%|███▉      | 39/100 [04:03<06:09,  6.06s/epoch, best=4.295e+00, sign=0.133, train=4.424e+00, val=4.272e+00]
GNN flow training:  40%|████      | 40/100 [04:03<06:04,  6.07s/epoch, best=4.295e+00, sign=0.133, train=4.424e+00, val=4.272e+00]
GNN flow training:  40%|████      | 40/100 [04:09<06:04,  6.07s/epoch, best=4.272e+00, sign=0.138, train=4.145e+00, val=4.384e+00]
GNN flow training:  41%|████      | 41/100 [04:09<05:58,  6.08s/epoch, best=4.272e+00, sign=0.138, train=4.145e+00, val=4.384e+00]
GNN flow training:  41%|████      | 41/100 [04:15<05:58,  6.08s/epoch, best=4.272e+00, sign=0.139, train=4.023e+00, val=4.405e+00]
GNN flow training:  42%|████▏     | 42/100 [04:15<05:52,  6.08s/epoch, best=4.272e+00, sign=0.139, train=4.023e+00, val=4.405e+00]
GNN flow training:  42%|████▏     | 42/100 [04:21<05:52,  6.08s/epoch, best=4.272e+00, sign=0.135, train=4.041e+00, val=4.436e+00]
GNN flow training:  43%|████▎     | 43/100 [04:21<05:46,  6.08s/epoch, best=4.272e+00, sign=0.135, train=4.041e+00, val=4.436e+00]
GNN flow training:  43%|████▎     | 43/100 [04:27<05:46,  6.08s/epoch, best=4.272e+00, sign=0.134, train=4.000e+00, val=4.431e+00]
GNN flow training:  44%|████▍     | 44/100 [04:27<05:40,  6.07s/epoch, best=4.272e+00, sign=0.134, train=4.000e+00, val=4.431e+00]
GNN flow training:  44%|████▍     | 44/100 [04:33<05:40,  6.07s/epoch, best=4.272e+00, sign=0.133, train=4.039e+00, val=4.420e+00]
GNN flow training:  45%|████▌     | 45/100 [04:33<05:34,  6.08s/epoch, best=4.272e+00, sign=0.133, train=4.039e+00, val=4.420e+00]
GNN flow training:  45%|████▌     | 45/100 [04:39<05:34,  6.08s/epoch, best=4.272e+00, sign=0.136, train=3.965e+00, val=4.380e+00]
GNN flow training:  46%|████▌     | 46/100 [04:39<05:27,  6.07s/epoch, best=4.272e+00, sign=0.136, train=3.965e+00, val=4.380e+00]
GNN flow training:  46%|████▌     | 46/100 [04:45<05:27,  6.07s/epoch, best=4.272e+00, sign=0.138, train=3.949e+00, val=4.382e+00]
GNN flow training:  47%|████▋     | 47/100 [04:45<05:22,  6.08s/epoch, best=4.272e+00, sign=0.138, train=3.949e+00, val=4.382e+00]
GNN flow training:  47%|████▋     | 47/100 [04:51<05:22,  6.08s/epoch, best=4.272e+00, sign=0.137, train=3.982e+00, val=4.209e+00]
GNN flow training:  48%|████▊     | 48/100 [04:51<05:16,  6.09s/epoch, best=4.272e+00, sign=0.137, train=3.982e+00, val=4.209e+00]
GNN flow training:  48%|████▊     | 48/100 [04:58<05:16,  6.09s/epoch, best=4.209e+00, sign=0.134, train=3.915e+00, val=4.287e+00]
GNN flow training:  49%|████▉     | 49/100 [04:58<05:10,  6.08s/epoch, best=4.209e+00, sign=0.134, train=3.915e+00, val=4.287e+00]
GNN flow training:  49%|████▉     | 49/100 [05:04<05:10,  6.08s/epoch, best=4.209e+00, sign=0.133, train=3.993e+00, val=4.286e+00]
GNN flow training:  50%|█████     | 50/100 [05:04<05:03,  6.08s/epoch, best=4.209e+00, sign=0.133, train=3.993e+00, val=4.286e+00]
GNN flow training:  50%|█████     | 50/100 [05:10<05:03,  6.08s/epoch, best=4.209e+00, sign=0.136, train=3.915e+00, val=4.418e+00]
GNN flow training:  51%|█████     | 51/100 [05:10<04:57,  6.07s/epoch, best=4.209e+00, sign=0.136, train=3.915e+00, val=4.418e+00]
GNN flow training:  51%|█████     | 51/100 [05:16<04:57,  6.07s/epoch, best=4.209e+00, sign=0.138, train=3.917e+00, val=4.391e+00]
GNN flow training:  52%|█████▏    | 52/100 [05:16<04:51,  6.08s/epoch, best=4.209e+00, sign=0.138, train=3.917e+00, val=4.391e+00]
GNN flow training:  52%|█████▏    | 52/100 [05:22<04:51,  6.08s/epoch, best=4.209e+00, sign=0.132, train=3.914e+00, val=4.373e+00]
GNN flow training:  53%|█████▎    | 53/100 [05:22<04:44,  6.06s/epoch, best=4.209e+00, sign=0.132, train=3.914e+00, val=4.373e+00]
GNN flow training:  53%|█████▎    | 53/100 [05:28<04:44,  6.06s/epoch, best=4.209e+00, sign=0.130, train=3.899e+00, val=4.288e+00]
GNN flow training:  54%|█████▍    | 54/100 [05:28<04:39,  6.07s/epoch, best=4.209e+00, sign=0.130, train=3.899e+00, val=4.288e+00]
GNN flow training:  54%|█████▍    | 54/100 [05:34<04:39,  6.07s/epoch, best=4.209e+00, sign=0.129, train=3.880e+00, val=4.116e+00]
GNN flow training:  55%|█████▌    | 55/100 [05:34<04:34,  6.11s/epoch, best=4.209e+00, sign=0.129, train=3.880e+00, val=4.116e+00]
GNN flow training:  55%|█████▌    | 55/100 [05:40<04:34,  6.11s/epoch, best=4.116e+00, sign=0.128, train=3.883e+00, val=4.142e+00]
GNN flow training:  56%|█████▌    | 56/100 [05:40<04:27,  6.09s/epoch, best=4.116e+00, sign=0.128, train=3.883e+00, val=4.142e+00]
GNN flow training:  56%|█████▌    | 56/100 [05:46<04:27,  6.09s/epoch, best=4.116e+00, sign=0.131, train=3.863e+00, val=4.211e+00]
GNN flow training:  57%|█████▋    | 57/100 [05:46<04:21,  6.09s/epoch, best=4.116e+00, sign=0.131, train=3.863e+00, val=4.211e+00]
GNN flow training:  57%|█████▋    | 57/100 [05:52<04:21,  6.09s/epoch, best=4.116e+00, sign=0.133, train=3.890e+00, val=4.207e+00]
GNN flow training:  58%|█████▊    | 58/100 [05:52<04:15,  6.09s/epoch, best=4.116e+00, sign=0.133, train=3.890e+00, val=4.207e+00]
GNN flow training:  58%|█████▊    | 58/100 [05:58<04:15,  6.09s/epoch, best=4.116e+00, sign=0.131, train=3.862e+00, val=4.347e+00]
GNN flow training:  59%|█████▉    | 59/100 [05:58<04:08,  6.07s/epoch, best=4.116e+00, sign=0.131, train=3.862e+00, val=4.347e+00]
GNN flow training:  59%|█████▉    | 59/100 [06:04<04:08,  6.07s/epoch, best=4.116e+00, sign=0.131, train=3.880e+00, val=4.192e+00]
GNN flow training:  60%|██████    | 60/100 [06:04<04:02,  6.07s/epoch, best=4.116e+00, sign=0.131, train=3.880e+00, val=4.192e+00]
GNN flow training:  60%|██████    | 60/100 [06:10<04:02,  6.07s/epoch, best=4.116e+00, sign=0.132, train=3.834e+00, val=4.227e+00]
GNN flow training:  61%|██████    | 61/100 [06:10<03:57,  6.08s/epoch, best=4.116e+00, sign=0.132, train=3.834e+00, val=4.227e+00]
GNN flow training:  61%|██████    | 61/100 [06:17<03:57,  6.08s/epoch, best=4.116e+00, sign=0.133, train=3.862e+00, val=4.192e+00]
GNN flow training:  62%|██████▏   | 62/100 [06:17<03:51,  6.10s/epoch, best=4.116e+00, sign=0.133, train=3.862e+00, val=4.192e+00]
GNN flow training:  62%|██████▏   | 62/100 [06:23<03:51,  6.10s/epoch, best=4.116e+00, sign=0.133, train=3.877e+00, val=4.092e+00]
GNN flow training:  63%|██████▎   | 63/100 [06:23<03:45,  6.08s/epoch, best=4.116e+00, sign=0.133, train=3.877e+00, val=4.092e+00]
GNN flow training:  63%|██████▎   | 63/100 [06:29<03:45,  6.08s/epoch, best=4.092e+00, sign=0.132, train=3.838e+00, val=4.053e+00]
GNN flow training:  64%|██████▍   | 64/100 [06:29<03:38,  6.08s/epoch, best=4.092e+00, sign=0.132, train=3.838e+00, val=4.053e+00]
GNN flow training:  64%|██████▍   | 64/100 [06:35<03:38,  6.08s/epoch, best=4.053e+00, sign=0.130, train=3.832e+00, val=4.025e+00]
GNN flow training:  65%|██████▌   | 65/100 [06:35<03:33,  6.09s/epoch, best=4.053e+00, sign=0.130, train=3.832e+00, val=4.025e+00]
GNN flow training:  65%|██████▌   | 65/100 [06:41<03:33,  6.09s/epoch, best=4.025e+00, sign=0.134, train=3.833e+00, val=3.973e+00]
GNN flow training:  66%|██████▌   | 66/100 [06:41<03:26,  6.08s/epoch, best=4.025e+00, sign=0.134, train=3.833e+00, val=3.973e+00]
GNN flow training:  66%|██████▌   | 66/100 [06:47<03:26,  6.08s/epoch, best=3.973e+00, sign=0.132, train=3.818e+00, val=4.000e+00]
GNN flow training:  67%|██████▋   | 67/100 [06:47<03:20,  6.07s/epoch, best=3.973e+00, sign=0.132, train=3.818e+00, val=4.000e+00]
GNN flow training:  67%|██████▋   | 67/100 [06:53<03:20,  6.07s/epoch, best=3.973e+00, sign=0.133, train=3.805e+00, val=3.998e+00]
GNN flow training:  68%|██████▊   | 68/100 [06:53<03:14,  6.09s/epoch, best=3.973e+00, sign=0.133, train=3.805e+00, val=3.998e+00]
GNN flow training:  68%|██████▊   | 68/100 [06:59<03:14,  6.09s/epoch, best=3.973e+00, sign=0.129, train=3.786e+00, val=4.043e+00]
GNN flow training:  69%|██████▉   | 69/100 [06:59<03:08,  6.08s/epoch, best=3.973e+00, sign=0.129, train=3.786e+00, val=4.043e+00]
GNN flow training:  69%|██████▉   | 69/100 [07:05<03:08,  6.08s/epoch, best=3.973e+00, sign=0.131, train=3.783e+00, val=3.897e+00]
GNN flow training:  70%|███████   | 70/100 [07:05<03:02,  6.09s/epoch, best=3.973e+00, sign=0.131, train=3.783e+00, val=3.897e+00]
GNN flow training:  70%|███████   | 70/100 [07:11<03:02,  6.09s/epoch, best=3.897e+00, sign=0.131, train=3.767e+00, val=3.915e+00]
GNN flow training:  71%|███████   | 71/100 [07:11<02:56,  6.10s/epoch, best=3.897e+00, sign=0.131, train=3.767e+00, val=3.915e+00]
GNN flow training:  71%|███████   | 71/100 [07:18<02:56,  6.10s/epoch, best=3.897e+00, sign=0.131, train=3.753e+00, val=3.880e+00]
GNN flow training:  72%|███████▏  | 72/100 [07:18<02:51,  6.12s/epoch, best=3.897e+00, sign=0.131, train=3.753e+00, val=3.880e+00]
GNN flow training:  72%|███████▏  | 72/100 [07:24<02:51,  6.12s/epoch, best=3.880e+00, sign=0.133, train=3.743e+00, val=3.885e+00]
GNN flow training:  73%|███████▎  | 73/100 [07:24<02:44,  6.10s/epoch, best=3.880e+00, sign=0.133, train=3.743e+00, val=3.885e+00]
GNN flow training:  73%|███████▎  | 73/100 [07:30<02:44,  6.10s/epoch, best=3.880e+00, sign=0.131, train=3.756e+00, val=3.827e+00]
GNN flow training:  74%|███████▍  | 74/100 [07:30<02:38,  6.10s/epoch, best=3.880e+00, sign=0.131, train=3.756e+00, val=3.827e+00]
GNN flow training:  74%|███████▍  | 74/100 [07:36<02:38,  6.10s/epoch, best=3.827e+00, sign=0.133, train=3.779e+00, val=3.841e+00]
GNN flow training:  75%|███████▌  | 75/100 [07:36<02:31,  6.07s/epoch, best=3.827e+00, sign=0.133, train=3.779e+00, val=3.841e+00]
GNN flow training:  75%|███████▌  | 75/100 [07:42<02:31,  6.07s/epoch, best=3.827e+00, sign=0.130, train=3.748e+00, val=3.914e+00]
GNN flow training:  76%|███████▌  | 76/100 [07:42<02:25,  6.07s/epoch, best=3.827e+00, sign=0.130, train=3.748e+00, val=3.914e+00]
GNN flow training:  76%|███████▌  | 76/100 [07:48<02:25,  6.07s/epoch, best=3.827e+00, sign=0.126, train=3.736e+00, val=3.938e+00]
GNN flow training:  77%|███████▋  | 77/100 [07:48<02:19,  6.05s/epoch, best=3.827e+00, sign=0.126, train=3.736e+00, val=3.938e+00]
GNN flow training:  77%|███████▋  | 77/100 [07:54<02:19,  6.05s/epoch, best=3.827e+00, sign=0.128, train=3.725e+00, val=3.885e+00]
GNN flow training:  78%|███████▊  | 78/100 [07:54<02:13,  6.05s/epoch, best=3.827e+00, sign=0.128, train=3.725e+00, val=3.885e+00]
GNN flow training:  78%|███████▊  | 78/100 [08:00<02:13,  6.05s/epoch, best=3.827e+00, sign=0.130, train=3.729e+00, val=3.850e+00]
GNN flow training:  79%|███████▉  | 79/100 [08:00<02:07,  6.06s/epoch, best=3.827e+00, sign=0.130, train=3.729e+00, val=3.850e+00]
GNN flow training:  79%|███████▉  | 79/100 [08:06<02:07,  6.06s/epoch, best=3.827e+00, sign=0.131, train=3.733e+00, val=3.769e+00]
GNN flow training:  80%|████████  | 80/100 [08:06<02:01,  6.08s/epoch, best=3.827e+00, sign=0.131, train=3.733e+00, val=3.769e+00]
GNN flow training:  80%|████████  | 80/100 [08:12<02:01,  6.08s/epoch, best=3.769e+00, sign=0.127, train=3.722e+00, val=3.808e+00]
GNN flow training:  81%|████████  | 81/100 [08:12<01:56,  6.11s/epoch, best=3.769e+00, sign=0.127, train=3.722e+00, val=3.808e+00]
GNN flow training:  81%|████████  | 81/100 [08:18<01:56,  6.11s/epoch, best=3.769e+00, sign=0.131, train=3.729e+00, val=3.770e+00]
GNN flow training:  82%|████████▏ | 82/100 [08:18<01:50,  6.12s/epoch, best=3.769e+00, sign=0.131, train=3.729e+00, val=3.770e+00]
GNN flow training:  82%|████████▏ | 82/100 [08:24<01:50,  6.12s/epoch, best=3.769e+00, sign=0.132, train=3.708e+00, val=3.793e+00]
GNN flow training:  83%|████████▎ | 83/100 [08:24<01:43,  6.11s/epoch, best=3.769e+00, sign=0.132, train=3.708e+00, val=3.793e+00]
GNN flow training:  83%|████████▎ | 83/100 [08:31<01:43,  6.11s/epoch, best=3.769e+00, sign=0.132, train=3.706e+00, val=3.762e+00]
GNN flow training:  84%|████████▍ | 84/100 [08:31<01:37,  6.11s/epoch, best=3.769e+00, sign=0.132, train=3.706e+00, val=3.762e+00]
GNN flow training:  84%|████████▍ | 84/100 [08:37<01:37,  6.11s/epoch, best=3.762e+00, sign=0.130, train=3.690e+00, val=3.812e+00]
GNN flow training:  85%|████████▌ | 85/100 [08:37<01:31,  6.10s/epoch, best=3.762e+00, sign=0.130, train=3.690e+00, val=3.812e+00]
GNN flow training:  85%|████████▌ | 85/100 [08:43<01:31,  6.10s/epoch, best=3.762e+00, sign=0.133, train=3.687e+00, val=3.720e+00]
GNN flow training:  86%|████████▌ | 86/100 [08:43<01:25,  6.09s/epoch, best=3.762e+00, sign=0.133, train=3.687e+00, val=3.720e+00]
GNN flow training:  86%|████████▌ | 86/100 [08:49<01:25,  6.09s/epoch, best=3.720e+00, sign=0.133, train=3.658e+00, val=3.711e+00]
GNN flow training:  87%|████████▋ | 87/100 [08:49<01:19,  6.08s/epoch, best=3.720e+00, sign=0.133, train=3.658e+00, val=3.711e+00]
GNN flow training:  87%|████████▋ | 87/100 [08:55<01:19,  6.08s/epoch, best=3.711e+00, sign=0.130, train=3.655e+00, val=3.663e+00]
GNN flow training:  88%|████████▊ | 88/100 [08:55<01:13,  6.09s/epoch, best=3.711e+00, sign=0.130, train=3.655e+00, val=3.663e+00]
GNN flow training:  88%|████████▊ | 88/100 [09:01<01:13,  6.09s/epoch, best=3.663e+00, sign=0.131, train=3.646e+00, val=3.693e+00]
GNN flow training:  89%|████████▉ | 89/100 [09:01<01:06,  6.08s/epoch, best=3.663e+00, sign=0.131, train=3.646e+00, val=3.693e+00]
GNN flow training:  89%|████████▉ | 89/100 [09:07<01:06,  6.08s/epoch, best=3.663e+00, sign=0.131, train=3.641e+00, val=3.688e+00]
GNN flow training:  90%|█████████ | 90/100 [09:07<01:01,  6.11s/epoch, best=3.663e+00, sign=0.131, train=3.641e+00, val=3.688e+00]
GNN flow training:  90%|█████████ | 90/100 [09:13<01:01,  6.11s/epoch, best=3.663e+00, sign=0.129, train=3.620e+00, val=3.747e+00]
GNN flow training:  91%|█████████ | 91/100 [09:13<00:54,  6.10s/epoch, best=3.663e+00, sign=0.129, train=3.620e+00, val=3.747e+00]
GNN flow training:  91%|█████████ | 91/100 [09:19<00:54,  6.10s/epoch, best=3.663e+00, sign=0.131, train=3.631e+00, val=3.642e+00]
GNN flow training:  92%|█████████▏| 92/100 [09:19<00:48,  6.10s/epoch, best=3.663e+00, sign=0.131, train=3.631e+00, val=3.642e+00]
GNN flow training:  92%|█████████▏| 92/100 [09:25<00:48,  6.10s/epoch, best=3.642e+00, sign=0.134, train=3.639e+00, val=3.608e+00]
GNN flow training:  93%|█████████▎| 93/100 [09:25<00:42,  6.09s/epoch, best=3.642e+00, sign=0.134, train=3.639e+00, val=3.608e+00]
GNN flow training:  93%|█████████▎| 93/100 [09:31<00:42,  6.09s/epoch, best=3.608e+00, sign=0.131, train=3.623e+00, val=3.689e+00]
GNN flow training:  94%|█████████▍| 94/100 [09:31<00:36,  6.10s/epoch, best=3.608e+00, sign=0.131, train=3.623e+00, val=3.689e+00]
GNN flow training:  94%|█████████▍| 94/100 [09:38<00:36,  6.10s/epoch, best=3.608e+00, sign=0.127, train=3.639e+00, val=3.604e+00]
GNN flow training:  95%|█████████▌| 95/100 [09:38<00:30,  6.10s/epoch, best=3.608e+00, sign=0.127, train=3.639e+00, val=3.604e+00]
GNN flow training:  95%|█████████▌| 95/100 [09:44<00:30,  6.10s/epoch, best=3.604e+00, sign=0.128, train=3.620e+00, val=3.675e+00]
GNN flow training:  96%|█████████▌| 96/100 [09:44<00:24,  6.07s/epoch, best=3.604e+00, sign=0.128, train=3.620e+00, val=3.675e+00]
GNN flow training:  96%|█████████▌| 96/100 [09:50<00:24,  6.07s/epoch, best=3.604e+00, sign=0.131, train=3.650e+00, val=3.603e+00]
GNN flow training:  97%|█████████▋| 97/100 [09:50<00:18,  6.09s/epoch, best=3.604e+00, sign=0.131, train=3.650e+00, val=3.603e+00]
GNN flow training:  97%|█████████▋| 97/100 [09:56<00:18,  6.09s/epoch, best=3.603e+00, sign=0.132, train=3.610e+00, val=3.670e+00]
GNN flow training:  98%|█████████▊| 98/100 [09:56<00:12,  6.09s/epoch, best=3.603e+00, sign=0.132, train=3.610e+00, val=3.670e+00]
GNN flow training:  98%|█████████▊| 98/100 [10:02<00:12,  6.09s/epoch, best=3.603e+00, sign=0.131, train=3.622e+00, val=3.697e+00]
GNN flow training:  99%|█████████▉| 99/100 [10:02<00:06,  6.10s/epoch, best=3.603e+00, sign=0.131, train=3.622e+00, val=3.697e+00]
GNN flow training:  99%|█████████▉| 99/100 [10:08<00:06,  6.10s/epoch, best=3.603e+00, sign=0.131, train=3.612e+00, val=3.572e+00]
GNN flow training: 100%|██████████| 100/100 [10:08<00:00,  6.11s/epoch, best=3.603e+00, sign=0.131, train=3.612e+00, val=3.572e+00]
GNN flow training: 100%|██████████| 100/100 [10:08<00:00,  6.09s/epoch, best=3.603e+00, sign=0.131, train=3.612e+00, val=3.572e+00]
Resolved config snapshot:
{'preset': 'solver_QKB_outer_QKBdelta', 'gnn_outer_losses': {'flow': 100.0, 'kirchhoff': 0.1, 'boundary': 100.0, 'delta_l2': 1.0, 'delta_smooth': 0.0, 'pressure_shape': 0.0}, 'physics': {'arterial_flow_mode': 'dataset', 'pressure_constraints': ['equal-a-equal-v'], 'alpha_pa': None, 'use_snr_weights': True, 'use_observed_flow_snr_weighting': True, 'flow_scale_mode': 'median_abs', 'solver_device': 'same', 'pressure_solver_mode': 'reduced-soft-constrained-lstsq', 'pressure_solver_lambda_kirchhoff': 1.0, 'pressure_solver_lambda_pressure_constraints': 100.0, 'pressure_solver_lambda_flow_residual': 1.0, 'pressure_shape_reference': 'delta_zero_reference', 'pressure_detach': False}, 'correction_bounds': {'correction_min': -0.5, 'correction_max': 0.5, 'correction_bound': 0.5, 'correction_parameterization': 'tanh'}, 'optimization': {'learning_rate': 0.001, 'weight_decay': 0.0001, 'gradient_clip_norm': 5.0, 'optimizer': 'adamw', 'epochs': 100, 'patience': 40}}
Shard 50/80: 1 of 80 runs
Command: /mnt/home/sswee/miniforge3/envs/yolk-sac/bin/python /mnt/home/sswee/yolk/Yolk-Sac-Flow-Data-and-Sim/gnn_clean/scripts/python/gnn_flow.py /mnt/home/sswee/yolk/Yolk-Sac-Flow-Data-and-Sim/gnn_clean/datasets/mosaic_graph_canonical_harmonized/mosaic_graph_canonical_harmonized.gpickle --output-dir /mnt/home/sswee/yolk/Yolk-Sac-Flow-Data-and-Sim/gnn_clean/outputs_canonical/dc/02_physics_weight_sweep/gnn --run-name q_100__k_0p1__delta_1 --preset solver_QKB_outer_QKBdelta --device cuda --epochs 100 --seed 0 --viscosity-pa-s 0.0035 --config /mnt/home/sswee/yolk/Yolk-Sac-Flow-Data-and-Sim/gnn_clean/outputs_canonical/dc/02_physics_weight_sweep/_generated_configs/q_100__k_0p1__delta_1.yaml --no-pressure-detach
