[info] DC Step 2 canonical sweep uses fixed lambda_B=100.0 for both the outer boundary loss and the reduced pressure-solver boundary constraint.

GNN flow training:   0%|          | 0/100 [00:00<?, ?epoch/s]
GNN flow training:   0%|          | 0/100 [00:06<?, ?epoch/s, best=1.351e+00, sign=0.194, train=1.366e+00, val=1.351e+00]
GNN flow training:   1%|          | 1/100 [00:06<10:31,  6.37s/epoch, best=1.351e+00, sign=0.194, train=1.366e+00, val=1.351e+00]
GNN flow training:   1%|          | 1/100 [00:12<10:31,  6.37s/epoch, best=1.351e+00, sign=0.194, train=1.366e+00, val=1.353e+00]
GNN flow training:   2%|▏         | 2/100 [00:12<10:08,  6.21s/epoch, best=1.351e+00, sign=0.194, train=1.366e+00, val=1.353e+00]
GNN flow training:   2%|▏         | 2/100 [00:18<10:08,  6.21s/epoch, best=1.351e+00, sign=0.193, train=1.369e+00, val=1.353e+00]
GNN flow training:   3%|▎         | 3/100 [00:18<09:58,  6.17s/epoch, best=1.351e+00, sign=0.193, train=1.369e+00, val=1.353e+00]
GNN flow training:   3%|▎         | 3/100 [00:24<09:58,  6.17s/epoch, best=1.351e+00, sign=0.193, train=1.368e+00, val=1.359e+00]
GNN flow training:   4%|▍         | 4/100 [00:24<09:47,  6.12s/epoch, best=1.351e+00, sign=0.193, train=1.368e+00, val=1.359e+00]
GNN flow training:   4%|▍         | 4/100 [00:30<09:47,  6.12s/epoch, best=1.351e+00, sign=0.193, train=1.375e+00, val=1.355e+00]
GNN flow training:   5%|▌         | 5/100 [00:30<09:39,  6.10s/epoch, best=1.351e+00, sign=0.193, train=1.375e+00, val=1.355e+00]
GNN flow training:   5%|▌         | 5/100 [00:36<09:39,  6.10s/epoch, best=1.351e+00, sign=0.193, train=1.371e+00, val=1.350e+00]
GNN flow training:   6%|▌         | 6/100 [00:36<09:31,  6.08s/epoch, best=1.351e+00, sign=0.193, train=1.371e+00, val=1.350e+00]
GNN flow training:   6%|▌         | 6/100 [00:42<09:31,  6.08s/epoch, best=1.350e+00, sign=0.193, train=1.366e+00, val=1.351e+00]
GNN flow training:   7%|▋         | 7/100 [00:42<09:24,  6.07s/epoch, best=1.350e+00, sign=0.193, train=1.366e+00, val=1.351e+00]
GNN flow training:   7%|▋         | 7/100 [00:48<09:24,  6.07s/epoch, best=1.350e+00, sign=0.194, train=1.366e+00, val=1.349e+00]
GNN flow training:   8%|▊         | 8/100 [00:48<09:19,  6.09s/epoch, best=1.350e+00, sign=0.194, train=1.366e+00, val=1.349e+00]
GNN flow training:   8%|▊         | 8/100 [00:54<09:19,  6.09s/epoch, best=1.349e+00, sign=0.195, train=1.364e+00, val=1.349e+00]
GNN flow training:   9%|▉         | 9/100 [00:54<09:13,  6.08s/epoch, best=1.349e+00, sign=0.195, train=1.364e+00, val=1.349e+00]
GNN flow training:   9%|▉         | 9/100 [01:01<09:13,  6.08s/epoch, best=1.349e+00, sign=0.195, train=1.364e+00, val=1.348e+00]
GNN flow training:  10%|█         | 10/100 [01:01<09:06,  6.07s/epoch, best=1.349e+00, sign=0.195, train=1.364e+00, val=1.348e+00]
GNN flow training:  10%|█         | 10/100 [01:07<09:06,  6.07s/epoch, best=1.348e+00, sign=0.195, train=1.363e+00, val=1.345e+00]
GNN flow training:  11%|█         | 11/100 [01:07<09:00,  6.07s/epoch, best=1.348e+00, sign=0.195, train=1.363e+00, val=1.345e+00]
GNN flow training:  11%|█         | 11/100 [01:13<09:00,  6.07s/epoch, best=1.345e+00, sign=0.194, train=1.361e+00, val=1.345e+00]
GNN flow training:  12%|█▏        | 12/100 [01:13<08:53,  6.06s/epoch, best=1.345e+00, sign=0.194, train=1.361e+00, val=1.345e+00]
GNN flow training:  12%|█▏        | 12/100 [01:19<08:53,  6.06s/epoch, best=1.345e+00, sign=0.194, train=1.361e+00, val=1.344e+00]
GNN flow training:  13%|█▎        | 13/100 [01:19<08:46,  6.05s/epoch, best=1.345e+00, sign=0.194, train=1.361e+00, val=1.344e+00]
GNN flow training:  13%|█▎        | 13/100 [01:25<08:46,  6.05s/epoch, best=1.344e+00, sign=0.194, train=1.359e+00, val=1.343e+00]
GNN flow training:  14%|█▍        | 14/100 [01:25<08:39,  6.04s/epoch, best=1.344e+00, sign=0.194, train=1.359e+00, val=1.343e+00]
GNN flow training:  14%|█▍        | 14/100 [01:31<08:39,  6.04s/epoch, best=1.343e+00, sign=0.194, train=1.358e+00, val=1.339e+00]
GNN flow training:  15%|█▌        | 15/100 [01:31<08:34,  6.05s/epoch, best=1.343e+00, sign=0.194, train=1.358e+00, val=1.339e+00]
GNN flow training:  15%|█▌        | 15/100 [01:37<08:34,  6.05s/epoch, best=1.339e+00, sign=0.194, train=1.355e+00, val=1.341e+00]
GNN flow training:  16%|█▌        | 16/100 [01:37<08:28,  6.05s/epoch, best=1.339e+00, sign=0.194, train=1.355e+00, val=1.341e+00]
GNN flow training:  16%|█▌        | 16/100 [01:43<08:28,  6.05s/epoch, best=1.339e+00, sign=0.194, train=1.356e+00, val=1.340e+00]
GNN flow training:  17%|█▋        | 17/100 [01:43<08:23,  6.06s/epoch, best=1.339e+00, sign=0.194, train=1.356e+00, val=1.340e+00]
GNN flow training:  17%|█▋        | 17/100 [01:49<08:23,  6.06s/epoch, best=1.339e+00, sign=0.194, train=1.356e+00, val=1.337e+00]
GNN flow training:  18%|█▊        | 18/100 [01:49<08:17,  6.07s/epoch, best=1.339e+00, sign=0.194, train=1.356e+00, val=1.337e+00]
GNN flow training:  18%|█▊        | 18/100 [01:55<08:17,  6.07s/epoch, best=1.337e+00, sign=0.193, train=1.353e+00, val=1.336e+00]
GNN flow training:  19%|█▉        | 19/100 [01:55<08:09,  6.05s/epoch, best=1.337e+00, sign=0.193, train=1.353e+00, val=1.336e+00]
GNN flow training:  19%|█▉        | 19/100 [02:01<08:09,  6.05s/epoch, best=1.336e+00, sign=0.193, train=1.351e+00, val=1.332e+00]
GNN flow training:  20%|██        | 20/100 [02:01<08:04,  6.05s/epoch, best=1.336e+00, sign=0.193, train=1.351e+00, val=1.332e+00]
GNN flow training:  20%|██        | 20/100 [02:07<08:04,  6.05s/epoch, best=1.332e+00, sign=0.193, train=1.348e+00, val=1.335e+00]
GNN flow training:  21%|██        | 21/100 [02:07<07:56,  6.04s/epoch, best=1.332e+00, sign=0.193, train=1.348e+00, val=1.335e+00]
GNN flow training:  21%|██        | 21/100 [02:13<07:56,  6.04s/epoch, best=1.332e+00, sign=0.193, train=1.350e+00, val=1.334e+00]
GNN flow training:  22%|██▏       | 22/100 [02:13<07:51,  6.05s/epoch, best=1.332e+00, sign=0.193, train=1.350e+00, val=1.334e+00]
GNN flow training:  22%|██▏       | 22/100 [02:19<07:51,  6.05s/epoch, best=1.332e+00, sign=0.193, train=1.350e+00, val=1.334e+00]
GNN flow training:  23%|██▎       | 23/100 [02:19<07:46,  6.06s/epoch, best=1.332e+00, sign=0.193, train=1.350e+00, val=1.334e+00]
GNN flow training:  23%|██▎       | 23/100 [02:25<07:46,  6.06s/epoch, best=1.332e+00, sign=0.193, train=1.349e+00, val=1.335e+00]
GNN flow training:  24%|██▍       | 24/100 [02:25<07:41,  6.08s/epoch, best=1.332e+00, sign=0.193, train=1.349e+00, val=1.335e+00]
GNN flow training:  24%|██▍       | 24/100 [02:31<07:41,  6.08s/epoch, best=1.332e+00, sign=0.193, train=1.351e+00, val=1.332e+00]
GNN flow training:  25%|██▌       | 25/100 [02:31<07:34,  6.06s/epoch, best=1.332e+00, sign=0.193, train=1.351e+00, val=1.332e+00]
GNN flow training:  25%|██▌       | 25/100 [02:37<07:34,  6.06s/epoch, best=1.332e+00, sign=0.193, train=1.347e+00, val=1.329e+00]
GNN flow training:  26%|██▌       | 26/100 [02:37<07:27,  6.05s/epoch, best=1.332e+00, sign=0.193, train=1.347e+00, val=1.329e+00]
GNN flow training:  26%|██▌       | 26/100 [02:43<07:27,  6.05s/epoch, best=1.329e+00, sign=0.193, train=1.344e+00, val=1.325e+00]
GNN flow training:  27%|██▋       | 27/100 [02:43<07:20,  6.04s/epoch, best=1.329e+00, sign=0.193, train=1.344e+00, val=1.325e+00]
GNN flow training:  27%|██▋       | 27/100 [02:50<07:20,  6.04s/epoch, best=1.325e+00, sign=0.193, train=1.340e+00, val=1.318e+00]
GNN flow training:  28%|██▊       | 28/100 [02:50<07:17,  6.07s/epoch, best=1.325e+00, sign=0.193, train=1.340e+00, val=1.318e+00]
GNN flow training:  28%|██▊       | 28/100 [02:56<07:17,  6.07s/epoch, best=1.318e+00, sign=0.193, train=1.333e+00, val=1.317e+00]
GNN flow training:  29%|██▉       | 29/100 [02:56<07:12,  6.09s/epoch, best=1.318e+00, sign=0.193, train=1.333e+00, val=1.317e+00]
GNN flow training:  29%|██▉       | 29/100 [03:02<07:12,  6.09s/epoch, best=1.317e+00, sign=0.192, train=1.332e+00, val=1.312e+00]
GNN flow training:  30%|███       | 30/100 [03:02<07:06,  6.10s/epoch, best=1.317e+00, sign=0.192, train=1.332e+00, val=1.312e+00]
GNN flow training:  30%|███       | 30/100 [03:08<07:06,  6.10s/epoch, best=1.312e+00, sign=0.192, train=1.327e+00, val=1.304e+00]
GNN flow training:  31%|███       | 31/100 [03:08<06:59,  6.08s/epoch, best=1.312e+00, sign=0.192, train=1.327e+00, val=1.304e+00]
GNN flow training:  31%|███       | 31/100 [03:14<06:59,  6.08s/epoch, best=1.304e+00, sign=0.191, train=1.319e+00, val=1.299e+00]
GNN flow training:  32%|███▏      | 32/100 [03:14<06:52,  6.07s/epoch, best=1.304e+00, sign=0.191, train=1.319e+00, val=1.299e+00]
GNN flow training:  32%|███▏      | 32/100 [03:20<06:52,  6.07s/epoch, best=1.299e+00, sign=0.190, train=1.314e+00, val=1.299e+00]
GNN flow training:  33%|███▎      | 33/100 [03:20<06:46,  6.06s/epoch, best=1.299e+00, sign=0.190, train=1.314e+00, val=1.299e+00]
GNN flow training:  33%|███▎      | 33/100 [03:26<06:46,  6.06s/epoch, best=1.299e+00, sign=0.190, train=1.314e+00, val=1.293e+00]
GNN flow training:  34%|███▍      | 34/100 [03:26<06:39,  6.06s/epoch, best=1.299e+00, sign=0.190, train=1.314e+00, val=1.293e+00]
GNN flow training:  34%|███▍      | 34/100 [03:32<06:39,  6.06s/epoch, best=1.293e+00, sign=0.190, train=1.308e+00, val=1.285e+00]
GNN flow training:  35%|███▌      | 35/100 [03:32<06:34,  6.06s/epoch, best=1.293e+00, sign=0.190, train=1.308e+00, val=1.285e+00]
GNN flow training:  35%|███▌      | 35/100 [03:38<06:34,  6.06s/epoch, best=1.285e+00, sign=0.190, train=1.299e+00, val=1.276e+00]
GNN flow training:  36%|███▌      | 36/100 [03:38<06:27,  6.06s/epoch, best=1.285e+00, sign=0.190, train=1.299e+00, val=1.276e+00]
GNN flow training:  36%|███▌      | 36/100 [03:44<06:27,  6.06s/epoch, best=1.276e+00, sign=0.188, train=1.290e+00, val=1.268e+00]
GNN flow training:  37%|███▋      | 37/100 [03:44<06:21,  6.06s/epoch, best=1.276e+00, sign=0.188, train=1.290e+00, val=1.268e+00]
GNN flow training:  37%|███▋      | 37/100 [03:50<06:21,  6.06s/epoch, best=1.268e+00, sign=0.187, train=1.282e+00, val=1.262e+00]
GNN flow training:  38%|███▊      | 38/100 [03:50<06:15,  6.05s/epoch, best=1.268e+00, sign=0.187, train=1.282e+00, val=1.262e+00]
GNN flow training:  38%|███▊      | 38/100 [03:56<06:15,  6.05s/epoch, best=1.262e+00, sign=0.185, train=1.276e+00, val=1.255e+00]
GNN flow training:  39%|███▉      | 39/100 [03:56<06:09,  6.05s/epoch, best=1.262e+00, sign=0.185, train=1.276e+00, val=1.255e+00]
GNN flow training:  39%|███▉      | 39/100 [04:02<06:09,  6.05s/epoch, best=1.255e+00, sign=0.184, train=1.269e+00, val=1.249e+00]
GNN flow training:  40%|████      | 40/100 [04:02<06:03,  6.06s/epoch, best=1.255e+00, sign=0.184, train=1.269e+00, val=1.249e+00]
GNN flow training:  40%|████      | 40/100 [04:08<06:03,  6.06s/epoch, best=1.249e+00, sign=0.183, train=1.263e+00, val=1.242e+00]
GNN flow training:  41%|████      | 41/100 [04:08<05:57,  6.06s/epoch, best=1.249e+00, sign=0.183, train=1.263e+00, val=1.242e+00]
GNN flow training:  41%|████      | 41/100 [04:14<05:57,  6.06s/epoch, best=1.242e+00, sign=0.183, train=1.255e+00, val=1.227e+00]
GNN flow training:  42%|████▏     | 42/100 [04:14<05:51,  6.06s/epoch, best=1.242e+00, sign=0.183, train=1.255e+00, val=1.227e+00]
GNN flow training:  42%|████▏     | 42/100 [04:20<05:51,  6.06s/epoch, best=1.227e+00, sign=0.179, train=1.240e+00, val=1.219e+00]
GNN flow training:  43%|████▎     | 43/100 [04:20<05:45,  6.05s/epoch, best=1.227e+00, sign=0.179, train=1.240e+00, val=1.219e+00]
GNN flow training:  43%|████▎     | 43/100 [04:27<05:45,  6.05s/epoch, best=1.219e+00, sign=0.176, train=1.231e+00, val=1.195e+00]
GNN flow training:  44%|████▍     | 44/100 [04:27<05:39,  6.06s/epoch, best=1.219e+00, sign=0.176, train=1.231e+00, val=1.195e+00]
GNN flow training:  44%|████▍     | 44/100 [04:33<05:39,  6.06s/epoch, best=1.195e+00, sign=0.171, train=1.207e+00, val=1.176e+00]
GNN flow training:  45%|████▌     | 45/100 [04:33<05:34,  6.08s/epoch, best=1.195e+00, sign=0.171, train=1.207e+00, val=1.176e+00]
GNN flow training:  45%|████▌     | 45/100 [04:39<05:34,  6.08s/epoch, best=1.176e+00, sign=0.167, train=1.187e+00, val=1.173e+00]
GNN flow training:  46%|████▌     | 46/100 [04:39<05:27,  6.06s/epoch, best=1.176e+00, sign=0.167, train=1.187e+00, val=1.173e+00]
GNN flow training:  46%|████▌     | 46/100 [04:45<05:27,  6.06s/epoch, best=1.173e+00, sign=0.165, train=1.183e+00, val=1.160e+00]
GNN flow training:  47%|████▋     | 47/100 [04:45<05:20,  6.04s/epoch, best=1.173e+00, sign=0.165, train=1.183e+00, val=1.160e+00]
GNN flow training:  47%|████▋     | 47/100 [04:51<05:20,  6.04s/epoch, best=1.160e+00, sign=0.162, train=1.170e+00, val=1.165e+00]
GNN flow training:  48%|████▊     | 48/100 [04:51<05:13,  6.03s/epoch, best=1.160e+00, sign=0.162, train=1.170e+00, val=1.165e+00]
GNN flow training:  48%|████▊     | 48/100 [04:57<05:13,  6.03s/epoch, best=1.160e+00, sign=0.159, train=1.175e+00, val=1.157e+00]
GNN flow training:  49%|████▉     | 49/100 [04:57<05:07,  6.02s/epoch, best=1.160e+00, sign=0.159, train=1.175e+00, val=1.157e+00]
GNN flow training:  49%|████▉     | 49/100 [05:03<05:07,  6.02s/epoch, best=1.157e+00, sign=0.160, train=1.167e+00, val=1.147e+00]
GNN flow training:  50%|█████     | 50/100 [05:03<05:00,  6.02s/epoch, best=1.157e+00, sign=0.160, train=1.167e+00, val=1.147e+00]
GNN flow training:  50%|█████     | 50/100 [05:09<05:00,  6.02s/epoch, best=1.147e+00, sign=0.161, train=1.157e+00, val=1.128e+00]
GNN flow training:  51%|█████     | 51/100 [05:09<04:55,  6.03s/epoch, best=1.147e+00, sign=0.161, train=1.157e+00, val=1.128e+00]
GNN flow training:  51%|█████     | 51/100 [05:15<04:55,  6.03s/epoch, best=1.128e+00, sign=0.159, train=1.139e+00, val=1.111e+00]
GNN flow training:  52%|█████▏    | 52/100 [05:15<04:48,  6.02s/epoch, best=1.128e+00, sign=0.159, train=1.139e+00, val=1.111e+00]
GNN flow training:  52%|█████▏    | 52/100 [05:21<04:48,  6.02s/epoch, best=1.111e+00, sign=0.159, train=1.122e+00, val=1.104e+00]
GNN flow training:  53%|█████▎    | 53/100 [05:21<04:43,  6.02s/epoch, best=1.111e+00, sign=0.159, train=1.122e+00, val=1.104e+00]
GNN flow training:  53%|█████▎    | 53/100 [05:27<04:43,  6.02s/epoch, best=1.104e+00, sign=0.159, train=1.115e+00, val=1.110e+00]
GNN flow training:  54%|█████▍    | 54/100 [05:27<04:36,  6.01s/epoch, best=1.104e+00, sign=0.159, train=1.115e+00, val=1.110e+00]
GNN flow training:  54%|█████▍    | 54/100 [05:33<04:36,  6.01s/epoch, best=1.104e+00, sign=0.162, train=1.121e+00, val=1.149e+00]
GNN flow training:  55%|█████▌    | 55/100 [05:33<04:30,  6.00s/epoch, best=1.104e+00, sign=0.162, train=1.121e+00, val=1.149e+00]
GNN flow training:  55%|█████▌    | 55/100 [05:39<04:30,  6.00s/epoch, best=1.104e+00, sign=0.171, train=1.160e+00, val=1.224e+00]
GNN flow training:  56%|█████▌    | 56/100 [05:39<04:24,  6.02s/epoch, best=1.104e+00, sign=0.171, train=1.160e+00, val=1.224e+00]
GNN flow training:  56%|█████▌    | 56/100 [05:45<04:24,  6.02s/epoch, best=1.104e+00, sign=0.179, train=1.236e+00, val=1.291e+00]
GNN flow training:  57%|█████▋    | 57/100 [05:45<04:18,  6.02s/epoch, best=1.104e+00, sign=0.179, train=1.236e+00, val=1.291e+00]
GNN flow training:  57%|█████▋    | 57/100 [05:51<04:18,  6.02s/epoch, best=1.104e+00, sign=0.181, train=1.304e+00, val=1.306e+00]
GNN flow training:  58%|█████▊    | 58/100 [05:51<04:12,  6.01s/epoch, best=1.104e+00, sign=0.181, train=1.304e+00, val=1.306e+00]
GNN flow training:  58%|█████▊    | 58/100 [05:57<04:12,  6.01s/epoch, best=1.104e+00, sign=0.183, train=1.318e+00, val=1.301e+00]
GNN flow training:  59%|█████▉    | 59/100 [05:57<04:06,  6.02s/epoch, best=1.104e+00, sign=0.183, train=1.318e+00, val=1.301e+00]
GNN flow training:  59%|█████▉    | 59/100 [06:03<04:06,  6.02s/epoch, best=1.104e+00, sign=0.187, train=1.313e+00, val=1.273e+00]
GNN flow training:  60%|██████    | 60/100 [06:03<04:01,  6.03s/epoch, best=1.104e+00, sign=0.187, train=1.313e+00, val=1.273e+00]
GNN flow training:  60%|██████    | 60/100 [06:09<04:01,  6.03s/epoch, best=1.104e+00, sign=0.185, train=1.285e+00, val=1.226e+00]
GNN flow training:  61%|██████    | 61/100 [06:09<03:55,  6.05s/epoch, best=1.104e+00, sign=0.185, train=1.285e+00, val=1.226e+00]
GNN flow training:  61%|██████    | 61/100 [06:15<03:55,  6.05s/epoch, best=1.104e+00, sign=0.183, train=1.239e+00, val=1.196e+00]
GNN flow training:  62%|██████▏   | 62/100 [06:15<03:49,  6.04s/epoch, best=1.104e+00, sign=0.183, train=1.239e+00, val=1.196e+00]
GNN flow training:  62%|██████▏   | 62/100 [06:21<03:49,  6.04s/epoch, best=1.104e+00, sign=0.182, train=1.209e+00, val=1.183e+00]
GNN flow training:  63%|██████▎   | 63/100 [06:21<03:43,  6.05s/epoch, best=1.104e+00, sign=0.182, train=1.209e+00, val=1.183e+00]
GNN flow training:  63%|██████▎   | 63/100 [06:27<03:43,  6.05s/epoch, best=1.104e+00, sign=0.181, train=1.197e+00, val=1.163e+00]
GNN flow training:  64%|██████▍   | 64/100 [06:27<03:37,  6.05s/epoch, best=1.104e+00, sign=0.181, train=1.197e+00, val=1.163e+00]
GNN flow training:  64%|██████▍   | 64/100 [06:33<03:37,  6.05s/epoch, best=1.104e+00, sign=0.180, train=1.177e+00, val=1.147e+00]
GNN flow training:  65%|██████▌   | 65/100 [06:33<03:31,  6.04s/epoch, best=1.104e+00, sign=0.180, train=1.177e+00, val=1.147e+00]
GNN flow training:  65%|██████▌   | 65/100 [06:39<03:31,  6.04s/epoch, best=1.104e+00, sign=0.174, train=1.160e+00, val=1.136e+00]
GNN flow training:  66%|██████▌   | 66/100 [06:39<03:25,  6.05s/epoch, best=1.104e+00, sign=0.174, train=1.160e+00, val=1.136e+00]
GNN flow training:  66%|██████▌   | 66/100 [06:45<03:25,  6.05s/epoch, best=1.104e+00, sign=0.172, train=1.148e+00, val=1.133e+00]
GNN flow training:  67%|██████▋   | 67/100 [06:45<03:20,  6.07s/epoch, best=1.104e+00, sign=0.172, train=1.148e+00, val=1.133e+00]
GNN flow training:  67%|██████▋   | 67/100 [06:52<03:20,  6.07s/epoch, best=1.104e+00, sign=0.169, train=1.144e+00, val=1.134e+00]
GNN flow training:  68%|██████▊   | 68/100 [06:52<03:15,  6.10s/epoch, best=1.104e+00, sign=0.169, train=1.144e+00, val=1.134e+00]
GNN flow training:  68%|██████▊   | 68/100 [06:58<03:15,  6.10s/epoch, best=1.104e+00, sign=0.167, train=1.144e+00, val=1.131e+00]
GNN flow training:  69%|██████▉   | 69/100 [06:58<03:09,  6.10s/epoch, best=1.104e+00, sign=0.167, train=1.144e+00, val=1.131e+00]
GNN flow training:  69%|██████▉   | 69/100 [07:04<03:09,  6.10s/epoch, best=1.104e+00, sign=0.166, train=1.141e+00, val=1.134e+00]
GNN flow training:  70%|███████   | 70/100 [07:04<03:02,  6.09s/epoch, best=1.104e+00, sign=0.166, train=1.141e+00, val=1.134e+00]
GNN flow training:  70%|███████   | 70/100 [07:10<03:02,  6.09s/epoch, best=1.104e+00, sign=0.169, train=1.143e+00, val=1.144e+00]
GNN flow training:  71%|███████   | 71/100 [07:10<02:55,  6.07s/epoch, best=1.104e+00, sign=0.169, train=1.143e+00, val=1.144e+00]
GNN flow training:  71%|███████   | 71/100 [07:16<02:55,  6.07s/epoch, best=1.104e+00, sign=0.167, train=1.153e+00, val=1.138e+00]
GNN flow training:  72%|███████▏  | 72/100 [07:16<02:49,  6.05s/epoch, best=1.104e+00, sign=0.167, train=1.153e+00, val=1.138e+00]
GNN flow training:  72%|███████▏  | 72/100 [07:22<02:49,  6.05s/epoch, best=1.104e+00, sign=0.168, train=1.147e+00, val=1.132e+00]
GNN flow training:  73%|███████▎  | 73/100 [07:22<02:42,  6.04s/epoch, best=1.104e+00, sign=0.168, train=1.147e+00, val=1.132e+00]
GNN flow training:  73%|███████▎  | 73/100 [07:28<02:42,  6.04s/epoch, best=1.104e+00, sign=0.169, train=1.142e+00, val=1.124e+00]
GNN flow training:  74%|███████▍  | 74/100 [07:28<02:36,  6.03s/epoch, best=1.104e+00, sign=0.169, train=1.142e+00, val=1.124e+00]
GNN flow training:  74%|███████▍  | 74/100 [07:34<02:36,  6.03s/epoch, best=1.104e+00, sign=0.170, train=1.134e+00, val=1.132e+00]
GNN flow training:  75%|███████▌  | 75/100 [07:34<02:30,  6.03s/epoch, best=1.104e+00, sign=0.170, train=1.134e+00, val=1.132e+00]
GNN flow training:  75%|███████▌  | 75/100 [07:40<02:30,  6.03s/epoch, best=1.104e+00, sign=0.167, train=1.143e+00, val=1.135e+00]
GNN flow training:  76%|███████▌  | 76/100 [07:40<02:23,  6.00s/epoch, best=1.104e+00, sign=0.167, train=1.143e+00, val=1.135e+00]
GNN flow training:  76%|███████▌  | 76/100 [07:46<02:23,  6.00s/epoch, best=1.104e+00, sign=0.166, train=1.146e+00, val=1.133e+00]
GNN flow training:  77%|███████▋  | 77/100 [07:46<02:17,  5.99s/epoch, best=1.104e+00, sign=0.166, train=1.146e+00, val=1.133e+00]
GNN flow training:  77%|███████▋  | 77/100 [07:52<02:17,  5.99s/epoch, best=1.104e+00, sign=0.165, train=1.143e+00, val=1.130e+00]
GNN flow training:  78%|███████▊  | 78/100 [07:52<02:11,  6.00s/epoch, best=1.104e+00, sign=0.165, train=1.143e+00, val=1.130e+00]
GNN flow training:  78%|███████▊  | 78/100 [07:58<02:11,  6.00s/epoch, best=1.104e+00, sign=0.164, train=1.139e+00, val=1.138e+00]
GNN flow training:  79%|███████▉  | 79/100 [07:58<02:05,  5.96s/epoch, best=1.104e+00, sign=0.164, train=1.139e+00, val=1.138e+00]
GNN flow training:  79%|███████▉  | 79/100 [08:04<02:05,  5.96s/epoch, best=1.104e+00, sign=0.165, train=1.147e+00, val=1.137e+00]
GNN flow training:  80%|████████  | 80/100 [08:04<01:59,  5.96s/epoch, best=1.104e+00, sign=0.165, train=1.147e+00, val=1.137e+00]
GNN flow training:  80%|████████  | 80/100 [08:09<01:59,  5.96s/epoch, best=1.104e+00, sign=0.163, train=1.146e+00, val=1.141e+00]
GNN flow training:  81%|████████  | 81/100 [08:09<01:52,  5.95s/epoch, best=1.104e+00, sign=0.163, train=1.146e+00, val=1.141e+00]
GNN flow training:  81%|████████  | 81/100 [08:15<01:52,  5.95s/epoch, best=1.104e+00, sign=0.163, train=1.150e+00, val=1.136e+00]
GNN flow training:  82%|████████▏ | 82/100 [08:15<01:46,  5.94s/epoch, best=1.104e+00, sign=0.163, train=1.150e+00, val=1.136e+00]
GNN flow training:  82%|████████▏ | 82/100 [08:21<01:46,  5.94s/epoch, best=1.104e+00, sign=0.165, train=1.145e+00, val=1.128e+00]
GNN flow training:  83%|████████▎ | 83/100 [08:21<01:40,  5.94s/epoch, best=1.104e+00, sign=0.165, train=1.145e+00, val=1.128e+00]
GNN flow training:  83%|████████▎ | 83/100 [08:27<01:40,  5.94s/epoch, best=1.104e+00, sign=0.166, train=1.137e+00, val=1.125e+00]
GNN flow training:  84%|████████▍ | 84/100 [08:27<01:35,  5.94s/epoch, best=1.104e+00, sign=0.166, train=1.137e+00, val=1.125e+00]
GNN flow training:  84%|████████▍ | 84/100 [08:33<01:35,  5.94s/epoch, best=1.104e+00, sign=0.168, train=1.134e+00, val=1.125e+00]
GNN flow training:  85%|████████▌ | 85/100 [08:33<01:29,  5.94s/epoch, best=1.104e+00, sign=0.168, train=1.134e+00, val=1.125e+00]
GNN flow training:  85%|████████▌ | 85/100 [08:39<01:29,  5.94s/epoch, best=1.104e+00, sign=0.168, train=1.134e+00, val=1.121e+00]
GNN flow training:  86%|████████▌ | 86/100 [08:39<01:22,  5.92s/epoch, best=1.104e+00, sign=0.168, train=1.134e+00, val=1.121e+00]
GNN flow training:  86%|████████▌ | 86/100 [08:45<01:22,  5.92s/epoch, best=1.104e+00, sign=0.167, train=1.130e+00, val=1.113e+00]
GNN flow training:  87%|████████▋ | 87/100 [08:45<01:17,  5.93s/epoch, best=1.104e+00, sign=0.167, train=1.130e+00, val=1.113e+00]
GNN flow training:  87%|████████▋ | 87/100 [08:51<01:17,  5.93s/epoch, best=1.104e+00, sign=0.164, train=1.122e+00, val=1.106e+00]
GNN flow training:  88%|████████▊ | 88/100 [08:51<01:11,  5.92s/epoch, best=1.104e+00, sign=0.164, train=1.122e+00, val=1.106e+00]
GNN flow training:  88%|████████▊ | 88/100 [08:57<01:11,  5.92s/epoch, best=1.104e+00, sign=0.164, train=1.115e+00, val=1.107e+00]
GNN flow training:  89%|████████▉ | 89/100 [08:57<01:05,  5.92s/epoch, best=1.104e+00, sign=0.164, train=1.115e+00, val=1.107e+00]
GNN flow training:  89%|████████▉ | 89/100 [09:03<01:05,  5.92s/epoch, best=1.104e+00, sign=0.162, train=1.117e+00, val=1.109e+00]
GNN flow training:  90%|█████████ | 90/100 [09:03<00:59,  5.93s/epoch, best=1.104e+00, sign=0.162, train=1.117e+00, val=1.109e+00]
GNN flow training:  90%|█████████ | 90/100 [09:09<00:59,  5.93s/epoch, best=1.104e+00, sign=0.162, train=1.119e+00, val=1.108e+00]
GNN flow training:  91%|█████████ | 91/100 [09:09<00:53,  5.91s/epoch, best=1.104e+00, sign=0.162, train=1.119e+00, val=1.108e+00]
GNN flow training:  91%|█████████ | 91/100 [09:15<00:53,  5.91s/epoch, best=1.104e+00, sign=0.163, train=1.118e+00, val=1.101e+00]
GNN flow training:  92%|█████████▏| 92/100 [09:15<00:47,  5.90s/epoch, best=1.104e+00, sign=0.163, train=1.118e+00, val=1.101e+00]
GNN flow training:  92%|█████████▏| 92/100 [09:20<00:47,  5.90s/epoch, best=1.101e+00, sign=0.165, train=1.112e+00, val=1.090e+00]
GNN flow training:  93%|█████████▎| 93/100 [09:20<00:41,  5.90s/epoch, best=1.101e+00, sign=0.165, train=1.112e+00, val=1.090e+00]
GNN flow training:  93%|█████████▎| 93/100 [09:26<00:41,  5.90s/epoch, best=1.090e+00, sign=0.167, train=1.101e+00, val=1.093e+00]
GNN flow training:  94%|█████████▍| 94/100 [09:26<00:35,  5.90s/epoch, best=1.090e+00, sign=0.167, train=1.101e+00, val=1.093e+00]
GNN flow training:  94%|█████████▍| 94/100 [09:32<00:35,  5.90s/epoch, best=1.090e+00, sign=0.166, train=1.104e+00, val=1.093e+00]
GNN flow training:  95%|█████████▌| 95/100 [09:32<00:29,  5.90s/epoch, best=1.090e+00, sign=0.166, train=1.104e+00, val=1.093e+00]
GNN flow training:  95%|█████████▌| 95/100 [09:38<00:29,  5.90s/epoch, best=1.090e+00, sign=0.166, train=1.105e+00, val=1.084e+00]
GNN flow training:  96%|█████████▌| 96/100 [09:38<00:23,  5.90s/epoch, best=1.090e+00, sign=0.166, train=1.105e+00, val=1.084e+00]
GNN flow training:  96%|█████████▌| 96/100 [09:44<00:23,  5.90s/epoch, best=1.084e+00, sign=0.162, train=1.096e+00, val=1.091e+00]
GNN flow training:  97%|█████████▋| 97/100 [09:44<00:17,  5.90s/epoch, best=1.084e+00, sign=0.162, train=1.096e+00, val=1.091e+00]
GNN flow training:  97%|█████████▋| 97/100 [09:50<00:17,  5.90s/epoch, best=1.084e+00, sign=0.160, train=1.102e+00, val=1.100e+00]
GNN flow training:  98%|█████████▊| 98/100 [09:50<00:11,  5.88s/epoch, best=1.084e+00, sign=0.160, train=1.102e+00, val=1.100e+00]
GNN flow training:  98%|█████████▊| 98/100 [09:56<00:11,  5.88s/epoch, best=1.084e+00, sign=0.160, train=1.111e+00, val=1.097e+00]
GNN flow training:  99%|█████████▉| 99/100 [09:56<00:05,  5.88s/epoch, best=1.084e+00, sign=0.160, train=1.111e+00, val=1.097e+00]
GNN flow training:  99%|█████████▉| 99/100 [10:02<00:05,  5.88s/epoch, best=1.084e+00, sign=0.164, train=1.108e+00, val=1.087e+00]
GNN flow training: 100%|██████████| 100/100 [10:02<00:00,  5.86s/epoch, best=1.084e+00, sign=0.164, train=1.108e+00, val=1.087e+00]
GNN flow training: 100%|██████████| 100/100 [10:02<00:00,  6.02s/epoch, best=1.084e+00, sign=0.164, train=1.108e+00, val=1.087e+00]
Resolved config snapshot:
{'preset': 'solver_QKB_outer_QKBdelta', 'gnn_outer_losses': {'flow': 1.0, 'kirchhoff': 0.1, 'boundary': 100.0, 'delta_l2': 0.1, 'delta_smooth': 0.0, 'pressure_shape': 0.0}, 'physics': {'arterial_flow_mode': 'dataset', 'pressure_constraints': ['equal-a-equal-v'], 'alpha_pa': None, 'use_snr_weights': True, 'use_observed_flow_snr_weighting': True, 'flow_scale_mode': 'median_abs', 'solver_device': 'same', 'pressure_solver_mode': 'reduced-soft-constrained-lstsq', 'pressure_solver_lambda_kirchhoff': 1.0, 'pressure_solver_lambda_pressure_constraints': 100.0, 'pressure_solver_lambda_flow_residual': 1.0, 'pressure_shape_reference': 'delta_zero_reference', 'pressure_detach': False}, 'correction_bounds': {'correction_min': -0.5, 'correction_max': 0.5, 'correction_bound': 0.5, 'correction_parameterization': 'tanh'}, 'optimization': {'learning_rate': 0.001, 'weight_decay': 0.0001, 'gradient_clip_norm': 5.0, 'optimizer': 'adamw', 'epochs': 100, 'patience': 40}}
Shard 17/80: 1 of 80 runs
Command: /mnt/home/sswee/miniforge3/envs/yolk-sac/bin/python /mnt/home/sswee/yolk/Yolk-Sac-Flow-Data-and-Sim/gnn_clean/scripts/python/gnn_flow.py /mnt/home/sswee/yolk/Yolk-Sac-Flow-Data-and-Sim/gnn_clean/datasets/mosaic_graph_canonical_harmonized/mosaic_graph_canonical_harmonized.gpickle --output-dir /mnt/home/sswee/yolk/Yolk-Sac-Flow-Data-and-Sim/gnn_clean/outputs_canonical/dc/02_physics_weight_sweep/gnn --run-name q_1__k_0p1__delta_0p1 --preset solver_QKB_outer_QKBdelta --device cuda --epochs 100 --seed 0 --viscosity-pa-s 0.0035 --config /mnt/home/sswee/yolk/Yolk-Sac-Flow-Data-and-Sim/gnn_clean/outputs_canonical/dc/02_physics_weight_sweep/_generated_configs/q_1__k_0p1__delta_0p1.yaml --no-pressure-detach
