[info] DC Step 2 canonical sweep uses fixed lambda_B=100.0 for both the outer boundary loss and the reduced pressure-solver boundary constraint.

GNN flow training:   0%|          | 0/100 [00:00<?, ?epoch/s]
GNN flow training:   0%|          | 0/100 [00:06<?, ?epoch/s, best=1.276e+03, sign=0.194, train=1.277e+03, val=1.276e+03]
GNN flow training:   1%|          | 1/100 [00:06<10:11,  6.17s/epoch, best=1.276e+03, sign=0.194, train=1.277e+03, val=1.276e+03]
GNN flow training:   1%|          | 1/100 [00:12<10:11,  6.17s/epoch, best=1.276e+03, sign=0.194, train=1.278e+03, val=1.279e+03]
GNN flow training:   2%|▏         | 2/100 [00:12<09:59,  6.12s/epoch, best=1.276e+03, sign=0.194, train=1.278e+03, val=1.279e+03]
GNN flow training:   2%|▏         | 2/100 [00:18<09:59,  6.12s/epoch, best=1.276e+03, sign=0.194, train=1.280e+03, val=1.278e+03]
GNN flow training:   3%|▎         | 3/100 [00:18<09:48,  6.07s/epoch, best=1.276e+03, sign=0.194, train=1.280e+03, val=1.278e+03]
GNN flow training:   3%|▎         | 3/100 [00:24<09:48,  6.07s/epoch, best=1.276e+03, sign=0.194, train=1.279e+03, val=1.274e+03]
GNN flow training:   4%|▍         | 4/100 [00:24<09:41,  6.06s/epoch, best=1.276e+03, sign=0.194, train=1.279e+03, val=1.274e+03]
GNN flow training:   4%|▍         | 4/100 [00:30<09:41,  6.06s/epoch, best=1.274e+03, sign=0.194, train=1.275e+03, val=1.276e+03]
GNN flow training:   5%|▌         | 5/100 [00:30<09:34,  6.05s/epoch, best=1.274e+03, sign=0.194, train=1.275e+03, val=1.276e+03]
GNN flow training:   5%|▌         | 5/100 [00:36<09:34,  6.05s/epoch, best=1.274e+03, sign=0.194, train=1.277e+03, val=1.273e+03]
GNN flow training:   6%|▌         | 6/100 [00:36<09:30,  6.07s/epoch, best=1.274e+03, sign=0.194, train=1.277e+03, val=1.273e+03]
GNN flow training:   6%|▌         | 6/100 [00:42<09:30,  6.07s/epoch, best=1.273e+03, sign=0.194, train=1.274e+03, val=1.274e+03]
GNN flow training:   7%|▋         | 7/100 [00:42<09:24,  6.07s/epoch, best=1.273e+03, sign=0.194, train=1.274e+03, val=1.274e+03]
GNN flow training:   7%|▋         | 7/100 [00:48<09:24,  6.07s/epoch, best=1.273e+03, sign=0.194, train=1.276e+03, val=1.274e+03]
GNN flow training:   8%|▊         | 8/100 [00:48<09:16,  6.05s/epoch, best=1.273e+03, sign=0.194, train=1.276e+03, val=1.274e+03]
GNN flow training:   8%|▊         | 8/100 [00:54<09:16,  6.05s/epoch, best=1.273e+03, sign=0.194, train=1.276e+03, val=1.273e+03]
GNN flow training:   9%|▉         | 9/100 [00:54<09:09,  6.04s/epoch, best=1.273e+03, sign=0.194, train=1.276e+03, val=1.273e+03]
GNN flow training:   9%|▉         | 9/100 [01:00<09:09,  6.04s/epoch, best=1.273e+03, sign=0.194, train=1.274e+03, val=1.273e+03]
GNN flow training:  10%|█         | 10/100 [01:00<09:04,  6.05s/epoch, best=1.273e+03, sign=0.194, train=1.274e+03, val=1.273e+03]
GNN flow training:  10%|█         | 10/100 [01:06<09:04,  6.05s/epoch, best=1.273e+03, sign=0.194, train=1.275e+03, val=1.271e+03]
GNN flow training:  11%|█         | 11/100 [01:06<08:59,  6.06s/epoch, best=1.273e+03, sign=0.194, train=1.275e+03, val=1.271e+03]
GNN flow training:  11%|█         | 11/100 [01:12<08:59,  6.06s/epoch, best=1.271e+03, sign=0.194, train=1.273e+03, val=1.270e+03]
GNN flow training:  12%|█▏        | 12/100 [01:12<08:51,  6.04s/epoch, best=1.271e+03, sign=0.194, train=1.273e+03, val=1.270e+03]
GNN flow training:  12%|█▏        | 12/100 [01:18<08:51,  6.04s/epoch, best=1.270e+03, sign=0.194, train=1.271e+03, val=1.269e+03]
GNN flow training:  13%|█▎        | 13/100 [01:18<08:47,  6.06s/epoch, best=1.270e+03, sign=0.194, train=1.271e+03, val=1.269e+03]
GNN flow training:  13%|█▎        | 13/100 [01:24<08:47,  6.06s/epoch, best=1.269e+03, sign=0.194, train=1.270e+03, val=1.268e+03]
GNN flow training:  14%|█▍        | 14/100 [01:24<08:41,  6.06s/epoch, best=1.269e+03, sign=0.194, train=1.270e+03, val=1.268e+03]
GNN flow training:  14%|█▍        | 14/100 [01:31<08:41,  6.06s/epoch, best=1.268e+03, sign=0.194, train=1.269e+03, val=1.265e+03]
GNN flow training:  15%|█▌        | 15/100 [01:31<08:36,  6.08s/epoch, best=1.268e+03, sign=0.194, train=1.269e+03, val=1.265e+03]
GNN flow training:  15%|█▌        | 15/100 [01:37<08:36,  6.08s/epoch, best=1.265e+03, sign=0.193, train=1.267e+03, val=1.264e+03]
GNN flow training:  16%|█▌        | 16/100 [01:37<08:29,  6.06s/epoch, best=1.265e+03, sign=0.193, train=1.267e+03, val=1.264e+03]
GNN flow training:  16%|█▌        | 16/100 [01:43<08:29,  6.06s/epoch, best=1.264e+03, sign=0.193, train=1.265e+03, val=1.262e+03]
GNN flow training:  17%|█▋        | 17/100 [01:43<08:24,  6.08s/epoch, best=1.264e+03, sign=0.193, train=1.265e+03, val=1.262e+03]
GNN flow training:  17%|█▋        | 17/100 [01:49<08:24,  6.08s/epoch, best=1.262e+03, sign=0.194, train=1.263e+03, val=1.260e+03]
GNN flow training:  18%|█▊        | 18/100 [01:49<08:17,  6.07s/epoch, best=1.262e+03, sign=0.194, train=1.263e+03, val=1.260e+03]
GNN flow training:  18%|█▊        | 18/100 [01:55<08:17,  6.07s/epoch, best=1.260e+03, sign=0.193, train=1.261e+03, val=1.258e+03]
GNN flow training:  19%|█▉        | 19/100 [01:55<08:12,  6.08s/epoch, best=1.260e+03, sign=0.193, train=1.261e+03, val=1.258e+03]
GNN flow training:  19%|█▉        | 19/100 [02:01<08:12,  6.08s/epoch, best=1.258e+03, sign=0.193, train=1.259e+03, val=1.254e+03]
GNN flow training:  20%|██        | 20/100 [02:01<08:06,  6.08s/epoch, best=1.258e+03, sign=0.193, train=1.259e+03, val=1.254e+03]
GNN flow training:  20%|██        | 20/100 [02:07<08:06,  6.08s/epoch, best=1.254e+03, sign=0.193, train=1.255e+03, val=1.252e+03]
GNN flow training:  21%|██        | 21/100 [02:07<08:00,  6.08s/epoch, best=1.254e+03, sign=0.193, train=1.255e+03, val=1.252e+03]
GNN flow training:  21%|██        | 21/100 [02:13<08:00,  6.08s/epoch, best=1.252e+03, sign=0.193, train=1.253e+03, val=1.245e+03]
GNN flow training:  22%|██▏       | 22/100 [02:13<07:52,  6.05s/epoch, best=1.252e+03, sign=0.193, train=1.253e+03, val=1.245e+03]
GNN flow training:  22%|██▏       | 22/100 [02:19<07:52,  6.05s/epoch, best=1.245e+03, sign=0.192, train=1.247e+03, val=1.244e+03]
GNN flow training:  23%|██▎       | 23/100 [02:19<07:46,  6.06s/epoch, best=1.245e+03, sign=0.192, train=1.247e+03, val=1.244e+03]
GNN flow training:  23%|██▎       | 23/100 [02:25<07:46,  6.06s/epoch, best=1.244e+03, sign=0.191, train=1.246e+03, val=1.238e+03]
GNN flow training:  24%|██▍       | 24/100 [02:25<07:41,  6.07s/epoch, best=1.244e+03, sign=0.191, train=1.246e+03, val=1.238e+03]
GNN flow training:  24%|██▍       | 24/100 [02:31<07:41,  6.07s/epoch, best=1.238e+03, sign=0.191, train=1.240e+03, val=1.233e+03]
GNN flow training:  25%|██▌       | 25/100 [02:31<07:36,  6.08s/epoch, best=1.238e+03, sign=0.191, train=1.240e+03, val=1.233e+03]
GNN flow training:  25%|██▌       | 25/100 [02:37<07:36,  6.08s/epoch, best=1.233e+03, sign=0.191, train=1.234e+03, val=1.229e+03]
GNN flow training:  26%|██▌       | 26/100 [02:37<07:28,  6.06s/epoch, best=1.233e+03, sign=0.191, train=1.234e+03, val=1.229e+03]
GNN flow training:  26%|██▌       | 26/100 [02:43<07:28,  6.06s/epoch, best=1.229e+03, sign=0.191, train=1.230e+03, val=1.225e+03]
GNN flow training:  27%|██▋       | 27/100 [02:43<07:21,  6.05s/epoch, best=1.229e+03, sign=0.191, train=1.230e+03, val=1.225e+03]
GNN flow training:  27%|██▋       | 27/100 [02:49<07:21,  6.05s/epoch, best=1.225e+03, sign=0.190, train=1.226e+03, val=1.221e+03]
GNN flow training:  28%|██▊       | 28/100 [02:49<07:15,  6.05s/epoch, best=1.225e+03, sign=0.190, train=1.226e+03, val=1.221e+03]
GNN flow training:  28%|██▊       | 28/100 [02:55<07:15,  6.05s/epoch, best=1.221e+03, sign=0.190, train=1.223e+03, val=1.215e+03]
GNN flow training:  29%|██▉       | 29/100 [02:55<07:09,  6.05s/epoch, best=1.221e+03, sign=0.190, train=1.223e+03, val=1.215e+03]
GNN flow training:  29%|██▉       | 29/100 [03:01<07:09,  6.05s/epoch, best=1.215e+03, sign=0.190, train=1.217e+03, val=1.211e+03]
GNN flow training:  30%|███       | 30/100 [03:01<07:03,  6.05s/epoch, best=1.215e+03, sign=0.190, train=1.217e+03, val=1.211e+03]
GNN flow training:  30%|███       | 30/100 [03:07<07:03,  6.05s/epoch, best=1.211e+03, sign=0.189, train=1.213e+03, val=1.203e+03]
GNN flow training:  31%|███       | 31/100 [03:07<06:56,  6.04s/epoch, best=1.211e+03, sign=0.189, train=1.213e+03, val=1.203e+03]
GNN flow training:  31%|███       | 31/100 [03:13<06:56,  6.04s/epoch, best=1.203e+03, sign=0.188, train=1.204e+03, val=1.194e+03]
GNN flow training:  32%|███▏      | 32/100 [03:13<06:50,  6.04s/epoch, best=1.203e+03, sign=0.188, train=1.204e+03, val=1.194e+03]
GNN flow training:  32%|███▏      | 32/100 [03:19<06:50,  6.04s/epoch, best=1.194e+03, sign=0.188, train=1.196e+03, val=1.187e+03]
GNN flow training:  33%|███▎      | 33/100 [03:19<06:44,  6.03s/epoch, best=1.194e+03, sign=0.188, train=1.196e+03, val=1.187e+03]
GNN flow training:  33%|███▎      | 33/100 [03:25<06:44,  6.03s/epoch, best=1.187e+03, sign=0.187, train=1.189e+03, val=1.184e+03]
GNN flow training:  34%|███▍      | 34/100 [03:25<06:37,  6.02s/epoch, best=1.187e+03, sign=0.187, train=1.189e+03, val=1.184e+03]
GNN flow training:  34%|███▍      | 34/100 [03:32<06:37,  6.02s/epoch, best=1.184e+03, sign=0.186, train=1.186e+03, val=1.173e+03]
GNN flow training:  35%|███▌      | 35/100 [03:32<06:31,  6.03s/epoch, best=1.184e+03, sign=0.186, train=1.186e+03, val=1.173e+03]
GNN flow training:  35%|███▌      | 35/100 [03:38<06:31,  6.03s/epoch, best=1.173e+03, sign=0.185, train=1.174e+03, val=1.166e+03]
GNN flow training:  36%|███▌      | 36/100 [03:38<06:25,  6.03s/epoch, best=1.173e+03, sign=0.185, train=1.174e+03, val=1.166e+03]
GNN flow training:  36%|███▌      | 36/100 [03:44<06:25,  6.03s/epoch, best=1.166e+03, sign=0.184, train=1.167e+03, val=1.154e+03]
GNN flow training:  37%|███▋      | 37/100 [03:44<06:19,  6.03s/epoch, best=1.166e+03, sign=0.184, train=1.167e+03, val=1.154e+03]
GNN flow training:  37%|███▋      | 37/100 [03:50<06:19,  6.03s/epoch, best=1.154e+03, sign=0.184, train=1.155e+03, val=1.146e+03]
GNN flow training:  38%|███▊      | 38/100 [03:50<06:13,  6.03s/epoch, best=1.154e+03, sign=0.184, train=1.155e+03, val=1.146e+03]
GNN flow training:  38%|███▊      | 38/100 [03:56<06:13,  6.03s/epoch, best=1.146e+03, sign=0.183, train=1.147e+03, val=1.136e+03]
GNN flow training:  39%|███▉      | 39/100 [03:56<06:08,  6.04s/epoch, best=1.146e+03, sign=0.183, train=1.147e+03, val=1.136e+03]
GNN flow training:  39%|███▉      | 39/100 [04:02<06:08,  6.04s/epoch, best=1.136e+03, sign=0.182, train=1.138e+03, val=1.130e+03]
GNN flow training:  40%|████      | 40/100 [04:02<06:01,  6.03s/epoch, best=1.136e+03, sign=0.182, train=1.138e+03, val=1.130e+03]
GNN flow training:  40%|████      | 40/100 [04:08<06:01,  6.03s/epoch, best=1.130e+03, sign=0.180, train=1.131e+03, val=1.132e+03]
GNN flow training:  41%|████      | 41/100 [04:08<05:54,  6.01s/epoch, best=1.130e+03, sign=0.180, train=1.131e+03, val=1.132e+03]
GNN flow training:  41%|████      | 41/100 [04:14<05:54,  6.01s/epoch, best=1.130e+03, sign=0.180, train=1.133e+03, val=1.125e+03]
GNN flow training:  42%|████▏     | 42/100 [04:14<05:49,  6.03s/epoch, best=1.130e+03, sign=0.180, train=1.133e+03, val=1.125e+03]
GNN flow training:  42%|████▏     | 42/100 [04:20<05:49,  6.03s/epoch, best=1.125e+03, sign=0.180, train=1.126e+03, val=1.117e+03]
GNN flow training:  43%|████▎     | 43/100 [04:20<05:44,  6.04s/epoch, best=1.125e+03, sign=0.180, train=1.126e+03, val=1.117e+03]
GNN flow training:  43%|████▎     | 43/100 [04:26<05:44,  6.04s/epoch, best=1.117e+03, sign=0.179, train=1.118e+03, val=1.111e+03]
GNN flow training:  44%|████▍     | 44/100 [04:26<05:37,  6.03s/epoch, best=1.117e+03, sign=0.179, train=1.118e+03, val=1.111e+03]
GNN flow training:  44%|████▍     | 44/100 [04:32<05:37,  6.03s/epoch, best=1.111e+03, sign=0.175, train=1.112e+03, val=1.103e+03]
GNN flow training:  45%|████▌     | 45/100 [04:32<05:32,  6.05s/epoch, best=1.111e+03, sign=0.175, train=1.112e+03, val=1.103e+03]
GNN flow training:  45%|████▌     | 45/100 [04:38<05:32,  6.05s/epoch, best=1.103e+03, sign=0.175, train=1.104e+03, val=1.094e+03]
GNN flow training:  46%|████▌     | 46/100 [04:38<05:26,  6.04s/epoch, best=1.103e+03, sign=0.175, train=1.104e+03, val=1.094e+03]
GNN flow training:  46%|████▌     | 46/100 [04:44<05:26,  6.04s/epoch, best=1.094e+03, sign=0.173, train=1.095e+03, val=1.095e+03]
GNN flow training:  47%|████▋     | 47/100 [04:44<05:18,  6.02s/epoch, best=1.094e+03, sign=0.173, train=1.095e+03, val=1.095e+03]
GNN flow training:  47%|████▋     | 47/100 [04:50<05:18,  6.02s/epoch, best=1.094e+03, sign=0.172, train=1.096e+03, val=1.093e+03]
GNN flow training:  48%|████▊     | 48/100 [04:50<05:13,  6.03s/epoch, best=1.094e+03, sign=0.172, train=1.096e+03, val=1.093e+03]
GNN flow training:  48%|████▊     | 48/100 [04:56<05:13,  6.03s/epoch, best=1.093e+03, sign=0.172, train=1.094e+03, val=1.097e+03]
GNN flow training:  49%|████▉     | 49/100 [04:56<05:07,  6.03s/epoch, best=1.093e+03, sign=0.172, train=1.094e+03, val=1.097e+03]
GNN flow training:  49%|████▉     | 49/100 [05:02<05:07,  6.03s/epoch, best=1.093e+03, sign=0.171, train=1.098e+03, val=1.090e+03]
GNN flow training:  50%|█████     | 50/100 [05:02<05:02,  6.04s/epoch, best=1.093e+03, sign=0.171, train=1.098e+03, val=1.090e+03]
GNN flow training:  50%|█████     | 50/100 [05:08<05:02,  6.04s/epoch, best=1.090e+03, sign=0.173, train=1.091e+03, val=1.095e+03]
GNN flow training:  51%|█████     | 51/100 [05:08<04:56,  6.05s/epoch, best=1.090e+03, sign=0.173, train=1.091e+03, val=1.095e+03]
GNN flow training:  51%|█████     | 51/100 [05:14<04:56,  6.05s/epoch, best=1.090e+03, sign=0.173, train=1.096e+03, val=1.100e+03]
GNN flow training:  52%|█████▏    | 52/100 [05:14<04:50,  6.05s/epoch, best=1.090e+03, sign=0.173, train=1.096e+03, val=1.100e+03]
GNN flow training:  52%|█████▏    | 52/100 [05:20<04:50,  6.05s/epoch, best=1.090e+03, sign=0.173, train=1.101e+03, val=1.090e+03]
GNN flow training:  53%|█████▎    | 53/100 [05:20<04:43,  6.04s/epoch, best=1.090e+03, sign=0.173, train=1.101e+03, val=1.090e+03]
GNN flow training:  53%|█████▎    | 53/100 [05:26<04:43,  6.04s/epoch, best=1.090e+03, sign=0.171, train=1.090e+03, val=1.074e+03]
GNN flow training:  54%|█████▍    | 54/100 [05:26<04:37,  6.03s/epoch, best=1.090e+03, sign=0.171, train=1.090e+03, val=1.074e+03]
GNN flow training:  54%|█████▍    | 54/100 [05:32<04:37,  6.03s/epoch, best=1.074e+03, sign=0.172, train=1.075e+03, val=1.062e+03]
GNN flow training:  55%|█████▌    | 55/100 [05:32<04:31,  6.03s/epoch, best=1.074e+03, sign=0.172, train=1.075e+03, val=1.062e+03]
GNN flow training:  55%|█████▌    | 55/100 [05:38<04:31,  6.03s/epoch, best=1.062e+03, sign=0.177, train=1.063e+03, val=1.075e+03]
GNN flow training:  56%|█████▌    | 56/100 [05:38<04:25,  6.03s/epoch, best=1.062e+03, sign=0.177, train=1.063e+03, val=1.075e+03]
GNN flow training:  56%|█████▌    | 56/100 [05:44<04:25,  6.03s/epoch, best=1.062e+03, sign=0.181, train=1.075e+03, val=1.079e+03]
GNN flow training:  57%|█████▋    | 57/100 [05:44<04:19,  6.03s/epoch, best=1.062e+03, sign=0.181, train=1.075e+03, val=1.079e+03]
GNN flow training:  57%|█████▋    | 57/100 [05:50<04:19,  6.03s/epoch, best=1.062e+03, sign=0.183, train=1.080e+03, val=1.070e+03]
GNN flow training:  58%|█████▊    | 58/100 [05:50<04:12,  6.02s/epoch, best=1.062e+03, sign=0.183, train=1.080e+03, val=1.070e+03]
GNN flow training:  58%|█████▊    | 58/100 [05:56<04:12,  6.02s/epoch, best=1.062e+03, sign=0.177, train=1.071e+03, val=1.041e+03]
GNN flow training:  59%|█████▉    | 59/100 [05:56<04:06,  6.01s/epoch, best=1.062e+03, sign=0.177, train=1.071e+03, val=1.041e+03]
GNN flow training:  59%|█████▉    | 59/100 [06:02<04:06,  6.01s/epoch, best=1.041e+03, sign=0.174, train=1.042e+03, val=1.026e+03]
GNN flow training:  60%|██████    | 60/100 [06:02<03:59,  6.00s/epoch, best=1.041e+03, sign=0.174, train=1.042e+03, val=1.026e+03]
GNN flow training:  60%|██████    | 60/100 [06:08<03:59,  6.00s/epoch, best=1.026e+03, sign=0.172, train=1.027e+03, val=1.021e+03]
GNN flow training:  61%|██████    | 61/100 [06:08<03:53,  6.00s/epoch, best=1.026e+03, sign=0.172, train=1.027e+03, val=1.021e+03]
GNN flow training:  61%|██████    | 61/100 [06:14<03:53,  6.00s/epoch, best=1.021e+03, sign=0.173, train=1.022e+03, val=1.017e+03]
GNN flow training:  62%|██████▏   | 62/100 [06:14<03:48,  6.01s/epoch, best=1.021e+03, sign=0.173, train=1.022e+03, val=1.017e+03]
GNN flow training:  62%|██████▏   | 62/100 [06:20<03:48,  6.01s/epoch, best=1.017e+03, sign=0.174, train=1.018e+03, val=1.016e+03]
GNN flow training:  63%|██████▎   | 63/100 [06:20<03:42,  6.01s/epoch, best=1.017e+03, sign=0.174, train=1.018e+03, val=1.016e+03]
GNN flow training:  63%|██████▎   | 63/100 [06:26<03:42,  6.01s/epoch, best=1.016e+03, sign=0.173, train=1.017e+03, val=1.011e+03]
GNN flow training:  64%|██████▍   | 64/100 [06:26<03:35,  5.99s/epoch, best=1.016e+03, sign=0.173, train=1.017e+03, val=1.011e+03]
GNN flow training:  64%|██████▍   | 64/100 [06:32<03:35,  5.99s/epoch, best=1.011e+03, sign=0.169, train=1.012e+03, val=1.014e+03]
GNN flow training:  65%|██████▌   | 65/100 [06:32<03:29,  5.97s/epoch, best=1.011e+03, sign=0.169, train=1.012e+03, val=1.014e+03]
GNN flow training:  65%|██████▌   | 65/100 [06:38<03:29,  5.97s/epoch, best=1.011e+03, sign=0.165, train=1.015e+03, val=1.011e+03]
GNN flow training:  66%|██████▌   | 66/100 [06:38<03:22,  5.97s/epoch, best=1.011e+03, sign=0.165, train=1.015e+03, val=1.011e+03]
GNN flow training:  66%|██████▌   | 66/100 [06:44<03:22,  5.97s/epoch, best=1.011e+03, sign=0.161, train=1.012e+03, val=1.031e+03]
GNN flow training:  67%|██████▋   | 67/100 [06:44<03:17,  5.97s/epoch, best=1.011e+03, sign=0.161, train=1.012e+03, val=1.031e+03]
GNN flow training:  67%|██████▋   | 67/100 [06:50<03:17,  5.97s/epoch, best=1.011e+03, sign=0.161, train=1.032e+03, val=1.027e+03]
GNN flow training:  68%|██████▊   | 68/100 [06:50<03:11,  5.98s/epoch, best=1.011e+03, sign=0.161, train=1.032e+03, val=1.027e+03]
GNN flow training:  68%|██████▊   | 68/100 [06:56<03:11,  5.98s/epoch, best=1.011e+03, sign=0.160, train=1.027e+03, val=1.027e+03]
GNN flow training:  69%|██████▉   | 69/100 [06:56<03:05,  5.97s/epoch, best=1.011e+03, sign=0.160, train=1.027e+03, val=1.027e+03]
GNN flow training:  69%|██████▉   | 69/100 [07:02<03:05,  5.97s/epoch, best=1.011e+03, sign=0.159, train=1.028e+03, val=1.050e+03]
GNN flow training:  70%|███████   | 70/100 [07:02<02:59,  5.98s/epoch, best=1.011e+03, sign=0.159, train=1.028e+03, val=1.050e+03]
GNN flow training:  70%|███████   | 70/100 [07:08<02:59,  5.98s/epoch, best=1.011e+03, sign=0.159, train=1.051e+03, val=1.059e+03]
GNN flow training:  71%|███████   | 71/100 [07:08<02:53,  5.97s/epoch, best=1.011e+03, sign=0.159, train=1.051e+03, val=1.059e+03]
GNN flow training:  71%|███████   | 71/100 [07:14<02:53,  5.97s/epoch, best=1.011e+03, sign=0.160, train=1.060e+03, val=1.038e+03]
GNN flow training:  72%|███████▏  | 72/100 [07:14<02:46,  5.94s/epoch, best=1.011e+03, sign=0.160, train=1.060e+03, val=1.038e+03]
GNN flow training:  72%|███████▏  | 72/100 [07:20<02:46,  5.94s/epoch, best=1.011e+03, sign=0.163, train=1.038e+03, val=1.007e+03]
GNN flow training:  73%|███████▎  | 73/100 [07:20<02:40,  5.94s/epoch, best=1.011e+03, sign=0.163, train=1.038e+03, val=1.007e+03]
GNN flow training:  73%|███████▎  | 73/100 [07:26<02:40,  5.94s/epoch, best=1.007e+03, sign=0.165, train=1.008e+03, val=1.010e+03]
GNN flow training:  74%|███████▍  | 74/100 [07:26<02:34,  5.94s/epoch, best=1.007e+03, sign=0.165, train=1.008e+03, val=1.010e+03]
GNN flow training:  74%|███████▍  | 74/100 [07:32<02:34,  5.94s/epoch, best=1.007e+03, sign=0.166, train=1.011e+03, val=1.017e+03]
GNN flow training:  75%|███████▌  | 75/100 [07:32<02:29,  5.96s/epoch, best=1.007e+03, sign=0.166, train=1.011e+03, val=1.017e+03]
GNN flow training:  75%|███████▌  | 75/100 [07:38<02:29,  5.96s/epoch, best=1.007e+03, sign=0.166, train=1.019e+03, val=1.001e+03]
GNN flow training:  76%|███████▌  | 76/100 [07:38<02:23,  5.96s/epoch, best=1.007e+03, sign=0.166, train=1.019e+03, val=1.001e+03]
GNN flow training:  76%|███████▌  | 76/100 [07:44<02:23,  5.96s/epoch, best=1.001e+03, sign=0.165, train=1.002e+03, val=1.002e+03]
GNN flow training:  77%|███████▋  | 77/100 [07:44<02:17,  5.96s/epoch, best=1.001e+03, sign=0.165, train=1.002e+03, val=1.002e+03]
GNN flow training:  77%|███████▋  | 77/100 [07:50<02:17,  5.96s/epoch, best=1.001e+03, sign=0.165, train=1.003e+03, val=9.898e+02]
GNN flow training:  78%|███████▊  | 78/100 [07:50<02:10,  5.94s/epoch, best=1.001e+03, sign=0.165, train=1.003e+03, val=9.898e+02]
GNN flow training:  78%|███████▊  | 78/100 [07:56<02:10,  5.94s/epoch, best=9.898e+02, sign=0.168, train=9.907e+02, val=9.636e+02]
GNN flow training:  79%|███████▉  | 79/100 [07:56<02:04,  5.95s/epoch, best=9.898e+02, sign=0.168, train=9.907e+02, val=9.636e+02]
GNN flow training:  79%|███████▉  | 79/100 [08:02<02:04,  5.95s/epoch, best=9.636e+02, sign=0.175, train=9.646e+02, val=9.603e+02]
GNN flow training:  80%|████████  | 80/100 [08:02<01:59,  5.96s/epoch, best=9.636e+02, sign=0.175, train=9.646e+02, val=9.603e+02]
GNN flow training:  80%|████████  | 80/100 [08:07<01:59,  5.96s/epoch, best=9.603e+02, sign=0.169, train=9.614e+02, val=9.631e+02]
GNN flow training:  81%|████████  | 81/100 [08:07<01:53,  5.96s/epoch, best=9.603e+02, sign=0.169, train=9.614e+02, val=9.631e+02]
GNN flow training:  81%|████████  | 81/100 [08:13<01:53,  5.96s/epoch, best=9.603e+02, sign=0.166, train=9.642e+02, val=9.736e+02]
GNN flow training:  82%|████████▏ | 82/100 [08:13<01:47,  5.95s/epoch, best=9.603e+02, sign=0.166, train=9.642e+02, val=9.736e+02]
GNN flow training:  82%|████████▏ | 82/100 [08:19<01:47,  5.95s/epoch, best=9.603e+02, sign=0.167, train=9.747e+02, val=9.649e+02]
GNN flow training:  83%|████████▎ | 83/100 [08:19<01:41,  5.96s/epoch, best=9.603e+02, sign=0.167, train=9.747e+02, val=9.649e+02]
GNN flow training:  83%|████████▎ | 83/100 [08:25<01:41,  5.96s/epoch, best=9.603e+02, sign=0.170, train=9.659e+02, val=9.464e+02]
GNN flow training:  84%|████████▍ | 84/100 [08:25<01:35,  5.98s/epoch, best=9.603e+02, sign=0.170, train=9.659e+02, val=9.464e+02]
GNN flow training:  84%|████████▍ | 84/100 [08:31<01:35,  5.98s/epoch, best=9.464e+02, sign=0.172, train=9.473e+02, val=9.279e+02]
GNN flow training:  85%|████████▌ | 85/100 [08:31<01:29,  5.98s/epoch, best=9.464e+02, sign=0.172, train=9.473e+02, val=9.279e+02]
GNN flow training:  85%|████████▌ | 85/100 [08:37<01:29,  5.98s/epoch, best=9.279e+02, sign=0.174, train=9.288e+02, val=9.170e+02]
GNN flow training:  86%|████████▌ | 86/100 [08:37<01:23,  5.97s/epoch, best=9.279e+02, sign=0.174, train=9.288e+02, val=9.170e+02]
GNN flow training:  86%|████████▌ | 86/100 [08:43<01:23,  5.97s/epoch, best=9.170e+02, sign=0.175, train=9.182e+02, val=9.485e+02]
GNN flow training:  87%|████████▋ | 87/100 [08:43<01:17,  5.96s/epoch, best=9.170e+02, sign=0.175, train=9.182e+02, val=9.485e+02]
GNN flow training:  87%|████████▋ | 87/100 [08:49<01:17,  5.96s/epoch, best=9.170e+02, sign=0.175, train=9.498e+02, val=9.542e+02]
GNN flow training:  88%|████████▊ | 88/100 [08:49<01:11,  5.96s/epoch, best=9.170e+02, sign=0.175, train=9.498e+02, val=9.542e+02]
GNN flow training:  88%|████████▊ | 88/100 [08:55<01:11,  5.96s/epoch, best=9.170e+02, sign=0.174, train=9.554e+02, val=9.372e+02]
GNN flow training:  89%|████████▉ | 89/100 [08:55<01:05,  5.96s/epoch, best=9.170e+02, sign=0.174, train=9.554e+02, val=9.372e+02]
GNN flow training:  89%|████████▉ | 89/100 [09:01<01:05,  5.96s/epoch, best=9.170e+02, sign=0.175, train=9.381e+02, val=9.278e+02]
GNN flow training:  90%|█████████ | 90/100 [09:01<00:59,  5.96s/epoch, best=9.170e+02, sign=0.175, train=9.381e+02, val=9.278e+02]
GNN flow training:  90%|█████████ | 90/100 [09:07<00:59,  5.96s/epoch, best=9.170e+02, sign=0.175, train=9.287e+02, val=9.249e+02]
GNN flow training:  91%|█████████ | 91/100 [09:07<00:53,  5.95s/epoch, best=9.170e+02, sign=0.175, train=9.287e+02, val=9.249e+02]
GNN flow training:  91%|█████████ | 91/100 [09:13<00:53,  5.95s/epoch, best=9.170e+02, sign=0.174, train=9.257e+02, val=9.434e+02]
GNN flow training:  92%|█████████▏| 92/100 [09:13<00:47,  5.95s/epoch, best=9.170e+02, sign=0.174, train=9.257e+02, val=9.434e+02]
GNN flow training:  92%|█████████▏| 92/100 [09:19<00:47,  5.95s/epoch, best=9.170e+02, sign=0.174, train=9.440e+02, val=9.580e+02]
GNN flow training:  93%|█████████▎| 93/100 [09:19<00:41,  5.95s/epoch, best=9.170e+02, sign=0.174, train=9.440e+02, val=9.580e+02]
GNN flow training:  93%|█████████▎| 93/100 [09:25<00:41,  5.95s/epoch, best=9.170e+02, sign=0.171, train=9.586e+02, val=9.731e+02]
GNN flow training:  94%|█████████▍| 94/100 [09:25<00:35,  5.96s/epoch, best=9.170e+02, sign=0.171, train=9.586e+02, val=9.731e+02]
GNN flow training:  94%|█████████▍| 94/100 [09:31<00:35,  5.96s/epoch, best=9.170e+02, sign=0.171, train=9.737e+02, val=9.706e+02]
GNN flow training:  95%|█████████▌| 95/100 [09:31<00:29,  5.97s/epoch, best=9.170e+02, sign=0.171, train=9.737e+02, val=9.706e+02]
GNN flow training:  95%|█████████▌| 95/100 [09:37<00:29,  5.97s/epoch, best=9.170e+02, sign=0.168, train=9.713e+02, val=9.854e+02]
GNN flow training:  96%|█████████▌| 96/100 [09:37<00:23,  5.96s/epoch, best=9.170e+02, sign=0.168, train=9.713e+02, val=9.854e+02]
GNN flow training:  96%|█████████▌| 96/100 [09:43<00:23,  5.96s/epoch, best=9.170e+02, sign=0.167, train=9.865e+02, val=1.010e+03]
GNN flow training:  97%|█████████▋| 97/100 [09:43<00:17,  5.96s/epoch, best=9.170e+02, sign=0.167, train=9.865e+02, val=1.010e+03]
GNN flow training:  97%|█████████▋| 97/100 [09:49<00:17,  5.96s/epoch, best=9.170e+02, sign=0.169, train=1.011e+03, val=9.964e+02]
GNN flow training:  98%|█████████▊| 98/100 [09:49<00:11,  5.96s/epoch, best=9.170e+02, sign=0.169, train=1.011e+03, val=9.964e+02]
GNN flow training:  98%|█████████▊| 98/100 [09:55<00:11,  5.96s/epoch, best=9.170e+02, sign=0.171, train=9.976e+02, val=9.621e+02]
GNN flow training:  99%|█████████▉| 99/100 [09:55<00:05,  5.97s/epoch, best=9.170e+02, sign=0.171, train=9.976e+02, val=9.621e+02]
GNN flow training:  99%|█████████▉| 99/100 [10:01<00:05,  5.97s/epoch, best=9.170e+02, sign=0.170, train=9.632e+02, val=9.386e+02]
GNN flow training: 100%|██████████| 100/100 [10:01<00:00,  5.96s/epoch, best=9.170e+02, sign=0.170, train=9.632e+02, val=9.386e+02]
GNN flow training: 100%|██████████| 100/100 [10:01<00:00,  6.01s/epoch, best=9.170e+02, sign=0.170, train=9.632e+02, val=9.386e+02]
Resolved config snapshot:
{'preset': 'solver_QKB_outer_QKBdelta', 'gnn_outer_losses': {'flow': 100.0, 'kirchhoff': 100.0, 'boundary': 100.0, 'delta_l2': 0.1, 'delta_smooth': 0.0, 'pressure_shape': 0.0}, 'physics': {'arterial_flow_mode': 'dataset', 'pressure_constraints': ['equal-a-equal-v'], 'alpha_pa': None, 'use_snr_weights': True, 'use_observed_flow_snr_weighting': True, 'flow_scale_mode': 'median_abs', 'solver_device': 'same', 'pressure_solver_mode': 'reduced-soft-constrained-lstsq', 'pressure_solver_lambda_kirchhoff': 1.0, 'pressure_solver_lambda_pressure_constraints': 100.0, 'pressure_solver_lambda_flow_residual': 1.0, 'pressure_shape_reference': 'delta_zero_reference', 'pressure_detach': False}, 'correction_bounds': {'correction_min': -0.5, 'correction_max': 0.5, 'correction_bound': 0.5, 'correction_parameterization': 'tanh'}, 'optimization': {'learning_rate': 0.001, 'weight_decay': 0.0001, 'gradient_clip_norm': 5.0, 'optimizer': 'adamw', 'epochs': 100, 'patience': 40}}
Shard 61/80: 1 of 80 runs
Command: /mnt/home/sswee/miniforge3/envs/yolk-sac/bin/python /mnt/home/sswee/yolk/Yolk-Sac-Flow-Data-and-Sim/gnn_clean/scripts/python/gnn_flow.py /mnt/home/sswee/yolk/Yolk-Sac-Flow-Data-and-Sim/gnn_clean/datasets/mosaic_graph_canonical_harmonized/mosaic_graph_canonical_harmonized.gpickle --output-dir /mnt/home/sswee/yolk/Yolk-Sac-Flow-Data-and-Sim/gnn_clean/outputs_canonical/dc/02_physics_weight_sweep/gnn --run-name q_100__k_100__delta_0p1 --preset solver_QKB_outer_QKBdelta --device cuda --epochs 100 --seed 0 --viscosity-pa-s 0.0035 --config /mnt/home/sswee/yolk/Yolk-Sac-Flow-Data-and-Sim/gnn_clean/outputs_canonical/dc/02_physics_weight_sweep/_generated_configs/q_100__k_100__delta_0p1.yaml --no-pressure-detach
