
GNN flow training:   0%|          | 0/100 [00:00<?, ?epoch/s]
GNN flow training:   0%|          | 0/100 [00:04<?, ?epoch/s, best=6.309e+00, sign=0.195, train=7.890e+00, val=6.309e+00]
GNN flow training:   1%|          | 1/100 [00:04<07:38,  4.64s/epoch, best=6.309e+00, sign=0.195, train=7.890e+00, val=6.309e+00]
GNN flow training:   1%|          | 1/100 [00:09<07:38,  4.64s/epoch, best=6.309e+00, sign=0.194, train=7.877e+00, val=6.288e+00]
GNN flow training:   2%|▏         | 2/100 [00:09<07:28,  4.58s/epoch, best=6.309e+00, sign=0.194, train=7.877e+00, val=6.288e+00]
GNN flow training:   2%|▏         | 2/100 [00:13<07:28,  4.58s/epoch, best=6.288e+00, sign=0.193, train=7.850e+00, val=6.256e+00]
GNN flow training:   3%|▎         | 3/100 [00:13<07:23,  4.57s/epoch, best=6.288e+00, sign=0.193, train=7.850e+00, val=6.256e+00]
GNN flow training:   3%|▎         | 3/100 [00:18<07:23,  4.57s/epoch, best=6.256e+00, sign=0.192, train=7.805e+00, val=6.209e+00]
GNN flow training:   4%|▍         | 4/100 [00:18<07:15,  4.53s/epoch, best=6.256e+00, sign=0.192, train=7.805e+00, val=6.209e+00]
GNN flow training:   4%|▍         | 4/100 [00:22<07:15,  4.53s/epoch, best=6.209e+00, sign=0.191, train=7.737e+00, val=6.142e+00]
GNN flow training:   5%|▌         | 5/100 [00:22<07:10,  4.53s/epoch, best=6.209e+00, sign=0.191, train=7.737e+00, val=6.142e+00]
GNN flow training:   5%|▌         | 5/100 [00:27<07:10,  4.53s/epoch, best=6.142e+00, sign=0.188, train=7.641e+00, val=6.056e+00]
GNN flow training:   6%|▌         | 6/100 [00:27<07:04,  4.52s/epoch, best=6.142e+00, sign=0.188, train=7.641e+00, val=6.056e+00]
GNN flow training:   6%|▌         | 6/100 [00:31<07:04,  4.52s/epoch, best=6.056e+00, sign=0.184, train=7.513e+00, val=5.956e+00]
GNN flow training:   7%|▋         | 7/100 [00:31<06:58,  4.50s/epoch, best=6.056e+00, sign=0.184, train=7.513e+00, val=5.956e+00]
GNN flow training:   7%|▋         | 7/100 [00:36<06:58,  4.50s/epoch, best=5.956e+00, sign=0.181, train=7.347e+00, val=5.830e+00]
GNN flow training:   8%|▊         | 8/100 [00:36<06:53,  4.49s/epoch, best=5.956e+00, sign=0.181, train=7.347e+00, val=5.830e+00]
GNN flow training:   8%|▊         | 8/100 [00:40<06:53,  4.49s/epoch, best=5.830e+00, sign=0.176, train=7.139e+00, val=5.698e+00]
GNN flow training:   9%|▉         | 9/100 [00:40<06:49,  4.50s/epoch, best=5.830e+00, sign=0.176, train=7.139e+00, val=5.698e+00]
GNN flow training:   9%|▉         | 9/100 [00:45<06:49,  4.50s/epoch, best=5.698e+00, sign=0.169, train=6.894e+00, val=5.571e+00]
GNN flow training:  10%|█         | 10/100 [00:45<06:44,  4.49s/epoch, best=5.698e+00, sign=0.169, train=6.894e+00, val=5.571e+00]
GNN flow training:  10%|█         | 10/100 [00:49<06:44,  4.49s/epoch, best=5.571e+00, sign=0.164, train=6.628e+00, val=5.454e+00]
GNN flow training:  11%|█         | 11/100 [00:49<06:38,  4.48s/epoch, best=5.571e+00, sign=0.164, train=6.628e+00, val=5.454e+00]
GNN flow training:  11%|█         | 11/100 [00:54<06:38,  4.48s/epoch, best=5.454e+00, sign=0.159, train=6.360e+00, val=5.326e+00]
GNN flow training:  12%|█▏        | 12/100 [00:54<06:33,  4.47s/epoch, best=5.454e+00, sign=0.159, train=6.360e+00, val=5.326e+00]
GNN flow training:  12%|█▏        | 12/100 [00:58<06:33,  4.47s/epoch, best=5.326e+00, sign=0.150, train=6.106e+00, val=5.215e+00]
GNN flow training:  13%|█▎        | 13/100 [00:58<06:29,  4.48s/epoch, best=5.326e+00, sign=0.150, train=6.106e+00, val=5.215e+00]
GNN flow training:  13%|█▎        | 13/100 [01:03<06:29,  4.48s/epoch, best=5.215e+00, sign=0.147, train=5.864e+00, val=5.116e+00]
GNN flow training:  14%|█▍        | 14/100 [01:03<06:25,  4.48s/epoch, best=5.215e+00, sign=0.147, train=5.864e+00, val=5.116e+00]
GNN flow training:  14%|█▍        | 14/100 [01:07<06:25,  4.48s/epoch, best=5.116e+00, sign=0.144, train=5.631e+00, val=5.002e+00]
GNN flow training:  15%|█▌        | 15/100 [01:07<06:19,  4.47s/epoch, best=5.116e+00, sign=0.144, train=5.631e+00, val=5.002e+00]
GNN flow training:  15%|█▌        | 15/100 [01:11<06:19,  4.47s/epoch, best=5.002e+00, sign=0.140, train=5.411e+00, val=4.964e+00]
GNN flow training:  16%|█▌        | 16/100 [01:11<06:15,  4.46s/epoch, best=5.002e+00, sign=0.140, train=5.411e+00, val=4.964e+00]
GNN flow training:  16%|█▌        | 16/100 [01:16<06:15,  4.46s/epoch, best=4.964e+00, sign=0.139, train=5.212e+00, val=4.903e+00]
GNN flow training:  17%|█▋        | 17/100 [01:16<06:09,  4.46s/epoch, best=4.964e+00, sign=0.139, train=5.212e+00, val=4.903e+00]
GNN flow training:  17%|█▋        | 17/100 [01:20<06:09,  4.46s/epoch, best=4.903e+00, sign=0.136, train=5.043e+00, val=4.914e+00]
GNN flow training:  18%|█▊        | 18/100 [01:20<06:06,  4.47s/epoch, best=4.903e+00, sign=0.136, train=5.043e+00, val=4.914e+00]
GNN flow training:  18%|█▊        | 18/100 [01:25<06:06,  4.47s/epoch, best=4.903e+00, sign=0.134, train=4.918e+00, val=4.876e+00]
GNN flow training:  19%|█▉        | 19/100 [01:25<06:03,  4.48s/epoch, best=4.903e+00, sign=0.134, train=4.918e+00, val=4.876e+00]
GNN flow training:  19%|█▉        | 19/100 [01:29<06:03,  4.48s/epoch, best=4.876e+00, sign=0.133, train=4.802e+00, val=4.850e+00]
GNN flow training:  20%|██        | 20/100 [01:29<05:58,  4.49s/epoch, best=4.876e+00, sign=0.133, train=4.802e+00, val=4.850e+00]
GNN flow training:  20%|██        | 20/100 [01:34<05:58,  4.49s/epoch, best=4.850e+00, sign=0.131, train=4.723e+00, val=4.822e+00]
GNN flow training:  21%|██        | 21/100 [01:34<05:54,  4.48s/epoch, best=4.850e+00, sign=0.131, train=4.723e+00, val=4.822e+00]
GNN flow training:  21%|██        | 21/100 [01:38<05:54,  4.48s/epoch, best=4.822e+00, sign=0.131, train=4.649e+00, val=4.751e+00]
GNN flow training:  22%|██▏       | 22/100 [01:38<05:49,  4.48s/epoch, best=4.822e+00, sign=0.131, train=4.649e+00, val=4.751e+00]
GNN flow training:  22%|██▏       | 22/100 [01:43<05:49,  4.48s/epoch, best=4.751e+00, sign=0.134, train=4.578e+00, val=4.644e+00]
GNN flow training:  23%|██▎       | 23/100 [01:43<05:44,  4.47s/epoch, best=4.751e+00, sign=0.134, train=4.578e+00, val=4.644e+00]
GNN flow training:  23%|██▎       | 23/100 [01:47<05:44,  4.47s/epoch, best=4.644e+00, sign=0.133, train=4.508e+00, val=4.585e+00]
GNN flow training:  24%|██▍       | 24/100 [01:47<05:38,  4.46s/epoch, best=4.644e+00, sign=0.133, train=4.508e+00, val=4.585e+00]
GNN flow training:  24%|██▍       | 24/100 [01:52<05:38,  4.46s/epoch, best=4.585e+00, sign=0.136, train=4.454e+00, val=4.595e+00]
GNN flow training:  25%|██▌       | 25/100 [01:52<05:34,  4.45s/epoch, best=4.585e+00, sign=0.136, train=4.454e+00, val=4.595e+00]
GNN flow training:  25%|██▌       | 25/100 [01:56<05:34,  4.45s/epoch, best=4.585e+00, sign=0.135, train=4.425e+00, val=4.439e+00]
GNN flow training:  26%|██▌       | 26/100 [01:56<05:28,  4.44s/epoch, best=4.585e+00, sign=0.135, train=4.425e+00, val=4.439e+00]
GNN flow training:  26%|██▌       | 26/100 [02:01<05:28,  4.44s/epoch, best=4.439e+00, sign=0.133, train=4.421e+00, val=4.405e+00]
GNN flow training:  27%|██▋       | 27/100 [02:01<05:24,  4.45s/epoch, best=4.439e+00, sign=0.133, train=4.421e+00, val=4.405e+00]
GNN flow training:  27%|██▋       | 27/100 [02:05<05:24,  4.45s/epoch, best=4.405e+00, sign=0.133, train=4.377e+00, val=4.403e+00]
GNN flow training:  28%|██▊       | 28/100 [02:05<05:19,  4.44s/epoch, best=4.405e+00, sign=0.133, train=4.377e+00, val=4.403e+00]
GNN flow training:  28%|██▊       | 28/100 [02:09<05:19,  4.44s/epoch, best=4.403e+00, sign=0.132, train=4.328e+00, val=4.394e+00]
GNN flow training:  29%|██▉       | 29/100 [02:09<05:16,  4.45s/epoch, best=4.403e+00, sign=0.132, train=4.328e+00, val=4.394e+00]
GNN flow training:  29%|██▉       | 29/100 [02:14<05:16,  4.45s/epoch, best=4.394e+00, sign=0.133, train=4.291e+00, val=4.392e+00]
GNN flow training:  30%|███       | 30/100 [02:14<05:11,  4.44s/epoch, best=4.394e+00, sign=0.133, train=4.291e+00, val=4.392e+00]
GNN flow training:  30%|███       | 30/100 [02:18<05:11,  4.44s/epoch, best=4.392e+00, sign=0.144, train=4.245e+00, val=4.518e+00]
GNN flow training:  31%|███       | 31/100 [02:18<05:07,  4.46s/epoch, best=4.392e+00, sign=0.144, train=4.245e+00, val=4.518e+00]
GNN flow training:  31%|███       | 31/100 [02:23<05:07,  4.46s/epoch, best=4.392e+00, sign=0.136, train=4.657e+00, val=4.438e+00]
GNN flow training:  32%|███▏      | 32/100 [02:23<05:01,  4.44s/epoch, best=4.392e+00, sign=0.136, train=4.657e+00, val=4.438e+00]
GNN flow training:  32%|███▏      | 32/100 [02:27<05:01,  4.44s/epoch, best=4.392e+00, sign=0.135, train=4.217e+00, val=4.442e+00]
GNN flow training:  33%|███▎      | 33/100 [02:27<04:57,  4.44s/epoch, best=4.392e+00, sign=0.135, train=4.217e+00, val=4.442e+00]
GNN flow training:  33%|███▎      | 33/100 [02:32<04:57,  4.44s/epoch, best=4.392e+00, sign=0.133, train=4.151e+00, val=4.485e+00]
GNN flow training:  34%|███▍      | 34/100 [02:32<04:53,  4.45s/epoch, best=4.392e+00, sign=0.133, train=4.151e+00, val=4.485e+00]
GNN flow training:  34%|███▍      | 34/100 [02:36<04:53,  4.45s/epoch, best=4.392e+00, sign=0.132, train=4.207e+00, val=4.533e+00]
GNN flow training:  35%|███▌      | 35/100 [02:36<04:48,  4.44s/epoch, best=4.392e+00, sign=0.132, train=4.207e+00, val=4.533e+00]
GNN flow training:  35%|███▌      | 35/100 [02:40<04:48,  4.44s/epoch, best=4.392e+00, sign=0.132, train=4.189e+00, val=4.475e+00]
GNN flow training:  36%|███▌      | 36/100 [02:40<04:44,  4.44s/epoch, best=4.392e+00, sign=0.132, train=4.189e+00, val=4.475e+00]
GNN flow training:  36%|███▌      | 36/100 [02:45<04:44,  4.44s/epoch, best=4.392e+00, sign=0.135, train=4.110e+00, val=4.318e+00]
GNN flow training:  37%|███▋      | 37/100 [02:45<04:39,  4.44s/epoch, best=4.392e+00, sign=0.135, train=4.110e+00, val=4.318e+00]
GNN flow training:  37%|███▋      | 37/100 [02:49<04:39,  4.44s/epoch, best=4.318e+00, sign=0.137, train=4.132e+00, val=4.261e+00]
GNN flow training:  38%|███▊      | 38/100 [02:49<04:35,  4.44s/epoch, best=4.318e+00, sign=0.137, train=4.132e+00, val=4.261e+00]
GNN flow training:  38%|███▊      | 38/100 [02:54<04:35,  4.44s/epoch, best=4.261e+00, sign=0.135, train=4.146e+00, val=4.262e+00]
GNN flow training:  39%|███▉      | 39/100 [02:54<04:31,  4.45s/epoch, best=4.261e+00, sign=0.135, train=4.146e+00, val=4.262e+00]
GNN flow training:  39%|███▉      | 39/100 [02:58<04:31,  4.45s/epoch, best=4.261e+00, sign=0.137, train=4.081e+00, val=4.404e+00]
GNN flow training:  40%|████      | 40/100 [02:58<04:27,  4.46s/epoch, best=4.261e+00, sign=0.137, train=4.081e+00, val=4.404e+00]
GNN flow training:  40%|████      | 40/100 [03:03<04:27,  4.46s/epoch, best=4.261e+00, sign=0.138, train=4.118e+00, val=4.417e+00]
GNN flow training:  41%|████      | 41/100 [03:03<04:22,  4.45s/epoch, best=4.261e+00, sign=0.138, train=4.118e+00, val=4.417e+00]
GNN flow training:  41%|████      | 41/100 [03:07<04:22,  4.45s/epoch, best=4.261e+00, sign=0.134, train=4.048e+00, val=4.525e+00]
GNN flow training:  42%|████▏     | 42/100 [03:07<04:18,  4.45s/epoch, best=4.261e+00, sign=0.134, train=4.048e+00, val=4.525e+00]
GNN flow training:  42%|████▏     | 42/100 [03:12<04:18,  4.45s/epoch, best=4.261e+00, sign=0.135, train=4.107e+00, val=4.522e+00]
GNN flow training:  43%|████▎     | 43/100 [03:12<04:13,  4.46s/epoch, best=4.261e+00, sign=0.135, train=4.107e+00, val=4.522e+00]
GNN flow training:  43%|████▎     | 43/100 [03:16<04:13,  4.46s/epoch, best=4.261e+00, sign=0.138, train=4.090e+00, val=4.428e+00]
GNN flow training:  44%|████▍     | 44/100 [03:16<04:09,  4.46s/epoch, best=4.261e+00, sign=0.138, train=4.090e+00, val=4.428e+00]
GNN flow training:  44%|████▍     | 44/100 [03:21<04:09,  4.46s/epoch, best=4.261e+00, sign=0.139, train=4.000e+00, val=4.401e+00]
GNN flow training:  45%|████▌     | 45/100 [03:21<04:05,  4.46s/epoch, best=4.261e+00, sign=0.139, train=4.000e+00, val=4.401e+00]
GNN flow training:  45%|████▌     | 45/100 [03:25<04:05,  4.46s/epoch, best=4.261e+00, sign=0.137, train=4.016e+00, val=4.282e+00]
GNN flow training:  46%|████▌     | 46/100 [03:25<04:00,  4.46s/epoch, best=4.261e+00, sign=0.137, train=4.016e+00, val=4.282e+00]
GNN flow training:  46%|████▌     | 46/100 [03:30<04:00,  4.46s/epoch, best=4.261e+00, sign=0.135, train=3.950e+00, val=4.287e+00]
GNN flow training:  47%|████▋     | 47/100 [03:30<03:56,  4.46s/epoch, best=4.261e+00, sign=0.135, train=3.950e+00, val=4.287e+00]
GNN flow training:  47%|████▋     | 47/100 [03:34<03:56,  4.46s/epoch, best=4.261e+00, sign=0.136, train=4.060e+00, val=4.268e+00]
GNN flow training:  48%|████▊     | 48/100 [03:34<03:52,  4.46s/epoch, best=4.261e+00, sign=0.136, train=4.060e+00, val=4.268e+00]
GNN flow training:  48%|████▊     | 48/100 [03:38<03:52,  4.46s/epoch, best=4.261e+00, sign=0.131, train=4.077e+00, val=4.325e+00]
GNN flow training:  49%|████▉     | 49/100 [03:38<03:47,  4.47s/epoch, best=4.261e+00, sign=0.131, train=4.077e+00, val=4.325e+00]
GNN flow training:  49%|████▉     | 49/100 [03:43<03:47,  4.47s/epoch, best=4.261e+00, sign=0.135, train=3.947e+00, val=4.443e+00]
GNN flow training:  50%|█████     | 50/100 [03:43<03:43,  4.47s/epoch, best=4.261e+00, sign=0.135, train=3.947e+00, val=4.443e+00]
GNN flow training:  50%|█████     | 50/100 [03:47<03:43,  4.47s/epoch, best=4.261e+00, sign=0.138, train=3.934e+00, val=4.484e+00]
GNN flow training:  51%|█████     | 51/100 [03:47<03:39,  4.47s/epoch, best=4.261e+00, sign=0.138, train=3.934e+00, val=4.484e+00]
GNN flow training:  51%|█████     | 51/100 [03:52<03:39,  4.47s/epoch, best=4.261e+00, sign=0.140, train=3.971e+00, val=4.611e+00]
GNN flow training:  52%|█████▏    | 52/100 [03:52<03:35,  4.48s/epoch, best=4.261e+00, sign=0.140, train=3.971e+00, val=4.611e+00]
GNN flow training:  52%|█████▏    | 52/100 [03:56<03:35,  4.48s/epoch, best=4.261e+00, sign=0.139, train=4.047e+00, val=4.671e+00]
GNN flow training:  53%|█████▎    | 53/100 [03:56<03:30,  4.48s/epoch, best=4.261e+00, sign=0.139, train=4.047e+00, val=4.671e+00]
GNN flow training:  53%|█████▎    | 53/100 [04:01<03:30,  4.48s/epoch, best=4.261e+00, sign=0.134, train=4.018e+00, val=4.511e+00]
GNN flow training:  54%|█████▍    | 54/100 [04:01<03:26,  4.48s/epoch, best=4.261e+00, sign=0.134, train=4.018e+00, val=4.511e+00]
GNN flow training:  54%|█████▍    | 54/100 [04:05<03:26,  4.48s/epoch, best=4.261e+00, sign=0.137, train=3.954e+00, val=4.251e+00]
GNN flow training:  55%|█████▌    | 55/100 [04:05<03:21,  4.48s/epoch, best=4.261e+00, sign=0.137, train=3.954e+00, val=4.251e+00]
GNN flow training:  55%|█████▌    | 55/100 [04:10<03:21,  4.48s/epoch, best=4.251e+00, sign=0.143, train=3.994e+00, val=4.250e+00]
GNN flow training:  56%|█████▌    | 56/100 [04:10<03:17,  4.48s/epoch, best=4.251e+00, sign=0.143, train=3.994e+00, val=4.250e+00]
GNN flow training:  56%|█████▌    | 56/100 [04:14<03:17,  4.48s/epoch, best=4.250e+00, sign=0.135, train=4.257e+00, val=4.302e+00]
GNN flow training:  57%|█████▋    | 57/100 [04:14<03:12,  4.49s/epoch, best=4.250e+00, sign=0.135, train=4.257e+00, val=4.302e+00]
GNN flow training:  57%|█████▋    | 57/100 [04:19<03:12,  4.49s/epoch, best=4.250e+00, sign=0.129, train=4.093e+00, val=4.242e+00]
GNN flow training:  58%|█████▊    | 58/100 [04:19<03:08,  4.48s/epoch, best=4.250e+00, sign=0.129, train=4.093e+00, val=4.242e+00]
GNN flow training:  58%|█████▊    | 58/100 [04:23<03:08,  4.48s/epoch, best=4.242e+00, sign=0.138, train=3.997e+00, val=4.442e+00]
GNN flow training:  59%|█████▉    | 59/100 [04:23<03:03,  4.48s/epoch, best=4.242e+00, sign=0.138, train=3.997e+00, val=4.442e+00]
GNN flow training:  59%|█████▉    | 59/100 [04:28<03:03,  4.48s/epoch, best=4.242e+00, sign=0.140, train=3.962e+00, val=4.632e+00]
GNN flow training:  60%|██████    | 60/100 [04:28<02:58,  4.46s/epoch, best=4.242e+00, sign=0.140, train=3.962e+00, val=4.632e+00]
GNN flow training:  60%|██████    | 60/100 [04:32<02:58,  4.46s/epoch, best=4.242e+00, sign=0.145, train=3.957e+00, val=4.863e+00]
GNN flow training:  61%|██████    | 61/100 [04:32<02:53,  4.45s/epoch, best=4.242e+00, sign=0.145, train=3.957e+00, val=4.863e+00]
GNN flow training:  61%|██████    | 61/100 [04:37<02:53,  4.45s/epoch, best=4.242e+00, sign=0.140, train=4.140e+00, val=4.839e+00]
GNN flow training:  62%|██████▏   | 62/100 [04:37<02:49,  4.46s/epoch, best=4.242e+00, sign=0.140, train=4.140e+00, val=4.839e+00]
GNN flow training:  62%|██████▏   | 62/100 [04:41<02:49,  4.46s/epoch, best=4.242e+00, sign=0.141, train=4.172e+00, val=4.638e+00]
GNN flow training:  63%|██████▎   | 63/100 [04:41<02:44,  4.46s/epoch, best=4.242e+00, sign=0.141, train=4.172e+00, val=4.638e+00]
GNN flow training:  63%|██████▎   | 63/100 [04:46<02:44,  4.46s/epoch, best=4.242e+00, sign=0.140, train=4.009e+00, val=4.488e+00]
GNN flow training:  64%|██████▍   | 64/100 [04:46<02:40,  4.45s/epoch, best=4.242e+00, sign=0.140, train=4.009e+00, val=4.488e+00]
GNN flow training:  64%|██████▍   | 64/100 [04:50<02:40,  4.45s/epoch, best=4.242e+00, sign=0.135, train=3.916e+00, val=4.162e+00]
GNN flow training:  65%|██████▌   | 65/100 [04:50<02:36,  4.47s/epoch, best=4.242e+00, sign=0.135, train=3.916e+00, val=4.162e+00]
GNN flow training:  65%|██████▌   | 65/100 [04:55<02:36,  4.47s/epoch, best=4.162e+00, sign=0.133, train=3.894e+00, val=4.119e+00]
GNN flow training:  66%|██████▌   | 66/100 [04:55<02:31,  4.47s/epoch, best=4.162e+00, sign=0.133, train=3.894e+00, val=4.119e+00]
GNN flow training:  66%|██████▌   | 66/100 [04:59<02:31,  4.47s/epoch, best=4.119e+00, sign=0.134, train=3.972e+00, val=4.103e+00]
GNN flow training:  67%|██████▋   | 67/100 [04:59<02:27,  4.46s/epoch, best=4.119e+00, sign=0.134, train=3.972e+00, val=4.103e+00]
GNN flow training:  67%|██████▋   | 67/100 [05:03<02:27,  4.46s/epoch, best=4.103e+00, sign=0.134, train=3.972e+00, val=4.014e+00]
GNN flow training:  68%|██████▊   | 68/100 [05:03<02:22,  4.46s/epoch, best=4.103e+00, sign=0.134, train=3.972e+00, val=4.014e+00]
GNN flow training:  68%|██████▊   | 68/100 [05:08<02:22,  4.46s/epoch, best=4.014e+00, sign=0.133, train=3.840e+00, val=4.133e+00]
GNN flow training:  69%|██████▉   | 69/100 [05:08<02:18,  4.47s/epoch, best=4.014e+00, sign=0.133, train=3.840e+00, val=4.133e+00]
GNN flow training:  69%|██████▉   | 69/100 [05:12<02:18,  4.47s/epoch, best=4.014e+00, sign=0.139, train=3.849e+00, val=4.128e+00]
GNN flow training:  70%|███████   | 70/100 [05:12<02:14,  4.47s/epoch, best=4.014e+00, sign=0.139, train=3.849e+00, val=4.128e+00]
GNN flow training:  70%|███████   | 70/100 [05:17<02:14,  4.47s/epoch, best=4.014e+00, sign=0.138, train=3.845e+00, val=4.179e+00]
GNN flow training:  71%|███████   | 71/100 [05:17<02:09,  4.47s/epoch, best=4.014e+00, sign=0.138, train=3.845e+00, val=4.179e+00]
GNN flow training:  71%|███████   | 71/100 [05:21<02:09,  4.47s/epoch, best=4.014e+00, sign=0.138, train=3.952e+00, val=4.130e+00]
GNN flow training:  72%|███████▏  | 72/100 [05:21<02:04,  4.46s/epoch, best=4.014e+00, sign=0.138, train=3.952e+00, val=4.130e+00]
GNN flow training:  72%|███████▏  | 72/100 [05:26<02:04,  4.46s/epoch, best=4.014e+00, sign=0.133, train=3.857e+00, val=4.125e+00]
GNN flow training:  73%|███████▎  | 73/100 [05:26<02:00,  4.46s/epoch, best=4.014e+00, sign=0.133, train=3.857e+00, val=4.125e+00]
GNN flow training:  73%|███████▎  | 73/100 [05:30<02:00,  4.46s/epoch, best=4.014e+00, sign=0.130, train=3.803e+00, val=4.098e+00]
GNN flow training:  74%|███████▍  | 74/100 [05:30<01:55,  4.45s/epoch, best=4.014e+00, sign=0.130, train=3.803e+00, val=4.098e+00]
GNN flow training:  74%|███████▍  | 74/100 [05:35<01:55,  4.45s/epoch, best=4.014e+00, sign=0.130, train=3.818e+00, val=4.039e+00]
GNN flow training:  75%|███████▌  | 75/100 [05:35<01:51,  4.48s/epoch, best=4.014e+00, sign=0.130, train=3.818e+00, val=4.039e+00]
GNN flow training:  75%|███████▌  | 75/100 [05:39<01:51,  4.48s/epoch, best=4.014e+00, sign=0.128, train=3.812e+00, val=3.922e+00]
GNN flow training:  76%|███████▌  | 76/100 [05:39<01:47,  4.46s/epoch, best=4.014e+00, sign=0.128, train=3.812e+00, val=3.922e+00]
GNN flow training:  76%|███████▌  | 76/100 [05:44<01:47,  4.46s/epoch, best=3.922e+00, sign=0.129, train=3.803e+00, val=3.928e+00]
GNN flow training:  77%|███████▋  | 77/100 [05:44<01:42,  4.46s/epoch, best=3.922e+00, sign=0.129, train=3.803e+00, val=3.928e+00]
GNN flow training:  77%|███████▋  | 77/100 [05:48<01:42,  4.46s/epoch, best=3.922e+00, sign=0.129, train=3.791e+00, val=3.907e+00]
GNN flow training:  78%|███████▊  | 78/100 [05:48<01:38,  4.46s/epoch, best=3.922e+00, sign=0.129, train=3.791e+00, val=3.907e+00]
GNN flow training:  78%|███████▊  | 78/100 [05:53<01:38,  4.46s/epoch, best=3.907e+00, sign=0.130, train=3.776e+00, val=3.897e+00]
GNN flow training:  79%|███████▉  | 79/100 [05:53<01:33,  4.46s/epoch, best=3.907e+00, sign=0.130, train=3.776e+00, val=3.897e+00]
GNN flow training:  79%|███████▉  | 79/100 [05:57<01:33,  4.46s/epoch, best=3.897e+00, sign=0.130, train=3.764e+00, val=3.883e+00]
GNN flow training:  80%|████████  | 80/100 [05:57<01:29,  4.46s/epoch, best=3.897e+00, sign=0.130, train=3.764e+00, val=3.883e+00]
GNN flow training:  80%|████████  | 80/100 [06:01<01:29,  4.46s/epoch, best=3.883e+00, sign=0.128, train=3.755e+00, val=3.932e+00]
GNN flow training:  81%|████████  | 81/100 [06:01<01:24,  4.45s/epoch, best=3.883e+00, sign=0.128, train=3.755e+00, val=3.932e+00]
GNN flow training:  81%|████████  | 81/100 [06:06<01:24,  4.45s/epoch, best=3.883e+00, sign=0.130, train=3.747e+00, val=3.904e+00]
GNN flow training:  82%|████████▏ | 82/100 [06:06<01:20,  4.45s/epoch, best=3.883e+00, sign=0.130, train=3.747e+00, val=3.904e+00]
GNN flow training:  82%|████████▏ | 82/100 [06:10<01:20,  4.45s/epoch, best=3.883e+00, sign=0.134, train=3.739e+00, val=3.872e+00]
GNN flow training:  83%|████████▎ | 83/100 [06:10<01:15,  4.45s/epoch, best=3.883e+00, sign=0.134, train=3.739e+00, val=3.872e+00]
GNN flow training:  83%|████████▎ | 83/100 [06:15<01:15,  4.45s/epoch, best=3.872e+00, sign=0.134, train=3.735e+00, val=3.848e+00]
GNN flow training:  84%|████████▍ | 84/100 [06:15<01:11,  4.46s/epoch, best=3.872e+00, sign=0.134, train=3.735e+00, val=3.848e+00]
GNN flow training:  84%|████████▍ | 84/100 [06:19<01:11,  4.46s/epoch, best=3.848e+00, sign=0.131, train=3.725e+00, val=3.851e+00]
GNN flow training:  85%|████████▌ | 85/100 [06:19<01:06,  4.47s/epoch, best=3.848e+00, sign=0.131, train=3.725e+00, val=3.851e+00]
GNN flow training:  85%|████████▌ | 85/100 [06:24<01:06,  4.47s/epoch, best=3.848e+00, sign=0.131, train=3.723e+00, val=3.838e+00]
GNN flow training:  86%|████████▌ | 86/100 [06:24<01:02,  4.46s/epoch, best=3.848e+00, sign=0.131, train=3.723e+00, val=3.838e+00]
GNN flow training:  86%|████████▌ | 86/100 [06:28<01:02,  4.46s/epoch, best=3.838e+00, sign=0.132, train=3.705e+00, val=3.811e+00]
GNN flow training:  87%|████████▋ | 87/100 [06:28<00:57,  4.46s/epoch, best=3.838e+00, sign=0.132, train=3.705e+00, val=3.811e+00]
GNN flow training:  87%|████████▋ | 87/100 [06:33<00:57,  4.46s/epoch, best=3.811e+00, sign=0.131, train=3.692e+00, val=3.792e+00]
GNN flow training:  88%|████████▊ | 88/100 [06:33<00:53,  4.48s/epoch, best=3.811e+00, sign=0.131, train=3.692e+00, val=3.792e+00]
GNN flow training:  88%|████████▊ | 88/100 [06:37<00:53,  4.48s/epoch, best=3.792e+00, sign=0.128, train=3.683e+00, val=3.748e+00]
GNN flow training:  89%|████████▉ | 89/100 [06:37<00:49,  4.47s/epoch, best=3.792e+00, sign=0.128, train=3.683e+00, val=3.748e+00]
GNN flow training:  89%|████████▉ | 89/100 [06:42<00:49,  4.47s/epoch, best=3.748e+00, sign=0.127, train=3.678e+00, val=3.738e+00]
GNN flow training:  90%|█████████ | 90/100 [06:42<00:44,  4.47s/epoch, best=3.748e+00, sign=0.127, train=3.678e+00, val=3.738e+00]
GNN flow training:  90%|█████████ | 90/100 [06:46<00:44,  4.47s/epoch, best=3.738e+00, sign=0.128, train=3.673e+00, val=3.694e+00]
GNN flow training:  91%|█████████ | 91/100 [06:46<00:40,  4.45s/epoch, best=3.738e+00, sign=0.128, train=3.673e+00, val=3.694e+00]
GNN flow training:  91%|█████████ | 91/100 [06:50<00:40,  4.45s/epoch, best=3.694e+00, sign=0.128, train=3.671e+00, val=3.688e+00]
GNN flow training:  92%|█████████▏| 92/100 [06:50<00:35,  4.45s/epoch, best=3.694e+00, sign=0.128, train=3.671e+00, val=3.688e+00]
GNN flow training:  92%|█████████▏| 92/100 [06:55<00:35,  4.45s/epoch, best=3.688e+00, sign=0.127, train=3.666e+00, val=3.665e+00]
GNN flow training:  93%|█████████▎| 93/100 [06:55<00:31,  4.44s/epoch, best=3.688e+00, sign=0.127, train=3.666e+00, val=3.665e+00]
GNN flow training:  93%|█████████▎| 93/100 [06:59<00:31,  4.44s/epoch, best=3.665e+00, sign=0.126, train=3.659e+00, val=3.717e+00]
GNN flow training:  94%|█████████▍| 94/100 [06:59<00:26,  4.43s/epoch, best=3.665e+00, sign=0.126, train=3.659e+00, val=3.717e+00]
GNN flow training:  94%|█████████▍| 94/100 [07:04<00:26,  4.43s/epoch, best=3.665e+00, sign=0.129, train=3.654e+00, val=3.676e+00]
GNN flow training:  95%|█████████▌| 95/100 [07:04<00:22,  4.45s/epoch, best=3.665e+00, sign=0.129, train=3.654e+00, val=3.676e+00]
GNN flow training:  95%|█████████▌| 95/100 [07:08<00:22,  4.45s/epoch, best=3.665e+00, sign=0.129, train=3.641e+00, val=3.632e+00]
GNN flow training:  96%|█████████▌| 96/100 [07:08<00:17,  4.45s/epoch, best=3.665e+00, sign=0.129, train=3.641e+00, val=3.632e+00]
GNN flow training:  96%|█████████▌| 96/100 [07:13<00:17,  4.45s/epoch, best=3.632e+00, sign=0.129, train=3.634e+00, val=3.634e+00]
GNN flow training:  97%|█████████▋| 97/100 [07:13<00:13,  4.45s/epoch, best=3.632e+00, sign=0.129, train=3.634e+00, val=3.634e+00]
GNN flow training:  97%|█████████▋| 97/100 [07:17<00:13,  4.45s/epoch, best=3.632e+00, sign=0.129, train=3.629e+00, val=3.654e+00]
GNN flow training:  98%|█████████▊| 98/100 [07:17<00:08,  4.45s/epoch, best=3.632e+00, sign=0.129, train=3.629e+00, val=3.654e+00]
GNN flow training:  98%|█████████▊| 98/100 [07:22<00:08,  4.45s/epoch, best=3.632e+00, sign=0.128, train=3.632e+00, val=3.686e+00]
GNN flow training:  99%|█████████▉| 99/100 [07:22<00:04,  4.45s/epoch, best=3.632e+00, sign=0.128, train=3.632e+00, val=3.686e+00]
GNN flow training:  99%|█████████▉| 99/100 [07:26<00:04,  4.45s/epoch, best=3.632e+00, sign=0.127, train=3.627e+00, val=3.606e+00]
GNN flow training: 100%|██████████| 100/100 [07:26<00:00,  4.44s/epoch, best=3.632e+00, sign=0.127, train=3.627e+00, val=3.606e+00]
GNN flow training: 100%|██████████| 100/100 [07:26<00:00,  4.47s/epoch, best=3.632e+00, sign=0.127, train=3.627e+00, val=3.606e+00]

GNN flow training:   0%|          | 0/100 [00:00<?, ?epoch/s]
GNN flow training:   0%|          | 0/100 [00:04<?, ?epoch/s, best=1.271e+03, sign=0.194, train=1.270e+03, val=1.271e+03]
GNN flow training:   1%|          | 1/100 [00:04<07:38,  4.63s/epoch, best=1.271e+03, sign=0.194, train=1.270e+03, val=1.271e+03]
GNN flow training:   1%|          | 1/100 [00:09<07:38,  4.63s/epoch, best=1.271e+03, sign=0.194, train=1.271e+03, val=1.274e+03]
GNN flow training:   2%|▏         | 2/100 [00:09<07:24,  4.54s/epoch, best=1.271e+03, sign=0.194, train=1.271e+03, val=1.274e+03]
GNN flow training:   2%|▏         | 2/100 [00:13<07:24,  4.54s/epoch, best=1.271e+03, sign=0.194, train=1.274e+03, val=1.273e+03]
GNN flow training:   3%|▎         | 3/100 [00:13<07:17,  4.51s/epoch, best=1.271e+03, sign=0.194, train=1.274e+03, val=1.273e+03]
GNN flow training:   3%|▎         | 3/100 [00:18<07:17,  4.51s/epoch, best=1.271e+03, sign=0.194, train=1.273e+03, val=1.269e+03]
GNN flow training:   4%|▍         | 4/100 [00:18<07:13,  4.51s/epoch, best=1.271e+03, sign=0.194, train=1.273e+03, val=1.269e+03]
GNN flow training:   4%|▍         | 4/100 [00:22<07:13,  4.51s/epoch, best=1.269e+03, sign=0.194, train=1.269e+03, val=1.271e+03]
GNN flow training:   5%|▌         | 5/100 [00:22<07:10,  4.53s/epoch, best=1.269e+03, sign=0.194, train=1.269e+03, val=1.271e+03]
GNN flow training:   5%|▌         | 5/100 [00:27<07:10,  4.53s/epoch, best=1.269e+03, sign=0.194, train=1.271e+03, val=1.268e+03]
GNN flow training:   6%|▌         | 6/100 [00:27<07:04,  4.52s/epoch, best=1.269e+03, sign=0.194, train=1.271e+03, val=1.268e+03]
GNN flow training:   6%|▌         | 6/100 [00:31<07:04,  4.52s/epoch, best=1.268e+03, sign=0.194, train=1.268e+03, val=1.269e+03]
GNN flow training:   7%|▋         | 7/100 [00:31<06:58,  4.50s/epoch, best=1.268e+03, sign=0.194, train=1.268e+03, val=1.269e+03]
GNN flow training:   7%|▋         | 7/100 [00:36<06:58,  4.50s/epoch, best=1.268e+03, sign=0.194, train=1.269e+03, val=1.269e+03]
GNN flow training:   8%|▊         | 8/100 [00:36<06:53,  4.49s/epoch, best=1.268e+03, sign=0.194, train=1.269e+03, val=1.269e+03]
GNN flow training:   8%|▊         | 8/100 [00:40<06:53,  4.49s/epoch, best=1.268e+03, sign=0.194, train=1.269e+03, val=1.268e+03]
GNN flow training:   9%|▉         | 9/100 [00:40<06:49,  4.50s/epoch, best=1.268e+03, sign=0.194, train=1.269e+03, val=1.268e+03]
GNN flow training:   9%|▉         | 9/100 [00:45<06:49,  4.50s/epoch, best=1.268e+03, sign=0.194, train=1.268e+03, val=1.266e+03]
GNN flow training:  10%|█         | 10/100 [00:45<06:45,  4.50s/epoch, best=1.268e+03, sign=0.194, train=1.268e+03, val=1.266e+03]
GNN flow training:  10%|█         | 10/100 [00:49<06:45,  4.50s/epoch, best=1.266e+03, sign=0.194, train=1.266e+03, val=1.265e+03]
GNN flow training:  11%|█         | 11/100 [00:49<06:41,  4.51s/epoch, best=1.266e+03, sign=0.194, train=1.266e+03, val=1.265e+03]
GNN flow training:  11%|█         | 11/100 [00:54<06:41,  4.51s/epoch, best=1.265e+03, sign=0.192, train=1.265e+03, val=1.268e+03]
GNN flow training:  12%|█▏        | 12/100 [00:54<06:35,  4.50s/epoch, best=1.265e+03, sign=0.192, train=1.265e+03, val=1.268e+03]
GNN flow training:  12%|█▏        | 12/100 [00:58<06:35,  4.50s/epoch, best=1.265e+03, sign=0.192, train=1.268e+03, val=1.267e+03]
GNN flow training:  13%|█▎        | 13/100 [00:58<06:31,  4.50s/epoch, best=1.265e+03, sign=0.192, train=1.268e+03, val=1.267e+03]
GNN flow training:  13%|█▎        | 13/100 [01:03<06:31,  4.50s/epoch, best=1.265e+03, sign=0.193, train=1.267e+03, val=1.266e+03]
GNN flow training:  14%|█▍        | 14/100 [01:03<06:26,  4.50s/epoch, best=1.265e+03, sign=0.193, train=1.267e+03, val=1.266e+03]
GNN flow training:  14%|█▍        | 14/100 [01:07<06:26,  4.50s/epoch, best=1.265e+03, sign=0.193, train=1.266e+03, val=1.266e+03]
GNN flow training:  15%|█▌        | 15/100 [01:07<06:22,  4.50s/epoch, best=1.265e+03, sign=0.193, train=1.266e+03, val=1.266e+03]
GNN flow training:  15%|█▌        | 15/100 [01:12<06:22,  4.50s/epoch, best=1.265e+03, sign=0.193, train=1.266e+03, val=1.265e+03]
GNN flow training:  16%|█▌        | 16/100 [01:12<06:18,  4.50s/epoch, best=1.265e+03, sign=0.193, train=1.266e+03, val=1.265e+03]
GNN flow training:  16%|█▌        | 16/100 [01:16<06:18,  4.50s/epoch, best=1.265e+03, sign=0.193, train=1.265e+03, val=1.264e+03]
GNN flow training:  17%|█▋        | 17/100 [01:16<06:13,  4.50s/epoch, best=1.265e+03, sign=0.193, train=1.265e+03, val=1.264e+03]
GNN flow training:  17%|█▋        | 17/100 [01:21<06:13,  4.50s/epoch, best=1.264e+03, sign=0.193, train=1.264e+03, val=1.263e+03]
GNN flow training:  18%|█▊        | 18/100 [01:21<06:07,  4.49s/epoch, best=1.264e+03, sign=0.193, train=1.264e+03, val=1.263e+03]
GNN flow training:  18%|█▊        | 18/100 [01:25<06:07,  4.49s/epoch, best=1.263e+03, sign=0.193, train=1.263e+03, val=1.267e+03]
GNN flow training:  19%|█▉        | 19/100 [01:25<06:04,  4.50s/epoch, best=1.263e+03, sign=0.193, train=1.263e+03, val=1.267e+03]
GNN flow training:  19%|█▉        | 19/100 [01:30<06:04,  4.50s/epoch, best=1.263e+03, sign=0.193, train=1.267e+03, val=1.265e+03]
GNN flow training:  20%|██        | 20/100 [01:30<05:58,  4.49s/epoch, best=1.263e+03, sign=0.193, train=1.267e+03, val=1.265e+03]
GNN flow training:  20%|██        | 20/100 [01:34<05:58,  4.49s/epoch, best=1.263e+03, sign=0.193, train=1.265e+03, val=1.264e+03]
GNN flow training:  21%|██        | 21/100 [01:34<05:54,  4.49s/epoch, best=1.263e+03, sign=0.193, train=1.265e+03, val=1.264e+03]
GNN flow training:  21%|██        | 21/100 [01:39<05:54,  4.49s/epoch, best=1.263e+03, sign=0.193, train=1.264e+03, val=1.262e+03]
GNN flow training:  22%|██▏       | 22/100 [01:39<05:50,  4.49s/epoch, best=1.263e+03, sign=0.193, train=1.264e+03, val=1.262e+03]
GNN flow training:  22%|██▏       | 22/100 [01:43<05:50,  4.49s/epoch, best=1.262e+03, sign=0.193, train=1.262e+03, val=1.259e+03]
GNN flow training:  23%|██▎       | 23/100 [01:43<05:45,  4.49s/epoch, best=1.262e+03, sign=0.193, train=1.262e+03, val=1.259e+03]
GNN flow training:  23%|██▎       | 23/100 [01:48<05:45,  4.49s/epoch, best=1.259e+03, sign=0.193, train=1.259e+03, val=1.256e+03]
GNN flow training:  24%|██▍       | 24/100 [01:48<05:41,  4.49s/epoch, best=1.259e+03, sign=0.193, train=1.259e+03, val=1.256e+03]
GNN flow training:  24%|██▍       | 24/100 [01:52<05:41,  4.49s/epoch, best=1.256e+03, sign=0.193, train=1.256e+03, val=1.251e+03]
GNN flow training:  25%|██▌       | 25/100 [01:52<05:37,  4.50s/epoch, best=1.256e+03, sign=0.193, train=1.256e+03, val=1.251e+03]
GNN flow training:  25%|██▌       | 25/100 [01:57<05:37,  4.50s/epoch, best=1.251e+03, sign=0.192, train=1.251e+03, val=1.249e+03]
GNN flow training:  26%|██▌       | 26/100 [01:57<05:33,  4.50s/epoch, best=1.251e+03, sign=0.192, train=1.251e+03, val=1.249e+03]
GNN flow training:  26%|██▌       | 26/100 [02:01<05:33,  4.50s/epoch, best=1.249e+03, sign=0.192, train=1.249e+03, val=1.245e+03]
GNN flow training:  27%|██▋       | 27/100 [02:01<05:28,  4.49s/epoch, best=1.249e+03, sign=0.192, train=1.249e+03, val=1.245e+03]
GNN flow training:  27%|██▋       | 27/100 [02:06<05:28,  4.49s/epoch, best=1.245e+03, sign=0.192, train=1.245e+03, val=1.235e+03]
GNN flow training:  28%|██▊       | 28/100 [02:06<05:23,  4.49s/epoch, best=1.245e+03, sign=0.192, train=1.245e+03, val=1.235e+03]
GNN flow training:  28%|██▊       | 28/100 [02:10<05:23,  4.49s/epoch, best=1.235e+03, sign=0.191, train=1.235e+03, val=1.230e+03]
GNN flow training:  29%|██▉       | 29/100 [02:10<05:19,  4.50s/epoch, best=1.235e+03, sign=0.191, train=1.235e+03, val=1.230e+03]
GNN flow training:  29%|██▉       | 29/100 [02:15<05:19,  4.50s/epoch, best=1.230e+03, sign=0.189, train=1.230e+03, val=1.225e+03]
GNN flow training:  30%|███       | 30/100 [02:15<05:15,  4.51s/epoch, best=1.230e+03, sign=0.189, train=1.230e+03, val=1.225e+03]
GNN flow training:  30%|███       | 30/100 [02:19<05:15,  4.51s/epoch, best=1.225e+03, sign=0.188, train=1.225e+03, val=1.223e+03]
GNN flow training:  31%|███       | 31/100 [02:19<05:10,  4.51s/epoch, best=1.225e+03, sign=0.188, train=1.225e+03, val=1.223e+03]
GNN flow training:  31%|███       | 31/100 [02:24<05:10,  4.51s/epoch, best=1.223e+03, sign=0.187, train=1.223e+03, val=1.221e+03]
GNN flow training:  32%|███▏      | 32/100 [02:24<05:07,  4.52s/epoch, best=1.223e+03, sign=0.187, train=1.223e+03, val=1.221e+03]
GNN flow training:  32%|███▏      | 32/100 [02:28<05:07,  4.52s/epoch, best=1.221e+03, sign=0.187, train=1.221e+03, val=1.218e+03]
GNN flow training:  33%|███▎      | 33/100 [02:28<05:03,  4.53s/epoch, best=1.221e+03, sign=0.187, train=1.221e+03, val=1.218e+03]
GNN flow training:  33%|███▎      | 33/100 [02:33<05:03,  4.53s/epoch, best=1.218e+03, sign=0.186, train=1.218e+03, val=1.216e+03]
GNN flow training:  34%|███▍      | 34/100 [02:33<04:57,  4.51s/epoch, best=1.218e+03, sign=0.186, train=1.218e+03, val=1.216e+03]
GNN flow training:  34%|███▍      | 34/100 [02:37<04:57,  4.51s/epoch, best=1.216e+03, sign=0.186, train=1.216e+03, val=1.209e+03]
GNN flow training:  35%|███▌      | 35/100 [02:37<04:52,  4.51s/epoch, best=1.216e+03, sign=0.186, train=1.216e+03, val=1.209e+03]
GNN flow training:  35%|███▌      | 35/100 [02:42<04:52,  4.51s/epoch, best=1.209e+03, sign=0.186, train=1.209e+03, val=1.203e+03]
GNN flow training:  36%|███▌      | 36/100 [02:42<04:47,  4.49s/epoch, best=1.209e+03, sign=0.186, train=1.209e+03, val=1.203e+03]
GNN flow training:  36%|███▌      | 36/100 [02:46<04:47,  4.49s/epoch, best=1.203e+03, sign=0.185, train=1.203e+03, val=1.194e+03]
GNN flow training:  37%|███▋      | 37/100 [02:46<04:43,  4.50s/epoch, best=1.203e+03, sign=0.185, train=1.203e+03, val=1.194e+03]
GNN flow training:  37%|███▋      | 37/100 [02:51<04:43,  4.50s/epoch, best=1.194e+03, sign=0.184, train=1.194e+03, val=1.190e+03]
GNN flow training:  38%|███▊      | 38/100 [02:51<04:38,  4.48s/epoch, best=1.194e+03, sign=0.184, train=1.194e+03, val=1.190e+03]
GNN flow training:  38%|███▊      | 38/100 [02:55<04:38,  4.48s/epoch, best=1.190e+03, sign=0.184, train=1.190e+03, val=1.183e+03]
GNN flow training:  39%|███▉      | 39/100 [02:55<04:33,  4.49s/epoch, best=1.190e+03, sign=0.184, train=1.190e+03, val=1.183e+03]
GNN flow training:  39%|███▉      | 39/100 [03:00<04:33,  4.49s/epoch, best=1.183e+03, sign=0.184, train=1.183e+03, val=1.178e+03]
GNN flow training:  40%|████      | 40/100 [03:00<04:28,  4.48s/epoch, best=1.183e+03, sign=0.184, train=1.183e+03, val=1.178e+03]
GNN flow training:  40%|████      | 40/100 [03:04<04:28,  4.48s/epoch, best=1.178e+03, sign=0.185, train=1.178e+03, val=1.180e+03]
GNN flow training:  41%|████      | 41/100 [03:04<04:24,  4.48s/epoch, best=1.178e+03, sign=0.185, train=1.178e+03, val=1.180e+03]
GNN flow training:  41%|████      | 41/100 [03:08<04:24,  4.48s/epoch, best=1.178e+03, sign=0.187, train=1.180e+03, val=1.178e+03]
GNN flow training:  42%|████▏     | 42/100 [03:08<04:19,  4.47s/epoch, best=1.178e+03, sign=0.187, train=1.180e+03, val=1.178e+03]
GNN flow training:  42%|████▏     | 42/100 [03:13<04:19,  4.47s/epoch, best=1.178e+03, sign=0.185, train=1.179e+03, val=1.170e+03]
GNN flow training:  43%|████▎     | 43/100 [03:13<04:14,  4.47s/epoch, best=1.178e+03, sign=0.185, train=1.179e+03, val=1.170e+03]
GNN flow training:  43%|████▎     | 43/100 [03:17<04:14,  4.47s/epoch, best=1.170e+03, sign=0.183, train=1.170e+03, val=1.157e+03]
GNN flow training:  44%|████▍     | 44/100 [03:17<04:11,  4.48s/epoch, best=1.170e+03, sign=0.183, train=1.170e+03, val=1.157e+03]
GNN flow training:  44%|████▍     | 44/100 [03:22<04:11,  4.48s/epoch, best=1.157e+03, sign=0.181, train=1.157e+03, val=1.149e+03]
GNN flow training:  45%|████▌     | 45/100 [03:22<04:06,  4.49s/epoch, best=1.157e+03, sign=0.181, train=1.157e+03, val=1.149e+03]
GNN flow training:  45%|████▌     | 45/100 [03:26<04:06,  4.49s/epoch, best=1.149e+03, sign=0.180, train=1.149e+03, val=1.135e+03]
GNN flow training:  46%|████▌     | 46/100 [03:26<04:02,  4.48s/epoch, best=1.149e+03, sign=0.180, train=1.149e+03, val=1.135e+03]
GNN flow training:  46%|████▌     | 46/100 [03:31<04:02,  4.48s/epoch, best=1.135e+03, sign=0.180, train=1.135e+03, val=1.130e+03]
GNN flow training:  47%|████▋     | 47/100 [03:31<03:57,  4.48s/epoch, best=1.135e+03, sign=0.180, train=1.135e+03, val=1.130e+03]
GNN flow training:  47%|████▋     | 47/100 [03:35<03:57,  4.48s/epoch, best=1.130e+03, sign=0.180, train=1.130e+03, val=1.128e+03]
GNN flow training:  48%|████▊     | 48/100 [03:35<03:53,  4.49s/epoch, best=1.130e+03, sign=0.180, train=1.130e+03, val=1.128e+03]
GNN flow training:  48%|████▊     | 48/100 [03:40<03:53,  4.49s/epoch, best=1.128e+03, sign=0.180, train=1.128e+03, val=1.124e+03]
GNN flow training:  49%|████▉     | 49/100 [03:40<03:48,  4.47s/epoch, best=1.128e+03, sign=0.180, train=1.128e+03, val=1.124e+03]
GNN flow training:  49%|████▉     | 49/100 [03:44<03:48,  4.47s/epoch, best=1.124e+03, sign=0.181, train=1.124e+03, val=1.116e+03]
GNN flow training:  50%|█████     | 50/100 [03:44<03:43,  4.47s/epoch, best=1.124e+03, sign=0.181, train=1.124e+03, val=1.116e+03]
GNN flow training:  50%|█████     | 50/100 [03:49<03:43,  4.47s/epoch, best=1.116e+03, sign=0.180, train=1.116e+03, val=1.115e+03]
GNN flow training:  51%|█████     | 51/100 [03:49<03:38,  4.47s/epoch, best=1.116e+03, sign=0.180, train=1.116e+03, val=1.115e+03]
GNN flow training:  51%|█████     | 51/100 [03:53<03:38,  4.47s/epoch, best=1.115e+03, sign=0.181, train=1.115e+03, val=1.112e+03]
GNN flow training:  52%|█████▏    | 52/100 [03:53<03:34,  4.47s/epoch, best=1.115e+03, sign=0.181, train=1.115e+03, val=1.112e+03]
GNN flow training:  52%|█████▏    | 52/100 [03:58<03:34,  4.47s/epoch, best=1.112e+03, sign=0.183, train=1.112e+03, val=1.109e+03]
GNN flow training:  53%|█████▎    | 53/100 [03:58<03:30,  4.47s/epoch, best=1.112e+03, sign=0.183, train=1.112e+03, val=1.109e+03]
GNN flow training:  53%|█████▎    | 53/100 [04:02<03:30,  4.47s/epoch, best=1.109e+03, sign=0.194, train=1.109e+03, val=1.121e+03]
GNN flow training:  54%|█████▍    | 54/100 [04:02<03:25,  4.46s/epoch, best=1.109e+03, sign=0.194, train=1.109e+03, val=1.121e+03]
GNN flow training:  54%|█████▍    | 54/100 [04:07<03:25,  4.46s/epoch, best=1.109e+03, sign=0.191, train=1.121e+03, val=1.114e+03]
GNN flow training:  55%|█████▌    | 55/100 [04:07<03:20,  4.46s/epoch, best=1.109e+03, sign=0.191, train=1.121e+03, val=1.114e+03]
GNN flow training:  55%|█████▌    | 55/100 [04:11<03:20,  4.46s/epoch, best=1.109e+03, sign=0.184, train=1.114e+03, val=1.086e+03]
GNN flow training:  56%|█████▌    | 56/100 [04:11<03:16,  4.46s/epoch, best=1.109e+03, sign=0.184, train=1.114e+03, val=1.086e+03]
GNN flow training:  56%|█████▌    | 56/100 [04:16<03:16,  4.46s/epoch, best=1.086e+03, sign=0.181, train=1.086e+03, val=1.082e+03]
GNN flow training:  57%|█████▋    | 57/100 [04:16<03:12,  4.48s/epoch, best=1.086e+03, sign=0.181, train=1.086e+03, val=1.082e+03]
GNN flow training:  57%|█████▋    | 57/100 [04:20<03:12,  4.48s/epoch, best=1.082e+03, sign=0.179, train=1.082e+03, val=1.084e+03]
GNN flow training:  58%|█████▊    | 58/100 [04:20<03:07,  4.47s/epoch, best=1.082e+03, sign=0.179, train=1.082e+03, val=1.084e+03]
GNN flow training:  58%|█████▊    | 58/100 [04:24<03:07,  4.47s/epoch, best=1.082e+03, sign=0.180, train=1.084e+03, val=1.092e+03]
GNN flow training:  59%|█████▉    | 59/100 [04:24<03:03,  4.47s/epoch, best=1.082e+03, sign=0.180, train=1.084e+03, val=1.092e+03]
GNN flow training:  59%|█████▉    | 59/100 [04:29<03:03,  4.47s/epoch, best=1.082e+03, sign=0.180, train=1.092e+03, val=1.101e+03]
GNN flow training:  60%|██████    | 60/100 [04:29<02:58,  4.47s/epoch, best=1.082e+03, sign=0.180, train=1.092e+03, val=1.101e+03]
GNN flow training:  60%|██████    | 60/100 [04:33<02:58,  4.47s/epoch, best=1.082e+03, sign=0.181, train=1.101e+03, val=1.099e+03]
GNN flow training:  61%|██████    | 61/100 [04:33<02:54,  4.47s/epoch, best=1.082e+03, sign=0.181, train=1.101e+03, val=1.099e+03]
GNN flow training:  61%|██████    | 61/100 [04:38<02:54,  4.47s/epoch, best=1.082e+03, sign=0.180, train=1.099e+03, val=1.097e+03]
GNN flow training:  62%|██████▏   | 62/100 [04:38<02:49,  4.47s/epoch, best=1.082e+03, sign=0.180, train=1.099e+03, val=1.097e+03]
GNN flow training:  62%|██████▏   | 62/100 [04:42<02:49,  4.47s/epoch, best=1.082e+03, sign=0.180, train=1.097e+03, val=1.084e+03]
GNN flow training:  63%|██████▎   | 63/100 [04:42<02:45,  4.47s/epoch, best=1.082e+03, sign=0.180, train=1.097e+03, val=1.084e+03]
GNN flow training:  63%|██████▎   | 63/100 [04:47<02:45,  4.47s/epoch, best=1.082e+03, sign=0.179, train=1.084e+03, val=1.067e+03]
GNN flow training:  64%|██████▍   | 64/100 [04:47<02:40,  4.47s/epoch, best=1.082e+03, sign=0.179, train=1.084e+03, val=1.067e+03]
GNN flow training:  64%|██████▍   | 64/100 [04:51<02:40,  4.47s/epoch, best=1.067e+03, sign=0.179, train=1.067e+03, val=1.052e+03]
GNN flow training:  65%|██████▌   | 65/100 [04:51<02:35,  4.46s/epoch, best=1.067e+03, sign=0.179, train=1.067e+03, val=1.052e+03]
GNN flow training:  65%|██████▌   | 65/100 [04:56<02:35,  4.46s/epoch, best=1.052e+03, sign=0.178, train=1.052e+03, val=1.040e+03]
GNN flow training:  66%|██████▌   | 66/100 [04:56<02:32,  4.47s/epoch, best=1.052e+03, sign=0.178, train=1.052e+03, val=1.040e+03]
GNN flow training:  66%|██████▌   | 66/100 [05:00<02:32,  4.47s/epoch, best=1.040e+03, sign=0.177, train=1.040e+03, val=1.048e+03]
GNN flow training:  67%|██████▋   | 67/100 [05:00<02:27,  4.48s/epoch, best=1.040e+03, sign=0.177, train=1.040e+03, val=1.048e+03]
GNN flow training:  67%|██████▋   | 67/100 [05:05<02:27,  4.48s/epoch, best=1.040e+03, sign=0.180, train=1.048e+03, val=1.056e+03]
GNN flow training:  68%|██████▊   | 68/100 [05:05<02:23,  4.48s/epoch, best=1.040e+03, sign=0.180, train=1.048e+03, val=1.056e+03]
GNN flow training:  68%|██████▊   | 68/100 [05:09<02:23,  4.48s/epoch, best=1.040e+03, sign=0.184, train=1.056e+03, val=1.059e+03]
GNN flow training:  69%|██████▉   | 69/100 [05:09<02:19,  4.49s/epoch, best=1.040e+03, sign=0.184, train=1.056e+03, val=1.059e+03]
GNN flow training:  69%|██████▉   | 69/100 [05:14<02:19,  4.49s/epoch, best=1.040e+03, sign=0.191, train=1.059e+03, val=1.075e+03]
GNN flow training:  70%|███████   | 70/100 [05:14<02:14,  4.48s/epoch, best=1.040e+03, sign=0.191, train=1.059e+03, val=1.075e+03]
GNN flow training:  70%|███████   | 70/100 [05:18<02:14,  4.48s/epoch, best=1.040e+03, sign=0.186, train=1.075e+03, val=1.060e+03]
GNN flow training:  71%|███████   | 71/100 [05:18<02:09,  4.46s/epoch, best=1.040e+03, sign=0.186, train=1.075e+03, val=1.060e+03]
GNN flow training:  71%|███████   | 71/100 [05:23<02:09,  4.46s/epoch, best=1.040e+03, sign=0.186, train=1.060e+03, val=1.063e+03]
GNN flow training:  72%|███████▏  | 72/100 [05:23<02:05,  4.49s/epoch, best=1.040e+03, sign=0.186, train=1.060e+03, val=1.063e+03]
GNN flow training:  72%|███████▏  | 72/100 [05:27<02:05,  4.49s/epoch, best=1.040e+03, sign=0.173, train=1.063e+03, val=1.035e+03]
GNN flow training:  73%|███████▎  | 73/100 [05:27<02:01,  4.49s/epoch, best=1.040e+03, sign=0.173, train=1.063e+03, val=1.035e+03]
GNN flow training:  73%|███████▎  | 73/100 [05:32<02:01,  4.49s/epoch, best=1.035e+03, sign=0.168, train=1.035e+03, val=1.019e+03]
GNN flow training:  74%|███████▍  | 74/100 [05:32<01:56,  4.48s/epoch, best=1.035e+03, sign=0.168, train=1.035e+03, val=1.019e+03]
GNN flow training:  74%|███████▍  | 74/100 [05:36<01:56,  4.48s/epoch, best=1.019e+03, sign=0.166, train=1.019e+03, val=1.014e+03]
GNN flow training:  75%|███████▌  | 75/100 [05:36<01:51,  4.48s/epoch, best=1.019e+03, sign=0.166, train=1.019e+03, val=1.014e+03]
GNN flow training:  75%|███████▌  | 75/100 [05:41<01:51,  4.48s/epoch, best=1.014e+03, sign=0.166, train=1.014e+03, val=1.006e+03]
GNN flow training:  76%|███████▌  | 76/100 [05:41<01:47,  4.47s/epoch, best=1.014e+03, sign=0.166, train=1.014e+03, val=1.006e+03]
GNN flow training:  76%|███████▌  | 76/100 [05:45<01:47,  4.47s/epoch, best=1.006e+03, sign=0.166, train=1.006e+03, val=1.012e+03]
GNN flow training:  77%|███████▋  | 77/100 [05:45<01:42,  4.47s/epoch, best=1.006e+03, sign=0.166, train=1.006e+03, val=1.012e+03]
GNN flow training:  77%|███████▋  | 77/100 [05:50<01:42,  4.47s/epoch, best=1.006e+03, sign=0.169, train=1.012e+03, val=1.020e+03]
GNN flow training:  78%|███████▊  | 78/100 [05:50<01:38,  4.47s/epoch, best=1.006e+03, sign=0.169, train=1.012e+03, val=1.020e+03]
GNN flow training:  78%|███████▊  | 78/100 [05:54<01:38,  4.47s/epoch, best=1.006e+03, sign=0.167, train=1.020e+03, val=1.023e+03]
GNN flow training:  79%|███████▉  | 79/100 [05:54<01:33,  4.47s/epoch, best=1.006e+03, sign=0.167, train=1.020e+03, val=1.023e+03]
GNN flow training:  79%|███████▉  | 79/100 [05:58<01:33,  4.47s/epoch, best=1.006e+03, sign=0.167, train=1.023e+03, val=1.021e+03]
GNN flow training:  80%|████████  | 80/100 [05:58<01:29,  4.47s/epoch, best=1.006e+03, sign=0.167, train=1.023e+03, val=1.021e+03]
GNN flow training:  80%|████████  | 80/100 [06:03<01:29,  4.47s/epoch, best=1.006e+03, sign=0.164, train=1.021e+03, val=1.002e+03]
GNN flow training:  81%|████████  | 81/100 [06:03<01:25,  4.48s/epoch, best=1.006e+03, sign=0.164, train=1.021e+03, val=1.002e+03]
GNN flow training:  81%|████████  | 81/100 [06:07<01:25,  4.48s/epoch, best=1.002e+03, sign=0.161, train=1.002e+03, val=9.862e+02]
GNN flow training:  82%|████████▏ | 82/100 [06:07<01:20,  4.47s/epoch, best=1.002e+03, sign=0.161, train=1.002e+03, val=9.862e+02]
GNN flow training:  82%|████████▏ | 82/100 [06:12<01:20,  4.47s/epoch, best=9.862e+02, sign=0.158, train=9.862e+02, val=9.888e+02]
GNN flow training:  83%|████████▎ | 83/100 [06:12<01:16,  4.48s/epoch, best=9.862e+02, sign=0.158, train=9.862e+02, val=9.888e+02]
GNN flow training:  83%|████████▎ | 83/100 [06:16<01:16,  4.48s/epoch, best=9.862e+02, sign=0.156, train=9.889e+02, val=9.891e+02]
GNN flow training:  84%|████████▍ | 84/100 [06:16<01:11,  4.48s/epoch, best=9.862e+02, sign=0.156, train=9.889e+02, val=9.891e+02]
GNN flow training:  84%|████████▍ | 84/100 [06:21<01:11,  4.48s/epoch, best=9.862e+02, sign=0.157, train=9.891e+02, val=9.773e+02]
GNN flow training:  85%|████████▌ | 85/100 [06:21<01:07,  4.48s/epoch, best=9.862e+02, sign=0.157, train=9.891e+02, val=9.773e+02]
GNN flow training:  85%|████████▌ | 85/100 [06:25<01:07,  4.48s/epoch, best=9.773e+02, sign=0.158, train=9.773e+02, val=9.611e+02]
GNN flow training:  86%|████████▌ | 86/100 [06:25<01:02,  4.50s/epoch, best=9.773e+02, sign=0.158, train=9.773e+02, val=9.611e+02]
GNN flow training:  86%|████████▌ | 86/100 [06:30<01:02,  4.50s/epoch, best=9.611e+02, sign=0.160, train=9.611e+02, val=9.460e+02]
GNN flow training:  87%|████████▋ | 87/100 [06:30<00:58,  4.50s/epoch, best=9.611e+02, sign=0.160, train=9.611e+02, val=9.460e+02]
GNN flow training:  87%|████████▋ | 87/100 [06:34<00:58,  4.50s/epoch, best=9.460e+02, sign=0.163, train=9.460e+02, val=9.300e+02]
GNN flow training:  88%|████████▊ | 88/100 [06:34<00:53,  4.49s/epoch, best=9.460e+02, sign=0.163, train=9.460e+02, val=9.300e+02]
GNN flow training:  88%|████████▊ | 88/100 [06:39<00:53,  4.49s/epoch, best=9.300e+02, sign=0.173, train=9.300e+02, val=9.383e+02]
GNN flow training:  89%|████████▉ | 89/100 [06:39<00:49,  4.49s/epoch, best=9.300e+02, sign=0.173, train=9.300e+02, val=9.383e+02]
GNN flow training:  89%|████████▉ | 89/100 [06:43<00:49,  4.49s/epoch, best=9.300e+02, sign=0.180, train=9.383e+02, val=9.442e+02]
GNN flow training:  90%|█████████ | 90/100 [06:43<00:44,  4.49s/epoch, best=9.300e+02, sign=0.180, train=9.383e+02, val=9.442e+02]
GNN flow training:  90%|█████████ | 90/100 [06:48<00:44,  4.49s/epoch, best=9.300e+02, sign=0.172, train=9.442e+02, val=9.273e+02]
GNN flow training:  91%|█████████ | 91/100 [06:48<00:40,  4.48s/epoch, best=9.300e+02, sign=0.172, train=9.442e+02, val=9.273e+02]
GNN flow training:  91%|█████████ | 91/100 [06:52<00:40,  4.48s/epoch, best=9.273e+02, sign=0.162, train=9.273e+02, val=9.097e+02]
GNN flow training:  92%|█████████▏| 92/100 [06:52<00:35,  4.48s/epoch, best=9.273e+02, sign=0.162, train=9.273e+02, val=9.097e+02]
GNN flow training:  92%|█████████▏| 92/100 [06:57<00:35,  4.48s/epoch, best=9.097e+02, sign=0.157, train=9.097e+02, val=9.086e+02]
GNN flow training:  93%|█████████▎| 93/100 [06:57<00:31,  4.47s/epoch, best=9.097e+02, sign=0.157, train=9.097e+02, val=9.086e+02]
GNN flow training:  93%|█████████▎| 93/100 [07:01<00:31,  4.47s/epoch, best=9.086e+02, sign=0.155, train=9.086e+02, val=9.026e+02]
GNN flow training:  94%|█████████▍| 94/100 [07:01<00:26,  4.46s/epoch, best=9.086e+02, sign=0.155, train=9.086e+02, val=9.026e+02]
GNN flow training:  94%|█████████▍| 94/100 [07:06<00:26,  4.46s/epoch, best=9.026e+02, sign=0.154, train=9.026e+02, val=9.000e+02]
GNN flow training:  95%|█████████▌| 95/100 [07:06<00:22,  4.46s/epoch, best=9.026e+02, sign=0.154, train=9.026e+02, val=9.000e+02]
GNN flow training:  95%|█████████▌| 95/100 [07:10<00:22,  4.46s/epoch, best=9.000e+02, sign=0.158, train=9.000e+02, val=8.938e+02]
GNN flow training:  96%|█████████▌| 96/100 [07:10<00:17,  4.45s/epoch, best=9.000e+02, sign=0.158, train=9.000e+02, val=8.938e+02]
GNN flow training:  96%|█████████▌| 96/100 [07:14<00:17,  4.45s/epoch, best=8.938e+02, sign=0.158, train=8.938e+02, val=8.898e+02]
GNN flow training:  97%|█████████▋| 97/100 [07:14<00:13,  4.44s/epoch, best=8.938e+02, sign=0.158, train=8.938e+02, val=8.898e+02]
GNN flow training:  97%|█████████▋| 97/100 [07:19<00:13,  4.44s/epoch, best=8.898e+02, sign=0.158, train=8.898e+02, val=8.863e+02]
GNN flow training:  98%|█████████▊| 98/100 [07:19<00:08,  4.43s/epoch, best=8.898e+02, sign=0.158, train=8.898e+02, val=8.863e+02]
GNN flow training:  98%|█████████▊| 98/100 [07:23<00:08,  4.43s/epoch, best=8.863e+02, sign=0.156, train=8.863e+02, val=8.893e+02]
GNN flow training:  99%|█████████▉| 99/100 [07:23<00:04,  4.43s/epoch, best=8.863e+02, sign=0.156, train=8.863e+02, val=8.893e+02]
GNN flow training:  99%|█████████▉| 99/100 [07:28<00:04,  4.43s/epoch, best=8.863e+02, sign=0.155, train=8.893e+02, val=8.808e+02]
GNN flow training: 100%|██████████| 100/100 [07:28<00:00,  4.48s/epoch, best=8.863e+02, sign=0.155, train=8.893e+02, val=8.808e+02]
GNN flow training: 100%|██████████| 100/100 [07:28<00:00,  4.48s/epoch, best=8.863e+02, sign=0.155, train=8.893e+02, val=8.808e+02]
Resolved config snapshot:
{'preset': 'solver_QKB_outer_QKBdelta', 'gnn_outer_losses': {'flow': 100.0, 'kirchhoff': 0.1, 'boundary': 100.0, 'delta_l2': 1.0, 'delta_smooth': 0.0, 'pressure_shape': 0.0}, 'physics': {'arterial_flow_mode': 'dataset', 'pressure_constraints': ['equal-a-equal-v'], 'alpha_pa': None, 'use_snr_weights': True, 'use_observed_flow_snr_weighting': True, 'flow_scale_mode': 'median_abs', 'solver_device': 'same', 'pressure_solver_mode': 'reduced-soft-constrained-lstsq', 'pressure_solver_lambda_kirchhoff': 1.0, 'pressure_solver_lambda_pressure_constraints': 100.0, 'pressure_solver_lambda_flow_residual': 1.0, 'pressure_shape_reference': 'delta_zero_reference', 'pressure_detach': False}, 'correction_bounds': {'correction_min': -0.5, 'correction_max': 0.5, 'correction_bound': 0.5, 'correction_parameterization': 'tanh'}, 'optimization': {'learning_rate': 0.001, 'weight_decay': 0.0001, 'gradient_clip_norm': 5.0, 'optimizer': 'adamw', 'epochs': 100, 'patience': 40}}
Resolved config snapshot:
{'preset': 'solver_QKB_outer_QKBdelta', 'gnn_outer_losses': {'flow': 1.0, 'kirchhoff': 100.0, 'boundary': 100.0, 'delta_l2': 1.0, 'delta_smooth': 0.0, 'pressure_shape': 0.0}, 'physics': {'arterial_flow_mode': 'dataset', 'pressure_constraints': ['equal-a-equal-v'], 'alpha_pa': None, 'use_snr_weights': True, 'use_observed_flow_snr_weighting': True, 'flow_scale_mode': 'median_abs', 'solver_device': 'same', 'pressure_solver_mode': 'reduced-soft-constrained-lstsq', 'pressure_solver_lambda_kirchhoff': 1.0, 'pressure_solver_lambda_pressure_constraints': 100.0, 'pressure_solver_lambda_flow_residual': 1.0, 'pressure_shape_reference': 'delta_zero_reference', 'pressure_detach': False}, 'correction_bounds': {'correction_min': -0.5, 'correction_max': 0.5, 'correction_bound': 0.5, 'correction_parameterization': 'tanh'}, 'optimization': {'learning_rate': 0.001, 'weight_decay': 0.0001, 'gradient_clip_norm': 5.0, 'optimizer': 'adamw', 'epochs': 100, 'patience': 40}}
Command: /mnt/home/sswee/miniforge3/envs/yolk-sac/bin/python /mnt/home/sswee/yolk/Yolk-Sac-Flow-Data-and-Sim/gnn_clean/scripts/python/gnn_flow.py /mnt/home/sswee/yolk/Yolk-Sac-Flow-Data-and-Sim/gnn_clean/datasets/mosaic_graph_canonical_harmonized/mosaic_graph_canonical_harmonized.gpickle --output-dir /mnt/home/sswee/yolk/Yolk-Sac-Flow-Data-and-Sim/gnn_clean/outputs_canonical/dc/03_pressure_constraint_sensitivity/gnn --run-name q_100__k_0p1__delta_1__constraint_equal_av --preset solver_QKB_outer_QKBdelta --device cuda --epochs 100 --seed 0 --viscosity-pa-s 0.0035 --config /mnt/home/sswee/yolk/Yolk-Sac-Flow-Data-and-Sim/gnn_clean/outputs_canonical/dc/03_pressure_constraint_sensitivity/_generated_configs/q_100__k_0p1__delta_1__constraint_equal_av.yaml --no-pressure-detach
Command: /mnt/home/sswee/miniforge3/envs/yolk-sac/bin/python /mnt/home/sswee/yolk/Yolk-Sac-Flow-Data-and-Sim/gnn_clean/scripts/python/gnn_flow.py /mnt/home/sswee/yolk/Yolk-Sac-Flow-Data-and-Sim/gnn_clean/datasets/mosaic_graph_canonical_harmonized/mosaic_graph_canonical_harmonized.gpickle --output-dir /mnt/home/sswee/yolk/Yolk-Sac-Flow-Data-and-Sim/gnn_clean/outputs_canonical/dc/03_pressure_constraint_sensitivity/gnn --run-name q_1__k_100__delta_1__constraint_equal_av --preset solver_QKB_outer_QKBdelta --device cuda --epochs 100 --seed 0 --viscosity-pa-s 0.0035 --config /mnt/home/sswee/yolk/Yolk-Sac-Flow-Data-and-Sim/gnn_clean/outputs_canonical/dc/03_pressure_constraint_sensitivity/_generated_configs/q_1__k_100__delta_1__constraint_equal_av.yaml --no-pressure-detach
Command: /mnt/home/sswee/miniforge3/envs/yolk-sac/bin/python /mnt/home/sswee/yolk/Yolk-Sac-Flow-Data-and-Sim/gnn_clean/scripts/python/poiseuille_only_baseline.py /mnt/home/sswee/yolk/Yolk-Sac-Flow-Data-and-Sim/gnn_clean/datasets/mosaic_graph_canonical_harmonized/mosaic_graph_canonical_harmonized.gpickle --output-dir /mnt/home/sswee/yolk/Yolk-Sac-Flow-Data-and-Sim/gnn_clean/outputs_canonical/dc/03_pressure_constraint_sensitivity/poiseuille --run-name poiseuille__q_0p1__k_1__constraint_equal_av --device cpu --viscosity-pa-s 0.0035 --dc-solve-mode reduced-soft-constrained-lstsq --arterial-flow-mode dataset --lambda-kirchhoff 1.0 --lambda-pressure-constraints 100.0 --lambda-flow-residual 0.1 --pressure-constraint equal-a-equal-v
