[info] DC Step 2 canonical sweep uses fixed lambda_B=100.0 for both the outer boundary loss and the reduced pressure-solver boundary constraint.

GNN flow training:   0%|          | 0/100 [00:00<?, ?epoch/s]
GNN flow training:   0%|          | 0/100 [00:06<?, ?epoch/s, best=1.351e+00, sign=0.194, train=1.366e+00, val=1.351e+00]
GNN flow training:   1%|          | 1/100 [00:06<10:44,  6.51s/epoch, best=1.351e+00, sign=0.194, train=1.366e+00, val=1.351e+00]
GNN flow training:   1%|          | 1/100 [00:12<10:44,  6.51s/epoch, best=1.351e+00, sign=0.194, train=1.366e+00, val=1.353e+00]
GNN flow training:   2%|▏         | 2/100 [00:12<10:26,  6.40s/epoch, best=1.351e+00, sign=0.194, train=1.366e+00, val=1.353e+00]
GNN flow training:   2%|▏         | 2/100 [00:19<10:26,  6.40s/epoch, best=1.351e+00, sign=0.193, train=1.369e+00, val=1.353e+00]
GNN flow training:   3%|▎         | 3/100 [00:19<10:17,  6.36s/epoch, best=1.351e+00, sign=0.193, train=1.369e+00, val=1.353e+00]
GNN flow training:   3%|▎         | 3/100 [00:25<10:17,  6.36s/epoch, best=1.351e+00, sign=0.193, train=1.369e+00, val=1.359e+00]
GNN flow training:   4%|▍         | 4/100 [00:25<10:11,  6.37s/epoch, best=1.351e+00, sign=0.193, train=1.369e+00, val=1.359e+00]
GNN flow training:   4%|▍         | 4/100 [00:31<10:11,  6.37s/epoch, best=1.351e+00, sign=0.193, train=1.375e+00, val=1.355e+00]
GNN flow training:   5%|▌         | 5/100 [00:31<10:02,  6.34s/epoch, best=1.351e+00, sign=0.193, train=1.375e+00, val=1.355e+00]
GNN flow training:   5%|▌         | 5/100 [00:38<10:02,  6.34s/epoch, best=1.351e+00, sign=0.193, train=1.371e+00, val=1.350e+00]
GNN flow training:   6%|▌         | 6/100 [00:38<09:53,  6.31s/epoch, best=1.351e+00, sign=0.193, train=1.371e+00, val=1.350e+00]
GNN flow training:   6%|▌         | 6/100 [00:44<09:53,  6.31s/epoch, best=1.350e+00, sign=0.194, train=1.365e+00, val=1.350e+00]
GNN flow training:   7%|▋         | 7/100 [00:44<09:47,  6.31s/epoch, best=1.350e+00, sign=0.194, train=1.365e+00, val=1.350e+00]
GNN flow training:   7%|▋         | 7/100 [00:50<09:47,  6.31s/epoch, best=1.350e+00, sign=0.195, train=1.366e+00, val=1.349e+00]
GNN flow training:   8%|▊         | 8/100 [00:50<09:40,  6.31s/epoch, best=1.350e+00, sign=0.195, train=1.366e+00, val=1.349e+00]
GNN flow training:   8%|▊         | 8/100 [00:57<09:40,  6.31s/epoch, best=1.349e+00, sign=0.194, train=1.365e+00, val=1.350e+00]
GNN flow training:   9%|▉         | 9/100 [00:57<09:36,  6.34s/epoch, best=1.349e+00, sign=0.194, train=1.365e+00, val=1.350e+00]
GNN flow training:   9%|▉         | 9/100 [01:03<09:36,  6.34s/epoch, best=1.349e+00, sign=0.195, train=1.366e+00, val=1.347e+00]
GNN flow training:  10%|█         | 10/100 [01:03<09:30,  6.34s/epoch, best=1.349e+00, sign=0.195, train=1.366e+00, val=1.347e+00]
GNN flow training:  10%|█         | 10/100 [01:09<09:30,  6.34s/epoch, best=1.347e+00, sign=0.195, train=1.363e+00, val=1.348e+00]
GNN flow training:  11%|█         | 11/100 [01:09<09:23,  6.33s/epoch, best=1.347e+00, sign=0.195, train=1.363e+00, val=1.348e+00]
GNN flow training:  11%|█         | 11/100 [01:15<09:23,  6.33s/epoch, best=1.347e+00, sign=0.195, train=1.363e+00, val=1.348e+00]
GNN flow training:  12%|█▏        | 12/100 [01:15<09:15,  6.31s/epoch, best=1.347e+00, sign=0.195, train=1.363e+00, val=1.348e+00]
GNN flow training:  12%|█▏        | 12/100 [01:22<09:15,  6.31s/epoch, best=1.347e+00, sign=0.194, train=1.364e+00, val=1.346e+00]
GNN flow training:  13%|█▎        | 13/100 [01:22<09:12,  6.35s/epoch, best=1.347e+00, sign=0.194, train=1.364e+00, val=1.346e+00]
GNN flow training:  13%|█▎        | 13/100 [01:28<09:12,  6.35s/epoch, best=1.346e+00, sign=0.194, train=1.362e+00, val=1.346e+00]
GNN flow training:  14%|█▍        | 14/100 [01:28<09:02,  6.31s/epoch, best=1.346e+00, sign=0.194, train=1.362e+00, val=1.346e+00]
GNN flow training:  14%|█▍        | 14/100 [01:34<09:02,  6.31s/epoch, best=1.346e+00, sign=0.193, train=1.362e+00, val=1.346e+00]
GNN flow training:  15%|█▌        | 15/100 [01:34<08:54,  6.29s/epoch, best=1.346e+00, sign=0.193, train=1.362e+00, val=1.346e+00]
GNN flow training:  15%|█▌        | 15/100 [01:41<08:54,  6.29s/epoch, best=1.346e+00, sign=0.193, train=1.361e+00, val=1.347e+00]
GNN flow training:  16%|█▌        | 16/100 [01:41<08:49,  6.30s/epoch, best=1.346e+00, sign=0.193, train=1.361e+00, val=1.347e+00]
GNN flow training:  16%|█▌        | 16/100 [01:47<08:49,  6.30s/epoch, best=1.346e+00, sign=0.192, train=1.363e+00, val=1.347e+00]
GNN flow training:  17%|█▋        | 17/100 [01:47<08:42,  6.30s/epoch, best=1.346e+00, sign=0.192, train=1.363e+00, val=1.347e+00]
GNN flow training:  17%|█▋        | 17/100 [01:53<08:42,  6.30s/epoch, best=1.346e+00, sign=0.192, train=1.363e+00, val=1.345e+00]
GNN flow training:  18%|█▊        | 18/100 [01:53<08:36,  6.30s/epoch, best=1.346e+00, sign=0.192, train=1.363e+00, val=1.345e+00]
GNN flow training:  18%|█▊        | 18/100 [02:00<08:36,  6.30s/epoch, best=1.345e+00, sign=0.192, train=1.361e+00, val=1.343e+00]
GNN flow training:  19%|█▉        | 19/100 [02:00<08:30,  6.31s/epoch, best=1.345e+00, sign=0.192, train=1.361e+00, val=1.343e+00]
GNN flow training:  19%|█▉        | 19/100 [02:06<08:30,  6.31s/epoch, best=1.343e+00, sign=0.191, train=1.358e+00, val=1.343e+00]
GNN flow training:  20%|██        | 20/100 [02:06<08:24,  6.31s/epoch, best=1.343e+00, sign=0.191, train=1.358e+00, val=1.343e+00]
GNN flow training:  20%|██        | 20/100 [02:12<08:24,  6.31s/epoch, best=1.343e+00, sign=0.190, train=1.358e+00, val=1.342e+00]
GNN flow training:  21%|██        | 21/100 [02:12<08:17,  6.29s/epoch, best=1.343e+00, sign=0.190, train=1.358e+00, val=1.342e+00]
GNN flow training:  21%|██        | 21/100 [02:18<08:17,  6.29s/epoch, best=1.342e+00, sign=0.189, train=1.358e+00, val=1.341e+00]
GNN flow training:  22%|██▏       | 22/100 [02:18<08:09,  6.28s/epoch, best=1.342e+00, sign=0.189, train=1.358e+00, val=1.341e+00]
GNN flow training:  22%|██▏       | 22/100 [02:25<08:09,  6.28s/epoch, best=1.341e+00, sign=0.187, train=1.356e+00, val=1.333e+00]
GNN flow training:  23%|██▎       | 23/100 [02:25<08:05,  6.30s/epoch, best=1.341e+00, sign=0.187, train=1.356e+00, val=1.333e+00]
GNN flow training:  23%|██▎       | 23/100 [02:31<08:05,  6.30s/epoch, best=1.333e+00, sign=0.186, train=1.348e+00, val=1.330e+00]
GNN flow training:  24%|██▍       | 24/100 [02:31<07:58,  6.29s/epoch, best=1.333e+00, sign=0.186, train=1.348e+00, val=1.330e+00]
GNN flow training:  24%|██▍       | 24/100 [02:37<07:58,  6.29s/epoch, best=1.330e+00, sign=0.186, train=1.345e+00, val=1.327e+00]
GNN flow training:  25%|██▌       | 25/100 [02:37<07:51,  6.29s/epoch, best=1.330e+00, sign=0.186, train=1.345e+00, val=1.327e+00]
GNN flow training:  25%|██▌       | 25/100 [02:44<07:51,  6.29s/epoch, best=1.327e+00, sign=0.187, train=1.342e+00, val=1.327e+00]
GNN flow training:  26%|██▌       | 26/100 [02:44<07:45,  6.30s/epoch, best=1.327e+00, sign=0.187, train=1.342e+00, val=1.327e+00]
GNN flow training:  26%|██▌       | 26/100 [02:50<07:45,  6.30s/epoch, best=1.327e+00, sign=0.187, train=1.342e+00, val=1.319e+00]
GNN flow training:  27%|██▋       | 27/100 [02:50<07:39,  6.29s/epoch, best=1.327e+00, sign=0.187, train=1.342e+00, val=1.319e+00]
GNN flow training:  27%|██▋       | 27/100 [02:56<07:39,  6.29s/epoch, best=1.319e+00, sign=0.189, train=1.334e+00, val=1.320e+00]
GNN flow training:  28%|██▊       | 28/100 [02:56<07:32,  6.28s/epoch, best=1.319e+00, sign=0.189, train=1.334e+00, val=1.320e+00]
GNN flow training:  28%|██▊       | 28/100 [03:03<07:32,  6.28s/epoch, best=1.319e+00, sign=0.188, train=1.335e+00, val=1.318e+00]
GNN flow training:  29%|██▉       | 29/100 [03:03<07:27,  6.30s/epoch, best=1.319e+00, sign=0.188, train=1.335e+00, val=1.318e+00]
GNN flow training:  29%|██▉       | 29/100 [03:09<07:27,  6.30s/epoch, best=1.318e+00, sign=0.188, train=1.333e+00, val=1.311e+00]
GNN flow training:  30%|███       | 30/100 [03:09<07:21,  6.30s/epoch, best=1.318e+00, sign=0.188, train=1.333e+00, val=1.311e+00]
GNN flow training:  30%|███       | 30/100 [03:15<07:21,  6.30s/epoch, best=1.311e+00, sign=0.188, train=1.326e+00, val=1.310e+00]
GNN flow training:  31%|███       | 31/100 [03:15<07:15,  6.31s/epoch, best=1.311e+00, sign=0.188, train=1.326e+00, val=1.310e+00]
GNN flow training:  31%|███       | 31/100 [03:22<07:15,  6.31s/epoch, best=1.310e+00, sign=0.188, train=1.325e+00, val=1.303e+00]
GNN flow training:  32%|███▏      | 32/100 [03:22<07:08,  6.31s/epoch, best=1.310e+00, sign=0.188, train=1.325e+00, val=1.303e+00]
GNN flow training:  32%|███▏      | 32/100 [03:28<07:08,  6.31s/epoch, best=1.303e+00, sign=0.185, train=1.317e+00, val=1.297e+00]
GNN flow training:  33%|███▎      | 33/100 [03:28<07:01,  6.30s/epoch, best=1.303e+00, sign=0.185, train=1.317e+00, val=1.297e+00]
GNN flow training:  33%|███▎      | 33/100 [03:34<07:01,  6.30s/epoch, best=1.297e+00, sign=0.184, train=1.311e+00, val=1.288e+00]
GNN flow training:  34%|███▍      | 34/100 [03:34<06:54,  6.28s/epoch, best=1.297e+00, sign=0.184, train=1.311e+00, val=1.288e+00]
GNN flow training:  34%|███▍      | 34/100 [03:40<06:54,  6.28s/epoch, best=1.288e+00, sign=0.183, train=1.302e+00, val=1.288e+00]
GNN flow training:  35%|███▌      | 35/100 [03:40<06:47,  6.27s/epoch, best=1.288e+00, sign=0.183, train=1.302e+00, val=1.288e+00]
GNN flow training:  35%|███▌      | 35/100 [03:47<06:47,  6.27s/epoch, best=1.288e+00, sign=0.184, train=1.301e+00, val=1.285e+00]
GNN flow training:  36%|███▌      | 36/100 [03:47<06:41,  6.27s/epoch, best=1.288e+00, sign=0.184, train=1.301e+00, val=1.285e+00]
GNN flow training:  36%|███▌      | 36/100 [03:53<06:41,  6.27s/epoch, best=1.285e+00, sign=0.183, train=1.299e+00, val=1.281e+00]
GNN flow training:  37%|███▋      | 37/100 [03:53<06:34,  6.27s/epoch, best=1.285e+00, sign=0.183, train=1.299e+00, val=1.281e+00]
GNN flow training:  37%|███▋      | 37/100 [03:59<06:34,  6.27s/epoch, best=1.281e+00, sign=0.183, train=1.295e+00, val=1.276e+00]
GNN flow training:  38%|███▊      | 38/100 [03:59<06:30,  6.30s/epoch, best=1.281e+00, sign=0.183, train=1.295e+00, val=1.276e+00]
GNN flow training:  38%|███▊      | 38/100 [04:05<06:30,  6.30s/epoch, best=1.276e+00, sign=0.181, train=1.290e+00, val=1.266e+00]
GNN flow training:  39%|███▉      | 39/100 [04:05<06:22,  6.28s/epoch, best=1.276e+00, sign=0.181, train=1.290e+00, val=1.266e+00]
GNN flow training:  39%|███▉      | 39/100 [04:12<06:22,  6.28s/epoch, best=1.266e+00, sign=0.181, train=1.280e+00, val=1.252e+00]
GNN flow training:  40%|████      | 40/100 [04:12<06:16,  6.28s/epoch, best=1.266e+00, sign=0.181, train=1.280e+00, val=1.252e+00]
GNN flow training:  40%|████      | 40/100 [04:18<06:16,  6.28s/epoch, best=1.252e+00, sign=0.180, train=1.266e+00, val=1.237e+00]
GNN flow training:  41%|████      | 41/100 [04:18<06:10,  6.29s/epoch, best=1.252e+00, sign=0.180, train=1.266e+00, val=1.237e+00]
GNN flow training:  41%|████      | 41/100 [04:24<06:10,  6.29s/epoch, best=1.237e+00, sign=0.179, train=1.250e+00, val=1.226e+00]
GNN flow training:  42%|████▏     | 42/100 [04:24<06:04,  6.29s/epoch, best=1.237e+00, sign=0.179, train=1.250e+00, val=1.226e+00]
GNN flow training:  42%|████▏     | 42/100 [04:31<06:04,  6.29s/epoch, best=1.226e+00, sign=0.178, train=1.239e+00, val=1.223e+00]
GNN flow training:  43%|████▎     | 43/100 [04:31<05:58,  6.29s/epoch, best=1.226e+00, sign=0.178, train=1.239e+00, val=1.223e+00]
GNN flow training:  43%|████▎     | 43/100 [04:37<05:58,  6.29s/epoch, best=1.223e+00, sign=0.176, train=1.236e+00, val=1.217e+00]
GNN flow training:  44%|████▍     | 44/100 [04:37<05:51,  6.28s/epoch, best=1.223e+00, sign=0.176, train=1.236e+00, val=1.217e+00]
GNN flow training:  44%|████▍     | 44/100 [04:43<05:51,  6.28s/epoch, best=1.217e+00, sign=0.175, train=1.229e+00, val=1.212e+00]
GNN flow training:  45%|████▌     | 45/100 [04:43<05:46,  6.30s/epoch, best=1.217e+00, sign=0.175, train=1.229e+00, val=1.212e+00]
GNN flow training:  45%|████▌     | 45/100 [04:49<05:46,  6.30s/epoch, best=1.212e+00, sign=0.172, train=1.224e+00, val=1.207e+00]
GNN flow training:  46%|████▌     | 46/100 [04:49<05:38,  6.28s/epoch, best=1.212e+00, sign=0.172, train=1.224e+00, val=1.207e+00]
GNN flow training:  46%|████▌     | 46/100 [04:56<05:38,  6.28s/epoch, best=1.207e+00, sign=0.172, train=1.219e+00, val=1.201e+00]
GNN flow training:  47%|████▋     | 47/100 [04:56<05:32,  6.27s/epoch, best=1.207e+00, sign=0.172, train=1.219e+00, val=1.201e+00]
GNN flow training:  47%|████▋     | 47/100 [05:02<05:32,  6.27s/epoch, best=1.201e+00, sign=0.172, train=1.213e+00, val=1.196e+00]
GNN flow training:  48%|████▊     | 48/100 [05:02<05:26,  6.28s/epoch, best=1.201e+00, sign=0.172, train=1.213e+00, val=1.196e+00]
GNN flow training:  48%|████▊     | 48/100 [05:08<05:26,  6.28s/epoch, best=1.196e+00, sign=0.171, train=1.208e+00, val=1.189e+00]
GNN flow training:  49%|████▉     | 49/100 [05:08<05:20,  6.29s/epoch, best=1.196e+00, sign=0.171, train=1.208e+00, val=1.189e+00]
GNN flow training:  49%|████▉     | 49/100 [05:15<05:20,  6.29s/epoch, best=1.189e+00, sign=0.170, train=1.200e+00, val=1.191e+00]
GNN flow training:  50%|█████     | 50/100 [05:15<05:14,  6.29s/epoch, best=1.189e+00, sign=0.170, train=1.200e+00, val=1.191e+00]
GNN flow training:  50%|█████     | 50/100 [05:21<05:14,  6.29s/epoch, best=1.189e+00, sign=0.169, train=1.202e+00, val=1.188e+00]
GNN flow training:  51%|█████     | 51/100 [05:21<05:08,  6.29s/epoch, best=1.189e+00, sign=0.169, train=1.202e+00, val=1.188e+00]
GNN flow training:  51%|█████     | 51/100 [05:27<05:08,  6.29s/epoch, best=1.188e+00, sign=0.169, train=1.200e+00, val=1.196e+00]
GNN flow training:  52%|█████▏    | 52/100 [05:27<05:01,  6.28s/epoch, best=1.188e+00, sign=0.169, train=1.200e+00, val=1.196e+00]
GNN flow training:  52%|█████▏    | 52/100 [05:33<05:01,  6.28s/epoch, best=1.188e+00, sign=0.170, train=1.208e+00, val=1.204e+00]
GNN flow training:  53%|█████▎    | 53/100 [05:33<04:55,  6.29s/epoch, best=1.188e+00, sign=0.170, train=1.208e+00, val=1.204e+00]
GNN flow training:  53%|█████▎    | 53/100 [05:40<04:55,  6.29s/epoch, best=1.188e+00, sign=0.169, train=1.215e+00, val=1.212e+00]
GNN flow training:  54%|█████▍    | 54/100 [05:40<04:49,  6.29s/epoch, best=1.188e+00, sign=0.169, train=1.215e+00, val=1.212e+00]
GNN flow training:  54%|█████▍    | 54/100 [05:46<04:49,  6.29s/epoch, best=1.188e+00, sign=0.169, train=1.223e+00, val=1.202e+00]
GNN flow training:  55%|█████▌    | 55/100 [05:46<04:42,  6.29s/epoch, best=1.188e+00, sign=0.169, train=1.223e+00, val=1.202e+00]
GNN flow training:  55%|█████▌    | 55/100 [05:52<04:42,  6.29s/epoch, best=1.188e+00, sign=0.168, train=1.214e+00, val=1.194e+00]
GNN flow training:  56%|█████▌    | 56/100 [05:52<04:36,  6.29s/epoch, best=1.188e+00, sign=0.168, train=1.214e+00, val=1.194e+00]
GNN flow training:  56%|█████▌    | 56/100 [05:59<04:36,  6.29s/epoch, best=1.188e+00, sign=0.168, train=1.205e+00, val=1.180e+00]
GNN flow training:  57%|█████▋    | 57/100 [05:59<04:30,  6.29s/epoch, best=1.188e+00, sign=0.168, train=1.205e+00, val=1.180e+00]
GNN flow training:  57%|█████▋    | 57/100 [06:05<04:30,  6.29s/epoch, best=1.180e+00, sign=0.167, train=1.191e+00, val=1.168e+00]
GNN flow training:  58%|█████▊    | 58/100 [06:05<04:24,  6.30s/epoch, best=1.180e+00, sign=0.167, train=1.191e+00, val=1.168e+00]
GNN flow training:  58%|█████▊    | 58/100 [06:11<04:24,  6.30s/epoch, best=1.168e+00, sign=0.167, train=1.179e+00, val=1.168e+00]
GNN flow training:  59%|█████▉    | 59/100 [06:11<04:18,  6.30s/epoch, best=1.168e+00, sign=0.167, train=1.179e+00, val=1.168e+00]
GNN flow training:  59%|█████▉    | 59/100 [06:18<04:18,  6.30s/epoch, best=1.168e+00, sign=0.166, train=1.180e+00, val=1.159e+00]
GNN flow training:  60%|██████    | 60/100 [06:18<04:11,  6.30s/epoch, best=1.168e+00, sign=0.166, train=1.180e+00, val=1.159e+00]
GNN flow training:  60%|██████    | 60/100 [06:24<04:11,  6.30s/epoch, best=1.159e+00, sign=0.166, train=1.170e+00, val=1.160e+00]
GNN flow training:  61%|██████    | 61/100 [06:24<04:05,  6.29s/epoch, best=1.159e+00, sign=0.166, train=1.170e+00, val=1.160e+00]
GNN flow training:  61%|██████    | 61/100 [06:30<04:05,  6.29s/epoch, best=1.159e+00, sign=0.165, train=1.171e+00, val=1.157e+00]
GNN flow training:  62%|██████▏   | 62/100 [06:30<03:58,  6.29s/epoch, best=1.159e+00, sign=0.165, train=1.171e+00, val=1.157e+00]
GNN flow training:  62%|██████▏   | 62/100 [06:36<03:58,  6.29s/epoch, best=1.157e+00, sign=0.164, train=1.168e+00, val=1.156e+00]
GNN flow training:  63%|██████▎   | 63/100 [06:36<03:52,  6.28s/epoch, best=1.157e+00, sign=0.164, train=1.168e+00, val=1.156e+00]
GNN flow training:  63%|██████▎   | 63/100 [06:43<03:52,  6.28s/epoch, best=1.156e+00, sign=0.164, train=1.166e+00, val=1.154e+00]
GNN flow training:  64%|██████▍   | 64/100 [06:43<03:45,  6.27s/epoch, best=1.156e+00, sign=0.164, train=1.166e+00, val=1.154e+00]
GNN flow training:  64%|██████▍   | 64/100 [06:49<03:45,  6.27s/epoch, best=1.154e+00, sign=0.165, train=1.163e+00, val=1.151e+00]
GNN flow training:  65%|██████▌   | 65/100 [06:49<03:38,  6.25s/epoch, best=1.154e+00, sign=0.165, train=1.163e+00, val=1.151e+00]
GNN flow training:  65%|██████▌   | 65/100 [06:55<03:38,  6.25s/epoch, best=1.151e+00, sign=0.164, train=1.160e+00, val=1.146e+00]
GNN flow training:  66%|██████▌   | 66/100 [06:55<03:32,  6.26s/epoch, best=1.151e+00, sign=0.164, train=1.160e+00, val=1.146e+00]
GNN flow training:  66%|██████▌   | 66/100 [07:01<03:32,  6.26s/epoch, best=1.146e+00, sign=0.163, train=1.155e+00, val=1.146e+00]
GNN flow training:  67%|██████▋   | 67/100 [07:01<03:26,  6.26s/epoch, best=1.146e+00, sign=0.163, train=1.155e+00, val=1.146e+00]
GNN flow training:  67%|██████▋   | 67/100 [07:08<03:26,  6.26s/epoch, best=1.146e+00, sign=0.162, train=1.156e+00, val=1.143e+00]
GNN flow training:  68%|██████▊   | 68/100 [07:08<03:20,  6.26s/epoch, best=1.146e+00, sign=0.162, train=1.156e+00, val=1.143e+00]
GNN flow training:  68%|██████▊   | 68/100 [07:14<03:20,  6.26s/epoch, best=1.143e+00, sign=0.161, train=1.152e+00, val=1.136e+00]
GNN flow training:  69%|██████▉   | 69/100 [07:14<03:14,  6.26s/epoch, best=1.143e+00, sign=0.161, train=1.152e+00, val=1.136e+00]
GNN flow training:  69%|██████▉   | 69/100 [07:20<03:14,  6.26s/epoch, best=1.136e+00, sign=0.161, train=1.146e+00, val=1.140e+00]
GNN flow training:  70%|███████   | 70/100 [07:20<03:07,  6.26s/epoch, best=1.136e+00, sign=0.161, train=1.146e+00, val=1.140e+00]
GNN flow training:  70%|███████   | 70/100 [07:26<03:07,  6.26s/epoch, best=1.136e+00, sign=0.160, train=1.149e+00, val=1.137e+00]
GNN flow training:  71%|███████   | 71/100 [07:26<03:01,  6.26s/epoch, best=1.136e+00, sign=0.160, train=1.149e+00, val=1.137e+00]
GNN flow training:  71%|███████   | 71/100 [07:33<03:01,  6.26s/epoch, best=1.136e+00, sign=0.162, train=1.146e+00, val=1.130e+00]
GNN flow training:  72%|███████▏  | 72/100 [07:33<02:55,  6.26s/epoch, best=1.136e+00, sign=0.162, train=1.146e+00, val=1.130e+00]
GNN flow training:  72%|███████▏  | 72/100 [07:39<02:55,  6.26s/epoch, best=1.130e+00, sign=0.162, train=1.139e+00, val=1.129e+00]
GNN flow training:  73%|███████▎  | 73/100 [07:39<02:48,  6.26s/epoch, best=1.130e+00, sign=0.162, train=1.139e+00, val=1.129e+00]
GNN flow training:  73%|███████▎  | 73/100 [07:45<02:48,  6.26s/epoch, best=1.129e+00, sign=0.165, train=1.138e+00, val=1.126e+00]
GNN flow training:  74%|███████▍  | 74/100 [07:45<02:42,  6.25s/epoch, best=1.129e+00, sign=0.165, train=1.138e+00, val=1.126e+00]
GNN flow training:  74%|███████▍  | 74/100 [07:51<02:42,  6.25s/epoch, best=1.126e+00, sign=0.165, train=1.136e+00, val=1.129e+00]
GNN flow training:  75%|███████▌  | 75/100 [07:51<02:36,  6.25s/epoch, best=1.126e+00, sign=0.165, train=1.136e+00, val=1.129e+00]
GNN flow training:  75%|███████▌  | 75/100 [07:58<02:36,  6.25s/epoch, best=1.126e+00, sign=0.167, train=1.139e+00, val=1.119e+00]
GNN flow training:  76%|███████▌  | 76/100 [07:58<02:30,  6.25s/epoch, best=1.126e+00, sign=0.167, train=1.139e+00, val=1.119e+00]
GNN flow training:  76%|███████▌  | 76/100 [08:04<02:30,  6.25s/epoch, best=1.119e+00, sign=0.167, train=1.130e+00, val=1.115e+00]
GNN flow training:  77%|███████▋  | 77/100 [08:04<02:23,  6.23s/epoch, best=1.119e+00, sign=0.167, train=1.130e+00, val=1.115e+00]
GNN flow training:  77%|███████▋  | 77/100 [08:10<02:23,  6.23s/epoch, best=1.115e+00, sign=0.166, train=1.126e+00, val=1.111e+00]
GNN flow training:  78%|███████▊  | 78/100 [08:10<02:16,  6.22s/epoch, best=1.115e+00, sign=0.166, train=1.126e+00, val=1.111e+00]
GNN flow training:  78%|███████▊  | 78/100 [08:16<02:16,  6.22s/epoch, best=1.111e+00, sign=0.165, train=1.122e+00, val=1.113e+00]
GNN flow training:  79%|███████▉  | 79/100 [08:16<02:11,  6.24s/epoch, best=1.111e+00, sign=0.165, train=1.122e+00, val=1.113e+00]
GNN flow training:  79%|███████▉  | 79/100 [08:23<02:11,  6.24s/epoch, best=1.111e+00, sign=0.165, train=1.124e+00, val=1.116e+00]
GNN flow training:  80%|████████  | 80/100 [08:23<02:05,  6.26s/epoch, best=1.111e+00, sign=0.165, train=1.124e+00, val=1.116e+00]
GNN flow training:  80%|████████  | 80/100 [08:29<02:05,  6.26s/epoch, best=1.111e+00, sign=0.165, train=1.127e+00, val=1.110e+00]
GNN flow training:  81%|████████  | 81/100 [08:29<01:58,  6.25s/epoch, best=1.111e+00, sign=0.165, train=1.127e+00, val=1.110e+00]
GNN flow training:  81%|████████  | 81/100 [08:35<01:58,  6.25s/epoch, best=1.110e+00, sign=0.164, train=1.121e+00, val=1.108e+00]
GNN flow training:  82%|████████▏ | 82/100 [08:35<01:52,  6.24s/epoch, best=1.110e+00, sign=0.164, train=1.121e+00, val=1.108e+00]
GNN flow training:  82%|████████▏ | 82/100 [08:41<01:52,  6.24s/epoch, best=1.108e+00, sign=0.164, train=1.119e+00, val=1.100e+00]
GNN flow training:  83%|████████▎ | 83/100 [08:41<01:46,  6.26s/epoch, best=1.108e+00, sign=0.164, train=1.119e+00, val=1.100e+00]
GNN flow training:  83%|████████▎ | 83/100 [08:48<01:46,  6.26s/epoch, best=1.100e+00, sign=0.165, train=1.111e+00, val=1.094e+00]
GNN flow training:  84%|████████▍ | 84/100 [08:48<01:40,  6.26s/epoch, best=1.100e+00, sign=0.165, train=1.111e+00, val=1.094e+00]
GNN flow training:  84%|████████▍ | 84/100 [08:54<01:40,  6.26s/epoch, best=1.094e+00, sign=0.164, train=1.105e+00, val=1.088e+00]
GNN flow training:  85%|████████▌ | 85/100 [08:54<01:33,  6.25s/epoch, best=1.094e+00, sign=0.164, train=1.105e+00, val=1.088e+00]
GNN flow training:  85%|████████▌ | 85/100 [09:00<01:33,  6.25s/epoch, best=1.088e+00, sign=0.163, train=1.099e+00, val=1.083e+00]
GNN flow training:  86%|████████▌ | 86/100 [09:00<01:27,  6.26s/epoch, best=1.088e+00, sign=0.163, train=1.099e+00, val=1.083e+00]
GNN flow training:  86%|████████▌ | 86/100 [09:06<01:27,  6.26s/epoch, best=1.083e+00, sign=0.164, train=1.094e+00, val=1.079e+00]
GNN flow training:  87%|████████▋ | 87/100 [09:06<01:21,  6.27s/epoch, best=1.083e+00, sign=0.164, train=1.094e+00, val=1.079e+00]
GNN flow training:  87%|████████▋ | 87/100 [09:13<01:21,  6.27s/epoch, best=1.079e+00, sign=0.163, train=1.090e+00, val=1.082e+00]
GNN flow training:  88%|████████▊ | 88/100 [09:13<01:14,  6.25s/epoch, best=1.079e+00, sign=0.163, train=1.090e+00, val=1.082e+00]
GNN flow training:  88%|████████▊ | 88/100 [09:19<01:14,  6.25s/epoch, best=1.079e+00, sign=0.165, train=1.093e+00, val=1.076e+00]
GNN flow training:  89%|████████▉ | 89/100 [09:19<01:08,  6.24s/epoch, best=1.079e+00, sign=0.165, train=1.093e+00, val=1.076e+00]
GNN flow training:  89%|████████▉ | 89/100 [09:25<01:08,  6.24s/epoch, best=1.076e+00, sign=0.165, train=1.088e+00, val=1.076e+00]
GNN flow training:  90%|█████████ | 90/100 [09:25<01:02,  6.24s/epoch, best=1.076e+00, sign=0.165, train=1.088e+00, val=1.076e+00]
GNN flow training:  90%|█████████ | 90/100 [09:31<01:02,  6.24s/epoch, best=1.076e+00, sign=0.164, train=1.088e+00, val=1.080e+00]
GNN flow training:  91%|█████████ | 91/100 [09:31<00:56,  6.26s/epoch, best=1.076e+00, sign=0.164, train=1.088e+00, val=1.080e+00]
GNN flow training:  91%|█████████ | 91/100 [09:38<00:56,  6.26s/epoch, best=1.076e+00, sign=0.164, train=1.092e+00, val=1.079e+00]
GNN flow training:  92%|█████████▏| 92/100 [09:38<00:50,  6.25s/epoch, best=1.076e+00, sign=0.164, train=1.092e+00, val=1.079e+00]
GNN flow training:  92%|█████████▏| 92/100 [09:44<00:50,  6.25s/epoch, best=1.076e+00, sign=0.165, train=1.091e+00, val=1.078e+00]
GNN flow training:  93%|█████████▎| 93/100 [09:44<00:43,  6.24s/epoch, best=1.076e+00, sign=0.165, train=1.091e+00, val=1.078e+00]
GNN flow training:  93%|█████████▎| 93/100 [09:50<00:43,  6.24s/epoch, best=1.076e+00, sign=0.164, train=1.090e+00, val=1.075e+00]
GNN flow training:  94%|█████████▍| 94/100 [09:50<00:37,  6.24s/epoch, best=1.076e+00, sign=0.164, train=1.090e+00, val=1.075e+00]
GNN flow training:  94%|█████████▍| 94/100 [09:56<00:37,  6.24s/epoch, best=1.075e+00, sign=0.165, train=1.087e+00, val=1.078e+00]
GNN flow training:  95%|█████████▌| 95/100 [09:56<00:31,  6.23s/epoch, best=1.075e+00, sign=0.165, train=1.087e+00, val=1.078e+00]
GNN flow training:  95%|█████████▌| 95/100 [10:02<00:31,  6.23s/epoch, best=1.075e+00, sign=0.166, train=1.090e+00, val=1.076e+00]
GNN flow training:  96%|█████████▌| 96/100 [10:02<00:24,  6.23s/epoch, best=1.075e+00, sign=0.166, train=1.090e+00, val=1.076e+00]
GNN flow training:  96%|█████████▌| 96/100 [10:09<00:24,  6.23s/epoch, best=1.075e+00, sign=0.167, train=1.088e+00, val=1.079e+00]
GNN flow training:  97%|█████████▋| 97/100 [10:09<00:18,  6.24s/epoch, best=1.075e+00, sign=0.167, train=1.088e+00, val=1.079e+00]
GNN flow training:  97%|█████████▋| 97/100 [10:15<00:18,  6.24s/epoch, best=1.075e+00, sign=0.168, train=1.091e+00, val=1.074e+00]
GNN flow training:  98%|█████████▊| 98/100 [10:15<00:12,  6.24s/epoch, best=1.075e+00, sign=0.168, train=1.091e+00, val=1.074e+00]
GNN flow training:  98%|█████████▊| 98/100 [10:21<00:12,  6.24s/epoch, best=1.074e+00, sign=0.169, train=1.085e+00, val=1.072e+00]
GNN flow training:  99%|█████████▉| 99/100 [10:21<00:06,  6.26s/epoch, best=1.074e+00, sign=0.169, train=1.085e+00, val=1.072e+00]
GNN flow training:  99%|█████████▉| 99/100 [10:28<00:06,  6.26s/epoch, best=1.072e+00, sign=0.170, train=1.083e+00, val=1.073e+00]
GNN flow training: 100%|██████████| 100/100 [10:28<00:00,  6.25s/epoch, best=1.072e+00, sign=0.170, train=1.083e+00, val=1.073e+00]
GNN flow training: 100%|██████████| 100/100 [10:28<00:00,  6.28s/epoch, best=1.072e+00, sign=0.170, train=1.083e+00, val=1.073e+00]
Resolved config snapshot:
{'preset': 'solver_QKB_outer_QKBdelta', 'gnn_outer_losses': {'flow': 1.0, 'kirchhoff': 0.1, 'boundary': 100.0, 'delta_l2': 1.0, 'delta_smooth': 0.0, 'pressure_shape': 0.0}, 'physics': {'arterial_flow_mode': 'dataset', 'pressure_constraints': ['equal-a-equal-v'], 'alpha_pa': None, 'use_snr_weights': True, 'use_observed_flow_snr_weighting': True, 'flow_scale_mode': 'median_abs', 'solver_device': 'same', 'pressure_solver_mode': 'reduced-soft-constrained-lstsq', 'pressure_solver_lambda_kirchhoff': 1.0, 'pressure_solver_lambda_pressure_constraints': 100.0, 'pressure_solver_lambda_flow_residual': 1.0, 'pressure_shape_reference': 'delta_zero_reference', 'pressure_detach': False}, 'correction_bounds': {'correction_min': -0.5, 'correction_max': 0.5, 'correction_bound': 0.5, 'correction_parameterization': 'tanh'}, 'optimization': {'learning_rate': 0.001, 'weight_decay': 0.0001, 'gradient_clip_norm': 5.0, 'optimizer': 'adamw', 'epochs': 100, 'patience': 40}}
Shard 18/80: 1 of 80 runs
Command: /mnt/home/sswee/miniforge3/envs/yolk-sac/bin/python /mnt/home/sswee/yolk/Yolk-Sac-Flow-Data-and-Sim/gnn_clean/scripts/python/gnn_flow.py /mnt/home/sswee/yolk/Yolk-Sac-Flow-Data-and-Sim/gnn_clean/datasets/mosaic_graph_canonical_harmonized/mosaic_graph_canonical_harmonized.gpickle --output-dir /mnt/home/sswee/yolk/Yolk-Sac-Flow-Data-and-Sim/gnn_clean/outputs_canonical/dc/02_physics_weight_sweep/gnn --run-name q_1__k_0p1__delta_1 --preset solver_QKB_outer_QKBdelta --device cuda --epochs 100 --seed 0 --viscosity-pa-s 0.0035 --config /mnt/home/sswee/yolk/Yolk-Sac-Flow-Data-and-Sim/gnn_clean/outputs_canonical/dc/02_physics_weight_sweep/_generated_configs/q_1__k_0p1__delta_1.yaml --no-pressure-detach
