[info] DC Step 2 canonical sweep uses fixed lambda_B=100.0 for both the outer boundary loss and the reduced pressure-solver boundary constraint.

GNN flow training:   0%|          | 0/100 [00:00<?, ?epoch/s]
GNN flow training:   0%|          | 0/100 [00:06<?, ?epoch/s, best=1.306e+00, sign=0.194, train=1.307e+00, val=1.306e+00]
GNN flow training:   1%|          | 1/100 [00:06<10:17,  6.24s/epoch, best=1.306e+00, sign=0.194, train=1.307e+00, val=1.306e+00]
GNN flow training:   1%|          | 1/100 [00:12<10:17,  6.24s/epoch, best=1.306e+00, sign=0.194, train=1.307e+00, val=1.306e+00]
GNN flow training:   2%|▏         | 2/100 [00:12<09:58,  6.11s/epoch, best=1.306e+00, sign=0.194, train=1.307e+00, val=1.306e+00]
GNN flow training:   2%|▏         | 2/100 [00:18<09:58,  6.11s/epoch, best=1.306e+00, sign=0.194, train=1.308e+00, val=1.307e+00]
GNN flow training:   3%|▎         | 3/100 [00:18<09:42,  6.00s/epoch, best=1.306e+00, sign=0.194, train=1.308e+00, val=1.307e+00]
GNN flow training:   3%|▎         | 3/100 [00:24<09:42,  6.00s/epoch, best=1.306e+00, sign=0.194, train=1.308e+00, val=1.304e+00]
GNN flow training:   4%|▍         | 4/100 [00:24<09:33,  5.98s/epoch, best=1.306e+00, sign=0.194, train=1.308e+00, val=1.304e+00]
GNN flow training:   4%|▍         | 4/100 [00:30<09:33,  5.98s/epoch, best=1.304e+00, sign=0.195, train=1.306e+00, val=1.303e+00]
GNN flow training:   5%|▌         | 5/100 [00:30<09:27,  5.97s/epoch, best=1.304e+00, sign=0.195, train=1.306e+00, val=1.303e+00]
GNN flow training:   5%|▌         | 5/100 [00:35<09:27,  5.97s/epoch, best=1.303e+00, sign=0.195, train=1.305e+00, val=1.303e+00]
GNN flow training:   6%|▌         | 6/100 [00:35<09:20,  5.96s/epoch, best=1.303e+00, sign=0.195, train=1.305e+00, val=1.303e+00]
GNN flow training:   6%|▌         | 6/100 [00:41<09:20,  5.96s/epoch, best=1.303e+00, sign=0.195, train=1.304e+00, val=1.303e+00]
GNN flow training:   7%|▋         | 7/100 [00:41<09:13,  5.95s/epoch, best=1.303e+00, sign=0.195, train=1.304e+00, val=1.303e+00]
GNN flow training:   7%|▋         | 7/100 [00:47<09:13,  5.95s/epoch, best=1.303e+00, sign=0.195, train=1.304e+00, val=1.302e+00]
GNN flow training:   8%|▊         | 8/100 [00:47<09:06,  5.94s/epoch, best=1.303e+00, sign=0.195, train=1.304e+00, val=1.302e+00]
GNN flow training:   8%|▊         | 8/100 [00:53<09:06,  5.94s/epoch, best=1.302e+00, sign=0.194, train=1.303e+00, val=1.300e+00]
GNN flow training:   9%|▉         | 9/100 [00:53<08:59,  5.93s/epoch, best=1.302e+00, sign=0.194, train=1.303e+00, val=1.300e+00]
GNN flow training:   9%|▉         | 9/100 [00:59<08:59,  5.93s/epoch, best=1.300e+00, sign=0.194, train=1.302e+00, val=1.299e+00]
GNN flow training:  10%|█         | 10/100 [00:59<08:53,  5.92s/epoch, best=1.300e+00, sign=0.194, train=1.302e+00, val=1.299e+00]
GNN flow training:  10%|█         | 10/100 [01:05<08:53,  5.92s/epoch, best=1.299e+00, sign=0.194, train=1.301e+00, val=1.300e+00]
GNN flow training:  11%|█         | 11/100 [01:05<08:47,  5.93s/epoch, best=1.299e+00, sign=0.194, train=1.301e+00, val=1.300e+00]
GNN flow training:  11%|█         | 11/100 [01:11<08:47,  5.93s/epoch, best=1.299e+00, sign=0.195, train=1.302e+00, val=1.303e+00]
GNN flow training:  12%|█▏        | 12/100 [01:11<08:41,  5.92s/epoch, best=1.299e+00, sign=0.195, train=1.302e+00, val=1.303e+00]
GNN flow training:  12%|█▏        | 12/100 [01:17<08:41,  5.92s/epoch, best=1.299e+00, sign=0.194, train=1.305e+00, val=1.300e+00]
GNN flow training:  13%|█▎        | 13/100 [01:17<08:35,  5.92s/epoch, best=1.299e+00, sign=0.194, train=1.305e+00, val=1.300e+00]
GNN flow training:  13%|█▎        | 13/100 [01:23<08:35,  5.92s/epoch, best=1.299e+00, sign=0.194, train=1.302e+00, val=1.299e+00]
GNN flow training:  14%|█▍        | 14/100 [01:23<08:31,  5.94s/epoch, best=1.299e+00, sign=0.194, train=1.302e+00, val=1.299e+00]
GNN flow training:  14%|█▍        | 14/100 [01:29<08:31,  5.94s/epoch, best=1.299e+00, sign=0.194, train=1.300e+00, val=1.297e+00]
GNN flow training:  15%|█▌        | 15/100 [01:29<08:24,  5.94s/epoch, best=1.299e+00, sign=0.194, train=1.300e+00, val=1.297e+00]
GNN flow training:  15%|█▌        | 15/100 [01:35<08:24,  5.94s/epoch, best=1.297e+00, sign=0.193, train=1.298e+00, val=1.296e+00]
GNN flow training:  16%|█▌        | 16/100 [01:35<08:17,  5.92s/epoch, best=1.297e+00, sign=0.193, train=1.298e+00, val=1.296e+00]
GNN flow training:  16%|█▌        | 16/100 [01:41<08:17,  5.92s/epoch, best=1.296e+00, sign=0.193, train=1.298e+00, val=1.295e+00]
GNN flow training:  17%|█▋        | 17/100 [01:41<08:14,  5.95s/epoch, best=1.296e+00, sign=0.193, train=1.298e+00, val=1.295e+00]
GNN flow training:  17%|█▋        | 17/100 [01:47<08:14,  5.95s/epoch, best=1.295e+00, sign=0.193, train=1.296e+00, val=1.291e+00]
GNN flow training:  18%|█▊        | 18/100 [01:47<08:07,  5.94s/epoch, best=1.295e+00, sign=0.193, train=1.296e+00, val=1.291e+00]
GNN flow training:  18%|█▊        | 18/100 [01:53<08:07,  5.94s/epoch, best=1.291e+00, sign=0.193, train=1.293e+00, val=1.290e+00]
GNN flow training:  19%|█▉        | 19/100 [01:53<08:00,  5.93s/epoch, best=1.291e+00, sign=0.193, train=1.293e+00, val=1.290e+00]
GNN flow training:  19%|█▉        | 19/100 [01:58<08:00,  5.93s/epoch, best=1.290e+00, sign=0.193, train=1.291e+00, val=1.287e+00]
GNN flow training:  20%|██        | 20/100 [01:58<07:53,  5.92s/epoch, best=1.290e+00, sign=0.193, train=1.291e+00, val=1.287e+00]
GNN flow training:  20%|██        | 20/100 [02:04<07:53,  5.92s/epoch, best=1.287e+00, sign=0.193, train=1.289e+00, val=1.283e+00]
GNN flow training:  21%|██        | 21/100 [02:04<07:48,  5.93s/epoch, best=1.287e+00, sign=0.193, train=1.289e+00, val=1.283e+00]
GNN flow training:  21%|██        | 21/100 [02:10<07:48,  5.93s/epoch, best=1.283e+00, sign=0.192, train=1.285e+00, val=1.281e+00]
GNN flow training:  22%|██▏       | 22/100 [02:10<07:43,  5.94s/epoch, best=1.283e+00, sign=0.192, train=1.285e+00, val=1.281e+00]
GNN flow training:  22%|██▏       | 22/100 [02:16<07:43,  5.94s/epoch, best=1.281e+00, sign=0.192, train=1.282e+00, val=1.279e+00]
GNN flow training:  23%|██▎       | 23/100 [02:16<07:37,  5.94s/epoch, best=1.281e+00, sign=0.192, train=1.282e+00, val=1.279e+00]
GNN flow training:  23%|██▎       | 23/100 [02:22<07:37,  5.94s/epoch, best=1.279e+00, sign=0.192, train=1.280e+00, val=1.274e+00]
GNN flow training:  24%|██▍       | 24/100 [02:22<07:30,  5.93s/epoch, best=1.279e+00, sign=0.192, train=1.280e+00, val=1.274e+00]
GNN flow training:  24%|██▍       | 24/100 [02:28<07:30,  5.93s/epoch, best=1.274e+00, sign=0.191, train=1.276e+00, val=1.273e+00]
GNN flow training:  25%|██▌       | 25/100 [02:28<07:24,  5.93s/epoch, best=1.274e+00, sign=0.191, train=1.276e+00, val=1.273e+00]
GNN flow training:  25%|██▌       | 25/100 [02:34<07:24,  5.93s/epoch, best=1.273e+00, sign=0.191, train=1.275e+00, val=1.270e+00]
GNN flow training:  26%|██▌       | 26/100 [02:34<07:17,  5.92s/epoch, best=1.273e+00, sign=0.191, train=1.275e+00, val=1.270e+00]
GNN flow training:  26%|██▌       | 26/100 [02:40<07:17,  5.92s/epoch, best=1.270e+00, sign=0.191, train=1.272e+00, val=1.273e+00]
GNN flow training:  27%|██▋       | 27/100 [02:40<07:12,  5.93s/epoch, best=1.270e+00, sign=0.191, train=1.272e+00, val=1.273e+00]
GNN flow training:  27%|██▋       | 27/100 [02:46<07:12,  5.93s/epoch, best=1.270e+00, sign=0.191, train=1.274e+00, val=1.274e+00]
GNN flow training:  28%|██▊       | 28/100 [02:46<07:08,  5.95s/epoch, best=1.270e+00, sign=0.191, train=1.274e+00, val=1.274e+00]
GNN flow training:  28%|██▊       | 28/100 [02:52<07:08,  5.95s/epoch, best=1.270e+00, sign=0.191, train=1.276e+00, val=1.276e+00]
GNN flow training:  29%|██▉       | 29/100 [02:52<07:02,  5.95s/epoch, best=1.270e+00, sign=0.191, train=1.276e+00, val=1.276e+00]
GNN flow training:  29%|██▉       | 29/100 [02:58<07:02,  5.95s/epoch, best=1.270e+00, sign=0.191, train=1.278e+00, val=1.277e+00]
GNN flow training:  30%|███       | 30/100 [02:58<06:56,  5.95s/epoch, best=1.270e+00, sign=0.191, train=1.278e+00, val=1.277e+00]
GNN flow training:  30%|███       | 30/100 [03:04<06:56,  5.95s/epoch, best=1.270e+00, sign=0.191, train=1.278e+00, val=1.276e+00]
GNN flow training:  31%|███       | 31/100 [03:04<06:49,  5.93s/epoch, best=1.270e+00, sign=0.191, train=1.278e+00, val=1.276e+00]
GNN flow training:  31%|███       | 31/100 [03:10<06:49,  5.93s/epoch, best=1.270e+00, sign=0.190, train=1.277e+00, val=1.275e+00]
GNN flow training:  32%|███▏      | 32/100 [03:10<06:43,  5.93s/epoch, best=1.270e+00, sign=0.190, train=1.277e+00, val=1.275e+00]
GNN flow training:  32%|███▏      | 32/100 [03:16<06:43,  5.93s/epoch, best=1.270e+00, sign=0.190, train=1.276e+00, val=1.273e+00]
GNN flow training:  33%|███▎      | 33/100 [03:16<06:37,  5.93s/epoch, best=1.270e+00, sign=0.190, train=1.276e+00, val=1.273e+00]
GNN flow training:  33%|███▎      | 33/100 [03:22<06:37,  5.93s/epoch, best=1.270e+00, sign=0.190, train=1.274e+00, val=1.270e+00]
GNN flow training:  34%|███▍      | 34/100 [03:22<06:31,  5.93s/epoch, best=1.270e+00, sign=0.190, train=1.274e+00, val=1.270e+00]
GNN flow training:  34%|███▍      | 34/100 [03:27<06:31,  5.93s/epoch, best=1.270e+00, sign=0.189, train=1.272e+00, val=1.267e+00]
GNN flow training:  35%|███▌      | 35/100 [03:27<06:24,  5.92s/epoch, best=1.270e+00, sign=0.189, train=1.272e+00, val=1.267e+00]
GNN flow training:  35%|███▌      | 35/100 [03:33<06:24,  5.92s/epoch, best=1.267e+00, sign=0.189, train=1.269e+00, val=1.264e+00]
GNN flow training:  36%|███▌      | 36/100 [03:33<06:21,  5.95s/epoch, best=1.267e+00, sign=0.189, train=1.269e+00, val=1.264e+00]
GNN flow training:  36%|███▌      | 36/100 [03:39<06:21,  5.95s/epoch, best=1.264e+00, sign=0.189, train=1.266e+00, val=1.260e+00]
GNN flow training:  37%|███▋      | 37/100 [03:39<06:13,  5.92s/epoch, best=1.264e+00, sign=0.189, train=1.266e+00, val=1.260e+00]
GNN flow training:  37%|███▋      | 37/100 [03:45<06:13,  5.92s/epoch, best=1.260e+00, sign=0.189, train=1.261e+00, val=1.260e+00]
GNN flow training:  38%|███▊      | 38/100 [03:45<06:08,  5.94s/epoch, best=1.260e+00, sign=0.189, train=1.261e+00, val=1.260e+00]
GNN flow training:  38%|███▊      | 38/100 [03:51<06:08,  5.94s/epoch, best=1.260e+00, sign=0.187, train=1.262e+00, val=1.261e+00]
GNN flow training:  39%|███▉      | 39/100 [03:51<06:02,  5.94s/epoch, best=1.260e+00, sign=0.187, train=1.262e+00, val=1.261e+00]
GNN flow training:  39%|███▉      | 39/100 [03:57<06:02,  5.94s/epoch, best=1.260e+00, sign=0.187, train=1.262e+00, val=1.260e+00]
GNN flow training:  40%|████      | 40/100 [03:57<05:56,  5.94s/epoch, best=1.260e+00, sign=0.187, train=1.262e+00, val=1.260e+00]
GNN flow training:  40%|████      | 40/100 [04:03<05:56,  5.94s/epoch, best=1.260e+00, sign=0.187, train=1.262e+00, val=1.258e+00]
GNN flow training:  41%|████      | 41/100 [04:03<05:50,  5.94s/epoch, best=1.260e+00, sign=0.187, train=1.262e+00, val=1.258e+00]
GNN flow training:  41%|████      | 41/100 [04:09<05:50,  5.94s/epoch, best=1.258e+00, sign=0.186, train=1.259e+00, val=1.253e+00]
GNN flow training:  42%|████▏     | 42/100 [04:09<05:43,  5.93s/epoch, best=1.258e+00, sign=0.186, train=1.259e+00, val=1.253e+00]
GNN flow training:  42%|████▏     | 42/100 [04:15<05:43,  5.93s/epoch, best=1.253e+00, sign=0.186, train=1.255e+00, val=1.250e+00]
GNN flow training:  43%|████▎     | 43/100 [04:15<05:38,  5.93s/epoch, best=1.253e+00, sign=0.186, train=1.255e+00, val=1.250e+00]
GNN flow training:  43%|████▎     | 43/100 [04:21<05:38,  5.93s/epoch, best=1.250e+00, sign=0.185, train=1.252e+00, val=1.246e+00]
GNN flow training:  44%|████▍     | 44/100 [04:21<05:33,  5.95s/epoch, best=1.250e+00, sign=0.185, train=1.252e+00, val=1.246e+00]
GNN flow training:  44%|████▍     | 44/100 [04:27<05:33,  5.95s/epoch, best=1.246e+00, sign=0.185, train=1.248e+00, val=1.241e+00]
GNN flow training:  45%|████▌     | 45/100 [04:27<05:27,  5.95s/epoch, best=1.246e+00, sign=0.185, train=1.248e+00, val=1.241e+00]
GNN flow training:  45%|████▌     | 45/100 [04:33<05:27,  5.95s/epoch, best=1.241e+00, sign=0.184, train=1.242e+00, val=1.239e+00]
GNN flow training:  46%|████▌     | 46/100 [04:33<05:21,  5.95s/epoch, best=1.241e+00, sign=0.184, train=1.242e+00, val=1.239e+00]
GNN flow training:  46%|████▌     | 46/100 [04:39<05:21,  5.95s/epoch, best=1.239e+00, sign=0.184, train=1.240e+00, val=1.233e+00]
GNN flow training:  47%|████▋     | 47/100 [04:39<05:15,  5.95s/epoch, best=1.239e+00, sign=0.184, train=1.240e+00, val=1.233e+00]
GNN flow training:  47%|████▋     | 47/100 [04:45<05:15,  5.95s/epoch, best=1.233e+00, sign=0.184, train=1.235e+00, val=1.230e+00]
GNN flow training:  48%|████▊     | 48/100 [04:45<05:09,  5.94s/epoch, best=1.233e+00, sign=0.184, train=1.235e+00, val=1.230e+00]
GNN flow training:  48%|████▊     | 48/100 [04:51<05:09,  5.94s/epoch, best=1.230e+00, sign=0.184, train=1.231e+00, val=1.229e+00]
GNN flow training:  49%|████▉     | 49/100 [04:51<05:02,  5.94s/epoch, best=1.230e+00, sign=0.184, train=1.231e+00, val=1.229e+00]
GNN flow training:  49%|████▉     | 49/100 [04:57<05:02,  5.94s/epoch, best=1.229e+00, sign=0.183, train=1.230e+00, val=1.225e+00]
GNN flow training:  50%|█████     | 50/100 [04:57<04:56,  5.93s/epoch, best=1.229e+00, sign=0.183, train=1.230e+00, val=1.225e+00]
GNN flow training:  50%|█████     | 50/100 [05:03<04:56,  5.93s/epoch, best=1.225e+00, sign=0.183, train=1.226e+00, val=1.217e+00]
GNN flow training:  51%|█████     | 51/100 [05:03<04:51,  5.95s/epoch, best=1.225e+00, sign=0.183, train=1.226e+00, val=1.217e+00]
GNN flow training:  51%|█████     | 51/100 [05:08<04:51,  5.95s/epoch, best=1.217e+00, sign=0.183, train=1.218e+00, val=1.210e+00]
GNN flow training:  52%|█████▏    | 52/100 [05:08<04:44,  5.93s/epoch, best=1.217e+00, sign=0.183, train=1.218e+00, val=1.210e+00]
GNN flow training:  52%|█████▏    | 52/100 [05:14<04:44,  5.93s/epoch, best=1.210e+00, sign=0.183, train=1.212e+00, val=1.205e+00]
GNN flow training:  53%|█████▎    | 53/100 [05:14<04:38,  5.93s/epoch, best=1.210e+00, sign=0.183, train=1.212e+00, val=1.205e+00]
GNN flow training:  53%|█████▎    | 53/100 [05:20<04:38,  5.93s/epoch, best=1.205e+00, sign=0.183, train=1.207e+00, val=1.201e+00]
GNN flow training:  54%|█████▍    | 54/100 [05:20<04:32,  5.93s/epoch, best=1.205e+00, sign=0.183, train=1.207e+00, val=1.201e+00]
GNN flow training:  54%|█████▍    | 54/100 [05:26<04:32,  5.93s/epoch, best=1.201e+00, sign=0.183, train=1.203e+00, val=1.202e+00]
GNN flow training:  55%|█████▌    | 55/100 [05:26<04:26,  5.92s/epoch, best=1.201e+00, sign=0.183, train=1.203e+00, val=1.202e+00]
GNN flow training:  55%|█████▌    | 55/100 [05:32<04:26,  5.92s/epoch, best=1.201e+00, sign=0.183, train=1.203e+00, val=1.197e+00]
GNN flow training:  56%|█████▌    | 56/100 [05:32<04:20,  5.92s/epoch, best=1.201e+00, sign=0.183, train=1.203e+00, val=1.197e+00]
GNN flow training:  56%|█████▌    | 56/100 [05:38<04:20,  5.92s/epoch, best=1.197e+00, sign=0.184, train=1.198e+00, val=1.190e+00]
GNN flow training:  57%|█████▋    | 57/100 [05:38<04:14,  5.92s/epoch, best=1.197e+00, sign=0.184, train=1.198e+00, val=1.190e+00]
GNN flow training:  57%|█████▋    | 57/100 [05:44<04:14,  5.92s/epoch, best=1.190e+00, sign=0.183, train=1.191e+00, val=1.181e+00]
GNN flow training:  58%|█████▊    | 58/100 [05:44<04:08,  5.92s/epoch, best=1.190e+00, sign=0.183, train=1.191e+00, val=1.181e+00]
GNN flow training:  58%|█████▊    | 58/100 [05:50<04:08,  5.92s/epoch, best=1.181e+00, sign=0.183, train=1.182e+00, val=1.172e+00]
GNN flow training:  59%|█████▉    | 59/100 [05:50<04:02,  5.91s/epoch, best=1.181e+00, sign=0.183, train=1.182e+00, val=1.172e+00]
GNN flow training:  59%|█████▉    | 59/100 [05:56<04:02,  5.91s/epoch, best=1.172e+00, sign=0.182, train=1.173e+00, val=1.162e+00]
GNN flow training:  60%|██████    | 60/100 [05:56<03:56,  5.92s/epoch, best=1.172e+00, sign=0.182, train=1.173e+00, val=1.162e+00]
GNN flow training:  60%|██████    | 60/100 [06:02<03:56,  5.92s/epoch, best=1.162e+00, sign=0.182, train=1.163e+00, val=1.156e+00]
GNN flow training:  61%|██████    | 61/100 [06:02<03:51,  5.93s/epoch, best=1.162e+00, sign=0.182, train=1.163e+00, val=1.156e+00]
GNN flow training:  61%|██████    | 61/100 [06:08<03:51,  5.93s/epoch, best=1.156e+00, sign=0.181, train=1.157e+00, val=1.149e+00]
GNN flow training:  62%|██████▏   | 62/100 [06:08<03:45,  5.93s/epoch, best=1.156e+00, sign=0.181, train=1.157e+00, val=1.149e+00]
GNN flow training:  62%|██████▏   | 62/100 [06:14<03:45,  5.93s/epoch, best=1.149e+00, sign=0.178, train=1.150e+00, val=1.139e+00]
GNN flow training:  63%|██████▎   | 63/100 [06:14<03:39,  5.92s/epoch, best=1.149e+00, sign=0.178, train=1.150e+00, val=1.139e+00]
GNN flow training:  63%|██████▎   | 63/100 [06:20<03:39,  5.92s/epoch, best=1.139e+00, sign=0.176, train=1.140e+00, val=1.131e+00]
GNN flow training:  64%|██████▍   | 64/100 [06:20<03:33,  5.93s/epoch, best=1.139e+00, sign=0.176, train=1.140e+00, val=1.131e+00]
GNN flow training:  64%|██████▍   | 64/100 [06:25<03:33,  5.93s/epoch, best=1.131e+00, sign=0.177, train=1.132e+00, val=1.117e+00]
GNN flow training:  65%|██████▌   | 65/100 [06:25<03:27,  5.93s/epoch, best=1.131e+00, sign=0.177, train=1.132e+00, val=1.117e+00]
GNN flow training:  65%|██████▌   | 65/100 [06:31<03:27,  5.93s/epoch, best=1.117e+00, sign=0.175, train=1.118e+00, val=1.110e+00]
GNN flow training:  66%|██████▌   | 66/100 [06:31<03:21,  5.93s/epoch, best=1.117e+00, sign=0.175, train=1.118e+00, val=1.110e+00]
GNN flow training:  66%|██████▌   | 66/100 [06:37<03:21,  5.93s/epoch, best=1.110e+00, sign=0.174, train=1.111e+00, val=1.104e+00]
GNN flow training:  67%|██████▋   | 67/100 [06:37<03:15,  5.94s/epoch, best=1.110e+00, sign=0.174, train=1.111e+00, val=1.104e+00]
GNN flow training:  67%|██████▋   | 67/100 [06:43<03:15,  5.94s/epoch, best=1.104e+00, sign=0.174, train=1.105e+00, val=1.099e+00]
GNN flow training:  68%|██████▊   | 68/100 [06:43<03:09,  5.92s/epoch, best=1.104e+00, sign=0.174, train=1.105e+00, val=1.099e+00]
GNN flow training:  68%|██████▊   | 68/100 [06:49<03:09,  5.92s/epoch, best=1.099e+00, sign=0.173, train=1.100e+00, val=1.095e+00]
GNN flow training:  69%|██████▉   | 69/100 [06:49<03:03,  5.92s/epoch, best=1.099e+00, sign=0.173, train=1.100e+00, val=1.095e+00]
GNN flow training:  69%|██████▉   | 69/100 [06:55<03:03,  5.92s/epoch, best=1.095e+00, sign=0.173, train=1.096e+00, val=1.087e+00]
GNN flow training:  70%|███████   | 70/100 [06:55<02:57,  5.93s/epoch, best=1.095e+00, sign=0.173, train=1.096e+00, val=1.087e+00]
GNN flow training:  70%|███████   | 70/100 [07:01<02:57,  5.93s/epoch, best=1.087e+00, sign=0.171, train=1.089e+00, val=1.077e+00]
GNN flow training:  71%|███████   | 71/100 [07:01<02:51,  5.90s/epoch, best=1.087e+00, sign=0.171, train=1.089e+00, val=1.077e+00]
GNN flow training:  71%|███████   | 71/100 [07:07<02:51,  5.90s/epoch, best=1.077e+00, sign=0.168, train=1.079e+00, val=1.071e+00]
GNN flow training:  72%|███████▏  | 72/100 [07:07<02:44,  5.89s/epoch, best=1.077e+00, sign=0.168, train=1.079e+00, val=1.071e+00]
GNN flow training:  72%|███████▏  | 72/100 [07:13<02:44,  5.89s/epoch, best=1.071e+00, sign=0.165, train=1.072e+00, val=1.077e+00]
GNN flow training:  73%|███████▎  | 73/100 [07:13<02:38,  5.89s/epoch, best=1.071e+00, sign=0.165, train=1.072e+00, val=1.077e+00]
GNN flow training:  73%|███████▎  | 73/100 [07:19<02:38,  5.89s/epoch, best=1.071e+00, sign=0.162, train=1.078e+00, val=1.096e+00]
GNN flow training:  74%|███████▍  | 74/100 [07:19<02:33,  5.91s/epoch, best=1.071e+00, sign=0.162, train=1.078e+00, val=1.096e+00]
GNN flow training:  74%|███████▍  | 74/100 [07:24<02:33,  5.91s/epoch, best=1.071e+00, sign=0.160, train=1.097e+00, val=1.135e+00]
GNN flow training:  75%|███████▌  | 75/100 [07:24<02:27,  5.89s/epoch, best=1.071e+00, sign=0.160, train=1.097e+00, val=1.135e+00]
GNN flow training:  75%|███████▌  | 75/100 [07:30<02:27,  5.89s/epoch, best=1.071e+00, sign=0.162, train=1.136e+00, val=1.104e+00]
GNN flow training:  76%|███████▌  | 76/100 [07:30<02:21,  5.89s/epoch, best=1.071e+00, sign=0.162, train=1.136e+00, val=1.104e+00]
GNN flow training:  76%|███████▌  | 76/100 [07:36<02:21,  5.89s/epoch, best=1.071e+00, sign=0.167, train=1.105e+00, val=1.063e+00]
GNN flow training:  77%|███████▋  | 77/100 [07:36<02:15,  5.88s/epoch, best=1.071e+00, sign=0.167, train=1.105e+00, val=1.063e+00]
GNN flow training:  77%|███████▋  | 77/100 [07:42<02:15,  5.88s/epoch, best=1.063e+00, sign=0.170, train=1.064e+00, val=1.050e+00]
GNN flow training:  78%|███████▊  | 78/100 [07:42<02:09,  5.89s/epoch, best=1.063e+00, sign=0.170, train=1.064e+00, val=1.050e+00]
GNN flow training:  78%|███████▊  | 78/100 [07:48<02:09,  5.89s/epoch, best=1.050e+00, sign=0.171, train=1.051e+00, val=1.060e+00]
GNN flow training:  79%|███████▉  | 79/100 [07:48<02:03,  5.88s/epoch, best=1.050e+00, sign=0.171, train=1.051e+00, val=1.060e+00]
GNN flow training:  79%|███████▉  | 79/100 [07:54<02:03,  5.88s/epoch, best=1.050e+00, sign=0.174, train=1.061e+00, val=1.069e+00]
GNN flow training:  80%|████████  | 80/100 [07:54<01:57,  5.88s/epoch, best=1.050e+00, sign=0.174, train=1.061e+00, val=1.069e+00]
GNN flow training:  80%|████████  | 80/100 [08:00<01:57,  5.88s/epoch, best=1.050e+00, sign=0.177, train=1.070e+00, val=1.071e+00]
GNN flow training:  81%|████████  | 81/100 [08:00<01:52,  5.89s/epoch, best=1.050e+00, sign=0.177, train=1.070e+00, val=1.071e+00]
GNN flow training:  81%|████████  | 81/100 [08:06<01:52,  5.89s/epoch, best=1.050e+00, sign=0.178, train=1.072e+00, val=1.068e+00]
GNN flow training:  82%|████████▏ | 82/100 [08:06<01:46,  5.90s/epoch, best=1.050e+00, sign=0.178, train=1.072e+00, val=1.068e+00]
GNN flow training:  82%|████████▏ | 82/100 [08:12<01:46,  5.90s/epoch, best=1.050e+00, sign=0.179, train=1.069e+00, val=1.059e+00]
GNN flow training:  83%|████████▎ | 83/100 [08:12<01:40,  5.89s/epoch, best=1.050e+00, sign=0.179, train=1.069e+00, val=1.059e+00]
GNN flow training:  83%|████████▎ | 83/100 [08:18<01:40,  5.89s/epoch, best=1.050e+00, sign=0.181, train=1.060e+00, val=1.051e+00]
GNN flow training:  84%|████████▍ | 84/100 [08:18<01:34,  5.90s/epoch, best=1.050e+00, sign=0.181, train=1.060e+00, val=1.051e+00]
GNN flow training:  84%|████████▍ | 84/100 [08:23<01:34,  5.90s/epoch, best=1.050e+00, sign=0.182, train=1.053e+00, val=1.048e+00]
GNN flow training:  85%|████████▌ | 85/100 [08:23<01:28,  5.89s/epoch, best=1.050e+00, sign=0.182, train=1.053e+00, val=1.048e+00]
GNN flow training:  85%|████████▌ | 85/100 [08:29<01:28,  5.89s/epoch, best=1.048e+00, sign=0.183, train=1.050e+00, val=1.045e+00]
GNN flow training:  86%|████████▌ | 86/100 [08:29<01:22,  5.91s/epoch, best=1.048e+00, sign=0.183, train=1.050e+00, val=1.045e+00]
GNN flow training:  86%|████████▌ | 86/100 [08:35<01:22,  5.91s/epoch, best=1.045e+00, sign=0.184, train=1.047e+00, val=1.044e+00]
GNN flow training:  87%|████████▋ | 87/100 [08:35<01:16,  5.92s/epoch, best=1.045e+00, sign=0.184, train=1.047e+00, val=1.044e+00]
GNN flow training:  87%|████████▋ | 87/100 [08:41<01:16,  5.92s/epoch, best=1.044e+00, sign=0.184, train=1.045e+00, val=1.041e+00]
GNN flow training:  88%|████████▊ | 88/100 [08:41<01:11,  5.92s/epoch, best=1.044e+00, sign=0.184, train=1.045e+00, val=1.041e+00]
GNN flow training:  88%|████████▊ | 88/100 [08:47<01:11,  5.92s/epoch, best=1.041e+00, sign=0.183, train=1.042e+00, val=1.037e+00]
GNN flow training:  89%|████████▉ | 89/100 [08:47<01:05,  5.95s/epoch, best=1.041e+00, sign=0.183, train=1.042e+00, val=1.037e+00]
GNN flow training:  89%|████████▉ | 89/100 [08:53<01:05,  5.95s/epoch, best=1.037e+00, sign=0.182, train=1.039e+00, val=1.033e+00]
GNN flow training:  90%|█████████ | 90/100 [08:53<00:59,  5.95s/epoch, best=1.037e+00, sign=0.182, train=1.039e+00, val=1.033e+00]
GNN flow training:  90%|█████████ | 90/100 [08:59<00:59,  5.95s/epoch, best=1.033e+00, sign=0.180, train=1.034e+00, val=1.027e+00]
GNN flow training:  91%|█████████ | 91/100 [08:59<00:53,  5.93s/epoch, best=1.033e+00, sign=0.180, train=1.034e+00, val=1.027e+00]
GNN flow training:  91%|█████████ | 91/100 [09:05<00:53,  5.93s/epoch, best=1.027e+00, sign=0.181, train=1.028e+00, val=1.018e+00]
GNN flow training:  92%|█████████▏| 92/100 [09:05<00:47,  5.91s/epoch, best=1.027e+00, sign=0.181, train=1.028e+00, val=1.018e+00]
GNN flow training:  92%|█████████▏| 92/100 [09:11<00:47,  5.91s/epoch, best=1.018e+00, sign=0.180, train=1.019e+00, val=1.015e+00]
GNN flow training:  93%|█████████▎| 93/100 [09:11<00:41,  5.91s/epoch, best=1.018e+00, sign=0.180, train=1.019e+00, val=1.015e+00]
GNN flow training:  93%|█████████▎| 93/100 [09:17<00:41,  5.91s/epoch, best=1.015e+00, sign=0.180, train=1.016e+00, val=1.010e+00]
GNN flow training:  94%|█████████▍| 94/100 [09:17<00:35,  5.90s/epoch, best=1.015e+00, sign=0.180, train=1.016e+00, val=1.010e+00]
GNN flow training:  94%|█████████▍| 94/100 [09:23<00:35,  5.90s/epoch, best=1.010e+00, sign=0.182, train=1.012e+00, val=1.007e+00]
GNN flow training:  95%|█████████▌| 95/100 [09:23<00:29,  5.92s/epoch, best=1.010e+00, sign=0.182, train=1.012e+00, val=1.007e+00]
GNN flow training:  95%|█████████▌| 95/100 [09:29<00:29,  5.92s/epoch, best=1.007e+00, sign=0.183, train=1.008e+00, val=1.000e+00]
GNN flow training:  96%|█████████▌| 96/100 [09:29<00:23,  5.91s/epoch, best=1.007e+00, sign=0.183, train=1.008e+00, val=1.000e+00]
GNN flow training:  96%|█████████▌| 96/100 [09:34<00:23,  5.91s/epoch, best=1.000e+00, sign=0.182, train=1.002e+00, val=9.966e-01]
GNN flow training:  97%|█████████▋| 97/100 [09:34<00:17,  5.90s/epoch, best=1.000e+00, sign=0.182, train=1.002e+00, val=9.966e-01]
GNN flow training:  97%|█████████▋| 97/100 [09:40<00:17,  5.90s/epoch, best=9.966e-01, sign=0.183, train=9.981e-01, val=9.914e-01]
GNN flow training:  98%|█████████▊| 98/100 [09:40<00:11,  5.93s/epoch, best=9.966e-01, sign=0.183, train=9.981e-01, val=9.914e-01]
GNN flow training:  98%|█████████▊| 98/100 [09:46<00:11,  5.93s/epoch, best=9.914e-01, sign=0.184, train=9.928e-01, val=9.880e-01]
GNN flow training:  99%|█████████▉| 99/100 [09:46<00:05,  5.92s/epoch, best=9.914e-01, sign=0.184, train=9.928e-01, val=9.880e-01]
GNN flow training:  99%|█████████▉| 99/100 [09:52<00:05,  5.92s/epoch, best=9.880e-01, sign=0.185, train=9.895e-01, val=9.833e-01]
GNN flow training: 100%|██████████| 100/100 [09:52<00:00,  5.91s/epoch, best=9.880e-01, sign=0.185, train=9.895e-01, val=9.833e-01]
GNN flow training: 100%|██████████| 100/100 [09:52<00:00,  5.93s/epoch, best=9.880e-01, sign=0.185, train=9.895e-01, val=9.833e-01]
Resolved config snapshot:
{'preset': 'solver_QKB_outer_QKBdelta', 'gnn_outer_losses': {'flow': 0.1, 'kirchhoff': 0.1, 'boundary': 100.0, 'delta_l2': 0.1, 'delta_smooth': 0.0, 'pressure_shape': 0.0}, 'physics': {'arterial_flow_mode': 'dataset', 'pressure_constraints': ['equal-a-equal-v'], 'alpha_pa': None, 'use_snr_weights': True, 'use_observed_flow_snr_weighting': True, 'flow_scale_mode': 'median_abs', 'solver_device': 'same', 'pressure_solver_mode': 'reduced-soft-constrained-lstsq', 'pressure_solver_lambda_kirchhoff': 1.0, 'pressure_solver_lambda_pressure_constraints': 100.0, 'pressure_solver_lambda_flow_residual': 1.0, 'pressure_shape_reference': 'delta_zero_reference', 'pressure_detach': False}, 'correction_bounds': {'correction_min': -0.5, 'correction_max': 0.5, 'correction_bound': 0.5, 'correction_parameterization': 'tanh'}, 'optimization': {'learning_rate': 0.001, 'weight_decay': 0.0001, 'gradient_clip_norm': 5.0, 'optimizer': 'adamw', 'epochs': 100, 'patience': 40}}
Shard 1/80: 1 of 80 runs
Command: /mnt/home/sswee/miniforge3/envs/yolk-sac/bin/python /mnt/home/sswee/yolk/Yolk-Sac-Flow-Data-and-Sim/gnn_clean/scripts/python/gnn_flow.py /mnt/home/sswee/yolk/Yolk-Sac-Flow-Data-and-Sim/gnn_clean/datasets/mosaic_graph_canonical_harmonized/mosaic_graph_canonical_harmonized.gpickle --output-dir /mnt/home/sswee/yolk/Yolk-Sac-Flow-Data-and-Sim/gnn_clean/outputs_canonical/dc/02_physics_weight_sweep/gnn --run-name q_0p1__k_0p1__delta_0p1 --preset solver_QKB_outer_QKBdelta --device cuda --epochs 100 --seed 0 --viscosity-pa-s 0.0035 --config /mnt/home/sswee/yolk/Yolk-Sac-Flow-Data-and-Sim/gnn_clean/outputs_canonical/dc/02_physics_weight_sweep/_generated_configs/q_0p1__k_0p1__delta_0p1.yaml --no-pressure-detach
