
GNN flow training:   0%|          | 0/100 [00:00<?, ?epoch/s]
GNN flow training:   0%|          | 0/100 [00:04<?, ?epoch/s, best=2.169e+01, sign=0.289, train=2.212e+01, val=2.169e+01]
GNN flow training:   1%|          | 1/100 [00:04<07:39,  4.65s/epoch, best=2.169e+01, sign=0.289, train=2.212e+01, val=2.169e+01]
GNN flow training:   1%|          | 1/100 [00:09<07:39,  4.65s/epoch, best=2.169e+01, sign=0.288, train=2.210e+01, val=2.158e+01]
GNN flow training:   2%|▏         | 2/100 [00:09<07:29,  4.58s/epoch, best=2.169e+01, sign=0.288, train=2.210e+01, val=2.158e+01]
GNN flow training:   2%|▏         | 2/100 [00:13<07:29,  4.58s/epoch, best=2.158e+01, sign=0.286, train=2.199e+01, val=2.143e+01]
GNN flow training:   3%|▎         | 3/100 [00:13<07:22,  4.56s/epoch, best=2.158e+01, sign=0.286, train=2.199e+01, val=2.143e+01]
GNN flow training:   3%|▎         | 3/100 [00:18<07:22,  4.56s/epoch, best=2.143e+01, sign=0.285, train=2.185e+01, val=2.133e+01]
GNN flow training:   4%|▍         | 4/100 [00:18<07:15,  4.53s/epoch, best=2.143e+01, sign=0.285, train=2.185e+01, val=2.133e+01]
GNN flow training:   4%|▍         | 4/100 [00:22<07:15,  4.53s/epoch, best=2.133e+01, sign=0.284, train=2.176e+01, val=2.117e+01]
GNN flow training:   5%|▌         | 5/100 [00:22<07:10,  4.54s/epoch, best=2.133e+01, sign=0.284, train=2.176e+01, val=2.117e+01]
GNN flow training:   5%|▌         | 5/100 [00:27<07:10,  4.54s/epoch, best=2.117e+01, sign=0.282, train=2.161e+01, val=2.099e+01]
GNN flow training:   6%|▌         | 6/100 [00:27<07:06,  4.54s/epoch, best=2.117e+01, sign=0.282, train=2.161e+01, val=2.099e+01]
GNN flow training:   6%|▌         | 6/100 [00:31<07:06,  4.54s/epoch, best=2.099e+01, sign=0.278, train=2.143e+01, val=2.080e+01]
GNN flow training:   7%|▋         | 7/100 [00:31<07:00,  4.52s/epoch, best=2.099e+01, sign=0.278, train=2.143e+01, val=2.080e+01]
GNN flow training:   7%|▋         | 7/100 [00:36<07:00,  4.52s/epoch, best=2.080e+01, sign=0.274, train=2.126e+01, val=2.048e+01]
GNN flow training:   8%|▊         | 8/100 [00:36<06:56,  4.52s/epoch, best=2.080e+01, sign=0.274, train=2.126e+01, val=2.048e+01]
GNN flow training:   8%|▊         | 8/100 [00:40<06:56,  4.52s/epoch, best=2.048e+01, sign=0.269, train=2.096e+01, val=2.019e+01]
GNN flow training:   9%|▉         | 9/100 [00:40<06:50,  4.51s/epoch, best=2.048e+01, sign=0.269, train=2.096e+01, val=2.019e+01]
GNN flow training:   9%|▉         | 9/100 [00:45<06:50,  4.51s/epoch, best=2.019e+01, sign=0.264, train=2.068e+01, val=1.982e+01]
GNN flow training:  10%|█         | 10/100 [00:45<06:44,  4.50s/epoch, best=2.019e+01, sign=0.264, train=2.068e+01, val=1.982e+01]
GNN flow training:  10%|█         | 10/100 [00:49<06:44,  4.50s/epoch, best=1.982e+01, sign=0.257, train=2.034e+01, val=1.956e+01]
GNN flow training:  11%|█         | 11/100 [00:49<06:41,  4.51s/epoch, best=1.982e+01, sign=0.257, train=2.034e+01, val=1.956e+01]
GNN flow training:  11%|█         | 11/100 [00:54<06:41,  4.51s/epoch, best=1.956e+01, sign=0.253, train=2.010e+01, val=1.923e+01]
GNN flow training:  12%|█▏        | 12/100 [00:54<06:36,  4.50s/epoch, best=1.956e+01, sign=0.253, train=2.010e+01, val=1.923e+01]
GNN flow training:  12%|█▏        | 12/100 [00:58<06:36,  4.50s/epoch, best=1.923e+01, sign=0.247, train=1.981e+01, val=1.891e+01]
GNN flow training:  13%|█▎        | 13/100 [00:58<06:30,  4.49s/epoch, best=1.923e+01, sign=0.247, train=1.981e+01, val=1.891e+01]
GNN flow training:  13%|█▎        | 13/100 [01:03<06:30,  4.49s/epoch, best=1.891e+01, sign=0.240, train=1.952e+01, val=1.865e+01]
GNN flow training:  14%|█▍        | 14/100 [01:03<06:26,  4.49s/epoch, best=1.891e+01, sign=0.240, train=1.952e+01, val=1.865e+01]
GNN flow training:  14%|█▍        | 14/100 [01:07<06:26,  4.49s/epoch, best=1.865e+01, sign=0.232, train=1.931e+01, val=1.833e+01]
GNN flow training:  15%|█▌        | 15/100 [01:07<06:22,  4.49s/epoch, best=1.865e+01, sign=0.232, train=1.931e+01, val=1.833e+01]
GNN flow training:  15%|█▌        | 15/100 [01:12<06:22,  4.49s/epoch, best=1.833e+01, sign=0.223, train=1.902e+01, val=1.807e+01]
GNN flow training:  16%|█▌        | 16/100 [01:12<06:18,  4.51s/epoch, best=1.833e+01, sign=0.223, train=1.902e+01, val=1.807e+01]
GNN flow training:  16%|█▌        | 16/100 [01:16<06:18,  4.51s/epoch, best=1.807e+01, sign=0.213, train=1.879e+01, val=1.789e+01]
GNN flow training:  17%|█▋        | 17/100 [01:16<06:14,  4.51s/epoch, best=1.807e+01, sign=0.213, train=1.879e+01, val=1.789e+01]
GNN flow training:  17%|█▋        | 17/100 [01:21<06:14,  4.51s/epoch, best=1.789e+01, sign=0.207, train=1.865e+01, val=1.771e+01]
GNN flow training:  18%|█▊        | 18/100 [01:21<06:08,  4.50s/epoch, best=1.789e+01, sign=0.207, train=1.865e+01, val=1.771e+01]
GNN flow training:  18%|█▊        | 18/100 [01:25<06:08,  4.50s/epoch, best=1.771e+01, sign=0.200, train=1.852e+01, val=1.751e+01]
GNN flow training:  19%|█▉        | 19/100 [01:25<06:04,  4.49s/epoch, best=1.771e+01, sign=0.200, train=1.852e+01, val=1.751e+01]
GNN flow training:  19%|█▉        | 19/100 [01:30<06:04,  4.49s/epoch, best=1.751e+01, sign=0.194, train=1.836e+01, val=1.734e+01]
GNN flow training:  20%|██        | 20/100 [01:30<05:59,  4.49s/epoch, best=1.751e+01, sign=0.194, train=1.836e+01, val=1.734e+01]
GNN flow training:  20%|██        | 20/100 [01:34<05:59,  4.49s/epoch, best=1.734e+01, sign=0.189, train=1.822e+01, val=1.725e+01]
GNN flow training:  21%|██        | 21/100 [01:34<05:54,  4.48s/epoch, best=1.734e+01, sign=0.189, train=1.822e+01, val=1.725e+01]
GNN flow training:  21%|██        | 21/100 [01:39<05:54,  4.48s/epoch, best=1.725e+01, sign=0.185, train=1.816e+01, val=1.718e+01]
GNN flow training:  22%|██▏       | 22/100 [01:39<05:49,  4.48s/epoch, best=1.725e+01, sign=0.185, train=1.816e+01, val=1.718e+01]
GNN flow training:  22%|██▏       | 22/100 [01:43<05:49,  4.48s/epoch, best=1.718e+01, sign=0.183, train=1.812e+01, val=1.709e+01]
GNN flow training:  23%|██▎       | 23/100 [01:43<05:44,  4.48s/epoch, best=1.718e+01, sign=0.183, train=1.812e+01, val=1.709e+01]
GNN flow training:  23%|██▎       | 23/100 [01:48<05:44,  4.48s/epoch, best=1.709e+01, sign=0.181, train=1.805e+01, val=1.702e+01]
GNN flow training:  24%|██▍       | 24/100 [01:48<05:39,  4.47s/epoch, best=1.709e+01, sign=0.181, train=1.805e+01, val=1.702e+01]
GNN flow training:  24%|██▍       | 24/100 [01:52<05:39,  4.47s/epoch, best=1.702e+01, sign=0.179, train=1.800e+01, val=1.695e+01]
GNN flow training:  25%|██▌       | 25/100 [01:52<05:34,  4.47s/epoch, best=1.702e+01, sign=0.179, train=1.800e+01, val=1.695e+01]
GNN flow training:  25%|██▌       | 25/100 [01:57<05:34,  4.47s/epoch, best=1.695e+01, sign=0.178, train=1.794e+01, val=1.689e+01]
GNN flow training:  26%|██▌       | 26/100 [01:57<05:31,  4.48s/epoch, best=1.695e+01, sign=0.178, train=1.794e+01, val=1.689e+01]
GNN flow training:  26%|██▌       | 26/100 [02:01<05:31,  4.48s/epoch, best=1.689e+01, sign=0.177, train=1.789e+01, val=1.686e+01]
GNN flow training:  27%|██▋       | 27/100 [02:01<05:28,  4.50s/epoch, best=1.689e+01, sign=0.177, train=1.789e+01, val=1.686e+01]
GNN flow training:  27%|██▋       | 27/100 [02:06<05:28,  4.50s/epoch, best=1.686e+01, sign=0.176, train=1.786e+01, val=1.682e+01]
GNN flow training:  28%|██▊       | 28/100 [02:06<05:24,  4.50s/epoch, best=1.686e+01, sign=0.176, train=1.786e+01, val=1.682e+01]
GNN flow training:  28%|██▊       | 28/100 [02:10<05:24,  4.50s/epoch, best=1.682e+01, sign=0.176, train=1.782e+01, val=1.681e+01]
GNN flow training:  29%|██▉       | 29/100 [02:10<05:18,  4.49s/epoch, best=1.682e+01, sign=0.176, train=1.782e+01, val=1.681e+01]
GNN flow training:  29%|██▉       | 29/100 [02:15<05:18,  4.49s/epoch, best=1.681e+01, sign=0.176, train=1.782e+01, val=1.679e+01]
GNN flow training:  30%|███       | 30/100 [02:15<05:13,  4.48s/epoch, best=1.681e+01, sign=0.176, train=1.782e+01, val=1.679e+01]
GNN flow training:  30%|███       | 30/100 [02:19<05:13,  4.48s/epoch, best=1.679e+01, sign=0.176, train=1.781e+01, val=1.678e+01]
GNN flow training:  31%|███       | 31/100 [02:19<05:08,  4.47s/epoch, best=1.679e+01, sign=0.176, train=1.781e+01, val=1.678e+01]
GNN flow training:  31%|███       | 31/100 [02:23<05:08,  4.47s/epoch, best=1.678e+01, sign=0.177, train=1.779e+01, val=1.675e+01]
GNN flow training:  32%|███▏      | 32/100 [02:23<05:04,  4.48s/epoch, best=1.678e+01, sign=0.177, train=1.779e+01, val=1.675e+01]
GNN flow training:  32%|███▏      | 32/100 [02:28<05:04,  4.48s/epoch, best=1.675e+01, sign=0.176, train=1.775e+01, val=1.675e+01]
GNN flow training:  33%|███▎      | 33/100 [02:28<05:00,  4.48s/epoch, best=1.675e+01, sign=0.176, train=1.775e+01, val=1.675e+01]
GNN flow training:  33%|███▎      | 33/100 [02:33<05:00,  4.48s/epoch, best=1.675e+01, sign=0.176, train=1.776e+01, val=1.675e+01]
GNN flow training:  34%|███▍      | 34/100 [02:33<04:56,  4.50s/epoch, best=1.675e+01, sign=0.176, train=1.776e+01, val=1.675e+01]
GNN flow training:  34%|███▍      | 34/100 [02:37<04:56,  4.50s/epoch, best=1.675e+01, sign=0.176, train=1.776e+01, val=1.674e+01]
GNN flow training:  35%|███▌      | 35/100 [02:37<04:52,  4.50s/epoch, best=1.675e+01, sign=0.176, train=1.776e+01, val=1.674e+01]
GNN flow training:  35%|███▌      | 35/100 [02:42<04:52,  4.50s/epoch, best=1.674e+01, sign=0.175, train=1.775e+01, val=1.674e+01]
GNN flow training:  36%|███▌      | 36/100 [02:42<04:47,  4.50s/epoch, best=1.674e+01, sign=0.175, train=1.775e+01, val=1.674e+01]
GNN flow training:  36%|███▌      | 36/100 [02:46<04:47,  4.50s/epoch, best=1.674e+01, sign=0.176, train=1.775e+01, val=1.673e+01]
GNN flow training:  37%|███▋      | 37/100 [02:46<04:43,  4.50s/epoch, best=1.674e+01, sign=0.176, train=1.775e+01, val=1.673e+01]
GNN flow training:  37%|███▋      | 37/100 [02:51<04:43,  4.50s/epoch, best=1.673e+01, sign=0.176, train=1.773e+01, val=1.671e+01]
GNN flow training:  38%|███▊      | 38/100 [02:51<04:39,  4.51s/epoch, best=1.673e+01, sign=0.176, train=1.773e+01, val=1.671e+01]
GNN flow training:  38%|███▊      | 38/100 [02:55<04:39,  4.51s/epoch, best=1.671e+01, sign=0.177, train=1.770e+01, val=1.671e+01]
GNN flow training:  39%|███▉      | 39/100 [02:55<04:35,  4.51s/epoch, best=1.671e+01, sign=0.177, train=1.770e+01, val=1.671e+01]
GNN flow training:  39%|███▉      | 39/100 [03:00<04:35,  4.51s/epoch, best=1.671e+01, sign=0.177, train=1.769e+01, val=1.669e+01]
GNN flow training:  40%|████      | 40/100 [03:00<04:30,  4.50s/epoch, best=1.671e+01, sign=0.177, train=1.769e+01, val=1.669e+01]
GNN flow training:  40%|████      | 40/100 [03:04<04:30,  4.50s/epoch, best=1.669e+01, sign=0.178, train=1.766e+01, val=1.666e+01]
GNN flow training:  41%|████      | 41/100 [03:04<04:25,  4.50s/epoch, best=1.669e+01, sign=0.178, train=1.766e+01, val=1.666e+01]
GNN flow training:  41%|████      | 41/100 [03:08<04:25,  4.50s/epoch, best=1.666e+01, sign=0.179, train=1.760e+01, val=1.666e+01]
GNN flow training:  42%|████▏     | 42/100 [03:08<04:20,  4.49s/epoch, best=1.666e+01, sign=0.179, train=1.760e+01, val=1.666e+01]
GNN flow training:  42%|████▏     | 42/100 [03:13<04:20,  4.49s/epoch, best=1.666e+01, sign=0.179, train=1.758e+01, val=1.665e+01]
GNN flow training:  43%|████▎     | 43/100 [03:13<04:14,  4.47s/epoch, best=1.666e+01, sign=0.179, train=1.758e+01, val=1.665e+01]
GNN flow training:  43%|████▎     | 43/100 [03:17<04:14,  4.47s/epoch, best=1.665e+01, sign=0.180, train=1.754e+01, val=1.661e+01]
GNN flow training:  44%|████▍     | 44/100 [03:17<04:10,  4.47s/epoch, best=1.665e+01, sign=0.180, train=1.754e+01, val=1.661e+01]
GNN flow training:  44%|████▍     | 44/100 [03:22<04:10,  4.47s/epoch, best=1.661e+01, sign=0.180, train=1.744e+01, val=1.660e+01]
GNN flow training:  45%|████▌     | 45/100 [03:22<04:05,  4.46s/epoch, best=1.661e+01, sign=0.180, train=1.744e+01, val=1.660e+01]
GNN flow training:  45%|████▌     | 45/100 [03:26<04:05,  4.46s/epoch, best=1.660e+01, sign=0.181, train=1.730e+01, val=1.659e+01]
GNN flow training:  46%|████▌     | 46/100 [03:26<04:00,  4.46s/epoch, best=1.660e+01, sign=0.181, train=1.730e+01, val=1.659e+01]
GNN flow training:  46%|████▌     | 46/100 [03:31<04:00,  4.46s/epoch, best=1.659e+01, sign=0.184, train=1.727e+01, val=1.659e+01]
GNN flow training:  47%|████▋     | 47/100 [03:31<03:56,  4.47s/epoch, best=1.659e+01, sign=0.184, train=1.727e+01, val=1.659e+01]
GNN flow training:  47%|████▋     | 47/100 [03:35<03:56,  4.47s/epoch, best=1.659e+01, sign=0.184, train=1.730e+01, val=1.663e+01]
GNN flow training:  48%|████▊     | 48/100 [03:35<03:51,  4.46s/epoch, best=1.659e+01, sign=0.184, train=1.730e+01, val=1.663e+01]
GNN flow training:  48%|████▊     | 48/100 [03:40<03:51,  4.46s/epoch, best=1.659e+01, sign=0.185, train=1.734e+01, val=1.664e+01]
GNN flow training:  49%|████▉     | 49/100 [03:40<03:47,  4.46s/epoch, best=1.659e+01, sign=0.185, train=1.734e+01, val=1.664e+01]
GNN flow training:  49%|████▉     | 49/100 [03:44<03:47,  4.46s/epoch, best=1.659e+01, sign=0.187, train=1.732e+01, val=1.667e+01]
GNN flow training:  50%|█████     | 50/100 [03:44<03:43,  4.48s/epoch, best=1.659e+01, sign=0.187, train=1.732e+01, val=1.667e+01]
GNN flow training:  50%|█████     | 50/100 [03:49<03:43,  4.48s/epoch, best=1.659e+01, sign=0.188, train=1.729e+01, val=1.672e+01]
GNN flow training:  51%|█████     | 51/100 [03:49<03:39,  4.48s/epoch, best=1.659e+01, sign=0.188, train=1.729e+01, val=1.672e+01]
GNN flow training:  51%|█████     | 51/100 [03:53<03:39,  4.48s/epoch, best=1.659e+01, sign=0.187, train=1.733e+01, val=1.668e+01]
GNN flow training:  52%|█████▏    | 52/100 [03:53<03:35,  4.48s/epoch, best=1.659e+01, sign=0.187, train=1.733e+01, val=1.668e+01]
GNN flow training:  52%|█████▏    | 52/100 [03:58<03:35,  4.48s/epoch, best=1.659e+01, sign=0.188, train=1.727e+01, val=1.661e+01]
GNN flow training:  53%|█████▎    | 53/100 [03:58<03:30,  4.48s/epoch, best=1.659e+01, sign=0.188, train=1.727e+01, val=1.661e+01]
GNN flow training:  53%|█████▎    | 53/100 [04:02<03:30,  4.48s/epoch, best=1.659e+01, sign=0.187, train=1.713e+01, val=1.655e+01]
GNN flow training:  54%|█████▍    | 54/100 [04:02<03:25,  4.47s/epoch, best=1.659e+01, sign=0.187, train=1.713e+01, val=1.655e+01]
GNN flow training:  54%|█████▍    | 54/100 [04:07<03:25,  4.47s/epoch, best=1.655e+01, sign=0.187, train=1.695e+01, val=1.646e+01]
GNN flow training:  55%|█████▌    | 55/100 [04:07<03:21,  4.47s/epoch, best=1.655e+01, sign=0.187, train=1.695e+01, val=1.646e+01]
GNN flow training:  55%|█████▌    | 55/100 [04:11<03:21,  4.47s/epoch, best=1.646e+01, sign=0.187, train=1.668e+01, val=1.640e+01]
GNN flow training:  56%|█████▌    | 56/100 [04:11<03:16,  4.47s/epoch, best=1.646e+01, sign=0.187, train=1.668e+01, val=1.640e+01]
GNN flow training:  56%|█████▌    | 56/100 [04:15<03:16,  4.47s/epoch, best=1.640e+01, sign=0.187, train=1.652e+01, val=1.638e+01]
GNN flow training:  57%|█████▋    | 57/100 [04:15<03:12,  4.47s/epoch, best=1.640e+01, sign=0.187, train=1.652e+01, val=1.638e+01]
GNN flow training:  57%|█████▋    | 57/100 [04:20<03:12,  4.47s/epoch, best=1.638e+01, sign=0.189, train=1.646e+01, val=1.631e+01]
GNN flow training:  58%|█████▊    | 58/100 [04:20<03:07,  4.46s/epoch, best=1.638e+01, sign=0.189, train=1.646e+01, val=1.631e+01]
GNN flow training:  58%|█████▊    | 58/100 [04:24<03:07,  4.46s/epoch, best=1.631e+01, sign=0.190, train=1.630e+01, val=1.622e+01]
GNN flow training:  59%|█████▉    | 59/100 [04:24<03:02,  4.45s/epoch, best=1.631e+01, sign=0.190, train=1.630e+01, val=1.622e+01]
GNN flow training:  59%|█████▉    | 59/100 [04:29<03:02,  4.45s/epoch, best=1.622e+01, sign=0.193, train=1.610e+01, val=1.613e+01]
GNN flow training:  60%|██████    | 60/100 [04:29<02:57,  4.43s/epoch, best=1.622e+01, sign=0.193, train=1.610e+01, val=1.613e+01]
GNN flow training:  60%|██████    | 60/100 [04:33<02:57,  4.43s/epoch, best=1.613e+01, sign=0.193, train=1.589e+01, val=1.609e+01]
GNN flow training:  61%|██████    | 61/100 [04:33<02:53,  4.44s/epoch, best=1.613e+01, sign=0.193, train=1.589e+01, val=1.609e+01]
GNN flow training:  61%|██████    | 61/100 [04:38<02:53,  4.44s/epoch, best=1.609e+01, sign=0.193, train=1.581e+01, val=1.600e+01]
GNN flow training:  62%|██████▏   | 62/100 [04:38<02:48,  4.43s/epoch, best=1.609e+01, sign=0.193, train=1.581e+01, val=1.600e+01]
GNN flow training:  62%|██████▏   | 62/100 [04:42<02:48,  4.43s/epoch, best=1.600e+01, sign=0.196, train=1.565e+01, val=1.606e+01]
GNN flow training:  63%|██████▎   | 63/100 [04:42<02:43,  4.43s/epoch, best=1.600e+01, sign=0.196, train=1.565e+01, val=1.606e+01]
GNN flow training:  63%|██████▎   | 63/100 [04:46<02:43,  4.43s/epoch, best=1.600e+01, sign=0.196, train=1.562e+01, val=1.597e+01]
GNN flow training:  64%|██████▍   | 64/100 [04:46<02:39,  4.43s/epoch, best=1.600e+01, sign=0.196, train=1.562e+01, val=1.597e+01]
GNN flow training:  64%|██████▍   | 64/100 [04:51<02:39,  4.43s/epoch, best=1.597e+01, sign=0.194, train=1.549e+01, val=1.585e+01]
GNN flow training:  65%|██████▌   | 65/100 [04:51<02:34,  4.42s/epoch, best=1.597e+01, sign=0.194, train=1.549e+01, val=1.585e+01]
GNN flow training:  65%|██████▌   | 65/100 [04:55<02:34,  4.42s/epoch, best=1.585e+01, sign=0.193, train=1.541e+01, val=1.597e+01]
GNN flow training:  66%|██████▌   | 66/100 [04:55<02:30,  4.42s/epoch, best=1.585e+01, sign=0.193, train=1.541e+01, val=1.597e+01]
GNN flow training:  66%|██████▌   | 66/100 [05:00<02:30,  4.42s/epoch, best=1.585e+01, sign=0.192, train=1.574e+01, val=1.598e+01]
GNN flow training:  67%|██████▋   | 67/100 [05:00<02:25,  4.42s/epoch, best=1.585e+01, sign=0.192, train=1.574e+01, val=1.598e+01]
GNN flow training:  67%|██████▋   | 67/100 [05:04<02:25,  4.42s/epoch, best=1.585e+01, sign=0.193, train=1.584e+01, val=1.612e+01]
GNN flow training:  68%|██████▊   | 68/100 [05:04<02:21,  4.41s/epoch, best=1.585e+01, sign=0.193, train=1.584e+01, val=1.612e+01]
GNN flow training:  68%|██████▊   | 68/100 [05:09<02:21,  4.41s/epoch, best=1.585e+01, sign=0.192, train=1.606e+01, val=1.619e+01]
GNN flow training:  69%|██████▉   | 69/100 [05:09<02:16,  4.41s/epoch, best=1.585e+01, sign=0.192, train=1.606e+01, val=1.619e+01]
GNN flow training:  69%|██████▉   | 69/100 [05:13<02:16,  4.41s/epoch, best=1.585e+01, sign=0.195, train=1.624e+01, val=1.630e+01]
GNN flow training:  70%|███████   | 70/100 [05:13<02:13,  4.44s/epoch, best=1.585e+01, sign=0.195, train=1.624e+01, val=1.630e+01]
GNN flow training:  70%|███████   | 70/100 [05:17<02:13,  4.44s/epoch, best=1.585e+01, sign=0.196, train=1.626e+01, val=1.626e+01]
GNN flow training:  71%|███████   | 71/100 [05:17<02:08,  4.43s/epoch, best=1.585e+01, sign=0.196, train=1.626e+01, val=1.626e+01]
GNN flow training:  71%|███████   | 71/100 [05:22<02:08,  4.43s/epoch, best=1.585e+01, sign=0.197, train=1.599e+01, val=1.630e+01]
GNN flow training:  72%|███████▏  | 72/100 [05:22<02:03,  4.42s/epoch, best=1.585e+01, sign=0.197, train=1.599e+01, val=1.630e+01]
GNN flow training:  72%|███████▏  | 72/100 [05:26<02:03,  4.42s/epoch, best=1.585e+01, sign=0.201, train=1.582e+01, val=1.613e+01]
GNN flow training:  73%|███████▎  | 73/100 [05:26<01:59,  4.42s/epoch, best=1.585e+01, sign=0.201, train=1.582e+01, val=1.613e+01]
GNN flow training:  73%|███████▎  | 73/100 [05:31<01:59,  4.42s/epoch, best=1.585e+01, sign=0.201, train=1.562e+01, val=1.619e+01]
GNN flow training:  74%|███████▍  | 74/100 [05:31<01:54,  4.42s/epoch, best=1.585e+01, sign=0.201, train=1.562e+01, val=1.619e+01]
GNN flow training:  74%|███████▍  | 74/100 [05:35<01:54,  4.42s/epoch, best=1.585e+01, sign=0.200, train=1.574e+01, val=1.622e+01]
GNN flow training:  75%|███████▌  | 75/100 [05:35<01:50,  4.42s/epoch, best=1.585e+01, sign=0.200, train=1.574e+01, val=1.622e+01]
GNN flow training:  75%|███████▌  | 75/100 [05:39<01:50,  4.42s/epoch, best=1.585e+01, sign=0.199, train=1.581e+01, val=1.614e+01]
GNN flow training:  76%|███████▌  | 76/100 [05:39<01:45,  4.41s/epoch, best=1.585e+01, sign=0.199, train=1.581e+01, val=1.614e+01]
GNN flow training:  76%|███████▌  | 76/100 [05:44<01:45,  4.41s/epoch, best=1.585e+01, sign=0.198, train=1.574e+01, val=1.606e+01]
GNN flow training:  77%|███████▋  | 77/100 [05:44<01:41,  4.40s/epoch, best=1.585e+01, sign=0.198, train=1.574e+01, val=1.606e+01]
GNN flow training:  77%|███████▋  | 77/100 [05:48<01:41,  4.40s/epoch, best=1.585e+01, sign=0.196, train=1.563e+01, val=1.594e+01]
GNN flow training:  78%|███████▊  | 78/100 [05:48<01:36,  4.40s/epoch, best=1.585e+01, sign=0.196, train=1.563e+01, val=1.594e+01]
GNN flow training:  78%|███████▊  | 78/100 [05:53<01:36,  4.40s/epoch, best=1.585e+01, sign=0.195, train=1.550e+01, val=1.584e+01]
GNN flow training:  79%|███████▉  | 79/100 [05:53<01:32,  4.40s/epoch, best=1.585e+01, sign=0.195, train=1.550e+01, val=1.584e+01]
GNN flow training:  79%|███████▉  | 79/100 [05:57<01:32,  4.40s/epoch, best=1.584e+01, sign=0.193, train=1.540e+01, val=1.558e+01]
GNN flow training:  80%|████████  | 80/100 [05:57<01:28,  4.41s/epoch, best=1.584e+01, sign=0.193, train=1.540e+01, val=1.558e+01]
GNN flow training:  80%|████████  | 80/100 [06:01<01:28,  4.41s/epoch, best=1.558e+01, sign=0.191, train=1.516e+01, val=1.547e+01]
GNN flow training:  81%|████████  | 81/100 [06:01<01:23,  4.41s/epoch, best=1.558e+01, sign=0.191, train=1.516e+01, val=1.547e+01]
GNN flow training:  81%|████████  | 81/100 [06:06<01:23,  4.41s/epoch, best=1.547e+01, sign=0.188, train=1.509e+01, val=1.542e+01]
GNN flow training:  82%|████████▏ | 82/100 [06:06<01:19,  4.43s/epoch, best=1.547e+01, sign=0.188, train=1.509e+01, val=1.542e+01]
GNN flow training:  82%|████████▏ | 82/100 [06:10<01:19,  4.43s/epoch, best=1.542e+01, sign=0.185, train=1.516e+01, val=1.544e+01]
GNN flow training:  83%|████████▎ | 83/100 [06:10<01:15,  4.43s/epoch, best=1.542e+01, sign=0.185, train=1.516e+01, val=1.544e+01]
GNN flow training:  83%|████████▎ | 83/100 [06:15<01:15,  4.43s/epoch, best=1.542e+01, sign=0.186, train=1.530e+01, val=1.539e+01]
GNN flow training:  84%|████████▍ | 84/100 [06:15<01:10,  4.42s/epoch, best=1.542e+01, sign=0.186, train=1.530e+01, val=1.539e+01]
GNN flow training:  84%|████████▍ | 84/100 [06:19<01:10,  4.42s/epoch, best=1.539e+01, sign=0.189, train=1.529e+01, val=1.518e+01]
GNN flow training:  85%|████████▌ | 85/100 [06:19<01:06,  4.44s/epoch, best=1.539e+01, sign=0.189, train=1.529e+01, val=1.518e+01]
GNN flow training:  85%|████████▌ | 85/100 [06:24<01:06,  4.44s/epoch, best=1.518e+01, sign=0.188, train=1.504e+01, val=1.512e+01]
GNN flow training:  86%|████████▌ | 86/100 [06:24<01:01,  4.43s/epoch, best=1.518e+01, sign=0.188, train=1.504e+01, val=1.512e+01]
GNN flow training:  86%|████████▌ | 86/100 [06:28<01:01,  4.43s/epoch, best=1.512e+01, sign=0.189, train=1.487e+01, val=1.547e+01]
GNN flow training:  87%|████████▋ | 87/100 [06:28<00:57,  4.43s/epoch, best=1.512e+01, sign=0.189, train=1.487e+01, val=1.547e+01]
GNN flow training:  87%|████████▋ | 87/100 [06:33<00:57,  4.43s/epoch, best=1.512e+01, sign=0.190, train=1.513e+01, val=1.574e+01]
GNN flow training:  88%|████████▊ | 88/100 [06:33<00:53,  4.43s/epoch, best=1.512e+01, sign=0.190, train=1.513e+01, val=1.574e+01]
GNN flow training:  88%|████████▊ | 88/100 [06:37<00:53,  4.43s/epoch, best=1.512e+01, sign=0.191, train=1.531e+01, val=1.596e+01]
GNN flow training:  89%|████████▉ | 89/100 [06:37<00:48,  4.42s/epoch, best=1.512e+01, sign=0.191, train=1.531e+01, val=1.596e+01]
GNN flow training:  89%|████████▉ | 89/100 [06:41<00:48,  4.42s/epoch, best=1.512e+01, sign=0.193, train=1.552e+01, val=1.582e+01]
GNN flow training:  90%|█████████ | 90/100 [06:41<00:44,  4.43s/epoch, best=1.512e+01, sign=0.193, train=1.552e+01, val=1.582e+01]
GNN flow training:  90%|█████████ | 90/100 [06:46<00:44,  4.43s/epoch, best=1.512e+01, sign=0.195, train=1.541e+01, val=1.544e+01]
GNN flow training:  91%|█████████ | 91/100 [06:46<00:39,  4.42s/epoch, best=1.512e+01, sign=0.195, train=1.541e+01, val=1.544e+01]
GNN flow training:  91%|█████████ | 91/100 [06:50<00:39,  4.42s/epoch, best=1.512e+01, sign=0.193, train=1.507e+01, val=1.504e+01]
GNN flow training:  92%|█████████▏| 92/100 [06:50<00:35,  4.41s/epoch, best=1.512e+01, sign=0.193, train=1.507e+01, val=1.504e+01]
GNN flow training:  92%|█████████▏| 92/100 [06:55<00:35,  4.41s/epoch, best=1.504e+01, sign=0.191, train=1.464e+01, val=1.482e+01]
GNN flow training:  93%|█████████▎| 93/100 [06:55<00:30,  4.41s/epoch, best=1.504e+01, sign=0.191, train=1.464e+01, val=1.482e+01]
GNN flow training:  93%|█████████▎| 93/100 [06:59<00:30,  4.41s/epoch, best=1.482e+01, sign=0.193, train=1.455e+01, val=1.465e+01]
GNN flow training:  94%|█████████▍| 94/100 [06:59<00:26,  4.41s/epoch, best=1.482e+01, sign=0.193, train=1.455e+01, val=1.465e+01]
GNN flow training:  94%|█████████▍| 94/100 [07:03<00:26,  4.41s/epoch, best=1.465e+01, sign=0.191, train=1.458e+01, val=1.472e+01]
GNN flow training:  95%|█████████▌| 95/100 [07:03<00:22,  4.41s/epoch, best=1.465e+01, sign=0.191, train=1.458e+01, val=1.472e+01]
GNN flow training:  95%|█████████▌| 95/100 [07:08<00:22,  4.41s/epoch, best=1.465e+01, sign=0.192, train=1.471e+01, val=1.459e+01]
GNN flow training:  96%|█████████▌| 96/100 [07:08<00:17,  4.41s/epoch, best=1.465e+01, sign=0.192, train=1.471e+01, val=1.459e+01]
GNN flow training:  96%|█████████▌| 96/100 [07:12<00:17,  4.41s/epoch, best=1.459e+01, sign=0.194, train=1.455e+01, val=1.451e+01]
GNN flow training:  97%|█████████▋| 97/100 [07:12<00:13,  4.41s/epoch, best=1.459e+01, sign=0.194, train=1.455e+01, val=1.451e+01]
GNN flow training:  97%|█████████▋| 97/100 [07:17<00:13,  4.41s/epoch, best=1.451e+01, sign=0.195, train=1.441e+01, val=1.448e+01]
GNN flow training:  98%|█████████▊| 98/100 [07:17<00:08,  4.42s/epoch, best=1.451e+01, sign=0.195, train=1.441e+01, val=1.448e+01]
GNN flow training:  98%|█████████▊| 98/100 [07:21<00:08,  4.42s/epoch, best=1.448e+01, sign=0.196, train=1.435e+01, val=1.456e+01]
GNN flow training:  99%|█████████▉| 99/100 [07:21<00:04,  4.42s/epoch, best=1.448e+01, sign=0.196, train=1.435e+01, val=1.456e+01]
GNN flow training:  99%|█████████▉| 99/100 [07:25<00:04,  4.42s/epoch, best=1.448e+01, sign=0.199, train=1.434e+01, val=1.473e+01]
GNN flow training: 100%|██████████| 100/100 [07:25<00:00,  4.42s/epoch, best=1.448e+01, sign=0.199, train=1.434e+01, val=1.473e+01]
GNN flow training: 100%|██████████| 100/100 [07:25<00:00,  4.46s/epoch, best=1.448e+01, sign=0.199, train=1.434e+01, val=1.473e+01]

GNN flow training:   0%|          | 0/100 [00:00<?, ?epoch/s]
GNN flow training:   0%|          | 0/100 [00:04<?, ?epoch/s, best=1.399e+03, sign=0.290, train=1.399e+03, val=1.399e+03]
GNN flow training:   1%|          | 1/100 [00:04<07:35,  4.60s/epoch, best=1.399e+03, sign=0.290, train=1.399e+03, val=1.399e+03]
GNN flow training:   1%|          | 1/100 [00:09<07:35,  4.60s/epoch, best=1.399e+03, sign=0.289, train=1.399e+03, val=1.399e+03]
GNN flow training:   2%|▏         | 2/100 [00:09<07:28,  4.58s/epoch, best=1.399e+03, sign=0.289, train=1.399e+03, val=1.399e+03]
GNN flow training:   2%|▏         | 2/100 [00:13<07:28,  4.58s/epoch, best=1.399e+03, sign=0.288, train=1.399e+03, val=1.400e+03]
GNN flow training:   3%|▎         | 3/100 [00:13<07:21,  4.55s/epoch, best=1.399e+03, sign=0.288, train=1.399e+03, val=1.400e+03]
GNN flow training:   3%|▎         | 3/100 [00:18<07:21,  4.55s/epoch, best=1.399e+03, sign=0.286, train=1.400e+03, val=1.398e+03]
GNN flow training:   4%|▍         | 4/100 [00:18<07:14,  4.53s/epoch, best=1.399e+03, sign=0.286, train=1.400e+03, val=1.398e+03]
GNN flow training:   4%|▍         | 4/100 [00:22<07:14,  4.53s/epoch, best=1.398e+03, sign=0.286, train=1.398e+03, val=1.392e+03]
GNN flow training:   5%|▌         | 5/100 [00:22<07:09,  4.52s/epoch, best=1.398e+03, sign=0.286, train=1.398e+03, val=1.392e+03]
GNN flow training:   5%|▌         | 5/100 [00:27<07:09,  4.52s/epoch, best=1.392e+03, sign=0.286, train=1.392e+03, val=1.389e+03]
GNN flow training:   6%|▌         | 6/100 [00:27<07:03,  4.51s/epoch, best=1.392e+03, sign=0.286, train=1.392e+03, val=1.389e+03]
GNN flow training:   6%|▌         | 6/100 [00:31<07:03,  4.51s/epoch, best=1.389e+03, sign=0.285, train=1.389e+03, val=1.386e+03]
GNN flow training:   7%|▋         | 7/100 [00:31<06:59,  4.51s/epoch, best=1.389e+03, sign=0.285, train=1.389e+03, val=1.386e+03]
GNN flow training:   7%|▋         | 7/100 [00:36<06:59,  4.51s/epoch, best=1.386e+03, sign=0.285, train=1.386e+03, val=1.385e+03]
GNN flow training:   8%|▊         | 8/100 [00:36<06:53,  4.50s/epoch, best=1.386e+03, sign=0.285, train=1.386e+03, val=1.385e+03]
GNN flow training:   8%|▊         | 8/100 [00:40<06:53,  4.50s/epoch, best=1.385e+03, sign=0.285, train=1.386e+03, val=1.380e+03]
GNN flow training:   9%|▉         | 9/100 [00:40<06:49,  4.50s/epoch, best=1.385e+03, sign=0.285, train=1.386e+03, val=1.380e+03]
GNN flow training:   9%|▉         | 9/100 [00:45<06:49,  4.50s/epoch, best=1.380e+03, sign=0.283, train=1.380e+03, val=1.376e+03]
GNN flow training:  10%|█         | 10/100 [00:45<06:45,  4.51s/epoch, best=1.380e+03, sign=0.283, train=1.380e+03, val=1.376e+03]
GNN flow training:  10%|█         | 10/100 [00:49<06:45,  4.51s/epoch, best=1.376e+03, sign=0.282, train=1.376e+03, val=1.376e+03]
GNN flow training:  11%|█         | 11/100 [00:49<06:39,  4.49s/epoch, best=1.376e+03, sign=0.282, train=1.376e+03, val=1.376e+03]
GNN flow training:  11%|█         | 11/100 [00:54<06:39,  4.49s/epoch, best=1.376e+03, sign=0.280, train=1.376e+03, val=1.375e+03]
GNN flow training:  12%|█▏        | 12/100 [00:54<06:33,  4.47s/epoch, best=1.376e+03, sign=0.280, train=1.376e+03, val=1.375e+03]
GNN flow training:  12%|█▏        | 12/100 [00:58<06:33,  4.47s/epoch, best=1.375e+03, sign=0.280, train=1.375e+03, val=1.370e+03]
GNN flow training:  13%|█▎        | 13/100 [00:58<06:30,  4.48s/epoch, best=1.375e+03, sign=0.280, train=1.375e+03, val=1.370e+03]
GNN flow training:  13%|█▎        | 13/100 [01:03<06:30,  4.48s/epoch, best=1.370e+03, sign=0.278, train=1.370e+03, val=1.360e+03]
GNN flow training:  14%|█▍        | 14/100 [01:03<06:25,  4.48s/epoch, best=1.370e+03, sign=0.278, train=1.370e+03, val=1.360e+03]
GNN flow training:  14%|█▍        | 14/100 [01:07<06:25,  4.48s/epoch, best=1.360e+03, sign=0.277, train=1.360e+03, val=1.354e+03]
GNN flow training:  15%|█▌        | 15/100 [01:07<06:20,  4.48s/epoch, best=1.360e+03, sign=0.277, train=1.360e+03, val=1.354e+03]
GNN flow training:  15%|█▌        | 15/100 [01:12<06:20,  4.48s/epoch, best=1.354e+03, sign=0.276, train=1.354e+03, val=1.351e+03]
GNN flow training:  16%|█▌        | 16/100 [01:12<06:16,  4.48s/epoch, best=1.354e+03, sign=0.276, train=1.354e+03, val=1.351e+03]
GNN flow training:  16%|█▌        | 16/100 [01:16<06:16,  4.48s/epoch, best=1.351e+03, sign=0.274, train=1.351e+03, val=1.350e+03]
GNN flow training:  17%|█▋        | 17/100 [01:16<06:11,  4.48s/epoch, best=1.351e+03, sign=0.274, train=1.351e+03, val=1.350e+03]
GNN flow training:  17%|█▋        | 17/100 [01:20<06:11,  4.48s/epoch, best=1.350e+03, sign=0.272, train=1.350e+03, val=1.341e+03]
GNN flow training:  18%|█▊        | 18/100 [01:20<06:06,  4.47s/epoch, best=1.350e+03, sign=0.272, train=1.350e+03, val=1.341e+03]
GNN flow training:  18%|█▊        | 18/100 [01:25<06:06,  4.47s/epoch, best=1.341e+03, sign=0.269, train=1.341e+03, val=1.339e+03]
GNN flow training:  19%|█▉        | 19/100 [01:25<06:02,  4.48s/epoch, best=1.341e+03, sign=0.269, train=1.341e+03, val=1.339e+03]
GNN flow training:  19%|█▉        | 19/100 [01:29<06:02,  4.48s/epoch, best=1.339e+03, sign=0.267, train=1.339e+03, val=1.331e+03]
GNN flow training:  20%|██        | 20/100 [01:29<05:58,  4.48s/epoch, best=1.339e+03, sign=0.267, train=1.339e+03, val=1.331e+03]
GNN flow training:  20%|██        | 20/100 [01:34<05:58,  4.48s/epoch, best=1.331e+03, sign=0.265, train=1.331e+03, val=1.324e+03]
GNN flow training:  21%|██        | 21/100 [01:34<05:53,  4.47s/epoch, best=1.331e+03, sign=0.265, train=1.331e+03, val=1.324e+03]
GNN flow training:  21%|██        | 21/100 [01:38<05:53,  4.47s/epoch, best=1.324e+03, sign=0.263, train=1.324e+03, val=1.307e+03]
GNN flow training:  22%|██▏       | 22/100 [01:38<05:48,  4.47s/epoch, best=1.324e+03, sign=0.263, train=1.324e+03, val=1.307e+03]
GNN flow training:  22%|██▏       | 22/100 [01:43<05:48,  4.47s/epoch, best=1.307e+03, sign=0.262, train=1.307e+03, val=1.306e+03]
GNN flow training:  23%|██▎       | 23/100 [01:43<05:44,  4.48s/epoch, best=1.307e+03, sign=0.262, train=1.307e+03, val=1.306e+03]
GNN flow training:  23%|██▎       | 23/100 [01:47<05:44,  4.48s/epoch, best=1.306e+03, sign=0.260, train=1.306e+03, val=1.305e+03]
GNN flow training:  24%|██▍       | 24/100 [01:47<05:39,  4.47s/epoch, best=1.306e+03, sign=0.260, train=1.306e+03, val=1.305e+03]
GNN flow training:  24%|██▍       | 24/100 [01:52<05:39,  4.47s/epoch, best=1.305e+03, sign=0.258, train=1.306e+03, val=1.294e+03]
GNN flow training:  25%|██▌       | 25/100 [01:52<05:36,  4.48s/epoch, best=1.305e+03, sign=0.258, train=1.306e+03, val=1.294e+03]
GNN flow training:  25%|██▌       | 25/100 [01:56<05:36,  4.48s/epoch, best=1.294e+03, sign=0.255, train=1.294e+03, val=1.289e+03]
GNN flow training:  26%|██▌       | 26/100 [01:56<05:31,  4.48s/epoch, best=1.294e+03, sign=0.255, train=1.294e+03, val=1.289e+03]
GNN flow training:  26%|██▌       | 26/100 [02:01<05:31,  4.48s/epoch, best=1.289e+03, sign=0.254, train=1.289e+03, val=1.286e+03]
GNN flow training:  27%|██▋       | 27/100 [02:01<05:26,  4.48s/epoch, best=1.289e+03, sign=0.254, train=1.289e+03, val=1.286e+03]
GNN flow training:  27%|██▋       | 27/100 [02:05<05:26,  4.48s/epoch, best=1.286e+03, sign=0.252, train=1.286e+03, val=1.282e+03]
GNN flow training:  28%|██▊       | 28/100 [02:05<05:21,  4.47s/epoch, best=1.286e+03, sign=0.252, train=1.286e+03, val=1.282e+03]
GNN flow training:  28%|██▊       | 28/100 [02:10<05:21,  4.47s/epoch, best=1.282e+03, sign=0.250, train=1.282e+03, val=1.270e+03]
GNN flow training:  29%|██▉       | 29/100 [02:10<05:17,  4.48s/epoch, best=1.282e+03, sign=0.250, train=1.282e+03, val=1.270e+03]
GNN flow training:  29%|██▉       | 29/100 [02:14<05:17,  4.48s/epoch, best=1.270e+03, sign=0.246, train=1.270e+03, val=1.257e+03]
GNN flow training:  30%|███       | 30/100 [02:14<05:12,  4.47s/epoch, best=1.270e+03, sign=0.246, train=1.270e+03, val=1.257e+03]
GNN flow training:  30%|███       | 30/100 [02:19<05:12,  4.47s/epoch, best=1.257e+03, sign=0.243, train=1.257e+03, val=1.250e+03]
GNN flow training:  31%|███       | 31/100 [02:19<05:07,  4.46s/epoch, best=1.257e+03, sign=0.243, train=1.257e+03, val=1.250e+03]
GNN flow training:  31%|███       | 31/100 [02:23<05:07,  4.46s/epoch, best=1.250e+03, sign=0.242, train=1.250e+03, val=1.236e+03]
GNN flow training:  32%|███▏      | 32/100 [02:23<05:02,  4.45s/epoch, best=1.250e+03, sign=0.242, train=1.250e+03, val=1.236e+03]
GNN flow training:  32%|███▏      | 32/100 [02:27<05:02,  4.45s/epoch, best=1.236e+03, sign=0.241, train=1.236e+03, val=1.227e+03]
GNN flow training:  33%|███▎      | 33/100 [02:27<04:58,  4.45s/epoch, best=1.236e+03, sign=0.241, train=1.236e+03, val=1.227e+03]
GNN flow training:  33%|███▎      | 33/100 [02:32<04:58,  4.45s/epoch, best=1.227e+03, sign=0.241, train=1.227e+03, val=1.229e+03]
GNN flow training:  34%|███▍      | 34/100 [02:32<04:53,  4.44s/epoch, best=1.227e+03, sign=0.241, train=1.227e+03, val=1.229e+03]
GNN flow training:  34%|███▍      | 34/100 [02:36<04:53,  4.44s/epoch, best=1.227e+03, sign=0.238, train=1.229e+03, val=1.216e+03]
GNN flow training:  35%|███▌      | 35/100 [02:36<04:48,  4.44s/epoch, best=1.227e+03, sign=0.238, train=1.229e+03, val=1.216e+03]
GNN flow training:  35%|███▌      | 35/100 [02:41<04:48,  4.44s/epoch, best=1.216e+03, sign=0.235, train=1.216e+03, val=1.207e+03]
GNN flow training:  36%|███▌      | 36/100 [02:41<04:44,  4.45s/epoch, best=1.216e+03, sign=0.235, train=1.216e+03, val=1.207e+03]
GNN flow training:  36%|███▌      | 36/100 [02:45<04:44,  4.45s/epoch, best=1.207e+03, sign=0.232, train=1.207e+03, val=1.201e+03]
GNN flow training:  37%|███▋      | 37/100 [02:45<04:40,  4.45s/epoch, best=1.207e+03, sign=0.232, train=1.207e+03, val=1.201e+03]
GNN flow training:  37%|███▋      | 37/100 [02:50<04:40,  4.45s/epoch, best=1.201e+03, sign=0.230, train=1.201e+03, val=1.200e+03]
GNN flow training:  38%|███▊      | 38/100 [02:50<04:36,  4.45s/epoch, best=1.201e+03, sign=0.230, train=1.201e+03, val=1.200e+03]
GNN flow training:  38%|███▊      | 38/100 [02:54<04:36,  4.45s/epoch, best=1.200e+03, sign=0.226, train=1.200e+03, val=1.205e+03]
GNN flow training:  39%|███▉      | 39/100 [02:54<04:31,  4.45s/epoch, best=1.200e+03, sign=0.226, train=1.200e+03, val=1.205e+03]
GNN flow training:  39%|███▉      | 39/100 [02:59<04:31,  4.45s/epoch, best=1.200e+03, sign=0.225, train=1.205e+03, val=1.205e+03]
GNN flow training:  40%|████      | 40/100 [02:59<04:26,  4.45s/epoch, best=1.200e+03, sign=0.225, train=1.205e+03, val=1.205e+03]
GNN flow training:  40%|████      | 40/100 [03:03<04:26,  4.45s/epoch, best=1.200e+03, sign=0.227, train=1.205e+03, val=1.205e+03]
GNN flow training:  41%|████      | 41/100 [03:03<04:22,  4.45s/epoch, best=1.200e+03, sign=0.227, train=1.205e+03, val=1.205e+03]
GNN flow training:  41%|████      | 41/100 [03:08<04:22,  4.45s/epoch, best=1.200e+03, sign=0.226, train=1.205e+03, val=1.213e+03]
GNN flow training:  42%|████▏     | 42/100 [03:08<04:19,  4.47s/epoch, best=1.200e+03, sign=0.226, train=1.205e+03, val=1.213e+03]
GNN flow training:  42%|████▏     | 42/100 [03:12<04:19,  4.47s/epoch, best=1.200e+03, sign=0.229, train=1.213e+03, val=1.220e+03]
GNN flow training:  43%|████▎     | 43/100 [03:12<04:14,  4.46s/epoch, best=1.200e+03, sign=0.229, train=1.213e+03, val=1.220e+03]
GNN flow training:  43%|████▎     | 43/100 [03:16<04:14,  4.46s/epoch, best=1.200e+03, sign=0.231, train=1.220e+03, val=1.235e+03]
GNN flow training:  44%|████▍     | 44/100 [03:16<04:10,  4.46s/epoch, best=1.200e+03, sign=0.231, train=1.220e+03, val=1.235e+03]
GNN flow training:  44%|████▍     | 44/100 [03:21<04:10,  4.46s/epoch, best=1.200e+03, sign=0.233, train=1.235e+03, val=1.243e+03]
GNN flow training:  45%|████▌     | 45/100 [03:21<04:05,  4.47s/epoch, best=1.200e+03, sign=0.233, train=1.235e+03, val=1.243e+03]
GNN flow training:  45%|████▌     | 45/100 [03:25<04:05,  4.47s/epoch, best=1.200e+03, sign=0.233, train=1.243e+03, val=1.234e+03]
GNN flow training:  46%|████▌     | 46/100 [03:25<04:00,  4.46s/epoch, best=1.200e+03, sign=0.233, train=1.243e+03, val=1.234e+03]
GNN flow training:  46%|████▌     | 46/100 [03:30<04:00,  4.46s/epoch, best=1.200e+03, sign=0.231, train=1.234e+03, val=1.229e+03]
GNN flow training:  47%|████▋     | 47/100 [03:30<03:56,  4.46s/epoch, best=1.200e+03, sign=0.231, train=1.234e+03, val=1.229e+03]
GNN flow training:  47%|████▋     | 47/100 [03:34<03:56,  4.46s/epoch, best=1.200e+03, sign=0.226, train=1.229e+03, val=1.223e+03]
GNN flow training:  48%|████▊     | 48/100 [03:34<03:52,  4.46s/epoch, best=1.200e+03, sign=0.226, train=1.229e+03, val=1.223e+03]
GNN flow training:  48%|████▊     | 48/100 [03:39<03:52,  4.46s/epoch, best=1.200e+03, sign=0.225, train=1.223e+03, val=1.221e+03]
GNN flow training:  49%|████▉     | 49/100 [03:39<03:47,  4.46s/epoch, best=1.200e+03, sign=0.225, train=1.223e+03, val=1.221e+03]
GNN flow training:  49%|████▉     | 49/100 [03:43<03:47,  4.46s/epoch, best=1.200e+03, sign=0.222, train=1.222e+03, val=1.222e+03]
GNN flow training:  50%|█████     | 50/100 [03:43<03:43,  4.47s/epoch, best=1.200e+03, sign=0.222, train=1.222e+03, val=1.222e+03]
GNN flow training:  50%|█████     | 50/100 [03:48<03:43,  4.47s/epoch, best=1.200e+03, sign=0.222, train=1.222e+03, val=1.219e+03]
GNN flow training:  51%|█████     | 51/100 [03:48<03:38,  4.47s/epoch, best=1.200e+03, sign=0.222, train=1.222e+03, val=1.219e+03]
GNN flow training:  51%|█████     | 51/100 [03:52<03:38,  4.47s/epoch, best=1.200e+03, sign=0.221, train=1.219e+03, val=1.199e+03]
GNN flow training:  52%|█████▏    | 52/100 [03:52<03:34,  4.46s/epoch, best=1.200e+03, sign=0.221, train=1.219e+03, val=1.199e+03]
GNN flow training:  52%|█████▏    | 52/100 [03:57<03:34,  4.46s/epoch, best=1.199e+03, sign=0.214, train=1.199e+03, val=1.186e+03]
GNN flow training:  53%|█████▎    | 53/100 [03:57<03:29,  4.46s/epoch, best=1.199e+03, sign=0.214, train=1.199e+03, val=1.186e+03]
GNN flow training:  53%|█████▎    | 53/100 [04:01<03:29,  4.46s/epoch, best=1.186e+03, sign=0.211, train=1.186e+03, val=1.186e+03]
GNN flow training:  54%|█████▍    | 54/100 [04:01<03:25,  4.47s/epoch, best=1.186e+03, sign=0.211, train=1.186e+03, val=1.186e+03]
GNN flow training:  54%|█████▍    | 54/100 [04:06<03:25,  4.47s/epoch, best=1.186e+03, sign=0.207, train=1.186e+03, val=1.177e+03]
GNN flow training:  55%|█████▌    | 55/100 [04:06<03:21,  4.47s/epoch, best=1.186e+03, sign=0.207, train=1.186e+03, val=1.177e+03]
GNN flow training:  55%|█████▌    | 55/100 [04:10<03:21,  4.47s/epoch, best=1.177e+03, sign=0.205, train=1.177e+03, val=1.179e+03]
GNN flow training:  56%|█████▌    | 56/100 [04:10<03:16,  4.46s/epoch, best=1.177e+03, sign=0.205, train=1.177e+03, val=1.179e+03]
GNN flow training:  56%|█████▌    | 56/100 [04:14<03:16,  4.46s/epoch, best=1.177e+03, sign=0.204, train=1.179e+03, val=1.178e+03]
GNN flow training:  57%|█████▋    | 57/100 [04:14<03:11,  4.46s/epoch, best=1.177e+03, sign=0.204, train=1.179e+03, val=1.178e+03]
GNN flow training:  57%|█████▋    | 57/100 [04:19<03:11,  4.46s/epoch, best=1.177e+03, sign=0.204, train=1.178e+03, val=1.179e+03]
GNN flow training:  58%|█████▊    | 58/100 [04:19<03:07,  4.46s/epoch, best=1.177e+03, sign=0.204, train=1.178e+03, val=1.179e+03]
GNN flow training:  58%|█████▊    | 58/100 [04:23<03:07,  4.46s/epoch, best=1.177e+03, sign=0.205, train=1.179e+03, val=1.179e+03]
GNN flow training:  59%|█████▉    | 59/100 [04:23<03:03,  4.46s/epoch, best=1.177e+03, sign=0.205, train=1.179e+03, val=1.179e+03]
GNN flow training:  59%|█████▉    | 59/100 [04:28<03:03,  4.46s/epoch, best=1.177e+03, sign=0.204, train=1.179e+03, val=1.177e+03]
GNN flow training:  60%|██████    | 60/100 [04:28<02:58,  4.46s/epoch, best=1.177e+03, sign=0.204, train=1.179e+03, val=1.177e+03]
GNN flow training:  60%|██████    | 60/100 [04:32<02:58,  4.46s/epoch, best=1.177e+03, sign=0.203, train=1.177e+03, val=1.181e+03]
GNN flow training:  61%|██████    | 61/100 [04:32<02:53,  4.45s/epoch, best=1.177e+03, sign=0.203, train=1.177e+03, val=1.181e+03]
GNN flow training:  61%|██████    | 61/100 [04:37<02:53,  4.45s/epoch, best=1.177e+03, sign=0.203, train=1.181e+03, val=1.181e+03]
GNN flow training:  62%|██████▏   | 62/100 [04:37<02:49,  4.45s/epoch, best=1.177e+03, sign=0.203, train=1.181e+03, val=1.181e+03]
GNN flow training:  62%|██████▏   | 62/100 [04:41<02:49,  4.45s/epoch, best=1.177e+03, sign=0.206, train=1.181e+03, val=1.182e+03]
GNN flow training:  63%|██████▎   | 63/100 [04:41<02:44,  4.45s/epoch, best=1.177e+03, sign=0.206, train=1.181e+03, val=1.182e+03]
GNN flow training:  63%|██████▎   | 63/100 [04:46<02:44,  4.45s/epoch, best=1.177e+03, sign=0.207, train=1.182e+03, val=1.182e+03]
GNN flow training:  64%|██████▍   | 64/100 [04:46<02:40,  4.45s/epoch, best=1.177e+03, sign=0.207, train=1.182e+03, val=1.182e+03]
GNN flow training:  64%|██████▍   | 64/100 [04:50<02:40,  4.45s/epoch, best=1.177e+03, sign=0.207, train=1.182e+03, val=1.183e+03]
GNN flow training:  65%|██████▌   | 65/100 [04:50<02:35,  4.45s/epoch, best=1.177e+03, sign=0.207, train=1.182e+03, val=1.183e+03]
GNN flow training:  65%|██████▌   | 65/100 [04:55<02:35,  4.45s/epoch, best=1.177e+03, sign=0.209, train=1.183e+03, val=1.175e+03]
GNN flow training:  66%|██████▌   | 66/100 [04:55<02:31,  4.46s/epoch, best=1.177e+03, sign=0.209, train=1.183e+03, val=1.175e+03]
GNN flow training:  66%|██████▌   | 66/100 [04:59<02:31,  4.46s/epoch, best=1.175e+03, sign=0.212, train=1.175e+03, val=1.160e+03]
GNN flow training:  67%|██████▋   | 67/100 [04:59<02:26,  4.45s/epoch, best=1.175e+03, sign=0.212, train=1.175e+03, val=1.160e+03]
GNN flow training:  67%|██████▋   | 67/100 [05:03<02:26,  4.45s/epoch, best=1.160e+03, sign=0.215, train=1.160e+03, val=1.166e+03]
GNN flow training:  68%|██████▊   | 68/100 [05:03<02:21,  4.43s/epoch, best=1.160e+03, sign=0.215, train=1.160e+03, val=1.166e+03]
GNN flow training:  68%|██████▊   | 68/100 [05:08<02:21,  4.43s/epoch, best=1.160e+03, sign=0.218, train=1.166e+03, val=1.163e+03]
GNN flow training:  69%|██████▉   | 69/100 [05:08<02:17,  4.43s/epoch, best=1.160e+03, sign=0.218, train=1.166e+03, val=1.163e+03]
GNN flow training:  69%|██████▉   | 69/100 [05:12<02:17,  4.43s/epoch, best=1.160e+03, sign=0.221, train=1.163e+03, val=1.175e+03]
GNN flow training:  70%|███████   | 70/100 [05:12<02:13,  4.44s/epoch, best=1.160e+03, sign=0.221, train=1.163e+03, val=1.175e+03]
GNN flow training:  70%|███████   | 70/100 [05:17<02:13,  4.44s/epoch, best=1.160e+03, sign=0.226, train=1.175e+03, val=1.186e+03]
GNN flow training:  71%|███████   | 71/100 [05:17<02:08,  4.44s/epoch, best=1.160e+03, sign=0.226, train=1.175e+03, val=1.186e+03]
GNN flow training:  71%|███████   | 71/100 [05:21<02:08,  4.44s/epoch, best=1.160e+03, sign=0.230, train=1.186e+03, val=1.192e+03]
GNN flow training:  72%|███████▏  | 72/100 [05:21<02:04,  4.44s/epoch, best=1.160e+03, sign=0.230, train=1.186e+03, val=1.192e+03]
GNN flow training:  72%|███████▏  | 72/100 [05:26<02:04,  4.44s/epoch, best=1.160e+03, sign=0.235, train=1.192e+03, val=1.187e+03]
GNN flow training:  73%|███████▎  | 73/100 [05:26<01:59,  4.44s/epoch, best=1.160e+03, sign=0.235, train=1.192e+03, val=1.187e+03]
GNN flow training:  73%|███████▎  | 73/100 [05:30<01:59,  4.44s/epoch, best=1.160e+03, sign=0.236, train=1.187e+03, val=1.192e+03]
GNN flow training:  74%|███████▍  | 74/100 [05:30<01:55,  4.44s/epoch, best=1.160e+03, sign=0.236, train=1.187e+03, val=1.192e+03]
GNN flow training:  74%|███████▍  | 74/100 [05:34<01:55,  4.44s/epoch, best=1.160e+03, sign=0.237, train=1.192e+03, val=1.195e+03]
GNN flow training:  75%|███████▌  | 75/100 [05:34<01:51,  4.44s/epoch, best=1.160e+03, sign=0.237, train=1.192e+03, val=1.195e+03]
GNN flow training:  75%|███████▌  | 75/100 [05:39<01:51,  4.44s/epoch, best=1.160e+03, sign=0.242, train=1.195e+03, val=1.191e+03]
GNN flow training:  76%|███████▌  | 76/100 [05:39<01:46,  4.45s/epoch, best=1.160e+03, sign=0.242, train=1.195e+03, val=1.191e+03]
GNN flow training:  76%|███████▌  | 76/100 [05:43<01:46,  4.45s/epoch, best=1.160e+03, sign=0.243, train=1.191e+03, val=1.192e+03]
GNN flow training:  77%|███████▋  | 77/100 [05:43<01:42,  4.46s/epoch, best=1.160e+03, sign=0.243, train=1.191e+03, val=1.192e+03]
GNN flow training:  77%|███████▋  | 77/100 [05:48<01:42,  4.46s/epoch, best=1.160e+03, sign=0.246, train=1.192e+03, val=1.186e+03]
GNN flow training:  78%|███████▊  | 78/100 [05:48<01:38,  4.46s/epoch, best=1.160e+03, sign=0.246, train=1.192e+03, val=1.186e+03]
GNN flow training:  78%|███████▊  | 78/100 [05:52<01:38,  4.46s/epoch, best=1.160e+03, sign=0.248, train=1.186e+03, val=1.189e+03]
GNN flow training:  79%|███████▉  | 79/100 [05:52<01:33,  4.46s/epoch, best=1.160e+03, sign=0.248, train=1.186e+03, val=1.189e+03]
GNN flow training:  79%|███████▉  | 79/100 [05:57<01:33,  4.46s/epoch, best=1.160e+03, sign=0.248, train=1.189e+03, val=1.192e+03]
GNN flow training:  80%|████████  | 80/100 [05:57<01:29,  4.45s/epoch, best=1.160e+03, sign=0.248, train=1.189e+03, val=1.192e+03]
GNN flow training:  80%|████████  | 80/100 [06:01<01:29,  4.45s/epoch, best=1.160e+03, sign=0.248, train=1.192e+03, val=1.196e+03]
GNN flow training:  81%|████████  | 81/100 [06:01<01:24,  4.44s/epoch, best=1.160e+03, sign=0.248, train=1.192e+03, val=1.196e+03]
GNN flow training:  81%|████████  | 81/100 [06:06<01:24,  4.44s/epoch, best=1.160e+03, sign=0.247, train=1.196e+03, val=1.190e+03]
GNN flow training:  82%|████████▏ | 82/100 [06:06<01:20,  4.45s/epoch, best=1.160e+03, sign=0.247, train=1.196e+03, val=1.190e+03]
GNN flow training:  82%|████████▏ | 82/100 [06:10<01:20,  4.45s/epoch, best=1.160e+03, sign=0.246, train=1.190e+03, val=1.188e+03]
GNN flow training:  83%|████████▎ | 83/100 [06:10<01:15,  4.45s/epoch, best=1.160e+03, sign=0.246, train=1.190e+03, val=1.188e+03]
GNN flow training:  83%|████████▎ | 83/100 [06:15<01:15,  4.45s/epoch, best=1.160e+03, sign=0.246, train=1.188e+03, val=1.189e+03]
GNN flow training:  84%|████████▍ | 84/100 [06:15<01:11,  4.45s/epoch, best=1.160e+03, sign=0.246, train=1.188e+03, val=1.189e+03]
GNN flow training:  84%|████████▍ | 84/100 [06:19<01:11,  4.45s/epoch, best=1.160e+03, sign=0.246, train=1.190e+03, val=1.195e+03]
GNN flow training:  85%|████████▌ | 85/100 [06:19<01:06,  4.45s/epoch, best=1.160e+03, sign=0.246, train=1.190e+03, val=1.195e+03]
GNN flow training:  85%|████████▌ | 85/100 [06:23<01:06,  4.45s/epoch, best=1.160e+03, sign=0.246, train=1.195e+03, val=1.202e+03]
GNN flow training:  86%|████████▌ | 86/100 [06:23<01:02,  4.46s/epoch, best=1.160e+03, sign=0.246, train=1.195e+03, val=1.202e+03]
GNN flow training:  86%|████████▌ | 86/100 [06:28<01:02,  4.46s/epoch, best=1.160e+03, sign=0.245, train=1.202e+03, val=1.206e+03]
GNN flow training:  87%|████████▋ | 87/100 [06:28<00:58,  4.47s/epoch, best=1.160e+03, sign=0.245, train=1.202e+03, val=1.206e+03]
GNN flow training:  87%|████████▋ | 87/100 [06:32<00:58,  4.47s/epoch, best=1.160e+03, sign=0.245, train=1.206e+03, val=1.217e+03]
GNN flow training:  88%|████████▊ | 88/100 [06:32<00:53,  4.47s/epoch, best=1.160e+03, sign=0.245, train=1.206e+03, val=1.217e+03]
GNN flow training:  88%|████████▊ | 88/100 [06:37<00:53,  4.47s/epoch, best=1.160e+03, sign=0.244, train=1.217e+03, val=1.209e+03]
GNN flow training:  89%|████████▉ | 89/100 [06:37<00:49,  4.46s/epoch, best=1.160e+03, sign=0.244, train=1.217e+03, val=1.209e+03]
GNN flow training:  89%|████████▉ | 89/100 [06:41<00:49,  4.46s/epoch, best=1.160e+03, sign=0.243, train=1.209e+03, val=1.189e+03]
GNN flow training:  90%|█████████ | 90/100 [06:41<00:44,  4.46s/epoch, best=1.160e+03, sign=0.243, train=1.209e+03, val=1.189e+03]
GNN flow training:  90%|█████████ | 90/100 [06:46<00:44,  4.46s/epoch, best=1.160e+03, sign=0.239, train=1.189e+03, val=1.172e+03]
GNN flow training:  91%|█████████ | 91/100 [06:46<00:40,  4.47s/epoch, best=1.160e+03, sign=0.239, train=1.189e+03, val=1.172e+03]
GNN flow training:  91%|█████████ | 91/100 [06:50<00:40,  4.47s/epoch, best=1.160e+03, sign=0.237, train=1.173e+03, val=1.162e+03]
GNN flow training:  92%|█████████▏| 92/100 [06:50<00:35,  4.47s/epoch, best=1.160e+03, sign=0.237, train=1.173e+03, val=1.162e+03]
GNN flow training:  92%|█████████▏| 92/100 [06:55<00:35,  4.47s/epoch, best=1.160e+03, sign=0.235, train=1.162e+03, val=1.152e+03]
GNN flow training:  93%|█████████▎| 93/100 [06:55<00:31,  4.46s/epoch, best=1.160e+03, sign=0.235, train=1.162e+03, val=1.152e+03]
GNN flow training:  93%|█████████▎| 93/100 [06:59<00:31,  4.46s/epoch, best=1.152e+03, sign=0.231, train=1.152e+03, val=1.146e+03]
GNN flow training:  94%|█████████▍| 94/100 [06:59<00:26,  4.46s/epoch, best=1.152e+03, sign=0.231, train=1.152e+03, val=1.146e+03]
GNN flow training:  94%|█████████▍| 94/100 [07:04<00:26,  4.46s/epoch, best=1.146e+03, sign=0.228, train=1.146e+03, val=1.146e+03]
GNN flow training:  95%|█████████▌| 95/100 [07:04<00:22,  4.46s/epoch, best=1.146e+03, sign=0.228, train=1.146e+03, val=1.146e+03]
GNN flow training:  95%|█████████▌| 95/100 [07:08<00:22,  4.46s/epoch, best=1.146e+03, sign=0.224, train=1.146e+03, val=1.146e+03]
GNN flow training:  96%|█████████▌| 96/100 [07:08<00:17,  4.45s/epoch, best=1.146e+03, sign=0.224, train=1.146e+03, val=1.146e+03]
GNN flow training:  96%|█████████▌| 96/100 [07:13<00:17,  4.45s/epoch, best=1.146e+03, sign=0.221, train=1.146e+03, val=1.155e+03]
GNN flow training:  97%|█████████▋| 97/100 [07:13<00:13,  4.46s/epoch, best=1.146e+03, sign=0.221, train=1.146e+03, val=1.155e+03]
GNN flow training:  97%|█████████▋| 97/100 [07:17<00:13,  4.46s/epoch, best=1.146e+03, sign=0.223, train=1.155e+03, val=1.149e+03]
GNN flow training:  98%|█████████▊| 98/100 [07:17<00:08,  4.44s/epoch, best=1.146e+03, sign=0.223, train=1.155e+03, val=1.149e+03]
GNN flow training:  98%|█████████▊| 98/100 [07:21<00:08,  4.44s/epoch, best=1.146e+03, sign=0.225, train=1.149e+03, val=1.142e+03]
GNN flow training:  99%|█████████▉| 99/100 [07:21<00:04,  4.44s/epoch, best=1.146e+03, sign=0.225, train=1.149e+03, val=1.142e+03]
GNN flow training:  99%|█████████▉| 99/100 [07:26<00:04,  4.44s/epoch, best=1.142e+03, sign=0.225, train=1.142e+03, val=1.145e+03]
GNN flow training: 100%|██████████| 100/100 [07:26<00:00,  4.44s/epoch, best=1.142e+03, sign=0.225, train=1.142e+03, val=1.145e+03]
GNN flow training: 100%|██████████| 100/100 [07:26<00:00,  4.46s/epoch, best=1.142e+03, sign=0.225, train=1.142e+03, val=1.145e+03]
Resolved config snapshot:
{'preset': 'solver_QKB_outer_QKBdelta', 'gnn_outer_losses': {'flow': 100.0, 'kirchhoff': 1.0, 'boundary': 100.0, 'delta_l2': 0.1, 'delta_smooth': 0.0, 'pressure_shape': 0.0}, 'physics': {'arterial_flow_mode': 'dataset', 'pressure_constraints': ['mean-a-minus-v-alpha-equal-v'], 'alpha_pa': 10.0, 'use_snr_weights': True, 'use_observed_flow_snr_weighting': True, 'flow_scale_mode': 'median_abs', 'solver_device': 'same', 'pressure_solver_mode': 'reduced-soft-constrained-lstsq', 'pressure_solver_lambda_kirchhoff': 1.0, 'pressure_solver_lambda_pressure_constraints': 100.0, 'pressure_solver_lambda_flow_residual': 1.0, 'pressure_shape_reference': 'delta_zero_reference', 'pressure_detach': False}, 'correction_bounds': {'correction_min': -0.5, 'correction_max': 0.5, 'correction_bound': 0.5, 'correction_parameterization': 'tanh'}, 'optimization': {'learning_rate': 0.001, 'weight_decay': 0.0001, 'gradient_clip_norm': 5.0, 'optimizer': 'adamw', 'epochs': 100, 'patience': 40}}
Resolved config snapshot:
{'preset': 'solver_QKB_outer_QKBdelta', 'gnn_outer_losses': {'flow': 10.0, 'kirchhoff': 100.0, 'boundary': 100.0, 'delta_l2': 0.1, 'delta_smooth': 0.0, 'pressure_shape': 0.0}, 'physics': {'arterial_flow_mode': 'dataset', 'pressure_constraints': ['mean-a-minus-v-alpha-equal-v'], 'alpha_pa': 10.0, 'use_snr_weights': True, 'use_observed_flow_snr_weighting': True, 'flow_scale_mode': 'median_abs', 'solver_device': 'same', 'pressure_solver_mode': 'reduced-soft-constrained-lstsq', 'pressure_solver_lambda_kirchhoff': 1.0, 'pressure_solver_lambda_pressure_constraints': 100.0, 'pressure_solver_lambda_flow_residual': 1.0, 'pressure_shape_reference': 'delta_zero_reference', 'pressure_detach': False}, 'correction_bounds': {'correction_min': -0.5, 'correction_max': 0.5, 'correction_bound': 0.5, 'correction_parameterization': 'tanh'}, 'optimization': {'learning_rate': 0.001, 'weight_decay': 0.0001, 'gradient_clip_norm': 5.0, 'optimizer': 'adamw', 'epochs': 100, 'patience': 40}}
Command: /mnt/home/sswee/miniforge3/envs/yolk-sac/bin/python /mnt/home/sswee/yolk/Yolk-Sac-Flow-Data-and-Sim/gnn_clean/scripts/python/gnn_flow.py /mnt/home/sswee/yolk/Yolk-Sac-Flow-Data-and-Sim/gnn_clean/datasets/mosaic_graph_canonical_harmonized/mosaic_graph_canonical_harmonized.gpickle --output-dir /mnt/home/sswee/yolk/Yolk-Sac-Flow-Data-and-Sim/gnn_clean/outputs_canonical/dc/03_pressure_constraint_sensitivity/gnn --run-name q_100__k_1__delta_0p1__constraint_fixed_drop_10pa --preset solver_QKB_outer_QKBdelta --device cuda --epochs 100 --seed 0 --viscosity-pa-s 0.0035 --config /mnt/home/sswee/yolk/Yolk-Sac-Flow-Data-and-Sim/gnn_clean/outputs_canonical/dc/03_pressure_constraint_sensitivity/_generated_configs/q_100__k_1__delta_0p1__constraint_fixed_drop_10pa.yaml --no-pressure-detach
Command: /mnt/home/sswee/miniforge3/envs/yolk-sac/bin/python /mnt/home/sswee/yolk/Yolk-Sac-Flow-Data-and-Sim/gnn_clean/scripts/python/gnn_flow.py /mnt/home/sswee/yolk/Yolk-Sac-Flow-Data-and-Sim/gnn_clean/datasets/mosaic_graph_canonical_harmonized/mosaic_graph_canonical_harmonized.gpickle --output-dir /mnt/home/sswee/yolk/Yolk-Sac-Flow-Data-and-Sim/gnn_clean/outputs_canonical/dc/03_pressure_constraint_sensitivity/gnn --run-name q_10__k_100__delta_0p1__constraint_fixed_drop_10pa --preset solver_QKB_outer_QKBdelta --device cuda --epochs 100 --seed 0 --viscosity-pa-s 0.0035 --config /mnt/home/sswee/yolk/Yolk-Sac-Flow-Data-and-Sim/gnn_clean/outputs_canonical/dc/03_pressure_constraint_sensitivity/_generated_configs/q_10__k_100__delta_0p1__constraint_fixed_drop_10pa.yaml --no-pressure-detach
Command: /mnt/home/sswee/miniforge3/envs/yolk-sac/bin/python /mnt/home/sswee/yolk/Yolk-Sac-Flow-Data-and-Sim/gnn_clean/scripts/python/poiseuille_only_baseline.py /mnt/home/sswee/yolk/Yolk-Sac-Flow-Data-and-Sim/gnn_clean/datasets/mosaic_graph_canonical_harmonized/mosaic_graph_canonical_harmonized.gpickle --output-dir /mnt/home/sswee/yolk/Yolk-Sac-Flow-Data-and-Sim/gnn_clean/outputs_canonical/dc/03_pressure_constraint_sensitivity/poiseuille --run-name poiseuille__q_1__k_10__constraint_fixed_drop_10pa --device cpu --viscosity-pa-s 0.0035 --dc-solve-mode reduced-soft-constrained-lstsq --arterial-flow-mode dataset --lambda-kirchhoff 10.0 --lambda-pressure-constraints 100.0 --lambda-flow-residual 1.0 --pressure-constraint mean-a-minus-v-alpha-equal-v --alpha-pa 10.0
