[info] DC Step 2 canonical sweep uses fixed lambda_B=100.0 for both the outer boundary loss and the reduced pressure-solver boundary constraint.

GNN flow training:   0%|          | 0/100 [00:00<?, ?epoch/s]
GNN flow training:   0%|          | 0/100 [00:06<?, ?epoch/s, best=1.279e+01, sign=0.194, train=1.280e+01, val=1.279e+01]
GNN flow training:   1%|          | 1/100 [00:06<10:14,  6.21s/epoch, best=1.279e+01, sign=0.194, train=1.280e+01, val=1.279e+01]
GNN flow training:   1%|          | 1/100 [00:12<10:14,  6.21s/epoch, best=1.279e+01, sign=0.194, train=1.281e+01, val=1.282e+01]
GNN flow training:   2%|▏         | 2/100 [00:12<10:00,  6.13s/epoch, best=1.279e+01, sign=0.194, train=1.281e+01, val=1.282e+01]
GNN flow training:   2%|▏         | 2/100 [00:18<10:00,  6.13s/epoch, best=1.279e+01, sign=0.194, train=1.283e+01, val=1.281e+01]
GNN flow training:   3%|▎         | 3/100 [00:18<09:49,  6.08s/epoch, best=1.279e+01, sign=0.194, train=1.283e+01, val=1.281e+01]
GNN flow training:   3%|▎         | 3/100 [00:24<09:49,  6.08s/epoch, best=1.279e+01, sign=0.194, train=1.282e+01, val=1.280e+01]
GNN flow training:   4%|▍         | 4/100 [00:24<09:44,  6.09s/epoch, best=1.279e+01, sign=0.194, train=1.282e+01, val=1.280e+01]
GNN flow training:   4%|▍         | 4/100 [00:30<09:44,  6.09s/epoch, best=1.279e+01, sign=0.194, train=1.282e+01, val=1.279e+01]
GNN flow training:   5%|▌         | 5/100 [00:30<09:36,  6.06s/epoch, best=1.279e+01, sign=0.194, train=1.282e+01, val=1.279e+01]
GNN flow training:   5%|▌         | 5/100 [00:36<09:36,  6.06s/epoch, best=1.279e+01, sign=0.194, train=1.280e+01, val=1.277e+01]
GNN flow training:   6%|▌         | 6/100 [00:36<09:30,  6.07s/epoch, best=1.279e+01, sign=0.194, train=1.280e+01, val=1.277e+01]
GNN flow training:   6%|▌         | 6/100 [00:42<09:30,  6.07s/epoch, best=1.277e+01, sign=0.195, train=1.278e+01, val=1.278e+01]
GNN flow training:   7%|▋         | 7/100 [00:42<09:25,  6.08s/epoch, best=1.277e+01, sign=0.195, train=1.278e+01, val=1.278e+01]
GNN flow training:   7%|▋         | 7/100 [00:48<09:25,  6.08s/epoch, best=1.277e+01, sign=0.195, train=1.280e+01, val=1.276e+01]
GNN flow training:   8%|▊         | 8/100 [00:48<09:17,  6.06s/epoch, best=1.277e+01, sign=0.195, train=1.280e+01, val=1.276e+01]
GNN flow training:   8%|▊         | 8/100 [00:54<09:17,  6.06s/epoch, best=1.276e+01, sign=0.195, train=1.278e+01, val=1.275e+01]
GNN flow training:   9%|▉         | 9/100 [00:54<09:13,  6.08s/epoch, best=1.276e+01, sign=0.195, train=1.278e+01, val=1.275e+01]
GNN flow training:   9%|▉         | 9/100 [01:00<09:13,  6.08s/epoch, best=1.275e+01, sign=0.195, train=1.276e+01, val=1.274e+01]
GNN flow training:  10%|█         | 10/100 [01:00<09:06,  6.07s/epoch, best=1.275e+01, sign=0.195, train=1.276e+01, val=1.274e+01]
GNN flow training:  10%|█         | 10/100 [01:06<09:06,  6.07s/epoch, best=1.274e+01, sign=0.194, train=1.276e+01, val=1.275e+01]
GNN flow training:  11%|█         | 11/100 [01:06<09:00,  6.07s/epoch, best=1.274e+01, sign=0.194, train=1.276e+01, val=1.275e+01]
GNN flow training:  11%|█         | 11/100 [01:12<09:00,  6.07s/epoch, best=1.274e+01, sign=0.194, train=1.276e+01, val=1.275e+01]
GNN flow training:  12%|█▏        | 12/100 [01:12<08:53,  6.06s/epoch, best=1.274e+01, sign=0.194, train=1.276e+01, val=1.275e+01]
GNN flow training:  12%|█▏        | 12/100 [01:19<08:53,  6.06s/epoch, best=1.274e+01, sign=0.194, train=1.276e+01, val=1.275e+01]
GNN flow training:  13%|█▎        | 13/100 [01:19<08:48,  6.07s/epoch, best=1.274e+01, sign=0.194, train=1.276e+01, val=1.275e+01]
GNN flow training:  13%|█▎        | 13/100 [01:25<08:48,  6.07s/epoch, best=1.274e+01, sign=0.193, train=1.276e+01, val=1.275e+01]
GNN flow training:  14%|█▍        | 14/100 [01:25<08:42,  6.08s/epoch, best=1.274e+01, sign=0.193, train=1.276e+01, val=1.275e+01]
GNN flow training:  14%|█▍        | 14/100 [01:31<08:42,  6.08s/epoch, best=1.274e+01, sign=0.193, train=1.277e+01, val=1.275e+01]
GNN flow training:  15%|█▌        | 15/100 [01:31<08:36,  6.07s/epoch, best=1.274e+01, sign=0.193, train=1.277e+01, val=1.275e+01]
GNN flow training:  15%|█▌        | 15/100 [01:37<08:36,  6.07s/epoch, best=1.274e+01, sign=0.193, train=1.277e+01, val=1.275e+01]
GNN flow training:  16%|█▌        | 16/100 [01:37<08:30,  6.08s/epoch, best=1.274e+01, sign=0.193, train=1.277e+01, val=1.275e+01]
GNN flow training:  16%|█▌        | 16/100 [01:43<08:30,  6.08s/epoch, best=1.274e+01, sign=0.193, train=1.276e+01, val=1.278e+01]
GNN flow training:  17%|█▋        | 17/100 [01:43<08:23,  6.07s/epoch, best=1.274e+01, sign=0.193, train=1.276e+01, val=1.278e+01]
GNN flow training:  17%|█▋        | 17/100 [01:49<08:23,  6.07s/epoch, best=1.274e+01, sign=0.193, train=1.279e+01, val=1.276e+01]
GNN flow training:  18%|█▊        | 18/100 [01:49<08:18,  6.08s/epoch, best=1.274e+01, sign=0.193, train=1.279e+01, val=1.276e+01]
GNN flow training:  18%|█▊        | 18/100 [01:55<08:18,  6.08s/epoch, best=1.274e+01, sign=0.193, train=1.277e+01, val=1.277e+01]
GNN flow training:  19%|█▉        | 19/100 [01:55<08:12,  6.09s/epoch, best=1.274e+01, sign=0.193, train=1.277e+01, val=1.277e+01]
GNN flow training:  19%|█▉        | 19/100 [02:01<08:12,  6.09s/epoch, best=1.274e+01, sign=0.192, train=1.278e+01, val=1.273e+01]
GNN flow training:  20%|██        | 20/100 [02:01<08:06,  6.09s/epoch, best=1.274e+01, sign=0.192, train=1.278e+01, val=1.273e+01]
GNN flow training:  20%|██        | 20/100 [02:07<08:06,  6.09s/epoch, best=1.273e+01, sign=0.193, train=1.275e+01, val=1.274e+01]
GNN flow training:  21%|██        | 21/100 [02:07<07:59,  6.07s/epoch, best=1.273e+01, sign=0.193, train=1.275e+01, val=1.274e+01]
GNN flow training:  21%|██        | 21/100 [02:13<07:59,  6.07s/epoch, best=1.273e+01, sign=0.192, train=1.276e+01, val=1.269e+01]
GNN flow training:  22%|██▏       | 22/100 [02:13<07:52,  6.06s/epoch, best=1.273e+01, sign=0.192, train=1.276e+01, val=1.269e+01]
GNN flow training:  22%|██▏       | 22/100 [02:19<07:52,  6.06s/epoch, best=1.269e+01, sign=0.193, train=1.270e+01, val=1.266e+01]
GNN flow training:  23%|██▎       | 23/100 [02:19<07:46,  6.05s/epoch, best=1.269e+01, sign=0.193, train=1.270e+01, val=1.266e+01]
GNN flow training:  23%|██▎       | 23/100 [02:25<07:46,  6.05s/epoch, best=1.266e+01, sign=0.191, train=1.267e+01, val=1.265e+01]
GNN flow training:  24%|██▍       | 24/100 [02:25<07:41,  6.07s/epoch, best=1.266e+01, sign=0.191, train=1.267e+01, val=1.265e+01]
GNN flow training:  24%|██▍       | 24/100 [02:31<07:41,  6.07s/epoch, best=1.265e+01, sign=0.191, train=1.266e+01, val=1.264e+01]
GNN flow training:  25%|██▌       | 25/100 [02:31<07:37,  6.09s/epoch, best=1.265e+01, sign=0.191, train=1.266e+01, val=1.264e+01]
GNN flow training:  25%|██▌       | 25/100 [02:38<07:37,  6.09s/epoch, best=1.264e+01, sign=0.190, train=1.265e+01, val=1.259e+01]
GNN flow training:  26%|██▌       | 26/100 [02:38<07:30,  6.09s/epoch, best=1.264e+01, sign=0.190, train=1.265e+01, val=1.259e+01]
GNN flow training:  26%|██▌       | 26/100 [02:44<07:30,  6.09s/epoch, best=1.259e+01, sign=0.190, train=1.261e+01, val=1.257e+01]
GNN flow training:  27%|██▋       | 27/100 [02:44<07:22,  6.06s/epoch, best=1.259e+01, sign=0.190, train=1.261e+01, val=1.257e+01]
GNN flow training:  27%|██▋       | 27/100 [02:50<07:22,  6.06s/epoch, best=1.257e+01, sign=0.189, train=1.259e+01, val=1.256e+01]
GNN flow training:  28%|██▊       | 28/100 [02:50<07:16,  6.06s/epoch, best=1.257e+01, sign=0.189, train=1.259e+01, val=1.256e+01]
GNN flow training:  28%|██▊       | 28/100 [02:56<07:16,  6.06s/epoch, best=1.256e+01, sign=0.188, train=1.258e+01, val=1.250e+01]
GNN flow training:  29%|██▉       | 29/100 [02:56<07:09,  6.05s/epoch, best=1.256e+01, sign=0.188, train=1.258e+01, val=1.250e+01]
GNN flow training:  29%|██▉       | 29/100 [03:02<07:09,  6.05s/epoch, best=1.250e+01, sign=0.188, train=1.252e+01, val=1.253e+01]
GNN flow training:  30%|███       | 30/100 [03:02<07:04,  6.06s/epoch, best=1.250e+01, sign=0.188, train=1.252e+01, val=1.253e+01]
GNN flow training:  30%|███       | 30/100 [03:08<07:04,  6.06s/epoch, best=1.250e+01, sign=0.188, train=1.255e+01, val=1.249e+01]
GNN flow training:  31%|███       | 31/100 [03:08<06:57,  6.06s/epoch, best=1.250e+01, sign=0.188, train=1.255e+01, val=1.249e+01]
GNN flow training:  31%|███       | 31/100 [03:14<06:57,  6.06s/epoch, best=1.249e+01, sign=0.188, train=1.250e+01, val=1.247e+01]
GNN flow training:  32%|███▏      | 32/100 [03:14<06:52,  6.06s/epoch, best=1.249e+01, sign=0.188, train=1.250e+01, val=1.247e+01]
GNN flow training:  32%|███▏      | 32/100 [03:20<06:52,  6.06s/epoch, best=1.247e+01, sign=0.188, train=1.248e+01, val=1.246e+01]
GNN flow training:  33%|███▎      | 33/100 [03:20<06:45,  6.05s/epoch, best=1.247e+01, sign=0.188, train=1.248e+01, val=1.246e+01]
GNN flow training:  33%|███▎      | 33/100 [03:26<06:45,  6.05s/epoch, best=1.246e+01, sign=0.188, train=1.247e+01, val=1.242e+01]
GNN flow training:  34%|███▍      | 34/100 [03:26<06:39,  6.05s/epoch, best=1.246e+01, sign=0.188, train=1.247e+01, val=1.242e+01]
GNN flow training:  34%|███▍      | 34/100 [03:32<06:39,  6.05s/epoch, best=1.242e+01, sign=0.187, train=1.243e+01, val=1.237e+01]
GNN flow training:  35%|███▌      | 35/100 [03:32<06:32,  6.03s/epoch, best=1.242e+01, sign=0.187, train=1.243e+01, val=1.237e+01]
GNN flow training:  35%|███▌      | 35/100 [03:38<06:32,  6.03s/epoch, best=1.237e+01, sign=0.186, train=1.239e+01, val=1.235e+01]
GNN flow training:  36%|███▌      | 36/100 [03:38<06:25,  6.03s/epoch, best=1.237e+01, sign=0.186, train=1.239e+01, val=1.235e+01]
GNN flow training:  36%|███▌      | 36/100 [03:44<06:25,  6.03s/epoch, best=1.235e+01, sign=0.186, train=1.236e+01, val=1.232e+01]
GNN flow training:  37%|███▋      | 37/100 [03:44<06:20,  6.03s/epoch, best=1.235e+01, sign=0.186, train=1.236e+01, val=1.232e+01]
GNN flow training:  37%|███▋      | 37/100 [03:50<06:20,  6.03s/epoch, best=1.232e+01, sign=0.185, train=1.233e+01, val=1.228e+01]
GNN flow training:  38%|███▊      | 38/100 [03:50<06:13,  6.03s/epoch, best=1.232e+01, sign=0.185, train=1.233e+01, val=1.228e+01]
GNN flow training:  38%|███▊      | 38/100 [03:56<06:13,  6.03s/epoch, best=1.228e+01, sign=0.184, train=1.230e+01, val=1.225e+01]
GNN flow training:  39%|███▉      | 39/100 [03:56<06:08,  6.04s/epoch, best=1.228e+01, sign=0.184, train=1.230e+01, val=1.225e+01]
GNN flow training:  39%|███▉      | 39/100 [04:02<06:08,  6.04s/epoch, best=1.225e+01, sign=0.182, train=1.227e+01, val=1.226e+01]
GNN flow training:  40%|████      | 40/100 [04:02<06:02,  6.04s/epoch, best=1.225e+01, sign=0.182, train=1.227e+01, val=1.226e+01]
GNN flow training:  40%|████      | 40/100 [04:08<06:02,  6.04s/epoch, best=1.225e+01, sign=0.182, train=1.227e+01, val=1.221e+01]
GNN flow training:  41%|████      | 41/100 [04:08<05:56,  6.04s/epoch, best=1.225e+01, sign=0.182, train=1.227e+01, val=1.221e+01]
GNN flow training:  41%|████      | 41/100 [04:14<05:56,  6.04s/epoch, best=1.221e+01, sign=0.182, train=1.223e+01, val=1.213e+01]
GNN flow training:  42%|████▏     | 42/100 [04:14<05:50,  6.04s/epoch, best=1.221e+01, sign=0.182, train=1.223e+01, val=1.213e+01]
GNN flow training:  42%|████▏     | 42/100 [04:20<05:50,  6.04s/epoch, best=1.213e+01, sign=0.183, train=1.214e+01, val=1.211e+01]
GNN flow training:  43%|████▎     | 43/100 [04:20<05:44,  6.05s/epoch, best=1.213e+01, sign=0.183, train=1.214e+01, val=1.211e+01]
GNN flow training:  43%|████▎     | 43/100 [04:26<05:44,  6.05s/epoch, best=1.211e+01, sign=0.183, train=1.213e+01, val=1.209e+01]
GNN flow training:  44%|████▍     | 44/100 [04:26<05:39,  6.07s/epoch, best=1.211e+01, sign=0.183, train=1.213e+01, val=1.209e+01]
GNN flow training:  44%|████▍     | 44/100 [04:32<05:39,  6.07s/epoch, best=1.209e+01, sign=0.183, train=1.210e+01, val=1.202e+01]
GNN flow training:  45%|████▌     | 45/100 [04:32<05:33,  6.06s/epoch, best=1.209e+01, sign=0.183, train=1.210e+01, val=1.202e+01]
GNN flow training:  45%|████▌     | 45/100 [04:38<05:33,  6.06s/epoch, best=1.202e+01, sign=0.183, train=1.203e+01, val=1.200e+01]
GNN flow training:  46%|████▌     | 46/100 [04:38<05:27,  6.06s/epoch, best=1.202e+01, sign=0.183, train=1.203e+01, val=1.200e+01]
GNN flow training:  46%|████▌     | 46/100 [04:45<05:27,  6.06s/epoch, best=1.200e+01, sign=0.183, train=1.202e+01, val=1.198e+01]
GNN flow training:  47%|████▋     | 47/100 [04:45<05:20,  6.06s/epoch, best=1.200e+01, sign=0.183, train=1.202e+01, val=1.198e+01]
GNN flow training:  47%|████▋     | 47/100 [04:51<05:20,  6.06s/epoch, best=1.198e+01, sign=0.183, train=1.199e+01, val=1.194e+01]
GNN flow training:  48%|████▊     | 48/100 [04:51<05:14,  6.05s/epoch, best=1.198e+01, sign=0.183, train=1.199e+01, val=1.194e+01]
GNN flow training:  48%|████▊     | 48/100 [04:57<05:14,  6.05s/epoch, best=1.194e+01, sign=0.181, train=1.195e+01, val=1.197e+01]
GNN flow training:  49%|████▉     | 49/100 [04:57<05:08,  6.06s/epoch, best=1.194e+01, sign=0.181, train=1.195e+01, val=1.197e+01]
GNN flow training:  49%|████▉     | 49/100 [05:03<05:08,  6.06s/epoch, best=1.194e+01, sign=0.181, train=1.199e+01, val=1.196e+01]
GNN flow training:  50%|█████     | 50/100 [05:03<05:02,  6.04s/epoch, best=1.194e+01, sign=0.181, train=1.199e+01, val=1.196e+01]
GNN flow training:  50%|█████     | 50/100 [05:09<05:02,  6.04s/epoch, best=1.194e+01, sign=0.181, train=1.197e+01, val=1.191e+01]
GNN flow training:  51%|█████     | 51/100 [05:09<04:56,  6.05s/epoch, best=1.194e+01, sign=0.181, train=1.197e+01, val=1.191e+01]
GNN flow training:  51%|█████     | 51/100 [05:15<04:56,  6.05s/epoch, best=1.191e+01, sign=0.182, train=1.192e+01, val=1.184e+01]
GNN flow training:  52%|█████▏    | 52/100 [05:15<04:50,  6.05s/epoch, best=1.191e+01, sign=0.182, train=1.192e+01, val=1.184e+01]
GNN flow training:  52%|█████▏    | 52/100 [05:21<04:50,  6.05s/epoch, best=1.184e+01, sign=0.183, train=1.185e+01, val=1.179e+01]
GNN flow training:  53%|█████▎    | 53/100 [05:21<04:44,  6.06s/epoch, best=1.184e+01, sign=0.183, train=1.185e+01, val=1.179e+01]
GNN flow training:  53%|█████▎    | 53/100 [05:27<04:44,  6.06s/epoch, best=1.179e+01, sign=0.183, train=1.180e+01, val=1.171e+01]
GNN flow training:  54%|█████▍    | 54/100 [05:27<04:38,  6.05s/epoch, best=1.179e+01, sign=0.183, train=1.180e+01, val=1.171e+01]
GNN flow training:  54%|█████▍    | 54/100 [05:33<04:38,  6.05s/epoch, best=1.171e+01, sign=0.183, train=1.172e+01, val=1.169e+01]
GNN flow training:  55%|█████▌    | 55/100 [05:33<04:32,  6.05s/epoch, best=1.171e+01, sign=0.183, train=1.172e+01, val=1.169e+01]
GNN flow training:  55%|█████▌    | 55/100 [05:39<04:32,  6.05s/epoch, best=1.169e+01, sign=0.183, train=1.170e+01, val=1.164e+01]
GNN flow training:  56%|█████▌    | 56/100 [05:39<04:26,  6.07s/epoch, best=1.169e+01, sign=0.183, train=1.170e+01, val=1.164e+01]
GNN flow training:  56%|█████▌    | 56/100 [05:45<04:26,  6.07s/epoch, best=1.164e+01, sign=0.183, train=1.165e+01, val=1.160e+01]
GNN flow training:  57%|█████▋    | 57/100 [05:45<04:21,  6.07s/epoch, best=1.164e+01, sign=0.183, train=1.165e+01, val=1.160e+01]
GNN flow training:  57%|█████▋    | 57/100 [05:51<04:21,  6.07s/epoch, best=1.160e+01, sign=0.184, train=1.162e+01, val=1.158e+01]
GNN flow training:  58%|█████▊    | 58/100 [05:51<04:14,  6.06s/epoch, best=1.160e+01, sign=0.184, train=1.162e+01, val=1.158e+01]
GNN flow training:  58%|█████▊    | 58/100 [05:57<04:14,  6.06s/epoch, best=1.158e+01, sign=0.183, train=1.159e+01, val=1.150e+01]
GNN flow training:  59%|█████▉    | 59/100 [05:57<04:08,  6.07s/epoch, best=1.158e+01, sign=0.183, train=1.159e+01, val=1.150e+01]
GNN flow training:  59%|█████▉    | 59/100 [06:03<04:08,  6.07s/epoch, best=1.150e+01, sign=0.184, train=1.152e+01, val=1.145e+01]
GNN flow training:  60%|██████    | 60/100 [06:03<04:02,  6.06s/epoch, best=1.150e+01, sign=0.184, train=1.152e+01, val=1.145e+01]
GNN flow training:  60%|██████    | 60/100 [06:09<04:02,  6.06s/epoch, best=1.145e+01, sign=0.184, train=1.146e+01, val=1.140e+01]
GNN flow training:  61%|██████    | 61/100 [06:09<03:57,  6.08s/epoch, best=1.145e+01, sign=0.184, train=1.146e+01, val=1.140e+01]
GNN flow training:  61%|██████    | 61/100 [06:15<03:57,  6.08s/epoch, best=1.140e+01, sign=0.183, train=1.141e+01, val=1.135e+01]
GNN flow training:  62%|██████▏   | 62/100 [06:15<03:51,  6.08s/epoch, best=1.140e+01, sign=0.183, train=1.141e+01, val=1.135e+01]
GNN flow training:  62%|██████▏   | 62/100 [06:22<03:51,  6.08s/epoch, best=1.135e+01, sign=0.183, train=1.136e+01, val=1.135e+01]
GNN flow training:  63%|██████▎   | 63/100 [06:22<03:44,  6.08s/epoch, best=1.135e+01, sign=0.183, train=1.136e+01, val=1.135e+01]
GNN flow training:  63%|██████▎   | 63/100 [06:28<03:44,  6.08s/epoch, best=1.135e+01, sign=0.183, train=1.136e+01, val=1.137e+01]
GNN flow training:  64%|██████▍   | 64/100 [06:28<03:39,  6.09s/epoch, best=1.135e+01, sign=0.183, train=1.136e+01, val=1.137e+01]
GNN flow training:  64%|██████▍   | 64/100 [06:34<03:39,  6.09s/epoch, best=1.135e+01, sign=0.183, train=1.138e+01, val=1.132e+01]
GNN flow training:  65%|██████▌   | 65/100 [06:34<03:32,  6.07s/epoch, best=1.135e+01, sign=0.183, train=1.138e+01, val=1.132e+01]
GNN flow training:  65%|██████▌   | 65/100 [06:40<03:32,  6.07s/epoch, best=1.132e+01, sign=0.183, train=1.133e+01, val=1.124e+01]
GNN flow training:  66%|██████▌   | 66/100 [06:40<03:26,  6.07s/epoch, best=1.132e+01, sign=0.183, train=1.133e+01, val=1.124e+01]
GNN flow training:  66%|██████▌   | 66/100 [06:46<03:26,  6.07s/epoch, best=1.124e+01, sign=0.182, train=1.125e+01, val=1.120e+01]
GNN flow training:  67%|██████▋   | 67/100 [06:46<03:20,  6.07s/epoch, best=1.124e+01, sign=0.182, train=1.125e+01, val=1.120e+01]
GNN flow training:  67%|██████▋   | 67/100 [06:52<03:20,  6.07s/epoch, best=1.120e+01, sign=0.182, train=1.122e+01, val=1.118e+01]
GNN flow training:  68%|██████▊   | 68/100 [06:52<03:14,  6.07s/epoch, best=1.120e+01, sign=0.182, train=1.122e+01, val=1.118e+01]
GNN flow training:  68%|██████▊   | 68/100 [06:58<03:14,  6.07s/epoch, best=1.118e+01, sign=0.181, train=1.119e+01, val=1.116e+01]
GNN flow training:  69%|██████▉   | 69/100 [06:58<03:08,  6.08s/epoch, best=1.118e+01, sign=0.181, train=1.119e+01, val=1.116e+01]
GNN flow training:  69%|██████▉   | 69/100 [07:04<03:08,  6.08s/epoch, best=1.116e+01, sign=0.182, train=1.117e+01, val=1.108e+01]
GNN flow training:  70%|███████   | 70/100 [07:04<03:02,  6.09s/epoch, best=1.116e+01, sign=0.182, train=1.117e+01, val=1.108e+01]
GNN flow training:  70%|███████   | 70/100 [07:10<03:02,  6.09s/epoch, best=1.108e+01, sign=0.182, train=1.109e+01, val=1.102e+01]
GNN flow training:  71%|███████   | 71/100 [07:10<02:56,  6.09s/epoch, best=1.108e+01, sign=0.182, train=1.109e+01, val=1.102e+01]
GNN flow training:  71%|███████   | 71/100 [07:16<02:56,  6.09s/epoch, best=1.102e+01, sign=0.182, train=1.103e+01, val=1.102e+01]
GNN flow training:  72%|███████▏  | 72/100 [07:16<02:50,  6.08s/epoch, best=1.102e+01, sign=0.182, train=1.103e+01, val=1.102e+01]
GNN flow training:  72%|███████▏  | 72/100 [07:22<02:50,  6.08s/epoch, best=1.102e+01, sign=0.182, train=1.103e+01, val=1.096e+01]
GNN flow training:  73%|███████▎  | 73/100 [07:22<02:44,  6.08s/epoch, best=1.102e+01, sign=0.182, train=1.103e+01, val=1.096e+01]
GNN flow training:  73%|███████▎  | 73/100 [07:28<02:44,  6.08s/epoch, best=1.096e+01, sign=0.182, train=1.098e+01, val=1.092e+01]
GNN flow training:  74%|███████▍  | 74/100 [07:28<02:37,  6.07s/epoch, best=1.096e+01, sign=0.182, train=1.098e+01, val=1.092e+01]
GNN flow training:  74%|███████▍  | 74/100 [07:34<02:37,  6.07s/epoch, best=1.092e+01, sign=0.182, train=1.094e+01, val=1.089e+01]
GNN flow training:  75%|███████▌  | 75/100 [07:34<02:31,  6.06s/epoch, best=1.092e+01, sign=0.182, train=1.094e+01, val=1.089e+01]
GNN flow training:  75%|███████▌  | 75/100 [07:41<02:31,  6.06s/epoch, best=1.089e+01, sign=0.182, train=1.091e+01, val=1.093e+01]
GNN flow training:  76%|███████▌  | 76/100 [07:41<02:25,  6.07s/epoch, best=1.089e+01, sign=0.182, train=1.091e+01, val=1.093e+01]
GNN flow training:  76%|███████▌  | 76/100 [07:47<02:25,  6.07s/epoch, best=1.089e+01, sign=0.182, train=1.095e+01, val=1.092e+01]
GNN flow training:  77%|███████▋  | 77/100 [07:47<02:20,  6.09s/epoch, best=1.089e+01, sign=0.182, train=1.095e+01, val=1.092e+01]
GNN flow training:  77%|███████▋  | 77/100 [07:53<02:20,  6.09s/epoch, best=1.089e+01, sign=0.182, train=1.093e+01, val=1.094e+01]
GNN flow training:  78%|███████▊  | 78/100 [07:53<02:13,  6.06s/epoch, best=1.089e+01, sign=0.182, train=1.093e+01, val=1.094e+01]
GNN flow training:  78%|███████▊  | 78/100 [07:59<02:13,  6.06s/epoch, best=1.089e+01, sign=0.182, train=1.096e+01, val=1.088e+01]
GNN flow training:  79%|███████▉  | 79/100 [07:59<02:07,  6.06s/epoch, best=1.089e+01, sign=0.182, train=1.096e+01, val=1.088e+01]
GNN flow training:  79%|███████▉  | 79/100 [08:05<02:07,  6.06s/epoch, best=1.088e+01, sign=0.182, train=1.090e+01, val=1.088e+01]
GNN flow training:  80%|████████  | 80/100 [08:05<02:01,  6.05s/epoch, best=1.088e+01, sign=0.182, train=1.090e+01, val=1.088e+01]
GNN flow training:  80%|████████  | 80/100 [08:11<02:01,  6.05s/epoch, best=1.088e+01, sign=0.182, train=1.089e+01, val=1.085e+01]
GNN flow training:  81%|████████  | 81/100 [08:11<01:55,  6.09s/epoch, best=1.088e+01, sign=0.182, train=1.089e+01, val=1.085e+01]
GNN flow training:  81%|████████  | 81/100 [08:17<01:55,  6.09s/epoch, best=1.085e+01, sign=0.179, train=1.086e+01, val=1.088e+01]
GNN flow training:  82%|████████▏ | 82/100 [08:17<01:49,  6.08s/epoch, best=1.085e+01, sign=0.179, train=1.086e+01, val=1.088e+01]
GNN flow training:  82%|████████▏ | 82/100 [08:23<01:49,  6.08s/epoch, best=1.085e+01, sign=0.178, train=1.089e+01, val=1.089e+01]
GNN flow training:  83%|████████▎ | 83/100 [08:23<01:43,  6.07s/epoch, best=1.085e+01, sign=0.178, train=1.089e+01, val=1.089e+01]
GNN flow training:  83%|████████▎ | 83/100 [08:29<01:43,  6.07s/epoch, best=1.085e+01, sign=0.177, train=1.090e+01, val=1.087e+01]
GNN flow training:  84%|████████▍ | 84/100 [08:29<01:37,  6.08s/epoch, best=1.085e+01, sign=0.177, train=1.090e+01, val=1.087e+01]
GNN flow training:  84%|████████▍ | 84/100 [08:35<01:37,  6.08s/epoch, best=1.085e+01, sign=0.177, train=1.088e+01, val=1.079e+01]
GNN flow training:  85%|████████▌ | 85/100 [08:35<01:31,  6.07s/epoch, best=1.085e+01, sign=0.177, train=1.088e+01, val=1.079e+01]
GNN flow training:  85%|████████▌ | 85/100 [08:41<01:31,  6.07s/epoch, best=1.079e+01, sign=0.175, train=1.080e+01, val=1.073e+01]
GNN flow training:  86%|████████▌ | 86/100 [08:41<01:24,  6.06s/epoch, best=1.079e+01, sign=0.175, train=1.080e+01, val=1.073e+01]
GNN flow training:  86%|████████▌ | 86/100 [08:47<01:24,  6.06s/epoch, best=1.073e+01, sign=0.172, train=1.074e+01, val=1.076e+01]
GNN flow training:  87%|████████▋ | 87/100 [08:47<01:18,  6.07s/epoch, best=1.073e+01, sign=0.172, train=1.074e+01, val=1.076e+01]
GNN flow training:  87%|████████▋ | 87/100 [08:53<01:18,  6.07s/epoch, best=1.073e+01, sign=0.174, train=1.077e+01, val=1.072e+01]
GNN flow training:  88%|████████▊ | 88/100 [08:53<01:12,  6.06s/epoch, best=1.073e+01, sign=0.174, train=1.077e+01, val=1.072e+01]
GNN flow training:  88%|████████▊ | 88/100 [08:59<01:12,  6.06s/epoch, best=1.072e+01, sign=0.175, train=1.074e+01, val=1.078e+01]
GNN flow training:  89%|████████▉ | 89/100 [08:59<01:06,  6.08s/epoch, best=1.072e+01, sign=0.175, train=1.074e+01, val=1.078e+01]
GNN flow training:  89%|████████▉ | 89/100 [09:06<01:06,  6.08s/epoch, best=1.072e+01, sign=0.175, train=1.079e+01, val=1.081e+01]
GNN flow training:  90%|█████████ | 90/100 [09:06<01:00,  6.08s/epoch, best=1.072e+01, sign=0.175, train=1.079e+01, val=1.081e+01]
GNN flow training:  90%|█████████ | 90/100 [09:12<01:00,  6.08s/epoch, best=1.072e+01, sign=0.176, train=1.082e+01, val=1.081e+01]
GNN flow training:  91%|█████████ | 91/100 [09:12<00:54,  6.08s/epoch, best=1.072e+01, sign=0.176, train=1.082e+01, val=1.081e+01]
GNN flow training:  91%|█████████ | 91/100 [09:18<00:54,  6.08s/epoch, best=1.072e+01, sign=0.175, train=1.083e+01, val=1.089e+01]
GNN flow training:  92%|█████████▏| 92/100 [09:18<00:48,  6.07s/epoch, best=1.072e+01, sign=0.175, train=1.083e+01, val=1.089e+01]
GNN flow training:  92%|█████████▏| 92/100 [09:24<00:48,  6.07s/epoch, best=1.072e+01, sign=0.175, train=1.091e+01, val=1.085e+01]
GNN flow training:  93%|█████████▎| 93/100 [09:24<00:42,  6.08s/epoch, best=1.072e+01, sign=0.175, train=1.091e+01, val=1.085e+01]
GNN flow training:  93%|█████████▎| 93/100 [09:30<00:42,  6.08s/epoch, best=1.072e+01, sign=0.174, train=1.086e+01, val=1.076e+01]
GNN flow training:  94%|█████████▍| 94/100 [09:30<00:36,  6.08s/epoch, best=1.072e+01, sign=0.174, train=1.086e+01, val=1.076e+01]
GNN flow training:  94%|█████████▍| 94/100 [09:36<00:36,  6.08s/epoch, best=1.072e+01, sign=0.171, train=1.077e+01, val=1.069e+01]
GNN flow training:  95%|█████████▌| 95/100 [09:36<00:30,  6.09s/epoch, best=1.072e+01, sign=0.171, train=1.077e+01, val=1.069e+01]
GNN flow training:  95%|█████████▌| 95/100 [09:42<00:30,  6.09s/epoch, best=1.069e+01, sign=0.169, train=1.070e+01, val=1.082e+01]
GNN flow training:  96%|█████████▌| 96/100 [09:42<00:24,  6.09s/epoch, best=1.069e+01, sign=0.169, train=1.070e+01, val=1.082e+01]
GNN flow training:  96%|█████████▌| 96/100 [09:48<00:24,  6.09s/epoch, best=1.069e+01, sign=0.168, train=1.083e+01, val=1.118e+01]
GNN flow training:  97%|█████████▋| 97/100 [09:48<00:18,  6.09s/epoch, best=1.069e+01, sign=0.168, train=1.083e+01, val=1.118e+01]
GNN flow training:  97%|█████████▋| 97/100 [09:54<00:18,  6.09s/epoch, best=1.069e+01, sign=0.170, train=1.119e+01, val=1.138e+01]
GNN flow training:  98%|█████████▊| 98/100 [09:54<00:12,  6.11s/epoch, best=1.069e+01, sign=0.170, train=1.119e+01, val=1.138e+01]
GNN flow training:  98%|█████████▊| 98/100 [10:00<00:12,  6.11s/epoch, best=1.069e+01, sign=0.168, train=1.139e+01, val=1.138e+01]
GNN flow training:  99%|█████████▉| 99/100 [10:00<00:06,  6.11s/epoch, best=1.069e+01, sign=0.168, train=1.139e+01, val=1.138e+01]
GNN flow training:  99%|█████████▉| 99/100 [10:06<00:06,  6.11s/epoch, best=1.069e+01, sign=0.167, train=1.139e+01, val=1.115e+01]
GNN flow training: 100%|██████████| 100/100 [10:06<00:00,  6.10s/epoch, best=1.069e+01, sign=0.167, train=1.139e+01, val=1.115e+01]
GNN flow training: 100%|██████████| 100/100 [10:06<00:00,  6.07s/epoch, best=1.069e+01, sign=0.167, train=1.139e+01, val=1.115e+01]
Resolved config snapshot:
{'preset': 'solver_QKB_outer_QKBdelta', 'gnn_outer_losses': {'flow': 1.0, 'kirchhoff': 1.0, 'boundary': 100.0, 'delta_l2': 100.0, 'delta_smooth': 0.0, 'pressure_shape': 0.0}, 'physics': {'arterial_flow_mode': 'dataset', 'pressure_constraints': ['equal-a-equal-v'], 'alpha_pa': None, 'use_snr_weights': True, 'use_observed_flow_snr_weighting': True, 'flow_scale_mode': 'median_abs', 'solver_device': 'same', 'pressure_solver_mode': 'reduced-soft-constrained-lstsq', 'pressure_solver_lambda_kirchhoff': 1.0, 'pressure_solver_lambda_pressure_constraints': 100.0, 'pressure_solver_lambda_flow_residual': 1.0, 'pressure_shape_reference': 'delta_zero_reference', 'pressure_detach': False}, 'correction_bounds': {'correction_min': -0.5, 'correction_max': 0.5, 'correction_bound': 0.5, 'correction_parameterization': 'tanh'}, 'optimization': {'learning_rate': 0.001, 'weight_decay': 0.0001, 'gradient_clip_norm': 5.0, 'optimizer': 'adamw', 'epochs': 100, 'patience': 40}}
Shard 24/80: 1 of 80 runs
Command: /mnt/home/sswee/miniforge3/envs/yolk-sac/bin/python /mnt/home/sswee/yolk/Yolk-Sac-Flow-Data-and-Sim/gnn_clean/scripts/python/gnn_flow.py /mnt/home/sswee/yolk/Yolk-Sac-Flow-Data-and-Sim/gnn_clean/datasets/mosaic_graph_canonical_harmonized/mosaic_graph_canonical_harmonized.gpickle --output-dir /mnt/home/sswee/yolk/Yolk-Sac-Flow-Data-and-Sim/gnn_clean/outputs_canonical/dc/02_physics_weight_sweep/gnn --run-name q_1__k_1__delta_100 --preset solver_QKB_outer_QKBdelta --device cuda --epochs 100 --seed 0 --viscosity-pa-s 0.0035 --config /mnt/home/sswee/yolk/Yolk-Sac-Flow-Data-and-Sim/gnn_clean/outputs_canonical/dc/02_physics_weight_sweep/_generated_configs/q_1__k_1__delta_100.yaml --no-pressure-detach
