
GNN flow training:   0%|          | 0/100 [00:00<?, ?epoch/s]
GNN flow training:   0%|          | 0/100 [00:04<?, ?epoch/s, best=1.232e+02, sign=0.199, train=1.232e+02, val=1.232e+02]
GNN flow training:   1%|          | 1/100 [00:04<07:39,  4.65s/epoch, best=1.232e+02, sign=0.199, train=1.232e+02, val=1.232e+02]
GNN flow training:   1%|          | 1/100 [00:09<07:39,  4.65s/epoch, best=1.232e+02, sign=0.200, train=1.232e+02, val=1.235e+02]
GNN flow training:   2%|▏         | 2/100 [00:09<07:25,  4.55s/epoch, best=1.232e+02, sign=0.200, train=1.232e+02, val=1.235e+02]
GNN flow training:   2%|▏         | 2/100 [00:13<07:25,  4.55s/epoch, best=1.232e+02, sign=0.200, train=1.235e+02, val=1.235e+02]
GNN flow training:   3%|▎         | 3/100 [00:13<07:18,  4.52s/epoch, best=1.232e+02, sign=0.200, train=1.235e+02, val=1.235e+02]
GNN flow training:   3%|▎         | 3/100 [00:18<07:18,  4.52s/epoch, best=1.232e+02, sign=0.200, train=1.235e+02, val=1.233e+02]
GNN flow training:   4%|▍         | 4/100 [00:18<07:11,  4.50s/epoch, best=1.232e+02, sign=0.200, train=1.235e+02, val=1.233e+02]
GNN flow training:   4%|▍         | 4/100 [00:22<07:11,  4.50s/epoch, best=1.232e+02, sign=0.200, train=1.233e+02, val=1.233e+02]
GNN flow training:   5%|▌         | 5/100 [00:22<07:05,  4.48s/epoch, best=1.232e+02, sign=0.200, train=1.233e+02, val=1.233e+02]
GNN flow training:   5%|▌         | 5/100 [00:26<07:05,  4.48s/epoch, best=1.232e+02, sign=0.200, train=1.233e+02, val=1.233e+02]
GNN flow training:   6%|▌         | 6/100 [00:26<07:00,  4.47s/epoch, best=1.232e+02, sign=0.200, train=1.233e+02, val=1.233e+02]
GNN flow training:   6%|▌         | 6/100 [00:31<07:00,  4.47s/epoch, best=1.232e+02, sign=0.200, train=1.233e+02, val=1.232e+02]
GNN flow training:   7%|▋         | 7/100 [00:31<06:56,  4.48s/epoch, best=1.232e+02, sign=0.200, train=1.233e+02, val=1.232e+02]
GNN flow training:   7%|▋         | 7/100 [00:35<06:56,  4.48s/epoch, best=1.232e+02, sign=0.200, train=1.232e+02, val=1.231e+02]
GNN flow training:   8%|▊         | 8/100 [00:35<06:52,  4.49s/epoch, best=1.232e+02, sign=0.200, train=1.232e+02, val=1.231e+02]
GNN flow training:   8%|▊         | 8/100 [00:40<06:52,  4.49s/epoch, best=1.231e+02, sign=0.200, train=1.231e+02, val=1.230e+02]
GNN flow training:   9%|▉         | 9/100 [00:40<06:48,  4.48s/epoch, best=1.231e+02, sign=0.200, train=1.231e+02, val=1.230e+02]
GNN flow training:   9%|▉         | 9/100 [00:44<06:48,  4.48s/epoch, best=1.230e+02, sign=0.200, train=1.230e+02, val=1.229e+02]
GNN flow training:  10%|█         | 10/100 [00:44<06:43,  4.49s/epoch, best=1.230e+02, sign=0.200, train=1.230e+02, val=1.229e+02]
GNN flow training:  10%|█         | 10/100 [00:49<06:43,  4.49s/epoch, best=1.229e+02, sign=0.200, train=1.229e+02, val=1.227e+02]
GNN flow training:  11%|█         | 11/100 [00:49<06:38,  4.48s/epoch, best=1.229e+02, sign=0.200, train=1.229e+02, val=1.227e+02]
GNN flow training:  11%|█         | 11/100 [00:53<06:38,  4.48s/epoch, best=1.227e+02, sign=0.200, train=1.227e+02, val=1.226e+02]
GNN flow training:  12%|█▏        | 12/100 [00:53<06:34,  4.48s/epoch, best=1.227e+02, sign=0.200, train=1.227e+02, val=1.226e+02]
GNN flow training:  12%|█▏        | 12/100 [00:58<06:34,  4.48s/epoch, best=1.226e+02, sign=0.200, train=1.226e+02, val=1.225e+02]
GNN flow training:  13%|█▎        | 13/100 [00:58<06:30,  4.48s/epoch, best=1.226e+02, sign=0.200, train=1.226e+02, val=1.225e+02]
GNN flow training:  13%|█▎        | 13/100 [01:02<06:30,  4.48s/epoch, best=1.225e+02, sign=0.200, train=1.225e+02, val=1.223e+02]
GNN flow training:  14%|█▍        | 14/100 [01:02<06:26,  4.50s/epoch, best=1.225e+02, sign=0.200, train=1.225e+02, val=1.223e+02]
GNN flow training:  14%|█▍        | 14/100 [01:07<06:26,  4.50s/epoch, best=1.223e+02, sign=0.200, train=1.223e+02, val=1.223e+02]
GNN flow training:  15%|█▌        | 15/100 [01:07<06:21,  4.49s/epoch, best=1.223e+02, sign=0.200, train=1.223e+02, val=1.223e+02]
GNN flow training:  15%|█▌        | 15/100 [01:11<06:21,  4.49s/epoch, best=1.223e+02, sign=0.199, train=1.223e+02, val=1.220e+02]
GNN flow training:  16%|█▌        | 16/100 [01:11<06:17,  4.49s/epoch, best=1.223e+02, sign=0.199, train=1.223e+02, val=1.220e+02]
GNN flow training:  16%|█▌        | 16/100 [01:16<06:17,  4.49s/epoch, best=1.220e+02, sign=0.200, train=1.220e+02, val=1.217e+02]
GNN flow training:  17%|█▋        | 17/100 [01:16<06:13,  4.50s/epoch, best=1.220e+02, sign=0.200, train=1.220e+02, val=1.217e+02]
GNN flow training:  17%|█▋        | 17/100 [01:20<06:13,  4.50s/epoch, best=1.217e+02, sign=0.199, train=1.217e+02, val=1.213e+02]
GNN flow training:  18%|█▊        | 18/100 [01:20<06:08,  4.50s/epoch, best=1.217e+02, sign=0.199, train=1.217e+02, val=1.213e+02]
GNN flow training:  18%|█▊        | 18/100 [01:25<06:08,  4.50s/epoch, best=1.213e+02, sign=0.199, train=1.214e+02, val=1.212e+02]
GNN flow training:  19%|█▉        | 19/100 [01:25<06:04,  4.50s/epoch, best=1.213e+02, sign=0.199, train=1.214e+02, val=1.212e+02]
GNN flow training:  19%|█▉        | 19/100 [01:29<06:04,  4.50s/epoch, best=1.212e+02, sign=0.198, train=1.212e+02, val=1.206e+02]
GNN flow training:  20%|██        | 20/100 [01:29<05:59,  4.49s/epoch, best=1.212e+02, sign=0.198, train=1.212e+02, val=1.206e+02]
GNN flow training:  20%|██        | 20/100 [01:34<05:59,  4.49s/epoch, best=1.206e+02, sign=0.198, train=1.206e+02, val=1.202e+02]
GNN flow training:  21%|██        | 21/100 [01:34<05:54,  4.49s/epoch, best=1.206e+02, sign=0.198, train=1.206e+02, val=1.202e+02]
GNN flow training:  21%|██        | 21/100 [01:38<05:54,  4.49s/epoch, best=1.202e+02, sign=0.198, train=1.202e+02, val=1.199e+02]
GNN flow training:  22%|██▏       | 22/100 [01:38<05:50,  4.49s/epoch, best=1.202e+02, sign=0.198, train=1.202e+02, val=1.199e+02]
GNN flow training:  22%|██▏       | 22/100 [01:43<05:50,  4.49s/epoch, best=1.199e+02, sign=0.198, train=1.199e+02, val=1.193e+02]
GNN flow training:  23%|██▎       | 23/100 [01:43<05:45,  4.49s/epoch, best=1.199e+02, sign=0.198, train=1.199e+02, val=1.193e+02]
GNN flow training:  23%|██▎       | 23/100 [01:47<05:45,  4.49s/epoch, best=1.193e+02, sign=0.197, train=1.193e+02, val=1.186e+02]
GNN flow training:  24%|██▍       | 24/100 [01:47<05:40,  4.48s/epoch, best=1.193e+02, sign=0.197, train=1.193e+02, val=1.186e+02]
GNN flow training:  24%|██▍       | 24/100 [01:52<05:40,  4.48s/epoch, best=1.186e+02, sign=0.196, train=1.186e+02, val=1.184e+02]
GNN flow training:  25%|██▌       | 25/100 [01:52<05:35,  4.47s/epoch, best=1.186e+02, sign=0.196, train=1.186e+02, val=1.184e+02]
GNN flow training:  25%|██▌       | 25/100 [01:56<05:35,  4.47s/epoch, best=1.184e+02, sign=0.195, train=1.184e+02, val=1.180e+02]
GNN flow training:  26%|██▌       | 26/100 [01:56<05:30,  4.47s/epoch, best=1.184e+02, sign=0.195, train=1.184e+02, val=1.180e+02]
GNN flow training:  26%|██▌       | 26/100 [02:01<05:30,  4.47s/epoch, best=1.180e+02, sign=0.195, train=1.180e+02, val=1.168e+02]
GNN flow training:  27%|██▋       | 27/100 [02:01<05:25,  4.46s/epoch, best=1.180e+02, sign=0.195, train=1.180e+02, val=1.168e+02]
GNN flow training:  27%|██▋       | 27/100 [02:05<05:25,  4.46s/epoch, best=1.168e+02, sign=0.194, train=1.168e+02, val=1.161e+02]
GNN flow training:  28%|██▊       | 28/100 [02:05<05:20,  4.45s/epoch, best=1.168e+02, sign=0.194, train=1.168e+02, val=1.161e+02]
GNN flow training:  28%|██▊       | 28/100 [02:10<05:20,  4.45s/epoch, best=1.161e+02, sign=0.194, train=1.161e+02, val=1.157e+02]
GNN flow training:  29%|██▉       | 29/100 [02:10<05:16,  4.46s/epoch, best=1.161e+02, sign=0.194, train=1.161e+02, val=1.157e+02]
GNN flow training:  29%|██▉       | 29/100 [02:14<05:16,  4.46s/epoch, best=1.157e+02, sign=0.194, train=1.157e+02, val=1.150e+02]
GNN flow training:  30%|███       | 30/100 [02:14<05:12,  4.46s/epoch, best=1.157e+02, sign=0.194, train=1.157e+02, val=1.150e+02]
GNN flow training:  30%|███       | 30/100 [02:19<05:12,  4.46s/epoch, best=1.150e+02, sign=0.195, train=1.150e+02, val=1.148e+02]
GNN flow training:  31%|███       | 31/100 [02:19<05:08,  4.47s/epoch, best=1.150e+02, sign=0.195, train=1.150e+02, val=1.148e+02]
GNN flow training:  31%|███       | 31/100 [02:23<05:08,  4.47s/epoch, best=1.148e+02, sign=0.194, train=1.148e+02, val=1.140e+02]
GNN flow training:  32%|███▏      | 32/100 [02:23<05:02,  4.45s/epoch, best=1.148e+02, sign=0.194, train=1.148e+02, val=1.140e+02]
GNN flow training:  32%|███▏      | 32/100 [02:27<05:02,  4.45s/epoch, best=1.140e+02, sign=0.194, train=1.140e+02, val=1.139e+02]
GNN flow training:  33%|███▎      | 33/100 [02:27<04:59,  4.48s/epoch, best=1.140e+02, sign=0.194, train=1.140e+02, val=1.139e+02]
GNN flow training:  33%|███▎      | 33/100 [02:32<04:59,  4.48s/epoch, best=1.139e+02, sign=0.192, train=1.139e+02, val=1.129e+02]
GNN flow training:  34%|███▍      | 34/100 [02:32<04:53,  4.45s/epoch, best=1.139e+02, sign=0.192, train=1.139e+02, val=1.129e+02]
GNN flow training:  34%|███▍      | 34/100 [02:36<04:53,  4.45s/epoch, best=1.129e+02, sign=0.192, train=1.129e+02, val=1.120e+02]
GNN flow training:  35%|███▌      | 35/100 [02:36<04:49,  4.46s/epoch, best=1.129e+02, sign=0.192, train=1.129e+02, val=1.120e+02]
GNN flow training:  35%|███▌      | 35/100 [02:41<04:49,  4.46s/epoch, best=1.120e+02, sign=0.190, train=1.120e+02, val=1.113e+02]
GNN flow training:  36%|███▌      | 36/100 [02:41<04:45,  4.46s/epoch, best=1.120e+02, sign=0.190, train=1.120e+02, val=1.113e+02]
GNN flow training:  36%|███▌      | 36/100 [02:45<04:45,  4.46s/epoch, best=1.113e+02, sign=0.189, train=1.113e+02, val=1.106e+02]
GNN flow training:  37%|███▋      | 37/100 [02:45<04:40,  4.45s/epoch, best=1.113e+02, sign=0.189, train=1.113e+02, val=1.106e+02]
GNN flow training:  37%|███▋      | 37/100 [02:50<04:40,  4.45s/epoch, best=1.106e+02, sign=0.188, train=1.106e+02, val=1.095e+02]
GNN flow training:  38%|███▊      | 38/100 [02:50<04:35,  4.44s/epoch, best=1.106e+02, sign=0.188, train=1.106e+02, val=1.095e+02]
GNN flow training:  38%|███▊      | 38/100 [02:54<04:35,  4.44s/epoch, best=1.095e+02, sign=0.188, train=1.095e+02, val=1.088e+02]
GNN flow training:  39%|███▉      | 39/100 [02:54<04:30,  4.44s/epoch, best=1.095e+02, sign=0.188, train=1.095e+02, val=1.088e+02]
GNN flow training:  39%|███▉      | 39/100 [02:59<04:30,  4.44s/epoch, best=1.088e+02, sign=0.187, train=1.088e+02, val=1.083e+02]
GNN flow training:  40%|████      | 40/100 [02:59<04:26,  4.44s/epoch, best=1.088e+02, sign=0.187, train=1.088e+02, val=1.083e+02]
GNN flow training:  40%|████      | 40/100 [03:03<04:26,  4.44s/epoch, best=1.083e+02, sign=0.187, train=1.083e+02, val=1.076e+02]
GNN flow training:  41%|████      | 41/100 [03:03<04:21,  4.44s/epoch, best=1.083e+02, sign=0.187, train=1.083e+02, val=1.076e+02]
GNN flow training:  41%|████      | 41/100 [03:07<04:21,  4.44s/epoch, best=1.076e+02, sign=0.187, train=1.076e+02, val=1.072e+02]
GNN flow training:  42%|████▏     | 42/100 [03:07<04:17,  4.44s/epoch, best=1.076e+02, sign=0.187, train=1.076e+02, val=1.072e+02]
GNN flow training:  42%|████▏     | 42/100 [03:12<04:17,  4.44s/epoch, best=1.072e+02, sign=0.186, train=1.073e+02, val=1.076e+02]
GNN flow training:  43%|████▎     | 43/100 [03:12<04:12,  4.44s/epoch, best=1.072e+02, sign=0.186, train=1.073e+02, val=1.076e+02]
GNN flow training:  43%|████▎     | 43/100 [03:16<04:12,  4.44s/epoch, best=1.072e+02, sign=0.187, train=1.076e+02, val=1.070e+02]
GNN flow training:  44%|████▍     | 44/100 [03:16<04:08,  4.44s/epoch, best=1.072e+02, sign=0.187, train=1.076e+02, val=1.070e+02]
GNN flow training:  44%|████▍     | 44/100 [03:21<04:08,  4.44s/epoch, best=1.070e+02, sign=0.188, train=1.070e+02, val=1.072e+02]
GNN flow training:  45%|████▌     | 45/100 [03:21<04:04,  4.44s/epoch, best=1.070e+02, sign=0.188, train=1.070e+02, val=1.072e+02]
GNN flow training:  45%|████▌     | 45/100 [03:25<04:04,  4.44s/epoch, best=1.070e+02, sign=0.191, train=1.072e+02, val=1.067e+02]
GNN flow training:  46%|████▌     | 46/100 [03:25<04:00,  4.45s/epoch, best=1.070e+02, sign=0.191, train=1.072e+02, val=1.067e+02]
GNN flow training:  46%|████▌     | 46/100 [03:30<04:00,  4.45s/epoch, best=1.067e+02, sign=0.192, train=1.067e+02, val=1.052e+02]
GNN flow training:  47%|████▋     | 47/100 [03:30<03:56,  4.47s/epoch, best=1.067e+02, sign=0.192, train=1.067e+02, val=1.052e+02]
GNN flow training:  47%|████▋     | 47/100 [03:34<03:56,  4.47s/epoch, best=1.052e+02, sign=0.193, train=1.052e+02, val=1.047e+02]
GNN flow training:  48%|████▊     | 48/100 [03:34<03:52,  4.46s/epoch, best=1.052e+02, sign=0.193, train=1.052e+02, val=1.047e+02]
GNN flow training:  48%|████▊     | 48/100 [03:39<03:52,  4.46s/epoch, best=1.047e+02, sign=0.191, train=1.047e+02, val=1.043e+02]
GNN flow training:  49%|████▉     | 49/100 [03:39<03:47,  4.46s/epoch, best=1.047e+02, sign=0.191, train=1.047e+02, val=1.043e+02]
GNN flow training:  49%|████▉     | 49/100 [03:43<03:47,  4.46s/epoch, best=1.043e+02, sign=0.192, train=1.044e+02, val=1.037e+02]
GNN flow training:  50%|█████     | 50/100 [03:43<03:43,  4.46s/epoch, best=1.043e+02, sign=0.192, train=1.044e+02, val=1.037e+02]
GNN flow training:  50%|█████     | 50/100 [03:48<03:43,  4.46s/epoch, best=1.037e+02, sign=0.192, train=1.037e+02, val=1.035e+02]
GNN flow training:  51%|█████     | 51/100 [03:48<03:38,  4.46s/epoch, best=1.037e+02, sign=0.192, train=1.037e+02, val=1.035e+02]
GNN flow training:  51%|█████     | 51/100 [03:52<03:38,  4.46s/epoch, best=1.035e+02, sign=0.191, train=1.035e+02, val=1.032e+02]
GNN flow training:  52%|█████▏    | 52/100 [03:52<03:33,  4.45s/epoch, best=1.035e+02, sign=0.191, train=1.035e+02, val=1.032e+02]
GNN flow training:  52%|█████▏    | 52/100 [03:56<03:33,  4.45s/epoch, best=1.032e+02, sign=0.189, train=1.032e+02, val=1.030e+02]
GNN flow training:  53%|█████▎    | 53/100 [03:56<03:29,  4.47s/epoch, best=1.032e+02, sign=0.189, train=1.032e+02, val=1.030e+02]
GNN flow training:  53%|█████▎    | 53/100 [04:01<03:29,  4.47s/epoch, best=1.030e+02, sign=0.188, train=1.030e+02, val=1.027e+02]
GNN flow training:  54%|█████▍    | 54/100 [04:01<03:25,  4.46s/epoch, best=1.030e+02, sign=0.188, train=1.030e+02, val=1.027e+02]
GNN flow training:  54%|█████▍    | 54/100 [04:05<03:25,  4.46s/epoch, best=1.027e+02, sign=0.189, train=1.027e+02, val=1.029e+02]
GNN flow training:  55%|█████▌    | 55/100 [04:05<03:20,  4.46s/epoch, best=1.027e+02, sign=0.189, train=1.027e+02, val=1.029e+02]
GNN flow training:  55%|█████▌    | 55/100 [04:10<03:20,  4.46s/epoch, best=1.027e+02, sign=0.189, train=1.030e+02, val=1.027e+02]
GNN flow training:  56%|█████▌    | 56/100 [04:10<03:16,  4.46s/epoch, best=1.027e+02, sign=0.189, train=1.030e+02, val=1.027e+02]
GNN flow training:  56%|█████▌    | 56/100 [04:14<03:16,  4.46s/epoch, best=1.027e+02, sign=0.186, train=1.027e+02, val=1.025e+02]
GNN flow training:  57%|█████▋    | 57/100 [04:14<03:11,  4.45s/epoch, best=1.027e+02, sign=0.186, train=1.027e+02, val=1.025e+02]
GNN flow training:  57%|█████▋    | 57/100 [04:19<03:11,  4.45s/epoch, best=1.025e+02, sign=0.185, train=1.025e+02, val=1.019e+02]
GNN flow training:  58%|█████▊    | 58/100 [04:19<03:06,  4.45s/epoch, best=1.025e+02, sign=0.185, train=1.025e+02, val=1.019e+02]
GNN flow training:  58%|█████▊    | 58/100 [04:23<03:06,  4.45s/epoch, best=1.019e+02, sign=0.186, train=1.019e+02, val=1.032e+02]
GNN flow training:  59%|█████▉    | 59/100 [04:23<03:02,  4.44s/epoch, best=1.019e+02, sign=0.186, train=1.019e+02, val=1.032e+02]
GNN flow training:  59%|█████▉    | 59/100 [04:28<03:02,  4.44s/epoch, best=1.019e+02, sign=0.184, train=1.032e+02, val=1.045e+02]
GNN flow training:  60%|██████    | 60/100 [04:28<02:56,  4.42s/epoch, best=1.019e+02, sign=0.184, train=1.032e+02, val=1.045e+02]
GNN flow training:  60%|██████    | 60/100 [04:32<02:56,  4.42s/epoch, best=1.019e+02, sign=0.180, train=1.045e+02, val=1.079e+02]
GNN flow training:  61%|██████    | 61/100 [04:32<02:51,  4.41s/epoch, best=1.019e+02, sign=0.180, train=1.045e+02, val=1.079e+02]
GNN flow training:  61%|██████    | 61/100 [04:36<02:51,  4.41s/epoch, best=1.019e+02, sign=0.182, train=1.079e+02, val=1.069e+02]
GNN flow training:  62%|██████▏   | 62/100 [04:36<02:46,  4.39s/epoch, best=1.019e+02, sign=0.182, train=1.079e+02, val=1.069e+02]
GNN flow training:  62%|██████▏   | 62/100 [04:41<02:46,  4.39s/epoch, best=1.019e+02, sign=0.184, train=1.070e+02, val=1.029e+02]
GNN flow training:  63%|██████▎   | 63/100 [04:41<02:42,  4.38s/epoch, best=1.019e+02, sign=0.184, train=1.070e+02, val=1.029e+02]
GNN flow training:  63%|██████▎   | 63/100 [04:45<02:42,  4.38s/epoch, best=1.019e+02, sign=0.189, train=1.029e+02, val=9.904e+01]
GNN flow training:  64%|██████▍   | 64/100 [04:45<02:37,  4.38s/epoch, best=1.019e+02, sign=0.189, train=1.029e+02, val=9.904e+01]
GNN flow training:  64%|██████▍   | 64/100 [04:49<02:37,  4.38s/epoch, best=9.904e+01, sign=0.191, train=9.905e+01, val=9.906e+01]
GNN flow training:  65%|██████▌   | 65/100 [04:49<02:33,  4.38s/epoch, best=9.904e+01, sign=0.191, train=9.905e+01, val=9.906e+01]
GNN flow training:  65%|██████▌   | 65/100 [04:54<02:33,  4.38s/epoch, best=9.904e+01, sign=0.192, train=9.907e+01, val=9.904e+01]
GNN flow training:  66%|██████▌   | 66/100 [04:54<02:29,  4.40s/epoch, best=9.904e+01, sign=0.192, train=9.907e+01, val=9.904e+01]
GNN flow training:  66%|██████▌   | 66/100 [04:58<02:29,  4.40s/epoch, best=9.904e+01, sign=0.191, train=9.905e+01, val=9.883e+01]
GNN flow training:  67%|██████▋   | 67/100 [04:58<02:25,  4.41s/epoch, best=9.904e+01, sign=0.191, train=9.905e+01, val=9.883e+01]
GNN flow training:  67%|██████▋   | 67/100 [05:03<02:25,  4.41s/epoch, best=9.883e+01, sign=0.190, train=9.884e+01, val=9.945e+01]
GNN flow training:  68%|██████▊   | 68/100 [05:03<02:21,  4.42s/epoch, best=9.883e+01, sign=0.190, train=9.884e+01, val=9.945e+01]
GNN flow training:  68%|██████▊   | 68/100 [05:07<02:21,  4.42s/epoch, best=9.883e+01, sign=0.190, train=9.946e+01, val=9.988e+01]
GNN flow training:  69%|██████▉   | 69/100 [05:07<02:17,  4.42s/epoch, best=9.883e+01, sign=0.190, train=9.946e+01, val=9.988e+01]
GNN flow training:  69%|██████▉   | 69/100 [05:12<02:17,  4.42s/epoch, best=9.883e+01, sign=0.189, train=9.989e+01, val=9.948e+01]
GNN flow training:  70%|███████   | 70/100 [05:12<02:12,  4.43s/epoch, best=9.883e+01, sign=0.189, train=9.989e+01, val=9.948e+01]
GNN flow training:  70%|███████   | 70/100 [05:16<02:12,  4.43s/epoch, best=9.883e+01, sign=0.187, train=9.949e+01, val=9.955e+01]
GNN flow training:  71%|███████   | 71/100 [05:16<02:08,  4.44s/epoch, best=9.883e+01, sign=0.187, train=9.949e+01, val=9.955e+01]
GNN flow training:  71%|███████   | 71/100 [05:20<02:08,  4.44s/epoch, best=9.883e+01, sign=0.188, train=9.955e+01, val=9.953e+01]
GNN flow training:  72%|███████▏  | 72/100 [05:20<02:04,  4.44s/epoch, best=9.883e+01, sign=0.188, train=9.955e+01, val=9.953e+01]
GNN flow training:  72%|███████▏  | 72/100 [05:25<02:04,  4.44s/epoch, best=9.883e+01, sign=0.187, train=9.954e+01, val=9.908e+01]
GNN flow training:  73%|███████▎  | 73/100 [05:25<02:00,  4.45s/epoch, best=9.883e+01, sign=0.187, train=9.954e+01, val=9.908e+01]
GNN flow training:  73%|███████▎  | 73/100 [05:29<02:00,  4.45s/epoch, best=9.883e+01, sign=0.187, train=9.908e+01, val=9.900e+01]
GNN flow training:  74%|███████▍  | 74/100 [05:29<01:55,  4.43s/epoch, best=9.883e+01, sign=0.187, train=9.908e+01, val=9.900e+01]
GNN flow training:  74%|███████▍  | 74/100 [05:34<01:55,  4.43s/epoch, best=9.883e+01, sign=0.186, train=9.901e+01, val=9.912e+01]
GNN flow training:  75%|███████▌  | 75/100 [05:34<01:50,  4.44s/epoch, best=9.883e+01, sign=0.186, train=9.901e+01, val=9.912e+01]
GNN flow training:  75%|███████▌  | 75/100 [05:38<01:50,  4.44s/epoch, best=9.883e+01, sign=0.184, train=9.912e+01, val=9.879e+01]
GNN flow training:  76%|███████▌  | 76/100 [05:38<01:46,  4.43s/epoch, best=9.883e+01, sign=0.184, train=9.912e+01, val=9.879e+01]
GNN flow training:  76%|███████▌  | 76/100 [05:43<01:46,  4.43s/epoch, best=9.879e+01, sign=0.185, train=9.880e+01, val=9.844e+01]
GNN flow training:  77%|███████▋  | 77/100 [05:43<01:42,  4.44s/epoch, best=9.879e+01, sign=0.185, train=9.880e+01, val=9.844e+01]
GNN flow training:  77%|███████▋  | 77/100 [05:47<01:42,  4.44s/epoch, best=9.844e+01, sign=0.184, train=9.845e+01, val=9.838e+01]
GNN flow training:  78%|███████▊  | 78/100 [05:47<01:37,  4.44s/epoch, best=9.844e+01, sign=0.184, train=9.845e+01, val=9.838e+01]
GNN flow training:  78%|███████▊  | 78/100 [05:51<01:37,  4.44s/epoch, best=9.838e+01, sign=0.186, train=9.838e+01, val=9.793e+01]
GNN flow training:  79%|███████▉  | 79/100 [05:51<01:33,  4.43s/epoch, best=9.838e+01, sign=0.186, train=9.838e+01, val=9.793e+01]
GNN flow training:  79%|███████▉  | 79/100 [05:56<01:33,  4.43s/epoch, best=9.793e+01, sign=0.187, train=9.793e+01, val=9.750e+01]
GNN flow training:  80%|████████  | 80/100 [05:56<01:28,  4.43s/epoch, best=9.793e+01, sign=0.187, train=9.793e+01, val=9.750e+01]
GNN flow training:  80%|████████  | 80/100 [06:00<01:28,  4.43s/epoch, best=9.750e+01, sign=0.188, train=9.751e+01, val=9.702e+01]
GNN flow training:  81%|████████  | 81/100 [06:00<01:24,  4.43s/epoch, best=9.750e+01, sign=0.188, train=9.751e+01, val=9.702e+01]
GNN flow training:  81%|████████  | 81/100 [06:05<01:24,  4.43s/epoch, best=9.702e+01, sign=0.189, train=9.703e+01, val=9.697e+01]
GNN flow training:  82%|████████▏ | 82/100 [06:05<01:19,  4.43s/epoch, best=9.702e+01, sign=0.189, train=9.703e+01, val=9.697e+01]
GNN flow training:  82%|████████▏ | 82/100 [06:09<01:19,  4.43s/epoch, best=9.697e+01, sign=0.189, train=9.697e+01, val=9.665e+01]
GNN flow training:  83%|████████▎ | 83/100 [06:09<01:15,  4.43s/epoch, best=9.697e+01, sign=0.189, train=9.697e+01, val=9.665e+01]
GNN flow training:  83%|████████▎ | 83/100 [06:14<01:15,  4.43s/epoch, best=9.665e+01, sign=0.189, train=9.666e+01, val=9.648e+01]
GNN flow training:  84%|████████▍ | 84/100 [06:14<01:10,  4.43s/epoch, best=9.665e+01, sign=0.189, train=9.666e+01, val=9.648e+01]
GNN flow training:  84%|████████▍ | 84/100 [06:18<01:10,  4.43s/epoch, best=9.648e+01, sign=0.190, train=9.649e+01, val=9.644e+01]
GNN flow training:  85%|████████▌ | 85/100 [06:18<01:06,  4.43s/epoch, best=9.648e+01, sign=0.190, train=9.649e+01, val=9.644e+01]
GNN flow training:  85%|████████▌ | 85/100 [06:23<01:06,  4.43s/epoch, best=9.644e+01, sign=0.190, train=9.645e+01, val=9.661e+01]
GNN flow training:  86%|████████▌ | 86/100 [06:23<01:02,  4.44s/epoch, best=9.644e+01, sign=0.190, train=9.645e+01, val=9.661e+01]
GNN flow training:  86%|████████▌ | 86/100 [06:27<01:02,  4.44s/epoch, best=9.644e+01, sign=0.190, train=9.662e+01, val=9.705e+01]
GNN flow training:  87%|████████▋ | 87/100 [06:27<00:57,  4.44s/epoch, best=9.644e+01, sign=0.190, train=9.662e+01, val=9.705e+01]
GNN flow training:  87%|████████▋ | 87/100 [06:31<00:57,  4.44s/epoch, best=9.644e+01, sign=0.190, train=9.706e+01, val=9.678e+01]
GNN flow training:  88%|████████▊ | 88/100 [06:31<00:53,  4.44s/epoch, best=9.644e+01, sign=0.190, train=9.706e+01, val=9.678e+01]
GNN flow training:  88%|████████▊ | 88/100 [06:36<00:53,  4.44s/epoch, best=9.644e+01, sign=0.192, train=9.679e+01, val=9.640e+01]
GNN flow training:  89%|████████▉ | 89/100 [06:36<00:48,  4.45s/epoch, best=9.644e+01, sign=0.192, train=9.679e+01, val=9.640e+01]
GNN flow training:  89%|████████▉ | 89/100 [06:40<00:48,  4.45s/epoch, best=9.640e+01, sign=0.191, train=9.641e+01, val=9.578e+01]
GNN flow training:  90%|█████████ | 90/100 [06:40<00:44,  4.43s/epoch, best=9.640e+01, sign=0.191, train=9.641e+01, val=9.578e+01]
GNN flow training:  90%|█████████ | 90/100 [06:45<00:44,  4.43s/epoch, best=9.578e+01, sign=0.188, train=9.579e+01, val=9.486e+01]
GNN flow training:  91%|█████████ | 91/100 [06:45<00:39,  4.43s/epoch, best=9.578e+01, sign=0.188, train=9.579e+01, val=9.486e+01]
GNN flow training:  91%|█████████ | 91/100 [06:49<00:39,  4.43s/epoch, best=9.486e+01, sign=0.186, train=9.487e+01, val=9.369e+01]
GNN flow training:  92%|█████████▏| 92/100 [06:49<00:35,  4.44s/epoch, best=9.486e+01, sign=0.186, train=9.487e+01, val=9.369e+01]
GNN flow training:  92%|█████████▏| 92/100 [06:54<00:35,  4.44s/epoch, best=9.369e+01, sign=0.182, train=9.369e+01, val=9.455e+01]
GNN flow training:  93%|█████████▎| 93/100 [06:54<00:31,  4.44s/epoch, best=9.369e+01, sign=0.182, train=9.369e+01, val=9.455e+01]
GNN flow training:  93%|█████████▎| 93/100 [06:58<00:31,  4.44s/epoch, best=9.369e+01, sign=0.181, train=9.456e+01, val=9.560e+01]
GNN flow training:  94%|█████████▍| 94/100 [06:58<00:26,  4.43s/epoch, best=9.369e+01, sign=0.181, train=9.456e+01, val=9.560e+01]
GNN flow training:  94%|█████████▍| 94/100 [07:02<00:26,  4.43s/epoch, best=9.369e+01, sign=0.179, train=9.560e+01, val=9.653e+01]
GNN flow training:  95%|█████████▌| 95/100 [07:02<00:22,  4.42s/epoch, best=9.369e+01, sign=0.179, train=9.560e+01, val=9.653e+01]
GNN flow training:  95%|█████████▌| 95/100 [07:07<00:22,  4.42s/epoch, best=9.369e+01, sign=0.179, train=9.654e+01, val=9.667e+01]
GNN flow training:  96%|█████████▌| 96/100 [07:07<00:17,  4.40s/epoch, best=9.369e+01, sign=0.179, train=9.654e+01, val=9.667e+01]
GNN flow training:  96%|█████████▌| 96/100 [07:11<00:17,  4.40s/epoch, best=9.369e+01, sign=0.179, train=9.667e+01, val=9.666e+01]
GNN flow training:  97%|█████████▋| 97/100 [07:11<00:13,  4.40s/epoch, best=9.369e+01, sign=0.179, train=9.667e+01, val=9.666e+01]
GNN flow training:  97%|█████████▋| 97/100 [07:16<00:13,  4.40s/epoch, best=9.369e+01, sign=0.184, train=9.667e+01, val=9.578e+01]
GNN flow training:  98%|█████████▊| 98/100 [07:16<00:08,  4.38s/epoch, best=9.369e+01, sign=0.184, train=9.667e+01, val=9.578e+01]
GNN flow training:  98%|█████████▊| 98/100 [07:20<00:08,  4.38s/epoch, best=9.369e+01, sign=0.187, train=9.579e+01, val=9.511e+01]
GNN flow training:  99%|█████████▉| 99/100 [07:20<00:04,  4.37s/epoch, best=9.369e+01, sign=0.187, train=9.579e+01, val=9.511e+01]
GNN flow training:  99%|█████████▉| 99/100 [07:24<00:04,  4.37s/epoch, best=9.369e+01, sign=0.187, train=9.512e+01, val=9.461e+01]
GNN flow training: 100%|██████████| 100/100 [07:24<00:00,  4.38s/epoch, best=9.369e+01, sign=0.187, train=9.512e+01, val=9.461e+01]
GNN flow training: 100%|██████████| 100/100 [07:24<00:00,  4.45s/epoch, best=9.369e+01, sign=0.187, train=9.512e+01, val=9.461e+01]

GNN flow training:   0%|          | 0/100 [00:00<?, ?epoch/s]
GNN flow training:   0%|          | 0/100 [00:04<?, ?epoch/s, best=1.237e+00, sign=0.199, train=1.238e+00, val=1.237e+00]
GNN flow training:   1%|          | 1/100 [00:04<07:39,  4.64s/epoch, best=1.237e+00, sign=0.199, train=1.238e+00, val=1.237e+00]
GNN flow training:   1%|          | 1/100 [00:09<07:39,  4.64s/epoch, best=1.237e+00, sign=0.200, train=1.238e+00, val=1.239e+00]
GNN flow training:   2%|▏         | 2/100 [00:09<07:24,  4.53s/epoch, best=1.237e+00, sign=0.200, train=1.238e+00, val=1.239e+00]
GNN flow training:   2%|▏         | 2/100 [00:13<07:24,  4.53s/epoch, best=1.237e+00, sign=0.200, train=1.241e+00, val=1.240e+00]
GNN flow training:   3%|▎         | 3/100 [00:13<07:16,  4.51s/epoch, best=1.237e+00, sign=0.200, train=1.241e+00, val=1.240e+00]
GNN flow training:   3%|▎         | 3/100 [00:18<07:16,  4.51s/epoch, best=1.237e+00, sign=0.200, train=1.241e+00, val=1.239e+00]
GNN flow training:   4%|▍         | 4/100 [00:18<07:10,  4.49s/epoch, best=1.237e+00, sign=0.200, train=1.241e+00, val=1.239e+00]
GNN flow training:   4%|▍         | 4/100 [00:22<07:10,  4.49s/epoch, best=1.237e+00, sign=0.199, train=1.240e+00, val=1.238e+00]
GNN flow training:   5%|▌         | 5/100 [00:22<07:05,  4.48s/epoch, best=1.237e+00, sign=0.199, train=1.240e+00, val=1.238e+00]
GNN flow training:   5%|▌         | 5/100 [00:26<07:05,  4.48s/epoch, best=1.237e+00, sign=0.199, train=1.240e+00, val=1.238e+00]
GNN flow training:   6%|▌         | 6/100 [00:26<07:00,  4.47s/epoch, best=1.237e+00, sign=0.199, train=1.240e+00, val=1.238e+00]
GNN flow training:   6%|▌         | 6/100 [00:31<07:00,  4.47s/epoch, best=1.237e+00, sign=0.199, train=1.240e+00, val=1.237e+00]
GNN flow training:   7%|▋         | 7/100 [00:31<06:55,  4.47s/epoch, best=1.237e+00, sign=0.199, train=1.240e+00, val=1.237e+00]
GNN flow training:   7%|▋         | 7/100 [00:35<06:55,  4.47s/epoch, best=1.237e+00, sign=0.200, train=1.239e+00, val=1.236e+00]
GNN flow training:   8%|▊         | 8/100 [00:35<06:51,  4.48s/epoch, best=1.237e+00, sign=0.200, train=1.239e+00, val=1.236e+00]
GNN flow training:   8%|▊         | 8/100 [00:40<06:51,  4.48s/epoch, best=1.236e+00, sign=0.199, train=1.238e+00, val=1.236e+00]
GNN flow training:   9%|▉         | 9/100 [00:40<06:48,  4.49s/epoch, best=1.236e+00, sign=0.199, train=1.238e+00, val=1.236e+00]
GNN flow training:   9%|▉         | 9/100 [00:44<06:48,  4.49s/epoch, best=1.236e+00, sign=0.199, train=1.237e+00, val=1.235e+00]
GNN flow training:  10%|█         | 10/100 [00:44<06:43,  4.48s/epoch, best=1.236e+00, sign=0.199, train=1.237e+00, val=1.235e+00]
GNN flow training:  10%|█         | 10/100 [00:49<06:43,  4.48s/epoch, best=1.235e+00, sign=0.199, train=1.236e+00, val=1.235e+00]
GNN flow training:  11%|█         | 11/100 [00:49<06:38,  4.48s/epoch, best=1.235e+00, sign=0.199, train=1.236e+00, val=1.235e+00]
GNN flow training:  11%|█         | 11/100 [00:53<06:38,  4.48s/epoch, best=1.235e+00, sign=0.200, train=1.236e+00, val=1.238e+00]
GNN flow training:  12%|█▏        | 12/100 [00:53<06:34,  4.49s/epoch, best=1.235e+00, sign=0.200, train=1.236e+00, val=1.238e+00]
GNN flow training:  12%|█▏        | 12/100 [00:58<06:34,  4.49s/epoch, best=1.235e+00, sign=0.200, train=1.239e+00, val=1.236e+00]
GNN flow training:  13%|█▎        | 13/100 [00:58<06:30,  4.49s/epoch, best=1.235e+00, sign=0.200, train=1.239e+00, val=1.236e+00]
GNN flow training:  13%|█▎        | 13/100 [01:02<06:30,  4.49s/epoch, best=1.235e+00, sign=0.199, train=1.237e+00, val=1.233e+00]
GNN flow training:  14%|█▍        | 14/100 [01:02<06:25,  4.49s/epoch, best=1.235e+00, sign=0.199, train=1.237e+00, val=1.233e+00]
GNN flow training:  14%|█▍        | 14/100 [01:07<06:25,  4.49s/epoch, best=1.233e+00, sign=0.199, train=1.235e+00, val=1.235e+00]
GNN flow training:  15%|█▌        | 15/100 [01:07<06:20,  4.47s/epoch, best=1.233e+00, sign=0.199, train=1.235e+00, val=1.235e+00]
GNN flow training:  15%|█▌        | 15/100 [01:11<06:20,  4.47s/epoch, best=1.233e+00, sign=0.199, train=1.236e+00, val=1.234e+00]
GNN flow training:  16%|█▌        | 16/100 [01:11<06:15,  4.47s/epoch, best=1.233e+00, sign=0.199, train=1.236e+00, val=1.234e+00]
GNN flow training:  16%|█▌        | 16/100 [01:16<06:15,  4.47s/epoch, best=1.233e+00, sign=0.199, train=1.236e+00, val=1.234e+00]
GNN flow training:  17%|█▋        | 17/100 [01:16<06:11,  4.48s/epoch, best=1.233e+00, sign=0.199, train=1.236e+00, val=1.234e+00]
GNN flow training:  17%|█▋        | 17/100 [01:20<06:11,  4.48s/epoch, best=1.233e+00, sign=0.199, train=1.235e+00, val=1.233e+00]
GNN flow training:  18%|█▊        | 18/100 [01:20<06:06,  4.47s/epoch, best=1.233e+00, sign=0.199, train=1.235e+00, val=1.233e+00]
GNN flow training:  18%|█▊        | 18/100 [01:25<06:06,  4.47s/epoch, best=1.233e+00, sign=0.199, train=1.235e+00, val=1.234e+00]
GNN flow training:  19%|█▉        | 19/100 [01:25<06:02,  4.48s/epoch, best=1.233e+00, sign=0.199, train=1.235e+00, val=1.234e+00]
GNN flow training:  19%|█▉        | 19/100 [01:29<06:02,  4.48s/epoch, best=1.233e+00, sign=0.199, train=1.235e+00, val=1.233e+00]
GNN flow training:  20%|██        | 20/100 [01:29<05:59,  4.49s/epoch, best=1.233e+00, sign=0.199, train=1.235e+00, val=1.233e+00]
GNN flow training:  20%|██        | 20/100 [01:34<05:59,  4.49s/epoch, best=1.233e+00, sign=0.199, train=1.235e+00, val=1.233e+00]
GNN flow training:  21%|██        | 21/100 [01:34<05:53,  4.48s/epoch, best=1.233e+00, sign=0.199, train=1.235e+00, val=1.233e+00]
GNN flow training:  21%|██        | 21/100 [01:38<05:53,  4.48s/epoch, best=1.233e+00, sign=0.199, train=1.234e+00, val=1.233e+00]
GNN flow training:  22%|██▏       | 22/100 [01:38<05:49,  4.48s/epoch, best=1.233e+00, sign=0.199, train=1.234e+00, val=1.233e+00]
GNN flow training:  22%|██▏       | 22/100 [01:43<05:49,  4.48s/epoch, best=1.233e+00, sign=0.199, train=1.234e+00, val=1.232e+00]
GNN flow training:  23%|██▎       | 23/100 [01:43<05:44,  4.47s/epoch, best=1.233e+00, sign=0.199, train=1.234e+00, val=1.232e+00]
GNN flow training:  23%|██▎       | 23/100 [01:47<05:44,  4.47s/epoch, best=1.232e+00, sign=0.199, train=1.233e+00, val=1.232e+00]
GNN flow training:  24%|██▍       | 24/100 [01:47<05:39,  4.47s/epoch, best=1.232e+00, sign=0.199, train=1.233e+00, val=1.232e+00]
GNN flow training:  24%|██▍       | 24/100 [01:52<05:39,  4.47s/epoch, best=1.232e+00, sign=0.199, train=1.234e+00, val=1.233e+00]
GNN flow training:  25%|██▌       | 25/100 [01:52<05:35,  4.47s/epoch, best=1.232e+00, sign=0.199, train=1.234e+00, val=1.233e+00]
GNN flow training:  25%|██▌       | 25/100 [01:56<05:35,  4.47s/epoch, best=1.232e+00, sign=0.199, train=1.234e+00, val=1.231e+00]
GNN flow training:  26%|██▌       | 26/100 [01:56<05:30,  4.47s/epoch, best=1.232e+00, sign=0.199, train=1.234e+00, val=1.231e+00]
GNN flow training:  26%|██▌       | 26/100 [02:00<05:30,  4.47s/epoch, best=1.231e+00, sign=0.199, train=1.233e+00, val=1.231e+00]
GNN flow training:  27%|██▋       | 27/100 [02:00<05:26,  4.47s/epoch, best=1.231e+00, sign=0.199, train=1.233e+00, val=1.231e+00]
GNN flow training:  27%|██▋       | 27/100 [02:05<05:26,  4.47s/epoch, best=1.231e+00, sign=0.199, train=1.233e+00, val=1.229e+00]
GNN flow training:  28%|██▊       | 28/100 [02:05<05:23,  4.49s/epoch, best=1.231e+00, sign=0.199, train=1.233e+00, val=1.229e+00]
GNN flow training:  28%|██▊       | 28/100 [02:10<05:23,  4.49s/epoch, best=1.229e+00, sign=0.198, train=1.230e+00, val=1.229e+00]
GNN flow training:  29%|██▉       | 29/100 [02:10<05:19,  4.50s/epoch, best=1.229e+00, sign=0.198, train=1.230e+00, val=1.229e+00]
GNN flow training:  29%|██▉       | 29/100 [02:14<05:19,  4.50s/epoch, best=1.229e+00, sign=0.198, train=1.230e+00, val=1.228e+00]
GNN flow training:  30%|███       | 30/100 [02:14<05:15,  4.50s/epoch, best=1.229e+00, sign=0.198, train=1.230e+00, val=1.228e+00]
GNN flow training:  30%|███       | 30/100 [02:19<05:15,  4.50s/epoch, best=1.228e+00, sign=0.198, train=1.229e+00, val=1.226e+00]
GNN flow training:  31%|███       | 31/100 [02:19<05:09,  4.49s/epoch, best=1.228e+00, sign=0.198, train=1.229e+00, val=1.226e+00]
GNN flow training:  31%|███       | 31/100 [02:23<05:09,  4.49s/epoch, best=1.226e+00, sign=0.198, train=1.227e+00, val=1.222e+00]
GNN flow training:  32%|███▏      | 32/100 [02:23<05:05,  4.49s/epoch, best=1.226e+00, sign=0.198, train=1.227e+00, val=1.222e+00]
GNN flow training:  32%|███▏      | 32/100 [02:27<05:05,  4.49s/epoch, best=1.222e+00, sign=0.198, train=1.223e+00, val=1.222e+00]
GNN flow training:  33%|███▎      | 33/100 [02:27<05:00,  4.49s/epoch, best=1.222e+00, sign=0.198, train=1.223e+00, val=1.222e+00]
GNN flow training:  33%|███▎      | 33/100 [02:32<05:00,  4.49s/epoch, best=1.222e+00, sign=0.198, train=1.224e+00, val=1.217e+00]
GNN flow training:  34%|███▍      | 34/100 [02:32<04:56,  4.50s/epoch, best=1.222e+00, sign=0.198, train=1.224e+00, val=1.217e+00]
GNN flow training:  34%|███▍      | 34/100 [02:37<04:56,  4.50s/epoch, best=1.217e+00, sign=0.198, train=1.218e+00, val=1.211e+00]
GNN flow training:  35%|███▌      | 35/100 [02:37<04:52,  4.50s/epoch, best=1.217e+00, sign=0.198, train=1.218e+00, val=1.211e+00]
GNN flow training:  35%|███▌      | 35/100 [02:41<04:52,  4.50s/epoch, best=1.211e+00, sign=0.198, train=1.212e+00, val=1.212e+00]
GNN flow training:  36%|███▌      | 36/100 [02:41<04:48,  4.50s/epoch, best=1.211e+00, sign=0.198, train=1.212e+00, val=1.212e+00]
GNN flow training:  36%|███▌      | 36/100 [02:45<04:48,  4.50s/epoch, best=1.211e+00, sign=0.197, train=1.214e+00, val=1.208e+00]
GNN flow training:  37%|███▋      | 37/100 [02:45<04:43,  4.49s/epoch, best=1.211e+00, sign=0.197, train=1.214e+00, val=1.208e+00]
GNN flow training:  37%|███▋      | 37/100 [02:50<04:43,  4.49s/epoch, best=1.208e+00, sign=0.196, train=1.209e+00, val=1.202e+00]
GNN flow training:  38%|███▊      | 38/100 [02:50<04:38,  4.49s/epoch, best=1.208e+00, sign=0.196, train=1.209e+00, val=1.202e+00]
GNN flow training:  38%|███▊      | 38/100 [02:54<04:38,  4.49s/epoch, best=1.202e+00, sign=0.195, train=1.203e+00, val=1.200e+00]
GNN flow training:  39%|███▉      | 39/100 [02:54<04:33,  4.49s/epoch, best=1.202e+00, sign=0.195, train=1.203e+00, val=1.200e+00]
GNN flow training:  39%|███▉      | 39/100 [02:59<04:33,  4.49s/epoch, best=1.200e+00, sign=0.193, train=1.202e+00, val=1.204e+00]
GNN flow training:  40%|████      | 40/100 [02:59<04:29,  4.49s/epoch, best=1.200e+00, sign=0.193, train=1.202e+00, val=1.204e+00]
GNN flow training:  40%|████      | 40/100 [03:03<04:29,  4.49s/epoch, best=1.200e+00, sign=0.192, train=1.205e+00, val=1.203e+00]
GNN flow training:  41%|████      | 41/100 [03:03<04:24,  4.48s/epoch, best=1.200e+00, sign=0.192, train=1.205e+00, val=1.203e+00]
GNN flow training:  41%|████      | 41/100 [03:08<04:24,  4.48s/epoch, best=1.200e+00, sign=0.191, train=1.204e+00, val=1.200e+00]
GNN flow training:  42%|████▏     | 42/100 [03:08<04:20,  4.48s/epoch, best=1.200e+00, sign=0.191, train=1.204e+00, val=1.200e+00]
GNN flow training:  42%|████▏     | 42/100 [03:12<04:20,  4.48s/epoch, best=1.200e+00, sign=0.190, train=1.201e+00, val=1.197e+00]
GNN flow training:  43%|████▎     | 43/100 [03:12<04:15,  4.48s/epoch, best=1.200e+00, sign=0.190, train=1.201e+00, val=1.197e+00]
GNN flow training:  43%|████▎     | 43/100 [03:17<04:15,  4.48s/epoch, best=1.197e+00, sign=0.188, train=1.198e+00, val=1.193e+00]
GNN flow training:  44%|████▍     | 44/100 [03:17<04:10,  4.47s/epoch, best=1.197e+00, sign=0.188, train=1.198e+00, val=1.193e+00]
GNN flow training:  44%|████▍     | 44/100 [03:21<04:10,  4.47s/epoch, best=1.193e+00, sign=0.187, train=1.195e+00, val=1.171e+00]
GNN flow training:  45%|████▌     | 45/100 [03:21<04:05,  4.46s/epoch, best=1.193e+00, sign=0.187, train=1.195e+00, val=1.171e+00]
GNN flow training:  45%|████▌     | 45/100 [03:26<04:05,  4.46s/epoch, best=1.171e+00, sign=0.188, train=1.172e+00, val=1.169e+00]
GNN flow training:  46%|████▌     | 46/100 [03:26<04:00,  4.45s/epoch, best=1.171e+00, sign=0.188, train=1.172e+00, val=1.169e+00]
GNN flow training:  46%|████▌     | 46/100 [03:30<04:00,  4.45s/epoch, best=1.169e+00, sign=0.187, train=1.170e+00, val=1.162e+00]
GNN flow training:  47%|████▋     | 47/100 [03:30<03:55,  4.45s/epoch, best=1.169e+00, sign=0.187, train=1.170e+00, val=1.162e+00]
GNN flow training:  47%|████▋     | 47/100 [03:35<03:55,  4.45s/epoch, best=1.162e+00, sign=0.187, train=1.163e+00, val=1.161e+00]
GNN flow training:  48%|████▊     | 48/100 [03:35<03:51,  4.46s/epoch, best=1.162e+00, sign=0.187, train=1.163e+00, val=1.161e+00]
GNN flow training:  48%|████▊     | 48/100 [03:39<03:51,  4.46s/epoch, best=1.161e+00, sign=0.187, train=1.163e+00, val=1.156e+00]
GNN flow training:  49%|████▉     | 49/100 [03:39<03:46,  4.45s/epoch, best=1.161e+00, sign=0.187, train=1.163e+00, val=1.156e+00]
GNN flow training:  49%|████▉     | 49/100 [03:43<03:46,  4.45s/epoch, best=1.156e+00, sign=0.187, train=1.157e+00, val=1.149e+00]
GNN flow training:  50%|█████     | 50/100 [03:43<03:42,  4.45s/epoch, best=1.156e+00, sign=0.187, train=1.157e+00, val=1.149e+00]
GNN flow training:  50%|█████     | 50/100 [03:48<03:42,  4.45s/epoch, best=1.149e+00, sign=0.185, train=1.150e+00, val=1.156e+00]
GNN flow training:  51%|█████     | 51/100 [03:48<03:38,  4.45s/epoch, best=1.149e+00, sign=0.185, train=1.150e+00, val=1.156e+00]
GNN flow training:  51%|█████     | 51/100 [03:52<03:38,  4.45s/epoch, best=1.149e+00, sign=0.182, train=1.158e+00, val=1.154e+00]
GNN flow training:  52%|█████▏    | 52/100 [03:52<03:33,  4.45s/epoch, best=1.149e+00, sign=0.182, train=1.158e+00, val=1.154e+00]
GNN flow training:  52%|█████▏    | 52/100 [03:57<03:33,  4.45s/epoch, best=1.149e+00, sign=0.182, train=1.155e+00, val=1.149e+00]
GNN flow training:  53%|█████▎    | 53/100 [03:57<03:29,  4.45s/epoch, best=1.149e+00, sign=0.182, train=1.155e+00, val=1.149e+00]
GNN flow training:  53%|█████▎    | 53/100 [04:01<03:29,  4.45s/epoch, best=1.149e+00, sign=0.180, train=1.150e+00, val=1.145e+00]
GNN flow training:  54%|█████▍    | 54/100 [04:01<03:24,  4.45s/epoch, best=1.149e+00, sign=0.180, train=1.150e+00, val=1.145e+00]
GNN flow training:  54%|█████▍    | 54/100 [04:06<03:24,  4.45s/epoch, best=1.145e+00, sign=0.179, train=1.146e+00, val=1.148e+00]
GNN flow training:  55%|█████▌    | 55/100 [04:06<03:20,  4.44s/epoch, best=1.145e+00, sign=0.179, train=1.146e+00, val=1.148e+00]
GNN flow training:  55%|█████▌    | 55/100 [04:10<03:20,  4.44s/epoch, best=1.145e+00, sign=0.180, train=1.149e+00, val=1.143e+00]
GNN flow training:  56%|█████▌    | 56/100 [04:10<03:16,  4.46s/epoch, best=1.145e+00, sign=0.180, train=1.149e+00, val=1.143e+00]
GNN flow training:  56%|█████▌    | 56/100 [04:15<03:16,  4.46s/epoch, best=1.143e+00, sign=0.180, train=1.144e+00, val=1.140e+00]
GNN flow training:  57%|█████▋    | 57/100 [04:15<03:11,  4.45s/epoch, best=1.143e+00, sign=0.180, train=1.144e+00, val=1.140e+00]
GNN flow training:  57%|█████▋    | 57/100 [04:19<03:11,  4.45s/epoch, best=1.140e+00, sign=0.181, train=1.141e+00, val=1.126e+00]
GNN flow training:  58%|█████▊    | 58/100 [04:19<03:07,  4.46s/epoch, best=1.140e+00, sign=0.181, train=1.141e+00, val=1.126e+00]
GNN flow training:  58%|█████▊    | 58/100 [04:24<03:07,  4.46s/epoch, best=1.126e+00, sign=0.182, train=1.127e+00, val=1.132e+00]
GNN flow training:  59%|█████▉    | 59/100 [04:24<03:02,  4.46s/epoch, best=1.126e+00, sign=0.182, train=1.127e+00, val=1.132e+00]
GNN flow training:  59%|█████▉    | 59/100 [04:28<03:02,  4.46s/epoch, best=1.126e+00, sign=0.184, train=1.133e+00, val=1.124e+00]
GNN flow training:  60%|██████    | 60/100 [04:28<02:58,  4.46s/epoch, best=1.126e+00, sign=0.184, train=1.133e+00, val=1.124e+00]
GNN flow training:  60%|██████    | 60/100 [04:32<02:58,  4.46s/epoch, best=1.124e+00, sign=0.186, train=1.125e+00, val=1.119e+00]
GNN flow training:  61%|██████    | 61/100 [04:32<02:54,  4.46s/epoch, best=1.124e+00, sign=0.186, train=1.125e+00, val=1.119e+00]
GNN flow training:  61%|██████    | 61/100 [04:37<02:54,  4.46s/epoch, best=1.119e+00, sign=0.189, train=1.120e+00, val=1.122e+00]
GNN flow training:  62%|██████▏   | 62/100 [04:37<02:50,  4.48s/epoch, best=1.119e+00, sign=0.189, train=1.120e+00, val=1.122e+00]
GNN flow training:  62%|██████▏   | 62/100 [04:41<02:50,  4.48s/epoch, best=1.119e+00, sign=0.191, train=1.123e+00, val=1.122e+00]
GNN flow training:  63%|██████▎   | 63/100 [04:41<02:45,  4.48s/epoch, best=1.119e+00, sign=0.191, train=1.123e+00, val=1.122e+00]
GNN flow training:  63%|██████▎   | 63/100 [04:46<02:45,  4.48s/epoch, best=1.119e+00, sign=0.191, train=1.123e+00, val=1.129e+00]
GNN flow training:  64%|██████▍   | 64/100 [04:46<02:41,  4.47s/epoch, best=1.119e+00, sign=0.191, train=1.123e+00, val=1.129e+00]
GNN flow training:  64%|██████▍   | 64/100 [04:50<02:41,  4.47s/epoch, best=1.119e+00, sign=0.191, train=1.130e+00, val=1.125e+00]
GNN flow training:  65%|██████▌   | 65/100 [04:50<02:36,  4.46s/epoch, best=1.119e+00, sign=0.191, train=1.130e+00, val=1.125e+00]
GNN flow training:  65%|██████▌   | 65/100 [04:55<02:36,  4.46s/epoch, best=1.119e+00, sign=0.191, train=1.126e+00, val=1.124e+00]
GNN flow training:  66%|██████▌   | 66/100 [04:55<02:31,  4.47s/epoch, best=1.119e+00, sign=0.191, train=1.126e+00, val=1.124e+00]
GNN flow training:  66%|██████▌   | 66/100 [04:59<02:31,  4.47s/epoch, best=1.119e+00, sign=0.189, train=1.126e+00, val=1.119e+00]
GNN flow training:  67%|██████▋   | 67/100 [04:59<02:27,  4.47s/epoch, best=1.119e+00, sign=0.189, train=1.126e+00, val=1.119e+00]
GNN flow training:  67%|██████▋   | 67/100 [05:04<02:27,  4.47s/epoch, best=1.119e+00, sign=0.188, train=1.120e+00, val=1.113e+00]
GNN flow training:  68%|██████▊   | 68/100 [05:04<02:23,  4.47s/epoch, best=1.119e+00, sign=0.188, train=1.120e+00, val=1.113e+00]
GNN flow training:  68%|██████▊   | 68/100 [05:08<02:23,  4.47s/epoch, best=1.113e+00, sign=0.186, train=1.114e+00, val=1.106e+00]
GNN flow training:  69%|██████▉   | 69/100 [05:08<02:18,  4.46s/epoch, best=1.113e+00, sign=0.186, train=1.114e+00, val=1.106e+00]
GNN flow training:  69%|██████▉   | 69/100 [05:13<02:18,  4.46s/epoch, best=1.106e+00, sign=0.185, train=1.108e+00, val=1.095e+00]
GNN flow training:  70%|███████   | 70/100 [05:13<02:13,  4.45s/epoch, best=1.106e+00, sign=0.185, train=1.108e+00, val=1.095e+00]
GNN flow training:  70%|███████   | 70/100 [05:17<02:13,  4.45s/epoch, best=1.095e+00, sign=0.185, train=1.096e+00, val=1.087e+00]
GNN flow training:  71%|███████   | 71/100 [05:17<02:09,  4.47s/epoch, best=1.095e+00, sign=0.185, train=1.096e+00, val=1.087e+00]
GNN flow training:  71%|███████   | 71/100 [05:22<02:09,  4.47s/epoch, best=1.087e+00, sign=0.183, train=1.088e+00, val=1.083e+00]
GNN flow training:  72%|███████▏  | 72/100 [05:22<02:04,  4.46s/epoch, best=1.087e+00, sign=0.183, train=1.088e+00, val=1.083e+00]
GNN flow training:  72%|███████▏  | 72/100 [05:26<02:04,  4.46s/epoch, best=1.083e+00, sign=0.182, train=1.084e+00, val=1.078e+00]
GNN flow training:  73%|███████▎  | 73/100 [05:26<02:00,  4.45s/epoch, best=1.083e+00, sign=0.182, train=1.084e+00, val=1.078e+00]
GNN flow training:  73%|███████▎  | 73/100 [05:30<02:00,  4.45s/epoch, best=1.078e+00, sign=0.180, train=1.079e+00, val=1.086e+00]
GNN flow training:  74%|███████▍  | 74/100 [05:30<01:55,  4.44s/epoch, best=1.078e+00, sign=0.180, train=1.079e+00, val=1.086e+00]
GNN flow training:  74%|███████▍  | 74/100 [05:35<01:55,  4.44s/epoch, best=1.078e+00, sign=0.178, train=1.087e+00, val=1.110e+00]
GNN flow training:  75%|███████▌  | 75/100 [05:35<01:50,  4.44s/epoch, best=1.078e+00, sign=0.178, train=1.087e+00, val=1.110e+00]
GNN flow training:  75%|███████▌  | 75/100 [05:39<01:50,  4.44s/epoch, best=1.078e+00, sign=0.177, train=1.111e+00, val=1.125e+00]
GNN flow training:  76%|███████▌  | 76/100 [05:39<01:46,  4.44s/epoch, best=1.078e+00, sign=0.177, train=1.111e+00, val=1.125e+00]
GNN flow training:  76%|███████▌  | 76/100 [05:44<01:46,  4.44s/epoch, best=1.078e+00, sign=0.176, train=1.126e+00, val=1.125e+00]
GNN flow training:  77%|███████▋  | 77/100 [05:44<01:42,  4.44s/epoch, best=1.078e+00, sign=0.176, train=1.126e+00, val=1.125e+00]
GNN flow training:  77%|███████▋  | 77/100 [05:48<01:42,  4.44s/epoch, best=1.078e+00, sign=0.171, train=1.126e+00, val=1.105e+00]
GNN flow training:  78%|███████▊  | 78/100 [05:48<01:37,  4.44s/epoch, best=1.078e+00, sign=0.171, train=1.126e+00, val=1.105e+00]
GNN flow training:  78%|███████▊  | 78/100 [05:53<01:37,  4.44s/epoch, best=1.078e+00, sign=0.171, train=1.106e+00, val=1.086e+00]
GNN flow training:  79%|███████▉  | 79/100 [05:53<01:33,  4.44s/epoch, best=1.078e+00, sign=0.171, train=1.106e+00, val=1.086e+00]
GNN flow training:  79%|███████▉  | 79/100 [05:57<01:33,  4.44s/epoch, best=1.078e+00, sign=0.171, train=1.087e+00, val=1.088e+00]
GNN flow training:  80%|████████  | 80/100 [05:57<01:28,  4.44s/epoch, best=1.078e+00, sign=0.171, train=1.087e+00, val=1.088e+00]
GNN flow training:  80%|████████  | 80/100 [06:02<01:28,  4.44s/epoch, best=1.078e+00, sign=0.171, train=1.089e+00, val=1.086e+00]
GNN flow training:  81%|████████  | 81/100 [06:02<01:24,  4.44s/epoch, best=1.078e+00, sign=0.171, train=1.089e+00, val=1.086e+00]
GNN flow training:  81%|████████  | 81/100 [06:06<01:24,  4.44s/epoch, best=1.078e+00, sign=0.169, train=1.087e+00, val=1.078e+00]
GNN flow training:  82%|████████▏ | 82/100 [06:06<01:19,  4.44s/epoch, best=1.078e+00, sign=0.169, train=1.087e+00, val=1.078e+00]
GNN flow training:  82%|████████▏ | 82/100 [06:10<01:19,  4.44s/epoch, best=1.078e+00, sign=0.166, train=1.080e+00, val=1.069e+00]
GNN flow training:  83%|████████▎ | 83/100 [06:10<01:15,  4.44s/epoch, best=1.078e+00, sign=0.166, train=1.080e+00, val=1.069e+00]
GNN flow training:  83%|████████▎ | 83/100 [06:15<01:15,  4.44s/epoch, best=1.069e+00, sign=0.162, train=1.070e+00, val=1.067e+00]
GNN flow training:  84%|████████▍ | 84/100 [06:15<01:11,  4.46s/epoch, best=1.069e+00, sign=0.162, train=1.070e+00, val=1.067e+00]
GNN flow training:  84%|████████▍ | 84/100 [06:19<01:11,  4.46s/epoch, best=1.067e+00, sign=0.160, train=1.068e+00, val=1.075e+00]
GNN flow training:  85%|████████▌ | 85/100 [06:19<01:06,  4.45s/epoch, best=1.067e+00, sign=0.160, train=1.068e+00, val=1.075e+00]
GNN flow training:  85%|████████▌ | 85/100 [06:24<01:06,  4.45s/epoch, best=1.067e+00, sign=0.159, train=1.076e+00, val=1.083e+00]
GNN flow training:  86%|████████▌ | 86/100 [06:24<01:02,  4.45s/epoch, best=1.067e+00, sign=0.159, train=1.076e+00, val=1.083e+00]
GNN flow training:  86%|████████▌ | 86/100 [06:28<01:02,  4.45s/epoch, best=1.067e+00, sign=0.158, train=1.084e+00, val=1.085e+00]
GNN flow training:  87%|████████▋ | 87/100 [06:28<00:57,  4.44s/epoch, best=1.067e+00, sign=0.158, train=1.084e+00, val=1.085e+00]
GNN flow training:  87%|████████▋ | 87/100 [06:33<00:57,  4.44s/epoch, best=1.067e+00, sign=0.154, train=1.086e+00, val=1.078e+00]
GNN flow training:  88%|████████▊ | 88/100 [06:33<00:53,  4.44s/epoch, best=1.067e+00, sign=0.154, train=1.086e+00, val=1.078e+00]
GNN flow training:  88%|████████▊ | 88/100 [06:37<00:53,  4.44s/epoch, best=1.067e+00, sign=0.155, train=1.079e+00, val=1.077e+00]
GNN flow training:  89%|████████▉ | 89/100 [06:37<00:48,  4.44s/epoch, best=1.067e+00, sign=0.155, train=1.079e+00, val=1.077e+00]
GNN flow training:  89%|████████▉ | 89/100 [06:42<00:48,  4.44s/epoch, best=1.067e+00, sign=0.154, train=1.078e+00, val=1.089e+00]
GNN flow training:  90%|█████████ | 90/100 [06:42<00:44,  4.45s/epoch, best=1.067e+00, sign=0.154, train=1.078e+00, val=1.089e+00]
GNN flow training:  90%|█████████ | 90/100 [06:46<00:44,  4.45s/epoch, best=1.067e+00, sign=0.157, train=1.090e+00, val=1.100e+00]
GNN flow training:  91%|█████████ | 91/100 [06:46<00:40,  4.47s/epoch, best=1.067e+00, sign=0.157, train=1.090e+00, val=1.100e+00]
GNN flow training:  91%|█████████ | 91/100 [06:51<00:40,  4.47s/epoch, best=1.067e+00, sign=0.160, train=1.101e+00, val=1.104e+00]
GNN flow training:  92%|█████████▏| 92/100 [06:51<00:35,  4.46s/epoch, best=1.067e+00, sign=0.160, train=1.101e+00, val=1.104e+00]
GNN flow training:  92%|█████████▏| 92/100 [06:55<00:35,  4.46s/epoch, best=1.067e+00, sign=0.171, train=1.105e+00, val=1.091e+00]
GNN flow training:  93%|█████████▎| 93/100 [06:55<00:31,  4.45s/epoch, best=1.067e+00, sign=0.171, train=1.105e+00, val=1.091e+00]
GNN flow training:  93%|█████████▎| 93/100 [06:59<00:31,  4.45s/epoch, best=1.067e+00, sign=0.179, train=1.092e+00, val=1.105e+00]
GNN flow training:  94%|█████████▍| 94/100 [06:59<00:26,  4.44s/epoch, best=1.067e+00, sign=0.179, train=1.092e+00, val=1.105e+00]
GNN flow training:  94%|█████████▍| 94/100 [07:04<00:26,  4.44s/epoch, best=1.067e+00, sign=0.181, train=1.106e+00, val=1.120e+00]
GNN flow training:  95%|█████████▌| 95/100 [07:04<00:22,  4.46s/epoch, best=1.067e+00, sign=0.181, train=1.106e+00, val=1.120e+00]
GNN flow training:  95%|█████████▌| 95/100 [07:08<00:22,  4.46s/epoch, best=1.067e+00, sign=0.187, train=1.121e+00, val=1.158e+00]
GNN flow training:  96%|█████████▌| 96/100 [07:08<00:17,  4.45s/epoch, best=1.067e+00, sign=0.187, train=1.121e+00, val=1.158e+00]
GNN flow training:  96%|█████████▌| 96/100 [07:13<00:17,  4.45s/epoch, best=1.067e+00, sign=0.191, train=1.159e+00, val=1.140e+00]
GNN flow training:  97%|█████████▋| 97/100 [07:13<00:13,  4.45s/epoch, best=1.067e+00, sign=0.191, train=1.159e+00, val=1.140e+00]
GNN flow training:  97%|█████████▋| 97/100 [07:17<00:13,  4.45s/epoch, best=1.067e+00, sign=0.195, train=1.142e+00, val=1.138e+00]
GNN flow training:  98%|█████████▊| 98/100 [07:17<00:08,  4.46s/epoch, best=1.067e+00, sign=0.195, train=1.142e+00, val=1.138e+00]
GNN flow training:  98%|█████████▊| 98/100 [07:22<00:08,  4.46s/epoch, best=1.067e+00, sign=0.197, train=1.140e+00, val=1.122e+00]
GNN flow training:  99%|█████████▉| 99/100 [07:22<00:04,  4.45s/epoch, best=1.067e+00, sign=0.197, train=1.140e+00, val=1.122e+00]
GNN flow training:  99%|█████████▉| 99/100 [07:26<00:04,  4.45s/epoch, best=1.067e+00, sign=0.197, train=1.124e+00, val=1.127e+00]
GNN flow training: 100%|██████████| 100/100 [07:26<00:00,  4.46s/epoch, best=1.067e+00, sign=0.197, train=1.124e+00, val=1.127e+00]
GNN flow training: 100%|██████████| 100/100 [07:26<00:00,  4.47s/epoch, best=1.067e+00, sign=0.197, train=1.124e+00, val=1.127e+00]
Resolved config snapshot:
{'preset': 'solver_QKB_outer_QKBdelta', 'gnn_outer_losses': {'flow': 1.0, 'kirchhoff': 10.0, 'boundary': 100.0, 'delta_l2': 10.0, 'delta_smooth': 0.0, 'pressure_shape': 0.0}, 'physics': {'arterial_flow_mode': 'dataset', 'pressure_constraints': ['gauge-only'], 'alpha_pa': None, 'use_snr_weights': True, 'use_observed_flow_snr_weighting': True, 'flow_scale_mode': 'median_abs', 'solver_device': 'same', 'pressure_solver_mode': 'reduced-soft-constrained-lstsq', 'pressure_solver_lambda_kirchhoff': 1.0, 'pressure_solver_lambda_pressure_constraints': 100.0, 'pressure_solver_lambda_flow_residual': 1.0, 'pressure_shape_reference': 'delta_zero_reference', 'pressure_detach': False}, 'correction_bounds': {'correction_min': -0.5, 'correction_max': 0.5, 'correction_bound': 0.5, 'correction_parameterization': 'tanh'}, 'optimization': {'learning_rate': 0.001, 'weight_decay': 0.0001, 'gradient_clip_norm': 5.0, 'optimizer': 'adamw', 'epochs': 100, 'patience': 40}}
Resolved config snapshot:
{'preset': 'solver_QKB_outer_QKBdelta', 'gnn_outer_losses': {'flow': 0.1, 'kirchhoff': 0.1, 'boundary': 100.0, 'delta_l2': 1.0, 'delta_smooth': 0.0, 'pressure_shape': 0.0}, 'physics': {'arterial_flow_mode': 'dataset', 'pressure_constraints': ['gauge-only'], 'alpha_pa': None, 'use_snr_weights': True, 'use_observed_flow_snr_weighting': True, 'flow_scale_mode': 'median_abs', 'solver_device': 'same', 'pressure_solver_mode': 'reduced-soft-constrained-lstsq', 'pressure_solver_lambda_kirchhoff': 1.0, 'pressure_solver_lambda_pressure_constraints': 100.0, 'pressure_solver_lambda_flow_residual': 1.0, 'pressure_shape_reference': 'delta_zero_reference', 'pressure_detach': False}, 'correction_bounds': {'correction_min': -0.5, 'correction_max': 0.5, 'correction_bound': 0.5, 'correction_parameterization': 'tanh'}, 'optimization': {'learning_rate': 0.001, 'weight_decay': 0.0001, 'gradient_clip_norm': 5.0, 'optimizer': 'adamw', 'epochs': 100, 'patience': 40}}
Command: /mnt/home/sswee/miniforge3/envs/yolk-sac/bin/python /mnt/home/sswee/yolk/Yolk-Sac-Flow-Data-and-Sim/gnn_clean/scripts/python/gnn_flow.py /mnt/home/sswee/yolk/Yolk-Sac-Flow-Data-and-Sim/gnn_clean/datasets/mosaic_graph_canonical_harmonized/mosaic_graph_canonical_harmonized.gpickle --output-dir /mnt/home/sswee/yolk/Yolk-Sac-Flow-Data-and-Sim/gnn_clean/outputs_canonical/dc/03_pressure_constraint_sensitivity/gnn --run-name q_1__k_10__delta_10__constraint_gauge_only --preset solver_QKB_outer_QKBdelta --device cuda --epochs 100 --seed 0 --viscosity-pa-s 0.0035 --config /mnt/home/sswee/yolk/Yolk-Sac-Flow-Data-and-Sim/gnn_clean/outputs_canonical/dc/03_pressure_constraint_sensitivity/_generated_configs/q_1__k_10__delta_10__constraint_gauge_only.yaml --no-pressure-detach
Command: /mnt/home/sswee/miniforge3/envs/yolk-sac/bin/python /mnt/home/sswee/yolk/Yolk-Sac-Flow-Data-and-Sim/gnn_clean/scripts/python/gnn_flow.py /mnt/home/sswee/yolk/Yolk-Sac-Flow-Data-and-Sim/gnn_clean/datasets/mosaic_graph_canonical_harmonized/mosaic_graph_canonical_harmonized.gpickle --output-dir /mnt/home/sswee/yolk/Yolk-Sac-Flow-Data-and-Sim/gnn_clean/outputs_canonical/dc/03_pressure_constraint_sensitivity/gnn --run-name q_0p1__k_0p1__delta_1__constraint_gauge_only --preset solver_QKB_outer_QKBdelta --device cuda --epochs 100 --seed 0 --viscosity-pa-s 0.0035 --config /mnt/home/sswee/yolk/Yolk-Sac-Flow-Data-and-Sim/gnn_clean/outputs_canonical/dc/03_pressure_constraint_sensitivity/_generated_configs/q_0p1__k_0p1__delta_1__constraint_gauge_only.yaml --no-pressure-detach
Command: /mnt/home/sswee/miniforge3/envs/yolk-sac/bin/python /mnt/home/sswee/yolk/Yolk-Sac-Flow-Data-and-Sim/gnn_clean/scripts/python/poiseuille_only_baseline.py /mnt/home/sswee/yolk/Yolk-Sac-Flow-Data-and-Sim/gnn_clean/datasets/mosaic_graph_canonical_harmonized/mosaic_graph_canonical_harmonized.gpickle --output-dir /mnt/home/sswee/yolk/Yolk-Sac-Flow-Data-and-Sim/gnn_clean/outputs_canonical/dc/03_pressure_constraint_sensitivity/poiseuille --run-name poiseuille__q_10__k_100__constraint_gauge_only --device cpu --viscosity-pa-s 0.0035 --dc-solve-mode reduced-soft-constrained-lstsq --arterial-flow-mode dataset --lambda-kirchhoff 100.0 --lambda-pressure-constraints 100.0 --lambda-flow-residual 10.0 --pressure-constraint gauge_only
