[info] DC Step 2 canonical sweep uses fixed lambda_B=100.0 for both the outer boundary loss and the reduced pressure-solver boundary constraint.

GNN flow training:   0%|          | 0/100 [00:00<?, ?epoch/s]
GNN flow training:   0%|          | 0/100 [00:06<?, ?epoch/s, best=1.307e+00, sign=0.194, train=1.307e+00, val=1.307e+00]
GNN flow training:   1%|          | 1/100 [00:06<10:26,  6.33s/epoch, best=1.307e+00, sign=0.194, train=1.307e+00, val=1.307e+00]
GNN flow training:   1%|          | 1/100 [00:12<10:26,  6.33s/epoch, best=1.307e+00, sign=0.194, train=1.308e+00, val=1.308e+00]
GNN flow training:   2%|▏         | 2/100 [00:12<10:06,  6.19s/epoch, best=1.307e+00, sign=0.194, train=1.308e+00, val=1.308e+00]
GNN flow training:   2%|▏         | 2/100 [00:18<10:06,  6.19s/epoch, best=1.307e+00, sign=0.193, train=1.310e+00, val=1.314e+00]
GNN flow training:   3%|▎         | 3/100 [00:18<09:52,  6.11s/epoch, best=1.307e+00, sign=0.193, train=1.310e+00, val=1.314e+00]
GNN flow training:   3%|▎         | 3/100 [00:24<09:52,  6.11s/epoch, best=1.307e+00, sign=0.193, train=1.316e+00, val=1.313e+00]
GNN flow training:   4%|▍         | 4/100 [00:24<09:44,  6.09s/epoch, best=1.307e+00, sign=0.193, train=1.316e+00, val=1.313e+00]
GNN flow training:   4%|▍         | 4/100 [00:30<09:44,  6.09s/epoch, best=1.307e+00, sign=0.194, train=1.314e+00, val=1.307e+00]
GNN flow training:   5%|▌         | 5/100 [00:30<09:35,  6.05s/epoch, best=1.307e+00, sign=0.194, train=1.314e+00, val=1.307e+00]
GNN flow training:   5%|▌         | 5/100 [00:36<09:35,  6.05s/epoch, best=1.307e+00, sign=0.194, train=1.308e+00, val=1.306e+00]
GNN flow training:   6%|▌         | 6/100 [00:36<09:28,  6.05s/epoch, best=1.307e+00, sign=0.194, train=1.308e+00, val=1.306e+00]
GNN flow training:   6%|▌         | 6/100 [00:42<09:28,  6.05s/epoch, best=1.306e+00, sign=0.194, train=1.307e+00, val=1.305e+00]
GNN flow training:   7%|▋         | 7/100 [00:42<09:22,  6.05s/epoch, best=1.306e+00, sign=0.194, train=1.307e+00, val=1.305e+00]
GNN flow training:   7%|▋         | 7/100 [00:48<09:22,  6.05s/epoch, best=1.305e+00, sign=0.194, train=1.306e+00, val=1.303e+00]
GNN flow training:   8%|▊         | 8/100 [00:48<09:16,  6.05s/epoch, best=1.305e+00, sign=0.194, train=1.306e+00, val=1.303e+00]
GNN flow training:   8%|▊         | 8/100 [00:54<09:16,  6.05s/epoch, best=1.303e+00, sign=0.193, train=1.305e+00, val=1.303e+00]
GNN flow training:   9%|▉         | 9/100 [00:54<09:09,  6.04s/epoch, best=1.303e+00, sign=0.193, train=1.305e+00, val=1.303e+00]
GNN flow training:   9%|▉         | 9/100 [01:00<09:09,  6.04s/epoch, best=1.303e+00, sign=0.193, train=1.305e+00, val=1.302e+00]
GNN flow training:  10%|█         | 10/100 [01:00<09:03,  6.04s/epoch, best=1.303e+00, sign=0.193, train=1.305e+00, val=1.302e+00]
GNN flow training:  10%|█         | 10/100 [01:06<09:03,  6.04s/epoch, best=1.302e+00, sign=0.193, train=1.304e+00, val=1.301e+00]
GNN flow training:  11%|█         | 11/100 [01:06<09:00,  6.07s/epoch, best=1.302e+00, sign=0.193, train=1.304e+00, val=1.301e+00]
GNN flow training:  11%|█         | 11/100 [01:12<09:00,  6.07s/epoch, best=1.301e+00, sign=0.193, train=1.303e+00, val=1.301e+00]
GNN flow training:  12%|█▏        | 12/100 [01:12<08:53,  6.06s/epoch, best=1.301e+00, sign=0.193, train=1.303e+00, val=1.301e+00]
GNN flow training:  12%|█▏        | 12/100 [01:18<08:53,  6.06s/epoch, best=1.301e+00, sign=0.193, train=1.302e+00, val=1.301e+00]
GNN flow training:  13%|█▎        | 13/100 [01:18<08:45,  6.04s/epoch, best=1.301e+00, sign=0.193, train=1.302e+00, val=1.301e+00]
GNN flow training:  13%|█▎        | 13/100 [01:24<08:45,  6.04s/epoch, best=1.301e+00, sign=0.193, train=1.303e+00, val=1.299e+00]
GNN flow training:  14%|█▍        | 14/100 [01:24<08:38,  6.02s/epoch, best=1.301e+00, sign=0.193, train=1.303e+00, val=1.299e+00]
GNN flow training:  14%|█▍        | 14/100 [01:30<08:38,  6.02s/epoch, best=1.299e+00, sign=0.193, train=1.301e+00, val=1.299e+00]
GNN flow training:  15%|█▌        | 15/100 [01:30<08:31,  6.02s/epoch, best=1.299e+00, sign=0.193, train=1.301e+00, val=1.299e+00]
GNN flow training:  15%|█▌        | 15/100 [01:36<08:31,  6.02s/epoch, best=1.299e+00, sign=0.193, train=1.301e+00, val=1.300e+00]
GNN flow training:  16%|█▌        | 16/100 [01:36<08:27,  6.04s/epoch, best=1.299e+00, sign=0.193, train=1.301e+00, val=1.300e+00]
GNN flow training:  16%|█▌        | 16/100 [01:42<08:27,  6.04s/epoch, best=1.299e+00, sign=0.193, train=1.302e+00, val=1.299e+00]
GNN flow training:  17%|█▋        | 17/100 [01:42<08:21,  6.04s/epoch, best=1.299e+00, sign=0.193, train=1.302e+00, val=1.299e+00]
GNN flow training:  17%|█▋        | 17/100 [01:48<08:21,  6.04s/epoch, best=1.299e+00, sign=0.193, train=1.301e+00, val=1.298e+00]
GNN flow training:  18%|█▊        | 18/100 [01:48<08:14,  6.03s/epoch, best=1.299e+00, sign=0.193, train=1.301e+00, val=1.298e+00]
GNN flow training:  18%|█▊        | 18/100 [01:55<08:14,  6.03s/epoch, best=1.298e+00, sign=0.193, train=1.300e+00, val=1.297e+00]
GNN flow training:  19%|█▉        | 19/100 [01:55<08:09,  6.05s/epoch, best=1.298e+00, sign=0.193, train=1.300e+00, val=1.297e+00]
GNN flow training:  19%|█▉        | 19/100 [02:01<08:09,  6.05s/epoch, best=1.297e+00, sign=0.193, train=1.298e+00, val=1.295e+00]
GNN flow training:  20%|██        | 20/100 [02:01<08:04,  6.05s/epoch, best=1.297e+00, sign=0.193, train=1.298e+00, val=1.295e+00]
GNN flow training:  20%|██        | 20/100 [02:07<08:04,  6.05s/epoch, best=1.295e+00, sign=0.193, train=1.296e+00, val=1.295e+00]
GNN flow training:  21%|██        | 21/100 [02:07<07:57,  6.04s/epoch, best=1.295e+00, sign=0.193, train=1.296e+00, val=1.295e+00]
GNN flow training:  21%|██        | 21/100 [02:13<07:57,  6.04s/epoch, best=1.295e+00, sign=0.192, train=1.297e+00, val=1.298e+00]
GNN flow training:  22%|██▏       | 22/100 [02:13<07:51,  6.05s/epoch, best=1.295e+00, sign=0.192, train=1.297e+00, val=1.298e+00]
GNN flow training:  22%|██▏       | 22/100 [02:19<07:51,  6.05s/epoch, best=1.295e+00, sign=0.192, train=1.300e+00, val=1.296e+00]
GNN flow training:  23%|██▎       | 23/100 [02:19<07:45,  6.05s/epoch, best=1.295e+00, sign=0.192, train=1.300e+00, val=1.296e+00]
GNN flow training:  23%|██▎       | 23/100 [02:25<07:45,  6.05s/epoch, best=1.295e+00, sign=0.192, train=1.297e+00, val=1.293e+00]
GNN flow training:  24%|██▍       | 24/100 [02:25<07:38,  6.03s/epoch, best=1.295e+00, sign=0.192, train=1.297e+00, val=1.293e+00]
GNN flow training:  24%|██▍       | 24/100 [02:31<07:38,  6.03s/epoch, best=1.293e+00, sign=0.192, train=1.295e+00, val=1.293e+00]
GNN flow training:  25%|██▌       | 25/100 [02:31<07:31,  6.02s/epoch, best=1.293e+00, sign=0.192, train=1.295e+00, val=1.293e+00]
GNN flow training:  25%|██▌       | 25/100 [02:37<07:31,  6.02s/epoch, best=1.293e+00, sign=0.192, train=1.295e+00, val=1.291e+00]
GNN flow training:  26%|██▌       | 26/100 [02:37<07:25,  6.02s/epoch, best=1.293e+00, sign=0.192, train=1.295e+00, val=1.291e+00]
GNN flow training:  26%|██▌       | 26/100 [02:43<07:25,  6.02s/epoch, best=1.291e+00, sign=0.192, train=1.292e+00, val=1.288e+00]
GNN flow training:  27%|██▋       | 27/100 [02:43<07:20,  6.03s/epoch, best=1.291e+00, sign=0.192, train=1.292e+00, val=1.288e+00]
GNN flow training:  27%|██▋       | 27/100 [02:49<07:20,  6.03s/epoch, best=1.288e+00, sign=0.191, train=1.289e+00, val=1.292e+00]
GNN flow training:  28%|██▊       | 28/100 [02:49<07:13,  6.02s/epoch, best=1.288e+00, sign=0.191, train=1.289e+00, val=1.292e+00]
GNN flow training:  28%|██▊       | 28/100 [02:55<07:13,  6.02s/epoch, best=1.288e+00, sign=0.190, train=1.293e+00, val=1.294e+00]
GNN flow training:  29%|██▉       | 29/100 [02:55<07:08,  6.03s/epoch, best=1.288e+00, sign=0.190, train=1.293e+00, val=1.294e+00]
GNN flow training:  29%|██▉       | 29/100 [03:01<07:08,  6.03s/epoch, best=1.288e+00, sign=0.190, train=1.295e+00, val=1.293e+00]
GNN flow training:  30%|███       | 30/100 [03:01<07:02,  6.03s/epoch, best=1.288e+00, sign=0.190, train=1.295e+00, val=1.293e+00]
GNN flow training:  30%|███       | 30/100 [03:07<07:02,  6.03s/epoch, best=1.288e+00, sign=0.189, train=1.294e+00, val=1.289e+00]
GNN flow training:  31%|███       | 31/100 [03:07<06:57,  6.05s/epoch, best=1.288e+00, sign=0.189, train=1.294e+00, val=1.289e+00]
GNN flow training:  31%|███       | 31/100 [03:13<06:57,  6.05s/epoch, best=1.288e+00, sign=0.189, train=1.291e+00, val=1.286e+00]
GNN flow training:  32%|███▏      | 32/100 [03:13<06:49,  6.03s/epoch, best=1.288e+00, sign=0.189, train=1.291e+00, val=1.286e+00]
GNN flow training:  32%|███▏      | 32/100 [03:19<06:49,  6.03s/epoch, best=1.286e+00, sign=0.189, train=1.287e+00, val=1.285e+00]
GNN flow training:  33%|███▎      | 33/100 [03:19<06:44,  6.03s/epoch, best=1.286e+00, sign=0.189, train=1.287e+00, val=1.285e+00]
GNN flow training:  33%|███▎      | 33/100 [03:25<06:44,  6.03s/epoch, best=1.285e+00, sign=0.190, train=1.286e+00, val=1.283e+00]
GNN flow training:  34%|███▍      | 34/100 [03:25<06:38,  6.04s/epoch, best=1.285e+00, sign=0.190, train=1.286e+00, val=1.283e+00]
GNN flow training:  34%|███▍      | 34/100 [03:31<06:38,  6.04s/epoch, best=1.283e+00, sign=0.190, train=1.285e+00, val=1.281e+00]
GNN flow training:  35%|███▌      | 35/100 [03:31<06:32,  6.04s/epoch, best=1.283e+00, sign=0.190, train=1.285e+00, val=1.281e+00]
GNN flow training:  35%|███▌      | 35/100 [03:37<06:32,  6.04s/epoch, best=1.281e+00, sign=0.190, train=1.283e+00, val=1.280e+00]
GNN flow training:  36%|███▌      | 36/100 [03:37<06:26,  6.03s/epoch, best=1.281e+00, sign=0.190, train=1.283e+00, val=1.280e+00]
GNN flow training:  36%|███▌      | 36/100 [03:43<06:26,  6.03s/epoch, best=1.280e+00, sign=0.191, train=1.281e+00, val=1.279e+00]
GNN flow training:  37%|███▋      | 37/100 [03:43<06:20,  6.03s/epoch, best=1.280e+00, sign=0.191, train=1.281e+00, val=1.279e+00]
GNN flow training:  37%|███▋      | 37/100 [03:49<06:20,  6.03s/epoch, best=1.279e+00, sign=0.191, train=1.280e+00, val=1.278e+00]
GNN flow training:  38%|███▊      | 38/100 [03:49<06:15,  6.05s/epoch, best=1.279e+00, sign=0.191, train=1.280e+00, val=1.278e+00]
GNN flow training:  38%|███▊      | 38/100 [03:55<06:15,  6.05s/epoch, best=1.278e+00, sign=0.191, train=1.280e+00, val=1.275e+00]
GNN flow training:  39%|███▉      | 39/100 [03:55<06:08,  6.04s/epoch, best=1.278e+00, sign=0.191, train=1.280e+00, val=1.275e+00]
GNN flow training:  39%|███▉      | 39/100 [04:01<06:08,  6.04s/epoch, best=1.275e+00, sign=0.190, train=1.277e+00, val=1.272e+00]
GNN flow training:  40%|████      | 40/100 [04:01<06:01,  6.03s/epoch, best=1.275e+00, sign=0.190, train=1.277e+00, val=1.272e+00]
GNN flow training:  40%|████      | 40/100 [04:07<06:01,  6.03s/epoch, best=1.272e+00, sign=0.189, train=1.273e+00, val=1.267e+00]
GNN flow training:  41%|████      | 41/100 [04:07<05:54,  6.02s/epoch, best=1.272e+00, sign=0.189, train=1.273e+00, val=1.267e+00]
GNN flow training:  41%|████      | 41/100 [04:13<05:54,  6.02s/epoch, best=1.267e+00, sign=0.186, train=1.268e+00, val=1.268e+00]
GNN flow training:  42%|████▏     | 42/100 [04:13<05:49,  6.02s/epoch, best=1.267e+00, sign=0.186, train=1.268e+00, val=1.268e+00]
GNN flow training:  42%|████▏     | 42/100 [04:19<05:49,  6.02s/epoch, best=1.267e+00, sign=0.183, train=1.269e+00, val=1.271e+00]
GNN flow training:  43%|████▎     | 43/100 [04:19<05:44,  6.04s/epoch, best=1.267e+00, sign=0.183, train=1.269e+00, val=1.271e+00]
GNN flow training:  43%|████▎     | 43/100 [04:25<05:44,  6.04s/epoch, best=1.267e+00, sign=0.184, train=1.273e+00, val=1.280e+00]
GNN flow training:  44%|████▍     | 44/100 [04:25<05:38,  6.04s/epoch, best=1.267e+00, sign=0.184, train=1.273e+00, val=1.280e+00]
GNN flow training:  44%|████▍     | 44/100 [04:31<05:38,  6.04s/epoch, best=1.267e+00, sign=0.183, train=1.282e+00, val=1.282e+00]
GNN flow training:  45%|████▌     | 45/100 [04:31<05:32,  6.04s/epoch, best=1.267e+00, sign=0.183, train=1.282e+00, val=1.282e+00]
GNN flow training:  45%|████▌     | 45/100 [04:37<05:32,  6.04s/epoch, best=1.267e+00, sign=0.182, train=1.283e+00, val=1.263e+00]
GNN flow training:  46%|████▌     | 46/100 [04:37<05:25,  6.03s/epoch, best=1.267e+00, sign=0.182, train=1.283e+00, val=1.263e+00]
GNN flow training:  46%|████▌     | 46/100 [04:43<05:25,  6.03s/epoch, best=1.263e+00, sign=0.183, train=1.264e+00, val=1.260e+00]
GNN flow training:  47%|████▋     | 47/100 [04:43<05:19,  6.03s/epoch, best=1.263e+00, sign=0.183, train=1.264e+00, val=1.260e+00]
GNN flow training:  47%|████▋     | 47/100 [04:50<05:19,  6.03s/epoch, best=1.260e+00, sign=0.183, train=1.261e+00, val=1.265e+00]
GNN flow training:  48%|████▊     | 48/100 [04:50<05:13,  6.03s/epoch, best=1.260e+00, sign=0.183, train=1.261e+00, val=1.265e+00]
GNN flow training:  48%|████▊     | 48/100 [04:56<05:13,  6.03s/epoch, best=1.260e+00, sign=0.185, train=1.267e+00, val=1.263e+00]
GNN flow training:  49%|████▉     | 49/100 [04:56<05:07,  6.02s/epoch, best=1.260e+00, sign=0.185, train=1.267e+00, val=1.263e+00]
GNN flow training:  49%|████▉     | 49/100 [05:02<05:07,  6.02s/epoch, best=1.260e+00, sign=0.186, train=1.265e+00, val=1.265e+00]
GNN flow training:  50%|█████     | 50/100 [05:02<05:02,  6.04s/epoch, best=1.260e+00, sign=0.186, train=1.265e+00, val=1.265e+00]
GNN flow training:  50%|█████     | 50/100 [05:08<05:02,  6.04s/epoch, best=1.260e+00, sign=0.186, train=1.266e+00, val=1.264e+00]
GNN flow training:  51%|█████     | 51/100 [05:08<04:55,  6.04s/epoch, best=1.260e+00, sign=0.186, train=1.266e+00, val=1.264e+00]
GNN flow training:  51%|█████     | 51/100 [05:14<04:55,  6.04s/epoch, best=1.260e+00, sign=0.185, train=1.265e+00, val=1.260e+00]
GNN flow training:  52%|█████▏    | 52/100 [05:14<04:50,  6.05s/epoch, best=1.260e+00, sign=0.185, train=1.265e+00, val=1.260e+00]
GNN flow training:  52%|█████▏    | 52/100 [05:20<04:50,  6.05s/epoch, best=1.260e+00, sign=0.184, train=1.261e+00, val=1.258e+00]
GNN flow training:  53%|█████▎    | 53/100 [05:20<04:44,  6.05s/epoch, best=1.260e+00, sign=0.184, train=1.261e+00, val=1.258e+00]
GNN flow training:  53%|█████▎    | 53/100 [05:26<04:44,  6.05s/epoch, best=1.258e+00, sign=0.183, train=1.259e+00, val=1.256e+00]
GNN flow training:  54%|█████▍    | 54/100 [05:26<04:38,  6.05s/epoch, best=1.258e+00, sign=0.183, train=1.259e+00, val=1.256e+00]
GNN flow training:  54%|█████▍    | 54/100 [05:32<04:38,  6.05s/epoch, best=1.256e+00, sign=0.182, train=1.258e+00, val=1.253e+00]
GNN flow training:  55%|█████▌    | 55/100 [05:32<04:31,  6.04s/epoch, best=1.256e+00, sign=0.182, train=1.258e+00, val=1.253e+00]
GNN flow training:  55%|█████▌    | 55/100 [05:38<04:31,  6.04s/epoch, best=1.253e+00, sign=0.181, train=1.254e+00, val=1.251e+00]
GNN flow training:  56%|█████▌    | 56/100 [05:38<04:25,  6.03s/epoch, best=1.253e+00, sign=0.181, train=1.254e+00, val=1.251e+00]
GNN flow training:  56%|█████▌    | 56/100 [05:44<04:25,  6.03s/epoch, best=1.251e+00, sign=0.181, train=1.252e+00, val=1.247e+00]
GNN flow training:  57%|█████▋    | 57/100 [05:44<04:18,  6.02s/epoch, best=1.251e+00, sign=0.181, train=1.252e+00, val=1.247e+00]
GNN flow training:  57%|█████▋    | 57/100 [05:50<04:18,  6.02s/epoch, best=1.247e+00, sign=0.180, train=1.249e+00, val=1.245e+00]
GNN flow training:  58%|█████▊    | 58/100 [05:50<04:13,  6.03s/epoch, best=1.247e+00, sign=0.180, train=1.249e+00, val=1.245e+00]
GNN flow training:  58%|█████▊    | 58/100 [05:56<04:13,  6.03s/epoch, best=1.245e+00, sign=0.179, train=1.246e+00, val=1.242e+00]
GNN flow training:  59%|█████▉    | 59/100 [05:56<04:08,  6.06s/epoch, best=1.245e+00, sign=0.179, train=1.246e+00, val=1.242e+00]
GNN flow training:  59%|█████▉    | 59/100 [06:02<04:08,  6.06s/epoch, best=1.242e+00, sign=0.178, train=1.244e+00, val=1.243e+00]
GNN flow training:  60%|██████    | 60/100 [06:02<04:01,  6.04s/epoch, best=1.242e+00, sign=0.178, train=1.244e+00, val=1.243e+00]
GNN flow training:  60%|██████    | 60/100 [06:08<04:01,  6.04s/epoch, best=1.242e+00, sign=0.178, train=1.244e+00, val=1.244e+00]
GNN flow training:  61%|██████    | 61/100 [06:08<03:55,  6.05s/epoch, best=1.242e+00, sign=0.178, train=1.244e+00, val=1.244e+00]
GNN flow training:  61%|██████    | 61/100 [06:14<03:55,  6.05s/epoch, best=1.242e+00, sign=0.178, train=1.246e+00, val=1.244e+00]
GNN flow training:  62%|██████▏   | 62/100 [06:14<03:49,  6.05s/epoch, best=1.242e+00, sign=0.178, train=1.246e+00, val=1.244e+00]
GNN flow training:  62%|██████▏   | 62/100 [06:20<03:49,  6.05s/epoch, best=1.242e+00, sign=0.178, train=1.245e+00, val=1.239e+00]
GNN flow training:  63%|██████▎   | 63/100 [06:20<03:44,  6.06s/epoch, best=1.242e+00, sign=0.178, train=1.245e+00, val=1.239e+00]
GNN flow training:  63%|██████▎   | 63/100 [06:26<03:44,  6.06s/epoch, best=1.239e+00, sign=0.178, train=1.240e+00, val=1.232e+00]
GNN flow training:  64%|██████▍   | 64/100 [06:26<03:37,  6.05s/epoch, best=1.239e+00, sign=0.178, train=1.240e+00, val=1.232e+00]
GNN flow training:  64%|██████▍   | 64/100 [06:32<03:37,  6.05s/epoch, best=1.232e+00, sign=0.177, train=1.233e+00, val=1.226e+00]
GNN flow training:  65%|██████▌   | 65/100 [06:32<03:31,  6.04s/epoch, best=1.232e+00, sign=0.177, train=1.233e+00, val=1.226e+00]
GNN flow training:  65%|██████▌   | 65/100 [06:38<03:31,  6.04s/epoch, best=1.226e+00, sign=0.177, train=1.227e+00, val=1.220e+00]
GNN flow training:  66%|██████▌   | 66/100 [06:38<03:25,  6.03s/epoch, best=1.226e+00, sign=0.177, train=1.227e+00, val=1.220e+00]
GNN flow training:  66%|██████▌   | 66/100 [06:44<03:25,  6.03s/epoch, best=1.220e+00, sign=0.176, train=1.222e+00, val=1.214e+00]
GNN flow training:  67%|██████▋   | 67/100 [06:44<03:19,  6.03s/epoch, best=1.220e+00, sign=0.176, train=1.222e+00, val=1.214e+00]
GNN flow training:  67%|██████▋   | 67/100 [06:50<03:19,  6.03s/epoch, best=1.214e+00, sign=0.173, train=1.215e+00, val=1.213e+00]
GNN flow training:  68%|██████▊   | 68/100 [06:50<03:12,  6.03s/epoch, best=1.214e+00, sign=0.173, train=1.215e+00, val=1.213e+00]
GNN flow training:  68%|██████▊   | 68/100 [06:56<03:12,  6.03s/epoch, best=1.213e+00, sign=0.172, train=1.215e+00, val=1.210e+00]
GNN flow training:  69%|██████▉   | 69/100 [06:56<03:06,  6.01s/epoch, best=1.213e+00, sign=0.172, train=1.215e+00, val=1.210e+00]
GNN flow training:  69%|██████▉   | 69/100 [07:02<03:06,  6.01s/epoch, best=1.210e+00, sign=0.170, train=1.211e+00, val=1.205e+00]
GNN flow training:  70%|███████   | 70/100 [07:02<03:00,  6.02s/epoch, best=1.210e+00, sign=0.170, train=1.211e+00, val=1.205e+00]
GNN flow training:  70%|███████   | 70/100 [07:08<03:00,  6.02s/epoch, best=1.205e+00, sign=0.170, train=1.206e+00, val=1.201e+00]
GNN flow training:  71%|███████   | 71/100 [07:08<02:53,  6.00s/epoch, best=1.205e+00, sign=0.170, train=1.206e+00, val=1.201e+00]
GNN flow training:  71%|███████   | 71/100 [07:14<02:53,  6.00s/epoch, best=1.201e+00, sign=0.170, train=1.202e+00, val=1.198e+00]
GNN flow training:  72%|███████▏  | 72/100 [07:14<02:47,  6.00s/epoch, best=1.201e+00, sign=0.170, train=1.202e+00, val=1.198e+00]
GNN flow training:  72%|███████▏  | 72/100 [07:20<02:47,  6.00s/epoch, best=1.198e+00, sign=0.171, train=1.199e+00, val=1.193e+00]
GNN flow training:  73%|███████▎  | 73/100 [07:20<02:42,  6.01s/epoch, best=1.198e+00, sign=0.171, train=1.199e+00, val=1.193e+00]
GNN flow training:  73%|███████▎  | 73/100 [07:26<02:42,  6.01s/epoch, best=1.193e+00, sign=0.172, train=1.195e+00, val=1.190e+00]
GNN flow training:  74%|███████▍  | 74/100 [07:26<02:35,  6.00s/epoch, best=1.193e+00, sign=0.172, train=1.195e+00, val=1.190e+00]
GNN flow training:  74%|███████▍  | 74/100 [07:32<02:35,  6.00s/epoch, best=1.190e+00, sign=0.172, train=1.191e+00, val=1.185e+00]
GNN flow training:  75%|███████▌  | 75/100 [07:32<02:29,  5.98s/epoch, best=1.190e+00, sign=0.172, train=1.191e+00, val=1.185e+00]
GNN flow training:  75%|███████▌  | 75/100 [07:38<02:29,  5.98s/epoch, best=1.185e+00, sign=0.170, train=1.186e+00, val=1.179e+00]
GNN flow training:  76%|███████▌  | 76/100 [07:38<02:24,  6.01s/epoch, best=1.185e+00, sign=0.170, train=1.186e+00, val=1.179e+00]
GNN flow training:  76%|███████▌  | 76/100 [07:44<02:24,  6.01s/epoch, best=1.179e+00, sign=0.166, train=1.180e+00, val=1.174e+00]
GNN flow training:  77%|███████▋  | 77/100 [07:44<02:18,  6.01s/epoch, best=1.179e+00, sign=0.166, train=1.180e+00, val=1.174e+00]
GNN flow training:  77%|███████▋  | 77/100 [07:50<02:18,  6.01s/epoch, best=1.174e+00, sign=0.165, train=1.176e+00, val=1.172e+00]
GNN flow training:  78%|███████▊  | 78/100 [07:50<02:12,  6.03s/epoch, best=1.174e+00, sign=0.165, train=1.176e+00, val=1.172e+00]
GNN flow training:  78%|███████▊  | 78/100 [07:56<02:12,  6.03s/epoch, best=1.172e+00, sign=0.165, train=1.173e+00, val=1.168e+00]
GNN flow training:  79%|███████▉  | 79/100 [07:56<02:06,  6.04s/epoch, best=1.172e+00, sign=0.165, train=1.173e+00, val=1.168e+00]
GNN flow training:  79%|███████▉  | 79/100 [08:02<02:06,  6.04s/epoch, best=1.168e+00, sign=0.165, train=1.169e+00, val=1.164e+00]
GNN flow training:  80%|████████  | 80/100 [08:02<02:00,  6.03s/epoch, best=1.168e+00, sign=0.165, train=1.169e+00, val=1.164e+00]
GNN flow training:  80%|████████  | 80/100 [08:09<02:00,  6.03s/epoch, best=1.164e+00, sign=0.165, train=1.165e+00, val=1.163e+00]
GNN flow training:  81%|████████  | 81/100 [08:09<01:54,  6.05s/epoch, best=1.164e+00, sign=0.165, train=1.165e+00, val=1.163e+00]
GNN flow training:  81%|████████  | 81/100 [08:15<01:54,  6.05s/epoch, best=1.163e+00, sign=0.165, train=1.164e+00, val=1.160e+00]
GNN flow training:  82%|████████▏ | 82/100 [08:15<01:48,  6.04s/epoch, best=1.163e+00, sign=0.165, train=1.164e+00, val=1.160e+00]
GNN flow training:  82%|████████▏ | 82/100 [08:21<01:48,  6.04s/epoch, best=1.160e+00, sign=0.165, train=1.161e+00, val=1.156e+00]
GNN flow training:  83%|████████▎ | 83/100 [08:21<01:42,  6.06s/epoch, best=1.160e+00, sign=0.165, train=1.161e+00, val=1.156e+00]
GNN flow training:  83%|████████▎ | 83/100 [08:27<01:42,  6.06s/epoch, best=1.156e+00, sign=0.165, train=1.157e+00, val=1.154e+00]
GNN flow training:  84%|████████▍ | 84/100 [08:27<01:36,  6.04s/epoch, best=1.156e+00, sign=0.165, train=1.157e+00, val=1.154e+00]
GNN flow training:  84%|████████▍ | 84/100 [08:33<01:36,  6.04s/epoch, best=1.154e+00, sign=0.164, train=1.155e+00, val=1.154e+00]
GNN flow training:  85%|████████▌ | 85/100 [08:33<01:30,  6.05s/epoch, best=1.154e+00, sign=0.164, train=1.155e+00, val=1.154e+00]
GNN flow training:  85%|████████▌ | 85/100 [08:39<01:30,  6.05s/epoch, best=1.154e+00, sign=0.163, train=1.156e+00, val=1.156e+00]
GNN flow training:  86%|████████▌ | 86/100 [08:39<01:24,  6.04s/epoch, best=1.154e+00, sign=0.163, train=1.156e+00, val=1.156e+00]
GNN flow training:  86%|████████▌ | 86/100 [08:45<01:24,  6.04s/epoch, best=1.154e+00, sign=0.164, train=1.157e+00, val=1.155e+00]
GNN flow training:  87%|████████▋ | 87/100 [08:45<01:18,  6.03s/epoch, best=1.154e+00, sign=0.164, train=1.157e+00, val=1.155e+00]
GNN flow training:  87%|████████▋ | 87/100 [08:51<01:18,  6.03s/epoch, best=1.154e+00, sign=0.163, train=1.156e+00, val=1.153e+00]
GNN flow training:  88%|████████▊ | 88/100 [08:51<01:12,  6.02s/epoch, best=1.154e+00, sign=0.163, train=1.156e+00, val=1.153e+00]
GNN flow training:  88%|████████▊ | 88/100 [08:57<01:12,  6.02s/epoch, best=1.153e+00, sign=0.164, train=1.154e+00, val=1.151e+00]
GNN flow training:  89%|████████▉ | 89/100 [08:57<01:06,  6.01s/epoch, best=1.153e+00, sign=0.164, train=1.154e+00, val=1.151e+00]
GNN flow training:  89%|████████▉ | 89/100 [09:03<01:06,  6.01s/epoch, best=1.151e+00, sign=0.164, train=1.153e+00, val=1.149e+00]
GNN flow training:  90%|█████████ | 90/100 [09:03<01:00,  6.01s/epoch, best=1.151e+00, sign=0.164, train=1.153e+00, val=1.149e+00]
GNN flow training:  90%|█████████ | 90/100 [09:09<01:00,  6.01s/epoch, best=1.149e+00, sign=0.166, train=1.150e+00, val=1.151e+00]
GNN flow training:  91%|█████████ | 91/100 [09:09<00:54,  6.03s/epoch, best=1.149e+00, sign=0.166, train=1.150e+00, val=1.151e+00]
GNN flow training:  91%|█████████ | 91/100 [09:15<00:54,  6.03s/epoch, best=1.149e+00, sign=0.164, train=1.152e+00, val=1.147e+00]
GNN flow training:  92%|█████████▏| 92/100 [09:15<00:48,  6.01s/epoch, best=1.149e+00, sign=0.164, train=1.152e+00, val=1.147e+00]
GNN flow training:  92%|█████████▏| 92/100 [09:21<00:48,  6.01s/epoch, best=1.147e+00, sign=0.163, train=1.148e+00, val=1.150e+00]
GNN flow training:  93%|█████████▎| 93/100 [09:21<00:41,  6.00s/epoch, best=1.147e+00, sign=0.163, train=1.148e+00, val=1.150e+00]
GNN flow training:  93%|█████████▎| 93/100 [09:27<00:41,  6.00s/epoch, best=1.147e+00, sign=0.162, train=1.151e+00, val=1.149e+00]
GNN flow training:  94%|█████████▍| 94/100 [09:27<00:35,  6.00s/epoch, best=1.147e+00, sign=0.162, train=1.151e+00, val=1.149e+00]
GNN flow training:  94%|█████████▍| 94/100 [09:33<00:35,  6.00s/epoch, best=1.147e+00, sign=0.163, train=1.150e+00, val=1.148e+00]
GNN flow training:  95%|█████████▌| 95/100 [09:33<00:29,  6.00s/epoch, best=1.147e+00, sign=0.163, train=1.150e+00, val=1.148e+00]
GNN flow training:  95%|█████████▌| 95/100 [09:39<00:29,  6.00s/epoch, best=1.147e+00, sign=0.163, train=1.149e+00, val=1.145e+00]
GNN flow training:  96%|█████████▌| 96/100 [09:39<00:24,  6.00s/epoch, best=1.147e+00, sign=0.163, train=1.149e+00, val=1.145e+00]
GNN flow training:  96%|█████████▌| 96/100 [09:45<00:24,  6.00s/epoch, best=1.145e+00, sign=0.163, train=1.146e+00, val=1.142e+00]
GNN flow training:  97%|█████████▋| 97/100 [09:45<00:18,  6.00s/epoch, best=1.145e+00, sign=0.163, train=1.146e+00, val=1.142e+00]
GNN flow training:  97%|█████████▋| 97/100 [09:51<00:18,  6.00s/epoch, best=1.142e+00, sign=0.163, train=1.143e+00, val=1.140e+00]
GNN flow training:  98%|█████████▊| 98/100 [09:51<00:12,  6.02s/epoch, best=1.142e+00, sign=0.163, train=1.143e+00, val=1.140e+00]
GNN flow training:  98%|█████████▊| 98/100 [09:57<00:12,  6.02s/epoch, best=1.140e+00, sign=0.164, train=1.141e+00, val=1.137e+00]
GNN flow training:  99%|█████████▉| 99/100 [09:57<00:06,  6.05s/epoch, best=1.140e+00, sign=0.164, train=1.141e+00, val=1.137e+00]
GNN flow training:  99%|█████████▉| 99/100 [10:03<00:06,  6.05s/epoch, best=1.137e+00, sign=0.164, train=1.138e+00, val=1.138e+00]
GNN flow training: 100%|██████████| 100/100 [10:03<00:00,  6.06s/epoch, best=1.137e+00, sign=0.164, train=1.138e+00, val=1.138e+00]
GNN flow training: 100%|██████████| 100/100 [10:03<00:00,  6.04s/epoch, best=1.137e+00, sign=0.164, train=1.138e+00, val=1.138e+00]
Resolved config snapshot:
{'preset': 'solver_QKB_outer_QKBdelta', 'gnn_outer_losses': {'flow': 0.1, 'kirchhoff': 0.1, 'boundary': 100.0, 'delta_l2': 100.0, 'delta_smooth': 0.0, 'pressure_shape': 0.0}, 'physics': {'arterial_flow_mode': 'dataset', 'pressure_constraints': ['equal-a-equal-v'], 'alpha_pa': None, 'use_snr_weights': True, 'use_observed_flow_snr_weighting': True, 'flow_scale_mode': 'median_abs', 'solver_device': 'same', 'pressure_solver_mode': 'reduced-soft-constrained-lstsq', 'pressure_solver_lambda_kirchhoff': 1.0, 'pressure_solver_lambda_pressure_constraints': 100.0, 'pressure_solver_lambda_flow_residual': 1.0, 'pressure_shape_reference': 'delta_zero_reference', 'pressure_detach': False}, 'correction_bounds': {'correction_min': -0.5, 'correction_max': 0.5, 'correction_bound': 0.5, 'correction_parameterization': 'tanh'}, 'optimization': {'learning_rate': 0.001, 'weight_decay': 0.0001, 'gradient_clip_norm': 5.0, 'optimizer': 'adamw', 'epochs': 100, 'patience': 40}}
Shard 4/80: 1 of 80 runs
Command: /mnt/home/sswee/miniforge3/envs/yolk-sac/bin/python /mnt/home/sswee/yolk/Yolk-Sac-Flow-Data-and-Sim/gnn_clean/scripts/python/gnn_flow.py /mnt/home/sswee/yolk/Yolk-Sac-Flow-Data-and-Sim/gnn_clean/datasets/mosaic_graph_canonical_harmonized/mosaic_graph_canonical_harmonized.gpickle --output-dir /mnt/home/sswee/yolk/Yolk-Sac-Flow-Data-and-Sim/gnn_clean/outputs_canonical/dc/02_physics_weight_sweep/gnn --run-name q_0p1__k_0p1__delta_100 --preset solver_QKB_outer_QKBdelta --device cuda --epochs 100 --seed 0 --viscosity-pa-s 0.0035 --config /mnt/home/sswee/yolk/Yolk-Sac-Flow-Data-and-Sim/gnn_clean/outputs_canonical/dc/02_physics_weight_sweep/_generated_configs/q_0p1__k_0p1__delta_100.yaml --no-pressure-detach
