[info] DC Step 2 canonical sweep uses fixed lambda_B=100.0 for both the outer boundary loss and the reduced pressure-solver boundary constraint.

GNN flow training:   0%|          | 0/100 [00:00<?, ?epoch/s]
GNN flow training:   0%|          | 0/100 [00:06<?, ?epoch/s, best=1.276e+02, sign=0.194, train=1.277e+02, val=1.276e+02]
GNN flow training:   1%|          | 1/100 [00:06<10:10,  6.17s/epoch, best=1.276e+02, sign=0.194, train=1.277e+02, val=1.276e+02]
GNN flow training:   1%|          | 1/100 [00:12<10:10,  6.17s/epoch, best=1.276e+02, sign=0.194, train=1.278e+02, val=1.279e+02]
GNN flow training:   2%|▏         | 2/100 [00:12<09:58,  6.11s/epoch, best=1.276e+02, sign=0.194, train=1.278e+02, val=1.279e+02]
GNN flow training:   2%|▏         | 2/100 [00:18<09:58,  6.11s/epoch, best=1.276e+02, sign=0.194, train=1.281e+02, val=1.278e+02]
GNN flow training:   3%|▎         | 3/100 [00:18<09:49,  6.07s/epoch, best=1.276e+02, sign=0.194, train=1.281e+02, val=1.278e+02]
GNN flow training:   3%|▎         | 3/100 [00:24<09:49,  6.07s/epoch, best=1.276e+02, sign=0.194, train=1.280e+02, val=1.274e+02]
GNN flow training:   4%|▍         | 4/100 [00:24<09:39,  6.04s/epoch, best=1.276e+02, sign=0.194, train=1.280e+02, val=1.274e+02]
GNN flow training:   4%|▍         | 4/100 [00:30<09:39,  6.04s/epoch, best=1.274e+02, sign=0.194, train=1.276e+02, val=1.276e+02]
GNN flow training:   5%|▌         | 5/100 [00:30<09:33,  6.04s/epoch, best=1.274e+02, sign=0.194, train=1.276e+02, val=1.276e+02]
GNN flow training:   5%|▌         | 5/100 [00:36<09:33,  6.04s/epoch, best=1.274e+02, sign=0.194, train=1.278e+02, val=1.273e+02]
GNN flow training:   6%|▌         | 6/100 [00:36<09:27,  6.03s/epoch, best=1.274e+02, sign=0.194, train=1.278e+02, val=1.273e+02]
GNN flow training:   6%|▌         | 6/100 [00:42<09:27,  6.03s/epoch, best=1.273e+02, sign=0.194, train=1.275e+02, val=1.275e+02]
GNN flow training:   7%|▋         | 7/100 [00:42<09:20,  6.03s/epoch, best=1.273e+02, sign=0.194, train=1.275e+02, val=1.275e+02]
GNN flow training:   7%|▋         | 7/100 [00:48<09:20,  6.03s/epoch, best=1.273e+02, sign=0.194, train=1.276e+02, val=1.275e+02]
GNN flow training:   8%|▊         | 8/100 [00:48<09:13,  6.02s/epoch, best=1.273e+02, sign=0.194, train=1.276e+02, val=1.275e+02]
GNN flow training:   8%|▊         | 8/100 [00:54<09:13,  6.02s/epoch, best=1.273e+02, sign=0.194, train=1.276e+02, val=1.273e+02]
GNN flow training:   9%|▉         | 9/100 [00:54<09:07,  6.02s/epoch, best=1.273e+02, sign=0.194, train=1.276e+02, val=1.273e+02]
GNN flow training:   9%|▉         | 9/100 [01:00<09:07,  6.02s/epoch, best=1.273e+02, sign=0.194, train=1.275e+02, val=1.273e+02]
GNN flow training:  10%|█         | 10/100 [01:00<09:02,  6.03s/epoch, best=1.273e+02, sign=0.194, train=1.275e+02, val=1.273e+02]
GNN flow training:  10%|█         | 10/100 [01:06<09:02,  6.03s/epoch, best=1.273e+02, sign=0.194, train=1.275e+02, val=1.271e+02]
GNN flow training:  11%|█         | 11/100 [01:06<08:56,  6.02s/epoch, best=1.273e+02, sign=0.194, train=1.275e+02, val=1.271e+02]
GNN flow training:  11%|█         | 11/100 [01:12<08:56,  6.02s/epoch, best=1.271e+02, sign=0.194, train=1.273e+02, val=1.269e+02]
GNN flow training:  12%|█▏        | 12/100 [01:12<08:50,  6.03s/epoch, best=1.271e+02, sign=0.194, train=1.273e+02, val=1.269e+02]
GNN flow training:  12%|█▏        | 12/100 [01:18<08:50,  6.03s/epoch, best=1.269e+02, sign=0.194, train=1.270e+02, val=1.268e+02]
GNN flow training:  13%|█▎        | 13/100 [01:18<08:44,  6.03s/epoch, best=1.269e+02, sign=0.194, train=1.270e+02, val=1.268e+02]
GNN flow training:  13%|█▎        | 13/100 [01:24<08:44,  6.03s/epoch, best=1.268e+02, sign=0.193, train=1.270e+02, val=1.265e+02]
GNN flow training:  14%|█▍        | 14/100 [01:24<08:38,  6.03s/epoch, best=1.268e+02, sign=0.193, train=1.270e+02, val=1.265e+02]
GNN flow training:  14%|█▍        | 14/100 [01:30<08:38,  6.03s/epoch, best=1.265e+02, sign=0.193, train=1.266e+02, val=1.259e+02]
GNN flow training:  15%|█▌        | 15/100 [01:30<08:36,  6.07s/epoch, best=1.265e+02, sign=0.193, train=1.266e+02, val=1.259e+02]
GNN flow training:  15%|█▌        | 15/100 [01:36<08:36,  6.07s/epoch, best=1.259e+02, sign=0.193, train=1.260e+02, val=1.255e+02]
GNN flow training:  16%|█▌        | 16/100 [01:36<08:28,  6.06s/epoch, best=1.259e+02, sign=0.193, train=1.260e+02, val=1.255e+02]
GNN flow training:  16%|█▌        | 16/100 [01:42<08:28,  6.06s/epoch, best=1.255e+02, sign=0.193, train=1.257e+02, val=1.255e+02]
GNN flow training:  17%|█▋        | 17/100 [01:42<08:21,  6.04s/epoch, best=1.255e+02, sign=0.193, train=1.257e+02, val=1.255e+02]
GNN flow training:  17%|█▋        | 17/100 [01:48<08:21,  6.04s/epoch, best=1.255e+02, sign=0.195, train=1.257e+02, val=1.256e+02]
GNN flow training:  18%|█▊        | 18/100 [01:48<08:14,  6.03s/epoch, best=1.255e+02, sign=0.195, train=1.257e+02, val=1.256e+02]
GNN flow training:  18%|█▊        | 18/100 [01:54<08:14,  6.03s/epoch, best=1.255e+02, sign=0.196, train=1.258e+02, val=1.257e+02]
GNN flow training:  19%|█▉        | 19/100 [01:54<08:09,  6.04s/epoch, best=1.255e+02, sign=0.196, train=1.258e+02, val=1.257e+02]
GNN flow training:  19%|█▉        | 19/100 [02:00<08:09,  6.04s/epoch, best=1.255e+02, sign=0.197, train=1.259e+02, val=1.259e+02]
GNN flow training:  20%|██        | 20/100 [02:00<08:03,  6.04s/epoch, best=1.255e+02, sign=0.197, train=1.259e+02, val=1.259e+02]
GNN flow training:  20%|██        | 20/100 [02:06<08:03,  6.04s/epoch, best=1.255e+02, sign=0.198, train=1.260e+02, val=1.259e+02]
GNN flow training:  21%|██        | 21/100 [02:06<07:57,  6.05s/epoch, best=1.255e+02, sign=0.198, train=1.260e+02, val=1.259e+02]
GNN flow training:  21%|██        | 21/100 [02:12<07:57,  6.05s/epoch, best=1.255e+02, sign=0.199, train=1.261e+02, val=1.253e+02]
GNN flow training:  22%|██▏       | 22/100 [02:12<07:52,  6.06s/epoch, best=1.255e+02, sign=0.199, train=1.261e+02, val=1.253e+02]
GNN flow training:  22%|██▏       | 22/100 [02:18<07:52,  6.06s/epoch, best=1.253e+02, sign=0.201, train=1.254e+02, val=1.248e+02]
GNN flow training:  23%|██▎       | 23/100 [02:18<07:45,  6.05s/epoch, best=1.253e+02, sign=0.201, train=1.254e+02, val=1.248e+02]
GNN flow training:  23%|██▎       | 23/100 [02:25<07:45,  6.05s/epoch, best=1.248e+02, sign=0.200, train=1.250e+02, val=1.245e+02]
GNN flow training:  24%|██▍       | 24/100 [02:25<07:38,  6.04s/epoch, best=1.248e+02, sign=0.200, train=1.250e+02, val=1.245e+02]
GNN flow training:  24%|██▍       | 24/100 [02:31<07:38,  6.04s/epoch, best=1.245e+02, sign=0.199, train=1.247e+02, val=1.240e+02]
GNN flow training:  25%|██▌       | 25/100 [02:31<07:32,  6.04s/epoch, best=1.245e+02, sign=0.199, train=1.247e+02, val=1.240e+02]
GNN flow training:  25%|██▌       | 25/100 [02:37<07:32,  6.04s/epoch, best=1.240e+02, sign=0.197, train=1.241e+02, val=1.232e+02]
GNN flow training:  26%|██▌       | 26/100 [02:37<07:26,  6.03s/epoch, best=1.240e+02, sign=0.197, train=1.241e+02, val=1.232e+02]
GNN flow training:  26%|██▌       | 26/100 [02:43<07:26,  6.03s/epoch, best=1.232e+02, sign=0.196, train=1.234e+02, val=1.228e+02]
GNN flow training:  27%|██▋       | 27/100 [02:43<07:20,  6.04s/epoch, best=1.232e+02, sign=0.196, train=1.234e+02, val=1.228e+02]
GNN flow training:  27%|██▋       | 27/100 [02:49<07:20,  6.04s/epoch, best=1.228e+02, sign=0.194, train=1.230e+02, val=1.228e+02]
GNN flow training:  28%|██▊       | 28/100 [02:49<07:16,  6.06s/epoch, best=1.228e+02, sign=0.194, train=1.230e+02, val=1.228e+02]
GNN flow training:  28%|██▊       | 28/100 [02:55<07:16,  6.06s/epoch, best=1.228e+02, sign=0.191, train=1.229e+02, val=1.221e+02]
GNN flow training:  29%|██▉       | 29/100 [02:55<07:09,  6.05s/epoch, best=1.228e+02, sign=0.191, train=1.229e+02, val=1.221e+02]
GNN flow training:  29%|██▉       | 29/100 [03:01<07:09,  6.05s/epoch, best=1.221e+02, sign=0.189, train=1.223e+02, val=1.219e+02]
GNN flow training:  30%|███       | 30/100 [03:01<07:02,  6.04s/epoch, best=1.221e+02, sign=0.189, train=1.223e+02, val=1.219e+02]
GNN flow training:  30%|███       | 30/100 [03:07<07:02,  6.04s/epoch, best=1.219e+02, sign=0.187, train=1.220e+02, val=1.214e+02]
GNN flow training:  31%|███       | 31/100 [03:07<06:56,  6.04s/epoch, best=1.219e+02, sign=0.187, train=1.220e+02, val=1.214e+02]
GNN flow training:  31%|███       | 31/100 [03:13<06:56,  6.04s/epoch, best=1.214e+02, sign=0.186, train=1.215e+02, val=1.213e+02]
GNN flow training:  32%|███▏      | 32/100 [03:13<06:51,  6.05s/epoch, best=1.214e+02, sign=0.186, train=1.215e+02, val=1.213e+02]
GNN flow training:  32%|███▏      | 32/100 [03:19<06:51,  6.05s/epoch, best=1.213e+02, sign=0.185, train=1.214e+02, val=1.209e+02]
GNN flow training:  33%|███▎      | 33/100 [03:19<06:45,  6.06s/epoch, best=1.213e+02, sign=0.185, train=1.214e+02, val=1.209e+02]
GNN flow training:  33%|███▎      | 33/100 [03:25<06:45,  6.06s/epoch, best=1.209e+02, sign=0.184, train=1.210e+02, val=1.206e+02]
GNN flow training:  34%|███▍      | 34/100 [03:25<06:38,  6.04s/epoch, best=1.209e+02, sign=0.184, train=1.210e+02, val=1.206e+02]
GNN flow training:  34%|███▍      | 34/100 [03:31<06:38,  6.04s/epoch, best=1.206e+02, sign=0.183, train=1.208e+02, val=1.202e+02]
GNN flow training:  35%|███▌      | 35/100 [03:31<06:32,  6.03s/epoch, best=1.206e+02, sign=0.183, train=1.208e+02, val=1.202e+02]
GNN flow training:  35%|███▌      | 35/100 [03:37<06:32,  6.03s/epoch, best=1.202e+02, sign=0.182, train=1.203e+02, val=1.192e+02]
GNN flow training:  36%|███▌      | 36/100 [03:37<06:25,  6.03s/epoch, best=1.202e+02, sign=0.182, train=1.203e+02, val=1.192e+02]
GNN flow training:  36%|███▌      | 36/100 [03:43<06:25,  6.03s/epoch, best=1.192e+02, sign=0.181, train=1.194e+02, val=1.188e+02]
GNN flow training:  37%|███▋      | 37/100 [03:43<06:19,  6.03s/epoch, best=1.192e+02, sign=0.181, train=1.194e+02, val=1.188e+02]
GNN flow training:  37%|███▋      | 37/100 [03:49<06:19,  6.03s/epoch, best=1.188e+02, sign=0.182, train=1.189e+02, val=1.183e+02]
GNN flow training:  38%|███▊      | 38/100 [03:49<06:13,  6.02s/epoch, best=1.188e+02, sign=0.182, train=1.189e+02, val=1.183e+02]
GNN flow training:  38%|███▊      | 38/100 [03:55<06:13,  6.02s/epoch, best=1.183e+02, sign=0.184, train=1.184e+02, val=1.173e+02]
GNN flow training:  39%|███▉      | 39/100 [03:55<06:06,  6.01s/epoch, best=1.183e+02, sign=0.184, train=1.184e+02, val=1.173e+02]
GNN flow training:  39%|███▉      | 39/100 [04:01<06:06,  6.01s/epoch, best=1.173e+02, sign=0.187, train=1.174e+02, val=1.180e+02]
GNN flow training:  40%|████      | 40/100 [04:01<06:01,  6.02s/epoch, best=1.173e+02, sign=0.187, train=1.174e+02, val=1.180e+02]
GNN flow training:  40%|████      | 40/100 [04:07<06:01,  6.02s/epoch, best=1.173e+02, sign=0.194, train=1.181e+02, val=1.190e+02]
GNN flow training:  41%|████      | 41/100 [04:07<05:55,  6.02s/epoch, best=1.173e+02, sign=0.194, train=1.181e+02, val=1.190e+02]
GNN flow training:  41%|████      | 41/100 [04:13<05:55,  6.02s/epoch, best=1.173e+02, sign=0.195, train=1.192e+02, val=1.179e+02]
GNN flow training:  42%|████▏     | 42/100 [04:13<05:49,  6.02s/epoch, best=1.173e+02, sign=0.195, train=1.192e+02, val=1.179e+02]
GNN flow training:  42%|████▏     | 42/100 [04:19<05:49,  6.02s/epoch, best=1.173e+02, sign=0.191, train=1.180e+02, val=1.170e+02]
GNN flow training:  43%|████▎     | 43/100 [04:19<05:44,  6.05s/epoch, best=1.173e+02, sign=0.191, train=1.180e+02, val=1.170e+02]
GNN flow training:  43%|████▎     | 43/100 [04:25<05:44,  6.05s/epoch, best=1.170e+02, sign=0.185, train=1.171e+02, val=1.156e+02]
GNN flow training:  44%|████▍     | 44/100 [04:25<05:37,  6.03s/epoch, best=1.170e+02, sign=0.185, train=1.171e+02, val=1.156e+02]
GNN flow training:  44%|████▍     | 44/100 [04:31<05:37,  6.03s/epoch, best=1.156e+02, sign=0.178, train=1.157e+02, val=1.147e+02]
GNN flow training:  45%|████▌     | 45/100 [04:31<05:31,  6.02s/epoch, best=1.156e+02, sign=0.178, train=1.157e+02, val=1.147e+02]
GNN flow training:  45%|████▌     | 45/100 [04:37<05:31,  6.02s/epoch, best=1.147e+02, sign=0.175, train=1.148e+02, val=1.137e+02]
GNN flow training:  46%|████▌     | 46/100 [04:37<05:25,  6.03s/epoch, best=1.147e+02, sign=0.175, train=1.148e+02, val=1.137e+02]
GNN flow training:  46%|████▌     | 46/100 [04:43<05:25,  6.03s/epoch, best=1.137e+02, sign=0.173, train=1.138e+02, val=1.137e+02]
GNN flow training:  47%|████▋     | 47/100 [04:43<05:20,  6.04s/epoch, best=1.137e+02, sign=0.173, train=1.138e+02, val=1.137e+02]
GNN flow training:  47%|████▋     | 47/100 [04:49<05:20,  6.04s/epoch, best=1.137e+02, sign=0.170, train=1.138e+02, val=1.130e+02]
GNN flow training:  48%|████▊     | 48/100 [04:49<05:14,  6.06s/epoch, best=1.137e+02, sign=0.170, train=1.138e+02, val=1.130e+02]
GNN flow training:  48%|████▊     | 48/100 [04:55<05:14,  6.06s/epoch, best=1.130e+02, sign=0.167, train=1.131e+02, val=1.123e+02]
GNN flow training:  49%|████▉     | 49/100 [04:55<05:07,  6.03s/epoch, best=1.130e+02, sign=0.167, train=1.131e+02, val=1.123e+02]
GNN flow training:  49%|████▉     | 49/100 [05:01<05:07,  6.03s/epoch, best=1.123e+02, sign=0.166, train=1.124e+02, val=1.121e+02]
GNN flow training:  50%|█████     | 50/100 [05:01<05:00,  6.02s/epoch, best=1.123e+02, sign=0.166, train=1.124e+02, val=1.121e+02]
GNN flow training:  50%|█████     | 50/100 [05:07<05:00,  6.02s/epoch, best=1.121e+02, sign=0.165, train=1.122e+02, val=1.118e+02]
GNN flow training:  51%|█████     | 51/100 [05:07<04:54,  6.01s/epoch, best=1.121e+02, sign=0.165, train=1.122e+02, val=1.118e+02]
GNN flow training:  51%|█████     | 51/100 [05:13<04:54,  6.01s/epoch, best=1.118e+02, sign=0.162, train=1.119e+02, val=1.110e+02]
GNN flow training:  52%|█████▏    | 52/100 [05:13<04:48,  6.02s/epoch, best=1.118e+02, sign=0.162, train=1.119e+02, val=1.110e+02]
GNN flow training:  52%|█████▏    | 52/100 [05:19<04:48,  6.02s/epoch, best=1.110e+02, sign=0.162, train=1.112e+02, val=1.102e+02]
GNN flow training:  53%|█████▎    | 53/100 [05:19<04:42,  6.01s/epoch, best=1.110e+02, sign=0.162, train=1.112e+02, val=1.102e+02]
GNN flow training:  53%|█████▎    | 53/100 [05:25<04:42,  6.01s/epoch, best=1.102e+02, sign=0.161, train=1.103e+02, val=1.088e+02]
GNN flow training:  54%|█████▍    | 54/100 [05:25<04:36,  6.01s/epoch, best=1.102e+02, sign=0.161, train=1.103e+02, val=1.088e+02]
GNN flow training:  54%|█████▍    | 54/100 [05:31<04:36,  6.01s/epoch, best=1.088e+02, sign=0.161, train=1.089e+02, val=1.079e+02]
GNN flow training:  55%|█████▌    | 55/100 [05:31<04:30,  6.02s/epoch, best=1.088e+02, sign=0.161, train=1.089e+02, val=1.079e+02]
GNN flow training:  55%|█████▌    | 55/100 [05:37<04:30,  6.02s/epoch, best=1.079e+02, sign=0.160, train=1.080e+02, val=1.071e+02]
GNN flow training:  56%|█████▌    | 56/100 [05:37<04:25,  6.02s/epoch, best=1.079e+02, sign=0.160, train=1.080e+02, val=1.071e+02]
GNN flow training:  56%|█████▌    | 56/100 [05:43<04:25,  6.02s/epoch, best=1.071e+02, sign=0.159, train=1.072e+02, val=1.065e+02]
GNN flow training:  57%|█████▋    | 57/100 [05:43<04:18,  6.02s/epoch, best=1.071e+02, sign=0.159, train=1.072e+02, val=1.065e+02]
GNN flow training:  57%|█████▋    | 57/100 [05:49<04:18,  6.02s/epoch, best=1.065e+02, sign=0.159, train=1.066e+02, val=1.049e+02]
GNN flow training:  58%|█████▊    | 58/100 [05:49<04:12,  6.01s/epoch, best=1.065e+02, sign=0.159, train=1.066e+02, val=1.049e+02]
GNN flow training:  58%|█████▊    | 58/100 [05:55<04:12,  6.01s/epoch, best=1.049e+02, sign=0.162, train=1.050e+02, val=1.047e+02]
GNN flow training:  59%|█████▉    | 59/100 [05:55<04:05,  6.00s/epoch, best=1.049e+02, sign=0.162, train=1.050e+02, val=1.047e+02]
GNN flow training:  59%|█████▉    | 59/100 [06:02<04:05,  6.00s/epoch, best=1.047e+02, sign=0.164, train=1.048e+02, val=1.046e+02]
GNN flow training:  60%|██████    | 60/100 [06:02<04:00,  6.02s/epoch, best=1.047e+02, sign=0.164, train=1.048e+02, val=1.046e+02]
GNN flow training:  60%|██████    | 60/100 [06:08<04:00,  6.02s/epoch, best=1.046e+02, sign=0.165, train=1.047e+02, val=1.042e+02]
GNN flow training:  61%|██████    | 61/100 [06:08<03:55,  6.04s/epoch, best=1.046e+02, sign=0.165, train=1.047e+02, val=1.042e+02]
GNN flow training:  61%|██████    | 61/100 [06:14<03:55,  6.04s/epoch, best=1.042e+02, sign=0.165, train=1.043e+02, val=1.042e+02]
GNN flow training:  62%|██████▏   | 62/100 [06:14<03:49,  6.03s/epoch, best=1.042e+02, sign=0.165, train=1.043e+02, val=1.042e+02]
GNN flow training:  62%|██████▏   | 62/100 [06:20<03:49,  6.03s/epoch, best=1.042e+02, sign=0.166, train=1.043e+02, val=1.036e+02]
GNN flow training:  63%|██████▎   | 63/100 [06:20<03:42,  6.02s/epoch, best=1.042e+02, sign=0.166, train=1.043e+02, val=1.036e+02]
GNN flow training:  63%|██████▎   | 63/100 [06:26<03:42,  6.02s/epoch, best=1.036e+02, sign=0.165, train=1.037e+02, val=1.026e+02]
GNN flow training:  64%|██████▍   | 64/100 [06:26<03:36,  6.02s/epoch, best=1.036e+02, sign=0.165, train=1.037e+02, val=1.026e+02]
GNN flow training:  64%|██████▍   | 64/100 [06:32<03:36,  6.02s/epoch, best=1.026e+02, sign=0.165, train=1.027e+02, val=1.010e+02]
GNN flow training:  65%|██████▌   | 65/100 [06:32<03:30,  6.00s/epoch, best=1.026e+02, sign=0.165, train=1.027e+02, val=1.010e+02]
GNN flow training:  65%|██████▌   | 65/100 [06:38<03:30,  6.00s/epoch, best=1.010e+02, sign=0.162, train=1.011e+02, val=9.911e+01]
GNN flow training:  66%|██████▌   | 66/100 [06:38<03:24,  6.00s/epoch, best=1.010e+02, sign=0.162, train=1.011e+02, val=9.911e+01]
GNN flow training:  66%|██████▌   | 66/100 [06:44<03:24,  6.00s/epoch, best=9.911e+01, sign=0.160, train=9.920e+01, val=9.873e+01]
GNN flow training:  67%|██████▋   | 67/100 [06:44<03:18,  6.01s/epoch, best=9.911e+01, sign=0.160, train=9.920e+01, val=9.873e+01]
GNN flow training:  67%|██████▋   | 67/100 [06:50<03:18,  6.01s/epoch, best=9.873e+01, sign=0.158, train=9.880e+01, val=9.836e+01]
GNN flow training:  68%|██████▊   | 68/100 [06:50<03:12,  6.00s/epoch, best=9.873e+01, sign=0.158, train=9.880e+01, val=9.836e+01]
GNN flow training:  68%|██████▊   | 68/100 [06:56<03:12,  6.00s/epoch, best=9.836e+01, sign=0.159, train=9.842e+01, val=9.739e+01]
GNN flow training:  69%|██████▉   | 69/100 [06:56<03:06,  6.02s/epoch, best=9.836e+01, sign=0.159, train=9.842e+01, val=9.739e+01]
GNN flow training:  69%|██████▉   | 69/100 [07:02<03:06,  6.02s/epoch, best=9.739e+01, sign=0.161, train=9.745e+01, val=9.636e+01]
GNN flow training:  70%|███████   | 70/100 [07:02<03:00,  6.02s/epoch, best=9.739e+01, sign=0.161, train=9.745e+01, val=9.636e+01]
GNN flow training:  70%|███████   | 70/100 [07:08<03:00,  6.02s/epoch, best=9.636e+01, sign=0.167, train=9.643e+01, val=9.641e+01]
GNN flow training:  71%|███████   | 71/100 [07:08<02:54,  6.01s/epoch, best=9.636e+01, sign=0.167, train=9.643e+01, val=9.641e+01]
GNN flow training:  71%|███████   | 71/100 [07:14<02:54,  6.01s/epoch, best=9.636e+01, sign=0.172, train=9.649e+01, val=9.613e+01]
GNN flow training:  72%|███████▏  | 72/100 [07:14<02:47,  6.00s/epoch, best=9.636e+01, sign=0.172, train=9.649e+01, val=9.613e+01]
GNN flow training:  72%|███████▏  | 72/100 [07:20<02:47,  6.00s/epoch, best=9.613e+01, sign=0.172, train=9.622e+01, val=9.545e+01]
GNN flow training:  73%|███████▎  | 73/100 [07:20<02:42,  6.01s/epoch, best=9.613e+01, sign=0.172, train=9.622e+01, val=9.545e+01]
GNN flow training:  73%|███████▎  | 73/100 [07:26<02:42,  6.01s/epoch, best=9.545e+01, sign=0.173, train=9.554e+01, val=9.426e+01]
GNN flow training:  74%|███████▍  | 74/100 [07:26<02:36,  6.01s/epoch, best=9.545e+01, sign=0.173, train=9.554e+01, val=9.426e+01]
GNN flow training:  74%|███████▍  | 74/100 [07:32<02:36,  6.01s/epoch, best=9.426e+01, sign=0.172, train=9.435e+01, val=9.363e+01]
GNN flow training:  75%|███████▌  | 75/100 [07:32<02:30,  6.02s/epoch, best=9.426e+01, sign=0.172, train=9.435e+01, val=9.363e+01]
GNN flow training:  75%|███████▌  | 75/100 [07:38<02:30,  6.02s/epoch, best=9.363e+01, sign=0.170, train=9.372e+01, val=9.251e+01]
GNN flow training:  76%|███████▌  | 76/100 [07:38<02:24,  6.00s/epoch, best=9.363e+01, sign=0.170, train=9.372e+01, val=9.251e+01]
GNN flow training:  76%|███████▌  | 76/100 [07:44<02:24,  6.00s/epoch, best=9.251e+01, sign=0.164, train=9.259e+01, val=9.078e+01]
GNN flow training:  77%|███████▋  | 77/100 [07:44<02:18,  6.01s/epoch, best=9.251e+01, sign=0.164, train=9.259e+01, val=9.078e+01]
GNN flow training:  77%|███████▋  | 77/100 [07:50<02:18,  6.01s/epoch, best=9.078e+01, sign=0.162, train=9.084e+01, val=8.985e+01]
GNN flow training:  78%|███████▊  | 78/100 [07:50<02:12,  6.01s/epoch, best=9.078e+01, sign=0.162, train=9.084e+01, val=8.985e+01]
GNN flow training:  78%|███████▊  | 78/100 [07:56<02:12,  6.01s/epoch, best=8.985e+01, sign=0.162, train=8.990e+01, val=8.817e+01]
GNN flow training:  79%|███████▉  | 79/100 [07:56<02:06,  6.03s/epoch, best=8.985e+01, sign=0.162, train=8.990e+01, val=8.817e+01]
GNN flow training:  79%|███████▉  | 79/100 [08:02<02:06,  6.03s/epoch, best=8.817e+01, sign=0.164, train=8.821e+01, val=8.691e+01]
GNN flow training:  80%|████████  | 80/100 [08:02<02:00,  6.03s/epoch, best=8.817e+01, sign=0.164, train=8.821e+01, val=8.691e+01]
GNN flow training:  80%|████████  | 80/100 [08:08<02:00,  6.03s/epoch, best=8.691e+01, sign=0.172, train=8.697e+01, val=8.773e+01]
GNN flow training:  81%|████████  | 81/100 [08:08<01:54,  6.00s/epoch, best=8.691e+01, sign=0.172, train=8.697e+01, val=8.773e+01]
GNN flow training:  81%|████████  | 81/100 [08:14<01:54,  6.00s/epoch, best=8.691e+01, sign=0.171, train=8.778e+01, val=8.697e+01]
GNN flow training:  82%|████████▏ | 82/100 [08:14<01:47,  5.99s/epoch, best=8.691e+01, sign=0.171, train=8.778e+01, val=8.697e+01]
GNN flow training:  82%|████████▏ | 82/100 [08:20<01:47,  5.99s/epoch, best=8.691e+01, sign=0.167, train=8.702e+01, val=8.705e+01]
GNN flow training:  83%|████████▎ | 83/100 [08:20<01:41,  5.98s/epoch, best=8.691e+01, sign=0.167, train=8.702e+01, val=8.705e+01]
GNN flow training:  83%|████████▎ | 83/100 [08:26<01:41,  5.98s/epoch, best=8.691e+01, sign=0.167, train=8.711e+01, val=8.664e+01]
GNN flow training:  84%|████████▍ | 84/100 [08:26<01:35,  5.98s/epoch, best=8.691e+01, sign=0.167, train=8.711e+01, val=8.664e+01]
GNN flow training:  84%|████████▍ | 84/100 [08:32<01:35,  5.98s/epoch, best=8.664e+01, sign=0.169, train=8.670e+01, val=8.606e+01]
GNN flow training:  85%|████████▌ | 85/100 [08:32<01:29,  5.99s/epoch, best=8.664e+01, sign=0.169, train=8.670e+01, val=8.606e+01]
GNN flow training:  85%|████████▌ | 85/100 [08:38<01:29,  5.99s/epoch, best=8.606e+01, sign=0.167, train=8.610e+01, val=8.580e+01]
GNN flow training:  86%|████████▌ | 86/100 [08:38<01:23,  5.98s/epoch, best=8.606e+01, sign=0.167, train=8.610e+01, val=8.580e+01]
GNN flow training:  86%|████████▌ | 86/100 [08:44<01:23,  5.98s/epoch, best=8.580e+01, sign=0.165, train=8.585e+01, val=8.558e+01]
GNN flow training:  87%|████████▋ | 87/100 [08:44<01:17,  5.98s/epoch, best=8.580e+01, sign=0.165, train=8.585e+01, val=8.558e+01]
GNN flow training:  87%|████████▋ | 87/100 [08:50<01:17,  5.98s/epoch, best=8.558e+01, sign=0.164, train=8.563e+01, val=8.562e+01]
GNN flow training:  88%|████████▊ | 88/100 [08:50<01:12,  6.00s/epoch, best=8.558e+01, sign=0.164, train=8.563e+01, val=8.562e+01]
GNN flow training:  88%|████████▊ | 88/100 [08:56<01:12,  6.00s/epoch, best=8.558e+01, sign=0.164, train=8.567e+01, val=8.587e+01]
GNN flow training:  89%|████████▉ | 89/100 [08:56<01:06,  6.01s/epoch, best=8.558e+01, sign=0.164, train=8.567e+01, val=8.587e+01]
GNN flow training:  89%|████████▉ | 89/100 [09:02<01:06,  6.01s/epoch, best=8.558e+01, sign=0.164, train=8.591e+01, val=8.591e+01]
GNN flow training:  90%|█████████ | 90/100 [09:02<01:00,  6.01s/epoch, best=8.558e+01, sign=0.164, train=8.591e+01, val=8.591e+01]
GNN flow training:  90%|█████████ | 90/100 [09:08<01:00,  6.01s/epoch, best=8.558e+01, sign=0.164, train=8.595e+01, val=8.599e+01]
GNN flow training:  91%|█████████ | 91/100 [09:08<00:54,  6.01s/epoch, best=8.558e+01, sign=0.164, train=8.595e+01, val=8.599e+01]
GNN flow training:  91%|█████████ | 91/100 [09:14<00:54,  6.01s/epoch, best=8.558e+01, sign=0.164, train=8.605e+01, val=8.615e+01]
GNN flow training:  92%|█████████▏| 92/100 [09:14<00:48,  6.02s/epoch, best=8.558e+01, sign=0.164, train=8.605e+01, val=8.615e+01]
GNN flow training:  92%|█████████▏| 92/100 [09:20<00:48,  6.02s/epoch, best=8.558e+01, sign=0.165, train=8.621e+01, val=8.621e+01]
GNN flow training:  93%|█████████▎| 93/100 [09:20<00:42,  6.03s/epoch, best=8.558e+01, sign=0.165, train=8.621e+01, val=8.621e+01]
GNN flow training:  93%|█████████▎| 93/100 [09:26<00:42,  6.03s/epoch, best=8.558e+01, sign=0.165, train=8.629e+01, val=8.637e+01]
GNN flow training:  94%|█████████▍| 94/100 [09:26<00:36,  6.01s/epoch, best=8.558e+01, sign=0.165, train=8.629e+01, val=8.637e+01]
GNN flow training:  94%|█████████▍| 94/100 [09:32<00:36,  6.01s/epoch, best=8.558e+01, sign=0.165, train=8.644e+01, val=8.598e+01]
GNN flow training:  95%|█████████▌| 95/100 [09:32<00:30,  6.01s/epoch, best=8.558e+01, sign=0.165, train=8.644e+01, val=8.598e+01]
GNN flow training:  95%|█████████▌| 95/100 [09:38<00:30,  6.01s/epoch, best=8.558e+01, sign=0.167, train=8.605e+01, val=8.555e+01]
GNN flow training:  96%|█████████▌| 96/100 [09:38<00:24,  6.00s/epoch, best=8.558e+01, sign=0.167, train=8.605e+01, val=8.555e+01]
GNN flow training:  96%|█████████▌| 96/100 [09:44<00:24,  6.00s/epoch, best=8.555e+01, sign=0.166, train=8.561e+01, val=8.510e+01]
GNN flow training:  97%|█████████▋| 97/100 [09:44<00:17,  6.00s/epoch, best=8.555e+01, sign=0.166, train=8.561e+01, val=8.510e+01]
GNN flow training:  97%|█████████▋| 97/100 [09:50<00:17,  6.00s/epoch, best=8.510e+01, sign=0.167, train=8.516e+01, val=8.466e+01]
GNN flow training:  98%|█████████▊| 98/100 [09:50<00:12,  6.00s/epoch, best=8.510e+01, sign=0.167, train=8.516e+01, val=8.466e+01]
GNN flow training:  98%|█████████▊| 98/100 [09:56<00:12,  6.00s/epoch, best=8.466e+01, sign=0.163, train=8.471e+01, val=8.553e+01]
GNN flow training:  99%|█████████▉| 99/100 [09:56<00:06,  6.01s/epoch, best=8.466e+01, sign=0.163, train=8.471e+01, val=8.553e+01]
GNN flow training:  99%|█████████▉| 99/100 [10:02<00:06,  6.01s/epoch, best=8.466e+01, sign=0.165, train=8.558e+01, val=8.511e+01]
GNN flow training: 100%|██████████| 100/100 [10:02<00:00,  6.00s/epoch, best=8.466e+01, sign=0.165, train=8.558e+01, val=8.511e+01]
GNN flow training: 100%|██████████| 100/100 [10:02<00:00,  6.02s/epoch, best=8.466e+01, sign=0.165, train=8.558e+01, val=8.511e+01]
Resolved config snapshot:
{'preset': 'solver_QKB_outer_QKBdelta', 'gnn_outer_losses': {'flow': 10.0, 'kirchhoff': 10.0, 'boundary': 100.0, 'delta_l2': 0.1, 'delta_smooth': 0.0, 'pressure_shape': 0.0}, 'physics': {'arterial_flow_mode': 'dataset', 'pressure_constraints': ['equal-a-equal-v'], 'alpha_pa': None, 'use_snr_weights': True, 'use_observed_flow_snr_weighting': True, 'flow_scale_mode': 'median_abs', 'solver_device': 'same', 'pressure_solver_mode': 'reduced-soft-constrained-lstsq', 'pressure_solver_lambda_kirchhoff': 1.0, 'pressure_solver_lambda_pressure_constraints': 100.0, 'pressure_solver_lambda_flow_residual': 1.0, 'pressure_shape_reference': 'delta_zero_reference', 'pressure_detach': False}, 'correction_bounds': {'correction_min': -0.5, 'correction_max': 0.5, 'correction_bound': 0.5, 'correction_parameterization': 'tanh'}, 'optimization': {'learning_rate': 0.001, 'weight_decay': 0.0001, 'gradient_clip_norm': 5.0, 'optimizer': 'adamw', 'epochs': 100, 'patience': 40}}
Shard 41/80: 1 of 80 runs
Command: /mnt/home/sswee/miniforge3/envs/yolk-sac/bin/python /mnt/home/sswee/yolk/Yolk-Sac-Flow-Data-and-Sim/gnn_clean/scripts/python/gnn_flow.py /mnt/home/sswee/yolk/Yolk-Sac-Flow-Data-and-Sim/gnn_clean/datasets/mosaic_graph_canonical_harmonized/mosaic_graph_canonical_harmonized.gpickle --output-dir /mnt/home/sswee/yolk/Yolk-Sac-Flow-Data-and-Sim/gnn_clean/outputs_canonical/dc/02_physics_weight_sweep/gnn --run-name q_10__k_10__delta_0p1 --preset solver_QKB_outer_QKBdelta --device cuda --epochs 100 --seed 0 --viscosity-pa-s 0.0035 --config /mnt/home/sswee/yolk/Yolk-Sac-Flow-Data-and-Sim/gnn_clean/outputs_canonical/dc/02_physics_weight_sweep/_generated_configs/q_10__k_10__delta_0p1.yaml --no-pressure-detach
