
GNN flow training:   0%|          | 0/100 [00:00<?, ?epoch/s]
GNN flow training:   0%|          | 0/100 [00:04<?, ?epoch/s, best=1.280e+02, sign=0.188, train=1.279e+02, val=1.280e+02]
GNN flow training:   1%|          | 1/100 [00:04<07:30,  4.55s/epoch, best=1.280e+02, sign=0.188, train=1.279e+02, val=1.280e+02]
GNN flow training:   1%|          | 1/100 [00:08<07:30,  4.55s/epoch, best=1.280e+02, sign=0.187, train=1.280e+02, val=1.282e+02]
GNN flow training:   2%|▏         | 2/100 [00:08<07:19,  4.48s/epoch, best=1.280e+02, sign=0.187, train=1.280e+02, val=1.282e+02]
GNN flow training:   2%|▏         | 2/100 [00:13<07:19,  4.48s/epoch, best=1.280e+02, sign=0.187, train=1.282e+02, val=1.281e+02]
GNN flow training:   3%|▎         | 3/100 [00:13<07:10,  4.44s/epoch, best=1.280e+02, sign=0.187, train=1.282e+02, val=1.281e+02]
GNN flow training:   3%|▎         | 3/100 [00:17<07:10,  4.44s/epoch, best=1.280e+02, sign=0.187, train=1.281e+02, val=1.283e+02]
GNN flow training:   4%|▍         | 4/100 [00:17<07:04,  4.43s/epoch, best=1.280e+02, sign=0.187, train=1.281e+02, val=1.283e+02]
GNN flow training:   4%|▍         | 4/100 [00:22<07:04,  4.43s/epoch, best=1.280e+02, sign=0.188, train=1.284e+02, val=1.280e+02]
GNN flow training:   5%|▌         | 5/100 [00:22<07:00,  4.43s/epoch, best=1.280e+02, sign=0.188, train=1.284e+02, val=1.280e+02]
GNN flow training:   5%|▌         | 5/100 [00:26<07:00,  4.43s/epoch, best=1.280e+02, sign=0.188, train=1.280e+02, val=1.276e+02]
GNN flow training:   6%|▌         | 6/100 [00:26<06:55,  4.42s/epoch, best=1.280e+02, sign=0.188, train=1.280e+02, val=1.276e+02]
GNN flow training:   6%|▌         | 6/100 [00:31<06:55,  4.42s/epoch, best=1.276e+02, sign=0.188, train=1.276e+02, val=1.275e+02]
GNN flow training:   7%|▋         | 7/100 [00:31<06:50,  4.42s/epoch, best=1.276e+02, sign=0.188, train=1.276e+02, val=1.275e+02]
GNN flow training:   7%|▋         | 7/100 [00:35<06:50,  4.42s/epoch, best=1.275e+02, sign=0.188, train=1.276e+02, val=1.275e+02]
GNN flow training:   8%|▊         | 8/100 [00:35<06:46,  4.42s/epoch, best=1.275e+02, sign=0.188, train=1.276e+02, val=1.275e+02]
GNN flow training:   8%|▊         | 8/100 [00:39<06:46,  4.42s/epoch, best=1.275e+02, sign=0.188, train=1.275e+02, val=1.274e+02]
GNN flow training:   9%|▉         | 9/100 [00:39<06:42,  4.42s/epoch, best=1.275e+02, sign=0.188, train=1.275e+02, val=1.274e+02]
GNN flow training:   9%|▉         | 9/100 [00:44<06:42,  4.42s/epoch, best=1.274e+02, sign=0.188, train=1.274e+02, val=1.274e+02]
GNN flow training:  10%|█         | 10/100 [00:44<06:38,  4.43s/epoch, best=1.274e+02, sign=0.188, train=1.274e+02, val=1.274e+02]
GNN flow training:  10%|█         | 10/100 [00:48<06:38,  4.43s/epoch, best=1.274e+02, sign=0.188, train=1.274e+02, val=1.271e+02]
GNN flow training:  11%|█         | 11/100 [00:48<06:35,  4.44s/epoch, best=1.274e+02, sign=0.188, train=1.274e+02, val=1.271e+02]
GNN flow training:  11%|█         | 11/100 [00:53<06:35,  4.44s/epoch, best=1.271e+02, sign=0.187, train=1.272e+02, val=1.272e+02]
GNN flow training:  12%|█▏        | 12/100 [00:53<06:31,  4.45s/epoch, best=1.271e+02, sign=0.187, train=1.272e+02, val=1.272e+02]
GNN flow training:  12%|█▏        | 12/100 [00:57<06:31,  4.45s/epoch, best=1.271e+02, sign=0.187, train=1.272e+02, val=1.269e+02]
GNN flow training:  13%|█▎        | 13/100 [00:57<06:26,  4.44s/epoch, best=1.271e+02, sign=0.187, train=1.272e+02, val=1.269e+02]
GNN flow training:  13%|█▎        | 13/100 [01:02<06:26,  4.44s/epoch, best=1.269e+02, sign=0.187, train=1.270e+02, val=1.269e+02]
GNN flow training:  14%|█▍        | 14/100 [01:02<06:21,  4.44s/epoch, best=1.269e+02, sign=0.187, train=1.270e+02, val=1.269e+02]
GNN flow training:  14%|█▍        | 14/100 [01:06<06:21,  4.44s/epoch, best=1.269e+02, sign=0.187, train=1.269e+02, val=1.267e+02]
GNN flow training:  15%|█▌        | 15/100 [01:06<06:17,  4.44s/epoch, best=1.269e+02, sign=0.187, train=1.269e+02, val=1.267e+02]
GNN flow training:  15%|█▌        | 15/100 [01:11<06:17,  4.44s/epoch, best=1.267e+02, sign=0.187, train=1.267e+02, val=1.264e+02]
GNN flow training:  16%|█▌        | 16/100 [01:11<06:12,  4.44s/epoch, best=1.267e+02, sign=0.187, train=1.267e+02, val=1.264e+02]
GNN flow training:  16%|█▌        | 16/100 [01:15<06:12,  4.44s/epoch, best=1.264e+02, sign=0.187, train=1.264e+02, val=1.263e+02]
GNN flow training:  17%|█▋        | 17/100 [01:15<06:08,  4.43s/epoch, best=1.264e+02, sign=0.187, train=1.264e+02, val=1.263e+02]
GNN flow training:  17%|█▋        | 17/100 [01:19<06:08,  4.43s/epoch, best=1.263e+02, sign=0.187, train=1.263e+02, val=1.263e+02]
GNN flow training:  18%|█▊        | 18/100 [01:19<06:03,  4.44s/epoch, best=1.263e+02, sign=0.187, train=1.263e+02, val=1.263e+02]
GNN flow training:  18%|█▊        | 18/100 [01:24<06:03,  4.44s/epoch, best=1.263e+02, sign=0.187, train=1.263e+02, val=1.259e+02]
GNN flow training:  19%|█▉        | 19/100 [01:24<05:59,  4.43s/epoch, best=1.263e+02, sign=0.187, train=1.263e+02, val=1.259e+02]
GNN flow training:  19%|█▉        | 19/100 [01:28<05:59,  4.43s/epoch, best=1.259e+02, sign=0.187, train=1.259e+02, val=1.254e+02]
GNN flow training:  20%|██        | 20/100 [01:28<05:54,  4.44s/epoch, best=1.259e+02, sign=0.187, train=1.259e+02, val=1.254e+02]
GNN flow training:  20%|██        | 20/100 [01:33<05:54,  4.44s/epoch, best=1.254e+02, sign=0.185, train=1.254e+02, val=1.251e+02]
GNN flow training:  21%|██        | 21/100 [01:33<05:49,  4.43s/epoch, best=1.254e+02, sign=0.185, train=1.254e+02, val=1.251e+02]
GNN flow training:  21%|██        | 21/100 [01:37<05:49,  4.43s/epoch, best=1.251e+02, sign=0.184, train=1.251e+02, val=1.249e+02]
GNN flow training:  22%|██▏       | 22/100 [01:37<05:44,  4.42s/epoch, best=1.251e+02, sign=0.184, train=1.251e+02, val=1.249e+02]
GNN flow training:  22%|██▏       | 22/100 [01:41<05:44,  4.42s/epoch, best=1.249e+02, sign=0.183, train=1.250e+02, val=1.246e+02]
GNN flow training:  23%|██▎       | 23/100 [01:41<05:39,  4.41s/epoch, best=1.249e+02, sign=0.183, train=1.250e+02, val=1.246e+02]
GNN flow training:  23%|██▎       | 23/100 [01:46<05:39,  4.41s/epoch, best=1.246e+02, sign=0.183, train=1.247e+02, val=1.242e+02]
GNN flow training:  24%|██▍       | 24/100 [01:46<05:35,  4.41s/epoch, best=1.246e+02, sign=0.183, train=1.247e+02, val=1.242e+02]
GNN flow training:  24%|██▍       | 24/100 [01:50<05:35,  4.41s/epoch, best=1.242e+02, sign=0.183, train=1.243e+02, val=1.237e+02]
GNN flow training:  25%|██▌       | 25/100 [01:50<05:30,  4.40s/epoch, best=1.242e+02, sign=0.183, train=1.243e+02, val=1.237e+02]
GNN flow training:  25%|██▌       | 25/100 [01:55<05:30,  4.40s/epoch, best=1.237e+02, sign=0.183, train=1.237e+02, val=1.230e+02]
GNN flow training:  26%|██▌       | 26/100 [01:55<05:25,  4.39s/epoch, best=1.237e+02, sign=0.183, train=1.237e+02, val=1.230e+02]
GNN flow training:  26%|██▌       | 26/100 [01:59<05:25,  4.39s/epoch, best=1.230e+02, sign=0.182, train=1.230e+02, val=1.225e+02]
GNN flow training:  27%|██▋       | 27/100 [01:59<05:21,  4.41s/epoch, best=1.230e+02, sign=0.182, train=1.230e+02, val=1.225e+02]
GNN flow training:  27%|██▋       | 27/100 [02:04<05:21,  4.41s/epoch, best=1.225e+02, sign=0.180, train=1.225e+02, val=1.221e+02]
GNN flow training:  28%|██▊       | 28/100 [02:04<05:18,  4.43s/epoch, best=1.225e+02, sign=0.180, train=1.225e+02, val=1.221e+02]
GNN flow training:  28%|██▊       | 28/100 [02:08<05:18,  4.43s/epoch, best=1.221e+02, sign=0.180, train=1.222e+02, val=1.215e+02]
GNN flow training:  29%|██▉       | 29/100 [02:08<05:13,  4.42s/epoch, best=1.221e+02, sign=0.180, train=1.222e+02, val=1.215e+02]
GNN flow training:  29%|██▉       | 29/100 [02:12<05:13,  4.42s/epoch, best=1.215e+02, sign=0.179, train=1.215e+02, val=1.210e+02]
GNN flow training:  30%|███       | 30/100 [02:12<05:09,  4.42s/epoch, best=1.215e+02, sign=0.179, train=1.215e+02, val=1.210e+02]
GNN flow training:  30%|███       | 30/100 [02:17<05:09,  4.42s/epoch, best=1.210e+02, sign=0.180, train=1.210e+02, val=1.213e+02]
GNN flow training:  31%|███       | 31/100 [02:17<05:04,  4.42s/epoch, best=1.210e+02, sign=0.180, train=1.210e+02, val=1.213e+02]
GNN flow training:  31%|███       | 31/100 [02:21<05:04,  4.42s/epoch, best=1.210e+02, sign=0.180, train=1.213e+02, val=1.205e+02]
GNN flow training:  32%|███▏      | 32/100 [02:21<05:00,  4.42s/epoch, best=1.210e+02, sign=0.180, train=1.213e+02, val=1.205e+02]
GNN flow training:  32%|███▏      | 32/100 [02:26<05:00,  4.42s/epoch, best=1.205e+02, sign=0.182, train=1.205e+02, val=1.197e+02]
GNN flow training:  33%|███▎      | 33/100 [02:26<04:56,  4.43s/epoch, best=1.205e+02, sign=0.182, train=1.205e+02, val=1.197e+02]
GNN flow training:  33%|███▎      | 33/100 [02:30<04:56,  4.43s/epoch, best=1.197e+02, sign=0.182, train=1.197e+02, val=1.194e+02]
GNN flow training:  34%|███▍      | 34/100 [02:30<04:51,  4.42s/epoch, best=1.197e+02, sign=0.182, train=1.197e+02, val=1.194e+02]
GNN flow training:  34%|███▍      | 34/100 [02:34<04:51,  4.42s/epoch, best=1.194e+02, sign=0.183, train=1.194e+02, val=1.186e+02]
GNN flow training:  35%|███▌      | 35/100 [02:34<04:46,  4.40s/epoch, best=1.194e+02, sign=0.183, train=1.194e+02, val=1.186e+02]
GNN flow training:  35%|███▌      | 35/100 [02:39<04:46,  4.40s/epoch, best=1.186e+02, sign=0.183, train=1.186e+02, val=1.186e+02]
GNN flow training:  36%|███▌      | 36/100 [02:39<04:41,  4.40s/epoch, best=1.186e+02, sign=0.183, train=1.186e+02, val=1.186e+02]
GNN flow training:  36%|███▌      | 36/100 [02:43<04:41,  4.40s/epoch, best=1.186e+02, sign=0.183, train=1.186e+02, val=1.181e+02]
GNN flow training:  37%|███▋      | 37/100 [02:43<04:36,  4.39s/epoch, best=1.186e+02, sign=0.183, train=1.186e+02, val=1.181e+02]
GNN flow training:  37%|███▋      | 37/100 [02:48<04:36,  4.39s/epoch, best=1.181e+02, sign=0.182, train=1.181e+02, val=1.174e+02]
GNN flow training:  38%|███▊      | 38/100 [02:48<04:32,  4.39s/epoch, best=1.181e+02, sign=0.182, train=1.181e+02, val=1.174e+02]
GNN flow training:  38%|███▊      | 38/100 [02:52<04:32,  4.39s/epoch, best=1.174e+02, sign=0.180, train=1.174e+02, val=1.166e+02]
GNN flow training:  39%|███▉      | 39/100 [02:52<04:27,  4.39s/epoch, best=1.174e+02, sign=0.180, train=1.174e+02, val=1.166e+02]
GNN flow training:  39%|███▉      | 39/100 [02:56<04:27,  4.39s/epoch, best=1.166e+02, sign=0.177, train=1.166e+02, val=1.153e+02]
GNN flow training:  40%|████      | 40/100 [02:56<04:24,  4.40s/epoch, best=1.166e+02, sign=0.177, train=1.166e+02, val=1.153e+02]
GNN flow training:  40%|████      | 40/100 [03:01<04:24,  4.40s/epoch, best=1.153e+02, sign=0.177, train=1.153e+02, val=1.148e+02]
GNN flow training:  41%|████      | 41/100 [03:01<04:21,  4.43s/epoch, best=1.153e+02, sign=0.177, train=1.153e+02, val=1.148e+02]
GNN flow training:  41%|████      | 41/100 [03:05<04:21,  4.43s/epoch, best=1.148e+02, sign=0.178, train=1.148e+02, val=1.145e+02]
GNN flow training:  42%|████▏     | 42/100 [03:05<04:16,  4.43s/epoch, best=1.148e+02, sign=0.178, train=1.148e+02, val=1.145e+02]
GNN flow training:  42%|████▏     | 42/100 [03:10<04:16,  4.43s/epoch, best=1.145e+02, sign=0.174, train=1.145e+02, val=1.126e+02]
GNN flow training:  43%|████▎     | 43/100 [03:10<04:12,  4.43s/epoch, best=1.145e+02, sign=0.174, train=1.145e+02, val=1.126e+02]
GNN flow training:  43%|████▎     | 43/100 [03:14<04:12,  4.43s/epoch, best=1.126e+02, sign=0.170, train=1.126e+02, val=1.103e+02]
GNN flow training:  44%|████▍     | 44/100 [03:14<04:08,  4.43s/epoch, best=1.126e+02, sign=0.170, train=1.126e+02, val=1.103e+02]
GNN flow training:  44%|████▍     | 44/100 [03:19<04:08,  4.43s/epoch, best=1.103e+02, sign=0.165, train=1.103e+02, val=1.084e+02]
GNN flow training:  45%|████▌     | 45/100 [03:19<04:03,  4.42s/epoch, best=1.103e+02, sign=0.165, train=1.103e+02, val=1.084e+02]
GNN flow training:  45%|████▌     | 45/100 [03:23<04:03,  4.42s/epoch, best=1.084e+02, sign=0.165, train=1.084e+02, val=1.084e+02]
GNN flow training:  46%|████▌     | 46/100 [03:23<03:58,  4.42s/epoch, best=1.084e+02, sign=0.165, train=1.084e+02, val=1.084e+02]
GNN flow training:  46%|████▌     | 46/100 [03:27<03:58,  4.42s/epoch, best=1.084e+02, sign=0.164, train=1.084e+02, val=1.075e+02]
GNN flow training:  47%|████▋     | 47/100 [03:27<03:54,  4.42s/epoch, best=1.084e+02, sign=0.164, train=1.084e+02, val=1.075e+02]
GNN flow training:  47%|████▋     | 47/100 [03:32<03:54,  4.42s/epoch, best=1.075e+02, sign=0.164, train=1.076e+02, val=1.074e+02]
GNN flow training:  48%|████▊     | 48/100 [03:32<03:50,  4.42s/epoch, best=1.075e+02, sign=0.164, train=1.076e+02, val=1.074e+02]
GNN flow training:  48%|████▊     | 48/100 [03:36<03:50,  4.42s/epoch, best=1.074e+02, sign=0.162, train=1.074e+02, val=1.058e+02]
GNN flow training:  49%|████▉     | 49/100 [03:36<03:45,  4.42s/epoch, best=1.074e+02, sign=0.162, train=1.074e+02, val=1.058e+02]
GNN flow training:  49%|████▉     | 49/100 [03:41<03:45,  4.42s/epoch, best=1.058e+02, sign=0.160, train=1.058e+02, val=1.046e+02]
GNN flow training:  50%|█████     | 50/100 [03:41<03:40,  4.41s/epoch, best=1.058e+02, sign=0.160, train=1.058e+02, val=1.046e+02]
GNN flow training:  50%|█████     | 50/100 [03:45<03:40,  4.41s/epoch, best=1.046e+02, sign=0.158, train=1.046e+02, val=1.037e+02]
GNN flow training:  51%|█████     | 51/100 [03:45<03:36,  4.41s/epoch, best=1.046e+02, sign=0.158, train=1.046e+02, val=1.037e+02]
GNN flow training:  51%|█████     | 51/100 [03:50<03:36,  4.41s/epoch, best=1.037e+02, sign=0.155, train=1.037e+02, val=1.034e+02]
GNN flow training:  52%|█████▏    | 52/100 [03:50<03:32,  4.42s/epoch, best=1.037e+02, sign=0.155, train=1.037e+02, val=1.034e+02]
GNN flow training:  52%|█████▏    | 52/100 [03:54<03:32,  4.42s/epoch, best=1.034e+02, sign=0.154, train=1.034e+02, val=1.021e+02]
GNN flow training:  53%|█████▎    | 53/100 [03:54<03:27,  4.41s/epoch, best=1.034e+02, sign=0.154, train=1.034e+02, val=1.021e+02]
GNN flow training:  53%|█████▎    | 53/100 [03:58<03:27,  4.41s/epoch, best=1.021e+02, sign=0.151, train=1.022e+02, val=1.022e+02]
GNN flow training:  54%|█████▍    | 54/100 [03:58<03:22,  4.41s/epoch, best=1.021e+02, sign=0.151, train=1.022e+02, val=1.022e+02]
GNN flow training:  54%|█████▍    | 54/100 [04:03<03:22,  4.41s/epoch, best=1.021e+02, sign=0.151, train=1.022e+02, val=1.012e+02]
GNN flow training:  55%|█████▌    | 55/100 [04:03<03:17,  4.40s/epoch, best=1.021e+02, sign=0.151, train=1.022e+02, val=1.012e+02]
GNN flow training:  55%|█████▌    | 55/100 [04:07<03:17,  4.40s/epoch, best=1.012e+02, sign=0.150, train=1.012e+02, val=1.017e+02]
GNN flow training:  56%|█████▌    | 56/100 [04:07<03:13,  4.40s/epoch, best=1.012e+02, sign=0.150, train=1.012e+02, val=1.017e+02]
GNN flow training:  56%|█████▌    | 56/100 [04:11<03:13,  4.40s/epoch, best=1.012e+02, sign=0.151, train=1.017e+02, val=1.020e+02]
GNN flow training:  57%|█████▋    | 57/100 [04:11<03:08,  4.38s/epoch, best=1.012e+02, sign=0.151, train=1.017e+02, val=1.020e+02]
GNN flow training:  57%|█████▋    | 57/100 [04:16<03:08,  4.38s/epoch, best=1.012e+02, sign=0.147, train=1.020e+02, val=9.821e+01]
GNN flow training:  58%|█████▊    | 58/100 [04:16<03:04,  4.39s/epoch, best=1.012e+02, sign=0.147, train=1.020e+02, val=9.821e+01]
GNN flow training:  58%|█████▊    | 58/100 [04:20<03:04,  4.39s/epoch, best=9.821e+01, sign=0.145, train=9.821e+01, val=9.713e+01]
GNN flow training:  59%|█████▉    | 59/100 [04:20<03:00,  4.40s/epoch, best=9.821e+01, sign=0.145, train=9.821e+01, val=9.713e+01]
GNN flow training:  59%|█████▉    | 59/100 [04:25<03:00,  4.40s/epoch, best=9.713e+01, sign=0.144, train=9.713e+01, val=9.658e+01]
GNN flow training:  60%|██████    | 60/100 [04:25<02:55,  4.39s/epoch, best=9.713e+01, sign=0.144, train=9.713e+01, val=9.658e+01]
GNN flow training:  60%|██████    | 60/100 [04:29<02:55,  4.39s/epoch, best=9.658e+01, sign=0.144, train=9.659e+01, val=9.545e+01]
GNN flow training:  61%|██████    | 61/100 [04:29<02:51,  4.39s/epoch, best=9.658e+01, sign=0.144, train=9.659e+01, val=9.545e+01]
GNN flow training:  61%|██████    | 61/100 [04:33<02:51,  4.39s/epoch, best=9.545e+01, sign=0.145, train=9.545e+01, val=9.466e+01]
GNN flow training:  62%|██████▏   | 62/100 [04:33<02:47,  4.40s/epoch, best=9.545e+01, sign=0.145, train=9.545e+01, val=9.466e+01]
GNN flow training:  62%|██████▏   | 62/100 [04:38<02:47,  4.40s/epoch, best=9.466e+01, sign=0.144, train=9.466e+01, val=9.416e+01]
GNN flow training:  63%|██████▎   | 63/100 [04:38<02:43,  4.41s/epoch, best=9.466e+01, sign=0.144, train=9.466e+01, val=9.416e+01]
GNN flow training:  63%|██████▎   | 63/100 [04:42<02:43,  4.41s/epoch, best=9.416e+01, sign=0.143, train=9.416e+01, val=9.370e+01]
GNN flow training:  64%|██████▍   | 64/100 [04:42<02:39,  4.42s/epoch, best=9.416e+01, sign=0.143, train=9.416e+01, val=9.370e+01]
GNN flow training:  64%|██████▍   | 64/100 [04:47<02:39,  4.42s/epoch, best=9.370e+01, sign=0.142, train=9.370e+01, val=9.316e+01]
GNN flow training:  65%|██████▌   | 65/100 [04:47<02:34,  4.43s/epoch, best=9.370e+01, sign=0.142, train=9.370e+01, val=9.316e+01]
GNN flow training:  65%|██████▌   | 65/100 [04:51<02:34,  4.43s/epoch, best=9.316e+01, sign=0.141, train=9.316e+01, val=9.178e+01]
GNN flow training:  66%|██████▌   | 66/100 [04:51<02:30,  4.43s/epoch, best=9.316e+01, sign=0.141, train=9.316e+01, val=9.178e+01]
GNN flow training:  66%|██████▌   | 66/100 [04:56<02:30,  4.43s/epoch, best=9.178e+01, sign=0.138, train=9.179e+01, val=9.041e+01]
GNN flow training:  67%|██████▋   | 67/100 [04:56<02:26,  4.43s/epoch, best=9.178e+01, sign=0.138, train=9.179e+01, val=9.041e+01]
GNN flow training:  67%|██████▋   | 67/100 [05:00<02:26,  4.43s/epoch, best=9.041e+01, sign=0.137, train=9.042e+01, val=8.980e+01]
GNN flow training:  68%|██████▊   | 68/100 [05:00<02:21,  4.42s/epoch, best=9.041e+01, sign=0.137, train=9.042e+01, val=8.980e+01]
GNN flow training:  68%|██████▊   | 68/100 [05:04<02:21,  4.42s/epoch, best=8.980e+01, sign=0.137, train=8.981e+01, val=8.962e+01]
GNN flow training:  69%|██████▉   | 69/100 [05:04<02:16,  4.41s/epoch, best=8.980e+01, sign=0.137, train=8.981e+01, val=8.962e+01]
GNN flow training:  69%|██████▉   | 69/100 [05:09<02:16,  4.41s/epoch, best=8.962e+01, sign=0.137, train=8.962e+01, val=8.976e+01]
GNN flow training:  70%|███████   | 70/100 [05:09<02:12,  4.41s/epoch, best=8.962e+01, sign=0.137, train=8.962e+01, val=8.976e+01]
GNN flow training:  70%|███████   | 70/100 [05:13<02:12,  4.41s/epoch, best=8.962e+01, sign=0.137, train=8.976e+01, val=9.047e+01]
GNN flow training:  71%|███████   | 71/100 [05:13<02:08,  4.42s/epoch, best=8.962e+01, sign=0.137, train=8.976e+01, val=9.047e+01]
GNN flow training:  71%|███████   | 71/100 [05:18<02:08,  4.42s/epoch, best=8.962e+01, sign=0.137, train=9.048e+01, val=9.032e+01]
GNN flow training:  72%|███████▏  | 72/100 [05:18<02:03,  4.42s/epoch, best=8.962e+01, sign=0.137, train=9.048e+01, val=9.032e+01]
GNN flow training:  72%|███████▏  | 72/100 [05:22<02:03,  4.42s/epoch, best=8.962e+01, sign=0.137, train=9.032e+01, val=8.985e+01]
GNN flow training:  73%|███████▎  | 73/100 [05:22<01:59,  4.42s/epoch, best=8.962e+01, sign=0.137, train=9.032e+01, val=8.985e+01]
GNN flow training:  73%|███████▎  | 73/100 [05:27<01:59,  4.42s/epoch, best=8.962e+01, sign=0.137, train=8.986e+01, val=8.927e+01]
GNN flow training:  74%|███████▍  | 74/100 [05:27<01:55,  4.44s/epoch, best=8.962e+01, sign=0.137, train=8.986e+01, val=8.927e+01]
GNN flow training:  74%|███████▍  | 74/100 [05:31<01:55,  4.44s/epoch, best=8.927e+01, sign=0.137, train=8.927e+01, val=8.911e+01]
GNN flow training:  75%|███████▌  | 75/100 [05:31<01:50,  4.43s/epoch, best=8.927e+01, sign=0.137, train=8.927e+01, val=8.911e+01]
GNN flow training:  75%|███████▌  | 75/100 [05:35<01:50,  4.43s/epoch, best=8.911e+01, sign=0.137, train=8.912e+01, val=8.891e+01]
GNN flow training:  76%|███████▌  | 76/100 [05:35<01:46,  4.43s/epoch, best=8.911e+01, sign=0.137, train=8.912e+01, val=8.891e+01]
GNN flow training:  76%|███████▌  | 76/100 [05:40<01:46,  4.43s/epoch, best=8.891e+01, sign=0.137, train=8.891e+01, val=8.882e+01]
GNN flow training:  77%|███████▋  | 77/100 [05:40<01:41,  4.42s/epoch, best=8.891e+01, sign=0.137, train=8.891e+01, val=8.882e+01]
GNN flow training:  77%|███████▋  | 77/100 [05:44<01:41,  4.42s/epoch, best=8.882e+01, sign=0.136, train=8.882e+01, val=8.840e+01]
GNN flow training:  78%|███████▊  | 78/100 [05:44<01:37,  4.43s/epoch, best=8.882e+01, sign=0.136, train=8.882e+01, val=8.840e+01]
GNN flow training:  78%|███████▊  | 78/100 [05:49<01:37,  4.43s/epoch, best=8.840e+01, sign=0.137, train=8.840e+01, val=8.815e+01]
GNN flow training:  79%|███████▉  | 79/100 [05:49<01:32,  4.43s/epoch, best=8.840e+01, sign=0.137, train=8.840e+01, val=8.815e+01]
GNN flow training:  79%|███████▉  | 79/100 [05:53<01:32,  4.43s/epoch, best=8.815e+01, sign=0.139, train=8.815e+01, val=8.854e+01]
GNN flow training:  80%|████████  | 80/100 [05:53<01:28,  4.42s/epoch, best=8.815e+01, sign=0.139, train=8.815e+01, val=8.854e+01]
GNN flow training:  80%|████████  | 80/100 [05:57<01:28,  4.42s/epoch, best=8.815e+01, sign=0.138, train=8.854e+01, val=8.849e+01]
GNN flow training:  81%|████████  | 81/100 [05:57<01:23,  4.41s/epoch, best=8.815e+01, sign=0.138, train=8.854e+01, val=8.849e+01]
GNN flow training:  81%|████████  | 81/100 [06:02<01:23,  4.41s/epoch, best=8.815e+01, sign=0.138, train=8.850e+01, val=8.816e+01]
GNN flow training:  82%|████████▏ | 82/100 [06:02<01:19,  4.42s/epoch, best=8.815e+01, sign=0.138, train=8.850e+01, val=8.816e+01]
GNN flow training:  82%|████████▏ | 82/100 [06:06<01:19,  4.42s/epoch, best=8.815e+01, sign=0.138, train=8.817e+01, val=8.953e+01]
GNN flow training:  83%|████████▎ | 83/100 [06:06<01:15,  4.41s/epoch, best=8.815e+01, sign=0.138, train=8.817e+01, val=8.953e+01]
GNN flow training:  83%|████████▎ | 83/100 [06:11<01:15,  4.41s/epoch, best=8.815e+01, sign=0.137, train=8.953e+01, val=9.074e+01]
GNN flow training:  84%|████████▍ | 84/100 [06:11<01:10,  4.41s/epoch, best=8.815e+01, sign=0.137, train=8.953e+01, val=9.074e+01]
GNN flow training:  84%|████████▍ | 84/100 [06:15<01:10,  4.41s/epoch, best=8.815e+01, sign=0.136, train=9.075e+01, val=8.852e+01]
GNN flow training:  85%|████████▌ | 85/100 [06:15<01:06,  4.41s/epoch, best=8.815e+01, sign=0.136, train=9.075e+01, val=8.852e+01]
GNN flow training:  85%|████████▌ | 85/100 [06:19<01:06,  4.41s/epoch, best=8.815e+01, sign=0.137, train=8.853e+01, val=8.768e+01]
GNN flow training:  86%|████████▌ | 86/100 [06:19<01:01,  4.40s/epoch, best=8.815e+01, sign=0.137, train=8.853e+01, val=8.768e+01]
GNN flow training:  86%|████████▌ | 86/100 [06:24<01:01,  4.40s/epoch, best=8.768e+01, sign=0.138, train=8.768e+01, val=8.802e+01]
GNN flow training:  87%|████████▋ | 87/100 [06:24<00:57,  4.41s/epoch, best=8.768e+01, sign=0.138, train=8.768e+01, val=8.802e+01]
GNN flow training:  87%|████████▋ | 87/100 [06:28<00:57,  4.41s/epoch, best=8.768e+01, sign=0.137, train=8.802e+01, val=8.802e+01]
GNN flow training:  88%|████████▊ | 88/100 [06:28<00:52,  4.42s/epoch, best=8.768e+01, sign=0.137, train=8.802e+01, val=8.802e+01]
GNN flow training:  88%|████████▊ | 88/100 [06:33<00:52,  4.42s/epoch, best=8.768e+01, sign=0.138, train=8.802e+01, val=8.747e+01]
GNN flow training:  89%|████████▉ | 89/100 [06:33<00:48,  4.42s/epoch, best=8.768e+01, sign=0.138, train=8.802e+01, val=8.747e+01]
GNN flow training:  89%|████████▉ | 89/100 [06:37<00:48,  4.42s/epoch, best=8.747e+01, sign=0.136, train=8.747e+01, val=8.792e+01]
GNN flow training:  90%|█████████ | 90/100 [06:37<00:44,  4.42s/epoch, best=8.747e+01, sign=0.136, train=8.747e+01, val=8.792e+01]
GNN flow training:  90%|█████████ | 90/100 [06:42<00:44,  4.42s/epoch, best=8.747e+01, sign=0.136, train=8.793e+01, val=8.835e+01]
GNN flow training:  91%|█████████ | 91/100 [06:42<00:39,  4.42s/epoch, best=8.747e+01, sign=0.136, train=8.793e+01, val=8.835e+01]
GNN flow training:  91%|█████████ | 91/100 [06:46<00:39,  4.42s/epoch, best=8.747e+01, sign=0.135, train=8.835e+01, val=8.785e+01]
GNN flow training:  92%|█████████▏| 92/100 [06:46<00:35,  4.41s/epoch, best=8.747e+01, sign=0.135, train=8.835e+01, val=8.785e+01]
GNN flow training:  92%|█████████▏| 92/100 [06:50<00:35,  4.41s/epoch, best=8.747e+01, sign=0.137, train=8.785e+01, val=8.750e+01]
GNN flow training:  93%|█████████▎| 93/100 [06:50<00:30,  4.41s/epoch, best=8.747e+01, sign=0.137, train=8.785e+01, val=8.750e+01]
GNN flow training:  93%|█████████▎| 93/100 [06:55<00:30,  4.41s/epoch, best=8.747e+01, sign=0.138, train=8.750e+01, val=8.750e+01]
GNN flow training:  94%|█████████▍| 94/100 [06:55<00:26,  4.41s/epoch, best=8.747e+01, sign=0.138, train=8.750e+01, val=8.750e+01]
GNN flow training:  94%|█████████▍| 94/100 [06:59<00:26,  4.41s/epoch, best=8.747e+01, sign=0.136, train=8.750e+01, val=8.998e+01]
GNN flow training:  95%|█████████▌| 95/100 [06:59<00:22,  4.40s/epoch, best=8.747e+01, sign=0.136, train=8.750e+01, val=8.998e+01]
GNN flow training:  95%|█████████▌| 95/100 [07:04<00:22,  4.40s/epoch, best=8.747e+01, sign=0.136, train=8.998e+01, val=9.113e+01]
GNN flow training:  96%|█████████▌| 96/100 [07:04<00:17,  4.41s/epoch, best=8.747e+01, sign=0.136, train=8.998e+01, val=9.113e+01]
GNN flow training:  96%|█████████▌| 96/100 [07:08<00:17,  4.41s/epoch, best=8.747e+01, sign=0.136, train=9.114e+01, val=9.035e+01]
GNN flow training:  97%|█████████▋| 97/100 [07:08<00:13,  4.40s/epoch, best=8.747e+01, sign=0.136, train=9.114e+01, val=9.035e+01]
GNN flow training:  97%|█████████▋| 97/100 [07:12<00:13,  4.40s/epoch, best=8.747e+01, sign=0.138, train=9.036e+01, val=8.804e+01]
GNN flow training:  98%|█████████▊| 98/100 [07:12<00:08,  4.42s/epoch, best=8.747e+01, sign=0.138, train=9.036e+01, val=8.804e+01]
GNN flow training:  98%|█████████▊| 98/100 [07:17<00:08,  4.42s/epoch, best=8.747e+01, sign=0.135, train=8.804e+01, val=8.800e+01]
GNN flow training:  99%|█████████▉| 99/100 [07:17<00:04,  4.41s/epoch, best=8.747e+01, sign=0.135, train=8.804e+01, val=8.800e+01]
GNN flow training:  99%|█████████▉| 99/100 [07:21<00:04,  4.41s/epoch, best=8.747e+01, sign=0.136, train=8.801e+01, val=8.744e+01]
GNN flow training: 100%|██████████| 100/100 [07:21<00:00,  4.41s/epoch, best=8.747e+01, sign=0.136, train=8.801e+01, val=8.744e+01]
GNN flow training: 100%|██████████| 100/100 [07:21<00:00,  4.42s/epoch, best=8.747e+01, sign=0.136, train=8.801e+01, val=8.744e+01]

GNN flow training:   0%|          | 0/100 [00:00<?, ?epoch/s]
GNN flow training:   0%|          | 0/100 [00:04<?, ?epoch/s, best=1.303e+00, sign=0.188, train=1.303e+00, val=1.303e+00]
GNN flow training:   1%|          | 1/100 [00:04<07:30,  4.55s/epoch, best=1.303e+00, sign=0.188, train=1.303e+00, val=1.303e+00]
GNN flow training:   1%|          | 1/100 [00:08<07:30,  4.55s/epoch, best=1.303e+00, sign=0.188, train=1.304e+00, val=1.305e+00]
GNN flow training:   2%|▏         | 2/100 [00:08<07:17,  4.47s/epoch, best=1.303e+00, sign=0.188, train=1.304e+00, val=1.305e+00]
GNN flow training:   2%|▏         | 2/100 [00:13<07:17,  4.47s/epoch, best=1.303e+00, sign=0.187, train=1.306e+00, val=1.309e+00]
GNN flow training:   3%|▎         | 3/100 [00:13<07:10,  4.44s/epoch, best=1.303e+00, sign=0.187, train=1.306e+00, val=1.309e+00]
GNN flow training:   3%|▎         | 3/100 [00:17<07:10,  4.44s/epoch, best=1.303e+00, sign=0.188, train=1.310e+00, val=1.303e+00]
GNN flow training:   4%|▍         | 4/100 [00:17<07:05,  4.43s/epoch, best=1.303e+00, sign=0.188, train=1.310e+00, val=1.303e+00]
GNN flow training:   4%|▍         | 4/100 [00:22<07:05,  4.43s/epoch, best=1.303e+00, sign=0.188, train=1.305e+00, val=1.305e+00]
GNN flow training:   5%|▌         | 5/100 [00:22<06:59,  4.42s/epoch, best=1.303e+00, sign=0.188, train=1.305e+00, val=1.305e+00]
GNN flow training:   5%|▌         | 5/100 [00:26<06:59,  4.42s/epoch, best=1.303e+00, sign=0.188, train=1.306e+00, val=1.306e+00]
GNN flow training:   6%|▌         | 6/100 [00:26<06:54,  4.41s/epoch, best=1.303e+00, sign=0.188, train=1.306e+00, val=1.306e+00]
GNN flow training:   6%|▌         | 6/100 [00:31<06:54,  4.41s/epoch, best=1.303e+00, sign=0.188, train=1.307e+00, val=1.301e+00]
GNN flow training:   7%|▋         | 7/100 [00:31<06:50,  4.42s/epoch, best=1.303e+00, sign=0.188, train=1.307e+00, val=1.301e+00]
GNN flow training:   7%|▋         | 7/100 [00:35<06:50,  4.42s/epoch, best=1.301e+00, sign=0.188, train=1.303e+00, val=1.303e+00]
GNN flow training:   8%|▊         | 8/100 [00:35<06:47,  4.43s/epoch, best=1.301e+00, sign=0.188, train=1.303e+00, val=1.303e+00]
GNN flow training:   8%|▊         | 8/100 [00:39<06:47,  4.43s/epoch, best=1.301e+00, sign=0.187, train=1.304e+00, val=1.304e+00]
GNN flow training:   9%|▉         | 9/100 [00:39<06:43,  4.43s/epoch, best=1.301e+00, sign=0.187, train=1.304e+00, val=1.304e+00]
GNN flow training:   9%|▉         | 9/100 [00:44<06:43,  4.43s/epoch, best=1.301e+00, sign=0.188, train=1.306e+00, val=1.305e+00]
GNN flow training:  10%|█         | 10/100 [00:44<06:38,  4.43s/epoch, best=1.301e+00, sign=0.188, train=1.306e+00, val=1.305e+00]
GNN flow training:  10%|█         | 10/100 [00:48<06:38,  4.43s/epoch, best=1.301e+00, sign=0.188, train=1.307e+00, val=1.307e+00]
GNN flow training:  11%|█         | 11/100 [00:48<06:33,  4.43s/epoch, best=1.301e+00, sign=0.188, train=1.307e+00, val=1.307e+00]
GNN flow training:  11%|█         | 11/100 [00:53<06:33,  4.43s/epoch, best=1.301e+00, sign=0.187, train=1.308e+00, val=1.305e+00]
GNN flow training:  12%|█▏        | 12/100 [00:53<06:28,  4.42s/epoch, best=1.301e+00, sign=0.187, train=1.308e+00, val=1.305e+00]
GNN flow training:  12%|█▏        | 12/100 [00:57<06:28,  4.42s/epoch, best=1.301e+00, sign=0.187, train=1.306e+00, val=1.302e+00]
GNN flow training:  13%|█▎        | 13/100 [00:57<06:24,  4.41s/epoch, best=1.301e+00, sign=0.187, train=1.306e+00, val=1.302e+00]
GNN flow training:  13%|█▎        | 13/100 [01:01<06:24,  4.41s/epoch, best=1.301e+00, sign=0.188, train=1.304e+00, val=1.305e+00]
GNN flow training:  14%|█▍        | 14/100 [01:01<06:19,  4.41s/epoch, best=1.301e+00, sign=0.188, train=1.304e+00, val=1.305e+00]
GNN flow training:  14%|█▍        | 14/100 [01:06<06:19,  4.41s/epoch, best=1.301e+00, sign=0.188, train=1.306e+00, val=1.301e+00]
GNN flow training:  15%|█▌        | 15/100 [01:06<06:15,  4.42s/epoch, best=1.301e+00, sign=0.188, train=1.306e+00, val=1.301e+00]
GNN flow training:  15%|█▌        | 15/100 [01:10<06:15,  4.42s/epoch, best=1.301e+00, sign=0.188, train=1.303e+00, val=1.308e+00]
GNN flow training:  16%|█▌        | 16/100 [01:10<06:12,  4.43s/epoch, best=1.301e+00, sign=0.188, train=1.303e+00, val=1.308e+00]
GNN flow training:  16%|█▌        | 16/100 [01:15<06:12,  4.43s/epoch, best=1.301e+00, sign=0.189, train=1.309e+00, val=1.301e+00]
GNN flow training:  17%|█▋        | 17/100 [01:15<06:06,  4.42s/epoch, best=1.301e+00, sign=0.189, train=1.309e+00, val=1.301e+00]
GNN flow training:  17%|█▋        | 17/100 [01:19<06:06,  4.42s/epoch, best=1.301e+00, sign=0.188, train=1.302e+00, val=1.295e+00]
GNN flow training:  18%|█▊        | 18/100 [01:19<06:02,  4.42s/epoch, best=1.301e+00, sign=0.188, train=1.302e+00, val=1.295e+00]
GNN flow training:  18%|█▊        | 18/100 [01:24<06:02,  4.42s/epoch, best=1.295e+00, sign=0.189, train=1.297e+00, val=1.291e+00]
GNN flow training:  19%|█▉        | 19/100 [01:24<05:59,  4.44s/epoch, best=1.295e+00, sign=0.189, train=1.297e+00, val=1.291e+00]
GNN flow training:  19%|█▉        | 19/100 [01:28<05:59,  4.44s/epoch, best=1.291e+00, sign=0.189, train=1.292e+00, val=1.285e+00]
GNN flow training:  20%|██        | 20/100 [01:28<05:53,  4.42s/epoch, best=1.291e+00, sign=0.189, train=1.292e+00, val=1.285e+00]
GNN flow training:  20%|██        | 20/100 [01:32<05:53,  4.42s/epoch, best=1.285e+00, sign=0.189, train=1.286e+00, val=1.283e+00]
GNN flow training:  21%|██        | 21/100 [01:32<05:49,  4.43s/epoch, best=1.285e+00, sign=0.189, train=1.286e+00, val=1.283e+00]
GNN flow training:  21%|██        | 21/100 [01:37<05:49,  4.43s/epoch, best=1.283e+00, sign=0.188, train=1.285e+00, val=1.279e+00]
GNN flow training:  22%|██▏       | 22/100 [01:37<05:45,  4.43s/epoch, best=1.283e+00, sign=0.188, train=1.285e+00, val=1.279e+00]
GNN flow training:  22%|██▏       | 22/100 [01:41<05:45,  4.43s/epoch, best=1.279e+00, sign=0.188, train=1.281e+00, val=1.279e+00]
GNN flow training:  23%|██▎       | 23/100 [01:41<05:41,  4.43s/epoch, best=1.279e+00, sign=0.188, train=1.281e+00, val=1.279e+00]
GNN flow training:  23%|██▎       | 23/100 [01:46<05:41,  4.43s/epoch, best=1.279e+00, sign=0.188, train=1.281e+00, val=1.272e+00]
GNN flow training:  24%|██▍       | 24/100 [01:46<05:36,  4.43s/epoch, best=1.279e+00, sign=0.188, train=1.281e+00, val=1.272e+00]
GNN flow training:  24%|██▍       | 24/100 [01:50<05:36,  4.43s/epoch, best=1.272e+00, sign=0.188, train=1.273e+00, val=1.271e+00]
GNN flow training:  25%|██▌       | 25/100 [01:50<05:31,  4.42s/epoch, best=1.272e+00, sign=0.188, train=1.273e+00, val=1.271e+00]
GNN flow training:  25%|██▌       | 25/100 [01:55<05:31,  4.42s/epoch, best=1.271e+00, sign=0.188, train=1.272e+00, val=1.271e+00]
GNN flow training:  26%|██▌       | 26/100 [01:55<05:27,  4.43s/epoch, best=1.271e+00, sign=0.188, train=1.272e+00, val=1.271e+00]
GNN flow training:  26%|██▌       | 26/100 [01:59<05:27,  4.43s/epoch, best=1.271e+00, sign=0.188, train=1.272e+00, val=1.269e+00]
GNN flow training:  27%|██▋       | 27/100 [01:59<05:23,  4.44s/epoch, best=1.271e+00, sign=0.188, train=1.272e+00, val=1.269e+00]
GNN flow training:  27%|██▋       | 27/100 [02:04<05:23,  4.44s/epoch, best=1.269e+00, sign=0.189, train=1.270e+00, val=1.269e+00]
GNN flow training:  28%|██▊       | 28/100 [02:04<05:20,  4.45s/epoch, best=1.269e+00, sign=0.189, train=1.270e+00, val=1.269e+00]
GNN flow training:  28%|██▊       | 28/100 [02:08<05:20,  4.45s/epoch, best=1.269e+00, sign=0.190, train=1.270e+00, val=1.268e+00]
GNN flow training:  29%|██▉       | 29/100 [02:08<05:15,  4.44s/epoch, best=1.269e+00, sign=0.190, train=1.270e+00, val=1.268e+00]
GNN flow training:  29%|██▉       | 29/100 [02:12<05:15,  4.44s/epoch, best=1.268e+00, sign=0.190, train=1.270e+00, val=1.258e+00]
GNN flow training:  30%|███       | 30/100 [02:12<05:11,  4.45s/epoch, best=1.268e+00, sign=0.190, train=1.270e+00, val=1.258e+00]
GNN flow training:  30%|███       | 30/100 [02:17<05:11,  4.45s/epoch, best=1.258e+00, sign=0.190, train=1.259e+00, val=1.260e+00]
GNN flow training:  31%|███       | 31/100 [02:17<05:06,  4.44s/epoch, best=1.258e+00, sign=0.190, train=1.259e+00, val=1.260e+00]
GNN flow training:  31%|███       | 31/100 [02:21<05:06,  4.44s/epoch, best=1.258e+00, sign=0.189, train=1.261e+00, val=1.253e+00]
GNN flow training:  32%|███▏      | 32/100 [02:21<05:02,  4.45s/epoch, best=1.258e+00, sign=0.189, train=1.261e+00, val=1.253e+00]
GNN flow training:  32%|███▏      | 32/100 [02:26<05:02,  4.45s/epoch, best=1.253e+00, sign=0.189, train=1.254e+00, val=1.256e+00]
GNN flow training:  33%|███▎      | 33/100 [02:26<04:57,  4.45s/epoch, best=1.253e+00, sign=0.189, train=1.254e+00, val=1.256e+00]
GNN flow training:  33%|███▎      | 33/100 [02:30<04:57,  4.45s/epoch, best=1.253e+00, sign=0.188, train=1.257e+00, val=1.252e+00]
GNN flow training:  34%|███▍      | 34/100 [02:30<04:53,  4.44s/epoch, best=1.253e+00, sign=0.188, train=1.257e+00, val=1.252e+00]
GNN flow training:  34%|███▍      | 34/100 [02:35<04:53,  4.44s/epoch, best=1.252e+00, sign=0.187, train=1.254e+00, val=1.251e+00]
GNN flow training:  35%|███▌      | 35/100 [02:35<04:49,  4.45s/epoch, best=1.252e+00, sign=0.187, train=1.254e+00, val=1.251e+00]
GNN flow training:  35%|███▌      | 35/100 [02:39<04:49,  4.45s/epoch, best=1.251e+00, sign=0.184, train=1.252e+00, val=1.247e+00]
GNN flow training:  36%|███▌      | 36/100 [02:39<04:44,  4.44s/epoch, best=1.251e+00, sign=0.184, train=1.252e+00, val=1.247e+00]
GNN flow training:  36%|███▌      | 36/100 [02:44<04:44,  4.44s/epoch, best=1.247e+00, sign=0.185, train=1.248e+00, val=1.245e+00]
GNN flow training:  37%|███▋      | 37/100 [02:44<04:40,  4.45s/epoch, best=1.247e+00, sign=0.185, train=1.248e+00, val=1.245e+00]
GNN flow training:  37%|███▋      | 37/100 [02:48<04:40,  4.45s/epoch, best=1.245e+00, sign=0.184, train=1.246e+00, val=1.243e+00]
GNN flow training:  38%|███▊      | 38/100 [02:48<04:36,  4.45s/epoch, best=1.245e+00, sign=0.184, train=1.246e+00, val=1.243e+00]
GNN flow training:  38%|███▊      | 38/100 [02:52<04:36,  4.45s/epoch, best=1.243e+00, sign=0.186, train=1.244e+00, val=1.238e+00]
GNN flow training:  39%|███▉      | 39/100 [02:52<04:30,  4.44s/epoch, best=1.243e+00, sign=0.186, train=1.244e+00, val=1.238e+00]
GNN flow training:  39%|███▉      | 39/100 [02:57<04:30,  4.44s/epoch, best=1.238e+00, sign=0.186, train=1.240e+00, val=1.232e+00]
GNN flow training:  40%|████      | 40/100 [02:57<04:26,  4.44s/epoch, best=1.238e+00, sign=0.186, train=1.240e+00, val=1.232e+00]
GNN flow training:  40%|████      | 40/100 [03:01<04:26,  4.44s/epoch, best=1.232e+00, sign=0.187, train=1.234e+00, val=1.236e+00]
GNN flow training:  41%|████      | 41/100 [03:01<04:21,  4.44s/epoch, best=1.232e+00, sign=0.187, train=1.234e+00, val=1.236e+00]
GNN flow training:  41%|████      | 41/100 [03:06<04:21,  4.44s/epoch, best=1.232e+00, sign=0.186, train=1.238e+00, val=1.236e+00]
GNN flow training:  42%|████▏     | 42/100 [03:06<04:17,  4.44s/epoch, best=1.232e+00, sign=0.186, train=1.238e+00, val=1.236e+00]
GNN flow training:  42%|████▏     | 42/100 [03:10<04:17,  4.44s/epoch, best=1.232e+00, sign=0.185, train=1.237e+00, val=1.237e+00]
GNN flow training:  43%|████▎     | 43/100 [03:10<04:13,  4.45s/epoch, best=1.232e+00, sign=0.185, train=1.237e+00, val=1.237e+00]
GNN flow training:  43%|████▎     | 43/100 [03:15<04:13,  4.45s/epoch, best=1.232e+00, sign=0.183, train=1.238e+00, val=1.234e+00]
GNN flow training:  44%|████▍     | 44/100 [03:15<04:08,  4.44s/epoch, best=1.232e+00, sign=0.183, train=1.238e+00, val=1.234e+00]
GNN flow training:  44%|████▍     | 44/100 [03:19<04:08,  4.44s/epoch, best=1.232e+00, sign=0.183, train=1.236e+00, val=1.232e+00]
GNN flow training:  45%|████▌     | 45/100 [03:19<04:04,  4.44s/epoch, best=1.232e+00, sign=0.183, train=1.236e+00, val=1.232e+00]
GNN flow training:  45%|████▌     | 45/100 [03:24<04:04,  4.44s/epoch, best=1.232e+00, sign=0.183, train=1.233e+00, val=1.227e+00]
GNN flow training:  46%|████▌     | 46/100 [03:24<04:00,  4.46s/epoch, best=1.232e+00, sign=0.183, train=1.233e+00, val=1.227e+00]
GNN flow training:  46%|████▌     | 46/100 [03:28<04:00,  4.46s/epoch, best=1.227e+00, sign=0.182, train=1.228e+00, val=1.223e+00]
GNN flow training:  47%|████▋     | 47/100 [03:28<03:56,  4.46s/epoch, best=1.227e+00, sign=0.182, train=1.228e+00, val=1.223e+00]
GNN flow training:  47%|████▋     | 47/100 [03:32<03:56,  4.46s/epoch, best=1.223e+00, sign=0.182, train=1.225e+00, val=1.217e+00]
GNN flow training:  48%|████▊     | 48/100 [03:32<03:51,  4.45s/epoch, best=1.223e+00, sign=0.182, train=1.225e+00, val=1.217e+00]
GNN flow training:  48%|████▊     | 48/100 [03:37<03:51,  4.45s/epoch, best=1.217e+00, sign=0.181, train=1.219e+00, val=1.209e+00]
GNN flow training:  49%|████▉     | 49/100 [03:37<03:46,  4.45s/epoch, best=1.217e+00, sign=0.181, train=1.219e+00, val=1.209e+00]
GNN flow training:  49%|████▉     | 49/100 [03:41<03:46,  4.45s/epoch, best=1.209e+00, sign=0.182, train=1.210e+00, val=1.204e+00]
GNN flow training:  50%|█████     | 50/100 [03:41<03:42,  4.44s/epoch, best=1.209e+00, sign=0.182, train=1.210e+00, val=1.204e+00]
GNN flow training:  50%|█████     | 50/100 [03:46<03:42,  4.44s/epoch, best=1.204e+00, sign=0.182, train=1.205e+00, val=1.207e+00]
GNN flow training:  51%|█████     | 51/100 [03:46<03:37,  4.43s/epoch, best=1.204e+00, sign=0.182, train=1.205e+00, val=1.207e+00]
GNN flow training:  51%|█████     | 51/100 [03:50<03:37,  4.43s/epoch, best=1.204e+00, sign=0.183, train=1.208e+00, val=1.198e+00]
GNN flow training:  52%|█████▏    | 52/100 [03:50<03:32,  4.43s/epoch, best=1.204e+00, sign=0.183, train=1.208e+00, val=1.198e+00]
GNN flow training:  52%|█████▏    | 52/100 [03:55<03:32,  4.43s/epoch, best=1.198e+00, sign=0.184, train=1.199e+00, val=1.195e+00]
GNN flow training:  53%|█████▎    | 53/100 [03:55<03:28,  4.43s/epoch, best=1.198e+00, sign=0.184, train=1.199e+00, val=1.195e+00]
GNN flow training:  53%|█████▎    | 53/100 [03:59<03:28,  4.43s/epoch, best=1.195e+00, sign=0.184, train=1.196e+00, val=1.192e+00]
GNN flow training:  54%|█████▍    | 54/100 [03:59<03:24,  4.44s/epoch, best=1.195e+00, sign=0.184, train=1.196e+00, val=1.192e+00]
GNN flow training:  54%|█████▍    | 54/100 [04:03<03:24,  4.44s/epoch, best=1.192e+00, sign=0.185, train=1.193e+00, val=1.186e+00]
GNN flow training:  55%|█████▌    | 55/100 [04:03<03:19,  4.43s/epoch, best=1.192e+00, sign=0.185, train=1.193e+00, val=1.186e+00]
GNN flow training:  55%|█████▌    | 55/100 [04:08<03:19,  4.43s/epoch, best=1.186e+00, sign=0.186, train=1.187e+00, val=1.179e+00]
GNN flow training:  56%|█████▌    | 56/100 [04:08<03:15,  4.44s/epoch, best=1.186e+00, sign=0.186, train=1.187e+00, val=1.179e+00]
GNN flow training:  56%|█████▌    | 56/100 [04:12<03:15,  4.44s/epoch, best=1.179e+00, sign=0.189, train=1.180e+00, val=1.183e+00]
GNN flow training:  57%|█████▋    | 57/100 [04:12<03:10,  4.44s/epoch, best=1.179e+00, sign=0.189, train=1.180e+00, val=1.183e+00]
GNN flow training:  57%|█████▋    | 57/100 [04:17<03:10,  4.44s/epoch, best=1.179e+00, sign=0.192, train=1.184e+00, val=1.192e+00]
GNN flow training:  58%|█████▊    | 58/100 [04:17<03:05,  4.43s/epoch, best=1.179e+00, sign=0.192, train=1.184e+00, val=1.192e+00]
GNN flow training:  58%|█████▊    | 58/100 [04:21<03:05,  4.43s/epoch, best=1.179e+00, sign=0.196, train=1.193e+00, val=1.223e+00]
GNN flow training:  59%|█████▉    | 59/100 [04:21<03:01,  4.43s/epoch, best=1.179e+00, sign=0.196, train=1.193e+00, val=1.223e+00]
GNN flow training:  59%|█████▉    | 59/100 [04:26<03:01,  4.43s/epoch, best=1.179e+00, sign=0.198, train=1.224e+00, val=1.223e+00]
GNN flow training:  60%|██████    | 60/100 [04:26<02:57,  4.43s/epoch, best=1.179e+00, sign=0.198, train=1.224e+00, val=1.223e+00]
GNN flow training:  60%|██████    | 60/100 [04:30<02:57,  4.43s/epoch, best=1.179e+00, sign=0.198, train=1.224e+00, val=1.200e+00]
GNN flow training:  61%|██████    | 61/100 [04:30<02:52,  4.43s/epoch, best=1.179e+00, sign=0.198, train=1.224e+00, val=1.200e+00]
GNN flow training:  61%|██████    | 61/100 [04:35<02:52,  4.43s/epoch, best=1.179e+00, sign=0.197, train=1.201e+00, val=1.179e+00]
GNN flow training:  62%|██████▏   | 62/100 [04:35<02:48,  4.43s/epoch, best=1.179e+00, sign=0.197, train=1.201e+00, val=1.179e+00]
GNN flow training:  62%|██████▏   | 62/100 [04:39<02:48,  4.43s/epoch, best=1.179e+00, sign=0.196, train=1.180e+00, val=1.168e+00]
GNN flow training:  63%|██████▎   | 63/100 [04:39<02:43,  4.43s/epoch, best=1.179e+00, sign=0.196, train=1.180e+00, val=1.168e+00]
GNN flow training:  63%|██████▎   | 63/100 [04:43<02:43,  4.43s/epoch, best=1.168e+00, sign=0.197, train=1.169e+00, val=1.162e+00]
GNN flow training:  64%|██████▍   | 64/100 [04:43<02:39,  4.42s/epoch, best=1.168e+00, sign=0.197, train=1.169e+00, val=1.162e+00]
GNN flow training:  64%|██████▍   | 64/100 [04:48<02:39,  4.42s/epoch, best=1.162e+00, sign=0.196, train=1.163e+00, val=1.160e+00]
GNN flow training:  65%|██████▌   | 65/100 [04:48<02:35,  4.43s/epoch, best=1.162e+00, sign=0.196, train=1.163e+00, val=1.160e+00]
GNN flow training:  65%|██████▌   | 65/100 [04:52<02:35,  4.43s/epoch, best=1.160e+00, sign=0.197, train=1.161e+00, val=1.162e+00]
GNN flow training:  66%|██████▌   | 66/100 [04:52<02:30,  4.43s/epoch, best=1.160e+00, sign=0.197, train=1.161e+00, val=1.162e+00]
GNN flow training:  66%|██████▌   | 66/100 [04:57<02:30,  4.43s/epoch, best=1.160e+00, sign=0.195, train=1.163e+00, val=1.159e+00]
GNN flow training:  67%|██████▋   | 67/100 [04:57<02:26,  4.43s/epoch, best=1.160e+00, sign=0.195, train=1.163e+00, val=1.159e+00]
GNN flow training:  67%|██████▋   | 67/100 [05:01<02:26,  4.43s/epoch, best=1.159e+00, sign=0.194, train=1.160e+00, val=1.157e+00]
GNN flow training:  68%|██████▊   | 68/100 [05:01<02:21,  4.42s/epoch, best=1.159e+00, sign=0.194, train=1.160e+00, val=1.157e+00]
GNN flow training:  68%|██████▊   | 68/100 [05:05<02:21,  4.42s/epoch, best=1.157e+00, sign=0.193, train=1.158e+00, val=1.155e+00]
GNN flow training:  69%|██████▉   | 69/100 [05:05<02:16,  4.42s/epoch, best=1.157e+00, sign=0.193, train=1.158e+00, val=1.155e+00]
GNN flow training:  69%|██████▉   | 69/100 [05:10<02:16,  4.42s/epoch, best=1.155e+00, sign=0.192, train=1.156e+00, val=1.153e+00]
GNN flow training:  70%|███████   | 70/100 [05:10<02:12,  4.43s/epoch, best=1.155e+00, sign=0.192, train=1.156e+00, val=1.153e+00]
GNN flow training:  70%|███████   | 70/100 [05:14<02:12,  4.43s/epoch, best=1.153e+00, sign=0.192, train=1.154e+00, val=1.153e+00]
GNN flow training:  71%|███████   | 71/100 [05:14<02:08,  4.43s/epoch, best=1.153e+00, sign=0.192, train=1.154e+00, val=1.153e+00]
GNN flow training:  71%|███████   | 71/100 [05:19<02:08,  4.43s/epoch, best=1.153e+00, sign=0.191, train=1.154e+00, val=1.150e+00]
GNN flow training:  72%|███████▏  | 72/100 [05:19<02:03,  4.42s/epoch, best=1.153e+00, sign=0.191, train=1.154e+00, val=1.150e+00]
GNN flow training:  72%|███████▏  | 72/100 [05:23<02:03,  4.42s/epoch, best=1.150e+00, sign=0.190, train=1.151e+00, val=1.153e+00]
GNN flow training:  73%|███████▎  | 73/100 [05:23<01:59,  4.43s/epoch, best=1.150e+00, sign=0.190, train=1.151e+00, val=1.153e+00]
GNN flow training:  73%|███████▎  | 73/100 [05:28<01:59,  4.43s/epoch, best=1.150e+00, sign=0.189, train=1.154e+00, val=1.148e+00]
GNN flow training:  74%|███████▍  | 74/100 [05:28<01:55,  4.43s/epoch, best=1.150e+00, sign=0.189, train=1.154e+00, val=1.148e+00]
GNN flow training:  74%|███████▍  | 74/100 [05:32<01:55,  4.43s/epoch, best=1.148e+00, sign=0.187, train=1.149e+00, val=1.142e+00]
GNN flow training:  75%|███████▌  | 75/100 [05:32<01:50,  4.42s/epoch, best=1.148e+00, sign=0.187, train=1.149e+00, val=1.142e+00]
GNN flow training:  75%|███████▌  | 75/100 [05:36<01:50,  4.42s/epoch, best=1.142e+00, sign=0.186, train=1.143e+00, val=1.141e+00]
GNN flow training:  76%|███████▌  | 76/100 [05:36<01:45,  4.42s/epoch, best=1.142e+00, sign=0.186, train=1.143e+00, val=1.141e+00]
GNN flow training:  76%|███████▌  | 76/100 [05:41<01:45,  4.42s/epoch, best=1.141e+00, sign=0.183, train=1.143e+00, val=1.134e+00]
GNN flow training:  77%|███████▋  | 77/100 [05:41<01:41,  4.41s/epoch, best=1.141e+00, sign=0.183, train=1.143e+00, val=1.134e+00]
GNN flow training:  77%|███████▋  | 77/100 [05:45<01:41,  4.41s/epoch, best=1.134e+00, sign=0.182, train=1.136e+00, val=1.129e+00]
GNN flow training:  78%|███████▊  | 78/100 [05:45<01:37,  4.42s/epoch, best=1.134e+00, sign=0.182, train=1.136e+00, val=1.129e+00]
GNN flow training:  78%|███████▊  | 78/100 [05:50<01:37,  4.42s/epoch, best=1.129e+00, sign=0.182, train=1.130e+00, val=1.125e+00]
GNN flow training:  79%|███████▉  | 79/100 [05:50<01:32,  4.42s/epoch, best=1.129e+00, sign=0.182, train=1.130e+00, val=1.125e+00]
GNN flow training:  79%|███████▉  | 79/100 [05:54<01:32,  4.42s/epoch, best=1.125e+00, sign=0.181, train=1.127e+00, val=1.121e+00]
GNN flow training:  80%|████████  | 80/100 [05:54<01:28,  4.41s/epoch, best=1.125e+00, sign=0.181, train=1.127e+00, val=1.121e+00]
GNN flow training:  80%|████████  | 80/100 [05:59<01:28,  4.41s/epoch, best=1.121e+00, sign=0.181, train=1.122e+00, val=1.113e+00]
GNN flow training:  81%|████████  | 81/100 [05:59<01:23,  4.41s/epoch, best=1.121e+00, sign=0.181, train=1.122e+00, val=1.113e+00]
GNN flow training:  81%|████████  | 81/100 [06:03<01:23,  4.41s/epoch, best=1.113e+00, sign=0.181, train=1.114e+00, val=1.113e+00]
GNN flow training:  82%|████████▏ | 82/100 [06:03<01:19,  4.40s/epoch, best=1.113e+00, sign=0.181, train=1.114e+00, val=1.113e+00]
GNN flow training:  82%|████████▏ | 82/100 [06:07<01:19,  4.40s/epoch, best=1.113e+00, sign=0.183, train=1.114e+00, val=1.112e+00]
GNN flow training:  83%|████████▎ | 83/100 [06:07<01:14,  4.40s/epoch, best=1.113e+00, sign=0.183, train=1.114e+00, val=1.112e+00]
GNN flow training:  83%|████████▎ | 83/100 [06:12<01:14,  4.40s/epoch, best=1.112e+00, sign=0.183, train=1.113e+00, val=1.124e+00]
GNN flow training:  84%|████████▍ | 84/100 [06:12<01:10,  4.41s/epoch, best=1.112e+00, sign=0.183, train=1.113e+00, val=1.124e+00]
GNN flow training:  84%|████████▍ | 84/100 [06:16<01:10,  4.41s/epoch, best=1.112e+00, sign=0.181, train=1.125e+00, val=1.132e+00]
GNN flow training:  85%|████████▌ | 85/100 [06:16<01:06,  4.42s/epoch, best=1.112e+00, sign=0.181, train=1.125e+00, val=1.132e+00]
GNN flow training:  85%|████████▌ | 85/100 [06:21<01:06,  4.42s/epoch, best=1.112e+00, sign=0.179, train=1.133e+00, val=1.137e+00]
GNN flow training:  86%|████████▌ | 86/100 [06:21<01:02,  4.44s/epoch, best=1.112e+00, sign=0.179, train=1.133e+00, val=1.137e+00]
GNN flow training:  86%|████████▌ | 86/100 [06:25<01:02,  4.44s/epoch, best=1.112e+00, sign=0.178, train=1.138e+00, val=1.146e+00]
GNN flow training:  87%|████████▋ | 87/100 [06:25<00:57,  4.44s/epoch, best=1.112e+00, sign=0.178, train=1.138e+00, val=1.146e+00]
GNN flow training:  87%|████████▋ | 87/100 [06:29<00:57,  4.44s/epoch, best=1.112e+00, sign=0.177, train=1.147e+00, val=1.145e+00]
GNN flow training:  88%|████████▊ | 88/100 [06:29<00:53,  4.43s/epoch, best=1.112e+00, sign=0.177, train=1.147e+00, val=1.145e+00]
GNN flow training:  88%|████████▊ | 88/100 [06:34<00:53,  4.43s/epoch, best=1.112e+00, sign=0.176, train=1.146e+00, val=1.144e+00]
GNN flow training:  89%|████████▉ | 89/100 [06:34<00:48,  4.44s/epoch, best=1.112e+00, sign=0.176, train=1.146e+00, val=1.144e+00]
GNN flow training:  89%|████████▉ | 89/100 [06:38<00:48,  4.44s/epoch, best=1.112e+00, sign=0.173, train=1.145e+00, val=1.140e+00]
GNN flow training:  90%|█████████ | 90/100 [06:38<00:44,  4.44s/epoch, best=1.112e+00, sign=0.173, train=1.145e+00, val=1.140e+00]
GNN flow training:  90%|█████████ | 90/100 [06:43<00:44,  4.44s/epoch, best=1.112e+00, sign=0.170, train=1.141e+00, val=1.130e+00]
GNN flow training:  91%|█████████ | 91/100 [06:43<00:39,  4.43s/epoch, best=1.112e+00, sign=0.170, train=1.141e+00, val=1.130e+00]
GNN flow training:  91%|█████████ | 91/100 [06:47<00:39,  4.43s/epoch, best=1.112e+00, sign=0.166, train=1.131e+00, val=1.121e+00]
GNN flow training:  92%|█████████▏| 92/100 [06:47<00:35,  4.43s/epoch, best=1.112e+00, sign=0.166, train=1.131e+00, val=1.121e+00]
GNN flow training:  92%|█████████▏| 92/100 [06:52<00:35,  4.43s/epoch, best=1.112e+00, sign=0.164, train=1.122e+00, val=1.116e+00]
GNN flow training:  93%|█████████▎| 93/100 [06:52<00:30,  4.41s/epoch, best=1.112e+00, sign=0.164, train=1.122e+00, val=1.116e+00]
GNN flow training:  93%|█████████▎| 93/100 [06:56<00:30,  4.41s/epoch, best=1.112e+00, sign=0.164, train=1.117e+00, val=1.107e+00]
GNN flow training:  94%|█████████▍| 94/100 [06:56<00:26,  4.40s/epoch, best=1.112e+00, sign=0.164, train=1.117e+00, val=1.107e+00]
GNN flow training:  94%|█████████▍| 94/100 [07:00<00:26,  4.40s/epoch, best=1.107e+00, sign=0.163, train=1.108e+00, val=1.101e+00]
GNN flow training:  95%|█████████▌| 95/100 [07:00<00:22,  4.40s/epoch, best=1.107e+00, sign=0.163, train=1.108e+00, val=1.101e+00]
GNN flow training:  95%|█████████▌| 95/100 [07:05<00:22,  4.40s/epoch, best=1.101e+00, sign=0.160, train=1.102e+00, val=1.088e+00]
GNN flow training:  96%|█████████▌| 96/100 [07:05<00:17,  4.40s/epoch, best=1.101e+00, sign=0.160, train=1.102e+00, val=1.088e+00]
GNN flow training:  96%|█████████▌| 96/100 [07:09<00:17,  4.40s/epoch, best=1.088e+00, sign=0.161, train=1.089e+00, val=1.085e+00]
GNN flow training:  97%|█████████▋| 97/100 [07:09<00:13,  4.38s/epoch, best=1.088e+00, sign=0.161, train=1.089e+00, val=1.085e+00]
GNN flow training:  97%|█████████▋| 97/100 [07:14<00:13,  4.38s/epoch, best=1.085e+00, sign=0.163, train=1.087e+00, val=1.094e+00]
GNN flow training:  98%|█████████▊| 98/100 [07:14<00:08,  4.39s/epoch, best=1.085e+00, sign=0.163, train=1.087e+00, val=1.094e+00]
GNN flow training:  98%|█████████▊| 98/100 [07:18<00:08,  4.39s/epoch, best=1.085e+00, sign=0.166, train=1.095e+00, val=1.106e+00]
GNN flow training:  99%|█████████▉| 99/100 [07:18<00:04,  4.40s/epoch, best=1.085e+00, sign=0.166, train=1.095e+00, val=1.106e+00]
GNN flow training:  99%|█████████▉| 99/100 [07:22<00:04,  4.40s/epoch, best=1.085e+00, sign=0.171, train=1.107e+00, val=1.109e+00]
GNN flow training: 100%|██████████| 100/100 [07:22<00:00,  4.41s/epoch, best=1.085e+00, sign=0.171, train=1.107e+00, val=1.109e+00]
GNN flow training: 100%|██████████| 100/100 [07:22<00:00,  4.43s/epoch, best=1.085e+00, sign=0.171, train=1.107e+00, val=1.109e+00]
Resolved config snapshot:
{'preset': 'solver_QKB_outer_QKBdelta', 'gnn_outer_losses': {'flow': 1.0, 'kirchhoff': 10.0, 'boundary': 100.0, 'delta_l2': 10.0, 'delta_smooth': 0.0, 'pressure_shape': 0.0}, 'physics': {'arterial_flow_mode': 'dataset', 'pressure_constraints': ['equal-av-pressure-drop'], 'alpha_pa': None, 'use_snr_weights': True, 'use_observed_flow_snr_weighting': True, 'flow_scale_mode': 'median_abs', 'solver_device': 'same', 'pressure_solver_mode': 'reduced-soft-constrained-lstsq', 'pressure_solver_lambda_kirchhoff': 1.0, 'pressure_solver_lambda_pressure_constraints': 100.0, 'pressure_solver_lambda_flow_residual': 1.0, 'pressure_shape_reference': 'delta_zero_reference', 'pressure_detach': False}, 'correction_bounds': {'correction_min': -0.5, 'correction_max': 0.5, 'correction_bound': 0.5, 'correction_parameterization': 'tanh'}, 'optimization': {'learning_rate': 0.001, 'weight_decay': 0.0001, 'gradient_clip_norm': 5.0, 'optimizer': 'adamw', 'epochs': 100, 'patience': 40}}
Resolved config snapshot:
{'preset': 'solver_QKB_outer_QKBdelta', 'gnn_outer_losses': {'flow': 0.1, 'kirchhoff': 0.1, 'boundary': 100.0, 'delta_l2': 1.0, 'delta_smooth': 0.0, 'pressure_shape': 0.0}, 'physics': {'arterial_flow_mode': 'dataset', 'pressure_constraints': ['equal-av-pressure-drop'], 'alpha_pa': None, 'use_snr_weights': True, 'use_observed_flow_snr_weighting': True, 'flow_scale_mode': 'median_abs', 'solver_device': 'same', 'pressure_solver_mode': 'reduced-soft-constrained-lstsq', 'pressure_solver_lambda_kirchhoff': 1.0, 'pressure_solver_lambda_pressure_constraints': 100.0, 'pressure_solver_lambda_flow_residual': 1.0, 'pressure_shape_reference': 'delta_zero_reference', 'pressure_detach': False}, 'correction_bounds': {'correction_min': -0.5, 'correction_max': 0.5, 'correction_bound': 0.5, 'correction_parameterization': 'tanh'}, 'optimization': {'learning_rate': 0.001, 'weight_decay': 0.0001, 'gradient_clip_norm': 5.0, 'optimizer': 'adamw', 'epochs': 100, 'patience': 40}}
Command: /mnt/home/sswee/miniforge3/envs/yolk-sac/bin/python /mnt/home/sswee/yolk/Yolk-Sac-Flow-Data-and-Sim/gnn_clean/scripts/python/gnn_flow.py /mnt/home/sswee/yolk/Yolk-Sac-Flow-Data-and-Sim/gnn_clean/datasets/mosaic_graph_canonical_harmonized/mosaic_graph_canonical_harmonized.gpickle --output-dir /mnt/home/sswee/yolk/Yolk-Sac-Flow-Data-and-Sim/gnn_clean/outputs_canonical/dc/03_pressure_constraint_sensitivity/gnn --run-name q_1__k_10__delta_10__constraint_equal_drop --preset solver_QKB_outer_QKBdelta --device cuda --epochs 100 --seed 0 --viscosity-pa-s 0.0035 --config /mnt/home/sswee/yolk/Yolk-Sac-Flow-Data-and-Sim/gnn_clean/outputs_canonical/dc/03_pressure_constraint_sensitivity/_generated_configs/q_1__k_10__delta_10__constraint_equal_drop.yaml --no-pressure-detach
Command: /mnt/home/sswee/miniforge3/envs/yolk-sac/bin/python /mnt/home/sswee/yolk/Yolk-Sac-Flow-Data-and-Sim/gnn_clean/scripts/python/gnn_flow.py /mnt/home/sswee/yolk/Yolk-Sac-Flow-Data-and-Sim/gnn_clean/datasets/mosaic_graph_canonical_harmonized/mosaic_graph_canonical_harmonized.gpickle --output-dir /mnt/home/sswee/yolk/Yolk-Sac-Flow-Data-and-Sim/gnn_clean/outputs_canonical/dc/03_pressure_constraint_sensitivity/gnn --run-name q_0p1__k_0p1__delta_1__constraint_equal_drop --preset solver_QKB_outer_QKBdelta --device cuda --epochs 100 --seed 0 --viscosity-pa-s 0.0035 --config /mnt/home/sswee/yolk/Yolk-Sac-Flow-Data-and-Sim/gnn_clean/outputs_canonical/dc/03_pressure_constraint_sensitivity/_generated_configs/q_0p1__k_0p1__delta_1__constraint_equal_drop.yaml --no-pressure-detach
Command: /mnt/home/sswee/miniforge3/envs/yolk-sac/bin/python /mnt/home/sswee/yolk/Yolk-Sac-Flow-Data-and-Sim/gnn_clean/scripts/python/poiseuille_only_baseline.py /mnt/home/sswee/yolk/Yolk-Sac-Flow-Data-and-Sim/gnn_clean/datasets/mosaic_graph_canonical_harmonized/mosaic_graph_canonical_harmonized.gpickle --output-dir /mnt/home/sswee/yolk/Yolk-Sac-Flow-Data-and-Sim/gnn_clean/outputs_canonical/dc/03_pressure_constraint_sensitivity/poiseuille --run-name poiseuille__q_10__k_100__constraint_equal_drop --device cpu --viscosity-pa-s 0.0035 --dc-solve-mode reduced-soft-constrained-lstsq --arterial-flow-mode dataset --lambda-kirchhoff 100.0 --lambda-pressure-constraints 100.0 --lambda-flow-residual 10.0 --pressure-constraint equal-av-pressure-drop
