[info] DC Step 2 canonical sweep uses fixed lambda_B=100.0 for both the outer boundary loss and the reduced pressure-solver boundary constraint.

GNN flow training:   0%|          | 0/100 [00:00<?, ?epoch/s]
GNN flow training:   0%|          | 0/100 [00:04<?, ?epoch/s, best=1.322e+02, sign=0.194, train=1.337e+02, val=1.322e+02]
GNN flow training:   1%|          | 1/100 [00:04<07:48,  4.73s/epoch, best=1.322e+02, sign=0.194, train=1.337e+02, val=1.322e+02]
GNN flow training:   1%|          | 1/100 [00:09<07:48,  4.73s/epoch, best=1.322e+02, sign=0.194, train=1.337e+02, val=1.324e+02]
GNN flow training:   2%|▏         | 2/100 [00:09<07:27,  4.57s/epoch, best=1.322e+02, sign=0.194, train=1.337e+02, val=1.324e+02]
GNN flow training:   2%|▏         | 2/100 [00:13<07:27,  4.57s/epoch, best=1.322e+02, sign=0.194, train=1.340e+02, val=1.323e+02]
GNN flow training:   3%|▎         | 3/100 [00:13<07:20,  4.54s/epoch, best=1.322e+02, sign=0.194, train=1.340e+02, val=1.323e+02]
GNN flow training:   3%|▎         | 3/100 [00:18<07:20,  4.54s/epoch, best=1.322e+02, sign=0.194, train=1.339e+02, val=1.324e+02]
GNN flow training:   4%|▍         | 4/100 [00:18<07:12,  4.51s/epoch, best=1.322e+02, sign=0.194, train=1.339e+02, val=1.324e+02]
GNN flow training:   4%|▍         | 4/100 [00:22<07:12,  4.51s/epoch, best=1.322e+02, sign=0.194, train=1.340e+02, val=1.322e+02]
GNN flow training:   5%|▌         | 5/100 [00:22<07:05,  4.48s/epoch, best=1.322e+02, sign=0.194, train=1.340e+02, val=1.322e+02]
GNN flow training:   5%|▌         | 5/100 [00:27<07:05,  4.48s/epoch, best=1.322e+02, sign=0.195, train=1.337e+02, val=1.320e+02]
GNN flow training:   6%|▌         | 6/100 [00:27<07:01,  4.48s/epoch, best=1.322e+02, sign=0.195, train=1.337e+02, val=1.320e+02]
GNN flow training:   6%|▌         | 6/100 [00:31<07:01,  4.48s/epoch, best=1.320e+02, sign=0.195, train=1.336e+02, val=1.316e+02]
GNN flow training:   7%|▋         | 7/100 [00:31<06:56,  4.48s/epoch, best=1.320e+02, sign=0.195, train=1.336e+02, val=1.316e+02]
GNN flow training:   7%|▋         | 7/100 [00:36<06:56,  4.48s/epoch, best=1.316e+02, sign=0.195, train=1.332e+02, val=1.317e+02]
GNN flow training:   8%|▊         | 8/100 [00:36<06:51,  4.48s/epoch, best=1.316e+02, sign=0.195, train=1.332e+02, val=1.317e+02]
GNN flow training:   8%|▊         | 8/100 [00:40<06:51,  4.48s/epoch, best=1.316e+02, sign=0.195, train=1.333e+02, val=1.313e+02]
GNN flow training:   9%|▉         | 9/100 [00:40<06:47,  4.48s/epoch, best=1.316e+02, sign=0.195, train=1.333e+02, val=1.313e+02]
GNN flow training:   9%|▉         | 9/100 [00:45<06:47,  4.48s/epoch, best=1.313e+02, sign=0.195, train=1.329e+02, val=1.316e+02]
GNN flow training:  10%|█         | 10/100 [00:45<06:44,  4.49s/epoch, best=1.313e+02, sign=0.195, train=1.329e+02, val=1.316e+02]
GNN flow training:  10%|█         | 10/100 [00:49<06:44,  4.49s/epoch, best=1.313e+02, sign=0.195, train=1.333e+02, val=1.318e+02]
GNN flow training:  11%|█         | 11/100 [00:49<06:41,  4.51s/epoch, best=1.313e+02, sign=0.195, train=1.333e+02, val=1.318e+02]
GNN flow training:  11%|█         | 11/100 [00:54<06:41,  4.51s/epoch, best=1.313e+02, sign=0.195, train=1.334e+02, val=1.318e+02]
GNN flow training:  12%|█▏        | 12/100 [00:54<06:35,  4.50s/epoch, best=1.313e+02, sign=0.195, train=1.334e+02, val=1.318e+02]
GNN flow training:  12%|█▏        | 12/100 [00:58<06:35,  4.50s/epoch, best=1.313e+02, sign=0.195, train=1.334e+02, val=1.318e+02]
GNN flow training:  13%|█▎        | 13/100 [00:58<06:30,  4.49s/epoch, best=1.313e+02, sign=0.195, train=1.334e+02, val=1.318e+02]
GNN flow training:  13%|█▎        | 13/100 [01:02<06:30,  4.49s/epoch, best=1.313e+02, sign=0.196, train=1.335e+02, val=1.318e+02]
GNN flow training:  14%|█▍        | 14/100 [01:02<06:25,  4.49s/epoch, best=1.313e+02, sign=0.196, train=1.335e+02, val=1.318e+02]
GNN flow training:  14%|█▍        | 14/100 [01:07<06:25,  4.49s/epoch, best=1.313e+02, sign=0.196, train=1.334e+02, val=1.318e+02]
GNN flow training:  15%|█▌        | 15/100 [01:07<06:21,  4.48s/epoch, best=1.313e+02, sign=0.196, train=1.334e+02, val=1.318e+02]
GNN flow training:  15%|█▌        | 15/100 [01:11<06:21,  4.48s/epoch, best=1.313e+02, sign=0.195, train=1.334e+02, val=1.318e+02]
GNN flow training:  16%|█▌        | 16/100 [01:11<06:16,  4.49s/epoch, best=1.313e+02, sign=0.195, train=1.334e+02, val=1.318e+02]
GNN flow training:  16%|█▌        | 16/100 [01:16<06:16,  4.49s/epoch, best=1.313e+02, sign=0.195, train=1.334e+02, val=1.316e+02]
GNN flow training:  17%|█▋        | 17/100 [01:16<06:13,  4.50s/epoch, best=1.313e+02, sign=0.195, train=1.334e+02, val=1.316e+02]
GNN flow training:  17%|█▋        | 17/100 [01:21<06:13,  4.50s/epoch, best=1.313e+02, sign=0.195, train=1.333e+02, val=1.316e+02]
GNN flow training:  18%|█▊        | 18/100 [01:21<06:10,  4.51s/epoch, best=1.313e+02, sign=0.195, train=1.333e+02, val=1.316e+02]
GNN flow training:  18%|█▊        | 18/100 [01:25<06:10,  4.51s/epoch, best=1.313e+02, sign=0.194, train=1.332e+02, val=1.315e+02]
GNN flow training:  19%|█▉        | 19/100 [01:25<06:04,  4.50s/epoch, best=1.313e+02, sign=0.194, train=1.332e+02, val=1.315e+02]
GNN flow training:  19%|█▉        | 19/100 [01:29<06:04,  4.50s/epoch, best=1.313e+02, sign=0.193, train=1.331e+02, val=1.310e+02]
GNN flow training:  20%|██        | 20/100 [01:29<05:59,  4.49s/epoch, best=1.313e+02, sign=0.193, train=1.331e+02, val=1.310e+02]
GNN flow training:  20%|██        | 20/100 [01:34<05:59,  4.49s/epoch, best=1.310e+02, sign=0.193, train=1.326e+02, val=1.310e+02]
GNN flow training:  21%|██        | 21/100 [01:34<05:54,  4.49s/epoch, best=1.310e+02, sign=0.193, train=1.326e+02, val=1.310e+02]
GNN flow training:  21%|██        | 21/100 [01:38<05:54,  4.49s/epoch, best=1.310e+02, sign=0.193, train=1.326e+02, val=1.304e+02]
GNN flow training:  22%|██▏       | 22/100 [01:38<05:50,  4.49s/epoch, best=1.310e+02, sign=0.193, train=1.326e+02, val=1.304e+02]
GNN flow training:  22%|██▏       | 22/100 [01:43<05:50,  4.49s/epoch, best=1.304e+02, sign=0.193, train=1.320e+02, val=1.302e+02]
GNN flow training:  23%|██▎       | 23/100 [01:43<05:45,  4.49s/epoch, best=1.304e+02, sign=0.193, train=1.320e+02, val=1.302e+02]
GNN flow training:  23%|██▎       | 23/100 [01:47<05:45,  4.49s/epoch, best=1.302e+02, sign=0.192, train=1.318e+02, val=1.297e+02]
GNN flow training:  24%|██▍       | 24/100 [01:47<05:41,  4.49s/epoch, best=1.302e+02, sign=0.192, train=1.318e+02, val=1.297e+02]
GNN flow training:  24%|██▍       | 24/100 [01:52<05:41,  4.49s/epoch, best=1.297e+02, sign=0.193, train=1.313e+02, val=1.294e+02]
GNN flow training:  25%|██▌       | 25/100 [01:52<05:36,  4.48s/epoch, best=1.297e+02, sign=0.193, train=1.313e+02, val=1.294e+02]
GNN flow training:  25%|██▌       | 25/100 [01:56<05:36,  4.48s/epoch, best=1.294e+02, sign=0.194, train=1.309e+02, val=1.290e+02]
GNN flow training:  26%|██▌       | 26/100 [01:56<05:32,  4.49s/epoch, best=1.294e+02, sign=0.194, train=1.309e+02, val=1.290e+02]
GNN flow training:  26%|██▌       | 26/100 [02:01<05:32,  4.49s/epoch, best=1.290e+02, sign=0.194, train=1.306e+02, val=1.285e+02]
GNN flow training:  27%|██▋       | 27/100 [02:01<05:27,  4.49s/epoch, best=1.290e+02, sign=0.194, train=1.306e+02, val=1.285e+02]
GNN flow training:  27%|██▋       | 27/100 [02:05<05:27,  4.49s/epoch, best=1.285e+02, sign=0.193, train=1.301e+02, val=1.284e+02]
GNN flow training:  28%|██▊       | 28/100 [02:05<05:22,  4.48s/epoch, best=1.285e+02, sign=0.193, train=1.301e+02, val=1.284e+02]
GNN flow training:  28%|██▊       | 28/100 [02:10<05:22,  4.48s/epoch, best=1.284e+02, sign=0.192, train=1.299e+02, val=1.280e+02]
GNN flow training:  29%|██▉       | 29/100 [02:10<05:18,  4.49s/epoch, best=1.284e+02, sign=0.192, train=1.299e+02, val=1.280e+02]
GNN flow training:  29%|██▉       | 29/100 [02:14<05:18,  4.49s/epoch, best=1.280e+02, sign=0.192, train=1.296e+02, val=1.275e+02]
GNN flow training:  30%|███       | 30/100 [02:14<05:14,  4.49s/epoch, best=1.280e+02, sign=0.192, train=1.296e+02, val=1.275e+02]
GNN flow training:  30%|███       | 30/100 [02:19<05:14,  4.49s/epoch, best=1.275e+02, sign=0.192, train=1.290e+02, val=1.268e+02]
GNN flow training:  31%|███       | 31/100 [02:19<05:09,  4.49s/epoch, best=1.275e+02, sign=0.192, train=1.290e+02, val=1.268e+02]
GNN flow training:  31%|███       | 31/100 [02:23<05:09,  4.49s/epoch, best=1.268e+02, sign=0.191, train=1.283e+02, val=1.263e+02]
GNN flow training:  32%|███▏      | 32/100 [02:23<05:04,  4.48s/epoch, best=1.268e+02, sign=0.191, train=1.283e+02, val=1.263e+02]
GNN flow training:  32%|███▏      | 32/100 [02:28<05:04,  4.48s/epoch, best=1.263e+02, sign=0.190, train=1.278e+02, val=1.259e+02]
GNN flow training:  33%|███▎      | 33/100 [02:28<05:00,  4.48s/epoch, best=1.263e+02, sign=0.190, train=1.278e+02, val=1.259e+02]
GNN flow training:  33%|███▎      | 33/100 [02:32<05:00,  4.48s/epoch, best=1.259e+02, sign=0.190, train=1.273e+02, val=1.256e+02]
GNN flow training:  34%|███▍      | 34/100 [02:32<04:55,  4.48s/epoch, best=1.259e+02, sign=0.190, train=1.273e+02, val=1.256e+02]
GNN flow training:  34%|███▍      | 34/100 [02:37<04:55,  4.48s/epoch, best=1.256e+02, sign=0.188, train=1.270e+02, val=1.247e+02]
GNN flow training:  35%|███▌      | 35/100 [02:37<04:50,  4.47s/epoch, best=1.256e+02, sign=0.188, train=1.270e+02, val=1.247e+02]
GNN flow training:  35%|███▌      | 35/100 [02:41<04:50,  4.47s/epoch, best=1.247e+02, sign=0.188, train=1.261e+02, val=1.241e+02]
GNN flow training:  36%|███▌      | 36/100 [02:41<04:46,  4.47s/epoch, best=1.247e+02, sign=0.188, train=1.261e+02, val=1.241e+02]
GNN flow training:  36%|███▌      | 36/100 [02:46<04:46,  4.47s/epoch, best=1.241e+02, sign=0.188, train=1.255e+02, val=1.237e+02]
GNN flow training:  37%|███▋      | 37/100 [02:46<04:42,  4.48s/epoch, best=1.241e+02, sign=0.188, train=1.255e+02, val=1.237e+02]
GNN flow training:  37%|███▋      | 37/100 [02:50<04:42,  4.48s/epoch, best=1.237e+02, sign=0.187, train=1.251e+02, val=1.234e+02]
GNN flow training:  38%|███▊      | 38/100 [02:50<04:37,  4.48s/epoch, best=1.237e+02, sign=0.187, train=1.251e+02, val=1.234e+02]
GNN flow training:  38%|███▊      | 38/100 [02:55<04:37,  4.48s/epoch, best=1.234e+02, sign=0.187, train=1.247e+02, val=1.226e+02]
GNN flow training:  39%|███▉      | 39/100 [02:55<04:32,  4.47s/epoch, best=1.234e+02, sign=0.187, train=1.247e+02, val=1.226e+02]
GNN flow training:  39%|███▉      | 39/100 [02:59<04:32,  4.47s/epoch, best=1.226e+02, sign=0.186, train=1.239e+02, val=1.220e+02]
GNN flow training:  40%|████      | 40/100 [02:59<04:27,  4.46s/epoch, best=1.226e+02, sign=0.186, train=1.239e+02, val=1.220e+02]
GNN flow training:  40%|████      | 40/100 [03:04<04:27,  4.46s/epoch, best=1.220e+02, sign=0.185, train=1.233e+02, val=1.216e+02]
GNN flow training:  41%|████      | 41/100 [03:04<04:24,  4.48s/epoch, best=1.220e+02, sign=0.185, train=1.233e+02, val=1.216e+02]
GNN flow training:  41%|████      | 41/100 [03:08<04:24,  4.48s/epoch, best=1.216e+02, sign=0.186, train=1.229e+02, val=1.225e+02]
GNN flow training:  42%|████▏     | 42/100 [03:08<04:19,  4.48s/epoch, best=1.216e+02, sign=0.186, train=1.229e+02, val=1.225e+02]
GNN flow training:  42%|████▏     | 42/100 [03:13<04:19,  4.48s/epoch, best=1.216e+02, sign=0.186, train=1.239e+02, val=1.229e+02]
GNN flow training:  43%|████▎     | 43/100 [03:13<04:15,  4.49s/epoch, best=1.216e+02, sign=0.186, train=1.239e+02, val=1.229e+02]
GNN flow training:  43%|████▎     | 43/100 [03:17<04:15,  4.49s/epoch, best=1.216e+02, sign=0.185, train=1.243e+02, val=1.234e+02]
GNN flow training:  44%|████▍     | 44/100 [03:17<04:10,  4.48s/epoch, best=1.216e+02, sign=0.185, train=1.243e+02, val=1.234e+02]
GNN flow training:  44%|████▍     | 44/100 [03:22<04:10,  4.48s/epoch, best=1.216e+02, sign=0.185, train=1.247e+02, val=1.236e+02]
GNN flow training:  45%|████▌     | 45/100 [03:22<04:07,  4.51s/epoch, best=1.216e+02, sign=0.185, train=1.247e+02, val=1.236e+02]
GNN flow training:  45%|████▌     | 45/100 [03:26<04:07,  4.51s/epoch, best=1.216e+02, sign=0.184, train=1.249e+02, val=1.228e+02]
GNN flow training:  46%|████▌     | 46/100 [03:26<04:03,  4.50s/epoch, best=1.216e+02, sign=0.184, train=1.249e+02, val=1.228e+02]
GNN flow training:  46%|████▌     | 46/100 [03:31<04:03,  4.50s/epoch, best=1.216e+02, sign=0.181, train=1.241e+02, val=1.215e+02]
GNN flow training:  47%|████▋     | 47/100 [03:31<03:57,  4.49s/epoch, best=1.216e+02, sign=0.181, train=1.241e+02, val=1.215e+02]
GNN flow training:  47%|████▋     | 47/100 [03:35<03:57,  4.49s/epoch, best=1.215e+02, sign=0.180, train=1.227e+02, val=1.199e+02]
GNN flow training:  48%|████▊     | 48/100 [03:35<03:53,  4.49s/epoch, best=1.215e+02, sign=0.180, train=1.227e+02, val=1.199e+02]
GNN flow training:  48%|████▊     | 48/100 [03:40<03:53,  4.49s/epoch, best=1.199e+02, sign=0.177, train=1.211e+02, val=1.181e+02]
GNN flow training:  49%|████▉     | 49/100 [03:40<03:48,  4.49s/epoch, best=1.199e+02, sign=0.177, train=1.211e+02, val=1.181e+02]
GNN flow training:  49%|████▉     | 49/100 [03:44<03:48,  4.49s/epoch, best=1.181e+02, sign=0.177, train=1.192e+02, val=1.168e+02]
GNN flow training:  50%|█████     | 50/100 [03:44<03:44,  4.49s/epoch, best=1.181e+02, sign=0.177, train=1.192e+02, val=1.168e+02]
GNN flow training:  50%|█████     | 50/100 [03:49<03:44,  4.49s/epoch, best=1.168e+02, sign=0.177, train=1.178e+02, val=1.164e+02]
GNN flow training:  51%|█████     | 51/100 [03:49<03:40,  4.50s/epoch, best=1.168e+02, sign=0.177, train=1.178e+02, val=1.164e+02]
GNN flow training:  51%|█████     | 51/100 [03:53<03:40,  4.50s/epoch, best=1.164e+02, sign=0.180, train=1.174e+02, val=1.187e+02]
GNN flow training:  52%|█████▏    | 52/100 [03:53<03:35,  4.49s/epoch, best=1.164e+02, sign=0.180, train=1.174e+02, val=1.187e+02]
GNN flow training:  52%|█████▏    | 52/100 [03:57<03:35,  4.49s/epoch, best=1.164e+02, sign=0.182, train=1.198e+02, val=1.192e+02]
GNN flow training:  53%|█████▎    | 53/100 [03:57<03:31,  4.49s/epoch, best=1.164e+02, sign=0.182, train=1.198e+02, val=1.192e+02]
GNN flow training:  53%|█████▎    | 53/100 [04:02<03:31,  4.49s/epoch, best=1.164e+02, sign=0.182, train=1.202e+02, val=1.187e+02]
GNN flow training:  54%|█████▍    | 54/100 [04:02<03:25,  4.48s/epoch, best=1.164e+02, sign=0.182, train=1.202e+02, val=1.187e+02]
GNN flow training:  54%|█████▍    | 54/100 [04:06<03:25,  4.48s/epoch, best=1.164e+02, sign=0.179, train=1.198e+02, val=1.172e+02]
GNN flow training:  55%|█████▌    | 55/100 [04:06<03:21,  4.48s/epoch, best=1.164e+02, sign=0.179, train=1.198e+02, val=1.172e+02]
GNN flow training:  55%|█████▌    | 55/100 [04:11<03:21,  4.48s/epoch, best=1.164e+02, sign=0.176, train=1.182e+02, val=1.162e+02]
GNN flow training:  56%|█████▌    | 56/100 [04:11<03:17,  4.49s/epoch, best=1.164e+02, sign=0.176, train=1.182e+02, val=1.162e+02]
GNN flow training:  56%|█████▌    | 56/100 [04:15<03:17,  4.49s/epoch, best=1.162e+02, sign=0.175, train=1.171e+02, val=1.158e+02]
GNN flow training:  57%|█████▋    | 57/100 [04:15<03:12,  4.48s/epoch, best=1.162e+02, sign=0.175, train=1.171e+02, val=1.158e+02]
GNN flow training:  57%|█████▋    | 57/100 [04:20<03:12,  4.48s/epoch, best=1.158e+02, sign=0.176, train=1.166e+02, val=1.158e+02]
GNN flow training:  58%|█████▊    | 58/100 [04:20<03:07,  4.47s/epoch, best=1.158e+02, sign=0.176, train=1.166e+02, val=1.158e+02]
GNN flow training:  58%|█████▊    | 58/100 [04:24<03:07,  4.47s/epoch, best=1.158e+02, sign=0.176, train=1.167e+02, val=1.153e+02]
GNN flow training:  59%|█████▉    | 59/100 [04:24<03:03,  4.47s/epoch, best=1.158e+02, sign=0.176, train=1.167e+02, val=1.153e+02]
GNN flow training:  59%|█████▉    | 59/100 [04:29<03:03,  4.47s/epoch, best=1.153e+02, sign=0.175, train=1.162e+02, val=1.150e+02]
GNN flow training:  60%|██████    | 60/100 [04:29<02:58,  4.46s/epoch, best=1.153e+02, sign=0.175, train=1.162e+02, val=1.150e+02]
GNN flow training:  60%|██████    | 60/100 [04:33<02:58,  4.46s/epoch, best=1.150e+02, sign=0.176, train=1.159e+02, val=1.144e+02]
GNN flow training:  61%|██████    | 61/100 [04:33<02:55,  4.49s/epoch, best=1.150e+02, sign=0.176, train=1.159e+02, val=1.144e+02]
GNN flow training:  61%|██████    | 61/100 [04:38<02:55,  4.49s/epoch, best=1.144e+02, sign=0.174, train=1.153e+02, val=1.147e+02]
GNN flow training:  62%|██████▏   | 62/100 [04:38<02:50,  4.49s/epoch, best=1.144e+02, sign=0.174, train=1.153e+02, val=1.147e+02]
GNN flow training:  62%|██████▏   | 62/100 [04:42<02:50,  4.49s/epoch, best=1.144e+02, sign=0.175, train=1.157e+02, val=1.150e+02]
GNN flow training:  63%|██████▎   | 63/100 [04:42<02:46,  4.50s/epoch, best=1.144e+02, sign=0.175, train=1.157e+02, val=1.150e+02]
GNN flow training:  63%|██████▎   | 63/100 [04:47<02:46,  4.50s/epoch, best=1.144e+02, sign=0.175, train=1.160e+02, val=1.147e+02]
GNN flow training:  64%|██████▍   | 64/100 [04:47<02:42,  4.50s/epoch, best=1.144e+02, sign=0.175, train=1.160e+02, val=1.147e+02]
GNN flow training:  64%|██████▍   | 64/100 [04:51<02:42,  4.50s/epoch, best=1.144e+02, sign=0.174, train=1.157e+02, val=1.140e+02]
GNN flow training:  65%|██████▌   | 65/100 [04:51<02:37,  4.50s/epoch, best=1.144e+02, sign=0.174, train=1.157e+02, val=1.140e+02]
GNN flow training:  65%|██████▌   | 65/100 [04:56<02:37,  4.50s/epoch, best=1.140e+02, sign=0.173, train=1.149e+02, val=1.130e+02]
GNN flow training:  66%|██████▌   | 66/100 [04:56<02:33,  4.51s/epoch, best=1.140e+02, sign=0.173, train=1.149e+02, val=1.130e+02]
GNN flow training:  66%|██████▌   | 66/100 [05:00<02:33,  4.51s/epoch, best=1.130e+02, sign=0.171, train=1.140e+02, val=1.124e+02]
GNN flow training:  67%|██████▋   | 67/100 [05:00<02:28,  4.50s/epoch, best=1.130e+02, sign=0.171, train=1.140e+02, val=1.124e+02]
GNN flow training:  67%|██████▋   | 67/100 [05:05<02:28,  4.50s/epoch, best=1.124e+02, sign=0.171, train=1.135e+02, val=1.121e+02]
GNN flow training:  68%|██████▊   | 68/100 [05:05<02:23,  4.48s/epoch, best=1.124e+02, sign=0.171, train=1.135e+02, val=1.121e+02]
GNN flow training:  68%|██████▊   | 68/100 [05:09<02:23,  4.48s/epoch, best=1.121e+02, sign=0.172, train=1.132e+02, val=1.121e+02]
GNN flow training:  69%|██████▉   | 69/100 [05:09<02:18,  4.46s/epoch, best=1.121e+02, sign=0.172, train=1.132e+02, val=1.121e+02]
GNN flow training:  69%|██████▉   | 69/100 [05:14<02:18,  4.46s/epoch, best=1.121e+02, sign=0.168, train=1.132e+02, val=1.116e+02]
GNN flow training:  70%|███████   | 70/100 [05:14<02:13,  4.44s/epoch, best=1.121e+02, sign=0.168, train=1.132e+02, val=1.116e+02]
GNN flow training:  70%|███████   | 70/100 [05:18<02:13,  4.44s/epoch, best=1.116e+02, sign=0.165, train=1.126e+02, val=1.108e+02]
GNN flow training:  71%|███████   | 71/100 [05:18<02:08,  4.44s/epoch, best=1.116e+02, sign=0.165, train=1.126e+02, val=1.108e+02]
GNN flow training:  71%|███████   | 71/100 [05:22<02:08,  4.44s/epoch, best=1.108e+02, sign=0.165, train=1.117e+02, val=1.104e+02]
GNN flow training:  72%|███████▏  | 72/100 [05:22<02:04,  4.44s/epoch, best=1.108e+02, sign=0.165, train=1.117e+02, val=1.104e+02]
GNN flow training:  72%|███████▏  | 72/100 [05:27<02:04,  4.44s/epoch, best=1.104e+02, sign=0.164, train=1.113e+02, val=1.103e+02]
GNN flow training:  73%|███████▎  | 73/100 [05:27<01:59,  4.44s/epoch, best=1.104e+02, sign=0.164, train=1.113e+02, val=1.103e+02]
GNN flow training:  73%|███████▎  | 73/100 [05:31<01:59,  4.44s/epoch, best=1.103e+02, sign=0.162, train=1.111e+02, val=1.103e+02]
GNN flow training:  74%|███████▍  | 74/100 [05:31<01:55,  4.45s/epoch, best=1.103e+02, sign=0.162, train=1.111e+02, val=1.103e+02]
GNN flow training:  74%|███████▍  | 74/100 [05:36<01:55,  4.45s/epoch, best=1.103e+02, sign=0.159, train=1.111e+02, val=1.090e+02]
GNN flow training:  75%|███████▌  | 75/100 [05:36<01:51,  4.45s/epoch, best=1.103e+02, sign=0.159, train=1.111e+02, val=1.090e+02]
GNN flow training:  75%|███████▌  | 75/100 [05:40<01:51,  4.45s/epoch, best=1.090e+02, sign=0.156, train=1.098e+02, val=1.084e+02]
GNN flow training:  76%|███████▌  | 76/100 [05:40<01:46,  4.44s/epoch, best=1.090e+02, sign=0.156, train=1.098e+02, val=1.084e+02]
GNN flow training:  76%|███████▌  | 76/100 [05:45<01:46,  4.44s/epoch, best=1.084e+02, sign=0.155, train=1.092e+02, val=1.075e+02]
GNN flow training:  77%|███████▋  | 77/100 [05:45<01:42,  4.46s/epoch, best=1.084e+02, sign=0.155, train=1.092e+02, val=1.075e+02]
GNN flow training:  77%|███████▋  | 77/100 [05:49<01:42,  4.46s/epoch, best=1.075e+02, sign=0.154, train=1.084e+02, val=1.074e+02]
GNN flow training:  78%|███████▊  | 78/100 [05:49<01:38,  4.46s/epoch, best=1.075e+02, sign=0.154, train=1.084e+02, val=1.074e+02]
GNN flow training:  78%|███████▊  | 78/100 [05:54<01:38,  4.46s/epoch, best=1.074e+02, sign=0.153, train=1.082e+02, val=1.068e+02]
GNN flow training:  79%|███████▉  | 79/100 [05:54<01:33,  4.45s/epoch, best=1.074e+02, sign=0.153, train=1.082e+02, val=1.068e+02]
GNN flow training:  79%|███████▉  | 79/100 [05:58<01:33,  4.45s/epoch, best=1.068e+02, sign=0.150, train=1.076e+02, val=1.065e+02]
GNN flow training:  80%|████████  | 80/100 [05:58<01:29,  4.45s/epoch, best=1.068e+02, sign=0.150, train=1.076e+02, val=1.065e+02]
GNN flow training:  80%|████████  | 80/100 [06:03<01:29,  4.45s/epoch, best=1.065e+02, sign=0.150, train=1.073e+02, val=1.073e+02]
GNN flow training:  81%|████████  | 81/100 [06:03<01:24,  4.46s/epoch, best=1.065e+02, sign=0.150, train=1.073e+02, val=1.073e+02]
GNN flow training:  81%|████████  | 81/100 [06:07<01:24,  4.46s/epoch, best=1.065e+02, sign=0.149, train=1.081e+02, val=1.079e+02]
GNN flow training:  82%|████████▏ | 82/100 [06:07<01:19,  4.44s/epoch, best=1.065e+02, sign=0.149, train=1.081e+02, val=1.079e+02]
GNN flow training:  82%|████████▏ | 82/100 [06:11<01:19,  4.44s/epoch, best=1.065e+02, sign=0.149, train=1.086e+02, val=1.084e+02]
GNN flow training:  83%|████████▎ | 83/100 [06:11<01:15,  4.44s/epoch, best=1.065e+02, sign=0.149, train=1.086e+02, val=1.084e+02]
GNN flow training:  83%|████████▎ | 83/100 [06:16<01:15,  4.44s/epoch, best=1.065e+02, sign=0.148, train=1.091e+02, val=1.076e+02]
GNN flow training:  84%|████████▍ | 84/100 [06:16<01:11,  4.45s/epoch, best=1.065e+02, sign=0.148, train=1.091e+02, val=1.076e+02]
GNN flow training:  84%|████████▍ | 84/100 [06:20<01:11,  4.45s/epoch, best=1.065e+02, sign=0.149, train=1.082e+02, val=1.068e+02]
GNN flow training:  85%|████████▌ | 85/100 [06:20<01:06,  4.44s/epoch, best=1.065e+02, sign=0.149, train=1.082e+02, val=1.068e+02]
GNN flow training:  85%|████████▌ | 85/100 [06:25<01:06,  4.44s/epoch, best=1.065e+02, sign=0.151, train=1.075e+02, val=1.061e+02]
GNN flow training:  86%|████████▌ | 86/100 [06:25<01:02,  4.43s/epoch, best=1.065e+02, sign=0.151, train=1.075e+02, val=1.061e+02]
GNN flow training:  86%|████████▌ | 86/100 [06:29<01:02,  4.43s/epoch, best=1.061e+02, sign=0.151, train=1.068e+02, val=1.058e+02]
GNN flow training:  87%|████████▋ | 87/100 [06:29<00:57,  4.44s/epoch, best=1.061e+02, sign=0.151, train=1.068e+02, val=1.058e+02]
GNN flow training:  87%|████████▋ | 87/100 [06:34<00:57,  4.44s/epoch, best=1.058e+02, sign=0.153, train=1.065e+02, val=1.048e+02]
GNN flow training:  88%|████████▊ | 88/100 [06:34<00:53,  4.45s/epoch, best=1.058e+02, sign=0.153, train=1.065e+02, val=1.048e+02]
GNN flow training:  88%|████████▊ | 88/100 [06:38<00:53,  4.45s/epoch, best=1.048e+02, sign=0.154, train=1.055e+02, val=1.041e+02]
GNN flow training:  89%|████████▉ | 89/100 [06:38<00:48,  4.45s/epoch, best=1.048e+02, sign=0.154, train=1.055e+02, val=1.041e+02]
GNN flow training:  89%|████████▉ | 89/100 [06:43<00:48,  4.45s/epoch, best=1.041e+02, sign=0.154, train=1.048e+02, val=1.035e+02]
GNN flow training:  90%|█████████ | 90/100 [06:43<00:44,  4.45s/epoch, best=1.041e+02, sign=0.154, train=1.048e+02, val=1.035e+02]
GNN flow training:  90%|█████████ | 90/100 [06:47<00:44,  4.45s/epoch, best=1.035e+02, sign=0.153, train=1.043e+02, val=1.029e+02]
GNN flow training:  91%|█████████ | 91/100 [06:47<00:40,  4.46s/epoch, best=1.035e+02, sign=0.153, train=1.043e+02, val=1.029e+02]
GNN flow training:  91%|█████████ | 91/100 [06:51<00:40,  4.46s/epoch, best=1.029e+02, sign=0.152, train=1.036e+02, val=1.023e+02]
GNN flow training:  92%|█████████▏| 92/100 [06:51<00:35,  4.46s/epoch, best=1.029e+02, sign=0.152, train=1.036e+02, val=1.023e+02]
GNN flow training:  92%|█████████▏| 92/100 [06:56<00:35,  4.46s/epoch, best=1.023e+02, sign=0.153, train=1.031e+02, val=1.018e+02]
GNN flow training:  93%|█████████▎| 93/100 [06:56<00:31,  4.46s/epoch, best=1.023e+02, sign=0.153, train=1.031e+02, val=1.018e+02]
GNN flow training:  93%|█████████▎| 93/100 [07:00<00:31,  4.46s/epoch, best=1.018e+02, sign=0.154, train=1.027e+02, val=1.011e+02]
GNN flow training:  94%|█████████▍| 94/100 [07:00<00:26,  4.46s/epoch, best=1.018e+02, sign=0.154, train=1.027e+02, val=1.011e+02]
GNN flow training:  94%|█████████▍| 94/100 [07:05<00:26,  4.46s/epoch, best=1.011e+02, sign=0.156, train=1.019e+02, val=1.002e+02]
GNN flow training:  95%|█████████▌| 95/100 [07:05<00:22,  4.46s/epoch, best=1.011e+02, sign=0.156, train=1.019e+02, val=1.002e+02]
GNN flow training:  95%|█████████▌| 95/100 [07:09<00:22,  4.46s/epoch, best=1.002e+02, sign=0.157, train=1.010e+02, val=9.954e+01]
GNN flow training:  96%|█████████▌| 96/100 [07:09<00:17,  4.46s/epoch, best=1.002e+02, sign=0.157, train=1.010e+02, val=9.954e+01]
GNN flow training:  96%|█████████▌| 96/100 [07:14<00:17,  4.46s/epoch, best=9.954e+01, sign=0.158, train=1.004e+02, val=9.930e+01]
GNN flow training:  97%|█████████▋| 97/100 [07:14<00:13,  4.46s/epoch, best=9.954e+01, sign=0.158, train=1.004e+02, val=9.930e+01]
GNN flow training:  97%|█████████▋| 97/100 [07:18<00:13,  4.46s/epoch, best=9.930e+01, sign=0.160, train=1.001e+02, val=9.869e+01]
GNN flow training:  98%|█████████▊| 98/100 [07:18<00:08,  4.47s/epoch, best=9.930e+01, sign=0.160, train=1.001e+02, val=9.869e+01]
GNN flow training:  98%|█████████▊| 98/100 [07:23<00:08,  4.47s/epoch, best=9.869e+01, sign=0.160, train=9.952e+01, val=9.872e+01]
GNN flow training:  99%|█████████▉| 99/100 [07:23<00:04,  4.47s/epoch, best=9.869e+01, sign=0.160, train=9.952e+01, val=9.872e+01]
GNN flow training:  99%|█████████▉| 99/100 [07:27<00:04,  4.47s/epoch, best=9.869e+01, sign=0.160, train=9.953e+01, val=9.797e+01]
GNN flow training: 100%|██████████| 100/100 [07:27<00:00,  4.49s/epoch, best=9.869e+01, sign=0.160, train=9.953e+01, val=9.797e+01]
GNN flow training: 100%|██████████| 100/100 [07:27<00:00,  4.48s/epoch, best=9.869e+01, sign=0.160, train=9.953e+01, val=9.797e+01]
Resolved config snapshot:
{'preset': 'solver_QKB_outer_QKBdelta', 'gnn_outer_losses': {'flow': 100.0, 'kirchhoff': 10.0, 'boundary': 100.0, 'delta_l2': 100.0, 'delta_smooth': 0.0, 'pressure_shape': 0.0}, 'physics': {'arterial_flow_mode': 'dataset', 'pressure_constraints': ['equal-a-equal-v'], 'alpha_pa': None, 'use_snr_weights': True, 'use_observed_flow_snr_weighting': True, 'flow_scale_mode': 'median_abs', 'solver_device': 'same', 'pressure_solver_mode': 'reduced-soft-constrained-lstsq', 'pressure_solver_lambda_kirchhoff': 1.0, 'pressure_solver_lambda_pressure_constraints': 100.0, 'pressure_solver_lambda_flow_residual': 1.0, 'pressure_shape_reference': 'delta_zero_reference', 'pressure_detach': False}, 'correction_bounds': {'correction_min': -0.5, 'correction_max': 0.5, 'correction_bound': 0.5, 'correction_parameterization': 'tanh'}, 'optimization': {'learning_rate': 0.001, 'weight_decay': 0.0001, 'gradient_clip_norm': 5.0, 'optimizer': 'adamw', 'epochs': 100, 'patience': 40}}
Shard 60/80: 1 of 80 runs
Command: /mnt/home/sswee/miniforge3/envs/yolk-sac/bin/python /mnt/home/sswee/yolk/Yolk-Sac-Flow-Data-and-Sim/gnn_clean/scripts/python/gnn_flow.py /mnt/home/sswee/yolk/Yolk-Sac-Flow-Data-and-Sim/gnn_clean/datasets/mosaic_graph_canonical_harmonized/mosaic_graph_canonical_harmonized.gpickle --output-dir /mnt/home/sswee/yolk/Yolk-Sac-Flow-Data-and-Sim/gnn_clean/outputs_canonical/dc/02_physics_weight_sweep/gnn --run-name q_100__k_10__delta_100 --preset solver_QKB_outer_QKBdelta --device cuda --epochs 100 --seed 0 --viscosity-pa-s 0.0035 --config /mnt/home/sswee/yolk/Yolk-Sac-Flow-Data-and-Sim/gnn_clean/outputs_canonical/dc/02_physics_weight_sweep/_generated_configs/q_100__k_10__delta_100.yaml --no-pressure-detach
