
GNN flow training:   0%|          | 0/100 [00:00<?, ?epoch/s]
GNN flow training:   0%|          | 0/100 [00:04<?, ?epoch/s, best=1.411e+02, sign=0.290, train=1.410e+02, val=1.411e+02]
GNN flow training:   1%|          | 1/100 [00:04<07:35,  4.60s/epoch, best=1.411e+02, sign=0.290, train=1.410e+02, val=1.411e+02]
GNN flow training:   1%|          | 1/100 [00:09<07:35,  4.60s/epoch, best=1.411e+02, sign=0.289, train=1.411e+02, val=1.410e+02]
GNN flow training:   2%|▏         | 2/100 [00:09<07:24,  4.54s/epoch, best=1.411e+02, sign=0.289, train=1.411e+02, val=1.410e+02]
GNN flow training:   2%|▏         | 2/100 [00:13<07:24,  4.54s/epoch, best=1.410e+02, sign=0.289, train=1.410e+02, val=1.408e+02]
GNN flow training:   3%|▎         | 3/100 [00:13<07:18,  4.52s/epoch, best=1.410e+02, sign=0.289, train=1.410e+02, val=1.408e+02]
GNN flow training:   3%|▎         | 3/100 [00:18<07:18,  4.52s/epoch, best=1.408e+02, sign=0.289, train=1.408e+02, val=1.408e+02]
GNN flow training:   4%|▍         | 4/100 [00:18<07:13,  4.52s/epoch, best=1.408e+02, sign=0.289, train=1.408e+02, val=1.408e+02]
GNN flow training:   4%|▍         | 4/100 [00:22<07:13,  4.52s/epoch, best=1.408e+02, sign=0.287, train=1.408e+02, val=1.410e+02]
GNN flow training:   5%|▌         | 5/100 [00:22<07:09,  4.53s/epoch, best=1.408e+02, sign=0.287, train=1.408e+02, val=1.410e+02]
GNN flow training:   5%|▌         | 5/100 [00:27<07:09,  4.53s/epoch, best=1.408e+02, sign=0.285, train=1.410e+02, val=1.407e+02]
GNN flow training:   6%|▌         | 6/100 [00:27<07:04,  4.51s/epoch, best=1.408e+02, sign=0.285, train=1.410e+02, val=1.407e+02]
GNN flow training:   6%|▌         | 6/100 [00:31<07:04,  4.51s/epoch, best=1.407e+02, sign=0.285, train=1.407e+02, val=1.401e+02]
GNN flow training:   7%|▋         | 7/100 [00:31<06:59,  4.51s/epoch, best=1.407e+02, sign=0.285, train=1.407e+02, val=1.401e+02]
GNN flow training:   7%|▋         | 7/100 [00:36<06:59,  4.51s/epoch, best=1.401e+02, sign=0.284, train=1.401e+02, val=1.399e+02]
GNN flow training:   8%|▊         | 8/100 [00:36<06:53,  4.50s/epoch, best=1.401e+02, sign=0.284, train=1.401e+02, val=1.399e+02]
GNN flow training:   8%|▊         | 8/100 [00:40<06:53,  4.50s/epoch, best=1.399e+02, sign=0.284, train=1.400e+02, val=1.394e+02]
GNN flow training:   9%|▉         | 9/100 [00:40<06:49,  4.50s/epoch, best=1.399e+02, sign=0.284, train=1.400e+02, val=1.394e+02]
GNN flow training:   9%|▉         | 9/100 [00:45<06:49,  4.50s/epoch, best=1.394e+02, sign=0.284, train=1.394e+02, val=1.387e+02]
GNN flow training:  10%|█         | 10/100 [00:45<06:45,  4.51s/epoch, best=1.394e+02, sign=0.284, train=1.394e+02, val=1.387e+02]
GNN flow training:  10%|█         | 10/100 [00:49<06:45,  4.51s/epoch, best=1.387e+02, sign=0.283, train=1.387e+02, val=1.388e+02]
GNN flow training:  11%|█         | 11/100 [00:49<06:41,  4.51s/epoch, best=1.387e+02, sign=0.283, train=1.387e+02, val=1.388e+02]
GNN flow training:  11%|█         | 11/100 [00:54<06:41,  4.51s/epoch, best=1.387e+02, sign=0.282, train=1.388e+02, val=1.383e+02]
GNN flow training:  12%|█▏        | 12/100 [00:54<06:38,  4.52s/epoch, best=1.387e+02, sign=0.282, train=1.388e+02, val=1.383e+02]
GNN flow training:  12%|█▏        | 12/100 [00:58<06:38,  4.52s/epoch, best=1.383e+02, sign=0.281, train=1.383e+02, val=1.381e+02]
GNN flow training:  13%|█▎        | 13/100 [00:58<06:34,  4.53s/epoch, best=1.383e+02, sign=0.281, train=1.383e+02, val=1.381e+02]
GNN flow training:  13%|█▎        | 13/100 [01:03<06:34,  4.53s/epoch, best=1.381e+02, sign=0.278, train=1.381e+02, val=1.377e+02]
GNN flow training:  14%|█▍        | 14/100 [01:03<06:28,  4.52s/epoch, best=1.381e+02, sign=0.278, train=1.381e+02, val=1.377e+02]
GNN flow training:  14%|█▍        | 14/100 [01:07<06:28,  4.52s/epoch, best=1.377e+02, sign=0.277, train=1.377e+02, val=1.371e+02]
GNN flow training:  15%|█▌        | 15/100 [01:07<06:24,  4.52s/epoch, best=1.377e+02, sign=0.277, train=1.377e+02, val=1.371e+02]
GNN flow training:  15%|█▌        | 15/100 [01:12<06:24,  4.52s/epoch, best=1.371e+02, sign=0.275, train=1.371e+02, val=1.365e+02]
GNN flow training:  16%|█▌        | 16/100 [01:12<06:19,  4.51s/epoch, best=1.371e+02, sign=0.275, train=1.371e+02, val=1.365e+02]
GNN flow training:  16%|█▌        | 16/100 [01:16<06:19,  4.51s/epoch, best=1.365e+02, sign=0.273, train=1.365e+02, val=1.359e+02]
GNN flow training:  17%|█▋        | 17/100 [01:16<06:14,  4.51s/epoch, best=1.365e+02, sign=0.273, train=1.365e+02, val=1.359e+02]
GNN flow training:  17%|█▋        | 17/100 [01:21<06:14,  4.51s/epoch, best=1.359e+02, sign=0.271, train=1.359e+02, val=1.357e+02]
GNN flow training:  18%|█▊        | 18/100 [01:21<06:09,  4.50s/epoch, best=1.359e+02, sign=0.271, train=1.359e+02, val=1.357e+02]
GNN flow training:  18%|█▊        | 18/100 [01:25<06:09,  4.50s/epoch, best=1.357e+02, sign=0.269, train=1.357e+02, val=1.352e+02]
GNN flow training:  19%|█▉        | 19/100 [01:25<06:04,  4.50s/epoch, best=1.357e+02, sign=0.269, train=1.357e+02, val=1.352e+02]
GNN flow training:  19%|█▉        | 19/100 [01:30<06:04,  4.50s/epoch, best=1.352e+02, sign=0.266, train=1.352e+02, val=1.344e+02]
GNN flow training:  20%|██        | 20/100 [01:30<05:59,  4.50s/epoch, best=1.352e+02, sign=0.266, train=1.352e+02, val=1.344e+02]
GNN flow training:  20%|██        | 20/100 [01:34<05:59,  4.50s/epoch, best=1.344e+02, sign=0.261, train=1.344e+02, val=1.331e+02]
GNN flow training:  21%|██        | 21/100 [01:34<05:56,  4.52s/epoch, best=1.344e+02, sign=0.261, train=1.344e+02, val=1.331e+02]
GNN flow training:  21%|██        | 21/100 [01:39<05:56,  4.52s/epoch, best=1.331e+02, sign=0.258, train=1.331e+02, val=1.323e+02]
GNN flow training:  22%|██▏       | 22/100 [01:39<05:51,  4.51s/epoch, best=1.331e+02, sign=0.258, train=1.331e+02, val=1.323e+02]
GNN flow training:  22%|██▏       | 22/100 [01:43<05:51,  4.51s/epoch, best=1.323e+02, sign=0.254, train=1.323e+02, val=1.317e+02]
GNN flow training:  23%|██▎       | 23/100 [01:43<05:47,  4.51s/epoch, best=1.323e+02, sign=0.254, train=1.323e+02, val=1.317e+02]
GNN flow training:  23%|██▎       | 23/100 [01:48<05:47,  4.51s/epoch, best=1.317e+02, sign=0.250, train=1.317e+02, val=1.304e+02]
GNN flow training:  24%|██▍       | 24/100 [01:48<05:43,  4.52s/epoch, best=1.317e+02, sign=0.250, train=1.317e+02, val=1.304e+02]
GNN flow training:  24%|██▍       | 24/100 [01:52<05:43,  4.52s/epoch, best=1.304e+02, sign=0.247, train=1.304e+02, val=1.294e+02]
GNN flow training:  25%|██▌       | 25/100 [01:52<05:37,  4.50s/epoch, best=1.304e+02, sign=0.247, train=1.304e+02, val=1.294e+02]
GNN flow training:  25%|██▌       | 25/100 [01:57<05:37,  4.50s/epoch, best=1.294e+02, sign=0.244, train=1.294e+02, val=1.282e+02]
GNN flow training:  26%|██▌       | 26/100 [01:57<05:33,  4.51s/epoch, best=1.294e+02, sign=0.244, train=1.294e+02, val=1.282e+02]
GNN flow training:  26%|██▌       | 26/100 [02:01<05:33,  4.51s/epoch, best=1.282e+02, sign=0.238, train=1.282e+02, val=1.266e+02]
GNN flow training:  27%|██▋       | 27/100 [02:01<05:27,  4.49s/epoch, best=1.282e+02, sign=0.238, train=1.282e+02, val=1.266e+02]
GNN flow training:  27%|██▋       | 27/100 [02:06<05:27,  4.49s/epoch, best=1.266e+02, sign=0.233, train=1.266e+02, val=1.268e+02]
GNN flow training:  28%|██▊       | 28/100 [02:06<05:23,  4.49s/epoch, best=1.266e+02, sign=0.233, train=1.266e+02, val=1.268e+02]
GNN flow training:  28%|██▊       | 28/100 [02:10<05:23,  4.49s/epoch, best=1.266e+02, sign=0.225, train=1.268e+02, val=1.260e+02]
GNN flow training:  29%|██▉       | 29/100 [02:10<05:18,  4.48s/epoch, best=1.266e+02, sign=0.225, train=1.268e+02, val=1.260e+02]
GNN flow training:  29%|██▉       | 29/100 [02:15<05:18,  4.48s/epoch, best=1.260e+02, sign=0.221, train=1.260e+02, val=1.250e+02]
GNN flow training:  30%|███       | 30/100 [02:15<05:13,  4.48s/epoch, best=1.260e+02, sign=0.221, train=1.260e+02, val=1.250e+02]
GNN flow training:  30%|███       | 30/100 [02:19<05:13,  4.48s/epoch, best=1.250e+02, sign=0.218, train=1.250e+02, val=1.238e+02]
GNN flow training:  31%|███       | 31/100 [02:19<05:09,  4.49s/epoch, best=1.250e+02, sign=0.218, train=1.250e+02, val=1.238e+02]
GNN flow training:  31%|███       | 31/100 [02:24<05:09,  4.49s/epoch, best=1.238e+02, sign=0.214, train=1.238e+02, val=1.232e+02]
GNN flow training:  32%|███▏      | 32/100 [02:24<05:05,  4.49s/epoch, best=1.238e+02, sign=0.214, train=1.238e+02, val=1.232e+02]
GNN flow training:  32%|███▏      | 32/100 [02:28<05:05,  4.49s/epoch, best=1.232e+02, sign=0.210, train=1.232e+02, val=1.226e+02]
GNN flow training:  33%|███▎      | 33/100 [02:28<05:00,  4.49s/epoch, best=1.232e+02, sign=0.210, train=1.232e+02, val=1.226e+02]
GNN flow training:  33%|███▎      | 33/100 [02:33<05:00,  4.49s/epoch, best=1.226e+02, sign=0.207, train=1.226e+02, val=1.219e+02]
GNN flow training:  34%|███▍      | 34/100 [02:33<04:57,  4.50s/epoch, best=1.226e+02, sign=0.207, train=1.226e+02, val=1.219e+02]
GNN flow training:  34%|███▍      | 34/100 [02:37<04:57,  4.50s/epoch, best=1.219e+02, sign=0.204, train=1.219e+02, val=1.219e+02]
GNN flow training:  35%|███▌      | 35/100 [02:37<04:52,  4.50s/epoch, best=1.219e+02, sign=0.204, train=1.219e+02, val=1.219e+02]
GNN flow training:  35%|███▌      | 35/100 [02:42<04:52,  4.50s/epoch, best=1.219e+02, sign=0.201, train=1.219e+02, val=1.215e+02]
GNN flow training:  36%|███▌      | 36/100 [02:42<04:49,  4.52s/epoch, best=1.219e+02, sign=0.201, train=1.219e+02, val=1.215e+02]
GNN flow training:  36%|███▌      | 36/100 [02:46<04:49,  4.52s/epoch, best=1.215e+02, sign=0.196, train=1.215e+02, val=1.214e+02]
GNN flow training:  37%|███▋      | 37/100 [02:46<04:44,  4.52s/epoch, best=1.215e+02, sign=0.196, train=1.215e+02, val=1.214e+02]
GNN flow training:  37%|███▋      | 37/100 [02:51<04:44,  4.52s/epoch, best=1.214e+02, sign=0.194, train=1.214e+02, val=1.224e+02]
GNN flow training:  38%|███▊      | 38/100 [02:51<04:40,  4.52s/epoch, best=1.214e+02, sign=0.194, train=1.214e+02, val=1.224e+02]
GNN flow training:  38%|███▊      | 38/100 [02:55<04:40,  4.52s/epoch, best=1.214e+02, sign=0.193, train=1.224e+02, val=1.218e+02]
GNN flow training:  39%|███▉      | 39/100 [02:55<04:34,  4.51s/epoch, best=1.214e+02, sign=0.193, train=1.224e+02, val=1.218e+02]
GNN flow training:  39%|███▉      | 39/100 [03:00<04:34,  4.51s/epoch, best=1.214e+02, sign=0.192, train=1.219e+02, val=1.219e+02]
GNN flow training:  40%|████      | 40/100 [03:00<04:29,  4.49s/epoch, best=1.214e+02, sign=0.192, train=1.219e+02, val=1.219e+02]
GNN flow training:  40%|████      | 40/100 [03:04<04:29,  4.49s/epoch, best=1.214e+02, sign=0.192, train=1.219e+02, val=1.226e+02]
GNN flow training:  41%|████      | 41/100 [03:04<04:26,  4.52s/epoch, best=1.214e+02, sign=0.192, train=1.219e+02, val=1.226e+02]
GNN flow training:  41%|████      | 41/100 [03:09<04:26,  4.52s/epoch, best=1.214e+02, sign=0.191, train=1.226e+02, val=1.229e+02]
GNN flow training:  42%|████▏     | 42/100 [03:09<04:21,  4.51s/epoch, best=1.214e+02, sign=0.191, train=1.226e+02, val=1.229e+02]
GNN flow training:  42%|████▏     | 42/100 [03:13<04:21,  4.51s/epoch, best=1.214e+02, sign=0.191, train=1.229e+02, val=1.230e+02]
GNN flow training:  43%|████▎     | 43/100 [03:13<04:16,  4.51s/epoch, best=1.214e+02, sign=0.191, train=1.229e+02, val=1.230e+02]
GNN flow training:  43%|████▎     | 43/100 [03:18<04:16,  4.51s/epoch, best=1.214e+02, sign=0.192, train=1.230e+02, val=1.226e+02]
GNN flow training:  44%|████▍     | 44/100 [03:18<04:12,  4.51s/epoch, best=1.214e+02, sign=0.192, train=1.230e+02, val=1.226e+02]
GNN flow training:  44%|████▍     | 44/100 [03:22<04:12,  4.51s/epoch, best=1.214e+02, sign=0.192, train=1.226e+02, val=1.221e+02]
GNN flow training:  45%|████▌     | 45/100 [03:22<04:07,  4.50s/epoch, best=1.214e+02, sign=0.192, train=1.226e+02, val=1.221e+02]
GNN flow training:  45%|████▌     | 45/100 [03:27<04:07,  4.50s/epoch, best=1.214e+02, sign=0.191, train=1.221e+02, val=1.222e+02]
GNN flow training:  46%|████▌     | 46/100 [03:27<04:03,  4.51s/epoch, best=1.214e+02, sign=0.191, train=1.221e+02, val=1.222e+02]
GNN flow training:  46%|████▌     | 46/100 [03:31<04:03,  4.51s/epoch, best=1.214e+02, sign=0.191, train=1.222e+02, val=1.221e+02]
GNN flow training:  47%|████▋     | 47/100 [03:31<03:58,  4.49s/epoch, best=1.214e+02, sign=0.191, train=1.222e+02, val=1.221e+02]
GNN flow training:  47%|████▋     | 47/100 [03:36<03:58,  4.49s/epoch, best=1.214e+02, sign=0.191, train=1.221e+02, val=1.219e+02]
GNN flow training:  48%|████▊     | 48/100 [03:36<03:52,  4.48s/epoch, best=1.214e+02, sign=0.191, train=1.221e+02, val=1.219e+02]
GNN flow training:  48%|████▊     | 48/100 [03:40<03:52,  4.48s/epoch, best=1.214e+02, sign=0.191, train=1.219e+02, val=1.217e+02]
GNN flow training:  49%|████▉     | 49/100 [03:40<03:49,  4.49s/epoch, best=1.214e+02, sign=0.191, train=1.219e+02, val=1.217e+02]
GNN flow training:  49%|████▉     | 49/100 [03:45<03:49,  4.49s/epoch, best=1.214e+02, sign=0.191, train=1.217e+02, val=1.217e+02]
GNN flow training:  50%|█████     | 50/100 [03:45<03:44,  4.49s/epoch, best=1.214e+02, sign=0.191, train=1.217e+02, val=1.217e+02]
GNN flow training:  50%|█████     | 50/100 [03:49<03:44,  4.49s/epoch, best=1.214e+02, sign=0.191, train=1.217e+02, val=1.214e+02]
GNN flow training:  51%|█████     | 51/100 [03:49<03:39,  4.48s/epoch, best=1.214e+02, sign=0.191, train=1.217e+02, val=1.214e+02]
GNN flow training:  51%|█████     | 51/100 [03:54<03:39,  4.48s/epoch, best=1.214e+02, sign=0.189, train=1.214e+02, val=1.216e+02]
GNN flow training:  52%|█████▏    | 52/100 [03:54<03:34,  4.47s/epoch, best=1.214e+02, sign=0.189, train=1.214e+02, val=1.216e+02]
GNN flow training:  52%|█████▏    | 52/100 [03:58<03:34,  4.47s/epoch, best=1.214e+02, sign=0.189, train=1.216e+02, val=1.215e+02]
GNN flow training:  53%|█████▎    | 53/100 [03:58<03:30,  4.48s/epoch, best=1.214e+02, sign=0.189, train=1.216e+02, val=1.215e+02]
GNN flow training:  53%|█████▎    | 53/100 [04:03<03:30,  4.48s/epoch, best=1.214e+02, sign=0.188, train=1.215e+02, val=1.211e+02]
GNN flow training:  54%|█████▍    | 54/100 [04:03<03:25,  4.48s/epoch, best=1.214e+02, sign=0.188, train=1.215e+02, val=1.211e+02]
GNN flow training:  54%|█████▍    | 54/100 [04:07<03:25,  4.48s/epoch, best=1.211e+02, sign=0.188, train=1.211e+02, val=1.216e+02]
GNN flow training:  55%|█████▌    | 55/100 [04:07<03:21,  4.47s/epoch, best=1.211e+02, sign=0.188, train=1.211e+02, val=1.216e+02]
GNN flow training:  55%|█████▌    | 55/100 [04:12<03:21,  4.47s/epoch, best=1.211e+02, sign=0.188, train=1.216e+02, val=1.207e+02]
GNN flow training:  56%|█████▌    | 56/100 [04:12<03:16,  4.47s/epoch, best=1.211e+02, sign=0.188, train=1.216e+02, val=1.207e+02]
GNN flow training:  56%|█████▌    | 56/100 [04:16<03:16,  4.47s/epoch, best=1.207e+02, sign=0.187, train=1.207e+02, val=1.206e+02]
GNN flow training:  57%|█████▋    | 57/100 [04:16<03:12,  4.47s/epoch, best=1.207e+02, sign=0.187, train=1.207e+02, val=1.206e+02]
GNN flow training:  57%|█████▋    | 57/100 [04:21<03:12,  4.47s/epoch, best=1.206e+02, sign=0.188, train=1.207e+02, val=1.210e+02]
GNN flow training:  58%|█████▊    | 58/100 [04:21<03:08,  4.49s/epoch, best=1.206e+02, sign=0.188, train=1.207e+02, val=1.210e+02]
GNN flow training:  58%|█████▊    | 58/100 [04:25<03:08,  4.49s/epoch, best=1.206e+02, sign=0.191, train=1.210e+02, val=1.215e+02]
GNN flow training:  59%|█████▉    | 59/100 [04:25<03:04,  4.51s/epoch, best=1.206e+02, sign=0.191, train=1.210e+02, val=1.215e+02]
GNN flow training:  59%|█████▉    | 59/100 [04:30<03:04,  4.51s/epoch, best=1.206e+02, sign=0.194, train=1.215e+02, val=1.208e+02]
GNN flow training:  60%|██████    | 60/100 [04:30<02:59,  4.50s/epoch, best=1.206e+02, sign=0.194, train=1.215e+02, val=1.208e+02]
GNN flow training:  60%|██████    | 60/100 [04:34<02:59,  4.50s/epoch, best=1.206e+02, sign=0.199, train=1.208e+02, val=1.199e+02]
GNN flow training:  61%|██████    | 61/100 [04:34<02:54,  4.49s/epoch, best=1.206e+02, sign=0.199, train=1.208e+02, val=1.199e+02]
GNN flow training:  61%|██████    | 61/100 [04:39<02:54,  4.49s/epoch, best=1.199e+02, sign=0.203, train=1.199e+02, val=1.198e+02]
GNN flow training:  62%|██████▏   | 62/100 [04:39<02:50,  4.49s/epoch, best=1.199e+02, sign=0.203, train=1.199e+02, val=1.198e+02]
GNN flow training:  62%|██████▏   | 62/100 [04:43<02:50,  4.49s/epoch, best=1.198e+02, sign=0.207, train=1.198e+02, val=1.194e+02]
GNN flow training:  63%|██████▎   | 63/100 [04:43<02:46,  4.49s/epoch, best=1.198e+02, sign=0.207, train=1.198e+02, val=1.194e+02]
GNN flow training:  63%|██████▎   | 63/100 [04:48<02:46,  4.49s/epoch, best=1.194e+02, sign=0.210, train=1.194e+02, val=1.202e+02]
GNN flow training:  64%|██████▍   | 64/100 [04:48<02:41,  4.50s/epoch, best=1.194e+02, sign=0.210, train=1.194e+02, val=1.202e+02]
GNN flow training:  64%|██████▍   | 64/100 [04:52<02:41,  4.50s/epoch, best=1.194e+02, sign=0.213, train=1.202e+02, val=1.195e+02]
GNN flow training:  65%|██████▌   | 65/100 [04:52<02:37,  4.50s/epoch, best=1.194e+02, sign=0.213, train=1.202e+02, val=1.195e+02]
GNN flow training:  65%|██████▌   | 65/100 [04:56<02:37,  4.50s/epoch, best=1.194e+02, sign=0.215, train=1.195e+02, val=1.193e+02]
GNN flow training:  66%|██████▌   | 66/100 [04:56<02:32,  4.48s/epoch, best=1.194e+02, sign=0.215, train=1.195e+02, val=1.193e+02]
GNN flow training:  66%|██████▌   | 66/100 [05:01<02:32,  4.48s/epoch, best=1.193e+02, sign=0.212, train=1.193e+02, val=1.186e+02]
GNN flow training:  67%|██████▋   | 67/100 [05:01<02:27,  4.48s/epoch, best=1.193e+02, sign=0.212, train=1.193e+02, val=1.186e+02]
GNN flow training:  67%|██████▋   | 67/100 [05:05<02:27,  4.48s/epoch, best=1.186e+02, sign=0.212, train=1.186e+02, val=1.171e+02]
GNN flow training:  68%|██████▊   | 68/100 [05:05<02:23,  4.48s/epoch, best=1.186e+02, sign=0.212, train=1.186e+02, val=1.171e+02]
GNN flow training:  68%|██████▊   | 68/100 [05:10<02:23,  4.48s/epoch, best=1.171e+02, sign=0.212, train=1.171e+02, val=1.163e+02]
GNN flow training:  69%|██████▉   | 69/100 [05:10<02:19,  4.49s/epoch, best=1.171e+02, sign=0.212, train=1.171e+02, val=1.163e+02]
GNN flow training:  69%|██████▉   | 69/100 [05:14<02:19,  4.49s/epoch, best=1.163e+02, sign=0.210, train=1.163e+02, val=1.165e+02]
GNN flow training:  70%|███████   | 70/100 [05:14<02:14,  4.48s/epoch, best=1.163e+02, sign=0.210, train=1.163e+02, val=1.165e+02]
GNN flow training:  70%|███████   | 70/100 [05:19<02:14,  4.48s/epoch, best=1.163e+02, sign=0.208, train=1.165e+02, val=1.159e+02]
GNN flow training:  71%|███████   | 71/100 [05:19<02:09,  4.47s/epoch, best=1.163e+02, sign=0.208, train=1.165e+02, val=1.159e+02]
GNN flow training:  71%|███████   | 71/100 [05:23<02:09,  4.47s/epoch, best=1.159e+02, sign=0.208, train=1.159e+02, val=1.166e+02]
GNN flow training:  72%|███████▏  | 72/100 [05:23<02:05,  4.48s/epoch, best=1.159e+02, sign=0.208, train=1.159e+02, val=1.166e+02]
GNN flow training:  72%|███████▏  | 72/100 [05:28<02:05,  4.48s/epoch, best=1.159e+02, sign=0.210, train=1.166e+02, val=1.156e+02]
GNN flow training:  73%|███████▎  | 73/100 [05:28<02:01,  4.48s/epoch, best=1.159e+02, sign=0.210, train=1.166e+02, val=1.156e+02]
GNN flow training:  73%|███████▎  | 73/100 [05:32<02:01,  4.48s/epoch, best=1.156e+02, sign=0.210, train=1.156e+02, val=1.156e+02]
GNN flow training:  74%|███████▍  | 74/100 [05:32<01:56,  4.48s/epoch, best=1.156e+02, sign=0.210, train=1.156e+02, val=1.156e+02]
GNN flow training:  74%|███████▍  | 74/100 [05:37<01:56,  4.48s/epoch, best=1.156e+02, sign=0.211, train=1.156e+02, val=1.151e+02]
GNN flow training:  75%|███████▌  | 75/100 [05:37<01:51,  4.47s/epoch, best=1.156e+02, sign=0.211, train=1.156e+02, val=1.151e+02]
GNN flow training:  75%|███████▌  | 75/100 [05:41<01:51,  4.47s/epoch, best=1.151e+02, sign=0.212, train=1.151e+02, val=1.143e+02]
GNN flow training:  76%|███████▌  | 76/100 [05:41<01:47,  4.47s/epoch, best=1.151e+02, sign=0.212, train=1.151e+02, val=1.143e+02]
GNN flow training:  76%|███████▌  | 76/100 [05:46<01:47,  4.47s/epoch, best=1.143e+02, sign=0.212, train=1.143e+02, val=1.139e+02]
GNN flow training:  77%|███████▋  | 77/100 [05:46<01:42,  4.47s/epoch, best=1.143e+02, sign=0.212, train=1.143e+02, val=1.139e+02]
GNN flow training:  77%|███████▋  | 77/100 [05:50<01:42,  4.47s/epoch, best=1.139e+02, sign=0.212, train=1.139e+02, val=1.148e+02]
GNN flow training:  78%|███████▊  | 78/100 [05:50<01:38,  4.47s/epoch, best=1.139e+02, sign=0.212, train=1.139e+02, val=1.148e+02]
GNN flow training:  78%|███████▊  | 78/100 [05:55<01:38,  4.47s/epoch, best=1.139e+02, sign=0.212, train=1.148e+02, val=1.144e+02]
GNN flow training:  79%|███████▉  | 79/100 [05:55<01:33,  4.46s/epoch, best=1.139e+02, sign=0.212, train=1.148e+02, val=1.144e+02]
GNN flow training:  79%|███████▉  | 79/100 [05:59<01:33,  4.46s/epoch, best=1.139e+02, sign=0.212, train=1.144e+02, val=1.139e+02]
GNN flow training:  80%|████████  | 80/100 [05:59<01:29,  4.47s/epoch, best=1.139e+02, sign=0.212, train=1.144e+02, val=1.139e+02]
GNN flow training:  80%|████████  | 80/100 [06:04<01:29,  4.47s/epoch, best=1.139e+02, sign=0.213, train=1.139e+02, val=1.138e+02]
GNN flow training:  81%|████████  | 81/100 [06:04<01:25,  4.48s/epoch, best=1.139e+02, sign=0.213, train=1.139e+02, val=1.138e+02]
GNN flow training:  81%|████████  | 81/100 [06:08<01:25,  4.48s/epoch, best=1.138e+02, sign=0.214, train=1.138e+02, val=1.134e+02]
GNN flow training:  82%|████████▏ | 82/100 [06:08<01:20,  4.49s/epoch, best=1.138e+02, sign=0.214, train=1.138e+02, val=1.134e+02]
GNN flow training:  82%|████████▏ | 82/100 [06:13<01:20,  4.49s/epoch, best=1.134e+02, sign=0.215, train=1.134e+02, val=1.129e+02]
GNN flow training:  83%|████████▎ | 83/100 [06:13<01:16,  4.48s/epoch, best=1.134e+02, sign=0.215, train=1.134e+02, val=1.129e+02]
GNN flow training:  83%|████████▎ | 83/100 [06:17<01:16,  4.48s/epoch, best=1.129e+02, sign=0.219, train=1.129e+02, val=1.132e+02]
GNN flow training:  84%|████████▍ | 84/100 [06:17<01:11,  4.47s/epoch, best=1.129e+02, sign=0.219, train=1.129e+02, val=1.132e+02]
GNN flow training:  84%|████████▍ | 84/100 [06:21<01:11,  4.47s/epoch, best=1.129e+02, sign=0.221, train=1.132e+02, val=1.133e+02]
GNN flow training:  85%|████████▌ | 85/100 [06:21<01:06,  4.45s/epoch, best=1.129e+02, sign=0.221, train=1.132e+02, val=1.133e+02]
GNN flow training:  85%|████████▌ | 85/100 [06:26<01:06,  4.45s/epoch, best=1.129e+02, sign=0.224, train=1.133e+02, val=1.136e+02]
GNN flow training:  86%|████████▌ | 86/100 [06:26<01:02,  4.45s/epoch, best=1.129e+02, sign=0.224, train=1.133e+02, val=1.136e+02]
GNN flow training:  86%|████████▌ | 86/100 [06:30<01:02,  4.45s/epoch, best=1.129e+02, sign=0.231, train=1.136e+02, val=1.139e+02]
GNN flow training:  87%|████████▋ | 87/100 [06:30<00:57,  4.45s/epoch, best=1.129e+02, sign=0.231, train=1.136e+02, val=1.139e+02]
GNN flow training:  87%|████████▋ | 87/100 [06:35<00:57,  4.45s/epoch, best=1.129e+02, sign=0.235, train=1.139e+02, val=1.141e+02]
GNN flow training:  88%|████████▊ | 88/100 [06:35<00:53,  4.46s/epoch, best=1.129e+02, sign=0.235, train=1.139e+02, val=1.141e+02]
GNN flow training:  88%|████████▊ | 88/100 [06:39<00:53,  4.46s/epoch, best=1.129e+02, sign=0.235, train=1.141e+02, val=1.135e+02]
GNN flow training:  89%|████████▉ | 89/100 [06:39<00:49,  4.47s/epoch, best=1.129e+02, sign=0.235, train=1.141e+02, val=1.135e+02]
GNN flow training:  89%|████████▉ | 89/100 [06:44<00:49,  4.47s/epoch, best=1.129e+02, sign=0.233, train=1.135e+02, val=1.135e+02]
GNN flow training:  90%|█████████ | 90/100 [06:44<00:44,  4.48s/epoch, best=1.129e+02, sign=0.233, train=1.135e+02, val=1.135e+02]
GNN flow training:  90%|█████████ | 90/100 [06:48<00:44,  4.48s/epoch, best=1.129e+02, sign=0.225, train=1.135e+02, val=1.122e+02]
GNN flow training:  91%|█████████ | 91/100 [06:48<00:40,  4.48s/epoch, best=1.129e+02, sign=0.225, train=1.135e+02, val=1.122e+02]
GNN flow training:  91%|█████████ | 91/100 [06:53<00:40,  4.48s/epoch, best=1.122e+02, sign=0.216, train=1.122e+02, val=1.119e+02]
GNN flow training:  92%|█████████▏| 92/100 [06:53<00:35,  4.49s/epoch, best=1.122e+02, sign=0.216, train=1.122e+02, val=1.119e+02]
GNN flow training:  92%|█████████▏| 92/100 [06:57<00:35,  4.49s/epoch, best=1.119e+02, sign=0.210, train=1.119e+02, val=1.118e+02]
GNN flow training:  93%|█████████▎| 93/100 [06:57<00:31,  4.49s/epoch, best=1.119e+02, sign=0.210, train=1.119e+02, val=1.118e+02]
GNN flow training:  93%|█████████▎| 93/100 [07:02<00:31,  4.49s/epoch, best=1.118e+02, sign=0.207, train=1.118e+02, val=1.107e+02]
GNN flow training:  94%|█████████▍| 94/100 [07:02<00:26,  4.48s/epoch, best=1.118e+02, sign=0.207, train=1.118e+02, val=1.107e+02]
GNN flow training:  94%|█████████▍| 94/100 [07:06<00:26,  4.48s/epoch, best=1.107e+02, sign=0.206, train=1.107e+02, val=1.099e+02]
GNN flow training:  95%|█████████▌| 95/100 [07:06<00:22,  4.49s/epoch, best=1.107e+02, sign=0.206, train=1.107e+02, val=1.099e+02]
GNN flow training:  95%|█████████▌| 95/100 [07:11<00:22,  4.49s/epoch, best=1.099e+02, sign=0.203, train=1.099e+02, val=1.095e+02]
GNN flow training:  96%|█████████▌| 96/100 [07:11<00:17,  4.48s/epoch, best=1.099e+02, sign=0.203, train=1.099e+02, val=1.095e+02]
GNN flow training:  96%|█████████▌| 96/100 [07:15<00:17,  4.48s/epoch, best=1.095e+02, sign=0.200, train=1.095e+02, val=1.102e+02]
GNN flow training:  97%|█████████▋| 97/100 [07:15<00:13,  4.48s/epoch, best=1.095e+02, sign=0.200, train=1.095e+02, val=1.102e+02]
GNN flow training:  97%|█████████▋| 97/100 [07:20<00:13,  4.48s/epoch, best=1.095e+02, sign=0.198, train=1.102e+02, val=1.116e+02]
GNN flow training:  98%|█████████▊| 98/100 [07:20<00:08,  4.46s/epoch, best=1.095e+02, sign=0.198, train=1.102e+02, val=1.116e+02]
GNN flow training:  98%|█████████▊| 98/100 [07:24<00:08,  4.46s/epoch, best=1.095e+02, sign=0.198, train=1.116e+02, val=1.155e+02]
GNN flow training:  99%|█████████▉| 99/100 [07:24<00:04,  4.46s/epoch, best=1.095e+02, sign=0.198, train=1.116e+02, val=1.155e+02]
GNN flow training:  99%|█████████▉| 99/100 [07:29<00:04,  4.46s/epoch, best=1.095e+02, sign=0.200, train=1.155e+02, val=1.197e+02]
GNN flow training: 100%|██████████| 100/100 [07:29<00:00,  4.45s/epoch, best=1.095e+02, sign=0.200, train=1.155e+02, val=1.197e+02]
GNN flow training: 100%|██████████| 100/100 [07:29<00:00,  4.49s/epoch, best=1.095e+02, sign=0.200, train=1.155e+02, val=1.197e+02]

GNN flow training:   0%|          | 0/100 [00:00<?, ?epoch/s]
GNN flow training:   0%|          | 0/100 [00:04<?, ?epoch/s, best=2.636e+00, sign=0.289, train=2.668e+00, val=2.636e+00]
GNN flow training:   1%|          | 1/100 [00:04<07:35,  4.60s/epoch, best=2.636e+00, sign=0.289, train=2.668e+00, val=2.636e+00]
GNN flow training:   1%|          | 1/100 [00:09<07:35,  4.60s/epoch, best=2.636e+00, sign=0.288, train=2.636e+00, val=2.584e+00]
GNN flow training:   2%|▏         | 2/100 [00:09<07:28,  4.58s/epoch, best=2.636e+00, sign=0.288, train=2.636e+00, val=2.584e+00]
GNN flow training:   2%|▏         | 2/100 [00:13<07:28,  4.58s/epoch, best=2.584e+00, sign=0.286, train=2.584e+00, val=2.516e+00]
GNN flow training:   3%|▎         | 3/100 [00:13<07:18,  4.52s/epoch, best=2.584e+00, sign=0.286, train=2.584e+00, val=2.516e+00]
GNN flow training:   3%|▎         | 3/100 [00:18<07:18,  4.52s/epoch, best=2.516e+00, sign=0.284, train=2.516e+00, val=2.432e+00]
GNN flow training:   4%|▍         | 4/100 [00:18<07:13,  4.52s/epoch, best=2.516e+00, sign=0.284, train=2.516e+00, val=2.432e+00]
GNN flow training:   4%|▍         | 4/100 [00:22<07:13,  4.52s/epoch, best=2.432e+00, sign=0.280, train=2.433e+00, val=2.330e+00]
GNN flow training:   5%|▌         | 5/100 [00:22<07:09,  4.52s/epoch, best=2.432e+00, sign=0.280, train=2.433e+00, val=2.330e+00]
GNN flow training:   5%|▌         | 5/100 [00:27<07:09,  4.52s/epoch, best=2.330e+00, sign=0.275, train=2.331e+00, val=2.208e+00]
GNN flow training:   6%|▌         | 6/100 [00:27<07:05,  4.52s/epoch, best=2.330e+00, sign=0.275, train=2.331e+00, val=2.208e+00]
GNN flow training:   6%|▌         | 6/100 [00:31<07:05,  4.52s/epoch, best=2.208e+00, sign=0.270, train=2.208e+00, val=2.069e+00]
GNN flow training:   7%|▋         | 7/100 [00:31<07:00,  4.52s/epoch, best=2.208e+00, sign=0.270, train=2.208e+00, val=2.069e+00]
GNN flow training:   7%|▋         | 7/100 [00:36<07:00,  4.52s/epoch, best=2.069e+00, sign=0.265, train=2.070e+00, val=1.924e+00]
GNN flow training:   8%|▊         | 8/100 [00:36<06:54,  4.51s/epoch, best=2.069e+00, sign=0.265, train=2.070e+00, val=1.924e+00]
GNN flow training:   8%|▊         | 8/100 [00:40<06:54,  4.51s/epoch, best=1.924e+00, sign=0.255, train=1.925e+00, val=1.792e+00]
GNN flow training:   9%|▉         | 9/100 [00:40<06:50,  4.51s/epoch, best=1.924e+00, sign=0.255, train=1.925e+00, val=1.792e+00]
GNN flow training:   9%|▉         | 9/100 [00:45<06:50,  4.51s/epoch, best=1.792e+00, sign=0.249, train=1.792e+00, val=1.670e+00]
GNN flow training:  10%|█         | 10/100 [00:45<06:43,  4.49s/epoch, best=1.792e+00, sign=0.249, train=1.792e+00, val=1.670e+00]
GNN flow training:  10%|█         | 10/100 [00:49<06:43,  4.49s/epoch, best=1.670e+00, sign=0.241, train=1.670e+00, val=1.571e+00]
GNN flow training:  11%|█         | 11/100 [00:49<06:40,  4.50s/epoch, best=1.670e+00, sign=0.241, train=1.670e+00, val=1.571e+00]
GNN flow training:  11%|█         | 11/100 [00:54<06:40,  4.50s/epoch, best=1.571e+00, sign=0.230, train=1.572e+00, val=1.501e+00]
GNN flow training:  12%|█▏        | 12/100 [00:54<06:37,  4.52s/epoch, best=1.571e+00, sign=0.230, train=1.572e+00, val=1.501e+00]
GNN flow training:  12%|█▏        | 12/100 [00:58<06:37,  4.52s/epoch, best=1.501e+00, sign=0.219, train=1.502e+00, val=1.457e+00]
GNN flow training:  13%|█▎        | 13/100 [00:58<06:31,  4.51s/epoch, best=1.501e+00, sign=0.219, train=1.502e+00, val=1.457e+00]
GNN flow training:  13%|█▎        | 13/100 [01:03<06:31,  4.51s/epoch, best=1.457e+00, sign=0.210, train=1.457e+00, val=1.435e+00]
GNN flow training:  14%|█▍        | 14/100 [01:03<06:27,  4.51s/epoch, best=1.457e+00, sign=0.210, train=1.457e+00, val=1.435e+00]
GNN flow training:  14%|█▍        | 14/100 [01:07<06:27,  4.51s/epoch, best=1.435e+00, sign=0.203, train=1.436e+00, val=1.427e+00]
GNN flow training:  15%|█▌        | 15/100 [01:07<06:23,  4.51s/epoch, best=1.435e+00, sign=0.203, train=1.436e+00, val=1.427e+00]
GNN flow training:  15%|█▌        | 15/100 [01:12<06:23,  4.51s/epoch, best=1.427e+00, sign=0.198, train=1.428e+00, val=1.428e+00]
GNN flow training:  16%|█▌        | 16/100 [01:12<06:18,  4.50s/epoch, best=1.427e+00, sign=0.198, train=1.428e+00, val=1.428e+00]
GNN flow training:  16%|█▌        | 16/100 [01:16<06:18,  4.50s/epoch, best=1.427e+00, sign=0.193, train=1.429e+00, val=1.432e+00]
GNN flow training:  17%|█▋        | 17/100 [01:16<06:15,  4.52s/epoch, best=1.427e+00, sign=0.193, train=1.429e+00, val=1.432e+00]
GNN flow training:  17%|█▋        | 17/100 [01:21<06:15,  4.52s/epoch, best=1.427e+00, sign=0.189, train=1.434e+00, val=1.437e+00]
GNN flow training:  18%|█▊        | 18/100 [01:21<06:09,  4.51s/epoch, best=1.427e+00, sign=0.189, train=1.434e+00, val=1.437e+00]
GNN flow training:  18%|█▊        | 18/100 [01:25<06:09,  4.51s/epoch, best=1.427e+00, sign=0.188, train=1.438e+00, val=1.441e+00]
GNN flow training:  19%|█▉        | 19/100 [01:25<06:04,  4.50s/epoch, best=1.427e+00, sign=0.188, train=1.438e+00, val=1.441e+00]
GNN flow training:  19%|█▉        | 19/100 [01:30<06:04,  4.50s/epoch, best=1.427e+00, sign=0.186, train=1.442e+00, val=1.441e+00]
GNN flow training:  20%|██        | 20/100 [01:30<06:00,  4.50s/epoch, best=1.427e+00, sign=0.186, train=1.442e+00, val=1.441e+00]
GNN flow training:  20%|██        | 20/100 [01:34<06:00,  4.50s/epoch, best=1.427e+00, sign=0.186, train=1.442e+00, val=1.438e+00]
GNN flow training:  21%|██        | 21/100 [01:34<05:56,  4.51s/epoch, best=1.427e+00, sign=0.186, train=1.442e+00, val=1.438e+00]
GNN flow training:  21%|██        | 21/100 [01:39<05:56,  4.51s/epoch, best=1.427e+00, sign=0.185, train=1.439e+00, val=1.433e+00]
GNN flow training:  22%|██▏       | 22/100 [01:39<05:51,  4.50s/epoch, best=1.427e+00, sign=0.185, train=1.439e+00, val=1.433e+00]
GNN flow training:  22%|██▏       | 22/100 [01:43<05:51,  4.50s/epoch, best=1.427e+00, sign=0.184, train=1.434e+00, val=1.428e+00]
GNN flow training:  23%|██▎       | 23/100 [01:43<05:46,  4.50s/epoch, best=1.427e+00, sign=0.184, train=1.434e+00, val=1.428e+00]
GNN flow training:  23%|██▎       | 23/100 [01:48<05:46,  4.50s/epoch, best=1.427e+00, sign=0.185, train=1.429e+00, val=1.417e+00]
GNN flow training:  24%|██▍       | 24/100 [01:48<05:43,  4.53s/epoch, best=1.427e+00, sign=0.185, train=1.429e+00, val=1.417e+00]
GNN flow training:  24%|██▍       | 24/100 [01:52<05:43,  4.53s/epoch, best=1.417e+00, sign=0.185, train=1.418e+00, val=1.404e+00]
GNN flow training:  25%|██▌       | 25/100 [01:52<05:37,  4.50s/epoch, best=1.417e+00, sign=0.185, train=1.418e+00, val=1.404e+00]
GNN flow training:  25%|██▌       | 25/100 [01:57<05:37,  4.50s/epoch, best=1.404e+00, sign=0.186, train=1.405e+00, val=1.398e+00]
GNN flow training:  26%|██▌       | 26/100 [01:57<05:33,  4.51s/epoch, best=1.404e+00, sign=0.186, train=1.405e+00, val=1.398e+00]
GNN flow training:  26%|██▌       | 26/100 [02:01<05:33,  4.51s/epoch, best=1.398e+00, sign=0.188, train=1.399e+00, val=1.390e+00]
GNN flow training:  27%|██▋       | 27/100 [02:01<05:28,  4.50s/epoch, best=1.398e+00, sign=0.188, train=1.399e+00, val=1.390e+00]
GNN flow training:  27%|██▋       | 27/100 [02:06<05:28,  4.50s/epoch, best=1.390e+00, sign=0.189, train=1.391e+00, val=1.382e+00]
GNN flow training:  28%|██▊       | 28/100 [02:06<05:24,  4.51s/epoch, best=1.390e+00, sign=0.189, train=1.391e+00, val=1.382e+00]
GNN flow training:  28%|██▊       | 28/100 [02:10<05:24,  4.51s/epoch, best=1.382e+00, sign=0.192, train=1.383e+00, val=1.372e+00]
GNN flow training:  29%|██▉       | 29/100 [02:10<05:18,  4.49s/epoch, best=1.382e+00, sign=0.192, train=1.383e+00, val=1.372e+00]
GNN flow training:  29%|██▉       | 29/100 [02:15<05:18,  4.49s/epoch, best=1.372e+00, sign=0.195, train=1.373e+00, val=1.367e+00]
GNN flow training:  30%|███       | 30/100 [02:15<05:14,  4.49s/epoch, best=1.372e+00, sign=0.195, train=1.373e+00, val=1.367e+00]
GNN flow training:  30%|███       | 30/100 [02:19<05:14,  4.49s/epoch, best=1.367e+00, sign=0.199, train=1.367e+00, val=1.386e+00]
GNN flow training:  31%|███       | 31/100 [02:19<05:09,  4.49s/epoch, best=1.367e+00, sign=0.199, train=1.367e+00, val=1.386e+00]
GNN flow training:  31%|███       | 31/100 [02:24<05:09,  4.49s/epoch, best=1.367e+00, sign=0.205, train=1.387e+00, val=1.463e+00]
GNN flow training:  32%|███▏      | 32/100 [02:24<05:05,  4.50s/epoch, best=1.367e+00, sign=0.205, train=1.387e+00, val=1.463e+00]
GNN flow training:  32%|███▏      | 32/100 [02:28<05:05,  4.50s/epoch, best=1.367e+00, sign=0.203, train=1.464e+00, val=1.444e+00]
GNN flow training:  33%|███▎      | 33/100 [02:28<05:00,  4.48s/epoch, best=1.367e+00, sign=0.203, train=1.464e+00, val=1.444e+00]
GNN flow training:  33%|███▎      | 33/100 [02:33<05:00,  4.48s/epoch, best=1.367e+00, sign=0.196, train=1.445e+00, val=1.397e+00]
GNN flow training:  34%|███▍      | 34/100 [02:33<04:56,  4.49s/epoch, best=1.367e+00, sign=0.196, train=1.445e+00, val=1.397e+00]
GNN flow training:  34%|███▍      | 34/100 [02:37<04:56,  4.49s/epoch, best=1.367e+00, sign=0.192, train=1.397e+00, val=1.358e+00]
GNN flow training:  35%|███▌      | 35/100 [02:37<04:51,  4.49s/epoch, best=1.367e+00, sign=0.192, train=1.397e+00, val=1.358e+00]
GNN flow training:  35%|███▌      | 35/100 [02:42<04:51,  4.49s/epoch, best=1.358e+00, sign=0.189, train=1.359e+00, val=1.354e+00]
GNN flow training:  36%|███▌      | 36/100 [02:42<04:46,  4.48s/epoch, best=1.358e+00, sign=0.189, train=1.359e+00, val=1.354e+00]
GNN flow training:  36%|███▌      | 36/100 [02:46<04:46,  4.48s/epoch, best=1.354e+00, sign=0.188, train=1.354e+00, val=1.340e+00]
GNN flow training:  37%|███▋      | 37/100 [02:46<04:42,  4.49s/epoch, best=1.354e+00, sign=0.188, train=1.354e+00, val=1.340e+00]
GNN flow training:  37%|███▋      | 37/100 [02:51<04:42,  4.49s/epoch, best=1.340e+00, sign=0.187, train=1.341e+00, val=1.338e+00]
GNN flow training:  38%|███▊      | 38/100 [02:51<04:37,  4.48s/epoch, best=1.340e+00, sign=0.187, train=1.341e+00, val=1.338e+00]
GNN flow training:  38%|███▊      | 38/100 [02:55<04:37,  4.48s/epoch, best=1.338e+00, sign=0.185, train=1.339e+00, val=1.329e+00]
GNN flow training:  39%|███▉      | 39/100 [02:55<04:34,  4.50s/epoch, best=1.338e+00, sign=0.185, train=1.339e+00, val=1.329e+00]
GNN flow training:  39%|███▉      | 39/100 [03:00<04:34,  4.50s/epoch, best=1.329e+00, sign=0.186, train=1.329e+00, val=1.325e+00]
GNN flow training:  40%|████      | 40/100 [03:00<04:30,  4.50s/epoch, best=1.329e+00, sign=0.186, train=1.329e+00, val=1.325e+00]
GNN flow training:  40%|████      | 40/100 [03:04<04:30,  4.50s/epoch, best=1.325e+00, sign=0.186, train=1.326e+00, val=1.324e+00]
GNN flow training:  41%|████      | 41/100 [03:04<04:26,  4.51s/epoch, best=1.325e+00, sign=0.186, train=1.326e+00, val=1.324e+00]
GNN flow training:  41%|████      | 41/100 [03:09<04:26,  4.51s/epoch, best=1.324e+00, sign=0.186, train=1.324e+00, val=1.320e+00]
GNN flow training:  42%|████▏     | 42/100 [03:09<04:21,  4.51s/epoch, best=1.324e+00, sign=0.186, train=1.324e+00, val=1.320e+00]
GNN flow training:  42%|████▏     | 42/100 [03:13<04:21,  4.51s/epoch, best=1.320e+00, sign=0.188, train=1.321e+00, val=1.303e+00]
GNN flow training:  43%|████▎     | 43/100 [03:13<04:16,  4.50s/epoch, best=1.320e+00, sign=0.188, train=1.321e+00, val=1.303e+00]
GNN flow training:  43%|████▎     | 43/100 [03:18<04:16,  4.50s/epoch, best=1.303e+00, sign=0.190, train=1.304e+00, val=1.288e+00]
GNN flow training:  44%|████▍     | 44/100 [03:18<04:13,  4.52s/epoch, best=1.303e+00, sign=0.190, train=1.304e+00, val=1.288e+00]
GNN flow training:  44%|████▍     | 44/100 [03:22<04:13,  4.52s/epoch, best=1.288e+00, sign=0.193, train=1.289e+00, val=1.291e+00]
GNN flow training:  45%|████▌     | 45/100 [03:22<04:06,  4.49s/epoch, best=1.288e+00, sign=0.193, train=1.289e+00, val=1.291e+00]
GNN flow training:  45%|████▌     | 45/100 [03:27<04:06,  4.49s/epoch, best=1.288e+00, sign=0.194, train=1.291e+00, val=1.296e+00]
GNN flow training:  46%|████▌     | 46/100 [03:27<04:01,  4.48s/epoch, best=1.288e+00, sign=0.194, train=1.291e+00, val=1.296e+00]
GNN flow training:  46%|████▌     | 46/100 [03:31<04:01,  4.48s/epoch, best=1.288e+00, sign=0.196, train=1.296e+00, val=1.306e+00]
GNN flow training:  47%|████▋     | 47/100 [03:31<03:57,  4.48s/epoch, best=1.288e+00, sign=0.196, train=1.296e+00, val=1.306e+00]
GNN flow training:  47%|████▋     | 47/100 [03:36<03:57,  4.48s/epoch, best=1.288e+00, sign=0.197, train=1.306e+00, val=1.313e+00]
GNN flow training:  48%|████▊     | 48/100 [03:36<03:52,  4.47s/epoch, best=1.288e+00, sign=0.197, train=1.306e+00, val=1.313e+00]
GNN flow training:  48%|████▊     | 48/100 [03:40<03:52,  4.47s/epoch, best=1.288e+00, sign=0.197, train=1.313e+00, val=1.303e+00]
GNN flow training:  49%|████▉     | 49/100 [03:40<03:48,  4.47s/epoch, best=1.288e+00, sign=0.197, train=1.313e+00, val=1.303e+00]
GNN flow training:  49%|████▉     | 49/100 [03:45<03:48,  4.47s/epoch, best=1.288e+00, sign=0.196, train=1.303e+00, val=1.291e+00]
GNN flow training:  50%|█████     | 50/100 [03:45<03:43,  4.48s/epoch, best=1.288e+00, sign=0.196, train=1.303e+00, val=1.291e+00]
GNN flow training:  50%|█████     | 50/100 [03:49<03:43,  4.48s/epoch, best=1.288e+00, sign=0.194, train=1.291e+00, val=1.287e+00]
GNN flow training:  51%|█████     | 51/100 [03:49<03:38,  4.47s/epoch, best=1.288e+00, sign=0.194, train=1.291e+00, val=1.287e+00]
GNN flow training:  51%|█████     | 51/100 [03:53<03:38,  4.47s/epoch, best=1.287e+00, sign=0.193, train=1.288e+00, val=1.283e+00]
GNN flow training:  52%|█████▏    | 52/100 [03:53<03:34,  4.46s/epoch, best=1.287e+00, sign=0.193, train=1.288e+00, val=1.283e+00]
GNN flow training:  52%|█████▏    | 52/100 [03:58<03:34,  4.46s/epoch, best=1.283e+00, sign=0.193, train=1.283e+00, val=1.274e+00]
GNN flow training:  53%|█████▎    | 53/100 [03:58<03:30,  4.47s/epoch, best=1.283e+00, sign=0.193, train=1.283e+00, val=1.274e+00]
GNN flow training:  53%|█████▎    | 53/100 [04:02<03:30,  4.47s/epoch, best=1.274e+00, sign=0.194, train=1.275e+00, val=1.272e+00]
GNN flow training:  54%|█████▍    | 54/100 [04:02<03:25,  4.47s/epoch, best=1.274e+00, sign=0.194, train=1.275e+00, val=1.272e+00]
GNN flow training:  54%|█████▍    | 54/100 [04:07<03:25,  4.47s/epoch, best=1.272e+00, sign=0.193, train=1.272e+00, val=1.269e+00]
GNN flow training:  55%|█████▌    | 55/100 [04:07<03:21,  4.49s/epoch, best=1.272e+00, sign=0.193, train=1.272e+00, val=1.269e+00]
GNN flow training:  55%|█████▌    | 55/100 [04:11<03:21,  4.49s/epoch, best=1.269e+00, sign=0.193, train=1.269e+00, val=1.277e+00]
GNN flow training:  56%|█████▌    | 56/100 [04:11<03:17,  4.48s/epoch, best=1.269e+00, sign=0.193, train=1.269e+00, val=1.277e+00]
GNN flow training:  56%|█████▌    | 56/100 [04:16<03:17,  4.48s/epoch, best=1.269e+00, sign=0.193, train=1.277e+00, val=1.282e+00]
GNN flow training:  57%|█████▋    | 57/100 [04:16<03:12,  4.49s/epoch, best=1.269e+00, sign=0.193, train=1.277e+00, val=1.282e+00]
GNN flow training:  57%|█████▋    | 57/100 [04:20<03:12,  4.49s/epoch, best=1.269e+00, sign=0.194, train=1.282e+00, val=1.300e+00]
GNN flow training:  58%|█████▊    | 58/100 [04:20<03:08,  4.48s/epoch, best=1.269e+00, sign=0.194, train=1.282e+00, val=1.300e+00]
GNN flow training:  58%|█████▊    | 58/100 [04:25<03:08,  4.48s/epoch, best=1.269e+00, sign=0.198, train=1.299e+00, val=1.334e+00]
GNN flow training:  59%|█████▉    | 59/100 [04:25<03:03,  4.47s/epoch, best=1.269e+00, sign=0.198, train=1.299e+00, val=1.334e+00]
GNN flow training:  59%|█████▉    | 59/100 [04:29<03:03,  4.47s/epoch, best=1.269e+00, sign=0.200, train=1.334e+00, val=1.375e+00]
GNN flow training:  60%|██████    | 60/100 [04:29<02:58,  4.46s/epoch, best=1.269e+00, sign=0.200, train=1.334e+00, val=1.375e+00]
GNN flow training:  60%|██████    | 60/100 [04:34<02:58,  4.46s/epoch, best=1.269e+00, sign=0.201, train=1.374e+00, val=1.359e+00]
GNN flow training:  61%|██████    | 61/100 [04:34<02:53,  4.45s/epoch, best=1.269e+00, sign=0.201, train=1.374e+00, val=1.359e+00]
GNN flow training:  61%|██████    | 61/100 [04:38<02:53,  4.45s/epoch, best=1.269e+00, sign=0.204, train=1.359e+00, val=1.350e+00]
GNN flow training:  62%|██████▏   | 62/100 [04:38<02:49,  4.46s/epoch, best=1.269e+00, sign=0.204, train=1.359e+00, val=1.350e+00]
GNN flow training:  62%|██████▏   | 62/100 [04:43<02:49,  4.46s/epoch, best=1.269e+00, sign=0.205, train=1.349e+00, val=1.345e+00]
GNN flow training:  63%|██████▎   | 63/100 [04:43<02:44,  4.44s/epoch, best=1.269e+00, sign=0.205, train=1.349e+00, val=1.345e+00]
GNN flow training:  63%|██████▎   | 63/100 [04:47<02:44,  4.44s/epoch, best=1.269e+00, sign=0.205, train=1.344e+00, val=1.312e+00]
GNN flow training:  64%|██████▍   | 64/100 [04:47<02:39,  4.44s/epoch, best=1.269e+00, sign=0.205, train=1.344e+00, val=1.312e+00]
GNN flow training:  64%|██████▍   | 64/100 [04:51<02:39,  4.44s/epoch, best=1.269e+00, sign=0.205, train=1.312e+00, val=1.284e+00]
GNN flow training:  65%|██████▌   | 65/100 [04:51<02:35,  4.45s/epoch, best=1.269e+00, sign=0.205, train=1.312e+00, val=1.284e+00]
GNN flow training:  65%|██████▌   | 65/100 [04:56<02:35,  4.45s/epoch, best=1.269e+00, sign=0.203, train=1.283e+00, val=1.256e+00]
GNN flow training:  66%|██████▌   | 66/100 [04:56<02:31,  4.44s/epoch, best=1.269e+00, sign=0.203, train=1.283e+00, val=1.256e+00]
GNN flow training:  66%|██████▌   | 66/100 [05:00<02:31,  4.44s/epoch, best=1.256e+00, sign=0.203, train=1.256e+00, val=1.237e+00]
GNN flow training:  67%|██████▋   | 67/100 [05:00<02:26,  4.45s/epoch, best=1.256e+00, sign=0.203, train=1.256e+00, val=1.237e+00]
GNN flow training:  67%|██████▋   | 67/100 [05:05<02:26,  4.45s/epoch, best=1.237e+00, sign=0.202, train=1.236e+00, val=1.216e+00]
GNN flow training:  68%|██████▊   | 68/100 [05:05<02:22,  4.45s/epoch, best=1.237e+00, sign=0.202, train=1.236e+00, val=1.216e+00]
GNN flow training:  68%|██████▊   | 68/100 [05:09<02:22,  4.45s/epoch, best=1.216e+00, sign=0.201, train=1.215e+00, val=1.205e+00]
GNN flow training:  69%|██████▉   | 69/100 [05:09<02:17,  4.44s/epoch, best=1.216e+00, sign=0.201, train=1.215e+00, val=1.205e+00]
GNN flow training:  69%|██████▉   | 69/100 [05:14<02:17,  4.44s/epoch, best=1.205e+00, sign=0.201, train=1.205e+00, val=1.201e+00]
GNN flow training:  70%|███████   | 70/100 [05:14<02:13,  4.45s/epoch, best=1.205e+00, sign=0.201, train=1.205e+00, val=1.201e+00]
GNN flow training:  70%|███████   | 70/100 [05:18<02:13,  4.45s/epoch, best=1.201e+00, sign=0.202, train=1.201e+00, val=1.213e+00]
GNN flow training:  71%|███████   | 71/100 [05:18<02:09,  4.45s/epoch, best=1.201e+00, sign=0.202, train=1.201e+00, val=1.213e+00]
GNN flow training:  71%|███████   | 71/100 [05:23<02:09,  4.45s/epoch, best=1.201e+00, sign=0.202, train=1.213e+00, val=1.242e+00]
GNN flow training:  72%|███████▏  | 72/100 [05:23<02:04,  4.46s/epoch, best=1.201e+00, sign=0.202, train=1.213e+00, val=1.242e+00]
GNN flow training:  72%|███████▏  | 72/100 [05:27<02:04,  4.46s/epoch, best=1.201e+00, sign=0.202, train=1.242e+00, val=1.256e+00]
GNN flow training:  73%|███████▎  | 73/100 [05:27<02:00,  4.46s/epoch, best=1.201e+00, sign=0.202, train=1.242e+00, val=1.256e+00]
GNN flow training:  73%|███████▎  | 73/100 [05:32<02:00,  4.46s/epoch, best=1.201e+00, sign=0.201, train=1.256e+00, val=1.261e+00]
GNN flow training:  74%|███████▍  | 74/100 [05:32<01:56,  4.47s/epoch, best=1.201e+00, sign=0.201, train=1.256e+00, val=1.261e+00]
GNN flow training:  74%|███████▍  | 74/100 [05:36<01:56,  4.47s/epoch, best=1.201e+00, sign=0.200, train=1.261e+00, val=1.255e+00]
GNN flow training:  75%|███████▌  | 75/100 [05:36<01:51,  4.46s/epoch, best=1.201e+00, sign=0.200, train=1.261e+00, val=1.255e+00]
GNN flow training:  75%|███████▌  | 75/100 [05:40<01:51,  4.46s/epoch, best=1.201e+00, sign=0.198, train=1.255e+00, val=1.251e+00]
GNN flow training:  76%|███████▌  | 76/100 [05:40<01:47,  4.46s/epoch, best=1.201e+00, sign=0.198, train=1.255e+00, val=1.251e+00]
GNN flow training:  76%|███████▌  | 76/100 [05:45<01:47,  4.46s/epoch, best=1.201e+00, sign=0.196, train=1.251e+00, val=1.248e+00]
GNN flow training:  77%|███████▋  | 77/100 [05:45<01:42,  4.46s/epoch, best=1.201e+00, sign=0.196, train=1.251e+00, val=1.248e+00]
GNN flow training:  77%|███████▋  | 77/100 [05:49<01:42,  4.46s/epoch, best=1.201e+00, sign=0.195, train=1.249e+00, val=1.237e+00]
GNN flow training:  78%|███████▊  | 78/100 [05:49<01:38,  4.47s/epoch, best=1.201e+00, sign=0.195, train=1.249e+00, val=1.237e+00]
GNN flow training:  78%|███████▊  | 78/100 [05:54<01:38,  4.47s/epoch, best=1.201e+00, sign=0.196, train=1.237e+00, val=1.222e+00]
GNN flow training:  79%|███████▉  | 79/100 [05:54<01:34,  4.48s/epoch, best=1.201e+00, sign=0.196, train=1.237e+00, val=1.222e+00]
GNN flow training:  79%|███████▉  | 79/100 [05:58<01:34,  4.48s/epoch, best=1.201e+00, sign=0.197, train=1.222e+00, val=1.221e+00]
GNN flow training:  80%|████████  | 80/100 [05:58<01:29,  4.47s/epoch, best=1.201e+00, sign=0.197, train=1.222e+00, val=1.221e+00]
GNN flow training:  80%|████████  | 80/100 [06:03<01:29,  4.47s/epoch, best=1.201e+00, sign=0.197, train=1.221e+00, val=1.234e+00]
GNN flow training:  81%|████████  | 81/100 [06:03<01:24,  4.45s/epoch, best=1.201e+00, sign=0.197, train=1.221e+00, val=1.234e+00]
GNN flow training:  81%|████████  | 81/100 [06:07<01:24,  4.45s/epoch, best=1.201e+00, sign=0.195, train=1.233e+00, val=1.274e+00]
GNN flow training:  82%|████████▏ | 82/100 [06:07<01:20,  4.46s/epoch, best=1.201e+00, sign=0.195, train=1.233e+00, val=1.274e+00]
GNN flow training:  82%|████████▏ | 82/100 [06:12<01:20,  4.46s/epoch, best=1.201e+00, sign=0.196, train=1.273e+00, val=1.258e+00]
GNN flow training:  83%|████████▎ | 83/100 [06:12<01:15,  4.45s/epoch, best=1.201e+00, sign=0.196, train=1.273e+00, val=1.258e+00]
GNN flow training:  83%|████████▎ | 83/100 [06:16<01:15,  4.45s/epoch, best=1.201e+00, sign=0.198, train=1.258e+00, val=1.233e+00]
GNN flow training:  84%|████████▍ | 84/100 [06:16<01:11,  4.46s/epoch, best=1.201e+00, sign=0.198, train=1.258e+00, val=1.233e+00]
GNN flow training:  84%|████████▍ | 84/100 [06:21<01:11,  4.46s/epoch, best=1.201e+00, sign=0.199, train=1.233e+00, val=1.216e+00]
GNN flow training:  85%|████████▌ | 85/100 [06:21<01:06,  4.46s/epoch, best=1.201e+00, sign=0.199, train=1.233e+00, val=1.216e+00]
GNN flow training:  85%|████████▌ | 85/100 [06:25<01:06,  4.46s/epoch, best=1.201e+00, sign=0.199, train=1.216e+00, val=1.216e+00]
GNN flow training:  86%|████████▌ | 86/100 [06:25<01:02,  4.46s/epoch, best=1.201e+00, sign=0.199, train=1.216e+00, val=1.216e+00]
GNN flow training:  86%|████████▌ | 86/100 [06:30<01:02,  4.46s/epoch, best=1.201e+00, sign=0.201, train=1.215e+00, val=1.273e+00]
GNN flow training:  87%|████████▋ | 87/100 [06:30<00:57,  4.46s/epoch, best=1.201e+00, sign=0.201, train=1.215e+00, val=1.273e+00]
GNN flow training:  87%|████████▋ | 87/100 [06:34<00:57,  4.46s/epoch, best=1.201e+00, sign=0.201, train=1.273e+00, val=1.316e+00]
GNN flow training:  88%|████████▊ | 88/100 [06:34<00:53,  4.46s/epoch, best=1.201e+00, sign=0.201, train=1.273e+00, val=1.316e+00]
GNN flow training:  88%|████████▊ | 88/100 [06:39<00:53,  4.46s/epoch, best=1.201e+00, sign=0.203, train=1.315e+00, val=1.286e+00]
GNN flow training:  89%|████████▉ | 89/100 [06:39<00:49,  4.47s/epoch, best=1.201e+00, sign=0.203, train=1.315e+00, val=1.286e+00]
GNN flow training:  89%|████████▉ | 89/100 [06:43<00:49,  4.47s/epoch, best=1.201e+00, sign=0.206, train=1.285e+00, val=1.232e+00]
GNN flow training:  90%|█████████ | 90/100 [06:43<00:44,  4.45s/epoch, best=1.201e+00, sign=0.206, train=1.285e+00, val=1.232e+00]
GNN flow training:  90%|█████████ | 90/100 [06:47<00:44,  4.45s/epoch, best=1.201e+00, sign=0.210, train=1.231e+00, val=1.225e+00]
GNN flow training:  91%|█████████ | 91/100 [06:47<00:40,  4.44s/epoch, best=1.201e+00, sign=0.210, train=1.231e+00, val=1.225e+00]
GNN flow training:  91%|█████████ | 91/100 [06:52<00:40,  4.44s/epoch, best=1.201e+00, sign=0.212, train=1.225e+00, val=1.256e+00]
GNN flow training:  92%|█████████▏| 92/100 [06:52<00:35,  4.46s/epoch, best=1.201e+00, sign=0.212, train=1.225e+00, val=1.256e+00]
GNN flow training:  92%|█████████▏| 92/100 [06:56<00:35,  4.46s/epoch, best=1.201e+00, sign=0.211, train=1.255e+00, val=1.277e+00]
GNN flow training:  93%|█████████▎| 93/100 [06:56<00:31,  4.48s/epoch, best=1.201e+00, sign=0.211, train=1.255e+00, val=1.277e+00]
GNN flow training:  93%|█████████▎| 93/100 [07:01<00:31,  4.48s/epoch, best=1.201e+00, sign=0.209, train=1.277e+00, val=1.273e+00]
GNN flow training:  94%|█████████▍| 94/100 [07:01<00:26,  4.49s/epoch, best=1.201e+00, sign=0.209, train=1.277e+00, val=1.273e+00]
GNN flow training:  94%|█████████▍| 94/100 [07:05<00:26,  4.49s/epoch, best=1.201e+00, sign=0.207, train=1.273e+00, val=1.254e+00]
GNN flow training:  95%|█████████▌| 95/100 [07:05<00:22,  4.48s/epoch, best=1.201e+00, sign=0.207, train=1.273e+00, val=1.254e+00]
GNN flow training:  95%|█████████▌| 95/100 [07:10<00:22,  4.48s/epoch, best=1.201e+00, sign=0.202, train=1.254e+00, val=1.245e+00]
GNN flow training:  96%|█████████▌| 96/100 [07:10<00:17,  4.48s/epoch, best=1.201e+00, sign=0.202, train=1.254e+00, val=1.245e+00]
GNN flow training:  96%|█████████▌| 96/100 [07:14<00:17,  4.48s/epoch, best=1.201e+00, sign=0.196, train=1.245e+00, val=1.218e+00]
GNN flow training:  97%|█████████▋| 97/100 [07:14<00:13,  4.48s/epoch, best=1.201e+00, sign=0.196, train=1.245e+00, val=1.218e+00]
GNN flow training:  97%|█████████▋| 97/100 [07:19<00:13,  4.48s/epoch, best=1.201e+00, sign=0.194, train=1.218e+00, val=1.214e+00]
GNN flow training:  98%|█████████▊| 98/100 [07:19<00:08,  4.48s/epoch, best=1.201e+00, sign=0.194, train=1.218e+00, val=1.214e+00]
GNN flow training:  98%|█████████▊| 98/100 [07:23<00:08,  4.48s/epoch, best=1.201e+00, sign=0.194, train=1.214e+00, val=1.212e+00]
GNN flow training:  99%|█████████▉| 99/100 [07:23<00:04,  4.47s/epoch, best=1.201e+00, sign=0.194, train=1.214e+00, val=1.212e+00]
GNN flow training:  99%|█████████▉| 99/100 [07:28<00:04,  4.47s/epoch, best=1.201e+00, sign=0.194, train=1.212e+00, val=1.225e+00]
GNN flow training: 100%|██████████| 100/100 [07:28<00:00,  4.46s/epoch, best=1.201e+00, sign=0.194, train=1.212e+00, val=1.225e+00]
GNN flow training: 100%|██████████| 100/100 [07:28<00:00,  4.48s/epoch, best=1.201e+00, sign=0.194, train=1.212e+00, val=1.225e+00]
Resolved config snapshot:
{'preset': 'solver_QKB_outer_QKBdelta', 'gnn_outer_losses': {'flow': 1.0, 'kirchhoff': 10.0, 'boundary': 100.0, 'delta_l2': 10.0, 'delta_smooth': 0.0, 'pressure_shape': 0.0}, 'physics': {'arterial_flow_mode': 'dataset', 'pressure_constraints': ['mean-a-minus-v-alpha-equal-v'], 'alpha_pa': 10.0, 'use_snr_weights': True, 'use_observed_flow_snr_weighting': True, 'flow_scale_mode': 'median_abs', 'solver_device': 'same', 'pressure_solver_mode': 'reduced-soft-constrained-lstsq', 'pressure_solver_lambda_kirchhoff': 1.0, 'pressure_solver_lambda_pressure_constraints': 100.0, 'pressure_solver_lambda_flow_residual': 1.0, 'pressure_shape_reference': 'delta_zero_reference', 'pressure_detach': False}, 'correction_bounds': {'correction_min': -0.5, 'correction_max': 0.5, 'correction_bound': 0.5, 'correction_parameterization': 'tanh'}, 'optimization': {'learning_rate': 0.001, 'weight_decay': 0.0001, 'gradient_clip_norm': 5.0, 'optimizer': 'adamw', 'epochs': 100, 'patience': 40}}
Resolved config snapshot:
{'preset': 'solver_QKB_outer_QKBdelta', 'gnn_outer_losses': {'flow': 0.1, 'kirchhoff': 0.1, 'boundary': 100.0, 'delta_l2': 1.0, 'delta_smooth': 0.0, 'pressure_shape': 0.0}, 'physics': {'arterial_flow_mode': 'dataset', 'pressure_constraints': ['mean-a-minus-v-alpha-equal-v'], 'alpha_pa': 10.0, 'use_snr_weights': True, 'use_observed_flow_snr_weighting': True, 'flow_scale_mode': 'median_abs', 'solver_device': 'same', 'pressure_solver_mode': 'reduced-soft-constrained-lstsq', 'pressure_solver_lambda_kirchhoff': 1.0, 'pressure_solver_lambda_pressure_constraints': 100.0, 'pressure_solver_lambda_flow_residual': 1.0, 'pressure_shape_reference': 'delta_zero_reference', 'pressure_detach': False}, 'correction_bounds': {'correction_min': -0.5, 'correction_max': 0.5, 'correction_bound': 0.5, 'correction_parameterization': 'tanh'}, 'optimization': {'learning_rate': 0.001, 'weight_decay': 0.0001, 'gradient_clip_norm': 5.0, 'optimizer': 'adamw', 'epochs': 100, 'patience': 40}}
Command: /mnt/home/sswee/miniforge3/envs/yolk-sac/bin/python /mnt/home/sswee/yolk/Yolk-Sac-Flow-Data-and-Sim/gnn_clean/scripts/python/gnn_flow.py /mnt/home/sswee/yolk/Yolk-Sac-Flow-Data-and-Sim/gnn_clean/datasets/mosaic_graph_canonical_harmonized/mosaic_graph_canonical_harmonized.gpickle --output-dir /mnt/home/sswee/yolk/Yolk-Sac-Flow-Data-and-Sim/gnn_clean/outputs_canonical/dc/03_pressure_constraint_sensitivity/gnn --run-name q_1__k_10__delta_10__constraint_fixed_drop_10pa --preset solver_QKB_outer_QKBdelta --device cuda --epochs 100 --seed 0 --viscosity-pa-s 0.0035 --config /mnt/home/sswee/yolk/Yolk-Sac-Flow-Data-and-Sim/gnn_clean/outputs_canonical/dc/03_pressure_constraint_sensitivity/_generated_configs/q_1__k_10__delta_10__constraint_fixed_drop_10pa.yaml --no-pressure-detach
Command: /mnt/home/sswee/miniforge3/envs/yolk-sac/bin/python /mnt/home/sswee/yolk/Yolk-Sac-Flow-Data-and-Sim/gnn_clean/scripts/python/gnn_flow.py /mnt/home/sswee/yolk/Yolk-Sac-Flow-Data-and-Sim/gnn_clean/datasets/mosaic_graph_canonical_harmonized/mosaic_graph_canonical_harmonized.gpickle --output-dir /mnt/home/sswee/yolk/Yolk-Sac-Flow-Data-and-Sim/gnn_clean/outputs_canonical/dc/03_pressure_constraint_sensitivity/gnn --run-name q_0p1__k_0p1__delta_1__constraint_fixed_drop_10pa --preset solver_QKB_outer_QKBdelta --device cuda --epochs 100 --seed 0 --viscosity-pa-s 0.0035 --config /mnt/home/sswee/yolk/Yolk-Sac-Flow-Data-and-Sim/gnn_clean/outputs_canonical/dc/03_pressure_constraint_sensitivity/_generated_configs/q_0p1__k_0p1__delta_1__constraint_fixed_drop_10pa.yaml --no-pressure-detach
Command: /mnt/home/sswee/miniforge3/envs/yolk-sac/bin/python /mnt/home/sswee/yolk/Yolk-Sac-Flow-Data-and-Sim/gnn_clean/scripts/python/poiseuille_only_baseline.py /mnt/home/sswee/yolk/Yolk-Sac-Flow-Data-and-Sim/gnn_clean/datasets/mosaic_graph_canonical_harmonized/mosaic_graph_canonical_harmonized.gpickle --output-dir /mnt/home/sswee/yolk/Yolk-Sac-Flow-Data-and-Sim/gnn_clean/outputs_canonical/dc/03_pressure_constraint_sensitivity/poiseuille --run-name poiseuille__q_10__k_100__constraint_fixed_drop_10pa --device cpu --viscosity-pa-s 0.0035 --dc-solve-mode reduced-soft-constrained-lstsq --arterial-flow-mode dataset --lambda-kirchhoff 100.0 --lambda-pressure-constraints 100.0 --lambda-flow-residual 10.0 --pressure-constraint mean-a-minus-v-alpha-equal-v --alpha-pa 10.0
