[info] DC Step 2 canonical sweep uses fixed lambda_B=100.0 for both the outer boundary loss and the reduced pressure-solver boundary constraint.

GNN flow training:   0%|          | 0/100 [00:00<?, ?epoch/s]
GNN flow training:   0%|          | 0/100 [00:06<?, ?epoch/s, best=6.310e+00, sign=0.195, train=7.890e+00, val=6.310e+00]
GNN flow training:   1%|          | 1/100 [00:06<10:22,  6.29s/epoch, best=6.310e+00, sign=0.195, train=7.890e+00, val=6.310e+00]
GNN flow training:   1%|          | 1/100 [00:12<10:22,  6.29s/epoch, best=6.310e+00, sign=0.194, train=7.877e+00, val=6.292e+00]
GNN flow training:   2%|▏         | 2/100 [00:12<10:04,  6.17s/epoch, best=6.310e+00, sign=0.194, train=7.877e+00, val=6.292e+00]
GNN flow training:   2%|▏         | 2/100 [00:18<10:04,  6.17s/epoch, best=6.292e+00, sign=0.193, train=7.853e+00, val=6.269e+00]
GNN flow training:   3%|▎         | 3/100 [00:18<09:52,  6.11s/epoch, best=6.292e+00, sign=0.193, train=7.853e+00, val=6.269e+00]
GNN flow training:   3%|▎         | 3/100 [00:24<09:52,  6.11s/epoch, best=6.269e+00, sign=0.192, train=7.818e+00, val=6.245e+00]
GNN flow training:   4%|▍         | 4/100 [00:24<09:44,  6.09s/epoch, best=6.269e+00, sign=0.192, train=7.818e+00, val=6.245e+00]
GNN flow training:   4%|▍         | 4/100 [00:30<09:44,  6.09s/epoch, best=6.245e+00, sign=0.191, train=7.771e+00, val=6.219e+00]
GNN flow training:   5%|▌         | 5/100 [00:30<09:35,  6.06s/epoch, best=6.245e+00, sign=0.191, train=7.771e+00, val=6.219e+00]
GNN flow training:   5%|▌         | 5/100 [00:36<09:35,  6.06s/epoch, best=6.219e+00, sign=0.187, train=7.715e+00, val=6.198e+00]
GNN flow training:   6%|▌         | 6/100 [00:36<09:31,  6.08s/epoch, best=6.219e+00, sign=0.187, train=7.715e+00, val=6.198e+00]
GNN flow training:   6%|▌         | 6/100 [00:42<09:31,  6.08s/epoch, best=6.198e+00, sign=0.184, train=7.652e+00, val=6.171e+00]
GNN flow training:   7%|▋         | 7/100 [00:42<09:23,  6.06s/epoch, best=6.198e+00, sign=0.184, train=7.652e+00, val=6.171e+00]
GNN flow training:   7%|▋         | 7/100 [00:48<09:23,  6.06s/epoch, best=6.171e+00, sign=0.182, train=7.577e+00, val=6.145e+00]
GNN flow training:   8%|▊         | 8/100 [00:48<09:16,  6.05s/epoch, best=6.171e+00, sign=0.182, train=7.577e+00, val=6.145e+00]
GNN flow training:   8%|▊         | 8/100 [00:54<09:16,  6.05s/epoch, best=6.145e+00, sign=0.177, train=7.486e+00, val=6.123e+00]
GNN flow training:   9%|▉         | 9/100 [00:54<09:08,  6.03s/epoch, best=6.145e+00, sign=0.177, train=7.486e+00, val=6.123e+00]
GNN flow training:   9%|▉         | 9/100 [01:00<09:08,  6.03s/epoch, best=6.123e+00, sign=0.173, train=7.381e+00, val=6.111e+00]
GNN flow training:  10%|█         | 10/100 [01:00<09:02,  6.03s/epoch, best=6.123e+00, sign=0.173, train=7.381e+00, val=6.111e+00]
GNN flow training:  10%|█         | 10/100 [01:06<09:02,  6.03s/epoch, best=6.111e+00, sign=0.167, train=7.272e+00, val=6.112e+00]
GNN flow training:  11%|█         | 11/100 [01:06<08:55,  6.01s/epoch, best=6.111e+00, sign=0.167, train=7.272e+00, val=6.112e+00]
GNN flow training:  11%|█         | 11/100 [01:12<08:55,  6.01s/epoch, best=6.111e+00, sign=0.163, train=7.159e+00, val=6.125e+00]
GNN flow training:  12%|█▏        | 12/100 [01:12<08:49,  6.02s/epoch, best=6.111e+00, sign=0.163, train=7.159e+00, val=6.125e+00]
GNN flow training:  12%|█▏        | 12/100 [01:18<08:49,  6.02s/epoch, best=6.111e+00, sign=0.157, train=7.041e+00, val=6.133e+00]
GNN flow training:  13%|█▎        | 13/100 [01:18<08:43,  6.02s/epoch, best=6.111e+00, sign=0.157, train=7.041e+00, val=6.133e+00]
GNN flow training:  13%|█▎        | 13/100 [01:24<08:43,  6.02s/epoch, best=6.111e+00, sign=0.154, train=6.925e+00, val=6.152e+00]
GNN flow training:  14%|█▍        | 14/100 [01:24<08:39,  6.04s/epoch, best=6.111e+00, sign=0.154, train=6.925e+00, val=6.152e+00]
GNN flow training:  14%|█▍        | 14/100 [01:30<08:39,  6.04s/epoch, best=6.111e+00, sign=0.152, train=6.814e+00, val=6.125e+00]
GNN flow training:  15%|█▌        | 15/100 [01:30<08:33,  6.05s/epoch, best=6.111e+00, sign=0.152, train=6.814e+00, val=6.125e+00]
GNN flow training:  15%|█▌        | 15/100 [01:36<08:33,  6.05s/epoch, best=6.111e+00, sign=0.149, train=6.692e+00, val=6.098e+00]
GNN flow training:  16%|█▌        | 16/100 [01:36<08:26,  6.03s/epoch, best=6.111e+00, sign=0.149, train=6.692e+00, val=6.098e+00]
GNN flow training:  16%|█▌        | 16/100 [01:42<08:26,  6.03s/epoch, best=6.098e+00, sign=0.148, train=6.574e+00, val=6.122e+00]
GNN flow training:  17%|█▋        | 17/100 [01:42<08:22,  6.05s/epoch, best=6.098e+00, sign=0.148, train=6.574e+00, val=6.122e+00]
GNN flow training:  17%|█▋        | 17/100 [01:48<08:22,  6.05s/epoch, best=6.098e+00, sign=0.146, train=6.470e+00, val=6.016e+00]
GNN flow training:  18%|█▊        | 18/100 [01:48<08:14,  6.04s/epoch, best=6.098e+00, sign=0.146, train=6.470e+00, val=6.016e+00]
GNN flow training:  18%|█▊        | 18/100 [01:55<08:14,  6.04s/epoch, best=6.016e+00, sign=0.147, train=6.351e+00, val=5.966e+00]
GNN flow training:  19%|█▉        | 19/100 [01:55<08:09,  6.05s/epoch, best=6.016e+00, sign=0.147, train=6.351e+00, val=5.966e+00]
GNN flow training:  19%|█▉        | 19/100 [02:01<08:09,  6.05s/epoch, best=5.966e+00, sign=0.145, train=6.257e+00, val=6.016e+00]
GNN flow training:  20%|██        | 20/100 [02:01<08:04,  6.06s/epoch, best=5.966e+00, sign=0.145, train=6.257e+00, val=6.016e+00]
GNN flow training:  20%|██        | 20/100 [02:07<08:04,  6.06s/epoch, best=5.966e+00, sign=0.146, train=6.176e+00, val=5.941e+00]
GNN flow training:  21%|██        | 21/100 [02:07<07:57,  6.04s/epoch, best=5.966e+00, sign=0.146, train=6.176e+00, val=5.941e+00]
GNN flow training:  21%|██        | 21/100 [02:13<07:57,  6.04s/epoch, best=5.941e+00, sign=0.146, train=6.082e+00, val=5.888e+00]
GNN flow training:  22%|██▏       | 22/100 [02:13<07:52,  6.06s/epoch, best=5.941e+00, sign=0.146, train=6.082e+00, val=5.888e+00]
GNN flow training:  22%|██▏       | 22/100 [02:19<07:52,  6.06s/epoch, best=5.888e+00, sign=0.143, train=6.042e+00, val=5.913e+00]
GNN flow training:  23%|██▎       | 23/100 [02:19<07:45,  6.05s/epoch, best=5.888e+00, sign=0.143, train=6.042e+00, val=5.913e+00]
GNN flow training:  23%|██▎       | 23/100 [02:25<07:45,  6.05s/epoch, best=5.888e+00, sign=0.142, train=5.942e+00, val=5.939e+00]
GNN flow training:  24%|██▍       | 24/100 [02:25<07:40,  6.05s/epoch, best=5.888e+00, sign=0.142, train=5.942e+00, val=5.939e+00]
GNN flow training:  24%|██▍       | 24/100 [02:31<07:40,  6.05s/epoch, best=5.888e+00, sign=0.141, train=5.901e+00, val=5.855e+00]
GNN flow training:  25%|██▌       | 25/100 [02:31<07:37,  6.10s/epoch, best=5.888e+00, sign=0.141, train=5.901e+00, val=5.855e+00]
GNN flow training:  25%|██▌       | 25/100 [02:37<07:37,  6.10s/epoch, best=5.855e+00, sign=0.139, train=5.840e+00, val=5.843e+00]
GNN flow training:  26%|██▌       | 26/100 [02:37<07:29,  6.07s/epoch, best=5.855e+00, sign=0.139, train=5.840e+00, val=5.843e+00]
GNN flow training:  26%|██▌       | 26/100 [02:43<07:29,  6.07s/epoch, best=5.843e+00, sign=0.138, train=5.794e+00, val=5.849e+00]
GNN flow training:  27%|██▋       | 27/100 [02:43<07:22,  6.06s/epoch, best=5.843e+00, sign=0.138, train=5.794e+00, val=5.849e+00]
GNN flow training:  27%|██▋       | 27/100 [02:49<07:22,  6.06s/epoch, best=5.843e+00, sign=0.139, train=5.748e+00, val=5.795e+00]
GNN flow training:  28%|██▊       | 28/100 [02:49<07:16,  6.06s/epoch, best=5.843e+00, sign=0.139, train=5.748e+00, val=5.795e+00]
GNN flow training:  28%|██▊       | 28/100 [02:55<07:16,  6.06s/epoch, best=5.795e+00, sign=0.139, train=5.703e+00, val=5.714e+00]
GNN flow training:  29%|██▉       | 29/100 [02:55<07:09,  6.05s/epoch, best=5.795e+00, sign=0.139, train=5.703e+00, val=5.714e+00]
GNN flow training:  29%|██▉       | 29/100 [03:01<07:09,  6.05s/epoch, best=5.714e+00, sign=0.138, train=5.685e+00, val=5.742e+00]
GNN flow training:  30%|███       | 30/100 [03:01<07:04,  6.06s/epoch, best=5.714e+00, sign=0.138, train=5.685e+00, val=5.742e+00]
GNN flow training:  30%|███       | 30/100 [03:07<07:04,  6.06s/epoch, best=5.714e+00, sign=0.138, train=5.659e+00, val=5.683e+00]
GNN flow training:  31%|███       | 31/100 [03:07<06:58,  6.06s/epoch, best=5.714e+00, sign=0.138, train=5.659e+00, val=5.683e+00]
GNN flow training:  31%|███       | 31/100 [03:13<06:58,  6.06s/epoch, best=5.683e+00, sign=0.137, train=5.625e+00, val=5.649e+00]
GNN flow training:  32%|███▏      | 32/100 [03:13<06:51,  6.06s/epoch, best=5.683e+00, sign=0.137, train=5.625e+00, val=5.649e+00]
GNN flow training:  32%|███▏      | 32/100 [03:19<06:51,  6.06s/epoch, best=5.649e+00, sign=0.138, train=5.599e+00, val=5.601e+00]
GNN flow training:  33%|███▎      | 33/100 [03:19<06:47,  6.08s/epoch, best=5.649e+00, sign=0.138, train=5.599e+00, val=5.601e+00]
GNN flow training:  33%|███▎      | 33/100 [03:26<06:47,  6.08s/epoch, best=5.601e+00, sign=0.137, train=5.575e+00, val=5.618e+00]
GNN flow training:  34%|███▍      | 34/100 [03:26<06:41,  6.09s/epoch, best=5.601e+00, sign=0.137, train=5.575e+00, val=5.618e+00]
GNN flow training:  34%|███▍      | 34/100 [03:32<06:41,  6.09s/epoch, best=5.601e+00, sign=0.136, train=5.534e+00, val=5.640e+00]
GNN flow training:  35%|███▌      | 35/100 [03:32<06:34,  6.07s/epoch, best=5.601e+00, sign=0.136, train=5.534e+00, val=5.640e+00]
GNN flow training:  35%|███▌      | 35/100 [03:38<06:34,  6.07s/epoch, best=5.601e+00, sign=0.137, train=5.531e+00, val=5.585e+00]
GNN flow training:  36%|███▌      | 36/100 [03:38<06:28,  6.07s/epoch, best=5.601e+00, sign=0.137, train=5.531e+00, val=5.585e+00]
GNN flow training:  36%|███▌      | 36/100 [03:44<06:28,  6.07s/epoch, best=5.585e+00, sign=0.136, train=5.501e+00, val=5.514e+00]
GNN flow training:  37%|███▋      | 37/100 [03:44<06:22,  6.08s/epoch, best=5.585e+00, sign=0.136, train=5.501e+00, val=5.514e+00]
GNN flow training:  37%|███▋      | 37/100 [03:50<06:22,  6.08s/epoch, best=5.514e+00, sign=0.137, train=5.464e+00, val=5.479e+00]
GNN flow training:  38%|███▊      | 38/100 [03:50<06:16,  6.07s/epoch, best=5.514e+00, sign=0.137, train=5.464e+00, val=5.479e+00]
GNN flow training:  38%|███▊      | 38/100 [03:56<06:16,  6.07s/epoch, best=5.479e+00, sign=0.137, train=5.465e+00, val=5.443e+00]
GNN flow training:  39%|███▉      | 39/100 [03:56<06:08,  6.05s/epoch, best=5.479e+00, sign=0.137, train=5.465e+00, val=5.443e+00]
GNN flow training:  39%|███▉      | 39/100 [04:02<06:08,  6.05s/epoch, best=5.443e+00, sign=0.137, train=5.434e+00, val=5.448e+00]
GNN flow training:  40%|████      | 40/100 [04:02<06:02,  6.04s/epoch, best=5.443e+00, sign=0.137, train=5.434e+00, val=5.448e+00]
GNN flow training:  40%|████      | 40/100 [04:08<06:02,  6.04s/epoch, best=5.443e+00, sign=0.136, train=5.425e+00, val=5.462e+00]
GNN flow training:  41%|████      | 41/100 [04:08<05:55,  6.03s/epoch, best=5.443e+00, sign=0.136, train=5.425e+00, val=5.462e+00]
GNN flow training:  41%|████      | 41/100 [04:14<05:55,  6.03s/epoch, best=5.443e+00, sign=0.137, train=5.407e+00, val=5.452e+00]
GNN flow training:  42%|████▏     | 42/100 [04:14<05:49,  6.03s/epoch, best=5.443e+00, sign=0.137, train=5.407e+00, val=5.452e+00]
GNN flow training:  42%|████▏     | 42/100 [04:20<05:49,  6.03s/epoch, best=5.443e+00, sign=0.136, train=5.392e+00, val=5.384e+00]
GNN flow training:  43%|████▎     | 43/100 [04:20<05:44,  6.04s/epoch, best=5.443e+00, sign=0.136, train=5.392e+00, val=5.384e+00]
GNN flow training:  43%|████▎     | 43/100 [04:26<05:44,  6.04s/epoch, best=5.384e+00, sign=0.137, train=5.361e+00, val=5.354e+00]
GNN flow training:  44%|████▍     | 44/100 [04:26<05:39,  6.06s/epoch, best=5.384e+00, sign=0.137, train=5.361e+00, val=5.354e+00]
GNN flow training:  44%|████▍     | 44/100 [04:32<05:39,  6.06s/epoch, best=5.354e+00, sign=0.136, train=5.363e+00, val=5.362e+00]
GNN flow training:  45%|████▌     | 45/100 [04:32<05:32,  6.05s/epoch, best=5.354e+00, sign=0.136, train=5.363e+00, val=5.362e+00]
GNN flow training:  45%|████▌     | 45/100 [04:38<05:32,  6.05s/epoch, best=5.354e+00, sign=0.136, train=5.347e+00, val=5.382e+00]
GNN flow training:  46%|████▌     | 46/100 [04:38<05:26,  6.05s/epoch, best=5.354e+00, sign=0.136, train=5.347e+00, val=5.382e+00]
GNN flow training:  46%|████▌     | 46/100 [04:44<05:26,  6.05s/epoch, best=5.354e+00, sign=0.136, train=5.318e+00, val=5.396e+00]
GNN flow training:  47%|████▋     | 47/100 [04:44<05:21,  6.06s/epoch, best=5.354e+00, sign=0.136, train=5.318e+00, val=5.396e+00]
GNN flow training:  47%|████▋     | 47/100 [04:50<05:21,  6.06s/epoch, best=5.354e+00, sign=0.136, train=5.313e+00, val=5.356e+00]
GNN flow training:  48%|████▊     | 48/100 [04:50<05:15,  6.06s/epoch, best=5.354e+00, sign=0.136, train=5.313e+00, val=5.356e+00]
GNN flow training:  48%|████▊     | 48/100 [04:56<05:15,  6.06s/epoch, best=5.354e+00, sign=0.137, train=5.299e+00, val=5.303e+00]
GNN flow training:  49%|████▉     | 49/100 [04:56<05:08,  6.06s/epoch, best=5.354e+00, sign=0.137, train=5.299e+00, val=5.303e+00]
GNN flow training:  49%|████▉     | 49/100 [05:02<05:08,  6.06s/epoch, best=5.303e+00, sign=0.137, train=5.285e+00, val=5.245e+00]
GNN flow training:  50%|█████     | 50/100 [05:02<05:02,  6.05s/epoch, best=5.303e+00, sign=0.137, train=5.285e+00, val=5.245e+00]
GNN flow training:  50%|█████     | 50/100 [05:08<05:02,  6.05s/epoch, best=5.245e+00, sign=0.136, train=5.265e+00, val=5.184e+00]
GNN flow training:  51%|█████     | 51/100 [05:08<04:56,  6.06s/epoch, best=5.245e+00, sign=0.136, train=5.265e+00, val=5.184e+00]
GNN flow training:  51%|█████     | 51/100 [05:14<04:56,  6.06s/epoch, best=5.184e+00, sign=0.137, train=5.263e+00, val=5.147e+00]
GNN flow training:  52%|█████▏    | 52/100 [05:14<04:50,  6.05s/epoch, best=5.184e+00, sign=0.137, train=5.263e+00, val=5.147e+00]
GNN flow training:  52%|█████▏    | 52/100 [05:21<04:50,  6.05s/epoch, best=5.147e+00, sign=0.137, train=5.239e+00, val=5.154e+00]
GNN flow training:  53%|█████▎    | 53/100 [05:21<04:45,  6.08s/epoch, best=5.147e+00, sign=0.137, train=5.239e+00, val=5.154e+00]
GNN flow training:  53%|█████▎    | 53/100 [05:27<04:45,  6.08s/epoch, best=5.147e+00, sign=0.138, train=5.229e+00, val=5.165e+00]
GNN flow training:  54%|█████▍    | 54/100 [05:27<04:38,  6.05s/epoch, best=5.147e+00, sign=0.138, train=5.229e+00, val=5.165e+00]
GNN flow training:  54%|█████▍    | 54/100 [05:33<04:38,  6.05s/epoch, best=5.147e+00, sign=0.137, train=5.215e+00, val=5.148e+00]
GNN flow training:  55%|█████▌    | 55/100 [05:33<04:31,  6.04s/epoch, best=5.147e+00, sign=0.137, train=5.215e+00, val=5.148e+00]
GNN flow training:  55%|█████▌    | 55/100 [05:39<04:31,  6.04s/epoch, best=5.147e+00, sign=0.137, train=5.207e+00, val=5.087e+00]
GNN flow training:  56%|█████▌    | 56/100 [05:39<04:25,  6.03s/epoch, best=5.147e+00, sign=0.137, train=5.207e+00, val=5.087e+00]
GNN flow training:  56%|█████▌    | 56/100 [05:45<04:25,  6.03s/epoch, best=5.087e+00, sign=0.137, train=5.191e+00, val=5.054e+00]
GNN flow training:  57%|█████▋    | 57/100 [05:45<04:20,  6.05s/epoch, best=5.087e+00, sign=0.137, train=5.191e+00, val=5.054e+00]
GNN flow training:  57%|█████▋    | 57/100 [05:51<04:20,  6.05s/epoch, best=5.054e+00, sign=0.137, train=5.180e+00, val=5.025e+00]
GNN flow training:  58%|█████▊    | 58/100 [05:51<04:12,  6.02s/epoch, best=5.054e+00, sign=0.137, train=5.180e+00, val=5.025e+00]
GNN flow training:  58%|█████▊    | 58/100 [05:57<04:12,  6.02s/epoch, best=5.025e+00, sign=0.136, train=5.169e+00, val=4.972e+00]
GNN flow training:  59%|█████▉    | 59/100 [05:57<04:06,  6.01s/epoch, best=5.025e+00, sign=0.136, train=5.169e+00, val=4.972e+00]
GNN flow training:  59%|█████▉    | 59/100 [06:03<04:06,  6.01s/epoch, best=4.972e+00, sign=0.136, train=5.154e+00, val=4.978e+00]
GNN flow training:  60%|██████    | 60/100 [06:03<04:01,  6.03s/epoch, best=4.972e+00, sign=0.136, train=5.154e+00, val=4.978e+00]
GNN flow training:  60%|██████    | 60/100 [06:09<04:01,  6.03s/epoch, best=4.972e+00, sign=0.136, train=5.148e+00, val=4.969e+00]
GNN flow training:  61%|██████    | 61/100 [06:09<03:55,  6.04s/epoch, best=4.972e+00, sign=0.136, train=5.148e+00, val=4.969e+00]
GNN flow training:  61%|██████    | 61/100 [06:15<03:55,  6.04s/epoch, best=4.969e+00, sign=0.136, train=5.133e+00, val=4.937e+00]
GNN flow training:  62%|██████▏   | 62/100 [06:15<03:49,  6.05s/epoch, best=4.969e+00, sign=0.136, train=5.133e+00, val=4.937e+00]
GNN flow training:  62%|██████▏   | 62/100 [06:21<03:49,  6.05s/epoch, best=4.937e+00, sign=0.136, train=5.132e+00, val=4.883e+00]
GNN flow training:  63%|██████▎   | 63/100 [06:21<03:43,  6.04s/epoch, best=4.937e+00, sign=0.136, train=5.132e+00, val=4.883e+00]
GNN flow training:  63%|██████▎   | 63/100 [06:27<03:43,  6.04s/epoch, best=4.883e+00, sign=0.136, train=5.115e+00, val=4.856e+00]
GNN flow training:  64%|██████▍   | 64/100 [06:27<03:37,  6.05s/epoch, best=4.883e+00, sign=0.136, train=5.115e+00, val=4.856e+00]
GNN flow training:  64%|██████▍   | 64/100 [06:33<03:37,  6.05s/epoch, best=4.856e+00, sign=0.137, train=5.105e+00, val=4.866e+00]
GNN flow training:  65%|██████▌   | 65/100 [06:33<03:31,  6.05s/epoch, best=4.856e+00, sign=0.137, train=5.105e+00, val=4.866e+00]
GNN flow training:  65%|██████▌   | 65/100 [06:39<03:31,  6.05s/epoch, best=4.856e+00, sign=0.136, train=5.102e+00, val=4.860e+00]
GNN flow training:  66%|██████▌   | 66/100 [06:39<03:25,  6.04s/epoch, best=4.856e+00, sign=0.136, train=5.102e+00, val=4.860e+00]
GNN flow training:  66%|██████▌   | 66/100 [06:45<03:25,  6.04s/epoch, best=4.856e+00, sign=0.136, train=5.086e+00, val=4.820e+00]
GNN flow training:  67%|██████▋   | 67/100 [06:45<03:19,  6.04s/epoch, best=4.856e+00, sign=0.136, train=5.086e+00, val=4.820e+00]
GNN flow training:  67%|██████▋   | 67/100 [06:51<03:19,  6.04s/epoch, best=4.820e+00, sign=0.137, train=5.084e+00, val=4.802e+00]
GNN flow training:  68%|██████▊   | 68/100 [06:51<03:12,  6.03s/epoch, best=4.820e+00, sign=0.137, train=5.084e+00, val=4.802e+00]
GNN flow training:  68%|██████▊   | 68/100 [06:57<03:12,  6.03s/epoch, best=4.802e+00, sign=0.136, train=5.075e+00, val=4.822e+00]
GNN flow training:  69%|██████▉   | 69/100 [06:57<03:07,  6.04s/epoch, best=4.802e+00, sign=0.136, train=5.075e+00, val=4.822e+00]
GNN flow training:  69%|██████▉   | 69/100 [07:03<03:07,  6.04s/epoch, best=4.802e+00, sign=0.136, train=5.070e+00, val=4.788e+00]
GNN flow training:  70%|███████   | 70/100 [07:03<03:01,  6.04s/epoch, best=4.802e+00, sign=0.136, train=5.070e+00, val=4.788e+00]
GNN flow training:  70%|███████   | 70/100 [07:09<03:01,  6.04s/epoch, best=4.788e+00, sign=0.136, train=5.059e+00, val=4.771e+00]
GNN flow training:  71%|███████   | 71/100 [07:09<02:55,  6.06s/epoch, best=4.788e+00, sign=0.136, train=5.059e+00, val=4.771e+00]
GNN flow training:  71%|███████   | 71/100 [07:15<02:55,  6.06s/epoch, best=4.771e+00, sign=0.136, train=5.053e+00, val=4.809e+00]
GNN flow training:  72%|███████▏  | 72/100 [07:15<02:49,  6.05s/epoch, best=4.771e+00, sign=0.136, train=5.053e+00, val=4.809e+00]
GNN flow training:  72%|███████▏  | 72/100 [07:21<02:49,  6.05s/epoch, best=4.771e+00, sign=0.136, train=5.044e+00, val=4.777e+00]
GNN flow training:  73%|███████▎  | 73/100 [07:21<02:43,  6.04s/epoch, best=4.771e+00, sign=0.136, train=5.044e+00, val=4.777e+00]
GNN flow training:  73%|███████▎  | 73/100 [07:27<02:43,  6.04s/epoch, best=4.771e+00, sign=0.137, train=5.038e+00, val=4.725e+00]
GNN flow training:  74%|███████▍  | 74/100 [07:27<02:36,  6.03s/epoch, best=4.771e+00, sign=0.137, train=5.038e+00, val=4.725e+00]
GNN flow training:  74%|███████▍  | 74/100 [07:33<02:36,  6.03s/epoch, best=4.725e+00, sign=0.136, train=5.035e+00, val=4.750e+00]
GNN flow training:  75%|███████▌  | 75/100 [07:33<02:30,  6.04s/epoch, best=4.725e+00, sign=0.136, train=5.035e+00, val=4.750e+00]
GNN flow training:  75%|███████▌  | 75/100 [07:39<02:30,  6.04s/epoch, best=4.725e+00, sign=0.136, train=5.023e+00, val=4.772e+00]
GNN flow training:  76%|███████▌  | 76/100 [07:39<02:24,  6.02s/epoch, best=4.725e+00, sign=0.136, train=5.023e+00, val=4.772e+00]
GNN flow training:  76%|███████▌  | 76/100 [07:45<02:24,  6.02s/epoch, best=4.725e+00, sign=0.136, train=5.019e+00, val=4.723e+00]
GNN flow training:  77%|███████▋  | 77/100 [07:45<02:18,  6.02s/epoch, best=4.725e+00, sign=0.136, train=5.019e+00, val=4.723e+00]
GNN flow training:  77%|███████▋  | 77/100 [07:51<02:18,  6.02s/epoch, best=4.723e+00, sign=0.136, train=5.012e+00, val=4.720e+00]
GNN flow training:  78%|███████▊  | 78/100 [07:51<02:12,  6.03s/epoch, best=4.723e+00, sign=0.136, train=5.012e+00, val=4.720e+00]
GNN flow training:  78%|███████▊  | 78/100 [07:57<02:12,  6.03s/epoch, best=4.720e+00, sign=0.136, train=5.005e+00, val=4.739e+00]
GNN flow training:  79%|███████▉  | 79/100 [07:57<02:06,  6.03s/epoch, best=4.720e+00, sign=0.136, train=5.005e+00, val=4.739e+00]
GNN flow training:  79%|███████▉  | 79/100 [08:04<02:06,  6.03s/epoch, best=4.720e+00, sign=0.136, train=5.001e+00, val=4.721e+00]
GNN flow training:  80%|████████  | 80/100 [08:04<02:00,  6.04s/epoch, best=4.720e+00, sign=0.136, train=5.001e+00, val=4.721e+00]
GNN flow training:  80%|████████  | 80/100 [08:10<02:00,  6.04s/epoch, best=4.720e+00, sign=0.136, train=5.002e+00, val=4.754e+00]
GNN flow training:  81%|████████  | 81/100 [08:10<01:54,  6.03s/epoch, best=4.720e+00, sign=0.136, train=5.002e+00, val=4.754e+00]
GNN flow training:  81%|████████  | 81/100 [08:16<01:54,  6.03s/epoch, best=4.720e+00, sign=0.136, train=4.990e+00, val=4.742e+00]
GNN flow training:  82%|████████▏ | 82/100 [08:16<01:48,  6.04s/epoch, best=4.720e+00, sign=0.136, train=4.990e+00, val=4.742e+00]
GNN flow training:  82%|████████▏ | 82/100 [08:22<01:48,  6.04s/epoch, best=4.720e+00, sign=0.136, train=4.985e+00, val=4.662e+00]
GNN flow training:  83%|████████▎ | 83/100 [08:22<01:42,  6.03s/epoch, best=4.720e+00, sign=0.136, train=4.985e+00, val=4.662e+00]
GNN flow training:  83%|████████▎ | 83/100 [08:28<01:42,  6.03s/epoch, best=4.662e+00, sign=0.136, train=4.986e+00, val=4.698e+00]
GNN flow training:  84%|████████▍ | 84/100 [08:28<01:36,  6.03s/epoch, best=4.662e+00, sign=0.136, train=4.986e+00, val=4.698e+00]
GNN flow training:  84%|████████▍ | 84/100 [08:34<01:36,  6.03s/epoch, best=4.662e+00, sign=0.136, train=4.972e+00, val=4.709e+00]
GNN flow training:  85%|████████▌ | 85/100 [08:34<01:30,  6.04s/epoch, best=4.662e+00, sign=0.136, train=4.972e+00, val=4.709e+00]
GNN flow training:  85%|████████▌ | 85/100 [08:40<01:30,  6.04s/epoch, best=4.662e+00, sign=0.136, train=4.969e+00, val=4.689e+00]
GNN flow training:  86%|████████▌ | 86/100 [08:40<01:24,  6.03s/epoch, best=4.662e+00, sign=0.136, train=4.969e+00, val=4.689e+00]
GNN flow training:  86%|████████▌ | 86/100 [08:46<01:24,  6.03s/epoch, best=4.662e+00, sign=0.135, train=4.962e+00, val=4.687e+00]
GNN flow training:  87%|████████▋ | 87/100 [08:46<01:18,  6.04s/epoch, best=4.662e+00, sign=0.135, train=4.962e+00, val=4.687e+00]
GNN flow training:  87%|████████▋ | 87/100 [08:52<01:18,  6.04s/epoch, best=4.662e+00, sign=0.134, train=4.959e+00, val=5.032e+00]
GNN flow training:  88%|████████▊ | 88/100 [08:52<01:12,  6.05s/epoch, best=4.662e+00, sign=0.134, train=4.959e+00, val=5.032e+00]
GNN flow training:  88%|████████▊ | 88/100 [08:58<01:12,  6.05s/epoch, best=4.662e+00, sign=0.135, train=5.082e+00, val=5.017e+00]
GNN flow training:  89%|████████▉ | 89/100 [08:58<01:06,  6.02s/epoch, best=4.662e+00, sign=0.135, train=5.082e+00, val=5.017e+00]
GNN flow training:  89%|████████▉ | 89/100 [09:04<01:06,  6.02s/epoch, best=4.662e+00, sign=0.136, train=5.024e+00, val=4.718e+00]
GNN flow training:  90%|█████████ | 90/100 [09:04<01:00,  6.02s/epoch, best=4.662e+00, sign=0.136, train=5.024e+00, val=4.718e+00]
GNN flow training:  90%|█████████ | 90/100 [09:10<01:00,  6.02s/epoch, best=4.662e+00, sign=0.135, train=5.038e+00, val=4.657e+00]
GNN flow training:  91%|█████████ | 91/100 [09:10<00:54,  6.03s/epoch, best=4.662e+00, sign=0.135, train=5.038e+00, val=4.657e+00]
GNN flow training:  91%|█████████ | 91/100 [09:16<00:54,  6.03s/epoch, best=4.657e+00, sign=0.135, train=4.968e+00, val=4.872e+00]
GNN flow training:  92%|█████████▏| 92/100 [09:16<00:48,  6.05s/epoch, best=4.657e+00, sign=0.135, train=4.968e+00, val=4.872e+00]
GNN flow training:  92%|█████████▏| 92/100 [09:22<00:48,  6.05s/epoch, best=4.657e+00, sign=0.135, train=5.024e+00, val=4.836e+00]
GNN flow training:  93%|█████████▎| 93/100 [09:22<00:42,  6.05s/epoch, best=4.657e+00, sign=0.135, train=5.024e+00, val=4.836e+00]
GNN flow training:  93%|█████████▎| 93/100 [09:28<00:42,  6.05s/epoch, best=4.657e+00, sign=0.137, train=4.995e+00, val=4.718e+00]
GNN flow training:  94%|█████████▍| 94/100 [09:28<00:36,  6.07s/epoch, best=4.657e+00, sign=0.137, train=4.995e+00, val=4.718e+00]
GNN flow training:  94%|█████████▍| 94/100 [09:34<00:36,  6.07s/epoch, best=4.657e+00, sign=0.136, train=4.986e+00, val=4.678e+00]
GNN flow training:  95%|█████████▌| 95/100 [09:34<00:30,  6.07s/epoch, best=4.657e+00, sign=0.136, train=4.986e+00, val=4.678e+00]
GNN flow training:  95%|█████████▌| 95/100 [09:40<00:30,  6.07s/epoch, best=4.657e+00, sign=0.135, train=4.975e+00, val=4.780e+00]
GNN flow training:  96%|█████████▌| 96/100 [09:40<00:24,  6.07s/epoch, best=4.657e+00, sign=0.135, train=4.975e+00, val=4.780e+00]
GNN flow training:  96%|█████████▌| 96/100 [09:46<00:24,  6.07s/epoch, best=4.657e+00, sign=0.134, train=4.963e+00, val=4.830e+00]
GNN flow training:  97%|█████████▋| 97/100 [09:46<00:18,  6.06s/epoch, best=4.657e+00, sign=0.134, train=4.963e+00, val=4.830e+00]
GNN flow training:  97%|█████████▋| 97/100 [09:52<00:18,  6.06s/epoch, best=4.657e+00, sign=0.135, train=4.972e+00, val=4.748e+00]
GNN flow training:  98%|█████████▊| 98/100 [09:52<00:12,  6.05s/epoch, best=4.657e+00, sign=0.135, train=4.972e+00, val=4.748e+00]
GNN flow training:  98%|█████████▊| 98/100 [09:58<00:12,  6.05s/epoch, best=4.657e+00, sign=0.136, train=4.930e+00, val=4.737e+00]
GNN flow training:  99%|█████████▉| 99/100 [09:58<00:06,  6.06s/epoch, best=4.657e+00, sign=0.136, train=4.930e+00, val=4.737e+00]
GNN flow training:  99%|█████████▉| 99/100 [10:04<00:06,  6.06s/epoch, best=4.657e+00, sign=0.136, train=4.956e+00, val=4.688e+00]
GNN flow training: 100%|██████████| 100/100 [10:04<00:00,  6.04s/epoch, best=4.657e+00, sign=0.136, train=4.956e+00, val=4.688e+00]
GNN flow training: 100%|██████████| 100/100 [10:04<00:00,  6.05s/epoch, best=4.657e+00, sign=0.136, train=4.956e+00, val=4.688e+00]
Resolved config snapshot:
{'preset': 'solver_QKB_outer_QKBdelta', 'gnn_outer_losses': {'flow': 100.0, 'kirchhoff': 0.1, 'boundary': 100.0, 'delta_l2': 100.0, 'delta_smooth': 0.0, 'pressure_shape': 0.0}, 'physics': {'arterial_flow_mode': 'dataset', 'pressure_constraints': ['equal-a-equal-v'], 'alpha_pa': None, 'use_snr_weights': True, 'use_observed_flow_snr_weighting': True, 'flow_scale_mode': 'median_abs', 'solver_device': 'same', 'pressure_solver_mode': 'reduced-soft-constrained-lstsq', 'pressure_solver_lambda_kirchhoff': 1.0, 'pressure_solver_lambda_pressure_constraints': 100.0, 'pressure_solver_lambda_flow_residual': 1.0, 'pressure_shape_reference': 'delta_zero_reference', 'pressure_detach': False}, 'correction_bounds': {'correction_min': -0.5, 'correction_max': 0.5, 'correction_bound': 0.5, 'correction_parameterization': 'tanh'}, 'optimization': {'learning_rate': 0.001, 'weight_decay': 0.0001, 'gradient_clip_norm': 5.0, 'optimizer': 'adamw', 'epochs': 100, 'patience': 40}}
Shard 52/80: 1 of 80 runs
Command: /mnt/home/sswee/miniforge3/envs/yolk-sac/bin/python /mnt/home/sswee/yolk/Yolk-Sac-Flow-Data-and-Sim/gnn_clean/scripts/python/gnn_flow.py /mnt/home/sswee/yolk/Yolk-Sac-Flow-Data-and-Sim/gnn_clean/datasets/mosaic_graph_canonical_harmonized/mosaic_graph_canonical_harmonized.gpickle --output-dir /mnt/home/sswee/yolk/Yolk-Sac-Flow-Data-and-Sim/gnn_clean/outputs_canonical/dc/02_physics_weight_sweep/gnn --run-name q_100__k_0p1__delta_100 --preset solver_QKB_outer_QKBdelta --device cuda --epochs 100 --seed 0 --viscosity-pa-s 0.0035 --config /mnt/home/sswee/yolk/Yolk-Sac-Flow-Data-and-Sim/gnn_clean/outputs_canonical/dc/02_physics_weight_sweep/_generated_configs/q_100__k_0p1__delta_100.yaml --no-pressure-detach
