[info] DC Step 2 canonical sweep uses fixed lambda_B=100.0 for both the outer boundary loss and the reduced pressure-solver boundary constraint.

GNN flow training:   0%|          | 0/100 [00:00<?, ?epoch/s]
GNN flow training:   0%|          | 0/100 [00:06<?, ?epoch/s, best=1.777e+01, sign=0.194, train=1.932e+01, val=1.777e+01]
GNN flow training:   1%|          | 1/100 [00:06<10:14,  6.20s/epoch, best=1.777e+01, sign=0.194, train=1.932e+01, val=1.777e+01]
GNN flow training:   1%|          | 1/100 [00:12<10:14,  6.20s/epoch, best=1.777e+01, sign=0.194, train=1.933e+01, val=1.777e+01]
GNN flow training:   2%|▏         | 2/100 [00:12<10:01,  6.14s/epoch, best=1.777e+01, sign=0.194, train=1.933e+01, val=1.777e+01]
GNN flow training:   2%|▏         | 2/100 [00:18<10:01,  6.14s/epoch, best=1.777e+01, sign=0.193, train=1.932e+01, val=1.776e+01]
GNN flow training:   3%|▎         | 3/100 [00:18<09:55,  6.14s/epoch, best=1.777e+01, sign=0.193, train=1.932e+01, val=1.776e+01]
GNN flow training:   3%|▎         | 3/100 [00:24<09:55,  6.14s/epoch, best=1.776e+01, sign=0.193, train=1.932e+01, val=1.777e+01]
GNN flow training:   4%|▍         | 4/100 [00:24<09:45,  6.10s/epoch, best=1.776e+01, sign=0.193, train=1.932e+01, val=1.777e+01]
GNN flow training:   4%|▍         | 4/100 [00:30<09:45,  6.10s/epoch, best=1.776e+01, sign=0.193, train=1.932e+01, val=1.774e+01]
GNN flow training:   5%|▌         | 5/100 [00:30<09:37,  6.08s/epoch, best=1.776e+01, sign=0.193, train=1.932e+01, val=1.774e+01]
GNN flow training:   5%|▌         | 5/100 [00:36<09:37,  6.08s/epoch, best=1.774e+01, sign=0.193, train=1.929e+01, val=1.768e+01]
GNN flow training:   6%|▌         | 6/100 [00:36<09:31,  6.08s/epoch, best=1.774e+01, sign=0.193, train=1.929e+01, val=1.768e+01]
GNN flow training:   6%|▌         | 6/100 [00:42<09:31,  6.08s/epoch, best=1.768e+01, sign=0.193, train=1.923e+01, val=1.767e+01]
GNN flow training:   7%|▋         | 7/100 [00:42<09:22,  6.05s/epoch, best=1.768e+01, sign=0.193, train=1.923e+01, val=1.767e+01]
GNN flow training:   7%|▋         | 7/100 [00:48<09:22,  6.05s/epoch, best=1.767e+01, sign=0.193, train=1.922e+01, val=1.763e+01]
GNN flow training:   8%|▊         | 8/100 [00:48<09:16,  6.05s/epoch, best=1.767e+01, sign=0.193, train=1.922e+01, val=1.763e+01]
GNN flow training:   8%|▊         | 8/100 [00:54<09:16,  6.05s/epoch, best=1.763e+01, sign=0.191, train=1.917e+01, val=1.762e+01]
GNN flow training:   9%|▉         | 9/100 [00:54<09:09,  6.04s/epoch, best=1.763e+01, sign=0.191, train=1.917e+01, val=1.762e+01]
GNN flow training:   9%|▉         | 9/100 [01:00<09:09,  6.04s/epoch, best=1.762e+01, sign=0.191, train=1.916e+01, val=1.758e+01]
GNN flow training:  10%|█         | 10/100 [01:00<09:02,  6.03s/epoch, best=1.762e+01, sign=0.191, train=1.916e+01, val=1.758e+01]
GNN flow training:  10%|█         | 10/100 [01:06<09:02,  6.03s/epoch, best=1.758e+01, sign=0.191, train=1.910e+01, val=1.751e+01]
GNN flow training:  11%|█         | 11/100 [01:06<08:56,  6.03s/epoch, best=1.758e+01, sign=0.191, train=1.910e+01, val=1.751e+01]
GNN flow training:  11%|█         | 11/100 [01:12<08:56,  6.03s/epoch, best=1.751e+01, sign=0.189, train=1.903e+01, val=1.748e+01]
GNN flow training:  12%|█▏        | 12/100 [01:12<08:51,  6.03s/epoch, best=1.751e+01, sign=0.189, train=1.903e+01, val=1.748e+01]
GNN flow training:  12%|█▏        | 12/100 [01:18<08:51,  6.03s/epoch, best=1.748e+01, sign=0.188, train=1.898e+01, val=1.741e+01]
GNN flow training:  13%|█▎        | 13/100 [01:18<08:46,  6.05s/epoch, best=1.748e+01, sign=0.188, train=1.898e+01, val=1.741e+01]
GNN flow training:  13%|█▎        | 13/100 [01:24<08:46,  6.05s/epoch, best=1.741e+01, sign=0.187, train=1.890e+01, val=1.734e+01]
GNN flow training:  14%|█▍        | 14/100 [01:24<08:41,  6.06s/epoch, best=1.741e+01, sign=0.187, train=1.890e+01, val=1.734e+01]
GNN flow training:  14%|█▍        | 14/100 [01:31<08:41,  6.06s/epoch, best=1.734e+01, sign=0.185, train=1.882e+01, val=1.728e+01]
GNN flow training:  15%|█▌        | 15/100 [01:31<08:35,  6.07s/epoch, best=1.734e+01, sign=0.185, train=1.882e+01, val=1.728e+01]
GNN flow training:  15%|█▌        | 15/100 [01:37<08:35,  6.07s/epoch, best=1.728e+01, sign=0.184, train=1.873e+01, val=1.716e+01]
GNN flow training:  16%|█▌        | 16/100 [01:37<08:28,  6.05s/epoch, best=1.728e+01, sign=0.184, train=1.873e+01, val=1.716e+01]
GNN flow training:  16%|█▌        | 16/100 [01:43<08:28,  6.05s/epoch, best=1.716e+01, sign=0.183, train=1.860e+01, val=1.709e+01]
GNN flow training:  17%|█▋        | 17/100 [01:43<08:22,  6.06s/epoch, best=1.716e+01, sign=0.183, train=1.860e+01, val=1.709e+01]
GNN flow training:  17%|█▋        | 17/100 [01:49<08:22,  6.06s/epoch, best=1.709e+01, sign=0.182, train=1.852e+01, val=1.699e+01]
GNN flow training:  18%|█▊        | 18/100 [01:49<08:16,  6.06s/epoch, best=1.709e+01, sign=0.182, train=1.852e+01, val=1.699e+01]
GNN flow training:  18%|█▊        | 18/100 [01:55<08:16,  6.06s/epoch, best=1.699e+01, sign=0.181, train=1.841e+01, val=1.684e+01]
GNN flow training:  19%|█▉        | 19/100 [01:55<08:10,  6.06s/epoch, best=1.699e+01, sign=0.181, train=1.841e+01, val=1.684e+01]
GNN flow training:  19%|█▉        | 19/100 [02:01<08:10,  6.06s/epoch, best=1.684e+01, sign=0.180, train=1.823e+01, val=1.673e+01]
GNN flow training:  20%|██        | 20/100 [02:01<08:03,  6.04s/epoch, best=1.684e+01, sign=0.180, train=1.823e+01, val=1.673e+01]
GNN flow training:  20%|██        | 20/100 [02:07<08:03,  6.04s/epoch, best=1.673e+01, sign=0.180, train=1.810e+01, val=1.663e+01]
GNN flow training:  21%|██        | 21/100 [02:07<07:55,  6.01s/epoch, best=1.673e+01, sign=0.180, train=1.810e+01, val=1.663e+01]
GNN flow training:  21%|██        | 21/100 [02:13<07:55,  6.01s/epoch, best=1.663e+01, sign=0.177, train=1.798e+01, val=1.649e+01]
GNN flow training:  22%|██▏       | 22/100 [02:13<07:48,  6.01s/epoch, best=1.663e+01, sign=0.177, train=1.798e+01, val=1.649e+01]
GNN flow training:  22%|██▏       | 22/100 [02:19<07:48,  6.01s/epoch, best=1.649e+01, sign=0.172, train=1.781e+01, val=1.640e+01]
GNN flow training:  23%|██▎       | 23/100 [02:19<07:42,  6.00s/epoch, best=1.649e+01, sign=0.172, train=1.781e+01, val=1.640e+01]
GNN flow training:  23%|██▎       | 23/100 [02:25<07:42,  6.00s/epoch, best=1.640e+01, sign=0.168, train=1.767e+01, val=1.617e+01]
GNN flow training:  24%|██▍       | 24/100 [02:25<07:36,  6.01s/epoch, best=1.640e+01, sign=0.168, train=1.767e+01, val=1.617e+01]
GNN flow training:  24%|██▍       | 24/100 [02:31<07:36,  6.01s/epoch, best=1.617e+01, sign=0.164, train=1.737e+01, val=1.597e+01]
GNN flow training:  25%|██▌       | 25/100 [02:31<07:30,  6.01s/epoch, best=1.617e+01, sign=0.164, train=1.737e+01, val=1.597e+01]
GNN flow training:  25%|██▌       | 25/100 [02:37<07:30,  6.01s/epoch, best=1.597e+01, sign=0.160, train=1.710e+01, val=1.586e+01]
GNN flow training:  26%|██▌       | 26/100 [02:37<07:26,  6.03s/epoch, best=1.597e+01, sign=0.160, train=1.710e+01, val=1.586e+01]
GNN flow training:  26%|██▌       | 26/100 [02:43<07:26,  6.03s/epoch, best=1.586e+01, sign=0.159, train=1.693e+01, val=1.581e+01]
GNN flow training:  27%|██▋       | 27/100 [02:43<07:19,  6.02s/epoch, best=1.586e+01, sign=0.159, train=1.693e+01, val=1.581e+01]
GNN flow training:  27%|██▋       | 27/100 [02:49<07:19,  6.02s/epoch, best=1.581e+01, sign=0.157, train=1.683e+01, val=1.574e+01]
GNN flow training:  28%|██▊       | 28/100 [02:49<07:13,  6.01s/epoch, best=1.581e+01, sign=0.157, train=1.683e+01, val=1.574e+01]
GNN flow training:  28%|██▊       | 28/100 [02:55<07:13,  6.01s/epoch, best=1.574e+01, sign=0.155, train=1.673e+01, val=1.569e+01]
GNN flow training:  29%|██▉       | 29/100 [02:55<07:07,  6.02s/epoch, best=1.574e+01, sign=0.155, train=1.673e+01, val=1.569e+01]
GNN flow training:  29%|██▉       | 29/100 [03:01<07:07,  6.02s/epoch, best=1.569e+01, sign=0.154, train=1.663e+01, val=1.566e+01]
GNN flow training:  30%|███       | 30/100 [03:01<07:01,  6.02s/epoch, best=1.569e+01, sign=0.154, train=1.663e+01, val=1.566e+01]
GNN flow training:  30%|███       | 30/100 [03:07<07:01,  6.02s/epoch, best=1.566e+01, sign=0.154, train=1.660e+01, val=1.572e+01]
GNN flow training:  31%|███       | 31/100 [03:07<06:54,  6.00s/epoch, best=1.566e+01, sign=0.154, train=1.660e+01, val=1.572e+01]
GNN flow training:  31%|███       | 31/100 [03:13<06:54,  6.00s/epoch, best=1.566e+01, sign=0.156, train=1.666e+01, val=1.581e+01]
GNN flow training:  32%|███▏      | 32/100 [03:13<06:48,  6.01s/epoch, best=1.566e+01, sign=0.156, train=1.666e+01, val=1.581e+01]
GNN flow training:  32%|███▏      | 32/100 [03:19<06:48,  6.01s/epoch, best=1.566e+01, sign=0.155, train=1.677e+01, val=1.584e+01]
GNN flow training:  33%|███▎      | 33/100 [03:19<06:41,  6.00s/epoch, best=1.566e+01, sign=0.155, train=1.677e+01, val=1.584e+01]
GNN flow training:  33%|███▎      | 33/100 [03:25<06:41,  6.00s/epoch, best=1.566e+01, sign=0.155, train=1.678e+01, val=1.586e+01]
GNN flow training:  34%|███▍      | 34/100 [03:25<06:35,  5.99s/epoch, best=1.566e+01, sign=0.155, train=1.678e+01, val=1.586e+01]
GNN flow training:  34%|███▍      | 34/100 [03:31<06:35,  5.99s/epoch, best=1.566e+01, sign=0.153, train=1.674e+01, val=1.578e+01]
GNN flow training:  35%|███▌      | 35/100 [03:31<06:28,  5.98s/epoch, best=1.566e+01, sign=0.153, train=1.674e+01, val=1.578e+01]
GNN flow training:  35%|███▌      | 35/100 [03:37<06:28,  5.98s/epoch, best=1.566e+01, sign=0.149, train=1.657e+01, val=1.558e+01]
GNN flow training:  36%|███▌      | 36/100 [03:37<06:21,  5.96s/epoch, best=1.566e+01, sign=0.149, train=1.657e+01, val=1.558e+01]
GNN flow training:  36%|███▌      | 36/100 [03:43<06:21,  5.96s/epoch, best=1.558e+01, sign=0.149, train=1.630e+01, val=1.529e+01]
GNN flow training:  37%|███▋      | 37/100 [03:43<06:16,  5.98s/epoch, best=1.558e+01, sign=0.149, train=1.630e+01, val=1.529e+01]
GNN flow training:  37%|███▋      | 37/100 [03:49<06:16,  5.98s/epoch, best=1.529e+01, sign=0.150, train=1.601e+01, val=1.511e+01]
GNN flow training:  38%|███▊      | 38/100 [03:49<06:10,  5.97s/epoch, best=1.529e+01, sign=0.150, train=1.601e+01, val=1.511e+01]
GNN flow training:  38%|███▊      | 38/100 [03:55<06:10,  5.97s/epoch, best=1.511e+01, sign=0.148, train=1.584e+01, val=1.492e+01]
GNN flow training:  39%|███▉      | 39/100 [03:55<06:05,  5.99s/epoch, best=1.511e+01, sign=0.148, train=1.584e+01, val=1.492e+01]
GNN flow training:  39%|███▉      | 39/100 [04:01<06:05,  5.99s/epoch, best=1.492e+01, sign=0.146, train=1.565e+01, val=1.474e+01]
GNN flow training:  40%|████      | 40/100 [04:01<06:00,  6.01s/epoch, best=1.492e+01, sign=0.146, train=1.565e+01, val=1.474e+01]
GNN flow training:  40%|████      | 40/100 [04:07<06:00,  6.01s/epoch, best=1.474e+01, sign=0.144, train=1.543e+01, val=1.458e+01]
GNN flow training:  41%|████      | 41/100 [04:07<05:53,  6.00s/epoch, best=1.474e+01, sign=0.144, train=1.543e+01, val=1.458e+01]
GNN flow training:  41%|████      | 41/100 [04:13<05:53,  6.00s/epoch, best=1.458e+01, sign=0.139, train=1.525e+01, val=1.441e+01]
GNN flow training:  42%|████▏     | 42/100 [04:13<05:48,  6.00s/epoch, best=1.458e+01, sign=0.139, train=1.525e+01, val=1.441e+01]
GNN flow training:  42%|████▏     | 42/100 [04:19<05:48,  6.00s/epoch, best=1.441e+01, sign=0.139, train=1.502e+01, val=1.428e+01]
GNN flow training:  43%|████▎     | 43/100 [04:19<05:42,  6.02s/epoch, best=1.441e+01, sign=0.139, train=1.502e+01, val=1.428e+01]
GNN flow training:  43%|████▎     | 43/100 [04:25<05:42,  6.02s/epoch, best=1.428e+01, sign=0.137, train=1.481e+01, val=1.426e+01]
GNN flow training:  44%|████▍     | 44/100 [04:25<05:36,  6.02s/epoch, best=1.428e+01, sign=0.137, train=1.481e+01, val=1.426e+01]
GNN flow training:  44%|████▍     | 44/100 [04:31<05:36,  6.02s/epoch, best=1.426e+01, sign=0.135, train=1.473e+01, val=1.429e+01]
GNN flow training:  45%|████▌     | 45/100 [04:31<05:31,  6.03s/epoch, best=1.426e+01, sign=0.135, train=1.473e+01, val=1.429e+01]
GNN flow training:  45%|████▌     | 45/100 [04:37<05:31,  6.03s/epoch, best=1.426e+01, sign=0.134, train=1.472e+01, val=1.419e+01]
GNN flow training:  46%|████▌     | 46/100 [04:37<05:25,  6.03s/epoch, best=1.426e+01, sign=0.134, train=1.472e+01, val=1.419e+01]
GNN flow training:  46%|████▌     | 46/100 [04:43<05:25,  6.03s/epoch, best=1.419e+01, sign=0.136, train=1.460e+01, val=1.408e+01]
GNN flow training:  47%|████▋     | 47/100 [04:43<05:19,  6.03s/epoch, best=1.419e+01, sign=0.136, train=1.460e+01, val=1.408e+01]
GNN flow training:  47%|████▋     | 47/100 [04:49<05:19,  6.03s/epoch, best=1.408e+01, sign=0.138, train=1.449e+01, val=1.399e+01]
GNN flow training:  48%|████▊     | 48/100 [04:49<05:12,  6.01s/epoch, best=1.408e+01, sign=0.138, train=1.449e+01, val=1.399e+01]
GNN flow training:  48%|████▊     | 48/100 [04:55<05:12,  6.01s/epoch, best=1.399e+01, sign=0.137, train=1.444e+01, val=1.397e+01]
GNN flow training:  49%|████▉     | 49/100 [04:55<05:06,  6.01s/epoch, best=1.399e+01, sign=0.137, train=1.444e+01, val=1.397e+01]
GNN flow training:  49%|████▉     | 49/100 [05:01<05:06,  6.01s/epoch, best=1.397e+01, sign=0.137, train=1.443e+01, val=1.389e+01]
GNN flow training:  50%|█████     | 50/100 [05:01<05:01,  6.03s/epoch, best=1.397e+01, sign=0.137, train=1.443e+01, val=1.389e+01]
GNN flow training:  50%|█████     | 50/100 [05:07<05:01,  6.03s/epoch, best=1.389e+01, sign=0.135, train=1.434e+01, val=1.380e+01]
GNN flow training:  51%|█████     | 51/100 [05:07<04:55,  6.03s/epoch, best=1.389e+01, sign=0.135, train=1.434e+01, val=1.380e+01]
GNN flow training:  51%|█████     | 51/100 [05:13<04:55,  6.03s/epoch, best=1.380e+01, sign=0.133, train=1.423e+01, val=1.378e+01]
GNN flow training:  52%|█████▏    | 52/100 [05:13<04:49,  6.04s/epoch, best=1.380e+01, sign=0.133, train=1.423e+01, val=1.378e+01]
GNN flow training:  52%|█████▏    | 52/100 [05:19<04:49,  6.04s/epoch, best=1.378e+01, sign=0.133, train=1.417e+01, val=1.375e+01]
GNN flow training:  53%|█████▎    | 53/100 [05:19<04:43,  6.04s/epoch, best=1.378e+01, sign=0.133, train=1.417e+01, val=1.375e+01]
GNN flow training:  53%|█████▎    | 53/100 [05:25<04:43,  6.04s/epoch, best=1.375e+01, sign=0.133, train=1.410e+01, val=1.371e+01]
GNN flow training:  54%|█████▍    | 54/100 [05:25<04:38,  6.05s/epoch, best=1.375e+01, sign=0.133, train=1.410e+01, val=1.371e+01]
GNN flow training:  54%|█████▍    | 54/100 [05:31<04:38,  6.05s/epoch, best=1.371e+01, sign=0.132, train=1.406e+01, val=1.361e+01]
GNN flow training:  55%|█████▌    | 55/100 [05:31<04:32,  6.06s/epoch, best=1.371e+01, sign=0.132, train=1.406e+01, val=1.361e+01]
GNN flow training:  55%|█████▌    | 55/100 [05:37<04:32,  6.06s/epoch, best=1.361e+01, sign=0.133, train=1.395e+01, val=1.348e+01]
GNN flow training:  56%|█████▌    | 56/100 [05:37<04:25,  6.04s/epoch, best=1.361e+01, sign=0.133, train=1.395e+01, val=1.348e+01]
GNN flow training:  56%|█████▌    | 56/100 [05:43<04:25,  6.04s/epoch, best=1.348e+01, sign=0.133, train=1.385e+01, val=1.344e+01]
GNN flow training:  57%|█████▋    | 57/100 [05:43<04:19,  6.03s/epoch, best=1.348e+01, sign=0.133, train=1.385e+01, val=1.344e+01]
GNN flow training:  57%|█████▋    | 57/100 [05:49<04:19,  6.03s/epoch, best=1.344e+01, sign=0.132, train=1.382e+01, val=1.339e+01]
GNN flow training:  58%|█████▊    | 58/100 [05:49<04:12,  6.01s/epoch, best=1.344e+01, sign=0.132, train=1.382e+01, val=1.339e+01]
GNN flow training:  58%|█████▊    | 58/100 [05:55<04:12,  6.01s/epoch, best=1.339e+01, sign=0.132, train=1.376e+01, val=1.337e+01]
GNN flow training:  59%|█████▉    | 59/100 [05:55<04:07,  6.05s/epoch, best=1.339e+01, sign=0.132, train=1.376e+01, val=1.337e+01]
GNN flow training:  59%|█████▉    | 59/100 [06:01<04:07,  6.05s/epoch, best=1.337e+01, sign=0.132, train=1.370e+01, val=1.326e+01]
GNN flow training:  60%|██████    | 60/100 [06:01<04:01,  6.04s/epoch, best=1.337e+01, sign=0.132, train=1.370e+01, val=1.326e+01]
GNN flow training:  60%|██████    | 60/100 [06:07<04:01,  6.04s/epoch, best=1.326e+01, sign=0.132, train=1.361e+01, val=1.321e+01]
GNN flow training:  61%|██████    | 61/100 [06:07<03:55,  6.03s/epoch, best=1.326e+01, sign=0.132, train=1.361e+01, val=1.321e+01]
GNN flow training:  61%|██████    | 61/100 [06:13<03:55,  6.03s/epoch, best=1.321e+01, sign=0.131, train=1.352e+01, val=1.326e+01]
GNN flow training:  62%|██████▏   | 62/100 [06:13<03:49,  6.03s/epoch, best=1.321e+01, sign=0.131, train=1.352e+01, val=1.326e+01]
GNN flow training:  62%|██████▏   | 62/100 [06:19<03:49,  6.03s/epoch, best=1.321e+01, sign=0.130, train=1.353e+01, val=1.329e+01]
GNN flow training:  63%|██████▎   | 63/100 [06:19<03:42,  6.01s/epoch, best=1.321e+01, sign=0.130, train=1.353e+01, val=1.329e+01]
GNN flow training:  63%|██████▎   | 63/100 [06:25<03:42,  6.01s/epoch, best=1.321e+01, sign=0.128, train=1.358e+01, val=1.327e+01]
GNN flow training:  64%|██████▍   | 64/100 [06:25<03:37,  6.04s/epoch, best=1.321e+01, sign=0.128, train=1.358e+01, val=1.327e+01]
GNN flow training:  64%|██████▍   | 64/100 [06:31<03:37,  6.04s/epoch, best=1.321e+01, sign=0.128, train=1.355e+01, val=1.311e+01]
GNN flow training:  65%|██████▌   | 65/100 [06:31<03:31,  6.04s/epoch, best=1.321e+01, sign=0.128, train=1.355e+01, val=1.311e+01]
GNN flow training:  65%|██████▌   | 65/100 [06:37<03:31,  6.04s/epoch, best=1.311e+01, sign=0.129, train=1.341e+01, val=1.306e+01]
GNN flow training:  66%|██████▌   | 66/100 [06:37<03:25,  6.04s/epoch, best=1.311e+01, sign=0.129, train=1.341e+01, val=1.306e+01]
GNN flow training:  66%|██████▌   | 66/100 [06:43<03:25,  6.04s/epoch, best=1.306e+01, sign=0.129, train=1.338e+01, val=1.311e+01]
GNN flow training:  67%|██████▋   | 67/100 [06:43<03:18,  6.03s/epoch, best=1.306e+01, sign=0.129, train=1.338e+01, val=1.311e+01]
GNN flow training:  67%|██████▋   | 67/100 [06:49<03:18,  6.03s/epoch, best=1.306e+01, sign=0.130, train=1.342e+01, val=1.314e+01]
GNN flow training:  68%|██████▊   | 68/100 [06:49<03:12,  6.02s/epoch, best=1.306e+01, sign=0.130, train=1.342e+01, val=1.314e+01]
GNN flow training:  68%|██████▊   | 68/100 [06:56<03:12,  6.02s/epoch, best=1.306e+01, sign=0.127, train=1.349e+01, val=1.310e+01]
GNN flow training:  69%|██████▉   | 69/100 [06:56<03:06,  6.02s/epoch, best=1.306e+01, sign=0.127, train=1.349e+01, val=1.310e+01]
GNN flow training:  69%|██████▉   | 69/100 [07:02<03:06,  6.02s/epoch, best=1.306e+01, sign=0.125, train=1.338e+01, val=1.310e+01]
GNN flow training:  70%|███████   | 70/100 [07:02<03:00,  6.02s/epoch, best=1.306e+01, sign=0.125, train=1.338e+01, val=1.310e+01]
GNN flow training:  70%|███████   | 70/100 [07:08<03:00,  6.02s/epoch, best=1.306e+01, sign=0.123, train=1.338e+01, val=1.302e+01]
GNN flow training:  71%|███████   | 71/100 [07:08<02:54,  6.03s/epoch, best=1.306e+01, sign=0.123, train=1.338e+01, val=1.302e+01]
GNN flow training:  71%|███████   | 71/100 [07:14<02:54,  6.03s/epoch, best=1.302e+01, sign=0.123, train=1.332e+01, val=1.308e+01]
GNN flow training:  72%|███████▏  | 72/100 [07:14<02:49,  6.04s/epoch, best=1.302e+01, sign=0.123, train=1.332e+01, val=1.308e+01]
GNN flow training:  72%|███████▏  | 72/100 [07:20<02:49,  6.04s/epoch, best=1.302e+01, sign=0.124, train=1.339e+01, val=1.307e+01]
GNN flow training:  73%|███████▎  | 73/100 [07:20<02:42,  6.03s/epoch, best=1.302e+01, sign=0.124, train=1.339e+01, val=1.307e+01]
GNN flow training:  73%|███████▎  | 73/100 [07:26<02:42,  6.03s/epoch, best=1.302e+01, sign=0.123, train=1.336e+01, val=1.295e+01]
GNN flow training:  74%|███████▍  | 74/100 [07:26<02:36,  6.02s/epoch, best=1.302e+01, sign=0.123, train=1.336e+01, val=1.295e+01]
GNN flow training:  74%|███████▍  | 74/100 [07:32<02:36,  6.02s/epoch, best=1.295e+01, sign=0.126, train=1.329e+01, val=1.284e+01]
GNN flow training:  75%|███████▌  | 75/100 [07:32<02:30,  6.02s/epoch, best=1.295e+01, sign=0.126, train=1.329e+01, val=1.284e+01]
GNN flow training:  75%|███████▌  | 75/100 [07:38<02:30,  6.02s/epoch, best=1.284e+01, sign=0.127, train=1.321e+01, val=1.286e+01]
GNN flow training:  76%|███████▌  | 76/100 [07:38<02:24,  6.02s/epoch, best=1.284e+01, sign=0.127, train=1.321e+01, val=1.286e+01]
GNN flow training:  76%|███████▌  | 76/100 [07:44<02:24,  6.02s/epoch, best=1.284e+01, sign=0.129, train=1.322e+01, val=1.281e+01]
GNN flow training:  77%|███████▋  | 77/100 [07:44<02:18,  6.02s/epoch, best=1.284e+01, sign=0.129, train=1.322e+01, val=1.281e+01]
GNN flow training:  77%|███████▋  | 77/100 [07:50<02:18,  6.02s/epoch, best=1.281e+01, sign=0.127, train=1.315e+01, val=1.278e+01]
GNN flow training:  78%|███████▊  | 78/100 [07:50<02:12,  6.01s/epoch, best=1.281e+01, sign=0.127, train=1.315e+01, val=1.278e+01]
GNN flow training:  78%|███████▊  | 78/100 [07:56<02:12,  6.01s/epoch, best=1.278e+01, sign=0.123, train=1.309e+01, val=1.282e+01]
GNN flow training:  79%|███████▉  | 79/100 [07:56<02:06,  6.01s/epoch, best=1.278e+01, sign=0.123, train=1.309e+01, val=1.282e+01]
GNN flow training:  79%|███████▉  | 79/100 [08:02<02:06,  6.01s/epoch, best=1.278e+01, sign=0.123, train=1.310e+01, val=1.282e+01]
GNN flow training:  80%|████████  | 80/100 [08:02<02:00,  6.03s/epoch, best=1.278e+01, sign=0.123, train=1.310e+01, val=1.282e+01]
GNN flow training:  80%|████████  | 80/100 [08:08<02:00,  6.03s/epoch, best=1.278e+01, sign=0.124, train=1.308e+01, val=1.282e+01]
GNN flow training:  81%|████████  | 81/100 [08:08<01:55,  6.06s/epoch, best=1.278e+01, sign=0.124, train=1.308e+01, val=1.282e+01]
GNN flow training:  81%|████████  | 81/100 [08:14<01:55,  6.06s/epoch, best=1.278e+01, sign=0.126, train=1.309e+01, val=1.282e+01]
GNN flow training:  82%|████████▏ | 82/100 [08:14<01:48,  6.05s/epoch, best=1.278e+01, sign=0.126, train=1.309e+01, val=1.282e+01]
GNN flow training:  82%|████████▏ | 82/100 [08:20<01:48,  6.05s/epoch, best=1.278e+01, sign=0.130, train=1.312e+01, val=1.289e+01]
GNN flow training:  83%|████████▎ | 83/100 [08:20<01:42,  6.04s/epoch, best=1.278e+01, sign=0.130, train=1.312e+01, val=1.289e+01]
GNN flow training:  83%|████████▎ | 83/100 [08:26<01:42,  6.04s/epoch, best=1.278e+01, sign=0.141, train=1.321e+01, val=1.349e+01]
GNN flow training:  84%|████████▍ | 84/100 [08:26<01:36,  6.06s/epoch, best=1.278e+01, sign=0.141, train=1.321e+01, val=1.349e+01]
GNN flow training:  84%|████████▍ | 84/100 [08:32<01:36,  6.06s/epoch, best=1.278e+01, sign=0.141, train=1.417e+01, val=1.335e+01]
GNN flow training:  85%|████████▌ | 85/100 [08:32<01:30,  6.06s/epoch, best=1.278e+01, sign=0.141, train=1.417e+01, val=1.335e+01]
GNN flow training:  85%|████████▌ | 85/100 [08:38<01:30,  6.06s/epoch, best=1.278e+01, sign=0.137, train=1.386e+01, val=1.313e+01]
GNN flow training:  86%|████████▌ | 86/100 [08:38<01:24,  6.04s/epoch, best=1.278e+01, sign=0.137, train=1.386e+01, val=1.313e+01]
GNN flow training:  86%|████████▌ | 86/100 [08:44<01:24,  6.04s/epoch, best=1.278e+01, sign=0.135, train=1.360e+01, val=1.300e+01]
GNN flow training:  87%|████████▋ | 87/100 [08:44<01:18,  6.03s/epoch, best=1.278e+01, sign=0.135, train=1.360e+01, val=1.300e+01]
GNN flow training:  87%|████████▋ | 87/100 [08:50<01:18,  6.03s/epoch, best=1.278e+01, sign=0.131, train=1.345e+01, val=1.299e+01]
GNN flow training:  88%|████████▊ | 88/100 [08:50<01:12,  6.05s/epoch, best=1.278e+01, sign=0.131, train=1.345e+01, val=1.299e+01]
GNN flow training:  88%|████████▊ | 88/100 [08:56<01:12,  6.05s/epoch, best=1.278e+01, sign=0.131, train=1.338e+01, val=1.291e+01]
GNN flow training:  89%|████████▉ | 89/100 [08:56<01:06,  6.04s/epoch, best=1.278e+01, sign=0.131, train=1.338e+01, val=1.291e+01]
GNN flow training:  89%|████████▉ | 89/100 [09:02<01:06,  6.04s/epoch, best=1.278e+01, sign=0.129, train=1.324e+01, val=1.274e+01]
GNN flow training:  90%|█████████ | 90/100 [09:02<01:00,  6.03s/epoch, best=1.278e+01, sign=0.129, train=1.324e+01, val=1.274e+01]
GNN flow training:  90%|█████████ | 90/100 [09:08<01:00,  6.03s/epoch, best=1.274e+01, sign=0.126, train=1.310e+01, val=1.271e+01]
GNN flow training:  91%|█████████ | 91/100 [09:08<00:54,  6.02s/epoch, best=1.274e+01, sign=0.126, train=1.310e+01, val=1.271e+01]
GNN flow training:  91%|█████████ | 91/100 [09:14<00:54,  6.02s/epoch, best=1.271e+01, sign=0.127, train=1.310e+01, val=1.277e+01]
GNN flow training:  92%|█████████▏| 92/100 [09:14<00:48,  6.03s/epoch, best=1.271e+01, sign=0.127, train=1.310e+01, val=1.277e+01]
GNN flow training:  92%|█████████▏| 92/100 [09:20<00:48,  6.03s/epoch, best=1.271e+01, sign=0.128, train=1.316e+01, val=1.285e+01]
GNN flow training:  93%|█████████▎| 93/100 [09:20<00:42,  6.01s/epoch, best=1.271e+01, sign=0.128, train=1.316e+01, val=1.285e+01]
GNN flow training:  93%|█████████▎| 93/100 [09:26<00:42,  6.01s/epoch, best=1.271e+01, sign=0.129, train=1.326e+01, val=1.288e+01]
GNN flow training:  94%|█████████▍| 94/100 [09:26<00:36,  6.03s/epoch, best=1.271e+01, sign=0.129, train=1.326e+01, val=1.288e+01]
GNN flow training:  94%|█████████▍| 94/100 [09:32<00:36,  6.03s/epoch, best=1.271e+01, sign=0.128, train=1.332e+01, val=1.279e+01]
GNN flow training:  95%|█████████▌| 95/100 [09:32<00:30,  6.04s/epoch, best=1.271e+01, sign=0.128, train=1.332e+01, val=1.279e+01]
GNN flow training:  95%|█████████▌| 95/100 [09:38<00:30,  6.04s/epoch, best=1.271e+01, sign=0.127, train=1.321e+01, val=1.265e+01]
GNN flow training:  96%|█████████▌| 96/100 [09:38<00:24,  6.04s/epoch, best=1.271e+01, sign=0.127, train=1.321e+01, val=1.265e+01]
GNN flow training:  96%|█████████▌| 96/100 [09:44<00:24,  6.04s/epoch, best=1.265e+01, sign=0.128, train=1.311e+01, val=1.273e+01]
GNN flow training:  97%|█████████▋| 97/100 [09:44<00:18,  6.04s/epoch, best=1.265e+01, sign=0.128, train=1.311e+01, val=1.273e+01]
GNN flow training:  97%|█████████▋| 97/100 [09:50<00:18,  6.04s/epoch, best=1.265e+01, sign=0.128, train=1.321e+01, val=1.288e+01]
GNN flow training:  98%|█████████▊| 98/100 [09:50<00:12,  6.03s/epoch, best=1.265e+01, sign=0.128, train=1.321e+01, val=1.288e+01]
GNN flow training:  98%|█████████▊| 98/100 [09:57<00:12,  6.03s/epoch, best=1.265e+01, sign=0.127, train=1.337e+01, val=1.292e+01]
GNN flow training:  99%|█████████▉| 99/100 [09:57<00:06,  6.04s/epoch, best=1.265e+01, sign=0.127, train=1.337e+01, val=1.292e+01]
GNN flow training:  99%|█████████▉| 99/100 [10:03<00:06,  6.04s/epoch, best=1.265e+01, sign=0.132, train=1.346e+01, val=1.278e+01]
GNN flow training: 100%|██████████| 100/100 [10:03<00:00,  6.03s/epoch, best=1.265e+01, sign=0.132, train=1.346e+01, val=1.278e+01]
GNN flow training: 100%|██████████| 100/100 [10:03<00:00,  6.03s/epoch, best=1.265e+01, sign=0.132, train=1.346e+01, val=1.278e+01]
Resolved config snapshot:
{'preset': 'solver_QKB_outer_QKBdelta', 'gnn_outer_losses': {'flow': 100.0, 'kirchhoff': 1.0, 'boundary': 100.0, 'delta_l2': 10.0, 'delta_smooth': 0.0, 'pressure_shape': 0.0}, 'physics': {'arterial_flow_mode': 'dataset', 'pressure_constraints': ['equal-a-equal-v'], 'alpha_pa': None, 'use_snr_weights': True, 'use_observed_flow_snr_weighting': True, 'flow_scale_mode': 'median_abs', 'solver_device': 'same', 'pressure_solver_mode': 'reduced-soft-constrained-lstsq', 'pressure_solver_lambda_kirchhoff': 1.0, 'pressure_solver_lambda_pressure_constraints': 100.0, 'pressure_solver_lambda_flow_residual': 1.0, 'pressure_shape_reference': 'delta_zero_reference', 'pressure_detach': False}, 'correction_bounds': {'correction_min': -0.5, 'correction_max': 0.5, 'correction_bound': 0.5, 'correction_parameterization': 'tanh'}, 'optimization': {'learning_rate': 0.001, 'weight_decay': 0.0001, 'gradient_clip_norm': 5.0, 'optimizer': 'adamw', 'epochs': 100, 'patience': 40}}
Shard 55/80: 1 of 80 runs
Command: /mnt/home/sswee/miniforge3/envs/yolk-sac/bin/python /mnt/home/sswee/yolk/Yolk-Sac-Flow-Data-and-Sim/gnn_clean/scripts/python/gnn_flow.py /mnt/home/sswee/yolk/Yolk-Sac-Flow-Data-and-Sim/gnn_clean/datasets/mosaic_graph_canonical_harmonized/mosaic_graph_canonical_harmonized.gpickle --output-dir /mnt/home/sswee/yolk/Yolk-Sac-Flow-Data-and-Sim/gnn_clean/outputs_canonical/dc/02_physics_weight_sweep/gnn --run-name q_100__k_1__delta_10 --preset solver_QKB_outer_QKBdelta --device cuda --epochs 100 --seed 0 --viscosity-pa-s 0.0035 --config /mnt/home/sswee/yolk/Yolk-Sac-Flow-Data-and-Sim/gnn_clean/outputs_canonical/dc/02_physics_weight_sweep/_generated_configs/q_100__k_1__delta_10.yaml --no-pressure-detach
