[info] DC Step 2 canonical sweep uses fixed lambda_B=100.0 for both the outer boundary loss and the reduced pressure-solver boundary constraint.

GNN flow training:   0%|          | 0/100 [00:00<?, ?epoch/s]
GNN flow training:   0%|          | 0/100 [00:06<?, ?epoch/s, best=1.272e+03, sign=0.194, train=1.271e+03, val=1.272e+03]
GNN flow training:   1%|          | 1/100 [00:06<10:13,  6.20s/epoch, best=1.272e+03, sign=0.194, train=1.271e+03, val=1.272e+03]
GNN flow training:   1%|          | 1/100 [00:12<10:13,  6.20s/epoch, best=1.272e+03, sign=0.194, train=1.272e+03, val=1.274e+03]
GNN flow training:   2%|▏         | 2/100 [00:12<10:01,  6.14s/epoch, best=1.272e+03, sign=0.194, train=1.272e+03, val=1.274e+03]
GNN flow training:   2%|▏         | 2/100 [00:18<10:01,  6.14s/epoch, best=1.272e+03, sign=0.194, train=1.274e+03, val=1.273e+03]
GNN flow training:   3%|▎         | 3/100 [00:18<09:53,  6.12s/epoch, best=1.272e+03, sign=0.194, train=1.274e+03, val=1.273e+03]
GNN flow training:   3%|▎         | 3/100 [00:24<09:53,  6.12s/epoch, best=1.272e+03, sign=0.194, train=1.274e+03, val=1.269e+03]
GNN flow training:   4%|▍         | 4/100 [00:24<09:47,  6.12s/epoch, best=1.272e+03, sign=0.194, train=1.274e+03, val=1.269e+03]
GNN flow training:   4%|▍         | 4/100 [00:30<09:47,  6.12s/epoch, best=1.269e+03, sign=0.194, train=1.269e+03, val=1.271e+03]
GNN flow training:   5%|▌         | 5/100 [00:30<09:41,  6.12s/epoch, best=1.269e+03, sign=0.194, train=1.269e+03, val=1.271e+03]
GNN flow training:   5%|▌         | 5/100 [00:36<09:41,  6.12s/epoch, best=1.269e+03, sign=0.194, train=1.271e+03, val=1.268e+03]
GNN flow training:   6%|▌         | 6/100 [00:36<09:33,  6.11s/epoch, best=1.269e+03, sign=0.194, train=1.271e+03, val=1.268e+03]
GNN flow training:   6%|▌         | 6/100 [00:42<09:33,  6.11s/epoch, best=1.268e+03, sign=0.194, train=1.268e+03, val=1.270e+03]
GNN flow training:   7%|▋         | 7/100 [00:42<09:27,  6.11s/epoch, best=1.268e+03, sign=0.194, train=1.268e+03, val=1.270e+03]
GNN flow training:   7%|▋         | 7/100 [00:48<09:27,  6.11s/epoch, best=1.268e+03, sign=0.194, train=1.270e+03, val=1.270e+03]
GNN flow training:   8%|▊         | 8/100 [00:48<09:19,  6.09s/epoch, best=1.268e+03, sign=0.194, train=1.270e+03, val=1.270e+03]
GNN flow training:   8%|▊         | 8/100 [00:54<09:19,  6.09s/epoch, best=1.268e+03, sign=0.194, train=1.270e+03, val=1.268e+03]
GNN flow training:   9%|▉         | 9/100 [00:54<09:10,  6.05s/epoch, best=1.268e+03, sign=0.194, train=1.270e+03, val=1.268e+03]
GNN flow training:   9%|▉         | 9/100 [01:00<09:10,  6.05s/epoch, best=1.268e+03, sign=0.194, train=1.269e+03, val=1.269e+03]
GNN flow training:  10%|█         | 10/100 [01:00<09:04,  6.05s/epoch, best=1.268e+03, sign=0.194, train=1.269e+03, val=1.269e+03]
GNN flow training:  10%|█         | 10/100 [01:06<09:04,  6.05s/epoch, best=1.268e+03, sign=0.195, train=1.269e+03, val=1.266e+03]
GNN flow training:  11%|█         | 11/100 [01:06<08:57,  6.04s/epoch, best=1.268e+03, sign=0.195, train=1.269e+03, val=1.266e+03]
GNN flow training:  11%|█         | 11/100 [01:12<08:57,  6.04s/epoch, best=1.266e+03, sign=0.195, train=1.266e+03, val=1.265e+03]
GNN flow training:  12%|█▏        | 12/100 [01:12<08:50,  6.03s/epoch, best=1.266e+03, sign=0.195, train=1.266e+03, val=1.265e+03]
GNN flow training:  12%|█▏        | 12/100 [01:18<08:50,  6.03s/epoch, best=1.265e+03, sign=0.195, train=1.265e+03, val=1.267e+03]
GNN flow training:  13%|█▎        | 13/100 [01:18<08:46,  6.05s/epoch, best=1.265e+03, sign=0.195, train=1.265e+03, val=1.267e+03]
GNN flow training:  13%|█▎        | 13/100 [01:25<08:46,  6.05s/epoch, best=1.265e+03, sign=0.195, train=1.267e+03, val=1.266e+03]
GNN flow training:  14%|█▍        | 14/100 [01:25<08:41,  6.06s/epoch, best=1.265e+03, sign=0.195, train=1.267e+03, val=1.266e+03]
GNN flow training:  14%|█▍        | 14/100 [01:31<08:41,  6.06s/epoch, best=1.265e+03, sign=0.195, train=1.266e+03, val=1.264e+03]
GNN flow training:  15%|█▌        | 15/100 [01:31<08:35,  6.06s/epoch, best=1.265e+03, sign=0.195, train=1.266e+03, val=1.264e+03]
GNN flow training:  15%|█▌        | 15/100 [01:37<08:35,  6.06s/epoch, best=1.264e+03, sign=0.196, train=1.264e+03, val=1.262e+03]
GNN flow training:  16%|█▌        | 16/100 [01:37<08:28,  6.06s/epoch, best=1.264e+03, sign=0.196, train=1.264e+03, val=1.262e+03]
GNN flow training:  16%|█▌        | 16/100 [01:43<08:28,  6.06s/epoch, best=1.262e+03, sign=0.197, train=1.262e+03, val=1.259e+03]
GNN flow training:  17%|█▋        | 17/100 [01:43<08:21,  6.04s/epoch, best=1.262e+03, sign=0.197, train=1.262e+03, val=1.259e+03]
GNN flow training:  17%|█▋        | 17/100 [01:49<08:21,  6.04s/epoch, best=1.259e+03, sign=0.197, train=1.260e+03, val=1.257e+03]
GNN flow training:  18%|█▊        | 18/100 [01:49<08:13,  6.02s/epoch, best=1.259e+03, sign=0.197, train=1.260e+03, val=1.257e+03]
GNN flow training:  18%|█▊        | 18/100 [01:55<08:13,  6.02s/epoch, best=1.257e+03, sign=0.197, train=1.257e+03, val=1.253e+03]
GNN flow training:  19%|█▉        | 19/100 [01:55<08:09,  6.04s/epoch, best=1.257e+03, sign=0.197, train=1.257e+03, val=1.253e+03]
GNN flow training:  19%|█▉        | 19/100 [02:01<08:09,  6.04s/epoch, best=1.253e+03, sign=0.197, train=1.254e+03, val=1.247e+03]
GNN flow training:  20%|██        | 20/100 [02:01<08:04,  6.05s/epoch, best=1.253e+03, sign=0.197, train=1.254e+03, val=1.247e+03]
GNN flow training:  20%|██        | 20/100 [02:07<08:04,  6.05s/epoch, best=1.247e+03, sign=0.196, train=1.247e+03, val=1.249e+03]
GNN flow training:  21%|██        | 21/100 [02:07<07:58,  6.05s/epoch, best=1.247e+03, sign=0.196, train=1.247e+03, val=1.249e+03]
GNN flow training:  21%|██        | 21/100 [02:13<07:58,  6.05s/epoch, best=1.247e+03, sign=0.196, train=1.249e+03, val=1.245e+03]
GNN flow training:  22%|██▏       | 22/100 [02:13<07:51,  6.04s/epoch, best=1.247e+03, sign=0.196, train=1.249e+03, val=1.245e+03]
GNN flow training:  22%|██▏       | 22/100 [02:19<07:51,  6.04s/epoch, best=1.245e+03, sign=0.196, train=1.245e+03, val=1.242e+03]
GNN flow training:  23%|██▎       | 23/100 [02:19<07:43,  6.02s/epoch, best=1.245e+03, sign=0.196, train=1.245e+03, val=1.242e+03]
GNN flow training:  23%|██▎       | 23/100 [02:25<07:43,  6.02s/epoch, best=1.242e+03, sign=0.196, train=1.242e+03, val=1.233e+03]
GNN flow training:  24%|██▍       | 24/100 [02:25<07:36,  6.01s/epoch, best=1.242e+03, sign=0.196, train=1.242e+03, val=1.233e+03]
GNN flow training:  24%|██▍       | 24/100 [02:31<07:36,  6.01s/epoch, best=1.233e+03, sign=0.196, train=1.233e+03, val=1.227e+03]
GNN flow training:  25%|██▌       | 25/100 [02:31<07:30,  6.01s/epoch, best=1.233e+03, sign=0.196, train=1.233e+03, val=1.227e+03]
GNN flow training:  25%|██▌       | 25/100 [02:37<07:30,  6.01s/epoch, best=1.227e+03, sign=0.196, train=1.227e+03, val=1.224e+03]
GNN flow training:  26%|██▌       | 26/100 [02:37<07:25,  6.02s/epoch, best=1.227e+03, sign=0.196, train=1.227e+03, val=1.224e+03]
GNN flow training:  26%|██▌       | 26/100 [02:43<07:25,  6.02s/epoch, best=1.224e+03, sign=0.197, train=1.224e+03, val=1.219e+03]
GNN flow training:  27%|██▋       | 27/100 [02:43<07:20,  6.04s/epoch, best=1.224e+03, sign=0.197, train=1.224e+03, val=1.219e+03]
GNN flow training:  27%|██▋       | 27/100 [02:49<07:20,  6.04s/epoch, best=1.219e+03, sign=0.199, train=1.219e+03, val=1.214e+03]
GNN flow training:  28%|██▊       | 28/100 [02:49<07:14,  6.04s/epoch, best=1.219e+03, sign=0.199, train=1.219e+03, val=1.214e+03]
GNN flow training:  28%|██▊       | 28/100 [02:55<07:14,  6.04s/epoch, best=1.214e+03, sign=0.201, train=1.214e+03, val=1.209e+03]
GNN flow training:  29%|██▉       | 29/100 [02:55<07:08,  6.04s/epoch, best=1.214e+03, sign=0.201, train=1.214e+03, val=1.209e+03]
GNN flow training:  29%|██▉       | 29/100 [03:01<07:08,  6.04s/epoch, best=1.209e+03, sign=0.205, train=1.209e+03, val=1.205e+03]
GNN flow training:  30%|███       | 30/100 [03:01<07:03,  6.05s/epoch, best=1.209e+03, sign=0.205, train=1.209e+03, val=1.205e+03]
GNN flow training:  30%|███       | 30/100 [03:07<07:03,  6.05s/epoch, best=1.205e+03, sign=0.209, train=1.205e+03, val=1.193e+03]
GNN flow training:  31%|███       | 31/100 [03:07<06:56,  6.03s/epoch, best=1.205e+03, sign=0.209, train=1.205e+03, val=1.193e+03]
GNN flow training:  31%|███       | 31/100 [03:13<06:56,  6.03s/epoch, best=1.193e+03, sign=0.205, train=1.193e+03, val=1.180e+03]
GNN flow training:  32%|███▏      | 32/100 [03:13<06:50,  6.04s/epoch, best=1.193e+03, sign=0.205, train=1.193e+03, val=1.180e+03]
GNN flow training:  32%|███▏      | 32/100 [03:19<06:50,  6.04s/epoch, best=1.180e+03, sign=0.196, train=1.180e+03, val=1.166e+03]
GNN flow training:  33%|███▎      | 33/100 [03:19<06:45,  6.05s/epoch, best=1.180e+03, sign=0.196, train=1.180e+03, val=1.166e+03]
GNN flow training:  33%|███▎      | 33/100 [03:25<06:45,  6.05s/epoch, best=1.166e+03, sign=0.191, train=1.167e+03, val=1.166e+03]
GNN flow training:  34%|███▍      | 34/100 [03:25<06:39,  6.05s/epoch, best=1.166e+03, sign=0.191, train=1.167e+03, val=1.166e+03]
GNN flow training:  34%|███▍      | 34/100 [03:31<06:39,  6.05s/epoch, best=1.166e+03, sign=0.188, train=1.166e+03, val=1.155e+03]
GNN flow training:  35%|███▌      | 35/100 [03:31<06:33,  6.05s/epoch, best=1.166e+03, sign=0.188, train=1.166e+03, val=1.155e+03]
GNN flow training:  35%|███▌      | 35/100 [03:38<06:33,  6.05s/epoch, best=1.155e+03, sign=0.185, train=1.155e+03, val=1.154e+03]
GNN flow training:  36%|███▌      | 36/100 [03:38<06:28,  6.07s/epoch, best=1.155e+03, sign=0.185, train=1.155e+03, val=1.154e+03]
GNN flow training:  36%|███▌      | 36/100 [03:44<06:28,  6.07s/epoch, best=1.154e+03, sign=0.183, train=1.154e+03, val=1.146e+03]
GNN flow training:  37%|███▋      | 37/100 [03:44<06:21,  6.06s/epoch, best=1.154e+03, sign=0.183, train=1.154e+03, val=1.146e+03]
GNN flow training:  37%|███▋      | 37/100 [03:50<06:21,  6.06s/epoch, best=1.146e+03, sign=0.181, train=1.146e+03, val=1.136e+03]
GNN flow training:  38%|███▊      | 38/100 [03:50<06:15,  6.05s/epoch, best=1.146e+03, sign=0.181, train=1.146e+03, val=1.136e+03]
GNN flow training:  38%|███▊      | 38/100 [03:56<06:15,  6.05s/epoch, best=1.136e+03, sign=0.180, train=1.136e+03, val=1.131e+03]
GNN flow training:  39%|███▉      | 39/100 [03:56<06:09,  6.05s/epoch, best=1.136e+03, sign=0.180, train=1.136e+03, val=1.131e+03]
GNN flow training:  39%|███▉      | 39/100 [04:02<06:09,  6.05s/epoch, best=1.131e+03, sign=0.179, train=1.131e+03, val=1.128e+03]
GNN flow training:  40%|████      | 40/100 [04:02<06:03,  6.06s/epoch, best=1.131e+03, sign=0.179, train=1.131e+03, val=1.128e+03]
GNN flow training:  40%|████      | 40/100 [04:08<06:03,  6.06s/epoch, best=1.128e+03, sign=0.178, train=1.128e+03, val=1.122e+03]
GNN flow training:  41%|████      | 41/100 [04:08<05:56,  6.04s/epoch, best=1.128e+03, sign=0.178, train=1.128e+03, val=1.122e+03]
GNN flow training:  41%|████      | 41/100 [04:14<05:56,  6.04s/epoch, best=1.122e+03, sign=0.176, train=1.122e+03, val=1.111e+03]
GNN flow training:  42%|████▏     | 42/100 [04:14<05:49,  6.02s/epoch, best=1.122e+03, sign=0.176, train=1.122e+03, val=1.111e+03]
GNN flow training:  42%|████▏     | 42/100 [04:20<05:49,  6.02s/epoch, best=1.111e+03, sign=0.175, train=1.112e+03, val=1.111e+03]
GNN flow training:  43%|████▎     | 43/100 [04:20<05:42,  6.00s/epoch, best=1.111e+03, sign=0.175, train=1.112e+03, val=1.111e+03]
GNN flow training:  43%|████▎     | 43/100 [04:26<05:42,  6.00s/epoch, best=1.111e+03, sign=0.174, train=1.111e+03, val=1.096e+03]
GNN flow training:  44%|████▍     | 44/100 [04:26<05:36,  6.01s/epoch, best=1.111e+03, sign=0.174, train=1.111e+03, val=1.096e+03]
GNN flow training:  44%|████▍     | 44/100 [04:32<05:36,  6.01s/epoch, best=1.096e+03, sign=0.175, train=1.096e+03, val=1.088e+03]
GNN flow training:  45%|████▌     | 45/100 [04:32<05:30,  6.00s/epoch, best=1.096e+03, sign=0.175, train=1.096e+03, val=1.088e+03]
GNN flow training:  45%|████▌     | 45/100 [04:38<05:30,  6.00s/epoch, best=1.088e+03, sign=0.177, train=1.088e+03, val=1.077e+03]
GNN flow training:  46%|████▌     | 46/100 [04:38<05:24,  6.01s/epoch, best=1.088e+03, sign=0.177, train=1.088e+03, val=1.077e+03]
GNN flow training:  46%|████▌     | 46/100 [04:44<05:24,  6.01s/epoch, best=1.077e+03, sign=0.181, train=1.077e+03, val=1.068e+03]
GNN flow training:  47%|████▋     | 47/100 [04:44<05:18,  6.01s/epoch, best=1.077e+03, sign=0.181, train=1.077e+03, val=1.068e+03]
GNN flow training:  47%|████▋     | 47/100 [04:50<05:18,  6.01s/epoch, best=1.068e+03, sign=0.175, train=1.068e+03, val=1.046e+03]
GNN flow training:  48%|████▊     | 48/100 [04:50<05:12,  6.00s/epoch, best=1.068e+03, sign=0.175, train=1.068e+03, val=1.046e+03]
GNN flow training:  48%|████▊     | 48/100 [04:56<05:12,  6.00s/epoch, best=1.046e+03, sign=0.168, train=1.046e+03, val=1.034e+03]
GNN flow training:  49%|████▉     | 49/100 [04:56<05:06,  6.00s/epoch, best=1.046e+03, sign=0.168, train=1.046e+03, val=1.034e+03]
GNN flow training:  49%|████▉     | 49/100 [05:02<05:06,  6.00s/epoch, best=1.034e+03, sign=0.163, train=1.034e+03, val=1.024e+03]
GNN flow training:  50%|█████     | 50/100 [05:02<04:59,  6.00s/epoch, best=1.034e+03, sign=0.163, train=1.034e+03, val=1.024e+03]
GNN flow training:  50%|█████     | 50/100 [05:08<04:59,  6.00s/epoch, best=1.024e+03, sign=0.160, train=1.024e+03, val=1.021e+03]
GNN flow training:  51%|█████     | 51/100 [05:08<04:53,  5.99s/epoch, best=1.024e+03, sign=0.160, train=1.024e+03, val=1.021e+03]
GNN flow training:  51%|█████     | 51/100 [05:14<04:53,  5.99s/epoch, best=1.021e+03, sign=0.158, train=1.022e+03, val=1.016e+03]
GNN flow training:  52%|█████▏    | 52/100 [05:14<04:47,  5.98s/epoch, best=1.021e+03, sign=0.158, train=1.022e+03, val=1.016e+03]
GNN flow training:  52%|█████▏    | 52/100 [05:20<04:47,  5.98s/epoch, best=1.016e+03, sign=0.157, train=1.016e+03, val=1.009e+03]
GNN flow training:  53%|█████▎    | 53/100 [05:20<04:41,  5.99s/epoch, best=1.016e+03, sign=0.157, train=1.016e+03, val=1.009e+03]
GNN flow training:  53%|█████▎    | 53/100 [05:26<04:41,  5.99s/epoch, best=1.009e+03, sign=0.157, train=1.009e+03, val=1.007e+03]
GNN flow training:  54%|█████▍    | 54/100 [05:26<04:35,  5.99s/epoch, best=1.009e+03, sign=0.157, train=1.009e+03, val=1.007e+03]
GNN flow training:  54%|█████▍    | 54/100 [05:32<04:35,  5.99s/epoch, best=1.007e+03, sign=0.157, train=1.007e+03, val=9.955e+02]
GNN flow training:  55%|█████▌    | 55/100 [05:32<04:29,  5.99s/epoch, best=1.007e+03, sign=0.157, train=1.007e+03, val=9.955e+02]
GNN flow training:  55%|█████▌    | 55/100 [05:38<04:29,  5.99s/epoch, best=9.955e+02, sign=0.157, train=9.956e+02, val=9.982e+02]
GNN flow training:  56%|█████▌    | 56/100 [05:38<04:24,  6.01s/epoch, best=9.955e+02, sign=0.157, train=9.956e+02, val=9.982e+02]
GNN flow training:  56%|█████▌    | 56/100 [05:44<04:24,  6.01s/epoch, best=9.955e+02, sign=0.156, train=9.983e+02, val=1.000e+03]
GNN flow training:  57%|█████▋    | 57/100 [05:44<04:18,  6.00s/epoch, best=9.955e+02, sign=0.156, train=9.983e+02, val=1.000e+03]
GNN flow training:  57%|█████▋    | 57/100 [05:50<04:18,  6.00s/epoch, best=9.955e+02, sign=0.156, train=1.000e+03, val=1.026e+03]
GNN flow training:  58%|█████▊    | 58/100 [05:50<04:12,  6.02s/epoch, best=9.955e+02, sign=0.156, train=1.000e+03, val=1.026e+03]
GNN flow training:  58%|█████▊    | 58/100 [05:56<04:12,  6.02s/epoch, best=9.955e+02, sign=0.155, train=1.026e+03, val=1.020e+03]
GNN flow training:  59%|█████▉    | 59/100 [05:56<04:07,  6.03s/epoch, best=9.955e+02, sign=0.155, train=1.026e+03, val=1.020e+03]
GNN flow training:  59%|█████▉    | 59/100 [06:02<04:07,  6.03s/epoch, best=9.955e+02, sign=0.154, train=1.020e+03, val=1.016e+03]
GNN flow training:  60%|██████    | 60/100 [06:02<04:00,  6.02s/epoch, best=9.955e+02, sign=0.154, train=1.020e+03, val=1.016e+03]
GNN flow training:  60%|██████    | 60/100 [06:08<04:00,  6.02s/epoch, best=9.955e+02, sign=0.154, train=1.016e+03, val=1.009e+03]
GNN flow training:  61%|██████    | 61/100 [06:08<03:54,  6.01s/epoch, best=9.955e+02, sign=0.154, train=1.016e+03, val=1.009e+03]
GNN flow training:  61%|██████    | 61/100 [06:14<03:54,  6.01s/epoch, best=9.955e+02, sign=0.163, train=1.009e+03, val=1.024e+03]
GNN flow training:  62%|██████▏   | 62/100 [06:14<03:48,  6.01s/epoch, best=9.955e+02, sign=0.163, train=1.009e+03, val=1.024e+03]
GNN flow training:  62%|██████▏   | 62/100 [06:20<03:48,  6.01s/epoch, best=9.955e+02, sign=0.176, train=1.024e+03, val=1.050e+03]
GNN flow training:  63%|██████▎   | 63/100 [06:20<03:42,  6.00s/epoch, best=9.955e+02, sign=0.176, train=1.024e+03, val=1.050e+03]
GNN flow training:  63%|██████▎   | 63/100 [06:26<03:42,  6.00s/epoch, best=9.955e+02, sign=0.163, train=1.050e+03, val=1.021e+03]
GNN flow training:  64%|██████▍   | 64/100 [06:26<03:36,  6.01s/epoch, best=9.955e+02, sign=0.163, train=1.050e+03, val=1.021e+03]
GNN flow training:  64%|██████▍   | 64/100 [06:32<03:36,  6.01s/epoch, best=9.955e+02, sign=0.149, train=1.021e+03, val=9.874e+02]
GNN flow training:  65%|██████▌   | 65/100 [06:32<03:30,  6.03s/epoch, best=9.955e+02, sign=0.149, train=1.021e+03, val=9.874e+02]
GNN flow training:  65%|██████▌   | 65/100 [06:38<03:30,  6.03s/epoch, best=9.874e+02, sign=0.146, train=9.875e+02, val=9.854e+02]
GNN flow training:  66%|██████▌   | 66/100 [06:38<03:25,  6.05s/epoch, best=9.874e+02, sign=0.146, train=9.875e+02, val=9.854e+02]
GNN flow training:  66%|██████▌   | 66/100 [06:44<03:25,  6.05s/epoch, best=9.854e+02, sign=0.145, train=9.854e+02, val=9.890e+02]
GNN flow training:  67%|██████▋   | 67/100 [06:44<03:19,  6.04s/epoch, best=9.854e+02, sign=0.145, train=9.854e+02, val=9.890e+02]
GNN flow training:  67%|██████▋   | 67/100 [06:50<03:19,  6.04s/epoch, best=9.854e+02, sign=0.145, train=9.890e+02, val=9.918e+02]
GNN flow training:  68%|██████▊   | 68/100 [06:50<03:12,  6.02s/epoch, best=9.854e+02, sign=0.145, train=9.890e+02, val=9.918e+02]
GNN flow training:  68%|██████▊   | 68/100 [06:56<03:12,  6.02s/epoch, best=9.854e+02, sign=0.145, train=9.919e+02, val=9.867e+02]
GNN flow training:  69%|██████▉   | 69/100 [06:56<03:06,  6.03s/epoch, best=9.854e+02, sign=0.145, train=9.919e+02, val=9.867e+02]
GNN flow training:  69%|██████▉   | 69/100 [07:02<03:06,  6.03s/epoch, best=9.854e+02, sign=0.142, train=9.867e+02, val=9.671e+02]
GNN flow training:  70%|███████   | 70/100 [07:02<03:01,  6.04s/epoch, best=9.854e+02, sign=0.142, train=9.867e+02, val=9.671e+02]
GNN flow training:  70%|███████   | 70/100 [07:08<03:01,  6.04s/epoch, best=9.671e+02, sign=0.141, train=9.672e+02, val=9.530e+02]
GNN flow training:  71%|███████   | 71/100 [07:08<02:55,  6.03s/epoch, best=9.671e+02, sign=0.141, train=9.672e+02, val=9.530e+02]
GNN flow training:  71%|███████   | 71/100 [07:14<02:55,  6.03s/epoch, best=9.530e+02, sign=0.142, train=9.530e+02, val=9.459e+02]
GNN flow training:  72%|███████▏  | 72/100 [07:14<02:48,  6.03s/epoch, best=9.530e+02, sign=0.142, train=9.530e+02, val=9.459e+02]
GNN flow training:  72%|███████▏  | 72/100 [07:20<02:48,  6.03s/epoch, best=9.459e+02, sign=0.143, train=9.459e+02, val=9.331e+02]
GNN flow training:  73%|███████▎  | 73/100 [07:20<02:42,  6.03s/epoch, best=9.459e+02, sign=0.143, train=9.459e+02, val=9.331e+02]
GNN flow training:  73%|███████▎  | 73/100 [07:26<02:42,  6.03s/epoch, best=9.331e+02, sign=0.148, train=9.332e+02, val=9.310e+02]
GNN flow training:  74%|███████▍  | 74/100 [07:26<02:36,  6.04s/epoch, best=9.331e+02, sign=0.148, train=9.332e+02, val=9.310e+02]
GNN flow training:  74%|███████▍  | 74/100 [07:32<02:36,  6.04s/epoch, best=9.310e+02, sign=0.157, train=9.311e+02, val=9.526e+02]
GNN flow training:  75%|███████▌  | 75/100 [07:32<02:30,  6.04s/epoch, best=9.310e+02, sign=0.157, train=9.311e+02, val=9.526e+02]
GNN flow training:  75%|███████▌  | 75/100 [07:38<02:30,  6.04s/epoch, best=9.310e+02, sign=0.166, train=9.527e+02, val=9.628e+02]
GNN flow training:  76%|███████▌  | 76/100 [07:38<02:24,  6.03s/epoch, best=9.310e+02, sign=0.166, train=9.527e+02, val=9.628e+02]
GNN flow training:  76%|███████▌  | 76/100 [07:44<02:24,  6.03s/epoch, best=9.310e+02, sign=0.166, train=9.630e+02, val=9.692e+02]
GNN flow training:  77%|███████▋  | 77/100 [07:44<02:18,  6.03s/epoch, best=9.310e+02, sign=0.166, train=9.630e+02, val=9.692e+02]
GNN flow training:  77%|███████▋  | 77/100 [07:50<02:18,  6.03s/epoch, best=9.310e+02, sign=0.158, train=9.694e+02, val=9.416e+02]
GNN flow training:  78%|███████▊  | 78/100 [07:50<02:12,  6.04s/epoch, best=9.310e+02, sign=0.158, train=9.694e+02, val=9.416e+02]
GNN flow training:  78%|███████▊  | 78/100 [07:56<02:12,  6.04s/epoch, best=9.310e+02, sign=0.151, train=9.417e+02, val=9.205e+02]
GNN flow training:  79%|███████▉  | 79/100 [07:56<02:06,  6.02s/epoch, best=9.310e+02, sign=0.151, train=9.417e+02, val=9.205e+02]
GNN flow training:  79%|███████▉  | 79/100 [08:02<02:06,  6.02s/epoch, best=9.205e+02, sign=0.147, train=9.206e+02, val=9.082e+02]
GNN flow training:  80%|████████  | 80/100 [08:02<02:00,  6.02s/epoch, best=9.205e+02, sign=0.147, train=9.206e+02, val=9.082e+02]
GNN flow training:  80%|████████  | 80/100 [08:08<02:00,  6.02s/epoch, best=9.082e+02, sign=0.142, train=9.083e+02, val=8.987e+02]
GNN flow training:  81%|████████  | 81/100 [08:08<01:54,  6.02s/epoch, best=9.082e+02, sign=0.142, train=9.083e+02, val=8.987e+02]
GNN flow training:  81%|████████  | 81/100 [08:14<01:54,  6.02s/epoch, best=8.987e+02, sign=0.139, train=8.987e+02, val=8.941e+02]
GNN flow training:  82%|████████▏ | 82/100 [08:14<01:48,  6.03s/epoch, best=8.987e+02, sign=0.139, train=8.987e+02, val=8.941e+02]
GNN flow training:  82%|████████▏ | 82/100 [08:20<01:48,  6.03s/epoch, best=8.941e+02, sign=0.137, train=8.942e+02, val=9.012e+02]
GNN flow training:  83%|████████▎ | 83/100 [08:20<01:42,  6.03s/epoch, best=8.941e+02, sign=0.137, train=8.942e+02, val=9.012e+02]
GNN flow training:  83%|████████▎ | 83/100 [08:26<01:42,  6.03s/epoch, best=8.941e+02, sign=0.136, train=9.012e+02, val=9.002e+02]
GNN flow training:  84%|████████▍ | 84/100 [08:26<01:36,  6.03s/epoch, best=8.941e+02, sign=0.136, train=9.012e+02, val=9.002e+02]
GNN flow training:  84%|████████▍ | 84/100 [08:32<01:36,  6.03s/epoch, best=8.941e+02, sign=0.136, train=9.003e+02, val=9.043e+02]
GNN flow training:  85%|████████▌ | 85/100 [08:32<01:30,  6.02s/epoch, best=8.941e+02, sign=0.136, train=9.003e+02, val=9.043e+02]
GNN flow training:  85%|████████▌ | 85/100 [08:38<01:30,  6.02s/epoch, best=8.941e+02, sign=0.137, train=9.044e+02, val=9.202e+02]
GNN flow training:  86%|████████▌ | 86/100 [08:38<01:24,  6.02s/epoch, best=8.941e+02, sign=0.137, train=9.044e+02, val=9.202e+02]
GNN flow training:  86%|████████▌ | 86/100 [08:44<01:24,  6.02s/epoch, best=8.941e+02, sign=0.136, train=9.203e+02, val=9.293e+02]
GNN flow training:  87%|████████▋ | 87/100 [08:44<01:18,  6.03s/epoch, best=8.941e+02, sign=0.136, train=9.203e+02, val=9.293e+02]
GNN flow training:  87%|████████▋ | 87/100 [08:51<01:18,  6.03s/epoch, best=8.941e+02, sign=0.135, train=9.293e+02, val=9.351e+02]
GNN flow training:  88%|████████▊ | 88/100 [08:51<01:12,  6.04s/epoch, best=8.941e+02, sign=0.135, train=9.293e+02, val=9.351e+02]
GNN flow training:  88%|████████▊ | 88/100 [08:57<01:12,  6.04s/epoch, best=8.941e+02, sign=0.136, train=9.351e+02, val=9.206e+02]
GNN flow training:  89%|████████▉ | 89/100 [08:57<01:06,  6.05s/epoch, best=8.941e+02, sign=0.136, train=9.351e+02, val=9.206e+02]
GNN flow training:  89%|████████▉ | 89/100 [09:03<01:06,  6.05s/epoch, best=8.941e+02, sign=0.136, train=9.206e+02, val=8.922e+02]
GNN flow training:  90%|█████████ | 90/100 [09:03<01:00,  6.06s/epoch, best=8.941e+02, sign=0.136, train=9.206e+02, val=8.922e+02]
GNN flow training:  90%|█████████ | 90/100 [09:09<01:00,  6.06s/epoch, best=8.922e+02, sign=0.142, train=8.922e+02, val=8.722e+02]
GNN flow training:  91%|█████████ | 91/100 [09:09<00:54,  6.08s/epoch, best=8.922e+02, sign=0.142, train=8.922e+02, val=8.722e+02]
GNN flow training:  91%|█████████ | 91/100 [09:15<00:54,  6.08s/epoch, best=8.722e+02, sign=0.150, train=8.722e+02, val=8.721e+02]
GNN flow training:  92%|█████████▏| 92/100 [09:15<00:48,  6.06s/epoch, best=8.722e+02, sign=0.150, train=8.722e+02, val=8.721e+02]
GNN flow training:  92%|█████████▏| 92/100 [09:21<00:48,  6.06s/epoch, best=8.721e+02, sign=0.176, train=8.721e+02, val=9.101e+02]
GNN flow training:  93%|█████████▎| 93/100 [09:21<00:42,  6.06s/epoch, best=8.721e+02, sign=0.176, train=8.721e+02, val=9.101e+02]
GNN flow training:  93%|█████████▎| 93/100 [09:27<00:42,  6.06s/epoch, best=8.721e+02, sign=0.176, train=9.103e+02, val=8.943e+02]
GNN flow training:  94%|█████████▍| 94/100 [09:27<00:36,  6.05s/epoch, best=8.721e+02, sign=0.176, train=9.103e+02, val=8.943e+02]
GNN flow training:  94%|█████████▍| 94/100 [09:33<00:36,  6.05s/epoch, best=8.721e+02, sign=0.153, train=8.945e+02, val=8.451e+02]
GNN flow training:  95%|█████████▌| 95/100 [09:33<00:30,  6.04s/epoch, best=8.721e+02, sign=0.153, train=8.945e+02, val=8.451e+02]
GNN flow training:  95%|█████████▌| 95/100 [09:39<00:30,  6.04s/epoch, best=8.451e+02, sign=0.148, train=8.452e+02, val=8.209e+02]
GNN flow training:  96%|█████████▌| 96/100 [09:39<00:24,  6.04s/epoch, best=8.451e+02, sign=0.148, train=8.452e+02, val=8.209e+02]
GNN flow training:  96%|█████████▌| 96/100 [09:45<00:24,  6.04s/epoch, best=8.209e+02, sign=0.144, train=8.210e+02, val=8.185e+02]
GNN flow training:  97%|█████████▋| 97/100 [09:45<00:18,  6.05s/epoch, best=8.209e+02, sign=0.144, train=8.210e+02, val=8.185e+02]
GNN flow training:  97%|█████████▋| 97/100 [09:51<00:18,  6.05s/epoch, best=8.185e+02, sign=0.142, train=8.185e+02, val=8.220e+02]
GNN flow training:  98%|█████████▊| 98/100 [09:51<00:12,  6.05s/epoch, best=8.185e+02, sign=0.142, train=8.185e+02, val=8.220e+02]
GNN flow training:  98%|█████████▊| 98/100 [09:57<00:12,  6.05s/epoch, best=8.185e+02, sign=0.143, train=8.220e+02, val=8.279e+02]
GNN flow training:  99%|█████████▉| 99/100 [09:57<00:06,  6.05s/epoch, best=8.185e+02, sign=0.143, train=8.220e+02, val=8.279e+02]
GNN flow training:  99%|█████████▉| 99/100 [10:03<00:06,  6.05s/epoch, best=8.185e+02, sign=0.146, train=8.280e+02, val=8.465e+02]
GNN flow training: 100%|██████████| 100/100 [10:03<00:00,  6.05s/epoch, best=8.185e+02, sign=0.146, train=8.280e+02, val=8.465e+02]
GNN flow training: 100%|██████████| 100/100 [10:03<00:00,  6.04s/epoch, best=8.185e+02, sign=0.146, train=8.280e+02, val=8.465e+02]
Resolved config snapshot:
{'preset': 'solver_QKB_outer_QKBdelta', 'gnn_outer_losses': {'flow': 10.0, 'kirchhoff': 100.0, 'boundary': 100.0, 'delta_l2': 10.0, 'delta_smooth': 0.0, 'pressure_shape': 0.0}, 'physics': {'arterial_flow_mode': 'dataset', 'pressure_constraints': ['equal-a-equal-v'], 'alpha_pa': None, 'use_snr_weights': True, 'use_observed_flow_snr_weighting': True, 'flow_scale_mode': 'median_abs', 'solver_device': 'same', 'pressure_solver_mode': 'reduced-soft-constrained-lstsq', 'pressure_solver_lambda_kirchhoff': 1.0, 'pressure_solver_lambda_pressure_constraints': 100.0, 'pressure_solver_lambda_flow_residual': 1.0, 'pressure_shape_reference': 'delta_zero_reference', 'pressure_detach': False}, 'correction_bounds': {'correction_min': -0.5, 'correction_max': 0.5, 'correction_bound': 0.5, 'correction_parameterization': 'tanh'}, 'optimization': {'learning_rate': 0.001, 'weight_decay': 0.0001, 'gradient_clip_norm': 5.0, 'optimizer': 'adamw', 'epochs': 100, 'patience': 40}}
Shard 47/80: 1 of 80 runs
Command: /mnt/home/sswee/miniforge3/envs/yolk-sac/bin/python /mnt/home/sswee/yolk/Yolk-Sac-Flow-Data-and-Sim/gnn_clean/scripts/python/gnn_flow.py /mnt/home/sswee/yolk/Yolk-Sac-Flow-Data-and-Sim/gnn_clean/datasets/mosaic_graph_canonical_harmonized/mosaic_graph_canonical_harmonized.gpickle --output-dir /mnt/home/sswee/yolk/Yolk-Sac-Flow-Data-and-Sim/gnn_clean/outputs_canonical/dc/02_physics_weight_sweep/gnn --run-name q_10__k_100__delta_10 --preset solver_QKB_outer_QKBdelta --device cuda --epochs 100 --seed 0 --viscosity-pa-s 0.0035 --config /mnt/home/sswee/yolk/Yolk-Sac-Flow-Data-and-Sim/gnn_clean/outputs_canonical/dc/02_physics_weight_sweep/_generated_configs/q_10__k_100__delta_10.yaml --no-pressure-detach
