
GNN flow training:   0%|          | 0/100 [00:00<?, ?epoch/s]
GNN flow training:   0%|          | 0/100 [00:04<?, ?epoch/s, best=6.284e+00, sign=0.200, train=7.705e+00, val=6.284e+00]
GNN flow training:   1%|          | 1/100 [00:04<07:49,  4.74s/epoch, best=6.284e+00, sign=0.200, train=7.705e+00, val=6.284e+00]
GNN flow training:   1%|          | 1/100 [00:09<07:49,  4.74s/epoch, best=6.284e+00, sign=0.200, train=7.691e+00, val=6.269e+00]
GNN flow training:   2%|▏         | 2/100 [00:09<07:31,  4.60s/epoch, best=6.284e+00, sign=0.200, train=7.691e+00, val=6.269e+00]
GNN flow training:   2%|▏         | 2/100 [00:13<07:31,  4.60s/epoch, best=6.269e+00, sign=0.199, train=7.664e+00, val=6.240e+00]
GNN flow training:   3%|▎         | 3/100 [00:13<07:22,  4.56s/epoch, best=6.269e+00, sign=0.199, train=7.664e+00, val=6.240e+00]
GNN flow training:   3%|▎         | 3/100 [00:18<07:22,  4.56s/epoch, best=6.240e+00, sign=0.199, train=7.616e+00, val=6.197e+00]
GNN flow training:   4%|▍         | 4/100 [00:18<07:14,  4.53s/epoch, best=6.240e+00, sign=0.199, train=7.616e+00, val=6.197e+00]
GNN flow training:   4%|▍         | 4/100 [00:22<07:14,  4.53s/epoch, best=6.197e+00, sign=0.198, train=7.547e+00, val=6.135e+00]
GNN flow training:   5%|▌         | 5/100 [00:22<07:08,  4.52s/epoch, best=6.197e+00, sign=0.198, train=7.547e+00, val=6.135e+00]
GNN flow training:   5%|▌         | 5/100 [00:27<07:08,  4.52s/epoch, best=6.135e+00, sign=0.197, train=7.449e+00, val=6.055e+00]
GNN flow training:   6%|▌         | 6/100 [00:27<07:03,  4.51s/epoch, best=6.135e+00, sign=0.197, train=7.449e+00, val=6.055e+00]
GNN flow training:   6%|▌         | 6/100 [00:31<07:03,  4.51s/epoch, best=6.055e+00, sign=0.196, train=7.322e+00, val=5.951e+00]
GNN flow training:   7%|▋         | 7/100 [00:31<06:59,  4.51s/epoch, best=6.055e+00, sign=0.196, train=7.322e+00, val=5.951e+00]
GNN flow training:   7%|▋         | 7/100 [00:36<06:59,  4.51s/epoch, best=5.951e+00, sign=0.195, train=7.160e+00, val=5.833e+00]
GNN flow training:   8%|▊         | 8/100 [00:36<06:53,  4.49s/epoch, best=5.951e+00, sign=0.195, train=7.160e+00, val=5.833e+00]
GNN flow training:   8%|▊         | 8/100 [00:40<06:53,  4.49s/epoch, best=5.833e+00, sign=0.191, train=6.966e+00, val=5.697e+00]
GNN flow training:   9%|▉         | 9/100 [00:40<06:47,  4.48s/epoch, best=5.833e+00, sign=0.191, train=6.966e+00, val=5.697e+00]
GNN flow training:   9%|▉         | 9/100 [00:45<06:47,  4.48s/epoch, best=5.697e+00, sign=0.187, train=6.740e+00, val=5.554e+00]
GNN flow training:  10%|█         | 10/100 [00:45<06:41,  4.47s/epoch, best=5.697e+00, sign=0.187, train=6.740e+00, val=5.554e+00]
GNN flow training:  10%|█         | 10/100 [00:49<06:41,  4.47s/epoch, best=5.554e+00, sign=0.183, train=6.490e+00, val=5.420e+00]
GNN flow training:  11%|█         | 11/100 [00:49<06:36,  4.45s/epoch, best=5.554e+00, sign=0.183, train=6.490e+00, val=5.420e+00]
GNN flow training:  11%|█         | 11/100 [00:53<06:36,  4.45s/epoch, best=5.420e+00, sign=0.181, train=6.233e+00, val=5.278e+00]
GNN flow training:  12%|█▏        | 12/100 [00:53<06:31,  4.45s/epoch, best=5.420e+00, sign=0.181, train=6.233e+00, val=5.278e+00]
GNN flow training:  12%|█▏        | 12/100 [00:58<06:31,  4.45s/epoch, best=5.278e+00, sign=0.177, train=5.983e+00, val=5.131e+00]
GNN flow training:  13%|█▎        | 13/100 [00:58<06:26,  4.45s/epoch, best=5.278e+00, sign=0.177, train=5.983e+00, val=5.131e+00]
GNN flow training:  13%|█▎        | 13/100 [01:02<06:26,  4.45s/epoch, best=5.131e+00, sign=0.172, train=5.751e+00, val=5.015e+00]
GNN flow training:  14%|█▍        | 14/100 [01:02<06:22,  4.45s/epoch, best=5.131e+00, sign=0.172, train=5.751e+00, val=5.015e+00]
GNN flow training:  14%|█▍        | 14/100 [01:07<06:22,  4.45s/epoch, best=5.015e+00, sign=0.166, train=5.527e+00, val=4.908e+00]
GNN flow training:  15%|█▌        | 15/100 [01:07<06:19,  4.46s/epoch, best=5.015e+00, sign=0.166, train=5.527e+00, val=4.908e+00]
GNN flow training:  15%|█▌        | 15/100 [01:11<06:19,  4.46s/epoch, best=4.908e+00, sign=0.164, train=5.314e+00, val=4.822e+00]
GNN flow training:  16%|█▌        | 16/100 [01:11<06:13,  4.45s/epoch, best=4.908e+00, sign=0.164, train=5.314e+00, val=4.822e+00]
GNN flow training:  16%|█▌        | 16/100 [01:16<06:13,  4.45s/epoch, best=4.822e+00, sign=0.159, train=5.123e+00, val=4.785e+00]
GNN flow training:  17%|█▋        | 17/100 [01:16<06:08,  4.44s/epoch, best=4.822e+00, sign=0.159, train=5.123e+00, val=4.785e+00]
GNN flow training:  17%|█▋        | 17/100 [01:20<06:08,  4.44s/epoch, best=4.785e+00, sign=0.156, train=4.973e+00, val=4.694e+00]
GNN flow training:  18%|█▊        | 18/100 [01:20<06:04,  4.45s/epoch, best=4.785e+00, sign=0.156, train=4.973e+00, val=4.694e+00]
GNN flow training:  18%|█▊        | 18/100 [01:25<06:04,  4.45s/epoch, best=4.694e+00, sign=0.152, train=4.829e+00, val=4.643e+00]
GNN flow training:  19%|█▉        | 19/100 [01:25<05:59,  4.44s/epoch, best=4.694e+00, sign=0.152, train=4.829e+00, val=4.643e+00]
GNN flow training:  19%|█▉        | 19/100 [01:29<05:59,  4.44s/epoch, best=4.643e+00, sign=0.149, train=4.708e+00, val=4.585e+00]
GNN flow training:  20%|██        | 20/100 [01:29<05:53,  4.42s/epoch, best=4.643e+00, sign=0.149, train=4.708e+00, val=4.585e+00]
GNN flow training:  20%|██        | 20/100 [01:33<05:53,  4.42s/epoch, best=4.585e+00, sign=0.147, train=4.614e+00, val=4.478e+00]
GNN flow training:  21%|██        | 21/100 [01:33<05:49,  4.43s/epoch, best=4.585e+00, sign=0.147, train=4.614e+00, val=4.478e+00]
GNN flow training:  21%|██        | 21/100 [01:38<05:49,  4.43s/epoch, best=4.478e+00, sign=0.144, train=4.518e+00, val=4.290e+00]
GNN flow training:  22%|██▏       | 22/100 [01:38<05:44,  4.42s/epoch, best=4.478e+00, sign=0.144, train=4.518e+00, val=4.290e+00]
GNN flow training:  22%|██▏       | 22/100 [01:42<05:44,  4.42s/epoch, best=4.290e+00, sign=0.143, train=4.449e+00, val=4.299e+00]
GNN flow training:  23%|██▎       | 23/100 [01:42<05:41,  4.43s/epoch, best=4.290e+00, sign=0.143, train=4.449e+00, val=4.299e+00]
GNN flow training:  23%|██▎       | 23/100 [01:47<05:41,  4.43s/epoch, best=4.290e+00, sign=0.142, train=4.377e+00, val=4.293e+00]
GNN flow training:  24%|██▍       | 24/100 [01:47<05:36,  4.43s/epoch, best=4.290e+00, sign=0.142, train=4.377e+00, val=4.293e+00]
GNN flow training:  24%|██▍       | 24/100 [01:51<05:36,  4.43s/epoch, best=4.290e+00, sign=0.142, train=4.341e+00, val=4.176e+00]
GNN flow training:  25%|██▌       | 25/100 [01:51<05:31,  4.42s/epoch, best=4.290e+00, sign=0.142, train=4.341e+00, val=4.176e+00]
GNN flow training:  25%|██▌       | 25/100 [01:55<05:31,  4.42s/epoch, best=4.176e+00, sign=0.142, train=4.296e+00, val=4.054e+00]
GNN flow training:  26%|██▌       | 26/100 [01:55<05:26,  4.42s/epoch, best=4.176e+00, sign=0.142, train=4.296e+00, val=4.054e+00]
GNN flow training:  26%|██▌       | 26/100 [02:00<05:26,  4.42s/epoch, best=4.054e+00, sign=0.141, train=4.283e+00, val=4.029e+00]
GNN flow training:  27%|██▋       | 27/100 [02:00<05:22,  4.42s/epoch, best=4.054e+00, sign=0.141, train=4.283e+00, val=4.029e+00]
GNN flow training:  27%|██▋       | 27/100 [02:04<05:22,  4.42s/epoch, best=4.029e+00, sign=0.141, train=4.245e+00, val=4.092e+00]
GNN flow training:  28%|██▊       | 28/100 [02:04<05:19,  4.43s/epoch, best=4.029e+00, sign=0.141, train=4.245e+00, val=4.092e+00]
GNN flow training:  28%|██▊       | 28/100 [02:09<05:19,  4.43s/epoch, best=4.029e+00, sign=0.139, train=4.211e+00, val=4.079e+00]
GNN flow training:  29%|██▉       | 29/100 [02:09<05:15,  4.44s/epoch, best=4.029e+00, sign=0.139, train=4.211e+00, val=4.079e+00]
GNN flow training:  29%|██▉       | 29/100 [02:13<05:15,  4.44s/epoch, best=4.029e+00, sign=0.139, train=4.165e+00, val=4.005e+00]
GNN flow training:  30%|███       | 30/100 [02:13<05:10,  4.43s/epoch, best=4.029e+00, sign=0.139, train=4.165e+00, val=4.005e+00]
GNN flow training:  30%|███       | 30/100 [02:18<05:10,  4.43s/epoch, best=4.005e+00, sign=0.138, train=4.134e+00, val=3.979e+00]
GNN flow training:  31%|███       | 31/100 [02:18<05:05,  4.43s/epoch, best=4.005e+00, sign=0.138, train=4.134e+00, val=3.979e+00]
GNN flow training:  31%|███       | 31/100 [02:22<05:05,  4.43s/epoch, best=3.979e+00, sign=0.136, train=4.110e+00, val=4.125e+00]
GNN flow training:  32%|███▏      | 32/100 [02:22<05:02,  4.44s/epoch, best=3.979e+00, sign=0.136, train=4.110e+00, val=4.125e+00]
GNN flow training:  32%|███▏      | 32/100 [02:27<05:02,  4.44s/epoch, best=3.979e+00, sign=0.140, train=4.118e+00, val=4.082e+00]
GNN flow training:  33%|███▎      | 33/100 [02:27<04:57,  4.44s/epoch, best=3.979e+00, sign=0.140, train=4.118e+00, val=4.082e+00]
GNN flow training:  33%|███▎      | 33/100 [02:31<04:57,  4.44s/epoch, best=3.979e+00, sign=0.141, train=4.053e+00, val=3.884e+00]
GNN flow training:  34%|███▍      | 34/100 [02:31<04:52,  4.44s/epoch, best=3.979e+00, sign=0.141, train=4.053e+00, val=3.884e+00]
GNN flow training:  34%|███▍      | 34/100 [02:35<04:52,  4.44s/epoch, best=3.884e+00, sign=0.138, train=4.112e+00, val=3.962e+00]
GNN flow training:  35%|███▌      | 35/100 [02:35<04:49,  4.45s/epoch, best=3.884e+00, sign=0.138, train=4.112e+00, val=3.962e+00]
GNN flow training:  35%|███▌      | 35/100 [02:40<04:49,  4.45s/epoch, best=3.884e+00, sign=0.138, train=4.001e+00, val=4.092e+00]
GNN flow training:  36%|███▌      | 36/100 [02:40<04:45,  4.46s/epoch, best=3.884e+00, sign=0.138, train=4.001e+00, val=4.092e+00]
GNN flow training:  36%|███▌      | 36/100 [02:44<04:45,  4.46s/epoch, best=3.884e+00, sign=0.140, train=4.075e+00, val=4.145e+00]
GNN flow training:  37%|███▋      | 37/100 [02:44<04:42,  4.48s/epoch, best=3.884e+00, sign=0.140, train=4.075e+00, val=4.145e+00]
GNN flow training:  37%|███▋      | 37/100 [02:49<04:42,  4.48s/epoch, best=3.884e+00, sign=0.140, train=4.060e+00, val=3.903e+00]
GNN flow training:  38%|███▊      | 38/100 [02:49<04:37,  4.48s/epoch, best=3.884e+00, sign=0.140, train=4.060e+00, val=3.903e+00]
GNN flow training:  38%|███▊      | 38/100 [02:53<04:37,  4.48s/epoch, best=3.884e+00, sign=0.139, train=4.014e+00, val=3.815e+00]
GNN flow training:  39%|███▉      | 39/100 [02:53<04:32,  4.47s/epoch, best=3.884e+00, sign=0.139, train=4.014e+00, val=3.815e+00]
GNN flow training:  39%|███▉      | 39/100 [02:58<04:32,  4.47s/epoch, best=3.815e+00, sign=0.137, train=3.964e+00, val=3.874e+00]
GNN flow training:  40%|████      | 40/100 [02:58<04:28,  4.47s/epoch, best=3.815e+00, sign=0.137, train=3.964e+00, val=3.874e+00]
GNN flow training:  40%|████      | 40/100 [03:02<04:28,  4.47s/epoch, best=3.815e+00, sign=0.144, train=3.928e+00, val=3.807e+00]
GNN flow training:  41%|████      | 41/100 [03:02<04:23,  4.47s/epoch, best=3.815e+00, sign=0.144, train=3.928e+00, val=3.807e+00]
GNN flow training:  41%|████      | 41/100 [03:07<04:23,  4.47s/epoch, best=3.807e+00, sign=0.137, train=3.956e+00, val=3.833e+00]
GNN flow training:  42%|████▏     | 42/100 [03:07<04:18,  4.45s/epoch, best=3.807e+00, sign=0.137, train=3.956e+00, val=3.833e+00]
GNN flow training:  42%|████▏     | 42/100 [03:11<04:18,  4.45s/epoch, best=3.807e+00, sign=0.137, train=3.913e+00, val=3.878e+00]
GNN flow training:  43%|████▎     | 43/100 [03:11<04:14,  4.47s/epoch, best=3.807e+00, sign=0.137, train=3.913e+00, val=3.878e+00]
GNN flow training:  43%|████▎     | 43/100 [03:16<04:14,  4.47s/epoch, best=3.807e+00, sign=0.136, train=3.894e+00, val=3.923e+00]
GNN flow training:  44%|████▍     | 44/100 [03:16<04:10,  4.47s/epoch, best=3.807e+00, sign=0.136, train=3.894e+00, val=3.923e+00]
GNN flow training:  44%|████▍     | 44/100 [03:20<04:10,  4.47s/epoch, best=3.807e+00, sign=0.138, train=3.882e+00, val=3.994e+00]
GNN flow training:  45%|████▌     | 45/100 [03:20<04:05,  4.46s/epoch, best=3.807e+00, sign=0.138, train=3.882e+00, val=3.994e+00]
GNN flow training:  45%|████▌     | 45/100 [03:25<04:05,  4.46s/epoch, best=3.807e+00, sign=0.135, train=3.908e+00, val=3.828e+00]
GNN flow training:  46%|████▌     | 46/100 [03:25<04:01,  4.46s/epoch, best=3.807e+00, sign=0.135, train=3.908e+00, val=3.828e+00]
GNN flow training:  46%|████▌     | 46/100 [03:29<04:01,  4.46s/epoch, best=3.807e+00, sign=0.138, train=3.854e+00, val=3.732e+00]
GNN flow training:  47%|████▋     | 47/100 [03:29<03:56,  4.46s/epoch, best=3.807e+00, sign=0.138, train=3.854e+00, val=3.732e+00]
GNN flow training:  47%|████▋     | 47/100 [03:34<03:56,  4.46s/epoch, best=3.732e+00, sign=0.139, train=3.841e+00, val=3.758e+00]
GNN flow training:  48%|████▊     | 48/100 [03:34<03:51,  4.46s/epoch, best=3.732e+00, sign=0.139, train=3.841e+00, val=3.758e+00]
GNN flow training:  48%|████▊     | 48/100 [03:38<03:51,  4.46s/epoch, best=3.732e+00, sign=0.136, train=3.841e+00, val=3.704e+00]
GNN flow training:  49%|████▉     | 49/100 [03:38<03:48,  4.48s/epoch, best=3.732e+00, sign=0.136, train=3.841e+00, val=3.704e+00]
GNN flow training:  49%|████▉     | 49/100 [03:43<03:48,  4.48s/epoch, best=3.704e+00, sign=0.136, train=3.810e+00, val=3.666e+00]
GNN flow training:  50%|█████     | 50/100 [03:43<03:43,  4.48s/epoch, best=3.704e+00, sign=0.136, train=3.810e+00, val=3.666e+00]
GNN flow training:  50%|█████     | 50/100 [03:47<03:43,  4.48s/epoch, best=3.666e+00, sign=0.135, train=3.806e+00, val=3.648e+00]
GNN flow training:  51%|█████     | 51/100 [03:47<03:38,  4.47s/epoch, best=3.666e+00, sign=0.135, train=3.806e+00, val=3.648e+00]
GNN flow training:  51%|█████     | 51/100 [03:51<03:38,  4.47s/epoch, best=3.648e+00, sign=0.138, train=3.799e+00, val=3.781e+00]
GNN flow training:  52%|█████▏    | 52/100 [03:51<03:34,  4.46s/epoch, best=3.648e+00, sign=0.138, train=3.799e+00, val=3.781e+00]
GNN flow training:  52%|█████▏    | 52/100 [03:56<03:34,  4.46s/epoch, best=3.648e+00, sign=0.138, train=3.784e+00, val=3.782e+00]
GNN flow training:  53%|█████▎    | 53/100 [03:56<03:29,  4.46s/epoch, best=3.648e+00, sign=0.138, train=3.784e+00, val=3.782e+00]
GNN flow training:  53%|█████▎    | 53/100 [04:00<03:29,  4.46s/epoch, best=3.648e+00, sign=0.134, train=3.764e+00, val=3.837e+00]
GNN flow training:  54%|█████▍    | 54/100 [04:00<03:25,  4.46s/epoch, best=3.648e+00, sign=0.134, train=3.764e+00, val=3.837e+00]
GNN flow training:  54%|█████▍    | 54/100 [04:05<03:25,  4.46s/epoch, best=3.648e+00, sign=0.133, train=3.792e+00, val=3.794e+00]
GNN flow training:  55%|█████▌    | 55/100 [04:05<03:20,  4.46s/epoch, best=3.648e+00, sign=0.133, train=3.792e+00, val=3.794e+00]
GNN flow training:  55%|█████▌    | 55/100 [04:09<03:20,  4.46s/epoch, best=3.648e+00, sign=0.135, train=3.752e+00, val=3.743e+00]
GNN flow training:  56%|█████▌    | 56/100 [04:09<03:15,  4.45s/epoch, best=3.648e+00, sign=0.135, train=3.752e+00, val=3.743e+00]
GNN flow training:  56%|█████▌    | 56/100 [04:14<03:15,  4.45s/epoch, best=3.648e+00, sign=0.136, train=3.740e+00, val=3.723e+00]
GNN flow training:  57%|█████▋    | 57/100 [04:14<03:11,  4.45s/epoch, best=3.648e+00, sign=0.136, train=3.740e+00, val=3.723e+00]
GNN flow training:  57%|█████▋    | 57/100 [04:18<03:11,  4.45s/epoch, best=3.648e+00, sign=0.134, train=3.748e+00, val=3.639e+00]
GNN flow training:  58%|█████▊    | 58/100 [04:18<03:06,  4.45s/epoch, best=3.648e+00, sign=0.134, train=3.748e+00, val=3.639e+00]
GNN flow training:  58%|█████▊    | 58/100 [04:23<03:06,  4.45s/epoch, best=3.639e+00, sign=0.130, train=3.713e+00, val=3.678e+00]
GNN flow training:  59%|█████▉    | 59/100 [04:23<03:02,  4.44s/epoch, best=3.639e+00, sign=0.130, train=3.713e+00, val=3.678e+00]
GNN flow training:  59%|█████▉    | 59/100 [04:27<03:02,  4.44s/epoch, best=3.639e+00, sign=0.130, train=3.729e+00, val=3.680e+00]
GNN flow training:  60%|██████    | 60/100 [04:27<02:57,  4.45s/epoch, best=3.639e+00, sign=0.130, train=3.729e+00, val=3.680e+00]
GNN flow training:  60%|██████    | 60/100 [04:32<02:57,  4.45s/epoch, best=3.639e+00, sign=0.135, train=3.711e+00, val=3.578e+00]
GNN flow training:  61%|██████    | 61/100 [04:32<02:53,  4.45s/epoch, best=3.639e+00, sign=0.135, train=3.711e+00, val=3.578e+00]
GNN flow training:  61%|██████    | 61/100 [04:36<02:53,  4.45s/epoch, best=3.578e+00, sign=0.136, train=3.693e+00, val=3.569e+00]
GNN flow training:  62%|██████▏   | 62/100 [04:36<02:49,  4.46s/epoch, best=3.578e+00, sign=0.136, train=3.693e+00, val=3.569e+00]
GNN flow training:  62%|██████▏   | 62/100 [04:40<02:49,  4.46s/epoch, best=3.569e+00, sign=0.137, train=3.709e+00, val=3.584e+00]
GNN flow training:  63%|██████▎   | 63/100 [04:40<02:45,  4.47s/epoch, best=3.569e+00, sign=0.137, train=3.709e+00, val=3.584e+00]
GNN flow training:  63%|██████▎   | 63/100 [04:45<02:45,  4.47s/epoch, best=3.569e+00, sign=0.136, train=3.713e+00, val=3.616e+00]
GNN flow training:  64%|██████▍   | 64/100 [04:45<02:40,  4.46s/epoch, best=3.569e+00, sign=0.136, train=3.713e+00, val=3.616e+00]
GNN flow training:  64%|██████▍   | 64/100 [04:49<02:40,  4.46s/epoch, best=3.569e+00, sign=0.134, train=3.681e+00, val=3.674e+00]
GNN flow training:  65%|██████▌   | 65/100 [04:49<02:36,  4.46s/epoch, best=3.569e+00, sign=0.134, train=3.681e+00, val=3.674e+00]
GNN flow training:  65%|██████▌   | 65/100 [04:54<02:36,  4.46s/epoch, best=3.569e+00, sign=0.133, train=3.706e+00, val=3.659e+00]
GNN flow training:  66%|██████▌   | 66/100 [04:54<02:31,  4.46s/epoch, best=3.569e+00, sign=0.133, train=3.706e+00, val=3.659e+00]
GNN flow training:  66%|██████▌   | 66/100 [04:58<02:31,  4.46s/epoch, best=3.569e+00, sign=0.137, train=3.693e+00, val=3.576e+00]
GNN flow training:  67%|██████▋   | 67/100 [04:58<02:26,  4.45s/epoch, best=3.569e+00, sign=0.137, train=3.693e+00, val=3.576e+00]
GNN flow training:  67%|██████▋   | 67/100 [05:03<02:26,  4.45s/epoch, best=3.569e+00, sign=0.139, train=3.655e+00, val=3.681e+00]
GNN flow training:  68%|██████▊   | 68/100 [05:03<02:22,  4.46s/epoch, best=3.569e+00, sign=0.139, train=3.655e+00, val=3.681e+00]
GNN flow training:  68%|██████▊   | 68/100 [05:07<02:22,  4.46s/epoch, best=3.569e+00, sign=0.140, train=3.666e+00, val=3.727e+00]
GNN flow training:  69%|██████▉   | 69/100 [05:07<02:18,  4.45s/epoch, best=3.569e+00, sign=0.140, train=3.666e+00, val=3.727e+00]
GNN flow training:  69%|██████▉   | 69/100 [05:12<02:18,  4.45s/epoch, best=3.569e+00, sign=0.146, train=3.665e+00, val=3.737e+00]
GNN flow training:  70%|███████   | 70/100 [05:12<02:13,  4.45s/epoch, best=3.569e+00, sign=0.146, train=3.665e+00, val=3.737e+00]
GNN flow training:  70%|███████   | 70/100 [05:16<02:13,  4.45s/epoch, best=3.569e+00, sign=0.146, train=3.738e+00, val=3.702e+00]
GNN flow training:  71%|███████   | 71/100 [05:16<02:08,  4.44s/epoch, best=3.569e+00, sign=0.146, train=3.738e+00, val=3.702e+00]
GNN flow training:  71%|███████   | 71/100 [05:20<02:08,  4.44s/epoch, best=3.569e+00, sign=0.148, train=3.741e+00, val=3.564e+00]
GNN flow training:  72%|███████▏  | 72/100 [05:20<02:04,  4.43s/epoch, best=3.569e+00, sign=0.148, train=3.741e+00, val=3.564e+00]
GNN flow training:  72%|███████▏  | 72/100 [05:25<02:04,  4.43s/epoch, best=3.564e+00, sign=0.151, train=3.727e+00, val=3.627e+00]
GNN flow training:  73%|███████▎  | 73/100 [05:25<02:00,  4.46s/epoch, best=3.564e+00, sign=0.151, train=3.727e+00, val=3.627e+00]
GNN flow training:  73%|███████▎  | 73/100 [05:29<02:00,  4.46s/epoch, best=3.564e+00, sign=0.152, train=3.803e+00, val=3.604e+00]
GNN flow training:  74%|███████▍  | 74/100 [05:29<01:55,  4.45s/epoch, best=3.564e+00, sign=0.152, train=3.803e+00, val=3.604e+00]
GNN flow training:  74%|███████▍  | 74/100 [05:34<01:55,  4.45s/epoch, best=3.564e+00, sign=0.151, train=3.722e+00, val=3.560e+00]
GNN flow training:  75%|███████▌  | 75/100 [05:34<01:51,  4.46s/epoch, best=3.564e+00, sign=0.151, train=3.722e+00, val=3.560e+00]
GNN flow training:  75%|███████▌  | 75/100 [05:38<01:51,  4.46s/epoch, best=3.560e+00, sign=0.146, train=3.710e+00, val=3.492e+00]
GNN flow training:  76%|███████▌  | 76/100 [05:38<01:46,  4.45s/epoch, best=3.560e+00, sign=0.146, train=3.710e+00, val=3.492e+00]
GNN flow training:  76%|███████▌  | 76/100 [05:43<01:46,  4.45s/epoch, best=3.492e+00, sign=0.144, train=3.696e+00, val=3.569e+00]
GNN flow training:  77%|███████▋  | 77/100 [05:43<01:42,  4.46s/epoch, best=3.492e+00, sign=0.144, train=3.696e+00, val=3.569e+00]
GNN flow training:  77%|███████▋  | 77/100 [05:47<01:42,  4.46s/epoch, best=3.492e+00, sign=0.149, train=3.693e+00, val=3.521e+00]
GNN flow training:  78%|███████▊  | 78/100 [05:47<01:38,  4.46s/epoch, best=3.492e+00, sign=0.149, train=3.693e+00, val=3.521e+00]
GNN flow training:  78%|███████▊  | 78/100 [05:52<01:38,  4.46s/epoch, best=3.492e+00, sign=0.150, train=3.661e+00, val=3.481e+00]
GNN flow training:  79%|███████▉  | 79/100 [05:52<01:33,  4.46s/epoch, best=3.492e+00, sign=0.150, train=3.661e+00, val=3.481e+00]
GNN flow training:  79%|███████▉  | 79/100 [05:56<01:33,  4.46s/epoch, best=3.481e+00, sign=0.151, train=3.659e+00, val=3.497e+00]
GNN flow training:  80%|████████  | 80/100 [05:56<01:29,  4.45s/epoch, best=3.481e+00, sign=0.151, train=3.659e+00, val=3.497e+00]
GNN flow training:  80%|████████  | 80/100 [06:01<01:29,  4.45s/epoch, best=3.481e+00, sign=0.149, train=3.670e+00, val=3.516e+00]
GNN flow training:  81%|████████  | 81/100 [06:01<01:24,  4.46s/epoch, best=3.481e+00, sign=0.149, train=3.670e+00, val=3.516e+00]
GNN flow training:  81%|████████  | 81/100 [06:05<01:24,  4.46s/epoch, best=3.481e+00, sign=0.147, train=3.642e+00, val=3.505e+00]
GNN flow training:  82%|████████▏ | 82/100 [06:05<01:20,  4.47s/epoch, best=3.481e+00, sign=0.147, train=3.642e+00, val=3.505e+00]
GNN flow training:  82%|████████▏ | 82/100 [06:10<01:20,  4.47s/epoch, best=3.481e+00, sign=0.150, train=3.636e+00, val=3.430e+00]
GNN flow training:  83%|████████▎ | 83/100 [06:10<01:15,  4.45s/epoch, best=3.481e+00, sign=0.150, train=3.636e+00, val=3.430e+00]
GNN flow training:  83%|████████▎ | 83/100 [06:14<01:15,  4.45s/epoch, best=3.430e+00, sign=0.150, train=3.626e+00, val=3.381e+00]
GNN flow training:  84%|████████▍ | 84/100 [06:14<01:11,  4.46s/epoch, best=3.430e+00, sign=0.150, train=3.626e+00, val=3.381e+00]
GNN flow training:  84%|████████▍ | 84/100 [06:18<01:11,  4.46s/epoch, best=3.381e+00, sign=0.150, train=3.619e+00, val=3.389e+00]
GNN flow training:  85%|████████▌ | 85/100 [06:18<01:07,  4.47s/epoch, best=3.381e+00, sign=0.150, train=3.619e+00, val=3.389e+00]
GNN flow training:  85%|████████▌ | 85/100 [06:23<01:07,  4.47s/epoch, best=3.381e+00, sign=0.151, train=3.623e+00, val=3.349e+00]
GNN flow training:  86%|████████▌ | 86/100 [06:23<01:02,  4.45s/epoch, best=3.381e+00, sign=0.151, train=3.623e+00, val=3.349e+00]
GNN flow training:  86%|████████▌ | 86/100 [06:27<01:02,  4.45s/epoch, best=3.349e+00, sign=0.149, train=3.643e+00, val=3.377e+00]
GNN flow training:  87%|████████▋ | 87/100 [06:27<00:57,  4.44s/epoch, best=3.349e+00, sign=0.149, train=3.643e+00, val=3.377e+00]
GNN flow training:  87%|████████▋ | 87/100 [06:32<00:57,  4.44s/epoch, best=3.349e+00, sign=0.149, train=3.616e+00, val=3.434e+00]
GNN flow training:  88%|████████▊ | 88/100 [06:32<00:53,  4.44s/epoch, best=3.349e+00, sign=0.149, train=3.616e+00, val=3.434e+00]
GNN flow training:  88%|████████▊ | 88/100 [06:36<00:53,  4.44s/epoch, best=3.349e+00, sign=0.152, train=3.613e+00, val=3.515e+00]
GNN flow training:  89%|████████▉ | 89/100 [06:36<00:48,  4.45s/epoch, best=3.349e+00, sign=0.152, train=3.613e+00, val=3.515e+00]
GNN flow training:  89%|████████▉ | 89/100 [06:41<00:48,  4.45s/epoch, best=3.349e+00, sign=0.146, train=3.604e+00, val=3.467e+00]
GNN flow training:  90%|█████████ | 90/100 [06:41<00:44,  4.44s/epoch, best=3.349e+00, sign=0.146, train=3.604e+00, val=3.467e+00]
GNN flow training:  90%|█████████ | 90/100 [06:45<00:44,  4.44s/epoch, best=3.349e+00, sign=0.147, train=3.596e+00, val=3.421e+00]
GNN flow training:  91%|█████████ | 91/100 [06:45<00:39,  4.44s/epoch, best=3.349e+00, sign=0.147, train=3.596e+00, val=3.421e+00]
GNN flow training:  91%|█████████ | 91/100 [06:50<00:39,  4.44s/epoch, best=3.349e+00, sign=0.147, train=3.563e+00, val=3.464e+00]
GNN flow training:  92%|█████████▏| 92/100 [06:50<00:35,  4.45s/epoch, best=3.349e+00, sign=0.147, train=3.563e+00, val=3.464e+00]
GNN flow training:  92%|█████████▏| 92/100 [06:54<00:35,  4.45s/epoch, best=3.349e+00, sign=0.151, train=3.578e+00, val=3.437e+00]
GNN flow training:  93%|█████████▎| 93/100 [06:54<00:31,  4.45s/epoch, best=3.349e+00, sign=0.151, train=3.578e+00, val=3.437e+00]
GNN flow training:  93%|█████████▎| 93/100 [06:58<00:31,  4.45s/epoch, best=3.349e+00, sign=0.144, train=3.564e+00, val=3.526e+00]
GNN flow training:  94%|█████████▍| 94/100 [06:58<00:26,  4.44s/epoch, best=3.349e+00, sign=0.144, train=3.564e+00, val=3.526e+00]
GNN flow training:  94%|█████████▍| 94/100 [07:03<00:26,  4.44s/epoch, best=3.349e+00, sign=0.143, train=3.582e+00, val=3.525e+00]
GNN flow training:  95%|█████████▌| 95/100 [07:03<00:22,  4.45s/epoch, best=3.349e+00, sign=0.143, train=3.582e+00, val=3.525e+00]
GNN flow training:  95%|█████████▌| 95/100 [07:07<00:22,  4.45s/epoch, best=3.349e+00, sign=0.144, train=3.623e+00, val=3.457e+00]
GNN flow training:  96%|█████████▌| 96/100 [07:07<00:17,  4.45s/epoch, best=3.349e+00, sign=0.144, train=3.623e+00, val=3.457e+00]
GNN flow training:  96%|█████████▌| 96/100 [07:12<00:17,  4.45s/epoch, best=3.349e+00, sign=0.144, train=3.603e+00, val=3.414e+00]
GNN flow training:  97%|█████████▋| 97/100 [07:12<00:13,  4.45s/epoch, best=3.349e+00, sign=0.144, train=3.603e+00, val=3.414e+00]
GNN flow training:  97%|█████████▋| 97/100 [07:16<00:13,  4.45s/epoch, best=3.349e+00, sign=0.146, train=3.518e+00, val=3.673e+00]
GNN flow training:  98%|█████████▊| 98/100 [07:16<00:08,  4.45s/epoch, best=3.349e+00, sign=0.146, train=3.518e+00, val=3.673e+00]
GNN flow training:  98%|█████████▊| 98/100 [07:21<00:08,  4.45s/epoch, best=3.349e+00, sign=0.145, train=3.612e+00, val=3.559e+00]
GNN flow training:  99%|█████████▉| 99/100 [07:21<00:04,  4.44s/epoch, best=3.349e+00, sign=0.145, train=3.612e+00, val=3.559e+00]
GNN flow training:  99%|█████████▉| 99/100 [07:25<00:04,  4.44s/epoch, best=3.349e+00, sign=0.141, train=3.542e+00, val=3.522e+00]
GNN flow training: 100%|██████████| 100/100 [07:25<00:00,  4.44s/epoch, best=3.349e+00, sign=0.141, train=3.542e+00, val=3.522e+00]
GNN flow training: 100%|██████████| 100/100 [07:25<00:00,  4.46s/epoch, best=3.349e+00, sign=0.141, train=3.542e+00, val=3.522e+00]

GNN flow training:   0%|          | 0/100 [00:00<?, ?epoch/s]
GNN flow training:   0%|          | 0/100 [00:04<?, ?epoch/s, best=1.232e+03, sign=0.199, train=1.232e+03, val=1.232e+03]
GNN flow training:   1%|          | 1/100 [00:04<07:38,  4.63s/epoch, best=1.232e+03, sign=0.199, train=1.232e+03, val=1.232e+03]
GNN flow training:   1%|          | 1/100 [00:09<07:38,  4.63s/epoch, best=1.232e+03, sign=0.200, train=1.232e+03, val=1.235e+03]
GNN flow training:   2%|▏         | 2/100 [00:09<07:27,  4.56s/epoch, best=1.232e+03, sign=0.200, train=1.232e+03, val=1.235e+03]
GNN flow training:   2%|▏         | 2/100 [00:13<07:27,  4.56s/epoch, best=1.232e+03, sign=0.200, train=1.235e+03, val=1.235e+03]
GNN flow training:   3%|▎         | 3/100 [00:13<07:19,  4.53s/epoch, best=1.232e+03, sign=0.200, train=1.235e+03, val=1.235e+03]
GNN flow training:   3%|▎         | 3/100 [00:18<07:19,  4.53s/epoch, best=1.232e+03, sign=0.200, train=1.235e+03, val=1.233e+03]
GNN flow training:   4%|▍         | 4/100 [00:18<07:13,  4.51s/epoch, best=1.232e+03, sign=0.200, train=1.235e+03, val=1.233e+03]
GNN flow training:   4%|▍         | 4/100 [00:22<07:13,  4.51s/epoch, best=1.232e+03, sign=0.200, train=1.233e+03, val=1.233e+03]
GNN flow training:   5%|▌         | 5/100 [00:22<07:07,  4.50s/epoch, best=1.232e+03, sign=0.200, train=1.233e+03, val=1.233e+03]
GNN flow training:   5%|▌         | 5/100 [00:27<07:07,  4.50s/epoch, best=1.232e+03, sign=0.200, train=1.233e+03, val=1.233e+03]
GNN flow training:   6%|▌         | 6/100 [00:27<07:02,  4.50s/epoch, best=1.232e+03, sign=0.200, train=1.233e+03, val=1.233e+03]
GNN flow training:   6%|▌         | 6/100 [00:31<07:02,  4.50s/epoch, best=1.232e+03, sign=0.200, train=1.233e+03, val=1.232e+03]
GNN flow training:   7%|▋         | 7/100 [00:31<06:57,  4.49s/epoch, best=1.232e+03, sign=0.200, train=1.233e+03, val=1.232e+03]
GNN flow training:   7%|▋         | 7/100 [00:36<06:57,  4.49s/epoch, best=1.232e+03, sign=0.200, train=1.232e+03, val=1.231e+03]
GNN flow training:   8%|▊         | 8/100 [00:36<06:52,  4.49s/epoch, best=1.232e+03, sign=0.200, train=1.232e+03, val=1.231e+03]
GNN flow training:   8%|▊         | 8/100 [00:40<06:52,  4.49s/epoch, best=1.231e+03, sign=0.200, train=1.231e+03, val=1.230e+03]
GNN flow training:   9%|▉         | 9/100 [00:40<06:47,  4.48s/epoch, best=1.231e+03, sign=0.200, train=1.231e+03, val=1.230e+03]
GNN flow training:   9%|▉         | 9/100 [00:44<06:47,  4.48s/epoch, best=1.230e+03, sign=0.200, train=1.230e+03, val=1.229e+03]
GNN flow training:  10%|█         | 10/100 [00:44<06:42,  4.48s/epoch, best=1.230e+03, sign=0.200, train=1.230e+03, val=1.229e+03]
GNN flow training:  10%|█         | 10/100 [00:49<06:42,  4.48s/epoch, best=1.229e+03, sign=0.200, train=1.229e+03, val=1.227e+03]
GNN flow training:  11%|█         | 11/100 [00:49<06:37,  4.46s/epoch, best=1.229e+03, sign=0.200, train=1.229e+03, val=1.227e+03]
GNN flow training:  11%|█         | 11/100 [00:53<06:37,  4.46s/epoch, best=1.227e+03, sign=0.200, train=1.227e+03, val=1.226e+03]
GNN flow training:  12%|█▏        | 12/100 [00:53<06:34,  4.48s/epoch, best=1.227e+03, sign=0.200, train=1.227e+03, val=1.226e+03]
GNN flow training:  12%|█▏        | 12/100 [00:58<06:34,  4.48s/epoch, best=1.226e+03, sign=0.200, train=1.226e+03, val=1.225e+03]
GNN flow training:  13%|█▎        | 13/100 [00:58<06:31,  4.49s/epoch, best=1.226e+03, sign=0.200, train=1.226e+03, val=1.225e+03]
GNN flow training:  13%|█▎        | 13/100 [01:02<06:31,  4.49s/epoch, best=1.225e+03, sign=0.200, train=1.225e+03, val=1.222e+03]
GNN flow training:  14%|█▍        | 14/100 [01:02<06:27,  4.51s/epoch, best=1.225e+03, sign=0.200, train=1.225e+03, val=1.222e+03]
GNN flow training:  14%|█▍        | 14/100 [01:07<06:27,  4.51s/epoch, best=1.222e+03, sign=0.200, train=1.223e+03, val=1.223e+03]
GNN flow training:  15%|█▌        | 15/100 [01:07<06:23,  4.51s/epoch, best=1.222e+03, sign=0.200, train=1.223e+03, val=1.223e+03]
GNN flow training:  15%|█▌        | 15/100 [01:12<06:23,  4.51s/epoch, best=1.222e+03, sign=0.199, train=1.223e+03, val=1.220e+03]
GNN flow training:  16%|█▌        | 16/100 [01:12<06:19,  4.51s/epoch, best=1.222e+03, sign=0.199, train=1.223e+03, val=1.220e+03]
GNN flow training:  16%|█▌        | 16/100 [01:16<06:19,  4.51s/epoch, best=1.220e+03, sign=0.200, train=1.220e+03, val=1.217e+03]
GNN flow training:  17%|█▋        | 17/100 [01:16<06:13,  4.50s/epoch, best=1.220e+03, sign=0.200, train=1.220e+03, val=1.217e+03]
GNN flow training:  17%|█▋        | 17/100 [01:20<06:13,  4.50s/epoch, best=1.217e+03, sign=0.199, train=1.217e+03, val=1.213e+03]
GNN flow training:  18%|█▊        | 18/100 [01:20<06:08,  4.50s/epoch, best=1.217e+03, sign=0.199, train=1.217e+03, val=1.213e+03]
GNN flow training:  18%|█▊        | 18/100 [01:25<06:08,  4.50s/epoch, best=1.213e+03, sign=0.199, train=1.214e+03, val=1.211e+03]
GNN flow training:  19%|█▉        | 19/100 [01:25<06:04,  4.50s/epoch, best=1.213e+03, sign=0.199, train=1.214e+03, val=1.211e+03]
GNN flow training:  19%|█▉        | 19/100 [01:30<06:04,  4.50s/epoch, best=1.211e+03, sign=0.199, train=1.211e+03, val=1.207e+03]
GNN flow training:  20%|██        | 20/100 [01:30<05:59,  4.50s/epoch, best=1.211e+03, sign=0.199, train=1.211e+03, val=1.207e+03]
GNN flow training:  20%|██        | 20/100 [01:34<05:59,  4.50s/epoch, best=1.207e+03, sign=0.198, train=1.208e+03, val=1.206e+03]
GNN flow training:  21%|██        | 21/100 [01:34<05:55,  4.50s/epoch, best=1.207e+03, sign=0.198, train=1.208e+03, val=1.206e+03]
GNN flow training:  21%|██        | 21/100 [01:38<05:55,  4.50s/epoch, best=1.206e+03, sign=0.198, train=1.206e+03, val=1.204e+03]
GNN flow training:  22%|██▏       | 22/100 [01:38<05:50,  4.49s/epoch, best=1.206e+03, sign=0.198, train=1.206e+03, val=1.204e+03]
GNN flow training:  22%|██▏       | 22/100 [01:43<05:50,  4.49s/epoch, best=1.204e+03, sign=0.198, train=1.204e+03, val=1.200e+03]
GNN flow training:  23%|██▎       | 23/100 [01:43<05:46,  4.50s/epoch, best=1.204e+03, sign=0.198, train=1.204e+03, val=1.200e+03]
GNN flow training:  23%|██▎       | 23/100 [01:48<05:46,  4.50s/epoch, best=1.200e+03, sign=0.198, train=1.200e+03, val=1.200e+03]
GNN flow training:  24%|██▍       | 24/100 [01:48<05:42,  4.50s/epoch, best=1.200e+03, sign=0.198, train=1.200e+03, val=1.200e+03]
GNN flow training:  24%|██▍       | 24/100 [01:52<05:42,  4.50s/epoch, best=1.200e+03, sign=0.197, train=1.200e+03, val=1.195e+03]
GNN flow training:  25%|██▌       | 25/100 [01:52<05:35,  4.48s/epoch, best=1.200e+03, sign=0.197, train=1.200e+03, val=1.195e+03]
GNN flow training:  25%|██▌       | 25/100 [01:56<05:35,  4.48s/epoch, best=1.195e+03, sign=0.196, train=1.195e+03, val=1.190e+03]
GNN flow training:  26%|██▌       | 26/100 [01:56<05:30,  4.47s/epoch, best=1.195e+03, sign=0.196, train=1.195e+03, val=1.190e+03]
GNN flow training:  26%|██▌       | 26/100 [02:01<05:30,  4.47s/epoch, best=1.190e+03, sign=0.195, train=1.190e+03, val=1.185e+03]
GNN flow training:  27%|██▋       | 27/100 [02:01<05:25,  4.46s/epoch, best=1.190e+03, sign=0.195, train=1.190e+03, val=1.185e+03]
GNN flow training:  27%|██▋       | 27/100 [02:05<05:25,  4.46s/epoch, best=1.185e+03, sign=0.194, train=1.185e+03, val=1.176e+03]
GNN flow training:  28%|██▊       | 28/100 [02:05<05:22,  4.48s/epoch, best=1.185e+03, sign=0.194, train=1.185e+03, val=1.176e+03]
GNN flow training:  28%|██▊       | 28/100 [02:10<05:22,  4.48s/epoch, best=1.176e+03, sign=0.196, train=1.176e+03, val=1.162e+03]
GNN flow training:  29%|██▉       | 29/100 [02:10<05:17,  4.48s/epoch, best=1.176e+03, sign=0.196, train=1.176e+03, val=1.162e+03]
GNN flow training:  29%|██▉       | 29/100 [02:14<05:17,  4.48s/epoch, best=1.162e+03, sign=0.195, train=1.162e+03, val=1.154e+03]
GNN flow training:  30%|███       | 30/100 [02:14<05:13,  4.48s/epoch, best=1.162e+03, sign=0.195, train=1.162e+03, val=1.154e+03]
GNN flow training:  30%|███       | 30/100 [02:19<05:13,  4.48s/epoch, best=1.154e+03, sign=0.195, train=1.154e+03, val=1.149e+03]
GNN flow training:  31%|███       | 31/100 [02:19<05:08,  4.48s/epoch, best=1.154e+03, sign=0.195, train=1.154e+03, val=1.149e+03]
GNN flow training:  31%|███       | 31/100 [02:23<05:08,  4.48s/epoch, best=1.149e+03, sign=0.196, train=1.149e+03, val=1.143e+03]
GNN flow training:  32%|███▏      | 32/100 [02:23<05:04,  4.48s/epoch, best=1.149e+03, sign=0.196, train=1.149e+03, val=1.143e+03]
GNN flow training:  32%|███▏      | 32/100 [02:28<05:04,  4.48s/epoch, best=1.143e+03, sign=0.197, train=1.143e+03, val=1.133e+03]
GNN flow training:  33%|███▎      | 33/100 [02:28<05:01,  4.49s/epoch, best=1.143e+03, sign=0.197, train=1.143e+03, val=1.133e+03]
GNN flow training:  33%|███▎      | 33/100 [02:32<05:01,  4.49s/epoch, best=1.133e+03, sign=0.196, train=1.133e+03, val=1.126e+03]
GNN flow training:  34%|███▍      | 34/100 [02:32<04:56,  4.49s/epoch, best=1.133e+03, sign=0.196, train=1.133e+03, val=1.126e+03]
GNN flow training:  34%|███▍      | 34/100 [02:37<04:56,  4.49s/epoch, best=1.126e+03, sign=0.196, train=1.126e+03, val=1.112e+03]
GNN flow training:  35%|███▌      | 35/100 [02:37<04:50,  4.47s/epoch, best=1.126e+03, sign=0.196, train=1.126e+03, val=1.112e+03]
GNN flow training:  35%|███▌      | 35/100 [02:41<04:50,  4.47s/epoch, best=1.112e+03, sign=0.194, train=1.112e+03, val=1.104e+03]
GNN flow training:  36%|███▌      | 36/100 [02:41<04:46,  4.48s/epoch, best=1.112e+03, sign=0.194, train=1.112e+03, val=1.104e+03]
GNN flow training:  36%|███▌      | 36/100 [02:46<04:46,  4.48s/epoch, best=1.104e+03, sign=0.193, train=1.105e+03, val=1.094e+03]
GNN flow training:  37%|███▋      | 37/100 [02:46<04:42,  4.48s/epoch, best=1.104e+03, sign=0.193, train=1.105e+03, val=1.094e+03]
GNN flow training:  37%|███▋      | 37/100 [02:50<04:42,  4.48s/epoch, best=1.094e+03, sign=0.191, train=1.094e+03, val=1.085e+03]
GNN flow training:  38%|███▊      | 38/100 [02:50<04:37,  4.48s/epoch, best=1.094e+03, sign=0.191, train=1.094e+03, val=1.085e+03]
GNN flow training:  38%|███▊      | 38/100 [02:55<04:37,  4.48s/epoch, best=1.085e+03, sign=0.192, train=1.085e+03, val=1.069e+03]
GNN flow training:  39%|███▉      | 39/100 [02:55<04:32,  4.47s/epoch, best=1.085e+03, sign=0.192, train=1.085e+03, val=1.069e+03]
GNN flow training:  39%|███▉      | 39/100 [02:59<04:32,  4.47s/epoch, best=1.069e+03, sign=0.190, train=1.070e+03, val=1.071e+03]
GNN flow training:  40%|████      | 40/100 [02:59<04:27,  4.45s/epoch, best=1.069e+03, sign=0.190, train=1.070e+03, val=1.071e+03]
GNN flow training:  40%|████      | 40/100 [03:03<04:27,  4.45s/epoch, best=1.069e+03, sign=0.189, train=1.071e+03, val=1.073e+03]
GNN flow training:  41%|████      | 41/100 [03:03<04:22,  4.45s/epoch, best=1.069e+03, sign=0.189, train=1.071e+03, val=1.073e+03]
GNN flow training:  41%|████      | 41/100 [03:08<04:22,  4.45s/epoch, best=1.069e+03, sign=0.188, train=1.073e+03, val=1.069e+03]
GNN flow training:  42%|████▏     | 42/100 [03:08<04:17,  4.45s/epoch, best=1.069e+03, sign=0.188, train=1.073e+03, val=1.069e+03]
GNN flow training:  42%|████▏     | 42/100 [03:12<04:17,  4.45s/epoch, best=1.069e+03, sign=0.187, train=1.069e+03, val=1.072e+03]
GNN flow training:  43%|████▎     | 43/100 [03:12<04:14,  4.46s/epoch, best=1.069e+03, sign=0.187, train=1.069e+03, val=1.072e+03]
GNN flow training:  43%|████▎     | 43/100 [03:17<04:14,  4.46s/epoch, best=1.069e+03, sign=0.185, train=1.072e+03, val=1.080e+03]
GNN flow training:  44%|████▍     | 44/100 [03:17<04:09,  4.45s/epoch, best=1.069e+03, sign=0.185, train=1.072e+03, val=1.080e+03]
GNN flow training:  44%|████▍     | 44/100 [03:21<04:09,  4.45s/epoch, best=1.069e+03, sign=0.183, train=1.080e+03, val=1.074e+03]
GNN flow training:  45%|████▌     | 45/100 [03:21<04:04,  4.44s/epoch, best=1.069e+03, sign=0.183, train=1.080e+03, val=1.074e+03]
GNN flow training:  45%|████▌     | 45/100 [03:26<04:04,  4.44s/epoch, best=1.069e+03, sign=0.182, train=1.074e+03, val=1.070e+03]
GNN flow training:  46%|████▌     | 46/100 [03:26<03:59,  4.44s/epoch, best=1.069e+03, sign=0.182, train=1.074e+03, val=1.070e+03]
GNN flow training:  46%|████▌     | 46/100 [03:30<03:59,  4.44s/epoch, best=1.069e+03, sign=0.184, train=1.071e+03, val=1.043e+03]
GNN flow training:  47%|████▋     | 47/100 [03:30<03:54,  4.42s/epoch, best=1.069e+03, sign=0.184, train=1.071e+03, val=1.043e+03]
GNN flow training:  47%|████▋     | 47/100 [03:34<03:54,  4.42s/epoch, best=1.043e+03, sign=0.184, train=1.043e+03, val=1.038e+03]
GNN flow training:  48%|████▊     | 48/100 [03:34<03:50,  4.43s/epoch, best=1.043e+03, sign=0.184, train=1.043e+03, val=1.038e+03]
GNN flow training:  48%|████▊     | 48/100 [03:39<03:50,  4.43s/epoch, best=1.038e+03, sign=0.184, train=1.038e+03, val=1.031e+03]
GNN flow training:  49%|████▉     | 49/100 [03:39<03:46,  4.43s/epoch, best=1.038e+03, sign=0.184, train=1.038e+03, val=1.031e+03]
GNN flow training:  49%|████▉     | 49/100 [03:43<03:46,  4.43s/epoch, best=1.031e+03, sign=0.181, train=1.031e+03, val=1.032e+03]
GNN flow training:  50%|█████     | 50/100 [03:43<03:42,  4.46s/epoch, best=1.031e+03, sign=0.181, train=1.031e+03, val=1.032e+03]
GNN flow training:  50%|█████     | 50/100 [03:48<03:42,  4.46s/epoch, best=1.031e+03, sign=0.183, train=1.032e+03, val=1.029e+03]
GNN flow training:  51%|█████     | 51/100 [03:48<03:38,  4.46s/epoch, best=1.031e+03, sign=0.183, train=1.032e+03, val=1.029e+03]
GNN flow training:  51%|█████     | 51/100 [03:52<03:38,  4.46s/epoch, best=1.029e+03, sign=0.183, train=1.029e+03, val=1.028e+03]
GNN flow training:  52%|█████▏    | 52/100 [03:52<03:33,  4.45s/epoch, best=1.029e+03, sign=0.183, train=1.029e+03, val=1.028e+03]
GNN flow training:  52%|█████▏    | 52/100 [03:57<03:33,  4.45s/epoch, best=1.028e+03, sign=0.183, train=1.028e+03, val=1.029e+03]
GNN flow training:  53%|█████▎    | 53/100 [03:57<03:28,  4.43s/epoch, best=1.028e+03, sign=0.183, train=1.028e+03, val=1.029e+03]
GNN flow training:  53%|█████▎    | 53/100 [04:01<03:28,  4.43s/epoch, best=1.028e+03, sign=0.179, train=1.029e+03, val=1.024e+03]
GNN flow training:  54%|█████▍    | 54/100 [04:01<03:24,  4.45s/epoch, best=1.028e+03, sign=0.179, train=1.029e+03, val=1.024e+03]
GNN flow training:  54%|█████▍    | 54/100 [04:06<03:24,  4.45s/epoch, best=1.024e+03, sign=0.175, train=1.024e+03, val=1.023e+03]
GNN flow training:  55%|█████▌    | 55/100 [04:06<03:19,  4.44s/epoch, best=1.024e+03, sign=0.175, train=1.024e+03, val=1.023e+03]
GNN flow training:  55%|█████▌    | 55/100 [04:10<03:19,  4.44s/epoch, best=1.023e+03, sign=0.171, train=1.023e+03, val=1.029e+03]
GNN flow training:  56%|█████▌    | 56/100 [04:10<03:14,  4.42s/epoch, best=1.023e+03, sign=0.171, train=1.023e+03, val=1.029e+03]
GNN flow training:  56%|█████▌    | 56/100 [04:14<03:14,  4.42s/epoch, best=1.023e+03, sign=0.172, train=1.029e+03, val=1.032e+03]
GNN flow training:  57%|█████▋    | 57/100 [04:14<03:10,  4.43s/epoch, best=1.023e+03, sign=0.172, train=1.029e+03, val=1.032e+03]
GNN flow training:  57%|█████▋    | 57/100 [04:19<03:10,  4.43s/epoch, best=1.023e+03, sign=0.170, train=1.032e+03, val=1.032e+03]
GNN flow training:  58%|█████▊    | 58/100 [04:19<03:06,  4.43s/epoch, best=1.023e+03, sign=0.170, train=1.032e+03, val=1.032e+03]
GNN flow training:  58%|█████▊    | 58/100 [04:23<03:06,  4.43s/epoch, best=1.023e+03, sign=0.170, train=1.032e+03, val=1.040e+03]
GNN flow training:  59%|█████▉    | 59/100 [04:23<03:01,  4.42s/epoch, best=1.023e+03, sign=0.170, train=1.032e+03, val=1.040e+03]
GNN flow training:  59%|█████▉    | 59/100 [04:28<03:01,  4.42s/epoch, best=1.023e+03, sign=0.169, train=1.040e+03, val=1.049e+03]
GNN flow training:  60%|██████    | 60/100 [04:28<02:56,  4.41s/epoch, best=1.023e+03, sign=0.169, train=1.040e+03, val=1.049e+03]
GNN flow training:  60%|██████    | 60/100 [04:32<02:56,  4.41s/epoch, best=1.023e+03, sign=0.170, train=1.049e+03, val=1.025e+03]
GNN flow training:  61%|██████    | 61/100 [04:32<02:52,  4.43s/epoch, best=1.023e+03, sign=0.170, train=1.049e+03, val=1.025e+03]
GNN flow training:  61%|██████    | 61/100 [04:37<02:52,  4.43s/epoch, best=1.023e+03, sign=0.168, train=1.025e+03, val=1.031e+03]
GNN flow training:  62%|██████▏   | 62/100 [04:37<02:47,  4.42s/epoch, best=1.023e+03, sign=0.168, train=1.025e+03, val=1.031e+03]
GNN flow training:  62%|██████▏   | 62/100 [04:41<02:47,  4.42s/epoch, best=1.023e+03, sign=0.168, train=1.031e+03, val=1.024e+03]
GNN flow training:  63%|██████▎   | 63/100 [04:41<02:43,  4.42s/epoch, best=1.023e+03, sign=0.168, train=1.031e+03, val=1.024e+03]
GNN flow training:  63%|██████▎   | 63/100 [04:45<02:43,  4.42s/epoch, best=1.023e+03, sign=0.167, train=1.024e+03, val=1.037e+03]
GNN flow training:  64%|██████▍   | 64/100 [04:45<02:39,  4.43s/epoch, best=1.023e+03, sign=0.167, train=1.024e+03, val=1.037e+03]
GNN flow training:  64%|██████▍   | 64/100 [04:50<02:39,  4.43s/epoch, best=1.023e+03, sign=0.168, train=1.037e+03, val=1.027e+03]
GNN flow training:  65%|██████▌   | 65/100 [04:50<02:34,  4.43s/epoch, best=1.023e+03, sign=0.168, train=1.037e+03, val=1.027e+03]
GNN flow training:  65%|██████▌   | 65/100 [04:54<02:34,  4.43s/epoch, best=1.023e+03, sign=0.169, train=1.028e+03, val=1.008e+03]
GNN flow training:  66%|██████▌   | 66/100 [04:54<02:30,  4.43s/epoch, best=1.023e+03, sign=0.169, train=1.028e+03, val=1.008e+03]
GNN flow training:  66%|██████▌   | 66/100 [04:59<02:30,  4.43s/epoch, best=1.008e+03, sign=0.170, train=1.008e+03, val=9.997e+02]
GNN flow training:  67%|██████▋   | 67/100 [04:59<02:25,  4.42s/epoch, best=1.008e+03, sign=0.170, train=1.008e+03, val=9.997e+02]
GNN flow training:  67%|██████▋   | 67/100 [05:03<02:25,  4.42s/epoch, best=9.997e+02, sign=0.169, train=9.998e+02, val=9.957e+02]
GNN flow training:  68%|██████▊   | 68/100 [05:03<02:21,  4.43s/epoch, best=9.997e+02, sign=0.169, train=9.998e+02, val=9.957e+02]
GNN flow training:  68%|██████▊   | 68/100 [05:08<02:21,  4.43s/epoch, best=9.957e+02, sign=0.169, train=9.958e+02, val=9.896e+02]
GNN flow training:  69%|██████▉   | 69/100 [05:08<02:17,  4.43s/epoch, best=9.957e+02, sign=0.169, train=9.958e+02, val=9.896e+02]
GNN flow training:  69%|██████▉   | 69/100 [05:12<02:17,  4.43s/epoch, best=9.896e+02, sign=0.169, train=9.897e+02, val=9.844e+02]
GNN flow training:  70%|███████   | 70/100 [05:12<02:12,  4.42s/epoch, best=9.896e+02, sign=0.169, train=9.897e+02, val=9.844e+02]
GNN flow training:  70%|███████   | 70/100 [05:16<02:12,  4.42s/epoch, best=9.844e+02, sign=0.169, train=9.845e+02, val=9.793e+02]
GNN flow training:  71%|███████   | 71/100 [05:16<02:07,  4.41s/epoch, best=9.844e+02, sign=0.169, train=9.845e+02, val=9.793e+02]
GNN flow training:  71%|███████   | 71/100 [05:21<02:07,  4.41s/epoch, best=9.793e+02, sign=0.166, train=9.794e+02, val=9.714e+02]
GNN flow training:  72%|███████▏  | 72/100 [05:21<02:03,  4.41s/epoch, best=9.793e+02, sign=0.166, train=9.794e+02, val=9.714e+02]
GNN flow training:  72%|███████▏  | 72/100 [05:25<02:03,  4.41s/epoch, best=9.714e+02, sign=0.160, train=9.715e+02, val=9.668e+02]
GNN flow training:  73%|███████▎  | 73/100 [05:25<01:59,  4.42s/epoch, best=9.714e+02, sign=0.160, train=9.715e+02, val=9.668e+02]
GNN flow training:  73%|███████▎  | 73/100 [05:30<01:59,  4.42s/epoch, best=9.668e+02, sign=0.156, train=9.669e+02, val=9.609e+02]
GNN flow training:  74%|███████▍  | 74/100 [05:30<01:55,  4.43s/epoch, best=9.668e+02, sign=0.156, train=9.669e+02, val=9.609e+02]
GNN flow training:  74%|███████▍  | 74/100 [05:34<01:55,  4.43s/epoch, best=9.609e+02, sign=0.152, train=9.610e+02, val=9.522e+02]
GNN flow training:  75%|███████▌  | 75/100 [05:34<01:51,  4.45s/epoch, best=9.609e+02, sign=0.152, train=9.610e+02, val=9.522e+02]
GNN flow training:  75%|███████▌  | 75/100 [05:39<01:51,  4.45s/epoch, best=9.522e+02, sign=0.149, train=9.523e+02, val=9.526e+02]
GNN flow training:  76%|███████▌  | 76/100 [05:39<01:46,  4.44s/epoch, best=9.522e+02, sign=0.149, train=9.523e+02, val=9.526e+02]
GNN flow training:  76%|███████▌  | 76/100 [05:43<01:46,  4.44s/epoch, best=9.522e+02, sign=0.147, train=9.527e+02, val=9.472e+02]
GNN flow training:  77%|███████▋  | 77/100 [05:43<01:41,  4.43s/epoch, best=9.522e+02, sign=0.147, train=9.527e+02, val=9.472e+02]
GNN flow training:  77%|███████▋  | 77/100 [05:47<01:41,  4.43s/epoch, best=9.472e+02, sign=0.144, train=9.472e+02, val=9.403e+02]
GNN flow training:  78%|███████▊  | 78/100 [05:47<01:37,  4.44s/epoch, best=9.472e+02, sign=0.144, train=9.472e+02, val=9.403e+02]
GNN flow training:  78%|███████▊  | 78/100 [05:52<01:37,  4.44s/epoch, best=9.403e+02, sign=0.143, train=9.403e+02, val=9.413e+02]
GNN flow training:  79%|███████▉  | 79/100 [05:52<01:33,  4.46s/epoch, best=9.403e+02, sign=0.143, train=9.403e+02, val=9.413e+02]
GNN flow training:  79%|███████▉  | 79/100 [05:56<01:33,  4.46s/epoch, best=9.403e+02, sign=0.144, train=9.414e+02, val=9.399e+02]
GNN flow training:  80%|████████  | 80/100 [05:56<01:29,  4.47s/epoch, best=9.403e+02, sign=0.144, train=9.414e+02, val=9.399e+02]
GNN flow training:  80%|████████  | 80/100 [06:01<01:29,  4.47s/epoch, best=9.399e+02, sign=0.143, train=9.399e+02, val=9.364e+02]
GNN flow training:  81%|████████  | 81/100 [06:01<01:24,  4.46s/epoch, best=9.399e+02, sign=0.143, train=9.399e+02, val=9.364e+02]
GNN flow training:  81%|████████  | 81/100 [06:05<01:24,  4.46s/epoch, best=9.364e+02, sign=0.143, train=9.364e+02, val=9.309e+02]
GNN flow training:  82%|████████▏ | 82/100 [06:05<01:19,  4.44s/epoch, best=9.364e+02, sign=0.143, train=9.364e+02, val=9.309e+02]
GNN flow training:  82%|████████▏ | 82/100 [06:10<01:19,  4.44s/epoch, best=9.309e+02, sign=0.142, train=9.309e+02, val=9.265e+02]
GNN flow training:  83%|████████▎ | 83/100 [06:10<01:15,  4.42s/epoch, best=9.309e+02, sign=0.142, train=9.309e+02, val=9.265e+02]
GNN flow training:  83%|████████▎ | 83/100 [06:14<01:15,  4.42s/epoch, best=9.265e+02, sign=0.143, train=9.266e+02, val=9.164e+02]
GNN flow training:  84%|████████▍ | 84/100 [06:14<01:10,  4.43s/epoch, best=9.265e+02, sign=0.143, train=9.266e+02, val=9.164e+02]
GNN flow training:  84%|████████▍ | 84/100 [06:19<01:10,  4.43s/epoch, best=9.164e+02, sign=0.142, train=9.165e+02, val=9.016e+02]
GNN flow training:  85%|████████▌ | 85/100 [06:19<01:06,  4.43s/epoch, best=9.164e+02, sign=0.142, train=9.165e+02, val=9.016e+02]
GNN flow training:  85%|████████▌ | 85/100 [06:23<01:06,  4.43s/epoch, best=9.016e+02, sign=0.144, train=9.016e+02, val=8.869e+02]
GNN flow training:  86%|████████▌ | 86/100 [06:23<01:02,  4.44s/epoch, best=9.016e+02, sign=0.144, train=9.016e+02, val=8.869e+02]
GNN flow training:  86%|████████▌ | 86/100 [06:27<01:02,  4.44s/epoch, best=8.869e+02, sign=0.145, train=8.870e+02, val=8.802e+02]
GNN flow training:  87%|████████▋ | 87/100 [06:27<00:57,  4.45s/epoch, best=8.869e+02, sign=0.145, train=8.870e+02, val=8.802e+02]
GNN flow training:  87%|████████▋ | 87/100 [06:32<00:57,  4.45s/epoch, best=8.802e+02, sign=0.146, train=8.803e+02, val=8.796e+02]
GNN flow training:  88%|████████▊ | 88/100 [06:32<00:53,  4.45s/epoch, best=8.802e+02, sign=0.146, train=8.803e+02, val=8.796e+02]
GNN flow training:  88%|████████▊ | 88/100 [06:36<00:53,  4.45s/epoch, best=8.796e+02, sign=0.147, train=8.796e+02, val=8.870e+02]
GNN flow training:  89%|████████▉ | 89/100 [06:36<00:48,  4.44s/epoch, best=8.796e+02, sign=0.147, train=8.796e+02, val=8.870e+02]
GNN flow training:  89%|████████▉ | 89/100 [06:41<00:48,  4.44s/epoch, best=8.796e+02, sign=0.148, train=8.870e+02, val=8.884e+02]
GNN flow training:  90%|█████████ | 90/100 [06:41<00:44,  4.43s/epoch, best=8.796e+02, sign=0.148, train=8.870e+02, val=8.884e+02]
GNN flow training:  90%|█████████ | 90/100 [06:45<00:44,  4.43s/epoch, best=8.796e+02, sign=0.146, train=8.885e+02, val=8.784e+02]
GNN flow training:  91%|█████████ | 91/100 [06:45<00:39,  4.44s/epoch, best=8.796e+02, sign=0.146, train=8.885e+02, val=8.784e+02]
GNN flow training:  91%|█████████ | 91/100 [06:50<00:39,  4.44s/epoch, best=8.784e+02, sign=0.147, train=8.784e+02, val=8.802e+02]
GNN flow training:  92%|█████████▏| 92/100 [06:50<00:35,  4.45s/epoch, best=8.784e+02, sign=0.147, train=8.784e+02, val=8.802e+02]
GNN flow training:  92%|█████████▏| 92/100 [06:54<00:35,  4.45s/epoch, best=8.784e+02, sign=0.148, train=8.803e+02, val=8.936e+02]
GNN flow training:  93%|█████████▎| 93/100 [06:54<00:31,  4.45s/epoch, best=8.784e+02, sign=0.148, train=8.803e+02, val=8.936e+02]
GNN flow training:  93%|█████████▎| 93/100 [06:59<00:31,  4.45s/epoch, best=8.784e+02, sign=0.149, train=8.936e+02, val=9.065e+02]
GNN flow training:  94%|█████████▍| 94/100 [06:59<00:26,  4.46s/epoch, best=8.784e+02, sign=0.149, train=8.936e+02, val=9.065e+02]
GNN flow training:  94%|█████████▍| 94/100 [07:03<00:26,  4.46s/epoch, best=8.784e+02, sign=0.149, train=9.066e+02, val=9.178e+02]
GNN flow training:  95%|█████████▌| 95/100 [07:03<00:22,  4.46s/epoch, best=8.784e+02, sign=0.149, train=9.066e+02, val=9.178e+02]
GNN flow training:  95%|█████████▌| 95/100 [07:07<00:22,  4.46s/epoch, best=8.784e+02, sign=0.147, train=9.179e+02, val=9.070e+02]
GNN flow training:  96%|█████████▌| 96/100 [07:07<00:17,  4.45s/epoch, best=8.784e+02, sign=0.147, train=9.179e+02, val=9.070e+02]
GNN flow training:  96%|█████████▌| 96/100 [07:12<00:17,  4.45s/epoch, best=8.784e+02, sign=0.145, train=9.071e+02, val=9.198e+02]
GNN flow training:  97%|█████████▋| 97/100 [07:12<00:13,  4.44s/epoch, best=8.784e+02, sign=0.145, train=9.071e+02, val=9.198e+02]
GNN flow training:  97%|█████████▋| 97/100 [07:16<00:13,  4.44s/epoch, best=8.784e+02, sign=0.141, train=9.198e+02, val=9.387e+02]
GNN flow training:  98%|█████████▊| 98/100 [07:16<00:08,  4.47s/epoch, best=8.784e+02, sign=0.141, train=9.198e+02, val=9.387e+02]
GNN flow training:  98%|█████████▊| 98/100 [07:21<00:08,  4.47s/epoch, best=8.784e+02, sign=0.140, train=9.387e+02, val=9.372e+02]
GNN flow training:  99%|█████████▉| 99/100 [07:21<00:04,  4.46s/epoch, best=8.784e+02, sign=0.140, train=9.387e+02, val=9.372e+02]
GNN flow training:  99%|█████████▉| 99/100 [07:25<00:04,  4.46s/epoch, best=8.784e+02, sign=0.140, train=9.373e+02, val=9.389e+02]
GNN flow training: 100%|██████████| 100/100 [07:25<00:00,  4.45s/epoch, best=8.784e+02, sign=0.140, train=9.373e+02, val=9.389e+02]
GNN flow training: 100%|██████████| 100/100 [07:25<00:00,  4.46s/epoch, best=8.784e+02, sign=0.140, train=9.373e+02, val=9.389e+02]
Resolved config snapshot:
{'preset': 'solver_QKB_outer_QKBdelta', 'gnn_outer_losses': {'flow': 100.0, 'kirchhoff': 0.1, 'boundary': 100.0, 'delta_l2': 0.1, 'delta_smooth': 0.0, 'pressure_shape': 0.0}, 'physics': {'arterial_flow_mode': 'dataset', 'pressure_constraints': ['gauge-only'], 'alpha_pa': None, 'use_snr_weights': True, 'use_observed_flow_snr_weighting': True, 'flow_scale_mode': 'median_abs', 'solver_device': 'same', 'pressure_solver_mode': 'reduced-soft-constrained-lstsq', 'pressure_solver_lambda_kirchhoff': 1.0, 'pressure_solver_lambda_pressure_constraints': 100.0, 'pressure_solver_lambda_flow_residual': 1.0, 'pressure_shape_reference': 'delta_zero_reference', 'pressure_detach': False}, 'correction_bounds': {'correction_min': -0.5, 'correction_max': 0.5, 'correction_bound': 0.5, 'correction_parameterization': 'tanh'}, 'optimization': {'learning_rate': 0.001, 'weight_decay': 0.0001, 'gradient_clip_norm': 5.0, 'optimizer': 'adamw', 'epochs': 100, 'patience': 40}}
Resolved config snapshot:
{'preset': 'solver_QKB_outer_QKBdelta', 'gnn_outer_losses': {'flow': 10.0, 'kirchhoff': 100.0, 'boundary': 100.0, 'delta_l2': 10.0, 'delta_smooth': 0.0, 'pressure_shape': 0.0}, 'physics': {'arterial_flow_mode': 'dataset', 'pressure_constraints': ['gauge-only'], 'alpha_pa': None, 'use_snr_weights': True, 'use_observed_flow_snr_weighting': True, 'flow_scale_mode': 'median_abs', 'solver_device': 'same', 'pressure_solver_mode': 'reduced-soft-constrained-lstsq', 'pressure_solver_lambda_kirchhoff': 1.0, 'pressure_solver_lambda_pressure_constraints': 100.0, 'pressure_solver_lambda_flow_residual': 1.0, 'pressure_shape_reference': 'delta_zero_reference', 'pressure_detach': False}, 'correction_bounds': {'correction_min': -0.5, 'correction_max': 0.5, 'correction_bound': 0.5, 'correction_parameterization': 'tanh'}, 'optimization': {'learning_rate': 0.001, 'weight_decay': 0.0001, 'gradient_clip_norm': 5.0, 'optimizer': 'adamw', 'epochs': 100, 'patience': 40}}
Command: /mnt/home/sswee/miniforge3/envs/yolk-sac/bin/python /mnt/home/sswee/yolk/Yolk-Sac-Flow-Data-and-Sim/gnn_clean/scripts/python/gnn_flow.py /mnt/home/sswee/yolk/Yolk-Sac-Flow-Data-and-Sim/gnn_clean/datasets/mosaic_graph_canonical_harmonized/mosaic_graph_canonical_harmonized.gpickle --output-dir /mnt/home/sswee/yolk/Yolk-Sac-Flow-Data-and-Sim/gnn_clean/outputs_canonical/dc/03_pressure_constraint_sensitivity/gnn --run-name q_100__k_0p1__delta_0p1__constraint_gauge_only --preset solver_QKB_outer_QKBdelta --device cuda --epochs 100 --seed 0 --viscosity-pa-s 0.0035 --config /mnt/home/sswee/yolk/Yolk-Sac-Flow-Data-and-Sim/gnn_clean/outputs_canonical/dc/03_pressure_constraint_sensitivity/_generated_configs/q_100__k_0p1__delta_0p1__constraint_gauge_only.yaml --no-pressure-detach
Command: /mnt/home/sswee/miniforge3/envs/yolk-sac/bin/python /mnt/home/sswee/yolk/Yolk-Sac-Flow-Data-and-Sim/gnn_clean/scripts/python/gnn_flow.py /mnt/home/sswee/yolk/Yolk-Sac-Flow-Data-and-Sim/gnn_clean/datasets/mosaic_graph_canonical_harmonized/mosaic_graph_canonical_harmonized.gpickle --output-dir /mnt/home/sswee/yolk/Yolk-Sac-Flow-Data-and-Sim/gnn_clean/outputs_canonical/dc/03_pressure_constraint_sensitivity/gnn --run-name q_10__k_100__delta_10__constraint_gauge_only --preset solver_QKB_outer_QKBdelta --device cuda --epochs 100 --seed 0 --viscosity-pa-s 0.0035 --config /mnt/home/sswee/yolk/Yolk-Sac-Flow-Data-and-Sim/gnn_clean/outputs_canonical/dc/03_pressure_constraint_sensitivity/_generated_configs/q_10__k_100__delta_10__constraint_gauge_only.yaml --no-pressure-detach
Command: /mnt/home/sswee/miniforge3/envs/yolk-sac/bin/python /mnt/home/sswee/yolk/Yolk-Sac-Flow-Data-and-Sim/gnn_clean/scripts/python/poiseuille_only_baseline.py /mnt/home/sswee/yolk/Yolk-Sac-Flow-Data-and-Sim/gnn_clean/datasets/mosaic_graph_canonical_harmonized/mosaic_graph_canonical_harmonized.gpickle --output-dir /mnt/home/sswee/yolk/Yolk-Sac-Flow-Data-and-Sim/gnn_clean/outputs_canonical/dc/03_pressure_constraint_sensitivity/poiseuille --run-name poiseuille__q_0p1__k_0p1__constraint_gauge_only --device cpu --viscosity-pa-s 0.0035 --dc-solve-mode reduced-soft-constrained-lstsq --arterial-flow-mode dataset --lambda-kirchhoff 0.1 --lambda-pressure-constraints 100.0 --lambda-flow-residual 0.1 --pressure-constraint gauge_only
Command: /mnt/home/sswee/miniforge3/envs/yolk-sac/bin/python /mnt/home/sswee/yolk/Yolk-Sac-Flow-Data-and-Sim/gnn_clean/scripts/python/poiseuille_only_baseline.py /mnt/home/sswee/yolk/Yolk-Sac-Flow-Data-and-Sim/gnn_clean/datasets/mosaic_graph_canonical_harmonized/mosaic_graph_canonical_harmonized.gpickle --output-dir /mnt/home/sswee/yolk/Yolk-Sac-Flow-Data-and-Sim/gnn_clean/outputs_canonical/dc/03_pressure_constraint_sensitivity/poiseuille --run-name poiseuille__q_100__k_1__constraint_gauge_only --device cpu --viscosity-pa-s 0.0035 --dc-solve-mode reduced-soft-constrained-lstsq --arterial-flow-mode dataset --lambda-kirchhoff 1.0 --lambda-pressure-constraints 100.0 --lambda-flow-residual 100.0 --pressure-constraint gauge_only
