
GNN flow training:   0%|          | 0/100 [00:00<?, ?epoch/s]
GNN flow training:   0%|          | 0/100 [00:04<?, ?epoch/s, best=6.436e+00, sign=0.187, train=7.796e+00, val=6.436e+00]
GNN flow training:   1%|          | 1/100 [00:04<07:41,  4.67s/epoch, best=6.436e+00, sign=0.187, train=7.796e+00, val=6.436e+00]
GNN flow training:   1%|          | 1/100 [00:09<07:41,  4.67s/epoch, best=6.436e+00, sign=0.187, train=7.782e+00, val=6.421e+00]
GNN flow training:   2%|▏         | 2/100 [00:09<07:27,  4.57s/epoch, best=6.436e+00, sign=0.187, train=7.782e+00, val=6.421e+00]
GNN flow training:   2%|▏         | 2/100 [00:13<07:27,  4.57s/epoch, best=6.421e+00, sign=0.186, train=7.755e+00, val=6.391e+00]
GNN flow training:   3%|▎         | 3/100 [00:13<07:16,  4.50s/epoch, best=6.421e+00, sign=0.186, train=7.755e+00, val=6.391e+00]
GNN flow training:   3%|▎         | 3/100 [00:18<07:16,  4.50s/epoch, best=6.391e+00, sign=0.185, train=7.708e+00, val=6.350e+00]
GNN flow training:   4%|▍         | 4/100 [00:18<07:09,  4.47s/epoch, best=6.391e+00, sign=0.185, train=7.708e+00, val=6.350e+00]
GNN flow training:   4%|▍         | 4/100 [00:22<07:09,  4.47s/epoch, best=6.350e+00, sign=0.183, train=7.642e+00, val=6.292e+00]
GNN flow training:   5%|▌         | 5/100 [00:22<07:05,  4.48s/epoch, best=6.350e+00, sign=0.183, train=7.642e+00, val=6.292e+00]
GNN flow training:   5%|▌         | 5/100 [00:26<07:05,  4.48s/epoch, best=6.292e+00, sign=0.183, train=7.550e+00, val=6.220e+00]
GNN flow training:   6%|▌         | 6/100 [00:26<07:00,  4.47s/epoch, best=6.292e+00, sign=0.183, train=7.550e+00, val=6.220e+00]
GNN flow training:   6%|▌         | 6/100 [00:31<07:00,  4.47s/epoch, best=6.220e+00, sign=0.179, train=7.434e+00, val=6.137e+00]
GNN flow training:   7%|▋         | 7/100 [00:31<06:54,  4.46s/epoch, best=6.220e+00, sign=0.179, train=7.434e+00, val=6.137e+00]
GNN flow training:   7%|▋         | 7/100 [00:35<06:54,  4.46s/epoch, best=6.137e+00, sign=0.177, train=7.292e+00, val=6.042e+00]
GNN flow training:   8%|▊         | 8/100 [00:35<06:49,  4.45s/epoch, best=6.137e+00, sign=0.177, train=7.292e+00, val=6.042e+00]
GNN flow training:   8%|▊         | 8/100 [00:40<06:49,  4.45s/epoch, best=6.042e+00, sign=0.172, train=7.127e+00, val=5.945e+00]
GNN flow training:   9%|▉         | 9/100 [00:40<06:43,  4.44s/epoch, best=6.042e+00, sign=0.172, train=7.127e+00, val=5.945e+00]
GNN flow training:   9%|▉         | 9/100 [00:44<06:43,  4.44s/epoch, best=5.945e+00, sign=0.168, train=6.947e+00, val=5.852e+00]
GNN flow training:  10%|█         | 10/100 [00:44<06:38,  4.43s/epoch, best=5.945e+00, sign=0.168, train=6.947e+00, val=5.852e+00]
GNN flow training:  10%|█         | 10/100 [00:49<06:38,  4.43s/epoch, best=5.852e+00, sign=0.163, train=6.757e+00, val=5.773e+00]
GNN flow training:  11%|█         | 11/100 [00:49<06:33,  4.42s/epoch, best=5.852e+00, sign=0.163, train=6.757e+00, val=5.773e+00]
GNN flow training:  11%|█         | 11/100 [00:53<06:33,  4.42s/epoch, best=5.773e+00, sign=0.159, train=6.565e+00, val=5.702e+00]
GNN flow training:  12%|█▏        | 12/100 [00:53<06:28,  4.42s/epoch, best=5.773e+00, sign=0.159, train=6.565e+00, val=5.702e+00]
GNN flow training:  12%|█▏        | 12/100 [00:57<06:28,  4.42s/epoch, best=5.702e+00, sign=0.154, train=6.379e+00, val=5.610e+00]
GNN flow training:  13%|█▎        | 13/100 [00:57<06:22,  4.40s/epoch, best=5.702e+00, sign=0.154, train=6.379e+00, val=5.610e+00]
GNN flow training:  13%|█▎        | 13/100 [01:02<06:22,  4.40s/epoch, best=5.610e+00, sign=0.148, train=6.193e+00, val=5.514e+00]
GNN flow training:  14%|█▍        | 14/100 [01:02<06:18,  4.40s/epoch, best=5.610e+00, sign=0.148, train=6.193e+00, val=5.514e+00]
GNN flow training:  14%|█▍        | 14/100 [01:06<06:18,  4.40s/epoch, best=5.514e+00, sign=0.146, train=6.007e+00, val=5.416e+00]
GNN flow training:  15%|█▌        | 15/100 [01:06<06:15,  4.42s/epoch, best=5.514e+00, sign=0.146, train=6.007e+00, val=5.416e+00]
GNN flow training:  15%|█▌        | 15/100 [01:11<06:15,  4.42s/epoch, best=5.416e+00, sign=0.142, train=5.833e+00, val=5.346e+00]
GNN flow training:  16%|█▌        | 16/100 [01:11<06:10,  4.41s/epoch, best=5.416e+00, sign=0.142, train=5.833e+00, val=5.346e+00]
GNN flow training:  16%|█▌        | 16/100 [01:15<06:10,  4.41s/epoch, best=5.346e+00, sign=0.139, train=5.678e+00, val=5.285e+00]
GNN flow training:  17%|█▋        | 17/100 [01:15<06:06,  4.41s/epoch, best=5.346e+00, sign=0.139, train=5.678e+00, val=5.285e+00]
GNN flow training:  17%|█▋        | 17/100 [01:19<06:06,  4.41s/epoch, best=5.285e+00, sign=0.137, train=5.552e+00, val=5.237e+00]
GNN flow training:  18%|█▊        | 18/100 [01:19<06:00,  4.40s/epoch, best=5.285e+00, sign=0.137, train=5.552e+00, val=5.237e+00]
GNN flow training:  18%|█▊        | 18/100 [01:24<06:00,  4.40s/epoch, best=5.237e+00, sign=0.137, train=5.464e+00, val=5.258e+00]
GNN flow training:  19%|█▉        | 19/100 [01:24<05:57,  4.41s/epoch, best=5.237e+00, sign=0.137, train=5.464e+00, val=5.258e+00]
GNN flow training:  19%|█▉        | 19/100 [01:28<05:57,  4.41s/epoch, best=5.237e+00, sign=0.137, train=5.404e+00, val=5.168e+00]
GNN flow training:  20%|██        | 20/100 [01:28<05:52,  4.41s/epoch, best=5.237e+00, sign=0.137, train=5.404e+00, val=5.168e+00]
GNN flow training:  20%|██        | 20/100 [01:33<05:52,  4.41s/epoch, best=5.168e+00, sign=0.138, train=5.340e+00, val=5.082e+00]
GNN flow training:  21%|██        | 21/100 [01:33<05:48,  4.41s/epoch, best=5.168e+00, sign=0.138, train=5.340e+00, val=5.082e+00]
GNN flow training:  21%|██        | 21/100 [01:37<05:48,  4.41s/epoch, best=5.082e+00, sign=0.139, train=5.284e+00, val=5.054e+00]
GNN flow training:  22%|██▏       | 22/100 [01:37<05:43,  4.41s/epoch, best=5.082e+00, sign=0.139, train=5.284e+00, val=5.054e+00]
GNN flow training:  22%|██▏       | 22/100 [01:41<05:43,  4.41s/epoch, best=5.054e+00, sign=0.135, train=5.214e+00, val=4.956e+00]
GNN flow training:  23%|██▎       | 23/100 [01:41<05:39,  4.41s/epoch, best=5.054e+00, sign=0.135, train=5.214e+00, val=4.956e+00]
GNN flow training:  23%|██▎       | 23/100 [01:46<05:39,  4.41s/epoch, best=4.956e+00, sign=0.134, train=5.147e+00, val=4.808e+00]
GNN flow training:  24%|██▍       | 24/100 [01:46<05:34,  4.40s/epoch, best=4.956e+00, sign=0.134, train=5.147e+00, val=4.808e+00]
GNN flow training:  24%|██▍       | 24/100 [01:50<05:34,  4.40s/epoch, best=4.808e+00, sign=0.131, train=5.088e+00, val=4.739e+00]
GNN flow training:  25%|██▌       | 25/100 [01:50<05:30,  4.41s/epoch, best=4.808e+00, sign=0.131, train=5.088e+00, val=4.739e+00]
GNN flow training:  25%|██▌       | 25/100 [01:55<05:30,  4.41s/epoch, best=4.739e+00, sign=0.129, train=5.046e+00, val=4.765e+00]
GNN flow training:  26%|██▌       | 26/100 [01:55<05:26,  4.41s/epoch, best=4.739e+00, sign=0.129, train=5.046e+00, val=4.765e+00]
GNN flow training:  26%|██▌       | 26/100 [01:59<05:26,  4.41s/epoch, best=4.739e+00, sign=0.129, train=5.006e+00, val=4.749e+00]
GNN flow training:  27%|██▋       | 27/100 [01:59<05:21,  4.41s/epoch, best=4.739e+00, sign=0.129, train=5.006e+00, val=4.749e+00]
GNN flow training:  27%|██▋       | 27/100 [02:03<05:21,  4.41s/epoch, best=4.739e+00, sign=0.128, train=4.955e+00, val=4.685e+00]
GNN flow training:  28%|██▊       | 28/100 [02:03<05:18,  4.42s/epoch, best=4.739e+00, sign=0.128, train=4.955e+00, val=4.685e+00]
GNN flow training:  28%|██▊       | 28/100 [02:08<05:18,  4.42s/epoch, best=4.685e+00, sign=0.128, train=4.904e+00, val=4.675e+00]
GNN flow training:  29%|██▉       | 29/100 [02:08<05:13,  4.41s/epoch, best=4.685e+00, sign=0.128, train=4.904e+00, val=4.675e+00]
GNN flow training:  29%|██▉       | 29/100 [02:12<05:13,  4.41s/epoch, best=4.675e+00, sign=0.128, train=4.860e+00, val=4.743e+00]
GNN flow training:  30%|███       | 30/100 [02:12<05:08,  4.41s/epoch, best=4.675e+00, sign=0.128, train=4.860e+00, val=4.743e+00]
GNN flow training:  30%|███       | 30/100 [02:17<05:08,  4.41s/epoch, best=4.675e+00, sign=0.129, train=4.827e+00, val=4.724e+00]
GNN flow training:  31%|███       | 31/100 [02:17<05:04,  4.41s/epoch, best=4.675e+00, sign=0.129, train=4.827e+00, val=4.724e+00]
GNN flow training:  31%|███       | 31/100 [02:21<05:04,  4.41s/epoch, best=4.675e+00, sign=0.129, train=4.793e+00, val=4.557e+00]
GNN flow training:  32%|███▏      | 32/100 [02:21<04:59,  4.41s/epoch, best=4.675e+00, sign=0.129, train=4.793e+00, val=4.557e+00]
GNN flow training:  32%|███▏      | 32/100 [02:26<04:59,  4.41s/epoch, best=4.557e+00, sign=0.127, train=4.752e+00, val=4.607e+00]
GNN flow training:  33%|███▎      | 33/100 [02:26<04:56,  4.42s/epoch, best=4.557e+00, sign=0.127, train=4.752e+00, val=4.607e+00]
GNN flow training:  33%|███▎      | 33/100 [02:30<04:56,  4.42s/epoch, best=4.557e+00, sign=0.126, train=4.711e+00, val=4.600e+00]
GNN flow training:  34%|███▍      | 34/100 [02:30<04:51,  4.42s/epoch, best=4.557e+00, sign=0.126, train=4.711e+00, val=4.600e+00]
GNN flow training:  34%|███▍      | 34/100 [02:34<04:51,  4.42s/epoch, best=4.557e+00, sign=0.127, train=4.679e+00, val=4.559e+00]
GNN flow training:  35%|███▌      | 35/100 [02:34<04:46,  4.41s/epoch, best=4.557e+00, sign=0.127, train=4.679e+00, val=4.559e+00]
GNN flow training:  35%|███▌      | 35/100 [02:39<04:46,  4.41s/epoch, best=4.557e+00, sign=0.128, train=4.641e+00, val=4.606e+00]
GNN flow training:  36%|███▌      | 36/100 [02:39<04:41,  4.40s/epoch, best=4.557e+00, sign=0.128, train=4.641e+00, val=4.606e+00]
GNN flow training:  36%|███▌      | 36/100 [02:43<04:41,  4.40s/epoch, best=4.557e+00, sign=0.127, train=4.626e+00, val=4.579e+00]
GNN flow training:  37%|███▋      | 37/100 [02:43<04:36,  4.39s/epoch, best=4.557e+00, sign=0.127, train=4.626e+00, val=4.579e+00]
GNN flow training:  37%|███▋      | 37/100 [02:48<04:36,  4.39s/epoch, best=4.557e+00, sign=0.127, train=4.587e+00, val=4.555e+00]
GNN flow training:  38%|███▊      | 38/100 [02:48<04:32,  4.39s/epoch, best=4.557e+00, sign=0.127, train=4.587e+00, val=4.555e+00]
GNN flow training:  38%|███▊      | 38/100 [02:52<04:32,  4.39s/epoch, best=4.555e+00, sign=0.126, train=4.571e+00, val=4.564e+00]
GNN flow training:  39%|███▉      | 39/100 [02:52<04:29,  4.41s/epoch, best=4.555e+00, sign=0.126, train=4.571e+00, val=4.564e+00]
GNN flow training:  39%|███▉      | 39/100 [02:56<04:29,  4.41s/epoch, best=4.555e+00, sign=0.127, train=4.552e+00, val=4.780e+00]
GNN flow training:  40%|████      | 40/100 [02:56<04:25,  4.42s/epoch, best=4.555e+00, sign=0.127, train=4.552e+00, val=4.780e+00]
GNN flow training:  40%|████      | 40/100 [03:01<04:25,  4.42s/epoch, best=4.555e+00, sign=0.126, train=4.527e+00, val=4.855e+00]
GNN flow training:  41%|████      | 41/100 [03:01<04:20,  4.42s/epoch, best=4.555e+00, sign=0.126, train=4.527e+00, val=4.855e+00]
GNN flow training:  41%|████      | 41/100 [03:05<04:20,  4.42s/epoch, best=4.555e+00, sign=0.125, train=4.516e+00, val=4.630e+00]
GNN flow training:  42%|████▏     | 42/100 [03:05<04:15,  4.41s/epoch, best=4.555e+00, sign=0.125, train=4.516e+00, val=4.630e+00]
GNN flow training:  42%|████▏     | 42/100 [03:10<04:15,  4.41s/epoch, best=4.555e+00, sign=0.125, train=4.500e+00, val=4.556e+00]
GNN flow training:  43%|████▎     | 43/100 [03:10<04:10,  4.40s/epoch, best=4.555e+00, sign=0.125, train=4.500e+00, val=4.556e+00]
GNN flow training:  43%|████▎     | 43/100 [03:14<04:10,  4.40s/epoch, best=4.555e+00, sign=0.126, train=4.491e+00, val=4.652e+00]
GNN flow training:  44%|████▍     | 44/100 [03:14<04:06,  4.40s/epoch, best=4.555e+00, sign=0.126, train=4.491e+00, val=4.652e+00]
GNN flow training:  44%|████▍     | 44/100 [03:18<04:06,  4.40s/epoch, best=4.555e+00, sign=0.127, train=4.460e+00, val=4.714e+00]
GNN flow training:  45%|████▌     | 45/100 [03:18<04:02,  4.41s/epoch, best=4.555e+00, sign=0.127, train=4.460e+00, val=4.714e+00]
GNN flow training:  45%|████▌     | 45/100 [03:23<04:02,  4.41s/epoch, best=4.555e+00, sign=0.126, train=4.444e+00, val=4.560e+00]
GNN flow training:  46%|████▌     | 46/100 [03:23<03:58,  4.41s/epoch, best=4.555e+00, sign=0.126, train=4.444e+00, val=4.560e+00]
GNN flow training:  46%|████▌     | 46/100 [03:27<03:58,  4.41s/epoch, best=4.555e+00, sign=0.127, train=4.425e+00, val=4.450e+00]
GNN flow training:  47%|████▋     | 47/100 [03:27<03:53,  4.41s/epoch, best=4.555e+00, sign=0.127, train=4.425e+00, val=4.450e+00]
GNN flow training:  47%|████▋     | 47/100 [03:32<03:53,  4.41s/epoch, best=4.450e+00, sign=0.127, train=4.426e+00, val=4.449e+00]
GNN flow training:  48%|████▊     | 48/100 [03:32<03:49,  4.41s/epoch, best=4.450e+00, sign=0.127, train=4.426e+00, val=4.449e+00]
GNN flow training:  48%|████▊     | 48/100 [03:36<03:49,  4.41s/epoch, best=4.449e+00, sign=0.127, train=4.415e+00, val=4.505e+00]
GNN flow training:  49%|████▉     | 49/100 [03:36<03:45,  4.42s/epoch, best=4.449e+00, sign=0.127, train=4.415e+00, val=4.505e+00]
GNN flow training:  49%|████▉     | 49/100 [03:41<03:45,  4.42s/epoch, best=4.449e+00, sign=0.128, train=4.395e+00, val=4.427e+00]
GNN flow training:  50%|█████     | 50/100 [03:41<03:41,  4.43s/epoch, best=4.449e+00, sign=0.128, train=4.395e+00, val=4.427e+00]
GNN flow training:  50%|█████     | 50/100 [03:45<03:41,  4.43s/epoch, best=4.427e+00, sign=0.126, train=4.389e+00, val=4.369e+00]
GNN flow training:  51%|█████     | 51/100 [03:45<03:36,  4.42s/epoch, best=4.427e+00, sign=0.126, train=4.389e+00, val=4.369e+00]
GNN flow training:  51%|█████     | 51/100 [03:49<03:36,  4.42s/epoch, best=4.369e+00, sign=0.126, train=4.377e+00, val=4.342e+00]
GNN flow training:  52%|█████▏    | 52/100 [03:49<03:32,  4.43s/epoch, best=4.369e+00, sign=0.126, train=4.377e+00, val=4.342e+00]
GNN flow training:  52%|█████▏    | 52/100 [03:54<03:32,  4.43s/epoch, best=4.342e+00, sign=0.126, train=4.371e+00, val=4.304e+00]
GNN flow training:  53%|█████▎    | 53/100 [03:54<03:27,  4.42s/epoch, best=4.342e+00, sign=0.126, train=4.371e+00, val=4.304e+00]
GNN flow training:  53%|█████▎    | 53/100 [03:58<03:27,  4.42s/epoch, best=4.304e+00, sign=0.126, train=4.352e+00, val=4.389e+00]
GNN flow training:  54%|█████▍    | 54/100 [03:58<03:22,  4.40s/epoch, best=4.304e+00, sign=0.126, train=4.352e+00, val=4.389e+00]
GNN flow training:  54%|█████▍    | 54/100 [04:03<03:22,  4.40s/epoch, best=4.304e+00, sign=0.127, train=4.342e+00, val=4.526e+00]
GNN flow training:  55%|█████▌    | 55/100 [04:03<03:18,  4.41s/epoch, best=4.304e+00, sign=0.127, train=4.342e+00, val=4.526e+00]
GNN flow training:  55%|█████▌    | 55/100 [04:07<03:18,  4.41s/epoch, best=4.304e+00, sign=0.126, train=4.345e+00, val=4.399e+00]
GNN flow training:  56%|█████▌    | 56/100 [04:07<03:14,  4.42s/epoch, best=4.304e+00, sign=0.126, train=4.345e+00, val=4.399e+00]
GNN flow training:  56%|█████▌    | 56/100 [04:11<03:14,  4.42s/epoch, best=4.304e+00, sign=0.125, train=4.311e+00, val=4.312e+00]
GNN flow training:  57%|█████▋    | 57/100 [04:11<03:09,  4.41s/epoch, best=4.304e+00, sign=0.125, train=4.311e+00, val=4.312e+00]
GNN flow training:  57%|█████▋    | 57/100 [04:16<03:09,  4.41s/epoch, best=4.304e+00, sign=0.126, train=4.303e+00, val=4.367e+00]
GNN flow training:  58%|█████▊    | 58/100 [04:16<03:05,  4.41s/epoch, best=4.304e+00, sign=0.126, train=4.303e+00, val=4.367e+00]
GNN flow training:  58%|█████▊    | 58/100 [04:20<03:05,  4.41s/epoch, best=4.304e+00, sign=0.126, train=4.295e+00, val=4.454e+00]
GNN flow training:  59%|█████▉    | 59/100 [04:20<03:00,  4.41s/epoch, best=4.304e+00, sign=0.126, train=4.295e+00, val=4.454e+00]
GNN flow training:  59%|█████▉    | 59/100 [04:25<03:00,  4.41s/epoch, best=4.304e+00, sign=0.125, train=4.288e+00, val=4.403e+00]
GNN flow training:  60%|██████    | 60/100 [04:25<02:55,  4.40s/epoch, best=4.304e+00, sign=0.125, train=4.288e+00, val=4.403e+00]
GNN flow training:  60%|██████    | 60/100 [04:29<02:55,  4.40s/epoch, best=4.304e+00, sign=0.125, train=4.262e+00, val=4.322e+00]
GNN flow training:  61%|██████    | 61/100 [04:29<02:51,  4.40s/epoch, best=4.304e+00, sign=0.125, train=4.262e+00, val=4.322e+00]
GNN flow training:  61%|██████    | 61/100 [04:33<02:51,  4.40s/epoch, best=4.304e+00, sign=0.126, train=4.252e+00, val=4.334e+00]
GNN flow training:  62%|██████▏   | 62/100 [04:33<02:46,  4.39s/epoch, best=4.304e+00, sign=0.126, train=4.252e+00, val=4.334e+00]
GNN flow training:  62%|██████▏   | 62/100 [04:38<02:46,  4.39s/epoch, best=4.304e+00, sign=0.125, train=4.250e+00, val=4.245e+00]
GNN flow training:  63%|██████▎   | 63/100 [04:38<02:42,  4.40s/epoch, best=4.304e+00, sign=0.125, train=4.250e+00, val=4.245e+00]
GNN flow training:  63%|██████▎   | 63/100 [04:42<02:42,  4.40s/epoch, best=4.245e+00, sign=0.126, train=4.249e+00, val=4.423e+00]
GNN flow training:  64%|██████▍   | 64/100 [04:42<02:38,  4.40s/epoch, best=4.245e+00, sign=0.126, train=4.249e+00, val=4.423e+00]
GNN flow training:  64%|██████▍   | 64/100 [04:47<02:38,  4.40s/epoch, best=4.245e+00, sign=0.124, train=4.227e+00, val=4.393e+00]
GNN flow training:  65%|██████▌   | 65/100 [04:47<02:34,  4.40s/epoch, best=4.245e+00, sign=0.124, train=4.227e+00, val=4.393e+00]
GNN flow training:  65%|██████▌   | 65/100 [04:51<02:34,  4.40s/epoch, best=4.245e+00, sign=0.125, train=4.214e+00, val=4.343e+00]
GNN flow training:  66%|██████▌   | 66/100 [04:51<02:29,  4.41s/epoch, best=4.245e+00, sign=0.125, train=4.214e+00, val=4.343e+00]
GNN flow training:  66%|██████▌   | 66/100 [04:55<02:29,  4.41s/epoch, best=4.245e+00, sign=0.126, train=4.205e+00, val=4.289e+00]
GNN flow training:  67%|██████▋   | 67/100 [04:55<02:25,  4.40s/epoch, best=4.245e+00, sign=0.126, train=4.205e+00, val=4.289e+00]
GNN flow training:  67%|██████▋   | 67/100 [05:00<02:25,  4.40s/epoch, best=4.245e+00, sign=0.126, train=4.191e+00, val=4.293e+00]
GNN flow training:  68%|██████▊   | 68/100 [05:00<02:21,  4.41s/epoch, best=4.245e+00, sign=0.126, train=4.191e+00, val=4.293e+00]
GNN flow training:  68%|██████▊   | 68/100 [05:04<02:21,  4.41s/epoch, best=4.245e+00, sign=0.125, train=4.175e+00, val=4.133e+00]
GNN flow training:  69%|██████▉   | 69/100 [05:04<02:16,  4.41s/epoch, best=4.245e+00, sign=0.125, train=4.175e+00, val=4.133e+00]
GNN flow training:  69%|██████▉   | 69/100 [05:09<02:16,  4.41s/epoch, best=4.133e+00, sign=0.127, train=4.169e+00, val=4.150e+00]
GNN flow training:  70%|███████   | 70/100 [05:09<02:12,  4.42s/epoch, best=4.133e+00, sign=0.127, train=4.169e+00, val=4.150e+00]
GNN flow training:  70%|███████   | 70/100 [05:13<02:12,  4.42s/epoch, best=4.133e+00, sign=0.127, train=4.146e+00, val=4.316e+00]
GNN flow training:  71%|███████   | 71/100 [05:13<02:07,  4.41s/epoch, best=4.133e+00, sign=0.127, train=4.146e+00, val=4.316e+00]
GNN flow training:  71%|███████   | 71/100 [05:17<02:07,  4.41s/epoch, best=4.133e+00, sign=0.126, train=4.173e+00, val=4.198e+00]
GNN flow training:  72%|███████▏  | 72/100 [05:17<02:03,  4.40s/epoch, best=4.133e+00, sign=0.126, train=4.173e+00, val=4.198e+00]
GNN flow training:  72%|███████▏  | 72/100 [05:22<02:03,  4.40s/epoch, best=4.133e+00, sign=0.126, train=4.120e+00, val=4.138e+00]
GNN flow training:  73%|███████▎  | 73/100 [05:22<01:58,  4.40s/epoch, best=4.133e+00, sign=0.126, train=4.120e+00, val=4.138e+00]
GNN flow training:  73%|███████▎  | 73/100 [05:26<01:58,  4.40s/epoch, best=4.133e+00, sign=0.125, train=4.135e+00, val=4.274e+00]
GNN flow training:  74%|███████▍  | 74/100 [05:26<01:54,  4.41s/epoch, best=4.133e+00, sign=0.125, train=4.135e+00, val=4.274e+00]
GNN flow training:  74%|███████▍  | 74/100 [05:31<01:54,  4.41s/epoch, best=4.133e+00, sign=0.128, train=4.108e+00, val=4.206e+00]
GNN flow training:  75%|███████▌  | 75/100 [05:31<01:50,  4.41s/epoch, best=4.133e+00, sign=0.128, train=4.108e+00, val=4.206e+00]
GNN flow training:  75%|███████▌  | 75/100 [05:35<01:50,  4.41s/epoch, best=4.133e+00, sign=0.125, train=4.115e+00, val=4.014e+00]
GNN flow training:  76%|███████▌  | 76/100 [05:35<01:45,  4.41s/epoch, best=4.133e+00, sign=0.125, train=4.115e+00, val=4.014e+00]
GNN flow training:  76%|███████▌  | 76/100 [05:40<01:45,  4.41s/epoch, best=4.014e+00, sign=0.124, train=4.100e+00, val=4.175e+00]
GNN flow training:  77%|███████▋  | 77/100 [05:40<01:41,  4.42s/epoch, best=4.014e+00, sign=0.124, train=4.100e+00, val=4.175e+00]
GNN flow training:  77%|███████▋  | 77/100 [05:44<01:41,  4.42s/epoch, best=4.014e+00, sign=0.125, train=4.066e+00, val=4.351e+00]
GNN flow training:  78%|███████▊  | 78/100 [05:44<01:37,  4.42s/epoch, best=4.014e+00, sign=0.125, train=4.066e+00, val=4.351e+00]
GNN flow training:  78%|███████▊  | 78/100 [05:48<01:37,  4.42s/epoch, best=4.014e+00, sign=0.126, train=4.088e+00, val=4.015e+00]
GNN flow training:  79%|███████▉  | 79/100 [05:48<01:32,  4.41s/epoch, best=4.014e+00, sign=0.126, train=4.088e+00, val=4.015e+00]
GNN flow training:  79%|███████▉  | 79/100 [05:53<01:32,  4.41s/epoch, best=4.014e+00, sign=0.128, train=4.068e+00, val=3.959e+00]
GNN flow training:  80%|████████  | 80/100 [05:53<01:28,  4.40s/epoch, best=4.014e+00, sign=0.128, train=4.068e+00, val=3.959e+00]
GNN flow training:  80%|████████  | 80/100 [05:57<01:28,  4.40s/epoch, best=3.959e+00, sign=0.126, train=4.074e+00, val=4.015e+00]
GNN flow training:  81%|████████  | 81/100 [05:57<01:23,  4.40s/epoch, best=3.959e+00, sign=0.126, train=4.074e+00, val=4.015e+00]
GNN flow training:  81%|████████  | 81/100 [06:02<01:23,  4.40s/epoch, best=3.959e+00, sign=0.125, train=4.050e+00, val=4.117e+00]
GNN flow training:  82%|████████▏ | 82/100 [06:02<01:19,  4.43s/epoch, best=3.959e+00, sign=0.125, train=4.050e+00, val=4.117e+00]
GNN flow training:  82%|████████▏ | 82/100 [06:06<01:19,  4.43s/epoch, best=3.959e+00, sign=0.125, train=4.038e+00, val=3.984e+00]
GNN flow training:  83%|████████▎ | 83/100 [06:06<01:15,  4.43s/epoch, best=3.959e+00, sign=0.125, train=4.038e+00, val=3.984e+00]
GNN flow training:  83%|████████▎ | 83/100 [06:10<01:15,  4.43s/epoch, best=3.959e+00, sign=0.125, train=4.028e+00, val=3.963e+00]
GNN flow training:  84%|████████▍ | 84/100 [06:10<01:10,  4.42s/epoch, best=3.959e+00, sign=0.125, train=4.028e+00, val=3.963e+00]
GNN flow training:  84%|████████▍ | 84/100 [06:15<01:10,  4.42s/epoch, best=3.959e+00, sign=0.126, train=4.016e+00, val=4.092e+00]
GNN flow training:  85%|████████▌ | 85/100 [06:15<01:06,  4.43s/epoch, best=3.959e+00, sign=0.126, train=4.016e+00, val=4.092e+00]
GNN flow training:  85%|████████▌ | 85/100 [06:19<01:06,  4.43s/epoch, best=3.959e+00, sign=0.126, train=4.014e+00, val=3.951e+00]
GNN flow training:  86%|████████▌ | 86/100 [06:19<01:01,  4.43s/epoch, best=3.959e+00, sign=0.126, train=4.014e+00, val=3.951e+00]
GNN flow training:  86%|████████▌ | 86/100 [06:24<01:01,  4.43s/epoch, best=3.951e+00, sign=0.128, train=4.015e+00, val=3.995e+00]
GNN flow training:  87%|████████▋ | 87/100 [06:24<00:57,  4.43s/epoch, best=3.951e+00, sign=0.128, train=4.015e+00, val=3.995e+00]
GNN flow training:  87%|████████▋ | 87/100 [06:28<00:57,  4.43s/epoch, best=3.951e+00, sign=0.127, train=4.002e+00, val=4.008e+00]
GNN flow training:  88%|████████▊ | 88/100 [06:28<00:53,  4.42s/epoch, best=3.951e+00, sign=0.127, train=4.002e+00, val=4.008e+00]
GNN flow training:  88%|████████▊ | 88/100 [06:33<00:53,  4.42s/epoch, best=3.951e+00, sign=0.125, train=3.985e+00, val=3.982e+00]
GNN flow training:  89%|████████▉ | 89/100 [06:33<00:48,  4.42s/epoch, best=3.951e+00, sign=0.125, train=3.985e+00, val=3.982e+00]
GNN flow training:  89%|████████▉ | 89/100 [06:37<00:48,  4.42s/epoch, best=3.951e+00, sign=0.125, train=3.979e+00, val=3.887e+00]
GNN flow training:  90%|█████████ | 90/100 [06:37<00:44,  4.41s/epoch, best=3.951e+00, sign=0.125, train=3.979e+00, val=3.887e+00]
GNN flow training:  90%|█████████ | 90/100 [06:41<00:44,  4.41s/epoch, best=3.887e+00, sign=0.126, train=3.971e+00, val=3.838e+00]
GNN flow training:  91%|█████████ | 91/100 [06:41<00:39,  4.40s/epoch, best=3.887e+00, sign=0.126, train=3.971e+00, val=3.838e+00]
GNN flow training:  91%|█████████ | 91/100 [06:46<00:39,  4.40s/epoch, best=3.838e+00, sign=0.127, train=3.962e+00, val=3.896e+00]
GNN flow training:  92%|█████████▏| 92/100 [06:46<00:35,  4.41s/epoch, best=3.838e+00, sign=0.127, train=3.962e+00, val=3.896e+00]
GNN flow training:  92%|█████████▏| 92/100 [06:50<00:35,  4.41s/epoch, best=3.838e+00, sign=0.127, train=3.953e+00, val=3.973e+00]
GNN flow training:  93%|█████████▎| 93/100 [06:50<00:30,  4.42s/epoch, best=3.838e+00, sign=0.127, train=3.953e+00, val=3.973e+00]
GNN flow training:  93%|█████████▎| 93/100 [06:55<00:30,  4.42s/epoch, best=3.838e+00, sign=0.126, train=3.945e+00, val=3.884e+00]
GNN flow training:  94%|█████████▍| 94/100 [06:55<00:26,  4.43s/epoch, best=3.838e+00, sign=0.126, train=3.945e+00, val=3.884e+00]
GNN flow training:  94%|█████████▍| 94/100 [06:59<00:26,  4.43s/epoch, best=3.838e+00, sign=0.127, train=3.935e+00, val=3.836e+00]
GNN flow training:  95%|█████████▌| 95/100 [06:59<00:22,  4.44s/epoch, best=3.838e+00, sign=0.127, train=3.935e+00, val=3.836e+00]
GNN flow training:  95%|█████████▌| 95/100 [07:04<00:22,  4.44s/epoch, best=3.836e+00, sign=0.128, train=3.923e+00, val=3.879e+00]
GNN flow training:  96%|█████████▌| 96/100 [07:04<00:17,  4.44s/epoch, best=3.836e+00, sign=0.128, train=3.923e+00, val=3.879e+00]
GNN flow training:  96%|█████████▌| 96/100 [07:08<00:17,  4.44s/epoch, best=3.836e+00, sign=0.126, train=3.941e+00, val=3.892e+00]
GNN flow training:  97%|█████████▋| 97/100 [07:08<00:13,  4.43s/epoch, best=3.836e+00, sign=0.126, train=3.941e+00, val=3.892e+00]
GNN flow training:  97%|█████████▋| 97/100 [07:12<00:13,  4.43s/epoch, best=3.836e+00, sign=0.125, train=3.916e+00, val=3.880e+00]
GNN flow training:  98%|█████████▊| 98/100 [07:12<00:08,  4.43s/epoch, best=3.836e+00, sign=0.125, train=3.916e+00, val=3.880e+00]
GNN flow training:  98%|█████████▊| 98/100 [07:17<00:08,  4.43s/epoch, best=3.836e+00, sign=0.125, train=4.010e+00, val=3.853e+00]
GNN flow training:  99%|█████████▉| 99/100 [07:17<00:04,  4.44s/epoch, best=3.836e+00, sign=0.125, train=4.010e+00, val=3.853e+00]
GNN flow training:  99%|█████████▉| 99/100 [07:21<00:04,  4.44s/epoch, best=3.836e+00, sign=0.128, train=3.912e+00, val=3.851e+00]
GNN flow training: 100%|██████████| 100/100 [07:21<00:00,  4.42s/epoch, best=3.836e+00, sign=0.128, train=3.912e+00, val=3.851e+00]
GNN flow training: 100%|██████████| 100/100 [07:21<00:00,  4.42s/epoch, best=3.836e+00, sign=0.128, train=3.912e+00, val=3.851e+00]

GNN flow training:   0%|          | 0/100 [00:00<?, ?epoch/s]
GNN flow training:   0%|          | 0/100 [00:04<?, ?epoch/s, best=1.279e+03, sign=0.188, train=1.278e+03, val=1.279e+03]
GNN flow training:   1%|          | 1/100 [00:04<07:29,  4.54s/epoch, best=1.279e+03, sign=0.188, train=1.278e+03, val=1.279e+03]
GNN flow training:   1%|          | 1/100 [00:08<07:29,  4.54s/epoch, best=1.279e+03, sign=0.187, train=1.279e+03, val=1.281e+03]
GNN flow training:   2%|▏         | 2/100 [00:08<07:17,  4.46s/epoch, best=1.279e+03, sign=0.187, train=1.279e+03, val=1.281e+03]
GNN flow training:   2%|▏         | 2/100 [00:13<07:17,  4.46s/epoch, best=1.279e+03, sign=0.187, train=1.281e+03, val=1.281e+03]
GNN flow training:   3%|▎         | 3/100 [00:13<07:11,  4.45s/epoch, best=1.279e+03, sign=0.187, train=1.281e+03, val=1.281e+03]
GNN flow training:   3%|▎         | 3/100 [00:17<07:11,  4.45s/epoch, best=1.279e+03, sign=0.187, train=1.281e+03, val=1.283e+03]
GNN flow training:   4%|▍         | 4/100 [00:17<07:05,  4.43s/epoch, best=1.279e+03, sign=0.187, train=1.281e+03, val=1.283e+03]
GNN flow training:   4%|▍         | 4/100 [00:22<07:05,  4.43s/epoch, best=1.279e+03, sign=0.188, train=1.283e+03, val=1.280e+03]
GNN flow training:   5%|▌         | 5/100 [00:22<06:59,  4.41s/epoch, best=1.279e+03, sign=0.188, train=1.283e+03, val=1.280e+03]
GNN flow training:   5%|▌         | 5/100 [00:26<06:59,  4.41s/epoch, best=1.279e+03, sign=0.188, train=1.280e+03, val=1.275e+03]
GNN flow training:   6%|▌         | 6/100 [00:26<06:55,  4.42s/epoch, best=1.279e+03, sign=0.188, train=1.280e+03, val=1.275e+03]
GNN flow training:   6%|▌         | 6/100 [00:30<06:55,  4.42s/epoch, best=1.275e+03, sign=0.188, train=1.275e+03, val=1.275e+03]
GNN flow training:   7%|▋         | 7/100 [00:30<06:49,  4.40s/epoch, best=1.275e+03, sign=0.188, train=1.275e+03, val=1.275e+03]
GNN flow training:   7%|▋         | 7/100 [00:35<06:49,  4.40s/epoch, best=1.275e+03, sign=0.188, train=1.275e+03, val=1.274e+03]
GNN flow training:   8%|▊         | 8/100 [00:35<06:44,  4.40s/epoch, best=1.275e+03, sign=0.188, train=1.275e+03, val=1.274e+03]
GNN flow training:   8%|▊         | 8/100 [00:39<06:44,  4.40s/epoch, best=1.274e+03, sign=0.188, train=1.274e+03, val=1.273e+03]
GNN flow training:   9%|▉         | 9/100 [00:39<06:41,  4.41s/epoch, best=1.274e+03, sign=0.188, train=1.274e+03, val=1.273e+03]
GNN flow training:   9%|▉         | 9/100 [00:44<06:41,  4.41s/epoch, best=1.273e+03, sign=0.188, train=1.273e+03, val=1.273e+03]
GNN flow training:  10%|█         | 10/100 [00:44<06:38,  4.43s/epoch, best=1.273e+03, sign=0.188, train=1.273e+03, val=1.273e+03]
GNN flow training:  10%|█         | 10/100 [00:48<06:38,  4.43s/epoch, best=1.273e+03, sign=0.188, train=1.273e+03, val=1.271e+03]
GNN flow training:  11%|█         | 11/100 [00:48<06:33,  4.42s/epoch, best=1.273e+03, sign=0.188, train=1.273e+03, val=1.271e+03]
GNN flow training:  11%|█         | 11/100 [00:53<06:33,  4.42s/epoch, best=1.271e+03, sign=0.187, train=1.271e+03, val=1.271e+03]
GNN flow training:  12%|█▏        | 12/100 [00:53<06:29,  4.43s/epoch, best=1.271e+03, sign=0.187, train=1.271e+03, val=1.271e+03]
GNN flow training:  12%|█▏        | 12/100 [00:57<06:29,  4.43s/epoch, best=1.271e+03, sign=0.187, train=1.271e+03, val=1.269e+03]
GNN flow training:  13%|█▎        | 13/100 [00:57<06:24,  4.42s/epoch, best=1.271e+03, sign=0.187, train=1.271e+03, val=1.269e+03]
GNN flow training:  13%|█▎        | 13/100 [01:01<06:24,  4.42s/epoch, best=1.269e+03, sign=0.187, train=1.269e+03, val=1.268e+03]
GNN flow training:  14%|█▍        | 14/100 [01:01<06:19,  4.42s/epoch, best=1.269e+03, sign=0.187, train=1.269e+03, val=1.268e+03]
GNN flow training:  14%|█▍        | 14/100 [01:06<06:19,  4.42s/epoch, best=1.268e+03, sign=0.187, train=1.268e+03, val=1.267e+03]
GNN flow training:  15%|█▌        | 15/100 [01:06<06:15,  4.41s/epoch, best=1.268e+03, sign=0.187, train=1.268e+03, val=1.267e+03]
GNN flow training:  15%|█▌        | 15/100 [01:10<06:15,  4.41s/epoch, best=1.267e+03, sign=0.187, train=1.267e+03, val=1.263e+03]
GNN flow training:  16%|█▌        | 16/100 [01:10<06:09,  4.40s/epoch, best=1.267e+03, sign=0.187, train=1.267e+03, val=1.263e+03]
GNN flow training:  16%|█▌        | 16/100 [01:15<06:09,  4.40s/epoch, best=1.263e+03, sign=0.187, train=1.263e+03, val=1.262e+03]
GNN flow training:  17%|█▋        | 17/100 [01:15<06:05,  4.41s/epoch, best=1.263e+03, sign=0.187, train=1.263e+03, val=1.262e+03]
GNN flow training:  17%|█▋        | 17/100 [01:19<06:05,  4.41s/epoch, best=1.262e+03, sign=0.187, train=1.262e+03, val=1.262e+03]
GNN flow training:  18%|█▊        | 18/100 [01:19<06:02,  4.42s/epoch, best=1.262e+03, sign=0.187, train=1.262e+03, val=1.262e+03]
GNN flow training:  18%|█▊        | 18/100 [01:23<06:02,  4.42s/epoch, best=1.262e+03, sign=0.187, train=1.262e+03, val=1.258e+03]
GNN flow training:  19%|█▉        | 19/100 [01:23<05:57,  4.41s/epoch, best=1.262e+03, sign=0.187, train=1.262e+03, val=1.258e+03]
GNN flow training:  19%|█▉        | 19/100 [01:28<05:57,  4.41s/epoch, best=1.258e+03, sign=0.186, train=1.258e+03, val=1.257e+03]
GNN flow training:  20%|██        | 20/100 [01:28<05:53,  4.42s/epoch, best=1.258e+03, sign=0.186, train=1.258e+03, val=1.257e+03]
GNN flow training:  20%|██        | 20/100 [01:32<05:53,  4.42s/epoch, best=1.257e+03, sign=0.186, train=1.257e+03, val=1.252e+03]
GNN flow training:  21%|██        | 21/100 [01:32<05:50,  4.43s/epoch, best=1.257e+03, sign=0.186, train=1.257e+03, val=1.252e+03]
GNN flow training:  21%|██        | 21/100 [01:37<05:50,  4.43s/epoch, best=1.252e+03, sign=0.185, train=1.252e+03, val=1.246e+03]
GNN flow training:  22%|██▏       | 22/100 [01:37<05:45,  4.43s/epoch, best=1.252e+03, sign=0.185, train=1.252e+03, val=1.246e+03]
GNN flow training:  22%|██▏       | 22/100 [01:41<05:45,  4.43s/epoch, best=1.246e+03, sign=0.184, train=1.246e+03, val=1.242e+03]
GNN flow training:  23%|██▎       | 23/100 [01:41<05:39,  4.41s/epoch, best=1.246e+03, sign=0.184, train=1.246e+03, val=1.242e+03]
GNN flow training:  23%|██▎       | 23/100 [01:46<05:39,  4.41s/epoch, best=1.242e+03, sign=0.183, train=1.242e+03, val=1.234e+03]
GNN flow training:  24%|██▍       | 24/100 [01:46<05:35,  4.42s/epoch, best=1.242e+03, sign=0.183, train=1.242e+03, val=1.234e+03]
GNN flow training:  24%|██▍       | 24/100 [01:50<05:35,  4.42s/epoch, best=1.234e+03, sign=0.183, train=1.234e+03, val=1.233e+03]
GNN flow training:  25%|██▌       | 25/100 [01:50<05:30,  4.41s/epoch, best=1.234e+03, sign=0.183, train=1.234e+03, val=1.233e+03]
GNN flow training:  25%|██▌       | 25/100 [01:54<05:30,  4.41s/epoch, best=1.233e+03, sign=0.183, train=1.233e+03, val=1.227e+03]
GNN flow training:  26%|██▌       | 26/100 [01:54<05:26,  4.41s/epoch, best=1.233e+03, sign=0.183, train=1.233e+03, val=1.227e+03]
GNN flow training:  26%|██▌       | 26/100 [01:59<05:26,  4.41s/epoch, best=1.227e+03, sign=0.184, train=1.227e+03, val=1.220e+03]
GNN flow training:  27%|██▋       | 27/100 [01:59<05:21,  4.41s/epoch, best=1.227e+03, sign=0.184, train=1.227e+03, val=1.220e+03]
GNN flow training:  27%|██▋       | 27/100 [02:03<05:21,  4.41s/epoch, best=1.220e+03, sign=0.184, train=1.220e+03, val=1.221e+03]
GNN flow training:  28%|██▊       | 28/100 [02:03<05:17,  4.41s/epoch, best=1.220e+03, sign=0.184, train=1.220e+03, val=1.221e+03]
GNN flow training:  28%|██▊       | 28/100 [02:08<05:17,  4.41s/epoch, best=1.220e+03, sign=0.184, train=1.221e+03, val=1.218e+03]
GNN flow training:  29%|██▉       | 29/100 [02:08<05:13,  4.41s/epoch, best=1.220e+03, sign=0.184, train=1.221e+03, val=1.218e+03]
GNN flow training:  29%|██▉       | 29/100 [02:12<05:13,  4.41s/epoch, best=1.218e+03, sign=0.184, train=1.218e+03, val=1.221e+03]
GNN flow training:  30%|███       | 30/100 [02:12<05:08,  4.41s/epoch, best=1.218e+03, sign=0.184, train=1.218e+03, val=1.221e+03]
GNN flow training:  30%|███       | 30/100 [02:16<05:08,  4.41s/epoch, best=1.218e+03, sign=0.186, train=1.221e+03, val=1.212e+03]
GNN flow training:  31%|███       | 31/100 [02:16<05:04,  4.41s/epoch, best=1.218e+03, sign=0.186, train=1.221e+03, val=1.212e+03]
GNN flow training:  31%|███       | 31/100 [02:21<05:04,  4.41s/epoch, best=1.212e+03, sign=0.186, train=1.212e+03, val=1.210e+03]
GNN flow training:  32%|███▏      | 32/100 [02:21<05:00,  4.42s/epoch, best=1.212e+03, sign=0.186, train=1.212e+03, val=1.210e+03]
GNN flow training:  32%|███▏      | 32/100 [02:25<05:00,  4.42s/epoch, best=1.210e+03, sign=0.185, train=1.210e+03, val=1.210e+03]
GNN flow training:  33%|███▎      | 33/100 [02:25<04:55,  4.42s/epoch, best=1.210e+03, sign=0.185, train=1.210e+03, val=1.210e+03]
GNN flow training:  33%|███▎      | 33/100 [02:30<04:55,  4.42s/epoch, best=1.210e+03, sign=0.185, train=1.210e+03, val=1.206e+03]
GNN flow training:  34%|███▍      | 34/100 [02:30<04:51,  4.41s/epoch, best=1.210e+03, sign=0.185, train=1.210e+03, val=1.206e+03]
GNN flow training:  34%|███▍      | 34/100 [02:34<04:51,  4.41s/epoch, best=1.206e+03, sign=0.185, train=1.206e+03, val=1.202e+03]
GNN flow training:  35%|███▌      | 35/100 [02:34<04:47,  4.42s/epoch, best=1.206e+03, sign=0.185, train=1.206e+03, val=1.202e+03]
GNN flow training:  35%|███▌      | 35/100 [02:39<04:47,  4.42s/epoch, best=1.202e+03, sign=0.184, train=1.202e+03, val=1.191e+03]
GNN flow training:  36%|███▌      | 36/100 [02:39<04:43,  4.42s/epoch, best=1.202e+03, sign=0.184, train=1.202e+03, val=1.191e+03]
GNN flow training:  36%|███▌      | 36/100 [02:43<04:43,  4.42s/epoch, best=1.191e+03, sign=0.183, train=1.191e+03, val=1.177e+03]
GNN flow training:  37%|███▋      | 37/100 [02:43<04:38,  4.42s/epoch, best=1.191e+03, sign=0.183, train=1.191e+03, val=1.177e+03]
GNN flow training:  37%|███▋      | 37/100 [02:47<04:38,  4.42s/epoch, best=1.177e+03, sign=0.182, train=1.177e+03, val=1.171e+03]
GNN flow training:  38%|███▊      | 38/100 [02:47<04:32,  4.40s/epoch, best=1.177e+03, sign=0.182, train=1.177e+03, val=1.171e+03]
GNN flow training:  38%|███▊      | 38/100 [02:52<04:32,  4.40s/epoch, best=1.171e+03, sign=0.178, train=1.171e+03, val=1.170e+03]
GNN flow training:  39%|███▉      | 39/100 [02:52<04:28,  4.41s/epoch, best=1.171e+03, sign=0.178, train=1.171e+03, val=1.170e+03]
GNN flow training:  39%|███▉      | 39/100 [02:56<04:28,  4.41s/epoch, best=1.170e+03, sign=0.176, train=1.170e+03, val=1.162e+03]
GNN flow training:  40%|████      | 40/100 [02:56<04:25,  4.42s/epoch, best=1.170e+03, sign=0.176, train=1.170e+03, val=1.162e+03]
GNN flow training:  40%|████      | 40/100 [03:01<04:25,  4.42s/epoch, best=1.162e+03, sign=0.175, train=1.162e+03, val=1.157e+03]
GNN flow training:  41%|████      | 41/100 [03:01<04:20,  4.42s/epoch, best=1.162e+03, sign=0.175, train=1.162e+03, val=1.157e+03]
GNN flow training:  41%|████      | 41/100 [03:05<04:20,  4.42s/epoch, best=1.157e+03, sign=0.173, train=1.157e+03, val=1.152e+03]
GNN flow training:  42%|████▏     | 42/100 [03:05<04:16,  4.42s/epoch, best=1.157e+03, sign=0.173, train=1.157e+03, val=1.152e+03]
GNN flow training:  42%|████▏     | 42/100 [03:09<04:16,  4.42s/epoch, best=1.152e+03, sign=0.169, train=1.152e+03, val=1.154e+03]
GNN flow training:  43%|████▎     | 43/100 [03:09<04:11,  4.42s/epoch, best=1.152e+03, sign=0.169, train=1.152e+03, val=1.154e+03]
GNN flow training:  43%|████▎     | 43/100 [03:14<04:11,  4.42s/epoch, best=1.152e+03, sign=0.168, train=1.154e+03, val=1.138e+03]
GNN flow training:  44%|████▍     | 44/100 [03:14<04:07,  4.41s/epoch, best=1.152e+03, sign=0.168, train=1.154e+03, val=1.138e+03]
GNN flow training:  44%|████▍     | 44/100 [03:18<04:07,  4.41s/epoch, best=1.138e+03, sign=0.166, train=1.138e+03, val=1.127e+03]
GNN flow training:  45%|████▌     | 45/100 [03:18<04:03,  4.42s/epoch, best=1.138e+03, sign=0.166, train=1.138e+03, val=1.127e+03]
GNN flow training:  45%|████▌     | 45/100 [03:23<04:03,  4.42s/epoch, best=1.127e+03, sign=0.164, train=1.127e+03, val=1.118e+03]
GNN flow training:  46%|████▌     | 46/100 [03:23<03:58,  4.42s/epoch, best=1.127e+03, sign=0.164, train=1.127e+03, val=1.118e+03]
GNN flow training:  46%|████▌     | 46/100 [03:27<03:58,  4.42s/epoch, best=1.118e+03, sign=0.165, train=1.118e+03, val=1.108e+03]
GNN flow training:  47%|████▋     | 47/100 [03:27<03:54,  4.42s/epoch, best=1.118e+03, sign=0.165, train=1.118e+03, val=1.108e+03]
GNN flow training:  47%|████▋     | 47/100 [03:32<03:54,  4.42s/epoch, best=1.108e+03, sign=0.164, train=1.108e+03, val=1.104e+03]
GNN flow training:  48%|████▊     | 48/100 [03:32<03:49,  4.41s/epoch, best=1.108e+03, sign=0.164, train=1.108e+03, val=1.104e+03]
GNN flow training:  48%|████▊     | 48/100 [03:36<03:49,  4.41s/epoch, best=1.104e+03, sign=0.164, train=1.104e+03, val=1.103e+03]
GNN flow training:  49%|████▉     | 49/100 [03:36<03:45,  4.42s/epoch, best=1.104e+03, sign=0.164, train=1.104e+03, val=1.103e+03]
GNN flow training:  49%|████▉     | 49/100 [03:40<03:45,  4.42s/epoch, best=1.103e+03, sign=0.164, train=1.103e+03, val=1.102e+03]
GNN flow training:  50%|█████     | 50/100 [03:40<03:40,  4.41s/epoch, best=1.103e+03, sign=0.164, train=1.103e+03, val=1.102e+03]
GNN flow training:  50%|█████     | 50/100 [03:45<03:40,  4.41s/epoch, best=1.102e+03, sign=0.162, train=1.102e+03, val=1.094e+03]
GNN flow training:  51%|█████     | 51/100 [03:45<03:36,  4.41s/epoch, best=1.102e+03, sign=0.162, train=1.102e+03, val=1.094e+03]
GNN flow training:  51%|█████     | 51/100 [03:49<03:36,  4.41s/epoch, best=1.094e+03, sign=0.159, train=1.094e+03, val=1.076e+03]
GNN flow training:  52%|█████▏    | 52/100 [03:49<03:31,  4.41s/epoch, best=1.094e+03, sign=0.159, train=1.094e+03, val=1.076e+03]
GNN flow training:  52%|█████▏    | 52/100 [03:54<03:31,  4.41s/epoch, best=1.076e+03, sign=0.156, train=1.076e+03, val=1.049e+03]
GNN flow training:  53%|█████▎    | 53/100 [03:54<03:27,  4.41s/epoch, best=1.076e+03, sign=0.156, train=1.076e+03, val=1.049e+03]
GNN flow training:  53%|█████▎    | 53/100 [03:58<03:27,  4.41s/epoch, best=1.049e+03, sign=0.154, train=1.049e+03, val=1.037e+03]
GNN flow training:  54%|█████▍    | 54/100 [03:58<03:23,  4.41s/epoch, best=1.049e+03, sign=0.154, train=1.049e+03, val=1.037e+03]
GNN flow training:  54%|█████▍    | 54/100 [04:02<03:23,  4.41s/epoch, best=1.037e+03, sign=0.153, train=1.037e+03, val=1.034e+03]
GNN flow training:  55%|█████▌    | 55/100 [04:02<03:18,  4.41s/epoch, best=1.037e+03, sign=0.153, train=1.037e+03, val=1.034e+03]
GNN flow training:  55%|█████▌    | 55/100 [04:07<03:18,  4.41s/epoch, best=1.034e+03, sign=0.153, train=1.034e+03, val=1.026e+03]
GNN flow training:  56%|█████▌    | 56/100 [04:07<03:14,  4.41s/epoch, best=1.034e+03, sign=0.153, train=1.034e+03, val=1.026e+03]
GNN flow training:  56%|█████▌    | 56/100 [04:11<03:14,  4.41s/epoch, best=1.026e+03, sign=0.158, train=1.026e+03, val=1.053e+03]
GNN flow training:  57%|█████▋    | 57/100 [04:11<03:09,  4.41s/epoch, best=1.026e+03, sign=0.158, train=1.026e+03, val=1.053e+03]
GNN flow training:  57%|█████▋    | 57/100 [04:16<03:09,  4.41s/epoch, best=1.026e+03, sign=0.167, train=1.053e+03, val=1.099e+03]
GNN flow training:  58%|█████▊    | 58/100 [04:16<03:05,  4.41s/epoch, best=1.026e+03, sign=0.167, train=1.053e+03, val=1.099e+03]
GNN flow training:  58%|█████▊    | 58/100 [04:20<03:05,  4.41s/epoch, best=1.026e+03, sign=0.159, train=1.099e+03, val=1.051e+03]
GNN flow training:  59%|█████▉    | 59/100 [04:20<03:00,  4.39s/epoch, best=1.026e+03, sign=0.159, train=1.099e+03, val=1.051e+03]
GNN flow training:  59%|█████▉    | 59/100 [04:24<03:00,  4.39s/epoch, best=1.026e+03, sign=0.159, train=1.051e+03, val=1.039e+03]
GNN flow training:  60%|██████    | 60/100 [04:24<02:55,  4.38s/epoch, best=1.026e+03, sign=0.159, train=1.051e+03, val=1.039e+03]
GNN flow training:  60%|██████    | 60/100 [04:29<02:55,  4.38s/epoch, best=1.026e+03, sign=0.154, train=1.039e+03, val=1.003e+03]
GNN flow training:  61%|██████    | 61/100 [04:29<02:51,  4.39s/epoch, best=1.026e+03, sign=0.154, train=1.039e+03, val=1.003e+03]
GNN flow training:  61%|██████    | 61/100 [04:33<02:51,  4.39s/epoch, best=1.003e+03, sign=0.149, train=1.003e+03, val=9.783e+02]
GNN flow training:  62%|██████▏   | 62/100 [04:33<02:47,  4.40s/epoch, best=1.003e+03, sign=0.149, train=1.003e+03, val=9.783e+02]
GNN flow training:  62%|██████▏   | 62/100 [04:38<02:47,  4.40s/epoch, best=9.783e+02, sign=0.146, train=9.783e+02, val=9.694e+02]
GNN flow training:  63%|██████▎   | 63/100 [04:38<02:42,  4.40s/epoch, best=9.783e+02, sign=0.146, train=9.783e+02, val=9.694e+02]
GNN flow training:  63%|██████▎   | 63/100 [04:42<02:42,  4.40s/epoch, best=9.694e+02, sign=0.144, train=9.694e+02, val=9.679e+02]
GNN flow training:  64%|██████▍   | 64/100 [04:42<02:39,  4.42s/epoch, best=9.694e+02, sign=0.144, train=9.694e+02, val=9.679e+02]
GNN flow training:  64%|██████▍   | 64/100 [04:46<02:39,  4.42s/epoch, best=9.679e+02, sign=0.143, train=9.679e+02, val=9.628e+02]
GNN flow training:  65%|██████▌   | 65/100 [04:46<02:34,  4.42s/epoch, best=9.679e+02, sign=0.143, train=9.679e+02, val=9.628e+02]
GNN flow training:  65%|██████▌   | 65/100 [04:51<02:34,  4.42s/epoch, best=9.628e+02, sign=0.142, train=9.628e+02, val=9.610e+02]
GNN flow training:  66%|██████▌   | 66/100 [04:51<02:30,  4.41s/epoch, best=9.628e+02, sign=0.142, train=9.628e+02, val=9.610e+02]
GNN flow training:  66%|██████▌   | 66/100 [04:55<02:30,  4.41s/epoch, best=9.610e+02, sign=0.143, train=9.610e+02, val=9.619e+02]
GNN flow training:  67%|██████▋   | 67/100 [04:55<02:25,  4.41s/epoch, best=9.610e+02, sign=0.143, train=9.610e+02, val=9.619e+02]
GNN flow training:  67%|██████▋   | 67/100 [05:00<02:25,  4.41s/epoch, best=9.610e+02, sign=0.142, train=9.619e+02, val=9.526e+02]
GNN flow training:  68%|██████▊   | 68/100 [05:00<02:21,  4.41s/epoch, best=9.610e+02, sign=0.142, train=9.619e+02, val=9.526e+02]
GNN flow training:  68%|██████▊   | 68/100 [05:04<02:21,  4.41s/epoch, best=9.526e+02, sign=0.142, train=9.526e+02, val=9.459e+02]
GNN flow training:  69%|██████▉   | 69/100 [05:04<02:16,  4.42s/epoch, best=9.526e+02, sign=0.142, train=9.526e+02, val=9.459e+02]
GNN flow training:  69%|██████▉   | 69/100 [05:09<02:16,  4.42s/epoch, best=9.459e+02, sign=0.141, train=9.459e+02, val=9.393e+02]
GNN flow training:  70%|███████   | 70/100 [05:09<02:12,  4.42s/epoch, best=9.459e+02, sign=0.141, train=9.459e+02, val=9.393e+02]
GNN flow training:  70%|███████   | 70/100 [05:13<02:12,  4.42s/epoch, best=9.393e+02, sign=0.141, train=9.393e+02, val=9.372e+02]
GNN flow training:  71%|███████   | 71/100 [05:13<02:07,  4.41s/epoch, best=9.393e+02, sign=0.141, train=9.393e+02, val=9.372e+02]
GNN flow training:  71%|███████   | 71/100 [05:17<02:07,  4.41s/epoch, best=9.372e+02, sign=0.141, train=9.372e+02, val=9.288e+02]
GNN flow training:  72%|███████▏  | 72/100 [05:17<02:04,  4.44s/epoch, best=9.372e+02, sign=0.141, train=9.372e+02, val=9.288e+02]
GNN flow training:  72%|███████▏  | 72/100 [05:22<02:04,  4.44s/epoch, best=9.288e+02, sign=0.139, train=9.288e+02, val=9.202e+02]
GNN flow training:  73%|███████▎  | 73/100 [05:22<01:59,  4.43s/epoch, best=9.288e+02, sign=0.139, train=9.288e+02, val=9.202e+02]
GNN flow training:  73%|███████▎  | 73/100 [05:26<01:59,  4.43s/epoch, best=9.202e+02, sign=0.140, train=9.202e+02, val=9.156e+02]
GNN flow training:  74%|███████▍  | 74/100 [05:26<01:54,  4.42s/epoch, best=9.202e+02, sign=0.140, train=9.202e+02, val=9.156e+02]
GNN flow training:  74%|███████▍  | 74/100 [05:31<01:54,  4.42s/epoch, best=9.156e+02, sign=0.139, train=9.156e+02, val=9.166e+02]
GNN flow training:  75%|███████▌  | 75/100 [05:31<01:50,  4.42s/epoch, best=9.156e+02, sign=0.139, train=9.156e+02, val=9.166e+02]
GNN flow training:  75%|███████▌  | 75/100 [05:35<01:50,  4.42s/epoch, best=9.156e+02, sign=0.139, train=9.166e+02, val=9.082e+02]
GNN flow training:  76%|███████▌  | 76/100 [05:35<01:46,  4.44s/epoch, best=9.156e+02, sign=0.139, train=9.166e+02, val=9.082e+02]
GNN flow training:  76%|███████▌  | 76/100 [05:40<01:46,  4.44s/epoch, best=9.082e+02, sign=0.138, train=9.082e+02, val=8.960e+02]
GNN flow training:  77%|███████▋  | 77/100 [05:40<01:41,  4.42s/epoch, best=9.082e+02, sign=0.138, train=9.082e+02, val=8.960e+02]
GNN flow training:  77%|███████▋  | 77/100 [05:44<01:41,  4.42s/epoch, best=8.960e+02, sign=0.137, train=8.960e+02, val=8.942e+02]
GNN flow training:  78%|███████▊  | 78/100 [05:44<01:37,  4.42s/epoch, best=8.960e+02, sign=0.137, train=8.960e+02, val=8.942e+02]
GNN flow training:  78%|███████▊  | 78/100 [05:48<01:37,  4.42s/epoch, best=8.942e+02, sign=0.137, train=8.942e+02, val=8.912e+02]
GNN flow training:  79%|███████▉  | 79/100 [05:48<01:32,  4.42s/epoch, best=8.942e+02, sign=0.137, train=8.942e+02, val=8.912e+02]
GNN flow training:  79%|███████▉  | 79/100 [05:53<01:32,  4.42s/epoch, best=8.912e+02, sign=0.136, train=8.912e+02, val=8.801e+02]
GNN flow training:  80%|████████  | 80/100 [05:53<01:28,  4.40s/epoch, best=8.912e+02, sign=0.136, train=8.912e+02, val=8.801e+02]
GNN flow training:  80%|████████  | 80/100 [05:57<01:28,  4.40s/epoch, best=8.801e+02, sign=0.136, train=8.801e+02, val=8.770e+02]
GNN flow training:  81%|████████  | 81/100 [05:57<01:23,  4.40s/epoch, best=8.801e+02, sign=0.136, train=8.801e+02, val=8.770e+02]
GNN flow training:  81%|████████  | 81/100 [06:02<01:23,  4.40s/epoch, best=8.770e+02, sign=0.136, train=8.770e+02, val=8.721e+02]
GNN flow training:  82%|████████▏ | 82/100 [06:02<01:19,  4.41s/epoch, best=8.770e+02, sign=0.136, train=8.770e+02, val=8.721e+02]
GNN flow training:  82%|████████▏ | 82/100 [06:06<01:19,  4.41s/epoch, best=8.721e+02, sign=0.134, train=8.721e+02, val=8.693e+02]
GNN flow training:  83%|████████▎ | 83/100 [06:06<01:14,  4.41s/epoch, best=8.721e+02, sign=0.134, train=8.721e+02, val=8.693e+02]
GNN flow training:  83%|████████▎ | 83/100 [06:10<01:14,  4.41s/epoch, best=8.693e+02, sign=0.135, train=8.693e+02, val=8.663e+02]
GNN flow training:  84%|████████▍ | 84/100 [06:10<01:10,  4.41s/epoch, best=8.693e+02, sign=0.135, train=8.693e+02, val=8.663e+02]
GNN flow training:  84%|████████▍ | 84/100 [06:15<01:10,  4.41s/epoch, best=8.663e+02, sign=0.136, train=8.663e+02, val=8.659e+02]
GNN flow training:  85%|████████▌ | 85/100 [06:15<01:06,  4.42s/epoch, best=8.663e+02, sign=0.136, train=8.663e+02, val=8.659e+02]
GNN flow training:  85%|████████▌ | 85/100 [06:19<01:06,  4.42s/epoch, best=8.659e+02, sign=0.137, train=8.659e+02, val=8.669e+02]
GNN flow training:  86%|████████▌ | 86/100 [06:19<01:01,  4.41s/epoch, best=8.659e+02, sign=0.137, train=8.659e+02, val=8.669e+02]
GNN flow training:  86%|████████▌ | 86/100 [06:24<01:01,  4.41s/epoch, best=8.659e+02, sign=0.137, train=8.669e+02, val=8.617e+02]
GNN flow training:  87%|████████▋ | 87/100 [06:24<00:57,  4.40s/epoch, best=8.659e+02, sign=0.137, train=8.669e+02, val=8.617e+02]
GNN flow training:  87%|████████▋ | 87/100 [06:28<00:57,  4.40s/epoch, best=8.617e+02, sign=0.136, train=8.617e+02, val=8.584e+02]
GNN flow training:  88%|████████▊ | 88/100 [06:28<00:52,  4.40s/epoch, best=8.617e+02, sign=0.136, train=8.617e+02, val=8.584e+02]
GNN flow training:  88%|████████▊ | 88/100 [06:32<00:52,  4.40s/epoch, best=8.584e+02, sign=0.137, train=8.584e+02, val=8.561e+02]
GNN flow training:  89%|████████▉ | 89/100 [06:32<00:48,  4.40s/epoch, best=8.584e+02, sign=0.137, train=8.584e+02, val=8.561e+02]
GNN flow training:  89%|████████▉ | 89/100 [06:37<00:48,  4.40s/epoch, best=8.561e+02, sign=0.136, train=8.561e+02, val=8.581e+02]
GNN flow training:  90%|█████████ | 90/100 [06:37<00:44,  4.40s/epoch, best=8.561e+02, sign=0.136, train=8.561e+02, val=8.581e+02]
GNN flow training:  90%|█████████ | 90/100 [06:41<00:44,  4.40s/epoch, best=8.561e+02, sign=0.142, train=8.581e+02, val=9.070e+02]
GNN flow training:  91%|█████████ | 91/100 [06:41<00:39,  4.38s/epoch, best=8.561e+02, sign=0.142, train=8.581e+02, val=9.070e+02]
GNN flow training:  91%|█████████ | 91/100 [06:46<00:39,  4.38s/epoch, best=8.561e+02, sign=0.144, train=9.070e+02, val=9.301e+02]
GNN flow training:  92%|█████████▏| 92/100 [06:46<00:35,  4.41s/epoch, best=8.561e+02, sign=0.144, train=9.070e+02, val=9.301e+02]
GNN flow training:  92%|█████████▏| 92/100 [06:50<00:35,  4.41s/epoch, best=8.561e+02, sign=0.137, train=9.301e+02, val=8.732e+02]
GNN flow training:  93%|█████████▎| 93/100 [06:50<00:30,  4.41s/epoch, best=8.561e+02, sign=0.137, train=9.301e+02, val=8.732e+02]
GNN flow training:  93%|█████████▎| 93/100 [06:54<00:30,  4.41s/epoch, best=8.561e+02, sign=0.135, train=8.732e+02, val=8.548e+02]
GNN flow training:  94%|█████████▍| 94/100 [06:54<00:26,  4.40s/epoch, best=8.561e+02, sign=0.135, train=8.732e+02, val=8.548e+02]
GNN flow training:  94%|█████████▍| 94/100 [06:59<00:26,  4.40s/epoch, best=8.548e+02, sign=0.133, train=8.548e+02, val=8.667e+02]
GNN flow training:  95%|█████████▌| 95/100 [06:59<00:21,  4.40s/epoch, best=8.548e+02, sign=0.133, train=8.548e+02, val=8.667e+02]
GNN flow training:  95%|█████████▌| 95/100 [07:03<00:21,  4.40s/epoch, best=8.548e+02, sign=0.135, train=8.667e+02, val=8.825e+02]
GNN flow training:  96%|█████████▌| 96/100 [07:03<00:17,  4.40s/epoch, best=8.548e+02, sign=0.135, train=8.667e+02, val=8.825e+02]
GNN flow training:  96%|█████████▌| 96/100 [07:08<00:17,  4.40s/epoch, best=8.548e+02, sign=0.135, train=8.825e+02, val=8.830e+02]
GNN flow training:  97%|█████████▋| 97/100 [07:08<00:13,  4.41s/epoch, best=8.548e+02, sign=0.135, train=8.825e+02, val=8.830e+02]
GNN flow training:  97%|█████████▋| 97/100 [07:12<00:13,  4.41s/epoch, best=8.548e+02, sign=0.134, train=8.830e+02, val=8.686e+02]
GNN flow training:  98%|█████████▊| 98/100 [07:12<00:08,  4.41s/epoch, best=8.548e+02, sign=0.134, train=8.830e+02, val=8.686e+02]
GNN flow training:  98%|█████████▊| 98/100 [07:16<00:08,  4.41s/epoch, best=8.548e+02, sign=0.135, train=8.686e+02, val=8.528e+02]
GNN flow training:  99%|█████████▉| 99/100 [07:16<00:04,  4.41s/epoch, best=8.548e+02, sign=0.135, train=8.686e+02, val=8.528e+02]
GNN flow training:  99%|█████████▉| 99/100 [07:21<00:04,  4.41s/epoch, best=8.528e+02, sign=0.135, train=8.528e+02, val=8.577e+02]
GNN flow training: 100%|██████████| 100/100 [07:21<00:00,  4.41s/epoch, best=8.528e+02, sign=0.135, train=8.528e+02, val=8.577e+02]
GNN flow training: 100%|██████████| 100/100 [07:21<00:00,  4.41s/epoch, best=8.528e+02, sign=0.135, train=8.528e+02, val=8.577e+02]
Resolved config snapshot:
{'preset': 'solver_QKB_outer_QKBdelta', 'gnn_outer_losses': {'flow': 100.0, 'kirchhoff': 0.1, 'boundary': 100.0, 'delta_l2': 10.0, 'delta_smooth': 0.0, 'pressure_shape': 0.0}, 'physics': {'arterial_flow_mode': 'dataset', 'pressure_constraints': ['equal-av-pressure-drop'], 'alpha_pa': None, 'use_snr_weights': True, 'use_observed_flow_snr_weighting': True, 'flow_scale_mode': 'median_abs', 'solver_device': 'same', 'pressure_solver_mode': 'reduced-soft-constrained-lstsq', 'pressure_solver_lambda_kirchhoff': 1.0, 'pressure_solver_lambda_pressure_constraints': 100.0, 'pressure_solver_lambda_flow_residual': 1.0, 'pressure_shape_reference': 'delta_zero_reference', 'pressure_detach': False}, 'correction_bounds': {'correction_min': -0.5, 'correction_max': 0.5, 'correction_bound': 0.5, 'correction_parameterization': 'tanh'}, 'optimization': {'learning_rate': 0.001, 'weight_decay': 0.0001, 'gradient_clip_norm': 5.0, 'optimizer': 'adamw', 'epochs': 100, 'patience': 40}}
Resolved config snapshot:
{'preset': 'solver_QKB_outer_QKBdelta', 'gnn_outer_losses': {'flow': 0.1, 'kirchhoff': 100.0, 'boundary': 100.0, 'delta_l2': 0.1, 'delta_smooth': 0.0, 'pressure_shape': 0.0}, 'physics': {'arterial_flow_mode': 'dataset', 'pressure_constraints': ['equal-av-pressure-drop'], 'alpha_pa': None, 'use_snr_weights': True, 'use_observed_flow_snr_weighting': True, 'flow_scale_mode': 'median_abs', 'solver_device': 'same', 'pressure_solver_mode': 'reduced-soft-constrained-lstsq', 'pressure_solver_lambda_kirchhoff': 1.0, 'pressure_solver_lambda_pressure_constraints': 100.0, 'pressure_solver_lambda_flow_residual': 1.0, 'pressure_shape_reference': 'delta_zero_reference', 'pressure_detach': False}, 'correction_bounds': {'correction_min': -0.5, 'correction_max': 0.5, 'correction_bound': 0.5, 'correction_parameterization': 'tanh'}, 'optimization': {'learning_rate': 0.001, 'weight_decay': 0.0001, 'gradient_clip_norm': 5.0, 'optimizer': 'adamw', 'epochs': 100, 'patience': 40}}
Command: /mnt/home/sswee/miniforge3/envs/yolk-sac/bin/python /mnt/home/sswee/yolk/Yolk-Sac-Flow-Data-and-Sim/gnn_clean/scripts/python/gnn_flow.py /mnt/home/sswee/yolk/Yolk-Sac-Flow-Data-and-Sim/gnn_clean/datasets/mosaic_graph_canonical_harmonized/mosaic_graph_canonical_harmonized.gpickle --output-dir /mnt/home/sswee/yolk/Yolk-Sac-Flow-Data-and-Sim/gnn_clean/outputs_canonical/dc/03_pressure_constraint_sensitivity/gnn --run-name q_100__k_0p1__delta_10__constraint_equal_drop --preset solver_QKB_outer_QKBdelta --device cuda --epochs 100 --seed 0 --viscosity-pa-s 0.0035 --config /mnt/home/sswee/yolk/Yolk-Sac-Flow-Data-and-Sim/gnn_clean/outputs_canonical/dc/03_pressure_constraint_sensitivity/_generated_configs/q_100__k_0p1__delta_10__constraint_equal_drop.yaml --no-pressure-detach
Command: /mnt/home/sswee/miniforge3/envs/yolk-sac/bin/python /mnt/home/sswee/yolk/Yolk-Sac-Flow-Data-and-Sim/gnn_clean/scripts/python/gnn_flow.py /mnt/home/sswee/yolk/Yolk-Sac-Flow-Data-and-Sim/gnn_clean/datasets/mosaic_graph_canonical_harmonized/mosaic_graph_canonical_harmonized.gpickle --output-dir /mnt/home/sswee/yolk/Yolk-Sac-Flow-Data-and-Sim/gnn_clean/outputs_canonical/dc/03_pressure_constraint_sensitivity/gnn --run-name q_0p1__k_100__delta_0p1__constraint_equal_drop --preset solver_QKB_outer_QKBdelta --device cuda --epochs 100 --seed 0 --viscosity-pa-s 0.0035 --config /mnt/home/sswee/yolk/Yolk-Sac-Flow-Data-and-Sim/gnn_clean/outputs_canonical/dc/03_pressure_constraint_sensitivity/_generated_configs/q_0p1__k_100__delta_0p1__constraint_equal_drop.yaml --no-pressure-detach
Command: /mnt/home/sswee/miniforge3/envs/yolk-sac/bin/python /mnt/home/sswee/yolk/Yolk-Sac-Flow-Data-and-Sim/gnn_clean/scripts/python/poiseuille_only_baseline.py /mnt/home/sswee/yolk/Yolk-Sac-Flow-Data-and-Sim/gnn_clean/datasets/mosaic_graph_canonical_harmonized/mosaic_graph_canonical_harmonized.gpickle --output-dir /mnt/home/sswee/yolk/Yolk-Sac-Flow-Data-and-Sim/gnn_clean/outputs_canonical/dc/03_pressure_constraint_sensitivity/poiseuille --run-name poiseuille__q_0p1__k_100__constraint_equal_drop --device cpu --viscosity-pa-s 0.0035 --dc-solve-mode reduced-soft-constrained-lstsq --arterial-flow-mode dataset --lambda-kirchhoff 100.0 --lambda-pressure-constraints 100.0 --lambda-flow-residual 0.1 --pressure-constraint equal-av-pressure-drop
