[info] DC Step 2 canonical sweep uses fixed lambda_B=100.0 for both the outer boundary loss and the reduced pressure-solver boundary constraint.

GNN flow training:   0%|          | 0/100 [00:00<?, ?epoch/s]
GNN flow training:   0%|          | 0/100 [00:06<?, ?epoch/s, best=1.272e+02, sign=0.194, train=1.271e+02, val=1.272e+02]
GNN flow training:   1%|          | 1/100 [00:06<10:16,  6.23s/epoch, best=1.272e+02, sign=0.194, train=1.271e+02, val=1.272e+02]
GNN flow training:   1%|          | 1/100 [00:12<10:16,  6.23s/epoch, best=1.272e+02, sign=0.194, train=1.272e+02, val=1.274e+02]
GNN flow training:   2%|▏         | 2/100 [00:12<10:05,  6.18s/epoch, best=1.272e+02, sign=0.194, train=1.272e+02, val=1.274e+02]
GNN flow training:   2%|▏         | 2/100 [00:18<10:05,  6.18s/epoch, best=1.272e+02, sign=0.194, train=1.275e+02, val=1.274e+02]
GNN flow training:   3%|▎         | 3/100 [00:18<09:52,  6.11s/epoch, best=1.272e+02, sign=0.194, train=1.275e+02, val=1.274e+02]
GNN flow training:   3%|▎         | 3/100 [00:24<09:52,  6.11s/epoch, best=1.272e+02, sign=0.194, train=1.274e+02, val=1.269e+02]
GNN flow training:   4%|▍         | 4/100 [00:24<09:44,  6.09s/epoch, best=1.272e+02, sign=0.194, train=1.274e+02, val=1.269e+02]
GNN flow training:   4%|▍         | 4/100 [00:30<09:44,  6.09s/epoch, best=1.269e+02, sign=0.194, train=1.270e+02, val=1.271e+02]
GNN flow training:   5%|▌         | 5/100 [00:30<09:37,  6.07s/epoch, best=1.269e+02, sign=0.194, train=1.270e+02, val=1.271e+02]
GNN flow training:   5%|▌         | 5/100 [00:36<09:37,  6.07s/epoch, best=1.269e+02, sign=0.194, train=1.272e+02, val=1.269e+02]
GNN flow training:   6%|▌         | 6/100 [00:36<09:31,  6.08s/epoch, best=1.269e+02, sign=0.194, train=1.272e+02, val=1.269e+02]
GNN flow training:   6%|▌         | 6/100 [00:42<09:31,  6.08s/epoch, best=1.269e+02, sign=0.194, train=1.269e+02, val=1.270e+02]
GNN flow training:   7%|▋         | 7/100 [00:42<09:28,  6.11s/epoch, best=1.269e+02, sign=0.194, train=1.269e+02, val=1.270e+02]
GNN flow training:   7%|▋         | 7/100 [00:48<09:28,  6.11s/epoch, best=1.269e+02, sign=0.194, train=1.270e+02, val=1.270e+02]
GNN flow training:   8%|▊         | 8/100 [00:48<09:18,  6.08s/epoch, best=1.269e+02, sign=0.194, train=1.270e+02, val=1.270e+02]
GNN flow training:   8%|▊         | 8/100 [00:54<09:18,  6.08s/epoch, best=1.269e+02, sign=0.194, train=1.270e+02, val=1.269e+02]
GNN flow training:   9%|▉         | 9/100 [00:54<09:13,  6.09s/epoch, best=1.269e+02, sign=0.194, train=1.270e+02, val=1.269e+02]
GNN flow training:   9%|▉         | 9/100 [01:00<09:13,  6.09s/epoch, best=1.269e+02, sign=0.194, train=1.269e+02, val=1.269e+02]
GNN flow training:  10%|█         | 10/100 [01:00<09:06,  6.07s/epoch, best=1.269e+02, sign=0.194, train=1.269e+02, val=1.269e+02]
GNN flow training:  10%|█         | 10/100 [01:06<09:06,  6.07s/epoch, best=1.269e+02, sign=0.194, train=1.269e+02, val=1.266e+02]
GNN flow training:  11%|█         | 11/100 [01:06<08:59,  6.06s/epoch, best=1.269e+02, sign=0.194, train=1.269e+02, val=1.266e+02]
GNN flow training:  11%|█         | 11/100 [01:13<08:59,  6.06s/epoch, best=1.266e+02, sign=0.194, train=1.267e+02, val=1.264e+02]
GNN flow training:  12%|█▏        | 12/100 [01:13<08:52,  6.06s/epoch, best=1.266e+02, sign=0.194, train=1.267e+02, val=1.264e+02]
GNN flow training:  12%|█▏        | 12/100 [01:19<08:52,  6.06s/epoch, best=1.264e+02, sign=0.194, train=1.265e+02, val=1.264e+02]
GNN flow training:  13%|█▎        | 13/100 [01:19<08:45,  6.04s/epoch, best=1.264e+02, sign=0.194, train=1.265e+02, val=1.264e+02]
GNN flow training:  13%|█▎        | 13/100 [01:25<08:45,  6.04s/epoch, best=1.264e+02, sign=0.193, train=1.264e+02, val=1.260e+02]
GNN flow training:  14%|█▍        | 14/100 [01:25<08:40,  6.05s/epoch, best=1.264e+02, sign=0.193, train=1.264e+02, val=1.260e+02]
GNN flow training:  14%|█▍        | 14/100 [01:31<08:40,  6.05s/epoch, best=1.260e+02, sign=0.193, train=1.260e+02, val=1.254e+02]
GNN flow training:  15%|█▌        | 15/100 [01:31<08:37,  6.09s/epoch, best=1.260e+02, sign=0.193, train=1.260e+02, val=1.254e+02]
GNN flow training:  15%|█▌        | 15/100 [01:37<08:37,  6.09s/epoch, best=1.254e+02, sign=0.193, train=1.254e+02, val=1.251e+02]
GNN flow training:  16%|█▌        | 16/100 [01:37<08:30,  6.08s/epoch, best=1.254e+02, sign=0.193, train=1.254e+02, val=1.251e+02]
GNN flow training:  16%|█▌        | 16/100 [01:43<08:30,  6.08s/epoch, best=1.251e+02, sign=0.193, train=1.251e+02, val=1.252e+02]
GNN flow training:  17%|█▋        | 17/100 [01:43<08:23,  6.07s/epoch, best=1.251e+02, sign=0.193, train=1.251e+02, val=1.252e+02]
GNN flow training:  17%|█▋        | 17/100 [01:49<08:23,  6.07s/epoch, best=1.251e+02, sign=0.194, train=1.253e+02, val=1.253e+02]
GNN flow training:  18%|█▊        | 18/100 [01:49<08:17,  6.07s/epoch, best=1.251e+02, sign=0.194, train=1.253e+02, val=1.253e+02]
GNN flow training:  18%|█▊        | 18/100 [01:55<08:17,  6.07s/epoch, best=1.251e+02, sign=0.196, train=1.253e+02, val=1.250e+02]
GNN flow training:  19%|█▉        | 19/100 [01:55<08:10,  6.05s/epoch, best=1.251e+02, sign=0.196, train=1.253e+02, val=1.250e+02]
GNN flow training:  19%|█▉        | 19/100 [02:01<08:10,  6.05s/epoch, best=1.250e+02, sign=0.197, train=1.250e+02, val=1.250e+02]
GNN flow training:  20%|██        | 20/100 [02:01<08:04,  6.06s/epoch, best=1.250e+02, sign=0.197, train=1.250e+02, val=1.250e+02]
GNN flow training:  20%|██        | 20/100 [02:07<08:04,  6.06s/epoch, best=1.250e+02, sign=0.199, train=1.251e+02, val=1.247e+02]
GNN flow training:  21%|██        | 21/100 [02:07<07:57,  6.05s/epoch, best=1.250e+02, sign=0.199, train=1.251e+02, val=1.247e+02]
GNN flow training:  21%|██        | 21/100 [02:13<07:57,  6.05s/epoch, best=1.247e+02, sign=0.201, train=1.247e+02, val=1.250e+02]
GNN flow training:  22%|██▏       | 22/100 [02:13<07:50,  6.03s/epoch, best=1.247e+02, sign=0.201, train=1.247e+02, val=1.250e+02]
GNN flow training:  22%|██▏       | 22/100 [02:19<07:50,  6.03s/epoch, best=1.247e+02, sign=0.202, train=1.250e+02, val=1.243e+02]
GNN flow training:  23%|██▎       | 23/100 [02:19<07:45,  6.05s/epoch, best=1.247e+02, sign=0.202, train=1.250e+02, val=1.243e+02]
GNN flow training:  23%|██▎       | 23/100 [02:25<07:45,  6.05s/epoch, best=1.243e+02, sign=0.202, train=1.243e+02, val=1.232e+02]
GNN flow training:  24%|██▍       | 24/100 [02:25<07:40,  6.06s/epoch, best=1.243e+02, sign=0.202, train=1.243e+02, val=1.232e+02]
GNN flow training:  24%|██▍       | 24/100 [02:31<07:40,  6.06s/epoch, best=1.232e+02, sign=0.200, train=1.232e+02, val=1.229e+02]
GNN flow training:  25%|██▌       | 25/100 [02:31<07:34,  6.06s/epoch, best=1.232e+02, sign=0.200, train=1.232e+02, val=1.229e+02]
GNN flow training:  25%|██▌       | 25/100 [02:37<07:34,  6.06s/epoch, best=1.229e+02, sign=0.198, train=1.229e+02, val=1.225e+02]
GNN flow training:  26%|██▌       | 26/100 [02:37<07:29,  6.07s/epoch, best=1.229e+02, sign=0.198, train=1.229e+02, val=1.225e+02]
GNN flow training:  26%|██▌       | 26/100 [02:43<07:29,  6.07s/epoch, best=1.225e+02, sign=0.196, train=1.225e+02, val=1.217e+02]
GNN flow training:  27%|██▋       | 27/100 [02:43<07:22,  6.06s/epoch, best=1.225e+02, sign=0.196, train=1.225e+02, val=1.217e+02]
GNN flow training:  27%|██▋       | 27/100 [02:49<07:22,  6.06s/epoch, best=1.217e+02, sign=0.196, train=1.217e+02, val=1.209e+02]
GNN flow training:  28%|██▊       | 28/100 [02:49<07:16,  6.07s/epoch, best=1.217e+02, sign=0.196, train=1.217e+02, val=1.209e+02]
GNN flow training:  28%|██▊       | 28/100 [02:56<07:16,  6.07s/epoch, best=1.209e+02, sign=0.195, train=1.209e+02, val=1.200e+02]
GNN flow training:  29%|██▉       | 29/100 [02:56<07:10,  6.07s/epoch, best=1.209e+02, sign=0.195, train=1.209e+02, val=1.200e+02]
GNN flow training:  29%|██▉       | 29/100 [03:02<07:10,  6.07s/epoch, best=1.200e+02, sign=0.196, train=1.201e+02, val=1.187e+02]
GNN flow training:  30%|███       | 30/100 [03:02<07:04,  6.06s/epoch, best=1.200e+02, sign=0.196, train=1.201e+02, val=1.187e+02]
GNN flow training:  30%|███       | 30/100 [03:08<07:04,  6.06s/epoch, best=1.187e+02, sign=0.191, train=1.187e+02, val=1.180e+02]
GNN flow training:  31%|███       | 31/100 [03:08<06:57,  6.05s/epoch, best=1.187e+02, sign=0.191, train=1.187e+02, val=1.180e+02]
GNN flow training:  31%|███       | 31/100 [03:14<06:57,  6.05s/epoch, best=1.180e+02, sign=0.187, train=1.180e+02, val=1.168e+02]
GNN flow training:  32%|███▏      | 32/100 [03:14<06:52,  6.07s/epoch, best=1.180e+02, sign=0.187, train=1.180e+02, val=1.168e+02]
GNN flow training:  32%|███▏      | 32/100 [03:20<06:52,  6.07s/epoch, best=1.168e+02, sign=0.183, train=1.168e+02, val=1.156e+02]
GNN flow training:  33%|███▎      | 33/100 [03:20<06:46,  6.06s/epoch, best=1.168e+02, sign=0.183, train=1.168e+02, val=1.156e+02]
GNN flow training:  33%|███▎      | 33/100 [03:26<06:46,  6.06s/epoch, best=1.156e+02, sign=0.177, train=1.156e+02, val=1.140e+02]
GNN flow training:  34%|███▍      | 34/100 [03:26<06:39,  6.05s/epoch, best=1.156e+02, sign=0.177, train=1.156e+02, val=1.140e+02]
GNN flow training:  34%|███▍      | 34/100 [03:32<06:39,  6.05s/epoch, best=1.140e+02, sign=0.175, train=1.140e+02, val=1.133e+02]
GNN flow training:  35%|███▌      | 35/100 [03:32<06:32,  6.05s/epoch, best=1.140e+02, sign=0.175, train=1.140e+02, val=1.133e+02]
GNN flow training:  35%|███▌      | 35/100 [03:38<06:32,  6.05s/epoch, best=1.133e+02, sign=0.176, train=1.133e+02, val=1.126e+02]
GNN flow training:  36%|███▌      | 36/100 [03:38<06:25,  6.03s/epoch, best=1.133e+02, sign=0.176, train=1.133e+02, val=1.126e+02]
GNN flow training:  36%|███▌      | 36/100 [03:44<06:25,  6.03s/epoch, best=1.126e+02, sign=0.178, train=1.126e+02, val=1.134e+02]
GNN flow training:  37%|███▋      | 37/100 [03:44<06:19,  6.03s/epoch, best=1.126e+02, sign=0.178, train=1.126e+02, val=1.134e+02]
GNN flow training:  37%|███▋      | 37/100 [03:50<06:19,  6.03s/epoch, best=1.126e+02, sign=0.177, train=1.134e+02, val=1.127e+02]
GNN flow training:  38%|███▊      | 38/100 [03:50<06:12,  6.02s/epoch, best=1.126e+02, sign=0.177, train=1.134e+02, val=1.127e+02]
GNN flow training:  38%|███▊      | 38/100 [03:56<06:12,  6.02s/epoch, best=1.126e+02, sign=0.177, train=1.127e+02, val=1.114e+02]
GNN flow training:  39%|███▉      | 39/100 [03:56<06:07,  6.03s/epoch, best=1.126e+02, sign=0.177, train=1.127e+02, val=1.114e+02]
GNN flow training:  39%|███▉      | 39/100 [04:02<06:07,  6.03s/epoch, best=1.114e+02, sign=0.173, train=1.114e+02, val=1.100e+02]
GNN flow training:  40%|████      | 40/100 [04:02<06:01,  6.03s/epoch, best=1.114e+02, sign=0.173, train=1.114e+02, val=1.100e+02]
GNN flow training:  40%|████      | 40/100 [04:08<06:01,  6.03s/epoch, best=1.100e+02, sign=0.169, train=1.100e+02, val=1.098e+02]
GNN flow training:  41%|████      | 41/100 [04:08<05:54,  6.01s/epoch, best=1.100e+02, sign=0.169, train=1.100e+02, val=1.098e+02]
GNN flow training:  41%|████      | 41/100 [04:14<05:54,  6.01s/epoch, best=1.098e+02, sign=0.166, train=1.098e+02, val=1.105e+02]
GNN flow training:  42%|████▏     | 42/100 [04:14<05:48,  6.01s/epoch, best=1.098e+02, sign=0.166, train=1.098e+02, val=1.105e+02]
GNN flow training:  42%|████▏     | 42/100 [04:20<05:48,  6.01s/epoch, best=1.098e+02, sign=0.168, train=1.105e+02, val=1.098e+02]
GNN flow training:  43%|████▎     | 43/100 [04:20<05:42,  6.02s/epoch, best=1.098e+02, sign=0.168, train=1.105e+02, val=1.098e+02]
GNN flow training:  43%|████▎     | 43/100 [04:26<05:42,  6.02s/epoch, best=1.098e+02, sign=0.182, train=1.098e+02, val=1.104e+02]
GNN flow training:  44%|████▍     | 44/100 [04:26<05:37,  6.02s/epoch, best=1.098e+02, sign=0.182, train=1.098e+02, val=1.104e+02]
GNN flow training:  44%|████▍     | 44/100 [04:32<05:37,  6.02s/epoch, best=1.098e+02, sign=0.202, train=1.104e+02, val=1.126e+02]
GNN flow training:  45%|████▌     | 45/100 [04:32<05:30,  6.02s/epoch, best=1.098e+02, sign=0.202, train=1.104e+02, val=1.126e+02]
GNN flow training:  45%|████▌     | 45/100 [04:38<05:30,  6.02s/epoch, best=1.098e+02, sign=0.204, train=1.126e+02, val=1.119e+02]
GNN flow training:  46%|████▌     | 46/100 [04:38<05:25,  6.03s/epoch, best=1.098e+02, sign=0.204, train=1.126e+02, val=1.119e+02]
GNN flow training:  46%|████▌     | 46/100 [04:44<05:25,  6.03s/epoch, best=1.098e+02, sign=0.210, train=1.119e+02, val=1.128e+02]
GNN flow training:  47%|████▋     | 47/100 [04:44<05:19,  6.03s/epoch, best=1.098e+02, sign=0.210, train=1.119e+02, val=1.128e+02]
GNN flow training:  47%|████▋     | 47/100 [04:50<05:19,  6.03s/epoch, best=1.098e+02, sign=0.201, train=1.129e+02, val=1.112e+02]
GNN flow training:  48%|████▊     | 48/100 [04:50<05:13,  6.03s/epoch, best=1.098e+02, sign=0.201, train=1.129e+02, val=1.112e+02]
GNN flow training:  48%|████▊     | 48/100 [04:56<05:13,  6.03s/epoch, best=1.098e+02, sign=0.190, train=1.112e+02, val=1.094e+02]
GNN flow training:  49%|████▉     | 49/100 [04:56<05:07,  6.04s/epoch, best=1.098e+02, sign=0.190, train=1.112e+02, val=1.094e+02]
GNN flow training:  49%|████▉     | 49/100 [05:02<05:07,  6.04s/epoch, best=1.094e+02, sign=0.182, train=1.095e+02, val=1.077e+02]
GNN flow training:  50%|█████     | 50/100 [05:02<05:01,  6.03s/epoch, best=1.094e+02, sign=0.182, train=1.095e+02, val=1.077e+02]
GNN flow training:  50%|█████     | 50/100 [05:08<05:01,  6.03s/epoch, best=1.077e+02, sign=0.178, train=1.077e+02, val=1.070e+02]
GNN flow training:  51%|█████     | 51/100 [05:08<04:54,  6.02s/epoch, best=1.077e+02, sign=0.178, train=1.077e+02, val=1.070e+02]
GNN flow training:  51%|█████     | 51/100 [05:14<04:54,  6.02s/epoch, best=1.070e+02, sign=0.174, train=1.070e+02, val=1.058e+02]
GNN flow training:  52%|█████▏    | 52/100 [05:14<04:49,  6.04s/epoch, best=1.070e+02, sign=0.174, train=1.070e+02, val=1.058e+02]
GNN flow training:  52%|█████▏    | 52/100 [05:20<04:49,  6.04s/epoch, best=1.058e+02, sign=0.171, train=1.058e+02, val=1.051e+02]
GNN flow training:  53%|█████▎    | 53/100 [05:20<04:43,  6.03s/epoch, best=1.058e+02, sign=0.171, train=1.058e+02, val=1.051e+02]
GNN flow training:  53%|█████▎    | 53/100 [05:26<04:43,  6.03s/epoch, best=1.051e+02, sign=0.168, train=1.051e+02, val=1.044e+02]
GNN flow training:  54%|█████▍    | 54/100 [05:26<04:37,  6.04s/epoch, best=1.051e+02, sign=0.168, train=1.051e+02, val=1.044e+02]
GNN flow training:  54%|█████▍    | 54/100 [05:32<04:37,  6.04s/epoch, best=1.044e+02, sign=0.165, train=1.044e+02, val=1.034e+02]
GNN flow training:  55%|█████▌    | 55/100 [05:32<04:31,  6.03s/epoch, best=1.044e+02, sign=0.165, train=1.044e+02, val=1.034e+02]
GNN flow training:  55%|█████▌    | 55/100 [05:38<04:31,  6.03s/epoch, best=1.034e+02, sign=0.166, train=1.034e+02, val=1.026e+02]
GNN flow training:  56%|█████▌    | 56/100 [05:38<04:25,  6.03s/epoch, best=1.034e+02, sign=0.166, train=1.034e+02, val=1.026e+02]
GNN flow training:  56%|█████▌    | 56/100 [05:44<04:25,  6.03s/epoch, best=1.026e+02, sign=0.165, train=1.026e+02, val=1.023e+02]
GNN flow training:  57%|█████▋    | 57/100 [05:44<04:19,  6.04s/epoch, best=1.026e+02, sign=0.165, train=1.026e+02, val=1.023e+02]
GNN flow training:  57%|█████▋    | 57/100 [05:50<04:19,  6.04s/epoch, best=1.023e+02, sign=0.163, train=1.023e+02, val=1.017e+02]
GNN flow training:  58%|█████▊    | 58/100 [05:50<04:13,  6.03s/epoch, best=1.023e+02, sign=0.163, train=1.023e+02, val=1.017e+02]
GNN flow training:  58%|█████▊    | 58/100 [05:56<04:13,  6.03s/epoch, best=1.017e+02, sign=0.163, train=1.017e+02, val=1.014e+02]
GNN flow training:  59%|█████▉    | 59/100 [05:56<04:07,  6.04s/epoch, best=1.017e+02, sign=0.163, train=1.017e+02, val=1.014e+02]
GNN flow training:  59%|█████▉    | 59/100 [06:03<04:07,  6.04s/epoch, best=1.014e+02, sign=0.164, train=1.014e+02, val=1.011e+02]
GNN flow training:  60%|██████    | 60/100 [06:03<04:02,  6.06s/epoch, best=1.014e+02, sign=0.164, train=1.014e+02, val=1.011e+02]
GNN flow training:  60%|██████    | 60/100 [06:09<04:02,  6.06s/epoch, best=1.011e+02, sign=0.163, train=1.012e+02, val=1.013e+02]
GNN flow training:  61%|██████    | 61/100 [06:09<03:55,  6.04s/epoch, best=1.011e+02, sign=0.163, train=1.012e+02, val=1.013e+02]
GNN flow training:  61%|██████    | 61/100 [06:15<03:55,  6.04s/epoch, best=1.011e+02, sign=0.161, train=1.013e+02, val=1.017e+02]
GNN flow training:  62%|██████▏   | 62/100 [06:15<03:49,  6.04s/epoch, best=1.011e+02, sign=0.161, train=1.013e+02, val=1.017e+02]
GNN flow training:  62%|██████▏   | 62/100 [06:21<03:49,  6.04s/epoch, best=1.011e+02, sign=0.160, train=1.017e+02, val=1.012e+02]
GNN flow training:  63%|██████▎   | 63/100 [06:21<03:42,  6.01s/epoch, best=1.011e+02, sign=0.160, train=1.017e+02, val=1.012e+02]
GNN flow training:  63%|██████▎   | 63/100 [06:27<03:42,  6.01s/epoch, best=1.011e+02, sign=0.161, train=1.012e+02, val=1.003e+02]
GNN flow training:  64%|██████▍   | 64/100 [06:27<03:36,  6.00s/epoch, best=1.011e+02, sign=0.161, train=1.012e+02, val=1.003e+02]
GNN flow training:  64%|██████▍   | 64/100 [06:33<03:36,  6.00s/epoch, best=1.003e+02, sign=0.160, train=1.003e+02, val=1.007e+02]
GNN flow training:  65%|██████▌   | 65/100 [06:33<03:30,  6.01s/epoch, best=1.003e+02, sign=0.160, train=1.003e+02, val=1.007e+02]
GNN flow training:  65%|██████▌   | 65/100 [06:39<03:30,  6.01s/epoch, best=1.003e+02, sign=0.159, train=1.007e+02, val=1.002e+02]
GNN flow training:  66%|██████▌   | 66/100 [06:39<03:24,  6.01s/epoch, best=1.003e+02, sign=0.159, train=1.007e+02, val=1.002e+02]
GNN flow training:  66%|██████▌   | 66/100 [06:45<03:24,  6.01s/epoch, best=1.002e+02, sign=0.160, train=1.002e+02, val=9.992e+01]
GNN flow training:  67%|██████▋   | 67/100 [06:45<03:18,  6.02s/epoch, best=1.002e+02, sign=0.160, train=1.002e+02, val=9.992e+01]
GNN flow training:  67%|██████▋   | 67/100 [06:51<03:18,  6.02s/epoch, best=9.992e+01, sign=0.161, train=9.993e+01, val=9.926e+01]
GNN flow training:  68%|██████▊   | 68/100 [06:51<03:12,  6.01s/epoch, best=9.992e+01, sign=0.161, train=9.993e+01, val=9.926e+01]
GNN flow training:  68%|██████▊   | 68/100 [06:57<03:12,  6.01s/epoch, best=9.926e+01, sign=0.158, train=9.926e+01, val=9.926e+01]
GNN flow training:  69%|██████▉   | 69/100 [06:57<03:06,  6.02s/epoch, best=9.926e+01, sign=0.158, train=9.926e+01, val=9.926e+01]
GNN flow training:  69%|██████▉   | 69/100 [07:03<03:06,  6.02s/epoch, best=9.926e+01, sign=0.157, train=9.927e+01, val=1.002e+02]
GNN flow training:  70%|███████   | 70/100 [07:03<03:00,  6.02s/epoch, best=9.926e+01, sign=0.157, train=9.927e+01, val=1.002e+02]
GNN flow training:  70%|███████   | 70/100 [07:09<03:00,  6.02s/epoch, best=9.926e+01, sign=0.156, train=1.002e+02, val=9.937e+01]
GNN flow training:  71%|███████   | 71/100 [07:09<02:54,  6.03s/epoch, best=9.926e+01, sign=0.156, train=1.002e+02, val=9.937e+01]
GNN flow training:  71%|███████   | 71/100 [07:15<02:54,  6.03s/epoch, best=9.926e+01, sign=0.156, train=9.937e+01, val=9.959e+01]
GNN flow training:  72%|███████▏  | 72/100 [07:15<02:48,  6.02s/epoch, best=9.926e+01, sign=0.156, train=9.937e+01, val=9.959e+01]
GNN flow training:  72%|███████▏  | 72/100 [07:21<02:48,  6.02s/epoch, best=9.926e+01, sign=0.154, train=9.959e+01, val=9.982e+01]
GNN flow training:  73%|███████▎  | 73/100 [07:21<02:42,  6.01s/epoch, best=9.926e+01, sign=0.154, train=9.959e+01, val=9.982e+01]
GNN flow training:  73%|███████▎  | 73/100 [07:27<02:42,  6.01s/epoch, best=9.926e+01, sign=0.155, train=9.983e+01, val=1.008e+02]
GNN flow training:  74%|███████▍  | 74/100 [07:27<02:35,  5.99s/epoch, best=9.926e+01, sign=0.155, train=9.983e+01, val=1.008e+02]
GNN flow training:  74%|███████▍  | 74/100 [07:33<02:35,  5.99s/epoch, best=9.926e+01, sign=0.158, train=1.008e+02, val=9.957e+01]
GNN flow training:  75%|███████▌  | 75/100 [07:33<02:29,  5.99s/epoch, best=9.926e+01, sign=0.158, train=1.008e+02, val=9.957e+01]
GNN flow training:  75%|███████▌  | 75/100 [07:39<02:29,  5.99s/epoch, best=9.926e+01, sign=0.159, train=9.958e+01, val=9.964e+01]
GNN flow training:  76%|███████▌  | 76/100 [07:39<02:23,  5.98s/epoch, best=9.926e+01, sign=0.159, train=9.958e+01, val=9.964e+01]
GNN flow training:  76%|███████▌  | 76/100 [07:45<02:23,  5.98s/epoch, best=9.926e+01, sign=0.164, train=9.964e+01, val=1.009e+02]
GNN flow training:  77%|███████▋  | 77/100 [07:45<02:17,  5.99s/epoch, best=9.926e+01, sign=0.164, train=9.964e+01, val=1.009e+02]
GNN flow training:  77%|███████▋  | 77/100 [07:51<02:17,  5.99s/epoch, best=9.926e+01, sign=0.167, train=1.009e+02, val=1.007e+02]
GNN flow training:  78%|███████▊  | 78/100 [07:51<02:11,  5.99s/epoch, best=9.926e+01, sign=0.167, train=1.009e+02, val=1.007e+02]
GNN flow training:  78%|███████▊  | 78/100 [07:57<02:11,  5.99s/epoch, best=9.926e+01, sign=0.168, train=1.007e+02, val=1.003e+02]
GNN flow training:  79%|███████▉  | 79/100 [07:57<02:05,  5.98s/epoch, best=9.926e+01, sign=0.168, train=1.007e+02, val=1.003e+02]
GNN flow training:  79%|███████▉  | 79/100 [08:03<02:05,  5.98s/epoch, best=9.926e+01, sign=0.167, train=1.003e+02, val=9.854e+01]
GNN flow training:  80%|████████  | 80/100 [08:03<01:59,  5.99s/epoch, best=9.926e+01, sign=0.167, train=1.003e+02, val=9.854e+01]
GNN flow training:  80%|████████  | 80/100 [08:09<01:59,  5.99s/epoch, best=9.854e+01, sign=0.165, train=9.854e+01, val=9.660e+01]
GNN flow training:  81%|████████  | 81/100 [08:09<01:53,  5.99s/epoch, best=9.854e+01, sign=0.165, train=9.854e+01, val=9.660e+01]
GNN flow training:  81%|████████  | 81/100 [08:15<01:53,  5.99s/epoch, best=9.660e+01, sign=0.159, train=9.661e+01, val=9.760e+01]
GNN flow training:  82%|████████▏ | 82/100 [08:15<01:47,  5.99s/epoch, best=9.660e+01, sign=0.159, train=9.661e+01, val=9.760e+01]
GNN flow training:  82%|████████▏ | 82/100 [08:21<01:47,  5.99s/epoch, best=9.660e+01, sign=0.161, train=9.761e+01, val=9.747e+01]
GNN flow training:  83%|████████▎ | 83/100 [08:21<01:41,  5.98s/epoch, best=9.660e+01, sign=0.161, train=9.761e+01, val=9.747e+01]
GNN flow training:  83%|████████▎ | 83/100 [08:27<01:41,  5.98s/epoch, best=9.660e+01, sign=0.162, train=9.748e+01, val=9.653e+01]
GNN flow training:  84%|████████▍ | 84/100 [08:27<01:36,  6.00s/epoch, best=9.660e+01, sign=0.162, train=9.748e+01, val=9.653e+01]
GNN flow training:  84%|████████▍ | 84/100 [08:33<01:36,  6.00s/epoch, best=9.653e+01, sign=0.162, train=9.654e+01, val=9.601e+01]
GNN flow training:  85%|████████▌ | 85/100 [08:33<01:29,  5.99s/epoch, best=9.653e+01, sign=0.162, train=9.654e+01, val=9.601e+01]
GNN flow training:  85%|████████▌ | 85/100 [08:39<01:29,  5.99s/epoch, best=9.601e+01, sign=0.164, train=9.602e+01, val=9.526e+01]
GNN flow training:  86%|████████▌ | 86/100 [08:39<01:23,  5.99s/epoch, best=9.601e+01, sign=0.164, train=9.602e+01, val=9.526e+01]
GNN flow training:  86%|████████▌ | 86/100 [08:45<01:23,  5.99s/epoch, best=9.526e+01, sign=0.164, train=9.526e+01, val=9.382e+01]
GNN flow training:  87%|████████▋ | 87/100 [08:45<01:17,  5.99s/epoch, best=9.526e+01, sign=0.164, train=9.526e+01, val=9.382e+01]
GNN flow training:  87%|████████▋ | 87/100 [08:51<01:17,  5.99s/epoch, best=9.382e+01, sign=0.161, train=9.383e+01, val=9.262e+01]
GNN flow training:  88%|████████▊ | 88/100 [08:51<01:11,  6.00s/epoch, best=9.382e+01, sign=0.161, train=9.383e+01, val=9.262e+01]
GNN flow training:  88%|████████▊ | 88/100 [08:57<01:11,  6.00s/epoch, best=9.262e+01, sign=0.162, train=9.263e+01, val=9.221e+01]
GNN flow training:  89%|████████▉ | 89/100 [08:57<01:06,  6.02s/epoch, best=9.262e+01, sign=0.162, train=9.263e+01, val=9.221e+01]
GNN flow training:  89%|████████▉ | 89/100 [09:03<01:06,  6.02s/epoch, best=9.221e+01, sign=0.164, train=9.222e+01, val=9.103e+01]
GNN flow training:  90%|█████████ | 90/100 [09:03<01:00,  6.02s/epoch, best=9.221e+01, sign=0.164, train=9.222e+01, val=9.103e+01]
GNN flow training:  90%|█████████ | 90/100 [09:09<01:00,  6.02s/epoch, best=9.103e+01, sign=0.155, train=9.104e+01, val=9.068e+01]
GNN flow training:  91%|█████████ | 91/100 [09:09<00:54,  6.02s/epoch, best=9.103e+01, sign=0.155, train=9.104e+01, val=9.068e+01]
GNN flow training:  91%|█████████ | 91/100 [09:15<00:54,  6.02s/epoch, best=9.068e+01, sign=0.152, train=9.069e+01, val=9.118e+01]
GNN flow training:  92%|█████████▏| 92/100 [09:15<00:48,  6.03s/epoch, best=9.068e+01, sign=0.152, train=9.069e+01, val=9.118e+01]
GNN flow training:  92%|█████████▏| 92/100 [09:21<00:48,  6.03s/epoch, best=9.068e+01, sign=0.153, train=9.118e+01, val=9.079e+01]
GNN flow training:  93%|█████████▎| 93/100 [09:21<00:42,  6.02s/epoch, best=9.068e+01, sign=0.153, train=9.118e+01, val=9.079e+01]
GNN flow training:  93%|█████████▎| 93/100 [09:27<00:42,  6.02s/epoch, best=9.068e+01, sign=0.147, train=9.080e+01, val=9.080e+01]
GNN flow training:  94%|█████████▍| 94/100 [09:27<00:36,  6.01s/epoch, best=9.068e+01, sign=0.147, train=9.080e+01, val=9.080e+01]
GNN flow training:  94%|█████████▍| 94/100 [09:33<00:36,  6.01s/epoch, best=9.068e+01, sign=0.153, train=9.080e+01, val=9.040e+01]
GNN flow training:  95%|█████████▌| 95/100 [09:33<00:30,  6.02s/epoch, best=9.068e+01, sign=0.153, train=9.080e+01, val=9.040e+01]
GNN flow training:  95%|█████████▌| 95/100 [09:39<00:30,  6.02s/epoch, best=9.040e+01, sign=0.148, train=9.041e+01, val=9.069e+01]
GNN flow training:  96%|█████████▌| 96/100 [09:39<00:23,  6.00s/epoch, best=9.040e+01, sign=0.148, train=9.041e+01, val=9.069e+01]
GNN flow training:  96%|█████████▌| 96/100 [09:45<00:23,  6.00s/epoch, best=9.040e+01, sign=0.149, train=9.069e+01, val=9.115e+01]
GNN flow training:  97%|█████████▋| 97/100 [09:45<00:17,  5.99s/epoch, best=9.040e+01, sign=0.149, train=9.069e+01, val=9.115e+01]
GNN flow training:  97%|█████████▋| 97/100 [09:51<00:17,  5.99s/epoch, best=9.040e+01, sign=0.141, train=9.116e+01, val=9.851e+01]
GNN flow training:  98%|█████████▊| 98/100 [09:51<00:11,  6.00s/epoch, best=9.040e+01, sign=0.141, train=9.116e+01, val=9.851e+01]
GNN flow training:  98%|█████████▊| 98/100 [09:57<00:11,  6.00s/epoch, best=9.040e+01, sign=0.139, train=9.852e+01, val=1.031e+02]
GNN flow training:  99%|█████████▉| 99/100 [09:57<00:05,  5.98s/epoch, best=9.040e+01, sign=0.139, train=9.852e+01, val=1.031e+02]
GNN flow training:  99%|█████████▉| 99/100 [10:03<00:05,  5.98s/epoch, best=9.040e+01, sign=0.141, train=1.031e+02, val=1.059e+02]
GNN flow training: 100%|██████████| 100/100 [10:03<00:00,  5.98s/epoch, best=9.040e+01, sign=0.141, train=1.031e+02, val=1.059e+02]
GNN flow training: 100%|██████████| 100/100 [10:03<00:00,  6.03s/epoch, best=9.040e+01, sign=0.141, train=1.031e+02, val=1.059e+02]
Resolved config snapshot:
{'preset': 'solver_QKB_outer_QKBdelta', 'gnn_outer_losses': {'flow': 1.0, 'kirchhoff': 10.0, 'boundary': 100.0, 'delta_l2': 10.0, 'delta_smooth': 0.0, 'pressure_shape': 0.0}, 'physics': {'arterial_flow_mode': 'dataset', 'pressure_constraints': ['equal-a-equal-v'], 'alpha_pa': None, 'use_snr_weights': True, 'use_observed_flow_snr_weighting': True, 'flow_scale_mode': 'median_abs', 'solver_device': 'same', 'pressure_solver_mode': 'reduced-soft-constrained-lstsq', 'pressure_solver_lambda_kirchhoff': 1.0, 'pressure_solver_lambda_pressure_constraints': 100.0, 'pressure_solver_lambda_flow_residual': 1.0, 'pressure_shape_reference': 'delta_zero_reference', 'pressure_detach': False}, 'correction_bounds': {'correction_min': -0.5, 'correction_max': 0.5, 'correction_bound': 0.5, 'correction_parameterization': 'tanh'}, 'optimization': {'learning_rate': 0.001, 'weight_decay': 0.0001, 'gradient_clip_norm': 5.0, 'optimizer': 'adamw', 'epochs': 100, 'patience': 40}}
Shard 27/80: 1 of 80 runs
Command: /mnt/home/sswee/miniforge3/envs/yolk-sac/bin/python /mnt/home/sswee/yolk/Yolk-Sac-Flow-Data-and-Sim/gnn_clean/scripts/python/gnn_flow.py /mnt/home/sswee/yolk/Yolk-Sac-Flow-Data-and-Sim/gnn_clean/datasets/mosaic_graph_canonical_harmonized/mosaic_graph_canonical_harmonized.gpickle --output-dir /mnt/home/sswee/yolk/Yolk-Sac-Flow-Data-and-Sim/gnn_clean/outputs_canonical/dc/02_physics_weight_sweep/gnn --run-name q_1__k_10__delta_10 --preset solver_QKB_outer_QKBdelta --device cuda --epochs 100 --seed 0 --viscosity-pa-s 0.0035 --config /mnt/home/sswee/yolk/Yolk-Sac-Flow-Data-and-Sim/gnn_clean/outputs_canonical/dc/02_physics_weight_sweep/_generated_configs/q_1__k_10__delta_10.yaml --no-pressure-detach
