[info] DC Step 2 canonical sweep uses fixed lambda_B=100.0 for both the outer boundary loss and the reduced pressure-solver boundary constraint.

GNN flow training:   0%|          | 0/100 [00:00<?, ?epoch/s]
GNN flow training:   0%|          | 0/100 [00:06<?, ?epoch/s, best=1.276e+03, sign=0.194, train=1.277e+03, val=1.276e+03]
GNN flow training:   1%|          | 1/100 [00:06<10:22,  6.29s/epoch, best=1.276e+03, sign=0.194, train=1.277e+03, val=1.276e+03]
GNN flow training:   1%|          | 1/100 [00:12<10:22,  6.29s/epoch, best=1.276e+03, sign=0.194, train=1.278e+03, val=1.279e+03]
GNN flow training:   2%|▏         | 2/100 [00:12<10:12,  6.25s/epoch, best=1.276e+03, sign=0.194, train=1.278e+03, val=1.279e+03]
GNN flow training:   2%|▏         | 2/100 [00:18<10:12,  6.25s/epoch, best=1.276e+03, sign=0.194, train=1.280e+03, val=1.278e+03]
GNN flow training:   3%|▎         | 3/100 [00:18<09:58,  6.17s/epoch, best=1.276e+03, sign=0.194, train=1.280e+03, val=1.278e+03]
GNN flow training:   3%|▎         | 3/100 [00:24<09:58,  6.17s/epoch, best=1.276e+03, sign=0.194, train=1.279e+03, val=1.274e+03]
GNN flow training:   4%|▍         | 4/100 [00:24<09:51,  6.16s/epoch, best=1.276e+03, sign=0.194, train=1.279e+03, val=1.274e+03]
GNN flow training:   4%|▍         | 4/100 [00:30<09:51,  6.16s/epoch, best=1.274e+03, sign=0.194, train=1.275e+03, val=1.276e+03]
GNN flow training:   5%|▌         | 5/100 [00:30<09:43,  6.15s/epoch, best=1.274e+03, sign=0.194, train=1.275e+03, val=1.276e+03]
GNN flow training:   5%|▌         | 5/100 [00:37<09:43,  6.15s/epoch, best=1.274e+03, sign=0.194, train=1.277e+03, val=1.273e+03]
GNN flow training:   6%|▌         | 6/100 [00:37<09:37,  6.15s/epoch, best=1.274e+03, sign=0.194, train=1.277e+03, val=1.273e+03]
GNN flow training:   6%|▌         | 6/100 [00:43<09:37,  6.15s/epoch, best=1.273e+03, sign=0.194, train=1.274e+03, val=1.274e+03]
GNN flow training:   7%|▋         | 7/100 [00:43<09:31,  6.15s/epoch, best=1.273e+03, sign=0.194, train=1.274e+03, val=1.274e+03]
GNN flow training:   7%|▋         | 7/100 [00:49<09:31,  6.15s/epoch, best=1.273e+03, sign=0.194, train=1.276e+03, val=1.274e+03]
GNN flow training:   8%|▊         | 8/100 [00:49<09:27,  6.16s/epoch, best=1.273e+03, sign=0.194, train=1.276e+03, val=1.274e+03]
GNN flow training:   8%|▊         | 8/100 [00:55<09:27,  6.16s/epoch, best=1.273e+03, sign=0.194, train=1.276e+03, val=1.273e+03]
GNN flow training:   9%|▉         | 9/100 [00:55<09:21,  6.17s/epoch, best=1.273e+03, sign=0.194, train=1.276e+03, val=1.273e+03]
GNN flow training:   9%|▉         | 9/100 [01:01<09:21,  6.17s/epoch, best=1.273e+03, sign=0.194, train=1.274e+03, val=1.273e+03]
GNN flow training:  10%|█         | 10/100 [01:01<09:14,  6.16s/epoch, best=1.273e+03, sign=0.194, train=1.274e+03, val=1.273e+03]
GNN flow training:  10%|█         | 10/100 [01:07<09:14,  6.16s/epoch, best=1.273e+03, sign=0.195, train=1.274e+03, val=1.272e+03]
GNN flow training:  11%|█         | 11/100 [01:07<09:08,  6.16s/epoch, best=1.273e+03, sign=0.195, train=1.274e+03, val=1.272e+03]
GNN flow training:  11%|█         | 11/100 [01:14<09:08,  6.16s/epoch, best=1.272e+03, sign=0.194, train=1.273e+03, val=1.272e+03]
GNN flow training:  12%|█▏        | 12/100 [01:14<09:02,  6.17s/epoch, best=1.272e+03, sign=0.194, train=1.273e+03, val=1.272e+03]
GNN flow training:  12%|█▏        | 12/100 [01:20<09:02,  6.17s/epoch, best=1.272e+03, sign=0.195, train=1.274e+03, val=1.270e+03]
GNN flow training:  13%|█▎        | 13/100 [01:20<08:55,  6.15s/epoch, best=1.272e+03, sign=0.195, train=1.274e+03, val=1.270e+03]
GNN flow training:  13%|█▎        | 13/100 [01:26<08:55,  6.15s/epoch, best=1.270e+03, sign=0.194, train=1.272e+03, val=1.271e+03]
GNN flow training:  14%|█▍        | 14/100 [01:26<08:49,  6.16s/epoch, best=1.270e+03, sign=0.194, train=1.272e+03, val=1.271e+03]
GNN flow training:  14%|█▍        | 14/100 [01:32<08:49,  6.16s/epoch, best=1.270e+03, sign=0.194, train=1.273e+03, val=1.269e+03]
GNN flow training:  15%|█▌        | 15/100 [01:32<08:43,  6.15s/epoch, best=1.270e+03, sign=0.194, train=1.273e+03, val=1.269e+03]
GNN flow training:  15%|█▌        | 15/100 [01:38<08:43,  6.15s/epoch, best=1.269e+03, sign=0.194, train=1.270e+03, val=1.267e+03]
GNN flow training:  16%|█▌        | 16/100 [01:38<08:37,  6.15s/epoch, best=1.269e+03, sign=0.194, train=1.270e+03, val=1.267e+03]
GNN flow training:  16%|█▌        | 16/100 [01:44<08:37,  6.15s/epoch, best=1.267e+03, sign=0.194, train=1.268e+03, val=1.266e+03]
GNN flow training:  17%|█▋        | 17/100 [01:44<08:33,  6.19s/epoch, best=1.267e+03, sign=0.194, train=1.268e+03, val=1.266e+03]
GNN flow training:  17%|█▋        | 17/100 [01:51<08:33,  6.19s/epoch, best=1.266e+03, sign=0.194, train=1.267e+03, val=1.262e+03]
GNN flow training:  18%|█▊        | 18/100 [01:51<08:27,  6.18s/epoch, best=1.266e+03, sign=0.194, train=1.267e+03, val=1.262e+03]
GNN flow training:  18%|█▊        | 18/100 [01:57<08:27,  6.18s/epoch, best=1.262e+03, sign=0.194, train=1.264e+03, val=1.263e+03]
GNN flow training:  19%|█▉        | 19/100 [01:57<08:21,  6.19s/epoch, best=1.262e+03, sign=0.194, train=1.264e+03, val=1.263e+03]
GNN flow training:  19%|█▉        | 19/100 [02:03<08:21,  6.19s/epoch, best=1.262e+03, sign=0.193, train=1.264e+03, val=1.264e+03]
GNN flow training:  20%|██        | 20/100 [02:03<08:14,  6.18s/epoch, best=1.262e+03, sign=0.193, train=1.264e+03, val=1.264e+03]
GNN flow training:  20%|██        | 20/100 [02:09<08:14,  6.18s/epoch, best=1.262e+03, sign=0.193, train=1.265e+03, val=1.260e+03]
GNN flow training:  21%|██        | 21/100 [02:09<08:08,  6.18s/epoch, best=1.262e+03, sign=0.193, train=1.265e+03, val=1.260e+03]
GNN flow training:  21%|██        | 21/100 [02:15<08:08,  6.18s/epoch, best=1.260e+03, sign=0.193, train=1.262e+03, val=1.259e+03]
GNN flow training:  22%|██▏       | 22/100 [02:15<08:02,  6.18s/epoch, best=1.260e+03, sign=0.193, train=1.262e+03, val=1.259e+03]
GNN flow training:  22%|██▏       | 22/100 [02:21<08:02,  6.18s/epoch, best=1.259e+03, sign=0.192, train=1.260e+03, val=1.259e+03]
GNN flow training:  23%|██▎       | 23/100 [02:21<07:56,  6.19s/epoch, best=1.259e+03, sign=0.192, train=1.260e+03, val=1.259e+03]
GNN flow training:  23%|██▎       | 23/100 [02:28<07:56,  6.19s/epoch, best=1.259e+03, sign=0.192, train=1.261e+03, val=1.256e+03]
GNN flow training:  24%|██▍       | 24/100 [02:28<07:49,  6.17s/epoch, best=1.259e+03, sign=0.192, train=1.261e+03, val=1.256e+03]
GNN flow training:  24%|██▍       | 24/100 [02:34<07:49,  6.17s/epoch, best=1.256e+03, sign=0.192, train=1.258e+03, val=1.255e+03]
GNN flow training:  25%|██▌       | 25/100 [02:34<07:44,  6.20s/epoch, best=1.256e+03, sign=0.192, train=1.258e+03, val=1.255e+03]
GNN flow training:  25%|██▌       | 25/100 [02:40<07:44,  6.20s/epoch, best=1.255e+03, sign=0.192, train=1.257e+03, val=1.250e+03]
GNN flow training:  26%|██▌       | 26/100 [02:40<07:37,  6.19s/epoch, best=1.255e+03, sign=0.192, train=1.257e+03, val=1.250e+03]
GNN flow training:  26%|██▌       | 26/100 [02:46<07:37,  6.19s/epoch, best=1.250e+03, sign=0.192, train=1.251e+03, val=1.247e+03]
GNN flow training:  27%|██▋       | 27/100 [02:46<07:31,  6.18s/epoch, best=1.250e+03, sign=0.192, train=1.251e+03, val=1.247e+03]
GNN flow training:  27%|██▋       | 27/100 [02:52<07:31,  6.18s/epoch, best=1.247e+03, sign=0.192, train=1.249e+03, val=1.243e+03]
GNN flow training:  28%|██▊       | 28/100 [02:52<07:25,  6.19s/epoch, best=1.247e+03, sign=0.192, train=1.249e+03, val=1.243e+03]
GNN flow training:  28%|██▊       | 28/100 [02:59<07:25,  6.19s/epoch, best=1.243e+03, sign=0.192, train=1.245e+03, val=1.238e+03]
GNN flow training:  29%|██▉       | 29/100 [02:59<07:19,  6.19s/epoch, best=1.243e+03, sign=0.192, train=1.245e+03, val=1.238e+03]
GNN flow training:  29%|██▉       | 29/100 [03:05<07:19,  6.19s/epoch, best=1.238e+03, sign=0.192, train=1.240e+03, val=1.235e+03]
GNN flow training:  30%|███       | 30/100 [03:05<07:13,  6.19s/epoch, best=1.238e+03, sign=0.192, train=1.240e+03, val=1.235e+03]
GNN flow training:  30%|███       | 30/100 [03:11<07:13,  6.19s/epoch, best=1.235e+03, sign=0.191, train=1.236e+03, val=1.231e+03]
GNN flow training:  31%|███       | 31/100 [03:11<07:06,  6.18s/epoch, best=1.235e+03, sign=0.191, train=1.236e+03, val=1.231e+03]
GNN flow training:  31%|███       | 31/100 [03:17<07:06,  6.18s/epoch, best=1.231e+03, sign=0.191, train=1.232e+03, val=1.231e+03]
GNN flow training:  32%|███▏      | 32/100 [03:17<07:00,  6.18s/epoch, best=1.231e+03, sign=0.191, train=1.232e+03, val=1.231e+03]
GNN flow training:  32%|███▏      | 32/100 [03:23<07:00,  6.18s/epoch, best=1.231e+03, sign=0.192, train=1.232e+03, val=1.229e+03]
GNN flow training:  33%|███▎      | 33/100 [03:23<06:53,  6.17s/epoch, best=1.231e+03, sign=0.192, train=1.232e+03, val=1.229e+03]
GNN flow training:  33%|███▎      | 33/100 [03:29<06:53,  6.17s/epoch, best=1.229e+03, sign=0.193, train=1.230e+03, val=1.234e+03]
GNN flow training:  34%|███▍      | 34/100 [03:29<06:46,  6.16s/epoch, best=1.229e+03, sign=0.193, train=1.230e+03, val=1.234e+03]
GNN flow training:  34%|███▍      | 34/100 [03:36<06:46,  6.16s/epoch, best=1.229e+03, sign=0.194, train=1.235e+03, val=1.233e+03]
GNN flow training:  35%|███▌      | 35/100 [03:36<06:41,  6.17s/epoch, best=1.229e+03, sign=0.194, train=1.235e+03, val=1.233e+03]
GNN flow training:  35%|███▌      | 35/100 [03:42<06:41,  6.17s/epoch, best=1.229e+03, sign=0.194, train=1.235e+03, val=1.231e+03]
GNN flow training:  36%|███▌      | 36/100 [03:42<06:33,  6.15s/epoch, best=1.229e+03, sign=0.194, train=1.235e+03, val=1.231e+03]
GNN flow training:  36%|███▌      | 36/100 [03:48<06:33,  6.15s/epoch, best=1.229e+03, sign=0.191, train=1.233e+03, val=1.221e+03]
GNN flow training:  37%|███▋      | 37/100 [03:48<06:28,  6.16s/epoch, best=1.229e+03, sign=0.191, train=1.233e+03, val=1.221e+03]
GNN flow training:  37%|███▋      | 37/100 [03:54<06:28,  6.16s/epoch, best=1.221e+03, sign=0.190, train=1.223e+03, val=1.217e+03]
GNN flow training:  38%|███▊      | 38/100 [03:54<06:21,  6.16s/epoch, best=1.221e+03, sign=0.190, train=1.223e+03, val=1.217e+03]
GNN flow training:  38%|███▊      | 38/100 [04:00<06:21,  6.16s/epoch, best=1.217e+03, sign=0.188, train=1.218e+03, val=1.205e+03]
GNN flow training:  39%|███▉      | 39/100 [04:00<06:15,  6.16s/epoch, best=1.217e+03, sign=0.188, train=1.218e+03, val=1.205e+03]
GNN flow training:  39%|███▉      | 39/100 [04:06<06:15,  6.16s/epoch, best=1.205e+03, sign=0.187, train=1.207e+03, val=1.198e+03]
GNN flow training:  40%|████      | 40/100 [04:06<06:09,  6.16s/epoch, best=1.205e+03, sign=0.187, train=1.207e+03, val=1.198e+03]
GNN flow training:  40%|████      | 40/100 [04:12<06:09,  6.16s/epoch, best=1.198e+03, sign=0.187, train=1.199e+03, val=1.194e+03]
GNN flow training:  41%|████      | 41/100 [04:12<06:02,  6.15s/epoch, best=1.198e+03, sign=0.187, train=1.199e+03, val=1.194e+03]
GNN flow training:  41%|████      | 41/100 [04:19<06:02,  6.15s/epoch, best=1.194e+03, sign=0.186, train=1.196e+03, val=1.187e+03]
GNN flow training:  42%|████▏     | 42/100 [04:19<05:57,  6.17s/epoch, best=1.194e+03, sign=0.186, train=1.196e+03, val=1.187e+03]
GNN flow training:  42%|████▏     | 42/100 [04:25<05:57,  6.17s/epoch, best=1.187e+03, sign=0.184, train=1.188e+03, val=1.188e+03]
GNN flow training:  43%|████▎     | 43/100 [04:25<05:51,  6.17s/epoch, best=1.187e+03, sign=0.184, train=1.188e+03, val=1.188e+03]
GNN flow training:  43%|████▎     | 43/100 [04:31<05:51,  6.17s/epoch, best=1.187e+03, sign=0.185, train=1.189e+03, val=1.185e+03]
GNN flow training:  44%|████▍     | 44/100 [04:31<05:45,  6.16s/epoch, best=1.187e+03, sign=0.185, train=1.189e+03, val=1.185e+03]
GNN flow training:  44%|████▍     | 44/100 [04:37<05:45,  6.16s/epoch, best=1.185e+03, sign=0.185, train=1.187e+03, val=1.181e+03]
GNN flow training:  45%|████▌     | 45/100 [04:37<05:37,  6.13s/epoch, best=1.185e+03, sign=0.185, train=1.187e+03, val=1.181e+03]
GNN flow training:  45%|████▌     | 45/100 [04:43<05:37,  6.13s/epoch, best=1.181e+03, sign=0.186, train=1.182e+03, val=1.176e+03]
GNN flow training:  46%|████▌     | 46/100 [04:43<05:30,  6.13s/epoch, best=1.181e+03, sign=0.186, train=1.182e+03, val=1.176e+03]
GNN flow training:  46%|████▌     | 46/100 [04:49<05:30,  6.13s/epoch, best=1.176e+03, sign=0.186, train=1.178e+03, val=1.170e+03]
GNN flow training:  47%|████▋     | 47/100 [04:49<05:24,  6.13s/epoch, best=1.176e+03, sign=0.186, train=1.178e+03, val=1.170e+03]
GNN flow training:  47%|████▋     | 47/100 [04:56<05:24,  6.13s/epoch, best=1.170e+03, sign=0.186, train=1.172e+03, val=1.166e+03]
GNN flow training:  48%|████▊     | 48/100 [04:56<05:19,  6.15s/epoch, best=1.170e+03, sign=0.186, train=1.172e+03, val=1.166e+03]
GNN flow training:  48%|████▊     | 48/100 [05:02<05:19,  6.15s/epoch, best=1.166e+03, sign=0.184, train=1.167e+03, val=1.155e+03]
GNN flow training:  49%|████▉     | 49/100 [05:02<05:13,  6.15s/epoch, best=1.166e+03, sign=0.184, train=1.167e+03, val=1.155e+03]
GNN flow training:  49%|████▉     | 49/100 [05:08<05:13,  6.15s/epoch, best=1.155e+03, sign=0.183, train=1.156e+03, val=1.146e+03]
GNN flow training:  50%|█████     | 50/100 [05:08<05:06,  6.14s/epoch, best=1.155e+03, sign=0.183, train=1.156e+03, val=1.146e+03]
GNN flow training:  50%|█████     | 50/100 [05:14<05:06,  6.14s/epoch, best=1.146e+03, sign=0.181, train=1.147e+03, val=1.137e+03]
GNN flow training:  51%|█████     | 51/100 [05:14<05:00,  6.13s/epoch, best=1.146e+03, sign=0.181, train=1.147e+03, val=1.137e+03]
GNN flow training:  51%|█████     | 51/100 [05:20<05:00,  6.13s/epoch, best=1.137e+03, sign=0.180, train=1.138e+03, val=1.128e+03]
GNN flow training:  52%|█████▏    | 52/100 [05:20<04:54,  6.13s/epoch, best=1.137e+03, sign=0.180, train=1.138e+03, val=1.128e+03]
GNN flow training:  52%|█████▏    | 52/100 [05:26<04:54,  6.13s/epoch, best=1.128e+03, sign=0.179, train=1.129e+03, val=1.122e+03]
GNN flow training:  53%|█████▎    | 53/100 [05:26<04:49,  6.15s/epoch, best=1.128e+03, sign=0.179, train=1.129e+03, val=1.122e+03]
GNN flow training:  53%|█████▎    | 53/100 [05:32<04:49,  6.15s/epoch, best=1.122e+03, sign=0.178, train=1.123e+03, val=1.121e+03]
GNN flow training:  54%|█████▍    | 54/100 [05:32<04:42,  6.14s/epoch, best=1.122e+03, sign=0.178, train=1.123e+03, val=1.121e+03]
GNN flow training:  54%|█████▍    | 54/100 [05:38<04:42,  6.14s/epoch, best=1.121e+03, sign=0.178, train=1.122e+03, val=1.114e+03]
GNN flow training:  55%|█████▌    | 55/100 [05:38<04:36,  6.14s/epoch, best=1.121e+03, sign=0.178, train=1.122e+03, val=1.114e+03]
GNN flow training:  55%|█████▌    | 55/100 [05:45<04:36,  6.14s/epoch, best=1.114e+03, sign=0.177, train=1.115e+03, val=1.102e+03]
GNN flow training:  56%|█████▌    | 56/100 [05:45<04:29,  6.14s/epoch, best=1.114e+03, sign=0.177, train=1.115e+03, val=1.102e+03]
GNN flow training:  56%|█████▌    | 56/100 [05:51<04:29,  6.14s/epoch, best=1.102e+03, sign=0.178, train=1.102e+03, val=1.094e+03]
GNN flow training:  57%|█████▋    | 57/100 [05:51<04:24,  6.15s/epoch, best=1.102e+03, sign=0.178, train=1.102e+03, val=1.094e+03]
GNN flow training:  57%|█████▋    | 57/100 [05:57<04:24,  6.15s/epoch, best=1.094e+03, sign=0.177, train=1.095e+03, val=1.091e+03]
GNN flow training:  58%|█████▊    | 58/100 [05:57<04:17,  6.12s/epoch, best=1.094e+03, sign=0.177, train=1.095e+03, val=1.091e+03]
GNN flow training:  58%|█████▊    | 58/100 [06:03<04:17,  6.12s/epoch, best=1.091e+03, sign=0.178, train=1.092e+03, val=1.092e+03]
GNN flow training:  59%|█████▉    | 59/100 [06:03<04:10,  6.11s/epoch, best=1.091e+03, sign=0.178, train=1.092e+03, val=1.092e+03]
GNN flow training:  59%|█████▉    | 59/100 [06:09<04:10,  6.11s/epoch, best=1.091e+03, sign=0.177, train=1.093e+03, val=1.087e+03]
GNN flow training:  60%|██████    | 60/100 [06:09<04:04,  6.11s/epoch, best=1.091e+03, sign=0.177, train=1.093e+03, val=1.087e+03]
GNN flow training:  60%|██████    | 60/100 [06:15<04:04,  6.11s/epoch, best=1.087e+03, sign=0.176, train=1.088e+03, val=1.090e+03]
GNN flow training:  61%|██████    | 61/100 [06:15<03:57,  6.10s/epoch, best=1.087e+03, sign=0.176, train=1.088e+03, val=1.090e+03]
GNN flow training:  61%|██████    | 61/100 [06:21<03:57,  6.10s/epoch, best=1.087e+03, sign=0.177, train=1.090e+03, val=1.102e+03]
GNN flow training:  62%|██████▏   | 62/100 [06:21<03:53,  6.14s/epoch, best=1.087e+03, sign=0.177, train=1.090e+03, val=1.102e+03]
GNN flow training:  62%|██████▏   | 62/100 [06:27<03:53,  6.14s/epoch, best=1.087e+03, sign=0.177, train=1.103e+03, val=1.103e+03]
GNN flow training:  63%|██████▎   | 63/100 [06:27<03:46,  6.12s/epoch, best=1.087e+03, sign=0.177, train=1.103e+03, val=1.103e+03]
GNN flow training:  63%|██████▎   | 63/100 [06:34<03:46,  6.12s/epoch, best=1.087e+03, sign=0.177, train=1.104e+03, val=1.099e+03]
GNN flow training:  64%|██████▍   | 64/100 [06:34<03:40,  6.12s/epoch, best=1.087e+03, sign=0.177, train=1.104e+03, val=1.099e+03]
GNN flow training:  64%|██████▍   | 64/100 [06:40<03:40,  6.12s/epoch, best=1.087e+03, sign=0.175, train=1.100e+03, val=1.092e+03]
GNN flow training:  65%|██████▌   | 65/100 [06:40<03:33,  6.11s/epoch, best=1.087e+03, sign=0.175, train=1.100e+03, val=1.092e+03]
GNN flow training:  65%|██████▌   | 65/100 [06:46<03:33,  6.11s/epoch, best=1.087e+03, sign=0.172, train=1.093e+03, val=1.081e+03]
GNN flow training:  66%|██████▌   | 66/100 [06:46<03:27,  6.09s/epoch, best=1.087e+03, sign=0.172, train=1.093e+03, val=1.081e+03]
GNN flow training:  66%|██████▌   | 66/100 [06:52<03:27,  6.09s/epoch, best=1.081e+03, sign=0.168, train=1.081e+03, val=1.074e+03]
GNN flow training:  67%|██████▋   | 67/100 [06:52<03:21,  6.11s/epoch, best=1.081e+03, sign=0.168, train=1.081e+03, val=1.074e+03]
GNN flow training:  67%|██████▋   | 67/100 [06:58<03:21,  6.11s/epoch, best=1.074e+03, sign=0.166, train=1.075e+03, val=1.071e+03]
GNN flow training:  68%|██████▊   | 68/100 [06:58<03:15,  6.10s/epoch, best=1.074e+03, sign=0.166, train=1.075e+03, val=1.071e+03]
GNN flow training:  68%|██████▊   | 68/100 [07:04<03:15,  6.10s/epoch, best=1.071e+03, sign=0.164, train=1.072e+03, val=1.069e+03]
GNN flow training:  69%|██████▉   | 69/100 [07:04<03:08,  6.09s/epoch, best=1.071e+03, sign=0.164, train=1.072e+03, val=1.069e+03]
GNN flow training:  69%|██████▉   | 69/100 [07:10<03:08,  6.09s/epoch, best=1.069e+03, sign=0.161, train=1.070e+03, val=1.063e+03]
GNN flow training:  70%|███████   | 70/100 [07:10<03:02,  6.08s/epoch, best=1.069e+03, sign=0.161, train=1.070e+03, val=1.063e+03]
GNN flow training:  70%|███████   | 70/100 [07:16<03:02,  6.08s/epoch, best=1.063e+03, sign=0.161, train=1.064e+03, val=1.046e+03]
GNN flow training:  71%|███████   | 71/100 [07:16<02:56,  6.08s/epoch, best=1.063e+03, sign=0.161, train=1.064e+03, val=1.046e+03]
GNN flow training:  71%|███████   | 71/100 [07:22<02:56,  6.08s/epoch, best=1.046e+03, sign=0.162, train=1.047e+03, val=1.032e+03]
GNN flow training:  72%|███████▏  | 72/100 [07:22<02:50,  6.08s/epoch, best=1.046e+03, sign=0.162, train=1.047e+03, val=1.032e+03]
GNN flow training:  72%|███████▏  | 72/100 [07:28<02:50,  6.08s/epoch, best=1.032e+03, sign=0.164, train=1.033e+03, val=1.028e+03]
GNN flow training:  73%|███████▎  | 73/100 [07:28<02:44,  6.08s/epoch, best=1.032e+03, sign=0.164, train=1.033e+03, val=1.028e+03]
GNN flow training:  73%|███████▎  | 73/100 [07:34<02:44,  6.08s/epoch, best=1.028e+03, sign=0.164, train=1.029e+03, val=1.021e+03]
GNN flow training:  74%|███████▍  | 74/100 [07:34<02:38,  6.08s/epoch, best=1.028e+03, sign=0.164, train=1.029e+03, val=1.021e+03]
GNN flow training:  74%|███████▍  | 74/100 [07:40<02:38,  6.08s/epoch, best=1.021e+03, sign=0.162, train=1.022e+03, val=1.006e+03]
GNN flow training:  75%|███████▌  | 75/100 [07:40<02:32,  6.08s/epoch, best=1.021e+03, sign=0.162, train=1.022e+03, val=1.006e+03]
GNN flow training:  75%|███████▌  | 75/100 [07:47<02:32,  6.08s/epoch, best=1.006e+03, sign=0.162, train=1.007e+03, val=9.855e+02]
GNN flow training:  76%|███████▌  | 76/100 [07:47<02:26,  6.09s/epoch, best=1.006e+03, sign=0.162, train=1.007e+03, val=9.855e+02]
GNN flow training:  76%|███████▌  | 76/100 [07:53<02:26,  6.09s/epoch, best=9.855e+02, sign=0.161, train=9.863e+02, val=9.643e+02]
GNN flow training:  77%|███████▋  | 77/100 [07:53<02:20,  6.10s/epoch, best=9.855e+02, sign=0.161, train=9.863e+02, val=9.643e+02]
GNN flow training:  77%|███████▋  | 77/100 [07:59<02:20,  6.10s/epoch, best=9.643e+02, sign=0.163, train=9.652e+02, val=9.584e+02]
GNN flow training:  78%|███████▊  | 78/100 [07:59<02:14,  6.13s/epoch, best=9.643e+02, sign=0.163, train=9.652e+02, val=9.584e+02]
GNN flow training:  78%|███████▊  | 78/100 [08:05<02:14,  6.13s/epoch, best=9.584e+02, sign=0.169, train=9.593e+02, val=9.613e+02]
GNN flow training:  79%|███████▉  | 79/100 [08:05<02:08,  6.13s/epoch, best=9.584e+02, sign=0.169, train=9.593e+02, val=9.613e+02]
GNN flow training:  79%|███████▉  | 79/100 [08:11<02:08,  6.13s/epoch, best=9.584e+02, sign=0.170, train=9.623e+02, val=9.631e+02]
GNN flow training:  80%|████████  | 80/100 [08:11<02:02,  6.13s/epoch, best=9.584e+02, sign=0.170, train=9.623e+02, val=9.631e+02]
GNN flow training:  80%|████████  | 80/100 [08:17<02:02,  6.13s/epoch, best=9.584e+02, sign=0.163, train=9.642e+02, val=9.475e+02]
GNN flow training:  81%|████████  | 81/100 [08:17<01:56,  6.12s/epoch, best=9.584e+02, sign=0.163, train=9.642e+02, val=9.475e+02]
GNN flow training:  81%|████████  | 81/100 [08:23<01:56,  6.12s/epoch, best=9.475e+02, sign=0.158, train=9.485e+02, val=9.376e+02]
GNN flow training:  82%|████████▏ | 82/100 [08:23<01:50,  6.13s/epoch, best=9.475e+02, sign=0.158, train=9.485e+02, val=9.376e+02]
GNN flow training:  82%|████████▏ | 82/100 [08:29<01:50,  6.13s/epoch, best=9.376e+02, sign=0.156, train=9.384e+02, val=9.433e+02]
GNN flow training:  83%|████████▎ | 83/100 [08:29<01:44,  6.12s/epoch, best=9.376e+02, sign=0.156, train=9.384e+02, val=9.433e+02]
GNN flow training:  83%|████████▎ | 83/100 [08:36<01:44,  6.12s/epoch, best=9.376e+02, sign=0.154, train=9.441e+02, val=9.639e+02]
GNN flow training:  84%|████████▍ | 84/100 [08:36<01:37,  6.11s/epoch, best=9.376e+02, sign=0.154, train=9.441e+02, val=9.639e+02]
GNN flow training:  84%|████████▍ | 84/100 [08:42<01:37,  6.11s/epoch, best=9.376e+02, sign=0.151, train=9.646e+02, val=9.781e+02]
GNN flow training:  85%|████████▌ | 85/100 [08:42<01:31,  6.11s/epoch, best=9.376e+02, sign=0.151, train=9.646e+02, val=9.781e+02]
GNN flow training:  85%|████████▌ | 85/100 [08:48<01:31,  6.11s/epoch, best=9.376e+02, sign=0.154, train=9.789e+02, val=1.001e+03]
GNN flow training:  86%|████████▌ | 86/100 [08:48<01:25,  6.13s/epoch, best=9.376e+02, sign=0.154, train=9.789e+02, val=1.001e+03]
GNN flow training:  86%|████████▌ | 86/100 [08:54<01:25,  6.13s/epoch, best=9.376e+02, sign=0.155, train=1.002e+03, val=1.024e+03]
GNN flow training:  87%|████████▋ | 87/100 [08:54<01:19,  6.14s/epoch, best=9.376e+02, sign=0.155, train=1.002e+03, val=1.024e+03]
GNN flow training:  87%|████████▋ | 87/100 [09:00<01:19,  6.14s/epoch, best=9.376e+02, sign=0.156, train=1.025e+03, val=1.040e+03]
GNN flow training:  88%|████████▊ | 88/100 [09:00<01:13,  6.14s/epoch, best=9.376e+02, sign=0.156, train=1.025e+03, val=1.040e+03]
GNN flow training:  88%|████████▊ | 88/100 [09:06<01:13,  6.14s/epoch, best=9.376e+02, sign=0.156, train=1.040e+03, val=1.020e+03]
GNN flow training:  89%|████████▉ | 89/100 [09:06<01:07,  6.15s/epoch, best=9.376e+02, sign=0.156, train=1.040e+03, val=1.020e+03]
GNN flow training:  89%|████████▉ | 89/100 [09:13<01:07,  6.15s/epoch, best=9.376e+02, sign=0.152, train=1.021e+03, val=9.990e+02]
GNN flow training:  90%|█████████ | 90/100 [09:13<01:01,  6.16s/epoch, best=9.376e+02, sign=0.152, train=1.021e+03, val=9.990e+02]
GNN flow training:  90%|█████████ | 90/100 [09:19<01:01,  6.16s/epoch, best=9.376e+02, sign=0.150, train=9.996e+02, val=9.844e+02]
GNN flow training:  91%|█████████ | 91/100 [09:19<00:55,  6.15s/epoch, best=9.376e+02, sign=0.150, train=9.996e+02, val=9.844e+02]
GNN flow training:  91%|█████████ | 91/100 [09:25<00:55,  6.15s/epoch, best=9.376e+02, sign=0.148, train=9.849e+02, val=9.731e+02]
GNN flow training:  92%|█████████▏| 92/100 [09:25<00:49,  6.17s/epoch, best=9.376e+02, sign=0.148, train=9.849e+02, val=9.731e+02]
GNN flow training:  92%|█████████▏| 92/100 [09:31<00:49,  6.17s/epoch, best=9.376e+02, sign=0.150, train=9.736e+02, val=9.638e+02]
GNN flow training:  93%|█████████▎| 93/100 [09:31<00:43,  6.17s/epoch, best=9.376e+02, sign=0.150, train=9.736e+02, val=9.638e+02]
GNN flow training:  93%|█████████▎| 93/100 [09:37<00:43,  6.17s/epoch, best=9.376e+02, sign=0.155, train=9.643e+02, val=9.693e+02]
GNN flow training:  94%|█████████▍| 94/100 [09:37<00:37,  6.20s/epoch, best=9.376e+02, sign=0.155, train=9.643e+02, val=9.693e+02]
GNN flow training:  94%|█████████▍| 94/100 [09:43<00:37,  6.20s/epoch, best=9.376e+02, sign=0.178, train=9.701e+02, val=9.941e+02]
GNN flow training:  95%|█████████▌| 95/100 [09:43<00:30,  6.19s/epoch, best=9.376e+02, sign=0.178, train=9.701e+02, val=9.941e+02]
GNN flow training:  95%|█████████▌| 95/100 [09:50<00:30,  6.19s/epoch, best=9.376e+02, sign=0.189, train=9.955e+02, val=9.939e+02]
GNN flow training:  96%|█████████▌| 96/100 [09:50<00:24,  6.18s/epoch, best=9.376e+02, sign=0.189, train=9.955e+02, val=9.939e+02]
GNN flow training:  96%|█████████▌| 96/100 [09:56<00:24,  6.18s/epoch, best=9.376e+02, sign=0.173, train=9.955e+02, val=9.536e+02]
GNN flow training:  97%|█████████▋| 97/100 [09:56<00:18,  6.18s/epoch, best=9.376e+02, sign=0.173, train=9.955e+02, val=9.536e+02]
GNN flow training:  97%|█████████▋| 97/100 [10:02<00:18,  6.18s/epoch, best=9.376e+02, sign=0.160, train=9.549e+02, val=9.260e+02]
GNN flow training:  98%|█████████▊| 98/100 [10:02<00:12,  6.19s/epoch, best=9.376e+02, sign=0.160, train=9.549e+02, val=9.260e+02]
GNN flow training:  98%|█████████▊| 98/100 [10:08<00:12,  6.19s/epoch, best=9.260e+02, sign=0.150, train=9.269e+02, val=9.080e+02]
GNN flow training:  99%|█████████▉| 99/100 [10:08<00:06,  6.18s/epoch, best=9.260e+02, sign=0.150, train=9.269e+02, val=9.080e+02]
GNN flow training:  99%|█████████▉| 99/100 [10:14<00:06,  6.18s/epoch, best=9.080e+02, sign=0.150, train=9.087e+02, val=8.985e+02]
GNN flow training: 100%|██████████| 100/100 [10:14<00:00,  6.19s/epoch, best=9.080e+02, sign=0.150, train=9.087e+02, val=8.985e+02]
GNN flow training: 100%|██████████| 100/100 [10:14<00:00,  6.15s/epoch, best=9.080e+02, sign=0.150, train=9.087e+02, val=8.985e+02]
Resolved config snapshot:
{'preset': 'solver_QKB_outer_QKBdelta', 'gnn_outer_losses': {'flow': 100.0, 'kirchhoff': 100.0, 'boundary': 100.0, 'delta_l2': 100.0, 'delta_smooth': 0.0, 'pressure_shape': 0.0}, 'physics': {'arterial_flow_mode': 'dataset', 'pressure_constraints': ['equal-a-equal-v'], 'alpha_pa': None, 'use_snr_weights': True, 'use_observed_flow_snr_weighting': True, 'flow_scale_mode': 'median_abs', 'solver_device': 'same', 'pressure_solver_mode': 'reduced-soft-constrained-lstsq', 'pressure_solver_lambda_kirchhoff': 1.0, 'pressure_solver_lambda_pressure_constraints': 100.0, 'pressure_solver_lambda_flow_residual': 1.0, 'pressure_shape_reference': 'delta_zero_reference', 'pressure_detach': False}, 'correction_bounds': {'correction_min': -0.5, 'correction_max': 0.5, 'correction_bound': 0.5, 'correction_parameterization': 'tanh'}, 'optimization': {'learning_rate': 0.001, 'weight_decay': 0.0001, 'gradient_clip_norm': 5.0, 'optimizer': 'adamw', 'epochs': 100, 'patience': 40}}
Shard 64/80: 1 of 80 runs
Command: /mnt/home/sswee/miniforge3/envs/yolk-sac/bin/python /mnt/home/sswee/yolk/Yolk-Sac-Flow-Data-and-Sim/gnn_clean/scripts/python/gnn_flow.py /mnt/home/sswee/yolk/Yolk-Sac-Flow-Data-and-Sim/gnn_clean/datasets/mosaic_graph_canonical_harmonized/mosaic_graph_canonical_harmonized.gpickle --output-dir /mnt/home/sswee/yolk/Yolk-Sac-Flow-Data-and-Sim/gnn_clean/outputs_canonical/dc/02_physics_weight_sweep/gnn --run-name q_100__k_100__delta_100 --preset solver_QKB_outer_QKBdelta --device cuda --epochs 100 --seed 0 --viscosity-pa-s 0.0035 --config /mnt/home/sswee/yolk/Yolk-Sac-Flow-Data-and-Sim/gnn_clean/outputs_canonical/dc/02_physics_weight_sweep/_generated_configs/q_100__k_100__delta_100.yaml --no-pressure-detach
