[info] DC Step 2 canonical sweep uses fixed lambda_B=100.0 for both the outer boundary loss and the reduced pressure-solver boundary constraint.

GNN flow training:   0%|          | 0/100 [00:00<?, ?epoch/s]
GNN flow training:   0%|          | 0/100 [00:06<?, ?epoch/s, best=1.274e+01, sign=0.194, train=1.274e+01, val=1.274e+01]
GNN flow training:   1%|          | 1/100 [00:06<10:26,  6.33s/epoch, best=1.274e+01, sign=0.194, train=1.274e+01, val=1.274e+01]
GNN flow training:   1%|          | 1/100 [00:12<10:26,  6.33s/epoch, best=1.274e+01, sign=0.194, train=1.275e+01, val=1.277e+01]
GNN flow training:   2%|▏         | 2/100 [00:12<10:04,  6.17s/epoch, best=1.274e+01, sign=0.194, train=1.275e+01, val=1.277e+01]
GNN flow training:   2%|▏         | 2/100 [00:18<10:04,  6.17s/epoch, best=1.274e+01, sign=0.194, train=1.277e+01, val=1.276e+01]
GNN flow training:   3%|▎         | 3/100 [00:18<09:51,  6.10s/epoch, best=1.274e+01, sign=0.194, train=1.277e+01, val=1.276e+01]
GNN flow training:   3%|▎         | 3/100 [00:24<09:51,  6.10s/epoch, best=1.274e+01, sign=0.194, train=1.277e+01, val=1.272e+01]
GNN flow training:   4%|▍         | 4/100 [00:24<09:42,  6.07s/epoch, best=1.274e+01, sign=0.194, train=1.277e+01, val=1.272e+01]
GNN flow training:   4%|▍         | 4/100 [00:30<09:42,  6.07s/epoch, best=1.272e+01, sign=0.194, train=1.272e+01, val=1.273e+01]
GNN flow training:   5%|▌         | 5/100 [00:30<09:33,  6.04s/epoch, best=1.272e+01, sign=0.194, train=1.272e+01, val=1.273e+01]
GNN flow training:   5%|▌         | 5/100 [00:36<09:33,  6.04s/epoch, best=1.272e+01, sign=0.194, train=1.273e+01, val=1.272e+01]
GNN flow training:   6%|▌         | 6/100 [00:36<09:26,  6.03s/epoch, best=1.272e+01, sign=0.194, train=1.273e+01, val=1.272e+01]
GNN flow training:   6%|▌         | 6/100 [00:42<09:26,  6.03s/epoch, best=1.272e+01, sign=0.195, train=1.273e+01, val=1.271e+01]
GNN flow training:   7%|▋         | 7/100 [00:42<09:21,  6.04s/epoch, best=1.272e+01, sign=0.195, train=1.273e+01, val=1.271e+01]
GNN flow training:   7%|▋         | 7/100 [00:48<09:21,  6.04s/epoch, best=1.271e+01, sign=0.195, train=1.271e+01, val=1.270e+01]
GNN flow training:   8%|▊         | 8/100 [00:48<09:15,  6.04s/epoch, best=1.271e+01, sign=0.195, train=1.271e+01, val=1.270e+01]
GNN flow training:   8%|▊         | 8/100 [00:54<09:15,  6.04s/epoch, best=1.270e+01, sign=0.195, train=1.270e+01, val=1.270e+01]
GNN flow training:   9%|▉         | 9/100 [00:54<09:09,  6.04s/epoch, best=1.270e+01, sign=0.195, train=1.270e+01, val=1.270e+01]
GNN flow training:   9%|▉         | 9/100 [01:00<09:09,  6.04s/epoch, best=1.270e+01, sign=0.196, train=1.270e+01, val=1.271e+01]
GNN flow training:  10%|█         | 10/100 [01:00<09:03,  6.04s/epoch, best=1.270e+01, sign=0.196, train=1.270e+01, val=1.271e+01]
GNN flow training:  10%|█         | 10/100 [01:06<09:03,  6.04s/epoch, best=1.270e+01, sign=0.196, train=1.271e+01, val=1.273e+01]
GNN flow training:  11%|█         | 11/100 [01:06<08:57,  6.04s/epoch, best=1.270e+01, sign=0.196, train=1.271e+01, val=1.273e+01]
GNN flow training:  11%|█         | 11/100 [01:12<08:57,  6.04s/epoch, best=1.270e+01, sign=0.196, train=1.273e+01, val=1.269e+01]
GNN flow training:  12%|█▏        | 12/100 [01:12<08:51,  6.03s/epoch, best=1.270e+01, sign=0.196, train=1.273e+01, val=1.269e+01]
GNN flow training:  12%|█▏        | 12/100 [01:18<08:51,  6.03s/epoch, best=1.269e+01, sign=0.196, train=1.269e+01, val=1.268e+01]
GNN flow training:  13%|█▎        | 13/100 [01:18<08:44,  6.02s/epoch, best=1.269e+01, sign=0.196, train=1.269e+01, val=1.268e+01]
GNN flow training:  13%|█▎        | 13/100 [01:24<08:44,  6.02s/epoch, best=1.268e+01, sign=0.196, train=1.268e+01, val=1.266e+01]
GNN flow training:  14%|█▍        | 14/100 [01:24<08:39,  6.05s/epoch, best=1.268e+01, sign=0.196, train=1.268e+01, val=1.266e+01]
GNN flow training:  14%|█▍        | 14/100 [01:30<08:39,  6.05s/epoch, best=1.266e+01, sign=0.196, train=1.266e+01, val=1.264e+01]
GNN flow training:  15%|█▌        | 15/100 [01:30<08:33,  6.05s/epoch, best=1.266e+01, sign=0.196, train=1.266e+01, val=1.264e+01]
GNN flow training:  15%|█▌        | 15/100 [01:36<08:33,  6.05s/epoch, best=1.264e+01, sign=0.196, train=1.264e+01, val=1.264e+01]
GNN flow training:  16%|█▌        | 16/100 [01:36<08:29,  6.06s/epoch, best=1.264e+01, sign=0.196, train=1.264e+01, val=1.264e+01]
GNN flow training:  16%|█▌        | 16/100 [01:42<08:29,  6.06s/epoch, best=1.264e+01, sign=0.195, train=1.265e+01, val=1.265e+01]
GNN flow training:  17%|█▋        | 17/100 [01:42<08:23,  6.06s/epoch, best=1.264e+01, sign=0.195, train=1.265e+01, val=1.265e+01]
GNN flow training:  17%|█▋        | 17/100 [01:48<08:23,  6.06s/epoch, best=1.264e+01, sign=0.195, train=1.265e+01, val=1.264e+01]
GNN flow training:  18%|█▊        | 18/100 [01:48<08:16,  6.05s/epoch, best=1.264e+01, sign=0.195, train=1.265e+01, val=1.264e+01]
GNN flow training:  18%|█▊        | 18/100 [01:55<08:16,  6.05s/epoch, best=1.264e+01, sign=0.195, train=1.264e+01, val=1.259e+01]
GNN flow training:  19%|█▉        | 19/100 [01:55<08:10,  6.06s/epoch, best=1.264e+01, sign=0.195, train=1.264e+01, val=1.259e+01]
GNN flow training:  19%|█▉        | 19/100 [02:01<08:10,  6.06s/epoch, best=1.259e+01, sign=0.194, train=1.259e+01, val=1.254e+01]
GNN flow training:  20%|██        | 20/100 [02:01<08:03,  6.04s/epoch, best=1.259e+01, sign=0.194, train=1.259e+01, val=1.254e+01]
GNN flow training:  20%|██        | 20/100 [02:07<08:03,  6.04s/epoch, best=1.254e+01, sign=0.195, train=1.254e+01, val=1.252e+01]
GNN flow training:  21%|██        | 21/100 [02:07<07:57,  6.04s/epoch, best=1.254e+01, sign=0.195, train=1.254e+01, val=1.252e+01]
GNN flow training:  21%|██        | 21/100 [02:13<07:57,  6.04s/epoch, best=1.252e+01, sign=0.195, train=1.253e+01, val=1.253e+01]
GNN flow training:  22%|██▏       | 22/100 [02:13<07:51,  6.04s/epoch, best=1.252e+01, sign=0.195, train=1.253e+01, val=1.253e+01]
GNN flow training:  22%|██▏       | 22/100 [02:19<07:51,  6.04s/epoch, best=1.252e+01, sign=0.194, train=1.253e+01, val=1.251e+01]
GNN flow training:  23%|██▎       | 23/100 [02:19<07:45,  6.04s/epoch, best=1.252e+01, sign=0.194, train=1.253e+01, val=1.251e+01]
GNN flow training:  23%|██▎       | 23/100 [02:25<07:45,  6.04s/epoch, best=1.251e+01, sign=0.193, train=1.252e+01, val=1.248e+01]
GNN flow training:  24%|██▍       | 24/100 [02:25<07:39,  6.04s/epoch, best=1.251e+01, sign=0.193, train=1.252e+01, val=1.248e+01]
GNN flow training:  24%|██▍       | 24/100 [02:31<07:39,  6.04s/epoch, best=1.248e+01, sign=0.192, train=1.248e+01, val=1.244e+01]
GNN flow training:  25%|██▌       | 25/100 [02:31<07:33,  6.04s/epoch, best=1.248e+01, sign=0.192, train=1.248e+01, val=1.244e+01]
GNN flow training:  25%|██▌       | 25/100 [02:37<07:33,  6.04s/epoch, best=1.244e+01, sign=0.192, train=1.244e+01, val=1.244e+01]
GNN flow training:  26%|██▌       | 26/100 [02:37<07:27,  6.04s/epoch, best=1.244e+01, sign=0.192, train=1.244e+01, val=1.244e+01]
GNN flow training:  26%|██▌       | 26/100 [02:43<07:27,  6.04s/epoch, best=1.244e+01, sign=0.191, train=1.245e+01, val=1.239e+01]
GNN flow training:  27%|██▋       | 27/100 [02:43<07:20,  6.03s/epoch, best=1.244e+01, sign=0.191, train=1.245e+01, val=1.239e+01]
GNN flow training:  27%|██▋       | 27/100 [02:49<07:20,  6.03s/epoch, best=1.239e+01, sign=0.191, train=1.239e+01, val=1.239e+01]
GNN flow training:  28%|██▊       | 28/100 [02:49<07:13,  6.02s/epoch, best=1.239e+01, sign=0.191, train=1.239e+01, val=1.239e+01]
GNN flow training:  28%|██▊       | 28/100 [02:55<07:13,  6.02s/epoch, best=1.239e+01, sign=0.190, train=1.239e+01, val=1.237e+01]
GNN flow training:  29%|██▉       | 29/100 [02:55<07:07,  6.02s/epoch, best=1.239e+01, sign=0.190, train=1.239e+01, val=1.237e+01]
GNN flow training:  29%|██▉       | 29/100 [03:01<07:07,  6.02s/epoch, best=1.237e+01, sign=0.190, train=1.237e+01, val=1.232e+01]
GNN flow training:  30%|███       | 30/100 [03:01<07:00,  6.00s/epoch, best=1.237e+01, sign=0.190, train=1.237e+01, val=1.232e+01]
GNN flow training:  30%|███       | 30/100 [03:07<07:00,  6.00s/epoch, best=1.232e+01, sign=0.189, train=1.232e+01, val=1.230e+01]
GNN flow training:  31%|███       | 31/100 [03:07<06:55,  6.02s/epoch, best=1.232e+01, sign=0.189, train=1.232e+01, val=1.230e+01]
GNN flow training:  31%|███       | 31/100 [03:13<06:55,  6.02s/epoch, best=1.230e+01, sign=0.189, train=1.230e+01, val=1.226e+01]
GNN flow training:  32%|███▏      | 32/100 [03:13<06:48,  6.01s/epoch, best=1.230e+01, sign=0.189, train=1.230e+01, val=1.226e+01]
GNN flow training:  32%|███▏      | 32/100 [03:19<06:48,  6.01s/epoch, best=1.226e+01, sign=0.189, train=1.226e+01, val=1.220e+01]
GNN flow training:  33%|███▎      | 33/100 [03:19<06:43,  6.02s/epoch, best=1.226e+01, sign=0.189, train=1.226e+01, val=1.220e+01]
GNN flow training:  33%|███▎      | 33/100 [03:25<06:43,  6.02s/epoch, best=1.220e+01, sign=0.190, train=1.220e+01, val=1.217e+01]
GNN flow training:  34%|███▍      | 34/100 [03:25<06:37,  6.03s/epoch, best=1.220e+01, sign=0.190, train=1.220e+01, val=1.217e+01]
GNN flow training:  34%|███▍      | 34/100 [03:31<06:37,  6.03s/epoch, best=1.217e+01, sign=0.190, train=1.217e+01, val=1.216e+01]
GNN flow training:  35%|███▌      | 35/100 [03:31<06:32,  6.04s/epoch, best=1.217e+01, sign=0.190, train=1.217e+01, val=1.216e+01]
GNN flow training:  35%|███▌      | 35/100 [03:37<06:32,  6.04s/epoch, best=1.216e+01, sign=0.190, train=1.216e+01, val=1.218e+01]
GNN flow training:  36%|███▌      | 36/100 [03:37<06:26,  6.05s/epoch, best=1.216e+01, sign=0.190, train=1.216e+01, val=1.218e+01]
GNN flow training:  36%|███▌      | 36/100 [03:43<06:26,  6.05s/epoch, best=1.216e+01, sign=0.189, train=1.218e+01, val=1.214e+01]
GNN flow training:  37%|███▋      | 37/100 [03:43<06:21,  6.05s/epoch, best=1.216e+01, sign=0.189, train=1.218e+01, val=1.214e+01]
GNN flow training:  37%|███▋      | 37/100 [03:49<06:21,  6.05s/epoch, best=1.214e+01, sign=0.189, train=1.214e+01, val=1.209e+01]
GNN flow training:  38%|███▊      | 38/100 [03:49<06:15,  6.05s/epoch, best=1.214e+01, sign=0.189, train=1.214e+01, val=1.209e+01]
GNN flow training:  38%|███▊      | 38/100 [03:55<06:15,  6.05s/epoch, best=1.209e+01, sign=0.188, train=1.209e+01, val=1.209e+01]
GNN flow training:  39%|███▉      | 39/100 [03:55<06:08,  6.04s/epoch, best=1.209e+01, sign=0.188, train=1.209e+01, val=1.209e+01]
GNN flow training:  39%|███▉      | 39/100 [04:01<06:08,  6.04s/epoch, best=1.209e+01, sign=0.188, train=1.209e+01, val=1.205e+01]
GNN flow training:  40%|████      | 40/100 [04:01<06:01,  6.02s/epoch, best=1.209e+01, sign=0.188, train=1.209e+01, val=1.205e+01]
GNN flow training:  40%|████      | 40/100 [04:07<06:01,  6.02s/epoch, best=1.205e+01, sign=0.187, train=1.205e+01, val=1.204e+01]
GNN flow training:  41%|████      | 41/100 [04:07<05:55,  6.02s/epoch, best=1.205e+01, sign=0.187, train=1.205e+01, val=1.204e+01]
GNN flow training:  41%|████      | 41/100 [04:13<05:55,  6.02s/epoch, best=1.204e+01, sign=0.187, train=1.205e+01, val=1.199e+01]
GNN flow training:  42%|████▏     | 42/100 [04:13<05:48,  6.01s/epoch, best=1.204e+01, sign=0.187, train=1.205e+01, val=1.199e+01]
GNN flow training:  42%|████▏     | 42/100 [04:19<05:48,  6.01s/epoch, best=1.199e+01, sign=0.186, train=1.199e+01, val=1.196e+01]
GNN flow training:  43%|████▎     | 43/100 [04:19<05:42,  6.01s/epoch, best=1.199e+01, sign=0.186, train=1.199e+01, val=1.196e+01]
GNN flow training:  43%|████▎     | 43/100 [04:25<05:42,  6.01s/epoch, best=1.196e+01, sign=0.185, train=1.196e+01, val=1.187e+01]
GNN flow training:  44%|████▍     | 44/100 [04:25<05:36,  6.00s/epoch, best=1.196e+01, sign=0.185, train=1.196e+01, val=1.187e+01]
GNN flow training:  44%|████▍     | 44/100 [04:31<05:36,  6.00s/epoch, best=1.187e+01, sign=0.185, train=1.187e+01, val=1.183e+01]
GNN flow training:  45%|████▌     | 45/100 [04:31<05:30,  6.02s/epoch, best=1.187e+01, sign=0.185, train=1.187e+01, val=1.183e+01]
GNN flow training:  45%|████▌     | 45/100 [04:37<05:30,  6.02s/epoch, best=1.183e+01, sign=0.186, train=1.184e+01, val=1.178e+01]
GNN flow training:  46%|████▌     | 46/100 [04:37<05:25,  6.03s/epoch, best=1.183e+01, sign=0.186, train=1.184e+01, val=1.178e+01]
GNN flow training:  46%|████▌     | 46/100 [04:43<05:25,  6.03s/epoch, best=1.178e+01, sign=0.186, train=1.178e+01, val=1.178e+01]
GNN flow training:  47%|████▋     | 47/100 [04:43<05:19,  6.02s/epoch, best=1.178e+01, sign=0.186, train=1.178e+01, val=1.178e+01]
GNN flow training:  47%|████▋     | 47/100 [04:49<05:19,  6.02s/epoch, best=1.178e+01, sign=0.186, train=1.178e+01, val=1.175e+01]
GNN flow training:  48%|████▊     | 48/100 [04:49<05:13,  6.02s/epoch, best=1.178e+01, sign=0.186, train=1.178e+01, val=1.175e+01]
GNN flow training:  48%|████▊     | 48/100 [04:55<05:13,  6.02s/epoch, best=1.175e+01, sign=0.185, train=1.175e+01, val=1.174e+01]
GNN flow training:  49%|████▉     | 49/100 [04:55<05:07,  6.02s/epoch, best=1.175e+01, sign=0.185, train=1.175e+01, val=1.174e+01]
GNN flow training:  49%|████▉     | 49/100 [05:01<05:07,  6.02s/epoch, best=1.174e+01, sign=0.183, train=1.174e+01, val=1.169e+01]
GNN flow training:  50%|█████     | 50/100 [05:01<05:00,  6.02s/epoch, best=1.174e+01, sign=0.183, train=1.174e+01, val=1.169e+01]
GNN flow training:  50%|█████     | 50/100 [05:07<05:00,  6.02s/epoch, best=1.169e+01, sign=0.179, train=1.169e+01, val=1.161e+01]
GNN flow training:  51%|█████     | 51/100 [05:07<04:55,  6.02s/epoch, best=1.169e+01, sign=0.179, train=1.169e+01, val=1.161e+01]
GNN flow training:  51%|█████     | 51/100 [05:13<04:55,  6.02s/epoch, best=1.161e+01, sign=0.178, train=1.161e+01, val=1.149e+01]
GNN flow training:  52%|█████▏    | 52/100 [05:13<04:49,  6.04s/epoch, best=1.161e+01, sign=0.178, train=1.161e+01, val=1.149e+01]
GNN flow training:  52%|█████▏    | 52/100 [05:19<04:49,  6.04s/epoch, best=1.149e+01, sign=0.176, train=1.150e+01, val=1.138e+01]
GNN flow training:  53%|█████▎    | 53/100 [05:19<04:43,  6.03s/epoch, best=1.149e+01, sign=0.176, train=1.150e+01, val=1.138e+01]
GNN flow training:  53%|█████▎    | 53/100 [05:25<04:43,  6.03s/epoch, best=1.138e+01, sign=0.175, train=1.138e+01, val=1.133e+01]
GNN flow training:  54%|█████▍    | 54/100 [05:25<04:37,  6.02s/epoch, best=1.138e+01, sign=0.175, train=1.138e+01, val=1.133e+01]
GNN flow training:  54%|█████▍    | 54/100 [05:31<04:37,  6.02s/epoch, best=1.133e+01, sign=0.174, train=1.133e+01, val=1.144e+01]
GNN flow training:  55%|█████▌    | 55/100 [05:31<04:31,  6.03s/epoch, best=1.133e+01, sign=0.174, train=1.133e+01, val=1.144e+01]
GNN flow training:  55%|█████▌    | 55/100 [05:37<04:31,  6.03s/epoch, best=1.133e+01, sign=0.174, train=1.144e+01, val=1.136e+01]
GNN flow training:  56%|█████▌    | 56/100 [05:37<04:24,  6.02s/epoch, best=1.133e+01, sign=0.174, train=1.144e+01, val=1.136e+01]
GNN flow training:  56%|█████▌    | 56/100 [05:44<04:24,  6.02s/epoch, best=1.133e+01, sign=0.174, train=1.137e+01, val=1.132e+01]
GNN flow training:  57%|█████▋    | 57/100 [05:44<04:19,  6.03s/epoch, best=1.133e+01, sign=0.174, train=1.137e+01, val=1.132e+01]
GNN flow training:  57%|█████▋    | 57/100 [05:50<04:19,  6.03s/epoch, best=1.132e+01, sign=0.174, train=1.132e+01, val=1.123e+01]
GNN flow training:  58%|█████▊    | 58/100 [05:50<04:13,  6.05s/epoch, best=1.132e+01, sign=0.174, train=1.132e+01, val=1.123e+01]
GNN flow training:  58%|█████▊    | 58/100 [05:56<04:13,  6.05s/epoch, best=1.123e+01, sign=0.170, train=1.123e+01, val=1.116e+01]
GNN flow training:  59%|█████▉    | 59/100 [05:56<04:08,  6.06s/epoch, best=1.123e+01, sign=0.170, train=1.123e+01, val=1.116e+01]
GNN flow training:  59%|█████▉    | 59/100 [06:02<04:08,  6.06s/epoch, best=1.116e+01, sign=0.168, train=1.116e+01, val=1.110e+01]
GNN flow training:  60%|██████    | 60/100 [06:02<04:02,  6.05s/epoch, best=1.116e+01, sign=0.168, train=1.116e+01, val=1.110e+01]
GNN flow training:  60%|██████    | 60/100 [06:08<04:02,  6.05s/epoch, best=1.110e+01, sign=0.168, train=1.110e+01, val=1.110e+01]
GNN flow training:  61%|██████    | 61/100 [06:08<03:56,  6.07s/epoch, best=1.110e+01, sign=0.168, train=1.110e+01, val=1.110e+01]
GNN flow training:  61%|██████    | 61/100 [06:14<03:56,  6.07s/epoch, best=1.110e+01, sign=0.168, train=1.110e+01, val=1.121e+01]
GNN flow training:  62%|██████▏   | 62/100 [06:14<03:50,  6.07s/epoch, best=1.110e+01, sign=0.168, train=1.110e+01, val=1.121e+01]
GNN flow training:  62%|██████▏   | 62/100 [06:20<03:50,  6.07s/epoch, best=1.110e+01, sign=0.171, train=1.121e+01, val=1.129e+01]
GNN flow training:  63%|██████▎   | 63/100 [06:20<03:43,  6.05s/epoch, best=1.110e+01, sign=0.171, train=1.121e+01, val=1.129e+01]
GNN flow training:  63%|██████▎   | 63/100 [06:26<03:43,  6.05s/epoch, best=1.110e+01, sign=0.172, train=1.130e+01, val=1.129e+01]
GNN flow training:  64%|██████▍   | 64/100 [06:26<03:37,  6.03s/epoch, best=1.110e+01, sign=0.172, train=1.130e+01, val=1.129e+01]
GNN flow training:  64%|██████▍   | 64/100 [06:32<03:37,  6.03s/epoch, best=1.110e+01, sign=0.179, train=1.129e+01, val=1.134e+01]
GNN flow training:  65%|██████▌   | 65/100 [06:32<03:30,  6.02s/epoch, best=1.110e+01, sign=0.179, train=1.129e+01, val=1.134e+01]
GNN flow training:  65%|██████▌   | 65/100 [06:38<03:30,  6.02s/epoch, best=1.110e+01, sign=0.179, train=1.134e+01, val=1.125e+01]
GNN flow training:  66%|██████▌   | 66/100 [06:38<03:24,  6.03s/epoch, best=1.110e+01, sign=0.179, train=1.134e+01, val=1.125e+01]
GNN flow training:  66%|██████▌   | 66/100 [06:44<03:24,  6.03s/epoch, best=1.110e+01, sign=0.179, train=1.125e+01, val=1.111e+01]
GNN flow training:  67%|██████▋   | 67/100 [06:44<03:19,  6.04s/epoch, best=1.110e+01, sign=0.179, train=1.125e+01, val=1.111e+01]
GNN flow training:  67%|██████▋   | 67/100 [06:50<03:19,  6.04s/epoch, best=1.110e+01, sign=0.176, train=1.111e+01, val=1.085e+01]
GNN flow training:  68%|██████▊   | 68/100 [06:50<03:12,  6.02s/epoch, best=1.110e+01, sign=0.176, train=1.111e+01, val=1.085e+01]
GNN flow training:  68%|██████▊   | 68/100 [06:56<03:12,  6.02s/epoch, best=1.085e+01, sign=0.173, train=1.085e+01, val=1.087e+01]
GNN flow training:  69%|██████▉   | 69/100 [06:56<03:06,  6.00s/epoch, best=1.085e+01, sign=0.173, train=1.085e+01, val=1.087e+01]
GNN flow training:  69%|██████▉   | 69/100 [07:02<03:06,  6.00s/epoch, best=1.085e+01, sign=0.172, train=1.087e+01, val=1.117e+01]
GNN flow training:  70%|███████   | 70/100 [07:02<03:00,  6.01s/epoch, best=1.085e+01, sign=0.172, train=1.087e+01, val=1.117e+01]
GNN flow training:  70%|███████   | 70/100 [07:08<03:00,  6.01s/epoch, best=1.085e+01, sign=0.173, train=1.117e+01, val=1.119e+01]
GNN flow training:  71%|███████   | 71/100 [07:08<02:54,  6.00s/epoch, best=1.085e+01, sign=0.173, train=1.117e+01, val=1.119e+01]
GNN flow training:  71%|███████   | 71/100 [07:14<02:54,  6.00s/epoch, best=1.085e+01, sign=0.170, train=1.119e+01, val=1.080e+01]
GNN flow training:  72%|███████▏  | 72/100 [07:14<02:48,  6.01s/epoch, best=1.085e+01, sign=0.170, train=1.119e+01, val=1.080e+01]
GNN flow training:  72%|███████▏  | 72/100 [07:20<02:48,  6.01s/epoch, best=1.080e+01, sign=0.174, train=1.080e+01, val=1.075e+01]
GNN flow training:  73%|███████▎  | 73/100 [07:20<02:42,  6.00s/epoch, best=1.080e+01, sign=0.174, train=1.080e+01, val=1.075e+01]
GNN flow training:  73%|███████▎  | 73/100 [07:26<02:42,  6.00s/epoch, best=1.075e+01, sign=0.172, train=1.075e+01, val=1.079e+01]
GNN flow training:  74%|███████▍  | 74/100 [07:26<02:36,  6.02s/epoch, best=1.075e+01, sign=0.172, train=1.075e+01, val=1.079e+01]
GNN flow training:  74%|███████▍  | 74/100 [07:32<02:36,  6.02s/epoch, best=1.075e+01, sign=0.168, train=1.079e+01, val=1.072e+01]
GNN flow training:  75%|███████▌  | 75/100 [07:32<02:30,  6.02s/epoch, best=1.075e+01, sign=0.168, train=1.079e+01, val=1.072e+01]
GNN flow training:  75%|███████▌  | 75/100 [07:38<02:30,  6.02s/epoch, best=1.072e+01, sign=0.162, train=1.072e+01, val=1.056e+01]
GNN flow training:  76%|███████▌  | 76/100 [07:38<02:25,  6.05s/epoch, best=1.072e+01, sign=0.162, train=1.072e+01, val=1.056e+01]
GNN flow training:  76%|███████▌  | 76/100 [07:44<02:25,  6.05s/epoch, best=1.056e+01, sign=0.157, train=1.056e+01, val=1.053e+01]
GNN flow training:  77%|███████▋  | 77/100 [07:44<02:19,  6.05s/epoch, best=1.056e+01, sign=0.157, train=1.056e+01, val=1.053e+01]
GNN flow training:  77%|███████▋  | 77/100 [07:50<02:19,  6.05s/epoch, best=1.053e+01, sign=0.155, train=1.053e+01, val=1.045e+01]
GNN flow training:  78%|███████▊  | 78/100 [07:50<02:12,  6.04s/epoch, best=1.053e+01, sign=0.155, train=1.053e+01, val=1.045e+01]
GNN flow training:  78%|███████▊  | 78/100 [07:56<02:12,  6.04s/epoch, best=1.045e+01, sign=0.154, train=1.045e+01, val=1.041e+01]
GNN flow training:  79%|███████▉  | 79/100 [07:56<02:06,  6.03s/epoch, best=1.045e+01, sign=0.154, train=1.045e+01, val=1.041e+01]
GNN flow training:  79%|███████▉  | 79/100 [08:02<02:06,  6.03s/epoch, best=1.041e+01, sign=0.152, train=1.041e+01, val=1.039e+01]
GNN flow training:  80%|████████  | 80/100 [08:02<02:00,  6.03s/epoch, best=1.041e+01, sign=0.152, train=1.041e+01, val=1.039e+01]
GNN flow training:  80%|████████  | 80/100 [08:08<02:00,  6.03s/epoch, best=1.039e+01, sign=0.148, train=1.039e+01, val=1.042e+01]
GNN flow training:  81%|████████  | 81/100 [08:08<01:54,  6.02s/epoch, best=1.039e+01, sign=0.148, train=1.039e+01, val=1.042e+01]
GNN flow training:  81%|████████  | 81/100 [08:14<01:54,  6.02s/epoch, best=1.039e+01, sign=0.147, train=1.042e+01, val=1.045e+01]
GNN flow training:  82%|████████▏ | 82/100 [08:14<01:47,  5.99s/epoch, best=1.039e+01, sign=0.147, train=1.042e+01, val=1.045e+01]
GNN flow training:  82%|████████▏ | 82/100 [08:20<01:47,  5.99s/epoch, best=1.039e+01, sign=0.144, train=1.045e+01, val=1.038e+01]
GNN flow training:  83%|████████▎ | 83/100 [08:20<01:41,  5.99s/epoch, best=1.039e+01, sign=0.144, train=1.045e+01, val=1.038e+01]
GNN flow training:  83%|████████▎ | 83/100 [08:26<01:41,  5.99s/epoch, best=1.038e+01, sign=0.143, train=1.038e+01, val=1.029e+01]
GNN flow training:  84%|████████▍ | 84/100 [08:26<01:35,  5.99s/epoch, best=1.038e+01, sign=0.143, train=1.038e+01, val=1.029e+01]
GNN flow training:  84%|████████▍ | 84/100 [08:32<01:35,  5.99s/epoch, best=1.029e+01, sign=0.144, train=1.029e+01, val=1.031e+01]
GNN flow training:  85%|████████▌ | 85/100 [08:32<01:30,  6.01s/epoch, best=1.029e+01, sign=0.144, train=1.029e+01, val=1.031e+01]
GNN flow training:  85%|████████▌ | 85/100 [08:38<01:30,  6.01s/epoch, best=1.029e+01, sign=0.144, train=1.031e+01, val=1.030e+01]
GNN flow training:  86%|████████▌ | 86/100 [08:38<01:23,  5.98s/epoch, best=1.029e+01, sign=0.144, train=1.031e+01, val=1.030e+01]
GNN flow training:  86%|████████▌ | 86/100 [08:44<01:23,  5.98s/epoch, best=1.029e+01, sign=0.144, train=1.030e+01, val=1.025e+01]
GNN flow training:  87%|████████▋ | 87/100 [08:44<01:17,  6.00s/epoch, best=1.029e+01, sign=0.144, train=1.030e+01, val=1.025e+01]
GNN flow training:  87%|████████▋ | 87/100 [08:50<01:17,  6.00s/epoch, best=1.025e+01, sign=0.145, train=1.025e+01, val=1.021e+01]
GNN flow training:  88%|████████▊ | 88/100 [08:50<01:12,  6.01s/epoch, best=1.025e+01, sign=0.145, train=1.025e+01, val=1.021e+01]
GNN flow training:  88%|████████▊ | 88/100 [08:56<01:12,  6.01s/epoch, best=1.021e+01, sign=0.145, train=1.021e+01, val=1.017e+01]
GNN flow training:  89%|████████▉ | 89/100 [08:56<01:06,  6.02s/epoch, best=1.021e+01, sign=0.145, train=1.021e+01, val=1.017e+01]
GNN flow training:  89%|████████▉ | 89/100 [09:02<01:06,  6.02s/epoch, best=1.017e+01, sign=0.146, train=1.017e+01, val=1.011e+01]
GNN flow training:  90%|█████████ | 90/100 [09:02<01:00,  6.01s/epoch, best=1.017e+01, sign=0.146, train=1.017e+01, val=1.011e+01]
GNN flow training:  90%|█████████ | 90/100 [09:08<01:00,  6.01s/epoch, best=1.011e+01, sign=0.147, train=1.011e+01, val=1.012e+01]
GNN flow training:  91%|█████████ | 91/100 [09:08<00:54,  6.02s/epoch, best=1.011e+01, sign=0.147, train=1.011e+01, val=1.012e+01]
GNN flow training:  91%|█████████ | 91/100 [09:14<00:54,  6.02s/epoch, best=1.011e+01, sign=0.145, train=1.012e+01, val=1.008e+01]
GNN flow training:  92%|█████████▏| 92/100 [09:14<00:48,  6.02s/epoch, best=1.011e+01, sign=0.145, train=1.012e+01, val=1.008e+01]
GNN flow training:  92%|█████████▏| 92/100 [09:20<00:48,  6.02s/epoch, best=1.008e+01, sign=0.143, train=1.008e+01, val=1.000e+01]
GNN flow training:  93%|█████████▎| 93/100 [09:20<00:42,  6.01s/epoch, best=1.008e+01, sign=0.143, train=1.008e+01, val=1.000e+01]
GNN flow training:  93%|█████████▎| 93/100 [09:26<00:42,  6.01s/epoch, best=1.000e+01, sign=0.142, train=1.000e+01, val=1.014e+01]
GNN flow training:  94%|█████████▍| 94/100 [09:26<00:36,  6.02s/epoch, best=1.000e+01, sign=0.142, train=1.000e+01, val=1.014e+01]
GNN flow training:  94%|█████████▍| 94/100 [09:32<00:36,  6.02s/epoch, best=1.000e+01, sign=0.142, train=1.014e+01, val=1.015e+01]
GNN flow training:  95%|█████████▌| 95/100 [09:32<00:30,  6.01s/epoch, best=1.000e+01, sign=0.142, train=1.014e+01, val=1.015e+01]
GNN flow training:  95%|█████████▌| 95/100 [09:38<00:30,  6.01s/epoch, best=1.000e+01, sign=0.143, train=1.015e+01, val=1.021e+01]
GNN flow training:  96%|█████████▌| 96/100 [09:38<00:23,  5.98s/epoch, best=1.000e+01, sign=0.143, train=1.015e+01, val=1.021e+01]
GNN flow training:  96%|█████████▌| 96/100 [09:44<00:23,  5.98s/epoch, best=1.000e+01, sign=0.151, train=1.021e+01, val=1.047e+01]
GNN flow training:  97%|█████████▋| 97/100 [09:44<00:18,  6.00s/epoch, best=1.000e+01, sign=0.151, train=1.021e+01, val=1.047e+01]
GNN flow training:  97%|█████████▋| 97/100 [09:50<00:18,  6.00s/epoch, best=1.000e+01, sign=0.153, train=1.047e+01, val=1.050e+01]
GNN flow training:  98%|█████████▊| 98/100 [09:50<00:12,  6.02s/epoch, best=1.000e+01, sign=0.153, train=1.047e+01, val=1.050e+01]
GNN flow training:  98%|█████████▊| 98/100 [09:56<00:12,  6.02s/epoch, best=1.000e+01, sign=0.150, train=1.050e+01, val=1.029e+01]
GNN flow training:  99%|█████████▉| 99/100 [09:56<00:06,  6.02s/epoch, best=1.000e+01, sign=0.150, train=1.050e+01, val=1.029e+01]
GNN flow training:  99%|█████████▉| 99/100 [10:02<00:06,  6.02s/epoch, best=1.000e+01, sign=0.147, train=1.029e+01, val=1.002e+01]
GNN flow training: 100%|██████████| 100/100 [10:02<00:00,  6.00s/epoch, best=1.000e+01, sign=0.147, train=1.029e+01, val=1.002e+01]
GNN flow training: 100%|██████████| 100/100 [10:02<00:00,  6.03s/epoch, best=1.000e+01, sign=0.147, train=1.029e+01, val=1.002e+01]
Resolved config snapshot:
{'preset': 'solver_QKB_outer_QKBdelta', 'gnn_outer_losses': {'flow': 0.1, 'kirchhoff': 1.0, 'boundary': 100.0, 'delta_l2': 10.0, 'delta_smooth': 0.0, 'pressure_shape': 0.0}, 'physics': {'arterial_flow_mode': 'dataset', 'pressure_constraints': ['equal-a-equal-v'], 'alpha_pa': None, 'use_snr_weights': True, 'use_observed_flow_snr_weighting': True, 'flow_scale_mode': 'median_abs', 'solver_device': 'same', 'pressure_solver_mode': 'reduced-soft-constrained-lstsq', 'pressure_solver_lambda_kirchhoff': 1.0, 'pressure_solver_lambda_pressure_constraints': 100.0, 'pressure_solver_lambda_flow_residual': 1.0, 'pressure_shape_reference': 'delta_zero_reference', 'pressure_detach': False}, 'correction_bounds': {'correction_min': -0.5, 'correction_max': 0.5, 'correction_bound': 0.5, 'correction_parameterization': 'tanh'}, 'optimization': {'learning_rate': 0.001, 'weight_decay': 0.0001, 'gradient_clip_norm': 5.0, 'optimizer': 'adamw', 'epochs': 100, 'patience': 40}}
Shard 7/80: 1 of 80 runs
Command: /mnt/home/sswee/miniforge3/envs/yolk-sac/bin/python /mnt/home/sswee/yolk/Yolk-Sac-Flow-Data-and-Sim/gnn_clean/scripts/python/gnn_flow.py /mnt/home/sswee/yolk/Yolk-Sac-Flow-Data-and-Sim/gnn_clean/datasets/mosaic_graph_canonical_harmonized/mosaic_graph_canonical_harmonized.gpickle --output-dir /mnt/home/sswee/yolk/Yolk-Sac-Flow-Data-and-Sim/gnn_clean/outputs_canonical/dc/02_physics_weight_sweep/gnn --run-name q_0p1__k_1__delta_10 --preset solver_QKB_outer_QKBdelta --device cuda --epochs 100 --seed 0 --viscosity-pa-s 0.0035 --config /mnt/home/sswee/yolk/Yolk-Sac-Flow-Data-and-Sim/gnn_clean/outputs_canonical/dc/02_physics_weight_sweep/_generated_configs/q_0p1__k_1__delta_10.yaml --no-pressure-detach
