
GNN flow training:   0%|          | 0/100 [00:00<?, ?epoch/s]
GNN flow training:   0%|          | 0/100 [00:04<?, ?epoch/s, best=1.274e+01, sign=0.194, train=1.274e+01, val=1.274e+01]
GNN flow training:   1%|          | 1/100 [00:04<07:38,  4.63s/epoch, best=1.274e+01, sign=0.194, train=1.274e+01, val=1.274e+01]
GNN flow training:   1%|          | 1/100 [00:09<07:38,  4.63s/epoch, best=1.274e+01, sign=0.194, train=1.275e+01, val=1.277e+01]
GNN flow training:   2%|▏         | 2/100 [00:09<07:28,  4.58s/epoch, best=1.274e+01, sign=0.194, train=1.275e+01, val=1.277e+01]
GNN flow training:   2%|▏         | 2/100 [00:13<07:28,  4.58s/epoch, best=1.274e+01, sign=0.194, train=1.277e+01, val=1.277e+01]
GNN flow training:   3%|▎         | 3/100 [00:13<07:21,  4.55s/epoch, best=1.274e+01, sign=0.194, train=1.277e+01, val=1.277e+01]
GNN flow training:   3%|▎         | 3/100 [00:18<07:21,  4.55s/epoch, best=1.274e+01, sign=0.194, train=1.277e+01, val=1.272e+01]
GNN flow training:   4%|▍         | 4/100 [00:18<07:14,  4.52s/epoch, best=1.274e+01, sign=0.194, train=1.277e+01, val=1.272e+01]
GNN flow training:   4%|▍         | 4/100 [00:22<07:14,  4.52s/epoch, best=1.272e+01, sign=0.194, train=1.272e+01, val=1.273e+01]
GNN flow training:   5%|▌         | 5/100 [00:22<07:08,  4.51s/epoch, best=1.272e+01, sign=0.194, train=1.272e+01, val=1.273e+01]
GNN flow training:   5%|▌         | 5/100 [00:27<07:08,  4.51s/epoch, best=1.272e+01, sign=0.194, train=1.273e+01, val=1.272e+01]
GNN flow training:   6%|▌         | 6/100 [00:27<07:03,  4.50s/epoch, best=1.272e+01, sign=0.194, train=1.273e+01, val=1.272e+01]
GNN flow training:   6%|▌         | 6/100 [00:31<07:03,  4.50s/epoch, best=1.272e+01, sign=0.195, train=1.273e+01, val=1.272e+01]
GNN flow training:   7%|▋         | 7/100 [00:31<06:58,  4.50s/epoch, best=1.272e+01, sign=0.195, train=1.273e+01, val=1.272e+01]
GNN flow training:   7%|▋         | 7/100 [00:36<06:58,  4.50s/epoch, best=1.272e+01, sign=0.195, train=1.272e+01, val=1.269e+01]
GNN flow training:   8%|▊         | 8/100 [00:36<06:53,  4.50s/epoch, best=1.272e+01, sign=0.195, train=1.272e+01, val=1.269e+01]
GNN flow training:   8%|▊         | 8/100 [00:40<06:53,  4.50s/epoch, best=1.269e+01, sign=0.196, train=1.269e+01, val=1.270e+01]
GNN flow training:   9%|▉         | 9/100 [00:40<06:51,  4.52s/epoch, best=1.269e+01, sign=0.196, train=1.269e+01, val=1.270e+01]
GNN flow training:   9%|▉         | 9/100 [00:45<06:51,  4.52s/epoch, best=1.269e+01, sign=0.197, train=1.270e+01, val=1.268e+01]
GNN flow training:  10%|█         | 10/100 [00:45<06:47,  4.53s/epoch, best=1.269e+01, sign=0.197, train=1.270e+01, val=1.268e+01]
GNN flow training:  10%|█         | 10/100 [00:49<06:47,  4.53s/epoch, best=1.268e+01, sign=0.198, train=1.269e+01, val=1.272e+01]
GNN flow training:  11%|█         | 11/100 [00:49<06:42,  4.52s/epoch, best=1.268e+01, sign=0.198, train=1.269e+01, val=1.272e+01]
GNN flow training:  11%|█         | 11/100 [00:54<06:42,  4.52s/epoch, best=1.268e+01, sign=0.199, train=1.273e+01, val=1.271e+01]
GNN flow training:  12%|█▏        | 12/100 [00:54<06:36,  4.51s/epoch, best=1.268e+01, sign=0.199, train=1.273e+01, val=1.271e+01]
GNN flow training:  12%|█▏        | 12/100 [00:58<06:36,  4.51s/epoch, best=1.268e+01, sign=0.199, train=1.271e+01, val=1.269e+01]
GNN flow training:  13%|█▎        | 13/100 [00:58<06:32,  4.51s/epoch, best=1.268e+01, sign=0.199, train=1.271e+01, val=1.269e+01]
GNN flow training:  13%|█▎        | 13/100 [01:03<06:32,  4.51s/epoch, best=1.268e+01, sign=0.199, train=1.269e+01, val=1.270e+01]
GNN flow training:  14%|█▍        | 14/100 [01:03<06:27,  4.51s/epoch, best=1.268e+01, sign=0.199, train=1.269e+01, val=1.270e+01]
GNN flow training:  14%|█▍        | 14/100 [01:07<06:27,  4.51s/epoch, best=1.268e+01, sign=0.201, train=1.270e+01, val=1.268e+01]
GNN flow training:  15%|█▌        | 15/100 [01:07<06:23,  4.51s/epoch, best=1.268e+01, sign=0.201, train=1.270e+01, val=1.268e+01]
GNN flow training:  15%|█▌        | 15/100 [01:12<06:23,  4.51s/epoch, best=1.268e+01, sign=0.201, train=1.268e+01, val=1.264e+01]
GNN flow training:  16%|█▌        | 16/100 [01:12<06:19,  4.51s/epoch, best=1.268e+01, sign=0.201, train=1.268e+01, val=1.264e+01]
GNN flow training:  16%|█▌        | 16/100 [01:16<06:19,  4.51s/epoch, best=1.264e+01, sign=0.201, train=1.264e+01, val=1.266e+01]
GNN flow training:  17%|█▋        | 17/100 [01:16<06:14,  4.51s/epoch, best=1.264e+01, sign=0.201, train=1.264e+01, val=1.266e+01]
GNN flow training:  17%|█▋        | 17/100 [01:21<06:14,  4.51s/epoch, best=1.264e+01, sign=0.200, train=1.266e+01, val=1.263e+01]
GNN flow training:  18%|█▊        | 18/100 [01:21<06:09,  4.51s/epoch, best=1.264e+01, sign=0.200, train=1.266e+01, val=1.263e+01]
GNN flow training:  18%|█▊        | 18/100 [01:25<06:09,  4.51s/epoch, best=1.263e+01, sign=0.199, train=1.263e+01, val=1.258e+01]
GNN flow training:  19%|█▉        | 19/100 [01:25<06:06,  4.52s/epoch, best=1.263e+01, sign=0.199, train=1.263e+01, val=1.258e+01]
GNN flow training:  19%|█▉        | 19/100 [01:30<06:06,  4.52s/epoch, best=1.258e+01, sign=0.198, train=1.258e+01, val=1.258e+01]
GNN flow training:  20%|██        | 20/100 [01:30<06:02,  4.53s/epoch, best=1.258e+01, sign=0.198, train=1.258e+01, val=1.258e+01]
GNN flow training:  20%|██        | 20/100 [01:34<06:02,  4.53s/epoch, best=1.258e+01, sign=0.198, train=1.258e+01, val=1.255e+01]
GNN flow training:  21%|██        | 21/100 [01:34<05:59,  4.54s/epoch, best=1.258e+01, sign=0.198, train=1.258e+01, val=1.255e+01]
GNN flow training:  21%|██        | 21/100 [01:39<05:59,  4.54s/epoch, best=1.255e+01, sign=0.197, train=1.255e+01, val=1.253e+01]
GNN flow training:  22%|██▏       | 22/100 [01:39<05:55,  4.55s/epoch, best=1.255e+01, sign=0.197, train=1.255e+01, val=1.253e+01]
GNN flow training:  22%|██▏       | 22/100 [01:44<05:55,  4.55s/epoch, best=1.253e+01, sign=0.196, train=1.253e+01, val=1.247e+01]
GNN flow training:  23%|██▎       | 23/100 [01:44<05:49,  4.54s/epoch, best=1.253e+01, sign=0.196, train=1.253e+01, val=1.247e+01]
GNN flow training:  23%|██▎       | 23/100 [01:48<05:49,  4.54s/epoch, best=1.247e+01, sign=0.195, train=1.247e+01, val=1.245e+01]
GNN flow training:  24%|██▍       | 24/100 [01:48<05:44,  4.53s/epoch, best=1.247e+01, sign=0.195, train=1.247e+01, val=1.245e+01]
GNN flow training:  24%|██▍       | 24/100 [01:53<05:44,  4.53s/epoch, best=1.245e+01, sign=0.194, train=1.246e+01, val=1.244e+01]
GNN flow training:  25%|██▌       | 25/100 [01:53<05:40,  4.54s/epoch, best=1.245e+01, sign=0.194, train=1.246e+01, val=1.244e+01]
GNN flow training:  25%|██▌       | 25/100 [01:57<05:40,  4.54s/epoch, best=1.244e+01, sign=0.194, train=1.245e+01, val=1.246e+01]
GNN flow training:  26%|██▌       | 26/100 [01:57<05:35,  4.54s/epoch, best=1.244e+01, sign=0.194, train=1.245e+01, val=1.246e+01]
GNN flow training:  26%|██▌       | 26/100 [02:02<05:35,  4.54s/epoch, best=1.244e+01, sign=0.193, train=1.247e+01, val=1.244e+01]
GNN flow training:  27%|██▋       | 27/100 [02:02<05:32,  4.56s/epoch, best=1.244e+01, sign=0.193, train=1.247e+01, val=1.244e+01]
GNN flow training:  27%|██▋       | 27/100 [02:06<05:32,  4.56s/epoch, best=1.244e+01, sign=0.193, train=1.244e+01, val=1.241e+01]
GNN flow training:  28%|██▊       | 28/100 [02:06<05:27,  4.55s/epoch, best=1.244e+01, sign=0.193, train=1.244e+01, val=1.241e+01]
GNN flow training:  28%|██▊       | 28/100 [02:11<05:27,  4.55s/epoch, best=1.241e+01, sign=0.193, train=1.241e+01, val=1.240e+01]
GNN flow training:  29%|██▉       | 29/100 [02:11<05:21,  4.53s/epoch, best=1.241e+01, sign=0.193, train=1.241e+01, val=1.240e+01]
GNN flow training:  29%|██▉       | 29/100 [02:15<05:21,  4.53s/epoch, best=1.240e+01, sign=0.193, train=1.240e+01, val=1.236e+01]
GNN flow training:  30%|███       | 30/100 [02:15<05:16,  4.52s/epoch, best=1.240e+01, sign=0.193, train=1.240e+01, val=1.236e+01]
GNN flow training:  30%|███       | 30/100 [02:20<05:16,  4.52s/epoch, best=1.236e+01, sign=0.193, train=1.236e+01, val=1.229e+01]
GNN flow training:  31%|███       | 31/100 [02:20<05:10,  4.50s/epoch, best=1.236e+01, sign=0.193, train=1.236e+01, val=1.229e+01]
GNN flow training:  31%|███       | 31/100 [02:24<05:10,  4.50s/epoch, best=1.229e+01, sign=0.192, train=1.229e+01, val=1.220e+01]
GNN flow training:  32%|███▏      | 32/100 [02:24<05:05,  4.50s/epoch, best=1.229e+01, sign=0.192, train=1.229e+01, val=1.220e+01]
GNN flow training:  32%|███▏      | 32/100 [02:29<05:05,  4.50s/epoch, best=1.220e+01, sign=0.192, train=1.220e+01, val=1.213e+01]
GNN flow training:  33%|███▎      | 33/100 [02:29<05:01,  4.50s/epoch, best=1.220e+01, sign=0.192, train=1.220e+01, val=1.213e+01]
GNN flow training:  33%|███▎      | 33/100 [02:33<05:01,  4.50s/epoch, best=1.213e+01, sign=0.191, train=1.213e+01, val=1.207e+01]
GNN flow training:  34%|███▍      | 34/100 [02:33<04:56,  4.50s/epoch, best=1.213e+01, sign=0.191, train=1.213e+01, val=1.207e+01]
GNN flow training:  34%|███▍      | 34/100 [02:38<04:56,  4.50s/epoch, best=1.207e+01, sign=0.191, train=1.207e+01, val=1.204e+01]
GNN flow training:  35%|███▌      | 35/100 [02:38<04:51,  4.48s/epoch, best=1.207e+01, sign=0.191, train=1.207e+01, val=1.204e+01]
GNN flow training:  35%|███▌      | 35/100 [02:42<04:51,  4.48s/epoch, best=1.204e+01, sign=0.190, train=1.204e+01, val=1.198e+01]
GNN flow training:  36%|███▌      | 36/100 [02:42<04:47,  4.49s/epoch, best=1.204e+01, sign=0.190, train=1.204e+01, val=1.198e+01]
GNN flow training:  36%|███▌      | 36/100 [02:47<04:47,  4.49s/epoch, best=1.198e+01, sign=0.190, train=1.199e+01, val=1.193e+01]
GNN flow training:  37%|███▋      | 37/100 [02:47<04:43,  4.51s/epoch, best=1.198e+01, sign=0.190, train=1.199e+01, val=1.193e+01]
GNN flow training:  37%|███▋      | 37/100 [02:51<04:43,  4.51s/epoch, best=1.193e+01, sign=0.189, train=1.193e+01, val=1.193e+01]
GNN flow training:  38%|███▊      | 38/100 [02:51<04:38,  4.50s/epoch, best=1.193e+01, sign=0.189, train=1.193e+01, val=1.193e+01]
GNN flow training:  38%|███▊      | 38/100 [02:56<04:38,  4.50s/epoch, best=1.193e+01, sign=0.187, train=1.193e+01, val=1.191e+01]
GNN flow training:  39%|███▉      | 39/100 [02:56<04:35,  4.51s/epoch, best=1.193e+01, sign=0.187, train=1.193e+01, val=1.191e+01]
GNN flow training:  39%|███▉      | 39/100 [03:00<04:35,  4.51s/epoch, best=1.191e+01, sign=0.187, train=1.191e+01, val=1.183e+01]
GNN flow training:  40%|████      | 40/100 [03:00<04:30,  4.51s/epoch, best=1.191e+01, sign=0.187, train=1.191e+01, val=1.183e+01]
GNN flow training:  40%|████      | 40/100 [03:05<04:30,  4.51s/epoch, best=1.183e+01, sign=0.187, train=1.184e+01, val=1.179e+01]
GNN flow training:  41%|████      | 41/100 [03:05<04:26,  4.51s/epoch, best=1.183e+01, sign=0.187, train=1.184e+01, val=1.179e+01]
GNN flow training:  41%|████      | 41/100 [03:09<04:26,  4.51s/epoch, best=1.179e+01, sign=0.184, train=1.179e+01, val=1.175e+01]
GNN flow training:  42%|████▏     | 42/100 [03:09<04:21,  4.50s/epoch, best=1.179e+01, sign=0.184, train=1.179e+01, val=1.175e+01]
GNN flow training:  42%|████▏     | 42/100 [03:14<04:21,  4.50s/epoch, best=1.175e+01, sign=0.180, train=1.175e+01, val=1.161e+01]
GNN flow training:  43%|████▎     | 43/100 [03:14<04:16,  4.50s/epoch, best=1.175e+01, sign=0.180, train=1.175e+01, val=1.161e+01]
GNN flow training:  43%|████▎     | 43/100 [03:18<04:16,  4.50s/epoch, best=1.161e+01, sign=0.177, train=1.162e+01, val=1.154e+01]
GNN flow training:  44%|████▍     | 44/100 [03:18<04:12,  4.50s/epoch, best=1.161e+01, sign=0.177, train=1.162e+01, val=1.154e+01]
GNN flow training:  44%|████▍     | 44/100 [03:23<04:12,  4.50s/epoch, best=1.154e+01, sign=0.176, train=1.154e+01, val=1.144e+01]
GNN flow training:  45%|████▌     | 45/100 [03:23<04:07,  4.49s/epoch, best=1.154e+01, sign=0.176, train=1.154e+01, val=1.144e+01]
GNN flow training:  45%|████▌     | 45/100 [03:27<04:07,  4.49s/epoch, best=1.144e+01, sign=0.176, train=1.144e+01, val=1.132e+01]
GNN flow training:  46%|████▌     | 46/100 [03:27<04:02,  4.48s/epoch, best=1.144e+01, sign=0.176, train=1.144e+01, val=1.132e+01]
GNN flow training:  46%|████▌     | 46/100 [03:32<04:02,  4.48s/epoch, best=1.132e+01, sign=0.175, train=1.133e+01, val=1.121e+01]
GNN flow training:  47%|████▋     | 47/100 [03:32<03:57,  4.49s/epoch, best=1.132e+01, sign=0.175, train=1.133e+01, val=1.121e+01]
GNN flow training:  47%|████▋     | 47/100 [03:36<03:57,  4.49s/epoch, best=1.121e+01, sign=0.175, train=1.121e+01, val=1.119e+01]
GNN flow training:  48%|████▊     | 48/100 [03:36<03:53,  4.49s/epoch, best=1.121e+01, sign=0.175, train=1.121e+01, val=1.119e+01]
GNN flow training:  48%|████▊     | 48/100 [03:41<03:53,  4.49s/epoch, best=1.119e+01, sign=0.180, train=1.119e+01, val=1.117e+01]
GNN flow training:  49%|████▉     | 49/100 [03:41<03:49,  4.49s/epoch, best=1.119e+01, sign=0.180, train=1.119e+01, val=1.117e+01]
GNN flow training:  49%|████▉     | 49/100 [03:45<03:49,  4.49s/epoch, best=1.117e+01, sign=0.184, train=1.117e+01, val=1.117e+01]
GNN flow training:  50%|█████     | 50/100 [03:45<03:44,  4.50s/epoch, best=1.117e+01, sign=0.184, train=1.117e+01, val=1.117e+01]
GNN flow training:  50%|█████     | 50/100 [03:50<03:44,  4.50s/epoch, best=1.117e+01, sign=0.187, train=1.117e+01, val=1.107e+01]
GNN flow training:  51%|█████     | 51/100 [03:50<03:39,  4.49s/epoch, best=1.117e+01, sign=0.187, train=1.117e+01, val=1.107e+01]
GNN flow training:  51%|█████     | 51/100 [03:54<03:39,  4.49s/epoch, best=1.107e+01, sign=0.179, train=1.107e+01, val=1.088e+01]
GNN flow training:  52%|█████▏    | 52/100 [03:54<03:35,  4.50s/epoch, best=1.107e+01, sign=0.179, train=1.107e+01, val=1.088e+01]
GNN flow training:  52%|█████▏    | 52/100 [03:59<03:35,  4.50s/epoch, best=1.088e+01, sign=0.172, train=1.088e+01, val=1.068e+01]
GNN flow training:  53%|█████▎    | 53/100 [03:59<03:30,  4.49s/epoch, best=1.088e+01, sign=0.172, train=1.088e+01, val=1.068e+01]
GNN flow training:  53%|█████▎    | 53/100 [04:03<03:30,  4.49s/epoch, best=1.068e+01, sign=0.166, train=1.068e+01, val=1.054e+01]
GNN flow training:  54%|█████▍    | 54/100 [04:03<03:26,  4.48s/epoch, best=1.068e+01, sign=0.166, train=1.068e+01, val=1.054e+01]
GNN flow training:  54%|█████▍    | 54/100 [04:08<03:26,  4.48s/epoch, best=1.054e+01, sign=0.163, train=1.054e+01, val=1.049e+01]
GNN flow training:  55%|█████▌    | 55/100 [04:08<03:21,  4.48s/epoch, best=1.054e+01, sign=0.163, train=1.054e+01, val=1.049e+01]
GNN flow training:  55%|█████▌    | 55/100 [04:12<03:21,  4.48s/epoch, best=1.049e+01, sign=0.161, train=1.049e+01, val=1.040e+01]
GNN flow training:  56%|█████▌    | 56/100 [04:12<03:17,  4.49s/epoch, best=1.049e+01, sign=0.161, train=1.049e+01, val=1.040e+01]
GNN flow training:  56%|█████▌    | 56/100 [04:17<03:17,  4.49s/epoch, best=1.040e+01, sign=0.160, train=1.040e+01, val=1.037e+01]
GNN flow training:  57%|█████▋    | 57/100 [04:17<03:13,  4.50s/epoch, best=1.040e+01, sign=0.160, train=1.040e+01, val=1.037e+01]
GNN flow training:  57%|█████▋    | 57/100 [04:21<03:13,  4.50s/epoch, best=1.037e+01, sign=0.159, train=1.037e+01, val=1.028e+01]
GNN flow training:  58%|█████▊    | 58/100 [04:21<03:08,  4.50s/epoch, best=1.037e+01, sign=0.159, train=1.037e+01, val=1.028e+01]
GNN flow training:  58%|█████▊    | 58/100 [04:26<03:08,  4.50s/epoch, best=1.028e+01, sign=0.160, train=1.028e+01, val=1.027e+01]
GNN flow training:  59%|█████▉    | 59/100 [04:26<03:03,  4.48s/epoch, best=1.028e+01, sign=0.160, train=1.028e+01, val=1.027e+01]
GNN flow training:  59%|█████▉    | 59/100 [04:30<03:03,  4.48s/epoch, best=1.027e+01, sign=0.159, train=1.028e+01, val=1.028e+01]
GNN flow training:  60%|██████    | 60/100 [04:30<02:59,  4.48s/epoch, best=1.027e+01, sign=0.159, train=1.028e+01, val=1.028e+01]
GNN flow training:  60%|██████    | 60/100 [04:34<02:59,  4.48s/epoch, best=1.027e+01, sign=0.158, train=1.028e+01, val=1.035e+01]
GNN flow training:  61%|██████    | 61/100 [04:34<02:54,  4.46s/epoch, best=1.027e+01, sign=0.158, train=1.028e+01, val=1.035e+01]
GNN flow training:  61%|██████    | 61/100 [04:39<02:54,  4.46s/epoch, best=1.027e+01, sign=0.156, train=1.036e+01, val=1.036e+01]
GNN flow training:  62%|██████▏   | 62/100 [04:39<02:49,  4.47s/epoch, best=1.027e+01, sign=0.156, train=1.036e+01, val=1.036e+01]
GNN flow training:  62%|██████▏   | 62/100 [04:43<02:49,  4.47s/epoch, best=1.027e+01, sign=0.158, train=1.037e+01, val=1.024e+01]
GNN flow training:  63%|██████▎   | 63/100 [04:43<02:45,  4.47s/epoch, best=1.027e+01, sign=0.158, train=1.037e+01, val=1.024e+01]
GNN flow training:  63%|██████▎   | 63/100 [04:48<02:45,  4.47s/epoch, best=1.024e+01, sign=0.160, train=1.024e+01, val=1.004e+01]
GNN flow training:  64%|██████▍   | 64/100 [04:48<02:40,  4.47s/epoch, best=1.024e+01, sign=0.160, train=1.024e+01, val=1.004e+01]
GNN flow training:  64%|██████▍   | 64/100 [04:52<02:40,  4.47s/epoch, best=1.004e+01, sign=0.164, train=1.004e+01, val=9.919e+00]
GNN flow training:  65%|██████▌   | 65/100 [04:52<02:36,  4.47s/epoch, best=1.004e+01, sign=0.164, train=1.004e+01, val=9.919e+00]
GNN flow training:  65%|██████▌   | 65/100 [04:57<02:36,  4.47s/epoch, best=9.919e+00, sign=0.168, train=9.920e+00, val=9.768e+00]
GNN flow training:  66%|██████▌   | 66/100 [04:57<02:32,  4.47s/epoch, best=9.919e+00, sign=0.168, train=9.920e+00, val=9.768e+00]
GNN flow training:  66%|██████▌   | 66/100 [05:01<02:32,  4.47s/epoch, best=9.768e+00, sign=0.171, train=9.769e+00, val=9.819e+00]
GNN flow training:  67%|██████▋   | 67/100 [05:01<02:27,  4.47s/epoch, best=9.768e+00, sign=0.171, train=9.769e+00, val=9.819e+00]
GNN flow training:  67%|██████▋   | 67/100 [05:06<02:27,  4.47s/epoch, best=9.768e+00, sign=0.168, train=9.819e+00, val=9.695e+00]
GNN flow training:  68%|██████▊   | 68/100 [05:06<02:23,  4.48s/epoch, best=9.768e+00, sign=0.168, train=9.819e+00, val=9.695e+00]
GNN flow training:  68%|██████▊   | 68/100 [05:10<02:23,  4.48s/epoch, best=9.695e+00, sign=0.161, train=9.696e+00, val=9.476e+00]
GNN flow training:  69%|██████▉   | 69/100 [05:10<02:18,  4.48s/epoch, best=9.695e+00, sign=0.161, train=9.696e+00, val=9.476e+00]
GNN flow training:  69%|██████▉   | 69/100 [05:15<02:18,  4.48s/epoch, best=9.476e+00, sign=0.155, train=9.476e+00, val=9.429e+00]
GNN flow training:  70%|███████   | 70/100 [05:15<02:14,  4.48s/epoch, best=9.476e+00, sign=0.155, train=9.476e+00, val=9.429e+00]
GNN flow training:  70%|███████   | 70/100 [05:19<02:14,  4.48s/epoch, best=9.429e+00, sign=0.152, train=9.430e+00, val=9.471e+00]
GNN flow training:  71%|███████   | 71/100 [05:19<02:09,  4.48s/epoch, best=9.429e+00, sign=0.152, train=9.430e+00, val=9.471e+00]
GNN flow training:  71%|███████   | 71/100 [05:24<02:09,  4.48s/epoch, best=9.429e+00, sign=0.150, train=9.472e+00, val=9.462e+00]
GNN flow training:  72%|███████▏  | 72/100 [05:24<02:05,  4.48s/epoch, best=9.429e+00, sign=0.150, train=9.472e+00, val=9.462e+00]
GNN flow training:  72%|███████▏  | 72/100 [05:28<02:05,  4.48s/epoch, best=9.429e+00, sign=0.153, train=9.462e+00, val=9.342e+00]
GNN flow training:  73%|███████▎  | 73/100 [05:28<02:01,  4.49s/epoch, best=9.429e+00, sign=0.153, train=9.462e+00, val=9.342e+00]
GNN flow training:  73%|███████▎  | 73/100 [05:33<02:01,  4.49s/epoch, best=9.342e+00, sign=0.156, train=9.342e+00, val=9.260e+00]
GNN flow training:  74%|███████▍  | 74/100 [05:33<01:56,  4.48s/epoch, best=9.342e+00, sign=0.156, train=9.342e+00, val=9.260e+00]
GNN flow training:  74%|███████▍  | 74/100 [05:37<01:56,  4.48s/epoch, best=9.260e+00, sign=0.163, train=9.260e+00, val=9.341e+00]
GNN flow training:  75%|███████▌  | 75/100 [05:37<01:52,  4.48s/epoch, best=9.260e+00, sign=0.163, train=9.260e+00, val=9.341e+00]
GNN flow training:  75%|███████▌  | 75/100 [05:42<01:52,  4.48s/epoch, best=9.260e+00, sign=0.172, train=9.341e+00, val=9.565e+00]
GNN flow training:  76%|███████▌  | 76/100 [05:42<01:47,  4.48s/epoch, best=9.260e+00, sign=0.172, train=9.341e+00, val=9.565e+00]
GNN flow training:  76%|███████▌  | 76/100 [05:46<01:47,  4.48s/epoch, best=9.260e+00, sign=0.176, train=9.566e+00, val=9.558e+00]
GNN flow training:  77%|███████▋  | 77/100 [05:46<01:42,  4.47s/epoch, best=9.260e+00, sign=0.176, train=9.566e+00, val=9.558e+00]
GNN flow training:  77%|███████▋  | 77/100 [05:51<01:42,  4.47s/epoch, best=9.260e+00, sign=0.169, train=9.559e+00, val=9.377e+00]
GNN flow training:  78%|███████▊  | 78/100 [05:51<01:38,  4.49s/epoch, best=9.260e+00, sign=0.169, train=9.559e+00, val=9.377e+00]
GNN flow training:  78%|███████▊  | 78/100 [05:55<01:38,  4.49s/epoch, best=9.260e+00, sign=0.165, train=9.378e+00, val=9.166e+00]
GNN flow training:  79%|███████▉  | 79/100 [05:55<01:34,  4.49s/epoch, best=9.260e+00, sign=0.165, train=9.378e+00, val=9.166e+00]
GNN flow training:  79%|███████▉  | 79/100 [06:00<01:34,  4.49s/epoch, best=9.166e+00, sign=0.159, train=9.167e+00, val=9.181e+00]
GNN flow training:  80%|████████  | 80/100 [06:00<01:29,  4.50s/epoch, best=9.166e+00, sign=0.159, train=9.167e+00, val=9.181e+00]
GNN flow training:  80%|████████  | 80/100 [06:04<01:29,  4.50s/epoch, best=9.166e+00, sign=0.157, train=9.181e+00, val=9.218e+00]
GNN flow training:  81%|████████  | 81/100 [06:04<01:25,  4.49s/epoch, best=9.166e+00, sign=0.157, train=9.181e+00, val=9.218e+00]
GNN flow training:  81%|████████  | 81/100 [06:09<01:25,  4.49s/epoch, best=9.166e+00, sign=0.156, train=9.219e+00, val=9.341e+00]
GNN flow training:  82%|████████▏ | 82/100 [06:09<01:20,  4.49s/epoch, best=9.166e+00, sign=0.156, train=9.219e+00, val=9.341e+00]
GNN flow training:  82%|████████▏ | 82/100 [06:13<01:20,  4.49s/epoch, best=9.166e+00, sign=0.155, train=9.342e+00, val=9.349e+00]
GNN flow training:  83%|████████▎ | 83/100 [06:13<01:16,  4.49s/epoch, best=9.166e+00, sign=0.155, train=9.342e+00, val=9.349e+00]
GNN flow training:  83%|████████▎ | 83/100 [06:18<01:16,  4.49s/epoch, best=9.166e+00, sign=0.157, train=9.349e+00, val=9.175e+00]
GNN flow training:  84%|████████▍ | 84/100 [06:18<01:11,  4.50s/epoch, best=9.166e+00, sign=0.157, train=9.349e+00, val=9.175e+00]
GNN flow training:  84%|████████▍ | 84/100 [06:22<01:11,  4.50s/epoch, best=9.166e+00, sign=0.156, train=9.175e+00, val=9.118e+00]
GNN flow training:  85%|████████▌ | 85/100 [06:22<01:07,  4.50s/epoch, best=9.166e+00, sign=0.156, train=9.175e+00, val=9.118e+00]
GNN flow training:  85%|████████▌ | 85/100 [06:27<01:07,  4.50s/epoch, best=9.118e+00, sign=0.157, train=9.119e+00, val=9.063e+00]
GNN flow training:  86%|████████▌ | 86/100 [06:27<01:03,  4.50s/epoch, best=9.118e+00, sign=0.157, train=9.119e+00, val=9.063e+00]
GNN flow training:  86%|████████▌ | 86/100 [06:31<01:03,  4.50s/epoch, best=9.063e+00, sign=0.159, train=9.063e+00, val=9.060e+00]
GNN flow training:  87%|████████▋ | 87/100 [06:31<00:58,  4.50s/epoch, best=9.063e+00, sign=0.159, train=9.063e+00, val=9.060e+00]
GNN flow training:  87%|████████▋ | 87/100 [06:36<00:58,  4.50s/epoch, best=9.060e+00, sign=0.161, train=9.060e+00, val=9.046e+00]
GNN flow training:  88%|████████▊ | 88/100 [06:36<00:54,  4.50s/epoch, best=9.060e+00, sign=0.161, train=9.060e+00, val=9.046e+00]
GNN flow training:  88%|████████▊ | 88/100 [06:40<00:54,  4.50s/epoch, best=9.046e+00, sign=0.162, train=9.046e+00, val=9.047e+00]
GNN flow training:  89%|████████▉ | 89/100 [06:40<00:49,  4.50s/epoch, best=9.046e+00, sign=0.162, train=9.046e+00, val=9.047e+00]
GNN flow training:  89%|████████▉ | 89/100 [06:45<00:49,  4.50s/epoch, best=9.046e+00, sign=0.162, train=9.048e+00, val=9.035e+00]
GNN flow training:  90%|█████████ | 90/100 [06:45<00:44,  4.49s/epoch, best=9.046e+00, sign=0.162, train=9.048e+00, val=9.035e+00]
GNN flow training:  90%|█████████ | 90/100 [06:49<00:44,  4.49s/epoch, best=9.035e+00, sign=0.161, train=9.035e+00, val=8.966e+00]
GNN flow training:  91%|█████████ | 91/100 [06:49<00:40,  4.49s/epoch, best=9.035e+00, sign=0.161, train=9.035e+00, val=8.966e+00]
GNN flow training:  91%|█████████ | 91/100 [06:54<00:40,  4.49s/epoch, best=8.966e+00, sign=0.160, train=8.967e+00, val=8.972e+00]
GNN flow training:  92%|█████████▏| 92/100 [06:54<00:35,  4.49s/epoch, best=8.966e+00, sign=0.160, train=8.967e+00, val=8.972e+00]
GNN flow training:  92%|█████████▏| 92/100 [06:58<00:35,  4.49s/epoch, best=8.966e+00, sign=0.160, train=8.973e+00, val=8.995e+00]
GNN flow training:  93%|█████████▎| 93/100 [06:58<00:31,  4.51s/epoch, best=8.966e+00, sign=0.160, train=8.973e+00, val=8.995e+00]
GNN flow training:  93%|█████████▎| 93/100 [07:03<00:31,  4.51s/epoch, best=8.966e+00, sign=0.161, train=8.996e+00, val=8.957e+00]
GNN flow training:  94%|█████████▍| 94/100 [07:03<00:27,  4.53s/epoch, best=8.966e+00, sign=0.161, train=8.996e+00, val=8.957e+00]
GNN flow training:  94%|█████████▍| 94/100 [07:07<00:27,  4.53s/epoch, best=8.957e+00, sign=0.160, train=8.958e+00, val=8.998e+00]
GNN flow training:  95%|█████████▌| 95/100 [07:07<00:22,  4.52s/epoch, best=8.957e+00, sign=0.160, train=8.958e+00, val=8.998e+00]
GNN flow training:  95%|█████████▌| 95/100 [07:12<00:22,  4.52s/epoch, best=8.957e+00, sign=0.159, train=8.998e+00, val=8.995e+00]
GNN flow training:  96%|█████████▌| 96/100 [07:12<00:18,  4.50s/epoch, best=8.957e+00, sign=0.159, train=8.998e+00, val=8.995e+00]
GNN flow training:  96%|█████████▌| 96/100 [07:16<00:18,  4.50s/epoch, best=8.957e+00, sign=0.160, train=8.995e+00, val=8.984e+00]
GNN flow training:  97%|█████████▋| 97/100 [07:16<00:13,  4.49s/epoch, best=8.957e+00, sign=0.160, train=8.995e+00, val=8.984e+00]
GNN flow training:  97%|█████████▋| 97/100 [07:21<00:13,  4.49s/epoch, best=8.957e+00, sign=0.161, train=8.985e+00, val=8.926e+00]
GNN flow training:  98%|█████████▊| 98/100 [07:21<00:08,  4.49s/epoch, best=8.957e+00, sign=0.161, train=8.985e+00, val=8.926e+00]
GNN flow training:  98%|█████████▊| 98/100 [07:25<00:08,  4.49s/epoch, best=8.926e+00, sign=0.160, train=8.927e+00, val=8.933e+00]
GNN flow training:  99%|█████████▉| 99/100 [07:25<00:04,  4.50s/epoch, best=8.926e+00, sign=0.160, train=8.927e+00, val=8.933e+00]
GNN flow training:  99%|█████████▉| 99/100 [07:30<00:04,  4.50s/epoch, best=8.926e+00, sign=0.160, train=8.934e+00, val=8.940e+00]
GNN flow training: 100%|██████████| 100/100 [07:30<00:00,  4.52s/epoch, best=8.926e+00, sign=0.160, train=8.934e+00, val=8.940e+00]
GNN flow training: 100%|██████████| 100/100 [07:30<00:00,  4.50s/epoch, best=8.926e+00, sign=0.160, train=8.934e+00, val=8.940e+00]

GNN flow training:   0%|          | 0/100 [00:00<?, ?epoch/s]
GNN flow training:   0%|          | 0/100 [00:04<?, ?epoch/s, best=1.276e+02, sign=0.194, train=1.277e+02, val=1.276e+02]
GNN flow training:   1%|          | 1/100 [00:04<07:39,  4.64s/epoch, best=1.276e+02, sign=0.194, train=1.277e+02, val=1.276e+02]
GNN flow training:   1%|          | 1/100 [00:09<07:39,  4.64s/epoch, best=1.276e+02, sign=0.194, train=1.278e+02, val=1.279e+02]
GNN flow training:   2%|▏         | 2/100 [00:09<07:31,  4.61s/epoch, best=1.276e+02, sign=0.194, train=1.278e+02, val=1.279e+02]
GNN flow training:   2%|▏         | 2/100 [00:13<07:31,  4.61s/epoch, best=1.276e+02, sign=0.194, train=1.281e+02, val=1.278e+02]
GNN flow training:   3%|▎         | 3/100 [00:13<07:22,  4.56s/epoch, best=1.276e+02, sign=0.194, train=1.281e+02, val=1.278e+02]
GNN flow training:   3%|▎         | 3/100 [00:18<07:22,  4.56s/epoch, best=1.276e+02, sign=0.194, train=1.280e+02, val=1.274e+02]
GNN flow training:   4%|▍         | 4/100 [00:18<07:14,  4.52s/epoch, best=1.276e+02, sign=0.194, train=1.280e+02, val=1.274e+02]
GNN flow training:   4%|▍         | 4/100 [00:22<07:14,  4.52s/epoch, best=1.274e+02, sign=0.194, train=1.276e+02, val=1.276e+02]
GNN flow training:   5%|▌         | 5/100 [00:22<07:08,  4.51s/epoch, best=1.274e+02, sign=0.194, train=1.276e+02, val=1.276e+02]
GNN flow training:   5%|▌         | 5/100 [00:27<07:08,  4.51s/epoch, best=1.274e+02, sign=0.194, train=1.278e+02, val=1.273e+02]
GNN flow training:   6%|▌         | 6/100 [00:27<07:02,  4.50s/epoch, best=1.274e+02, sign=0.194, train=1.278e+02, val=1.273e+02]
GNN flow training:   6%|▌         | 6/100 [00:31<07:02,  4.50s/epoch, best=1.273e+02, sign=0.194, train=1.275e+02, val=1.275e+02]
GNN flow training:   7%|▋         | 7/100 [00:31<06:57,  4.49s/epoch, best=1.273e+02, sign=0.194, train=1.275e+02, val=1.275e+02]
GNN flow training:   7%|▋         | 7/100 [00:36<06:57,  4.49s/epoch, best=1.273e+02, sign=0.194, train=1.276e+02, val=1.275e+02]
GNN flow training:   8%|▊         | 8/100 [00:36<06:53,  4.50s/epoch, best=1.273e+02, sign=0.194, train=1.276e+02, val=1.275e+02]
GNN flow training:   8%|▊         | 8/100 [00:40<06:53,  4.50s/epoch, best=1.273e+02, sign=0.194, train=1.276e+02, val=1.273e+02]
GNN flow training:   9%|▉         | 9/100 [00:40<06:49,  4.49s/epoch, best=1.273e+02, sign=0.194, train=1.276e+02, val=1.273e+02]
GNN flow training:   9%|▉         | 9/100 [00:45<06:49,  4.49s/epoch, best=1.273e+02, sign=0.194, train=1.275e+02, val=1.273e+02]
GNN flow training:  10%|█         | 10/100 [00:45<06:44,  4.50s/epoch, best=1.273e+02, sign=0.194, train=1.275e+02, val=1.273e+02]
GNN flow training:  10%|█         | 10/100 [00:49<06:44,  4.50s/epoch, best=1.273e+02, sign=0.194, train=1.274e+02, val=1.271e+02]
GNN flow training:  11%|█         | 11/100 [00:49<06:40,  4.50s/epoch, best=1.273e+02, sign=0.194, train=1.274e+02, val=1.271e+02]
GNN flow training:  11%|█         | 11/100 [00:54<06:40,  4.50s/epoch, best=1.271e+02, sign=0.193, train=1.272e+02, val=1.270e+02]
GNN flow training:  12%|█▏        | 12/100 [00:54<06:36,  4.50s/epoch, best=1.271e+02, sign=0.193, train=1.272e+02, val=1.270e+02]
GNN flow training:  12%|█▏        | 12/100 [00:58<06:36,  4.50s/epoch, best=1.270e+02, sign=0.193, train=1.271e+02, val=1.268e+02]
GNN flow training:  13%|█▎        | 13/100 [00:58<06:32,  4.51s/epoch, best=1.270e+02, sign=0.193, train=1.271e+02, val=1.268e+02]
GNN flow training:  13%|█▎        | 13/100 [01:03<06:32,  4.51s/epoch, best=1.268e+02, sign=0.193, train=1.269e+02, val=1.268e+02]
GNN flow training:  14%|█▍        | 14/100 [01:03<06:27,  4.50s/epoch, best=1.268e+02, sign=0.193, train=1.269e+02, val=1.268e+02]
GNN flow training:  14%|█▍        | 14/100 [01:07<06:27,  4.50s/epoch, best=1.268e+02, sign=0.193, train=1.270e+02, val=1.267e+02]
GNN flow training:  15%|█▌        | 15/100 [01:07<06:23,  4.51s/epoch, best=1.268e+02, sign=0.193, train=1.270e+02, val=1.267e+02]
GNN flow training:  15%|█▌        | 15/100 [01:12<06:23,  4.51s/epoch, best=1.267e+02, sign=0.193, train=1.268e+02, val=1.265e+02]
GNN flow training:  16%|█▌        | 16/100 [01:12<06:18,  4.51s/epoch, best=1.267e+02, sign=0.193, train=1.268e+02, val=1.265e+02]
GNN flow training:  16%|█▌        | 16/100 [01:16<06:18,  4.51s/epoch, best=1.265e+02, sign=0.193, train=1.267e+02, val=1.263e+02]
GNN flow training:  17%|█▋        | 17/100 [01:16<06:14,  4.51s/epoch, best=1.265e+02, sign=0.193, train=1.267e+02, val=1.263e+02]
GNN flow training:  17%|█▋        | 17/100 [01:21<06:14,  4.51s/epoch, best=1.263e+02, sign=0.193, train=1.265e+02, val=1.262e+02]
GNN flow training:  18%|█▊        | 18/100 [01:21<06:08,  4.50s/epoch, best=1.263e+02, sign=0.193, train=1.265e+02, val=1.262e+02]
GNN flow training:  18%|█▊        | 18/100 [01:25<06:08,  4.50s/epoch, best=1.262e+02, sign=0.192, train=1.263e+02, val=1.262e+02]
GNN flow training:  19%|█▉        | 19/100 [01:25<06:04,  4.51s/epoch, best=1.262e+02, sign=0.192, train=1.263e+02, val=1.262e+02]
GNN flow training:  19%|█▉        | 19/100 [01:30<06:04,  4.51s/epoch, best=1.262e+02, sign=0.192, train=1.263e+02, val=1.261e+02]
GNN flow training:  20%|██        | 20/100 [01:30<06:00,  4.50s/epoch, best=1.262e+02, sign=0.192, train=1.263e+02, val=1.261e+02]
GNN flow training:  20%|██        | 20/100 [01:34<06:00,  4.50s/epoch, best=1.261e+02, sign=0.192, train=1.263e+02, val=1.259e+02]
GNN flow training:  21%|██        | 21/100 [01:34<05:56,  4.51s/epoch, best=1.261e+02, sign=0.192, train=1.263e+02, val=1.259e+02]
GNN flow training:  21%|██        | 21/100 [01:39<05:56,  4.51s/epoch, best=1.259e+02, sign=0.190, train=1.260e+02, val=1.255e+02]
GNN flow training:  22%|██▏       | 22/100 [01:39<05:52,  4.52s/epoch, best=1.259e+02, sign=0.190, train=1.260e+02, val=1.255e+02]
GNN flow training:  22%|██▏       | 22/100 [01:43<05:52,  4.52s/epoch, best=1.255e+02, sign=0.189, train=1.256e+02, val=1.252e+02]
GNN flow training:  23%|██▎       | 23/100 [01:43<05:48,  4.52s/epoch, best=1.255e+02, sign=0.189, train=1.256e+02, val=1.252e+02]
GNN flow training:  23%|██▎       | 23/100 [01:48<05:48,  4.52s/epoch, best=1.252e+02, sign=0.189, train=1.253e+02, val=1.245e+02]
GNN flow training:  24%|██▍       | 24/100 [01:48<05:41,  4.50s/epoch, best=1.252e+02, sign=0.189, train=1.253e+02, val=1.245e+02]
GNN flow training:  24%|██▍       | 24/100 [01:52<05:41,  4.50s/epoch, best=1.245e+02, sign=0.189, train=1.247e+02, val=1.247e+02]
GNN flow training:  25%|██▌       | 25/100 [01:52<05:37,  4.49s/epoch, best=1.245e+02, sign=0.189, train=1.247e+02, val=1.247e+02]
GNN flow training:  25%|██▌       | 25/100 [01:57<05:37,  4.49s/epoch, best=1.245e+02, sign=0.188, train=1.248e+02, val=1.240e+02]
GNN flow training:  26%|██▌       | 26/100 [01:57<05:32,  4.49s/epoch, best=1.245e+02, sign=0.188, train=1.248e+02, val=1.240e+02]
GNN flow training:  26%|██▌       | 26/100 [02:01<05:32,  4.49s/epoch, best=1.240e+02, sign=0.188, train=1.241e+02, val=1.242e+02]
GNN flow training:  27%|██▋       | 27/100 [02:01<05:28,  4.50s/epoch, best=1.240e+02, sign=0.188, train=1.241e+02, val=1.242e+02]
GNN flow training:  27%|██▋       | 27/100 [02:06<05:28,  4.50s/epoch, best=1.240e+02, sign=0.187, train=1.243e+02, val=1.232e+02]
GNN flow training:  28%|██▊       | 28/100 [02:06<05:23,  4.49s/epoch, best=1.240e+02, sign=0.187, train=1.243e+02, val=1.232e+02]
GNN flow training:  28%|██▊       | 28/100 [02:10<05:23,  4.49s/epoch, best=1.232e+02, sign=0.185, train=1.234e+02, val=1.227e+02]
GNN flow training:  29%|██▉       | 29/100 [02:10<05:19,  4.49s/epoch, best=1.232e+02, sign=0.185, train=1.234e+02, val=1.227e+02]
GNN flow training:  29%|██▉       | 29/100 [02:15<05:19,  4.49s/epoch, best=1.227e+02, sign=0.183, train=1.228e+02, val=1.217e+02]
GNN flow training:  30%|███       | 30/100 [02:15<05:14,  4.50s/epoch, best=1.227e+02, sign=0.183, train=1.228e+02, val=1.217e+02]
GNN flow training:  30%|███       | 30/100 [02:19<05:14,  4.50s/epoch, best=1.217e+02, sign=0.180, train=1.219e+02, val=1.208e+02]
GNN flow training:  31%|███       | 31/100 [02:19<05:10,  4.50s/epoch, best=1.217e+02, sign=0.180, train=1.219e+02, val=1.208e+02]
GNN flow training:  31%|███       | 31/100 [02:24<05:10,  4.50s/epoch, best=1.208e+02, sign=0.179, train=1.209e+02, val=1.201e+02]
GNN flow training:  32%|███▏      | 32/100 [02:24<05:04,  4.48s/epoch, best=1.208e+02, sign=0.179, train=1.209e+02, val=1.201e+02]
GNN flow training:  32%|███▏      | 32/100 [02:28<05:04,  4.48s/epoch, best=1.201e+02, sign=0.177, train=1.202e+02, val=1.200e+02]
GNN flow training:  33%|███▎      | 33/100 [02:28<05:00,  4.48s/epoch, best=1.201e+02, sign=0.177, train=1.202e+02, val=1.200e+02]
GNN flow training:  33%|███▎      | 33/100 [02:33<05:00,  4.48s/epoch, best=1.200e+02, sign=0.176, train=1.201e+02, val=1.209e+02]
GNN flow training:  34%|███▍      | 34/100 [02:33<04:56,  4.49s/epoch, best=1.200e+02, sign=0.176, train=1.201e+02, val=1.209e+02]
GNN flow training:  34%|███▍      | 34/100 [02:37<04:56,  4.49s/epoch, best=1.200e+02, sign=0.176, train=1.210e+02, val=1.208e+02]
GNN flow training:  35%|███▌      | 35/100 [02:37<04:51,  4.49s/epoch, best=1.200e+02, sign=0.176, train=1.210e+02, val=1.208e+02]
GNN flow training:  35%|███▌      | 35/100 [02:42<04:51,  4.49s/epoch, best=1.200e+02, sign=0.176, train=1.210e+02, val=1.204e+02]
GNN flow training:  36%|███▌      | 36/100 [02:42<04:47,  4.49s/epoch, best=1.200e+02, sign=0.176, train=1.210e+02, val=1.204e+02]
GNN flow training:  36%|███▌      | 36/100 [02:46<04:47,  4.49s/epoch, best=1.200e+02, sign=0.175, train=1.206e+02, val=1.204e+02]
GNN flow training:  37%|███▋      | 37/100 [02:46<04:42,  4.49s/epoch, best=1.200e+02, sign=0.175, train=1.206e+02, val=1.204e+02]
GNN flow training:  37%|███▋      | 37/100 [02:51<04:42,  4.49s/epoch, best=1.200e+02, sign=0.175, train=1.206e+02, val=1.206e+02]
GNN flow training:  38%|███▊      | 38/100 [02:51<04:37,  4.48s/epoch, best=1.200e+02, sign=0.175, train=1.206e+02, val=1.206e+02]
GNN flow training:  38%|███▊      | 38/100 [02:55<04:37,  4.48s/epoch, best=1.200e+02, sign=0.175, train=1.207e+02, val=1.199e+02]
GNN flow training:  39%|███▉      | 39/100 [02:55<04:32,  4.47s/epoch, best=1.200e+02, sign=0.175, train=1.207e+02, val=1.199e+02]
GNN flow training:  39%|███▉      | 39/100 [02:59<04:32,  4.47s/epoch, best=1.199e+02, sign=0.174, train=1.200e+02, val=1.193e+02]
GNN flow training:  40%|████      | 40/100 [02:59<04:28,  4.48s/epoch, best=1.199e+02, sign=0.174, train=1.200e+02, val=1.193e+02]
GNN flow training:  40%|████      | 40/100 [03:04<04:28,  4.48s/epoch, best=1.193e+02, sign=0.174, train=1.194e+02, val=1.180e+02]
GNN flow training:  41%|████      | 41/100 [03:04<04:24,  4.48s/epoch, best=1.193e+02, sign=0.174, train=1.194e+02, val=1.180e+02]
GNN flow training:  41%|████      | 41/100 [03:09<04:24,  4.48s/epoch, best=1.180e+02, sign=0.173, train=1.181e+02, val=1.168e+02]
GNN flow training:  42%|████▏     | 42/100 [03:09<04:20,  4.50s/epoch, best=1.180e+02, sign=0.173, train=1.181e+02, val=1.168e+02]
GNN flow training:  42%|████▏     | 42/100 [03:13<04:20,  4.50s/epoch, best=1.168e+02, sign=0.171, train=1.169e+02, val=1.157e+02]
GNN flow training:  43%|████▎     | 43/100 [03:13<04:16,  4.50s/epoch, best=1.168e+02, sign=0.171, train=1.169e+02, val=1.157e+02]
GNN flow training:  43%|████▎     | 43/100 [03:18<04:16,  4.50s/epoch, best=1.157e+02, sign=0.171, train=1.158e+02, val=1.145e+02]
GNN flow training:  44%|████▍     | 44/100 [03:18<04:11,  4.50s/epoch, best=1.157e+02, sign=0.171, train=1.158e+02, val=1.145e+02]
GNN flow training:  44%|████▍     | 44/100 [03:22<04:11,  4.50s/epoch, best=1.145e+02, sign=0.172, train=1.146e+02, val=1.137e+02]
GNN flow training:  45%|████▌     | 45/100 [03:22<04:06,  4.47s/epoch, best=1.145e+02, sign=0.172, train=1.146e+02, val=1.137e+02]
GNN flow training:  45%|████▌     | 45/100 [03:26<04:06,  4.47s/epoch, best=1.137e+02, sign=0.171, train=1.138e+02, val=1.131e+02]
GNN flow training:  46%|████▌     | 46/100 [03:26<04:00,  4.45s/epoch, best=1.137e+02, sign=0.171, train=1.138e+02, val=1.131e+02]
GNN flow training:  46%|████▌     | 46/100 [03:31<04:00,  4.45s/epoch, best=1.131e+02, sign=0.172, train=1.132e+02, val=1.149e+02]
GNN flow training:  47%|████▋     | 47/100 [03:31<03:56,  4.46s/epoch, best=1.131e+02, sign=0.172, train=1.132e+02, val=1.149e+02]
GNN flow training:  47%|████▋     | 47/100 [03:35<03:56,  4.46s/epoch, best=1.131e+02, sign=0.178, train=1.150e+02, val=1.176e+02]
GNN flow training:  48%|████▊     | 48/100 [03:35<03:51,  4.45s/epoch, best=1.131e+02, sign=0.178, train=1.150e+02, val=1.176e+02]
GNN flow training:  48%|████▊     | 48/100 [03:40<03:51,  4.45s/epoch, best=1.131e+02, sign=0.181, train=1.177e+02, val=1.198e+02]
GNN flow training:  49%|████▉     | 49/100 [03:40<03:47,  4.45s/epoch, best=1.131e+02, sign=0.181, train=1.177e+02, val=1.198e+02]
GNN flow training:  49%|████▉     | 49/100 [03:44<03:47,  4.45s/epoch, best=1.131e+02, sign=0.191, train=1.199e+02, val=1.207e+02]
GNN flow training:  50%|█████     | 50/100 [03:44<03:43,  4.46s/epoch, best=1.131e+02, sign=0.191, train=1.199e+02, val=1.207e+02]
GNN flow training:  50%|█████     | 50/100 [03:49<03:43,  4.46s/epoch, best=1.131e+02, sign=0.206, train=1.209e+02, val=1.241e+02]
GNN flow training:  51%|█████     | 51/100 [03:49<03:38,  4.45s/epoch, best=1.131e+02, sign=0.206, train=1.209e+02, val=1.241e+02]
GNN flow training:  51%|█████     | 51/100 [03:53<03:38,  4.45s/epoch, best=1.131e+02, sign=0.212, train=1.243e+02, val=1.245e+02]
GNN flow training:  52%|█████▏    | 52/100 [03:53<03:34,  4.47s/epoch, best=1.131e+02, sign=0.212, train=1.243e+02, val=1.245e+02]
GNN flow training:  52%|█████▏    | 52/100 [03:58<03:34,  4.47s/epoch, best=1.131e+02, sign=0.213, train=1.247e+02, val=1.249e+02]
GNN flow training:  53%|█████▎    | 53/100 [03:58<03:30,  4.47s/epoch, best=1.131e+02, sign=0.213, train=1.247e+02, val=1.249e+02]
GNN flow training:  53%|█████▎    | 53/100 [04:02<03:30,  4.47s/epoch, best=1.131e+02, sign=0.211, train=1.251e+02, val=1.240e+02]
GNN flow training:  54%|█████▍    | 54/100 [04:02<03:26,  4.50s/epoch, best=1.131e+02, sign=0.211, train=1.251e+02, val=1.240e+02]
GNN flow training:  54%|█████▍    | 54/100 [04:07<03:26,  4.50s/epoch, best=1.131e+02, sign=0.209, train=1.241e+02, val=1.235e+02]
GNN flow training:  55%|█████▌    | 55/100 [04:07<03:21,  4.49s/epoch, best=1.131e+02, sign=0.209, train=1.241e+02, val=1.235e+02]
GNN flow training:  55%|█████▌    | 55/100 [04:11<03:21,  4.49s/epoch, best=1.131e+02, sign=0.206, train=1.236e+02, val=1.219e+02]
GNN flow training:  56%|█████▌    | 56/100 [04:11<03:17,  4.49s/epoch, best=1.131e+02, sign=0.206, train=1.236e+02, val=1.219e+02]
GNN flow training:  56%|█████▌    | 56/100 [04:16<03:17,  4.49s/epoch, best=1.131e+02, sign=0.200, train=1.221e+02, val=1.207e+02]
GNN flow training:  57%|█████▋    | 57/100 [04:16<03:13,  4.49s/epoch, best=1.131e+02, sign=0.200, train=1.221e+02, val=1.207e+02]
GNN flow training:  57%|█████▋    | 57/100 [04:20<03:13,  4.49s/epoch, best=1.131e+02, sign=0.191, train=1.208e+02, val=1.186e+02]
GNN flow training:  58%|█████▊    | 58/100 [04:20<03:08,  4.48s/epoch, best=1.131e+02, sign=0.191, train=1.208e+02, val=1.186e+02]
GNN flow training:  58%|█████▊    | 58/100 [04:25<03:08,  4.48s/epoch, best=1.131e+02, sign=0.183, train=1.188e+02, val=1.161e+02]
GNN flow training:  59%|█████▉    | 59/100 [04:25<03:03,  4.47s/epoch, best=1.131e+02, sign=0.183, train=1.188e+02, val=1.161e+02]
GNN flow training:  59%|█████▉    | 59/100 [04:29<03:03,  4.47s/epoch, best=1.131e+02, sign=0.177, train=1.162e+02, val=1.144e+02]
GNN flow training:  60%|██████    | 60/100 [04:29<02:58,  4.47s/epoch, best=1.131e+02, sign=0.177, train=1.162e+02, val=1.144e+02]
GNN flow training:  60%|██████    | 60/100 [04:33<02:58,  4.47s/epoch, best=1.131e+02, sign=0.175, train=1.146e+02, val=1.126e+02]
GNN flow training:  61%|██████    | 61/100 [04:33<02:54,  4.47s/epoch, best=1.131e+02, sign=0.175, train=1.146e+02, val=1.126e+02]
GNN flow training:  61%|██████    | 61/100 [04:38<02:54,  4.47s/epoch, best=1.126e+02, sign=0.174, train=1.128e+02, val=1.115e+02]
GNN flow training:  62%|██████▏   | 62/100 [04:38<02:49,  4.47s/epoch, best=1.126e+02, sign=0.174, train=1.128e+02, val=1.115e+02]
GNN flow training:  62%|██████▏   | 62/100 [04:42<02:49,  4.47s/epoch, best=1.115e+02, sign=0.175, train=1.116e+02, val=1.110e+02]
GNN flow training:  63%|██████▎   | 63/100 [04:42<02:45,  4.47s/epoch, best=1.115e+02, sign=0.175, train=1.116e+02, val=1.110e+02]
GNN flow training:  63%|██████▎   | 63/100 [04:47<02:45,  4.47s/epoch, best=1.110e+02, sign=0.174, train=1.111e+02, val=1.112e+02]
GNN flow training:  64%|██████▍   | 64/100 [04:47<02:41,  4.48s/epoch, best=1.110e+02, sign=0.174, train=1.111e+02, val=1.112e+02]
GNN flow training:  64%|██████▍   | 64/100 [04:51<02:41,  4.48s/epoch, best=1.110e+02, sign=0.173, train=1.113e+02, val=1.112e+02]
GNN flow training:  65%|██████▌   | 65/100 [04:51<02:37,  4.51s/epoch, best=1.110e+02, sign=0.173, train=1.113e+02, val=1.112e+02]
GNN flow training:  65%|██████▌   | 65/100 [04:56<02:37,  4.51s/epoch, best=1.110e+02, sign=0.171, train=1.113e+02, val=1.126e+02]
GNN flow training:  66%|██████▌   | 66/100 [04:56<02:33,  4.51s/epoch, best=1.110e+02, sign=0.171, train=1.113e+02, val=1.126e+02]
GNN flow training:  66%|██████▌   | 66/100 [05:00<02:33,  4.51s/epoch, best=1.110e+02, sign=0.170, train=1.127e+02, val=1.122e+02]
GNN flow training:  67%|██████▋   | 67/100 [05:00<02:28,  4.50s/epoch, best=1.110e+02, sign=0.170, train=1.127e+02, val=1.122e+02]
GNN flow training:  67%|██████▋   | 67/100 [05:05<02:28,  4.50s/epoch, best=1.110e+02, sign=0.169, train=1.123e+02, val=1.116e+02]
GNN flow training:  68%|██████▊   | 68/100 [05:05<02:24,  4.50s/epoch, best=1.110e+02, sign=0.169, train=1.123e+02, val=1.116e+02]
GNN flow training:  68%|██████▊   | 68/100 [05:09<02:24,  4.50s/epoch, best=1.110e+02, sign=0.167, train=1.117e+02, val=1.125e+02]
GNN flow training:  69%|██████▉   | 69/100 [05:09<02:19,  4.49s/epoch, best=1.110e+02, sign=0.167, train=1.117e+02, val=1.125e+02]
GNN flow training:  69%|██████▉   | 69/100 [05:14<02:19,  4.49s/epoch, best=1.110e+02, sign=0.166, train=1.126e+02, val=1.120e+02]
GNN flow training:  70%|███████   | 70/100 [05:14<02:15,  4.51s/epoch, best=1.110e+02, sign=0.166, train=1.126e+02, val=1.120e+02]
GNN flow training:  70%|███████   | 70/100 [05:19<02:15,  4.51s/epoch, best=1.110e+02, sign=0.165, train=1.121e+02, val=1.117e+02]
GNN flow training:  71%|███████   | 71/100 [05:19<02:10,  4.52s/epoch, best=1.110e+02, sign=0.165, train=1.121e+02, val=1.117e+02]
GNN flow training:  71%|███████   | 71/100 [05:23<02:10,  4.52s/epoch, best=1.110e+02, sign=0.164, train=1.118e+02, val=1.104e+02]
GNN flow training:  72%|███████▏  | 72/100 [05:23<02:07,  4.55s/epoch, best=1.110e+02, sign=0.164, train=1.118e+02, val=1.104e+02]
GNN flow training:  72%|███████▏  | 72/100 [05:28<02:07,  4.55s/epoch, best=1.104e+02, sign=0.164, train=1.105e+02, val=1.095e+02]
GNN flow training:  73%|███████▎  | 73/100 [05:28<02:02,  4.54s/epoch, best=1.104e+02, sign=0.164, train=1.105e+02, val=1.095e+02]
GNN flow training:  73%|███████▎  | 73/100 [05:32<02:02,  4.54s/epoch, best=1.095e+02, sign=0.164, train=1.096e+02, val=1.087e+02]
GNN flow training:  74%|███████▍  | 74/100 [05:32<01:57,  4.51s/epoch, best=1.095e+02, sign=0.164, train=1.096e+02, val=1.087e+02]
GNN flow training:  74%|███████▍  | 74/100 [05:37<01:57,  4.51s/epoch, best=1.087e+02, sign=0.164, train=1.088e+02, val=1.077e+02]
GNN flow training:  75%|███████▌  | 75/100 [05:37<01:52,  4.49s/epoch, best=1.087e+02, sign=0.164, train=1.088e+02, val=1.077e+02]
GNN flow training:  75%|███████▌  | 75/100 [05:41<01:52,  4.49s/epoch, best=1.077e+02, sign=0.164, train=1.078e+02, val=1.081e+02]
GNN flow training:  76%|███████▌  | 76/100 [05:41<01:47,  4.48s/epoch, best=1.077e+02, sign=0.164, train=1.078e+02, val=1.081e+02]
GNN flow training:  76%|███████▌  | 76/100 [05:45<01:47,  4.48s/epoch, best=1.077e+02, sign=0.165, train=1.082e+02, val=1.077e+02]
GNN flow training:  77%|███████▋  | 77/100 [05:45<01:42,  4.47s/epoch, best=1.077e+02, sign=0.165, train=1.082e+02, val=1.077e+02]
GNN flow training:  77%|███████▋  | 77/100 [05:50<01:42,  4.47s/epoch, best=1.077e+02, sign=0.168, train=1.078e+02, val=1.068e+02]
GNN flow training:  78%|███████▊  | 78/100 [05:50<01:38,  4.46s/epoch, best=1.077e+02, sign=0.168, train=1.078e+02, val=1.068e+02]
GNN flow training:  78%|███████▊  | 78/100 [05:54<01:38,  4.46s/epoch, best=1.068e+02, sign=0.170, train=1.069e+02, val=1.058e+02]
GNN flow training:  79%|███████▉  | 79/100 [05:54<01:33,  4.46s/epoch, best=1.068e+02, sign=0.170, train=1.069e+02, val=1.058e+02]
GNN flow training:  79%|███████▉  | 79/100 [05:59<01:33,  4.46s/epoch, best=1.058e+02, sign=0.169, train=1.059e+02, val=1.050e+02]
GNN flow training:  80%|████████  | 80/100 [05:59<01:29,  4.48s/epoch, best=1.058e+02, sign=0.169, train=1.059e+02, val=1.050e+02]
GNN flow training:  80%|████████  | 80/100 [06:03<01:29,  4.48s/epoch, best=1.050e+02, sign=0.168, train=1.050e+02, val=1.039e+02]
GNN flow training:  81%|████████  | 81/100 [06:03<01:24,  4.47s/epoch, best=1.050e+02, sign=0.168, train=1.050e+02, val=1.039e+02]
GNN flow training:  81%|████████  | 81/100 [06:08<01:24,  4.47s/epoch, best=1.039e+02, sign=0.165, train=1.040e+02, val=1.041e+02]
GNN flow training:  82%|████████▏ | 82/100 [06:08<01:20,  4.48s/epoch, best=1.039e+02, sign=0.165, train=1.040e+02, val=1.041e+02]
GNN flow training:  82%|████████▏ | 82/100 [06:12<01:20,  4.48s/epoch, best=1.039e+02, sign=0.163, train=1.042e+02, val=1.036e+02]
GNN flow training:  83%|████████▎ | 83/100 [06:12<01:16,  4.47s/epoch, best=1.039e+02, sign=0.163, train=1.042e+02, val=1.036e+02]
GNN flow training:  83%|████████▎ | 83/100 [06:17<01:16,  4.47s/epoch, best=1.036e+02, sign=0.160, train=1.037e+02, val=1.043e+02]
GNN flow training:  84%|████████▍ | 84/100 [06:17<01:11,  4.48s/epoch, best=1.036e+02, sign=0.160, train=1.037e+02, val=1.043e+02]
GNN flow training:  84%|████████▍ | 84/100 [06:21<01:11,  4.48s/epoch, best=1.036e+02, sign=0.160, train=1.044e+02, val=1.040e+02]
GNN flow training:  85%|████████▌ | 85/100 [06:21<01:07,  4.47s/epoch, best=1.036e+02, sign=0.160, train=1.044e+02, val=1.040e+02]
GNN flow training:  85%|████████▌ | 85/100 [06:26<01:07,  4.47s/epoch, best=1.036e+02, sign=0.159, train=1.041e+02, val=1.024e+02]
GNN flow training:  86%|████████▌ | 86/100 [06:26<01:02,  4.47s/epoch, best=1.036e+02, sign=0.159, train=1.041e+02, val=1.024e+02]
GNN flow training:  86%|████████▌ | 86/100 [06:30<01:02,  4.47s/epoch, best=1.024e+02, sign=0.160, train=1.025e+02, val=1.022e+02]
GNN flow training:  87%|████████▋ | 87/100 [06:30<00:58,  4.47s/epoch, best=1.024e+02, sign=0.160, train=1.025e+02, val=1.022e+02]
GNN flow training:  87%|████████▋ | 87/100 [06:35<00:58,  4.47s/epoch, best=1.022e+02, sign=0.159, train=1.023e+02, val=9.991e+01]
GNN flow training:  88%|████████▊ | 88/100 [06:35<00:53,  4.45s/epoch, best=1.022e+02, sign=0.159, train=1.023e+02, val=9.991e+01]
GNN flow training:  88%|████████▊ | 88/100 [06:39<00:53,  4.45s/epoch, best=9.991e+01, sign=0.161, train=9.999e+01, val=9.860e+01]
GNN flow training:  89%|████████▉ | 89/100 [06:39<00:48,  4.45s/epoch, best=9.991e+01, sign=0.161, train=9.999e+01, val=9.860e+01]
GNN flow training:  89%|████████▉ | 89/100 [06:43<00:48,  4.45s/epoch, best=9.860e+01, sign=0.161, train=9.868e+01, val=9.804e+01]
GNN flow training:  90%|█████████ | 90/100 [06:43<00:44,  4.45s/epoch, best=9.860e+01, sign=0.161, train=9.868e+01, val=9.804e+01]
GNN flow training:  90%|█████████ | 90/100 [06:48<00:44,  4.45s/epoch, best=9.804e+01, sign=0.161, train=9.812e+01, val=9.784e+01]
GNN flow training:  91%|█████████ | 91/100 [06:48<00:40,  4.46s/epoch, best=9.804e+01, sign=0.161, train=9.812e+01, val=9.784e+01]
GNN flow training:  91%|█████████ | 91/100 [06:52<00:40,  4.46s/epoch, best=9.784e+01, sign=0.161, train=9.792e+01, val=9.931e+01]
GNN flow training:  92%|█████████▏| 92/100 [06:52<00:35,  4.47s/epoch, best=9.784e+01, sign=0.161, train=9.792e+01, val=9.931e+01]
GNN flow training:  92%|█████████▏| 92/100 [06:57<00:35,  4.47s/epoch, best=9.784e+01, sign=0.168, train=9.939e+01, val=1.029e+02]
GNN flow training:  93%|█████████▎| 93/100 [06:57<00:31,  4.49s/epoch, best=9.784e+01, sign=0.168, train=9.939e+01, val=1.029e+02]
GNN flow training:  93%|█████████▎| 93/100 [07:01<00:31,  4.49s/epoch, best=9.784e+01, sign=0.169, train=1.030e+02, val=1.037e+02]
GNN flow training:  94%|█████████▍| 94/100 [07:01<00:26,  4.49s/epoch, best=9.784e+01, sign=0.169, train=1.030e+02, val=1.037e+02]
GNN flow training:  94%|█████████▍| 94/100 [07:06<00:26,  4.49s/epoch, best=9.784e+01, sign=0.170, train=1.038e+02, val=1.016e+02]
GNN flow training:  95%|█████████▌| 95/100 [07:06<00:22,  4.50s/epoch, best=9.784e+01, sign=0.170, train=1.038e+02, val=1.016e+02]
GNN flow training:  95%|█████████▌| 95/100 [07:10<00:22,  4.50s/epoch, best=9.784e+01, sign=0.169, train=1.017e+02, val=9.822e+01]
GNN flow training:  96%|█████████▌| 96/100 [07:10<00:17,  4.49s/epoch, best=9.784e+01, sign=0.169, train=1.017e+02, val=9.822e+01]
GNN flow training:  96%|█████████▌| 96/100 [07:15<00:17,  4.49s/epoch, best=9.784e+01, sign=0.167, train=9.830e+01, val=9.534e+01]
GNN flow training:  97%|█████████▋| 97/100 [07:15<00:13,  4.49s/epoch, best=9.784e+01, sign=0.167, train=9.830e+01, val=9.534e+01]
GNN flow training:  97%|█████████▋| 97/100 [07:19<00:13,  4.49s/epoch, best=9.534e+01, sign=0.164, train=9.542e+01, val=9.612e+01]
GNN flow training:  98%|█████████▊| 98/100 [07:19<00:08,  4.49s/epoch, best=9.534e+01, sign=0.164, train=9.542e+01, val=9.612e+01]
GNN flow training:  98%|█████████▊| 98/100 [07:24<00:08,  4.49s/epoch, best=9.534e+01, sign=0.163, train=9.620e+01, val=9.744e+01]
GNN flow training:  99%|█████████▉| 99/100 [07:24<00:04,  4.49s/epoch, best=9.534e+01, sign=0.163, train=9.620e+01, val=9.744e+01]
GNN flow training:  99%|█████████▉| 99/100 [07:28<00:04,  4.49s/epoch, best=9.534e+01, sign=0.159, train=9.752e+01, val=9.947e+01]
GNN flow training: 100%|██████████| 100/100 [07:28<00:00,  4.49s/epoch, best=9.534e+01, sign=0.159, train=9.752e+01, val=9.947e+01]
GNN flow training: 100%|██████████| 100/100 [07:28<00:00,  4.49s/epoch, best=9.534e+01, sign=0.159, train=9.752e+01, val=9.947e+01]
Resolved config snapshot:
{'preset': 'solver_QKB_outer_QKBdelta', 'gnn_outer_losses': {'flow': 0.1, 'kirchhoff': 1.0, 'boundary': 100.0, 'delta_l2': 1.0, 'delta_smooth': 0.0, 'pressure_shape': 0.0}, 'physics': {'arterial_flow_mode': 'dataset', 'pressure_constraints': ['equal-a-equal-v'], 'alpha_pa': None, 'use_snr_weights': True, 'use_observed_flow_snr_weighting': True, 'flow_scale_mode': 'median_abs', 'solver_device': 'same', 'pressure_solver_mode': 'reduced-soft-constrained-lstsq', 'pressure_solver_lambda_kirchhoff': 1.0, 'pressure_solver_lambda_pressure_constraints': 100.0, 'pressure_solver_lambda_flow_residual': 1.0, 'pressure_shape_reference': 'delta_zero_reference', 'pressure_detach': False}, 'correction_bounds': {'correction_min': -0.5, 'correction_max': 0.5, 'correction_bound': 0.5, 'correction_parameterization': 'tanh'}, 'optimization': {'learning_rate': 0.001, 'weight_decay': 0.0001, 'gradient_clip_norm': 5.0, 'optimizer': 'adamw', 'epochs': 100, 'patience': 40}}
Resolved config snapshot:
{'preset': 'solver_QKB_outer_QKBdelta', 'gnn_outer_losses': {'flow': 10.0, 'kirchhoff': 10.0, 'boundary': 100.0, 'delta_l2': 100.0, 'delta_smooth': 0.0, 'pressure_shape': 0.0}, 'physics': {'arterial_flow_mode': 'dataset', 'pressure_constraints': ['equal-a-equal-v'], 'alpha_pa': None, 'use_snr_weights': True, 'use_observed_flow_snr_weighting': True, 'flow_scale_mode': 'median_abs', 'solver_device': 'same', 'pressure_solver_mode': 'reduced-soft-constrained-lstsq', 'pressure_solver_lambda_kirchhoff': 1.0, 'pressure_solver_lambda_pressure_constraints': 100.0, 'pressure_solver_lambda_flow_residual': 1.0, 'pressure_shape_reference': 'delta_zero_reference', 'pressure_detach': False}, 'correction_bounds': {'correction_min': -0.5, 'correction_max': 0.5, 'correction_bound': 0.5, 'correction_parameterization': 'tanh'}, 'optimization': {'learning_rate': 0.001, 'weight_decay': 0.0001, 'gradient_clip_norm': 5.0, 'optimizer': 'adamw', 'epochs': 100, 'patience': 40}}
Command: /mnt/home/sswee/miniforge3/envs/yolk-sac/bin/python /mnt/home/sswee/yolk/Yolk-Sac-Flow-Data-and-Sim/gnn_clean/scripts/python/gnn_flow.py /mnt/home/sswee/yolk/Yolk-Sac-Flow-Data-and-Sim/gnn_clean/datasets/mosaic_graph_canonical_harmonized/mosaic_graph_canonical_harmonized.gpickle --output-dir /mnt/home/sswee/yolk/Yolk-Sac-Flow-Data-and-Sim/gnn_clean/outputs_canonical/dc/03_pressure_constraint_sensitivity/gnn --run-name q_0p1__k_1__delta_1__constraint_equal_av --preset solver_QKB_outer_QKBdelta --device cuda --epochs 100 --seed 0 --viscosity-pa-s 0.0035 --config /mnt/home/sswee/yolk/Yolk-Sac-Flow-Data-and-Sim/gnn_clean/outputs_canonical/dc/03_pressure_constraint_sensitivity/_generated_configs/q_0p1__k_1__delta_1__constraint_equal_av.yaml --no-pressure-detach
Command: /mnt/home/sswee/miniforge3/envs/yolk-sac/bin/python /mnt/home/sswee/yolk/Yolk-Sac-Flow-Data-and-Sim/gnn_clean/scripts/python/gnn_flow.py /mnt/home/sswee/yolk/Yolk-Sac-Flow-Data-and-Sim/gnn_clean/datasets/mosaic_graph_canonical_harmonized/mosaic_graph_canonical_harmonized.gpickle --output-dir /mnt/home/sswee/yolk/Yolk-Sac-Flow-Data-and-Sim/gnn_clean/outputs_canonical/dc/03_pressure_constraint_sensitivity/gnn --run-name q_10__k_10__delta_100__constraint_equal_av --preset solver_QKB_outer_QKBdelta --device cuda --epochs 100 --seed 0 --viscosity-pa-s 0.0035 --config /mnt/home/sswee/yolk/Yolk-Sac-Flow-Data-and-Sim/gnn_clean/outputs_canonical/dc/03_pressure_constraint_sensitivity/_generated_configs/q_10__k_10__delta_100__constraint_equal_av.yaml --no-pressure-detach
Command: /mnt/home/sswee/miniforge3/envs/yolk-sac/bin/python /mnt/home/sswee/yolk/Yolk-Sac-Flow-Data-and-Sim/gnn_clean/scripts/python/poiseuille_only_baseline.py /mnt/home/sswee/yolk/Yolk-Sac-Flow-Data-and-Sim/gnn_clean/datasets/mosaic_graph_canonical_harmonized/mosaic_graph_canonical_harmonized.gpickle --output-dir /mnt/home/sswee/yolk/Yolk-Sac-Flow-Data-and-Sim/gnn_clean/outputs_canonical/dc/03_pressure_constraint_sensitivity/poiseuille --run-name poiseuille__q_100__k_0p1__constraint_equal_av --device cpu --viscosity-pa-s 0.0035 --dc-solve-mode reduced-soft-constrained-lstsq --arterial-flow-mode dataset --lambda-kirchhoff 0.1 --lambda-pressure-constraints 100.0 --lambda-flow-residual 100.0 --pressure-constraint equal-a-equal-v
