[info] DC Step 2 canonical sweep uses fixed lambda_B=100.0 for both the outer boundary loss and the reduced pressure-solver boundary constraint.

GNN flow training:   0%|          | 0/100 [00:00<?, ?epoch/s]
GNN flow training:   0%|          | 0/100 [00:04<?, ?epoch/s, best=1.322e+02, sign=0.194, train=1.337e+02, val=1.322e+02]
GNN flow training:   1%|          | 1/100 [00:04<07:37,  4.62s/epoch, best=1.322e+02, sign=0.194, train=1.337e+02, val=1.322e+02]
GNN flow training:   1%|          | 1/100 [00:09<07:37,  4.62s/epoch, best=1.322e+02, sign=0.194, train=1.337e+02, val=1.324e+02]
GNN flow training:   2%|▏         | 2/100 [00:09<07:28,  4.58s/epoch, best=1.322e+02, sign=0.194, train=1.337e+02, val=1.324e+02]
GNN flow training:   2%|▏         | 2/100 [00:13<07:28,  4.58s/epoch, best=1.322e+02, sign=0.194, train=1.340e+02, val=1.323e+02]
GNN flow training:   3%|▎         | 3/100 [00:13<07:19,  4.53s/epoch, best=1.322e+02, sign=0.194, train=1.340e+02, val=1.323e+02]
GNN flow training:   3%|▎         | 3/100 [00:18<07:19,  4.53s/epoch, best=1.322e+02, sign=0.194, train=1.339e+02, val=1.324e+02]
GNN flow training:   4%|▍         | 4/100 [00:18<07:12,  4.51s/epoch, best=1.322e+02, sign=0.194, train=1.339e+02, val=1.324e+02]
GNN flow training:   4%|▍         | 4/100 [00:22<07:12,  4.51s/epoch, best=1.322e+02, sign=0.194, train=1.340e+02, val=1.322e+02]
GNN flow training:   5%|▌         | 5/100 [00:22<07:07,  4.50s/epoch, best=1.322e+02, sign=0.194, train=1.340e+02, val=1.322e+02]
GNN flow training:   5%|▌         | 5/100 [00:27<07:07,  4.50s/epoch, best=1.322e+02, sign=0.195, train=1.337e+02, val=1.320e+02]
GNN flow training:   6%|▌         | 6/100 [00:27<07:01,  4.48s/epoch, best=1.322e+02, sign=0.195, train=1.337e+02, val=1.320e+02]
GNN flow training:   6%|▌         | 6/100 [00:31<07:01,  4.48s/epoch, best=1.320e+02, sign=0.195, train=1.336e+02, val=1.316e+02]
GNN flow training:   7%|▋         | 7/100 [00:31<06:55,  4.47s/epoch, best=1.320e+02, sign=0.195, train=1.336e+02, val=1.316e+02]
GNN flow training:   7%|▋         | 7/100 [00:35<06:55,  4.47s/epoch, best=1.316e+02, sign=0.195, train=1.332e+02, val=1.317e+02]
GNN flow training:   8%|▊         | 8/100 [00:35<06:51,  4.47s/epoch, best=1.316e+02, sign=0.195, train=1.332e+02, val=1.317e+02]
GNN flow training:   8%|▊         | 8/100 [00:40<06:51,  4.47s/epoch, best=1.316e+02, sign=0.195, train=1.333e+02, val=1.314e+02]
GNN flow training:   9%|▉         | 9/100 [00:40<06:47,  4.47s/epoch, best=1.316e+02, sign=0.195, train=1.333e+02, val=1.314e+02]
GNN flow training:   9%|▉         | 9/100 [00:44<06:47,  4.47s/epoch, best=1.314e+02, sign=0.195, train=1.330e+02, val=1.312e+02]
GNN flow training:  10%|█         | 10/100 [00:44<06:43,  4.48s/epoch, best=1.314e+02, sign=0.195, train=1.330e+02, val=1.312e+02]
GNN flow training:  10%|█         | 10/100 [00:49<06:43,  4.48s/epoch, best=1.312e+02, sign=0.195, train=1.328e+02, val=1.312e+02]
GNN flow training:  11%|█         | 11/100 [00:49<06:39,  4.49s/epoch, best=1.312e+02, sign=0.195, train=1.328e+02, val=1.312e+02]
GNN flow training:  11%|█         | 11/100 [00:53<06:39,  4.49s/epoch, best=1.312e+02, sign=0.195, train=1.328e+02, val=1.313e+02]
GNN flow training:  12%|█▏        | 12/100 [00:53<06:34,  4.49s/epoch, best=1.312e+02, sign=0.195, train=1.328e+02, val=1.313e+02]
GNN flow training:  12%|█▏        | 12/100 [00:58<06:34,  4.49s/epoch, best=1.312e+02, sign=0.195, train=1.329e+02, val=1.314e+02]
GNN flow training:  13%|█▎        | 13/100 [00:58<06:30,  4.49s/epoch, best=1.312e+02, sign=0.195, train=1.329e+02, val=1.314e+02]
GNN flow training:  13%|█▎        | 13/100 [01:02<06:30,  4.49s/epoch, best=1.312e+02, sign=0.195, train=1.330e+02, val=1.309e+02]
GNN flow training:  14%|█▍        | 14/100 [01:02<06:26,  4.49s/epoch, best=1.312e+02, sign=0.195, train=1.330e+02, val=1.309e+02]
GNN flow training:  14%|█▍        | 14/100 [01:07<06:26,  4.49s/epoch, best=1.309e+02, sign=0.195, train=1.325e+02, val=1.301e+02]
GNN flow training:  15%|█▌        | 15/100 [01:07<06:21,  4.48s/epoch, best=1.309e+02, sign=0.195, train=1.325e+02, val=1.301e+02]
GNN flow training:  15%|█▌        | 15/100 [01:11<06:21,  4.48s/epoch, best=1.301e+02, sign=0.196, train=1.317e+02, val=1.295e+02]
GNN flow training:  16%|█▌        | 16/100 [01:11<06:16,  4.48s/epoch, best=1.301e+02, sign=0.196, train=1.317e+02, val=1.295e+02]
GNN flow training:  16%|█▌        | 16/100 [01:16<06:16,  4.48s/epoch, best=1.295e+02, sign=0.196, train=1.311e+02, val=1.299e+02]
GNN flow training:  17%|█▋        | 17/100 [01:16<06:12,  4.48s/epoch, best=1.295e+02, sign=0.196, train=1.311e+02, val=1.299e+02]
GNN flow training:  17%|█▋        | 17/100 [01:20<06:12,  4.48s/epoch, best=1.295e+02, sign=0.196, train=1.314e+02, val=1.294e+02]
GNN flow training:  18%|█▊        | 18/100 [01:20<06:07,  4.48s/epoch, best=1.295e+02, sign=0.196, train=1.314e+02, val=1.294e+02]
GNN flow training:  18%|█▊        | 18/100 [01:25<06:07,  4.48s/epoch, best=1.294e+02, sign=0.195, train=1.310e+02, val=1.289e+02]
GNN flow training:  19%|█▉        | 19/100 [01:25<06:02,  4.47s/epoch, best=1.294e+02, sign=0.195, train=1.310e+02, val=1.289e+02]
GNN flow training:  19%|█▉        | 19/100 [01:29<06:02,  4.47s/epoch, best=1.289e+02, sign=0.195, train=1.305e+02, val=1.286e+02]
GNN flow training:  20%|██        | 20/100 [01:29<05:58,  4.48s/epoch, best=1.289e+02, sign=0.195, train=1.305e+02, val=1.286e+02]
GNN flow training:  20%|██        | 20/100 [01:34<05:58,  4.48s/epoch, best=1.286e+02, sign=0.194, train=1.302e+02, val=1.285e+02]
GNN flow training:  21%|██        | 21/100 [01:34<05:54,  4.49s/epoch, best=1.286e+02, sign=0.194, train=1.302e+02, val=1.285e+02]
GNN flow training:  21%|██        | 21/100 [01:38<05:54,  4.49s/epoch, best=1.285e+02, sign=0.193, train=1.300e+02, val=1.286e+02]
GNN flow training:  22%|██▏       | 22/100 [01:38<05:50,  4.49s/epoch, best=1.285e+02, sign=0.193, train=1.300e+02, val=1.286e+02]
GNN flow training:  22%|██▏       | 22/100 [01:43<05:50,  4.49s/epoch, best=1.285e+02, sign=0.193, train=1.301e+02, val=1.285e+02]
GNN flow training:  23%|██▎       | 23/100 [01:43<05:46,  4.50s/epoch, best=1.285e+02, sign=0.193, train=1.301e+02, val=1.285e+02]
GNN flow training:  23%|██▎       | 23/100 [01:47<05:46,  4.50s/epoch, best=1.285e+02, sign=0.191, train=1.300e+02, val=1.286e+02]
GNN flow training:  24%|██▍       | 24/100 [01:47<05:41,  4.50s/epoch, best=1.285e+02, sign=0.191, train=1.300e+02, val=1.286e+02]
GNN flow training:  24%|██▍       | 24/100 [01:52<05:41,  4.50s/epoch, best=1.285e+02, sign=0.191, train=1.301e+02, val=1.282e+02]
GNN flow training:  25%|██▌       | 25/100 [01:52<05:35,  4.48s/epoch, best=1.285e+02, sign=0.191, train=1.301e+02, val=1.282e+02]
GNN flow training:  25%|██▌       | 25/100 [01:56<05:35,  4.48s/epoch, best=1.282e+02, sign=0.191, train=1.297e+02, val=1.278e+02]
GNN flow training:  26%|██▌       | 26/100 [01:56<05:31,  4.48s/epoch, best=1.282e+02, sign=0.191, train=1.297e+02, val=1.278e+02]
GNN flow training:  26%|██▌       | 26/100 [02:01<05:31,  4.48s/epoch, best=1.278e+02, sign=0.191, train=1.293e+02, val=1.280e+02]
GNN flow training:  27%|██▋       | 27/100 [02:01<05:26,  4.48s/epoch, best=1.278e+02, sign=0.191, train=1.293e+02, val=1.280e+02]
GNN flow training:  27%|██▋       | 27/100 [02:05<05:26,  4.48s/epoch, best=1.278e+02, sign=0.191, train=1.295e+02, val=1.278e+02]
GNN flow training:  28%|██▊       | 28/100 [02:05<05:23,  4.49s/epoch, best=1.278e+02, sign=0.191, train=1.295e+02, val=1.278e+02]
GNN flow training:  28%|██▊       | 28/100 [02:10<05:23,  4.49s/epoch, best=1.278e+02, sign=0.189, train=1.293e+02, val=1.277e+02]
GNN flow training:  29%|██▉       | 29/100 [02:10<05:18,  4.49s/epoch, best=1.278e+02, sign=0.189, train=1.293e+02, val=1.277e+02]
GNN flow training:  29%|██▉       | 29/100 [02:14<05:18,  4.49s/epoch, best=1.277e+02, sign=0.187, train=1.292e+02, val=1.268e+02]
GNN flow training:  30%|███       | 30/100 [02:14<05:14,  4.49s/epoch, best=1.277e+02, sign=0.187, train=1.292e+02, val=1.268e+02]
GNN flow training:  30%|███       | 30/100 [02:19<05:14,  4.49s/epoch, best=1.268e+02, sign=0.185, train=1.283e+02, val=1.262e+02]
GNN flow training:  31%|███       | 31/100 [02:19<05:09,  4.49s/epoch, best=1.268e+02, sign=0.185, train=1.283e+02, val=1.262e+02]
GNN flow training:  31%|███       | 31/100 [02:23<05:09,  4.49s/epoch, best=1.262e+02, sign=0.182, train=1.277e+02, val=1.256e+02]
GNN flow training:  32%|███▏      | 32/100 [02:23<05:05,  4.49s/epoch, best=1.262e+02, sign=0.182, train=1.277e+02, val=1.256e+02]
GNN flow training:  32%|███▏      | 32/100 [02:28<05:05,  4.49s/epoch, best=1.256e+02, sign=0.180, train=1.271e+02, val=1.253e+02]
GNN flow training:  33%|███▎      | 33/100 [02:28<05:00,  4.49s/epoch, best=1.256e+02, sign=0.180, train=1.271e+02, val=1.253e+02]
GNN flow training:  33%|███▎      | 33/100 [02:32<05:00,  4.49s/epoch, best=1.253e+02, sign=0.179, train=1.268e+02, val=1.242e+02]
GNN flow training:  34%|███▍      | 34/100 [02:32<04:56,  4.49s/epoch, best=1.253e+02, sign=0.179, train=1.268e+02, val=1.242e+02]
GNN flow training:  34%|███▍      | 34/100 [02:37<04:56,  4.49s/epoch, best=1.242e+02, sign=0.178, train=1.257e+02, val=1.234e+02]
GNN flow training:  35%|███▌      | 35/100 [02:37<04:51,  4.49s/epoch, best=1.242e+02, sign=0.178, train=1.257e+02, val=1.234e+02]
GNN flow training:  35%|███▌      | 35/100 [02:41<04:51,  4.49s/epoch, best=1.234e+02, sign=0.177, train=1.249e+02, val=1.223e+02]
GNN flow training:  36%|███▌      | 36/100 [02:41<04:46,  4.48s/epoch, best=1.234e+02, sign=0.177, train=1.249e+02, val=1.223e+02]
GNN flow training:  36%|███▌      | 36/100 [02:46<04:46,  4.48s/epoch, best=1.223e+02, sign=0.177, train=1.238e+02, val=1.218e+02]
GNN flow training:  37%|███▋      | 37/100 [02:46<04:41,  4.48s/epoch, best=1.223e+02, sign=0.177, train=1.238e+02, val=1.218e+02]
GNN flow training:  37%|███▋      | 37/100 [02:50<04:41,  4.48s/epoch, best=1.218e+02, sign=0.177, train=1.233e+02, val=1.213e+02]
GNN flow training:  38%|███▊      | 38/100 [02:50<04:37,  4.47s/epoch, best=1.218e+02, sign=0.177, train=1.233e+02, val=1.213e+02]
GNN flow training:  38%|███▊      | 38/100 [02:54<04:37,  4.47s/epoch, best=1.213e+02, sign=0.177, train=1.227e+02, val=1.204e+02]
GNN flow training:  39%|███▉      | 39/100 [02:54<04:32,  4.47s/epoch, best=1.213e+02, sign=0.177, train=1.227e+02, val=1.204e+02]
GNN flow training:  39%|███▉      | 39/100 [02:59<04:32,  4.47s/epoch, best=1.204e+02, sign=0.177, train=1.218e+02, val=1.200e+02]
GNN flow training:  40%|████      | 40/100 [02:59<04:28,  4.47s/epoch, best=1.204e+02, sign=0.177, train=1.218e+02, val=1.200e+02]
GNN flow training:  40%|████      | 40/100 [03:03<04:28,  4.47s/epoch, best=1.200e+02, sign=0.181, train=1.215e+02, val=1.192e+02]
GNN flow training:  41%|████      | 41/100 [03:03<04:24,  4.48s/epoch, best=1.200e+02, sign=0.181, train=1.215e+02, val=1.192e+02]
GNN flow training:  41%|████      | 41/100 [03:08<04:24,  4.48s/epoch, best=1.192e+02, sign=0.185, train=1.207e+02, val=1.192e+02]
GNN flow training:  42%|████▏     | 42/100 [03:08<04:19,  4.48s/epoch, best=1.192e+02, sign=0.185, train=1.207e+02, val=1.192e+02]
GNN flow training:  42%|████▏     | 42/100 [03:12<04:19,  4.48s/epoch, best=1.192e+02, sign=0.189, train=1.208e+02, val=1.191e+02]
GNN flow training:  43%|████▎     | 43/100 [03:12<04:15,  4.48s/epoch, best=1.192e+02, sign=0.189, train=1.208e+02, val=1.191e+02]
GNN flow training:  43%|████▎     | 43/100 [03:17<04:15,  4.48s/epoch, best=1.191e+02, sign=0.189, train=1.207e+02, val=1.174e+02]
GNN flow training:  44%|████▍     | 44/100 [03:17<04:10,  4.48s/epoch, best=1.191e+02, sign=0.189, train=1.207e+02, val=1.174e+02]
GNN flow training:  44%|████▍     | 44/100 [03:21<04:10,  4.48s/epoch, best=1.174e+02, sign=0.178, train=1.190e+02, val=1.143e+02]
GNN flow training:  45%|████▌     | 45/100 [03:21<04:06,  4.48s/epoch, best=1.174e+02, sign=0.178, train=1.190e+02, val=1.143e+02]
GNN flow training:  45%|████▌     | 45/100 [03:26<04:06,  4.48s/epoch, best=1.143e+02, sign=0.171, train=1.158e+02, val=1.122e+02]
GNN flow training:  46%|████▌     | 46/100 [03:26<04:02,  4.48s/epoch, best=1.143e+02, sign=0.171, train=1.158e+02, val=1.122e+02]
GNN flow training:  46%|████▌     | 46/100 [03:30<04:02,  4.48s/epoch, best=1.122e+02, sign=0.172, train=1.135e+02, val=1.117e+02]
GNN flow training:  47%|████▋     | 47/100 [03:30<03:57,  4.48s/epoch, best=1.122e+02, sign=0.172, train=1.135e+02, val=1.117e+02]
GNN flow training:  47%|████▋     | 47/100 [03:35<03:57,  4.48s/epoch, best=1.117e+02, sign=0.175, train=1.130e+02, val=1.117e+02]
GNN flow training:  48%|████▊     | 48/100 [03:35<03:52,  4.47s/epoch, best=1.117e+02, sign=0.175, train=1.130e+02, val=1.117e+02]
GNN flow training:  48%|████▊     | 48/100 [03:39<03:52,  4.47s/epoch, best=1.117e+02, sign=0.179, train=1.130e+02, val=1.101e+02]
GNN flow training:  49%|████▉     | 49/100 [03:39<03:47,  4.47s/epoch, best=1.117e+02, sign=0.179, train=1.130e+02, val=1.101e+02]
GNN flow training:  49%|████▉     | 49/100 [03:44<03:47,  4.47s/epoch, best=1.101e+02, sign=0.177, train=1.114e+02, val=1.081e+02]
GNN flow training:  50%|█████     | 50/100 [03:44<03:43,  4.46s/epoch, best=1.101e+02, sign=0.177, train=1.114e+02, val=1.081e+02]
GNN flow training:  50%|█████     | 50/100 [03:48<03:43,  4.46s/epoch, best=1.081e+02, sign=0.174, train=1.092e+02, val=1.059e+02]
GNN flow training:  51%|█████     | 51/100 [03:48<03:39,  4.47s/epoch, best=1.081e+02, sign=0.174, train=1.092e+02, val=1.059e+02]
GNN flow training:  51%|█████     | 51/100 [03:53<03:39,  4.47s/epoch, best=1.059e+02, sign=0.172, train=1.069e+02, val=1.039e+02]
GNN flow training:  52%|█████▏    | 52/100 [03:53<03:34,  4.47s/epoch, best=1.059e+02, sign=0.172, train=1.069e+02, val=1.039e+02]
GNN flow training:  52%|█████▏    | 52/100 [03:57<03:34,  4.47s/epoch, best=1.039e+02, sign=0.169, train=1.048e+02, val=1.025e+02]
GNN flow training:  53%|█████▎    | 53/100 [03:57<03:30,  4.48s/epoch, best=1.039e+02, sign=0.169, train=1.048e+02, val=1.025e+02]
GNN flow training:  53%|█████▎    | 53/100 [04:02<03:30,  4.48s/epoch, best=1.025e+02, sign=0.165, train=1.034e+02, val=1.003e+02]
GNN flow training:  54%|█████▍    | 54/100 [04:02<03:26,  4.48s/epoch, best=1.025e+02, sign=0.165, train=1.034e+02, val=1.003e+02]
GNN flow training:  54%|█████▍    | 54/100 [04:06<03:26,  4.48s/epoch, best=1.003e+02, sign=0.160, train=1.011e+02, val=1.002e+02]
GNN flow training:  55%|█████▌    | 55/100 [04:06<03:20,  4.46s/epoch, best=1.003e+02, sign=0.160, train=1.011e+02, val=1.002e+02]
GNN flow training:  55%|█████▌    | 55/100 [04:11<03:20,  4.46s/epoch, best=1.002e+02, sign=0.159, train=1.009e+02, val=9.863e+01]
GNN flow training:  56%|█████▌    | 56/100 [04:11<03:16,  4.47s/epoch, best=1.002e+02, sign=0.159, train=1.009e+02, val=9.863e+01]
GNN flow training:  56%|█████▌    | 56/100 [04:15<03:16,  4.47s/epoch, best=9.863e+01, sign=0.161, train=9.933e+01, val=9.664e+01]
GNN flow training:  57%|█████▋    | 57/100 [04:15<03:12,  4.48s/epoch, best=9.863e+01, sign=0.161, train=9.933e+01, val=9.664e+01]
GNN flow training:  57%|█████▋    | 57/100 [04:20<03:12,  4.48s/epoch, best=9.664e+01, sign=0.168, train=9.738e+01, val=9.593e+01]
GNN flow training:  58%|█████▊    | 58/100 [04:20<03:07,  4.48s/epoch, best=9.664e+01, sign=0.168, train=9.738e+01, val=9.593e+01]
GNN flow training:  58%|█████▊    | 58/100 [04:24<03:07,  4.48s/epoch, best=9.593e+01, sign=0.168, train=9.664e+01, val=9.471e+01]
GNN flow training:  59%|█████▉    | 59/100 [04:24<03:03,  4.48s/epoch, best=9.593e+01, sign=0.168, train=9.664e+01, val=9.471e+01]
GNN flow training:  59%|█████▉    | 59/100 [04:28<03:03,  4.48s/epoch, best=9.471e+01, sign=0.166, train=9.539e+01, val=9.352e+01]
GNN flow training:  60%|██████    | 60/100 [04:28<02:58,  4.47s/epoch, best=9.471e+01, sign=0.166, train=9.539e+01, val=9.352e+01]
GNN flow training:  60%|██████    | 60/100 [04:33<02:58,  4.47s/epoch, best=9.352e+01, sign=0.164, train=9.418e+01, val=9.272e+01]
GNN flow training:  61%|██████    | 61/100 [04:33<02:54,  4.48s/epoch, best=9.352e+01, sign=0.164, train=9.418e+01, val=9.272e+01]
GNN flow training:  61%|██████    | 61/100 [04:37<02:54,  4.48s/epoch, best=9.272e+01, sign=0.166, train=9.336e+01, val=9.245e+01]
GNN flow training:  62%|██████▏   | 62/100 [04:37<02:49,  4.47s/epoch, best=9.272e+01, sign=0.166, train=9.336e+01, val=9.245e+01]
GNN flow training:  62%|██████▏   | 62/100 [04:42<02:49,  4.47s/epoch, best=9.245e+01, sign=0.167, train=9.307e+01, val=9.211e+01]
GNN flow training:  63%|██████▎   | 63/100 [04:42<02:45,  4.47s/epoch, best=9.245e+01, sign=0.167, train=9.307e+01, val=9.211e+01]
GNN flow training:  63%|██████▎   | 63/100 [04:46<02:45,  4.47s/epoch, best=9.211e+01, sign=0.165, train=9.271e+01, val=9.169e+01]
GNN flow training:  64%|██████▍   | 64/100 [04:46<02:41,  4.48s/epoch, best=9.211e+01, sign=0.165, train=9.271e+01, val=9.169e+01]
GNN flow training:  64%|██████▍   | 64/100 [04:51<02:41,  4.48s/epoch, best=9.169e+01, sign=0.165, train=9.225e+01, val=9.103e+01]
GNN flow training:  65%|██████▌   | 65/100 [04:51<02:36,  4.46s/epoch, best=9.169e+01, sign=0.165, train=9.225e+01, val=9.103e+01]
GNN flow training:  65%|██████▌   | 65/100 [04:55<02:36,  4.46s/epoch, best=9.103e+01, sign=0.164, train=9.161e+01, val=9.048e+01]
GNN flow training:  66%|██████▌   | 66/100 [04:55<02:31,  4.46s/epoch, best=9.103e+01, sign=0.164, train=9.161e+01, val=9.048e+01]
GNN flow training:  66%|██████▌   | 66/100 [05:00<02:31,  4.46s/epoch, best=9.048e+01, sign=0.165, train=9.101e+01, val=8.999e+01]
GNN flow training:  67%|██████▋   | 67/100 [05:00<02:27,  4.48s/epoch, best=9.048e+01, sign=0.165, train=9.101e+01, val=8.999e+01]
GNN flow training:  67%|██████▋   | 67/100 [05:04<02:27,  4.48s/epoch, best=8.999e+01, sign=0.167, train=9.063e+01, val=8.962e+01]
GNN flow training:  68%|██████▊   | 68/100 [05:04<02:23,  4.47s/epoch, best=8.999e+01, sign=0.167, train=9.063e+01, val=8.962e+01]
GNN flow training:  68%|██████▊   | 68/100 [05:09<02:23,  4.47s/epoch, best=8.962e+01, sign=0.166, train=9.044e+01, val=9.015e+01]
GNN flow training:  69%|██████▉   | 69/100 [05:09<02:18,  4.48s/epoch, best=8.962e+01, sign=0.166, train=9.044e+01, val=9.015e+01]
GNN flow training:  69%|██████▉   | 69/100 [05:13<02:18,  4.48s/epoch, best=8.962e+01, sign=0.164, train=9.097e+01, val=8.907e+01]
GNN flow training:  70%|███████   | 70/100 [05:13<02:14,  4.48s/epoch, best=8.962e+01, sign=0.164, train=9.097e+01, val=8.907e+01]
GNN flow training:  70%|███████   | 70/100 [05:18<02:14,  4.48s/epoch, best=8.907e+01, sign=0.164, train=8.974e+01, val=8.853e+01]
GNN flow training:  71%|███████   | 71/100 [05:18<02:09,  4.47s/epoch, best=8.907e+01, sign=0.164, train=8.974e+01, val=8.853e+01]
GNN flow training:  71%|███████   | 71/100 [05:22<02:09,  4.47s/epoch, best=8.853e+01, sign=0.163, train=8.918e+01, val=8.826e+01]
GNN flow training:  72%|███████▏  | 72/100 [05:22<02:05,  4.47s/epoch, best=8.853e+01, sign=0.163, train=8.918e+01, val=8.826e+01]
GNN flow training:  72%|███████▏  | 72/100 [05:27<02:05,  4.47s/epoch, best=8.826e+01, sign=0.164, train=8.900e+01, val=8.826e+01]
GNN flow training:  73%|███████▎  | 73/100 [05:27<02:00,  4.46s/epoch, best=8.826e+01, sign=0.164, train=8.900e+01, val=8.826e+01]
GNN flow training:  73%|███████▎  | 73/100 [05:31<02:00,  4.46s/epoch, best=8.826e+01, sign=0.166, train=8.901e+01, val=8.906e+01]
GNN flow training:  74%|███████▍  | 74/100 [05:31<01:55,  4.46s/epoch, best=8.826e+01, sign=0.166, train=8.901e+01, val=8.906e+01]
GNN flow training:  74%|███████▍  | 74/100 [05:35<01:55,  4.46s/epoch, best=8.826e+01, sign=0.166, train=8.986e+01, val=8.807e+01]
GNN flow training:  75%|███████▌  | 75/100 [05:35<01:51,  4.45s/epoch, best=8.826e+01, sign=0.166, train=8.986e+01, val=8.807e+01]
GNN flow training:  75%|███████▌  | 75/100 [05:40<01:51,  4.45s/epoch, best=8.807e+01, sign=0.164, train=8.889e+01, val=8.914e+01]
GNN flow training:  76%|███████▌  | 76/100 [05:40<01:47,  4.46s/epoch, best=8.807e+01, sign=0.164, train=8.889e+01, val=8.914e+01]
GNN flow training:  76%|███████▌  | 76/100 [05:44<01:47,  4.46s/epoch, best=8.807e+01, sign=0.164, train=8.983e+01, val=8.913e+01]
GNN flow training:  77%|███████▋  | 77/100 [05:44<01:42,  4.46s/epoch, best=8.807e+01, sign=0.164, train=8.983e+01, val=8.913e+01]
GNN flow training:  77%|███████▋  | 77/100 [05:49<01:42,  4.46s/epoch, best=8.807e+01, sign=0.164, train=8.969e+01, val=8.954e+01]
GNN flow training:  78%|███████▊  | 78/100 [05:49<01:38,  4.47s/epoch, best=8.807e+01, sign=0.164, train=8.969e+01, val=8.954e+01]
GNN flow training:  78%|███████▊  | 78/100 [05:53<01:38,  4.47s/epoch, best=8.807e+01, sign=0.164, train=9.011e+01, val=8.908e+01]
GNN flow training:  79%|███████▉  | 79/100 [05:53<01:33,  4.47s/epoch, best=8.807e+01, sign=0.164, train=9.011e+01, val=8.908e+01]
GNN flow training:  79%|███████▉  | 79/100 [05:58<01:33,  4.47s/epoch, best=8.807e+01, sign=0.165, train=8.969e+01, val=8.856e+01]
GNN flow training:  80%|████████  | 80/100 [05:58<01:29,  4.48s/epoch, best=8.807e+01, sign=0.165, train=8.969e+01, val=8.856e+01]
GNN flow training:  80%|████████  | 80/100 [06:02<01:29,  4.48s/epoch, best=8.807e+01, sign=0.168, train=8.938e+01, val=8.875e+01]
GNN flow training:  81%|████████  | 81/100 [06:02<01:24,  4.47s/epoch, best=8.807e+01, sign=0.168, train=8.938e+01, val=8.875e+01]
GNN flow training:  81%|████████  | 81/100 [06:07<01:24,  4.47s/epoch, best=8.807e+01, sign=0.169, train=8.961e+01, val=9.089e+01]
GNN flow training:  82%|████████▏ | 82/100 [06:07<01:20,  4.48s/epoch, best=8.807e+01, sign=0.169, train=8.961e+01, val=9.089e+01]
GNN flow training:  82%|████████▏ | 82/100 [06:11<01:20,  4.48s/epoch, best=8.807e+01, sign=0.166, train=9.181e+01, val=8.905e+01]
GNN flow training:  83%|████████▎ | 83/100 [06:11<01:16,  4.48s/epoch, best=8.807e+01, sign=0.166, train=9.181e+01, val=8.905e+01]
GNN flow training:  83%|████████▎ | 83/100 [06:16<01:16,  4.48s/epoch, best=8.807e+01, sign=0.165, train=8.992e+01, val=8.817e+01]
GNN flow training:  84%|████████▍ | 84/100 [06:16<01:11,  4.47s/epoch, best=8.807e+01, sign=0.165, train=8.992e+01, val=8.817e+01]
GNN flow training:  84%|████████▍ | 84/100 [06:20<01:11,  4.47s/epoch, best=8.807e+01, sign=0.158, train=8.895e+01, val=9.045e+01]
GNN flow training:  85%|████████▌ | 85/100 [06:20<01:06,  4.46s/epoch, best=8.807e+01, sign=0.158, train=8.895e+01, val=9.045e+01]
GNN flow training:  85%|████████▌ | 85/100 [06:25<01:06,  4.46s/epoch, best=8.807e+01, sign=0.153, train=9.131e+01, val=9.294e+01]
GNN flow training:  86%|████████▌ | 86/100 [06:25<01:02,  4.47s/epoch, best=8.807e+01, sign=0.153, train=9.131e+01, val=9.294e+01]
GNN flow training:  86%|████████▌ | 86/100 [06:29<01:02,  4.47s/epoch, best=8.807e+01, sign=0.153, train=9.368e+01, val=9.256e+01]
GNN flow training:  87%|████████▋ | 87/100 [06:29<00:58,  4.47s/epoch, best=8.807e+01, sign=0.153, train=9.368e+01, val=9.256e+01]
GNN flow training:  87%|████████▋ | 87/100 [06:34<00:58,  4.47s/epoch, best=8.807e+01, sign=0.153, train=9.336e+01, val=9.278e+01]
GNN flow training:  88%|████████▊ | 88/100 [06:34<00:53,  4.48s/epoch, best=8.807e+01, sign=0.153, train=9.336e+01, val=9.278e+01]
GNN flow training:  88%|████████▊ | 88/100 [06:38<00:53,  4.48s/epoch, best=8.807e+01, sign=0.162, train=9.361e+01, val=8.990e+01]
GNN flow training:  89%|████████▉ | 89/100 [06:38<00:49,  4.48s/epoch, best=8.807e+01, sign=0.162, train=9.361e+01, val=8.990e+01]
GNN flow training:  89%|████████▉ | 89/100 [06:43<00:49,  4.48s/epoch, best=8.807e+01, sign=0.169, train=9.080e+01, val=8.915e+01]
GNN flow training:  90%|█████████ | 90/100 [06:43<00:44,  4.48s/epoch, best=8.807e+01, sign=0.169, train=9.080e+01, val=8.915e+01]
GNN flow training:  90%|█████████ | 90/100 [06:47<00:44,  4.48s/epoch, best=8.807e+01, sign=0.167, train=9.000e+01, val=8.879e+01]
GNN flow training:  91%|█████████ | 91/100 [06:47<00:40,  4.47s/epoch, best=8.807e+01, sign=0.167, train=9.000e+01, val=8.879e+01]
GNN flow training:  91%|█████████ | 91/100 [06:52<00:40,  4.47s/epoch, best=8.807e+01, sign=0.167, train=8.963e+01, val=8.815e+01]
GNN flow training:  92%|█████████▏| 92/100 [06:52<00:35,  4.48s/epoch, best=8.807e+01, sign=0.167, train=8.963e+01, val=8.815e+01]
GNN flow training:  92%|█████████▏| 92/100 [06:56<00:35,  4.48s/epoch, best=8.807e+01, sign=0.166, train=8.904e+01, val=8.776e+01]
GNN flow training:  93%|█████████▎| 93/100 [06:56<00:31,  4.48s/epoch, best=8.807e+01, sign=0.166, train=8.904e+01, val=8.776e+01]
GNN flow training:  93%|█████████▎| 93/100 [07:01<00:31,  4.48s/epoch, best=8.776e+01, sign=0.167, train=8.851e+01, val=8.810e+01]
GNN flow training:  94%|█████████▍| 94/100 [07:01<00:26,  4.48s/epoch, best=8.776e+01, sign=0.167, train=8.851e+01, val=8.810e+01]
GNN flow training:  94%|█████████▍| 94/100 [07:05<00:26,  4.48s/epoch, best=8.776e+01, sign=0.167, train=8.889e+01, val=8.787e+01]
GNN flow training:  95%|█████████▌| 95/100 [07:05<00:22,  4.47s/epoch, best=8.776e+01, sign=0.167, train=8.889e+01, val=8.787e+01]
GNN flow training:  95%|█████████▌| 95/100 [07:09<00:22,  4.47s/epoch, best=8.776e+01, sign=0.167, train=8.865e+01, val=8.803e+01]
GNN flow training:  96%|█████████▌| 96/100 [07:09<00:17,  4.48s/epoch, best=8.776e+01, sign=0.167, train=8.865e+01, val=8.803e+01]
GNN flow training:  96%|█████████▌| 96/100 [07:14<00:17,  4.48s/epoch, best=8.776e+01, sign=0.167, train=8.882e+01, val=8.803e+01]
GNN flow training:  97%|█████████▋| 97/100 [07:14<00:13,  4.46s/epoch, best=8.776e+01, sign=0.167, train=8.882e+01, val=8.803e+01]
GNN flow training:  97%|█████████▋| 97/100 [07:18<00:13,  4.46s/epoch, best=8.776e+01, sign=0.167, train=8.883e+01, val=8.840e+01]
GNN flow training:  98%|█████████▊| 98/100 [07:18<00:08,  4.47s/epoch, best=8.776e+01, sign=0.167, train=8.883e+01, val=8.840e+01]
GNN flow training:  98%|█████████▊| 98/100 [07:23<00:08,  4.47s/epoch, best=8.776e+01, sign=0.166, train=8.921e+01, val=8.854e+01]
GNN flow training:  99%|█████████▉| 99/100 [07:23<00:04,  4.47s/epoch, best=8.776e+01, sign=0.166, train=8.921e+01, val=8.854e+01]
GNN flow training:  99%|█████████▉| 99/100 [07:27<00:04,  4.47s/epoch, best=8.776e+01, sign=0.165, train=8.933e+01, val=8.817e+01]
GNN flow training: 100%|██████████| 100/100 [07:27<00:00,  4.48s/epoch, best=8.776e+01, sign=0.165, train=8.933e+01, val=8.817e+01]
GNN flow training: 100%|██████████| 100/100 [07:27<00:00,  4.48s/epoch, best=8.776e+01, sign=0.165, train=8.933e+01, val=8.817e+01]
Resolved config snapshot:
{'preset': 'solver_QKB_outer_QKBdelta', 'gnn_outer_losses': {'flow': 100.0, 'kirchhoff': 10.0, 'boundary': 100.0, 'delta_l2': 0.1, 'delta_smooth': 0.0, 'pressure_shape': 0.0}, 'physics': {'arterial_flow_mode': 'dataset', 'pressure_constraints': ['equal-a-equal-v'], 'alpha_pa': None, 'use_snr_weights': True, 'use_observed_flow_snr_weighting': True, 'flow_scale_mode': 'median_abs', 'solver_device': 'same', 'pressure_solver_mode': 'reduced-soft-constrained-lstsq', 'pressure_solver_lambda_kirchhoff': 1.0, 'pressure_solver_lambda_pressure_constraints': 100.0, 'pressure_solver_lambda_flow_residual': 1.0, 'pressure_shape_reference': 'delta_zero_reference', 'pressure_detach': False}, 'correction_bounds': {'correction_min': -0.5, 'correction_max': 0.5, 'correction_bound': 0.5, 'correction_parameterization': 'tanh'}, 'optimization': {'learning_rate': 0.001, 'weight_decay': 0.0001, 'gradient_clip_norm': 5.0, 'optimizer': 'adamw', 'epochs': 100, 'patience': 40}}
Shard 57/80: 1 of 80 runs
Command: /mnt/home/sswee/miniforge3/envs/yolk-sac/bin/python /mnt/home/sswee/yolk/Yolk-Sac-Flow-Data-and-Sim/gnn_clean/scripts/python/gnn_flow.py /mnt/home/sswee/yolk/Yolk-Sac-Flow-Data-and-Sim/gnn_clean/datasets/mosaic_graph_canonical_harmonized/mosaic_graph_canonical_harmonized.gpickle --output-dir /mnt/home/sswee/yolk/Yolk-Sac-Flow-Data-and-Sim/gnn_clean/outputs_canonical/dc/02_physics_weight_sweep/gnn --run-name q_100__k_10__delta_0p1 --preset solver_QKB_outer_QKBdelta --device cuda --epochs 100 --seed 0 --viscosity-pa-s 0.0035 --config /mnt/home/sswee/yolk/Yolk-Sac-Flow-Data-and-Sim/gnn_clean/outputs_canonical/dc/02_physics_weight_sweep/_generated_configs/q_100__k_10__delta_0p1.yaml --no-pressure-detach
