[info] DC Step 2 canonical sweep uses fixed lambda_B=100.0 for both the outer boundary loss and the reduced pressure-solver boundary constraint.

GNN flow training:   0%|          | 0/100 [00:00<?, ?epoch/s]
GNN flow training:   0%|          | 0/100 [00:04<?, ?epoch/s, best=1.271e+03, sign=0.194, train=1.270e+03, val=1.271e+03]
GNN flow training:   1%|          | 1/100 [00:04<07:36,  4.61s/epoch, best=1.271e+03, sign=0.194, train=1.270e+03, val=1.271e+03]
GNN flow training:   1%|          | 1/100 [00:09<07:36,  4.61s/epoch, best=1.271e+03, sign=0.194, train=1.271e+03, val=1.274e+03]
GNN flow training:   2%|▏         | 2/100 [00:09<07:22,  4.52s/epoch, best=1.271e+03, sign=0.194, train=1.271e+03, val=1.274e+03]
GNN flow training:   2%|▏         | 2/100 [00:13<07:22,  4.52s/epoch, best=1.271e+03, sign=0.194, train=1.274e+03, val=1.273e+03]
GNN flow training:   3%|▎         | 3/100 [00:13<07:14,  4.48s/epoch, best=1.271e+03, sign=0.194, train=1.274e+03, val=1.273e+03]
GNN flow training:   3%|▎         | 3/100 [00:17<07:14,  4.48s/epoch, best=1.271e+03, sign=0.194, train=1.273e+03, val=1.269e+03]
GNN flow training:   4%|▍         | 4/100 [00:17<07:08,  4.46s/epoch, best=1.271e+03, sign=0.194, train=1.273e+03, val=1.269e+03]
GNN flow training:   4%|▍         | 4/100 [00:22<07:08,  4.46s/epoch, best=1.269e+03, sign=0.194, train=1.269e+03, val=1.271e+03]
GNN flow training:   5%|▌         | 5/100 [00:22<07:04,  4.47s/epoch, best=1.269e+03, sign=0.194, train=1.269e+03, val=1.271e+03]
GNN flow training:   5%|▌         | 5/100 [00:26<07:04,  4.47s/epoch, best=1.269e+03, sign=0.194, train=1.271e+03, val=1.268e+03]
GNN flow training:   6%|▌         | 6/100 [00:26<06:59,  4.47s/epoch, best=1.269e+03, sign=0.194, train=1.271e+03, val=1.268e+03]
GNN flow training:   6%|▌         | 6/100 [00:31<06:59,  4.47s/epoch, best=1.268e+03, sign=0.194, train=1.268e+03, val=1.269e+03]
GNN flow training:   7%|▋         | 7/100 [00:31<06:56,  4.48s/epoch, best=1.268e+03, sign=0.194, train=1.268e+03, val=1.269e+03]
GNN flow training:   7%|▋         | 7/100 [00:35<06:56,  4.48s/epoch, best=1.268e+03, sign=0.194, train=1.269e+03, val=1.269e+03]
GNN flow training:   8%|▊         | 8/100 [00:35<06:52,  4.48s/epoch, best=1.268e+03, sign=0.194, train=1.269e+03, val=1.269e+03]
GNN flow training:   8%|▊         | 8/100 [00:40<06:52,  4.48s/epoch, best=1.268e+03, sign=0.194, train=1.269e+03, val=1.268e+03]
GNN flow training:   9%|▉         | 9/100 [00:40<06:47,  4.47s/epoch, best=1.268e+03, sign=0.194, train=1.269e+03, val=1.268e+03]
GNN flow training:   9%|▉         | 9/100 [00:44<06:47,  4.47s/epoch, best=1.268e+03, sign=0.194, train=1.268e+03, val=1.266e+03]
GNN flow training:  10%|█         | 10/100 [00:44<06:42,  4.48s/epoch, best=1.268e+03, sign=0.194, train=1.268e+03, val=1.266e+03]
GNN flow training:  10%|█         | 10/100 [00:49<06:42,  4.48s/epoch, best=1.266e+03, sign=0.194, train=1.266e+03, val=1.265e+03]
GNN flow training:  11%|█         | 11/100 [00:49<06:37,  4.47s/epoch, best=1.266e+03, sign=0.194, train=1.266e+03, val=1.265e+03]
GNN flow training:  11%|█         | 11/100 [00:53<06:37,  4.47s/epoch, best=1.265e+03, sign=0.192, train=1.265e+03, val=1.268e+03]
GNN flow training:  12%|█▏        | 12/100 [00:53<06:35,  4.49s/epoch, best=1.265e+03, sign=0.192, train=1.265e+03, val=1.268e+03]
GNN flow training:  12%|█▏        | 12/100 [00:58<06:35,  4.49s/epoch, best=1.265e+03, sign=0.192, train=1.268e+03, val=1.267e+03]
GNN flow training:  13%|█▎        | 13/100 [00:58<06:30,  4.49s/epoch, best=1.265e+03, sign=0.192, train=1.268e+03, val=1.267e+03]
GNN flow training:  13%|█▎        | 13/100 [01:02<06:30,  4.49s/epoch, best=1.265e+03, sign=0.193, train=1.267e+03, val=1.266e+03]
GNN flow training:  14%|█▍        | 14/100 [01:02<06:26,  4.50s/epoch, best=1.265e+03, sign=0.193, train=1.267e+03, val=1.266e+03]
GNN flow training:  14%|█▍        | 14/100 [01:07<06:26,  4.50s/epoch, best=1.265e+03, sign=0.193, train=1.266e+03, val=1.266e+03]
GNN flow training:  15%|█▌        | 15/100 [01:07<06:22,  4.50s/epoch, best=1.265e+03, sign=0.193, train=1.266e+03, val=1.266e+03]
GNN flow training:  15%|█▌        | 15/100 [01:11<06:22,  4.50s/epoch, best=1.265e+03, sign=0.193, train=1.266e+03, val=1.265e+03]
GNN flow training:  16%|█▌        | 16/100 [01:11<06:16,  4.49s/epoch, best=1.265e+03, sign=0.193, train=1.266e+03, val=1.265e+03]
GNN flow training:  16%|█▌        | 16/100 [01:16<06:16,  4.49s/epoch, best=1.265e+03, sign=0.193, train=1.265e+03, val=1.265e+03]
GNN flow training:  17%|█▋        | 17/100 [01:16<06:12,  4.49s/epoch, best=1.265e+03, sign=0.193, train=1.265e+03, val=1.265e+03]
GNN flow training:  17%|█▋        | 17/100 [01:20<06:12,  4.49s/epoch, best=1.265e+03, sign=0.193, train=1.265e+03, val=1.263e+03]
GNN flow training:  18%|█▊        | 18/100 [01:20<06:06,  4.47s/epoch, best=1.265e+03, sign=0.193, train=1.265e+03, val=1.263e+03]
GNN flow training:  18%|█▊        | 18/100 [01:25<06:06,  4.47s/epoch, best=1.263e+03, sign=0.193, train=1.263e+03, val=1.265e+03]
GNN flow training:  19%|█▉        | 19/100 [01:25<06:01,  4.46s/epoch, best=1.263e+03, sign=0.193, train=1.263e+03, val=1.265e+03]
GNN flow training:  19%|█▉        | 19/100 [01:29<06:01,  4.46s/epoch, best=1.263e+03, sign=0.192, train=1.265e+03, val=1.265e+03]
GNN flow training:  20%|██        | 20/100 [01:29<05:58,  4.49s/epoch, best=1.263e+03, sign=0.192, train=1.265e+03, val=1.265e+03]
GNN flow training:  20%|██        | 20/100 [01:34<05:58,  4.49s/epoch, best=1.263e+03, sign=0.192, train=1.265e+03, val=1.263e+03]
GNN flow training:  21%|██        | 21/100 [01:34<05:55,  4.50s/epoch, best=1.263e+03, sign=0.192, train=1.265e+03, val=1.263e+03]
GNN flow training:  21%|██        | 21/100 [01:38<05:55,  4.50s/epoch, best=1.263e+03, sign=0.192, train=1.263e+03, val=1.262e+03]
GNN flow training:  22%|██▏       | 22/100 [01:38<05:49,  4.48s/epoch, best=1.263e+03, sign=0.192, train=1.263e+03, val=1.262e+03]
GNN flow training:  22%|██▏       | 22/100 [01:43<05:49,  4.48s/epoch, best=1.262e+03, sign=0.191, train=1.262e+03, val=1.259e+03]
GNN flow training:  23%|██▎       | 23/100 [01:43<05:44,  4.48s/epoch, best=1.262e+03, sign=0.191, train=1.262e+03, val=1.259e+03]
GNN flow training:  23%|██▎       | 23/100 [01:47<05:44,  4.48s/epoch, best=1.259e+03, sign=0.191, train=1.259e+03, val=1.255e+03]
GNN flow training:  24%|██▍       | 24/100 [01:47<05:40,  4.48s/epoch, best=1.259e+03, sign=0.191, train=1.259e+03, val=1.255e+03]
GNN flow training:  24%|██▍       | 24/100 [01:52<05:40,  4.48s/epoch, best=1.255e+03, sign=0.190, train=1.256e+03, val=1.253e+03]
GNN flow training:  25%|██▌       | 25/100 [01:52<05:36,  4.48s/epoch, best=1.255e+03, sign=0.190, train=1.256e+03, val=1.253e+03]
GNN flow training:  25%|██▌       | 25/100 [01:56<05:36,  4.48s/epoch, best=1.253e+03, sign=0.190, train=1.253e+03, val=1.248e+03]
GNN flow training:  26%|██▌       | 26/100 [01:56<05:31,  4.49s/epoch, best=1.253e+03, sign=0.190, train=1.253e+03, val=1.248e+03]
GNN flow training:  26%|██▌       | 26/100 [02:01<05:31,  4.49s/epoch, best=1.248e+03, sign=0.191, train=1.248e+03, val=1.245e+03]
GNN flow training:  27%|██▋       | 27/100 [02:01<05:27,  4.49s/epoch, best=1.248e+03, sign=0.191, train=1.248e+03, val=1.245e+03]
GNN flow training:  27%|██▋       | 27/100 [02:05<05:27,  4.49s/epoch, best=1.245e+03, sign=0.190, train=1.245e+03, val=1.243e+03]
GNN flow training:  28%|██▊       | 28/100 [02:05<05:23,  4.49s/epoch, best=1.245e+03, sign=0.190, train=1.245e+03, val=1.243e+03]
GNN flow training:  28%|██▊       | 28/100 [02:10<05:23,  4.49s/epoch, best=1.243e+03, sign=0.189, train=1.243e+03, val=1.239e+03]
GNN flow training:  29%|██▉       | 29/100 [02:10<05:17,  4.48s/epoch, best=1.243e+03, sign=0.189, train=1.243e+03, val=1.239e+03]
GNN flow training:  29%|██▉       | 29/100 [02:14<05:17,  4.48s/epoch, best=1.239e+03, sign=0.188, train=1.239e+03, val=1.232e+03]
GNN flow training:  30%|███       | 30/100 [02:14<05:13,  4.49s/epoch, best=1.239e+03, sign=0.188, train=1.239e+03, val=1.232e+03]
GNN flow training:  30%|███       | 30/100 [02:18<05:13,  4.49s/epoch, best=1.232e+03, sign=0.187, train=1.232e+03, val=1.223e+03]
GNN flow training:  31%|███       | 31/100 [02:18<05:09,  4.48s/epoch, best=1.232e+03, sign=0.187, train=1.232e+03, val=1.223e+03]
GNN flow training:  31%|███       | 31/100 [02:23<05:09,  4.48s/epoch, best=1.223e+03, sign=0.186, train=1.223e+03, val=1.214e+03]
GNN flow training:  32%|███▏      | 32/100 [02:23<05:06,  4.51s/epoch, best=1.223e+03, sign=0.186, train=1.223e+03, val=1.214e+03]
GNN flow training:  32%|███▏      | 32/100 [02:28<05:06,  4.51s/epoch, best=1.214e+03, sign=0.185, train=1.214e+03, val=1.210e+03]
GNN flow training:  33%|███▎      | 33/100 [02:28<05:01,  4.51s/epoch, best=1.214e+03, sign=0.185, train=1.214e+03, val=1.210e+03]
GNN flow training:  33%|███▎      | 33/100 [02:32<05:01,  4.51s/epoch, best=1.210e+03, sign=0.185, train=1.210e+03, val=1.203e+03]
GNN flow training:  34%|███▍      | 34/100 [02:32<04:56,  4.49s/epoch, best=1.210e+03, sign=0.185, train=1.210e+03, val=1.203e+03]
GNN flow training:  34%|███▍      | 34/100 [02:36<04:56,  4.49s/epoch, best=1.203e+03, sign=0.184, train=1.203e+03, val=1.196e+03]
GNN flow training:  35%|███▌      | 35/100 [02:36<04:51,  4.48s/epoch, best=1.203e+03, sign=0.184, train=1.203e+03, val=1.196e+03]
GNN flow training:  35%|███▌      | 35/100 [02:41<04:51,  4.48s/epoch, best=1.196e+03, sign=0.183, train=1.196e+03, val=1.190e+03]
GNN flow training:  36%|███▌      | 36/100 [02:41<04:46,  4.47s/epoch, best=1.196e+03, sign=0.183, train=1.196e+03, val=1.190e+03]
GNN flow training:  36%|███▌      | 36/100 [02:45<04:46,  4.47s/epoch, best=1.190e+03, sign=0.185, train=1.190e+03, val=1.194e+03]
GNN flow training:  37%|███▋      | 37/100 [02:45<04:42,  4.48s/epoch, best=1.190e+03, sign=0.185, train=1.190e+03, val=1.194e+03]
GNN flow training:  37%|███▋      | 37/100 [02:50<04:42,  4.48s/epoch, best=1.190e+03, sign=0.186, train=1.194e+03, val=1.193e+03]
GNN flow training:  38%|███▊      | 38/100 [02:50<04:36,  4.47s/epoch, best=1.190e+03, sign=0.186, train=1.194e+03, val=1.193e+03]
GNN flow training:  38%|███▊      | 38/100 [02:54<04:36,  4.47s/epoch, best=1.190e+03, sign=0.184, train=1.193e+03, val=1.183e+03]
GNN flow training:  39%|███▉      | 39/100 [02:54<04:32,  4.47s/epoch, best=1.190e+03, sign=0.184, train=1.193e+03, val=1.183e+03]
GNN flow training:  39%|███▉      | 39/100 [02:59<04:32,  4.47s/epoch, best=1.183e+03, sign=0.181, train=1.183e+03, val=1.165e+03]
GNN flow training:  40%|████      | 40/100 [02:59<04:27,  4.46s/epoch, best=1.183e+03, sign=0.181, train=1.183e+03, val=1.165e+03]
GNN flow training:  40%|████      | 40/100 [03:03<04:27,  4.46s/epoch, best=1.165e+03, sign=0.179, train=1.165e+03, val=1.151e+03]
GNN flow training:  41%|████      | 41/100 [03:03<04:24,  4.48s/epoch, best=1.165e+03, sign=0.179, train=1.165e+03, val=1.151e+03]
GNN flow training:  41%|████      | 41/100 [03:08<04:24,  4.48s/epoch, best=1.151e+03, sign=0.178, train=1.151e+03, val=1.151e+03]
GNN flow training:  42%|████▏     | 42/100 [03:08<04:19,  4.47s/epoch, best=1.151e+03, sign=0.178, train=1.151e+03, val=1.151e+03]
GNN flow training:  42%|████▏     | 42/100 [03:12<04:19,  4.47s/epoch, best=1.151e+03, sign=0.177, train=1.151e+03, val=1.155e+03]
GNN flow training:  43%|████▎     | 43/100 [03:12<04:14,  4.46s/epoch, best=1.151e+03, sign=0.177, train=1.151e+03, val=1.155e+03]
GNN flow training:  43%|████▎     | 43/100 [03:17<04:14,  4.46s/epoch, best=1.151e+03, sign=0.176, train=1.155e+03, val=1.157e+03]
GNN flow training:  44%|████▍     | 44/100 [03:17<04:10,  4.46s/epoch, best=1.151e+03, sign=0.176, train=1.155e+03, val=1.157e+03]
GNN flow training:  44%|████▍     | 44/100 [03:21<04:10,  4.46s/epoch, best=1.151e+03, sign=0.177, train=1.157e+03, val=1.160e+03]
GNN flow training:  45%|████▌     | 45/100 [03:21<04:05,  4.47s/epoch, best=1.151e+03, sign=0.177, train=1.157e+03, val=1.160e+03]
GNN flow training:  45%|████▌     | 45/100 [03:26<04:05,  4.47s/epoch, best=1.151e+03, sign=0.175, train=1.160e+03, val=1.157e+03]
GNN flow training:  46%|████▌     | 46/100 [03:26<04:01,  4.46s/epoch, best=1.151e+03, sign=0.175, train=1.160e+03, val=1.157e+03]
GNN flow training:  46%|████▌     | 46/100 [03:30<04:01,  4.46s/epoch, best=1.151e+03, sign=0.176, train=1.157e+03, val=1.153e+03]
GNN flow training:  47%|████▋     | 47/100 [03:30<03:56,  4.47s/epoch, best=1.151e+03, sign=0.176, train=1.157e+03, val=1.153e+03]
GNN flow training:  47%|████▋     | 47/100 [03:35<03:56,  4.47s/epoch, best=1.151e+03, sign=0.175, train=1.153e+03, val=1.143e+03]
GNN flow training:  48%|████▊     | 48/100 [03:35<03:52,  4.47s/epoch, best=1.151e+03, sign=0.175, train=1.153e+03, val=1.143e+03]
GNN flow training:  48%|████▊     | 48/100 [03:39<03:52,  4.47s/epoch, best=1.143e+03, sign=0.173, train=1.143e+03, val=1.130e+03]
GNN flow training:  49%|████▉     | 49/100 [03:39<03:48,  4.48s/epoch, best=1.143e+03, sign=0.173, train=1.143e+03, val=1.130e+03]
GNN flow training:  49%|████▉     | 49/100 [03:43<03:48,  4.48s/epoch, best=1.130e+03, sign=0.171, train=1.130e+03, val=1.116e+03]
GNN flow training:  50%|█████     | 50/100 [03:43<03:42,  4.46s/epoch, best=1.130e+03, sign=0.171, train=1.130e+03, val=1.116e+03]
GNN flow training:  50%|█████     | 50/100 [03:48<03:42,  4.46s/epoch, best=1.116e+03, sign=0.170, train=1.116e+03, val=1.105e+03]
GNN flow training:  51%|█████     | 51/100 [03:48<03:38,  4.47s/epoch, best=1.116e+03, sign=0.170, train=1.116e+03, val=1.105e+03]
GNN flow training:  51%|█████     | 51/100 [03:52<03:38,  4.47s/epoch, best=1.105e+03, sign=0.170, train=1.105e+03, val=1.094e+03]
GNN flow training:  52%|█████▏    | 52/100 [03:52<03:33,  4.46s/epoch, best=1.105e+03, sign=0.170, train=1.105e+03, val=1.094e+03]
GNN flow training:  52%|█████▏    | 52/100 [03:57<03:33,  4.46s/epoch, best=1.094e+03, sign=0.170, train=1.094e+03, val=1.088e+03]
GNN flow training:  53%|█████▎    | 53/100 [03:57<03:29,  4.46s/epoch, best=1.094e+03, sign=0.170, train=1.094e+03, val=1.088e+03]
GNN flow training:  53%|█████▎    | 53/100 [04:01<03:29,  4.46s/epoch, best=1.088e+03, sign=0.169, train=1.088e+03, val=1.081e+03]
GNN flow training:  54%|█████▍    | 54/100 [04:01<03:24,  4.46s/epoch, best=1.088e+03, sign=0.169, train=1.088e+03, val=1.081e+03]
GNN flow training:  54%|█████▍    | 54/100 [04:06<03:24,  4.46s/epoch, best=1.081e+03, sign=0.170, train=1.081e+03, val=1.079e+03]
GNN flow training:  55%|█████▌    | 55/100 [04:06<03:20,  4.46s/epoch, best=1.081e+03, sign=0.170, train=1.081e+03, val=1.079e+03]
GNN flow training:  55%|█████▌    | 55/100 [04:10<03:20,  4.46s/epoch, best=1.079e+03, sign=0.171, train=1.079e+03, val=1.087e+03]
GNN flow training:  56%|█████▌    | 56/100 [04:10<03:16,  4.46s/epoch, best=1.079e+03, sign=0.171, train=1.079e+03, val=1.087e+03]
GNN flow training:  56%|█████▌    | 56/100 [04:15<03:16,  4.46s/epoch, best=1.079e+03, sign=0.173, train=1.087e+03, val=1.095e+03]
GNN flow training:  57%|█████▋    | 57/100 [04:15<03:11,  4.45s/epoch, best=1.079e+03, sign=0.173, train=1.087e+03, val=1.095e+03]
GNN flow training:  57%|█████▋    | 57/100 [04:19<03:11,  4.45s/epoch, best=1.079e+03, sign=0.172, train=1.095e+03, val=1.093e+03]
GNN flow training:  58%|█████▊    | 58/100 [04:19<03:07,  4.46s/epoch, best=1.079e+03, sign=0.172, train=1.095e+03, val=1.093e+03]
GNN flow training:  58%|█████▊    | 58/100 [04:24<03:07,  4.46s/epoch, best=1.079e+03, sign=0.166, train=1.093e+03, val=1.076e+03]
GNN flow training:  59%|█████▉    | 59/100 [04:24<03:02,  4.45s/epoch, best=1.079e+03, sign=0.166, train=1.093e+03, val=1.076e+03]
GNN flow training:  59%|█████▉    | 59/100 [04:28<03:02,  4.45s/epoch, best=1.076e+03, sign=0.163, train=1.076e+03, val=1.076e+03]
GNN flow training:  60%|██████    | 60/100 [04:28<02:57,  4.45s/epoch, best=1.076e+03, sign=0.163, train=1.076e+03, val=1.076e+03]
GNN flow training:  60%|██████    | 60/100 [04:32<02:57,  4.45s/epoch, best=1.076e+03, sign=0.157, train=1.076e+03, val=1.064e+03]
GNN flow training:  61%|██████    | 61/100 [04:32<02:53,  4.44s/epoch, best=1.076e+03, sign=0.157, train=1.076e+03, val=1.064e+03]
GNN flow training:  61%|██████    | 61/100 [04:37<02:53,  4.44s/epoch, best=1.064e+03, sign=0.155, train=1.064e+03, val=1.061e+03]
GNN flow training:  62%|██████▏   | 62/100 [04:37<02:48,  4.44s/epoch, best=1.064e+03, sign=0.155, train=1.064e+03, val=1.061e+03]
GNN flow training:  62%|██████▏   | 62/100 [04:41<02:48,  4.44s/epoch, best=1.061e+03, sign=0.151, train=1.061e+03, val=1.055e+03]
GNN flow training:  63%|██████▎   | 63/100 [04:41<02:44,  4.44s/epoch, best=1.061e+03, sign=0.151, train=1.061e+03, val=1.055e+03]
GNN flow training:  63%|██████▎   | 63/100 [04:46<02:44,  4.44s/epoch, best=1.055e+03, sign=0.148, train=1.055e+03, val=1.048e+03]
GNN flow training:  64%|██████▍   | 64/100 [04:46<02:39,  4.44s/epoch, best=1.055e+03, sign=0.148, train=1.055e+03, val=1.048e+03]
GNN flow training:  64%|██████▍   | 64/100 [04:50<02:39,  4.44s/epoch, best=1.048e+03, sign=0.147, train=1.048e+03, val=1.053e+03]
GNN flow training:  65%|██████▌   | 65/100 [04:50<02:35,  4.44s/epoch, best=1.048e+03, sign=0.147, train=1.048e+03, val=1.053e+03]
GNN flow training:  65%|██████▌   | 65/100 [04:55<02:35,  4.44s/epoch, best=1.048e+03, sign=0.146, train=1.053e+03, val=1.048e+03]
GNN flow training:  66%|██████▌   | 66/100 [04:55<02:30,  4.44s/epoch, best=1.048e+03, sign=0.146, train=1.053e+03, val=1.048e+03]
GNN flow training:  66%|██████▌   | 66/100 [04:59<02:30,  4.44s/epoch, best=1.048e+03, sign=0.145, train=1.048e+03, val=1.042e+03]
GNN flow training:  67%|██████▋   | 67/100 [04:59<02:26,  4.44s/epoch, best=1.048e+03, sign=0.145, train=1.048e+03, val=1.042e+03]
GNN flow training:  67%|██████▋   | 67/100 [05:03<02:26,  4.44s/epoch, best=1.042e+03, sign=0.145, train=1.042e+03, val=1.027e+03]
GNN flow training:  68%|██████▊   | 68/100 [05:03<02:22,  4.44s/epoch, best=1.042e+03, sign=0.145, train=1.042e+03, val=1.027e+03]
GNN flow training:  68%|██████▊   | 68/100 [05:08<02:22,  4.44s/epoch, best=1.027e+03, sign=0.150, train=1.027e+03, val=1.011e+03]
GNN flow training:  69%|██████▉   | 69/100 [05:08<02:17,  4.45s/epoch, best=1.027e+03, sign=0.150, train=1.027e+03, val=1.011e+03]
GNN flow training:  69%|██████▉   | 69/100 [05:12<02:17,  4.45s/epoch, best=1.011e+03, sign=0.155, train=1.011e+03, val=9.975e+02]
GNN flow training:  70%|███████   | 70/100 [05:12<02:13,  4.46s/epoch, best=1.011e+03, sign=0.155, train=1.011e+03, val=9.975e+02]
GNN flow training:  70%|███████   | 70/100 [05:17<02:13,  4.46s/epoch, best=9.975e+02, sign=0.178, train=9.976e+02, val=1.017e+03]
GNN flow training:  71%|███████   | 71/100 [05:17<02:09,  4.46s/epoch, best=9.975e+02, sign=0.178, train=9.976e+02, val=1.017e+03]
GNN flow training:  71%|███████   | 71/100 [05:21<02:09,  4.46s/epoch, best=9.975e+02, sign=0.231, train=1.017e+03, val=1.122e+03]
GNN flow training:  72%|███████▏  | 72/100 [05:21<02:04,  4.45s/epoch, best=9.975e+02, sign=0.231, train=1.017e+03, val=1.122e+03]
GNN flow training:  72%|███████▏  | 72/100 [05:26<02:04,  4.45s/epoch, best=9.975e+02, sign=0.285, train=1.122e+03, val=1.256e+03]
GNN flow training:  73%|███████▎  | 73/100 [05:26<02:00,  4.44s/epoch, best=9.975e+02, sign=0.285, train=1.122e+03, val=1.256e+03]
GNN flow training:  73%|███████▎  | 73/100 [05:30<02:00,  4.44s/epoch, best=9.975e+02, sign=0.279, train=1.256e+03, val=1.265e+03]
GNN flow training:  74%|███████▍  | 74/100 [05:30<01:55,  4.45s/epoch, best=9.975e+02, sign=0.279, train=1.256e+03, val=1.265e+03]
GNN flow training:  74%|███████▍  | 74/100 [05:35<01:55,  4.45s/epoch, best=9.975e+02, sign=0.225, train=1.265e+03, val=1.165e+03]
GNN flow training:  75%|███████▌  | 75/100 [05:35<01:51,  4.45s/epoch, best=9.975e+02, sign=0.225, train=1.265e+03, val=1.165e+03]
GNN flow training:  75%|███████▌  | 75/100 [05:39<01:51,  4.45s/epoch, best=9.975e+02, sign=0.213, train=1.165e+03, val=1.170e+03]
GNN flow training:  76%|███████▌  | 76/100 [05:39<01:47,  4.46s/epoch, best=9.975e+02, sign=0.213, train=1.165e+03, val=1.170e+03]
GNN flow training:  76%|███████▌  | 76/100 [05:44<01:47,  4.46s/epoch, best=9.975e+02, sign=0.208, train=1.170e+03, val=1.175e+03]
GNN flow training:  77%|███████▋  | 77/100 [05:44<01:42,  4.48s/epoch, best=9.975e+02, sign=0.208, train=1.170e+03, val=1.175e+03]
GNN flow training:  77%|███████▋  | 77/100 [05:48<01:42,  4.48s/epoch, best=9.975e+02, sign=0.217, train=1.175e+03, val=1.183e+03]
GNN flow training:  78%|███████▊  | 78/100 [05:48<01:38,  4.49s/epoch, best=9.975e+02, sign=0.217, train=1.175e+03, val=1.183e+03]
GNN flow training:  78%|███████▊  | 78/100 [05:53<01:38,  4.49s/epoch, best=9.975e+02, sign=0.221, train=1.183e+03, val=1.144e+03]
GNN flow training:  79%|███████▉  | 79/100 [05:53<01:34,  4.49s/epoch, best=9.975e+02, sign=0.221, train=1.183e+03, val=1.144e+03]
GNN flow training:  79%|███████▉  | 79/100 [05:57<01:34,  4.49s/epoch, best=9.975e+02, sign=0.213, train=1.144e+03, val=1.107e+03]
GNN flow training:  80%|████████  | 80/100 [05:57<01:29,  4.48s/epoch, best=9.975e+02, sign=0.213, train=1.144e+03, val=1.107e+03]
GNN flow training:  80%|████████  | 80/100 [06:02<01:29,  4.48s/epoch, best=9.975e+02, sign=0.211, train=1.107e+03, val=1.059e+03]
GNN flow training:  81%|████████  | 81/100 [06:02<01:25,  4.48s/epoch, best=9.975e+02, sign=0.211, train=1.107e+03, val=1.059e+03]
GNN flow training:  81%|████████  | 81/100 [06:06<01:25,  4.48s/epoch, best=9.975e+02, sign=0.191, train=1.059e+03, val=1.020e+03]
GNN flow training:  82%|████████▏ | 82/100 [06:06<01:20,  4.47s/epoch, best=9.975e+02, sign=0.191, train=1.059e+03, val=1.020e+03]
GNN flow training:  82%|████████▏ | 82/100 [06:11<01:20,  4.47s/epoch, best=9.975e+02, sign=0.174, train=1.020e+03, val=1.001e+03]
GNN flow training:  83%|████████▎ | 83/100 [06:11<01:15,  4.47s/epoch, best=9.975e+02, sign=0.174, train=1.020e+03, val=1.001e+03]
GNN flow training:  83%|████████▎ | 83/100 [06:15<01:15,  4.47s/epoch, best=9.975e+02, sign=0.170, train=1.001e+03, val=9.833e+02]
GNN flow training:  84%|████████▍ | 84/100 [06:15<01:11,  4.47s/epoch, best=9.975e+02, sign=0.170, train=1.001e+03, val=9.833e+02]
GNN flow training:  84%|████████▍ | 84/100 [06:19<01:11,  4.47s/epoch, best=9.833e+02, sign=0.171, train=9.833e+02, val=9.845e+02]
GNN flow training:  85%|████████▌ | 85/100 [06:19<01:07,  4.48s/epoch, best=9.833e+02, sign=0.171, train=9.833e+02, val=9.845e+02]
GNN flow training:  85%|████████▌ | 85/100 [06:24<01:07,  4.48s/epoch, best=9.833e+02, sign=0.172, train=9.845e+02, val=9.711e+02]
GNN flow training:  86%|████████▌ | 86/100 [06:24<01:02,  4.47s/epoch, best=9.833e+02, sign=0.172, train=9.845e+02, val=9.711e+02]
GNN flow training:  86%|████████▌ | 86/100 [06:28<01:02,  4.47s/epoch, best=9.711e+02, sign=0.173, train=9.711e+02, val=9.720e+02]
GNN flow training:  87%|████████▋ | 87/100 [06:28<00:58,  4.47s/epoch, best=9.711e+02, sign=0.173, train=9.711e+02, val=9.720e+02]
GNN flow training:  87%|████████▋ | 87/100 [06:33<00:58,  4.47s/epoch, best=9.711e+02, sign=0.177, train=9.720e+02, val=9.614e+02]
GNN flow training:  88%|████████▊ | 88/100 [06:33<00:53,  4.46s/epoch, best=9.711e+02, sign=0.177, train=9.720e+02, val=9.614e+02]
GNN flow training:  88%|████████▊ | 88/100 [06:37<00:53,  4.46s/epoch, best=9.614e+02, sign=0.179, train=9.614e+02, val=9.560e+02]
GNN flow training:  89%|████████▉ | 89/100 [06:37<00:48,  4.45s/epoch, best=9.614e+02, sign=0.179, train=9.614e+02, val=9.560e+02]
GNN flow training:  89%|████████▉ | 89/100 [06:42<00:48,  4.45s/epoch, best=9.560e+02, sign=0.182, train=9.560e+02, val=9.472e+02]
GNN flow training:  90%|█████████ | 90/100 [06:42<00:44,  4.46s/epoch, best=9.560e+02, sign=0.182, train=9.560e+02, val=9.472e+02]
GNN flow training:  90%|█████████ | 90/100 [06:46<00:44,  4.46s/epoch, best=9.472e+02, sign=0.179, train=9.472e+02, val=9.514e+02]
GNN flow training:  91%|█████████ | 91/100 [06:46<00:40,  4.45s/epoch, best=9.472e+02, sign=0.179, train=9.472e+02, val=9.514e+02]
GNN flow training:  91%|█████████ | 91/100 [06:51<00:40,  4.45s/epoch, best=9.472e+02, sign=0.175, train=9.514e+02, val=9.314e+02]
GNN flow training:  92%|█████████▏| 92/100 [06:51<00:35,  4.45s/epoch, best=9.472e+02, sign=0.175, train=9.514e+02, val=9.314e+02]
GNN flow training:  92%|█████████▏| 92/100 [06:55<00:35,  4.45s/epoch, best=9.314e+02, sign=0.173, train=9.314e+02, val=9.257e+02]
GNN flow training:  93%|█████████▎| 93/100 [06:55<00:31,  4.46s/epoch, best=9.314e+02, sign=0.173, train=9.314e+02, val=9.257e+02]
GNN flow training:  93%|█████████▎| 93/100 [07:00<00:31,  4.46s/epoch, best=9.257e+02, sign=0.170, train=9.257e+02, val=9.187e+02]
GNN flow training:  94%|█████████▍| 94/100 [07:00<00:26,  4.45s/epoch, best=9.257e+02, sign=0.170, train=9.257e+02, val=9.187e+02]
GNN flow training:  94%|█████████▍| 94/100 [07:04<00:26,  4.45s/epoch, best=9.187e+02, sign=0.169, train=9.187e+02, val=9.140e+02]
GNN flow training:  95%|█████████▌| 95/100 [07:04<00:22,  4.44s/epoch, best=9.187e+02, sign=0.169, train=9.187e+02, val=9.140e+02]
GNN flow training:  95%|█████████▌| 95/100 [07:08<00:22,  4.44s/epoch, best=9.140e+02, sign=0.168, train=9.140e+02, val=9.080e+02]
GNN flow training:  96%|█████████▌| 96/100 [07:08<00:17,  4.44s/epoch, best=9.140e+02, sign=0.168, train=9.140e+02, val=9.080e+02]
GNN flow training:  96%|█████████▌| 96/100 [07:13<00:17,  4.44s/epoch, best=9.080e+02, sign=0.166, train=9.080e+02, val=9.071e+02]
GNN flow training:  97%|█████████▋| 97/100 [07:13<00:13,  4.44s/epoch, best=9.080e+02, sign=0.166, train=9.080e+02, val=9.071e+02]
GNN flow training:  97%|█████████▋| 97/100 [07:17<00:13,  4.44s/epoch, best=9.071e+02, sign=0.164, train=9.071e+02, val=9.043e+02]
GNN flow training:  98%|█████████▊| 98/100 [07:17<00:08,  4.46s/epoch, best=9.071e+02, sign=0.164, train=9.071e+02, val=9.043e+02]
GNN flow training:  98%|█████████▊| 98/100 [07:22<00:08,  4.46s/epoch, best=9.043e+02, sign=0.164, train=9.043e+02, val=8.971e+02]
GNN flow training:  99%|█████████▉| 99/100 [07:22<00:04,  4.46s/epoch, best=9.043e+02, sign=0.164, train=9.043e+02, val=8.971e+02]
GNN flow training:  99%|█████████▉| 99/100 [07:26<00:04,  4.46s/epoch, best=8.971e+02, sign=0.165, train=8.971e+02, val=8.859e+02]
GNN flow training: 100%|██████████| 100/100 [07:26<00:00,  4.46s/epoch, best=8.971e+02, sign=0.165, train=8.971e+02, val=8.859e+02]
GNN flow training: 100%|██████████| 100/100 [07:26<00:00,  4.47s/epoch, best=8.971e+02, sign=0.165, train=8.971e+02, val=8.859e+02]
Resolved config snapshot:
{'preset': 'solver_QKB_outer_QKBdelta', 'gnn_outer_losses': {'flow': 1.0, 'kirchhoff': 100.0, 'boundary': 100.0, 'delta_l2': 100.0, 'delta_smooth': 0.0, 'pressure_shape': 0.0}, 'physics': {'arterial_flow_mode': 'dataset', 'pressure_constraints': ['equal-a-equal-v'], 'alpha_pa': None, 'use_snr_weights': True, 'use_observed_flow_snr_weighting': True, 'flow_scale_mode': 'median_abs', 'solver_device': 'same', 'pressure_solver_mode': 'reduced-soft-constrained-lstsq', 'pressure_solver_lambda_kirchhoff': 1.0, 'pressure_solver_lambda_pressure_constraints': 100.0, 'pressure_solver_lambda_flow_residual': 1.0, 'pressure_shape_reference': 'delta_zero_reference', 'pressure_detach': False}, 'correction_bounds': {'correction_min': -0.5, 'correction_max': 0.5, 'correction_bound': 0.5, 'correction_parameterization': 'tanh'}, 'optimization': {'learning_rate': 0.001, 'weight_decay': 0.0001, 'gradient_clip_norm': 5.0, 'optimizer': 'adamw', 'epochs': 100, 'patience': 40}}
Shard 32/80: 1 of 80 runs
Command: /mnt/home/sswee/miniforge3/envs/yolk-sac/bin/python /mnt/home/sswee/yolk/Yolk-Sac-Flow-Data-and-Sim/gnn_clean/scripts/python/gnn_flow.py /mnt/home/sswee/yolk/Yolk-Sac-Flow-Data-and-Sim/gnn_clean/datasets/mosaic_graph_canonical_harmonized/mosaic_graph_canonical_harmonized.gpickle --output-dir /mnt/home/sswee/yolk/Yolk-Sac-Flow-Data-and-Sim/gnn_clean/outputs_canonical/dc/02_physics_weight_sweep/gnn --run-name q_1__k_100__delta_100 --preset solver_QKB_outer_QKBdelta --device cuda --epochs 100 --seed 0 --viscosity-pa-s 0.0035 --config /mnt/home/sswee/yolk/Yolk-Sac-Flow-Data-and-Sim/gnn_clean/outputs_canonical/dc/02_physics_weight_sweep/_generated_configs/q_1__k_100__delta_100.yaml --no-pressure-detach
