[info] DC Step 2 canonical sweep uses fixed lambda_B=100.0 for both the outer boundary loss and the reduced pressure-solver boundary constraint.

GNN flow training:   0%|          | 0/100 [00:00<?, ?epoch/s]
GNN flow training:   0%|          | 0/100 [00:06<?, ?epoch/s, best=1.279e+01, sign=0.194, train=1.280e+01, val=1.279e+01]
GNN flow training:   1%|          | 1/100 [00:06<10:07,  6.13s/epoch, best=1.279e+01, sign=0.194, train=1.280e+01, val=1.279e+01]
GNN flow training:   1%|          | 1/100 [00:12<10:07,  6.13s/epoch, best=1.279e+01, sign=0.194, train=1.281e+01, val=1.282e+01]
GNN flow training:   2%|▏         | 2/100 [00:12<09:55,  6.07s/epoch, best=1.279e+01, sign=0.194, train=1.281e+01, val=1.282e+01]
GNN flow training:   2%|▏         | 2/100 [00:18<09:55,  6.07s/epoch, best=1.279e+01, sign=0.194, train=1.283e+01, val=1.281e+01]
GNN flow training:   3%|▎         | 3/100 [00:18<09:44,  6.02s/epoch, best=1.279e+01, sign=0.194, train=1.283e+01, val=1.281e+01]
GNN flow training:   3%|▎         | 3/100 [00:24<09:44,  6.02s/epoch, best=1.279e+01, sign=0.194, train=1.283e+01, val=1.277e+01]
GNN flow training:   4%|▍         | 4/100 [00:24<09:33,  5.97s/epoch, best=1.279e+01, sign=0.194, train=1.283e+01, val=1.277e+01]
GNN flow training:   4%|▍         | 4/100 [00:29<09:33,  5.97s/epoch, best=1.277e+01, sign=0.194, train=1.278e+01, val=1.278e+01]
GNN flow training:   5%|▌         | 5/100 [00:29<09:24,  5.94s/epoch, best=1.277e+01, sign=0.194, train=1.278e+01, val=1.278e+01]
GNN flow training:   5%|▌         | 5/100 [00:35<09:24,  5.94s/epoch, best=1.277e+01, sign=0.194, train=1.279e+01, val=1.277e+01]
GNN flow training:   6%|▌         | 6/100 [00:35<09:17,  5.93s/epoch, best=1.277e+01, sign=0.194, train=1.279e+01, val=1.277e+01]
GNN flow training:   6%|▌         | 6/100 [00:41<09:17,  5.93s/epoch, best=1.277e+01, sign=0.195, train=1.279e+01, val=1.276e+01]
GNN flow training:   7%|▋         | 7/100 [00:41<09:15,  5.97s/epoch, best=1.277e+01, sign=0.195, train=1.279e+01, val=1.276e+01]
GNN flow training:   7%|▋         | 7/100 [00:47<09:15,  5.97s/epoch, best=1.276e+01, sign=0.195, train=1.277e+01, val=1.274e+01]
GNN flow training:   8%|▊         | 8/100 [00:47<09:10,  5.98s/epoch, best=1.276e+01, sign=0.195, train=1.277e+01, val=1.274e+01]
GNN flow training:   8%|▊         | 8/100 [00:53<09:10,  5.98s/epoch, best=1.274e+01, sign=0.195, train=1.276e+01, val=1.274e+01]
GNN flow training:   9%|▉         | 9/100 [00:53<09:06,  6.01s/epoch, best=1.274e+01, sign=0.195, train=1.276e+01, val=1.274e+01]
GNN flow training:   9%|▉         | 9/100 [00:59<09:06,  6.01s/epoch, best=1.274e+01, sign=0.196, train=1.276e+01, val=1.275e+01]
GNN flow training:  10%|█         | 10/100 [00:59<09:01,  6.01s/epoch, best=1.274e+01, sign=0.196, train=1.276e+01, val=1.275e+01]
GNN flow training:  10%|█         | 10/100 [01:05<09:01,  6.01s/epoch, best=1.274e+01, sign=0.196, train=1.277e+01, val=1.277e+01]
GNN flow training:  11%|█         | 11/100 [01:05<08:54,  6.00s/epoch, best=1.274e+01, sign=0.196, train=1.277e+01, val=1.277e+01]
GNN flow training:  11%|█         | 11/100 [01:11<08:54,  6.00s/epoch, best=1.274e+01, sign=0.196, train=1.278e+01, val=1.273e+01]
GNN flow training:  12%|█▏        | 12/100 [01:11<08:47,  5.99s/epoch, best=1.274e+01, sign=0.196, train=1.278e+01, val=1.273e+01]
GNN flow training:  12%|█▏        | 12/100 [01:17<08:47,  5.99s/epoch, best=1.273e+01, sign=0.196, train=1.275e+01, val=1.273e+01]
GNN flow training:  13%|█▎        | 13/100 [01:17<08:40,  5.98s/epoch, best=1.273e+01, sign=0.196, train=1.275e+01, val=1.273e+01]
GNN flow training:  13%|█▎        | 13/100 [01:23<08:40,  5.98s/epoch, best=1.273e+01, sign=0.196, train=1.274e+01, val=1.273e+01]
GNN flow training:  14%|█▍        | 14/100 [01:23<08:32,  5.96s/epoch, best=1.273e+01, sign=0.196, train=1.274e+01, val=1.273e+01]
GNN flow training:  14%|█▍        | 14/100 [01:29<08:32,  5.96s/epoch, best=1.273e+01, sign=0.195, train=1.275e+01, val=1.270e+01]
GNN flow training:  15%|█▌        | 15/100 [01:29<08:25,  5.94s/epoch, best=1.273e+01, sign=0.195, train=1.275e+01, val=1.270e+01]
GNN flow training:  15%|█▌        | 15/100 [01:35<08:25,  5.94s/epoch, best=1.270e+01, sign=0.195, train=1.272e+01, val=1.267e+01]
GNN flow training:  16%|█▌        | 16/100 [01:35<08:20,  5.95s/epoch, best=1.270e+01, sign=0.195, train=1.272e+01, val=1.267e+01]
GNN flow training:  16%|█▌        | 16/100 [01:41<08:20,  5.95s/epoch, best=1.267e+01, sign=0.195, train=1.269e+01, val=1.263e+01]
GNN flow training:  17%|█▋        | 17/100 [01:41<08:14,  5.96s/epoch, best=1.267e+01, sign=0.195, train=1.269e+01, val=1.263e+01]
GNN flow training:  17%|█▋        | 17/100 [01:47<08:14,  5.96s/epoch, best=1.263e+01, sign=0.194, train=1.265e+01, val=1.261e+01]
GNN flow training:  18%|█▊        | 18/100 [01:47<08:09,  5.97s/epoch, best=1.263e+01, sign=0.194, train=1.265e+01, val=1.261e+01]
GNN flow training:  18%|█▊        | 18/100 [01:53<08:09,  5.97s/epoch, best=1.261e+01, sign=0.194, train=1.263e+01, val=1.261e+01]
GNN flow training:  19%|█▉        | 19/100 [01:53<08:03,  5.97s/epoch, best=1.261e+01, sign=0.194, train=1.263e+01, val=1.261e+01]
GNN flow training:  19%|█▉        | 19/100 [01:59<08:03,  5.97s/epoch, best=1.261e+01, sign=0.193, train=1.262e+01, val=1.252e+01]
GNN flow training:  20%|██        | 20/100 [01:59<07:57,  5.97s/epoch, best=1.261e+01, sign=0.193, train=1.262e+01, val=1.252e+01]
GNN flow training:  20%|██        | 20/100 [02:05<07:57,  5.97s/epoch, best=1.252e+01, sign=0.193, train=1.253e+01, val=1.246e+01]
GNN flow training:  21%|██        | 21/100 [02:05<07:53,  5.99s/epoch, best=1.252e+01, sign=0.193, train=1.253e+01, val=1.246e+01]
GNN flow training:  21%|██        | 21/100 [02:11<07:53,  5.99s/epoch, best=1.246e+01, sign=0.193, train=1.247e+01, val=1.243e+01]
GNN flow training:  22%|██▏       | 22/100 [02:11<07:45,  5.97s/epoch, best=1.246e+01, sign=0.193, train=1.247e+01, val=1.243e+01]
GNN flow training:  22%|██▏       | 22/100 [02:17<07:45,  5.97s/epoch, best=1.243e+01, sign=0.194, train=1.244e+01, val=1.242e+01]
GNN flow training:  23%|██▎       | 23/100 [02:17<07:38,  5.95s/epoch, best=1.243e+01, sign=0.194, train=1.244e+01, val=1.242e+01]
GNN flow training:  23%|██▎       | 23/100 [02:23<07:38,  5.95s/epoch, best=1.242e+01, sign=0.193, train=1.244e+01, val=1.240e+01]
GNN flow training:  24%|██▍       | 24/100 [02:23<07:32,  5.95s/epoch, best=1.242e+01, sign=0.193, train=1.244e+01, val=1.240e+01]
GNN flow training:  24%|██▍       | 24/100 [02:29<07:32,  5.95s/epoch, best=1.240e+01, sign=0.192, train=1.242e+01, val=1.234e+01]
GNN flow training:  25%|██▌       | 25/100 [02:29<07:27,  5.96s/epoch, best=1.240e+01, sign=0.192, train=1.242e+01, val=1.234e+01]
GNN flow training:  25%|██▌       | 25/100 [02:35<07:27,  5.96s/epoch, best=1.234e+01, sign=0.191, train=1.236e+01, val=1.232e+01]
GNN flow training:  26%|██▌       | 26/100 [02:35<07:21,  5.97s/epoch, best=1.234e+01, sign=0.191, train=1.236e+01, val=1.232e+01]
GNN flow training:  26%|██▌       | 26/100 [02:41<07:21,  5.97s/epoch, best=1.232e+01, sign=0.190, train=1.234e+01, val=1.223e+01]
GNN flow training:  27%|██▋       | 27/100 [02:41<07:14,  5.95s/epoch, best=1.232e+01, sign=0.190, train=1.234e+01, val=1.223e+01]
GNN flow training:  27%|██▋       | 27/100 [02:47<07:14,  5.95s/epoch, best=1.223e+01, sign=0.189, train=1.224e+01, val=1.219e+01]
GNN flow training:  28%|██▊       | 28/100 [02:47<07:10,  5.97s/epoch, best=1.223e+01, sign=0.189, train=1.224e+01, val=1.219e+01]
GNN flow training:  28%|██▊       | 28/100 [02:53<07:10,  5.97s/epoch, best=1.219e+01, sign=0.188, train=1.220e+01, val=1.205e+01]
GNN flow training:  29%|██▉       | 29/100 [02:53<07:03,  5.96s/epoch, best=1.219e+01, sign=0.188, train=1.220e+01, val=1.205e+01]
GNN flow training:  29%|██▉       | 29/100 [02:59<07:03,  5.96s/epoch, best=1.205e+01, sign=0.186, train=1.207e+01, val=1.195e+01]
GNN flow training:  30%|███       | 30/100 [02:59<06:57,  5.96s/epoch, best=1.205e+01, sign=0.186, train=1.207e+01, val=1.195e+01]
GNN flow training:  30%|███       | 30/100 [03:05<06:57,  5.96s/epoch, best=1.195e+01, sign=0.186, train=1.196e+01, val=1.193e+01]
GNN flow training:  31%|███       | 31/100 [03:05<06:52,  5.98s/epoch, best=1.195e+01, sign=0.186, train=1.196e+01, val=1.193e+01]
GNN flow training:  31%|███       | 31/100 [03:11<06:52,  5.98s/epoch, best=1.193e+01, sign=0.186, train=1.194e+01, val=1.184e+01]
GNN flow training:  32%|███▏      | 32/100 [03:11<06:45,  5.96s/epoch, best=1.193e+01, sign=0.186, train=1.194e+01, val=1.184e+01]
GNN flow training:  32%|███▏      | 32/100 [03:17<06:45,  5.96s/epoch, best=1.184e+01, sign=0.186, train=1.186e+01, val=1.175e+01]
GNN flow training:  33%|███▎      | 33/100 [03:17<06:39,  5.96s/epoch, best=1.184e+01, sign=0.186, train=1.186e+01, val=1.175e+01]
GNN flow training:  33%|███▎      | 33/100 [03:23<06:39,  5.96s/epoch, best=1.175e+01, sign=0.186, train=1.176e+01, val=1.161e+01]
GNN flow training:  34%|███▍      | 34/100 [03:23<06:32,  5.95s/epoch, best=1.175e+01, sign=0.186, train=1.176e+01, val=1.161e+01]
GNN flow training:  34%|███▍      | 34/100 [03:28<06:32,  5.95s/epoch, best=1.161e+01, sign=0.185, train=1.162e+01, val=1.151e+01]
GNN flow training:  35%|███▌      | 35/100 [03:28<06:26,  5.95s/epoch, best=1.161e+01, sign=0.185, train=1.162e+01, val=1.151e+01]
GNN flow training:  35%|███▌      | 35/100 [03:34<06:26,  5.95s/epoch, best=1.151e+01, sign=0.185, train=1.153e+01, val=1.152e+01]
GNN flow training:  36%|███▌      | 36/100 [03:34<06:21,  5.96s/epoch, best=1.151e+01, sign=0.185, train=1.153e+01, val=1.152e+01]
GNN flow training:  36%|███▌      | 36/100 [03:40<06:21,  5.96s/epoch, best=1.151e+01, sign=0.186, train=1.153e+01, val=1.139e+01]
GNN flow training:  37%|███▋      | 37/100 [03:40<06:15,  5.96s/epoch, best=1.151e+01, sign=0.186, train=1.153e+01, val=1.139e+01]
GNN flow training:  37%|███▋      | 37/100 [03:46<06:15,  5.96s/epoch, best=1.139e+01, sign=0.186, train=1.140e+01, val=1.129e+01]
GNN flow training:  38%|███▊      | 38/100 [03:46<06:09,  5.96s/epoch, best=1.139e+01, sign=0.186, train=1.140e+01, val=1.129e+01]
GNN flow training:  38%|███▊      | 38/100 [03:52<06:09,  5.96s/epoch, best=1.129e+01, sign=0.185, train=1.131e+01, val=1.118e+01]
GNN flow training:  39%|███▉      | 39/100 [03:52<06:03,  5.96s/epoch, best=1.129e+01, sign=0.185, train=1.131e+01, val=1.118e+01]
GNN flow training:  39%|███▉      | 39/100 [03:58<06:03,  5.96s/epoch, best=1.118e+01, sign=0.185, train=1.119e+01, val=1.112e+01]
GNN flow training:  40%|████      | 40/100 [03:58<05:57,  5.96s/epoch, best=1.118e+01, sign=0.185, train=1.119e+01, val=1.112e+01]
GNN flow training:  40%|████      | 40/100 [04:04<05:57,  5.96s/epoch, best=1.112e+01, sign=0.183, train=1.113e+01, val=1.104e+01]
GNN flow training:  41%|████      | 41/100 [04:04<05:50,  5.94s/epoch, best=1.112e+01, sign=0.183, train=1.113e+01, val=1.104e+01]
GNN flow training:  41%|████      | 41/100 [04:10<05:50,  5.94s/epoch, best=1.104e+01, sign=0.181, train=1.105e+01, val=1.104e+01]
GNN flow training:  42%|████▏     | 42/100 [04:10<05:44,  5.95s/epoch, best=1.104e+01, sign=0.181, train=1.105e+01, val=1.104e+01]
GNN flow training:  42%|████▏     | 42/100 [04:16<05:44,  5.95s/epoch, best=1.104e+01, sign=0.179, train=1.105e+01, val=1.095e+01]
GNN flow training:  43%|████▎     | 43/100 [04:16<05:39,  5.95s/epoch, best=1.104e+01, sign=0.179, train=1.105e+01, val=1.095e+01]
GNN flow training:  43%|████▎     | 43/100 [04:22<05:39,  5.95s/epoch, best=1.095e+01, sign=0.177, train=1.096e+01, val=1.092e+01]
GNN flow training:  44%|████▍     | 44/100 [04:22<05:32,  5.95s/epoch, best=1.095e+01, sign=0.177, train=1.096e+01, val=1.092e+01]
GNN flow training:  44%|████▍     | 44/100 [04:28<05:32,  5.95s/epoch, best=1.092e+01, sign=0.176, train=1.093e+01, val=1.077e+01]
GNN flow training:  45%|████▌     | 45/100 [04:28<05:27,  5.95s/epoch, best=1.092e+01, sign=0.176, train=1.093e+01, val=1.077e+01]
GNN flow training:  45%|████▌     | 45/100 [04:34<05:27,  5.95s/epoch, best=1.077e+01, sign=0.174, train=1.078e+01, val=1.069e+01]
GNN flow training:  46%|████▌     | 46/100 [04:34<05:20,  5.94s/epoch, best=1.077e+01, sign=0.174, train=1.078e+01, val=1.069e+01]
GNN flow training:  46%|████▌     | 46/100 [04:40<05:20,  5.94s/epoch, best=1.069e+01, sign=0.174, train=1.070e+01, val=1.072e+01]
GNN flow training:  47%|████▋     | 47/100 [04:40<05:13,  5.91s/epoch, best=1.069e+01, sign=0.174, train=1.070e+01, val=1.072e+01]
GNN flow training:  47%|████▋     | 47/100 [04:46<05:13,  5.91s/epoch, best=1.069e+01, sign=0.174, train=1.072e+01, val=1.073e+01]
GNN flow training:  48%|████▊     | 48/100 [04:46<05:06,  5.90s/epoch, best=1.069e+01, sign=0.174, train=1.072e+01, val=1.073e+01]
GNN flow training:  48%|████▊     | 48/100 [04:52<05:06,  5.90s/epoch, best=1.069e+01, sign=0.172, train=1.074e+01, val=1.067e+01]
GNN flow training:  49%|████▉     | 49/100 [04:52<05:00,  5.89s/epoch, best=1.069e+01, sign=0.172, train=1.074e+01, val=1.067e+01]
GNN flow training:  49%|████▉     | 49/100 [04:57<05:00,  5.89s/epoch, best=1.067e+01, sign=0.172, train=1.068e+01, val=1.051e+01]
GNN flow training:  50%|█████     | 50/100 [04:57<04:54,  5.90s/epoch, best=1.067e+01, sign=0.172, train=1.068e+01, val=1.051e+01]
GNN flow training:  50%|█████     | 50/100 [05:03<04:54,  5.90s/epoch, best=1.051e+01, sign=0.170, train=1.051e+01, val=1.044e+01]
GNN flow training:  51%|█████     | 51/100 [05:03<04:49,  5.90s/epoch, best=1.051e+01, sign=0.170, train=1.051e+01, val=1.044e+01]
GNN flow training:  51%|█████     | 51/100 [05:09<04:49,  5.90s/epoch, best=1.044e+01, sign=0.169, train=1.045e+01, val=1.034e+01]
GNN flow training:  52%|█████▏    | 52/100 [05:09<04:43,  5.91s/epoch, best=1.044e+01, sign=0.169, train=1.045e+01, val=1.034e+01]
GNN flow training:  52%|█████▏    | 52/100 [05:15<04:43,  5.91s/epoch, best=1.034e+01, sign=0.171, train=1.035e+01, val=1.037e+01]
GNN flow training:  53%|█████▎    | 53/100 [05:15<04:37,  5.91s/epoch, best=1.034e+01, sign=0.171, train=1.035e+01, val=1.037e+01]
GNN flow training:  53%|█████▎    | 53/100 [05:21<04:37,  5.91s/epoch, best=1.034e+01, sign=0.169, train=1.038e+01, val=1.036e+01]
GNN flow training:  54%|█████▍    | 54/100 [05:21<04:31,  5.90s/epoch, best=1.034e+01, sign=0.169, train=1.038e+01, val=1.036e+01]
GNN flow training:  54%|█████▍    | 54/100 [05:27<04:31,  5.90s/epoch, best=1.034e+01, sign=0.166, train=1.037e+01, val=1.028e+01]
GNN flow training:  55%|█████▌    | 55/100 [05:27<04:25,  5.89s/epoch, best=1.034e+01, sign=0.166, train=1.037e+01, val=1.028e+01]
GNN flow training:  55%|█████▌    | 55/100 [05:33<04:25,  5.89s/epoch, best=1.028e+01, sign=0.165, train=1.028e+01, val=1.023e+01]
GNN flow training:  56%|█████▌    | 56/100 [05:33<04:19,  5.90s/epoch, best=1.028e+01, sign=0.165, train=1.028e+01, val=1.023e+01]
GNN flow training:  56%|█████▌    | 56/100 [05:39<04:19,  5.90s/epoch, best=1.023e+01, sign=0.167, train=1.023e+01, val=1.021e+01]
GNN flow training:  57%|█████▋    | 57/100 [05:39<04:14,  5.91s/epoch, best=1.023e+01, sign=0.167, train=1.023e+01, val=1.021e+01]
GNN flow training:  57%|█████▋    | 57/100 [05:45<04:14,  5.91s/epoch, best=1.021e+01, sign=0.166, train=1.022e+01, val=1.032e+01]
GNN flow training:  58%|█████▊    | 58/100 [05:45<04:08,  5.91s/epoch, best=1.021e+01, sign=0.166, train=1.022e+01, val=1.032e+01]
GNN flow training:  58%|█████▊    | 58/100 [05:51<04:08,  5.91s/epoch, best=1.021e+01, sign=0.164, train=1.033e+01, val=1.033e+01]
GNN flow training:  59%|█████▉    | 59/100 [05:51<04:03,  5.94s/epoch, best=1.021e+01, sign=0.164, train=1.033e+01, val=1.033e+01]
GNN flow training:  59%|█████▉    | 59/100 [05:57<04:03,  5.94s/epoch, best=1.021e+01, sign=0.163, train=1.033e+01, val=1.033e+01]
GNN flow training:  60%|██████    | 60/100 [05:57<03:57,  5.93s/epoch, best=1.021e+01, sign=0.163, train=1.033e+01, val=1.033e+01]
GNN flow training:  60%|██████    | 60/100 [06:02<03:57,  5.93s/epoch, best=1.021e+01, sign=0.163, train=1.033e+01, val=1.026e+01]
GNN flow training:  61%|██████    | 61/100 [06:02<03:50,  5.92s/epoch, best=1.021e+01, sign=0.163, train=1.033e+01, val=1.026e+01]
GNN flow training:  61%|██████    | 61/100 [06:08<03:50,  5.92s/epoch, best=1.021e+01, sign=0.160, train=1.026e+01, val=1.013e+01]
GNN flow training:  62%|██████▏   | 62/100 [06:08<03:44,  5.92s/epoch, best=1.021e+01, sign=0.160, train=1.026e+01, val=1.013e+01]
GNN flow training:  62%|██████▏   | 62/100 [06:14<03:44,  5.92s/epoch, best=1.013e+01, sign=0.159, train=1.014e+01, val=9.994e+00]
GNN flow training:  63%|██████▎   | 63/100 [06:14<03:38,  5.91s/epoch, best=1.013e+01, sign=0.159, train=1.014e+01, val=9.994e+00]
GNN flow training:  63%|██████▎   | 63/100 [06:20<03:38,  5.91s/epoch, best=9.994e+00, sign=0.160, train=1.000e+01, val=9.911e+00]
GNN flow training:  64%|██████▍   | 64/100 [06:20<03:32,  5.91s/epoch, best=9.994e+00, sign=0.160, train=1.000e+01, val=9.911e+00]
GNN flow training:  64%|██████▍   | 64/100 [06:26<03:32,  5.91s/epoch, best=9.911e+00, sign=0.164, train=9.917e+00, val=9.851e+00]
GNN flow training:  65%|██████▌   | 65/100 [06:26<03:26,  5.90s/epoch, best=9.911e+00, sign=0.164, train=9.917e+00, val=9.851e+00]
GNN flow training:  65%|██████▌   | 65/100 [06:32<03:26,  5.90s/epoch, best=9.851e+00, sign=0.169, train=9.858e+00, val=9.770e+00]
GNN flow training:  66%|██████▌   | 66/100 [06:32<03:21,  5.92s/epoch, best=9.851e+00, sign=0.169, train=9.858e+00, val=9.770e+00]
GNN flow training:  66%|██████▌   | 66/100 [06:38<03:21,  5.92s/epoch, best=9.770e+00, sign=0.173, train=9.777e+00, val=9.747e+00]
GNN flow training:  67%|██████▋   | 67/100 [06:38<03:14,  5.90s/epoch, best=9.770e+00, sign=0.173, train=9.777e+00, val=9.747e+00]
GNN flow training:  67%|██████▋   | 67/100 [06:44<03:14,  5.90s/epoch, best=9.747e+00, sign=0.175, train=9.754e+00, val=9.787e+00]
GNN flow training:  68%|██████▊   | 68/100 [06:44<03:09,  5.93s/epoch, best=9.747e+00, sign=0.175, train=9.754e+00, val=9.787e+00]
GNN flow training:  68%|██████▊   | 68/100 [06:50<03:09,  5.93s/epoch, best=9.747e+00, sign=0.175, train=9.794e+00, val=9.769e+00]
GNN flow training:  69%|██████▉   | 69/100 [06:50<03:03,  5.92s/epoch, best=9.747e+00, sign=0.175, train=9.794e+00, val=9.769e+00]
GNN flow training:  69%|██████▉   | 69/100 [06:56<03:03,  5.92s/epoch, best=9.747e+00, sign=0.176, train=9.776e+00, val=9.742e+00]
GNN flow training:  70%|███████   | 70/100 [06:56<02:57,  5.92s/epoch, best=9.747e+00, sign=0.176, train=9.776e+00, val=9.742e+00]
GNN flow training:  70%|███████   | 70/100 [07:02<02:57,  5.92s/epoch, best=9.742e+00, sign=0.175, train=9.749e+00, val=9.739e+00]
GNN flow training:  71%|███████   | 71/100 [07:02<02:50,  5.89s/epoch, best=9.742e+00, sign=0.175, train=9.749e+00, val=9.739e+00]
GNN flow training:  71%|███████   | 71/100 [07:07<02:50,  5.89s/epoch, best=9.739e+00, sign=0.174, train=9.746e+00, val=9.719e+00]
GNN flow training:  72%|███████▏  | 72/100 [07:07<02:45,  5.89s/epoch, best=9.739e+00, sign=0.174, train=9.746e+00, val=9.719e+00]
GNN flow training:  72%|███████▏  | 72/100 [07:13<02:45,  5.89s/epoch, best=9.719e+00, sign=0.173, train=9.725e+00, val=9.718e+00]
GNN flow training:  73%|███████▎  | 73/100 [07:13<02:39,  5.90s/epoch, best=9.719e+00, sign=0.173, train=9.725e+00, val=9.718e+00]
GNN flow training:  73%|███████▎  | 73/100 [07:19<02:39,  5.90s/epoch, best=9.718e+00, sign=0.172, train=9.724e+00, val=9.671e+00]
GNN flow training:  74%|███████▍  | 74/100 [07:19<02:33,  5.89s/epoch, best=9.718e+00, sign=0.172, train=9.724e+00, val=9.671e+00]
GNN flow training:  74%|███████▍  | 74/100 [07:25<02:33,  5.89s/epoch, best=9.671e+00, sign=0.170, train=9.677e+00, val=9.728e+00]
GNN flow training:  75%|███████▌  | 75/100 [07:25<02:27,  5.90s/epoch, best=9.671e+00, sign=0.170, train=9.677e+00, val=9.728e+00]
GNN flow training:  75%|███████▌  | 75/100 [07:31<02:27,  5.90s/epoch, best=9.671e+00, sign=0.169, train=9.735e+00, val=9.687e+00]
GNN flow training:  76%|███████▌  | 76/100 [07:31<02:21,  5.90s/epoch, best=9.671e+00, sign=0.169, train=9.735e+00, val=9.687e+00]
GNN flow training:  76%|███████▌  | 76/100 [07:37<02:21,  5.90s/epoch, best=9.671e+00, sign=0.166, train=9.694e+00, val=9.719e+00]
GNN flow training:  77%|███████▋  | 77/100 [07:37<02:15,  5.91s/epoch, best=9.671e+00, sign=0.166, train=9.694e+00, val=9.719e+00]
GNN flow training:  77%|███████▋  | 77/100 [07:43<02:15,  5.91s/epoch, best=9.671e+00, sign=0.166, train=9.727e+00, val=9.757e+00]
GNN flow training:  78%|███████▊  | 78/100 [07:43<02:10,  5.93s/epoch, best=9.671e+00, sign=0.166, train=9.727e+00, val=9.757e+00]
GNN flow training:  78%|███████▊  | 78/100 [07:49<02:10,  5.93s/epoch, best=9.671e+00, sign=0.164, train=9.766e+00, val=9.680e+00]
GNN flow training:  79%|███████▉  | 79/100 [07:49<02:04,  5.92s/epoch, best=9.671e+00, sign=0.164, train=9.766e+00, val=9.680e+00]
GNN flow training:  79%|███████▉  | 79/100 [07:55<02:04,  5.92s/epoch, best=9.671e+00, sign=0.165, train=9.689e+00, val=9.698e+00]
GNN flow training:  80%|████████  | 80/100 [07:55<01:58,  5.91s/epoch, best=9.671e+00, sign=0.165, train=9.689e+00, val=9.698e+00]
GNN flow training:  80%|████████  | 80/100 [08:01<01:58,  5.91s/epoch, best=9.671e+00, sign=0.167, train=9.706e+00, val=9.846e+00]
GNN flow training:  81%|████████  | 81/100 [08:01<01:52,  5.91s/epoch, best=9.671e+00, sign=0.167, train=9.706e+00, val=9.846e+00]
GNN flow training:  81%|████████  | 81/100 [08:07<01:52,  5.91s/epoch, best=9.671e+00, sign=0.171, train=9.853e+00, val=9.811e+00]
GNN flow training:  82%|████████▏ | 82/100 [08:07<01:46,  5.94s/epoch, best=9.671e+00, sign=0.171, train=9.853e+00, val=9.811e+00]
GNN flow training:  82%|████████▏ | 82/100 [08:13<01:46,  5.94s/epoch, best=9.671e+00, sign=0.169, train=9.818e+00, val=9.664e+00]
GNN flow training:  83%|████████▎ | 83/100 [08:13<01:40,  5.93s/epoch, best=9.671e+00, sign=0.169, train=9.818e+00, val=9.664e+00]
GNN flow training:  83%|████████▎ | 83/100 [08:19<01:40,  5.93s/epoch, best=9.664e+00, sign=0.169, train=9.671e+00, val=9.629e+00]
GNN flow training:  84%|████████▍ | 84/100 [08:19<01:34,  5.93s/epoch, best=9.664e+00, sign=0.169, train=9.671e+00, val=9.629e+00]
GNN flow training:  84%|████████▍ | 84/100 [08:24<01:34,  5.93s/epoch, best=9.629e+00, sign=0.169, train=9.635e+00, val=9.599e+00]
GNN flow training:  85%|████████▌ | 85/100 [08:24<01:28,  5.93s/epoch, best=9.629e+00, sign=0.169, train=9.635e+00, val=9.599e+00]
GNN flow training:  85%|████████▌ | 85/100 [08:30<01:28,  5.93s/epoch, best=9.599e+00, sign=0.171, train=9.606e+00, val=9.628e+00]
GNN flow training:  86%|████████▌ | 86/100 [08:30<01:22,  5.92s/epoch, best=9.599e+00, sign=0.171, train=9.606e+00, val=9.628e+00]
GNN flow training:  86%|████████▌ | 86/100 [08:36<01:22,  5.92s/epoch, best=9.599e+00, sign=0.174, train=9.634e+00, val=9.714e+00]
GNN flow training:  87%|████████▋ | 87/100 [08:36<01:16,  5.92s/epoch, best=9.599e+00, sign=0.174, train=9.634e+00, val=9.714e+00]
GNN flow training:  87%|████████▋ | 87/100 [08:42<01:16,  5.92s/epoch, best=9.599e+00, sign=0.178, train=9.720e+00, val=9.750e+00]
GNN flow training:  88%|████████▊ | 88/100 [08:42<01:10,  5.91s/epoch, best=9.599e+00, sign=0.178, train=9.720e+00, val=9.750e+00]
GNN flow training:  88%|████████▊ | 88/100 [08:48<01:10,  5.91s/epoch, best=9.599e+00, sign=0.177, train=9.756e+00, val=9.752e+00]
GNN flow training:  89%|████████▉ | 89/100 [08:48<01:05,  5.91s/epoch, best=9.599e+00, sign=0.177, train=9.756e+00, val=9.752e+00]
GNN flow training:  89%|████████▉ | 89/100 [08:54<01:05,  5.91s/epoch, best=9.599e+00, sign=0.178, train=9.759e+00, val=9.715e+00]
GNN flow training:  90%|█████████ | 90/100 [08:54<00:59,  5.90s/epoch, best=9.599e+00, sign=0.178, train=9.759e+00, val=9.715e+00]
GNN flow training:  90%|█████████ | 90/100 [09:00<00:59,  5.90s/epoch, best=9.599e+00, sign=0.177, train=9.721e+00, val=9.724e+00]
GNN flow training:  91%|█████████ | 91/100 [09:00<00:53,  5.90s/epoch, best=9.599e+00, sign=0.177, train=9.721e+00, val=9.724e+00]
GNN flow training:  91%|█████████ | 91/100 [09:06<00:53,  5.90s/epoch, best=9.599e+00, sign=0.175, train=9.730e+00, val=9.638e+00]
GNN flow training:  92%|█████████▏| 92/100 [09:06<00:47,  5.90s/epoch, best=9.599e+00, sign=0.175, train=9.730e+00, val=9.638e+00]
GNN flow training:  92%|█████████▏| 92/100 [09:12<00:47,  5.90s/epoch, best=9.599e+00, sign=0.172, train=9.645e+00, val=9.652e+00]
GNN flow training:  93%|█████████▎| 93/100 [09:12<00:41,  5.91s/epoch, best=9.599e+00, sign=0.172, train=9.645e+00, val=9.652e+00]
GNN flow training:  93%|█████████▎| 93/100 [09:18<00:41,  5.91s/epoch, best=9.599e+00, sign=0.173, train=9.660e+00, val=9.657e+00]
GNN flow training:  94%|█████████▍| 94/100 [09:18<00:35,  5.92s/epoch, best=9.599e+00, sign=0.173, train=9.660e+00, val=9.657e+00]
GNN flow training:  94%|█████████▍| 94/100 [09:23<00:35,  5.92s/epoch, best=9.599e+00, sign=0.172, train=9.665e+00, val=9.620e+00]
GNN flow training:  95%|█████████▌| 95/100 [09:23<00:29,  5.91s/epoch, best=9.599e+00, sign=0.172, train=9.665e+00, val=9.620e+00]
GNN flow training:  95%|█████████▌| 95/100 [09:29<00:29,  5.91s/epoch, best=9.599e+00, sign=0.172, train=9.626e+00, val=9.694e+00]
GNN flow training:  96%|█████████▌| 96/100 [09:29<00:23,  5.91s/epoch, best=9.599e+00, sign=0.172, train=9.626e+00, val=9.694e+00]
GNN flow training:  96%|█████████▌| 96/100 [09:35<00:23,  5.91s/epoch, best=9.599e+00, sign=0.172, train=9.700e+00, val=9.667e+00]
GNN flow training:  97%|█████████▋| 97/100 [09:35<00:17,  5.89s/epoch, best=9.599e+00, sign=0.172, train=9.700e+00, val=9.667e+00]
GNN flow training:  97%|█████████▋| 97/100 [09:41<00:17,  5.89s/epoch, best=9.599e+00, sign=0.172, train=9.673e+00, val=9.623e+00]
GNN flow training:  98%|█████████▊| 98/100 [09:41<00:11,  5.89s/epoch, best=9.599e+00, sign=0.172, train=9.673e+00, val=9.623e+00]
GNN flow training:  98%|█████████▊| 98/100 [09:47<00:11,  5.89s/epoch, best=9.599e+00, sign=0.169, train=9.630e+00, val=9.752e+00]
GNN flow training:  99%|█████████▉| 99/100 [09:47<00:05,  5.89s/epoch, best=9.599e+00, sign=0.169, train=9.630e+00, val=9.752e+00]
GNN flow training:  99%|█████████▉| 99/100 [09:53<00:05,  5.89s/epoch, best=9.599e+00, sign=0.167, train=9.760e+00, val=9.755e+00]
GNN flow training: 100%|██████████| 100/100 [09:53<00:00,  5.93s/epoch, best=9.599e+00, sign=0.167, train=9.760e+00, val=9.755e+00]
GNN flow training: 100%|██████████| 100/100 [09:53<00:00,  5.94s/epoch, best=9.599e+00, sign=0.167, train=9.760e+00, val=9.755e+00]
Resolved config snapshot:
{'preset': 'solver_QKB_outer_QKBdelta', 'gnn_outer_losses': {'flow': 1.0, 'kirchhoff': 1.0, 'boundary': 100.0, 'delta_l2': 0.1, 'delta_smooth': 0.0, 'pressure_shape': 0.0}, 'physics': {'arterial_flow_mode': 'dataset', 'pressure_constraints': ['equal-a-equal-v'], 'alpha_pa': None, 'use_snr_weights': True, 'use_observed_flow_snr_weighting': True, 'flow_scale_mode': 'median_abs', 'solver_device': 'same', 'pressure_solver_mode': 'reduced-soft-constrained-lstsq', 'pressure_solver_lambda_kirchhoff': 1.0, 'pressure_solver_lambda_pressure_constraints': 100.0, 'pressure_solver_lambda_flow_residual': 1.0, 'pressure_shape_reference': 'delta_zero_reference', 'pressure_detach': False}, 'correction_bounds': {'correction_min': -0.5, 'correction_max': 0.5, 'correction_bound': 0.5, 'correction_parameterization': 'tanh'}, 'optimization': {'learning_rate': 0.001, 'weight_decay': 0.0001, 'gradient_clip_norm': 5.0, 'optimizer': 'adamw', 'epochs': 100, 'patience': 40}}
Shard 21/80: 1 of 80 runs
Command: /mnt/home/sswee/miniforge3/envs/yolk-sac/bin/python /mnt/home/sswee/yolk/Yolk-Sac-Flow-Data-and-Sim/gnn_clean/scripts/python/gnn_flow.py /mnt/home/sswee/yolk/Yolk-Sac-Flow-Data-and-Sim/gnn_clean/datasets/mosaic_graph_canonical_harmonized/mosaic_graph_canonical_harmonized.gpickle --output-dir /mnt/home/sswee/yolk/Yolk-Sac-Flow-Data-and-Sim/gnn_clean/outputs_canonical/dc/02_physics_weight_sweep/gnn --run-name q_1__k_1__delta_0p1 --preset solver_QKB_outer_QKBdelta --device cuda --epochs 100 --seed 0 --viscosity-pa-s 0.0035 --config /mnt/home/sswee/yolk/Yolk-Sac-Flow-Data-and-Sim/gnn_clean/outputs_canonical/dc/02_physics_weight_sweep/_generated_configs/q_1__k_1__delta_0p1.yaml --no-pressure-detach
