[info] DC Step 2 canonical sweep uses fixed lambda_B=100.0 for both the outer boundary loss and the reduced pressure-solver boundary constraint.

GNN flow training:   0%|          | 0/100 [00:00<?, ?epoch/s]
GNN flow training:   0%|          | 0/100 [00:06<?, ?epoch/s, best=1.306e+00, sign=0.194, train=1.307e+00, val=1.306e+00]
GNN flow training:   1%|          | 1/100 [00:06<10:19,  6.26s/epoch, best=1.306e+00, sign=0.194, train=1.307e+00, val=1.306e+00]
GNN flow training:   1%|          | 1/100 [00:12<10:19,  6.26s/epoch, best=1.306e+00, sign=0.194, train=1.307e+00, val=1.306e+00]
GNN flow training:   2%|▏         | 2/100 [00:12<09:57,  6.09s/epoch, best=1.306e+00, sign=0.194, train=1.307e+00, val=1.306e+00]
GNN flow training:   2%|▏         | 2/100 [00:18<09:57,  6.09s/epoch, best=1.306e+00, sign=0.194, train=1.308e+00, val=1.304e+00]
GNN flow training:   3%|▎         | 3/100 [00:18<09:45,  6.04s/epoch, best=1.306e+00, sign=0.194, train=1.308e+00, val=1.304e+00]
GNN flow training:   3%|▎         | 3/100 [00:24<09:45,  6.04s/epoch, best=1.304e+00, sign=0.194, train=1.306e+00, val=1.306e+00]
GNN flow training:   4%|▍         | 4/100 [00:24<09:37,  6.02s/epoch, best=1.304e+00, sign=0.194, train=1.306e+00, val=1.306e+00]
GNN flow training:   4%|▍         | 4/100 [00:30<09:37,  6.02s/epoch, best=1.304e+00, sign=0.195, train=1.308e+00, val=1.305e+00]
GNN flow training:   5%|▌         | 5/100 [00:30<09:31,  6.02s/epoch, best=1.304e+00, sign=0.195, train=1.308e+00, val=1.305e+00]
GNN flow training:   5%|▌         | 5/100 [00:36<09:31,  6.02s/epoch, best=1.304e+00, sign=0.195, train=1.307e+00, val=1.304e+00]
GNN flow training:   6%|▌         | 6/100 [00:36<09:25,  6.01s/epoch, best=1.304e+00, sign=0.195, train=1.307e+00, val=1.304e+00]
GNN flow training:   6%|▌         | 6/100 [00:42<09:25,  6.01s/epoch, best=1.304e+00, sign=0.195, train=1.305e+00, val=1.304e+00]
GNN flow training:   7%|▋         | 7/100 [00:42<09:16,  5.98s/epoch, best=1.304e+00, sign=0.195, train=1.305e+00, val=1.304e+00]
GNN flow training:   7%|▋         | 7/100 [00:48<09:16,  5.98s/epoch, best=1.304e+00, sign=0.195, train=1.305e+00, val=1.302e+00]
GNN flow training:   8%|▊         | 8/100 [00:48<09:09,  5.97s/epoch, best=1.304e+00, sign=0.195, train=1.305e+00, val=1.302e+00]
GNN flow training:   8%|▊         | 8/100 [00:54<09:09,  5.97s/epoch, best=1.302e+00, sign=0.195, train=1.304e+00, val=1.303e+00]
GNN flow training:   9%|▉         | 9/100 [00:54<09:04,  5.98s/epoch, best=1.302e+00, sign=0.195, train=1.304e+00, val=1.303e+00]
GNN flow training:   9%|▉         | 9/100 [01:00<09:04,  5.98s/epoch, best=1.302e+00, sign=0.195, train=1.304e+00, val=1.303e+00]
GNN flow training:  10%|█         | 10/100 [01:00<08:57,  5.97s/epoch, best=1.302e+00, sign=0.195, train=1.304e+00, val=1.303e+00]
GNN flow training:  10%|█         | 10/100 [01:06<08:57,  5.97s/epoch, best=1.302e+00, sign=0.195, train=1.304e+00, val=1.302e+00]
GNN flow training:  11%|█         | 11/100 [01:06<08:51,  5.98s/epoch, best=1.302e+00, sign=0.195, train=1.304e+00, val=1.302e+00]
GNN flow training:  11%|█         | 11/100 [01:11<08:51,  5.98s/epoch, best=1.302e+00, sign=0.195, train=1.303e+00, val=1.301e+00]
GNN flow training:  12%|█▏        | 12/100 [01:11<08:44,  5.96s/epoch, best=1.302e+00, sign=0.195, train=1.303e+00, val=1.301e+00]
GNN flow training:  12%|█▏        | 12/100 [01:17<08:44,  5.96s/epoch, best=1.301e+00, sign=0.195, train=1.303e+00, val=1.302e+00]
GNN flow training:  13%|█▎        | 13/100 [01:17<08:40,  5.98s/epoch, best=1.301e+00, sign=0.195, train=1.303e+00, val=1.302e+00]
GNN flow training:  13%|█▎        | 13/100 [01:23<08:40,  5.98s/epoch, best=1.301e+00, sign=0.194, train=1.303e+00, val=1.301e+00]
GNN flow training:  14%|█▍        | 14/100 [01:23<08:34,  5.98s/epoch, best=1.301e+00, sign=0.194, train=1.303e+00, val=1.301e+00]
GNN flow training:  14%|█▍        | 14/100 [01:29<08:34,  5.98s/epoch, best=1.301e+00, sign=0.194, train=1.302e+00, val=1.301e+00]
GNN flow training:  15%|█▌        | 15/100 [01:29<08:29,  5.99s/epoch, best=1.301e+00, sign=0.194, train=1.302e+00, val=1.301e+00]
GNN flow training:  15%|█▌        | 15/100 [01:35<08:29,  5.99s/epoch, best=1.301e+00, sign=0.194, train=1.303e+00, val=1.300e+00]
GNN flow training:  16%|█▌        | 16/100 [01:35<08:22,  5.99s/epoch, best=1.301e+00, sign=0.194, train=1.303e+00, val=1.300e+00]
GNN flow training:  16%|█▌        | 16/100 [01:41<08:22,  5.99s/epoch, best=1.300e+00, sign=0.194, train=1.302e+00, val=1.298e+00]
GNN flow training:  17%|█▋        | 17/100 [01:41<08:16,  5.98s/epoch, best=1.300e+00, sign=0.194, train=1.302e+00, val=1.298e+00]
GNN flow training:  17%|█▋        | 17/100 [01:47<08:16,  5.98s/epoch, best=1.298e+00, sign=0.194, train=1.299e+00, val=1.297e+00]
GNN flow training:  18%|█▊        | 18/100 [01:47<08:11,  5.99s/epoch, best=1.298e+00, sign=0.194, train=1.299e+00, val=1.297e+00]
GNN flow training:  18%|█▊        | 18/100 [01:53<08:11,  5.99s/epoch, best=1.297e+00, sign=0.194, train=1.299e+00, val=1.297e+00]
GNN flow training:  19%|█▉        | 19/100 [01:53<08:04,  5.98s/epoch, best=1.297e+00, sign=0.194, train=1.299e+00, val=1.297e+00]
GNN flow training:  19%|█▉        | 19/100 [01:59<08:04,  5.98s/epoch, best=1.297e+00, sign=0.194, train=1.299e+00, val=1.297e+00]
GNN flow training:  20%|██        | 20/100 [01:59<07:58,  5.98s/epoch, best=1.297e+00, sign=0.194, train=1.299e+00, val=1.297e+00]
GNN flow training:  20%|██        | 20/100 [02:05<07:58,  5.98s/epoch, best=1.297e+00, sign=0.194, train=1.299e+00, val=1.296e+00]
GNN flow training:  21%|██        | 21/100 [02:05<07:52,  5.99s/epoch, best=1.297e+00, sign=0.194, train=1.299e+00, val=1.296e+00]
GNN flow training:  21%|██        | 21/100 [02:11<07:52,  5.99s/epoch, best=1.296e+00, sign=0.193, train=1.298e+00, val=1.295e+00]
GNN flow training:  22%|██▏       | 22/100 [02:11<07:46,  5.98s/epoch, best=1.296e+00, sign=0.193, train=1.298e+00, val=1.295e+00]
GNN flow training:  22%|██▏       | 22/100 [02:17<07:46,  5.98s/epoch, best=1.295e+00, sign=0.193, train=1.297e+00, val=1.293e+00]
GNN flow training:  23%|██▎       | 23/100 [02:17<07:39,  5.96s/epoch, best=1.295e+00, sign=0.193, train=1.297e+00, val=1.293e+00]
GNN flow training:  23%|██▎       | 23/100 [02:23<07:39,  5.96s/epoch, best=1.293e+00, sign=0.193, train=1.295e+00, val=1.292e+00]
GNN flow training:  24%|██▍       | 24/100 [02:23<07:33,  5.97s/epoch, best=1.293e+00, sign=0.193, train=1.295e+00, val=1.292e+00]
GNN flow training:  24%|██▍       | 24/100 [02:29<07:33,  5.97s/epoch, best=1.292e+00, sign=0.193, train=1.294e+00, val=1.290e+00]
GNN flow training:  25%|██▌       | 25/100 [02:29<07:27,  5.97s/epoch, best=1.292e+00, sign=0.193, train=1.294e+00, val=1.290e+00]
GNN flow training:  25%|██▌       | 25/100 [02:35<07:27,  5.97s/epoch, best=1.290e+00, sign=0.193, train=1.292e+00, val=1.291e+00]
GNN flow training:  26%|██▌       | 26/100 [02:35<07:21,  5.97s/epoch, best=1.290e+00, sign=0.193, train=1.292e+00, val=1.291e+00]
GNN flow training:  26%|██▌       | 26/100 [02:41<07:21,  5.97s/epoch, best=1.290e+00, sign=0.193, train=1.292e+00, val=1.289e+00]
GNN flow training:  27%|██▋       | 27/100 [02:41<07:15,  5.96s/epoch, best=1.290e+00, sign=0.193, train=1.292e+00, val=1.289e+00]
GNN flow training:  27%|██▋       | 27/100 [02:47<07:15,  5.96s/epoch, best=1.289e+00, sign=0.193, train=1.290e+00, val=1.287e+00]
GNN flow training:  28%|██▊       | 28/100 [02:47<07:10,  5.98s/epoch, best=1.289e+00, sign=0.193, train=1.290e+00, val=1.287e+00]
GNN flow training:  28%|██▊       | 28/100 [02:53<07:10,  5.98s/epoch, best=1.287e+00, sign=0.193, train=1.288e+00, val=1.285e+00]
GNN flow training:  29%|██▉       | 29/100 [02:53<07:04,  5.98s/epoch, best=1.287e+00, sign=0.193, train=1.288e+00, val=1.285e+00]
GNN flow training:  29%|██▉       | 29/100 [02:59<07:04,  5.98s/epoch, best=1.285e+00, sign=0.192, train=1.287e+00, val=1.282e+00]
GNN flow training:  30%|███       | 30/100 [02:59<06:57,  5.97s/epoch, best=1.285e+00, sign=0.192, train=1.287e+00, val=1.282e+00]
GNN flow training:  30%|███       | 30/100 [03:05<06:57,  5.97s/epoch, best=1.282e+00, sign=0.192, train=1.284e+00, val=1.279e+00]
GNN flow training:  31%|███       | 31/100 [03:05<06:50,  5.94s/epoch, best=1.282e+00, sign=0.192, train=1.284e+00, val=1.279e+00]
GNN flow training:  31%|███       | 31/100 [03:11<06:50,  5.94s/epoch, best=1.279e+00, sign=0.192, train=1.280e+00, val=1.275e+00]
GNN flow training:  32%|███▏      | 32/100 [03:11<06:44,  5.96s/epoch, best=1.279e+00, sign=0.192, train=1.280e+00, val=1.275e+00]
GNN flow training:  32%|███▏      | 32/100 [03:17<06:44,  5.96s/epoch, best=1.275e+00, sign=0.191, train=1.277e+00, val=1.272e+00]
GNN flow training:  33%|███▎      | 33/100 [03:17<06:38,  5.95s/epoch, best=1.275e+00, sign=0.191, train=1.277e+00, val=1.272e+00]
GNN flow training:  33%|███▎      | 33/100 [03:23<06:38,  5.95s/epoch, best=1.272e+00, sign=0.190, train=1.273e+00, val=1.267e+00]
GNN flow training:  34%|███▍      | 34/100 [03:23<06:32,  5.95s/epoch, best=1.272e+00, sign=0.190, train=1.273e+00, val=1.267e+00]
GNN flow training:  34%|███▍      | 34/100 [03:29<06:32,  5.95s/epoch, best=1.267e+00, sign=0.190, train=1.269e+00, val=1.268e+00]
GNN flow training:  35%|███▌      | 35/100 [03:29<06:26,  5.95s/epoch, best=1.267e+00, sign=0.190, train=1.269e+00, val=1.268e+00]
GNN flow training:  35%|███▌      | 35/100 [03:35<06:26,  5.95s/epoch, best=1.267e+00, sign=0.189, train=1.269e+00, val=1.266e+00]
GNN flow training:  36%|███▌      | 36/100 [03:35<06:19,  5.93s/epoch, best=1.267e+00, sign=0.189, train=1.269e+00, val=1.266e+00]
GNN flow training:  36%|███▌      | 36/100 [03:41<06:19,  5.93s/epoch, best=1.266e+00, sign=0.189, train=1.267e+00, val=1.263e+00]
GNN flow training:  37%|███▋      | 37/100 [03:41<06:13,  5.93s/epoch, best=1.266e+00, sign=0.189, train=1.267e+00, val=1.263e+00]
GNN flow training:  37%|███▋      | 37/100 [03:47<06:13,  5.93s/epoch, best=1.263e+00, sign=0.189, train=1.264e+00, val=1.258e+00]
GNN flow training:  38%|███▊      | 38/100 [03:47<06:08,  5.95s/epoch, best=1.263e+00, sign=0.189, train=1.264e+00, val=1.258e+00]
GNN flow training:  38%|███▊      | 38/100 [03:53<06:08,  5.95s/epoch, best=1.258e+00, sign=0.189, train=1.260e+00, val=1.255e+00]
GNN flow training:  39%|███▉      | 39/100 [03:53<06:02,  5.95s/epoch, best=1.258e+00, sign=0.189, train=1.260e+00, val=1.255e+00]
GNN flow training:  39%|███▉      | 39/100 [03:59<06:02,  5.95s/epoch, best=1.255e+00, sign=0.188, train=1.257e+00, val=1.250e+00]
GNN flow training:  40%|████      | 40/100 [03:59<05:58,  5.97s/epoch, best=1.255e+00, sign=0.188, train=1.257e+00, val=1.250e+00]
GNN flow training:  40%|████      | 40/100 [04:05<05:58,  5.97s/epoch, best=1.250e+00, sign=0.187, train=1.251e+00, val=1.248e+00]
GNN flow training:  41%|████      | 41/100 [04:05<05:52,  5.98s/epoch, best=1.250e+00, sign=0.187, train=1.251e+00, val=1.248e+00]
GNN flow training:  41%|████      | 41/100 [04:11<05:52,  5.98s/epoch, best=1.248e+00, sign=0.187, train=1.249e+00, val=1.240e+00]
GNN flow training:  42%|████▏     | 42/100 [04:11<05:47,  5.98s/epoch, best=1.248e+00, sign=0.187, train=1.249e+00, val=1.240e+00]
GNN flow training:  42%|████▏     | 42/100 [04:16<05:47,  5.98s/epoch, best=1.240e+00, sign=0.186, train=1.242e+00, val=1.236e+00]
GNN flow training:  43%|████▎     | 43/100 [04:16<05:40,  5.97s/epoch, best=1.240e+00, sign=0.186, train=1.242e+00, val=1.236e+00]
GNN flow training:  43%|████▎     | 43/100 [04:22<05:40,  5.97s/epoch, best=1.236e+00, sign=0.186, train=1.237e+00, val=1.231e+00]
GNN flow training:  44%|████▍     | 44/100 [04:22<05:33,  5.96s/epoch, best=1.236e+00, sign=0.186, train=1.237e+00, val=1.231e+00]
GNN flow training:  44%|████▍     | 44/100 [04:28<05:33,  5.96s/epoch, best=1.231e+00, sign=0.185, train=1.233e+00, val=1.229e+00]
GNN flow training:  45%|████▌     | 45/100 [04:28<05:27,  5.96s/epoch, best=1.231e+00, sign=0.185, train=1.233e+00, val=1.229e+00]
GNN flow training:  45%|████▌     | 45/100 [04:34<05:27,  5.96s/epoch, best=1.229e+00, sign=0.185, train=1.231e+00, val=1.226e+00]
GNN flow training:  46%|████▌     | 46/100 [04:34<05:21,  5.95s/epoch, best=1.229e+00, sign=0.185, train=1.231e+00, val=1.226e+00]
GNN flow training:  46%|████▌     | 46/100 [04:40<05:21,  5.95s/epoch, best=1.226e+00, sign=0.184, train=1.227e+00, val=1.221e+00]
GNN flow training:  47%|████▋     | 47/100 [04:40<05:14,  5.93s/epoch, best=1.226e+00, sign=0.184, train=1.227e+00, val=1.221e+00]
GNN flow training:  47%|████▋     | 47/100 [04:46<05:14,  5.93s/epoch, best=1.221e+00, sign=0.184, train=1.222e+00, val=1.210e+00]
GNN flow training:  48%|████▊     | 48/100 [04:46<05:09,  5.95s/epoch, best=1.221e+00, sign=0.184, train=1.222e+00, val=1.210e+00]
GNN flow training:  48%|████▊     | 48/100 [04:52<05:09,  5.95s/epoch, best=1.210e+00, sign=0.185, train=1.211e+00, val=1.198e+00]
GNN flow training:  49%|████▉     | 49/100 [04:52<05:02,  5.94s/epoch, best=1.210e+00, sign=0.185, train=1.211e+00, val=1.198e+00]
GNN flow training:  49%|████▉     | 49/100 [04:58<05:02,  5.94s/epoch, best=1.198e+00, sign=0.184, train=1.199e+00, val=1.187e+00]
GNN flow training:  50%|█████     | 50/100 [04:58<04:56,  5.93s/epoch, best=1.198e+00, sign=0.184, train=1.199e+00, val=1.187e+00]
GNN flow training:  50%|█████     | 50/100 [05:04<04:56,  5.93s/epoch, best=1.187e+00, sign=0.184, train=1.189e+00, val=1.179e+00]
GNN flow training:  51%|█████     | 51/100 [05:04<04:51,  5.96s/epoch, best=1.187e+00, sign=0.184, train=1.189e+00, val=1.179e+00]
GNN flow training:  51%|█████     | 51/100 [05:10<04:51,  5.96s/epoch, best=1.179e+00, sign=0.184, train=1.181e+00, val=1.174e+00]
GNN flow training:  52%|█████▏    | 52/100 [05:10<04:46,  5.98s/epoch, best=1.179e+00, sign=0.184, train=1.181e+00, val=1.174e+00]
GNN flow training:  52%|█████▏    | 52/100 [05:16<04:46,  5.98s/epoch, best=1.174e+00, sign=0.184, train=1.175e+00, val=1.168e+00]
GNN flow training:  53%|█████▎    | 53/100 [05:16<04:40,  5.98s/epoch, best=1.174e+00, sign=0.184, train=1.175e+00, val=1.168e+00]
GNN flow training:  53%|█████▎    | 53/100 [05:22<04:40,  5.98s/epoch, best=1.168e+00, sign=0.184, train=1.169e+00, val=1.176e+00]
GNN flow training:  54%|█████▍    | 54/100 [05:22<04:34,  5.97s/epoch, best=1.168e+00, sign=0.184, train=1.169e+00, val=1.176e+00]
GNN flow training:  54%|█████▍    | 54/100 [05:28<04:34,  5.97s/epoch, best=1.168e+00, sign=0.185, train=1.177e+00, val=1.189e+00]
GNN flow training:  55%|█████▌    | 55/100 [05:28<04:27,  5.95s/epoch, best=1.168e+00, sign=0.185, train=1.177e+00, val=1.189e+00]
GNN flow training:  55%|█████▌    | 55/100 [05:34<04:27,  5.95s/epoch, best=1.168e+00, sign=0.184, train=1.191e+00, val=1.189e+00]
GNN flow training:  56%|█████▌    | 56/100 [05:34<04:22,  5.97s/epoch, best=1.168e+00, sign=0.184, train=1.191e+00, val=1.189e+00]
GNN flow training:  56%|█████▌    | 56/100 [05:40<04:22,  5.97s/epoch, best=1.168e+00, sign=0.183, train=1.190e+00, val=1.177e+00]
GNN flow training:  57%|█████▋    | 57/100 [05:40<04:16,  5.97s/epoch, best=1.168e+00, sign=0.183, train=1.190e+00, val=1.177e+00]
GNN flow training:  57%|█████▋    | 57/100 [05:46<04:16,  5.97s/epoch, best=1.168e+00, sign=0.181, train=1.179e+00, val=1.153e+00]
GNN flow training:  58%|█████▊    | 58/100 [05:46<04:11,  5.98s/epoch, best=1.168e+00, sign=0.181, train=1.179e+00, val=1.153e+00]
GNN flow training:  58%|█████▊    | 58/100 [05:52<04:11,  5.98s/epoch, best=1.153e+00, sign=0.178, train=1.154e+00, val=1.136e+00]
GNN flow training:  59%|█████▉    | 59/100 [05:52<04:05,  5.98s/epoch, best=1.153e+00, sign=0.178, train=1.154e+00, val=1.136e+00]
GNN flow training:  59%|█████▉    | 59/100 [05:58<04:05,  5.98s/epoch, best=1.136e+00, sign=0.175, train=1.138e+00, val=1.136e+00]
GNN flow training:  60%|██████    | 60/100 [05:58<03:58,  5.97s/epoch, best=1.136e+00, sign=0.175, train=1.138e+00, val=1.136e+00]
GNN flow training:  60%|██████    | 60/100 [06:04<03:58,  5.97s/epoch, best=1.136e+00, sign=0.173, train=1.137e+00, val=1.134e+00]
GNN flow training:  61%|██████    | 61/100 [06:04<03:53,  5.97s/epoch, best=1.136e+00, sign=0.173, train=1.137e+00, val=1.134e+00]
GNN flow training:  61%|██████    | 61/100 [06:10<03:53,  5.97s/epoch, best=1.134e+00, sign=0.170, train=1.135e+00, val=1.138e+00]
GNN flow training:  62%|██████▏   | 62/100 [06:10<03:46,  5.97s/epoch, best=1.134e+00, sign=0.170, train=1.135e+00, val=1.138e+00]
GNN flow training:  62%|██████▏   | 62/100 [06:16<03:46,  5.97s/epoch, best=1.134e+00, sign=0.170, train=1.139e+00, val=1.123e+00]
GNN flow training:  63%|██████▎   | 63/100 [06:16<03:41,  5.98s/epoch, best=1.134e+00, sign=0.170, train=1.139e+00, val=1.123e+00]
GNN flow training:  63%|██████▎   | 63/100 [06:22<03:41,  5.98s/epoch, best=1.123e+00, sign=0.170, train=1.124e+00, val=1.107e+00]
GNN flow training:  64%|██████▍   | 64/100 [06:22<03:34,  5.97s/epoch, best=1.123e+00, sign=0.170, train=1.124e+00, val=1.107e+00]
GNN flow training:  64%|██████▍   | 64/100 [06:28<03:34,  5.97s/epoch, best=1.107e+00, sign=0.171, train=1.108e+00, val=1.097e+00]
GNN flow training:  65%|██████▌   | 65/100 [06:28<03:28,  5.96s/epoch, best=1.107e+00, sign=0.171, train=1.108e+00, val=1.097e+00]
GNN flow training:  65%|██████▌   | 65/100 [06:34<03:28,  5.96s/epoch, best=1.097e+00, sign=0.172, train=1.098e+00, val=1.092e+00]
GNN flow training:  66%|██████▌   | 66/100 [06:34<03:23,  5.99s/epoch, best=1.097e+00, sign=0.172, train=1.098e+00, val=1.092e+00]
GNN flow training:  66%|██████▌   | 66/100 [06:40<03:23,  5.99s/epoch, best=1.092e+00, sign=0.172, train=1.093e+00, val=1.088e+00]
GNN flow training:  67%|██████▋   | 67/100 [06:40<03:17,  5.98s/epoch, best=1.092e+00, sign=0.172, train=1.093e+00, val=1.088e+00]
GNN flow training:  67%|██████▋   | 67/100 [06:46<03:17,  5.98s/epoch, best=1.088e+00, sign=0.171, train=1.089e+00, val=1.085e+00]
GNN flow training:  68%|██████▊   | 68/100 [06:46<03:11,  5.97s/epoch, best=1.088e+00, sign=0.171, train=1.089e+00, val=1.085e+00]
GNN flow training:  68%|██████▊   | 68/100 [06:52<03:11,  5.97s/epoch, best=1.085e+00, sign=0.171, train=1.086e+00, val=1.078e+00]
GNN flow training:  69%|██████▉   | 69/100 [06:52<03:05,  5.99s/epoch, best=1.085e+00, sign=0.171, train=1.086e+00, val=1.078e+00]
GNN flow training:  69%|██████▉   | 69/100 [06:58<03:05,  5.99s/epoch, best=1.078e+00, sign=0.170, train=1.079e+00, val=1.069e+00]
GNN flow training:  70%|███████   | 70/100 [06:58<02:59,  5.97s/epoch, best=1.078e+00, sign=0.170, train=1.079e+00, val=1.069e+00]
GNN flow training:  70%|███████   | 70/100 [07:04<02:59,  5.97s/epoch, best=1.069e+00, sign=0.169, train=1.070e+00, val=1.064e+00]
GNN flow training:  71%|███████   | 71/100 [07:04<02:53,  5.98s/epoch, best=1.069e+00, sign=0.169, train=1.070e+00, val=1.064e+00]
GNN flow training:  71%|███████   | 71/100 [07:09<02:53,  5.98s/epoch, best=1.064e+00, sign=0.167, train=1.065e+00, val=1.059e+00]
GNN flow training:  72%|███████▏  | 72/100 [07:09<02:47,  5.97s/epoch, best=1.064e+00, sign=0.167, train=1.065e+00, val=1.059e+00]
GNN flow training:  72%|███████▏  | 72/100 [07:16<02:47,  5.97s/epoch, best=1.059e+00, sign=0.166, train=1.061e+00, val=1.057e+00]
GNN flow training:  73%|███████▎  | 73/100 [07:16<02:41,  5.99s/epoch, best=1.059e+00, sign=0.166, train=1.061e+00, val=1.057e+00]
GNN flow training:  73%|███████▎  | 73/100 [07:21<02:41,  5.99s/epoch, best=1.057e+00, sign=0.166, train=1.059e+00, val=1.053e+00]
GNN flow training:  74%|███████▍  | 74/100 [07:21<02:35,  5.97s/epoch, best=1.057e+00, sign=0.166, train=1.059e+00, val=1.053e+00]
GNN flow training:  74%|███████▍  | 74/100 [07:27<02:35,  5.97s/epoch, best=1.053e+00, sign=0.165, train=1.055e+00, val=1.053e+00]
GNN flow training:  75%|███████▌  | 75/100 [07:27<02:28,  5.95s/epoch, best=1.053e+00, sign=0.165, train=1.055e+00, val=1.053e+00]
GNN flow training:  75%|███████▌  | 75/100 [07:33<02:28,  5.95s/epoch, best=1.053e+00, sign=0.167, train=1.054e+00, val=1.058e+00]
GNN flow training:  76%|███████▌  | 76/100 [07:33<02:22,  5.94s/epoch, best=1.053e+00, sign=0.167, train=1.054e+00, val=1.058e+00]
GNN flow training:  76%|███████▌  | 76/100 [07:39<02:22,  5.94s/epoch, best=1.053e+00, sign=0.172, train=1.060e+00, val=1.081e+00]
GNN flow training:  77%|███████▋  | 77/100 [07:39<02:16,  5.94s/epoch, best=1.053e+00, sign=0.172, train=1.060e+00, val=1.081e+00]
GNN flow training:  77%|███████▋  | 77/100 [07:45<02:16,  5.94s/epoch, best=1.053e+00, sign=0.175, train=1.082e+00, val=1.098e+00]
GNN flow training:  78%|███████▊  | 78/100 [07:45<02:11,  5.96s/epoch, best=1.053e+00, sign=0.175, train=1.082e+00, val=1.098e+00]
GNN flow training:  78%|███████▊  | 78/100 [07:51<02:11,  5.96s/epoch, best=1.053e+00, sign=0.172, train=1.100e+00, val=1.086e+00]
GNN flow training:  79%|███████▉  | 79/100 [07:51<02:05,  5.96s/epoch, best=1.053e+00, sign=0.172, train=1.100e+00, val=1.086e+00]
GNN flow training:  79%|███████▉  | 79/100 [07:57<02:05,  5.96s/epoch, best=1.053e+00, sign=0.170, train=1.087e+00, val=1.063e+00]
GNN flow training:  80%|████████  | 80/100 [07:57<01:59,  5.95s/epoch, best=1.053e+00, sign=0.170, train=1.087e+00, val=1.063e+00]
GNN flow training:  80%|████████  | 80/100 [08:03<01:59,  5.95s/epoch, best=1.053e+00, sign=0.170, train=1.064e+00, val=1.051e+00]
GNN flow training:  81%|████████  | 81/100 [08:03<01:53,  5.96s/epoch, best=1.053e+00, sign=0.170, train=1.064e+00, val=1.051e+00]
GNN flow training:  81%|████████  | 81/100 [08:09<01:53,  5.96s/epoch, best=1.051e+00, sign=0.171, train=1.052e+00, val=1.044e+00]
GNN flow training:  82%|████████▏ | 82/100 [08:09<01:47,  5.96s/epoch, best=1.051e+00, sign=0.171, train=1.052e+00, val=1.044e+00]
GNN flow training:  82%|████████▏ | 82/100 [08:15<01:47,  5.96s/epoch, best=1.044e+00, sign=0.173, train=1.045e+00, val=1.047e+00]
GNN flow training:  83%|████████▎ | 83/100 [08:15<01:41,  5.96s/epoch, best=1.044e+00, sign=0.173, train=1.045e+00, val=1.047e+00]
GNN flow training:  83%|████████▎ | 83/100 [08:21<01:41,  5.96s/epoch, best=1.044e+00, sign=0.173, train=1.048e+00, val=1.051e+00]
GNN flow training:  84%|████████▍ | 84/100 [08:21<01:35,  5.96s/epoch, best=1.044e+00, sign=0.173, train=1.048e+00, val=1.051e+00]
GNN flow training:  84%|████████▍ | 84/100 [08:27<01:35,  5.96s/epoch, best=1.044e+00, sign=0.173, train=1.053e+00, val=1.050e+00]
GNN flow training:  85%|████████▌ | 85/100 [08:27<01:29,  5.96s/epoch, best=1.044e+00, sign=0.173, train=1.053e+00, val=1.050e+00]
GNN flow training:  85%|████████▌ | 85/100 [08:33<01:29,  5.96s/epoch, best=1.044e+00, sign=0.171, train=1.052e+00, val=1.056e+00]
GNN flow training:  86%|████████▌ | 86/100 [08:33<01:23,  5.94s/epoch, best=1.044e+00, sign=0.171, train=1.052e+00, val=1.056e+00]
GNN flow training:  86%|████████▌ | 86/100 [08:39<01:23,  5.94s/epoch, best=1.044e+00, sign=0.167, train=1.057e+00, val=1.057e+00]
GNN flow training:  87%|████████▋ | 87/100 [08:39<01:17,  5.96s/epoch, best=1.044e+00, sign=0.167, train=1.057e+00, val=1.057e+00]
GNN flow training:  87%|████████▋ | 87/100 [08:45<01:17,  5.96s/epoch, best=1.044e+00, sign=0.165, train=1.058e+00, val=1.054e+00]
GNN flow training:  88%|████████▊ | 88/100 [08:45<01:11,  5.96s/epoch, best=1.044e+00, sign=0.165, train=1.058e+00, val=1.054e+00]
GNN flow training:  88%|████████▊ | 88/100 [08:51<01:11,  5.96s/epoch, best=1.044e+00, sign=0.164, train=1.055e+00, val=1.047e+00]
GNN flow training:  89%|████████▉ | 89/100 [08:51<01:05,  5.96s/epoch, best=1.044e+00, sign=0.164, train=1.055e+00, val=1.047e+00]
GNN flow training:  89%|████████▉ | 89/100 [08:57<01:05,  5.96s/epoch, best=1.044e+00, sign=0.164, train=1.048e+00, val=1.042e+00]
GNN flow training:  90%|█████████ | 90/100 [08:57<00:59,  5.95s/epoch, best=1.044e+00, sign=0.164, train=1.048e+00, val=1.042e+00]
GNN flow training:  90%|█████████ | 90/100 [09:03<00:59,  5.95s/epoch, best=1.042e+00, sign=0.164, train=1.043e+00, val=1.038e+00]
GNN flow training:  91%|█████████ | 91/100 [09:03<00:53,  5.96s/epoch, best=1.042e+00, sign=0.164, train=1.043e+00, val=1.038e+00]
GNN flow training:  91%|█████████ | 91/100 [09:09<00:53,  5.96s/epoch, best=1.038e+00, sign=0.164, train=1.039e+00, val=1.045e+00]
GNN flow training:  92%|█████████▏| 92/100 [09:09<00:47,  5.96s/epoch, best=1.038e+00, sign=0.164, train=1.039e+00, val=1.045e+00]
GNN flow training:  92%|█████████▏| 92/100 [09:15<00:47,  5.96s/epoch, best=1.038e+00, sign=0.163, train=1.046e+00, val=1.056e+00]
GNN flow training:  93%|█████████▎| 93/100 [09:15<00:41,  5.95s/epoch, best=1.038e+00, sign=0.163, train=1.046e+00, val=1.056e+00]
GNN flow training:  93%|█████████▎| 93/100 [09:20<00:41,  5.95s/epoch, best=1.038e+00, sign=0.164, train=1.057e+00, val=1.058e+00]
GNN flow training:  94%|█████████▍| 94/100 [09:20<00:35,  5.94s/epoch, best=1.038e+00, sign=0.164, train=1.057e+00, val=1.058e+00]
GNN flow training:  94%|█████████▍| 94/100 [09:26<00:35,  5.94s/epoch, best=1.038e+00, sign=0.163, train=1.059e+00, val=1.054e+00]
GNN flow training:  95%|█████████▌| 95/100 [09:26<00:29,  5.94s/epoch, best=1.038e+00, sign=0.163, train=1.059e+00, val=1.054e+00]
GNN flow training:  95%|█████████▌| 95/100 [09:32<00:29,  5.94s/epoch, best=1.038e+00, sign=0.162, train=1.055e+00, val=1.045e+00]
GNN flow training:  96%|█████████▌| 96/100 [09:32<00:23,  5.96s/epoch, best=1.038e+00, sign=0.162, train=1.055e+00, val=1.045e+00]
GNN flow training:  96%|█████████▌| 96/100 [09:38<00:23,  5.96s/epoch, best=1.038e+00, sign=0.162, train=1.046e+00, val=1.053e+00]
GNN flow training:  97%|█████████▋| 97/100 [09:38<00:17,  5.96s/epoch, best=1.038e+00, sign=0.162, train=1.046e+00, val=1.053e+00]
GNN flow training:  97%|█████████▋| 97/100 [09:44<00:17,  5.96s/epoch, best=1.038e+00, sign=0.163, train=1.054e+00, val=1.070e+00]
GNN flow training:  98%|█████████▊| 98/100 [09:44<00:11,  5.95s/epoch, best=1.038e+00, sign=0.163, train=1.054e+00, val=1.070e+00]
GNN flow training:  98%|█████████▊| 98/100 [09:50<00:11,  5.95s/epoch, best=1.038e+00, sign=0.162, train=1.071e+00, val=1.071e+00]
GNN flow training:  99%|█████████▉| 99/100 [09:50<00:05,  5.93s/epoch, best=1.038e+00, sign=0.162, train=1.071e+00, val=1.071e+00]
GNN flow training:  99%|█████████▉| 99/100 [09:56<00:05,  5.93s/epoch, best=1.038e+00, sign=0.163, train=1.072e+00, val=1.067e+00]
GNN flow training: 100%|██████████| 100/100 [09:56<00:00,  5.93s/epoch, best=1.038e+00, sign=0.163, train=1.072e+00, val=1.067e+00]
GNN flow training: 100%|██████████| 100/100 [09:56<00:00,  5.97s/epoch, best=1.038e+00, sign=0.163, train=1.072e+00, val=1.067e+00]
Resolved config snapshot:
{'preset': 'solver_QKB_outer_QKBdelta', 'gnn_outer_losses': {'flow': 0.1, 'kirchhoff': 0.1, 'boundary': 100.0, 'delta_l2': 10.0, 'delta_smooth': 0.0, 'pressure_shape': 0.0}, 'physics': {'arterial_flow_mode': 'dataset', 'pressure_constraints': ['equal-a-equal-v'], 'alpha_pa': None, 'use_snr_weights': True, 'use_observed_flow_snr_weighting': True, 'flow_scale_mode': 'median_abs', 'solver_device': 'same', 'pressure_solver_mode': 'reduced-soft-constrained-lstsq', 'pressure_solver_lambda_kirchhoff': 1.0, 'pressure_solver_lambda_pressure_constraints': 100.0, 'pressure_solver_lambda_flow_residual': 1.0, 'pressure_shape_reference': 'delta_zero_reference', 'pressure_detach': False}, 'correction_bounds': {'correction_min': -0.5, 'correction_max': 0.5, 'correction_bound': 0.5, 'correction_parameterization': 'tanh'}, 'optimization': {'learning_rate': 0.001, 'weight_decay': 0.0001, 'gradient_clip_norm': 5.0, 'optimizer': 'adamw', 'epochs': 100, 'patience': 40}}
Shard 3/80: 1 of 80 runs
Command: /mnt/home/sswee/miniforge3/envs/yolk-sac/bin/python /mnt/home/sswee/yolk/Yolk-Sac-Flow-Data-and-Sim/gnn_clean/scripts/python/gnn_flow.py /mnt/home/sswee/yolk/Yolk-Sac-Flow-Data-and-Sim/gnn_clean/datasets/mosaic_graph_canonical_harmonized/mosaic_graph_canonical_harmonized.gpickle --output-dir /mnt/home/sswee/yolk/Yolk-Sac-Flow-Data-and-Sim/gnn_clean/outputs_canonical/dc/02_physics_weight_sweep/gnn --run-name q_0p1__k_0p1__delta_10 --preset solver_QKB_outer_QKBdelta --device cuda --epochs 100 --seed 0 --viscosity-pa-s 0.0035 --config /mnt/home/sswee/yolk/Yolk-Sac-Flow-Data-and-Sim/gnn_clean/outputs_canonical/dc/02_physics_weight_sweep/_generated_configs/q_0p1__k_0p1__delta_10.yaml --no-pressure-detach
