[info] DC Step 2 canonical sweep uses fixed lambda_B=100.0 for both the outer boundary loss and the reduced pressure-solver boundary constraint.

GNN flow training:   0%|          | 0/100 [00:00<?, ?epoch/s]
GNN flow training:   0%|          | 0/100 [00:06<?, ?epoch/s, best=1.271e+02, sign=0.194, train=1.271e+02, val=1.271e+02]
GNN flow training:   1%|          | 1/100 [00:06<10:27,  6.34s/epoch, best=1.271e+02, sign=0.194, train=1.271e+02, val=1.271e+02]
GNN flow training:   1%|          | 1/100 [00:12<10:27,  6.34s/epoch, best=1.271e+02, sign=0.194, train=1.271e+02, val=1.274e+02]
GNN flow training:   2%|▏         | 2/100 [00:12<10:07,  6.20s/epoch, best=1.271e+02, sign=0.194, train=1.271e+02, val=1.274e+02]
GNN flow training:   2%|▏         | 2/100 [00:18<10:07,  6.20s/epoch, best=1.271e+02, sign=0.194, train=1.274e+02, val=1.273e+02]
GNN flow training:   3%|▎         | 3/100 [00:18<09:58,  6.17s/epoch, best=1.271e+02, sign=0.194, train=1.274e+02, val=1.273e+02]
GNN flow training:   3%|▎         | 3/100 [00:24<09:58,  6.17s/epoch, best=1.271e+02, sign=0.194, train=1.273e+02, val=1.269e+02]
GNN flow training:   4%|▍         | 4/100 [00:24<09:48,  6.13s/epoch, best=1.271e+02, sign=0.194, train=1.273e+02, val=1.269e+02]
GNN flow training:   4%|▍         | 4/100 [00:30<09:48,  6.13s/epoch, best=1.269e+02, sign=0.194, train=1.269e+02, val=1.271e+02]
GNN flow training:   5%|▌         | 5/100 [00:30<09:37,  6.08s/epoch, best=1.269e+02, sign=0.194, train=1.269e+02, val=1.271e+02]
GNN flow training:   5%|▌         | 5/100 [00:36<09:37,  6.08s/epoch, best=1.269e+02, sign=0.194, train=1.271e+02, val=1.268e+02]
GNN flow training:   6%|▌         | 6/100 [00:36<09:31,  6.07s/epoch, best=1.269e+02, sign=0.194, train=1.271e+02, val=1.268e+02]
GNN flow training:   6%|▌         | 6/100 [00:42<09:31,  6.07s/epoch, best=1.268e+02, sign=0.194, train=1.268e+02, val=1.269e+02]
GNN flow training:   7%|▋         | 7/100 [00:42<09:25,  6.08s/epoch, best=1.268e+02, sign=0.194, train=1.268e+02, val=1.269e+02]
GNN flow training:   7%|▋         | 7/100 [00:48<09:25,  6.08s/epoch, best=1.268e+02, sign=0.194, train=1.269e+02, val=1.269e+02]
GNN flow training:   8%|▊         | 8/100 [00:48<09:18,  6.07s/epoch, best=1.268e+02, sign=0.194, train=1.269e+02, val=1.269e+02]
GNN flow training:   8%|▊         | 8/100 [00:54<09:18,  6.07s/epoch, best=1.268e+02, sign=0.194, train=1.269e+02, val=1.269e+02]
GNN flow training:   9%|▉         | 9/100 [00:54<09:12,  6.07s/epoch, best=1.268e+02, sign=0.194, train=1.269e+02, val=1.269e+02]
GNN flow training:   9%|▉         | 9/100 [01:00<09:12,  6.07s/epoch, best=1.268e+02, sign=0.194, train=1.269e+02, val=1.266e+02]
GNN flow training:  10%|█         | 10/100 [01:00<09:05,  6.06s/epoch, best=1.268e+02, sign=0.194, train=1.269e+02, val=1.266e+02]
GNN flow training:  10%|█         | 10/100 [01:07<09:05,  6.06s/epoch, best=1.266e+02, sign=0.194, train=1.266e+02, val=1.265e+02]
GNN flow training:  11%|█         | 11/100 [01:07<08:59,  6.06s/epoch, best=1.266e+02, sign=0.194, train=1.266e+02, val=1.265e+02]
GNN flow training:  11%|█         | 11/100 [01:13<08:59,  6.06s/epoch, best=1.265e+02, sign=0.192, train=1.265e+02, val=1.268e+02]
GNN flow training:  12%|█▏        | 12/100 [01:13<08:54,  6.07s/epoch, best=1.265e+02, sign=0.192, train=1.265e+02, val=1.268e+02]
GNN flow training:  12%|█▏        | 12/100 [01:19<08:54,  6.07s/epoch, best=1.265e+02, sign=0.192, train=1.268e+02, val=1.268e+02]
GNN flow training:  13%|█▎        | 13/100 [01:19<08:47,  6.07s/epoch, best=1.265e+02, sign=0.192, train=1.268e+02, val=1.268e+02]
GNN flow training:  13%|█▎        | 13/100 [01:25<08:47,  6.07s/epoch, best=1.265e+02, sign=0.193, train=1.268e+02, val=1.266e+02]
GNN flow training:  14%|█▍        | 14/100 [01:25<08:42,  6.07s/epoch, best=1.265e+02, sign=0.193, train=1.268e+02, val=1.266e+02]
GNN flow training:  14%|█▍        | 14/100 [01:31<08:42,  6.07s/epoch, best=1.265e+02, sign=0.193, train=1.266e+02, val=1.266e+02]
GNN flow training:  15%|█▌        | 15/100 [01:31<08:34,  6.06s/epoch, best=1.265e+02, sign=0.193, train=1.266e+02, val=1.266e+02]
GNN flow training:  15%|█▌        | 15/100 [01:37<08:34,  6.06s/epoch, best=1.265e+02, sign=0.193, train=1.266e+02, val=1.263e+02]
GNN flow training:  16%|█▌        | 16/100 [01:37<08:29,  6.07s/epoch, best=1.265e+02, sign=0.193, train=1.266e+02, val=1.263e+02]
GNN flow training:  16%|█▌        | 16/100 [01:43<08:29,  6.07s/epoch, best=1.263e+02, sign=0.193, train=1.263e+02, val=1.262e+02]
GNN flow training:  17%|█▋        | 17/100 [01:43<08:22,  6.05s/epoch, best=1.263e+02, sign=0.193, train=1.263e+02, val=1.262e+02]
GNN flow training:  17%|█▋        | 17/100 [01:49<08:22,  6.05s/epoch, best=1.262e+02, sign=0.193, train=1.262e+02, val=1.260e+02]
GNN flow training:  18%|█▊        | 18/100 [01:49<08:17,  6.07s/epoch, best=1.262e+02, sign=0.193, train=1.262e+02, val=1.260e+02]
GNN flow training:  18%|█▊        | 18/100 [01:55<08:17,  6.07s/epoch, best=1.260e+02, sign=0.193, train=1.260e+02, val=1.259e+02]
GNN flow training:  19%|█▉        | 19/100 [01:55<08:11,  6.07s/epoch, best=1.260e+02, sign=0.193, train=1.260e+02, val=1.259e+02]
GNN flow training:  19%|█▉        | 19/100 [02:01<08:11,  6.07s/epoch, best=1.259e+02, sign=0.193, train=1.259e+02, val=1.258e+02]
GNN flow training:  20%|██        | 20/100 [02:01<08:05,  6.07s/epoch, best=1.259e+02, sign=0.193, train=1.259e+02, val=1.258e+02]
GNN flow training:  20%|██        | 20/100 [02:07<08:05,  6.07s/epoch, best=1.258e+02, sign=0.193, train=1.258e+02, val=1.257e+02]
GNN flow training:  21%|██        | 21/100 [02:07<07:59,  6.07s/epoch, best=1.258e+02, sign=0.193, train=1.258e+02, val=1.257e+02]
GNN flow training:  21%|██        | 21/100 [02:13<07:59,  6.07s/epoch, best=1.257e+02, sign=0.193, train=1.257e+02, val=1.254e+02]
GNN flow training:  22%|██▏       | 22/100 [02:13<07:54,  6.08s/epoch, best=1.257e+02, sign=0.193, train=1.257e+02, val=1.254e+02]
GNN flow training:  22%|██▏       | 22/100 [02:19<07:54,  6.08s/epoch, best=1.254e+02, sign=0.192, train=1.254e+02, val=1.252e+02]
GNN flow training:  23%|██▎       | 23/100 [02:19<07:48,  6.08s/epoch, best=1.254e+02, sign=0.192, train=1.254e+02, val=1.252e+02]
GNN flow training:  23%|██▎       | 23/100 [02:25<07:48,  6.08s/epoch, best=1.252e+02, sign=0.192, train=1.252e+02, val=1.254e+02]
GNN flow training:  24%|██▍       | 24/100 [02:25<07:41,  6.08s/epoch, best=1.252e+02, sign=0.192, train=1.252e+02, val=1.254e+02]
GNN flow training:  24%|██▍       | 24/100 [02:32<07:41,  6.08s/epoch, best=1.252e+02, sign=0.192, train=1.254e+02, val=1.254e+02]
GNN flow training:  25%|██▌       | 25/100 [02:32<07:36,  6.08s/epoch, best=1.252e+02, sign=0.192, train=1.254e+02, val=1.254e+02]
GNN flow training:  25%|██▌       | 25/100 [02:38<07:36,  6.08s/epoch, best=1.252e+02, sign=0.192, train=1.254e+02, val=1.246e+02]
GNN flow training:  26%|██▌       | 26/100 [02:38<07:29,  6.08s/epoch, best=1.252e+02, sign=0.192, train=1.254e+02, val=1.246e+02]
GNN flow training:  26%|██▌       | 26/100 [02:44<07:29,  6.08s/epoch, best=1.246e+02, sign=0.191, train=1.246e+02, val=1.245e+02]
GNN flow training:  27%|██▋       | 27/100 [02:44<07:24,  6.09s/epoch, best=1.246e+02, sign=0.191, train=1.246e+02, val=1.245e+02]
GNN flow training:  27%|██▋       | 27/100 [02:50<07:24,  6.09s/epoch, best=1.245e+02, sign=0.191, train=1.245e+02, val=1.243e+02]
GNN flow training:  28%|██▊       | 28/100 [02:50<07:18,  6.09s/epoch, best=1.245e+02, sign=0.191, train=1.245e+02, val=1.243e+02]
GNN flow training:  28%|██▊       | 28/100 [02:56<07:18,  6.09s/epoch, best=1.243e+02, sign=0.190, train=1.243e+02, val=1.240e+02]
GNN flow training:  29%|██▉       | 29/100 [02:56<07:11,  6.07s/epoch, best=1.243e+02, sign=0.190, train=1.243e+02, val=1.240e+02]
GNN flow training:  29%|██▉       | 29/100 [03:02<07:11,  6.07s/epoch, best=1.240e+02, sign=0.190, train=1.240e+02, val=1.234e+02]
GNN flow training:  30%|███       | 30/100 [03:02<07:04,  6.07s/epoch, best=1.240e+02, sign=0.190, train=1.240e+02, val=1.234e+02]
GNN flow training:  30%|███       | 30/100 [03:08<07:04,  6.07s/epoch, best=1.234e+02, sign=0.190, train=1.234e+02, val=1.227e+02]
GNN flow training:  31%|███       | 31/100 [03:08<06:57,  6.05s/epoch, best=1.234e+02, sign=0.190, train=1.234e+02, val=1.227e+02]
GNN flow training:  31%|███       | 31/100 [03:14<06:57,  6.05s/epoch, best=1.227e+02, sign=0.188, train=1.227e+02, val=1.220e+02]
GNN flow training:  32%|███▏      | 32/100 [03:14<06:51,  6.05s/epoch, best=1.227e+02, sign=0.188, train=1.227e+02, val=1.220e+02]
GNN flow training:  32%|███▏      | 32/100 [03:20<06:51,  6.05s/epoch, best=1.220e+02, sign=0.189, train=1.220e+02, val=1.216e+02]
GNN flow training:  33%|███▎      | 33/100 [03:20<06:45,  6.05s/epoch, best=1.220e+02, sign=0.189, train=1.220e+02, val=1.216e+02]
GNN flow training:  33%|███▎      | 33/100 [03:26<06:45,  6.05s/epoch, best=1.216e+02, sign=0.188, train=1.216e+02, val=1.206e+02]
GNN flow training:  34%|███▍      | 34/100 [03:26<06:39,  6.05s/epoch, best=1.216e+02, sign=0.188, train=1.216e+02, val=1.206e+02]
GNN flow training:  34%|███▍      | 34/100 [03:32<06:39,  6.05s/epoch, best=1.206e+02, sign=0.186, train=1.206e+02, val=1.197e+02]
GNN flow training:  35%|███▌      | 35/100 [03:32<06:33,  6.05s/epoch, best=1.206e+02, sign=0.186, train=1.206e+02, val=1.197e+02]
GNN flow training:  35%|███▌      | 35/100 [03:38<06:33,  6.05s/epoch, best=1.197e+02, sign=0.185, train=1.197e+02, val=1.189e+02]
GNN flow training:  36%|███▌      | 36/100 [03:38<06:27,  6.05s/epoch, best=1.197e+02, sign=0.185, train=1.197e+02, val=1.189e+02]
GNN flow training:  36%|███▌      | 36/100 [03:44<06:27,  6.05s/epoch, best=1.189e+02, sign=0.185, train=1.189e+02, val=1.190e+02]
GNN flow training:  37%|███▋      | 37/100 [03:44<06:20,  6.05s/epoch, best=1.189e+02, sign=0.185, train=1.189e+02, val=1.190e+02]
GNN flow training:  37%|███▋      | 37/100 [03:50<06:20,  6.05s/epoch, best=1.189e+02, sign=0.184, train=1.190e+02, val=1.185e+02]
GNN flow training:  38%|███▊      | 38/100 [03:50<06:14,  6.04s/epoch, best=1.189e+02, sign=0.184, train=1.190e+02, val=1.185e+02]
GNN flow training:  38%|███▊      | 38/100 [03:56<06:14,  6.04s/epoch, best=1.185e+02, sign=0.184, train=1.185e+02, val=1.187e+02]
GNN flow training:  39%|███▉      | 39/100 [03:56<06:08,  6.04s/epoch, best=1.185e+02, sign=0.184, train=1.185e+02, val=1.187e+02]
GNN flow training:  39%|███▉      | 39/100 [04:02<06:08,  6.04s/epoch, best=1.185e+02, sign=0.183, train=1.187e+02, val=1.177e+02]
GNN flow training:  40%|████      | 40/100 [04:02<06:01,  6.03s/epoch, best=1.185e+02, sign=0.183, train=1.187e+02, val=1.177e+02]
GNN flow training:  40%|████      | 40/100 [04:08<06:01,  6.03s/epoch, best=1.177e+02, sign=0.181, train=1.177e+02, val=1.172e+02]
GNN flow training:  41%|████      | 41/100 [04:08<05:56,  6.04s/epoch, best=1.177e+02, sign=0.181, train=1.177e+02, val=1.172e+02]
GNN flow training:  41%|████      | 41/100 [04:14<05:56,  6.04s/epoch, best=1.172e+02, sign=0.183, train=1.172e+02, val=1.163e+02]
GNN flow training:  42%|████▏     | 42/100 [04:14<05:50,  6.04s/epoch, best=1.172e+02, sign=0.183, train=1.172e+02, val=1.163e+02]
GNN flow training:  42%|████▏     | 42/100 [04:20<05:50,  6.04s/epoch, best=1.163e+02, sign=0.182, train=1.163e+02, val=1.156e+02]
GNN flow training:  43%|████▎     | 43/100 [04:20<05:44,  6.04s/epoch, best=1.163e+02, sign=0.182, train=1.163e+02, val=1.156e+02]
GNN flow training:  43%|████▎     | 43/100 [04:26<05:44,  6.04s/epoch, best=1.156e+02, sign=0.188, train=1.156e+02, val=1.164e+02]
GNN flow training:  44%|████▍     | 44/100 [04:26<05:37,  6.02s/epoch, best=1.156e+02, sign=0.188, train=1.156e+02, val=1.164e+02]
GNN flow training:  44%|████▍     | 44/100 [04:32<05:37,  6.02s/epoch, best=1.156e+02, sign=0.199, train=1.164e+02, val=1.184e+02]
GNN flow training:  45%|████▌     | 45/100 [04:32<05:32,  6.04s/epoch, best=1.156e+02, sign=0.199, train=1.164e+02, val=1.184e+02]
GNN flow training:  45%|████▌     | 45/100 [04:38<05:32,  6.04s/epoch, best=1.156e+02, sign=0.204, train=1.184e+02, val=1.185e+02]
GNN flow training:  46%|████▌     | 46/100 [04:38<05:25,  6.03s/epoch, best=1.156e+02, sign=0.204, train=1.184e+02, val=1.185e+02]
GNN flow training:  46%|████▌     | 46/100 [04:45<05:25,  6.03s/epoch, best=1.156e+02, sign=0.196, train=1.185e+02, val=1.167e+02]
GNN flow training:  47%|████▋     | 47/100 [04:45<05:20,  6.04s/epoch, best=1.156e+02, sign=0.196, train=1.185e+02, val=1.167e+02]
GNN flow training:  47%|████▋     | 47/100 [04:51<05:20,  6.04s/epoch, best=1.156e+02, sign=0.183, train=1.167e+02, val=1.131e+02]
GNN flow training:  48%|████▊     | 48/100 [04:51<05:13,  6.04s/epoch, best=1.156e+02, sign=0.183, train=1.167e+02, val=1.131e+02]
GNN flow training:  48%|████▊     | 48/100 [04:57<05:13,  6.04s/epoch, best=1.131e+02, sign=0.174, train=1.131e+02, val=1.107e+02]
GNN flow training:  49%|████▉     | 49/100 [04:57<05:08,  6.04s/epoch, best=1.131e+02, sign=0.174, train=1.131e+02, val=1.107e+02]
GNN flow training:  49%|████▉     | 49/100 [05:03<05:08,  6.04s/epoch, best=1.107e+02, sign=0.168, train=1.107e+02, val=1.094e+02]
GNN flow training:  50%|█████     | 50/100 [05:03<05:02,  6.05s/epoch, best=1.107e+02, sign=0.168, train=1.107e+02, val=1.094e+02]
GNN flow training:  50%|█████     | 50/100 [05:09<05:02,  6.05s/epoch, best=1.094e+02, sign=0.165, train=1.094e+02, val=1.084e+02]
GNN flow training:  51%|█████     | 51/100 [05:09<04:57,  6.08s/epoch, best=1.094e+02, sign=0.165, train=1.094e+02, val=1.084e+02]
GNN flow training:  51%|█████     | 51/100 [05:15<04:57,  6.08s/epoch, best=1.084e+02, sign=0.161, train=1.084e+02, val=1.086e+02]
GNN flow training:  52%|█████▏    | 52/100 [05:15<04:52,  6.09s/epoch, best=1.084e+02, sign=0.161, train=1.084e+02, val=1.086e+02]
GNN flow training:  52%|█████▏    | 52/100 [05:21<04:52,  6.09s/epoch, best=1.084e+02, sign=0.160, train=1.086e+02, val=1.083e+02]
GNN flow training:  53%|█████▎    | 53/100 [05:21<04:45,  6.08s/epoch, best=1.084e+02, sign=0.160, train=1.086e+02, val=1.083e+02]
GNN flow training:  53%|█████▎    | 53/100 [05:27<04:45,  6.08s/epoch, best=1.083e+02, sign=0.160, train=1.083e+02, val=1.079e+02]
GNN flow training:  54%|█████▍    | 54/100 [05:27<04:38,  6.05s/epoch, best=1.083e+02, sign=0.160, train=1.083e+02, val=1.079e+02]
GNN flow training:  54%|█████▍    | 54/100 [05:33<04:38,  6.05s/epoch, best=1.079e+02, sign=0.161, train=1.079e+02, val=1.066e+02]
GNN flow training:  55%|█████▌    | 55/100 [05:33<04:32,  6.06s/epoch, best=1.079e+02, sign=0.161, train=1.079e+02, val=1.066e+02]
GNN flow training:  55%|█████▌    | 55/100 [05:39<04:32,  6.06s/epoch, best=1.066e+02, sign=0.165, train=1.066e+02, val=1.049e+02]
GNN flow training:  56%|█████▌    | 56/100 [05:39<04:26,  6.06s/epoch, best=1.066e+02, sign=0.165, train=1.066e+02, val=1.049e+02]
GNN flow training:  56%|█████▌    | 56/100 [05:45<04:26,  6.06s/epoch, best=1.049e+02, sign=0.169, train=1.049e+02, val=1.033e+02]
GNN flow training:  57%|█████▋    | 57/100 [05:45<04:21,  6.07s/epoch, best=1.049e+02, sign=0.169, train=1.049e+02, val=1.033e+02]
GNN flow training:  57%|█████▋    | 57/100 [05:51<04:21,  6.07s/epoch, best=1.033e+02, sign=0.172, train=1.033e+02, val=1.032e+02]
GNN flow training:  58%|█████▊    | 58/100 [05:51<04:14,  6.07s/epoch, best=1.033e+02, sign=0.172, train=1.033e+02, val=1.032e+02]
GNN flow training:  58%|█████▊    | 58/100 [05:57<04:14,  6.07s/epoch, best=1.032e+02, sign=0.177, train=1.032e+02, val=1.026e+02]
GNN flow training:  59%|█████▉    | 59/100 [05:57<04:08,  6.07s/epoch, best=1.032e+02, sign=0.177, train=1.032e+02, val=1.026e+02]
GNN flow training:  59%|█████▉    | 59/100 [06:03<04:08,  6.07s/epoch, best=1.026e+02, sign=0.174, train=1.026e+02, val=1.010e+02]
GNN flow training:  60%|██████    | 60/100 [06:03<04:01,  6.05s/epoch, best=1.026e+02, sign=0.174, train=1.026e+02, val=1.010e+02]
GNN flow training:  60%|██████    | 60/100 [06:09<04:01,  6.05s/epoch, best=1.010e+02, sign=0.170, train=1.010e+02, val=9.890e+01]
GNN flow training:  61%|██████    | 61/100 [06:09<03:55,  6.05s/epoch, best=1.010e+02, sign=0.170, train=1.010e+02, val=9.890e+01]
GNN flow training:  61%|██████    | 61/100 [06:15<03:55,  6.05s/epoch, best=9.890e+01, sign=0.163, train=9.890e+01, val=9.794e+01]
GNN flow training:  62%|██████▏   | 62/100 [06:15<03:49,  6.04s/epoch, best=9.890e+01, sign=0.163, train=9.890e+01, val=9.794e+01]
GNN flow training:  62%|██████▏   | 62/100 [06:21<03:49,  6.04s/epoch, best=9.794e+01, sign=0.159, train=9.794e+01, val=9.816e+01]
GNN flow training:  63%|██████▎   | 63/100 [06:21<03:43,  6.04s/epoch, best=9.794e+01, sign=0.159, train=9.794e+01, val=9.816e+01]
GNN flow training:  63%|██████▎   | 63/100 [06:28<03:43,  6.04s/epoch, best=9.794e+01, sign=0.155, train=9.816e+01, val=9.925e+01]
GNN flow training:  64%|██████▍   | 64/100 [06:28<03:37,  6.05s/epoch, best=9.794e+01, sign=0.155, train=9.816e+01, val=9.925e+01]
GNN flow training:  64%|██████▍   | 64/100 [06:34<03:37,  6.05s/epoch, best=9.794e+01, sign=0.154, train=9.925e+01, val=9.879e+01]
GNN flow training:  65%|██████▌   | 65/100 [06:34<03:32,  6.06s/epoch, best=9.794e+01, sign=0.154, train=9.925e+01, val=9.879e+01]
GNN flow training:  65%|██████▌   | 65/100 [06:40<03:32,  6.06s/epoch, best=9.794e+01, sign=0.159, train=9.879e+01, val=9.689e+01]
GNN flow training:  66%|██████▌   | 66/100 [06:40<03:26,  6.08s/epoch, best=9.794e+01, sign=0.159, train=9.879e+01, val=9.689e+01]
GNN flow training:  66%|██████▌   | 66/100 [06:46<03:26,  6.08s/epoch, best=9.689e+01, sign=0.163, train=9.690e+01, val=9.617e+01]
GNN flow training:  67%|██████▋   | 67/100 [06:46<03:20,  6.07s/epoch, best=9.689e+01, sign=0.163, train=9.690e+01, val=9.617e+01]
GNN flow training:  67%|██████▋   | 67/100 [06:52<03:20,  6.07s/epoch, best=9.617e+01, sign=0.170, train=9.618e+01, val=9.660e+01]
GNN flow training:  68%|██████▊   | 68/100 [06:52<03:13,  6.06s/epoch, best=9.617e+01, sign=0.170, train=9.618e+01, val=9.660e+01]
GNN flow training:  68%|██████▊   | 68/100 [06:58<03:13,  6.06s/epoch, best=9.617e+01, sign=0.175, train=9.660e+01, val=9.819e+01]
GNN flow training:  69%|██████▉   | 69/100 [06:58<03:07,  6.04s/epoch, best=9.617e+01, sign=0.175, train=9.660e+01, val=9.819e+01]
GNN flow training:  69%|██████▉   | 69/100 [07:04<03:07,  6.04s/epoch, best=9.617e+01, sign=0.177, train=9.819e+01, val=9.919e+01]
GNN flow training:  70%|███████   | 70/100 [07:04<03:01,  6.04s/epoch, best=9.617e+01, sign=0.177, train=9.819e+01, val=9.919e+01]
GNN flow training:  70%|███████   | 70/100 [07:10<03:01,  6.04s/epoch, best=9.617e+01, sign=0.173, train=9.919e+01, val=9.756e+01]
GNN flow training:  71%|███████   | 71/100 [07:10<02:55,  6.05s/epoch, best=9.617e+01, sign=0.173, train=9.919e+01, val=9.756e+01]
GNN flow training:  71%|███████   | 71/100 [07:16<02:55,  6.05s/epoch, best=9.617e+01, sign=0.168, train=9.756e+01, val=9.473e+01]
GNN flow training:  72%|███████▏  | 72/100 [07:16<02:49,  6.04s/epoch, best=9.617e+01, sign=0.168, train=9.756e+01, val=9.473e+01]
GNN flow training:  72%|███████▏  | 72/100 [07:22<02:49,  6.04s/epoch, best=9.473e+01, sign=0.161, train=9.473e+01, val=9.333e+01]
GNN flow training:  73%|███████▎  | 73/100 [07:22<02:43,  6.04s/epoch, best=9.473e+01, sign=0.161, train=9.473e+01, val=9.333e+01]
GNN flow training:  73%|███████▎  | 73/100 [07:28<02:43,  6.04s/epoch, best=9.333e+01, sign=0.157, train=9.333e+01, val=9.346e+01]
GNN flow training:  74%|███████▍  | 74/100 [07:28<02:36,  6.04s/epoch, best=9.333e+01, sign=0.157, train=9.333e+01, val=9.346e+01]
GNN flow training:  74%|███████▍  | 74/100 [07:34<02:36,  6.04s/epoch, best=9.333e+01, sign=0.154, train=9.346e+01, val=9.408e+01]
GNN flow training:  75%|███████▌  | 75/100 [07:34<02:31,  6.06s/epoch, best=9.333e+01, sign=0.154, train=9.346e+01, val=9.408e+01]
GNN flow training:  75%|███████▌  | 75/100 [07:40<02:31,  6.06s/epoch, best=9.333e+01, sign=0.152, train=9.408e+01, val=9.482e+01]
GNN flow training:  76%|███████▌  | 76/100 [07:40<02:25,  6.06s/epoch, best=9.333e+01, sign=0.152, train=9.408e+01, val=9.482e+01]
GNN flow training:  76%|███████▌  | 76/100 [07:46<02:25,  6.06s/epoch, best=9.333e+01, sign=0.152, train=9.482e+01, val=9.355e+01]
GNN flow training:  77%|███████▋  | 77/100 [07:46<02:18,  6.04s/epoch, best=9.333e+01, sign=0.152, train=9.482e+01, val=9.355e+01]
GNN flow training:  77%|███████▋  | 77/100 [07:52<02:18,  6.04s/epoch, best=9.333e+01, sign=0.152, train=9.355e+01, val=9.316e+01]
GNN flow training:  78%|███████▊  | 78/100 [07:52<02:12,  6.04s/epoch, best=9.333e+01, sign=0.152, train=9.355e+01, val=9.316e+01]
GNN flow training:  78%|███████▊  | 78/100 [07:58<02:12,  6.04s/epoch, best=9.316e+01, sign=0.151, train=9.316e+01, val=9.418e+01]
GNN flow training:  79%|███████▉  | 79/100 [07:58<02:06,  6.04s/epoch, best=9.316e+01, sign=0.151, train=9.316e+01, val=9.418e+01]
GNN flow training:  79%|███████▉  | 79/100 [08:04<02:06,  6.04s/epoch, best=9.316e+01, sign=0.152, train=9.418e+01, val=9.482e+01]
GNN flow training:  80%|████████  | 80/100 [08:04<02:01,  6.06s/epoch, best=9.316e+01, sign=0.152, train=9.418e+01, val=9.482e+01]
GNN flow training:  80%|████████  | 80/100 [08:10<02:01,  6.06s/epoch, best=9.316e+01, sign=0.152, train=9.482e+01, val=9.492e+01]
GNN flow training:  81%|████████  | 81/100 [08:10<01:55,  6.06s/epoch, best=9.316e+01, sign=0.152, train=9.482e+01, val=9.492e+01]
GNN flow training:  81%|████████  | 81/100 [08:17<01:55,  6.06s/epoch, best=9.316e+01, sign=0.150, train=9.492e+01, val=9.420e+01]
GNN flow training:  82%|████████▏ | 82/100 [08:17<01:49,  6.07s/epoch, best=9.316e+01, sign=0.150, train=9.492e+01, val=9.420e+01]
GNN flow training:  82%|████████▏ | 82/100 [08:23<01:49,  6.07s/epoch, best=9.316e+01, sign=0.149, train=9.420e+01, val=9.382e+01]
GNN flow training:  83%|████████▎ | 83/100 [08:23<01:42,  6.05s/epoch, best=9.316e+01, sign=0.149, train=9.420e+01, val=9.382e+01]
GNN flow training:  83%|████████▎ | 83/100 [08:29<01:42,  6.05s/epoch, best=9.316e+01, sign=0.148, train=9.382e+01, val=9.393e+01]
GNN flow training:  84%|████████▍ | 84/100 [08:29<01:36,  6.04s/epoch, best=9.316e+01, sign=0.148, train=9.382e+01, val=9.393e+01]
GNN flow training:  84%|████████▍ | 84/100 [08:35<01:36,  6.04s/epoch, best=9.316e+01, sign=0.149, train=9.393e+01, val=9.435e+01]
GNN flow training:  85%|████████▌ | 85/100 [08:35<01:30,  6.04s/epoch, best=9.316e+01, sign=0.149, train=9.393e+01, val=9.435e+01]
GNN flow training:  85%|████████▌ | 85/100 [08:41<01:30,  6.04s/epoch, best=9.316e+01, sign=0.148, train=9.436e+01, val=9.509e+01]
GNN flow training:  86%|████████▌ | 86/100 [08:41<01:24,  6.03s/epoch, best=9.316e+01, sign=0.148, train=9.436e+01, val=9.509e+01]
GNN flow training:  86%|████████▌ | 86/100 [08:47<01:24,  6.03s/epoch, best=9.316e+01, sign=0.148, train=9.509e+01, val=9.629e+01]
GNN flow training:  87%|████████▋ | 87/100 [08:47<01:18,  6.02s/epoch, best=9.316e+01, sign=0.148, train=9.509e+01, val=9.629e+01]
GNN flow training:  87%|████████▋ | 87/100 [08:53<01:18,  6.02s/epoch, best=9.316e+01, sign=0.146, train=9.629e+01, val=9.565e+01]
GNN flow training:  88%|████████▊ | 88/100 [08:53<01:12,  6.02s/epoch, best=9.316e+01, sign=0.146, train=9.629e+01, val=9.565e+01]
GNN flow training:  88%|████████▊ | 88/100 [08:59<01:12,  6.02s/epoch, best=9.316e+01, sign=0.143, train=9.565e+01, val=9.447e+01]
GNN flow training:  89%|████████▉ | 89/100 [08:59<01:06,  6.03s/epoch, best=9.316e+01, sign=0.143, train=9.565e+01, val=9.447e+01]
GNN flow training:  89%|████████▉ | 89/100 [09:05<01:06,  6.03s/epoch, best=9.316e+01, sign=0.143, train=9.447e+01, val=9.490e+01]
GNN flow training:  90%|█████████ | 90/100 [09:05<01:00,  6.03s/epoch, best=9.316e+01, sign=0.143, train=9.447e+01, val=9.490e+01]
GNN flow training:  90%|█████████ | 90/100 [09:11<01:00,  6.03s/epoch, best=9.316e+01, sign=0.143, train=9.490e+01, val=9.552e+01]
GNN flow training:  91%|█████████ | 91/100 [09:11<00:54,  6.04s/epoch, best=9.316e+01, sign=0.143, train=9.490e+01, val=9.552e+01]
GNN flow training:  91%|█████████ | 91/100 [09:17<00:54,  6.04s/epoch, best=9.316e+01, sign=0.139, train=9.552e+01, val=9.415e+01]
GNN flow training:  92%|█████████▏| 92/100 [09:17<00:48,  6.04s/epoch, best=9.316e+01, sign=0.139, train=9.552e+01, val=9.415e+01]
GNN flow training:  92%|█████████▏| 92/100 [09:23<00:48,  6.04s/epoch, best=9.316e+01, sign=0.137, train=9.415e+01, val=9.369e+01]
GNN flow training:  93%|█████████▎| 93/100 [09:23<00:42,  6.04s/epoch, best=9.316e+01, sign=0.137, train=9.415e+01, val=9.369e+01]
GNN flow training:  93%|█████████▎| 93/100 [09:29<00:42,  6.04s/epoch, best=9.316e+01, sign=0.136, train=9.369e+01, val=9.300e+01]
GNN flow training:  94%|█████████▍| 94/100 [09:29<00:36,  6.05s/epoch, best=9.316e+01, sign=0.136, train=9.369e+01, val=9.300e+01]
GNN flow training:  94%|█████████▍| 94/100 [09:35<00:36,  6.05s/epoch, best=9.300e+01, sign=0.134, train=9.300e+01, val=9.285e+01]
GNN flow training:  95%|█████████▌| 95/100 [09:35<00:30,  6.08s/epoch, best=9.300e+01, sign=0.134, train=9.300e+01, val=9.285e+01]
GNN flow training:  95%|█████████▌| 95/100 [09:41<00:30,  6.08s/epoch, best=9.285e+01, sign=0.134, train=9.285e+01, val=9.208e+01]
GNN flow training:  96%|█████████▌| 96/100 [09:41<00:24,  6.06s/epoch, best=9.285e+01, sign=0.134, train=9.285e+01, val=9.208e+01]
GNN flow training:  96%|█████████▌| 96/100 [09:47<00:24,  6.06s/epoch, best=9.208e+01, sign=0.133, train=9.208e+01, val=9.154e+01]
GNN flow training:  97%|█████████▋| 97/100 [09:47<00:18,  6.06s/epoch, best=9.208e+01, sign=0.133, train=9.208e+01, val=9.154e+01]
GNN flow training:  97%|█████████▋| 97/100 [09:53<00:18,  6.06s/epoch, best=9.154e+01, sign=0.134, train=9.154e+01, val=9.092e+01]
GNN flow training:  98%|█████████▊| 98/100 [09:53<00:12,  6.06s/epoch, best=9.154e+01, sign=0.134, train=9.154e+01, val=9.092e+01]
GNN flow training:  98%|█████████▊| 98/100 [09:59<00:12,  6.06s/epoch, best=9.092e+01, sign=0.133, train=9.092e+01, val=9.138e+01]
GNN flow training:  99%|█████████▉| 99/100 [09:59<00:06,  6.06s/epoch, best=9.092e+01, sign=0.133, train=9.092e+01, val=9.138e+01]
GNN flow training:  99%|█████████▉| 99/100 [10:05<00:06,  6.06s/epoch, best=9.092e+01, sign=0.134, train=9.138e+01, val=9.149e+01]
GNN flow training: 100%|██████████| 100/100 [10:05<00:00,  6.06s/epoch, best=9.092e+01, sign=0.134, train=9.138e+01, val=9.149e+01]
GNN flow training: 100%|██████████| 100/100 [10:05<00:00,  6.06s/epoch, best=9.092e+01, sign=0.134, train=9.138e+01, val=9.149e+01]
Resolved config snapshot:
{'preset': 'solver_QKB_outer_QKBdelta', 'gnn_outer_losses': {'flow': 0.1, 'kirchhoff': 10.0, 'boundary': 100.0, 'delta_l2': 10.0, 'delta_smooth': 0.0, 'pressure_shape': 0.0}, 'physics': {'arterial_flow_mode': 'dataset', 'pressure_constraints': ['equal-a-equal-v'], 'alpha_pa': None, 'use_snr_weights': True, 'use_observed_flow_snr_weighting': True, 'flow_scale_mode': 'median_abs', 'solver_device': 'same', 'pressure_solver_mode': 'reduced-soft-constrained-lstsq', 'pressure_solver_lambda_kirchhoff': 1.0, 'pressure_solver_lambda_pressure_constraints': 100.0, 'pressure_solver_lambda_flow_residual': 1.0, 'pressure_shape_reference': 'delta_zero_reference', 'pressure_detach': False}, 'correction_bounds': {'correction_min': -0.5, 'correction_max': 0.5, 'correction_bound': 0.5, 'correction_parameterization': 'tanh'}, 'optimization': {'learning_rate': 0.001, 'weight_decay': 0.0001, 'gradient_clip_norm': 5.0, 'optimizer': 'adamw', 'epochs': 100, 'patience': 40}}
Shard 11/80: 1 of 80 runs
Command: /mnt/home/sswee/miniforge3/envs/yolk-sac/bin/python /mnt/home/sswee/yolk/Yolk-Sac-Flow-Data-and-Sim/gnn_clean/scripts/python/gnn_flow.py /mnt/home/sswee/yolk/Yolk-Sac-Flow-Data-and-Sim/gnn_clean/datasets/mosaic_graph_canonical_harmonized/mosaic_graph_canonical_harmonized.gpickle --output-dir /mnt/home/sswee/yolk/Yolk-Sac-Flow-Data-and-Sim/gnn_clean/outputs_canonical/dc/02_physics_weight_sweep/gnn --run-name q_0p1__k_10__delta_10 --preset solver_QKB_outer_QKBdelta --device cuda --epochs 100 --seed 0 --viscosity-pa-s 0.0035 --config /mnt/home/sswee/yolk/Yolk-Sac-Flow-Data-and-Sim/gnn_clean/outputs_canonical/dc/02_physics_weight_sweep/_generated_configs/q_0p1__k_10__delta_10.yaml --no-pressure-detach
