[info] DC Step 2 canonical sweep uses fixed lambda_B=100.0 for both the outer boundary loss and the reduced pressure-solver boundary constraint.

GNN flow training:   0%|          | 0/100 [00:00<?, ?epoch/s]
GNN flow training:   0%|          | 0/100 [00:06<?, ?epoch/s, best=1.279e+01, sign=0.194, train=1.280e+01, val=1.279e+01]
GNN flow training:   1%|          | 1/100 [00:06<10:22,  6.29s/epoch, best=1.279e+01, sign=0.194, train=1.280e+01, val=1.279e+01]
GNN flow training:   1%|          | 1/100 [00:12<10:22,  6.29s/epoch, best=1.279e+01, sign=0.194, train=1.281e+01, val=1.282e+01]
GNN flow training:   2%|▏         | 2/100 [00:12<10:09,  6.21s/epoch, best=1.279e+01, sign=0.194, train=1.281e+01, val=1.282e+01]
GNN flow training:   2%|▏         | 2/100 [00:18<10:09,  6.21s/epoch, best=1.279e+01, sign=0.194, train=1.283e+01, val=1.281e+01]
GNN flow training:   3%|▎         | 3/100 [00:18<10:00,  6.19s/epoch, best=1.279e+01, sign=0.194, train=1.283e+01, val=1.281e+01]
GNN flow training:   3%|▎         | 3/100 [00:24<10:00,  6.19s/epoch, best=1.279e+01, sign=0.194, train=1.283e+01, val=1.276e+01]
GNN flow training:   4%|▍         | 4/100 [00:24<09:53,  6.19s/epoch, best=1.279e+01, sign=0.194, train=1.283e+01, val=1.276e+01]
GNN flow training:   4%|▍         | 4/100 [00:30<09:53,  6.19s/epoch, best=1.276e+01, sign=0.194, train=1.278e+01, val=1.278e+01]
GNN flow training:   5%|▌         | 5/100 [00:30<09:45,  6.16s/epoch, best=1.276e+01, sign=0.194, train=1.278e+01, val=1.278e+01]
GNN flow training:   5%|▌         | 5/100 [00:37<09:45,  6.16s/epoch, best=1.276e+01, sign=0.194, train=1.279e+01, val=1.277e+01]
GNN flow training:   6%|▌         | 6/100 [00:37<09:37,  6.14s/epoch, best=1.276e+01, sign=0.194, train=1.279e+01, val=1.277e+01]
GNN flow training:   6%|▌         | 6/100 [00:43<09:37,  6.14s/epoch, best=1.276e+01, sign=0.195, train=1.278e+01, val=1.276e+01]
GNN flow training:   7%|▋         | 7/100 [00:43<09:34,  6.18s/epoch, best=1.276e+01, sign=0.195, train=1.278e+01, val=1.276e+01]
GNN flow training:   7%|▋         | 7/100 [00:49<09:34,  6.18s/epoch, best=1.276e+01, sign=0.195, train=1.277e+01, val=1.274e+01]
GNN flow training:   8%|▊         | 8/100 [00:49<09:26,  6.16s/epoch, best=1.276e+01, sign=0.195, train=1.277e+01, val=1.274e+01]
GNN flow training:   8%|▊         | 8/100 [00:55<09:26,  6.16s/epoch, best=1.274e+01, sign=0.196, train=1.275e+01, val=1.273e+01]
GNN flow training:   9%|▉         | 9/100 [00:55<09:23,  6.19s/epoch, best=1.274e+01, sign=0.196, train=1.275e+01, val=1.273e+01]
GNN flow training:   9%|▉         | 9/100 [01:01<09:23,  6.19s/epoch, best=1.273e+01, sign=0.197, train=1.274e+01, val=1.273e+01]
GNN flow training:  10%|█         | 10/100 [01:01<09:15,  6.17s/epoch, best=1.273e+01, sign=0.197, train=1.274e+01, val=1.273e+01]
GNN flow training:  10%|█         | 10/100 [01:07<09:15,  6.17s/epoch, best=1.273e+01, sign=0.198, train=1.275e+01, val=1.275e+01]
GNN flow training:  11%|█         | 11/100 [01:07<09:07,  6.16s/epoch, best=1.273e+01, sign=0.198, train=1.275e+01, val=1.275e+01]
GNN flow training:  11%|█         | 11/100 [01:14<09:07,  6.16s/epoch, best=1.273e+01, sign=0.198, train=1.276e+01, val=1.278e+01]
GNN flow training:  12%|█▏        | 12/100 [01:14<09:03,  6.17s/epoch, best=1.273e+01, sign=0.198, train=1.276e+01, val=1.278e+01]
GNN flow training:  12%|█▏        | 12/100 [01:20<09:03,  6.17s/epoch, best=1.273e+01, sign=0.198, train=1.279e+01, val=1.275e+01]
GNN flow training:  13%|█▎        | 13/100 [01:20<08:56,  6.16s/epoch, best=1.273e+01, sign=0.198, train=1.279e+01, val=1.275e+01]
GNN flow training:  13%|█▎        | 13/100 [01:26<08:56,  6.16s/epoch, best=1.273e+01, sign=0.199, train=1.277e+01, val=1.274e+01]
GNN flow training:  14%|█▍        | 14/100 [01:26<08:49,  6.16s/epoch, best=1.273e+01, sign=0.199, train=1.277e+01, val=1.274e+01]
GNN flow training:  14%|█▍        | 14/100 [01:32<08:49,  6.16s/epoch, best=1.273e+01, sign=0.198, train=1.276e+01, val=1.271e+01]
GNN flow training:  15%|█▌        | 15/100 [01:32<08:43,  6.16s/epoch, best=1.273e+01, sign=0.198, train=1.276e+01, val=1.271e+01]
GNN flow training:  15%|█▌        | 15/100 [01:38<08:43,  6.16s/epoch, best=1.271e+01, sign=0.198, train=1.272e+01, val=1.272e+01]
GNN flow training:  16%|█▌        | 16/100 [01:38<08:34,  6.13s/epoch, best=1.271e+01, sign=0.198, train=1.272e+01, val=1.272e+01]
GNN flow training:  16%|█▌        | 16/100 [01:44<08:34,  6.13s/epoch, best=1.271e+01, sign=0.197, train=1.273e+01, val=1.270e+01]
GNN flow training:  17%|█▋        | 17/100 [01:44<08:29,  6.14s/epoch, best=1.271e+01, sign=0.197, train=1.273e+01, val=1.270e+01]
GNN flow training:  17%|█▋        | 17/100 [01:50<08:29,  6.14s/epoch, best=1.270e+01, sign=0.197, train=1.271e+01, val=1.264e+01]
GNN flow training:  18%|█▊        | 18/100 [01:50<08:23,  6.13s/epoch, best=1.270e+01, sign=0.197, train=1.271e+01, val=1.264e+01]
GNN flow training:  18%|█▊        | 18/100 [01:57<08:23,  6.13s/epoch, best=1.264e+01, sign=0.197, train=1.266e+01, val=1.263e+01]
GNN flow training:  19%|█▉        | 19/100 [01:57<08:16,  6.14s/epoch, best=1.264e+01, sign=0.197, train=1.266e+01, val=1.263e+01]
GNN flow training:  19%|█▉        | 19/100 [02:03<08:16,  6.14s/epoch, best=1.263e+01, sign=0.196, train=1.264e+01, val=1.257e+01]
GNN flow training:  20%|██        | 20/100 [02:03<08:10,  6.13s/epoch, best=1.263e+01, sign=0.196, train=1.264e+01, val=1.257e+01]
GNN flow training:  20%|██        | 20/100 [02:09<08:10,  6.13s/epoch, best=1.257e+01, sign=0.197, train=1.259e+01, val=1.257e+01]
GNN flow training:  21%|██        | 21/100 [02:09<08:04,  6.13s/epoch, best=1.257e+01, sign=0.197, train=1.259e+01, val=1.257e+01]
GNN flow training:  21%|██        | 21/100 [02:15<08:04,  6.13s/epoch, best=1.257e+01, sign=0.197, train=1.258e+01, val=1.256e+01]
GNN flow training:  22%|██▏       | 22/100 [02:15<07:59,  6.15s/epoch, best=1.257e+01, sign=0.197, train=1.258e+01, val=1.256e+01]
GNN flow training:  22%|██▏       | 22/100 [02:21<07:59,  6.15s/epoch, best=1.256e+01, sign=0.196, train=1.257e+01, val=1.253e+01]
GNN flow training:  23%|██▎       | 23/100 [02:21<07:54,  6.17s/epoch, best=1.256e+01, sign=0.196, train=1.257e+01, val=1.253e+01]
GNN flow training:  23%|██▎       | 23/100 [02:27<07:54,  6.17s/epoch, best=1.253e+01, sign=0.196, train=1.255e+01, val=1.253e+01]
GNN flow training:  24%|██▍       | 24/100 [02:27<07:47,  6.16s/epoch, best=1.253e+01, sign=0.196, train=1.255e+01, val=1.253e+01]
GNN flow training:  24%|██▍       | 24/100 [02:33<07:47,  6.16s/epoch, best=1.253e+01, sign=0.195, train=1.254e+01, val=1.254e+01]
GNN flow training:  25%|██▌       | 25/100 [02:33<07:41,  6.15s/epoch, best=1.253e+01, sign=0.195, train=1.254e+01, val=1.254e+01]
GNN flow training:  25%|██▌       | 25/100 [02:40<07:41,  6.15s/epoch, best=1.253e+01, sign=0.195, train=1.256e+01, val=1.248e+01]
GNN flow training:  26%|██▌       | 26/100 [02:40<07:35,  6.16s/epoch, best=1.253e+01, sign=0.195, train=1.256e+01, val=1.248e+01]
GNN flow training:  26%|██▌       | 26/100 [02:46<07:35,  6.16s/epoch, best=1.248e+01, sign=0.196, train=1.249e+01, val=1.246e+01]
GNN flow training:  27%|██▋       | 27/100 [02:46<07:29,  6.16s/epoch, best=1.248e+01, sign=0.196, train=1.249e+01, val=1.246e+01]
GNN flow training:  27%|██▋       | 27/100 [02:52<07:29,  6.16s/epoch, best=1.246e+01, sign=0.196, train=1.248e+01, val=1.243e+01]
GNN flow training:  28%|██▊       | 28/100 [02:52<07:23,  6.16s/epoch, best=1.246e+01, sign=0.196, train=1.248e+01, val=1.243e+01]
GNN flow training:  28%|██▊       | 28/100 [02:58<07:23,  6.16s/epoch, best=1.243e+01, sign=0.195, train=1.245e+01, val=1.241e+01]
GNN flow training:  29%|██▉       | 29/100 [02:58<07:15,  6.13s/epoch, best=1.243e+01, sign=0.195, train=1.245e+01, val=1.241e+01]
GNN flow training:  29%|██▉       | 29/100 [03:04<07:15,  6.13s/epoch, best=1.241e+01, sign=0.195, train=1.242e+01, val=1.238e+01]
GNN flow training:  30%|███       | 30/100 [03:04<07:10,  6.15s/epoch, best=1.241e+01, sign=0.195, train=1.242e+01, val=1.238e+01]
GNN flow training:  30%|███       | 30/100 [03:10<07:10,  6.15s/epoch, best=1.238e+01, sign=0.195, train=1.240e+01, val=1.237e+01]
GNN flow training:  31%|███       | 31/100 [03:10<07:04,  6.16s/epoch, best=1.238e+01, sign=0.195, train=1.240e+01, val=1.237e+01]
GNN flow training:  31%|███       | 31/100 [03:17<07:04,  6.16s/epoch, best=1.237e+01, sign=0.196, train=1.239e+01, val=1.234e+01]
GNN flow training:  32%|███▏      | 32/100 [03:17<06:59,  6.17s/epoch, best=1.237e+01, sign=0.196, train=1.239e+01, val=1.234e+01]
GNN flow training:  32%|███▏      | 32/100 [03:23<06:59,  6.17s/epoch, best=1.234e+01, sign=0.195, train=1.235e+01, val=1.233e+01]
GNN flow training:  33%|███▎      | 33/100 [03:23<06:53,  6.18s/epoch, best=1.234e+01, sign=0.195, train=1.235e+01, val=1.233e+01]
GNN flow training:  33%|███▎      | 33/100 [03:29<06:53,  6.18s/epoch, best=1.233e+01, sign=0.195, train=1.235e+01, val=1.228e+01]
GNN flow training:  34%|███▍      | 34/100 [03:29<06:46,  6.16s/epoch, best=1.233e+01, sign=0.195, train=1.235e+01, val=1.228e+01]
GNN flow training:  34%|███▍      | 34/100 [03:35<06:46,  6.16s/epoch, best=1.228e+01, sign=0.194, train=1.229e+01, val=1.220e+01]
GNN flow training:  35%|███▌      | 35/100 [03:35<06:40,  6.16s/epoch, best=1.228e+01, sign=0.194, train=1.229e+01, val=1.220e+01]
GNN flow training:  35%|███▌      | 35/100 [03:41<06:40,  6.16s/epoch, best=1.220e+01, sign=0.193, train=1.222e+01, val=1.210e+01]
GNN flow training:  36%|███▌      | 36/100 [03:41<06:33,  6.16s/epoch, best=1.220e+01, sign=0.193, train=1.222e+01, val=1.210e+01]
GNN flow training:  36%|███▌      | 36/100 [03:47<06:33,  6.16s/epoch, best=1.210e+01, sign=0.191, train=1.212e+01, val=1.206e+01]
GNN flow training:  37%|███▋      | 37/100 [03:47<06:27,  6.15s/epoch, best=1.210e+01, sign=0.191, train=1.212e+01, val=1.206e+01]
GNN flow training:  37%|███▋      | 37/100 [03:53<06:27,  6.15s/epoch, best=1.206e+01, sign=0.189, train=1.208e+01, val=1.195e+01]
GNN flow training:  38%|███▊      | 38/100 [03:53<06:19,  6.13s/epoch, best=1.206e+01, sign=0.189, train=1.208e+01, val=1.195e+01]
GNN flow training:  38%|███▊      | 38/100 [04:00<06:19,  6.13s/epoch, best=1.195e+01, sign=0.188, train=1.197e+01, val=1.189e+01]
GNN flow training:  39%|███▉      | 39/100 [04:00<06:14,  6.14s/epoch, best=1.195e+01, sign=0.188, train=1.197e+01, val=1.189e+01]
GNN flow training:  39%|███▉      | 39/100 [04:06<06:14,  6.14s/epoch, best=1.189e+01, sign=0.187, train=1.190e+01, val=1.181e+01]
GNN flow training:  40%|████      | 40/100 [04:06<06:07,  6.13s/epoch, best=1.189e+01, sign=0.187, train=1.190e+01, val=1.181e+01]
GNN flow training:  40%|████      | 40/100 [04:12<06:07,  6.13s/epoch, best=1.181e+01, sign=0.187, train=1.183e+01, val=1.178e+01]
GNN flow training:  41%|████      | 41/100 [04:12<06:03,  6.17s/epoch, best=1.181e+01, sign=0.187, train=1.183e+01, val=1.178e+01]
GNN flow training:  41%|████      | 41/100 [04:18<06:03,  6.17s/epoch, best=1.178e+01, sign=0.186, train=1.179e+01, val=1.172e+01]
GNN flow training:  42%|████▏     | 42/100 [04:18<05:56,  6.15s/epoch, best=1.178e+01, sign=0.186, train=1.179e+01, val=1.172e+01]
GNN flow training:  42%|████▏     | 42/100 [04:24<05:56,  6.15s/epoch, best=1.172e+01, sign=0.186, train=1.173e+01, val=1.170e+01]
GNN flow training:  43%|████▎     | 43/100 [04:24<05:49,  6.13s/epoch, best=1.172e+01, sign=0.186, train=1.173e+01, val=1.170e+01]
GNN flow training:  43%|████▎     | 43/100 [04:30<05:49,  6.13s/epoch, best=1.170e+01, sign=0.186, train=1.171e+01, val=1.169e+01]
GNN flow training:  44%|████▍     | 44/100 [04:30<05:42,  6.12s/epoch, best=1.170e+01, sign=0.186, train=1.171e+01, val=1.169e+01]
GNN flow training:  44%|████▍     | 44/100 [04:36<05:42,  6.12s/epoch, best=1.169e+01, sign=0.185, train=1.170e+01, val=1.163e+01]
GNN flow training:  45%|████▌     | 45/100 [04:36<05:35,  6.10s/epoch, best=1.169e+01, sign=0.185, train=1.170e+01, val=1.163e+01]
GNN flow training:  45%|████▌     | 45/100 [04:42<05:35,  6.10s/epoch, best=1.163e+01, sign=0.185, train=1.165e+01, val=1.163e+01]
GNN flow training:  46%|████▌     | 46/100 [04:42<05:30,  6.11s/epoch, best=1.163e+01, sign=0.185, train=1.165e+01, val=1.163e+01]
GNN flow training:  46%|████▌     | 46/100 [04:49<05:30,  6.11s/epoch, best=1.163e+01, sign=0.184, train=1.164e+01, val=1.161e+01]
GNN flow training:  47%|████▋     | 47/100 [04:49<05:24,  6.11s/epoch, best=1.163e+01, sign=0.184, train=1.164e+01, val=1.161e+01]
GNN flow training:  47%|████▋     | 47/100 [04:55<05:24,  6.11s/epoch, best=1.161e+01, sign=0.183, train=1.162e+01, val=1.156e+01]
GNN flow training:  48%|████▊     | 48/100 [04:55<05:17,  6.11s/epoch, best=1.161e+01, sign=0.183, train=1.162e+01, val=1.156e+01]
GNN flow training:  48%|████▊     | 48/100 [05:01<05:17,  6.11s/epoch, best=1.156e+01, sign=0.182, train=1.157e+01, val=1.149e+01]
GNN flow training:  49%|████▉     | 49/100 [05:01<05:11,  6.11s/epoch, best=1.156e+01, sign=0.182, train=1.157e+01, val=1.149e+01]
GNN flow training:  49%|████▉     | 49/100 [05:07<05:11,  6.11s/epoch, best=1.149e+01, sign=0.182, train=1.150e+01, val=1.142e+01]
GNN flow training:  50%|█████     | 50/100 [05:07<05:05,  6.11s/epoch, best=1.149e+01, sign=0.182, train=1.150e+01, val=1.142e+01]
GNN flow training:  50%|█████     | 50/100 [05:13<05:05,  6.11s/epoch, best=1.142e+01, sign=0.181, train=1.143e+01, val=1.135e+01]
GNN flow training:  51%|█████     | 51/100 [05:13<05:00,  6.13s/epoch, best=1.142e+01, sign=0.181, train=1.143e+01, val=1.135e+01]
GNN flow training:  51%|█████     | 51/100 [05:19<05:00,  6.13s/epoch, best=1.135e+01, sign=0.178, train=1.137e+01, val=1.133e+01]
GNN flow training:  52%|█████▏    | 52/100 [05:19<04:54,  6.13s/epoch, best=1.135e+01, sign=0.178, train=1.137e+01, val=1.133e+01]
GNN flow training:  52%|█████▏    | 52/100 [05:25<04:54,  6.13s/epoch, best=1.133e+01, sign=0.178, train=1.134e+01, val=1.124e+01]
GNN flow training:  53%|█████▎    | 53/100 [05:25<04:47,  6.12s/epoch, best=1.133e+01, sign=0.178, train=1.134e+01, val=1.124e+01]
GNN flow training:  53%|█████▎    | 53/100 [05:31<04:47,  6.12s/epoch, best=1.124e+01, sign=0.177, train=1.126e+01, val=1.118e+01]
GNN flow training:  54%|█████▍    | 54/100 [05:31<04:41,  6.13s/epoch, best=1.124e+01, sign=0.177, train=1.126e+01, val=1.118e+01]
GNN flow training:  54%|█████▍    | 54/100 [05:38<04:41,  6.13s/epoch, best=1.118e+01, sign=0.178, train=1.119e+01, val=1.116e+01]
GNN flow training:  55%|█████▌    | 55/100 [05:38<04:35,  6.13s/epoch, best=1.118e+01, sign=0.178, train=1.119e+01, val=1.116e+01]
GNN flow training:  55%|█████▌    | 55/100 [05:44<04:35,  6.13s/epoch, best=1.116e+01, sign=0.177, train=1.117e+01, val=1.110e+01]
GNN flow training:  56%|█████▌    | 56/100 [05:44<04:29,  6.13s/epoch, best=1.116e+01, sign=0.177, train=1.117e+01, val=1.110e+01]
GNN flow training:  56%|█████▌    | 56/100 [05:50<04:29,  6.13s/epoch, best=1.110e+01, sign=0.177, train=1.111e+01, val=1.114e+01]
GNN flow training:  57%|█████▋    | 57/100 [05:50<04:22,  6.11s/epoch, best=1.110e+01, sign=0.177, train=1.111e+01, val=1.114e+01]
GNN flow training:  57%|█████▋    | 57/100 [05:56<04:22,  6.11s/epoch, best=1.110e+01, sign=0.178, train=1.115e+01, val=1.113e+01]
GNN flow training:  58%|█████▊    | 58/100 [05:56<04:16,  6.11s/epoch, best=1.110e+01, sign=0.178, train=1.115e+01, val=1.113e+01]
GNN flow training:  58%|█████▊    | 58/100 [06:02<04:16,  6.11s/epoch, best=1.110e+01, sign=0.178, train=1.114e+01, val=1.102e+01]
GNN flow training:  59%|█████▉    | 59/100 [06:02<04:11,  6.13s/epoch, best=1.110e+01, sign=0.178, train=1.114e+01, val=1.102e+01]
GNN flow training:  59%|█████▉    | 59/100 [06:08<04:11,  6.13s/epoch, best=1.102e+01, sign=0.178, train=1.103e+01, val=1.102e+01]
GNN flow training:  60%|██████    | 60/100 [06:08<04:05,  6.13s/epoch, best=1.102e+01, sign=0.178, train=1.103e+01, val=1.102e+01]
GNN flow training:  60%|██████    | 60/100 [06:14<04:05,  6.13s/epoch, best=1.102e+01, sign=0.177, train=1.103e+01, val=1.104e+01]
GNN flow training:  61%|██████    | 61/100 [06:14<03:59,  6.13s/epoch, best=1.102e+01, sign=0.177, train=1.103e+01, val=1.104e+01]
GNN flow training:  61%|██████    | 61/100 [06:20<03:59,  6.13s/epoch, best=1.102e+01, sign=0.177, train=1.105e+01, val=1.102e+01]
GNN flow training:  62%|██████▏   | 62/100 [06:20<03:53,  6.14s/epoch, best=1.102e+01, sign=0.177, train=1.105e+01, val=1.102e+01]
GNN flow training:  62%|██████▏   | 62/100 [06:27<03:53,  6.14s/epoch, best=1.102e+01, sign=0.177, train=1.103e+01, val=1.100e+01]
GNN flow training:  63%|██████▎   | 63/100 [06:27<03:47,  6.14s/epoch, best=1.102e+01, sign=0.177, train=1.103e+01, val=1.100e+01]
GNN flow training:  63%|██████▎   | 63/100 [06:33<03:47,  6.14s/epoch, best=1.100e+01, sign=0.176, train=1.101e+01, val=1.097e+01]
GNN flow training:  64%|██████▍   | 64/100 [06:33<03:40,  6.14s/epoch, best=1.100e+01, sign=0.176, train=1.101e+01, val=1.097e+01]
GNN flow training:  64%|██████▍   | 64/100 [06:39<03:40,  6.14s/epoch, best=1.097e+01, sign=0.177, train=1.098e+01, val=1.092e+01]
GNN flow training:  65%|██████▌   | 65/100 [06:39<03:34,  6.12s/epoch, best=1.097e+01, sign=0.177, train=1.098e+01, val=1.092e+01]
GNN flow training:  65%|██████▌   | 65/100 [06:45<03:34,  6.12s/epoch, best=1.092e+01, sign=0.176, train=1.093e+01, val=1.090e+01]
GNN flow training:  66%|██████▌   | 66/100 [06:45<03:28,  6.13s/epoch, best=1.092e+01, sign=0.176, train=1.093e+01, val=1.090e+01]
GNN flow training:  66%|██████▌   | 66/100 [06:51<03:28,  6.13s/epoch, best=1.090e+01, sign=0.176, train=1.091e+01, val=1.089e+01]
GNN flow training:  67%|██████▋   | 67/100 [06:51<03:22,  6.14s/epoch, best=1.090e+01, sign=0.176, train=1.091e+01, val=1.089e+01]
GNN flow training:  67%|██████▋   | 67/100 [06:57<03:22,  6.14s/epoch, best=1.089e+01, sign=0.176, train=1.090e+01, val=1.089e+01]
GNN flow training:  68%|██████▊   | 68/100 [06:57<03:16,  6.15s/epoch, best=1.089e+01, sign=0.176, train=1.090e+01, val=1.089e+01]
GNN flow training:  68%|██████▊   | 68/100 [07:03<03:16,  6.15s/epoch, best=1.089e+01, sign=0.176, train=1.090e+01, val=1.088e+01]
GNN flow training:  69%|██████▉   | 69/100 [07:03<03:10,  6.15s/epoch, best=1.089e+01, sign=0.176, train=1.090e+01, val=1.088e+01]
GNN flow training:  69%|██████▉   | 69/100 [07:10<03:10,  6.15s/epoch, best=1.088e+01, sign=0.176, train=1.089e+01, val=1.101e+01]
GNN flow training:  70%|███████   | 70/100 [07:10<03:04,  6.14s/epoch, best=1.088e+01, sign=0.176, train=1.089e+01, val=1.101e+01]
GNN flow training:  70%|███████   | 70/100 [07:16<03:04,  6.14s/epoch, best=1.088e+01, sign=0.177, train=1.102e+01, val=1.108e+01]
GNN flow training:  71%|███████   | 71/100 [07:16<02:57,  6.13s/epoch, best=1.088e+01, sign=0.177, train=1.102e+01, val=1.108e+01]
GNN flow training:  71%|███████   | 71/100 [07:22<02:57,  6.13s/epoch, best=1.088e+01, sign=0.177, train=1.108e+01, val=1.109e+01]
GNN flow training:  72%|███████▏  | 72/100 [07:22<02:52,  6.15s/epoch, best=1.088e+01, sign=0.177, train=1.108e+01, val=1.109e+01]
GNN flow training:  72%|███████▏  | 72/100 [07:28<02:52,  6.15s/epoch, best=1.088e+01, sign=0.177, train=1.110e+01, val=1.104e+01]
GNN flow training:  73%|███████▎  | 73/100 [07:28<02:45,  6.15s/epoch, best=1.088e+01, sign=0.177, train=1.110e+01, val=1.104e+01]
GNN flow training:  73%|███████▎  | 73/100 [07:34<02:45,  6.15s/epoch, best=1.088e+01, sign=0.176, train=1.105e+01, val=1.106e+01]
GNN flow training:  74%|███████▍  | 74/100 [07:34<02:39,  6.14s/epoch, best=1.088e+01, sign=0.176, train=1.105e+01, val=1.106e+01]
GNN flow training:  74%|███████▍  | 74/100 [07:40<02:39,  6.14s/epoch, best=1.088e+01, sign=0.176, train=1.107e+01, val=1.105e+01]
GNN flow training:  75%|███████▌  | 75/100 [07:40<02:33,  6.15s/epoch, best=1.088e+01, sign=0.176, train=1.107e+01, val=1.105e+01]
GNN flow training:  75%|███████▌  | 75/100 [07:46<02:33,  6.15s/epoch, best=1.088e+01, sign=0.175, train=1.106e+01, val=1.103e+01]
GNN flow training:  76%|███████▌  | 76/100 [07:46<02:27,  6.13s/epoch, best=1.088e+01, sign=0.175, train=1.106e+01, val=1.103e+01]
GNN flow training:  76%|███████▌  | 76/100 [07:52<02:27,  6.13s/epoch, best=1.088e+01, sign=0.176, train=1.104e+01, val=1.101e+01]
GNN flow training:  77%|███████▋  | 77/100 [07:52<02:20,  6.12s/epoch, best=1.088e+01, sign=0.176, train=1.104e+01, val=1.101e+01]
GNN flow training:  77%|███████▋  | 77/100 [07:59<02:20,  6.12s/epoch, best=1.088e+01, sign=0.177, train=1.102e+01, val=1.097e+01]
GNN flow training:  78%|███████▊  | 78/100 [07:59<02:14,  6.11s/epoch, best=1.088e+01, sign=0.177, train=1.102e+01, val=1.097e+01]
GNN flow training:  78%|███████▊  | 78/100 [08:05<02:14,  6.11s/epoch, best=1.088e+01, sign=0.175, train=1.098e+01, val=1.090e+01]
GNN flow training:  79%|███████▉  | 79/100 [08:05<02:08,  6.11s/epoch, best=1.088e+01, sign=0.175, train=1.098e+01, val=1.090e+01]
GNN flow training:  79%|███████▉  | 79/100 [08:11<02:08,  6.11s/epoch, best=1.088e+01, sign=0.176, train=1.091e+01, val=1.091e+01]
GNN flow training:  80%|████████  | 80/100 [08:11<02:02,  6.13s/epoch, best=1.088e+01, sign=0.176, train=1.091e+01, val=1.091e+01]
GNN flow training:  80%|████████  | 80/100 [08:17<02:02,  6.13s/epoch, best=1.088e+01, sign=0.176, train=1.092e+01, val=1.100e+01]
GNN flow training:  81%|████████  | 81/100 [08:17<01:56,  6.13s/epoch, best=1.088e+01, sign=0.176, train=1.092e+01, val=1.100e+01]
GNN flow training:  81%|████████  | 81/100 [08:23<01:56,  6.13s/epoch, best=1.088e+01, sign=0.177, train=1.101e+01, val=1.105e+01]
GNN flow training:  82%|████████▏ | 82/100 [08:23<01:50,  6.13s/epoch, best=1.088e+01, sign=0.177, train=1.101e+01, val=1.105e+01]
GNN flow training:  82%|████████▏ | 82/100 [08:29<01:50,  6.13s/epoch, best=1.088e+01, sign=0.176, train=1.106e+01, val=1.103e+01]
GNN flow training:  83%|████████▎ | 83/100 [08:29<01:44,  6.13s/epoch, best=1.088e+01, sign=0.176, train=1.106e+01, val=1.103e+01]
GNN flow training:  83%|████████▎ | 83/100 [08:35<01:44,  6.13s/epoch, best=1.088e+01, sign=0.177, train=1.104e+01, val=1.099e+01]
GNN flow training:  84%|████████▍ | 84/100 [08:35<01:38,  6.15s/epoch, best=1.088e+01, sign=0.177, train=1.104e+01, val=1.099e+01]
GNN flow training:  84%|████████▍ | 84/100 [08:42<01:38,  6.15s/epoch, best=1.088e+01, sign=0.178, train=1.100e+01, val=1.095e+01]
GNN flow training:  85%|████████▌ | 85/100 [08:42<01:32,  6.14s/epoch, best=1.088e+01, sign=0.178, train=1.100e+01, val=1.095e+01]
GNN flow training:  85%|████████▌ | 85/100 [08:48<01:32,  6.14s/epoch, best=1.088e+01, sign=0.180, train=1.096e+01, val=1.104e+01]
GNN flow training:  86%|████████▌ | 86/100 [08:48<01:25,  6.13s/epoch, best=1.088e+01, sign=0.180, train=1.096e+01, val=1.104e+01]
GNN flow training:  86%|████████▌ | 86/100 [08:54<01:25,  6.13s/epoch, best=1.088e+01, sign=0.179, train=1.105e+01, val=1.105e+01]
GNN flow training:  87%|████████▋ | 87/100 [08:54<01:19,  6.12s/epoch, best=1.088e+01, sign=0.179, train=1.105e+01, val=1.105e+01]
GNN flow training:  87%|████████▋ | 87/100 [09:00<01:19,  6.12s/epoch, best=1.088e+01, sign=0.176, train=1.106e+01, val=1.096e+01]
GNN flow training:  88%|████████▊ | 88/100 [09:00<01:13,  6.12s/epoch, best=1.088e+01, sign=0.176, train=1.106e+01, val=1.096e+01]
GNN flow training:  88%|████████▊ | 88/100 [09:06<01:13,  6.12s/epoch, best=1.088e+01, sign=0.176, train=1.097e+01, val=1.094e+01]
GNN flow training:  89%|████████▉ | 89/100 [09:06<01:07,  6.12s/epoch, best=1.088e+01, sign=0.176, train=1.097e+01, val=1.094e+01]
GNN flow training:  89%|████████▉ | 89/100 [09:12<01:07,  6.12s/epoch, best=1.088e+01, sign=0.177, train=1.095e+01, val=1.097e+01]
GNN flow training:  90%|█████████ | 90/100 [09:12<01:01,  6.11s/epoch, best=1.088e+01, sign=0.177, train=1.095e+01, val=1.097e+01]
GNN flow training:  90%|█████████ | 90/100 [09:18<01:01,  6.11s/epoch, best=1.088e+01, sign=0.177, train=1.098e+01, val=1.099e+01]
GNN flow training:  91%|█████████ | 91/100 [09:18<00:54,  6.10s/epoch, best=1.088e+01, sign=0.177, train=1.098e+01, val=1.099e+01]
GNN flow training:  91%|█████████ | 91/100 [09:24<00:54,  6.10s/epoch, best=1.088e+01, sign=0.177, train=1.100e+01, val=1.099e+01]
GNN flow training:  92%|█████████▏| 92/100 [09:24<00:48,  6.10s/epoch, best=1.088e+01, sign=0.177, train=1.100e+01, val=1.099e+01]
GNN flow training:  92%|█████████▏| 92/100 [09:30<00:48,  6.10s/epoch, best=1.088e+01, sign=0.175, train=1.099e+01, val=1.099e+01]
GNN flow training:  93%|█████████▎| 93/100 [09:30<00:42,  6.09s/epoch, best=1.088e+01, sign=0.175, train=1.099e+01, val=1.099e+01]
GNN flow training:  93%|█████████▎| 93/100 [09:37<00:42,  6.09s/epoch, best=1.088e+01, sign=0.174, train=1.100e+01, val=1.097e+01]
GNN flow training:  94%|█████████▍| 94/100 [09:37<00:36,  6.10s/epoch, best=1.088e+01, sign=0.174, train=1.100e+01, val=1.097e+01]
GNN flow training:  94%|█████████▍| 94/100 [09:43<00:36,  6.10s/epoch, best=1.088e+01, sign=0.172, train=1.098e+01, val=1.093e+01]
GNN flow training:  95%|█████████▌| 95/100 [09:43<00:30,  6.10s/epoch, best=1.088e+01, sign=0.172, train=1.098e+01, val=1.093e+01]
GNN flow training:  95%|█████████▌| 95/100 [09:49<00:30,  6.10s/epoch, best=1.088e+01, sign=0.173, train=1.094e+01, val=1.094e+01]
GNN flow training:  96%|█████████▌| 96/100 [09:49<00:24,  6.11s/epoch, best=1.088e+01, sign=0.173, train=1.094e+01, val=1.094e+01]
GNN flow training:  96%|█████████▌| 96/100 [09:55<00:24,  6.11s/epoch, best=1.088e+01, sign=0.173, train=1.095e+01, val=1.102e+01]
GNN flow training:  97%|█████████▋| 97/100 [09:55<00:18,  6.10s/epoch, best=1.088e+01, sign=0.173, train=1.095e+01, val=1.102e+01]
GNN flow training:  97%|█████████▋| 97/100 [10:01<00:18,  6.10s/epoch, best=1.088e+01, sign=0.170, train=1.103e+01, val=1.090e+01]
GNN flow training:  98%|█████████▊| 98/100 [10:01<00:12,  6.10s/epoch, best=1.088e+01, sign=0.170, train=1.103e+01, val=1.090e+01]
GNN flow training:  98%|█████████▊| 98/100 [10:07<00:12,  6.10s/epoch, best=1.088e+01, sign=0.170, train=1.091e+01, val=1.079e+01]
GNN flow training:  99%|█████████▉| 99/100 [10:07<00:06,  6.10s/epoch, best=1.088e+01, sign=0.170, train=1.091e+01, val=1.079e+01]
GNN flow training:  99%|█████████▉| 99/100 [10:13<00:06,  6.10s/epoch, best=1.079e+01, sign=0.171, train=1.080e+01, val=1.076e+01]
GNN flow training: 100%|██████████| 100/100 [10:13<00:00,  6.10s/epoch, best=1.079e+01, sign=0.171, train=1.080e+01, val=1.076e+01]
GNN flow training: 100%|██████████| 100/100 [10:13<00:00,  6.14s/epoch, best=1.079e+01, sign=0.171, train=1.080e+01, val=1.076e+01]
Resolved config snapshot:
{'preset': 'solver_QKB_outer_QKBdelta', 'gnn_outer_losses': {'flow': 1.0, 'kirchhoff': 1.0, 'boundary': 100.0, 'delta_l2': 10.0, 'delta_smooth': 0.0, 'pressure_shape': 0.0}, 'physics': {'arterial_flow_mode': 'dataset', 'pressure_constraints': ['equal-a-equal-v'], 'alpha_pa': None, 'use_snr_weights': True, 'use_observed_flow_snr_weighting': True, 'flow_scale_mode': 'median_abs', 'solver_device': 'same', 'pressure_solver_mode': 'reduced-soft-constrained-lstsq', 'pressure_solver_lambda_kirchhoff': 1.0, 'pressure_solver_lambda_pressure_constraints': 100.0, 'pressure_solver_lambda_flow_residual': 1.0, 'pressure_shape_reference': 'delta_zero_reference', 'pressure_detach': False}, 'correction_bounds': {'correction_min': -0.5, 'correction_max': 0.5, 'correction_bound': 0.5, 'correction_parameterization': 'tanh'}, 'optimization': {'learning_rate': 0.001, 'weight_decay': 0.0001, 'gradient_clip_norm': 5.0, 'optimizer': 'adamw', 'epochs': 100, 'patience': 40}}
Shard 23/80: 1 of 80 runs
Command: /mnt/home/sswee/miniforge3/envs/yolk-sac/bin/python /mnt/home/sswee/yolk/Yolk-Sac-Flow-Data-and-Sim/gnn_clean/scripts/python/gnn_flow.py /mnt/home/sswee/yolk/Yolk-Sac-Flow-Data-and-Sim/gnn_clean/datasets/mosaic_graph_canonical_harmonized/mosaic_graph_canonical_harmonized.gpickle --output-dir /mnt/home/sswee/yolk/Yolk-Sac-Flow-Data-and-Sim/gnn_clean/outputs_canonical/dc/02_physics_weight_sweep/gnn --run-name q_1__k_1__delta_10 --preset solver_QKB_outer_QKBdelta --device cuda --epochs 100 --seed 0 --viscosity-pa-s 0.0035 --config /mnt/home/sswee/yolk/Yolk-Sac-Flow-Data-and-Sim/gnn_clean/outputs_canonical/dc/02_physics_weight_sweep/_generated_configs/q_1__k_1__delta_10.yaml --no-pressure-detach
